[2024-12-16T02:55:01.536+0700][gc] Using G1
[2024-12-16T02:55:01.557+0700][gc,init] Version: 17.0.13+11-Ubuntu-2ubuntu122.04 (release)
[2024-12-16T02:55:01.557+0700][gc,init] CPUs: 2 total, 2 available
[2024-12-16T02:55:01.557+0700][gc,init] Memory: 3911M
[2024-12-16T02:55:01.557+0700][gc,init] Large Page Support: Disabled
[2024-12-16T02:55:01.557+0700][gc,init] NUMA Support: Disabled
[2024-12-16T02:55:01.557+0700][gc,init] Compressed Oops: Enabled (32-bit)
[2024-12-16T02:55:01.557+0700][gc,init] Heap Region Size: 1M
[2024-12-16T02:55:01.557+0700][gc,init] Heap Min Capacity: 1G
[2024-12-16T02:55:01.557+0700][gc,init] Heap Initial Capacity: 1G
[2024-12-16T02:55:01.557+0700][gc,init] Heap Max Capacity: 1G
[2024-12-16T02:55:01.557+0700][gc,init] Pre-touch: Disabled
[2024-12-16T02:55:01.557+0700][gc,init] Parallel Workers: 2
[2024-12-16T02:55:01.557+0700][gc,init] Concurrent Workers: 1
[2024-12-16T02:55:01.557+0700][gc,init] Concurrent Refinement Workers: 2
[2024-12-16T02:55:01.557+0700][gc,init] Periodic GC: Disabled
[2024-12-16T02:55:01.579+0700][gc,metaspace] CDS archive(s) mapped at: [0x00007fbcaf000000-0x00007fbcafbc9000-0x00007fbcafbc9000), size 12357632, SharedBaseAddress: 0x00007fbcaf000000, ArchiveRelocationMode: 1.
[2024-12-16T02:55:01.579+0700][gc,metaspace] Compressed class space mapped at: 0x00007fbcb0000000-0x00007fbcf0000000, reserved size: 1073741824
[2024-12-16T02:55:01.579+0700][gc,metaspace] Narrow klass base: 0x00007fbcaf000000, Narrow klass shift: 0, Narrow klass range: 0x100000000
[2024-12-16T02:55:03.866+0700][gc,start    ] GC(0) Pause Young (Normal) (G1 Evacuation Pause)
[2024-12-16T02:55:03.867+0700][gc,task     ] GC(0) Using 2 workers of 2 for evacuation
[2024-12-16T02:55:03.893+0700][gc,mmu      ] GC(0) MMU target violated: 21.0ms (20.0ms/21.0ms)
[2024-12-16T02:55:03.893+0700][gc,phases   ] GC(0)   Pre Evacuate Collection Set: 0.4ms
[2024-12-16T02:55:03.893+0700][gc,phases   ] GC(0)   Merge Heap Roots: 0.3ms
[2024-12-16T02:55:03.893+0700][gc,phases   ] GC(0)   Evacuate Collection Set: 23.3ms
[2024-12-16T02:55:03.893+0700][gc,phases   ] GC(0)   Post Evacuate Collection Set: 1.5ms
[2024-12-16T02:55:03.893+0700][gc,phases   ] GC(0)   Other: 1.0ms
[2024-12-16T02:55:03.893+0700][gc,heap     ] GC(0) Eden regions: 51->0(44)
[2024-12-16T02:55:03.893+0700][gc,heap     ] GC(0) Survivor regions: 0->7(7)
[2024-12-16T02:55:03.893+0700][gc,heap     ] GC(0) Old regions: 0->1
[2024-12-16T02:55:03.893+0700][gc,heap     ] GC(0) Archive regions: 2->2
[2024-12-16T02:55:03.893+0700][gc,heap     ] GC(0) Humongous regions: 0->0
[2024-12-16T02:55:03.893+0700][gc,metaspace] GC(0) Metaspace: 17776K(17984K)->17776K(17984K) NonClass: 15625K(15744K)->15625K(15744K) Class: 2151K(2240K)->2151K(2240K)
[2024-12-16T02:55:03.893+0700][gc          ] GC(0) Pause Young (Normal) (G1 Evacuation Pause) 51M->8M(1024M) 26.496ms
[2024-12-16T02:55:03.893+0700][gc,cpu      ] GC(0) User=0.03s Sys=0.02s Real=0.03s
[2024-12-16T02:55:04.343+0700][gc,start    ] GC(1) Pause Young (Concurrent Start) (Metadata GC Threshold)
[2024-12-16T02:55:04.343+0700][gc,task     ] GC(1) Using 2 workers of 2 for evacuation
[2024-12-16T02:55:04.367+0700][gc,mmu      ] GC(1) MMU target violated: 21.0ms (20.0ms/21.0ms)
[2024-12-16T02:55:04.367+0700][gc,phases   ] GC(1)   Pre Evacuate Collection Set: 0.5ms
[2024-12-16T02:55:04.367+0700][gc,phases   ] GC(1)   Merge Heap Roots: 0.1ms
[2024-12-16T02:55:04.367+0700][gc,phases   ] GC(1)   Evacuate Collection Set: 22.3ms
[2024-12-16T02:55:04.367+0700][gc,phases   ] GC(1)   Post Evacuate Collection Set: 1.0ms
[2024-12-16T02:55:04.367+0700][gc,phases   ] GC(1)   Other: 0.8ms
[2024-12-16T02:55:04.368+0700][gc,heap     ] GC(1) Eden regions: 14->0(50)
[2024-12-16T02:55:04.368+0700][gc,heap     ] GC(1) Survivor regions: 7->1(7)
[2024-12-16T02:55:04.368+0700][gc,heap     ] GC(1) Old regions: 1->8
[2024-12-16T02:55:04.368+0700][gc,heap     ] GC(1) Archive regions: 2->2
[2024-12-16T02:55:04.368+0700][gc,heap     ] GC(1) Humongous regions: 0->0
[2024-12-16T02:55:04.368+0700][gc,metaspace] GC(1) Metaspace: 21343K(21504K)->21343K(21504K) NonClass: 18722K(18816K)->18722K(18816K) Class: 2621K(2688K)->2621K(2688K)
[2024-12-16T02:55:04.368+0700][gc          ] GC(1) Pause Young (Concurrent Start) (Metadata GC Threshold) 22M->9M(1024M) 24.851ms
[2024-12-16T02:55:04.368+0700][gc,cpu      ] GC(1) User=0.02s Sys=0.02s Real=0.03s
[2024-12-16T02:55:04.368+0700][gc          ] GC(2) Concurrent Mark Cycle
[2024-12-16T02:55:04.368+0700][gc,marking  ] GC(2) Concurrent Clear Claimed Marks
[2024-12-16T02:55:04.368+0700][gc,marking  ] GC(2) Concurrent Clear Claimed Marks 0.058ms
[2024-12-16T02:55:04.368+0700][gc,marking  ] GC(2) Concurrent Scan Root Regions
[2024-12-16T02:55:04.379+0700][gc,marking  ] GC(2) Concurrent Scan Root Regions 10.990ms
[2024-12-16T02:55:04.379+0700][gc,marking  ] GC(2) Concurrent Mark
[2024-12-16T02:55:04.379+0700][gc,marking  ] GC(2) Concurrent Mark From Roots
[2024-12-16T02:55:04.379+0700][gc,task     ] GC(2) Using 1 workers of 1 for marking
[2024-12-16T02:55:04.390+0700][gc,marking  ] GC(2) Concurrent Mark From Roots 10.498ms
[2024-12-16T02:55:04.390+0700][gc,marking  ] GC(2) Concurrent Preclean
[2024-12-16T02:55:04.390+0700][gc,marking  ] GC(2) Concurrent Preclean 0.086ms
[2024-12-16T02:55:04.390+0700][gc,start    ] GC(2) Pause Remark
[2024-12-16T02:55:04.394+0700][gc          ] GC(2) Pause Remark 10M->10M(1024M) 4.510ms
[2024-12-16T02:55:04.395+0700][gc,cpu      ] GC(2) User=0.00s Sys=0.00s Real=0.01s
[2024-12-16T02:55:04.395+0700][gc,marking  ] GC(2) Concurrent Mark 15.654ms
[2024-12-16T02:55:04.395+0700][gc,marking  ] GC(2) Concurrent Rebuild Remembered Sets
[2024-12-16T02:55:04.412+0700][gc,marking  ] GC(2) Concurrent Rebuild Remembered Sets 17.546ms
[2024-12-16T02:55:04.413+0700][gc,start    ] GC(2) Pause Cleanup
[2024-12-16T02:55:04.413+0700][gc          ] GC(2) Pause Cleanup 10M->10M(1024M) 0.292ms
[2024-12-16T02:55:04.413+0700][gc,cpu      ] GC(2) User=0.00s Sys=0.00s Real=0.00s
[2024-12-16T02:55:04.413+0700][gc,marking  ] GC(2) Concurrent Cleanup for Next Mark
[2024-12-16T02:55:04.503+0700][gc,marking  ] GC(2) Concurrent Cleanup for Next Mark 90.154ms
[2024-12-16T02:55:04.503+0700][gc          ] GC(2) Concurrent Mark Cycle 135.308ms
[2024-12-16T02:55:06.098+0700][gc,start    ] GC(3) Pause Young (Normal) (G1 Evacuation Pause)
[2024-12-16T02:55:06.098+0700][gc,task     ] GC(3) Using 2 workers of 2 for evacuation
[2024-12-16T02:55:06.114+0700][gc,phases   ] GC(3)   Pre Evacuate Collection Set: 0.3ms
[2024-12-16T02:55:06.114+0700][gc,phases   ] GC(3)   Merge Heap Roots: 0.1ms
[2024-12-16T02:55:06.114+0700][gc,phases   ] GC(3)   Evacuate Collection Set: 13.7ms
[2024-12-16T02:55:06.114+0700][gc,phases   ] GC(3)   Post Evacuate Collection Set: 1.0ms
[2024-12-16T02:55:06.114+0700][gc,phases   ] GC(3)   Other: 0.2ms
[2024-12-16T02:55:06.114+0700][gc,heap     ] GC(3) Eden regions: 50->0(45)
[2024-12-16T02:55:06.114+0700][gc,heap     ] GC(3) Survivor regions: 1->6(7)
[2024-12-16T02:55:06.114+0700][gc,heap     ] GC(3) Old regions: 8->8
[2024-12-16T02:55:06.114+0700][gc,heap     ] GC(3) Archive regions: 2->2
[2024-12-16T02:55:06.114+0700][gc,heap     ] GC(3) Humongous regions: 129->129
[2024-12-16T02:55:06.114+0700][gc,metaspace] GC(3) Metaspace: 30225K(30528K)->30225K(30528K) NonClass: 26788K(26944K)->26788K(26944K) Class: 3436K(3584K)->3436K(3584K)
[2024-12-16T02:55:06.114+0700][gc          ] GC(3) Pause Young (Normal) (G1 Evacuation Pause) 188M->142M(1024M) 15.685ms
[2024-12-16T02:55:06.114+0700][gc,cpu      ] GC(3) User=0.03s Sys=0.00s Real=0.02s
[2024-12-16T02:55:06.870+0700][gc,start    ] GC(4) Pause Young (Concurrent Start) (Metadata GC Threshold)
[2024-12-16T02:55:06.870+0700][gc,task     ] GC(4) Using 2 workers of 2 for evacuation
[2024-12-16T02:55:06.884+0700][gc,phases   ] GC(4)   Pre Evacuate Collection Set: 0.3ms
[2024-12-16T02:55:06.884+0700][gc,phases   ] GC(4)   Merge Heap Roots: 0.1ms
[2024-12-16T02:55:06.884+0700][gc,phases   ] GC(4)   Evacuate Collection Set: 12.7ms
[2024-12-16T02:55:06.884+0700][gc,phases   ] GC(4)   Post Evacuate Collection Set: 0.6ms
[2024-12-16T02:55:06.885+0700][gc,phases   ] GC(4)   Other: 0.4ms
[2024-12-16T02:55:06.885+0700][gc,heap     ] GC(4) Eden regions: 24->0(48)
[2024-12-16T02:55:06.885+0700][gc,heap     ] GC(4) Survivor regions: 6->3(7)
[2024-12-16T02:55:06.885+0700][gc,heap     ] GC(4) Old regions: 8->13
[2024-12-16T02:55:06.885+0700][gc,heap     ] GC(4) Archive regions: 2->2
[2024-12-16T02:55:06.885+0700][gc,heap     ] GC(4) Humongous regions: 129->129
[2024-12-16T02:55:06.885+0700][gc,metaspace] GC(4) Metaspace: 35819K(36096K)->35819K(36096K) NonClass: 31887K(32000K)->31887K(32000K) Class: 3931K(4096K)->3931K(4096K)
[2024-12-16T02:55:06.885+0700][gc          ] GC(4) Pause Young (Concurrent Start) (Metadata GC Threshold) 166M->145M(1024M) 14.155ms
[2024-12-16T02:55:06.885+0700][gc,cpu      ] GC(4) User=0.03s Sys=0.00s Real=0.02s
[2024-12-16T02:55:06.885+0700][gc          ] GC(5) Concurrent Mark Cycle
[2024-12-16T02:55:06.885+0700][gc,marking  ] GC(5) Concurrent Clear Claimed Marks
[2024-12-16T02:55:06.885+0700][gc,marking  ] GC(5) Concurrent Clear Claimed Marks 0.022ms
[2024-12-16T02:55:06.885+0700][gc,marking  ] GC(5) Concurrent Scan Root Regions
[2024-12-16T02:55:06.901+0700][gc,marking  ] GC(5) Concurrent Scan Root Regions 15.836ms
[2024-12-16T02:55:06.901+0700][gc,marking  ] GC(5) Concurrent Mark
[2024-12-16T02:55:06.901+0700][gc,marking  ] GC(5) Concurrent Mark From Roots
[2024-12-16T02:55:06.901+0700][gc,task     ] GC(5) Using 1 workers of 1 for marking
[2024-12-16T02:55:06.934+0700][gc,marking  ] GC(5) Concurrent Mark From Roots 33.280ms
[2024-12-16T02:55:06.934+0700][gc,marking  ] GC(5) Concurrent Preclean
[2024-12-16T02:55:06.934+0700][gc,marking  ] GC(5) Concurrent Preclean 0.082ms
[2024-12-16T02:55:06.934+0700][gc,start    ] GC(5) Pause Remark
[2024-12-16T02:55:06.937+0700][gc          ] GC(5) Pause Remark 146M->146M(1024M) 3.236ms
[2024-12-16T02:55:06.937+0700][gc,cpu      ] GC(5) User=0.01s Sys=0.00s Real=0.00s
[2024-12-16T02:55:06.937+0700][gc,marking  ] GC(5) Concurrent Mark 36.817ms
[2024-12-16T02:55:06.937+0700][gc,marking  ] GC(5) Concurrent Rebuild Remembered Sets
[2024-12-16T02:55:06.937+0700][gc,marking  ] GC(5) Concurrent Rebuild Remembered Sets 0.007ms
[2024-12-16T02:55:06.937+0700][gc,start    ] GC(5) Pause Cleanup
[2024-12-16T02:55:06.938+0700][gc          ] GC(5) Pause Cleanup 146M->146M(1024M) 0.018ms
[2024-12-16T02:55:06.938+0700][gc,cpu      ] GC(5) User=0.00s Sys=0.00s Real=0.00s
[2024-12-16T02:55:06.938+0700][gc,marking  ] GC(5) Concurrent Cleanup for Next Mark
[2024-12-16T02:55:06.960+0700][gc,marking  ] GC(5) Concurrent Cleanup for Next Mark 22.500ms
[2024-12-16T02:55:06.960+0700][gc          ] GC(5) Concurrent Mark Cycle 75.469ms
[2024-12-16T03:05:20.925+0700][gc,heap,exit] Heap
[2024-12-16T03:05:20.926+0700][gc,heap,exit]  garbage-first heap   total 1048576K, used 175236K [0x00000000c0000000, 0x0000000100000000)
[2024-12-16T03:05:20.926+0700][gc,heap,exit]   region size 1024K, 29 young (29696K), 3 survivors (3072K)
[2024-12-16T03:05:20.926+0700][gc,heap,exit]  Metaspace       used 38597K, committed 38912K, reserved 1114112K
[2024-12-16T03:05:20.926+0700][gc,heap,exit]   class space    used 4328K, committed 4480K, reserved 1048576K
