[2024-12-16T14:50:24.739+0700][gc] Using G1
[2024-12-16T14:50:24.767+0700][gc,init] Version: 17.0.13+11-Ubuntu-2ubuntu122.04 (release)
[2024-12-16T14:50:24.767+0700][gc,init] CPUs: 2 total, 2 available
[2024-12-16T14:50:24.767+0700][gc,init] Memory: 3911M
[2024-12-16T14:50:24.767+0700][gc,init] Large Page Support: Disabled
[2024-12-16T14:50:24.767+0700][gc,init] NUMA Support: Disabled
[2024-12-16T14:50:24.767+0700][gc,init] Compressed Oops: Enabled (32-bit)
[2024-12-16T14:50:24.767+0700][gc,init] Heap Region Size: 1M
[2024-12-16T14:50:24.767+0700][gc,init] Heap Min Capacity: 1G
[2024-12-16T14:50:24.767+0700][gc,init] Heap Initial Capacity: 1G
[2024-12-16T14:50:24.767+0700][gc,init] Heap Max Capacity: 1G
[2024-12-16T14:50:24.767+0700][gc,init] Pre-touch: Disabled
[2024-12-16T14:50:24.767+0700][gc,init] Parallel Workers: 2
[2024-12-16T14:50:24.767+0700][gc,init] Concurrent Workers: 1
[2024-12-16T14:50:24.767+0700][gc,init] Concurrent Refinement Workers: 2
[2024-12-16T14:50:24.767+0700][gc,init] Periodic GC: Disabled
[2024-12-16T14:50:24.790+0700][gc,metaspace] CDS archive(s) mapped at: [0x00007f9a47000000-0x00007f9a47bc9000-0x00007f9a47bc9000), size 12357632, SharedBaseAddress: 0x00007f9a47000000, ArchiveRelocationMode: 1.
[2024-12-16T14:50:24.790+0700][gc,metaspace] Compressed class space mapped at: 0x00007f9a48000000-0x00007f9a88000000, reserved size: 1073741824
[2024-12-16T14:50:24.790+0700][gc,metaspace] Narrow klass base: 0x00007f9a47000000, Narrow klass shift: 0, Narrow klass range: 0x100000000
[2024-12-16T14:50:26.884+0700][gc,start    ] GC(0) Pause Young (Normal) (G1 Evacuation Pause)
[2024-12-16T14:50:26.884+0700][gc,task     ] GC(0) Using 2 workers of 2 for evacuation
[2024-12-16T14:50:26.905+0700][gc,mmu      ] GC(0) MMU target violated: 21.0ms (20.0ms/21.0ms)
[2024-12-16T14:50:26.905+0700][gc,phases   ] GC(0)   Pre Evacuate Collection Set: 0.3ms
[2024-12-16T14:50:26.905+0700][gc,phases   ] GC(0)   Merge Heap Roots: 0.2ms
[2024-12-16T14:50:26.905+0700][gc,phases   ] GC(0)   Evacuate Collection Set: 19.4ms
[2024-12-16T14:50:26.905+0700][gc,phases   ] GC(0)   Post Evacuate Collection Set: 1.0ms
[2024-12-16T14:50:26.905+0700][gc,phases   ] GC(0)   Other: 0.7ms
[2024-12-16T14:50:26.905+0700][gc,heap     ] GC(0) Eden regions: 51->0(44)
[2024-12-16T14:50:26.905+0700][gc,heap     ] GC(0) Survivor regions: 0->7(7)
[2024-12-16T14:50:26.905+0700][gc,heap     ] GC(0) Old regions: 0->2
[2024-12-16T14:50:26.905+0700][gc,heap     ] GC(0) Archive regions: 2->2
[2024-12-16T14:50:26.905+0700][gc,heap     ] GC(0) Humongous regions: 0->0
[2024-12-16T14:50:26.905+0700][gc,metaspace] GC(0) Metaspace: 17740K(17984K)->17740K(17984K) NonClass: 15591K(15744K)->15591K(15744K) Class: 2149K(2240K)->2149K(2240K)
[2024-12-16T14:50:26.905+0700][gc          ] GC(0) Pause Young (Normal) (G1 Evacuation Pause) 51M->8M(1024M) 21.796ms
[2024-12-16T14:50:26.905+0700][gc,cpu      ] GC(0) User=0.03s Sys=0.01s Real=0.02s
[2024-12-16T14:50:27.609+0700][gc,start    ] GC(1) Pause Young (Concurrent Start) (Metadata GC Threshold)
[2024-12-16T14:50:27.609+0700][gc,task     ] GC(1) Using 2 workers of 2 for evacuation
[2024-12-16T14:50:27.646+0700][gc,mmu      ] GC(1) MMU target violated: 21.0ms (20.0ms/21.0ms)
[2024-12-16T14:50:27.646+0700][gc,phases   ] GC(1)   Pre Evacuate Collection Set: 0.3ms
[2024-12-16T14:50:27.646+0700][gc,phases   ] GC(1)   Merge Heap Roots: 0.1ms
[2024-12-16T14:50:27.646+0700][gc,phases   ] GC(1)   Evacuate Collection Set: 35.6ms
[2024-12-16T14:50:27.646+0700][gc,phases   ] GC(1)   Post Evacuate Collection Set: 0.6ms
[2024-12-16T14:50:27.646+0700][gc,phases   ] GC(1)   Other: 0.5ms
[2024-12-16T14:50:27.646+0700][gc,heap     ] GC(1) Eden regions: 15->0(49)
[2024-12-16T14:50:27.646+0700][gc,heap     ] GC(1) Survivor regions: 7->2(7)
[2024-12-16T14:50:27.646+0700][gc,heap     ] GC(1) Old regions: 2->8
[2024-12-16T14:50:27.646+0700][gc,heap     ] GC(1) Archive regions: 2->2
[2024-12-16T14:50:27.646+0700][gc,heap     ] GC(1) Humongous regions: 129->129
[2024-12-16T14:50:27.646+0700][gc,metaspace] GC(1) Metaspace: 21290K(21504K)->21290K(21504K) NonClass: 18708K(18816K)->18708K(18816K) Class: 2581K(2688K)->2581K(2688K)
[2024-12-16T14:50:27.646+0700][gc          ] GC(1) Pause Young (Concurrent Start) (Metadata GC Threshold) 152M->139M(1024M) 37.286ms
[2024-12-16T14:50:27.646+0700][gc,cpu      ] GC(1) User=0.04s Sys=0.03s Real=0.03s
[2024-12-16T14:50:27.646+0700][gc          ] GC(2) Concurrent Mark Cycle
[2024-12-16T14:50:27.646+0700][gc,marking  ] GC(2) Concurrent Clear Claimed Marks
[2024-12-16T14:50:27.646+0700][gc,marking  ] GC(2) Concurrent Clear Claimed Marks 0.071ms
[2024-12-16T14:50:27.646+0700][gc,marking  ] GC(2) Concurrent Scan Root Regions
[2024-12-16T14:50:27.664+0700][gc,marking  ] GC(2) Concurrent Scan Root Regions 17.910ms
[2024-12-16T14:50:27.664+0700][gc,marking  ] GC(2) Concurrent Mark
[2024-12-16T14:50:27.664+0700][gc,marking  ] GC(2) Concurrent Mark From Roots
[2024-12-16T14:50:27.664+0700][gc,task     ] GC(2) Using 1 workers of 1 for marking
[2024-12-16T14:50:27.682+0700][gc,marking  ] GC(2) Concurrent Mark From Roots 17.474ms
[2024-12-16T14:50:27.682+0700][gc,marking  ] GC(2) Concurrent Preclean
[2024-12-16T14:50:27.682+0700][gc,marking  ] GC(2) Concurrent Preclean 0.108ms
[2024-12-16T14:50:27.682+0700][gc,start    ] GC(2) Pause Remark
[2024-12-16T14:50:27.686+0700][gc          ] GC(2) Pause Remark 141M->141M(1024M) 3.727ms
[2024-12-16T14:50:27.686+0700][gc,cpu      ] GC(2) User=0.00s Sys=0.00s Real=0.00s
[2024-12-16T14:50:27.686+0700][gc,marking  ] GC(2) Concurrent Mark 21.720ms
[2024-12-16T14:50:27.686+0700][gc,marking  ] GC(2) Concurrent Rebuild Remembered Sets
[2024-12-16T14:50:27.686+0700][gc,marking  ] GC(2) Concurrent Rebuild Remembered Sets 0.024ms
[2024-12-16T14:50:27.686+0700][gc,start    ] GC(2) Pause Cleanup
[2024-12-16T14:50:27.686+0700][gc          ] GC(2) Pause Cleanup 141M->141M(1024M) 0.024ms
[2024-12-16T14:50:27.686+0700][gc,cpu      ] GC(2) User=0.00s Sys=0.00s Real=0.00s
[2024-12-16T14:50:27.686+0700][gc,marking  ] GC(2) Concurrent Cleanup for Next Mark
[2024-12-16T14:50:27.786+0700][gc,marking  ] GC(2) Concurrent Cleanup for Next Mark 99.709ms
[2024-12-16T14:50:27.786+0700][gc          ] GC(2) Concurrent Mark Cycle 140.263ms
[2024-12-16T14:50:28.858+0700][gc,start    ] GC(3) Pause Young (Normal) (G1 Evacuation Pause)
[2024-12-16T14:50:28.858+0700][gc,task     ] GC(3) Using 2 workers of 2 for evacuation
[2024-12-16T14:50:28.871+0700][gc,phases   ] GC(3)   Pre Evacuate Collection Set: 1.1ms
[2024-12-16T14:50:28.871+0700][gc,phases   ] GC(3)   Merge Heap Roots: 0.2ms
[2024-12-16T14:50:28.871+0700][gc,phases   ] GC(3)   Evacuate Collection Set: 11.2ms
[2024-12-16T14:50:28.871+0700][gc,phases   ] GC(3)   Post Evacuate Collection Set: 0.9ms
[2024-12-16T14:50:28.872+0700][gc,phases   ] GC(3)   Other: 0.4ms
[2024-12-16T14:50:28.872+0700][gc,heap     ] GC(3) Eden regions: 49->0(45)
[2024-12-16T14:50:28.872+0700][gc,heap     ] GC(3) Survivor regions: 2->6(7)
[2024-12-16T14:50:28.872+0700][gc,heap     ] GC(3) Old regions: 8->8
[2024-12-16T14:50:28.872+0700][gc,heap     ] GC(3) Archive regions: 2->2
[2024-12-16T14:50:28.872+0700][gc,heap     ] GC(3) Humongous regions: 129->129
[2024-12-16T14:50:28.872+0700][gc,metaspace] GC(3) Metaspace: 32525K(32768K)->32525K(32768K) NonClass: 28907K(29056K)->28907K(29056K) Class: 3618K(3712K)->3618K(3712K)
[2024-12-16T14:50:28.872+0700][gc          ] GC(3) Pause Young (Normal) (G1 Evacuation Pause) 188M->143M(1024M) 13.884ms
[2024-12-16T14:50:28.872+0700][gc,cpu      ] GC(3) User=0.02s Sys=0.00s Real=0.02s
[2024-12-16T14:50:45.303+0700][gc,start    ] GC(4) Pause Young (Concurrent Start) (Metadata GC Threshold)
[2024-12-16T14:50:45.303+0700][gc,task     ] GC(4) Using 2 workers of 2 for evacuation
[2024-12-16T14:50:45.351+0700][gc,mmu      ] GC(4) MMU target violated: 21.0ms (20.0ms/21.0ms)
[2024-12-16T14:50:45.351+0700][gc,phases   ] GC(4)   Pre Evacuate Collection Set: 1.5ms
[2024-12-16T14:50:45.351+0700][gc,phases   ] GC(4)   Merge Heap Roots: 0.2ms
[2024-12-16T14:50:45.351+0700][gc,phases   ] GC(4)   Evacuate Collection Set: 44.8ms
[2024-12-16T14:50:45.351+0700][gc,phases   ] GC(4)   Post Evacuate Collection Set: 1.4ms
[2024-12-16T14:50:45.351+0700][gc,phases   ] GC(4)   Other: 0.6ms
[2024-12-16T14:50:45.351+0700][gc,heap     ] GC(4) Eden regions: 16->0(50)
[2024-12-16T14:50:45.351+0700][gc,heap     ] GC(4) Survivor regions: 6->1(7)
[2024-12-16T14:50:45.351+0700][gc,heap     ] GC(4) Old regions: 8->14
[2024-12-16T14:50:45.351+0700][gc,heap     ] GC(4) Archive regions: 2->2
[2024-12-16T14:50:45.351+0700][gc,heap     ] GC(4) Humongous regions: 129->129
[2024-12-16T14:50:45.351+0700][gc,metaspace] GC(4) Metaspace: 36194K(36416K)->36194K(36416K) NonClass: 32128K(32256K)->32128K(32256K) Class: 4066K(4160K)->4066K(4160K)
[2024-12-16T14:50:45.351+0700][gc          ] GC(4) Pause Young (Concurrent Start) (Metadata GC Threshold) 159M->144M(1024M) 48.512ms
[2024-12-16T14:50:45.351+0700][gc,cpu      ] GC(4) User=0.02s Sys=0.01s Real=0.05s
[2024-12-16T14:50:45.352+0700][gc          ] GC(5) Concurrent Mark Cycle
[2024-12-16T14:50:45.352+0700][gc,marking  ] GC(5) Concurrent Clear Claimed Marks
[2024-12-16T14:50:45.352+0700][gc,marking  ] GC(5) Concurrent Clear Claimed Marks 0.038ms
[2024-12-16T14:50:45.352+0700][gc,marking  ] GC(5) Concurrent Scan Root Regions
[2024-12-16T14:50:45.359+0700][gc,marking  ] GC(5) Concurrent Scan Root Regions 6.937ms
[2024-12-16T14:50:45.359+0700][gc,marking  ] GC(5) Concurrent Mark
[2024-12-16T14:50:45.359+0700][gc,marking  ] GC(5) Concurrent Mark From Roots
[2024-12-16T14:50:45.359+0700][gc,task     ] GC(5) Using 1 workers of 1 for marking
[2024-12-16T14:50:45.386+0700][gc,marking  ] GC(5) Concurrent Mark From Roots 27.775ms
[2024-12-16T14:50:45.386+0700][gc,marking  ] GC(5) Concurrent Preclean
[2024-12-16T14:50:45.387+0700][gc,marking  ] GC(5) Concurrent Preclean 0.073ms
[2024-12-16T14:50:45.387+0700][gc,start    ] GC(5) Pause Remark
[2024-12-16T14:50:45.399+0700][gc          ] GC(5) Pause Remark 145M->145M(1024M) 12.504ms
[2024-12-16T14:50:45.399+0700][gc,cpu      ] GC(5) User=0.01s Sys=0.00s Real=0.02s
[2024-12-16T14:50:45.399+0700][gc,marking  ] GC(5) Concurrent Mark 40.609ms
[2024-12-16T14:50:45.399+0700][gc,marking  ] GC(5) Concurrent Rebuild Remembered Sets
[2024-12-16T14:50:45.410+0700][gc,marking  ] GC(5) Concurrent Rebuild Remembered Sets 11.051ms
[2024-12-16T14:50:45.410+0700][gc,start    ] GC(5) Pause Cleanup
[2024-12-16T14:50:45.411+0700][gc          ] GC(5) Pause Cleanup 145M->145M(1024M) 0.222ms
[2024-12-16T14:50:45.411+0700][gc,cpu      ] GC(5) User=0.00s Sys=0.00s Real=0.00s
[2024-12-16T14:50:45.411+0700][gc,marking  ] GC(5) Concurrent Cleanup for Next Mark
[2024-12-16T14:50:45.434+0700][gc,marking  ] GC(5) Concurrent Cleanup for Next Mark 22.830ms
[2024-12-16T14:50:45.434+0700][gc          ] GC(5) Concurrent Mark Cycle 81.980ms
[2024-12-16T15:09:10.788+0700][gc,start    ] GC(6) Pause Young (Prepare Mixed) (G1 Evacuation Pause)
[2024-12-16T15:09:10.788+0700][gc,task     ] GC(6) Using 2 workers of 2 for evacuation
[2024-12-16T15:09:10.827+0700][gc,mmu      ] GC(6) MMU target violated: 21.0ms (20.0ms/21.0ms)
[2024-12-16T15:09:10.827+0700][gc,phases   ] GC(6)   Pre Evacuate Collection Set: 3.4ms
[2024-12-16T15:09:10.827+0700][gc,phases   ] GC(6)   Merge Heap Roots: 0.4ms
[2024-12-16T15:09:10.827+0700][gc,phases   ] GC(6)   Evacuate Collection Set: 31.4ms
[2024-12-16T15:09:10.827+0700][gc,phases   ] GC(6)   Post Evacuate Collection Set: 2.4ms
[2024-12-16T15:09:10.827+0700][gc,phases   ] GC(6)   Other: 1.1ms
[2024-12-16T15:09:10.827+0700][gc,heap     ] GC(6) Eden regions: 50->0(48)
[2024-12-16T15:09:10.827+0700][gc,heap     ] GC(6) Survivor regions: 1->3(7)
[2024-12-16T15:09:10.827+0700][gc,heap     ] GC(6) Old regions: 14->14
[2024-12-16T15:09:10.827+0700][gc,heap     ] GC(6) Archive regions: 2->2
[2024-12-16T15:09:10.827+0700][gc,heap     ] GC(6) Humongous regions: 129->129
[2024-12-16T15:09:10.827+0700][gc,metaspace] GC(6) Metaspace: 39604K(39936K)->39604K(39936K) NonClass: 35055K(35200K)->35055K(35200K) Class: 4548K(4736K)->4548K(4736K)
[2024-12-16T15:09:10.827+0700][gc          ] GC(6) Pause Young (Prepare Mixed) (G1 Evacuation Pause) 194M->145M(1024M) 38.796ms
[2024-12-16T15:09:10.827+0700][gc,cpu      ] GC(6) User=0.06s Sys=0.01s Real=0.03s
[2024-12-16T16:35:15.370+0700][gc,start    ] GC(7) Pause Young (Mixed) (G1 Evacuation Pause)
[2024-12-16T16:35:15.371+0700][gc,task     ] GC(7) Using 2 workers of 2 for evacuation
[2024-12-16T16:35:15.404+0700][gc,mmu      ] GC(7) MMU target violated: 21.0ms (20.0ms/21.0ms)
[2024-12-16T16:35:15.404+0700][gc,phases   ] GC(7)   Pre Evacuate Collection Set: 2.8ms
[2024-12-16T16:35:15.404+0700][gc,phases   ] GC(7)   Merge Heap Roots: 0.4ms
[2024-12-16T16:35:15.404+0700][gc,phases   ] GC(7)   Evacuate Collection Set: 27.2ms
[2024-12-16T16:35:15.404+0700][gc,phases   ] GC(7)   Post Evacuate Collection Set: 2.8ms
[2024-12-16T16:35:15.405+0700][gc,phases   ] GC(7)   Other: 1.1ms
[2024-12-16T16:35:15.405+0700][gc,heap     ] GC(7) Eden regions: 48->0(48)
[2024-12-16T16:35:15.405+0700][gc,heap     ] GC(7) Survivor regions: 3->3(7)
[2024-12-16T16:35:15.405+0700][gc,heap     ] GC(7) Old regions: 14->14
[2024-12-16T16:35:15.405+0700][gc,heap     ] GC(7) Archive regions: 2->2
[2024-12-16T16:35:15.405+0700][gc,heap     ] GC(7) Humongous regions: 129->129
[2024-12-16T16:35:15.405+0700][gc,metaspace] GC(7) Metaspace: 39926K(40320K)->39926K(40320K) NonClass: 35374K(35584K)->35374K(35584K) Class: 4551K(4736K)->4551K(4736K)
[2024-12-16T16:35:15.405+0700][gc          ] GC(7) Pause Young (Mixed) (G1 Evacuation Pause) 193M->145M(1024M) 34.420ms
[2024-12-16T16:35:15.405+0700][gc,cpu      ] GC(7) User=0.06s Sys=0.00s Real=0.03s
[2024-12-16T18:15:57.265+0700][gc,start    ] GC(8) Pause Young (Normal) (G1 Evacuation Pause)
[2024-12-16T18:15:57.265+0700][gc,task     ] GC(8) Using 2 workers of 2 for evacuation
[2024-12-16T18:15:57.300+0700][gc,mmu      ] GC(8) MMU target violated: 21.0ms (20.0ms/21.0ms)
[2024-12-16T18:15:57.301+0700][gc,phases   ] GC(8)   Pre Evacuate Collection Set: 3.2ms
[2024-12-16T18:15:57.301+0700][gc,phases   ] GC(8)   Merge Heap Roots: 0.7ms
[2024-12-16T18:15:57.301+0700][gc,phases   ] GC(8)   Evacuate Collection Set: 27.6ms
[2024-12-16T18:15:57.301+0700][gc,phases   ] GC(8)   Post Evacuate Collection Set: 3.5ms
[2024-12-16T18:15:57.301+0700][gc,phases   ] GC(8)   Other: 1.3ms
[2024-12-16T18:15:57.301+0700][gc,heap     ] GC(8) Eden regions: 48->0(48)
[2024-12-16T18:15:57.301+0700][gc,heap     ] GC(8) Survivor regions: 3->3(7)
[2024-12-16T18:15:57.301+0700][gc,heap     ] GC(8) Old regions: 14->14
[2024-12-16T18:15:57.301+0700][gc,heap     ] GC(8) Archive regions: 2->2
[2024-12-16T18:15:57.301+0700][gc,heap     ] GC(8) Humongous regions: 129->129
[2024-12-16T18:15:57.301+0700][gc,metaspace] GC(8) Metaspace: 40065K(40448K)->40065K(40448K) NonClass: 35513K(35712K)->35513K(35712K) Class: 4551K(4736K)->4551K(4736K)
[2024-12-16T18:15:57.301+0700][gc          ] GC(8) Pause Young (Normal) (G1 Evacuation Pause) 193M->145M(1024M) 36.482ms
[2024-12-16T18:15:57.301+0700][gc,cpu      ] GC(8) User=0.07s Sys=0.00s Real=0.04s
[2024-12-16T19:43:01.647+0700][gc,start    ] GC(9) Pause Young (Normal) (G1 Evacuation Pause)
[2024-12-16T19:43:01.648+0700][gc,task     ] GC(9) Using 2 workers of 2 for evacuation
[2024-12-16T19:43:01.681+0700][gc,mmu      ] GC(9) MMU target violated: 21.0ms (20.0ms/21.0ms)
[2024-12-16T19:43:01.681+0700][gc,phases   ] GC(9)   Pre Evacuate Collection Set: 2.7ms
[2024-12-16T19:43:01.681+0700][gc,phases   ] GC(9)   Merge Heap Roots: 0.9ms
[2024-12-16T19:43:01.681+0700][gc,phases   ] GC(9)   Evacuate Collection Set: 25.6ms
[2024-12-16T19:43:01.681+0700][gc,phases   ] GC(9)   Post Evacuate Collection Set: 3.3ms
[2024-12-16T19:43:01.681+0700][gc,phases   ] GC(9)   Other: 1.0ms
[2024-12-16T19:43:01.681+0700][gc,heap     ] GC(9) Eden regions: 48->0(48)
[2024-12-16T19:43:01.681+0700][gc,heap     ] GC(9) Survivor regions: 3->3(7)
[2024-12-16T19:43:01.681+0700][gc,heap     ] GC(9) Old regions: 14->14
[2024-12-16T19:43:01.681+0700][gc,heap     ] GC(9) Archive regions: 2->2
[2024-12-16T19:43:01.681+0700][gc,heap     ] GC(9) Humongous regions: 129->129
[2024-12-16T19:43:01.681+0700][gc,metaspace] GC(9) Metaspace: 40104K(40512K)->40104K(40512K) NonClass: 35552K(35776K)->35552K(35776K) Class: 4551K(4736K)->4551K(4736K)
[2024-12-16T19:43:01.681+0700][gc          ] GC(9) Pause Young (Normal) (G1 Evacuation Pause) 193M->145M(1024M) 33.663ms
[2024-12-16T19:43:01.681+0700][gc,cpu      ] GC(9) User=0.05s Sys=0.00s Real=0.03s
[2024-12-16T20:24:49.357+0700][gc,start    ] GC(10) Pause Young (Normal) (G1 Evacuation Pause)
[2024-12-16T20:24:49.357+0700][gc,task     ] GC(10) Using 2 workers of 2 for evacuation
[2024-12-16T20:24:49.389+0700][gc,mmu      ] GC(10) MMU target violated: 21.0ms (20.0ms/21.0ms)
[2024-12-16T20:24:49.389+0700][gc,phases   ] GC(10)   Pre Evacuate Collection Set: 2.7ms
[2024-12-16T20:24:49.389+0700][gc,phases   ] GC(10)   Merge Heap Roots: 0.7ms
[2024-12-16T20:24:49.389+0700][gc,phases   ] GC(10)   Evacuate Collection Set: 24.4ms
[2024-12-16T20:24:49.389+0700][gc,phases   ] GC(10)   Post Evacuate Collection Set: 3.1ms
[2024-12-16T20:24:49.389+0700][gc,phases   ] GC(10)   Other: 1.2ms
[2024-12-16T20:24:49.389+0700][gc,heap     ] GC(10) Eden regions: 48->0(48)
[2024-12-16T20:24:49.389+0700][gc,heap     ] GC(10) Survivor regions: 3->3(7)
[2024-12-16T20:24:49.389+0700][gc,heap     ] GC(10) Old regions: 14->14
[2024-12-16T20:24:49.389+0700][gc,heap     ] GC(10) Archive regions: 2->2
[2024-12-16T20:24:49.389+0700][gc,heap     ] GC(10) Humongous regions: 129->129
[2024-12-16T20:24:49.389+0700][gc,metaspace] GC(10) Metaspace: 40134K(40512K)->40134K(40512K) NonClass: 35582K(35776K)->35582K(35776K) Class: 4551K(4736K)->4551K(4736K)
[2024-12-16T20:24:49.389+0700][gc          ] GC(10) Pause Young (Normal) (G1 Evacuation Pause) 193M->145M(1024M) 32.104ms
[2024-12-16T20:24:49.389+0700][gc,cpu      ] GC(10) User=0.05s Sys=0.00s Real=0.04s
[2024-12-16T21:08:07.898+0700][gc,start    ] GC(11) Pause Young (Normal) (G1 Evacuation Pause)
[2024-12-16T21:08:07.898+0700][gc,task     ] GC(11) Using 2 workers of 2 for evacuation
[2024-12-16T21:08:07.932+0700][gc,mmu      ] GC(11) MMU target violated: 21.0ms (20.0ms/21.0ms)
[2024-12-16T21:08:07.932+0700][gc,phases   ] GC(11)   Pre Evacuate Collection Set: 2.9ms
[2024-12-16T21:08:07.932+0700][gc,phases   ] GC(11)   Merge Heap Roots: 0.6ms
[2024-12-16T21:08:07.932+0700][gc,phases   ] GC(11)   Evacuate Collection Set: 26.4ms
[2024-12-16T21:08:07.932+0700][gc,phases   ] GC(11)   Post Evacuate Collection Set: 3.1ms
[2024-12-16T21:08:07.932+0700][gc,phases   ] GC(11)   Other: 1.2ms
[2024-12-16T21:08:07.932+0700][gc,heap     ] GC(11) Eden regions: 48->0(48)
[2024-12-16T21:08:07.932+0700][gc,heap     ] GC(11) Survivor regions: 3->3(7)
[2024-12-16T21:08:07.932+0700][gc,heap     ] GC(11) Old regions: 14->14
[2024-12-16T21:08:07.932+0700][gc,heap     ] GC(11) Archive regions: 2->2
[2024-12-16T21:08:07.932+0700][gc,heap     ] GC(11) Humongous regions: 129->129
[2024-12-16T21:08:07.932+0700][gc,metaspace] GC(11) Metaspace: 40156K(40512K)->40156K(40512K) NonClass: 35604K(35776K)->35604K(35776K) Class: 4551K(4736K)->4551K(4736K)
[2024-12-16T21:08:07.933+0700][gc          ] GC(11) Pause Young (Normal) (G1 Evacuation Pause) 193M->145M(1024M) 34.513ms
[2024-12-16T21:08:07.933+0700][gc,cpu      ] GC(11) User=0.06s Sys=0.00s Real=0.04s
[2024-12-16T22:08:13.976+0700][gc,start    ] GC(12) Pause Young (Normal) (G1 Evacuation Pause)
[2024-12-16T22:08:13.976+0700][gc,task     ] GC(12) Using 2 workers of 2 for evacuation
[2024-12-16T22:08:13.999+0700][gc,mmu      ] GC(12) MMU target violated: 21.0ms (20.0ms/21.0ms)
[2024-12-16T22:08:13.999+0700][gc,phases   ] GC(12)   Pre Evacuate Collection Set: 3.6ms
[2024-12-16T22:08:13.999+0700][gc,phases   ] GC(12)   Merge Heap Roots: 0.4ms
[2024-12-16T22:08:13.999+0700][gc,phases   ] GC(12)   Evacuate Collection Set: 17.2ms
[2024-12-16T22:08:13.999+0700][gc,phases   ] GC(12)   Post Evacuate Collection Set: 1.7ms
[2024-12-16T22:08:13.999+0700][gc,phases   ] GC(12)   Other: 0.7ms
[2024-12-16T22:08:13.999+0700][gc,heap     ] GC(12) Eden regions: 48->0(48)
[2024-12-16T22:08:13.999+0700][gc,heap     ] GC(12) Survivor regions: 3->3(7)
[2024-12-16T22:08:13.999+0700][gc,heap     ] GC(12) Old regions: 14->14
[2024-12-16T22:08:13.999+0700][gc,heap     ] GC(12) Archive regions: 2->2
[2024-12-16T22:08:13.999+0700][gc,heap     ] GC(12) Humongous regions: 129->129
[2024-12-16T22:08:13.999+0700][gc,metaspace] GC(12) Metaspace: 40618K(41024K)->40618K(41024K) NonClass: 36004K(36224K)->36004K(36224K) Class: 4614K(4800K)->4614K(4800K)
[2024-12-16T22:08:13.999+0700][gc          ] GC(12) Pause Young (Normal) (G1 Evacuation Pause) 193M->145M(1024M) 23.875ms
[2024-12-16T22:08:13.999+0700][gc,cpu      ] GC(12) User=0.04s Sys=0.00s Real=0.03s
[2024-12-16T22:08:14.402+0700][gc,heap,exit] Heap
[2024-12-16T22:08:14.402+0700][gc,heap,exit]  garbage-first heap   total 1048576K, used 157020K [0x00000000c0000000, 0x0000000100000000)
[2024-12-16T22:08:14.402+0700][gc,heap,exit]   region size 1024K, 11 young (11264K), 3 survivors (3072K)
[2024-12-16T22:08:14.402+0700][gc,heap,exit]  Metaspace       used 41227K, committed 41600K, reserved 1114112K
[2024-12-16T22:08:14.403+0700][gc,heap,exit]   class space    used 4742K, committed 4928K, reserved 1048576K
