[2024-12-16T03:37:12.704+0700][gc] Using G1
[2024-12-16T03:37:12.728+0700][gc,init] Version: 17.0.13+11-Ubuntu-2ubuntu122.04 (release)
[2024-12-16T03:37:12.728+0700][gc,init] CPUs: 2 total, 2 available
[2024-12-16T03:37:12.728+0700][gc,init] Memory: 3911M
[2024-12-16T03:37:12.728+0700][gc,init] Large Page Support: Disabled
[2024-12-16T03:37:12.728+0700][gc,init] NUMA Support: Disabled
[2024-12-16T03:37:12.728+0700][gc,init] Compressed Oops: Enabled (32-bit)
[2024-12-16T03:37:12.728+0700][gc,init] Heap Region Size: 1M
[2024-12-16T03:37:12.728+0700][gc,init] Heap Min Capacity: 1G
[2024-12-16T03:37:12.728+0700][gc,init] Heap Initial Capacity: 1G
[2024-12-16T03:37:12.728+0700][gc,init] Heap Max Capacity: 1G
[2024-12-16T03:37:12.728+0700][gc,init] Pre-touch: Disabled
[2024-12-16T03:37:12.728+0700][gc,init] Parallel Workers: 2
[2024-12-16T03:37:12.728+0700][gc,init] Concurrent Workers: 1
[2024-12-16T03:37:12.728+0700][gc,init] Concurrent Refinement Workers: 2
[2024-12-16T03:37:12.728+0700][gc,init] Periodic GC: Disabled
[2024-12-16T03:37:12.753+0700][gc,metaspace] CDS archive(s) mapped at: [0x00007f113b000000-0x00007f113bbc9000-0x00007f113bbc9000), size 12357632, SharedBaseAddress: 0x00007f113b000000, ArchiveRelocationMode: 1.
[2024-12-16T03:37:12.753+0700][gc,metaspace] Compressed class space mapped at: 0x00007f113c000000-0x00007f117c000000, reserved size: 1073741824
[2024-12-16T03:37:12.753+0700][gc,metaspace] Narrow klass base: 0x00007f113b000000, Narrow klass shift: 0, Narrow klass range: 0x100000000
[2024-12-16T03:37:15.065+0700][gc,start    ] GC(0) Pause Young (Normal) (G1 Evacuation Pause)
[2024-12-16T03:37:15.067+0700][gc,task     ] GC(0) Using 2 workers of 2 for evacuation
[2024-12-16T03:37:15.090+0700][gc,mmu      ] GC(0) MMU target violated: 21.0ms (20.0ms/21.0ms)
[2024-12-16T03:37:15.090+0700][gc,phases   ] GC(0)   Pre Evacuate Collection Set: 1.4ms
[2024-12-16T03:37:15.090+0700][gc,phases   ] GC(0)   Merge Heap Roots: 0.1ms
[2024-12-16T03:37:15.090+0700][gc,phases   ] GC(0)   Evacuate Collection Set: 19.5ms
[2024-12-16T03:37:15.090+0700][gc,phases   ] GC(0)   Post Evacuate Collection Set: 1.3ms
[2024-12-16T03:37:15.090+0700][gc,phases   ] GC(0)   Other: 2.2ms
[2024-12-16T03:37:15.090+0700][gc,heap     ] GC(0) Eden regions: 51->0(44)
[2024-12-16T03:37:15.090+0700][gc,heap     ] GC(0) Survivor regions: 0->7(7)
[2024-12-16T03:37:15.090+0700][gc,heap     ] GC(0) Old regions: 0->1
[2024-12-16T03:37:15.090+0700][gc,heap     ] GC(0) Archive regions: 2->2
[2024-12-16T03:37:15.090+0700][gc,heap     ] GC(0) Humongous regions: 0->0
[2024-12-16T03:37:15.090+0700][gc,metaspace] GC(0) Metaspace: 17740K(17920K)->17740K(17920K) NonClass: 15589K(15680K)->15589K(15680K) Class: 2151K(2240K)->2151K(2240K)
[2024-12-16T03:37:15.090+0700][gc          ] GC(0) Pause Young (Normal) (G1 Evacuation Pause) 51M->8M(1024M) 24.631ms
[2024-12-16T03:37:15.090+0700][gc,cpu      ] GC(0) User=0.03s Sys=0.02s Real=0.03s
[2024-12-16T03:37:15.828+0700][gc,start    ] GC(1) Pause Young (Concurrent Start) (Metadata GC Threshold)
[2024-12-16T03:37:15.828+0700][gc,task     ] GC(1) Using 2 workers of 2 for evacuation
[2024-12-16T03:37:15.846+0700][gc,phases   ] GC(1)   Pre Evacuate Collection Set: 0.6ms
[2024-12-16T03:37:15.846+0700][gc,phases   ] GC(1)   Merge Heap Roots: 0.1ms
[2024-12-16T03:37:15.846+0700][gc,phases   ] GC(1)   Evacuate Collection Set: 16.3ms
[2024-12-16T03:37:15.846+0700][gc,phases   ] GC(1)   Post Evacuate Collection Set: 0.7ms
[2024-12-16T03:37:15.846+0700][gc,phases   ] GC(1)   Other: 0.5ms
[2024-12-16T03:37:15.846+0700][gc,heap     ] GC(1) Eden regions: 16->0(49)
[2024-12-16T03:37:15.846+0700][gc,heap     ] GC(1) Survivor regions: 7->2(7)
[2024-12-16T03:37:15.846+0700][gc,heap     ] GC(1) Old regions: 1->8
[2024-12-16T03:37:15.846+0700][gc,heap     ] GC(1) Archive regions: 2->2
[2024-12-16T03:37:15.846+0700][gc,heap     ] GC(1) Humongous regions: 129->129
[2024-12-16T03:37:15.846+0700][gc,metaspace] GC(1) Metaspace: 21311K(21504K)->21311K(21504K) NonClass: 18716K(18816K)->18716K(18816K) Class: 2595K(2688K)->2595K(2688K)
[2024-12-16T03:37:15.846+0700][gc          ] GC(1) Pause Young (Concurrent Start) (Metadata GC Threshold) 153M->139M(1024M) 18.400ms
[2024-12-16T03:37:15.846+0700][gc,cpu      ] GC(1) User=0.02s Sys=0.02s Real=0.01s
[2024-12-16T03:37:15.846+0700][gc          ] GC(2) Concurrent Mark Cycle
[2024-12-16T03:37:15.846+0700][gc,marking  ] GC(2) Concurrent Clear Claimed Marks
[2024-12-16T03:37:15.846+0700][gc,marking  ] GC(2) Concurrent Clear Claimed Marks 0.023ms
[2024-12-16T03:37:15.846+0700][gc,marking  ] GC(2) Concurrent Scan Root Regions
[2024-12-16T03:37:15.857+0700][gc,marking  ] GC(2) Concurrent Scan Root Regions 10.436ms
[2024-12-16T03:37:15.857+0700][gc,marking  ] GC(2) Concurrent Mark
[2024-12-16T03:37:15.857+0700][gc,marking  ] GC(2) Concurrent Mark From Roots
[2024-12-16T03:37:15.857+0700][gc,task     ] GC(2) Using 1 workers of 1 for marking
[2024-12-16T03:37:15.871+0700][gc,marking  ] GC(2) Concurrent Mark From Roots 13.969ms
[2024-12-16T03:37:15.871+0700][gc,marking  ] GC(2) Concurrent Preclean
[2024-12-16T03:37:15.871+0700][gc,marking  ] GC(2) Concurrent Preclean 0.047ms
[2024-12-16T03:37:15.871+0700][gc,start    ] GC(2) Pause Remark
[2024-12-16T03:37:15.874+0700][gc          ] GC(2) Pause Remark 141M->141M(1024M) 3.111ms
[2024-12-16T03:37:15.874+0700][gc,cpu      ] GC(2) User=0.00s Sys=0.00s Real=0.00s
[2024-12-16T03:37:15.874+0700][gc,marking  ] GC(2) Concurrent Mark 17.383ms
[2024-12-16T03:37:15.874+0700][gc,marking  ] GC(2) Concurrent Rebuild Remembered Sets
[2024-12-16T03:37:15.874+0700][gc,marking  ] GC(2) Concurrent Rebuild Remembered Sets 0.005ms
[2024-12-16T03:37:15.874+0700][gc,start    ] GC(2) Pause Cleanup
[2024-12-16T03:37:15.874+0700][gc          ] GC(2) Pause Cleanup 141M->141M(1024M) 0.017ms
[2024-12-16T03:37:15.875+0700][gc,cpu      ] GC(2) User=0.00s Sys=0.00s Real=0.00s
[2024-12-16T03:37:15.875+0700][gc,marking  ] GC(2) Concurrent Cleanup for Next Mark
[2024-12-16T03:37:15.929+0700][gc,marking  ] GC(2) Concurrent Cleanup for Next Mark 54.770ms
[2024-12-16T03:37:15.929+0700][gc          ] GC(2) Concurrent Mark Cycle 83.001ms
[2024-12-16T03:37:17.332+0700][gc,start    ] GC(3) Pause Young (Normal) (G1 Evacuation Pause)
[2024-12-16T03:37:17.332+0700][gc,task     ] GC(3) Using 2 workers of 2 for evacuation
[2024-12-16T03:37:17.349+0700][gc,phases   ] GC(3)   Pre Evacuate Collection Set: 0.5ms
[2024-12-16T03:37:17.349+0700][gc,phases   ] GC(3)   Merge Heap Roots: 0.1ms
[2024-12-16T03:37:17.349+0700][gc,phases   ] GC(3)   Evacuate Collection Set: 14.7ms
[2024-12-16T03:37:17.349+0700][gc,phases   ] GC(3)   Post Evacuate Collection Set: 0.8ms
[2024-12-16T03:37:17.349+0700][gc,phases   ] GC(3)   Other: 0.2ms
[2024-12-16T03:37:17.349+0700][gc,heap     ] GC(3) Eden regions: 49->0(45)
[2024-12-16T03:37:17.349+0700][gc,heap     ] GC(3) Survivor regions: 2->6(7)
[2024-12-16T03:37:17.349+0700][gc,heap     ] GC(3) Old regions: 8->8
[2024-12-16T03:37:17.349+0700][gc,heap     ] GC(3) Archive regions: 2->2
[2024-12-16T03:37:17.349+0700][gc,heap     ] GC(3) Humongous regions: 129->129
[2024-12-16T03:37:17.349+0700][gc,metaspace] GC(3) Metaspace: 32631K(32832K)->32631K(32832K) NonClass: 29007K(29120K)->29007K(29120K) Class: 3624K(3712K)->3624K(3712K)
[2024-12-16T03:37:17.349+0700][gc          ] GC(3) Pause Young (Normal) (G1 Evacuation Pause) 188M->143M(1024M) 16.423ms
[2024-12-16T03:37:17.349+0700][gc,cpu      ] GC(3) User=0.03s Sys=0.00s Real=0.02s
[2024-12-16T03:37:32.123+0700][gc,start    ] GC(4) Pause Young (Concurrent Start) (Metadata GC Threshold)
[2024-12-16T03:37:32.123+0700][gc,task     ] GC(4) Using 2 workers of 2 for evacuation
[2024-12-16T03:37:32.149+0700][gc,mmu      ] GC(4) MMU target violated: 21.0ms (20.0ms/21.0ms)
[2024-12-16T03:37:32.149+0700][gc,phases   ] GC(4)   Pre Evacuate Collection Set: 1.0ms
[2024-12-16T03:37:32.149+0700][gc,phases   ] GC(4)   Merge Heap Roots: 0.3ms
[2024-12-16T03:37:32.149+0700][gc,phases   ] GC(4)   Evacuate Collection Set: 23.2ms
[2024-12-16T03:37:32.149+0700][gc,phases   ] GC(4)   Post Evacuate Collection Set: 1.0ms
[2024-12-16T03:37:32.149+0700][gc,phases   ] GC(4)   Other: 0.7ms
[2024-12-16T03:37:32.149+0700][gc,heap     ] GC(4) Eden regions: 16->0(50)
[2024-12-16T03:37:32.149+0700][gc,heap     ] GC(4) Survivor regions: 6->1(7)
[2024-12-16T03:37:32.149+0700][gc,heap     ] GC(4) Old regions: 8->14
[2024-12-16T03:37:32.149+0700][gc,heap     ] GC(4) Archive regions: 2->2
[2024-12-16T03:37:32.149+0700][gc,heap     ] GC(4) Humongous regions: 129->129
[2024-12-16T03:37:32.149+0700][gc,metaspace] GC(4) Metaspace: 35992K(36160K)->35992K(36160K) NonClass: 31971K(32064K)->31971K(32064K) Class: 4021K(4096K)->4021K(4096K)
[2024-12-16T03:37:32.149+0700][gc          ] GC(4) Pause Young (Concurrent Start) (Metadata GC Threshold) 158M->144M(1024M) 26.261ms
[2024-12-16T03:37:32.149+0700][gc,cpu      ] GC(4) User=0.03s Sys=0.01s Real=0.03s
[2024-12-16T03:37:32.149+0700][gc          ] GC(5) Concurrent Mark Cycle
[2024-12-16T03:37:32.149+0700][gc,marking  ] GC(5) Concurrent Clear Claimed Marks
[2024-12-16T03:37:32.149+0700][gc,marking  ] GC(5) Concurrent Clear Claimed Marks 0.028ms
[2024-12-16T03:37:32.149+0700][gc,marking  ] GC(5) Concurrent Scan Root Regions
[2024-12-16T03:37:32.172+0700][gc,marking  ] GC(5) Concurrent Scan Root Regions 22.279ms
[2024-12-16T03:37:32.172+0700][gc,marking  ] GC(5) Concurrent Mark
[2024-12-16T03:37:32.172+0700][gc,marking  ] GC(5) Concurrent Mark From Roots
[2024-12-16T03:37:32.172+0700][gc,task     ] GC(5) Using 1 workers of 1 for marking
[2024-12-16T03:37:32.221+0700][gc,marking  ] GC(5) Concurrent Mark From Roots 49.592ms
[2024-12-16T03:37:32.221+0700][gc,marking  ] GC(5) Concurrent Preclean
[2024-12-16T03:37:32.221+0700][gc,marking  ] GC(5) Concurrent Preclean 0.105ms
[2024-12-16T03:37:32.221+0700][gc,start    ] GC(5) Pause Remark
[2024-12-16T03:37:32.229+0700][gc          ] GC(5) Pause Remark 145M->145M(1024M) 7.144ms
[2024-12-16T03:37:32.229+0700][gc,cpu      ] GC(5) User=0.01s Sys=0.00s Real=0.01s
[2024-12-16T03:37:32.229+0700][gc,marking  ] GC(5) Concurrent Mark 57.007ms
[2024-12-16T03:37:32.229+0700][gc,marking  ] GC(5) Concurrent Rebuild Remembered Sets
[2024-12-16T03:37:32.248+0700][gc,marking  ] GC(5) Concurrent Rebuild Remembered Sets 19.551ms
[2024-12-16T03:37:32.248+0700][gc,start    ] GC(5) Pause Cleanup
[2024-12-16T03:37:32.248+0700][gc          ] GC(5) Pause Cleanup 145M->145M(1024M) 0.157ms
[2024-12-16T03:37:32.248+0700][gc,cpu      ] GC(5) User=0.00s Sys=0.00s Real=0.00s
[2024-12-16T03:37:32.248+0700][gc,marking  ] GC(5) Concurrent Cleanup for Next Mark
[2024-12-16T03:37:32.274+0700][gc,marking  ] GC(5) Concurrent Cleanup for Next Mark 25.857ms
[2024-12-16T03:37:32.274+0700][gc          ] GC(5) Concurrent Mark Cycle 125.085ms
[2024-12-16T05:02:45.458+0700][gc,start    ] GC(6) Pause Young (Prepare Mixed) (G1 Evacuation Pause)
[2024-12-16T05:02:45.458+0700][gc,task     ] GC(6) Using 2 workers of 2 for evacuation
[2024-12-16T05:02:45.484+0700][gc,mmu      ] GC(6) MMU target violated: 21.0ms (20.0ms/21.0ms)
[2024-12-16T05:02:45.484+0700][gc,phases   ] GC(6)   Pre Evacuate Collection Set: 3.6ms
[2024-12-16T05:02:45.484+0700][gc,phases   ] GC(6)   Merge Heap Roots: 0.8ms
[2024-12-16T05:02:45.484+0700][gc,phases   ] GC(6)   Evacuate Collection Set: 18.0ms
[2024-12-16T05:02:45.484+0700][gc,phases   ] GC(6)   Post Evacuate Collection Set: 2.8ms
[2024-12-16T05:02:45.484+0700][gc,phases   ] GC(6)   Other: 1.1ms
[2024-12-16T05:02:45.484+0700][gc,heap     ] GC(6) Eden regions: 50->0(49)
[2024-12-16T05:02:45.484+0700][gc,heap     ] GC(6) Survivor regions: 1->2(7)
[2024-12-16T05:02:45.484+0700][gc,heap     ] GC(6) Old regions: 14->14
[2024-12-16T05:02:45.484+0700][gc,heap     ] GC(6) Archive regions: 2->2
[2024-12-16T05:02:45.484+0700][gc,heap     ] GC(6) Humongous regions: 129->129
[2024-12-16T05:02:45.484+0700][gc,metaspace] GC(6) Metaspace: 37625K(37952K)->37625K(37952K) NonClass: 33499K(33664K)->33499K(33664K) Class: 4126K(4288K)->4126K(4288K)
[2024-12-16T05:02:45.484+0700][gc          ] GC(6) Pause Young (Prepare Mixed) (G1 Evacuation Pause) 194M->144M(1024M) 26.221ms
[2024-12-16T05:02:45.484+0700][gc,cpu      ] GC(6) User=0.04s Sys=0.00s Real=0.03s
[2024-12-16T06:35:43.278+0700][gc,start    ] GC(7) Pause Young (Mixed) (G1 Evacuation Pause)
[2024-12-16T06:35:43.278+0700][gc,task     ] GC(7) Using 2 workers of 2 for evacuation
[2024-12-16T06:35:43.330+0700][gc,mmu      ] GC(7) MMU target violated: 21.0ms (20.0ms/21.0ms)
[2024-12-16T06:35:43.330+0700][gc,phases   ] GC(7)   Pre Evacuate Collection Set: 2.9ms
[2024-12-16T06:35:43.330+0700][gc,phases   ] GC(7)   Merge Heap Roots: 1.1ms
[2024-12-16T06:35:43.330+0700][gc,phases   ] GC(7)   Evacuate Collection Set: 44.3ms
[2024-12-16T06:35:43.330+0700][gc,phases   ] GC(7)   Post Evacuate Collection Set: 3.2ms
[2024-12-16T06:35:43.330+0700][gc,phases   ] GC(7)   Other: 1.3ms
[2024-12-16T06:35:43.330+0700][gc,heap     ] GC(7) Eden regions: 49->0(49)
[2024-12-16T06:35:43.330+0700][gc,heap     ] GC(7) Survivor regions: 2->2(7)
[2024-12-16T06:35:43.330+0700][gc,heap     ] GC(7) Old regions: 14->14
[2024-12-16T06:35:43.330+0700][gc,heap     ] GC(7) Archive regions: 2->2
[2024-12-16T06:35:43.330+0700][gc,heap     ] GC(7) Humongous regions: 129->129
[2024-12-16T06:35:43.330+0700][gc,metaspace] GC(7) Metaspace: 37864K(38208K)->37864K(38208K) NonClass: 33737K(33920K)->33737K(33920K) Class: 4126K(4288K)->4126K(4288K)
[2024-12-16T06:35:43.330+0700][gc          ] GC(7) Pause Young (Mixed) (G1 Evacuation Pause) 193M->144M(1024M) 52.653ms
[2024-12-16T06:35:43.330+0700][gc,cpu      ] GC(7) User=0.07s Sys=0.00s Real=0.06s
[2024-12-16T08:09:35.000+0700][gc,start    ] GC(8) Pause Young (Normal) (G1 Evacuation Pause)
[2024-12-16T08:09:35.000+0700][gc,task     ] GC(8) Using 2 workers of 2 for evacuation
[2024-12-16T08:09:35.029+0700][gc,mmu      ] GC(8) MMU target violated: 21.0ms (20.0ms/21.0ms)
[2024-12-16T08:09:35.029+0700][gc,phases   ] GC(8)   Pre Evacuate Collection Set: 2.8ms
[2024-12-16T08:09:35.029+0700][gc,phases   ] GC(8)   Merge Heap Roots: 0.5ms
[2024-12-16T08:09:35.029+0700][gc,phases   ] GC(8)   Evacuate Collection Set: 22.8ms
[2024-12-16T08:09:35.029+0700][gc,phases   ] GC(8)   Post Evacuate Collection Set: 2.5ms
[2024-12-16T08:09:35.029+0700][gc,phases   ] GC(8)   Other: 1.1ms
[2024-12-16T08:09:35.030+0700][gc,heap     ] GC(8) Eden regions: 49->0(49)
[2024-12-16T08:09:35.030+0700][gc,heap     ] GC(8) Survivor regions: 2->2(7)
[2024-12-16T08:09:35.030+0700][gc,heap     ] GC(8) Old regions: 14->14
[2024-12-16T08:09:35.030+0700][gc,heap     ] GC(8) Archive regions: 2->2
[2024-12-16T08:09:35.030+0700][gc,heap     ] GC(8) Humongous regions: 129->129
[2024-12-16T08:09:35.030+0700][gc,metaspace] GC(8) Metaspace: 37952K(38336K)->37952K(38336K) NonClass: 33826K(34048K)->33826K(34048K) Class: 4126K(4288K)->4126K(4288K)
[2024-12-16T08:09:35.030+0700][gc          ] GC(8) Pause Young (Normal) (G1 Evacuation Pause) 193M->145M(1024M) 29.839ms
[2024-12-16T08:09:35.030+0700][gc,cpu      ] GC(8) User=0.05s Sys=0.00s Real=0.03s
[2024-12-16T09:43:52.884+0700][gc,start    ] GC(9) Pause Young (Normal) (G1 Evacuation Pause)
[2024-12-16T09:43:52.884+0700][gc,task     ] GC(9) Using 2 workers of 2 for evacuation
[2024-12-16T09:43:52.920+0700][gc,mmu      ] GC(9) MMU target violated: 21.0ms (20.0ms/21.0ms)
[2024-12-16T09:43:52.920+0700][gc,phases   ] GC(9)   Pre Evacuate Collection Set: 6.4ms
[2024-12-16T09:43:52.920+0700][gc,phases   ] GC(9)   Merge Heap Roots: 0.9ms
[2024-12-16T09:43:52.920+0700][gc,phases   ] GC(9)   Evacuate Collection Set: 23.9ms
[2024-12-16T09:43:52.920+0700][gc,phases   ] GC(9)   Post Evacuate Collection Set: 4.1ms
[2024-12-16T09:43:52.921+0700][gc,phases   ] GC(9)   Other: 1.8ms
[2024-12-16T09:43:52.921+0700][gc,heap     ] GC(9) Eden regions: 49->0(49)
[2024-12-16T09:43:52.921+0700][gc,heap     ] GC(9) Survivor regions: 2->2(7)
[2024-12-16T09:43:52.921+0700][gc,heap     ] GC(9) Old regions: 14->14
[2024-12-16T09:43:52.921+0700][gc,heap     ] GC(9) Archive regions: 2->2
[2024-12-16T09:43:52.921+0700][gc,heap     ] GC(9) Humongous regions: 129->129
[2024-12-16T09:43:52.921+0700][gc,metaspace] GC(9) Metaspace: 37976K(38336K)->37976K(38336K) NonClass: 33849K(34048K)->33849K(34048K) Class: 4126K(4288K)->4126K(4288K)
[2024-12-16T09:43:52.921+0700][gc          ] GC(9) Pause Young (Normal) (G1 Evacuation Pause) 194M->145M(1024M) 37.064ms
[2024-12-16T09:43:52.921+0700][gc,cpu      ] GC(9) User=0.07s Sys=0.00s Real=0.04s
[2024-12-16T10:35:44.841+0700][gc,start    ] GC(10) Pause Young (Normal) (G1 Evacuation Pause)
[2024-12-16T10:35:44.841+0700][gc,task     ] GC(10) Using 2 workers of 2 for evacuation
[2024-12-16T10:35:44.867+0700][gc,mmu      ] GC(10) MMU target violated: 21.0ms (20.0ms/21.0ms)
[2024-12-16T10:35:44.867+0700][gc,phases   ] GC(10)   Pre Evacuate Collection Set: 3.4ms
[2024-12-16T10:35:44.867+0700][gc,phases   ] GC(10)   Merge Heap Roots: 0.7ms
[2024-12-16T10:35:44.867+0700][gc,phases   ] GC(10)   Evacuate Collection Set: 18.0ms
[2024-12-16T10:35:44.867+0700][gc,phases   ] GC(10)   Post Evacuate Collection Set: 3.0ms
[2024-12-16T10:35:44.867+0700][gc,phases   ] GC(10)   Other: 1.0ms
[2024-12-16T10:35:44.867+0700][gc,heap     ] GC(10) Eden regions: 49->0(49)
[2024-12-16T10:35:44.867+0700][gc,heap     ] GC(10) Survivor regions: 2->2(7)
[2024-12-16T10:35:44.867+0700][gc,heap     ] GC(10) Old regions: 14->14
[2024-12-16T10:35:44.867+0700][gc,heap     ] GC(10) Archive regions: 2->2
[2024-12-16T10:35:44.867+0700][gc,heap     ] GC(10) Humongous regions: 129->129
[2024-12-16T10:35:44.867+0700][gc,metaspace] GC(10) Metaspace: 37997K(38336K)->37997K(38336K) NonClass: 33871K(34048K)->33871K(34048K) Class: 4126K(4288K)->4126K(4288K)
[2024-12-16T10:35:44.867+0700][gc          ] GC(10) Pause Young (Normal) (G1 Evacuation Pause) 194M->145M(1024M) 26.047ms
[2024-12-16T10:35:44.867+0700][gc,cpu      ] GC(10) User=0.04s Sys=0.00s Real=0.02s
[2024-12-16T11:21:41.613+0700][gc,start    ] GC(11) Pause Young (Normal) (G1 Evacuation Pause)
[2024-12-16T11:21:41.613+0700][gc,task     ] GC(11) Using 2 workers of 2 for evacuation
[2024-12-16T11:21:41.641+0700][gc,mmu      ] GC(11) MMU target violated: 21.0ms (20.0ms/21.0ms)
[2024-12-16T11:21:41.641+0700][gc,phases   ] GC(11)   Pre Evacuate Collection Set: 4.2ms
[2024-12-16T11:21:41.642+0700][gc,phases   ] GC(11)   Merge Heap Roots: 0.3ms
[2024-12-16T11:21:41.642+0700][gc,phases   ] GC(11)   Evacuate Collection Set: 19.8ms
[2024-12-16T11:21:41.642+0700][gc,phases   ] GC(11)   Post Evacuate Collection Set: 3.2ms
[2024-12-16T11:21:41.642+0700][gc,phases   ] GC(11)   Other: 1.0ms
[2024-12-16T11:21:41.642+0700][gc,heap     ] GC(11) Eden regions: 49->0(49)
[2024-12-16T11:21:41.642+0700][gc,heap     ] GC(11) Survivor regions: 2->2(7)
[2024-12-16T11:21:41.642+0700][gc,heap     ] GC(11) Old regions: 14->14
[2024-12-16T11:21:41.642+0700][gc,heap     ] GC(11) Archive regions: 2->2
[2024-12-16T11:21:41.642+0700][gc,heap     ] GC(11) Humongous regions: 129->129
[2024-12-16T11:21:41.642+0700][gc,metaspace] GC(11) Metaspace: 38019K(38336K)->38019K(38336K) NonClass: 33892K(34048K)->33892K(34048K) Class: 4126K(4288K)->4126K(4288K)
[2024-12-16T11:21:41.642+0700][gc          ] GC(11) Pause Young (Normal) (G1 Evacuation Pause) 194M->145M(1024M) 28.601ms
[2024-12-16T11:21:41.642+0700][gc,cpu      ] GC(11) User=0.05s Sys=0.00s Real=0.03s
[2024-12-16T12:10:55.457+0700][gc,start    ] GC(12) Pause Young (Normal) (G1 Evacuation Pause)
[2024-12-16T12:10:55.458+0700][gc,task     ] GC(12) Using 2 workers of 2 for evacuation
[2024-12-16T12:10:55.481+0700][gc,mmu      ] GC(12) MMU target violated: 21.0ms (20.0ms/21.0ms)
[2024-12-16T12:10:55.481+0700][gc,phases   ] GC(12)   Pre Evacuate Collection Set: 3.3ms
[2024-12-16T12:10:55.481+0700][gc,phases   ] GC(12)   Merge Heap Roots: 0.4ms
[2024-12-16T12:10:55.481+0700][gc,phases   ] GC(12)   Evacuate Collection Set: 17.0ms
[2024-12-16T12:10:55.481+0700][gc,phases   ] GC(12)   Post Evacuate Collection Set: 2.7ms
[2024-12-16T12:10:55.481+0700][gc,phases   ] GC(12)   Other: 1.1ms
[2024-12-16T12:10:55.482+0700][gc,heap     ] GC(12) Eden regions: 49->0(49)
[2024-12-16T12:10:55.482+0700][gc,heap     ] GC(12) Survivor regions: 2->2(7)
[2024-12-16T12:10:55.482+0700][gc,heap     ] GC(12) Old regions: 14->14
[2024-12-16T12:10:55.482+0700][gc,heap     ] GC(12) Archive regions: 2->2
[2024-12-16T12:10:55.482+0700][gc,heap     ] GC(12) Humongous regions: 129->129
[2024-12-16T12:10:55.482+0700][gc,metaspace] GC(12) Metaspace: 38033K(38336K)->38033K(38336K) NonClass: 33907K(34048K)->33907K(34048K) Class: 4126K(4288K)->4126K(4288K)
[2024-12-16T12:10:55.482+0700][gc          ] GC(12) Pause Young (Normal) (G1 Evacuation Pause) 194M->145M(1024M) 24.525ms
[2024-12-16T12:10:55.482+0700][gc,cpu      ] GC(12) User=0.04s Sys=0.00s Real=0.03s
[2024-12-16T13:21:19.550+0700][gc,start    ] GC(13) Pause Young (Normal) (G1 Evacuation Pause)
[2024-12-16T13:21:19.550+0700][gc,task     ] GC(13) Using 2 workers of 2 for evacuation
[2024-12-16T13:21:19.577+0700][gc,mmu      ] GC(13) MMU target violated: 21.0ms (20.0ms/21.0ms)
[2024-12-16T13:21:19.577+0700][gc,phases   ] GC(13)   Pre Evacuate Collection Set: 3.0ms
[2024-12-16T13:21:19.577+0700][gc,phases   ] GC(13)   Merge Heap Roots: 0.7ms
[2024-12-16T13:21:19.577+0700][gc,phases   ] GC(13)   Evacuate Collection Set: 19.3ms
[2024-12-16T13:21:19.577+0700][gc,phases   ] GC(13)   Post Evacuate Collection Set: 3.2ms
[2024-12-16T13:21:19.577+0700][gc,phases   ] GC(13)   Other: 1.2ms
[2024-12-16T13:21:19.577+0700][gc,heap     ] GC(13) Eden regions: 49->0(49)
[2024-12-16T13:21:19.577+0700][gc,heap     ] GC(13) Survivor regions: 2->2(7)
[2024-12-16T13:21:19.577+0700][gc,heap     ] GC(13) Old regions: 14->14
[2024-12-16T13:21:19.577+0700][gc,heap     ] GC(13) Archive regions: 2->2
[2024-12-16T13:21:19.577+0700][gc,heap     ] GC(13) Humongous regions: 129->129
[2024-12-16T13:21:19.577+0700][gc,metaspace] GC(13) Metaspace: 38041K(38336K)->38041K(38336K) NonClass: 33914K(34048K)->33914K(34048K) Class: 4126K(4288K)->4126K(4288K)
[2024-12-16T13:21:19.577+0700][gc          ] GC(13) Pause Young (Normal) (G1 Evacuation Pause) 194M->145M(1024M) 27.407ms
[2024-12-16T13:21:19.577+0700][gc,cpu      ] GC(13) User=0.05s Sys=0.00s Real=0.02s
[2024-12-16T14:50:00.160+0700][gc,start    ] GC(14) Pause Young (Normal) (G1 Evacuation Pause)
[2024-12-16T14:50:00.160+0700][gc,task     ] GC(14) Using 2 workers of 2 for evacuation
[2024-12-16T14:50:00.192+0700][gc,mmu      ] GC(14) MMU target violated: 21.0ms (20.0ms/21.0ms)
[2024-12-16T14:50:00.192+0700][gc,phases   ] GC(14)   Pre Evacuate Collection Set: 3.2ms
[2024-12-16T14:50:00.192+0700][gc,phases   ] GC(14)   Merge Heap Roots: 0.4ms
[2024-12-16T14:50:00.192+0700][gc,phases   ] GC(14)   Evacuate Collection Set: 25.6ms
[2024-12-16T14:50:00.192+0700][gc,phases   ] GC(14)   Post Evacuate Collection Set: 2.1ms
[2024-12-16T14:50:00.192+0700][gc,phases   ] GC(14)   Other: 1.0ms
[2024-12-16T14:50:00.192+0700][gc,heap     ] GC(14) Eden regions: 49->0(49)
[2024-12-16T14:50:00.192+0700][gc,heap     ] GC(14) Survivor regions: 2->2(7)
[2024-12-16T14:50:00.192+0700][gc,heap     ] GC(14) Old regions: 14->14
[2024-12-16T14:50:00.192+0700][gc,heap     ] GC(14) Archive regions: 2->2
[2024-12-16T14:50:00.192+0700][gc,heap     ] GC(14) Humongous regions: 129->129
[2024-12-16T14:50:00.192+0700][gc,metaspace] GC(14) Metaspace: 38049K(38336K)->38049K(38336K) NonClass: 33922K(34048K)->33922K(34048K) Class: 4126K(4288K)->4126K(4288K)
[2024-12-16T14:50:00.192+0700][gc          ] GC(14) Pause Young (Normal) (G1 Evacuation Pause) 194M->145M(1024M) 32.351ms
[2024-12-16T14:50:00.192+0700][gc,cpu      ] GC(14) User=0.05s Sys=0.00s Real=0.03s
[2024-12-16T14:50:23.364+0700][gc,heap,exit] Heap
[2024-12-16T14:50:23.364+0700][gc,heap,exit]  garbage-first heap   total 1048576K, used 157988K [0x00000000c0000000, 0x0000000100000000)
[2024-12-16T14:50:23.364+0700][gc,heap,exit]   region size 1024K, 12 young (12288K), 2 survivors (2048K)
[2024-12-16T14:50:23.364+0700][gc,heap,exit]  Metaspace       used 38899K, committed 39296K, reserved 1114112K
[2024-12-16T14:50:23.364+0700][gc,heap,exit]   class space    used 4290K, committed 4480K, reserved 1048576K
