[2024-12-15T13:12:56.782+0700][gc] Using G1
[2024-12-15T13:12:56.815+0700][gc,init] Version: 17.0.13+11-Ubuntu-2ubuntu122.04 (release)
[2024-12-15T13:12:56.815+0700][gc,init] CPUs: 2 total, 2 available
[2024-12-15T13:12:56.815+0700][gc,init] Memory: 3911M
[2024-12-15T13:12:56.815+0700][gc,init] Large Page Support: Disabled
[2024-12-15T13:12:56.815+0700][gc,init] NUMA Support: Disabled
[2024-12-15T13:12:56.815+0700][gc,init] Compressed Oops: Enabled (32-bit)
[2024-12-15T13:12:56.815+0700][gc,init] Heap Region Size: 1M
[2024-12-15T13:12:56.815+0700][gc,init] Heap Min Capacity: 1G
[2024-12-15T13:12:56.815+0700][gc,init] Heap Initial Capacity: 1G
[2024-12-15T13:12:56.815+0700][gc,init] Heap Max Capacity: 1G
[2024-12-15T13:12:56.815+0700][gc,init] Pre-touch: Disabled
[2024-12-15T13:12:56.815+0700][gc,init] Parallel Workers: 2
[2024-12-15T13:12:56.815+0700][gc,init] Concurrent Workers: 1
[2024-12-15T13:12:56.815+0700][gc,init] Concurrent Refinement Workers: 2
[2024-12-15T13:12:56.815+0700][gc,init] Periodic GC: Disabled
[2024-12-15T13:12:56.835+0700][gc,metaspace] CDS archive(s) mapped at: [0x00007fb86f000000-0x00007fb86fbc9000-0x00007fb86fbc9000), size 12357632, SharedBaseAddress: 0x00007fb86f000000, ArchiveRelocationMode: 1.
[2024-12-15T13:12:56.835+0700][gc,metaspace] Compressed class space mapped at: 0x00007fb870000000-0x00007fb8b0000000, reserved size: 1073741824
[2024-12-15T13:12:56.835+0700][gc,metaspace] Narrow klass base: 0x00007fb86f000000, Narrow klass shift: 0, Narrow klass range: 0x100000000
[2024-12-15T13:12:58.975+0700][gc,start    ] GC(0) Pause Young (Normal) (G1 Evacuation Pause)
[2024-12-15T13:12:58.975+0700][gc,task     ] GC(0) Using 2 workers of 2 for evacuation
[2024-12-15T13:12:59.005+0700][gc,mmu      ] GC(0) MMU target violated: 21.0ms (20.0ms/21.0ms)
[2024-12-15T13:12:59.005+0700][gc,phases   ] GC(0)   Pre Evacuate Collection Set: 2.0ms
[2024-12-15T13:12:59.005+0700][gc,phases   ] GC(0)   Merge Heap Roots: 0.3ms
[2024-12-15T13:12:59.005+0700][gc,phases   ] GC(0)   Evacuate Collection Set: 25.7ms
[2024-12-15T13:12:59.005+0700][gc,phases   ] GC(0)   Post Evacuate Collection Set: 1.3ms
[2024-12-15T13:12:59.005+0700][gc,phases   ] GC(0)   Other: 0.8ms
[2024-12-15T13:12:59.005+0700][gc,heap     ] GC(0) Eden regions: 51->0(44)
[2024-12-15T13:12:59.005+0700][gc,heap     ] GC(0) Survivor regions: 0->7(7)
[2024-12-15T13:12:59.005+0700][gc,heap     ] GC(0) Old regions: 0->2
[2024-12-15T13:12:59.005+0700][gc,heap     ] GC(0) Archive regions: 2->2
[2024-12-15T13:12:59.005+0700][gc,heap     ] GC(0) Humongous regions: 0->0
[2024-12-15T13:12:59.005+0700][gc,metaspace] GC(0) Metaspace: 17911K(18176K)->17911K(18176K) NonClass: 15739K(15872K)->15739K(15872K) Class: 2172K(2304K)->2172K(2304K)
[2024-12-15T13:12:59.005+0700][gc          ] GC(0) Pause Young (Normal) (G1 Evacuation Pause) 51M->8M(1024M) 30.268ms
[2024-12-15T13:12:59.005+0700][gc,cpu      ] GC(0) User=0.04s Sys=0.01s Real=0.03s
[2024-12-15T13:12:59.475+0700][gc,start    ] GC(1) Pause Young (Concurrent Start) (Metadata GC Threshold)
[2024-12-15T13:12:59.475+0700][gc,task     ] GC(1) Using 2 workers of 2 for evacuation
[2024-12-15T13:12:59.501+0700][gc,mmu      ] GC(1) MMU target violated: 21.0ms (20.0ms/21.0ms)
[2024-12-15T13:12:59.501+0700][gc,phases   ] GC(1)   Pre Evacuate Collection Set: 0.3ms
[2024-12-15T13:12:59.501+0700][gc,phases   ] GC(1)   Merge Heap Roots: 0.1ms
[2024-12-15T13:12:59.501+0700][gc,phases   ] GC(1)   Evacuate Collection Set: 23.6ms
[2024-12-15T13:12:59.501+0700][gc,phases   ] GC(1)   Post Evacuate Collection Set: 1.1ms
[2024-12-15T13:12:59.501+0700][gc,phases   ] GC(1)   Other: 0.6ms
[2024-12-15T13:12:59.501+0700][gc,heap     ] GC(1) Eden regions: 13->0(49)
[2024-12-15T13:12:59.501+0700][gc,heap     ] GC(1) Survivor regions: 7->2(7)
[2024-12-15T13:12:59.501+0700][gc,heap     ] GC(1) Old regions: 2->8
[2024-12-15T13:12:59.501+0700][gc,heap     ] GC(1) Archive regions: 2->2
[2024-12-15T13:12:59.501+0700][gc,heap     ] GC(1) Humongous regions: 0->0
[2024-12-15T13:12:59.501+0700][gc,metaspace] GC(1) Metaspace: 21250K(21504K)->21250K(21504K) NonClass: 18665K(18816K)->18665K(18816K) Class: 2584K(2688K)->2584K(2688K)
[2024-12-15T13:12:59.501+0700][gc          ] GC(1) Pause Young (Concurrent Start) (Metadata GC Threshold) 21M->10M(1024M) 25.757ms
[2024-12-15T13:12:59.501+0700][gc,cpu      ] GC(1) User=0.02s Sys=0.03s Real=0.02s
[2024-12-15T13:12:59.501+0700][gc          ] GC(2) Concurrent Mark Cycle
[2024-12-15T13:12:59.501+0700][gc,marking  ] GC(2) Concurrent Clear Claimed Marks
[2024-12-15T13:12:59.501+0700][gc,marking  ] GC(2) Concurrent Clear Claimed Marks 0.043ms
[2024-12-15T13:12:59.501+0700][gc,marking  ] GC(2) Concurrent Scan Root Regions
[2024-12-15T13:12:59.507+0700][gc,marking  ] GC(2) Concurrent Scan Root Regions 5.399ms
[2024-12-15T13:12:59.507+0700][gc,marking  ] GC(2) Concurrent Mark
[2024-12-15T13:12:59.507+0700][gc,marking  ] GC(2) Concurrent Mark From Roots
[2024-12-15T13:12:59.507+0700][gc,task     ] GC(2) Using 1 workers of 1 for marking
[2024-12-15T13:12:59.517+0700][gc,marking  ] GC(2) Concurrent Mark From Roots 10.525ms
[2024-12-15T13:12:59.517+0700][gc,marking  ] GC(2) Concurrent Preclean
[2024-12-15T13:12:59.517+0700][gc,marking  ] GC(2) Concurrent Preclean 0.056ms
[2024-12-15T13:12:59.518+0700][gc,start    ] GC(2) Pause Remark
[2024-12-15T13:12:59.521+0700][gc          ] GC(2) Pause Remark 10M->10M(1024M) 3.656ms
[2024-12-15T13:12:59.521+0700][gc,cpu      ] GC(2) User=0.01s Sys=0.00s Real=0.00s
[2024-12-15T13:12:59.521+0700][gc,marking  ] GC(2) Concurrent Mark 14.535ms
[2024-12-15T13:12:59.521+0700][gc,marking  ] GC(2) Concurrent Rebuild Remembered Sets
[2024-12-15T13:12:59.545+0700][gc,marking  ] GC(2) Concurrent Rebuild Remembered Sets 23.200ms
[2024-12-15T13:12:59.545+0700][gc,start    ] GC(2) Pause Cleanup
[2024-12-15T13:12:59.545+0700][gc          ] GC(2) Pause Cleanup 10M->10M(1024M) 0.257ms
[2024-12-15T13:12:59.545+0700][gc,cpu      ] GC(2) User=0.00s Sys=0.00s Real=0.00s
[2024-12-15T13:12:59.545+0700][gc,marking  ] GC(2) Concurrent Cleanup for Next Mark
[2024-12-15T13:12:59.604+0700][gc,marking  ] GC(2) Concurrent Cleanup for Next Mark 59.169ms
[2024-12-15T13:12:59.604+0700][gc          ] GC(2) Concurrent Mark Cycle 103.184ms
[2024-12-15T13:13:01.697+0700][gc,start    ] GC(3) Pause Young (Normal) (G1 Evacuation Pause)
[2024-12-15T13:13:01.697+0700][gc,task     ] GC(3) Using 2 workers of 2 for evacuation
[2024-12-15T13:13:01.722+0700][gc,mmu      ] GC(3) MMU target violated: 21.0ms (20.0ms/21.0ms)
[2024-12-15T13:13:01.722+0700][gc,phases   ] GC(3)   Pre Evacuate Collection Set: 0.4ms
[2024-12-15T13:13:01.722+0700][gc,phases   ] GC(3)   Merge Heap Roots: 0.1ms
[2024-12-15T13:13:01.722+0700][gc,phases   ] GC(3)   Evacuate Collection Set: 23.5ms
[2024-12-15T13:13:01.722+0700][gc,phases   ] GC(3)   Post Evacuate Collection Set: 1.2ms
[2024-12-15T13:13:01.722+0700][gc,phases   ] GC(3)   Other: 0.2ms
[2024-12-15T13:13:01.722+0700][gc,heap     ] GC(3) Eden regions: 49->0(45)
[2024-12-15T13:13:01.722+0700][gc,heap     ] GC(3) Survivor regions: 2->6(7)
[2024-12-15T13:13:01.722+0700][gc,heap     ] GC(3) Old regions: 8->8
[2024-12-15T13:13:01.722+0700][gc,heap     ] GC(3) Archive regions: 2->2
[2024-12-15T13:13:01.722+0700][gc,heap     ] GC(3) Humongous regions: 129->129
[2024-12-15T13:13:01.722+0700][gc,metaspace] GC(3) Metaspace: 30112K(30400K)->30112K(30400K) NonClass: 26713K(26880K)->26713K(26880K) Class: 3398K(3520K)->3398K(3520K)
[2024-12-15T13:13:01.722+0700][gc          ] GC(3) Pause Young (Normal) (G1 Evacuation Pause) 188M->142M(1024M) 25.444ms
[2024-12-15T13:13:01.722+0700][gc,cpu      ] GC(3) User=0.03s Sys=0.00s Real=0.02s
[2024-12-15T13:13:02.518+0700][gc,start    ] GC(4) Pause Young (Concurrent Start) (Metadata GC Threshold)
[2024-12-15T13:13:02.518+0700][gc,task     ] GC(4) Using 2 workers of 2 for evacuation
[2024-12-15T13:13:02.540+0700][gc,mmu      ] GC(4) MMU target violated: 21.0ms (20.0ms/21.0ms)
[2024-12-15T13:13:02.540+0700][gc,phases   ] GC(4)   Pre Evacuate Collection Set: 0.4ms
[2024-12-15T13:13:02.540+0700][gc,phases   ] GC(4)   Merge Heap Roots: 0.1ms
[2024-12-15T13:13:02.540+0700][gc,phases   ] GC(4)   Evacuate Collection Set: 20.2ms
[2024-12-15T13:13:02.540+0700][gc,phases   ] GC(4)   Post Evacuate Collection Set: 0.7ms
[2024-12-15T13:13:02.540+0700][gc,phases   ] GC(4)   Other: 0.4ms
[2024-12-15T13:13:02.540+0700][gc,heap     ] GC(4) Eden regions: 26->0(48)
[2024-12-15T13:13:02.540+0700][gc,heap     ] GC(4) Survivor regions: 6->3(7)
[2024-12-15T13:13:02.540+0700][gc,heap     ] GC(4) Old regions: 8->13
[2024-12-15T13:13:02.540+0700][gc,heap     ] GC(4) Archive regions: 2->2
[2024-12-15T13:13:02.540+0700][gc,heap     ] GC(4) Humongous regions: 129->129
[2024-12-15T13:13:02.540+0700][gc,metaspace] GC(4) Metaspace: 35862K(36096K)->35862K(36096K) NonClass: 31943K(32064K)->31943K(32064K) Class: 3919K(4032K)->3919K(4032K)
[2024-12-15T13:13:02.540+0700][gc          ] GC(4) Pause Young (Concurrent Start) (Metadata GC Threshold) 168M->145M(1024M) 21.885ms
[2024-12-15T13:13:02.540+0700][gc,cpu      ] GC(4) User=0.04s Sys=0.01s Real=0.02s
[2024-12-15T13:13:02.540+0700][gc          ] GC(5) Concurrent Mark Cycle
[2024-12-15T13:13:02.540+0700][gc,marking  ] GC(5) Concurrent Clear Claimed Marks
[2024-12-15T13:13:02.540+0700][gc,marking  ] GC(5) Concurrent Clear Claimed Marks 0.027ms
[2024-12-15T13:13:02.540+0700][gc,marking  ] GC(5) Concurrent Scan Root Regions
[2024-12-15T13:13:02.547+0700][gc,marking  ] GC(5) Concurrent Scan Root Regions 6.786ms
[2024-12-15T13:13:02.547+0700][gc,marking  ] GC(5) Concurrent Mark
[2024-12-15T13:13:02.547+0700][gc,marking  ] GC(5) Concurrent Mark From Roots
[2024-12-15T13:13:02.547+0700][gc,task     ] GC(5) Using 1 workers of 1 for marking
[2024-12-15T13:13:02.559+0700][gc,marking  ] GC(5) Concurrent Mark From Roots 11.860ms
[2024-12-15T13:13:02.559+0700][gc,marking  ] GC(5) Concurrent Preclean
[2024-12-15T13:13:02.559+0700][gc,marking  ] GC(5) Concurrent Preclean 0.065ms
[2024-12-15T13:13:02.559+0700][gc,start    ] GC(5) Pause Remark
[2024-12-15T13:13:02.563+0700][gc          ] GC(5) Pause Remark 146M->146M(1024M) 3.523ms
[2024-12-15T13:13:02.563+0700][gc,cpu      ] GC(5) User=0.01s Sys=0.00s Real=0.00s
[2024-12-15T13:13:02.563+0700][gc,marking  ] GC(5) Concurrent Mark 15.876ms
[2024-12-15T13:13:02.563+0700][gc,marking  ] GC(5) Concurrent Rebuild Remembered Sets
[2024-12-15T13:13:02.574+0700][gc,marking  ] GC(5) Concurrent Rebuild Remembered Sets 10.617ms
[2024-12-15T13:13:02.574+0700][gc,start    ] GC(5) Pause Cleanup
[2024-12-15T13:13:02.574+0700][gc          ] GC(5) Pause Cleanup 146M->146M(1024M) 0.203ms
[2024-12-15T13:13:02.574+0700][gc,cpu      ] GC(5) User=0.00s Sys=0.00s Real=0.00s
[2024-12-15T13:13:02.574+0700][gc,marking  ] GC(5) Concurrent Cleanup for Next Mark
[2024-12-15T13:13:02.605+0700][gc,marking  ] GC(5) Concurrent Cleanup for Next Mark 31.130ms
[2024-12-15T13:13:02.605+0700][gc          ] GC(5) Concurrent Mark Cycle 65.007ms
[2024-12-15T13:45:37.207+0700][gc,start    ] GC(6) Pause Young (Normal) (G1 Evacuation Pause)
[2024-12-15T13:45:37.207+0700][gc,task     ] GC(6) Using 2 workers of 2 for evacuation
[2024-12-15T13:45:37.240+0700][gc,mmu      ] GC(6) MMU target violated: 21.0ms (20.0ms/21.0ms)
[2024-12-15T13:45:37.240+0700][gc,phases   ] GC(6)   Pre Evacuate Collection Set: 2.8ms
[2024-12-15T13:45:37.240+0700][gc,phases   ] GC(6)   Merge Heap Roots: 0.4ms
[2024-12-15T13:45:37.240+0700][gc,phases   ] GC(6)   Evacuate Collection Set: 27.0ms
[2024-12-15T13:45:37.240+0700][gc,phases   ] GC(6)   Post Evacuate Collection Set: 2.5ms
[2024-12-15T13:45:37.240+0700][gc,phases   ] GC(6)   Other: 1.2ms
[2024-12-15T13:45:37.240+0700][gc,heap     ] GC(6) Eden regions: 48->0(47)
[2024-12-15T13:45:37.240+0700][gc,heap     ] GC(6) Survivor regions: 3->4(7)
[2024-12-15T13:45:37.240+0700][gc,heap     ] GC(6) Old regions: 13->13
[2024-12-15T13:45:37.240+0700][gc,heap     ] GC(6) Archive regions: 2->2
[2024-12-15T13:45:37.241+0700][gc,heap     ] GC(6) Humongous regions: 129->129
[2024-12-15T13:45:37.241+0700][gc,metaspace] GC(6) Metaspace: 38644K(38976K)->38644K(38976K) NonClass: 34349K(34560K)->34349K(34560K) Class: 4294K(4416K)->4294K(4416K)
[2024-12-15T13:45:37.241+0700][gc          ] GC(6) Pause Young (Normal) (G1 Evacuation Pause) 193M->146M(1024M) 33.931ms
[2024-12-15T13:45:37.241+0700][gc,cpu      ] GC(6) User=0.06s Sys=0.00s Real=0.03s
[2024-12-15T14:29:30.724+0700][gc,start    ] GC(7) Pause Young (Normal) (G1 Evacuation Pause)
[2024-12-15T14:29:30.725+0700][gc,task     ] GC(7) Using 2 workers of 2 for evacuation
[2024-12-15T14:29:30.755+0700][gc,mmu      ] GC(7) MMU target violated: 21.0ms (20.0ms/21.0ms)
[2024-12-15T14:29:30.755+0700][gc,phases   ] GC(7)   Pre Evacuate Collection Set: 2.8ms
[2024-12-15T14:29:30.755+0700][gc,phases   ] GC(7)   Merge Heap Roots: 0.5ms
[2024-12-15T14:29:30.755+0700][gc,phases   ] GC(7)   Evacuate Collection Set: 23.0ms
[2024-12-15T14:29:30.755+0700][gc,phases   ] GC(7)   Post Evacuate Collection Set: 3.3ms
[2024-12-15T14:29:30.755+0700][gc,phases   ] GC(7)   Other: 2.1ms
[2024-12-15T14:29:30.755+0700][gc,heap     ] GC(7) Eden regions: 47->0(47)
[2024-12-15T14:29:30.755+0700][gc,heap     ] GC(7) Survivor regions: 4->4(7)
[2024-12-15T14:29:30.755+0700][gc,heap     ] GC(7) Old regions: 13->13
[2024-12-15T14:29:30.755+0700][gc,heap     ] GC(7) Archive regions: 2->2
[2024-12-15T14:29:30.755+0700][gc,heap     ] GC(7) Humongous regions: 129->129
[2024-12-15T14:29:30.755+0700][gc,metaspace] GC(7) Metaspace: 38884K(39168K)->38884K(39168K) NonClass: 34586K(34752K)->34586K(34752K) Class: 4298K(4416K)->4298K(4416K)
[2024-12-15T14:29:30.755+0700][gc          ] GC(7) Pause Young (Normal) (G1 Evacuation Pause) 193M->145M(1024M) 31.648ms
[2024-12-15T14:29:30.755+0700][gc,cpu      ] GC(7) User=0.05s Sys=0.01s Real=0.04s
[2024-12-15T15:13:39.022+0700][gc,start    ] GC(8) Pause Young (Normal) (G1 Evacuation Pause)
[2024-12-15T15:13:39.022+0700][gc,task     ] GC(8) Using 2 workers of 2 for evacuation
[2024-12-15T15:13:39.051+0700][gc,mmu      ] GC(8) MMU target violated: 21.0ms (20.0ms/21.0ms)
[2024-12-15T15:13:39.052+0700][gc,phases   ] GC(8)   Pre Evacuate Collection Set: 2.8ms
[2024-12-15T15:13:39.052+0700][gc,phases   ] GC(8)   Merge Heap Roots: 0.6ms
[2024-12-15T15:13:39.052+0700][gc,phases   ] GC(8)   Evacuate Collection Set: 22.8ms
[2024-12-15T15:13:39.052+0700][gc,phases   ] GC(8)   Post Evacuate Collection Set: 2.9ms
[2024-12-15T15:13:39.052+0700][gc,phases   ] GC(8)   Other: 1.2ms
[2024-12-15T15:13:39.052+0700][gc,heap     ] GC(8) Eden regions: 47->0(47)
[2024-12-15T15:13:39.052+0700][gc,heap     ] GC(8) Survivor regions: 4->4(7)
[2024-12-15T15:13:39.052+0700][gc,heap     ] GC(8) Old regions: 13->13
[2024-12-15T15:13:39.052+0700][gc,heap     ] GC(8) Archive regions: 2->2
[2024-12-15T15:13:39.052+0700][gc,heap     ] GC(8) Humongous regions: 129->129
[2024-12-15T15:13:39.052+0700][gc,metaspace] GC(8) Metaspace: 38979K(39296K)->38979K(39296K) NonClass: 34681K(34880K)->34681K(34880K) Class: 4298K(4416K)->4298K(4416K)
[2024-12-15T15:13:39.052+0700][gc          ] GC(8) Pause Young (Normal) (G1 Evacuation Pause) 192M->146M(1024M) 30.306ms
[2024-12-15T15:13:39.052+0700][gc,cpu      ] GC(8) User=0.06s Sys=0.00s Real=0.03s
[2024-12-15T15:58:04.175+0700][gc,start    ] GC(9) Pause Young (Normal) (G1 Evacuation Pause)
[2024-12-15T15:58:04.176+0700][gc,task     ] GC(9) Using 2 workers of 2 for evacuation
[2024-12-15T15:58:04.204+0700][gc,mmu      ] GC(9) MMU target violated: 21.0ms (20.0ms/21.0ms)
[2024-12-15T15:58:04.204+0700][gc,phases   ] GC(9)   Pre Evacuate Collection Set: 2.4ms
[2024-12-15T15:58:04.204+0700][gc,phases   ] GC(9)   Merge Heap Roots: 0.4ms
[2024-12-15T15:58:04.204+0700][gc,phases   ] GC(9)   Evacuate Collection Set: 22.8ms
[2024-12-15T15:58:04.204+0700][gc,phases   ] GC(9)   Post Evacuate Collection Set: 2.7ms
[2024-12-15T15:58:04.204+0700][gc,phases   ] GC(9)   Other: 1.0ms
[2024-12-15T15:58:04.204+0700][gc,heap     ] GC(9) Eden regions: 47->0(47)
[2024-12-15T15:58:04.204+0700][gc,heap     ] GC(9) Survivor regions: 4->4(7)
[2024-12-15T15:58:04.204+0700][gc,heap     ] GC(9) Old regions: 13->13
[2024-12-15T15:58:04.204+0700][gc,heap     ] GC(9) Archive regions: 2->2
[2024-12-15T15:58:04.204+0700][gc,heap     ] GC(9) Humongous regions: 129->129
[2024-12-15T15:58:04.205+0700][gc,metaspace] GC(9) Metaspace: 39035K(39296K)->39035K(39296K) NonClass: 34735K(34880K)->34735K(34880K) Class: 4299K(4416K)->4299K(4416K)
[2024-12-15T15:58:04.205+0700][gc          ] GC(9) Pause Young (Normal) (G1 Evacuation Pause) 193M->146M(1024M) 29.435ms
[2024-12-15T15:58:04.205+0700][gc,cpu      ] GC(9) User=0.06s Sys=0.00s Real=0.03s
[2024-12-15T16:41:21.300+0700][gc,start    ] GC(10) Pause Young (Normal) (G1 Evacuation Pause)
[2024-12-15T16:41:21.300+0700][gc,task     ] GC(10) Using 2 workers of 2 for evacuation
[2024-12-15T16:41:21.340+0700][gc,mmu      ] GC(10) MMU target violated: 21.0ms (20.0ms/21.0ms)
[2024-12-15T16:41:21.340+0700][gc,phases   ] GC(10)   Pre Evacuate Collection Set: 3.4ms
[2024-12-15T16:41:21.340+0700][gc,phases   ] GC(10)   Merge Heap Roots: 0.6ms
[2024-12-15T16:41:21.340+0700][gc,phases   ] GC(10)   Evacuate Collection Set: 29.2ms
[2024-12-15T16:41:21.340+0700][gc,phases   ] GC(10)   Post Evacuate Collection Set: 6.0ms
[2024-12-15T16:41:21.340+0700][gc,phases   ] GC(10)   Other: 1.4ms
[2024-12-15T16:41:21.340+0700][gc,heap     ] GC(10) Eden regions: 47->0(47)
[2024-12-15T16:41:21.340+0700][gc,heap     ] GC(10) Survivor regions: 4->4(7)
[2024-12-15T16:41:21.340+0700][gc,heap     ] GC(10) Old regions: 13->13
[2024-12-15T16:41:21.340+0700][gc,heap     ] GC(10) Archive regions: 2->2
[2024-12-15T16:41:21.340+0700][gc,heap     ] GC(10) Humongous regions: 129->129
[2024-12-15T16:41:21.340+0700][gc,metaspace] GC(10) Metaspace: 39143K(39424K)->39143K(39424K) NonClass: 34836K(35008K)->34836K(35008K) Class: 4307K(4416K)->4307K(4416K)
[2024-12-15T16:41:21.340+0700][gc          ] GC(10) Pause Young (Normal) (G1 Evacuation Pause) 193M->146M(1024M) 40.683ms
[2024-12-15T16:41:21.341+0700][gc,cpu      ] GC(10) User=0.06s Sys=0.00s Real=0.04s
[2024-12-15T17:22:20.072+0700][gc,start    ] GC(11) Pause Young (Normal) (G1 Evacuation Pause)
[2024-12-15T17:22:20.072+0700][gc,task     ] GC(11) Using 2 workers of 2 for evacuation
[2024-12-15T17:22:20.109+0700][gc,mmu      ] GC(11) MMU target violated: 21.0ms (20.0ms/21.0ms)
[2024-12-15T17:22:20.110+0700][gc,phases   ] GC(11)   Pre Evacuate Collection Set: 3.9ms
[2024-12-15T17:22:20.110+0700][gc,phases   ] GC(11)   Merge Heap Roots: 0.5ms
[2024-12-15T17:22:20.110+0700][gc,phases   ] GC(11)   Evacuate Collection Set: 27.8ms
[2024-12-15T17:22:20.110+0700][gc,phases   ] GC(11)   Post Evacuate Collection Set: 4.3ms
[2024-12-15T17:22:20.110+0700][gc,phases   ] GC(11)   Other: 1.4ms
[2024-12-15T17:22:20.110+0700][gc,heap     ] GC(11) Eden regions: 47->0(47)
[2024-12-15T17:22:20.110+0700][gc,heap     ] GC(11) Survivor regions: 4->4(7)
[2024-12-15T17:22:20.110+0700][gc,heap     ] GC(11) Old regions: 13->13
[2024-12-15T17:22:20.110+0700][gc,heap     ] GC(11) Archive regions: 2->2
[2024-12-15T17:22:20.110+0700][gc,heap     ] GC(11) Humongous regions: 129->129
[2024-12-15T17:22:20.110+0700][gc,metaspace] GC(11) Metaspace: 39585K(39936K)->39585K(39936K) NonClass: 35247K(35456K)->35247K(35456K) Class: 4338K(4480K)->4338K(4480K)
[2024-12-15T17:22:20.110+0700][gc          ] GC(11) Pause Young (Normal) (G1 Evacuation Pause) 193M->146M(1024M) 37.845ms
[2024-12-15T17:22:20.110+0700][gc,cpu      ] GC(11) User=0.06s Sys=0.00s Real=0.04s
[2024-12-15T18:01:46.576+0700][gc,start    ] GC(12) Pause Young (Normal) (G1 Evacuation Pause)
[2024-12-15T18:01:46.577+0700][gc,task     ] GC(12) Using 2 workers of 2 for evacuation
[2024-12-15T18:01:46.619+0700][gc,mmu      ] GC(12) MMU target violated: 21.0ms (20.0ms/21.0ms)
[2024-12-15T18:01:46.619+0700][gc,phases   ] GC(12)   Pre Evacuate Collection Set: 4.4ms
[2024-12-15T18:01:46.619+0700][gc,phases   ] GC(12)   Merge Heap Roots: 0.6ms
[2024-12-15T18:01:46.619+0700][gc,phases   ] GC(12)   Evacuate Collection Set: 34.3ms
[2024-12-15T18:01:46.619+0700][gc,phases   ] GC(12)   Post Evacuate Collection Set: 2.2ms
[2024-12-15T18:01:46.619+0700][gc,phases   ] GC(12)   Other: 1.0ms
[2024-12-15T18:01:46.619+0700][gc,heap     ] GC(12) Eden regions: 47->0(47)
[2024-12-15T18:01:46.619+0700][gc,heap     ] GC(12) Survivor regions: 4->4(7)
[2024-12-15T18:01:46.619+0700][gc,heap     ] GC(12) Old regions: 13->13
[2024-12-15T18:01:46.624+0700][gc,heap     ] GC(12) Archive regions: 2->2
[2024-12-15T18:01:46.624+0700][gc,heap     ] GC(12) Humongous regions: 129->129
[2024-12-15T18:01:46.624+0700][gc,metaspace] GC(12) Metaspace: 39846K(40128K)->39846K(40128K) NonClass: 35507K(35648K)->35507K(35648K) Class: 4338K(4480K)->4338K(4480K)
[2024-12-15T18:01:46.624+0700][gc          ] GC(12) Pause Young (Normal) (G1 Evacuation Pause) 193M->146M(1024M) 47.958ms
[2024-12-15T18:01:46.624+0700][gc,cpu      ] GC(12) User=0.05s Sys=0.00s Real=0.05s
[2024-12-15T18:43:38.569+0700][gc,start    ] GC(13) Pause Young (Normal) (G1 Evacuation Pause)
[2024-12-15T18:43:38.569+0700][gc,task     ] GC(13) Using 2 workers of 2 for evacuation
[2024-12-15T18:43:38.601+0700][gc,mmu      ] GC(13) MMU target violated: 21.0ms (20.0ms/21.0ms)
[2024-12-15T18:43:38.601+0700][gc,phases   ] GC(13)   Pre Evacuate Collection Set: 3.9ms
[2024-12-15T18:43:38.601+0700][gc,phases   ] GC(13)   Merge Heap Roots: 0.4ms
[2024-12-15T18:43:38.601+0700][gc,phases   ] GC(13)   Evacuate Collection Set: 24.1ms
[2024-12-15T18:43:38.601+0700][gc,phases   ] GC(13)   Post Evacuate Collection Set: 2.7ms
[2024-12-15T18:43:38.601+0700][gc,phases   ] GC(13)   Other: 0.9ms
[2024-12-15T18:43:38.601+0700][gc,heap     ] GC(13) Eden regions: 47->0(47)
[2024-12-15T18:43:38.601+0700][gc,heap     ] GC(13) Survivor regions: 4->4(7)
[2024-12-15T18:43:38.601+0700][gc,heap     ] GC(13) Old regions: 13->13
[2024-12-15T18:43:38.601+0700][gc,heap     ] GC(13) Archive regions: 2->2
[2024-12-15T18:43:38.601+0700][gc,heap     ] GC(13) Humongous regions: 129->129
[2024-12-15T18:43:38.601+0700][gc,metaspace] GC(13) Metaspace: 39906K(40256K)->39906K(40256K) NonClass: 35563K(35776K)->35563K(35776K) Class: 4342K(4480K)->4342K(4480K)
[2024-12-15T18:43:38.601+0700][gc          ] GC(13) Pause Young (Normal) (G1 Evacuation Pause) 193M->146M(1024M) 32.074ms
[2024-12-15T18:43:38.601+0700][gc,cpu      ] GC(13) User=0.06s Sys=0.00s Real=0.03s
[2024-12-15T19:26:30.720+0700][gc,start    ] GC(14) Pause Young (Normal) (G1 Evacuation Pause)
[2024-12-15T19:26:30.720+0700][gc,task     ] GC(14) Using 2 workers of 2 for evacuation
[2024-12-15T19:26:30.754+0700][gc,mmu      ] GC(14) MMU target violated: 21.0ms (20.0ms/21.0ms)
[2024-12-15T19:26:30.754+0700][gc,phases   ] GC(14)   Pre Evacuate Collection Set: 2.4ms
[2024-12-15T19:26:30.754+0700][gc,phases   ] GC(14)   Merge Heap Roots: 0.4ms
[2024-12-15T19:26:30.754+0700][gc,phases   ] GC(14)   Evacuate Collection Set: 27.9ms
[2024-12-15T19:26:30.754+0700][gc,phases   ] GC(14)   Post Evacuate Collection Set: 2.8ms
[2024-12-15T19:26:30.754+0700][gc,phases   ] GC(14)   Other: 1.1ms
[2024-12-15T19:26:30.754+0700][gc,heap     ] GC(14) Eden regions: 47->0(49)
[2024-12-15T19:26:30.754+0700][gc,heap     ] GC(14) Survivor regions: 4->2(7)
[2024-12-15T19:26:30.754+0700][gc,heap     ] GC(14) Old regions: 13->16
[2024-12-15T19:26:30.754+0700][gc,heap     ] GC(14) Archive regions: 2->2
[2024-12-15T19:26:30.754+0700][gc,heap     ] GC(14) Humongous regions: 129->129
[2024-12-15T19:26:30.754+0700][gc,metaspace] GC(14) Metaspace: 39920K(40256K)->39920K(40256K) NonClass: 35577K(35776K)->35577K(35776K) Class: 4342K(4480K)->4342K(4480K)
[2024-12-15T19:26:30.755+0700][gc          ] GC(14) Pause Young (Normal) (G1 Evacuation Pause) 193M->146M(1024M) 34.594ms
[2024-12-15T19:26:30.755+0700][gc,cpu      ] GC(14) User=0.05s Sys=0.00s Real=0.04s
[2024-12-15T20:11:37.207+0700][gc,start    ] GC(15) Pause Young (Normal) (G1 Evacuation Pause)
[2024-12-15T20:11:37.207+0700][gc,task     ] GC(15) Using 2 workers of 2 for evacuation
[2024-12-15T20:11:37.229+0700][gc,mmu      ] GC(15) MMU target violated: 21.0ms (20.0ms/21.0ms)
[2024-12-15T20:11:37.229+0700][gc,phases   ] GC(15)   Pre Evacuate Collection Set: 2.7ms
[2024-12-15T20:11:37.229+0700][gc,phases   ] GC(15)   Merge Heap Roots: 0.4ms
[2024-12-15T20:11:37.229+0700][gc,phases   ] GC(15)   Evacuate Collection Set: 16.2ms
[2024-12-15T20:11:37.229+0700][gc,phases   ] GC(15)   Post Evacuate Collection Set: 2.8ms
[2024-12-15T20:11:37.230+0700][gc,phases   ] GC(15)   Other: 1.2ms
[2024-12-15T20:11:37.230+0700][gc,heap     ] GC(15) Eden regions: 49->0(49)
[2024-12-15T20:11:37.230+0700][gc,heap     ] GC(15) Survivor regions: 2->2(7)
[2024-12-15T20:11:37.230+0700][gc,heap     ] GC(15) Old regions: 16->16
[2024-12-15T20:11:37.230+0700][gc,heap     ] GC(15) Archive regions: 2->2
[2024-12-15T20:11:37.230+0700][gc,heap     ] GC(15) Humongous regions: 129->129
[2024-12-15T20:11:37.230+0700][gc,metaspace] GC(15) Metaspace: 39946K(40256K)->39946K(40256K) NonClass: 35604K(35776K)->35604K(35776K) Class: 4342K(4480K)->4342K(4480K)
[2024-12-15T20:11:37.230+0700][gc          ] GC(15) Pause Young (Normal) (G1 Evacuation Pause) 195M->146M(1024M) 23.330ms
[2024-12-15T20:11:37.230+0700][gc,cpu      ] GC(15) User=0.04s Sys=0.00s Real=0.02s
[2024-12-15T20:56:06.689+0700][gc,start    ] GC(16) Pause Young (Normal) (G1 Evacuation Pause)
[2024-12-15T20:56:06.690+0700][gc,task     ] GC(16) Using 2 workers of 2 for evacuation
[2024-12-15T20:56:06.713+0700][gc,mmu      ] GC(16) MMU target violated: 21.0ms (20.0ms/21.0ms)
[2024-12-15T20:56:06.713+0700][gc,phases   ] GC(16)   Pre Evacuate Collection Set: 3.7ms
[2024-12-15T20:56:06.713+0700][gc,phases   ] GC(16)   Merge Heap Roots: 0.4ms
[2024-12-15T20:56:06.713+0700][gc,phases   ] GC(16)   Evacuate Collection Set: 16.4ms
[2024-12-15T20:56:06.713+0700][gc,phases   ] GC(16)   Post Evacuate Collection Set: 2.5ms
[2024-12-15T20:56:06.713+0700][gc,phases   ] GC(16)   Other: 1.1ms
[2024-12-15T20:56:06.713+0700][gc,heap     ] GC(16) Eden regions: 49->0(49)
[2024-12-15T20:56:06.714+0700][gc,heap     ] GC(16) Survivor regions: 2->2(7)
[2024-12-15T20:56:06.714+0700][gc,heap     ] GC(16) Old regions: 16->16
[2024-12-15T20:56:06.714+0700][gc,heap     ] GC(16) Archive regions: 2->2
[2024-12-15T20:56:06.714+0700][gc,heap     ] GC(16) Humongous regions: 129->129
[2024-12-15T20:56:06.714+0700][gc,metaspace] GC(16) Metaspace: 39960K(40320K)->39960K(40320K) NonClass: 35617K(35840K)->35617K(35840K) Class: 4342K(4480K)->4342K(4480K)
[2024-12-15T20:56:06.714+0700][gc          ] GC(16) Pause Young (Normal) (G1 Evacuation Pause) 195M->146M(1024M) 24.296ms
[2024-12-15T20:56:06.714+0700][gc,cpu      ] GC(16) User=0.04s Sys=0.00s Real=0.03s
[2024-12-15T21:40:52.277+0700][gc,start    ] GC(17) Pause Young (Normal) (G1 Evacuation Pause)
[2024-12-15T21:40:52.277+0700][gc,task     ] GC(17) Using 2 workers of 2 for evacuation
[2024-12-15T21:40:52.302+0700][gc,mmu      ] GC(17) MMU target violated: 21.0ms (20.0ms/21.0ms)
[2024-12-15T21:40:52.303+0700][gc,phases   ] GC(17)   Pre Evacuate Collection Set: 4.0ms
[2024-12-15T21:40:52.303+0700][gc,phases   ] GC(17)   Merge Heap Roots: 0.6ms
[2024-12-15T21:40:52.303+0700][gc,phases   ] GC(17)   Evacuate Collection Set: 18.0ms
[2024-12-15T21:40:52.303+0700][gc,phases   ] GC(17)   Post Evacuate Collection Set: 2.6ms
[2024-12-15T21:40:52.303+0700][gc,phases   ] GC(17)   Other: 1.2ms
[2024-12-15T21:40:52.303+0700][gc,heap     ] GC(17) Eden regions: 49->0(62)
[2024-12-15T21:40:52.303+0700][gc,heap     ] GC(17) Survivor regions: 2->2(7)
[2024-12-15T21:40:52.303+0700][gc,heap     ] GC(17) Old regions: 16->16
[2024-12-15T21:40:52.303+0700][gc,heap     ] GC(17) Archive regions: 2->2
[2024-12-15T21:40:52.303+0700][gc,heap     ] GC(17) Humongous regions: 129->129
[2024-12-15T21:40:52.303+0700][gc,metaspace] GC(17) Metaspace: 39971K(40320K)->39971K(40320K) NonClass: 35628K(35840K)->35628K(35840K) Class: 4342K(4480K)->4342K(4480K)
[2024-12-15T21:40:52.303+0700][gc          ] GC(17) Pause Young (Normal) (G1 Evacuation Pause) 195M->146M(1024M) 26.428ms
[2024-12-15T21:40:52.303+0700][gc,cpu      ] GC(17) User=0.05s Sys=0.00s Real=0.02s
[2024-12-15T22:31:30.074+0700][gc,start    ] GC(18) Pause Young (Normal) (G1 Evacuation Pause)
[2024-12-15T22:31:30.074+0700][gc,task     ] GC(18) Using 2 workers of 2 for evacuation
[2024-12-15T22:31:30.087+0700][gc,phases   ] GC(18)   Pre Evacuate Collection Set: 1.3ms
[2024-12-15T22:31:30.087+0700][gc,phases   ] GC(18)   Merge Heap Roots: 0.2ms
[2024-12-15T22:31:30.087+0700][gc,phases   ] GC(18)   Evacuate Collection Set: 10.6ms
[2024-12-15T22:31:30.088+0700][gc,phases   ] GC(18)   Post Evacuate Collection Set: 1.5ms
[2024-12-15T22:31:30.088+0700][gc,phases   ] GC(18)   Other: 0.4ms
[2024-12-15T22:31:30.088+0700][gc,heap     ] GC(18) Eden regions: 62->0(155)
[2024-12-15T22:31:30.088+0700][gc,heap     ] GC(18) Survivor regions: 2->2(8)
[2024-12-15T22:31:30.088+0700][gc,heap     ] GC(18) Old regions: 16->16
[2024-12-15T22:31:30.088+0700][gc,heap     ] GC(18) Archive regions: 2->2
[2024-12-15T22:31:30.088+0700][gc,heap     ] GC(18) Humongous regions: 129->129
[2024-12-15T22:31:30.088+0700][gc,metaspace] GC(18) Metaspace: 40082K(40384K)->40082K(40384K) NonClass: 35739K(35904K)->35739K(35904K) Class: 4343K(4480K)->4343K(4480K)
[2024-12-15T22:31:30.088+0700][gc          ] GC(18) Pause Young (Normal) (G1 Evacuation Pause) 208M->146M(1024M) 13.957ms
[2024-12-15T22:31:30.088+0700][gc,cpu      ] GC(18) User=0.02s Sys=0.00s Real=0.01s
[2024-12-16T00:37:52.944+0700][gc,start    ] GC(19) Pause Young (Normal) (G1 Evacuation Pause)
[2024-12-16T00:37:52.944+0700][gc,task     ] GC(19) Using 2 workers of 2 for evacuation
[2024-12-16T00:37:52.975+0700][gc,mmu      ] GC(19) MMU target violated: 21.0ms (20.0ms/21.0ms)
[2024-12-16T00:37:52.976+0700][gc,phases   ] GC(19)   Pre Evacuate Collection Set: 2.7ms
[2024-12-16T00:37:52.976+0700][gc,phases   ] GC(19)   Merge Heap Roots: 0.6ms
[2024-12-16T00:37:52.976+0700][gc,phases   ] GC(19)   Evacuate Collection Set: 23.0ms
[2024-12-16T00:37:52.976+0700][gc,phases   ] GC(19)   Post Evacuate Collection Set: 4.6ms
[2024-12-16T00:37:52.976+0700][gc,phases   ] GC(19)   Other: 1.3ms
[2024-12-16T00:37:52.976+0700][gc,heap     ] GC(19) Eden regions: 155->0(52)
[2024-12-16T00:37:52.976+0700][gc,heap     ] GC(19) Survivor regions: 2->2(20)
[2024-12-16T00:37:52.976+0700][gc,heap     ] GC(19) Old regions: 16->16
[2024-12-16T00:37:52.976+0700][gc,heap     ] GC(19) Archive regions: 2->2
[2024-12-16T00:37:52.976+0700][gc,heap     ] GC(19) Humongous regions: 129->129
[2024-12-16T00:37:52.976+0700][gc,metaspace] GC(19) Metaspace: 40420K(40704K)->40420K(40704K) NonClass: 36034K(36224K)->36034K(36224K) Class: 4385K(4480K)->4385K(4480K)
[2024-12-16T00:37:52.976+0700][gc          ] GC(19) Pause Young (Normal) (G1 Evacuation Pause) 301M->147M(1024M) 32.247ms
[2024-12-16T00:37:52.976+0700][gc,cpu      ] GC(19) User=0.06s Sys=0.00s Real=0.04s
[2024-12-16T01:19:30.720+0700][gc,start    ] GC(20) Pause Young (Normal) (G1 Evacuation Pause)
[2024-12-16T01:19:30.720+0700][gc,task     ] GC(20) Using 2 workers of 2 for evacuation
[2024-12-16T01:19:30.747+0700][gc,mmu      ] GC(20) MMU target violated: 21.0ms (20.0ms/21.0ms)
[2024-12-16T01:19:30.747+0700][gc,phases   ] GC(20)   Pre Evacuate Collection Set: 2.5ms
[2024-12-16T01:19:30.747+0700][gc,phases   ] GC(20)   Merge Heap Roots: 0.7ms
[2024-12-16T01:19:30.747+0700][gc,phases   ] GC(20)   Evacuate Collection Set: 20.5ms
[2024-12-16T01:19:30.747+0700][gc,phases   ] GC(20)   Post Evacuate Collection Set: 2.9ms
[2024-12-16T01:19:30.747+0700][gc,phases   ] GC(20)   Other: 1.1ms
[2024-12-16T01:19:30.747+0700][gc,heap     ] GC(20) Eden regions: 52->0(52)
[2024-12-16T01:19:30.748+0700][gc,heap     ] GC(20) Survivor regions: 2->2(7)
[2024-12-16T01:19:30.748+0700][gc,heap     ] GC(20) Old regions: 16->16
[2024-12-16T01:19:30.748+0700][gc,heap     ] GC(20) Archive regions: 2->2
[2024-12-16T01:19:30.748+0700][gc,heap     ] GC(20) Humongous regions: 129->129
[2024-12-16T01:19:30.748+0700][gc,metaspace] GC(20) Metaspace: 40424K(40704K)->40424K(40704K) NonClass: 36039K(36224K)->36039K(36224K) Class: 4385K(4480K)->4385K(4480K)
[2024-12-16T01:19:30.748+0700][gc          ] GC(20) Pause Young (Normal) (G1 Evacuation Pause) 199M->147M(1024M) 27.708ms
[2024-12-16T01:19:30.748+0700][gc,cpu      ] GC(20) User=0.06s Sys=0.00s Real=0.03s
[2024-12-16T02:01:21.504+0700][gc,start    ] GC(21) Pause Young (Normal) (G1 Evacuation Pause)
[2024-12-16T02:01:21.505+0700][gc,task     ] GC(21) Using 2 workers of 2 for evacuation
[2024-12-16T02:01:21.542+0700][gc,mmu      ] GC(21) MMU target violated: 21.0ms (20.0ms/21.0ms)
[2024-12-16T02:01:21.542+0700][gc,phases   ] GC(21)   Pre Evacuate Collection Set: 4.7ms
[2024-12-16T02:01:21.542+0700][gc,phases   ] GC(21)   Merge Heap Roots: 1.1ms
[2024-12-16T02:01:21.542+0700][gc,phases   ] GC(21)   Evacuate Collection Set: 29.0ms
[2024-12-16T02:01:21.542+0700][gc,phases   ] GC(21)   Post Evacuate Collection Set: 2.4ms
[2024-12-16T02:01:21.542+0700][gc,phases   ] GC(21)   Other: 1.1ms
[2024-12-16T02:01:21.543+0700][gc,heap     ] GC(21) Eden regions: 52->0(49)
[2024-12-16T02:01:21.543+0700][gc,heap     ] GC(21) Survivor regions: 2->2(7)
[2024-12-16T02:01:21.543+0700][gc,heap     ] GC(21) Old regions: 16->16
[2024-12-16T02:01:21.543+0700][gc,heap     ] GC(21) Archive regions: 2->2
[2024-12-16T02:01:21.543+0700][gc,heap     ] GC(21) Humongous regions: 129->129
[2024-12-16T02:01:21.543+0700][gc,metaspace] GC(21) Metaspace: 40426K(40704K)->40426K(40704K) NonClass: 36040K(36224K)->36040K(36224K) Class: 4385K(4480K)->4385K(4480K)
[2024-12-16T02:01:21.543+0700][gc          ] GC(21) Pause Young (Normal) (G1 Evacuation Pause) 199M->147M(1024M) 38.344ms
[2024-12-16T02:01:21.543+0700][gc,cpu      ] GC(21) User=0.05s Sys=0.00s Real=0.03s
[2024-12-16T02:41:24.776+0700][gc,start    ] GC(22) Pause Young (Normal) (G1 Evacuation Pause)
[2024-12-16T02:41:24.776+0700][gc,task     ] GC(22) Using 2 workers of 2 for evacuation
[2024-12-16T02:41:24.797+0700][gc,mmu      ] GC(22) MMU target violated: 20.7ms (20.0ms/21.0ms)
[2024-12-16T02:41:24.798+0700][gc,phases   ] GC(22)   Pre Evacuate Collection Set: 2.5ms
[2024-12-16T02:41:24.798+0700][gc,phases   ] GC(22)   Merge Heap Roots: 0.3ms
[2024-12-16T02:41:24.798+0700][gc,phases   ] GC(22)   Evacuate Collection Set: 15.5ms
[2024-12-16T02:41:24.798+0700][gc,phases   ] GC(22)   Post Evacuate Collection Set: 2.6ms
[2024-12-16T02:41:24.798+0700][gc,phases   ] GC(22)   Other: 1.2ms
[2024-12-16T02:41:24.798+0700][gc,heap     ] GC(22) Eden regions: 49->0(49)
[2024-12-16T02:41:24.798+0700][gc,heap     ] GC(22) Survivor regions: 2->2(7)
[2024-12-16T02:41:24.798+0700][gc,heap     ] GC(22) Old regions: 16->16
[2024-12-16T02:41:24.798+0700][gc,heap     ] GC(22) Archive regions: 2->2
[2024-12-16T02:41:24.798+0700][gc,heap     ] GC(22) Humongous regions: 129->129
[2024-12-16T02:41:24.798+0700][gc,metaspace] GC(22) Metaspace: 40427K(40768K)->40427K(40768K) NonClass: 36041K(36288K)->36041K(36288K) Class: 4385K(4480K)->4385K(4480K)
[2024-12-16T02:41:24.798+0700][gc          ] GC(22) Pause Young (Normal) (G1 Evacuation Pause) 196M->147M(1024M) 21.911ms
[2024-12-16T02:41:24.798+0700][gc,cpu      ] GC(22) User=0.04s Sys=0.00s Real=0.02s
[2024-12-16T02:55:00.135+0700][gc,heap,exit] Heap
[2024-12-16T02:55:00.135+0700][gc,heap,exit]  garbage-first heap   total 1048576K, used 198567K [0x00000000c0000000, 0x0000000100000000)
[2024-12-16T02:55:00.135+0700][gc,heap,exit]   region size 1024K, 49 young (50176K), 2 survivors (2048K)
[2024-12-16T02:55:00.135+0700][gc,heap,exit]  Metaspace       used 43021K, committed 43456K, reserved 1114112K
[2024-12-16T02:55:00.135+0700][gc,heap,exit]   class space    used 4845K, committed 5056K, reserved 1048576K
