[2024-12-17T00:11:08.793+0700][gc] Using G1
[2024-12-17T00:11:08.811+0700][gc,init] Version: 17.0.13+11-Ubuntu-2ubuntu122.04 (release)
[2024-12-17T00:11:08.811+0700][gc,init] CPUs: 2 total, 2 available
[2024-12-17T00:11:08.811+0700][gc,init] Memory: 3911M
[2024-12-17T00:11:08.811+0700][gc,init] Large Page Support: Disabled
[2024-12-17T00:11:08.812+0700][gc,init] NUMA Support: Disabled
[2024-12-17T00:11:08.812+0700][gc,init] Compressed Oops: Enabled (32-bit)
[2024-12-17T00:11:08.812+0700][gc,init] Heap Region Size: 1M
[2024-12-17T00:11:08.812+0700][gc,init] Heap Min Capacity: 1G
[2024-12-17T00:11:08.812+0700][gc,init] Heap Initial Capacity: 1G
[2024-12-17T00:11:08.812+0700][gc,init] Heap Max Capacity: 1G
[2024-12-17T00:11:08.812+0700][gc,init] Pre-touch: Disabled
[2024-12-17T00:11:08.812+0700][gc,init] Parallel Workers: 2
[2024-12-17T00:11:08.812+0700][gc,init] Concurrent Workers: 1
[2024-12-17T00:11:08.812+0700][gc,init] Concurrent Refinement Workers: 2
[2024-12-17T00:11:08.812+0700][gc,init] Periodic GC: Disabled
[2024-12-17T00:11:08.834+0700][gc,metaspace] CDS archive(s) mapped at: [0x00007fc9b3000000-0x00007fc9b3bc9000-0x00007fc9b3bc9000), size 12357632, SharedBaseAddress: 0x00007fc9b3000000, ArchiveRelocationMode: 1.
[2024-12-17T00:11:08.834+0700][gc,metaspace] Compressed class space mapped at: 0x00007fc9b4000000-0x00007fc9f4000000, reserved size: 1073741824
[2024-12-17T00:11:08.834+0700][gc,metaspace] Narrow klass base: 0x00007fc9b3000000, Narrow klass shift: 0, Narrow klass range: 0x100000000
[2024-12-17T00:11:10.843+0700][gc,start    ] GC(0) Pause Young (Normal) (G1 Evacuation Pause)
[2024-12-17T00:11:10.843+0700][gc,task     ] GC(0) Using 2 workers of 2 for evacuation
[2024-12-17T00:11:10.862+0700][gc,phases   ] GC(0)   Pre Evacuate Collection Set: 0.3ms
[2024-12-17T00:11:10.862+0700][gc,phases   ] GC(0)   Merge Heap Roots: 0.1ms
[2024-12-17T00:11:10.862+0700][gc,phases   ] GC(0)   Evacuate Collection Set: 16.9ms
[2024-12-17T00:11:10.862+0700][gc,phases   ] GC(0)   Post Evacuate Collection Set: 0.8ms
[2024-12-17T00:11:10.862+0700][gc,phases   ] GC(0)   Other: 0.9ms
[2024-12-17T00:11:10.862+0700][gc,heap     ] GC(0) Eden regions: 51->0(44)
[2024-12-17T00:11:10.862+0700][gc,heap     ] GC(0) Survivor regions: 0->7(7)
[2024-12-17T00:11:10.862+0700][gc,heap     ] GC(0) Old regions: 0->1
[2024-12-17T00:11:10.862+0700][gc,heap     ] GC(0) Archive regions: 2->2
[2024-12-17T00:11:10.862+0700][gc,heap     ] GC(0) Humongous regions: 0->0
[2024-12-17T00:11:10.862+0700][gc,metaspace] GC(0) Metaspace: 17573K(17728K)->17573K(17728K) NonClass: 15437K(15488K)->15437K(15488K) Class: 2135K(2240K)->2135K(2240K)
[2024-12-17T00:11:10.862+0700][gc          ] GC(0) Pause Young (Normal) (G1 Evacuation Pause) 51M->8M(1024M) 19.196ms
[2024-12-17T00:11:10.862+0700][gc,cpu      ] GC(0) User=0.03s Sys=0.01s Real=0.02s
[2024-12-17T00:11:11.563+0700][gc,start    ] GC(1) Pause Young (Concurrent Start) (Metadata GC Threshold)
[2024-12-17T00:11:11.563+0700][gc,task     ] GC(1) Using 2 workers of 2 for evacuation
[2024-12-17T00:11:11.580+0700][gc,phases   ] GC(1)   Pre Evacuate Collection Set: 0.3ms
[2024-12-17T00:11:11.580+0700][gc,phases   ] GC(1)   Merge Heap Roots: 0.1ms
[2024-12-17T00:11:11.580+0700][gc,phases   ] GC(1)   Evacuate Collection Set: 15.8ms
[2024-12-17T00:11:11.580+0700][gc,phases   ] GC(1)   Post Evacuate Collection Set: 0.8ms
[2024-12-17T00:11:11.580+0700][gc,phases   ] GC(1)   Other: 0.6ms
[2024-12-17T00:11:11.580+0700][gc,heap     ] GC(1) Eden regions: 16->0(49)
[2024-12-17T00:11:11.580+0700][gc,heap     ] GC(1) Survivor regions: 7->2(7)
[2024-12-17T00:11:11.580+0700][gc,heap     ] GC(1) Old regions: 1->8
[2024-12-17T00:11:11.580+0700][gc,heap     ] GC(1) Archive regions: 2->2
[2024-12-17T00:11:11.580+0700][gc,heap     ] GC(1) Humongous regions: 129->129
[2024-12-17T00:11:11.580+0700][gc,metaspace] GC(1) Metaspace: 21299K(21504K)->21299K(21504K) NonClass: 18703K(18816K)->18703K(18816K) Class: 2595K(2688K)->2595K(2688K)
[2024-12-17T00:11:11.580+0700][gc          ] GC(1) Pause Young (Concurrent Start) (Metadata GC Threshold) 153M->139M(1024M) 17.839ms
[2024-12-17T00:11:11.580+0700][gc,cpu      ] GC(1) User=0.03s Sys=0.01s Real=0.02s
[2024-12-17T00:11:11.581+0700][gc          ] GC(2) Concurrent Mark Cycle
[2024-12-17T00:11:11.581+0700][gc,marking  ] GC(2) Concurrent Clear Claimed Marks
[2024-12-17T00:11:11.581+0700][gc,marking  ] GC(2) Concurrent Clear Claimed Marks 0.036ms
[2024-12-17T00:11:11.581+0700][gc,marking  ] GC(2) Concurrent Scan Root Regions
[2024-12-17T00:11:11.592+0700][gc,marking  ] GC(2) Concurrent Scan Root Regions 10.950ms
[2024-12-17T00:11:11.592+0700][gc,marking  ] GC(2) Concurrent Mark
[2024-12-17T00:11:11.592+0700][gc,marking  ] GC(2) Concurrent Mark From Roots
[2024-12-17T00:11:11.592+0700][gc,task     ] GC(2) Using 1 workers of 1 for marking
[2024-12-17T00:11:11.596+0700][gc,marking  ] GC(2) Concurrent Mark From Roots 4.764ms
[2024-12-17T00:11:11.596+0700][gc,marking  ] GC(2) Concurrent Preclean
[2024-12-17T00:11:11.596+0700][gc,marking  ] GC(2) Concurrent Preclean 0.044ms
[2024-12-17T00:11:11.597+0700][gc,start    ] GC(2) Pause Remark
[2024-12-17T00:11:11.601+0700][gc          ] GC(2) Pause Remark 140M->140M(1024M) 3.934ms
[2024-12-17T00:11:11.601+0700][gc,cpu      ] GC(2) User=0.01s Sys=0.00s Real=0.01s
[2024-12-17T00:11:11.604+0700][gc,marking  ] GC(2) Concurrent Mark 12.076ms
[2024-12-17T00:11:11.604+0700][gc,marking  ] GC(2) Concurrent Rebuild Remembered Sets
[2024-12-17T00:11:11.615+0700][gc,marking  ] GC(2) Concurrent Rebuild Remembered Sets 11.762ms
[2024-12-17T00:11:11.616+0700][gc,start    ] GC(2) Pause Cleanup
[2024-12-17T00:11:11.616+0700][gc          ] GC(2) Pause Cleanup 140M->140M(1024M) 0.290ms
[2024-12-17T00:11:11.616+0700][gc,cpu      ] GC(2) User=0.00s Sys=0.00s Real=0.00s
[2024-12-17T00:11:11.616+0700][gc,marking  ] GC(2) Concurrent Cleanup for Next Mark
[2024-12-17T00:11:11.642+0700][gc,marking  ] GC(2) Concurrent Cleanup for Next Mark 25.869ms
[2024-12-17T00:11:11.642+0700][gc          ] GC(2) Concurrent Mark Cycle 61.280ms
[2024-12-17T00:11:12.950+0700][gc,start    ] GC(3) Pause Young (Normal) (G1 Evacuation Pause)
[2024-12-17T00:11:12.950+0700][gc,task     ] GC(3) Using 2 workers of 2 for evacuation
[2024-12-17T00:11:12.970+0700][gc,mmu      ] GC(3) MMU target violated: 20.0ms (20.0ms/21.0ms)
[2024-12-17T00:11:12.970+0700][gc,phases   ] GC(3)   Pre Evacuate Collection Set: 0.5ms
[2024-12-17T00:11:12.970+0700][gc,phases   ] GC(3)   Merge Heap Roots: 0.4ms
[2024-12-17T00:11:12.970+0700][gc,phases   ] GC(3)   Evacuate Collection Set: 18.3ms
[2024-12-17T00:11:12.970+0700][gc,phases   ] GC(3)   Post Evacuate Collection Set: 0.9ms
[2024-12-17T00:11:12.970+0700][gc,phases   ] GC(3)   Other: 0.4ms
[2024-12-17T00:11:12.970+0700][gc,heap     ] GC(3) Eden regions: 49->0(44)
[2024-12-17T00:11:12.970+0700][gc,heap     ] GC(3) Survivor regions: 2->7(7)
[2024-12-17T00:11:12.970+0700][gc,heap     ] GC(3) Old regions: 8->8
[2024-12-17T00:11:12.970+0700][gc,heap     ] GC(3) Archive regions: 2->2
[2024-12-17T00:11:12.970+0700][gc,heap     ] GC(3) Humongous regions: 129->129
[2024-12-17T00:11:12.970+0700][gc,metaspace] GC(3) Metaspace: 32587K(32768K)->32587K(32768K) NonClass: 28966K(29056K)->28966K(29056K) Class: 3620K(3712K)->3620K(3712K)
[2024-12-17T00:11:12.970+0700][gc          ] GC(3) Pause Young (Normal) (G1 Evacuation Pause) 188M->143M(1024M) 20.500ms
[2024-12-17T00:11:12.970+0700][gc,cpu      ] GC(3) User=0.03s Sys=0.00s Real=0.02s
[2024-12-17T00:11:13.370+0700][gc,start    ] GC(4) Pause Young (Concurrent Start) (Metadata GC Threshold)
[2024-12-17T00:11:13.370+0700][gc,task     ] GC(4) Using 2 workers of 2 for evacuation
[2024-12-17T00:11:13.394+0700][gc,mmu      ] GC(4) MMU target violated: 21.0ms (20.0ms/21.0ms)
[2024-12-17T00:11:13.394+0700][gc,phases   ] GC(4)   Pre Evacuate Collection Set: 0.4ms
[2024-12-17T00:11:13.394+0700][gc,phases   ] GC(4)   Merge Heap Roots: 0.1ms
[2024-12-17T00:11:13.394+0700][gc,phases   ] GC(4)   Evacuate Collection Set: 23.0ms
[2024-12-17T00:11:13.394+0700][gc,phases   ] GC(4)   Post Evacuate Collection Set: 0.9ms
[2024-12-17T00:11:13.394+0700][gc,phases   ] GC(4)   Other: 0.5ms
[2024-12-17T00:11:13.395+0700][gc,heap     ] GC(4) Eden regions: 14->0(50)
[2024-12-17T00:11:13.395+0700][gc,heap     ] GC(4) Survivor regions: 7->1(7)
[2024-12-17T00:11:13.395+0700][gc,heap     ] GC(4) Old regions: 8->14
[2024-12-17T00:11:13.395+0700][gc,heap     ] GC(4) Archive regions: 2->2
[2024-12-17T00:11:13.395+0700][gc,heap     ] GC(4) Humongous regions: 129->129
[2024-12-17T00:11:13.395+0700][gc,metaspace] GC(4) Metaspace: 35731K(35968K)->35731K(35968K) NonClass: 31744K(31872K)->31744K(31872K) Class: 3987K(4096K)->3987K(4096K)
[2024-12-17T00:11:13.395+0700][gc          ] GC(4) Pause Young (Concurrent Start) (Metadata GC Threshold) 157M->144M(1024M) 25.117ms
[2024-12-17T00:11:13.395+0700][gc,cpu      ] GC(4) User=0.02s Sys=0.02s Real=0.02s
[2024-12-17T00:11:13.395+0700][gc          ] GC(5) Concurrent Mark Cycle
[2024-12-17T00:11:13.395+0700][gc,marking  ] GC(5) Concurrent Clear Claimed Marks
[2024-12-17T00:11:13.395+0700][gc,marking  ] GC(5) Concurrent Clear Claimed Marks 0.043ms
[2024-12-17T00:11:13.395+0700][gc,marking  ] GC(5) Concurrent Scan Root Regions
[2024-12-17T00:11:13.414+0700][gc,marking  ] GC(5) Concurrent Scan Root Regions 18.807ms
[2024-12-17T00:11:13.414+0700][gc,marking  ] GC(5) Concurrent Mark
[2024-12-17T00:11:13.414+0700][gc,marking  ] GC(5) Concurrent Mark From Roots
[2024-12-17T00:11:13.414+0700][gc,task     ] GC(5) Using 1 workers of 1 for marking
[2024-12-17T00:11:13.442+0700][gc,marking  ] GC(5) Concurrent Mark From Roots 28.078ms
[2024-12-17T00:11:13.442+0700][gc,marking  ] GC(5) Concurrent Preclean
[2024-12-17T00:11:13.442+0700][gc,marking  ] GC(5) Concurrent Preclean 0.159ms
[2024-12-17T00:11:13.442+0700][gc,start    ] GC(5) Pause Remark
[2024-12-17T00:11:13.449+0700][gc          ] GC(5) Pause Remark 145M->145M(1024M) 7.075ms
[2024-12-17T00:11:13.449+0700][gc,cpu      ] GC(5) User=0.01s Sys=0.00s Real=0.01s
[2024-12-17T00:11:13.449+0700][gc,marking  ] GC(5) Concurrent Mark 35.683ms
[2024-12-17T00:11:13.449+0700][gc,marking  ] GC(5) Concurrent Rebuild Remembered Sets
[2024-12-17T00:11:13.474+0700][gc,marking  ] GC(5) Concurrent Rebuild Remembered Sets 24.135ms
[2024-12-17T00:11:13.474+0700][gc,start    ] GC(5) Pause Cleanup
[2024-12-17T00:11:13.474+0700][gc          ] GC(5) Pause Cleanup 145M->145M(1024M) 0.456ms
[2024-12-17T00:11:13.474+0700][gc,cpu      ] GC(5) User=0.00s Sys=0.00s Real=0.00s
[2024-12-17T00:11:13.474+0700][gc,marking  ] GC(5) Concurrent Cleanup for Next Mark
[2024-12-17T00:11:13.537+0700][gc,marking  ] GC(5) Concurrent Cleanup for Next Mark 62.667ms
[2024-12-17T00:11:13.537+0700][gc          ] GC(5) Concurrent Mark Cycle 142.333ms
[2024-12-17T01:48:41.277+0700][gc,start    ] GC(6) Pause Young (Normal) (G1 Evacuation Pause)
[2024-12-17T01:48:41.277+0700][gc,task     ] GC(6) Using 2 workers of 2 for evacuation
[2024-12-17T01:48:41.304+0700][gc,mmu      ] GC(6) MMU target violated: 21.0ms (20.0ms/21.0ms)
[2024-12-17T01:48:41.304+0700][gc,phases   ] GC(6)   Pre Evacuate Collection Set: 2.8ms
[2024-12-17T01:48:41.304+0700][gc,phases   ] GC(6)   Merge Heap Roots: 0.9ms
[2024-12-17T01:48:41.304+0700][gc,phases   ] GC(6)   Evacuate Collection Set: 20.1ms
[2024-12-17T01:48:41.304+0700][gc,phases   ] GC(6)   Post Evacuate Collection Set: 3.3ms
[2024-12-17T01:48:41.304+0700][gc,phases   ] GC(6)   Other: 0.8ms
[2024-12-17T01:48:41.304+0700][gc,heap     ] GC(6) Eden regions: 50->0(49)
[2024-12-17T01:48:41.304+0700][gc,heap     ] GC(6) Survivor regions: 1->2(7)
[2024-12-17T01:48:41.304+0700][gc,heap     ] GC(6) Old regions: 14->14
[2024-12-17T01:48:41.304+0700][gc,heap     ] GC(6) Archive regions: 2->2
[2024-12-17T01:48:41.304+0700][gc,heap     ] GC(6) Humongous regions: 129->129
[2024-12-17T01:48:41.304+0700][gc,metaspace] GC(6) Metaspace: 37630K(38016K)->37630K(38016K) NonClass: 33474K(33664K)->33474K(33664K) Class: 4156K(4352K)->4156K(4352K)
[2024-12-17T01:48:41.304+0700][gc          ] GC(6) Pause Young (Normal) (G1 Evacuation Pause) 194M->144M(1024M) 27.725ms
[2024-12-17T01:48:41.305+0700][gc,cpu      ] GC(6) User=0.05s Sys=0.00s Real=0.03s
[2024-12-17T03:33:41.276+0700][gc,start    ] GC(7) Pause Young (Normal) (G1 Evacuation Pause)
[2024-12-17T03:33:41.276+0700][gc,task     ] GC(7) Using 2 workers of 2 for evacuation
[2024-12-17T03:33:41.307+0700][gc,mmu      ] GC(7) MMU target violated: 21.0ms (20.0ms/21.0ms)
[2024-12-17T03:33:41.308+0700][gc,phases   ] GC(7)   Pre Evacuate Collection Set: 4.0ms
[2024-12-17T03:33:41.308+0700][gc,phases   ] GC(7)   Merge Heap Roots: 0.7ms
[2024-12-17T03:33:41.308+0700][gc,phases   ] GC(7)   Evacuate Collection Set: 22.6ms
[2024-12-17T03:33:41.308+0700][gc,phases   ] GC(7)   Post Evacuate Collection Set: 3.9ms
[2024-12-17T03:33:41.308+0700][gc,phases   ] GC(7)   Other: 1.3ms
[2024-12-17T03:33:41.308+0700][gc,heap     ] GC(7) Eden regions: 49->0(49)
[2024-12-17T03:33:41.308+0700][gc,heap     ] GC(7) Survivor regions: 2->2(7)
[2024-12-17T03:33:41.308+0700][gc,heap     ] GC(7) Old regions: 14->14
[2024-12-17T03:33:41.308+0700][gc,heap     ] GC(7) Archive regions: 2->2
[2024-12-17T03:33:41.308+0700][gc,heap     ] GC(7) Humongous regions: 129->129
[2024-12-17T03:33:41.308+0700][gc,metaspace] GC(7) Metaspace: 38017K(38400K)->38017K(38400K) NonClass: 33860K(34048K)->33860K(34048K) Class: 4157K(4352K)->4157K(4352K)
[2024-12-17T03:33:41.308+0700][gc          ] GC(7) Pause Young (Normal) (G1 Evacuation Pause) 193M->144M(1024M) 32.469ms
[2024-12-17T03:33:41.308+0700][gc,cpu      ] GC(7) User=0.04s Sys=0.00s Real=0.04s
[2024-12-17T05:26:41.277+0700][gc,start    ] GC(8) Pause Young (Normal) (G1 Evacuation Pause)
[2024-12-17T05:26:41.278+0700][gc,task     ] GC(8) Using 2 workers of 2 for evacuation
[2024-12-17T05:26:41.304+0700][gc,mmu      ] GC(8) MMU target violated: 21.0ms (20.0ms/21.0ms)
[2024-12-17T05:26:41.304+0700][gc,phases   ] GC(8)   Pre Evacuate Collection Set: 2.8ms
[2024-12-17T05:26:41.304+0700][gc,phases   ] GC(8)   Merge Heap Roots: 0.6ms
[2024-12-17T05:26:41.304+0700][gc,phases   ] GC(8)   Evacuate Collection Set: 18.2ms
[2024-12-17T05:26:41.304+0700][gc,phases   ] GC(8)   Post Evacuate Collection Set: 4.1ms
[2024-12-17T05:26:41.304+0700][gc,phases   ] GC(8)   Other: 1.2ms
[2024-12-17T05:26:41.304+0700][gc,heap     ] GC(8) Eden regions: 49->0(49)
[2024-12-17T05:26:41.304+0700][gc,heap     ] GC(8) Survivor regions: 2->2(7)
[2024-12-17T05:26:41.304+0700][gc,heap     ] GC(8) Old regions: 14->14
[2024-12-17T05:26:41.304+0700][gc,heap     ] GC(8) Archive regions: 2->2
[2024-12-17T05:26:41.304+0700][gc,heap     ] GC(8) Humongous regions: 129->129
[2024-12-17T05:26:41.304+0700][gc,metaspace] GC(8) Metaspace: 38093K(38464K)->38093K(38464K) NonClass: 33936K(34112K)->33936K(34112K) Class: 4157K(4352K)->4157K(4352K)
[2024-12-17T05:26:41.304+0700][gc          ] GC(8) Pause Young (Normal) (G1 Evacuation Pause) 193M->144M(1024M) 26.845ms
[2024-12-17T05:26:41.304+0700][gc,cpu      ] GC(8) User=0.05s Sys=0.00s Real=0.03s
[2024-12-17T07:21:20.535+0700][gc,start    ] GC(9) Pause Young (Normal) (G1 Evacuation Pause)
[2024-12-17T07:21:20.536+0700][gc,task     ] GC(9) Using 2 workers of 2 for evacuation
[2024-12-17T07:21:20.560+0700][gc,mmu      ] GC(9) MMU target violated: 21.0ms (20.0ms/21.0ms)
[2024-12-17T07:21:20.560+0700][gc,phases   ] GC(9)   Pre Evacuate Collection Set: 3.0ms
[2024-12-17T07:21:20.561+0700][gc,phases   ] GC(9)   Merge Heap Roots: 0.5ms
[2024-12-17T07:21:20.561+0700][gc,phases   ] GC(9)   Evacuate Collection Set: 17.6ms
[2024-12-17T07:21:20.561+0700][gc,phases   ] GC(9)   Post Evacuate Collection Set: 3.2ms
[2024-12-17T07:21:20.561+0700][gc,phases   ] GC(9)   Other: 1.3ms
[2024-12-17T07:21:20.561+0700][gc,heap     ] GC(9) Eden regions: 49->0(49)
[2024-12-17T07:21:20.561+0700][gc,heap     ] GC(9) Survivor regions: 2->2(7)
[2024-12-17T07:21:20.561+0700][gc,heap     ] GC(9) Old regions: 14->14
[2024-12-17T07:21:20.561+0700][gc,heap     ] GC(9) Archive regions: 2->2
[2024-12-17T07:21:20.561+0700][gc,heap     ] GC(9) Humongous regions: 129->129
[2024-12-17T07:21:20.561+0700][gc,metaspace] GC(9) Metaspace: 38111K(38464K)->38111K(38464K) NonClass: 33953K(34112K)->33953K(34112K) Class: 4157K(4352K)->4157K(4352K)
[2024-12-17T07:21:20.561+0700][gc          ] GC(9) Pause Young (Normal) (G1 Evacuation Pause) 193M->144M(1024M) 25.587ms
[2024-12-17T07:21:20.561+0700][gc,cpu      ] GC(9) User=0.04s Sys=0.00s Real=0.03s
[2024-12-17T09:15:37.775+0700][gc,start    ] GC(10) Pause Young (Normal) (G1 Evacuation Pause)
[2024-12-17T09:15:37.775+0700][gc,task     ] GC(10) Using 2 workers of 2 for evacuation
[2024-12-17T09:15:37.804+0700][gc,mmu      ] GC(10) MMU target violated: 21.0ms (20.0ms/21.0ms)
[2024-12-17T09:15:37.804+0700][gc,phases   ] GC(10)   Pre Evacuate Collection Set: 3.1ms
[2024-12-17T09:15:37.804+0700][gc,phases   ] GC(10)   Merge Heap Roots: 1.2ms
[2024-12-17T09:15:37.804+0700][gc,phases   ] GC(10)   Evacuate Collection Set: 21.1ms
[2024-12-17T09:15:37.804+0700][gc,phases   ] GC(10)   Post Evacuate Collection Set: 2.9ms
[2024-12-17T09:15:37.804+0700][gc,phases   ] GC(10)   Other: 1.1ms
[2024-12-17T09:15:37.804+0700][gc,heap     ] GC(10) Eden regions: 49->0(49)
[2024-12-17T09:15:37.804+0700][gc,heap     ] GC(10) Survivor regions: 2->2(7)
[2024-12-17T09:15:37.804+0700][gc,heap     ] GC(10) Old regions: 14->14
[2024-12-17T09:15:37.804+0700][gc,heap     ] GC(10) Archive regions: 2->2
[2024-12-17T09:15:37.804+0700][gc,heap     ] GC(10) Humongous regions: 129->129
[2024-12-17T09:15:37.804+0700][gc,metaspace] GC(10) Metaspace: 38134K(38528K)->38134K(38528K) NonClass: 33977K(34176K)->33977K(34176K) Class: 4157K(4352K)->4157K(4352K)
[2024-12-17T09:15:37.804+0700][gc          ] GC(10) Pause Young (Normal) (G1 Evacuation Pause) 193M->145M(1024M) 29.441ms
[2024-12-17T09:15:37.804+0700][gc,cpu      ] GC(10) User=0.05s Sys=0.00s Real=0.03s
[2024-12-17T11:11:23.061+0700][gc,start    ] GC(11) Pause Young (Normal) (G1 Evacuation Pause)
[2024-12-17T11:11:23.061+0700][gc,task     ] GC(11) Using 2 workers of 2 for evacuation
[2024-12-17T11:11:23.093+0700][gc,mmu      ] GC(11) MMU target violated: 21.0ms (20.0ms/21.0ms)
[2024-12-17T11:11:23.093+0700][gc,phases   ] GC(11)   Pre Evacuate Collection Set: 2.7ms
[2024-12-17T11:11:23.093+0700][gc,phases   ] GC(11)   Merge Heap Roots: 0.7ms
[2024-12-17T11:11:23.093+0700][gc,phases   ] GC(11)   Evacuate Collection Set: 24.5ms
[2024-12-17T11:11:23.093+0700][gc,phases   ] GC(11)   Post Evacuate Collection Set: 3.0ms
[2024-12-17T11:11:23.093+0700][gc,phases   ] GC(11)   Other: 1.2ms
[2024-12-17T11:11:23.093+0700][gc,heap     ] GC(11) Eden regions: 49->0(49)
[2024-12-17T11:11:23.093+0700][gc,heap     ] GC(11) Survivor regions: 2->2(7)
[2024-12-17T11:11:23.093+0700][gc,heap     ] GC(11) Old regions: 14->14
[2024-12-17T11:11:23.093+0700][gc,heap     ] GC(11) Archive regions: 2->2
[2024-12-17T11:11:23.093+0700][gc,heap     ] GC(11) Humongous regions: 129->129
[2024-12-17T11:11:23.093+0700][gc,metaspace] GC(11) Metaspace: 38162K(38528K)->38162K(38528K) NonClass: 34005K(34176K)->34005K(34176K) Class: 4157K(4352K)->4157K(4352K)
[2024-12-17T11:11:23.093+0700][gc          ] GC(11) Pause Young (Normal) (G1 Evacuation Pause) 194M->145M(1024M) 32.141ms
[2024-12-17T11:11:23.093+0700][gc,cpu      ] GC(11) User=0.06s Sys=0.00s Real=0.03s
[2024-12-17T13:06:21.097+0700][gc,start    ] GC(12) Pause Young (Normal) (G1 Evacuation Pause)
[2024-12-17T13:06:21.097+0700][gc,task     ] GC(12) Using 2 workers of 2 for evacuation
[2024-12-17T13:06:21.130+0700][gc,mmu      ] GC(12) MMU target violated: 21.0ms (20.0ms/21.0ms)
[2024-12-17T13:06:21.131+0700][gc,phases   ] GC(12)   Pre Evacuate Collection Set: 6.9ms
[2024-12-17T13:06:21.131+0700][gc,phases   ] GC(12)   Merge Heap Roots: 0.8ms
[2024-12-17T13:06:21.131+0700][gc,phases   ] GC(12)   Evacuate Collection Set: 22.8ms
[2024-12-17T13:06:21.131+0700][gc,phases   ] GC(12)   Post Evacuate Collection Set: 2.6ms
[2024-12-17T13:06:21.131+0700][gc,phases   ] GC(12)   Other: 1.3ms
[2024-12-17T13:06:21.131+0700][gc,heap     ] GC(12) Eden regions: 49->0(49)
[2024-12-17T13:06:21.131+0700][gc,heap     ] GC(12) Survivor regions: 2->2(7)
[2024-12-17T13:06:21.131+0700][gc,heap     ] GC(12) Old regions: 14->14
[2024-12-17T13:06:21.131+0700][gc,heap     ] GC(12) Archive regions: 2->2
[2024-12-17T13:06:21.131+0700][gc,heap     ] GC(12) Humongous regions: 129->129
[2024-12-17T13:06:21.131+0700][gc,metaspace] GC(12) Metaspace: 38167K(38528K)->38167K(38528K) NonClass: 34009K(34176K)->34009K(34176K) Class: 4158K(4352K)->4158K(4352K)
[2024-12-17T13:06:21.131+0700][gc          ] GC(12) Pause Young (Normal) (G1 Evacuation Pause) 194M->145M(1024M) 34.436ms
[2024-12-17T13:06:21.131+0700][gc,cpu      ] GC(12) User=0.06s Sys=0.00s Real=0.04s
[2024-12-17T15:01:33.353+0700][gc,start    ] GC(13) Pause Young (Normal) (G1 Evacuation Pause)
[2024-12-17T15:01:33.354+0700][gc,task     ] GC(13) Using 2 workers of 2 for evacuation
[2024-12-17T15:01:33.379+0700][gc,mmu      ] GC(13) MMU target violated: 21.0ms (20.0ms/21.0ms)
[2024-12-17T15:01:33.379+0700][gc,phases   ] GC(13)   Pre Evacuate Collection Set: 2.9ms
[2024-12-17T15:01:33.379+0700][gc,phases   ] GC(13)   Merge Heap Roots: 0.7ms
[2024-12-17T15:01:33.379+0700][gc,phases   ] GC(13)   Evacuate Collection Set: 18.0ms
[2024-12-17T15:01:33.379+0700][gc,phases   ] GC(13)   Post Evacuate Collection Set: 3.3ms
[2024-12-17T15:01:33.379+0700][gc,phases   ] GC(13)   Other: 1.4ms
[2024-12-17T15:01:33.379+0700][gc,heap     ] GC(13) Eden regions: 49->0(49)
[2024-12-17T15:01:33.379+0700][gc,heap     ] GC(13) Survivor regions: 2->2(7)
[2024-12-17T15:01:33.379+0700][gc,heap     ] GC(13) Old regions: 14->14
[2024-12-17T15:01:33.379+0700][gc,heap     ] GC(13) Archive regions: 2->2
[2024-12-17T15:01:33.379+0700][gc,heap     ] GC(13) Humongous regions: 129->129
[2024-12-17T15:01:33.379+0700][gc,metaspace] GC(13) Metaspace: 38174K(38528K)->38174K(38528K) NonClass: 34016K(34176K)->34016K(34176K) Class: 4158K(4352K)->4158K(4352K)
[2024-12-17T15:01:33.380+0700][gc          ] GC(13) Pause Young (Normal) (G1 Evacuation Pause) 194M->145M(1024M) 26.292ms
[2024-12-17T15:01:33.380+0700][gc,cpu      ] GC(13) User=0.05s Sys=0.00s Real=0.03s
[2024-12-17T16:56:37.474+0700][gc,start    ] GC(14) Pause Young (Normal) (G1 Evacuation Pause)
[2024-12-17T16:56:37.477+0700][gc,task     ] GC(14) Using 2 workers of 2 for evacuation
[2024-12-17T16:56:37.520+0700][gc,mmu      ] GC(14) MMU target violated: 21.0ms (20.0ms/21.0ms)
[2024-12-17T16:56:37.521+0700][gc,phases   ] GC(14)   Pre Evacuate Collection Set: 4.5ms
[2024-12-17T16:56:37.521+0700][gc,phases   ] GC(14)   Merge Heap Roots: 0.4ms
[2024-12-17T16:56:37.521+0700][gc,phases   ] GC(14)   Evacuate Collection Set: 33.5ms
[2024-12-17T16:56:37.521+0700][gc,phases   ] GC(14)   Post Evacuate Collection Set: 4.4ms
[2024-12-17T16:56:37.521+0700][gc,phases   ] GC(14)   Other: 4.4ms
[2024-12-17T16:56:37.521+0700][gc,heap     ] GC(14) Eden regions: 49->0(49)
[2024-12-17T16:56:37.521+0700][gc,heap     ] GC(14) Survivor regions: 2->2(7)
[2024-12-17T16:56:37.521+0700][gc,heap     ] GC(14) Old regions: 14->14
[2024-12-17T16:56:37.521+0700][gc,heap     ] GC(14) Archive regions: 2->2
[2024-12-17T16:56:37.521+0700][gc,heap     ] GC(14) Humongous regions: 129->129
[2024-12-17T16:56:37.521+0700][gc,metaspace] GC(14) Metaspace: 38227K(38592K)->38227K(38592K) NonClass: 34069K(34240K)->34069K(34240K) Class: 4158K(4352K)->4158K(4352K)
[2024-12-17T16:56:37.521+0700][gc          ] GC(14) Pause Young (Normal) (G1 Evacuation Pause) 194M->145M(1024M) 47.922ms
[2024-12-17T16:56:37.522+0700][gc,cpu      ] GC(14) User=0.04s Sys=0.00s Real=0.05s
[2024-12-17T17:43:52.757+0700][gc,start    ] GC(15) Pause Young (Normal) (G1 Evacuation Pause)
[2024-12-17T17:43:52.757+0700][gc,task     ] GC(15) Using 2 workers of 2 for evacuation
[2024-12-17T17:43:52.789+0700][gc,mmu      ] GC(15) MMU target violated: 21.0ms (20.0ms/21.0ms)
[2024-12-17T17:43:52.789+0700][gc,phases   ] GC(15)   Pre Evacuate Collection Set: 3.4ms
[2024-12-17T17:43:52.789+0700][gc,phases   ] GC(15)   Merge Heap Roots: 0.6ms
[2024-12-17T17:43:52.789+0700][gc,phases   ] GC(15)   Evacuate Collection Set: 24.9ms
[2024-12-17T17:43:52.789+0700][gc,phases   ] GC(15)   Post Evacuate Collection Set: 2.6ms
[2024-12-17T17:43:52.789+0700][gc,phases   ] GC(15)   Other: 1.3ms
[2024-12-17T17:43:52.789+0700][gc,heap     ] GC(15) Eden regions: 49->0(48)
[2024-12-17T17:43:52.789+0700][gc,heap     ] GC(15) Survivor regions: 2->3(7)
[2024-12-17T17:43:52.789+0700][gc,heap     ] GC(15) Old regions: 14->14
[2024-12-17T17:43:52.789+0700][gc,heap     ] GC(15) Archive regions: 2->2
[2024-12-17T17:43:52.789+0700][gc,heap     ] GC(15) Humongous regions: 129->129
[2024-12-17T17:43:52.789+0700][gc,metaspace] GC(15) Metaspace: 39884K(40256K)->39884K(40256K) NonClass: 35420K(35584K)->35420K(35584K) Class: 4464K(4672K)->4464K(4672K)
[2024-12-17T17:43:52.789+0700][gc          ] GC(15) Pause Young (Normal) (G1 Evacuation Pause) 194M->145M(1024M) 32.662ms
[2024-12-17T17:43:52.789+0700][gc,cpu      ] GC(15) User=0.06s Sys=0.00s Real=0.04s
[2024-12-17T17:52:30.095+0700][gc,start    ] GC(16) Pause Young (Normal) (G1 Evacuation Pause)
[2024-12-17T17:52:30.096+0700][gc,task     ] GC(16) Using 2 workers of 2 for evacuation
[2024-12-17T17:52:30.116+0700][gc,phases   ] GC(16)   Pre Evacuate Collection Set: 2.3ms
[2024-12-17T17:52:30.116+0700][gc,phases   ] GC(16)   Merge Heap Roots: 0.4ms
[2024-12-17T17:52:30.116+0700][gc,phases   ] GC(16)   Evacuate Collection Set: 15.2ms
[2024-12-17T17:52:30.116+0700][gc,phases   ] GC(16)   Post Evacuate Collection Set: 2.1ms
[2024-12-17T17:52:30.116+0700][gc,phases   ] GC(16)   Other: 1.2ms
[2024-12-17T17:52:30.116+0700][gc,heap     ] GC(16) Eden regions: 48->0(48)
[2024-12-17T17:52:30.116+0700][gc,heap     ] GC(16) Survivor regions: 3->3(7)
[2024-12-17T17:52:30.116+0700][gc,heap     ] GC(16) Old regions: 14->14
[2024-12-17T17:52:30.116+0700][gc,heap     ] GC(16) Archive regions: 2->2
[2024-12-17T17:52:30.116+0700][gc,heap     ] GC(16) Humongous regions: 129->129
[2024-12-17T17:52:30.116+0700][gc,metaspace] GC(16) Metaspace: 39942K(40320K)->39942K(40320K) NonClass: 35478K(35648K)->35478K(35648K) Class: 4464K(4672K)->4464K(4672K)
[2024-12-17T17:52:30.116+0700][gc          ] GC(16) Pause Young (Normal) (G1 Evacuation Pause) 193M->146M(1024M) 21.333ms
[2024-12-17T17:52:30.116+0700][gc,cpu      ] GC(16) User=0.03s Sys=0.01s Real=0.02s
[2024-12-17T18:01:56.138+0700][gc,start    ] GC(17) Pause Young (Normal) (G1 Evacuation Pause)
[2024-12-17T18:01:56.138+0700][gc,task     ] GC(17) Using 2 workers of 2 for evacuation
[2024-12-17T18:01:56.169+0700][gc,mmu      ] GC(17) MMU target violated: 21.0ms (20.0ms/21.0ms)
[2024-12-17T18:01:56.170+0700][gc,phases   ] GC(17)   Pre Evacuate Collection Set: 2.6ms
[2024-12-17T18:01:56.170+0700][gc,phases   ] GC(17)   Merge Heap Roots: 0.5ms
[2024-12-17T18:01:56.170+0700][gc,phases   ] GC(17)   Evacuate Collection Set: 25.3ms
[2024-12-17T18:01:56.170+0700][gc,phases   ] GC(17)   Post Evacuate Collection Set: 2.5ms
[2024-12-17T18:01:56.170+0700][gc,phases   ] GC(17)   Other: 0.8ms
[2024-12-17T18:01:56.170+0700][gc,heap     ] GC(17) Eden regions: 48->0(48)
[2024-12-17T18:01:56.170+0700][gc,heap     ] GC(17) Survivor regions: 3->3(7)
[2024-12-17T18:01:56.170+0700][gc,heap     ] GC(17) Old regions: 14->14
[2024-12-17T18:01:56.170+0700][gc,heap     ] GC(17) Archive regions: 2->2
[2024-12-17T18:01:56.170+0700][gc,heap     ] GC(17) Humongous regions: 129->129
[2024-12-17T18:01:56.170+0700][gc,metaspace] GC(17) Metaspace: 39945K(40320K)->39945K(40320K) NonClass: 35481K(35648K)->35481K(35648K) Class: 4464K(4672K)->4464K(4672K)
[2024-12-17T18:01:56.170+0700][gc          ] GC(17) Pause Young (Normal) (G1 Evacuation Pause) 194M->146M(1024M) 31.835ms
[2024-12-17T18:01:56.170+0700][gc,cpu      ] GC(17) User=0.05s Sys=0.00s Real=0.04s
[2024-12-18T14:50:52.341+0700][gc,start    ] GC(18) Pause Young (Normal) (G1 Evacuation Pause)
[2024-12-18T14:50:52.341+0700][gc,task     ] GC(18) Using 2 workers of 2 for evacuation
[2024-12-18T14:50:52.372+0700][gc,mmu      ] GC(18) MMU target violated: 21.0ms (20.0ms/21.0ms)
[2024-12-18T14:50:52.372+0700][gc,phases   ] GC(18)   Pre Evacuate Collection Set: 2.4ms
[2024-12-18T14:50:52.372+0700][gc,phases   ] GC(18)   Merge Heap Roots: 0.6ms
[2024-12-18T14:50:52.372+0700][gc,phases   ] GC(18)   Evacuate Collection Set: 24.7ms
[2024-12-18T14:50:52.372+0700][gc,phases   ] GC(18)   Post Evacuate Collection Set: 2.9ms
[2024-12-18T14:50:52.372+0700][gc,phases   ] GC(18)   Other: 0.9ms
[2024-12-18T14:50:52.372+0700][gc,heap     ] GC(18) Eden regions: 48->0(48)
[2024-12-18T14:50:52.372+0700][gc,heap     ] GC(18) Survivor regions: 3->3(7)
[2024-12-18T14:50:52.372+0700][gc,heap     ] GC(18) Old regions: 14->14
[2024-12-18T14:50:52.372+0700][gc,heap     ] GC(18) Archive regions: 2->2
[2024-12-18T14:50:52.372+0700][gc,heap     ] GC(18) Humongous regions: 129->129
[2024-12-18T14:50:52.372+0700][gc,metaspace] GC(18) Metaspace: 39951K(40320K)->39951K(40320K) NonClass: 35487K(35648K)->35487K(35648K) Class: 4464K(4672K)->4464K(4672K)
[2024-12-18T14:50:52.372+0700][gc          ] GC(18) Pause Young (Normal) (G1 Evacuation Pause) 194M->146M(1024M) 31.732ms
[2024-12-18T14:50:52.372+0700][gc,cpu      ] GC(18) User=0.06s Sys=0.00s Real=0.03s
[2024-12-18T15:00:25.707+0700][gc,start    ] GC(19) Pause Young (Normal) (G1 Evacuation Pause)
[2024-12-18T15:00:25.707+0700][gc,task     ] GC(19) Using 2 workers of 2 for evacuation
[2024-12-18T15:00:25.729+0700][gc,mmu      ] GC(19) MMU target violated: 21.0ms (20.0ms/21.0ms)
[2024-12-18T15:00:25.729+0700][gc,phases   ] GC(19)   Pre Evacuate Collection Set: 1.7ms
[2024-12-18T15:00:25.729+0700][gc,phases   ] GC(19)   Merge Heap Roots: 0.3ms
[2024-12-18T15:00:25.729+0700][gc,phases   ] GC(19)   Evacuate Collection Set: 17.7ms
[2024-12-18T15:00:25.729+0700][gc,phases   ] GC(19)   Post Evacuate Collection Set: 1.9ms
[2024-12-18T15:00:25.729+0700][gc,phases   ] GC(19)   Other: 0.5ms
[2024-12-18T15:00:25.729+0700][gc,heap     ] GC(19) Eden regions: 48->0(48)
[2024-12-18T15:00:25.729+0700][gc,heap     ] GC(19) Survivor regions: 3->3(7)
[2024-12-18T15:00:25.729+0700][gc,heap     ] GC(19) Old regions: 14->14
[2024-12-18T15:00:25.729+0700][gc,heap     ] GC(19) Archive regions: 2->2
[2024-12-18T15:00:25.729+0700][gc,heap     ] GC(19) Humongous regions: 129->129
[2024-12-18T15:00:25.729+0700][gc,metaspace] GC(19) Metaspace: 39963K(40384K)->39963K(40384K) NonClass: 35498K(35712K)->35498K(35712K) Class: 4464K(4672K)->4464K(4672K)
[2024-12-18T15:00:25.729+0700][gc          ] GC(19) Pause Young (Normal) (G1 Evacuation Pause) 194M->146M(1024M) 22.274ms
[2024-12-18T15:00:25.729+0700][gc,cpu      ] GC(19) User=0.04s Sys=0.00s Real=0.02s
[2024-12-18T15:09:59.993+0700][gc,start    ] GC(20) Pause Young (Normal) (G1 Evacuation Pause)
[2024-12-18T15:09:59.993+0700][gc,task     ] GC(20) Using 2 workers of 2 for evacuation
[2024-12-18T15:10:00.023+0700][gc,mmu      ] GC(20) MMU target violated: 21.0ms (20.0ms/21.0ms)
[2024-12-18T15:10:00.023+0700][gc,phases   ] GC(20)   Pre Evacuate Collection Set: 3.1ms
[2024-12-18T15:10:00.023+0700][gc,phases   ] GC(20)   Merge Heap Roots: 0.3ms
[2024-12-18T15:10:00.023+0700][gc,phases   ] GC(20)   Evacuate Collection Set: 23.6ms
[2024-12-18T15:10:00.023+0700][gc,phases   ] GC(20)   Post Evacuate Collection Set: 2.6ms
[2024-12-18T15:10:00.023+0700][gc,phases   ] GC(20)   Other: 1.1ms
[2024-12-18T15:10:00.024+0700][gc,heap     ] GC(20) Eden regions: 48->0(48)
[2024-12-18T15:10:00.024+0700][gc,heap     ] GC(20) Survivor regions: 3->3(7)
[2024-12-18T15:10:00.024+0700][gc,heap     ] GC(20) Old regions: 14->15
[2024-12-18T15:10:00.024+0700][gc,heap     ] GC(20) Archive regions: 2->2
[2024-12-18T15:10:00.024+0700][gc,heap     ] GC(20) Humongous regions: 129->129
[2024-12-18T15:10:00.024+0700][gc,metaspace] GC(20) Metaspace: 39963K(40384K)->39963K(40384K) NonClass: 35498K(35712K)->35498K(35712K) Class: 4464K(4672K)->4464K(4672K)
[2024-12-18T15:10:00.024+0700][gc          ] GC(20) Pause Young (Normal) (G1 Evacuation Pause) 194M->146M(1024M) 30.882ms
[2024-12-18T15:10:00.024+0700][gc,cpu      ] GC(20) User=0.05s Sys=0.00s Real=0.04s
[2024-12-18T15:19:33.377+0700][gc,start    ] GC(21) Pause Young (Normal) (G1 Evacuation Pause)
[2024-12-18T15:19:33.377+0700][gc,task     ] GC(21) Using 2 workers of 2 for evacuation
[2024-12-18T15:19:33.397+0700][gc,phases   ] GC(21)   Pre Evacuate Collection Set: 3.0ms
[2024-12-18T15:19:33.397+0700][gc,phases   ] GC(21)   Merge Heap Roots: 0.6ms
[2024-12-18T15:19:33.397+0700][gc,phases   ] GC(21)   Evacuate Collection Set: 14.0ms
[2024-12-18T15:19:33.397+0700][gc,phases   ] GC(21)   Post Evacuate Collection Set: 2.1ms
[2024-12-18T15:19:33.397+0700][gc,phases   ] GC(21)   Other: 1.0ms
[2024-12-18T15:19:33.397+0700][gc,heap     ] GC(21) Eden regions: 48->0(121)
[2024-12-18T15:19:33.397+0700][gc,heap     ] GC(21) Survivor regions: 3->2(7)
[2024-12-18T15:19:33.397+0700][gc,heap     ] GC(21) Old regions: 15->15
[2024-12-18T15:19:33.397+0700][gc,heap     ] GC(21) Archive regions: 2->2
[2024-12-18T15:19:33.397+0700][gc,heap     ] GC(21) Humongous regions: 129->129
[2024-12-18T15:19:33.397+0700][gc,metaspace] GC(21) Metaspace: 39964K(40384K)->39964K(40384K) NonClass: 35499K(35712K)->35499K(35712K) Class: 4464K(4672K)->4464K(4672K)
[2024-12-18T15:19:33.397+0700][gc          ] GC(21) Pause Young (Normal) (G1 Evacuation Pause) 194M->146M(1024M) 20.663ms
[2024-12-18T15:19:33.398+0700][gc,cpu      ] GC(21) User=0.03s Sys=0.00s Real=0.02s
[2024-12-18T15:43:33.484+0700][gc,start    ] GC(22) Pause Young (Normal) (G1 Evacuation Pause)
[2024-12-18T15:43:33.484+0700][gc,task     ] GC(22) Using 2 workers of 2 for evacuation
[2024-12-18T15:43:33.503+0700][gc,phases   ] GC(22)   Pre Evacuate Collection Set: 1.8ms
[2024-12-18T15:43:33.503+0700][gc,phases   ] GC(22)   Merge Heap Roots: 0.4ms
[2024-12-18T15:43:33.503+0700][gc,phases   ] GC(22)   Evacuate Collection Set: 14.6ms
[2024-12-18T15:43:33.503+0700][gc,phases   ] GC(22)   Post Evacuate Collection Set: 2.2ms
[2024-12-18T15:43:33.503+0700][gc,phases   ] GC(22)   Other: 1.0ms
[2024-12-18T15:43:33.504+0700][gc,heap     ] GC(22) Eden regions: 121->0(468)
[2024-12-18T15:43:33.504+0700][gc,heap     ] GC(22) Survivor regions: 2->2(16)
[2024-12-18T15:43:33.504+0700][gc,heap     ] GC(22) Old regions: 15->15
[2024-12-18T15:43:33.504+0700][gc,heap     ] GC(22) Archive regions: 2->2
[2024-12-18T15:43:33.504+0700][gc,heap     ] GC(22) Humongous regions: 129->129
[2024-12-18T15:43:33.504+0700][gc,metaspace] GC(22) Metaspace: 40062K(40448K)->40062K(40448K) NonClass: 35580K(35776K)->35580K(35776K) Class: 4482K(4672K)->4482K(4672K)
[2024-12-18T15:43:33.504+0700][gc          ] GC(22) Pause Young (Normal) (G1 Evacuation Pause) 267M->146M(1024M) 19.822ms
[2024-12-18T15:43:33.504+0700][gc,cpu      ] GC(22) User=0.03s Sys=0.00s Real=0.01s
