[2024-12-16T03:08:36.581+0700][gc] Using G1
[2024-12-16T03:08:36.607+0700][gc,init] Version: 17.0.13+11-Ubuntu-2ubuntu122.04 (release)
[2024-12-16T03:08:36.607+0700][gc,init] CPUs: 2 total, 2 available
[2024-12-16T03:08:36.607+0700][gc,init] Memory: 3911M
[2024-12-16T03:08:36.607+0700][gc,init] Large Page Support: Disabled
[2024-12-16T03:08:36.607+0700][gc,init] NUMA Support: Disabled
[2024-12-16T03:08:36.607+0700][gc,init] Compressed Oops: Enabled (32-bit)
[2024-12-16T03:08:36.607+0700][gc,init] Heap Region Size: 1M
[2024-12-16T03:08:36.607+0700][gc,init] Heap Min Capacity: 1G
[2024-12-16T03:08:36.607+0700][gc,init] Heap Initial Capacity: 1G
[2024-12-16T03:08:36.607+0700][gc,init] Heap Max Capacity: 1G
[2024-12-16T03:08:36.607+0700][gc,init] Pre-touch: Disabled
[2024-12-16T03:08:36.607+0700][gc,init] Parallel Workers: 2
[2024-12-16T03:08:36.607+0700][gc,init] Concurrent Workers: 1
[2024-12-16T03:08:36.607+0700][gc,init] Concurrent Refinement Workers: 2
[2024-12-16T03:08:36.607+0700][gc,init] Periodic GC: Disabled
[2024-12-16T03:08:36.637+0700][gc,metaspace] CDS archive(s) mapped at: [0x00007fd587000000-0x00007fd587bc9000-0x00007fd587bc9000), size 12357632, SharedBaseAddress: 0x00007fd587000000, ArchiveRelocationMode: 1.
[2024-12-16T03:08:36.637+0700][gc,metaspace] Compressed class space mapped at: 0x00007fd588000000-0x00007fd5c8000000, reserved size: 1073741824
[2024-12-16T03:08:36.637+0700][gc,metaspace] Narrow klass base: 0x00007fd587000000, Narrow klass shift: 0, Narrow klass range: 0x100000000
[2024-12-16T03:08:38.648+0700][gc,start    ] GC(0) Pause Young (Normal) (G1 Evacuation Pause)
[2024-12-16T03:08:38.649+0700][gc,task     ] GC(0) Using 2 workers of 2 for evacuation
[2024-12-16T03:08:38.666+0700][gc,phases   ] GC(0)   Pre Evacuate Collection Set: 0.4ms
[2024-12-16T03:08:38.666+0700][gc,phases   ] GC(0)   Merge Heap Roots: 0.1ms
[2024-12-16T03:08:38.666+0700][gc,phases   ] GC(0)   Evacuate Collection Set: 15.9ms
[2024-12-16T03:08:38.666+0700][gc,phases   ] GC(0)   Post Evacuate Collection Set: 0.8ms
[2024-12-16T03:08:38.666+0700][gc,phases   ] GC(0)   Other: 0.5ms
[2024-12-16T03:08:38.666+0700][gc,heap     ] GC(0) Eden regions: 51->0(44)
[2024-12-16T03:08:38.666+0700][gc,heap     ] GC(0) Survivor regions: 0->7(7)
[2024-12-16T03:08:38.666+0700][gc,heap     ] GC(0) Old regions: 0->1
[2024-12-16T03:08:38.666+0700][gc,heap     ] GC(0) Archive regions: 2->2
[2024-12-16T03:08:38.666+0700][gc,heap     ] GC(0) Humongous regions: 0->0
[2024-12-16T03:08:38.666+0700][gc,metaspace] GC(0) Metaspace: 17794K(18112K)->17794K(18112K) NonClass: 15639K(15808K)->15639K(15808K) Class: 2155K(2304K)->2155K(2304K)
[2024-12-16T03:08:38.666+0700][gc          ] GC(0) Pause Young (Normal) (G1 Evacuation Pause) 51M->8M(1024M) 17.851ms
[2024-12-16T03:08:38.666+0700][gc,cpu      ] GC(0) User=0.02s Sys=0.01s Real=0.01s
[2024-12-16T03:08:39.387+0700][gc,start    ] GC(1) Pause Young (Concurrent Start) (Metadata GC Threshold)
[2024-12-16T03:08:39.387+0700][gc,task     ] GC(1) Using 2 workers of 2 for evacuation
[2024-12-16T03:08:39.408+0700][gc,mmu      ] GC(1) MMU target violated: 20.9ms (20.0ms/21.0ms)
[2024-12-16T03:08:39.408+0700][gc,phases   ] GC(1)   Pre Evacuate Collection Set: 0.3ms
[2024-12-16T03:08:39.408+0700][gc,phases   ] GC(1)   Merge Heap Roots: 0.1ms
[2024-12-16T03:08:39.408+0700][gc,phases   ] GC(1)   Evacuate Collection Set: 19.4ms
[2024-12-16T03:08:39.408+0700][gc,phases   ] GC(1)   Post Evacuate Collection Set: 0.8ms
[2024-12-16T03:08:39.408+0700][gc,phases   ] GC(1)   Other: 0.7ms
[2024-12-16T03:08:39.408+0700][gc,heap     ] GC(1) Eden regions: 15->0(49)
[2024-12-16T03:08:39.408+0700][gc,heap     ] GC(1) Survivor regions: 7->2(7)
[2024-12-16T03:08:39.408+0700][gc,heap     ] GC(1) Old regions: 1->8
[2024-12-16T03:08:39.408+0700][gc,heap     ] GC(1) Archive regions: 2->2
[2024-12-16T03:08:39.408+0700][gc,heap     ] GC(1) Humongous regions: 129->129
[2024-12-16T03:08:39.408+0700][gc,metaspace] GC(1) Metaspace: 21323K(21504K)->21323K(21504K) NonClass: 18725K(18816K)->18725K(18816K) Class: 2597K(2688K)->2597K(2688K)
[2024-12-16T03:08:39.408+0700][gc          ] GC(1) Pause Young (Concurrent Start) (Metadata GC Threshold) 152M->139M(1024M) 21.412ms
[2024-12-16T03:08:39.409+0700][gc,cpu      ] GC(1) User=0.03s Sys=0.01s Real=0.03s
[2024-12-16T03:08:39.409+0700][gc          ] GC(2) Concurrent Mark Cycle
[2024-12-16T03:08:39.409+0700][gc,marking  ] GC(2) Concurrent Clear Claimed Marks
[2024-12-16T03:08:39.409+0700][gc,marking  ] GC(2) Concurrent Clear Claimed Marks 0.027ms
[2024-12-16T03:08:39.409+0700][gc,marking  ] GC(2) Concurrent Scan Root Regions
[2024-12-16T03:08:39.415+0700][gc,marking  ] GC(2) Concurrent Scan Root Regions 6.001ms
[2024-12-16T03:08:39.415+0700][gc,marking  ] GC(2) Concurrent Mark
[2024-12-16T03:08:39.415+0700][gc,marking  ] GC(2) Concurrent Mark From Roots
[2024-12-16T03:08:39.415+0700][gc,task     ] GC(2) Using 1 workers of 1 for marking
[2024-12-16T03:08:39.423+0700][gc,marking  ] GC(2) Concurrent Mark From Roots 8.052ms
[2024-12-16T03:08:39.423+0700][gc,marking  ] GC(2) Concurrent Preclean
[2024-12-16T03:08:39.423+0700][gc,marking  ] GC(2) Concurrent Preclean 0.045ms
[2024-12-16T03:08:39.423+0700][gc,start    ] GC(2) Pause Remark
[2024-12-16T03:08:39.427+0700][gc          ] GC(2) Pause Remark 140M->140M(1024M) 3.959ms
[2024-12-16T03:08:39.427+0700][gc,cpu      ] GC(2) User=0.01s Sys=0.01s Real=0.01s
[2024-12-16T03:08:39.427+0700][gc,marking  ] GC(2) Concurrent Mark 12.630ms
[2024-12-16T03:08:39.427+0700][gc,marking  ] GC(2) Concurrent Rebuild Remembered Sets
[2024-12-16T03:08:39.439+0700][gc,marking  ] GC(2) Concurrent Rebuild Remembered Sets 11.646ms
[2024-12-16T03:08:39.439+0700][gc,start    ] GC(2) Pause Cleanup
[2024-12-16T03:08:39.439+0700][gc          ] GC(2) Pause Cleanup 140M->140M(1024M) 0.279ms
[2024-12-16T03:08:39.440+0700][gc,cpu      ] GC(2) User=0.00s Sys=0.00s Real=0.00s
[2024-12-16T03:08:39.440+0700][gc,marking  ] GC(2) Concurrent Cleanup for Next Mark
[2024-12-16T03:08:39.484+0700][gc,marking  ] GC(2) Concurrent Cleanup for Next Mark 44.034ms
[2024-12-16T03:08:39.484+0700][gc          ] GC(2) Concurrent Mark Cycle 75.046ms
[2024-12-16T03:08:40.753+0700][gc,start    ] GC(3) Pause Young (Normal) (G1 Evacuation Pause)
[2024-12-16T03:08:40.753+0700][gc,task     ] GC(3) Using 2 workers of 2 for evacuation
[2024-12-16T03:08:40.769+0700][gc,phases   ] GC(3)   Pre Evacuate Collection Set: 0.3ms
[2024-12-16T03:08:40.769+0700][gc,phases   ] GC(3)   Merge Heap Roots: 0.3ms
[2024-12-16T03:08:40.769+0700][gc,phases   ] GC(3)   Evacuate Collection Set: 13.9ms
[2024-12-16T03:08:40.769+0700][gc,phases   ] GC(3)   Post Evacuate Collection Set: 0.7ms
[2024-12-16T03:08:40.769+0700][gc,phases   ] GC(3)   Other: 0.2ms
[2024-12-16T03:08:40.769+0700][gc,heap     ] GC(3) Eden regions: 49->0(45)
[2024-12-16T03:08:40.769+0700][gc,heap     ] GC(3) Survivor regions: 2->6(7)
[2024-12-16T03:08:40.769+0700][gc,heap     ] GC(3) Old regions: 8->8
[2024-12-16T03:08:40.769+0700][gc,heap     ] GC(3) Archive regions: 2->2
[2024-12-16T03:08:40.769+0700][gc,heap     ] GC(3) Humongous regions: 129->129
[2024-12-16T03:08:40.769+0700][gc,metaspace] GC(3) Metaspace: 32597K(32832K)->32597K(32832K) NonClass: 28973K(29120K)->28973K(29120K) Class: 3624K(3712K)->3624K(3712K)
[2024-12-16T03:08:40.769+0700][gc          ] GC(3) Pause Young (Normal) (G1 Evacuation Pause) 188M->143M(1024M) 15.478ms
[2024-12-16T03:08:40.769+0700][gc,cpu      ] GC(3) User=0.03s Sys=0.00s Real=0.02s
[2024-12-16T03:08:41.212+0700][gc,start    ] GC(4) Pause Young (Concurrent Start) (Metadata GC Threshold)
[2024-12-16T03:08:41.212+0700][gc,task     ] GC(4) Using 2 workers of 2 for evacuation
[2024-12-16T03:08:41.235+0700][gc,mmu      ] GC(4) MMU target violated: 21.0ms (20.0ms/21.0ms)
[2024-12-16T03:08:41.235+0700][gc,phases   ] GC(4)   Pre Evacuate Collection Set: 0.3ms
[2024-12-16T03:08:41.235+0700][gc,phases   ] GC(4)   Merge Heap Roots: 0.1ms
[2024-12-16T03:08:41.235+0700][gc,phases   ] GC(4)   Evacuate Collection Set: 21.0ms
[2024-12-16T03:08:41.235+0700][gc,phases   ] GC(4)   Post Evacuate Collection Set: 0.6ms
[2024-12-16T03:08:41.235+0700][gc,phases   ] GC(4)   Other: 0.5ms
[2024-12-16T03:08:41.235+0700][gc,heap     ] GC(4) Eden regions: 14->0(50)
[2024-12-16T03:08:41.235+0700][gc,heap     ] GC(4) Survivor regions: 6->1(7)
[2024-12-16T03:08:41.235+0700][gc,heap     ] GC(4) Old regions: 8->14
[2024-12-16T03:08:41.235+0700][gc,heap     ] GC(4) Archive regions: 2->2
[2024-12-16T03:08:41.235+0700][gc,heap     ] GC(4) Humongous regions: 129->129
[2024-12-16T03:08:41.235+0700][gc,metaspace] GC(4) Metaspace: 35767K(35968K)->35767K(35968K) NonClass: 31773K(31872K)->31773K(31872K) Class: 3994K(4096K)->3994K(4096K)
[2024-12-16T03:08:41.235+0700][gc          ] GC(4) Pause Young (Concurrent Start) (Metadata GC Threshold) 157M->144M(1024M) 22.727ms
[2024-12-16T03:08:41.235+0700][gc,cpu      ] GC(4) User=0.03s Sys=0.02s Real=0.02s
[2024-12-16T03:08:41.235+0700][gc          ] GC(5) Concurrent Mark Cycle
[2024-12-16T03:08:41.235+0700][gc,marking  ] GC(5) Concurrent Clear Claimed Marks
[2024-12-16T03:08:41.235+0700][gc,marking  ] GC(5) Concurrent Clear Claimed Marks 0.023ms
[2024-12-16T03:08:41.235+0700][gc,marking  ] GC(5) Concurrent Scan Root Regions
[2024-12-16T03:08:41.248+0700][gc,marking  ] GC(5) Concurrent Scan Root Regions 12.457ms
[2024-12-16T03:08:41.248+0700][gc,marking  ] GC(5) Concurrent Mark
[2024-12-16T03:08:41.248+0700][gc,marking  ] GC(5) Concurrent Mark From Roots
[2024-12-16T03:08:41.248+0700][gc,task     ] GC(5) Using 1 workers of 1 for marking
[2024-12-16T03:08:41.268+0700][gc,marking  ] GC(5) Concurrent Mark From Roots 19.809ms
[2024-12-16T03:08:41.268+0700][gc,marking  ] GC(5) Concurrent Preclean
[2024-12-16T03:08:41.268+0700][gc,marking  ] GC(5) Concurrent Preclean 0.069ms
[2024-12-16T03:08:41.268+0700][gc,start    ] GC(5) Pause Remark
[2024-12-16T03:08:41.271+0700][gc          ] GC(5) Pause Remark 145M->145M(1024M) 2.940ms
[2024-12-16T03:08:41.271+0700][gc,cpu      ] GC(5) User=0.00s Sys=0.00s Real=0.00s
[2024-12-16T03:08:41.271+0700][gc,marking  ] GC(5) Concurrent Mark 23.757ms
[2024-12-16T03:08:41.271+0700][gc,marking  ] GC(5) Concurrent Rebuild Remembered Sets
[2024-12-16T03:08:41.282+0700][gc,marking  ] GC(5) Concurrent Rebuild Remembered Sets 10.057ms
[2024-12-16T03:08:41.282+0700][gc,start    ] GC(5) Pause Cleanup
[2024-12-16T03:08:41.282+0700][gc          ] GC(5) Pause Cleanup 145M->145M(1024M) 0.201ms
[2024-12-16T03:08:41.282+0700][gc,cpu      ] GC(5) User=0.00s Sys=0.00s Real=0.00s
[2024-12-16T03:08:41.282+0700][gc,marking  ] GC(5) Concurrent Cleanup for Next Mark
[2024-12-16T03:08:41.309+0700][gc,marking  ] GC(5) Concurrent Cleanup for Next Mark 27.180ms
[2024-12-16T03:08:41.309+0700][gc          ] GC(5) Concurrent Mark Cycle 73.992ms
[2024-12-16T03:37:11.329+0700][gc,heap,exit] Heap
[2024-12-16T03:37:11.329+0700][gc,heap,exit]  garbage-first heap   total 1048576K, used 182352K [0x00000000c0000000, 0x0000000100000000)
[2024-12-16T03:37:11.329+0700][gc,heap,exit]   region size 1024K, 35 young (35840K), 1 survivors (1024K)
[2024-12-16T03:37:11.329+0700][gc,heap,exit]  Metaspace       used 38352K, committed 38720K, reserved 1114112K
[2024-12-16T03:37:11.329+0700][gc,heap,exit]   class space    used 4359K, committed 4544K, reserved 1048576K
