[2024-12-15T11:25:37.067+0700][gc] Using G1
[2024-12-15T11:25:37.081+0700][gc,init] Version: 17.0.13+11-Ubuntu-2ubuntu122.04 (release)
[2024-12-15T11:25:37.081+0700][gc,init] CPUs: 2 total, 2 available
[2024-12-15T11:25:37.081+0700][gc,init] Memory: 3911M
[2024-12-15T11:25:37.081+0700][gc,init] Large Page Support: Disabled
[2024-12-15T11:25:37.081+0700][gc,init] NUMA Support: Disabled
[2024-12-15T11:25:37.081+0700][gc,init] Compressed Oops: Enabled (32-bit)
[2024-12-15T11:25:37.081+0700][gc,init] Heap Region Size: 1M
[2024-12-15T11:25:37.081+0700][gc,init] Heap Min Capacity: 1G
[2024-12-15T11:25:37.081+0700][gc,init] Heap Initial Capacity: 1G
[2024-12-15T11:25:37.081+0700][gc,init] Heap Max Capacity: 1G
[2024-12-15T11:25:37.081+0700][gc,init] Pre-touch: Disabled
[2024-12-15T11:25:37.081+0700][gc,init] Parallel Workers: 2
[2024-12-15T11:25:37.081+0700][gc,init] Concurrent Workers: 1
[2024-12-15T11:25:37.081+0700][gc,init] Concurrent Refinement Workers: 2
[2024-12-15T11:25:37.081+0700][gc,init] Periodic GC: Disabled
[2024-12-15T11:25:37.101+0700][gc,metaspace] CDS archive(s) mapped at: [0x00007f742f000000-0x00007f742fbc9000-0x00007f742fbc9000), size 12357632, SharedBaseAddress: 0x00007f742f000000, ArchiveRelocationMode: 1.
[2024-12-15T11:25:37.101+0700][gc,metaspace] Compressed class space mapped at: 0x00007f7430000000-0x00007f7470000000, reserved size: 1073741824
[2024-12-15T11:25:37.101+0700][gc,metaspace] Narrow klass base: 0x00007f742f000000, Narrow klass shift: 0, Narrow klass range: 0x100000000
[2024-12-15T11:25:42.763+0700][gc,start    ] GC(0) Pause Young (Normal) (G1 Evacuation Pause)
[2024-12-15T11:25:42.763+0700][gc,task     ] GC(0) Using 2 workers of 2 for evacuation
[2024-12-15T11:25:42.830+0700][gc,mmu      ] GC(0) MMU target violated: 21.0ms (20.0ms/21.0ms)
[2024-12-15T11:25:42.830+0700][gc,phases   ] GC(0)   Pre Evacuate Collection Set: 1.1ms
[2024-12-15T11:25:42.830+0700][gc,phases   ] GC(0)   Merge Heap Roots: 0.1ms
[2024-12-15T11:25:42.830+0700][gc,phases   ] GC(0)   Evacuate Collection Set: 63.6ms
[2024-12-15T11:25:42.830+0700][gc,phases   ] GC(0)   Post Evacuate Collection Set: 1.2ms
[2024-12-15T11:25:42.830+0700][gc,phases   ] GC(0)   Other: 0.4ms
[2024-12-15T11:25:42.830+0700][gc,heap     ] GC(0) Eden regions: 51->0(44)
[2024-12-15T11:25:42.830+0700][gc,heap     ] GC(0) Survivor regions: 0->7(7)
[2024-12-15T11:25:42.830+0700][gc,heap     ] GC(0) Old regions: 0->2
[2024-12-15T11:25:42.830+0700][gc,heap     ] GC(0) Archive regions: 2->2
[2024-12-15T11:25:42.830+0700][gc,heap     ] GC(0) Humongous regions: 0->0
[2024-12-15T11:25:42.830+0700][gc,metaspace] GC(0) Metaspace: 18027K(18240K)->18027K(18240K) NonClass: 15848K(15936K)->15848K(15936K) Class: 2179K(2304K)->2179K(2304K)
[2024-12-15T11:25:42.830+0700][gc          ] GC(0) Pause Young (Normal) (G1 Evacuation Pause) 51M->8M(1024M) 66.477ms
[2024-12-15T11:25:42.830+0700][gc,cpu      ] GC(0) User=0.03s Sys=0.00s Real=0.07s
[2024-12-15T11:25:43.354+0700][gc,heap,exit] Heap
[2024-12-15T11:25:43.354+0700][gc,heap,exit]  garbage-first heap   total 1048576K, used 13272K [0x00000000c0000000, 0x0000000100000000)
[2024-12-15T11:25:43.354+0700][gc,heap,exit]   region size 1024K, 11 young (11264K), 7 survivors (7168K)
[2024-12-15T11:25:43.354+0700][gc,heap,exit]  Metaspace       used 19019K, committed 19264K, reserved 1114112K
[2024-12-15T11:25:43.354+0700][gc,heap,exit]   class space    used 2309K, committed 2432K, reserved 1048576K
