[2024-12-16T03:06:50.256+0700][gc] Using G1
[2024-12-16T03:06:50.301+0700][gc,init] Version: 17.0.13+11-Ubuntu-2ubuntu122.04 (release)
[2024-12-16T03:06:50.301+0700][gc,init] CPUs: 2 total, 2 available
[2024-12-16T03:06:50.301+0700][gc,init] Memory: 3911M
[2024-12-16T03:06:50.301+0700][gc,init] Large Page Support: Disabled
[2024-12-16T03:06:50.301+0700][gc,init] NUMA Support: Disabled
[2024-12-16T03:06:50.301+0700][gc,init] Compressed Oops: Enabled (32-bit)
[2024-12-16T03:06:50.301+0700][gc,init] Heap Region Size: 1M
[2024-12-16T03:06:50.301+0700][gc,init] Heap Min Capacity: 1G
[2024-12-16T03:06:50.301+0700][gc,init] Heap Initial Capacity: 1G
[2024-12-16T03:06:50.301+0700][gc,init] Heap Max Capacity: 1G
[2024-12-16T03:06:50.301+0700][gc,init] Pre-touch: Disabled
[2024-12-16T03:06:50.301+0700][gc,init] Parallel Workers: 2
[2024-12-16T03:06:50.301+0700][gc,init] Concurrent Workers: 1
[2024-12-16T03:06:50.301+0700][gc,init] Concurrent Refinement Workers: 2
[2024-12-16T03:06:50.301+0700][gc,init] Periodic GC: Disabled
[2024-12-16T03:06:50.389+0700][gc,metaspace] CDS archive(s) mapped at: [0x00007f825b000000-0x00007f825bbc9000-0x00007f825bbc9000), size 12357632, SharedBaseAddress: 0x00007f825b000000, ArchiveRelocationMode: 1.
[2024-12-16T03:06:50.389+0700][gc,metaspace] Compressed class space mapped at: 0x00007f825c000000-0x00007f829c000000, reserved size: 1073741824
[2024-12-16T03:06:50.389+0700][gc,metaspace] Narrow klass base: 0x00007f825b000000, Narrow klass shift: 0, Narrow klass range: 0x100000000
[2024-12-16T03:06:56.251+0700][gc,start    ] GC(0) Pause Young (Normal) (G1 Evacuation Pause)
[2024-12-16T03:06:56.251+0700][gc,task     ] GC(0) Using 2 workers of 2 for evacuation
[2024-12-16T03:06:56.275+0700][gc,mmu      ] GC(0) MMU target violated: 21.0ms (20.0ms/21.0ms)
[2024-12-16T03:06:56.275+0700][gc,phases   ] GC(0)   Pre Evacuate Collection Set: 0.2ms
[2024-12-16T03:06:56.275+0700][gc,phases   ] GC(0)   Merge Heap Roots: 0.7ms
[2024-12-16T03:06:56.275+0700][gc,phases   ] GC(0)   Evacuate Collection Set: 21.5ms
[2024-12-16T03:06:56.275+0700][gc,phases   ] GC(0)   Post Evacuate Collection Set: 1.9ms
[2024-12-16T03:06:56.275+0700][gc,phases   ] GC(0)   Other: 0.6ms
[2024-12-16T03:06:56.275+0700][gc,heap     ] GC(0) Eden regions: 51->0(44)
[2024-12-16T03:06:56.275+0700][gc,heap     ] GC(0) Survivor regions: 0->7(7)
[2024-12-16T03:06:56.275+0700][gc,heap     ] GC(0) Old regions: 0->1
[2024-12-16T03:06:56.275+0700][gc,heap     ] GC(0) Archive regions: 2->2
[2024-12-16T03:06:56.275+0700][gc,heap     ] GC(0) Humongous regions: 0->0
[2024-12-16T03:06:56.275+0700][gc,metaspace] GC(0) Metaspace: 17833K(18112K)->17833K(18112K) NonClass: 15673K(15808K)->15673K(15808K) Class: 2160K(2304K)->2160K(2304K)
[2024-12-16T03:06:56.275+0700][gc          ] GC(0) Pause Young (Normal) (G1 Evacuation Pause) 51M->8M(1024M) 24.892ms
[2024-12-16T03:06:56.275+0700][gc,cpu      ] GC(0) User=0.02s Sys=0.01s Real=0.02s
[2024-12-16T03:06:57.047+0700][gc,start    ] GC(1) Pause Young (Concurrent Start) (Metadata GC Threshold)
[2024-12-16T03:06:57.047+0700][gc,task     ] GC(1) Using 2 workers of 2 for evacuation
[2024-12-16T03:06:57.072+0700][gc,mmu      ] GC(1) MMU target violated: 21.0ms (20.0ms/21.0ms)
[2024-12-16T03:06:57.072+0700][gc,phases   ] GC(1)   Pre Evacuate Collection Set: 0.3ms
[2024-12-16T03:06:57.072+0700][gc,phases   ] GC(1)   Merge Heap Roots: 0.1ms
[2024-12-16T03:06:57.072+0700][gc,phases   ] GC(1)   Evacuate Collection Set: 23.6ms
[2024-12-16T03:06:57.072+0700][gc,phases   ] GC(1)   Post Evacuate Collection Set: 0.7ms
[2024-12-16T03:06:57.072+0700][gc,phases   ] GC(1)   Other: 0.3ms
[2024-12-16T03:06:57.072+0700][gc,heap     ] GC(1) Eden regions: 15->0(49)
[2024-12-16T03:06:57.072+0700][gc,heap     ] GC(1) Survivor regions: 7->2(7)
[2024-12-16T03:06:57.072+0700][gc,heap     ] GC(1) Old regions: 1->8
[2024-12-16T03:06:57.072+0700][gc,heap     ] GC(1) Archive regions: 2->2
[2024-12-16T03:06:57.072+0700][gc,heap     ] GC(1) Humongous regions: 129->129
[2024-12-16T03:06:57.072+0700][gc,metaspace] GC(1) Metaspace: 21315K(21504K)->21315K(21504K) NonClass: 18740K(18880K)->18740K(18880K) Class: 2574K(2624K)->2574K(2624K)
[2024-12-16T03:06:57.072+0700][gc          ] GC(1) Pause Young (Concurrent Start) (Metadata GC Threshold) 152M->139M(1024M) 25.165ms
[2024-12-16T03:06:57.072+0700][gc,cpu      ] GC(1) User=0.02s Sys=0.01s Real=0.02s
[2024-12-16T03:06:57.073+0700][gc          ] GC(2) Concurrent Mark Cycle
[2024-12-16T03:06:57.073+0700][gc,marking  ] GC(2) Concurrent Clear Claimed Marks
[2024-12-16T03:06:57.073+0700][gc,marking  ] GC(2) Concurrent Clear Claimed Marks 0.023ms
[2024-12-16T03:06:57.073+0700][gc,marking  ] GC(2) Concurrent Scan Root Regions
[2024-12-16T03:06:57.076+0700][gc,marking  ] GC(2) Concurrent Scan Root Regions 3.561ms
[2024-12-16T03:06:57.076+0700][gc,marking  ] GC(2) Concurrent Mark
[2024-12-16T03:06:57.076+0700][gc,marking  ] GC(2) Concurrent Mark From Roots
[2024-12-16T03:06:57.076+0700][gc,task     ] GC(2) Using 1 workers of 1 for marking
[2024-12-16T03:06:57.080+0700][gc,marking  ] GC(2) Concurrent Mark From Roots 4.085ms
[2024-12-16T03:06:57.080+0700][gc,marking  ] GC(2) Concurrent Preclean
[2024-12-16T03:06:57.080+0700][gc,marking  ] GC(2) Concurrent Preclean 0.032ms
[2024-12-16T03:06:57.081+0700][gc,start    ] GC(2) Pause Remark
[2024-12-16T03:06:57.084+0700][gc          ] GC(2) Pause Remark 140M->140M(1024M) 2.683ms
[2024-12-16T03:06:57.084+0700][gc,cpu      ] GC(2) User=0.01s Sys=0.00s Real=0.00s
[2024-12-16T03:06:57.084+0700][gc,marking  ] GC(2) Concurrent Mark 7.671ms
[2024-12-16T03:06:57.084+0700][gc,marking  ] GC(2) Concurrent Rebuild Remembered Sets
[2024-12-16T03:06:57.088+0700][gc,marking  ] GC(2) Concurrent Rebuild Remembered Sets 3.928ms
[2024-12-16T03:06:57.088+0700][gc,start    ] GC(2) Pause Cleanup
[2024-12-16T03:06:57.088+0700][gc          ] GC(2) Pause Cleanup 140M->140M(1024M) 0.136ms
[2024-12-16T03:06:57.088+0700][gc,cpu      ] GC(2) User=0.00s Sys=0.00s Real=0.00s
[2024-12-16T03:06:57.088+0700][gc,marking  ] GC(2) Concurrent Cleanup for Next Mark
[2024-12-16T03:06:57.102+0700][gc,marking  ] GC(2) Concurrent Cleanup for Next Mark 13.434ms
[2024-12-16T03:06:57.102+0700][gc          ] GC(2) Concurrent Mark Cycle 29.103ms
[2024-12-16T03:06:58.483+0700][gc,start    ] GC(3) Pause Young (Normal) (G1 Evacuation Pause)
[2024-12-16T03:06:58.483+0700][gc,task     ] GC(3) Using 2 workers of 2 for evacuation
[2024-12-16T03:06:58.498+0700][gc,phases   ] GC(3)   Pre Evacuate Collection Set: 0.2ms
[2024-12-16T03:06:58.498+0700][gc,phases   ] GC(3)   Merge Heap Roots: 0.1ms
[2024-12-16T03:06:58.498+0700][gc,phases   ] GC(3)   Evacuate Collection Set: 13.6ms
[2024-12-16T03:06:58.498+0700][gc,phases   ] GC(3)   Post Evacuate Collection Set: 0.7ms
[2024-12-16T03:06:58.498+0700][gc,phases   ] GC(3)   Other: 0.2ms
[2024-12-16T03:06:58.498+0700][gc,heap     ] GC(3) Eden regions: 49->0(44)
[2024-12-16T03:06:58.498+0700][gc,heap     ] GC(3) Survivor regions: 2->7(7)
[2024-12-16T03:06:58.498+0700][gc,heap     ] GC(3) Old regions: 8->8
[2024-12-16T03:06:58.498+0700][gc,heap     ] GC(3) Archive regions: 2->2
[2024-12-16T03:06:58.498+0700][gc,heap     ] GC(3) Humongous regions: 129->129
[2024-12-16T03:06:58.498+0700][gc,metaspace] GC(3) Metaspace: 32524K(32768K)->32524K(32768K) NonClass: 28897K(28992K)->28897K(28992K) Class: 3627K(3776K)->3627K(3776K)
[2024-12-16T03:06:58.498+0700][gc          ] GC(3) Pause Young (Normal) (G1 Evacuation Pause) 188M->144M(1024M) 14.880ms
[2024-12-16T03:06:58.498+0700][gc,cpu      ] GC(3) User=0.03s Sys=0.00s Real=0.01s
[2024-12-16T03:06:58.890+0700][gc,start    ] GC(4) Pause Young (Concurrent Start) (Metadata GC Threshold)
[2024-12-16T03:06:58.890+0700][gc,task     ] GC(4) Using 2 workers of 2 for evacuation
[2024-12-16T03:06:58.925+0700][gc,mmu      ] GC(4) MMU target violated: 21.0ms (20.0ms/21.0ms)
[2024-12-16T03:06:58.925+0700][gc,phases   ] GC(4)   Pre Evacuate Collection Set: 0.4ms
[2024-12-16T03:06:58.925+0700][gc,phases   ] GC(4)   Merge Heap Roots: 0.1ms
[2024-12-16T03:06:58.925+0700][gc,phases   ] GC(4)   Evacuate Collection Set: 32.3ms
[2024-12-16T03:06:58.925+0700][gc,phases   ] GC(4)   Post Evacuate Collection Set: 1.4ms
[2024-12-16T03:06:58.925+0700][gc,phases   ] GC(4)   Other: 1.0ms
[2024-12-16T03:06:58.925+0700][gc,heap     ] GC(4) Eden regions: 15->0(50)
[2024-12-16T03:06:58.925+0700][gc,heap     ] GC(4) Survivor regions: 7->1(7)
[2024-12-16T03:06:58.925+0700][gc,heap     ] GC(4) Old regions: 8->14
[2024-12-16T03:06:58.925+0700][gc,heap     ] GC(4) Archive regions: 2->2
[2024-12-16T03:06:58.925+0700][gc,heap     ] GC(4) Humongous regions: 129->129
[2024-12-16T03:06:58.925+0700][gc,metaspace] GC(4) Metaspace: 35883K(36096K)->35883K(36096K) NonClass: 31912K(32000K)->31912K(32000K) Class: 3970K(4096K)->3970K(4096K)
[2024-12-16T03:06:58.925+0700][gc          ] GC(4) Pause Young (Concurrent Start) (Metadata GC Threshold) 158M->144M(1024M) 35.358ms
[2024-12-16T03:06:58.925+0700][gc,cpu      ] GC(4) User=0.04s Sys=0.03s Real=0.03s
[2024-12-16T03:06:58.925+0700][gc          ] GC(5) Concurrent Mark Cycle
[2024-12-16T03:06:58.925+0700][gc,marking  ] GC(5) Concurrent Clear Claimed Marks
[2024-12-16T03:06:58.925+0700][gc,marking  ] GC(5) Concurrent Clear Claimed Marks 0.030ms
[2024-12-16T03:06:58.925+0700][gc,marking  ] GC(5) Concurrent Scan Root Regions
[2024-12-16T03:06:58.932+0700][gc,marking  ] GC(5) Concurrent Scan Root Regions 6.360ms
[2024-12-16T03:06:58.932+0700][gc,marking  ] GC(5) Concurrent Mark
[2024-12-16T03:06:58.932+0700][gc,marking  ] GC(5) Concurrent Mark From Roots
[2024-12-16T03:06:58.932+0700][gc,task     ] GC(5) Using 1 workers of 1 for marking
[2024-12-16T03:06:58.980+0700][gc,marking  ] GC(5) Concurrent Mark From Roots 48.830ms
[2024-12-16T03:06:58.980+0700][gc,marking  ] GC(5) Concurrent Preclean
[2024-12-16T03:06:58.981+0700][gc,marking  ] GC(5) Concurrent Preclean 0.120ms
[2024-12-16T03:06:58.981+0700][gc,start    ] GC(5) Pause Remark
[2024-12-16T03:06:58.984+0700][gc          ] GC(5) Pause Remark 146M->146M(1024M) 3.484ms
[2024-12-16T03:06:58.984+0700][gc,cpu      ] GC(5) User=0.01s Sys=0.00s Real=0.00s
[2024-12-16T03:06:58.984+0700][gc,marking  ] GC(5) Concurrent Mark 52.729ms
[2024-12-16T03:06:58.984+0700][gc,marking  ] GC(5) Concurrent Rebuild Remembered Sets
[2024-12-16T03:06:58.984+0700][gc,marking  ] GC(5) Concurrent Rebuild Remembered Sets 0.006ms
[2024-12-16T03:06:58.984+0700][gc,start    ] GC(5) Pause Cleanup
[2024-12-16T03:06:58.984+0700][gc          ] GC(5) Pause Cleanup 146M->146M(1024M) 0.026ms
[2024-12-16T03:06:58.984+0700][gc,cpu      ] GC(5) User=0.00s Sys=0.00s Real=0.00s
[2024-12-16T03:06:58.984+0700][gc,marking  ] GC(5) Concurrent Cleanup for Next Mark
[2024-12-16T03:06:59.048+0700][gc,marking  ] GC(5) Concurrent Cleanup for Next Mark 63.721ms
[2024-12-16T03:06:59.048+0700][gc          ] GC(5) Concurrent Mark Cycle 123.169ms
[2024-12-16T03:08:35.228+0700][gc,heap,exit] Heap
[2024-12-16T03:08:35.229+0700][gc,heap,exit]  garbage-first heap   total 1048576K, used 191510K [0x00000000c0000000, 0x0000000100000000)
[2024-12-16T03:08:35.229+0700][gc,heap,exit]   region size 1024K, 44 young (45056K), 1 survivors (1024K)
[2024-12-16T03:08:35.229+0700][gc,heap,exit]  Metaspace       used 40023K, committed 40384K, reserved 1114112K
[2024-12-16T03:08:35.229+0700][gc,heap,exit]   class space    used 4704K, committed 4864K, reserved 1048576K
