[2024-12-16T22:08:15.723+0700][gc] Using G1
[2024-12-16T22:08:15.743+0700][gc,init] Version: 17.0.13+11-Ubuntu-2ubuntu122.04 (release)
[2024-12-16T22:08:15.743+0700][gc,init] CPUs: 2 total, 2 available
[2024-12-16T22:08:15.744+0700][gc,init] Memory: 3911M
[2024-12-16T22:08:15.744+0700][gc,init] Large Page Support: Disabled
[2024-12-16T22:08:15.744+0700][gc,init] NUMA Support: Disabled
[2024-12-16T22:08:15.744+0700][gc,init] Compressed Oops: Enabled (32-bit)
[2024-12-16T22:08:15.744+0700][gc,init] Heap Region Size: 1M
[2024-12-16T22:08:15.744+0700][gc,init] Heap Min Capacity: 1G
[2024-12-16T22:08:15.744+0700][gc,init] Heap Initial Capacity: 1G
[2024-12-16T22:08:15.744+0700][gc,init] Heap Max Capacity: 1G
[2024-12-16T22:08:15.744+0700][gc,init] Pre-touch: Disabled
[2024-12-16T22:08:15.744+0700][gc,init] Parallel Workers: 2
[2024-12-16T22:08:15.744+0700][gc,init] Concurrent Workers: 1
[2024-12-16T22:08:15.744+0700][gc,init] Concurrent Refinement Workers: 2
[2024-12-16T22:08:15.744+0700][gc,init] Periodic GC: Disabled
[2024-12-16T22:08:15.769+0700][gc,metaspace] CDS archive(s) mapped at: [0x00007f508f000000-0x00007f508fbc9000-0x00007f508fbc9000), size 12357632, SharedBaseAddress: 0x00007f508f000000, ArchiveRelocationMode: 1.
[2024-12-16T22:08:15.770+0700][gc,metaspace] Compressed class space mapped at: 0x00007f5090000000-0x00007f50d0000000, reserved size: 1073741824
[2024-12-16T22:08:15.770+0700][gc,metaspace] Narrow klass base: 0x00007f508f000000, Narrow klass shift: 0, Narrow klass range: 0x100000000
[2024-12-16T22:08:18.106+0700][gc,start    ] GC(0) Pause Young (Normal) (G1 Evacuation Pause)
[2024-12-16T22:08:18.107+0700][gc,task     ] GC(0) Using 2 workers of 2 for evacuation
[2024-12-16T22:08:18.127+0700][gc,mmu      ] GC(0) MMU target violated: 20.3ms (20.0ms/21.0ms)
[2024-12-16T22:08:18.127+0700][gc,phases   ] GC(0)   Pre Evacuate Collection Set: 0.3ms
[2024-12-16T22:08:18.127+0700][gc,phases   ] GC(0)   Merge Heap Roots: 0.1ms
[2024-12-16T22:08:18.127+0700][gc,phases   ] GC(0)   Evacuate Collection Set: 19.0ms
[2024-12-16T22:08:18.127+0700][gc,phases   ] GC(0)   Post Evacuate Collection Set: 0.8ms
[2024-12-16T22:08:18.127+0700][gc,phases   ] GC(0)   Other: 0.9ms
[2024-12-16T22:08:18.127+0700][gc,heap     ] GC(0) Eden regions: 51->0(44)
[2024-12-16T22:08:18.127+0700][gc,heap     ] GC(0) Survivor regions: 0->7(7)
[2024-12-16T22:08:18.127+0700][gc,heap     ] GC(0) Old regions: 0->1
[2024-12-16T22:08:18.127+0700][gc,heap     ] GC(0) Archive regions: 2->2
[2024-12-16T22:08:18.127+0700][gc,heap     ] GC(0) Humongous regions: 0->0
[2024-12-16T22:08:18.127+0700][gc,metaspace] GC(0) Metaspace: 17733K(17920K)->17733K(17920K) NonClass: 15585K(15680K)->15585K(15680K) Class: 2147K(2240K)->2147K(2240K)
[2024-12-16T22:08:18.127+0700][gc          ] GC(0) Pause Young (Normal) (G1 Evacuation Pause) 51M->8M(1024M) 21.182ms
[2024-12-16T22:08:18.127+0700][gc,cpu      ] GC(0) User=0.03s Sys=0.02s Real=0.03s
[2024-12-16T22:08:18.924+0700][gc,start    ] GC(1) Pause Young (Concurrent Start) (Metadata GC Threshold)
[2024-12-16T22:08:18.924+0700][gc,task     ] GC(1) Using 2 workers of 2 for evacuation
[2024-12-16T22:08:18.965+0700][gc,mmu      ] GC(1) MMU target violated: 21.0ms (20.0ms/21.0ms)
[2024-12-16T22:08:18.965+0700][gc,phases   ] GC(1)   Pre Evacuate Collection Set: 0.4ms
[2024-12-16T22:08:18.965+0700][gc,phases   ] GC(1)   Merge Heap Roots: 0.1ms
[2024-12-16T22:08:18.965+0700][gc,phases   ] GC(1)   Evacuate Collection Set: 38.2ms
[2024-12-16T22:08:18.965+0700][gc,phases   ] GC(1)   Post Evacuate Collection Set: 1.1ms
[2024-12-16T22:08:18.965+0700][gc,phases   ] GC(1)   Other: 0.6ms
[2024-12-16T22:08:18.965+0700][gc,heap     ] GC(1) Eden regions: 15->0(49)
[2024-12-16T22:08:18.965+0700][gc,heap     ] GC(1) Survivor regions: 7->2(7)
[2024-12-16T22:08:18.965+0700][gc,heap     ] GC(1) Old regions: 1->9
[2024-12-16T22:08:18.965+0700][gc,heap     ] GC(1) Archive regions: 2->2
[2024-12-16T22:08:18.965+0700][gc,heap     ] GC(1) Humongous regions: 129->129
[2024-12-16T22:08:18.965+0700][gc,metaspace] GC(1) Metaspace: 21331K(21504K)->21331K(21504K) NonClass: 18730K(18816K)->18730K(18816K) Class: 2600K(2688K)->2600K(2688K)
[2024-12-16T22:08:18.965+0700][gc          ] GC(1) Pause Young (Concurrent Start) (Metadata GC Threshold) 152M->140M(1024M) 40.404ms
[2024-12-16T22:08:18.965+0700][gc,cpu      ] GC(1) User=0.04s Sys=0.04s Real=0.04s
[2024-12-16T22:08:18.965+0700][gc          ] GC(2) Concurrent Mark Cycle
[2024-12-16T22:08:18.965+0700][gc,marking  ] GC(2) Concurrent Clear Claimed Marks
[2024-12-16T22:08:18.965+0700][gc,marking  ] GC(2) Concurrent Clear Claimed Marks 0.061ms
[2024-12-16T22:08:18.965+0700][gc,marking  ] GC(2) Concurrent Scan Root Regions
[2024-12-16T22:08:18.973+0700][gc,marking  ] GC(2) Concurrent Scan Root Regions 8.220ms
[2024-12-16T22:08:18.973+0700][gc,marking  ] GC(2) Concurrent Mark
[2024-12-16T22:08:18.973+0700][gc,marking  ] GC(2) Concurrent Mark From Roots
[2024-12-16T22:08:18.973+0700][gc,task     ] GC(2) Using 1 workers of 1 for marking
[2024-12-16T22:08:18.979+0700][gc,marking  ] GC(2) Concurrent Mark From Roots 5.985ms
[2024-12-16T22:08:18.979+0700][gc,marking  ] GC(2) Concurrent Preclean
[2024-12-16T22:08:18.980+0700][gc,marking  ] GC(2) Concurrent Preclean 0.051ms
[2024-12-16T22:08:18.980+0700][gc,start    ] GC(2) Pause Remark
[2024-12-16T22:08:18.984+0700][gc          ] GC(2) Pause Remark 141M->141M(1024M) 4.516ms
[2024-12-16T22:08:18.984+0700][gc,cpu      ] GC(2) User=0.00s Sys=0.00s Real=0.00s
[2024-12-16T22:08:18.984+0700][gc,marking  ] GC(2) Concurrent Mark 10.827ms
[2024-12-16T22:08:18.984+0700][gc,marking  ] GC(2) Concurrent Rebuild Remembered Sets
[2024-12-16T22:08:18.989+0700][gc,marking  ] GC(2) Concurrent Rebuild Remembered Sets 5.168ms
[2024-12-16T22:08:18.992+0700][gc,start    ] GC(2) Pause Cleanup
[2024-12-16T22:08:18.992+0700][gc          ] GC(2) Pause Cleanup 141M->141M(1024M) 0.257ms
[2024-12-16T22:08:18.992+0700][gc,cpu      ] GC(2) User=0.01s Sys=0.00s Real=0.00s
[2024-12-16T22:08:18.992+0700][gc,marking  ] GC(2) Concurrent Cleanup for Next Mark
[2024-12-16T22:08:19.053+0700][gc,marking  ] GC(2) Concurrent Cleanup for Next Mark 61.467ms
[2024-12-16T22:08:19.054+0700][gc          ] GC(2) Concurrent Mark Cycle 88.501ms
[2024-12-16T22:08:20.356+0700][gc,start    ] GC(3) Pause Young (Normal) (G1 Evacuation Pause)
[2024-12-16T22:08:20.356+0700][gc,task     ] GC(3) Using 2 workers of 2 for evacuation
[2024-12-16T22:08:20.374+0700][gc,phases   ] GC(3)   Pre Evacuate Collection Set: 0.4ms
[2024-12-16T22:08:20.374+0700][gc,phases   ] GC(3)   Merge Heap Roots: 0.1ms
[2024-12-16T22:08:20.374+0700][gc,phases   ] GC(3)   Evacuate Collection Set: 16.4ms
[2024-12-16T22:08:20.374+0700][gc,phases   ] GC(3)   Post Evacuate Collection Set: 1.2ms
[2024-12-16T22:08:20.374+0700][gc,phases   ] GC(3)   Other: 0.2ms
[2024-12-16T22:08:20.374+0700][gc,heap     ] GC(3) Eden regions: 49->0(45)
[2024-12-16T22:08:20.374+0700][gc,heap     ] GC(3) Survivor regions: 2->6(7)
[2024-12-16T22:08:20.374+0700][gc,heap     ] GC(3) Old regions: 9->9
[2024-12-16T22:08:20.374+0700][gc,heap     ] GC(3) Archive regions: 2->2
[2024-12-16T22:08:20.374+0700][gc,heap     ] GC(3) Humongous regions: 129->129
[2024-12-16T22:08:20.374+0700][gc,metaspace] GC(3) Metaspace: 32589K(32768K)->32589K(32768K) NonClass: 28965K(29056K)->28965K(29056K) Class: 3624K(3712K)->3624K(3712K)
[2024-12-16T22:08:20.374+0700][gc          ] GC(3) Pause Young (Normal) (G1 Evacuation Pause) 189M->144M(1024M) 18.514ms
[2024-12-16T22:08:20.374+0700][gc,cpu      ] GC(3) User=0.04s Sys=0.00s Real=0.02s
[2024-12-16T22:08:20.968+0700][gc,start    ] GC(4) Pause Young (Concurrent Start) (Metadata GC Threshold)
[2024-12-16T22:08:20.968+0700][gc,task     ] GC(4) Using 2 workers of 2 for evacuation
[2024-12-16T22:08:21.016+0700][gc,mmu      ] GC(4) MMU target violated: 21.0ms (20.0ms/21.0ms)
[2024-12-16T22:08:21.016+0700][gc,phases   ] GC(4)   Pre Evacuate Collection Set: 2.2ms
[2024-12-16T22:08:21.016+0700][gc,phases   ] GC(4)   Merge Heap Roots: 0.2ms
[2024-12-16T22:08:21.016+0700][gc,phases   ] GC(4)   Evacuate Collection Set: 43.5ms
[2024-12-16T22:08:21.016+0700][gc,phases   ] GC(4)   Post Evacuate Collection Set: 1.2ms
[2024-12-16T22:08:21.016+0700][gc,phases   ] GC(4)   Other: 1.1ms
[2024-12-16T22:08:21.017+0700][gc,heap     ] GC(4) Eden regions: 14->0(50)
[2024-12-16T22:08:21.017+0700][gc,heap     ] GC(4) Survivor regions: 6->1(7)
[2024-12-16T22:08:21.017+0700][gc,heap     ] GC(4) Old regions: 9->14
[2024-12-16T22:08:21.017+0700][gc,heap     ] GC(4) Archive regions: 2->2
[2024-12-16T22:08:21.017+0700][gc,heap     ] GC(4) Humongous regions: 129->129
[2024-12-16T22:08:21.017+0700][gc,metaspace] GC(4) Metaspace: 35750K(35968K)->35750K(35968K) NonClass: 31760K(31872K)->31760K(31872K) Class: 3989K(4096K)->3989K(4096K)
[2024-12-16T22:08:21.017+0700][gc          ] GC(4) Pause Young (Concurrent Start) (Metadata GC Threshold) 157M->144M(1024M) 48.258ms
[2024-12-16T22:08:21.017+0700][gc,cpu      ] GC(4) User=0.06s Sys=0.02s Real=0.04s
[2024-12-16T22:08:21.017+0700][gc          ] GC(5) Concurrent Mark Cycle
[2024-12-16T22:08:21.017+0700][gc,marking  ] GC(5) Concurrent Clear Claimed Marks
[2024-12-16T22:08:21.017+0700][gc,marking  ] GC(5) Concurrent Clear Claimed Marks 0.046ms
[2024-12-16T22:08:21.017+0700][gc,marking  ] GC(5) Concurrent Scan Root Regions
[2024-12-16T22:08:21.050+0700][gc,marking  ] GC(5) Concurrent Scan Root Regions 32.677ms
[2024-12-16T22:08:21.050+0700][gc,marking  ] GC(5) Concurrent Mark
[2024-12-16T22:08:21.050+0700][gc,marking  ] GC(5) Concurrent Mark From Roots
[2024-12-16T22:08:21.050+0700][gc,task     ] GC(5) Using 1 workers of 1 for marking
[2024-12-16T22:08:21.082+0700][gc,marking  ] GC(5) Concurrent Mark From Roots 32.034ms
[2024-12-16T22:08:21.082+0700][gc,marking  ] GC(5) Concurrent Preclean
[2024-12-16T22:08:21.082+0700][gc,marking  ] GC(5) Concurrent Preclean 0.120ms
[2024-12-16T22:08:21.082+0700][gc,start    ] GC(5) Pause Remark
[2024-12-16T22:08:21.089+0700][gc          ] GC(5) Pause Remark 145M->145M(1024M) 6.499ms
[2024-12-16T22:08:21.089+0700][gc,cpu      ] GC(5) User=0.02s Sys=0.00s Real=0.01s
[2024-12-16T22:08:21.089+0700][gc,marking  ] GC(5) Concurrent Mark 39.288ms
[2024-12-16T22:08:21.089+0700][gc,marking  ] GC(5) Concurrent Rebuild Remembered Sets
[2024-12-16T22:08:21.110+0700][gc,marking  ] GC(5) Concurrent Rebuild Remembered Sets 21.269ms
[2024-12-16T22:08:21.110+0700][gc,start    ] GC(5) Pause Cleanup
[2024-12-16T22:08:21.111+0700][gc          ] GC(5) Pause Cleanup 145M->145M(1024M) 0.630ms
[2024-12-16T22:08:21.111+0700][gc,cpu      ] GC(5) User=0.00s Sys=0.00s Real=0.00s
[2024-12-16T22:08:21.111+0700][gc,marking  ] GC(5) Concurrent Cleanup for Next Mark
[2024-12-16T22:08:21.187+0700][gc,marking  ] GC(5) Concurrent Cleanup for Next Mark 75.946ms
[2024-12-16T22:08:21.187+0700][gc          ] GC(5) Concurrent Mark Cycle 170.606ms
[2024-12-16T23:43:29.539+0700][gc,start    ] GC(6) Pause Young (Prepare Mixed) (G1 Evacuation Pause)
[2024-12-16T23:43:29.539+0700][gc,task     ] GC(6) Using 2 workers of 2 for evacuation
[2024-12-16T23:43:29.579+0700][gc,mmu      ] GC(6) MMU target violated: 21.0ms (20.0ms/21.0ms)
[2024-12-16T23:43:29.579+0700][gc,phases   ] GC(6)   Pre Evacuate Collection Set: 5.8ms
[2024-12-16T23:43:29.579+0700][gc,phases   ] GC(6)   Merge Heap Roots: 0.6ms
[2024-12-16T23:43:29.579+0700][gc,phases   ] GC(6)   Evacuate Collection Set: 29.6ms
[2024-12-16T23:43:29.579+0700][gc,phases   ] GC(6)   Post Evacuate Collection Set: 3.4ms
[2024-12-16T23:43:29.579+0700][gc,phases   ] GC(6)   Other: 1.7ms
[2024-12-16T23:43:29.579+0700][gc,heap     ] GC(6) Eden regions: 50->0(49)
[2024-12-16T23:43:29.579+0700][gc,heap     ] GC(6) Survivor regions: 1->2(7)
[2024-12-16T23:43:29.579+0700][gc,heap     ] GC(6) Old regions: 14->14
[2024-12-16T23:43:29.579+0700][gc,heap     ] GC(6) Archive regions: 2->2
[2024-12-16T23:43:29.579+0700][gc,heap     ] GC(6) Humongous regions: 129->129
[2024-12-16T23:43:29.580+0700][gc,metaspace] GC(6) Metaspace: 37635K(38016K)->37635K(38016K) NonClass: 33478K(33664K)->33478K(33664K) Class: 4157K(4352K)->4157K(4352K)
[2024-12-16T23:43:29.580+0700][gc          ] GC(6) Pause Young (Prepare Mixed) (G1 Evacuation Pause) 194M->144M(1024M) 40.963ms
[2024-12-16T23:43:29.580+0700][gc,cpu      ] GC(6) User=0.07s Sys=0.00s Real=0.05s
[2024-12-17T00:11:07.525+0700][gc,heap,exit] Heap
[2024-12-17T00:11:07.525+0700][gc,heap,exit]  garbage-first heap   total 1048576K, used 195817K [0x00000000c0000000, 0x0000000100000000)
[2024-12-17T00:11:07.525+0700][gc,heap,exit]   region size 1024K, 49 young (50176K), 2 survivors (2048K)
[2024-12-17T00:11:07.525+0700][gc,heap,exit]  Metaspace       used 40618K, committed 41024K, reserved 1114112K
[2024-12-17T00:11:07.525+0700][gc,heap,exit]   class space    used 4697K, committed 4864K, reserved 1048576K
