[2024-12-16T03:37:07.274+0700][gc] Using G1
[2024-12-16T03:37:07.290+0700][gc,init] Version: 17.0.13+11-Ubuntu-2ubuntu122.04 (release)
[2024-12-16T03:37:07.290+0700][gc,init] CPUs: 2 total, 2 available
[2024-12-16T03:37:07.291+0700][gc,init] Memory: 3911M
[2024-12-16T03:37:07.291+0700][gc,init] Large Page Support: Disabled
[2024-12-16T03:37:07.291+0700][gc,init] NUMA Support: Disabled
[2024-12-16T03:37:07.291+0700][gc,init] Compressed Oops: Enabled (32-bit)
[2024-12-16T03:37:07.291+0700][gc,init] Heap Region Size: 1M
[2024-12-16T03:37:07.291+0700][gc,init] Heap Min Capacity: 512M
[2024-12-16T03:37:07.291+0700][gc,init] Heap Initial Capacity: 512M
[2024-12-16T03:37:07.291+0700][gc,init] Heap Max Capacity: 512M
[2024-12-16T03:37:07.291+0700][gc,init] Pre-touch: Disabled
[2024-12-16T03:37:07.291+0700][gc,init] Parallel Workers: 2
[2024-12-16T03:37:07.291+0700][gc,init] Concurrent Workers: 1
[2024-12-16T03:37:07.291+0700][gc,init] Concurrent Refinement Workers: 2
[2024-12-16T03:37:07.291+0700][gc,init] Periodic GC: Disabled
[2024-12-16T03:37:07.326+0700][gc,metaspace] CDS archive(s) mapped at: [0x00007f014f000000-0x00007f014fbc9000-0x00007f014fbc9000), size 12357632, SharedBaseAddress: 0x00007f014f000000, ArchiveRelocationMode: 1.
[2024-12-16T03:37:07.326+0700][gc,metaspace] Compressed class space mapped at: 0x00007f0150000000-0x00007f0190000000, reserved size: 1073741824
[2024-12-16T03:37:07.326+0700][gc,metaspace] Narrow klass base: 0x00007f014f000000, Narrow klass shift: 0, Narrow klass range: 0x100000000
[2024-12-16T03:37:08.799+0700][gc,start    ] GC(0) Pause Young (Normal) (G1 Evacuation Pause)
[2024-12-16T03:37:08.800+0700][gc,task     ] GC(0) Using 2 workers of 2 for evacuation
[2024-12-16T03:37:08.834+0700][gc,mmu      ] GC(0) MMU target violated: 21.0ms (20.0ms/21.0ms)
[2024-12-16T03:37:08.835+0700][gc,phases   ] GC(0)   Pre Evacuate Collection Set: 0.3ms
[2024-12-16T03:37:08.835+0700][gc,phases   ] GC(0)   Merge Heap Roots: 0.2ms
[2024-12-16T03:37:08.835+0700][gc,phases   ] GC(0)   Evacuate Collection Set: 32.7ms
[2024-12-16T03:37:08.835+0700][gc,phases   ] GC(0)   Post Evacuate Collection Set: 1.2ms
[2024-12-16T03:37:08.835+0700][gc,phases   ] GC(0)   Other: 0.9ms
[2024-12-16T03:37:08.835+0700][gc,heap     ] GC(0) Eden regions: 25->0(21)
[2024-12-16T03:37:08.835+0700][gc,heap     ] GC(0) Survivor regions: 0->4(4)
[2024-12-16T03:37:08.835+0700][gc,heap     ] GC(0) Old regions: 0->4
[2024-12-16T03:37:08.835+0700][gc,heap     ] GC(0) Archive regions: 2->2
[2024-12-16T03:37:08.835+0700][gc,heap     ] GC(0) Humongous regions: 0->0
[2024-12-16T03:37:08.835+0700][gc,metaspace] GC(0) Metaspace: 8037K(8192K)->8037K(8192K) NonClass: 7133K(7232K)->7133K(7232K) Class: 904K(960K)->904K(960K)
[2024-12-16T03:37:08.835+0700][gc          ] GC(0) Pause Young (Normal) (G1 Evacuation Pause) 25M->8M(512M) 35.365ms
[2024-12-16T03:37:08.835+0700][gc,cpu      ] GC(0) User=0.05s Sys=0.02s Real=0.03s
[2024-12-16T05:16:02.429+0700][gc,start    ] GC(1) Pause Young (Normal) (G1 Evacuation Pause)
[2024-12-16T05:16:02.429+0700][gc,task     ] GC(1) Using 2 workers of 2 for evacuation
[2024-12-16T05:16:02.455+0700][gc,mmu      ] GC(1) MMU target violated: 21.0ms (20.0ms/21.0ms)
[2024-12-16T05:16:02.455+0700][gc,phases   ] GC(1)   Pre Evacuate Collection Set: 1.2ms
[2024-12-16T05:16:02.455+0700][gc,phases   ] GC(1)   Merge Heap Roots: 0.2ms
[2024-12-16T05:16:02.455+0700][gc,phases   ] GC(1)   Evacuate Collection Set: 22.5ms
[2024-12-16T05:16:02.455+0700][gc,phases   ] GC(1)   Post Evacuate Collection Set: 2.2ms
[2024-12-16T05:16:02.455+0700][gc,phases   ] GC(1)   Other: 0.7ms
[2024-12-16T05:16:02.455+0700][gc,heap     ] GC(1) Eden regions: 21->0(24)
[2024-12-16T05:16:02.455+0700][gc,heap     ] GC(1) Survivor regions: 4->1(4)
[2024-12-16T05:16:02.455+0700][gc,heap     ] GC(1) Old regions: 4->8
[2024-12-16T05:16:02.455+0700][gc,heap     ] GC(1) Archive regions: 2->2
[2024-12-16T05:16:02.455+0700][gc,heap     ] GC(1) Humongous regions: 0->0
[2024-12-16T05:16:02.455+0700][gc,metaspace] GC(1) Metaspace: 8800K(8960K)->8800K(8960K) NonClass: 7859K(7936K)->7859K(7936K) Class: 941K(1024K)->941K(1024K)
[2024-12-16T05:16:02.456+0700][gc          ] GC(1) Pause Young (Normal) (G1 Evacuation Pause) 29M->9M(512M) 26.918ms
[2024-12-16T05:16:02.456+0700][gc,cpu      ] GC(1) User=0.04s Sys=0.01s Real=0.02s
[2024-12-16T07:27:56.174+0700][gc,start    ] GC(2) Pause Young (Normal) (G1 Evacuation Pause)
[2024-12-16T07:27:56.174+0700][gc,task     ] GC(2) Using 2 workers of 2 for evacuation
[2024-12-16T07:27:56.186+0700][gc,phases   ] GC(2)   Pre Evacuate Collection Set: 1.9ms
[2024-12-16T07:27:56.186+0700][gc,phases   ] GC(2)   Merge Heap Roots: 0.4ms
[2024-12-16T07:27:56.186+0700][gc,phases   ] GC(2)   Evacuate Collection Set: 7.7ms
[2024-12-16T07:27:56.186+0700][gc,phases   ] GC(2)   Post Evacuate Collection Set: 1.8ms
[2024-12-16T07:27:56.186+0700][gc,phases   ] GC(2)   Other: 0.9ms
[2024-12-16T07:27:56.186+0700][gc,heap     ] GC(2) Eden regions: 24->0(24)
[2024-12-16T07:27:56.186+0700][gc,heap     ] GC(2) Survivor regions: 1->1(4)
[2024-12-16T07:27:56.186+0700][gc,heap     ] GC(2) Old regions: 8->8
[2024-12-16T07:27:56.186+0700][gc,heap     ] GC(2) Archive regions: 2->2
[2024-12-16T07:27:56.186+0700][gc,heap     ] GC(2) Humongous regions: 0->0
[2024-12-16T07:27:56.186+0700][gc,metaspace] GC(2) Metaspace: 8804K(8960K)->8804K(8960K) NonClass: 7863K(7936K)->7863K(7936K) Class: 941K(1024K)->941K(1024K)
[2024-12-16T07:27:56.186+0700][gc          ] GC(2) Pause Young (Normal) (G1 Evacuation Pause) 33M->9M(512M) 12.850ms
[2024-12-16T07:27:56.186+0700][gc,cpu      ] GC(2) User=0.02s Sys=0.00s Real=0.01s
[2024-12-16T09:41:55.593+0700][gc,start    ] GC(3) Pause Young (Normal) (G1 Evacuation Pause)
[2024-12-16T09:41:55.593+0700][gc,task     ] GC(3) Using 2 workers of 2 for evacuation
[2024-12-16T09:41:55.608+0700][gc,phases   ] GC(3)   Pre Evacuate Collection Set: 1.3ms
[2024-12-16T09:41:55.608+0700][gc,phases   ] GC(3)   Merge Heap Roots: 0.3ms
[2024-12-16T09:41:55.608+0700][gc,phases   ] GC(3)   Evacuate Collection Set: 10.0ms
[2024-12-16T09:41:55.608+0700][gc,phases   ] GC(3)   Post Evacuate Collection Set: 2.3ms
[2024-12-16T09:41:55.608+0700][gc,phases   ] GC(3)   Other: 0.9ms
[2024-12-16T09:41:55.608+0700][gc,heap     ] GC(3) Eden regions: 24->0(24)
[2024-12-16T09:41:55.608+0700][gc,heap     ] GC(3) Survivor regions: 1->1(4)
[2024-12-16T09:41:55.608+0700][gc,heap     ] GC(3) Old regions: 8->8
[2024-12-16T09:41:55.608+0700][gc,heap     ] GC(3) Archive regions: 2->2
[2024-12-16T09:41:55.608+0700][gc,heap     ] GC(3) Humongous regions: 0->0
[2024-12-16T09:41:55.608+0700][gc,metaspace] GC(3) Metaspace: 8814K(8960K)->8814K(8960K) NonClass: 7872K(7936K)->7872K(7936K) Class: 941K(1024K)->941K(1024K)
[2024-12-16T09:41:55.608+0700][gc          ] GC(3) Pause Young (Normal) (G1 Evacuation Pause) 33M->9M(512M) 14.913ms
[2024-12-16T09:41:55.608+0700][gc,cpu      ] GC(3) User=0.02s Sys=0.01s Real=0.02s
[2024-12-16T11:56:59.212+0700][gc,start    ] GC(4) Pause Young (Normal) (G1 Evacuation Pause)
[2024-12-16T11:56:59.213+0700][gc,task     ] GC(4) Using 2 workers of 2 for evacuation
[2024-12-16T11:56:59.230+0700][gc,phases   ] GC(4)   Pre Evacuate Collection Set: 2.1ms
[2024-12-16T11:56:59.230+0700][gc,phases   ] GC(4)   Merge Heap Roots: 0.4ms
[2024-12-16T11:56:59.230+0700][gc,phases   ] GC(4)   Evacuate Collection Set: 13.1ms
[2024-12-16T11:56:59.230+0700][gc,phases   ] GC(4)   Post Evacuate Collection Set: 1.6ms
[2024-12-16T11:56:59.231+0700][gc,phases   ] GC(4)   Other: 1.0ms
[2024-12-16T11:56:59.231+0700][gc,heap     ] GC(4) Eden regions: 24->0(24)
[2024-12-16T11:56:59.231+0700][gc,heap     ] GC(4) Survivor regions: 1->1(4)
[2024-12-16T11:56:59.231+0700][gc,heap     ] GC(4) Old regions: 8->8
[2024-12-16T11:56:59.231+0700][gc,heap     ] GC(4) Archive regions: 2->2
[2024-12-16T11:56:59.231+0700][gc,heap     ] GC(4) Humongous regions: 0->0
[2024-12-16T11:56:59.231+0700][gc,metaspace] GC(4) Metaspace: 8820K(9024K)->8820K(9024K) NonClass: 7879K(8000K)->7879K(8000K) Class: 941K(1024K)->941K(1024K)
[2024-12-16T11:56:59.231+0700][gc          ] GC(4) Pause Young (Normal) (G1 Evacuation Pause) 33M->9M(512M) 18.573ms
[2024-12-16T11:56:59.231+0700][gc,cpu      ] GC(4) User=0.01s Sys=0.00s Real=0.02s
[2024-12-16T14:50:47.959+0700][gc,start    ] GC(5) Pause Young (Normal) (G1 Evacuation Pause)
[2024-12-16T14:50:47.959+0700][gc,task     ] GC(5) Using 2 workers of 2 for evacuation
[2024-12-16T14:50:47.974+0700][gc,phases   ] GC(5)   Pre Evacuate Collection Set: 2.1ms
[2024-12-16T14:50:47.974+0700][gc,phases   ] GC(5)   Merge Heap Roots: 0.3ms
[2024-12-16T14:50:47.974+0700][gc,phases   ] GC(5)   Evacuate Collection Set: 11.8ms
[2024-12-16T14:50:47.974+0700][gc,phases   ] GC(5)   Post Evacuate Collection Set: 0.9ms
[2024-12-16T14:50:47.974+0700][gc,phases   ] GC(5)   Other: 0.5ms
[2024-12-16T14:50:47.974+0700][gc,heap     ] GC(5) Eden regions: 24->0(24)
[2024-12-16T14:50:47.974+0700][gc,heap     ] GC(5) Survivor regions: 1->1(4)
[2024-12-16T14:50:47.974+0700][gc,heap     ] GC(5) Old regions: 8->8
[2024-12-16T14:50:47.974+0700][gc,heap     ] GC(5) Archive regions: 2->2
[2024-12-16T14:50:47.974+0700][gc,heap     ] GC(5) Humongous regions: 0->0
[2024-12-16T14:50:47.974+0700][gc,metaspace] GC(5) Metaspace: 8855K(9024K)->8855K(9024K) NonClass: 7914K(8000K)->7914K(8000K) Class: 941K(1024K)->941K(1024K)
[2024-12-16T14:50:47.974+0700][gc          ] GC(5) Pause Young (Normal) (G1 Evacuation Pause) 33M->9M(512M) 15.604ms
[2024-12-16T14:50:47.974+0700][gc,cpu      ] GC(5) User=0.01s Sys=0.00s Real=0.02s
[2024-12-16T16:57:47.084+0700][gc,start    ] GC(6) Pause Young (Normal) (G1 Evacuation Pause)
[2024-12-16T16:57:47.084+0700][gc,task     ] GC(6) Using 2 workers of 2 for evacuation
[2024-12-16T16:57:47.103+0700][gc,phases   ] GC(6)   Pre Evacuate Collection Set: 2.0ms
[2024-12-16T16:57:47.103+0700][gc,phases   ] GC(6)   Merge Heap Roots: 0.3ms
[2024-12-16T16:57:47.103+0700][gc,phases   ] GC(6)   Evacuate Collection Set: 14.2ms
[2024-12-16T16:57:47.103+0700][gc,phases   ] GC(6)   Post Evacuate Collection Set: 1.5ms
[2024-12-16T16:57:47.103+0700][gc,phases   ] GC(6)   Other: 1.2ms
[2024-12-16T16:57:47.103+0700][gc,heap     ] GC(6) Eden regions: 24->0(24)
[2024-12-16T16:57:47.103+0700][gc,heap     ] GC(6) Survivor regions: 1->1(4)
[2024-12-16T16:57:47.103+0700][gc,heap     ] GC(6) Old regions: 8->8
[2024-12-16T16:57:47.103+0700][gc,heap     ] GC(6) Archive regions: 2->2
[2024-12-16T16:57:47.103+0700][gc,heap     ] GC(6) Humongous regions: 0->0
[2024-12-16T16:57:47.103+0700][gc,metaspace] GC(6) Metaspace: 9046K(9216K)->9046K(9216K) NonClass: 8102K(8192K)->8102K(8192K) Class: 943K(1024K)->943K(1024K)
[2024-12-16T16:57:47.103+0700][gc          ] GC(6) Pause Young (Normal) (G1 Evacuation Pause) 33M->9M(512M) 19.171ms
[2024-12-16T16:57:47.103+0700][gc,cpu      ] GC(6) User=0.03s Sys=0.00s Real=0.02s
[2024-12-16T20:24:14.890+0700][gc,start    ] GC(7) Pause Young (Normal) (G1 Evacuation Pause)
[2024-12-16T20:24:14.891+0700][gc,task     ] GC(7) Using 2 workers of 2 for evacuation
[2024-12-16T20:24:14.912+0700][gc,mmu      ] GC(7) MMU target violated: 21.0ms (20.0ms/21.0ms)
[2024-12-16T20:24:14.913+0700][gc,phases   ] GC(7)   Pre Evacuate Collection Set: 2.6ms
[2024-12-16T20:24:14.913+0700][gc,phases   ] GC(7)   Merge Heap Roots: 0.5ms
[2024-12-16T20:24:14.913+0700][gc,phases   ] GC(7)   Evacuate Collection Set: 15.3ms
[2024-12-16T20:24:14.913+0700][gc,phases   ] GC(7)   Post Evacuate Collection Set: 2.7ms
[2024-12-16T20:24:14.913+0700][gc,phases   ] GC(7)   Other: 1.5ms
[2024-12-16T20:24:14.913+0700][gc,heap     ] GC(7) Eden regions: 24->0(24)
[2024-12-16T20:24:14.913+0700][gc,heap     ] GC(7) Survivor regions: 1->1(4)
[2024-12-16T20:24:14.913+0700][gc,heap     ] GC(7) Old regions: 8->8
[2024-12-16T20:24:14.913+0700][gc,heap     ] GC(7) Archive regions: 2->2
[2024-12-16T20:24:14.913+0700][gc,heap     ] GC(7) Humongous regions: 0->0
[2024-12-16T20:24:14.913+0700][gc,metaspace] GC(7) Metaspace: 9050K(9216K)->9050K(9216K) NonClass: 8107K(8192K)->8107K(8192K) Class: 943K(1024K)->943K(1024K)
[2024-12-16T20:24:14.913+0700][gc          ] GC(7) Pause Young (Normal) (G1 Evacuation Pause) 33M->9M(512M) 22.557ms
[2024-12-16T20:24:14.913+0700][gc,cpu      ] GC(7) User=0.03s Sys=0.00s Real=0.02s
[2024-12-16T22:42:36.786+0700][gc,start    ] GC(8) Pause Young (Normal) (G1 Evacuation Pause)
[2024-12-16T22:42:36.786+0700][gc,task     ] GC(8) Using 2 workers of 2 for evacuation
[2024-12-16T22:42:36.804+0700][gc,phases   ] GC(8)   Pre Evacuate Collection Set: 1.6ms
[2024-12-16T22:42:36.804+0700][gc,phases   ] GC(8)   Merge Heap Roots: 0.4ms
[2024-12-16T22:42:36.804+0700][gc,phases   ] GC(8)   Evacuate Collection Set: 13.3ms
[2024-12-16T22:42:36.804+0700][gc,phases   ] GC(8)   Post Evacuate Collection Set: 2.0ms
[2024-12-16T22:42:36.804+0700][gc,phases   ] GC(8)   Other: 1.1ms
[2024-12-16T22:42:36.804+0700][gc,heap     ] GC(8) Eden regions: 24->0(24)
[2024-12-16T22:42:36.804+0700][gc,heap     ] GC(8) Survivor regions: 1->1(4)
[2024-12-16T22:42:36.804+0700][gc,heap     ] GC(8) Old regions: 8->8
[2024-12-16T22:42:36.804+0700][gc,heap     ] GC(8) Archive regions: 2->2
[2024-12-16T22:42:36.804+0700][gc,heap     ] GC(8) Humongous regions: 0->0
[2024-12-16T22:42:36.804+0700][gc,metaspace] GC(8) Metaspace: 9128K(9280K)->9128K(9280K) NonClass: 8182K(8256K)->8182K(8256K) Class: 945K(1024K)->945K(1024K)
[2024-12-16T22:42:36.804+0700][gc          ] GC(8) Pause Young (Normal) (G1 Evacuation Pause) 33M->9M(512M) 18.606ms
[2024-12-16T22:42:36.804+0700][gc,cpu      ] GC(8) User=0.03s Sys=0.00s Real=0.02s
[2024-12-17T01:38:16.763+0700][gc,start    ] GC(9) Pause Young (Normal) (G1 Evacuation Pause)
[2024-12-17T01:38:16.763+0700][gc,task     ] GC(9) Using 2 workers of 2 for evacuation
[2024-12-17T01:38:16.780+0700][gc,phases   ] GC(9)   Pre Evacuate Collection Set: 1.4ms
[2024-12-17T01:38:16.780+0700][gc,phases   ] GC(9)   Merge Heap Roots: 0.3ms
[2024-12-17T01:38:16.780+0700][gc,phases   ] GC(9)   Evacuate Collection Set: 12.7ms
[2024-12-17T01:38:16.780+0700][gc,phases   ] GC(9)   Post Evacuate Collection Set: 2.3ms
[2024-12-17T01:38:16.780+0700][gc,phases   ] GC(9)   Other: 1.0ms
[2024-12-17T01:38:16.780+0700][gc,heap     ] GC(9) Eden regions: 24->0(24)
[2024-12-17T01:38:16.780+0700][gc,heap     ] GC(9) Survivor regions: 1->1(4)
[2024-12-17T01:38:16.780+0700][gc,heap     ] GC(9) Old regions: 8->8
[2024-12-17T01:38:16.780+0700][gc,heap     ] GC(9) Archive regions: 2->2
[2024-12-17T01:38:16.780+0700][gc,heap     ] GC(9) Humongous regions: 0->0
[2024-12-17T01:38:16.780+0700][gc,metaspace] GC(9) Metaspace: 9170K(9344K)->9170K(9344K) NonClass: 8224K(8320K)->8224K(8320K) Class: 945K(1024K)->945K(1024K)
[2024-12-17T01:38:16.780+0700][gc          ] GC(9) Pause Young (Normal) (G1 Evacuation Pause) 33M->9M(512M) 17.923ms
[2024-12-17T01:38:16.780+0700][gc,cpu      ] GC(9) User=0.04s Sys=0.00s Real=0.02s
[2024-12-17T05:51:52.412+0700][gc,start    ] GC(10) Pause Young (Normal) (G1 Evacuation Pause)
[2024-12-17T05:51:52.412+0700][gc,task     ] GC(10) Using 2 workers of 2 for evacuation
[2024-12-17T05:51:52.426+0700][gc,phases   ] GC(10)   Pre Evacuate Collection Set: 1.4ms
[2024-12-17T05:51:52.426+0700][gc,phases   ] GC(10)   Merge Heap Roots: 0.3ms
[2024-12-17T05:51:52.426+0700][gc,phases   ] GC(10)   Evacuate Collection Set: 10.2ms
[2024-12-17T05:51:52.426+0700][gc,phases   ] GC(10)   Post Evacuate Collection Set: 1.5ms
[2024-12-17T05:51:52.426+0700][gc,phases   ] GC(10)   Other: 1.0ms
[2024-12-17T05:51:52.426+0700][gc,heap     ] GC(10) Eden regions: 24->0(31)
[2024-12-17T05:51:52.426+0700][gc,heap     ] GC(10) Survivor regions: 1->1(4)
[2024-12-17T05:51:52.426+0700][gc,heap     ] GC(10) Old regions: 8->8
[2024-12-17T05:51:52.426+0700][gc,heap     ] GC(10) Archive regions: 2->2
[2024-12-17T05:51:52.426+0700][gc,heap     ] GC(10) Humongous regions: 0->0
[2024-12-17T05:51:52.426+0700][gc,metaspace] GC(10) Metaspace: 9173K(9344K)->9173K(9344K) NonClass: 8227K(8320K)->8227K(8320K) Class: 945K(1024K)->945K(1024K)
[2024-12-17T05:51:52.426+0700][gc          ] GC(10) Pause Young (Normal) (G1 Evacuation Pause) 33M->9M(512M) 14.626ms
[2024-12-17T05:51:52.426+0700][gc,cpu      ] GC(10) User=0.03s Sys=0.00s Real=0.01s
[2024-12-17T11:21:07.799+0700][gc,start    ] GC(11) Pause Young (Normal) (G1 Evacuation Pause)
[2024-12-17T11:21:07.799+0700][gc,task     ] GC(11) Using 2 workers of 2 for evacuation
[2024-12-17T11:21:07.834+0700][gc,mmu      ] GC(11) MMU target violated: 21.0ms (20.0ms/21.0ms)
[2024-12-17T11:21:07.834+0700][gc,phases   ] GC(11)   Pre Evacuate Collection Set: 4.2ms
[2024-12-17T11:21:07.834+0700][gc,phases   ] GC(11)   Merge Heap Roots: 0.4ms
[2024-12-17T11:21:07.834+0700][gc,phases   ] GC(11)   Evacuate Collection Set: 24.1ms
[2024-12-17T11:21:07.834+0700][gc,phases   ] GC(11)   Post Evacuate Collection Set: 5.0ms
[2024-12-17T11:21:07.834+0700][gc,phases   ] GC(11)   Other: 2.3ms
[2024-12-17T11:21:07.834+0700][gc,heap     ] GC(11) Eden regions: 31->0(80)
[2024-12-17T11:21:07.834+0700][gc,heap     ] GC(11) Survivor regions: 1->1(4)
[2024-12-17T11:21:07.834+0700][gc,heap     ] GC(11) Old regions: 8->8
[2024-12-17T11:21:07.834+0700][gc,heap     ] GC(11) Archive regions: 2->2
[2024-12-17T11:21:07.834+0700][gc,heap     ] GC(11) Humongous regions: 0->0
[2024-12-17T11:21:07.835+0700][gc,metaspace] GC(11) Metaspace: 9173K(9344K)->9173K(9344K) NonClass: 8227K(8320K)->8227K(8320K) Class: 945K(1024K)->945K(1024K)
[2024-12-17T11:21:07.835+0700][gc          ] GC(11) Pause Young (Normal) (G1 Evacuation Pause) 40M->9M(512M) 35.666ms
[2024-12-17T11:21:07.835+0700][gc,cpu      ] GC(11) User=0.06s Sys=0.00s Real=0.04s
[2024-12-18T21:45:25.793+0700][gc,start    ] GC(12) Pause Young (Normal) (G1 Evacuation Pause)
[2024-12-18T21:45:25.795+0700][gc,task     ] GC(12) Using 2 workers of 2 for evacuation
[2024-12-18T21:45:25.826+0700][gc,mmu      ] GC(12) MMU target violated: 21.0ms (20.0ms/21.0ms)
[2024-12-18T21:45:25.826+0700][gc,phases   ] GC(12)   Pre Evacuate Collection Set: 2.1ms
[2024-12-18T21:45:25.826+0700][gc,phases   ] GC(12)   Merge Heap Roots: 0.3ms
[2024-12-18T21:45:25.826+0700][gc,phases   ] GC(12)   Evacuate Collection Set: 24.2ms
[2024-12-18T21:45:25.826+0700][gc,phases   ] GC(12)   Post Evacuate Collection Set: 3.1ms
[2024-12-18T21:45:25.826+0700][gc,phases   ] GC(12)   Other: 3.0ms
[2024-12-18T21:45:25.826+0700][gc,heap     ] GC(12) Eden regions: 80->0(24)
[2024-12-18T21:45:25.826+0700][gc,heap     ] GC(12) Survivor regions: 1->1(11)
[2024-12-18T21:45:25.826+0700][gc,heap     ] GC(12) Old regions: 8->8
[2024-12-18T21:45:25.826+0700][gc,heap     ] GC(12) Archive regions: 2->2
[2024-12-18T21:45:25.826+0700][gc,heap     ] GC(12) Humongous regions: 0->0
[2024-12-18T21:45:25.826+0700][gc,metaspace] GC(12) Metaspace: 9191K(9408K)->9191K(9408K) NonClass: 8246K(8384K)->8246K(8384K) Class: 945K(1024K)->945K(1024K)
[2024-12-18T21:45:25.826+0700][gc          ] GC(12) Pause Young (Normal) (G1 Evacuation Pause) 89M->9M(512M) 33.013ms
[2024-12-18T21:45:25.826+0700][gc,cpu      ] GC(12) User=0.05s Sys=0.00s Real=0.04s
