[2024-12-15T11:25:37.066+0700][gc] Using G1
[2024-12-15T11:25:37.078+0700][gc,init] Version: 17.0.13+11-Ubuntu-2ubuntu122.04 (release)
[2024-12-15T11:25:37.078+0700][gc,init] CPUs: 2 total, 2 available
[2024-12-15T11:25:37.078+0700][gc,init] Memory: 3911M
[2024-12-15T11:25:37.078+0700][gc,init] Large Page Support: Disabled
[2024-12-15T11:25:37.078+0700][gc,init] NUMA Support: Disabled
[2024-12-15T11:25:37.078+0700][gc,init] Compressed Oops: Enabled (32-bit)
[2024-12-15T11:25:37.078+0700][gc,init] Heap Region Size: 1M
[2024-12-15T11:25:37.078+0700][gc,init] Heap Min Capacity: 512M
[2024-12-15T11:25:37.078+0700][gc,init] Heap Initial Capacity: 512M
[2024-12-15T11:25:37.078+0700][gc,init] Heap Max Capacity: 512M
[2024-12-15T11:25:37.078+0700][gc,init] Pre-touch: Disabled
[2024-12-15T11:25:37.078+0700][gc,init] Parallel Workers: 2
[2024-12-15T11:25:37.078+0700][gc,init] Concurrent Workers: 1
[2024-12-15T11:25:37.078+0700][gc,init] Concurrent Refinement Workers: 2
[2024-12-15T11:25:37.078+0700][gc,init] Periodic GC: Disabled
[2024-12-15T11:25:37.156+0700][gc,metaspace] CDS archive(s) mapped at: [0x00007fec67000000-0x00007fec67bc9000-0x00007fec67bc9000), size 12357632, SharedBaseAddress: 0x00007fec67000000, ArchiveRelocationMode: 1.
[2024-12-15T11:25:37.156+0700][gc,metaspace] Compressed class space mapped at: 0x00007fec68000000-0x00007feca8000000, reserved size: 1073741824
[2024-12-15T11:25:37.156+0700][gc,metaspace] Narrow klass base: 0x00007fec67000000, Narrow klass shift: 0, Narrow klass range: 0x100000000
[2024-12-15T11:25:42.197+0700][gc,start    ] GC(0) Pause Young (Normal) (G1 Evacuation Pause)
[2024-12-15T11:25:42.198+0700][gc,task     ] GC(0) Using 2 workers of 2 for evacuation
[2024-12-15T11:25:42.228+0700][gc,mmu      ] GC(0) MMU target violated: 21.0ms (20.0ms/21.0ms)
[2024-12-15T11:25:42.228+0700][gc,phases   ] GC(0)   Pre Evacuate Collection Set: 1.1ms
[2024-12-15T11:25:42.228+0700][gc,phases   ] GC(0)   Merge Heap Roots: 0.1ms
[2024-12-15T11:25:42.228+0700][gc,phases   ] GC(0)   Evacuate Collection Set: 28.3ms
[2024-12-15T11:25:42.228+0700][gc,phases   ] GC(0)   Post Evacuate Collection Set: 0.8ms
[2024-12-15T11:25:42.228+0700][gc,phases   ] GC(0)   Other: 0.7ms
[2024-12-15T11:25:42.228+0700][gc,heap     ] GC(0) Eden regions: 25->0(21)
[2024-12-15T11:25:42.228+0700][gc,heap     ] GC(0) Survivor regions: 0->4(4)
[2024-12-15T11:25:42.228+0700][gc,heap     ] GC(0) Old regions: 0->4
[2024-12-15T11:25:42.228+0700][gc,heap     ] GC(0) Archive regions: 2->2
[2024-12-15T11:25:42.228+0700][gc,heap     ] GC(0) Humongous regions: 0->0
[2024-12-15T11:25:42.228+0700][gc,metaspace] GC(0) Metaspace: 8145K(8384K)->8145K(8384K) NonClass: 7227K(7360K)->7227K(7360K) Class: 917K(1024K)->917K(1024K)
[2024-12-15T11:25:42.228+0700][gc          ] GC(0) Pause Young (Normal) (G1 Evacuation Pause) 25M->8M(512M) 31.075ms
[2024-12-15T11:25:42.228+0700][gc,cpu      ] GC(0) User=0.02s Sys=0.02s Real=0.03s
[2024-12-15T12:58:02.633+0700][gc,start    ] GC(1) Pause Young (Normal) (G1 Evacuation Pause)
[2024-12-15T12:58:02.633+0700][gc,task     ] GC(1) Using 2 workers of 2 for evacuation
[2024-12-15T12:58:02.671+0700][gc,mmu      ] GC(1) MMU target violated: 21.0ms (20.0ms/21.0ms)
[2024-12-15T12:58:02.672+0700][gc,phases   ] GC(1)   Pre Evacuate Collection Set: 2.0ms
[2024-12-15T12:58:02.672+0700][gc,phases   ] GC(1)   Merge Heap Roots: 0.6ms
[2024-12-15T12:58:02.672+0700][gc,phases   ] GC(1)   Evacuate Collection Set: 33.4ms
[2024-12-15T12:58:02.672+0700][gc,phases   ] GC(1)   Post Evacuate Collection Set: 2.3ms
[2024-12-15T12:58:02.672+0700][gc,phases   ] GC(1)   Other: 0.9ms
[2024-12-15T12:58:02.672+0700][gc,heap     ] GC(1) Eden regions: 21->0(24)
[2024-12-15T12:58:02.672+0700][gc,heap     ] GC(1) Survivor regions: 4->1(4)
[2024-12-15T12:58:02.672+0700][gc,heap     ] GC(1) Old regions: 4->8
[2024-12-15T12:58:02.672+0700][gc,heap     ] GC(1) Archive regions: 2->2
[2024-12-15T12:58:02.672+0700][gc,heap     ] GC(1) Humongous regions: 0->0
[2024-12-15T12:58:02.672+0700][gc,metaspace] GC(1) Metaspace: 9242K(9408K)->9242K(9408K) NonClass: 8300K(8384K)->8300K(8384K) Class: 941K(1024K)->941K(1024K)
[2024-12-15T12:58:02.672+0700][gc          ] GC(1) Pause Young (Normal) (G1 Evacuation Pause) 29M->9M(512M) 39.257ms
[2024-12-15T12:58:02.672+0700][gc,cpu      ] GC(1) User=0.06s Sys=0.00s Real=0.03s
[2024-12-15T16:50:31.068+0700][gc,start    ] GC(2) Pause Young (Normal) (G1 Evacuation Pause)
[2024-12-15T16:50:31.068+0700][gc,task     ] GC(2) Using 2 workers of 2 for evacuation
[2024-12-15T16:50:31.080+0700][gc,phases   ] GC(2)   Pre Evacuate Collection Set: 2.3ms
[2024-12-15T16:50:31.080+0700][gc,phases   ] GC(2)   Merge Heap Roots: 0.3ms
[2024-12-15T16:50:31.080+0700][gc,phases   ] GC(2)   Evacuate Collection Set: 7.5ms
[2024-12-15T16:50:31.080+0700][gc,phases   ] GC(2)   Post Evacuate Collection Set: 1.6ms
[2024-12-15T16:50:31.080+0700][gc,phases   ] GC(2)   Other: 1.0ms
[2024-12-15T16:50:31.080+0700][gc,heap     ] GC(2) Eden regions: 24->0(24)
[2024-12-15T16:50:31.080+0700][gc,heap     ] GC(2) Survivor regions: 1->1(4)
[2024-12-15T16:50:31.080+0700][gc,heap     ] GC(2) Old regions: 8->8
[2024-12-15T16:50:31.080+0700][gc,heap     ] GC(2) Archive regions: 2->2
[2024-12-15T16:50:31.080+0700][gc,heap     ] GC(2) Humongous regions: 0->0
[2024-12-15T16:50:31.080+0700][gc,metaspace] GC(2) Metaspace: 9263K(9472K)->9263K(9472K) NonClass: 8321K(8448K)->8321K(8448K) Class: 941K(1024K)->941K(1024K)
[2024-12-15T16:50:31.081+0700][gc          ] GC(2) Pause Young (Normal) (G1 Evacuation Pause) 33M->9M(512M) 13.019ms
[2024-12-15T16:50:31.081+0700][gc,cpu      ] GC(2) User=0.02s Sys=0.00s Real=0.01s
[2024-12-15T20:57:34.983+0700][gc,start    ] GC(3) Pause Young (Normal) (G1 Evacuation Pause)
[2024-12-15T20:57:34.984+0700][gc,task     ] GC(3) Using 2 workers of 2 for evacuation
[2024-12-15T20:57:34.996+0700][gc,phases   ] GC(3)   Pre Evacuate Collection Set: 1.4ms
[2024-12-15T20:57:34.996+0700][gc,phases   ] GC(3)   Merge Heap Roots: 0.3ms
[2024-12-15T20:57:34.996+0700][gc,phases   ] GC(3)   Evacuate Collection Set: 8.2ms
[2024-12-15T20:57:34.996+0700][gc,phases   ] GC(3)   Post Evacuate Collection Set: 1.9ms
[2024-12-15T20:57:34.996+0700][gc,phases   ] GC(3)   Other: 1.0ms
[2024-12-15T20:57:34.996+0700][gc,heap     ] GC(3) Eden regions: 24->0(24)
[2024-12-15T20:57:34.996+0700][gc,heap     ] GC(3) Survivor regions: 1->1(4)
[2024-12-15T20:57:34.996+0700][gc,heap     ] GC(3) Old regions: 8->8
[2024-12-15T20:57:34.996+0700][gc,heap     ] GC(3) Archive regions: 2->2
[2024-12-15T20:57:34.996+0700][gc,heap     ] GC(3) Humongous regions: 0->0
[2024-12-15T20:57:34.996+0700][gc,metaspace] GC(3) Metaspace: 9269K(9472K)->9269K(9472K) NonClass: 8327K(8448K)->8327K(8448K) Class: 941K(1024K)->941K(1024K)
[2024-12-15T20:57:34.996+0700][gc          ] GC(3) Pause Young (Normal) (G1 Evacuation Pause) 33M->9M(512M) 12.914ms
[2024-12-15T20:57:34.996+0700][gc,cpu      ] GC(3) User=0.02s Sys=0.00s Real=0.02s
[2024-12-16T00:32:32.850+0700][gc,start    ] GC(4) Pause Young (Normal) (G1 Evacuation Pause)
[2024-12-16T00:32:32.850+0700][gc,task     ] GC(4) Using 2 workers of 2 for evacuation
[2024-12-16T00:32:32.862+0700][gc,phases   ] GC(4)   Pre Evacuate Collection Set: 1.8ms
[2024-12-16T00:32:32.862+0700][gc,phases   ] GC(4)   Merge Heap Roots: 0.5ms
[2024-12-16T00:32:32.862+0700][gc,phases   ] GC(4)   Evacuate Collection Set: 7.5ms
[2024-12-16T00:32:32.862+0700][gc,phases   ] GC(4)   Post Evacuate Collection Set: 1.9ms
[2024-12-16T00:32:32.862+0700][gc,phases   ] GC(4)   Other: 1.1ms
[2024-12-16T00:32:32.862+0700][gc,heap     ] GC(4) Eden regions: 24->0(24)
[2024-12-16T00:32:32.862+0700][gc,heap     ] GC(4) Survivor regions: 1->1(4)
[2024-12-16T00:32:32.862+0700][gc,heap     ] GC(4) Old regions: 8->8
[2024-12-16T00:32:32.862+0700][gc,heap     ] GC(4) Archive regions: 2->2
[2024-12-16T00:32:32.862+0700][gc,heap     ] GC(4) Humongous regions: 0->0
[2024-12-16T00:32:32.862+0700][gc,metaspace] GC(4) Metaspace: 9276K(9472K)->9276K(9472K) NonClass: 8334K(8448K)->8334K(8448K) Class: 941K(1024K)->941K(1024K)
[2024-12-16T00:32:32.862+0700][gc          ] GC(4) Pause Young (Normal) (G1 Evacuation Pause) 33M->9M(512M) 12.790ms
[2024-12-16T00:32:32.862+0700][gc,cpu      ] GC(4) User=0.02s Sys=0.00s Real=0.01s
[2024-12-16T02:45:06.237+0700][gc,start    ] GC(5) Pause Young (Normal) (G1 Evacuation Pause)
[2024-12-16T02:45:06.237+0700][gc,task     ] GC(5) Using 2 workers of 2 for evacuation
[2024-12-16T02:45:06.245+0700][gc,phases   ] GC(5)   Pre Evacuate Collection Set: 0.9ms
[2024-12-16T02:45:06.245+0700][gc,phases   ] GC(5)   Merge Heap Roots: 0.2ms
[2024-12-16T02:45:06.245+0700][gc,phases   ] GC(5)   Evacuate Collection Set: 5.1ms
[2024-12-16T02:45:06.245+0700][gc,phases   ] GC(5)   Post Evacuate Collection Set: 1.1ms
[2024-12-16T02:45:06.245+0700][gc,phases   ] GC(5)   Other: 0.5ms
[2024-12-16T02:45:06.245+0700][gc,heap     ] GC(5) Eden regions: 24->0(24)
[2024-12-16T02:45:06.245+0700][gc,heap     ] GC(5) Survivor regions: 1->1(4)
[2024-12-16T02:45:06.245+0700][gc,heap     ] GC(5) Old regions: 8->8
[2024-12-16T02:45:06.245+0700][gc,heap     ] GC(5) Archive regions: 2->2
[2024-12-16T02:45:06.245+0700][gc,heap     ] GC(5) Humongous regions: 0->0
[2024-12-16T02:45:06.245+0700][gc,metaspace] GC(5) Metaspace: 9282K(9472K)->9282K(9472K) NonClass: 8340K(8448K)->8340K(8448K) Class: 942K(1024K)->942K(1024K)
[2024-12-16T02:45:06.245+0700][gc          ] GC(5) Pause Young (Normal) (G1 Evacuation Pause) 33M->9M(512M) 7.809ms
[2024-12-16T02:45:06.245+0700][gc,cpu      ] GC(5) User=0.02s Sys=0.00s Real=0.01s
[2024-12-16T03:05:53.720+0700][gc,heap,exit] Heap
[2024-12-16T03:05:53.720+0700][gc,heap,exit]  garbage-first heap   total 524288K, used 15953K [0x00000000e0000000, 0x0000000100000000)
[2024-12-16T03:05:53.720+0700][gc,heap,exit]   region size 1024K, 7 young (7168K), 1 survivors (1024K)
[2024-12-16T03:05:53.720+0700][gc,heap,exit]  Metaspace       used 9327K, committed 9536K, reserved 1114112K
[2024-12-16T03:05:53.720+0700][gc,heap,exit]   class space    used 942K, committed 1024K, reserved 1048576K
