[2024-12-15T12:04:31.594+0700][gc] Using G1
[2024-12-15T12:04:31.616+0700][gc,init] Version: 17.0.13+11-Ubuntu-2ubuntu122.04 (release)
[2024-12-15T12:04:31.616+0700][gc,init] CPUs: 2 total, 2 available
[2024-12-15T12:04:31.616+0700][gc,init] Memory: 3911M
[2024-12-15T12:04:31.616+0700][gc,init] Large Page Support: Disabled
[2024-12-15T12:04:31.616+0700][gc,init] NUMA Support: Disabled
[2024-12-15T12:04:31.616+0700][gc,init] Compressed Oops: Enabled (32-bit)
[2024-12-15T12:04:31.616+0700][gc,init] Heap Region Size: 1M
[2024-12-15T12:04:31.616+0700][gc,init] Heap Min Capacity: 1G
[2024-12-15T12:04:31.616+0700][gc,init] Heap Initial Capacity: 1G
[2024-12-15T12:04:31.616+0700][gc,init] Heap Max Capacity: 1G
[2024-12-15T12:04:31.616+0700][gc,init] Pre-touch: Disabled
[2024-12-15T12:04:31.616+0700][gc,init] Parallel Workers: 2
[2024-12-15T12:04:31.616+0700][gc,init] Concurrent Workers: 1
[2024-12-15T12:04:31.616+0700][gc,init] Concurrent Refinement Workers: 2
[2024-12-15T12:04:31.616+0700][gc,init] Periodic GC: Disabled
[2024-12-15T12:04:31.648+0700][gc,metaspace] CDS archive(s) mapped at: [0x00007ff7b7000000-0x00007ff7b7bc9000-0x00007ff7b7bc9000), size 12357632, SharedBaseAddress: 0x00007ff7b7000000, ArchiveRelocationMode: 1.
[2024-12-15T12:04:31.648+0700][gc,metaspace] Compressed class space mapped at: 0x00007ff7b8000000-0x00007ff7f8000000, reserved size: 1073741824
[2024-12-15T12:04:31.648+0700][gc,metaspace] Narrow klass base: 0x00007ff7b7000000, Narrow klass shift: 0, Narrow klass range: 0x100000000
[2024-12-15T12:04:33.780+0700][gc,start    ] GC(0) Pause Young (Normal) (G1 Evacuation Pause)
[2024-12-15T12:04:33.780+0700][gc,task     ] GC(0) Using 2 workers of 2 for evacuation
[2024-12-15T12:04:33.807+0700][gc,mmu      ] GC(0) MMU target violated: 21.0ms (20.0ms/21.0ms)
[2024-12-15T12:04:33.807+0700][gc,phases   ] GC(0)   Pre Evacuate Collection Set: 1.8ms
[2024-12-15T12:04:33.807+0700][gc,phases   ] GC(0)   Merge Heap Roots: 0.4ms
[2024-12-15T12:04:33.807+0700][gc,phases   ] GC(0)   Evacuate Collection Set: 22.7ms
[2024-12-15T12:04:33.807+0700][gc,phases   ] GC(0)   Post Evacuate Collection Set: 1.4ms
[2024-12-15T12:04:33.807+0700][gc,phases   ] GC(0)   Other: 1.3ms
[2024-12-15T12:04:33.807+0700][gc,heap     ] GC(0) Eden regions: 51->0(44)
[2024-12-15T12:04:33.807+0700][gc,heap     ] GC(0) Survivor regions: 0->7(7)
[2024-12-15T12:04:33.807+0700][gc,heap     ] GC(0) Old regions: 0->1
[2024-12-15T12:04:33.807+0700][gc,heap     ] GC(0) Archive regions: 2->2
[2024-12-15T12:04:33.807+0700][gc,heap     ] GC(0) Humongous regions: 0->0
[2024-12-15T12:04:33.807+0700][gc,metaspace] GC(0) Metaspace: 17768K(17984K)->17768K(17984K) NonClass: 15617K(15744K)->15617K(15744K) Class: 2151K(2240K)->2151K(2240K)
[2024-12-15T12:04:33.807+0700][gc          ] GC(0) Pause Young (Normal) (G1 Evacuation Pause) 51M->8M(1024M) 27.699ms
[2024-12-15T12:04:33.807+0700][gc,cpu      ] GC(0) User=0.03s Sys=0.02s Real=0.03s
[2024-12-15T12:04:34.074+0700][gc,heap,exit] Heap
[2024-12-15T12:04:34.074+0700][gc,heap,exit]  garbage-first heap   total 1048576K, used 13510K [0x00000000c0000000, 0x0000000100000000)
[2024-12-15T12:04:34.074+0700][gc,heap,exit]   region size 1024K, 12 young (12288K), 7 survivors (7168K)
[2024-12-15T12:04:34.074+0700][gc,heap,exit]  Metaspace       used 18838K, committed 19072K, reserved 1114112K
[2024-12-15T12:04:34.074+0700][gc,heap,exit]   class space    used 2285K, committed 2368K, reserved 1048576K
