[2024-12-15T12:46:10.808+0700][gc] Using G1
[2024-12-15T12:46:10.819+0700][gc,init] Version: 17.0.13+11-Ubuntu-2ubuntu122.04 (release)
[2024-12-15T12:46:10.819+0700][gc,init] CPUs: 2 total, 2 available
[2024-12-15T12:46:10.819+0700][gc,init] Memory: 3911M
[2024-12-15T12:46:10.819+0700][gc,init] Large Page Support: Disabled
[2024-12-15T12:46:10.819+0700][gc,init] NUMA Support: Disabled
[2024-12-15T12:46:10.819+0700][gc,init] Compressed Oops: Enabled (32-bit)
[2024-12-15T12:46:10.819+0700][gc,init] Heap Region Size: 1M
[2024-12-15T12:46:10.819+0700][gc,init] Heap Min Capacity: 1G
[2024-12-15T12:46:10.819+0700][gc,init] Heap Initial Capacity: 1G
[2024-12-15T12:46:10.819+0700][gc,init] Heap Max Capacity: 1G
[2024-12-15T12:46:10.819+0700][gc,init] Pre-touch: Disabled
[2024-12-15T12:46:10.819+0700][gc,init] Parallel Workers: 2
[2024-12-15T12:46:10.819+0700][gc,init] Concurrent Workers: 1
[2024-12-15T12:46:10.819+0700][gc,init] Concurrent Refinement Workers: 2
[2024-12-15T12:46:10.819+0700][gc,init] Periodic GC: Disabled
[2024-12-15T12:46:10.846+0700][gc,metaspace] CDS archive(s) mapped at: [0x00007f9c57000000-0x00007f9c57bc9000-0x00007f9c57bc9000), size 12357632, SharedBaseAddress: 0x00007f9c57000000, ArchiveRelocationMode: 1.
[2024-12-15T12:46:10.846+0700][gc,metaspace] Compressed class space mapped at: 0x00007f9c58000000-0x00007f9c98000000, reserved size: 1073741824
[2024-12-15T12:46:10.846+0700][gc,metaspace] Narrow klass base: 0x00007f9c57000000, Narrow klass shift: 0, Narrow klass range: 0x100000000
[2024-12-15T12:46:15.904+0700][gc,start    ] GC(0) Pause Young (Normal) (G1 Evacuation Pause)
[2024-12-15T12:46:15.905+0700][gc,task     ] GC(0) Using 2 workers of 2 for evacuation
[2024-12-15T12:46:15.952+0700][gc,mmu      ] GC(0) MMU target violated: 21.0ms (20.0ms/21.0ms)
[2024-12-15T12:46:15.952+0700][gc,phases   ] GC(0)   Pre Evacuate Collection Set: 3.6ms
[2024-12-15T12:46:15.952+0700][gc,phases   ] GC(0)   Merge Heap Roots: 0.2ms
[2024-12-15T12:46:15.952+0700][gc,phases   ] GC(0)   Evacuate Collection Set: 41.7ms
[2024-12-15T12:46:15.952+0700][gc,phases   ] GC(0)   Post Evacuate Collection Set: 1.1ms
[2024-12-15T12:46:15.952+0700][gc,phases   ] GC(0)   Other: 1.5ms
[2024-12-15T12:46:15.952+0700][gc,heap     ] GC(0) Eden regions: 51->0(44)
[2024-12-15T12:46:15.952+0700][gc,heap     ] GC(0) Survivor regions: 0->7(7)
[2024-12-15T12:46:15.952+0700][gc,heap     ] GC(0) Old regions: 0->1
[2024-12-15T12:46:15.952+0700][gc,heap     ] GC(0) Archive regions: 2->2
[2024-12-15T12:46:15.952+0700][gc,heap     ] GC(0) Humongous regions: 0->0
[2024-12-15T12:46:15.952+0700][gc,metaspace] GC(0) Metaspace: 17840K(18112K)->17840K(18112K) NonClass: 15675K(15808K)->15675K(15808K) Class: 2165K(2304K)->2165K(2304K)
[2024-12-15T12:46:15.952+0700][gc          ] GC(0) Pause Young (Normal) (G1 Evacuation Pause) 51M->8M(1024M) 48.272ms
[2024-12-15T12:46:15.952+0700][gc,cpu      ] GC(0) User=0.03s Sys=0.01s Real=0.05s
[2024-12-15T12:46:16.486+0700][gc,start    ] GC(1) Pause Young (Concurrent Start) (Metadata GC Threshold)
[2024-12-15T12:46:16.486+0700][gc,task     ] GC(1) Using 2 workers of 2 for evacuation
[2024-12-15T12:46:16.504+0700][gc,phases   ] GC(1)   Pre Evacuate Collection Set: 0.2ms
[2024-12-15T12:46:16.504+0700][gc,phases   ] GC(1)   Merge Heap Roots: 0.1ms
[2024-12-15T12:46:16.504+0700][gc,phases   ] GC(1)   Evacuate Collection Set: 17.1ms
[2024-12-15T12:46:16.504+0700][gc,phases   ] GC(1)   Post Evacuate Collection Set: 0.5ms
[2024-12-15T12:46:16.504+0700][gc,phases   ] GC(1)   Other: 0.4ms
[2024-12-15T12:46:16.504+0700][gc,heap     ] GC(1) Eden regions: 14->0(50)
[2024-12-15T12:46:16.504+0700][gc,heap     ] GC(1) Survivor regions: 7->1(7)
[2024-12-15T12:46:16.504+0700][gc,heap     ] GC(1) Old regions: 1->9
[2024-12-15T12:46:16.504+0700][gc,heap     ] GC(1) Archive regions: 2->2
[2024-12-15T12:46:16.504+0700][gc,heap     ] GC(1) Humongous regions: 0->0
[2024-12-15T12:46:16.504+0700][gc,metaspace] GC(1) Metaspace: 21356K(21504K)->21356K(21504K) NonClass: 18748K(18816K)->18748K(18816K) Class: 2607K(2688K)->2607K(2688K)
[2024-12-15T12:46:16.504+0700][gc          ] GC(1) Pause Young (Concurrent Start) (Metadata GC Threshold) 22M->10M(1024M) 18.378ms
[2024-12-15T12:46:16.504+0700][gc,cpu      ] GC(1) User=0.01s Sys=0.01s Real=0.01s
[2024-12-15T12:46:16.504+0700][gc          ] GC(2) Concurrent Mark Cycle
[2024-12-15T12:46:16.504+0700][gc,marking  ] GC(2) Concurrent Clear Claimed Marks
[2024-12-15T12:46:16.504+0700][gc,marking  ] GC(2) Concurrent Clear Claimed Marks 0.019ms
[2024-12-15T12:46:16.504+0700][gc,marking  ] GC(2) Concurrent Scan Root Regions
[2024-12-15T12:46:16.507+0700][gc,marking  ] GC(2) Concurrent Scan Root Regions 3.169ms
[2024-12-15T12:46:16.507+0700][gc,marking  ] GC(2) Concurrent Mark
[2024-12-15T12:46:16.507+0700][gc,marking  ] GC(2) Concurrent Mark From Roots
[2024-12-15T12:46:16.507+0700][gc,task     ] GC(2) Using 1 workers of 1 for marking
[2024-12-15T12:46:16.511+0700][gc,marking  ] GC(2) Concurrent Mark From Roots 3.638ms
[2024-12-15T12:46:16.511+0700][gc,marking  ] GC(2) Concurrent Preclean
[2024-12-15T12:46:16.511+0700][gc,marking  ] GC(2) Concurrent Preclean 0.037ms
[2024-12-15T12:46:16.511+0700][gc,start    ] GC(2) Pause Remark
[2024-12-15T12:46:16.516+0700][gc          ] GC(2) Pause Remark 10M->10M(1024M) 4.855ms
[2024-12-15T12:46:16.516+0700][gc,cpu      ] GC(2) User=0.01s Sys=0.00s Real=0.01s
[2024-12-15T12:46:16.516+0700][gc,marking  ] GC(2) Concurrent Mark 8.807ms
[2024-12-15T12:46:16.516+0700][gc,marking  ] GC(2) Concurrent Rebuild Remembered Sets
[2024-12-15T12:46:16.530+0700][gc,marking  ] GC(2) Concurrent Rebuild Remembered Sets 14.279ms
[2024-12-15T12:46:16.530+0700][gc,start    ] GC(2) Pause Cleanup
[2024-12-15T12:46:16.531+0700][gc          ] GC(2) Pause Cleanup 10M->10M(1024M) 0.141ms
[2024-12-15T12:46:16.531+0700][gc,cpu      ] GC(2) User=0.00s Sys=0.00s Real=0.00s
[2024-12-15T12:46:16.531+0700][gc,marking  ] GC(2) Concurrent Cleanup for Next Mark
[2024-12-15T12:46:16.556+0700][gc,marking  ] GC(2) Concurrent Cleanup for Next Mark 24.899ms
[2024-12-15T12:46:16.556+0700][gc          ] GC(2) Concurrent Mark Cycle 51.587ms
[2024-12-15T12:46:18.767+0700][gc,start    ] GC(3) Pause Young (Normal) (G1 Evacuation Pause)
[2024-12-15T12:46:18.767+0700][gc,task     ] GC(3) Using 2 workers of 2 for evacuation
[2024-12-15T12:46:18.786+0700][gc,phases   ] GC(3)   Pre Evacuate Collection Set: 0.3ms
[2024-12-15T12:46:18.786+0700][gc,phases   ] GC(3)   Merge Heap Roots: 0.2ms
[2024-12-15T12:46:18.786+0700][gc,phases   ] GC(3)   Evacuate Collection Set: 17.2ms
[2024-12-15T12:46:18.786+0700][gc,phases   ] GC(3)   Post Evacuate Collection Set: 0.9ms
[2024-12-15T12:46:18.786+0700][gc,phases   ] GC(3)   Other: 0.3ms
[2024-12-15T12:46:18.786+0700][gc,heap     ] GC(3) Eden regions: 50->0(45)
[2024-12-15T12:46:18.786+0700][gc,heap     ] GC(3) Survivor regions: 1->6(7)
[2024-12-15T12:46:18.786+0700][gc,heap     ] GC(3) Old regions: 9->9
[2024-12-15T12:46:18.786+0700][gc,heap     ] GC(3) Archive regions: 2->2
[2024-12-15T12:46:18.786+0700][gc,heap     ] GC(3) Humongous regions: 129->129
[2024-12-15T12:46:18.786+0700][gc,metaspace] GC(3) Metaspace: 30126K(30400K)->30126K(30400K) NonClass: 26725K(26880K)->26725K(26880K) Class: 3400K(3520K)->3400K(3520K)
[2024-12-15T12:46:18.786+0700][gc          ] GC(3) Pause Young (Normal) (G1 Evacuation Pause) 189M->143M(1024M) 19.170ms
[2024-12-15T12:46:18.786+0700][gc,cpu      ] GC(3) User=0.03s Sys=0.00s Real=0.02s
[2024-12-15T12:46:19.539+0700][gc,start    ] GC(4) Pause Young (Concurrent Start) (Metadata GC Threshold)
[2024-12-15T12:46:19.539+0700][gc,task     ] GC(4) Using 2 workers of 2 for evacuation
[2024-12-15T12:46:19.563+0700][gc,mmu      ] GC(4) MMU target violated: 21.0ms (20.0ms/21.0ms)
[2024-12-15T12:46:19.563+0700][gc,phases   ] GC(4)   Pre Evacuate Collection Set: 0.4ms
[2024-12-15T12:46:19.563+0700][gc,phases   ] GC(4)   Merge Heap Roots: 0.1ms
[2024-12-15T12:46:19.563+0700][gc,phases   ] GC(4)   Evacuate Collection Set: 22.1ms
[2024-12-15T12:46:19.563+0700][gc,phases   ] GC(4)   Post Evacuate Collection Set: 1.4ms
[2024-12-15T12:46:19.563+0700][gc,phases   ] GC(4)   Other: 0.9ms
[2024-12-15T12:46:19.564+0700][gc,heap     ] GC(4) Eden regions: 24->0(48)
[2024-12-15T12:46:19.564+0700][gc,heap     ] GC(4) Survivor regions: 6->3(7)
[2024-12-15T12:46:19.564+0700][gc,heap     ] GC(4) Old regions: 9->14
[2024-12-15T12:46:19.564+0700][gc,heap     ] GC(4) Archive regions: 2->2
[2024-12-15T12:46:19.564+0700][gc,heap     ] GC(4) Humongous regions: 129->129
[2024-12-15T12:46:19.564+0700][gc,metaspace] GC(4) Metaspace: 35655K(35968K)->35655K(35968K) NonClass: 31711K(31872K)->31711K(31872K) Class: 3943K(4096K)->3943K(4096K)
[2024-12-15T12:46:19.564+0700][gc          ] GC(4) Pause Young (Concurrent Start) (Metadata GC Threshold) 166M->145M(1024M) 25.110ms
[2024-12-15T12:46:19.564+0700][gc,cpu      ] GC(4) User=0.03s Sys=0.01s Real=0.02s
[2024-12-15T12:46:19.564+0700][gc          ] GC(5) Concurrent Mark Cycle
[2024-12-15T12:46:19.564+0700][gc,marking  ] GC(5) Concurrent Clear Claimed Marks
[2024-12-15T12:46:19.564+0700][gc,marking  ] GC(5) Concurrent Clear Claimed Marks 0.038ms
[2024-12-15T12:46:19.564+0700][gc,marking  ] GC(5) Concurrent Scan Root Regions
[2024-12-15T12:46:19.581+0700][gc,marking  ] GC(5) Concurrent Scan Root Regions 17.016ms
[2024-12-15T12:46:19.581+0700][gc,marking  ] GC(5) Concurrent Mark
[2024-12-15T12:46:19.581+0700][gc,marking  ] GC(5) Concurrent Mark From Roots
[2024-12-15T12:46:19.581+0700][gc,task     ] GC(5) Using 1 workers of 1 for marking
[2024-12-15T12:46:19.618+0700][gc,marking  ] GC(5) Concurrent Mark From Roots 36.641ms
[2024-12-15T12:46:19.618+0700][gc,marking  ] GC(5) Concurrent Preclean
[2024-12-15T12:46:19.618+0700][gc,marking  ] GC(5) Concurrent Preclean 0.123ms
[2024-12-15T12:46:19.620+0700][gc,start    ] GC(5) Pause Remark
[2024-12-15T12:46:19.626+0700][gc          ] GC(5) Pause Remark 147M->147M(1024M) 6.185ms
[2024-12-15T12:46:19.626+0700][gc,cpu      ] GC(5) User=0.01s Sys=0.00s Real=0.01s
[2024-12-15T12:46:19.626+0700][gc,marking  ] GC(5) Concurrent Mark 45.174ms
[2024-12-15T12:46:19.626+0700][gc,marking  ] GC(5) Concurrent Rebuild Remembered Sets
[2024-12-15T12:46:19.648+0700][gc,marking  ] GC(5) Concurrent Rebuild Remembered Sets 21.257ms
[2024-12-15T12:46:19.648+0700][gc,start    ] GC(5) Pause Cleanup
[2024-12-15T12:46:19.648+0700][gc          ] GC(5) Pause Cleanup 148M->148M(1024M) 0.376ms
[2024-12-15T12:46:19.648+0700][gc,cpu      ] GC(5) User=0.00s Sys=0.00s Real=0.00s
[2024-12-15T12:46:19.648+0700][gc,marking  ] GC(5) Concurrent Cleanup for Next Mark
[2024-12-15T12:46:19.725+0700][gc,marking  ] GC(5) Concurrent Cleanup for Next Mark 76.925ms
[2024-12-15T12:46:19.725+0700][gc          ] GC(5) Concurrent Mark Cycle 161.548ms
[2024-12-15T12:46:50.082+0700][gc,start    ] GC(6) Pause Young (Prepare Mixed) (G1 Evacuation Pause)
[2024-12-15T12:46:50.082+0700][gc,task     ] GC(6) Using 2 workers of 2 for evacuation
[2024-12-15T12:46:50.134+0700][gc,mmu      ] GC(6) MMU target violated: 21.0ms (20.0ms/21.0ms)
[2024-12-15T12:46:50.134+0700][gc,phases   ] GC(6)   Pre Evacuate Collection Set: 3.5ms
[2024-12-15T12:46:50.135+0700][gc,phases   ] GC(6)   Merge Heap Roots: 0.4ms
[2024-12-15T12:46:50.135+0700][gc,phases   ] GC(6)   Evacuate Collection Set: 44.9ms
[2024-12-15T12:46:50.135+0700][gc,phases   ] GC(6)   Post Evacuate Collection Set: 2.8ms
[2024-12-15T12:46:50.135+0700][gc,phases   ] GC(6)   Other: 1.2ms
[2024-12-15T12:46:50.135+0700][gc,heap     ] GC(6) Eden regions: 48->0(45)
[2024-12-15T12:46:50.135+0700][gc,heap     ] GC(6) Survivor regions: 3->6(7)
[2024-12-15T12:46:50.135+0700][gc,heap     ] GC(6) Old regions: 14->14
[2024-12-15T12:46:50.135+0700][gc,heap     ] GC(6) Archive regions: 2->2
[2024-12-15T12:46:50.135+0700][gc,heap     ] GC(6) Humongous regions: 135->129
[2024-12-15T12:46:50.135+0700][gc,metaspace] GC(6) Metaspace: 42260K(42816K)->42260K(42816K) NonClass: 37251K(37568K)->37251K(37568K) Class: 5009K(5248K)->5009K(5248K)
[2024-12-15T12:46:50.135+0700][gc          ] GC(6) Pause Young (Prepare Mixed) (G1 Evacuation Pause) 199M->148M(1024M) 52.787ms
[2024-12-15T12:46:50.135+0700][gc,cpu      ] GC(6) User=0.10s Sys=0.00s Real=0.06s
[2024-12-15T12:49:24.380+0700][gc,start    ] GC(7) Pause Young (Mixed) (G1 Evacuation Pause)
[2024-12-15T12:49:24.381+0700][gc,task     ] GC(7) Using 2 workers of 2 for evacuation
[2024-12-15T12:49:24.432+0700][gc,mmu      ] GC(7) MMU target violated: 21.0ms (20.0ms/21.0ms)
[2024-12-15T12:49:24.433+0700][gc,phases   ] GC(7)   Pre Evacuate Collection Set: 2.6ms
[2024-12-15T12:49:24.433+0700][gc,phases   ] GC(7)   Merge Heap Roots: 0.4ms
[2024-12-15T12:49:24.433+0700][gc,phases   ] GC(7)   Evacuate Collection Set: 44.5ms
[2024-12-15T12:49:24.433+0700][gc,phases   ] GC(7)   Post Evacuate Collection Set: 3.4ms
[2024-12-15T12:49:24.433+0700][gc,phases   ] GC(7)   Other: 1.5ms
[2024-12-15T12:49:24.433+0700][gc,heap     ] GC(7) Eden regions: 45->0(46)
[2024-12-15T12:49:24.433+0700][gc,heap     ] GC(7) Survivor regions: 6->5(7)
[2024-12-15T12:49:24.433+0700][gc,heap     ] GC(7) Old regions: 14->15
[2024-12-15T12:49:24.433+0700][gc,heap     ] GC(7) Archive regions: 2->2
[2024-12-15T12:49:24.433+0700][gc,heap     ] GC(7) Humongous regions: 129->129
[2024-12-15T12:49:24.433+0700][gc,metaspace] GC(7) Metaspace: 43071K(43648K)->43071K(43648K) NonClass: 37984K(38336K)->37984K(38336K) Class: 5086K(5312K)->5086K(5312K)
[2024-12-15T12:49:24.433+0700][gc          ] GC(7) Pause Young (Mixed) (G1 Evacuation Pause) 193M->149M(1024M) 52.448ms
[2024-12-15T12:49:24.433+0700][gc,cpu      ] GC(7) User=0.10s Sys=0.00s Real=0.06s
[2024-12-15T12:51:14.028+0700][gc,start    ] GC(8) Pause Young (Normal) (G1 Evacuation Pause)
[2024-12-15T12:51:14.029+0700][gc,task     ] GC(8) Using 2 workers of 2 for evacuation
[2024-12-15T12:51:14.089+0700][gc,mmu      ] GC(8) MMU target violated: 21.0ms (20.0ms/21.0ms)
[2024-12-15T12:51:14.090+0700][gc,phases   ] GC(8)   Pre Evacuate Collection Set: 4.0ms
[2024-12-15T12:51:14.090+0700][gc,phases   ] GC(8)   Merge Heap Roots: 0.6ms
[2024-12-15T12:51:14.090+0700][gc,phases   ] GC(8)   Evacuate Collection Set: 51.6ms
[2024-12-15T12:51:14.090+0700][gc,phases   ] GC(8)   Post Evacuate Collection Set: 3.8ms
[2024-12-15T12:51:14.090+0700][gc,phases   ] GC(8)   Other: 1.6ms
[2024-12-15T12:51:14.090+0700][gc,heap     ] GC(8) Eden regions: 46->0(47)
[2024-12-15T12:51:14.090+0700][gc,heap     ] GC(8) Survivor regions: 5->4(7)
[2024-12-15T12:51:14.090+0700][gc,heap     ] GC(8) Old regions: 15->18
[2024-12-15T12:51:14.090+0700][gc,heap     ] GC(8) Archive regions: 2->2
[2024-12-15T12:51:14.090+0700][gc,heap     ] GC(8) Humongous regions: 129->129
[2024-12-15T12:51:14.090+0700][gc,metaspace] GC(8) Metaspace: 43095K(43648K)->43095K(43648K) NonClass: 38007K(38336K)->38007K(38336K) Class: 5087K(5312K)->5087K(5312K)
[2024-12-15T12:51:14.090+0700][gc          ] GC(8) Pause Young (Normal) (G1 Evacuation Pause) 195M->150M(1024M) 61.647ms
[2024-12-15T12:51:14.090+0700][gc,cpu      ] GC(8) User=0.11s Sys=0.01s Real=0.06s
[2024-12-15T12:53:09.407+0700][gc,start    ] GC(9) Pause Young (Normal) (G1 Evacuation Pause)
[2024-12-15T12:53:09.408+0700][gc,task     ] GC(9) Using 2 workers of 2 for evacuation
[2024-12-15T12:53:09.458+0700][gc,mmu      ] GC(9) MMU target violated: 21.0ms (20.0ms/21.0ms)
[2024-12-15T12:53:09.459+0700][gc,phases   ] GC(9)   Pre Evacuate Collection Set: 4.0ms
[2024-12-15T12:53:09.459+0700][gc,phases   ] GC(9)   Merge Heap Roots: 0.7ms
[2024-12-15T12:53:09.459+0700][gc,phases   ] GC(9)   Evacuate Collection Set: 42.6ms
[2024-12-15T12:53:09.459+0700][gc,phases   ] GC(9)   Post Evacuate Collection Set: 2.7ms
[2024-12-15T12:53:09.459+0700][gc,phases   ] GC(9)   Other: 1.8ms
[2024-12-15T12:53:09.459+0700][gc,heap     ] GC(9) Eden regions: 47->0(45)
[2024-12-15T12:53:09.459+0700][gc,heap     ] GC(9) Survivor regions: 4->6(7)
[2024-12-15T12:53:09.459+0700][gc,heap     ] GC(9) Old regions: 18->18
[2024-12-15T12:53:09.459+0700][gc,heap     ] GC(9) Archive regions: 2->2
[2024-12-15T12:53:09.459+0700][gc,heap     ] GC(9) Humongous regions: 129->129
[2024-12-15T12:53:09.459+0700][gc,metaspace] GC(9) Metaspace: 43135K(43712K)->43135K(43712K) NonClass: 38047K(38400K)->38047K(38400K) Class: 5087K(5312K)->5087K(5312K)
[2024-12-15T12:53:09.459+0700][gc          ] GC(9) Pause Young (Normal) (G1 Evacuation Pause) 197M->153M(1024M) 51.770ms
[2024-12-15T12:53:09.459+0700][gc,cpu      ] GC(9) User=0.10s Sys=0.00s Real=0.05s
[2024-12-15T12:55:00.607+0700][gc,start    ] GC(10) Pause Young (Normal) (G1 Evacuation Pause)
[2024-12-15T12:55:00.608+0700][gc,task     ] GC(10) Using 2 workers of 2 for evacuation
[2024-12-15T12:55:00.648+0700][gc,mmu      ] GC(10) MMU target violated: 21.0ms (20.0ms/21.0ms)
[2024-12-15T12:55:00.648+0700][gc,phases   ] GC(10)   Pre Evacuate Collection Set: 2.3ms
[2024-12-15T12:55:00.648+0700][gc,phases   ] GC(10)   Merge Heap Roots: 0.4ms
[2024-12-15T12:55:00.648+0700][gc,phases   ] GC(10)   Evacuate Collection Set: 34.2ms
[2024-12-15T12:55:00.648+0700][gc,phases   ] GC(10)   Post Evacuate Collection Set: 2.8ms
[2024-12-15T12:55:00.648+0700][gc,phases   ] GC(10)   Other: 1.1ms
[2024-12-15T12:55:00.648+0700][gc,heap     ] GC(10) Eden regions: 45->0(47)
[2024-12-15T12:55:00.648+0700][gc,heap     ] GC(10) Survivor regions: 6->4(7)
[2024-12-15T12:55:00.648+0700][gc,heap     ] GC(10) Old regions: 18->21
[2024-12-15T12:55:00.648+0700][gc,heap     ] GC(10) Archive regions: 2->2
[2024-12-15T12:55:00.648+0700][gc,heap     ] GC(10) Humongous regions: 129->129
[2024-12-15T12:55:00.648+0700][gc,metaspace] GC(10) Metaspace: 43206K(43712K)->43206K(43712K) NonClass: 38118K(38400K)->38118K(38400K) Class: 5087K(5312K)->5087K(5312K)
[2024-12-15T12:55:00.648+0700][gc          ] GC(10) Pause Young (Normal) (G1 Evacuation Pause) 198M->154M(1024M) 40.900ms
[2024-12-15T12:55:00.648+0700][gc,cpu      ] GC(10) User=0.08s Sys=0.00s Real=0.04s
[2024-12-15T12:56:58.515+0700][gc,start    ] GC(11) Pause Young (Normal) (G1 Evacuation Pause)
[2024-12-15T12:56:58.515+0700][gc,task     ] GC(11) Using 2 workers of 2 for evacuation
[2024-12-15T12:56:58.560+0700][gc,mmu      ] GC(11) MMU target violated: 21.0ms (20.0ms/21.0ms)
[2024-12-15T12:56:58.560+0700][gc,phases   ] GC(11)   Pre Evacuate Collection Set: 2.8ms
[2024-12-15T12:56:58.560+0700][gc,phases   ] GC(11)   Merge Heap Roots: 0.5ms
[2024-12-15T12:56:58.560+0700][gc,phases   ] GC(11)   Evacuate Collection Set: 38.8ms
[2024-12-15T12:56:58.560+0700][gc,phases   ] GC(11)   Post Evacuate Collection Set: 2.2ms
[2024-12-15T12:56:58.560+0700][gc,phases   ] GC(11)   Other: 1.3ms
[2024-12-15T12:56:58.560+0700][gc,heap     ] GC(11) Eden regions: 47->0(44)
[2024-12-15T12:56:58.560+0700][gc,heap     ] GC(11) Survivor regions: 4->7(7)
[2024-12-15T12:56:58.560+0700][gc,heap     ] GC(11) Old regions: 21->21
[2024-12-15T12:56:58.560+0700][gc,heap     ] GC(11) Archive regions: 2->2
[2024-12-15T12:56:58.560+0700][gc,heap     ] GC(11) Humongous regions: 129->129
[2024-12-15T12:56:58.560+0700][gc,metaspace] GC(11) Metaspace: 43303K(43840K)->43303K(43840K) NonClass: 38204K(38528K)->38204K(38528K) Class: 5098K(5312K)->5098K(5312K)
[2024-12-15T12:56:58.560+0700][gc          ] GC(11) Pause Young (Normal) (G1 Evacuation Pause) 201M->156M(1024M) 45.479ms
[2024-12-15T12:56:58.560+0700][gc,cpu      ] GC(11) User=0.08s Sys=0.01s Real=0.04s
[2024-12-15T12:58:50.042+0700][gc,start    ] GC(12) Pause Young (Normal) (G1 Evacuation Pause)
[2024-12-15T12:58:50.042+0700][gc,task     ] GC(12) Using 2 workers of 2 for evacuation
[2024-12-15T12:58:50.117+0700][gc,mmu      ] GC(12) MMU target violated: 21.0ms (20.0ms/21.0ms)
[2024-12-15T12:58:50.117+0700][gc,phases   ] GC(12)   Pre Evacuate Collection Set: 2.6ms
[2024-12-15T12:58:50.117+0700][gc,phases   ] GC(12)   Merge Heap Roots: 0.7ms
[2024-12-15T12:58:50.118+0700][gc,phases   ] GC(12)   Evacuate Collection Set: 67.3ms
[2024-12-15T12:58:50.118+0700][gc,phases   ] GC(12)   Post Evacuate Collection Set: 3.6ms
[2024-12-15T12:58:50.118+0700][gc,phases   ] GC(12)   Other: 1.3ms
[2024-12-15T12:58:50.118+0700][gc,heap     ] GC(12) Eden regions: 44->0(45)
[2024-12-15T12:58:50.118+0700][gc,heap     ] GC(12) Survivor regions: 7->6(7)
[2024-12-15T12:58:50.118+0700][gc,heap     ] GC(12) Old regions: 21->25
[2024-12-15T12:58:50.118+0700][gc,heap     ] GC(12) Archive regions: 2->2
[2024-12-15T12:58:50.118+0700][gc,heap     ] GC(12) Humongous regions: 129->129
[2024-12-15T12:58:50.118+0700][gc,metaspace] GC(12) Metaspace: 43320K(43840K)->43320K(43840K) NonClass: 38221K(38528K)->38221K(38528K) Class: 5098K(5312K)->5098K(5312K)
[2024-12-15T12:58:50.118+0700][gc          ] GC(12) Pause Young (Normal) (G1 Evacuation Pause) 200M->160M(1024M) 75.763ms
[2024-12-15T12:58:50.118+0700][gc,cpu      ] GC(12) User=0.13s Sys=0.02s Real=0.08s
[2024-12-15T13:00:44.980+0700][gc,start    ] GC(13) Pause Young (Normal) (G1 Evacuation Pause)
[2024-12-15T13:00:44.981+0700][gc,task     ] GC(13) Using 2 workers of 2 for evacuation
[2024-12-15T13:00:45.026+0700][gc,mmu      ] GC(13) MMU target violated: 21.0ms (20.0ms/21.0ms)
[2024-12-15T13:00:45.026+0700][gc,phases   ] GC(13)   Pre Evacuate Collection Set: 2.4ms
[2024-12-15T13:00:45.026+0700][gc,phases   ] GC(13)   Merge Heap Roots: 1.2ms
[2024-12-15T13:00:45.026+0700][gc,phases   ] GC(13)   Evacuate Collection Set: 38.8ms
[2024-12-15T13:00:45.026+0700][gc,phases   ] GC(13)   Post Evacuate Collection Set: 2.6ms
[2024-12-15T13:00:45.026+0700][gc,phases   ] GC(13)   Other: 1.3ms
[2024-12-15T13:00:45.026+0700][gc,heap     ] GC(13) Eden regions: 45->0(47)
[2024-12-15T13:00:45.026+0700][gc,heap     ] GC(13) Survivor regions: 6->4(7)
[2024-12-15T13:00:45.026+0700][gc,heap     ] GC(13) Old regions: 25->27
[2024-12-15T13:00:45.026+0700][gc,heap     ] GC(13) Archive regions: 2->2
[2024-12-15T13:00:45.026+0700][gc,heap     ] GC(13) Humongous regions: 129->129
[2024-12-15T13:00:45.026+0700][gc,metaspace] GC(13) Metaspace: 43342K(43904K)->43342K(43904K) NonClass: 38243K(38592K)->38243K(38592K) Class: 5098K(5312K)->5098K(5312K)
[2024-12-15T13:00:45.026+0700][gc          ] GC(13) Pause Young (Normal) (G1 Evacuation Pause) 205M->160M(1024M) 46.153ms
[2024-12-15T13:00:45.026+0700][gc,cpu      ] GC(13) User=0.07s Sys=0.02s Real=0.05s
[2024-12-15T13:02:44.518+0700][gc,start    ] GC(14) Pause Young (Normal) (G1 Evacuation Pause)
[2024-12-15T13:02:44.518+0700][gc,task     ] GC(14) Using 2 workers of 2 for evacuation
[2024-12-15T13:02:44.565+0700][gc,mmu      ] GC(14) MMU target violated: 21.0ms (20.0ms/21.0ms)
[2024-12-15T13:02:44.565+0700][gc,phases   ] GC(14)   Pre Evacuate Collection Set: 2.5ms
[2024-12-15T13:02:44.565+0700][gc,phases   ] GC(14)   Merge Heap Roots: 0.4ms
[2024-12-15T13:02:44.565+0700][gc,phases   ] GC(14)   Evacuate Collection Set: 40.4ms
[2024-12-15T13:02:44.565+0700][gc,phases   ] GC(14)   Post Evacuate Collection Set: 2.4ms
[2024-12-15T13:02:44.565+0700][gc,phases   ] GC(14)   Other: 1.3ms
[2024-12-15T13:02:44.565+0700][gc,heap     ] GC(14) Eden regions: 47->0(44)
[2024-12-15T13:02:44.565+0700][gc,heap     ] GC(14) Survivor regions: 4->7(7)
[2024-12-15T13:02:44.565+0700][gc,heap     ] GC(14) Old regions: 27->27
[2024-12-15T13:02:44.565+0700][gc,heap     ] GC(14) Archive regions: 2->2
[2024-12-15T13:02:44.565+0700][gc,heap     ] GC(14) Humongous regions: 129->129
[2024-12-15T13:02:44.565+0700][gc,metaspace] GC(14) Metaspace: 43386K(43968K)->43386K(43968K) NonClass: 38287K(38656K)->38287K(38656K) Class: 5098K(5312K)->5098K(5312K)
[2024-12-15T13:02:44.565+0700][gc          ] GC(14) Pause Young (Normal) (G1 Evacuation Pause) 207M->163M(1024M) 47.049ms
[2024-12-15T13:02:44.565+0700][gc,cpu      ] GC(14) User=0.09s Sys=0.00s Real=0.05s
[2024-12-15T13:04:36.018+0700][gc,start    ] GC(15) Pause Young (Normal) (G1 Evacuation Pause)
[2024-12-15T13:04:36.018+0700][gc,task     ] GC(15) Using 2 workers of 2 for evacuation
[2024-12-15T13:04:36.066+0700][gc,mmu      ] GC(15) MMU target violated: 21.0ms (20.0ms/21.0ms)
[2024-12-15T13:04:36.066+0700][gc,phases   ] GC(15)   Pre Evacuate Collection Set: 2.3ms
[2024-12-15T13:04:36.066+0700][gc,phases   ] GC(15)   Merge Heap Roots: 0.6ms
[2024-12-15T13:04:36.066+0700][gc,phases   ] GC(15)   Evacuate Collection Set: 42.1ms
[2024-12-15T13:04:36.066+0700][gc,phases   ] GC(15)   Post Evacuate Collection Set: 2.1ms
[2024-12-15T13:04:36.066+0700][gc,phases   ] GC(15)   Other: 1.5ms
[2024-12-15T13:04:36.066+0700][gc,heap     ] GC(15) Eden regions: 44->0(48)
[2024-12-15T13:04:36.066+0700][gc,heap     ] GC(15) Survivor regions: 7->3(7)
[2024-12-15T13:04:36.066+0700][gc,heap     ] GC(15) Old regions: 27->32
[2024-12-15T13:04:36.066+0700][gc,heap     ] GC(15) Archive regions: 2->2
[2024-12-15T13:04:36.066+0700][gc,heap     ] GC(15) Humongous regions: 129->129
[2024-12-15T13:04:36.066+0700][gc,metaspace] GC(15) Metaspace: 43397K(43968K)->43397K(43968K) NonClass: 38298K(38656K)->38298K(38656K) Class: 5098K(5312K)->5098K(5312K)
[2024-12-15T13:04:36.066+0700][gc          ] GC(15) Pause Young (Normal) (G1 Evacuation Pause) 207M->164M(1024M) 48.716ms
[2024-12-15T13:04:36.067+0700][gc,cpu      ] GC(15) User=0.08s Sys=0.01s Real=0.05s
[2024-12-15T13:06:38.900+0700][gc,start    ] GC(16) Pause Young (Normal) (G1 Evacuation Pause)
[2024-12-15T13:06:38.900+0700][gc,task     ] GC(16) Using 2 workers of 2 for evacuation
[2024-12-15T13:06:38.952+0700][gc,mmu      ] GC(16) MMU target violated: 21.0ms (20.0ms/21.0ms)
[2024-12-15T13:06:38.952+0700][gc,phases   ] GC(16)   Pre Evacuate Collection Set: 4.0ms
[2024-12-15T13:06:38.952+0700][gc,phases   ] GC(16)   Merge Heap Roots: 0.5ms
[2024-12-15T13:06:38.952+0700][gc,phases   ] GC(16)   Evacuate Collection Set: 40.7ms
[2024-12-15T13:06:38.952+0700][gc,phases   ] GC(16)   Post Evacuate Collection Set: 5.3ms
[2024-12-15T13:06:38.952+0700][gc,phases   ] GC(16)   Other: 1.4ms
[2024-12-15T13:06:38.952+0700][gc,heap     ] GC(16) Eden regions: 48->0(45)
[2024-12-15T13:06:38.952+0700][gc,heap     ] GC(16) Survivor regions: 3->6(7)
[2024-12-15T13:06:38.952+0700][gc,heap     ] GC(16) Old regions: 32->32
[2024-12-15T13:06:38.952+0700][gc,heap     ] GC(16) Archive regions: 2->2
[2024-12-15T13:06:38.952+0700][gc,heap     ] GC(16) Humongous regions: 129->129
[2024-12-15T13:06:38.952+0700][gc,metaspace] GC(16) Metaspace: 43409K(43968K)->43409K(43968K) NonClass: 38311K(38656K)->38311K(38656K) Class: 5098K(5312K)->5098K(5312K)
[2024-12-15T13:06:38.952+0700][gc          ] GC(16) Pause Young (Normal) (G1 Evacuation Pause) 212M->167M(1024M) 52.129ms
[2024-12-15T13:06:38.952+0700][gc,cpu      ] GC(16) User=0.09s Sys=0.00s Real=0.05s
[2024-12-15T13:08:33.475+0700][gc,start    ] GC(17) Pause Young (Normal) (G1 Evacuation Pause)
[2024-12-15T13:08:33.476+0700][gc,task     ] GC(17) Using 2 workers of 2 for evacuation
[2024-12-15T13:08:33.546+0700][gc,mmu      ] GC(17) MMU target violated: 21.0ms (20.0ms/21.0ms)
[2024-12-15T13:08:33.546+0700][gc,phases   ] GC(17)   Pre Evacuate Collection Set: 4.1ms
[2024-12-15T13:08:33.546+0700][gc,phases   ] GC(17)   Merge Heap Roots: 0.5ms
[2024-12-15T13:08:33.546+0700][gc,phases   ] GC(17)   Evacuate Collection Set: 62.6ms
[2024-12-15T13:08:33.546+0700][gc,phases   ] GC(17)   Post Evacuate Collection Set: 2.7ms
[2024-12-15T13:08:33.546+0700][gc,phases   ] GC(17)   Other: 1.6ms
[2024-12-15T13:08:33.546+0700][gc,heap     ] GC(17) Eden regions: 45->0(45)
[2024-12-15T13:08:33.547+0700][gc,heap     ] GC(17) Survivor regions: 6->6(7)
[2024-12-15T13:08:33.547+0700][gc,heap     ] GC(17) Old regions: 32->36
[2024-12-15T13:08:33.547+0700][gc,heap     ] GC(17) Archive regions: 2->2
[2024-12-15T13:08:33.547+0700][gc,heap     ] GC(17) Humongous regions: 129->129
[2024-12-15T13:08:33.547+0700][gc,metaspace] GC(17) Metaspace: 43420K(43968K)->43420K(43968K) NonClass: 38321K(38656K)->38321K(38656K) Class: 5098K(5312K)->5098K(5312K)
[2024-12-15T13:08:33.547+0700][gc          ] GC(17) Pause Young (Normal) (G1 Evacuation Pause) 212M->170M(1024M) 71.284ms
[2024-12-15T13:08:33.547+0700][gc,cpu      ] GC(17) User=0.11s Sys=0.02s Real=0.07s
[2024-12-15T13:10:28.074+0700][gc,start    ] GC(18) Pause Young (Normal) (G1 Evacuation Pause)
[2024-12-15T13:10:28.074+0700][gc,task     ] GC(18) Using 2 workers of 2 for evacuation
[2024-12-15T13:10:28.119+0700][gc,mmu      ] GC(18) MMU target violated: 21.0ms (20.0ms/21.0ms)
[2024-12-15T13:10:28.119+0700][gc,phases   ] GC(18)   Pre Evacuate Collection Set: 3.4ms
[2024-12-15T13:10:28.119+0700][gc,phases   ] GC(18)   Merge Heap Roots: 0.4ms
[2024-12-15T13:10:28.119+0700][gc,phases   ] GC(18)   Evacuate Collection Set: 36.9ms
[2024-12-15T13:10:28.119+0700][gc,phases   ] GC(18)   Post Evacuate Collection Set: 2.8ms
[2024-12-15T13:10:28.119+0700][gc,phases   ] GC(18)   Other: 1.7ms
[2024-12-15T13:10:28.119+0700][gc,heap     ] GC(18) Eden regions: 45->0(47)
[2024-12-15T13:10:28.119+0700][gc,heap     ] GC(18) Survivor regions: 6->4(7)
[2024-12-15T13:10:28.119+0700][gc,heap     ] GC(18) Old regions: 36->38
[2024-12-15T13:10:28.119+0700][gc,heap     ] GC(18) Archive regions: 2->2
[2024-12-15T13:10:28.119+0700][gc,heap     ] GC(18) Humongous regions: 129->129
[2024-12-15T13:10:28.119+0700][gc,metaspace] GC(18) Metaspace: 43423K(43968K)->43423K(43968K) NonClass: 38324K(38656K)->38324K(38656K) Class: 5098K(5312K)->5098K(5312K)
[2024-12-15T13:10:28.119+0700][gc          ] GC(18) Pause Young (Normal) (G1 Evacuation Pause) 215M->171M(1024M) 45.386ms
[2024-12-15T13:10:28.119+0700][gc,cpu      ] GC(18) User=0.06s Sys=0.02s Real=0.04s
[2024-12-15T13:12:19.608+0700][gc,start    ] GC(19) Pause Young (Normal) (G1 Evacuation Pause)
[2024-12-15T13:12:19.609+0700][gc,task     ] GC(19) Using 2 workers of 2 for evacuation
[2024-12-15T13:12:19.654+0700][gc,mmu      ] GC(19) MMU target violated: 21.0ms (20.0ms/21.0ms)
[2024-12-15T13:12:19.654+0700][gc,phases   ] GC(19)   Pre Evacuate Collection Set: 2.3ms
[2024-12-15T13:12:19.654+0700][gc,phases   ] GC(19)   Merge Heap Roots: 0.4ms
[2024-12-15T13:12:19.654+0700][gc,phases   ] GC(19)   Evacuate Collection Set: 40.0ms
[2024-12-15T13:12:19.654+0700][gc,phases   ] GC(19)   Post Evacuate Collection Set: 2.3ms
[2024-12-15T13:12:19.654+0700][gc,phases   ] GC(19)   Other: 1.3ms
[2024-12-15T13:12:19.654+0700][gc,heap     ] GC(19) Eden regions: 47->0(45)
[2024-12-15T13:12:19.654+0700][gc,heap     ] GC(19) Survivor regions: 4->6(7)
[2024-12-15T13:12:19.654+0700][gc,heap     ] GC(19) Old regions: 38->38
[2024-12-15T13:12:19.654+0700][gc,heap     ] GC(19) Archive regions: 2->2
[2024-12-15T13:12:19.654+0700][gc,heap     ] GC(19) Humongous regions: 129->129
[2024-12-15T13:12:19.654+0700][gc,metaspace] GC(19) Metaspace: 43466K(44032K)->43466K(44032K) NonClass: 38367K(38720K)->38367K(38720K) Class: 5098K(5312K)->5098K(5312K)
[2024-12-15T13:12:19.655+0700][gc          ] GC(19) Pause Young (Normal) (G1 Evacuation Pause) 218M->173M(1024M) 46.399ms
[2024-12-15T13:12:19.655+0700][gc,cpu      ] GC(19) User=0.09s Sys=0.01s Real=0.05s
[2024-12-15T13:14:03.431+0700][gc,start    ] GC(20) Pause Young (Normal) (G1 Evacuation Pause)
[2024-12-15T13:14:03.432+0700][gc,task     ] GC(20) Using 2 workers of 2 for evacuation
[2024-12-15T13:14:03.507+0700][gc,mmu      ] GC(20) MMU target violated: 21.0ms (20.0ms/21.0ms)
[2024-12-15T13:14:03.508+0700][gc,phases   ] GC(20)   Pre Evacuate Collection Set: 2.5ms
[2024-12-15T13:14:03.508+0700][gc,phases   ] GC(20)   Merge Heap Roots: 0.7ms
[2024-12-15T13:14:03.508+0700][gc,phases   ] GC(20)   Evacuate Collection Set: 69.0ms
[2024-12-15T13:14:03.508+0700][gc,phases   ] GC(20)   Post Evacuate Collection Set: 2.6ms
[2024-12-15T13:14:03.508+0700][gc,phases   ] GC(20)   Other: 2.0ms
[2024-12-15T13:14:03.508+0700][gc,heap     ] GC(20) Eden regions: 45->0(46)
[2024-12-15T13:14:03.508+0700][gc,heap     ] GC(20) Survivor regions: 6->5(7)
[2024-12-15T13:14:03.508+0700][gc,heap     ] GC(20) Old regions: 38->43
[2024-12-15T13:14:03.508+0700][gc,heap     ] GC(20) Archive regions: 2->2
[2024-12-15T13:14:03.508+0700][gc,heap     ] GC(20) Humongous regions: 129->129
[2024-12-15T13:14:03.508+0700][gc,metaspace] GC(20) Metaspace: 43566K(44160K)->43566K(44160K) NonClass: 38443K(38784K)->38443K(38784K) Class: 5122K(5376K)->5122K(5376K)
[2024-12-15T13:14:03.508+0700][gc          ] GC(20) Pause Young (Normal) (G1 Evacuation Pause) 218M->176M(1024M) 76.835ms
[2024-12-15T13:14:03.508+0700][gc,cpu      ] GC(20) User=0.13s Sys=0.02s Real=0.08s
[2024-12-15T13:15:50.030+0700][gc,start    ] GC(21) Pause Young (Normal) (G1 Evacuation Pause)
[2024-12-15T13:15:50.030+0700][gc,task     ] GC(21) Using 2 workers of 2 for evacuation
[2024-12-15T13:15:50.067+0700][gc,mmu      ] GC(21) MMU target violated: 21.0ms (20.0ms/21.0ms)
[2024-12-15T13:15:50.067+0700][gc,phases   ] GC(21)   Pre Evacuate Collection Set: 2.6ms
[2024-12-15T13:15:50.067+0700][gc,phases   ] GC(21)   Merge Heap Roots: 0.5ms
[2024-12-15T13:15:50.067+0700][gc,phases   ] GC(21)   Evacuate Collection Set: 30.8ms
[2024-12-15T13:15:50.067+0700][gc,phases   ] GC(21)   Post Evacuate Collection Set: 2.2ms
[2024-12-15T13:15:50.067+0700][gc,phases   ] GC(21)   Other: 1.3ms
[2024-12-15T13:15:50.067+0700][gc,heap     ] GC(21) Eden regions: 46->0(48)
[2024-12-15T13:15:50.067+0700][gc,heap     ] GC(21) Survivor regions: 5->3(7)
[2024-12-15T13:15:50.067+0700][gc,heap     ] GC(21) Old regions: 43->45
[2024-12-15T13:15:50.067+0700][gc,heap     ] GC(21) Archive regions: 2->2
[2024-12-15T13:15:50.067+0700][gc,heap     ] GC(21) Humongous regions: 129->129
[2024-12-15T13:15:50.067+0700][gc,metaspace] GC(21) Metaspace: 43574K(44160K)->43574K(44160K) NonClass: 38452K(38784K)->38452K(38784K) Class: 5122K(5376K)->5122K(5376K)
[2024-12-15T13:15:50.067+0700][gc          ] GC(21) Pause Young (Normal) (G1 Evacuation Pause) 222M->177M(1024M) 37.307ms
[2024-12-15T13:15:50.067+0700][gc,cpu      ] GC(21) User=0.06s Sys=0.01s Real=0.04s
[2024-12-15T13:17:43.566+0700][gc,start    ] GC(22) Pause Young (Normal) (G1 Evacuation Pause)
[2024-12-15T13:17:43.567+0700][gc,task     ] GC(22) Using 2 workers of 2 for evacuation
[2024-12-15T13:17:43.614+0700][gc,mmu      ] GC(22) MMU target violated: 21.0ms (20.0ms/21.0ms)
[2024-12-15T13:17:43.614+0700][gc,phases   ] GC(22)   Pre Evacuate Collection Set: 3.3ms
[2024-12-15T13:17:43.614+0700][gc,phases   ] GC(22)   Merge Heap Roots: 0.5ms
[2024-12-15T13:17:43.614+0700][gc,phases   ] GC(22)   Evacuate Collection Set: 39.6ms
[2024-12-15T13:17:43.614+0700][gc,phases   ] GC(22)   Post Evacuate Collection Set: 3.4ms
[2024-12-15T13:17:43.614+0700][gc,phases   ] GC(22)   Other: 1.5ms
[2024-12-15T13:17:43.614+0700][gc,heap     ] GC(22) Eden regions: 48->0(45)
[2024-12-15T13:17:43.614+0700][gc,heap     ] GC(22) Survivor regions: 3->6(7)
[2024-12-15T13:17:43.614+0700][gc,heap     ] GC(22) Old regions: 45->45
[2024-12-15T13:17:43.614+0700][gc,heap     ] GC(22) Archive regions: 2->2
[2024-12-15T13:17:43.614+0700][gc,heap     ] GC(22) Humongous regions: 129->129
[2024-12-15T13:17:43.615+0700][gc,metaspace] GC(22) Metaspace: 43584K(44160K)->43584K(44160K) NonClass: 38462K(38784K)->38462K(38784K) Class: 5122K(5376K)->5122K(5376K)
[2024-12-15T13:17:43.615+0700][gc          ] GC(22) Pause Young (Normal) (G1 Evacuation Pause) 225M->180M(1024M) 48.247ms
[2024-12-15T13:17:43.615+0700][gc,cpu      ] GC(22) User=0.09s Sys=0.00s Real=0.05s
[2024-12-15T13:19:30.550+0700][gc,start    ] GC(23) Pause Young (Normal) (G1 Evacuation Pause)
[2024-12-15T13:19:30.550+0700][gc,task     ] GC(23) Using 2 workers of 2 for evacuation
[2024-12-15T13:19:30.610+0700][gc,mmu      ] GC(23) MMU target violated: 21.0ms (20.0ms/21.0ms)
[2024-12-15T13:19:30.611+0700][gc,phases   ] GC(23)   Pre Evacuate Collection Set: 2.5ms
[2024-12-15T13:19:30.611+0700][gc,phases   ] GC(23)   Merge Heap Roots: 0.4ms
[2024-12-15T13:19:30.611+0700][gc,phases   ] GC(23)   Evacuate Collection Set: 54.0ms
[2024-12-15T13:19:30.611+0700][gc,phases   ] GC(23)   Post Evacuate Collection Set: 2.9ms
[2024-12-15T13:19:30.611+0700][gc,phases   ] GC(23)   Other: 1.5ms
[2024-12-15T13:19:30.611+0700][gc,heap     ] GC(23) Eden regions: 45->0(44)
[2024-12-15T13:19:30.611+0700][gc,heap     ] GC(23) Survivor regions: 6->7(7)
[2024-12-15T13:19:30.611+0700][gc,heap     ] GC(23) Old regions: 45->47
[2024-12-15T13:19:30.611+0700][gc,heap     ] GC(23) Archive regions: 2->2
[2024-12-15T13:19:30.611+0700][gc,heap     ] GC(23) Humongous regions: 129->129
[2024-12-15T13:19:30.611+0700][gc,metaspace] GC(23) Metaspace: 43589K(44160K)->43589K(44160K) NonClass: 38466K(38784K)->38466K(38784K) Class: 5122K(5376K)->5122K(5376K)
[2024-12-15T13:19:30.611+0700][gc          ] GC(23) Pause Young (Normal) (G1 Evacuation Pause) 225M->183M(1024M) 61.359ms
[2024-12-15T13:19:30.611+0700][gc,cpu      ] GC(23) User=0.11s Sys=0.00s Real=0.06s
[2024-12-15T13:21:14.980+0700][gc,start    ] GC(24) Pause Young (Normal) (G1 Evacuation Pause)
[2024-12-15T13:21:14.980+0700][gc,task     ] GC(24) Using 2 workers of 2 for evacuation
[2024-12-15T13:21:15.025+0700][gc,mmu      ] GC(24) MMU target violated: 21.0ms (20.0ms/21.0ms)
[2024-12-15T13:21:15.026+0700][gc,phases   ] GC(24)   Pre Evacuate Collection Set: 2.5ms
[2024-12-15T13:21:15.026+0700][gc,phases   ] GC(24)   Merge Heap Roots: 0.4ms
[2024-12-15T13:21:15.026+0700][gc,phases   ] GC(24)   Evacuate Collection Set: 39.6ms
[2024-12-15T13:21:15.026+0700][gc,phases   ] GC(24)   Post Evacuate Collection Set: 2.1ms
[2024-12-15T13:21:15.026+0700][gc,phases   ] GC(24)   Other: 1.6ms
[2024-12-15T13:21:15.026+0700][gc,heap     ] GC(24) Eden regions: 44->0(48)
[2024-12-15T13:21:15.026+0700][gc,heap     ] GC(24) Survivor regions: 7->3(7)
[2024-12-15T13:21:15.026+0700][gc,heap     ] GC(24) Old regions: 47->51
[2024-12-15T13:21:15.026+0700][gc,heap     ] GC(24) Archive regions: 2->2
[2024-12-15T13:21:15.026+0700][gc,heap     ] GC(24) Humongous regions: 129->129
[2024-12-15T13:21:15.026+0700][gc,metaspace] GC(24) Metaspace: 43598K(44160K)->43598K(44160K) NonClass: 38475K(38784K)->38475K(38784K) Class: 5122K(5376K)->5122K(5376K)
[2024-12-15T13:21:15.026+0700][gc          ] GC(24) Pause Young (Normal) (G1 Evacuation Pause) 227M->182M(1024M) 46.182ms
[2024-12-15T13:21:15.026+0700][gc,cpu      ] GC(24) User=0.07s Sys=0.02s Real=0.05s
[2024-12-15T13:23:04.069+0700][gc,start    ] GC(25) Pause Young (Normal) (G1 Evacuation Pause)
[2024-12-15T13:23:04.069+0700][gc,task     ] GC(25) Using 2 workers of 2 for evacuation
[2024-12-15T13:23:04.112+0700][gc,mmu      ] GC(25) MMU target violated: 21.0ms (20.0ms/21.0ms)
[2024-12-15T13:23:04.112+0700][gc,phases   ] GC(25)   Pre Evacuate Collection Set: 3.7ms
[2024-12-15T13:23:04.112+0700][gc,phases   ] GC(25)   Merge Heap Roots: 0.5ms
[2024-12-15T13:23:04.112+0700][gc,phases   ] GC(25)   Evacuate Collection Set: 35.1ms
[2024-12-15T13:23:04.112+0700][gc,phases   ] GC(25)   Post Evacuate Collection Set: 3.1ms
[2024-12-15T13:23:04.112+0700][gc,phases   ] GC(25)   Other: 1.4ms
[2024-12-15T13:23:04.112+0700][gc,heap     ] GC(25) Eden regions: 48->0(45)
[2024-12-15T13:23:04.112+0700][gc,heap     ] GC(25) Survivor regions: 3->6(7)
[2024-12-15T13:23:04.112+0700][gc,heap     ] GC(25) Old regions: 51->51
[2024-12-15T13:23:04.112+0700][gc,heap     ] GC(25) Archive regions: 2->2
[2024-12-15T13:23:04.112+0700][gc,heap     ] GC(25) Humongous regions: 129->129
[2024-12-15T13:23:04.113+0700][gc,metaspace] GC(25) Metaspace: 43820K(44352K)->43820K(44352K) NonClass: 38656K(38976K)->38656K(38976K) Class: 5163K(5376K)->5163K(5376K)
[2024-12-15T13:23:04.113+0700][gc          ] GC(25) Pause Young (Normal) (G1 Evacuation Pause) 230M->185M(1024M) 43.776ms
[2024-12-15T13:23:04.113+0700][gc,cpu      ] GC(25) User=0.07s Sys=0.00s Real=0.05s
[2024-12-15T13:24:51.471+0700][gc,start    ] GC(26) Pause Young (Normal) (G1 Evacuation Pause)
[2024-12-15T13:24:51.471+0700][gc,task     ] GC(26) Using 2 workers of 2 for evacuation
[2024-12-15T13:24:51.532+0700][gc,mmu      ] GC(26) MMU target violated: 21.0ms (20.0ms/21.0ms)
[2024-12-15T13:24:51.532+0700][gc,phases   ] GC(26)   Pre Evacuate Collection Set: 2.8ms
[2024-12-15T13:24:51.532+0700][gc,phases   ] GC(26)   Merge Heap Roots: 0.6ms
[2024-12-15T13:24:51.532+0700][gc,phases   ] GC(26)   Evacuate Collection Set: 52.9ms
[2024-12-15T13:24:51.532+0700][gc,phases   ] GC(26)   Post Evacuate Collection Set: 3.8ms
[2024-12-15T13:24:51.532+0700][gc,phases   ] GC(26)   Other: 1.7ms
[2024-12-15T13:24:51.533+0700][gc,heap     ] GC(26) Eden regions: 45->0(45)
[2024-12-15T13:24:51.533+0700][gc,heap     ] GC(26) Survivor regions: 6->6(7)
[2024-12-15T13:24:51.533+0700][gc,heap     ] GC(26) Old regions: 51->53
[2024-12-15T13:24:51.533+0700][gc,heap     ] GC(26) Archive regions: 2->2
[2024-12-15T13:24:51.533+0700][gc,heap     ] GC(26) Humongous regions: 129->129
[2024-12-15T13:24:51.533+0700][gc,metaspace] GC(26) Metaspace: 43824K(44352K)->43824K(44352K) NonClass: 38660K(38976K)->38660K(38976K) Class: 5163K(5376K)->5163K(5376K)
[2024-12-15T13:24:51.533+0700][gc          ] GC(26) Pause Young (Normal) (G1 Evacuation Pause) 230M->188M(1024M) 62.068ms
[2024-12-15T13:24:51.533+0700][gc,cpu      ] GC(26) User=0.12s Sys=0.00s Real=0.07s
[2024-12-15T13:26:38.462+0700][gc,start    ] GC(27) Pause Young (Normal) (G1 Evacuation Pause)
[2024-12-15T13:26:38.463+0700][gc,task     ] GC(27) Using 2 workers of 2 for evacuation
[2024-12-15T13:26:38.530+0700][gc,mmu      ] GC(27) MMU target violated: 21.0ms (20.0ms/21.0ms)
[2024-12-15T13:26:38.530+0700][gc,phases   ] GC(27)   Pre Evacuate Collection Set: 2.8ms
[2024-12-15T13:26:38.530+0700][gc,phases   ] GC(27)   Merge Heap Roots: 0.7ms
[2024-12-15T13:26:38.530+0700][gc,phases   ] GC(27)   Evacuate Collection Set: 59.0ms
[2024-12-15T13:26:38.530+0700][gc,phases   ] GC(27)   Post Evacuate Collection Set: 4.1ms
[2024-12-15T13:26:38.530+0700][gc,phases   ] GC(27)   Other: 1.4ms
[2024-12-15T13:26:38.530+0700][gc,heap     ] GC(27) Eden regions: 45->0(46)
[2024-12-15T13:26:38.531+0700][gc,heap     ] GC(27) Survivor regions: 6->5(7)
[2024-12-15T13:26:38.531+0700][gc,heap     ] GC(27) Old regions: 53->57
[2024-12-15T13:26:38.531+0700][gc,heap     ] GC(27) Archive regions: 2->2
[2024-12-15T13:26:38.531+0700][gc,heap     ] GC(27) Humongous regions: 129->129
[2024-12-15T13:26:38.531+0700][gc,metaspace] GC(27) Metaspace: 43888K(44480K)->43888K(44480K) NonClass: 38717K(39040K)->38717K(39040K) Class: 5171K(5440K)->5171K(5440K)
[2024-12-15T13:26:38.531+0700][gc          ] GC(27) Pause Young (Normal) (G1 Evacuation Pause) 233M->191M(1024M) 68.225ms
[2024-12-15T13:26:38.531+0700][gc,cpu      ] GC(27) User=0.12s Sys=0.01s Real=0.07s
[2024-12-15T13:28:27.950+0700][gc,start    ] GC(28) Pause Young (Normal) (G1 Evacuation Pause)
[2024-12-15T13:28:27.950+0700][gc,task     ] GC(28) Using 2 workers of 2 for evacuation
[2024-12-15T13:28:27.992+0700][gc,mmu      ] GC(28) MMU target violated: 21.0ms (20.0ms/21.0ms)
[2024-12-15T13:28:27.992+0700][gc,phases   ] GC(28)   Pre Evacuate Collection Set: 1.9ms
[2024-12-15T13:28:27.992+0700][gc,phases   ] GC(28)   Merge Heap Roots: 0.6ms
[2024-12-15T13:28:27.992+0700][gc,phases   ] GC(28)   Evacuate Collection Set: 35.9ms
[2024-12-15T13:28:27.992+0700][gc,phases   ] GC(28)   Post Evacuate Collection Set: 3.3ms
[2024-12-15T13:28:27.992+0700][gc,phases   ] GC(28)   Other: 1.3ms
[2024-12-15T13:28:27.993+0700][gc,heap     ] GC(28) Eden regions: 46->0(48)
[2024-12-15T13:28:27.993+0700][gc,heap     ] GC(28) Survivor regions: 5->3(7)
[2024-12-15T13:28:27.993+0700][gc,heap     ] GC(28) Old regions: 57->59
[2024-12-15T13:28:27.993+0700][gc,heap     ] GC(28) Archive regions: 2->2
[2024-12-15T13:28:27.993+0700][gc,heap     ] GC(28) Humongous regions: 129->129
[2024-12-15T13:28:27.993+0700][gc,metaspace] GC(28) Metaspace: 43894K(44480K)->43894K(44480K) NonClass: 38722K(39040K)->38722K(39040K) Class: 5171K(5440K)->5171K(5440K)
[2024-12-15T13:28:27.993+0700][gc          ] GC(28) Pause Young (Normal) (G1 Evacuation Pause) 237M->191M(1024M) 43.281ms
[2024-12-15T13:28:27.993+0700][gc,cpu      ] GC(28) User=0.06s Sys=0.01s Real=0.05s
[2024-12-15T13:30:21.852+0700][gc,start    ] GC(29) Pause Young (Normal) (G1 Evacuation Pause)
[2024-12-15T13:30:21.852+0700][gc,task     ] GC(29) Using 2 workers of 2 for evacuation
[2024-12-15T13:30:21.898+0700][gc,mmu      ] GC(29) MMU target violated: 21.0ms (20.0ms/21.0ms)
[2024-12-15T13:30:21.898+0700][gc,phases   ] GC(29)   Pre Evacuate Collection Set: 2.8ms
[2024-12-15T13:30:21.898+0700][gc,phases   ] GC(29)   Merge Heap Roots: 0.9ms
[2024-12-15T13:30:21.898+0700][gc,phases   ] GC(29)   Evacuate Collection Set: 39.4ms
[2024-12-15T13:30:21.898+0700][gc,phases   ] GC(29)   Post Evacuate Collection Set: 2.8ms
[2024-12-15T13:30:21.898+0700][gc,phases   ] GC(29)   Other: 1.1ms
[2024-12-15T13:30:21.898+0700][gc,heap     ] GC(29) Eden regions: 48->0(45)
[2024-12-15T13:30:21.899+0700][gc,heap     ] GC(29) Survivor regions: 3->6(7)
[2024-12-15T13:30:21.899+0700][gc,heap     ] GC(29) Old regions: 59->59
[2024-12-15T13:30:21.899+0700][gc,heap     ] GC(29) Archive regions: 2->2
[2024-12-15T13:30:21.899+0700][gc,heap     ] GC(29) Humongous regions: 129->129
[2024-12-15T13:30:21.899+0700][gc,metaspace] GC(29) Metaspace: 43916K(44480K)->43916K(44480K) NonClass: 38744K(39040K)->38744K(39040K) Class: 5171K(5440K)->5171K(5440K)
[2024-12-15T13:30:21.899+0700][gc          ] GC(29) Pause Young (Normal) (G1 Evacuation Pause) 239M->193M(1024M) 47.309ms
[2024-12-15T13:30:21.899+0700][gc,cpu      ] GC(29) User=0.09s Sys=0.01s Real=0.05s
[2024-12-15T13:32:08.893+0700][gc,start    ] GC(30) Pause Young (Normal) (G1 Evacuation Pause)
[2024-12-15T13:32:08.893+0700][gc,task     ] GC(30) Using 2 workers of 2 for evacuation
[2024-12-15T13:32:08.953+0700][gc,mmu      ] GC(30) MMU target violated: 21.0ms (20.0ms/21.0ms)
[2024-12-15T13:32:08.953+0700][gc,phases   ] GC(30)   Pre Evacuate Collection Set: 3.8ms
[2024-12-15T13:32:08.954+0700][gc,phases   ] GC(30)   Merge Heap Roots: 0.4ms
[2024-12-15T13:32:08.954+0700][gc,phases   ] GC(30)   Evacuate Collection Set: 52.8ms
[2024-12-15T13:32:08.954+0700][gc,phases   ] GC(30)   Post Evacuate Collection Set: 2.4ms
[2024-12-15T13:32:08.954+0700][gc,phases   ] GC(30)   Other: 1.2ms
[2024-12-15T13:32:08.954+0700][gc,heap     ] GC(30) Eden regions: 45->0(46)
[2024-12-15T13:32:08.954+0700][gc,heap     ] GC(30) Survivor regions: 6->5(7)
[2024-12-15T13:32:08.954+0700][gc,heap     ] GC(30) Old regions: 59->63
[2024-12-15T13:32:08.954+0700][gc,heap     ] GC(30) Archive regions: 2->2
[2024-12-15T13:32:08.954+0700][gc,heap     ] GC(30) Humongous regions: 129->129
[2024-12-15T13:32:08.954+0700][gc,metaspace] GC(30) Metaspace: 43923K(44480K)->43923K(44480K) NonClass: 38752K(39040K)->38752K(39040K) Class: 5171K(5440K)->5171K(5440K)
[2024-12-15T13:32:08.954+0700][gc          ] GC(30) Pause Young (Normal) (G1 Evacuation Pause) 238M->197M(1024M) 60.894ms
[2024-12-15T13:32:08.954+0700][gc,cpu      ] GC(30) User=0.11s Sys=0.00s Real=0.06s
[2024-12-15T13:33:57.931+0700][gc,start    ] GC(31) Pause Young (Normal) (G1 Evacuation Pause)
[2024-12-15T13:33:57.931+0700][gc,task     ] GC(31) Using 2 workers of 2 for evacuation
[2024-12-15T13:33:57.978+0700][gc,mmu      ] GC(31) MMU target violated: 21.0ms (20.0ms/21.0ms)
[2024-12-15T13:33:57.978+0700][gc,phases   ] GC(31)   Pre Evacuate Collection Set: 6.8ms
[2024-12-15T13:33:57.978+0700][gc,phases   ] GC(31)   Merge Heap Roots: 0.7ms
[2024-12-15T13:33:57.978+0700][gc,phases   ] GC(31)   Evacuate Collection Set: 35.7ms
[2024-12-15T13:33:57.978+0700][gc,phases   ] GC(31)   Post Evacuate Collection Set: 3.1ms
[2024-12-15T13:33:57.978+0700][gc,phases   ] GC(31)   Other: 1.5ms
[2024-12-15T13:33:57.979+0700][gc,heap     ] GC(31) Eden regions: 46->0(48)
[2024-12-15T13:33:57.979+0700][gc,heap     ] GC(31) Survivor regions: 5->3(7)
[2024-12-15T13:33:57.979+0700][gc,heap     ] GC(31) Old regions: 63->65
[2024-12-15T13:33:57.979+0700][gc,heap     ] GC(31) Archive regions: 2->2
[2024-12-15T13:33:57.979+0700][gc,heap     ] GC(31) Humongous regions: 129->129
[2024-12-15T13:33:57.979+0700][gc,metaspace] GC(31) Metaspace: 43926K(44480K)->43926K(44480K) NonClass: 38755K(39040K)->38755K(39040K) Class: 5171K(5440K)->5171K(5440K)
[2024-12-15T13:33:57.979+0700][gc          ] GC(31) Pause Young (Normal) (G1 Evacuation Pause) 243M->197M(1024M) 48.072ms
[2024-12-15T13:33:57.979+0700][gc,cpu      ] GC(31) User=0.08s Sys=0.00s Real=0.05s
[2024-12-15T13:35:52.507+0700][gc,start    ] GC(32) Pause Young (Normal) (G1 Evacuation Pause)
[2024-12-15T13:35:52.507+0700][gc,task     ] GC(32) Using 2 workers of 2 for evacuation
[2024-12-15T13:35:52.555+0700][gc,mmu      ] GC(32) MMU target violated: 21.0ms (20.0ms/21.0ms)
[2024-12-15T13:35:52.555+0700][gc,phases   ] GC(32)   Pre Evacuate Collection Set: 2.8ms
[2024-12-15T13:35:52.555+0700][gc,phases   ] GC(32)   Merge Heap Roots: 0.7ms
[2024-12-15T13:35:52.555+0700][gc,phases   ] GC(32)   Evacuate Collection Set: 40.4ms
[2024-12-15T13:35:52.555+0700][gc,phases   ] GC(32)   Post Evacuate Collection Set: 3.1ms
[2024-12-15T13:35:52.555+0700][gc,phases   ] GC(32)   Other: 1.6ms
[2024-12-15T13:35:52.556+0700][gc,heap     ] GC(32) Eden regions: 48->0(45)
[2024-12-15T13:35:52.556+0700][gc,heap     ] GC(32) Survivor regions: 3->6(7)
[2024-12-15T13:35:52.556+0700][gc,heap     ] GC(32) Old regions: 65->65
[2024-12-15T13:35:52.556+0700][gc,heap     ] GC(32) Archive regions: 2->2
[2024-12-15T13:35:52.556+0700][gc,heap     ] GC(32) Humongous regions: 129->129
[2024-12-15T13:35:52.556+0700][gc,metaspace] GC(32) Metaspace: 43927K(44480K)->43927K(44480K) NonClass: 38755K(39040K)->38755K(39040K) Class: 5171K(5440K)->5171K(5440K)
[2024-12-15T13:35:52.556+0700][gc          ] GC(32) Pause Young (Normal) (G1 Evacuation Pause) 245M->200M(1024M) 48.752ms
[2024-12-15T13:35:52.556+0700][gc,cpu      ] GC(32) User=0.09s Sys=0.00s Real=0.05s
[2024-12-15T13:37:39.466+0700][gc,start    ] GC(33) Pause Young (Normal) (G1 Evacuation Pause)
[2024-12-15T13:37:39.466+0700][gc,task     ] GC(33) Using 2 workers of 2 for evacuation
[2024-12-15T13:37:39.535+0700][gc,mmu      ] GC(33) MMU target violated: 21.0ms (20.0ms/21.0ms)
[2024-12-15T13:37:39.535+0700][gc,phases   ] GC(33)   Pre Evacuate Collection Set: 3.4ms
[2024-12-15T13:37:39.535+0700][gc,phases   ] GC(33)   Merge Heap Roots: 0.9ms
[2024-12-15T13:37:39.535+0700][gc,phases   ] GC(33)   Evacuate Collection Set: 59.4ms
[2024-12-15T13:37:39.535+0700][gc,phases   ] GC(33)   Post Evacuate Collection Set: 3.9ms
[2024-12-15T13:37:39.535+0700][gc,phases   ] GC(33)   Other: 1.6ms
[2024-12-15T13:37:39.535+0700][gc,heap     ] GC(33) Eden regions: 45->0(46)
[2024-12-15T13:37:39.535+0700][gc,heap     ] GC(33) Survivor regions: 6->5(7)
[2024-12-15T13:37:39.535+0700][gc,heap     ] GC(33) Old regions: 65->69
[2024-12-15T13:37:39.535+0700][gc,heap     ] GC(33) Archive regions: 2->2
[2024-12-15T13:37:39.535+0700][gc,heap     ] GC(33) Humongous regions: 129->129
[2024-12-15T13:37:39.535+0700][gc,metaspace] GC(33) Metaspace: 43934K(44480K)->43934K(44480K) NonClass: 38762K(39040K)->38762K(39040K) Class: 5171K(5440K)->5171K(5440K)
[2024-12-15T13:37:39.535+0700][gc          ] GC(33) Pause Young (Normal) (G1 Evacuation Pause) 245M->203M(1024M) 69.178ms
[2024-12-15T13:37:39.535+0700][gc,cpu      ] GC(33) User=0.11s Sys=0.03s Real=0.07s
[2024-12-15T13:39:28.407+0700][gc,start    ] GC(34) Pause Young (Normal) (G1 Evacuation Pause)
[2024-12-15T13:39:28.407+0700][gc,task     ] GC(34) Using 2 workers of 2 for evacuation
[2024-12-15T13:39:28.444+0700][gc,mmu      ] GC(34) MMU target violated: 21.0ms (20.0ms/21.0ms)
[2024-12-15T13:39:28.444+0700][gc,phases   ] GC(34)   Pre Evacuate Collection Set: 2.9ms
[2024-12-15T13:39:28.445+0700][gc,phases   ] GC(34)   Merge Heap Roots: 0.7ms
[2024-12-15T13:39:28.445+0700][gc,phases   ] GC(34)   Evacuate Collection Set: 30.5ms
[2024-12-15T13:39:28.445+0700][gc,phases   ] GC(34)   Post Evacuate Collection Set: 2.5ms
[2024-12-15T13:39:28.445+0700][gc,phases   ] GC(34)   Other: 1.5ms
[2024-12-15T13:39:28.445+0700][gc,heap     ] GC(34) Eden regions: 46->0(48)
[2024-12-15T13:39:28.445+0700][gc,heap     ] GC(34) Survivor regions: 5->3(7)
[2024-12-15T13:39:28.445+0700][gc,heap     ] GC(34) Old regions: 69->71
[2024-12-15T13:39:28.445+0700][gc,heap     ] GC(34) Archive regions: 2->2
[2024-12-15T13:39:28.445+0700][gc,heap     ] GC(34) Humongous regions: 129->129
[2024-12-15T13:39:28.445+0700][gc,metaspace] GC(34) Metaspace: 43936K(44544K)->43936K(44544K) NonClass: 38764K(39104K)->38764K(39104K) Class: 5171K(5440K)->5171K(5440K)
[2024-12-15T13:39:28.445+0700][gc          ] GC(34) Pause Young (Normal) (G1 Evacuation Pause) 249M->203M(1024M) 38.279ms
[2024-12-15T13:39:28.445+0700][gc,cpu      ] GC(34) User=0.06s Sys=0.00s Real=0.04s
[2024-12-15T13:41:22.764+0700][gc,start    ] GC(35) Pause Young (Normal) (G1 Evacuation Pause)
[2024-12-15T13:41:22.764+0700][gc,task     ] GC(35) Using 2 workers of 2 for evacuation
[2024-12-15T13:41:22.806+0700][gc,mmu      ] GC(35) MMU target violated: 21.0ms (20.0ms/21.0ms)
[2024-12-15T13:41:22.806+0700][gc,phases   ] GC(35)   Pre Evacuate Collection Set: 2.6ms
[2024-12-15T13:41:22.806+0700][gc,phases   ] GC(35)   Merge Heap Roots: 0.7ms
[2024-12-15T13:41:22.806+0700][gc,phases   ] GC(35)   Evacuate Collection Set: 35.7ms
[2024-12-15T13:41:22.806+0700][gc,phases   ] GC(35)   Post Evacuate Collection Set: 2.5ms
[2024-12-15T13:41:22.806+0700][gc,phases   ] GC(35)   Other: 1.5ms
[2024-12-15T13:41:22.806+0700][gc,heap     ] GC(35) Eden regions: 48->0(45)
[2024-12-15T13:41:22.806+0700][gc,heap     ] GC(35) Survivor regions: 3->6(7)
[2024-12-15T13:41:22.806+0700][gc,heap     ] GC(35) Old regions: 71->71
[2024-12-15T13:41:22.806+0700][gc,heap     ] GC(35) Archive regions: 2->2
[2024-12-15T13:41:22.806+0700][gc,heap     ] GC(35) Humongous regions: 129->129
[2024-12-15T13:41:22.806+0700][gc,metaspace] GC(35) Metaspace: 43941K(44608K)->43941K(44608K) NonClass: 38770K(39168K)->38770K(39168K) Class: 5171K(5440K)->5171K(5440K)
[2024-12-15T13:41:22.807+0700][gc          ] GC(35) Pause Young (Normal) (G1 Evacuation Pause) 251M->206M(1024M) 43.022ms
[2024-12-15T13:41:22.807+0700][gc,cpu      ] GC(35) User=0.07s Sys=0.00s Real=0.05s
[2024-12-15T13:43:09.889+0700][gc,start    ] GC(36) Pause Young (Normal) (G1 Evacuation Pause)
[2024-12-15T13:43:09.889+0700][gc,task     ] GC(36) Using 2 workers of 2 for evacuation
[2024-12-15T13:43:09.954+0700][gc,mmu      ] GC(36) MMU target violated: 21.0ms (20.0ms/21.0ms)
[2024-12-15T13:43:09.954+0700][gc,phases   ] GC(36)   Pre Evacuate Collection Set: 4.0ms
[2024-12-15T13:43:09.954+0700][gc,phases   ] GC(36)   Merge Heap Roots: 0.5ms
[2024-12-15T13:43:09.954+0700][gc,phases   ] GC(36)   Evacuate Collection Set: 57.0ms
[2024-12-15T13:43:09.954+0700][gc,phases   ] GC(36)   Post Evacuate Collection Set: 3.1ms
[2024-12-15T13:43:09.954+0700][gc,phases   ] GC(36)   Other: 1.3ms
[2024-12-15T13:43:09.955+0700][gc,heap     ] GC(36) Eden regions: 45->0(44)
[2024-12-15T13:43:09.955+0700][gc,heap     ] GC(36) Survivor regions: 6->7(7)
[2024-12-15T13:43:09.955+0700][gc,heap     ] GC(36) Old regions: 71->73
[2024-12-15T13:43:09.955+0700][gc,heap     ] GC(36) Archive regions: 2->2
[2024-12-15T13:43:09.955+0700][gc,heap     ] GC(36) Humongous regions: 129->129
[2024-12-15T13:43:09.955+0700][gc,metaspace] GC(36) Metaspace: 43947K(44608K)->43947K(44608K) NonClass: 38776K(39168K)->38776K(39168K) Class: 5171K(5440K)->5171K(5440K)
[2024-12-15T13:43:09.955+0700][gc          ] GC(36) Pause Young (Normal) (G1 Evacuation Pause) 251M->209M(1024M) 65.917ms
[2024-12-15T13:43:09.955+0700][gc,cpu      ] GC(36) User=0.11s Sys=0.01s Real=0.07s
[2024-12-15T13:44:54.813+0700][gc,start    ] GC(37) Pause Young (Normal) (G1 Evacuation Pause)
[2024-12-15T13:44:54.813+0700][gc,task     ] GC(37) Using 2 workers of 2 for evacuation
[2024-12-15T13:44:54.892+0700][gc,mmu      ] GC(37) MMU target violated: 21.0ms (20.0ms/21.0ms)
[2024-12-15T13:44:54.893+0700][gc,phases   ] GC(37)   Pre Evacuate Collection Set: 2.6ms
[2024-12-15T13:44:54.893+0700][gc,phases   ] GC(37)   Merge Heap Roots: 0.7ms
[2024-12-15T13:44:54.893+0700][gc,phases   ] GC(37)   Evacuate Collection Set: 70.5ms
[2024-12-15T13:44:54.893+0700][gc,phases   ] GC(37)   Post Evacuate Collection Set: 4.2ms
[2024-12-15T13:44:54.893+0700][gc,phases   ] GC(37)   Other: 1.8ms
[2024-12-15T13:44:54.893+0700][gc,heap     ] GC(37) Eden regions: 44->0(46)
[2024-12-15T13:44:54.893+0700][gc,heap     ] GC(37) Survivor regions: 7->5(7)
[2024-12-15T13:44:54.893+0700][gc,heap     ] GC(37) Old regions: 73->77
[2024-12-15T13:44:54.893+0700][gc,heap     ] GC(37) Archive regions: 2->2
[2024-12-15T13:44:54.893+0700][gc,heap     ] GC(37) Humongous regions: 129->129
[2024-12-15T13:44:54.893+0700][gc,metaspace] GC(37) Metaspace: 43949K(44608K)->43949K(44608K) NonClass: 38777K(39168K)->38777K(39168K) Class: 5171K(5440K)->5171K(5440K)
[2024-12-15T13:44:54.893+0700][gc          ] GC(37) Pause Young (Normal) (G1 Evacuation Pause) 253M->211M(1024M) 80.181ms
[2024-12-15T13:44:54.893+0700][gc,cpu      ] GC(37) User=0.12s Sys=0.03s Real=0.08s
[2024-12-15T13:46:36.857+0700][gc,start    ] GC(38) Pause Young (Normal) (G1 Evacuation Pause)
[2024-12-15T13:46:36.857+0700][gc,task     ] GC(38) Using 2 workers of 2 for evacuation
[2024-12-15T13:46:36.916+0700][gc,mmu      ] GC(38) MMU target violated: 21.0ms (20.0ms/21.0ms)
[2024-12-15T13:46:36.916+0700][gc,phases   ] GC(38)   Pre Evacuate Collection Set: 3.0ms
[2024-12-15T13:46:36.916+0700][gc,phases   ] GC(38)   Merge Heap Roots: 0.8ms
[2024-12-15T13:46:36.917+0700][gc,phases   ] GC(38)   Evacuate Collection Set: 50.5ms
[2024-12-15T13:46:36.917+0700][gc,phases   ] GC(38)   Post Evacuate Collection Set: 4.2ms
[2024-12-15T13:46:36.917+0700][gc,phases   ] GC(38)   Other: 1.5ms
[2024-12-15T13:46:36.917+0700][gc,heap     ] GC(38) Eden regions: 46->0(46)
[2024-12-15T13:46:36.917+0700][gc,heap     ] GC(38) Survivor regions: 5->5(7)
[2024-12-15T13:46:36.917+0700][gc,heap     ] GC(38) Old regions: 77->79
[2024-12-15T13:46:36.917+0700][gc,heap     ] GC(38) Archive regions: 2->2
[2024-12-15T13:46:36.917+0700][gc,heap     ] GC(38) Humongous regions: 129->129
[2024-12-15T13:46:36.917+0700][gc,metaspace] GC(38) Metaspace: 43971K(44608K)->43971K(44608K) NonClass: 38796K(39168K)->38796K(39168K) Class: 5175K(5440K)->5175K(5440K)
[2024-12-15T13:46:36.917+0700][gc          ] GC(38) Pause Young (Normal) (G1 Evacuation Pause) 257M->213M(1024M) 60.257ms
[2024-12-15T13:46:36.917+0700][gc,cpu      ] GC(38) User=0.10s Sys=0.01s Real=0.06s
[2024-12-15T13:48:26.908+0700][gc,start    ] GC(39) Pause Young (Normal) (G1 Evacuation Pause)
[2024-12-15T13:48:26.909+0700][gc,task     ] GC(39) Using 2 workers of 2 for evacuation
[2024-12-15T13:48:26.986+0700][gc,mmu      ] GC(39) MMU target violated: 21.0ms (20.0ms/21.0ms)
[2024-12-15T13:48:26.986+0700][gc,phases   ] GC(39)   Pre Evacuate Collection Set: 6.0ms
[2024-12-15T13:48:26.986+0700][gc,phases   ] GC(39)   Merge Heap Roots: 1.2ms
[2024-12-15T13:48:26.986+0700][gc,phases   ] GC(39)   Evacuate Collection Set: 59.8ms
[2024-12-15T13:48:26.986+0700][gc,phases   ] GC(39)   Post Evacuate Collection Set: 7.6ms
[2024-12-15T13:48:26.987+0700][gc,phases   ] GC(39)   Other: 4.6ms
[2024-12-15T13:48:26.987+0700][gc,heap     ] GC(39) Eden regions: 46->0(48)
[2024-12-15T13:48:26.987+0700][gc,heap     ] GC(39) Survivor regions: 5->3(7)
[2024-12-15T13:48:26.987+0700][gc,heap     ] GC(39) Old regions: 79->82
[2024-12-15T13:48:26.987+0700][gc,heap     ] GC(39) Archive regions: 2->2
[2024-12-15T13:48:26.987+0700][gc,heap     ] GC(39) Humongous regions: 129->129
[2024-12-15T13:48:26.987+0700][gc,metaspace] GC(39) Metaspace: 43975K(44608K)->43975K(44608K) NonClass: 38800K(39168K)->38800K(39168K) Class: 5175K(5440K)->5175K(5440K)
[2024-12-15T13:48:26.987+0700][gc          ] GC(39) Pause Young (Normal) (G1 Evacuation Pause) 259M->214M(1024M) 79.229ms
[2024-12-15T13:48:26.987+0700][gc,cpu      ] GC(39) User=0.14s Sys=0.00s Real=0.08s
[2024-12-15T13:50:21.870+0700][gc,start    ] GC(40) Pause Young (Normal) (G1 Evacuation Pause)
[2024-12-15T13:50:21.870+0700][gc,task     ] GC(40) Using 2 workers of 2 for evacuation
[2024-12-15T13:50:21.924+0700][gc,mmu      ] GC(40) MMU target violated: 21.0ms (20.0ms/21.0ms)
[2024-12-15T13:50:21.924+0700][gc,phases   ] GC(40)   Pre Evacuate Collection Set: 3.3ms
[2024-12-15T13:50:21.925+0700][gc,phases   ] GC(40)   Merge Heap Roots: 0.8ms
[2024-12-15T13:50:21.925+0700][gc,phases   ] GC(40)   Evacuate Collection Set: 45.9ms
[2024-12-15T13:50:21.925+0700][gc,phases   ] GC(40)   Post Evacuate Collection Set: 3.4ms
[2024-12-15T13:50:21.925+0700][gc,phases   ] GC(40)   Other: 1.6ms
[2024-12-15T13:50:21.925+0700][gc,heap     ] GC(40) Eden regions: 48->0(45)
[2024-12-15T13:50:21.925+0700][gc,heap     ] GC(40) Survivor regions: 3->6(7)
[2024-12-15T13:50:21.925+0700][gc,heap     ] GC(40) Old regions: 82->82
[2024-12-15T13:50:21.925+0700][gc,heap     ] GC(40) Archive regions: 2->2
[2024-12-15T13:50:21.925+0700][gc,heap     ] GC(40) Humongous regions: 129->129
[2024-12-15T13:50:21.925+0700][gc,metaspace] GC(40) Metaspace: 44000K(44608K)->44000K(44608K) NonClass: 38825K(39168K)->38825K(39168K) Class: 5175K(5440K)->5175K(5440K)
[2024-12-15T13:50:21.925+0700][gc          ] GC(40) Pause Young (Normal) (G1 Evacuation Pause) 262M->217M(1024M) 55.168ms
[2024-12-15T13:50:21.925+0700][gc,cpu      ] GC(40) User=0.10s Sys=0.00s Real=0.06s
[2024-12-15T13:52:08.826+0700][gc,start    ] GC(41) Pause Young (Normal) (G1 Evacuation Pause)
[2024-12-15T13:52:08.826+0700][gc,task     ] GC(41) Using 2 workers of 2 for evacuation
[2024-12-15T13:52:08.874+0700][gc,mmu      ] GC(41) MMU target violated: 21.0ms (20.0ms/21.0ms)
[2024-12-15T13:52:08.874+0700][gc,phases   ] GC(41)   Pre Evacuate Collection Set: 4.3ms
[2024-12-15T13:52:08.875+0700][gc,phases   ] GC(41)   Merge Heap Roots: 0.8ms
[2024-12-15T13:52:08.875+0700][gc,phases   ] GC(41)   Evacuate Collection Set: 36.9ms
[2024-12-15T13:52:08.875+0700][gc,phases   ] GC(41)   Post Evacuate Collection Set: 4.5ms
[2024-12-15T13:52:08.875+0700][gc,phases   ] GC(41)   Other: 2.1ms
[2024-12-15T13:52:08.875+0700][gc,heap     ] GC(41) Eden regions: 45->0(48)
[2024-12-15T13:52:08.875+0700][gc,heap     ] GC(41) Survivor regions: 6->3(7)
[2024-12-15T13:52:08.875+0700][gc,heap     ] GC(41) Old regions: 82->85
[2024-12-15T13:52:08.875+0700][gc,heap     ] GC(41) Archive regions: 2->2
[2024-12-15T13:52:08.875+0700][gc,heap     ] GC(41) Humongous regions: 129->129
[2024-12-15T13:52:08.875+0700][gc,metaspace] GC(41) Metaspace: 44009K(44608K)->44009K(44608K) NonClass: 38834K(39168K)->38834K(39168K) Class: 5175K(5440K)->5175K(5440K)
[2024-12-15T13:52:08.875+0700][gc          ] GC(41) Pause Young (Normal) (G1 Evacuation Pause) 262M->217M(1024M) 48.989ms
[2024-12-15T13:52:08.875+0700][gc,cpu      ] GC(41) User=0.08s Sys=0.00s Real=0.05s
[2024-12-15T13:54:03.811+0700][gc,start    ] GC(42) Pause Young (Normal) (G1 Evacuation Pause)
[2024-12-15T13:54:03.811+0700][gc,task     ] GC(42) Using 2 workers of 2 for evacuation
[2024-12-15T13:54:03.853+0700][gc,mmu      ] GC(42) MMU target violated: 21.0ms (20.0ms/21.0ms)
[2024-12-15T13:54:03.853+0700][gc,phases   ] GC(42)   Pre Evacuate Collection Set: 2.6ms
[2024-12-15T13:54:03.853+0700][gc,phases   ] GC(42)   Merge Heap Roots: 0.7ms
[2024-12-15T13:54:03.853+0700][gc,phases   ] GC(42)   Evacuate Collection Set: 35.7ms
[2024-12-15T13:54:03.853+0700][gc,phases   ] GC(42)   Post Evacuate Collection Set: 2.5ms
[2024-12-15T13:54:03.853+0700][gc,phases   ] GC(42)   Other: 1.3ms
[2024-12-15T13:54:03.853+0700][gc,heap     ] GC(42) Eden regions: 48->0(45)
[2024-12-15T13:54:03.854+0700][gc,heap     ] GC(42) Survivor regions: 3->6(7)
[2024-12-15T13:54:03.854+0700][gc,heap     ] GC(42) Old regions: 85->85
[2024-12-15T13:54:03.854+0700][gc,heap     ] GC(42) Archive regions: 2->2
[2024-12-15T13:54:03.854+0700][gc,heap     ] GC(42) Humongous regions: 129->129
[2024-12-15T13:54:03.854+0700][gc,metaspace] GC(42) Metaspace: 44032K(44672K)->44032K(44672K) NonClass: 38857K(39232K)->38857K(39232K) Class: 5175K(5440K)->5175K(5440K)
[2024-12-15T13:54:03.854+0700][gc          ] GC(42) Pause Young (Normal) (G1 Evacuation Pause) 265M->220M(1024M) 42.731ms
[2024-12-15T13:54:03.854+0700][gc,cpu      ] GC(42) User=0.08s Sys=0.00s Real=0.05s
[2024-12-15T13:55:50.830+0700][gc,start    ] GC(43) Pause Young (Normal) (G1 Evacuation Pause)
[2024-12-15T13:55:50.830+0700][gc,task     ] GC(43) Using 2 workers of 2 for evacuation
[2024-12-15T13:55:50.894+0700][gc,mmu      ] GC(43) MMU target violated: 21.0ms (20.0ms/21.0ms)
[2024-12-15T13:55:50.894+0700][gc,phases   ] GC(43)   Pre Evacuate Collection Set: 3.4ms
[2024-12-15T13:55:50.894+0700][gc,phases   ] GC(43)   Merge Heap Roots: 0.7ms
[2024-12-15T13:55:50.894+0700][gc,phases   ] GC(43)   Evacuate Collection Set: 55.6ms
[2024-12-15T13:55:50.894+0700][gc,phases   ] GC(43)   Post Evacuate Collection Set: 3.6ms
[2024-12-15T13:55:50.895+0700][gc,phases   ] GC(43)   Other: 1.9ms
[2024-12-15T13:55:50.895+0700][gc,heap     ] GC(43) Eden regions: 45->0(46)
[2024-12-15T13:55:50.895+0700][gc,heap     ] GC(43) Survivor regions: 6->5(7)
[2024-12-15T13:55:50.895+0700][gc,heap     ] GC(43) Old regions: 85->89
[2024-12-15T13:55:50.895+0700][gc,heap     ] GC(43) Archive regions: 2->2
[2024-12-15T13:55:50.895+0700][gc,heap     ] GC(43) Humongous regions: 129->129
[2024-12-15T13:55:50.895+0700][gc,metaspace] GC(43) Metaspace: 44032K(44672K)->44032K(44672K) NonClass: 38857K(39232K)->38857K(39232K) Class: 5175K(5440K)->5175K(5440K)
[2024-12-15T13:55:50.895+0700][gc          ] GC(43) Pause Young (Normal) (G1 Evacuation Pause) 265M->223M(1024M) 65.023ms
[2024-12-15T13:55:50.895+0700][gc,cpu      ] GC(43) User=0.10s Sys=0.01s Real=0.07s
[2024-12-15T13:57:40.608+0700][gc,start    ] GC(44) Pause Young (Normal) (G1 Evacuation Pause)
[2024-12-15T13:57:40.608+0700][gc,task     ] GC(44) Using 2 workers of 2 for evacuation
[2024-12-15T13:57:40.648+0700][gc,mmu      ] GC(44) MMU target violated: 21.0ms (20.0ms/21.0ms)
[2024-12-15T13:57:40.648+0700][gc,phases   ] GC(44)   Pre Evacuate Collection Set: 2.8ms
[2024-12-15T13:57:40.648+0700][gc,phases   ] GC(44)   Merge Heap Roots: 0.8ms
[2024-12-15T13:57:40.648+0700][gc,phases   ] GC(44)   Evacuate Collection Set: 32.1ms
[2024-12-15T13:57:40.648+0700][gc,phases   ] GC(44)   Post Evacuate Collection Set: 3.4ms
[2024-12-15T13:57:40.648+0700][gc,phases   ] GC(44)   Other: 1.6ms
[2024-12-15T13:57:40.648+0700][gc,heap     ] GC(44) Eden regions: 46->0(48)
[2024-12-15T13:57:40.648+0700][gc,heap     ] GC(44) Survivor regions: 5->3(7)
[2024-12-15T13:57:40.648+0700][gc,heap     ] GC(44) Old regions: 89->92
[2024-12-15T13:57:40.648+0700][gc,heap     ] GC(44) Archive regions: 2->2
[2024-12-15T13:57:40.648+0700][gc,heap     ] GC(44) Humongous regions: 129->129
[2024-12-15T13:57:40.648+0700][gc,metaspace] GC(44) Metaspace: 44033K(44672K)->44033K(44672K) NonClass: 38858K(39232K)->38858K(39232K) Class: 5175K(5440K)->5175K(5440K)
[2024-12-15T13:57:40.648+0700][gc          ] GC(44) Pause Young (Normal) (G1 Evacuation Pause) 269M->224M(1024M) 40.523ms
[2024-12-15T13:57:40.648+0700][gc,cpu      ] GC(44) User=0.06s Sys=0.01s Real=0.04s
[2024-12-15T13:59:34.933+0700][gc,start    ] GC(45) Pause Young (Normal) (G1 Evacuation Pause)
[2024-12-15T13:59:34.933+0700][gc,task     ] GC(45) Using 2 workers of 2 for evacuation
[2024-12-15T13:59:34.982+0700][gc,mmu      ] GC(45) MMU target violated: 21.0ms (20.0ms/21.0ms)
[2024-12-15T13:59:34.983+0700][gc,phases   ] GC(45)   Pre Evacuate Collection Set: 2.6ms
[2024-12-15T13:59:34.983+0700][gc,phases   ] GC(45)   Merge Heap Roots: 0.9ms
[2024-12-15T13:59:34.983+0700][gc,phases   ] GC(45)   Evacuate Collection Set: 41.7ms
[2024-12-15T13:59:34.983+0700][gc,phases   ] GC(45)   Post Evacuate Collection Set: 3.4ms
[2024-12-15T13:59:34.983+0700][gc,phases   ] GC(45)   Other: 1.5ms
[2024-12-15T13:59:34.983+0700][gc,heap     ] GC(45) Eden regions: 48->0(45)
[2024-12-15T13:59:34.983+0700][gc,heap     ] GC(45) Survivor regions: 3->6(7)
[2024-12-15T13:59:34.983+0700][gc,heap     ] GC(45) Old regions: 92->92
[2024-12-15T13:59:34.983+0700][gc,heap     ] GC(45) Archive regions: 2->2
[2024-12-15T13:59:34.983+0700][gc,heap     ] GC(45) Humongous regions: 129->129
[2024-12-15T13:59:34.983+0700][gc,metaspace] GC(45) Metaspace: 44036K(44672K)->44036K(44672K) NonClass: 38861K(39232K)->38861K(39232K) Class: 5175K(5440K)->5175K(5440K)
[2024-12-15T13:59:34.983+0700][gc          ] GC(45) Pause Young (Normal) (G1 Evacuation Pause) 272M->226M(1024M) 50.048ms
[2024-12-15T13:59:34.983+0700][gc,cpu      ] GC(45) User=0.09s Sys=0.00s Real=0.04s
[2024-12-15T14:01:22.475+0700][gc,start    ] GC(46) Pause Young (Normal) (G1 Evacuation Pause)
[2024-12-15T14:01:22.475+0700][gc,task     ] GC(46) Using 2 workers of 2 for evacuation
[2024-12-15T14:01:22.537+0700][gc,mmu      ] GC(46) MMU target violated: 21.0ms (20.0ms/21.0ms)
[2024-12-15T14:01:22.538+0700][gc,phases   ] GC(46)   Pre Evacuate Collection Set: 3.4ms
[2024-12-15T14:01:22.538+0700][gc,phases   ] GC(46)   Merge Heap Roots: 0.9ms
[2024-12-15T14:01:22.538+0700][gc,phases   ] GC(46)   Evacuate Collection Set: 54.6ms
[2024-12-15T14:01:22.538+0700][gc,phases   ] GC(46)   Post Evacuate Collection Set: 2.3ms
[2024-12-15T14:01:22.538+0700][gc,phases   ] GC(46)   Other: 2.0ms
[2024-12-15T14:01:22.538+0700][gc,heap     ] GC(46) Eden regions: 45->0(44)
[2024-12-15T14:01:22.538+0700][gc,heap     ] GC(46) Survivor regions: 6->7(7)
[2024-12-15T14:01:22.538+0700][gc,heap     ] GC(46) Old regions: 92->94
[2024-12-15T14:01:22.538+0700][gc,heap     ] GC(46) Archive regions: 2->2
[2024-12-15T14:01:22.538+0700][gc,heap     ] GC(46) Humongous regions: 129->129
[2024-12-15T14:01:22.538+0700][gc,metaspace] GC(46) Metaspace: 44046K(44672K)->44046K(44672K) NonClass: 38871K(39232K)->38871K(39232K) Class: 5175K(5440K)->5175K(5440K)
[2024-12-15T14:01:22.538+0700][gc          ] GC(46) Pause Young (Normal) (G1 Evacuation Pause) 271M->229M(1024M) 63.033ms
[2024-12-15T14:01:22.538+0700][gc,cpu      ] GC(46) User=0.11s Sys=0.00s Real=0.06s
[2024-12-15T14:03:07.214+0700][gc,start    ] GC(47) Pause Young (Normal) (G1 Evacuation Pause)
[2024-12-15T14:03:07.214+0700][gc,task     ] GC(47) Using 2 workers of 2 for evacuation
[2024-12-15T14:03:07.266+0700][gc,mmu      ] GC(47) MMU target violated: 21.0ms (20.0ms/21.0ms)
[2024-12-15T14:03:07.266+0700][gc,phases   ] GC(47)   Pre Evacuate Collection Set: 2.2ms
[2024-12-15T14:03:07.266+0700][gc,phases   ] GC(47)   Merge Heap Roots: 0.7ms
[2024-12-15T14:03:07.266+0700][gc,phases   ] GC(47)   Evacuate Collection Set: 45.4ms
[2024-12-15T14:03:07.266+0700][gc,phases   ] GC(47)   Post Evacuate Collection Set: 3.2ms
[2024-12-15T14:03:07.266+0700][gc,phases   ] GC(47)   Other: 1.0ms
[2024-12-15T14:03:07.266+0700][gc,heap     ] GC(47) Eden regions: 44->0(45)
[2024-12-15T14:03:07.266+0700][gc,heap     ] GC(47) Survivor regions: 7->6(7)
[2024-12-15T14:03:07.266+0700][gc,heap     ] GC(47) Old regions: 94->98
[2024-12-15T14:03:07.266+0700][gc,heap     ] GC(47) Archive regions: 2->2
[2024-12-15T14:03:07.266+0700][gc,heap     ] GC(47) Humongous regions: 129->129
[2024-12-15T14:03:07.266+0700][gc,metaspace] GC(47) Metaspace: 44047K(44672K)->44047K(44672K) NonClass: 38872K(39232K)->38872K(39232K) Class: 5175K(5440K)->5175K(5440K)
[2024-12-15T14:03:07.266+0700][gc          ] GC(47) Pause Young (Normal) (G1 Evacuation Pause) 273M->232M(1024M) 52.719ms
[2024-12-15T14:03:07.266+0700][gc,cpu      ] GC(47) User=0.10s Sys=0.00s Real=0.05s
[2024-12-15T14:04:54.765+0700][gc,start    ] GC(48) Pause Young (Normal) (G1 Evacuation Pause)
[2024-12-15T14:04:54.766+0700][gc,task     ] GC(48) Using 2 workers of 2 for evacuation
[2024-12-15T14:04:54.813+0700][gc,mmu      ] GC(48) MMU target violated: 21.0ms (20.0ms/21.0ms)
[2024-12-15T14:04:54.814+0700][gc,phases   ] GC(48)   Pre Evacuate Collection Set: 2.4ms
[2024-12-15T14:04:54.814+0700][gc,phases   ] GC(48)   Merge Heap Roots: 0.5ms
[2024-12-15T14:04:54.814+0700][gc,phases   ] GC(48)   Evacuate Collection Set: 40.3ms
[2024-12-15T14:04:54.814+0700][gc,phases   ] GC(48)   Post Evacuate Collection Set: 3.9ms
[2024-12-15T14:04:54.814+0700][gc,phases   ] GC(48)   Other: 1.6ms
[2024-12-15T14:04:54.814+0700][gc,heap     ] GC(48) Eden regions: 45->0(47)
[2024-12-15T14:04:54.814+0700][gc,heap     ] GC(48) Survivor regions: 6->4(7)
[2024-12-15T14:04:54.814+0700][gc,heap     ] GC(48) Old regions: 98->100
[2024-12-15T14:04:54.814+0700][gc,heap     ] GC(48) Archive regions: 2->2
[2024-12-15T14:04:54.814+0700][gc,heap     ] GC(48) Humongous regions: 129->129
[2024-12-15T14:04:54.814+0700][gc,metaspace] GC(48) Metaspace: 44047K(44672K)->44047K(44672K) NonClass: 38872K(39232K)->38872K(39232K) Class: 5175K(5440K)->5175K(5440K)
[2024-12-15T14:04:54.814+0700][gc          ] GC(48) Pause Young (Normal) (G1 Evacuation Pause) 277M->233M(1024M) 48.837ms
[2024-12-15T14:04:54.814+0700][gc,cpu      ] GC(48) User=0.09s Sys=0.00s Real=0.05s
[2024-12-15T14:06:47.192+0700][gc,start    ] GC(49) Pause Young (Normal) (G1 Evacuation Pause)
[2024-12-15T14:06:47.192+0700][gc,task     ] GC(49) Using 2 workers of 2 for evacuation
[2024-12-15T14:06:47.238+0700][gc,mmu      ] GC(49) MMU target violated: 21.0ms (20.0ms/21.0ms)
[2024-12-15T14:06:47.238+0700][gc,phases   ] GC(49)   Pre Evacuate Collection Set: 2.6ms
[2024-12-15T14:06:47.238+0700][gc,phases   ] GC(49)   Merge Heap Roots: 0.7ms
[2024-12-15T14:06:47.238+0700][gc,phases   ] GC(49)   Evacuate Collection Set: 38.8ms
[2024-12-15T14:06:47.238+0700][gc,phases   ] GC(49)   Post Evacuate Collection Set: 2.5ms
[2024-12-15T14:06:47.238+0700][gc,phases   ] GC(49)   Other: 1.7ms
[2024-12-15T14:06:47.238+0700][gc,heap     ] GC(49) Eden regions: 47->0(45)
[2024-12-15T14:06:47.238+0700][gc,heap     ] GC(49) Survivor regions: 4->6(7)
[2024-12-15T14:06:47.238+0700][gc,heap     ] GC(49) Old regions: 100->100
[2024-12-15T14:06:47.238+0700][gc,heap     ] GC(49) Archive regions: 2->2
[2024-12-15T14:06:47.238+0700][gc,heap     ] GC(49) Humongous regions: 129->129
[2024-12-15T14:06:47.238+0700][gc,metaspace] GC(49) Metaspace: 44049K(44672K)->44049K(44672K) NonClass: 38873K(39232K)->38873K(39232K) Class: 5175K(5440K)->5175K(5440K)
[2024-12-15T14:06:47.238+0700][gc          ] GC(49) Pause Young (Normal) (G1 Evacuation Pause) 280M->235M(1024M) 46.379ms
[2024-12-15T14:06:47.238+0700][gc,cpu      ] GC(49) User=0.08s Sys=0.00s Real=0.05s
[2024-12-15T14:08:34.462+0700][gc,start    ] GC(50) Pause Young (Normal) (G1 Evacuation Pause)
[2024-12-15T14:08:34.463+0700][gc,task     ] GC(50) Using 2 workers of 2 for evacuation
[2024-12-15T14:08:34.533+0700][gc,mmu      ] GC(50) MMU target violated: 21.0ms (20.0ms/21.0ms)
[2024-12-15T14:08:34.533+0700][gc,phases   ] GC(50)   Pre Evacuate Collection Set: 3.4ms
[2024-12-15T14:08:34.534+0700][gc,phases   ] GC(50)   Merge Heap Roots: 0.5ms
[2024-12-15T14:08:34.534+0700][gc,phases   ] GC(50)   Evacuate Collection Set: 62.8ms
[2024-12-15T14:08:34.534+0700][gc,phases   ] GC(50)   Post Evacuate Collection Set: 3.6ms
[2024-12-15T14:08:34.534+0700][gc,phases   ] GC(50)   Other: 1.2ms
[2024-12-15T14:08:34.534+0700][gc,heap     ] GC(50) Eden regions: 45->0(46)
[2024-12-15T14:08:34.534+0700][gc,heap     ] GC(50) Survivor regions: 6->5(7)
[2024-12-15T14:08:34.534+0700][gc,heap     ] GC(50) Old regions: 100->104
[2024-12-15T14:08:34.534+0700][gc,heap     ] GC(50) Archive regions: 2->2
[2024-12-15T14:08:34.534+0700][gc,heap     ] GC(50) Humongous regions: 129->129
[2024-12-15T14:08:34.534+0700][gc,metaspace] GC(50) Metaspace: 44052K(44672K)->44052K(44672K) NonClass: 38876K(39232K)->38876K(39232K) Class: 5175K(5440K)->5175K(5440K)
[2024-12-15T14:08:34.534+0700][gc          ] GC(50) Pause Young (Normal) (G1 Evacuation Pause) 280M->238M(1024M) 71.533ms
[2024-12-15T14:08:34.534+0700][gc,cpu      ] GC(50) User=0.12s Sys=0.01s Real=0.08s
[2024-12-15T14:10:24.182+0700][gc,start    ] GC(51) Pause Young (Normal) (G1 Evacuation Pause)
[2024-12-15T14:10:24.183+0700][gc,task     ] GC(51) Using 2 workers of 2 for evacuation
[2024-12-15T14:10:24.221+0700][gc,mmu      ] GC(51) MMU target violated: 21.0ms (20.0ms/21.0ms)
[2024-12-15T14:10:24.221+0700][gc,phases   ] GC(51)   Pre Evacuate Collection Set: 2.5ms
[2024-12-15T14:10:24.221+0700][gc,phases   ] GC(51)   Merge Heap Roots: 0.4ms
[2024-12-15T14:10:24.221+0700][gc,phases   ] GC(51)   Evacuate Collection Set: 32.1ms
[2024-12-15T14:10:24.221+0700][gc,phases   ] GC(51)   Post Evacuate Collection Set: 2.7ms
[2024-12-15T14:10:24.221+0700][gc,phases   ] GC(51)   Other: 1.5ms
[2024-12-15T14:10:24.221+0700][gc,heap     ] GC(51) Eden regions: 46->0(48)
[2024-12-15T14:10:24.221+0700][gc,heap     ] GC(51) Survivor regions: 5->3(7)
[2024-12-15T14:10:24.221+0700][gc,heap     ] GC(51) Old regions: 104->106
[2024-12-15T14:10:24.221+0700][gc,heap     ] GC(51) Archive regions: 2->2
[2024-12-15T14:10:24.221+0700][gc,heap     ] GC(51) Humongous regions: 129->129
[2024-12-15T14:10:24.222+0700][gc,metaspace] GC(51) Metaspace: 44052K(44672K)->44052K(44672K) NonClass: 38877K(39232K)->38877K(39232K) Class: 5175K(5440K)->5175K(5440K)
[2024-12-15T14:10:24.222+0700][gc          ] GC(51) Pause Young (Normal) (G1 Evacuation Pause) 284M->238M(1024M) 39.141ms
[2024-12-15T14:10:24.222+0700][gc,cpu      ] GC(51) User=0.07s Sys=0.01s Real=0.04s
[2024-12-15T14:12:18.363+0700][gc,start    ] GC(52) Pause Young (Normal) (G1 Evacuation Pause)
[2024-12-15T14:12:18.364+0700][gc,task     ] GC(52) Using 2 workers of 2 for evacuation
[2024-12-15T14:12:18.411+0700][gc,mmu      ] GC(52) MMU target violated: 21.0ms (20.0ms/21.0ms)
[2024-12-15T14:12:18.411+0700][gc,phases   ] GC(52)   Pre Evacuate Collection Set: 2.9ms
[2024-12-15T14:12:18.411+0700][gc,phases   ] GC(52)   Merge Heap Roots: 0.5ms
[2024-12-15T14:12:18.411+0700][gc,phases   ] GC(52)   Evacuate Collection Set: 39.9ms
[2024-12-15T14:12:18.411+0700][gc,phases   ] GC(52)   Post Evacuate Collection Set: 3.0ms
[2024-12-15T14:12:18.411+0700][gc,phases   ] GC(52)   Other: 1.8ms
[2024-12-15T14:12:18.411+0700][gc,heap     ] GC(52) Eden regions: 48->0(45)
[2024-12-15T14:12:18.411+0700][gc,heap     ] GC(52) Survivor regions: 3->6(7)
[2024-12-15T14:12:18.411+0700][gc,heap     ] GC(52) Old regions: 106->106
[2024-12-15T14:12:18.411+0700][gc,heap     ] GC(52) Archive regions: 2->2
[2024-12-15T14:12:18.411+0700][gc,heap     ] GC(52) Humongous regions: 129->129
[2024-12-15T14:12:18.411+0700][gc,metaspace] GC(52) Metaspace: 44056K(44672K)->44056K(44672K) NonClass: 38881K(39232K)->38881K(39232K) Class: 5175K(5440K)->5175K(5440K)
[2024-12-15T14:12:18.411+0700][gc          ] GC(52) Pause Young (Normal) (G1 Evacuation Pause) 286M->241M(1024M) 48.048ms
[2024-12-15T14:12:18.411+0700][gc,cpu      ] GC(52) User=0.08s Sys=0.01s Real=0.05s
[2024-12-15T14:14:05.247+0700][gc,start    ] GC(53) Pause Young (Normal) (G1 Evacuation Pause)
[2024-12-15T14:14:05.248+0700][gc,task     ] GC(53) Using 2 workers of 2 for evacuation
[2024-12-15T14:14:05.307+0700][gc,mmu      ] GC(53) MMU target violated: 21.0ms (20.0ms/21.0ms)
[2024-12-15T14:14:05.308+0700][gc,phases   ] GC(53)   Pre Evacuate Collection Set: 2.4ms
[2024-12-15T14:14:05.308+0700][gc,phases   ] GC(53)   Merge Heap Roots: 0.8ms
[2024-12-15T14:14:05.308+0700][gc,phases   ] GC(53)   Evacuate Collection Set: 53.0ms
[2024-12-15T14:14:05.308+0700][gc,phases   ] GC(53)   Post Evacuate Collection Set: 2.8ms
[2024-12-15T14:14:05.308+0700][gc,phases   ] GC(53)   Other: 1.6ms
[2024-12-15T14:14:05.308+0700][gc,heap     ] GC(53) Eden regions: 45->0(46)
[2024-12-15T14:14:05.308+0700][gc,heap     ] GC(53) Survivor regions: 6->5(7)
[2024-12-15T14:14:05.308+0700][gc,heap     ] GC(53) Old regions: 106->111
[2024-12-15T14:14:05.308+0700][gc,heap     ] GC(53) Archive regions: 2->2
[2024-12-15T14:14:05.308+0700][gc,heap     ] GC(53) Humongous regions: 129->129
[2024-12-15T14:14:05.308+0700][gc,metaspace] GC(53) Metaspace: 44056K(44672K)->44056K(44672K) NonClass: 38881K(39232K)->38881K(39232K) Class: 5175K(5440K)->5175K(5440K)
[2024-12-15T14:14:05.308+0700][gc          ] GC(53) Pause Young (Normal) (G1 Evacuation Pause) 286M->244M(1024M) 60.534ms
[2024-12-15T14:14:05.308+0700][gc,cpu      ] GC(53) User=0.10s Sys=0.02s Real=0.06s
[2024-12-15T14:15:55.257+0700][gc,start    ] GC(54) Pause Young (Normal) (G1 Evacuation Pause)
[2024-12-15T14:15:55.258+0700][gc,task     ] GC(54) Using 2 workers of 2 for evacuation
[2024-12-15T14:15:55.305+0700][gc,mmu      ] GC(54) MMU target violated: 21.0ms (20.0ms/21.0ms)
[2024-12-15T14:15:55.305+0700][gc,phases   ] GC(54)   Pre Evacuate Collection Set: 3.9ms
[2024-12-15T14:15:55.305+0700][gc,phases   ] GC(54)   Merge Heap Roots: 0.7ms
[2024-12-15T14:15:55.305+0700][gc,phases   ] GC(54)   Evacuate Collection Set: 35.5ms
[2024-12-15T14:15:55.305+0700][gc,phases   ] GC(54)   Post Evacuate Collection Set: 6.2ms
[2024-12-15T14:15:55.305+0700][gc,phases   ] GC(54)   Other: 1.6ms
[2024-12-15T14:15:55.305+0700][gc,heap     ] GC(54) Eden regions: 46->0(48)
[2024-12-15T14:15:55.305+0700][gc,heap     ] GC(54) Survivor regions: 5->3(7)
[2024-12-15T14:15:55.305+0700][gc,heap     ] GC(54) Old regions: 111->113
[2024-12-15T14:15:55.305+0700][gc,heap     ] GC(54) Archive regions: 2->2
[2024-12-15T14:15:55.305+0700][gc,heap     ] GC(54) Humongous regions: 129->129
[2024-12-15T14:15:55.305+0700][gc,metaspace] GC(54) Metaspace: 44056K(44672K)->44056K(44672K) NonClass: 38881K(39232K)->38881K(39232K) Class: 5175K(5440K)->5175K(5440K)
[2024-12-15T14:15:55.305+0700][gc          ] GC(54) Pause Young (Normal) (G1 Evacuation Pause) 290M->245M(1024M) 47.992ms
[2024-12-15T14:15:55.305+0700][gc,cpu      ] GC(54) User=0.08s Sys=0.00s Real=0.05s
[2024-12-15T14:17:49.795+0700][gc,start    ] GC(55) Pause Young (Normal) (G1 Evacuation Pause)
[2024-12-15T14:17:49.795+0700][gc,task     ] GC(55) Using 2 workers of 2 for evacuation
[2024-12-15T14:17:49.846+0700][gc,mmu      ] GC(55) MMU target violated: 21.0ms (20.0ms/21.0ms)
[2024-12-15T14:17:49.847+0700][gc,phases   ] GC(55)   Pre Evacuate Collection Set: 2.7ms
[2024-12-15T14:17:49.847+0700][gc,phases   ] GC(55)   Merge Heap Roots: 0.4ms
[2024-12-15T14:17:49.847+0700][gc,phases   ] GC(55)   Evacuate Collection Set: 43.6ms
[2024-12-15T14:17:49.847+0700][gc,phases   ] GC(55)   Post Evacuate Collection Set: 3.7ms
[2024-12-15T14:17:49.847+0700][gc,phases   ] GC(55)   Other: 1.5ms
[2024-12-15T14:17:49.847+0700][gc,heap     ] GC(55) Eden regions: 48->0(45)
[2024-12-15T14:17:49.847+0700][gc,heap     ] GC(55) Survivor regions: 3->6(7)
[2024-12-15T14:17:49.847+0700][gc,heap     ] GC(55) Old regions: 113->113
[2024-12-15T14:17:49.847+0700][gc,heap     ] GC(55) Archive regions: 2->2
[2024-12-15T14:17:49.847+0700][gc,heap     ] GC(55) Humongous regions: 129->129
[2024-12-15T14:17:49.847+0700][gc,metaspace] GC(55) Metaspace: 44060K(44672K)->44060K(44672K) NonClass: 38885K(39232K)->38885K(39232K) Class: 5175K(5440K)->5175K(5440K)
[2024-12-15T14:17:49.847+0700][gc          ] GC(55) Pause Young (Normal) (G1 Evacuation Pause) 293M->248M(1024M) 52.075ms
[2024-12-15T14:17:49.848+0700][gc,cpu      ] GC(55) User=0.10s Sys=0.00s Real=0.05s
[2024-12-15T14:19:37.876+0700][gc,start    ] GC(56) Pause Young (Normal) (G1 Evacuation Pause)
[2024-12-15T14:19:37.877+0700][gc,task     ] GC(56) Using 2 workers of 2 for evacuation
[2024-12-15T14:19:37.949+0700][gc,mmu      ] GC(56) MMU target violated: 21.0ms (20.0ms/21.0ms)
[2024-12-15T14:19:37.950+0700][gc,phases   ] GC(56)   Pre Evacuate Collection Set: 3.4ms
[2024-12-15T14:19:37.950+0700][gc,phases   ] GC(56)   Merge Heap Roots: 0.7ms
[2024-12-15T14:19:37.950+0700][gc,phases   ] GC(56)   Evacuate Collection Set: 63.6ms
[2024-12-15T14:19:37.950+0700][gc,phases   ] GC(56)   Post Evacuate Collection Set: 4.0ms
[2024-12-15T14:19:37.950+0700][gc,phases   ] GC(56)   Other: 2.2ms
[2024-12-15T14:19:37.950+0700][gc,heap     ] GC(56) Eden regions: 45->0(46)
[2024-12-15T14:19:37.950+0700][gc,heap     ] GC(56) Survivor regions: 6->5(7)
[2024-12-15T14:19:37.950+0700][gc,heap     ] GC(56) Old regions: 113->117
[2024-12-15T14:19:37.950+0700][gc,heap     ] GC(56) Archive regions: 2->2
[2024-12-15T14:19:37.950+0700][gc,heap     ] GC(56) Humongous regions: 129->129
[2024-12-15T14:19:37.950+0700][gc,metaspace] GC(56) Metaspace: 44060K(44672K)->44060K(44672K) NonClass: 38885K(39232K)->38885K(39232K) Class: 5175K(5440K)->5175K(5440K)
[2024-12-15T14:19:37.951+0700][gc          ] GC(56) Pause Young (Normal) (G1 Evacuation Pause) 293M->251M(1024M) 74.119ms
[2024-12-15T14:19:37.951+0700][gc,cpu      ] GC(56) User=0.13s Sys=0.00s Real=0.07s
[2024-12-15T14:21:27.647+0700][gc,start    ] GC(57) Pause Young (Normal) (G1 Evacuation Pause)
[2024-12-15T14:21:27.648+0700][gc,task     ] GC(57) Using 2 workers of 2 for evacuation
[2024-12-15T14:21:27.684+0700][gc,mmu      ] GC(57) MMU target violated: 21.0ms (20.0ms/21.0ms)
[2024-12-15T14:21:27.685+0700][gc,phases   ] GC(57)   Pre Evacuate Collection Set: 2.5ms
[2024-12-15T14:21:27.685+0700][gc,phases   ] GC(57)   Merge Heap Roots: 0.7ms
[2024-12-15T14:21:27.685+0700][gc,phases   ] GC(57)   Evacuate Collection Set: 30.8ms
[2024-12-15T14:21:27.685+0700][gc,phases   ] GC(57)   Post Evacuate Collection Set: 2.3ms
[2024-12-15T14:21:27.685+0700][gc,phases   ] GC(57)   Other: 1.4ms
[2024-12-15T14:21:27.685+0700][gc,heap     ] GC(57) Eden regions: 46->0(48)
[2024-12-15T14:21:27.685+0700][gc,heap     ] GC(57) Survivor regions: 5->3(7)
[2024-12-15T14:21:27.685+0700][gc,heap     ] GC(57) Old regions: 117->119
[2024-12-15T14:21:27.685+0700][gc,heap     ] GC(57) Archive regions: 2->2
[2024-12-15T14:21:27.685+0700][gc,heap     ] GC(57) Humongous regions: 129->129
[2024-12-15T14:21:27.685+0700][gc,metaspace] GC(57) Metaspace: 44061K(44672K)->44061K(44672K) NonClass: 38886K(39232K)->38886K(39232K) Class: 5175K(5440K)->5175K(5440K)
[2024-12-15T14:21:27.685+0700][gc          ] GC(57) Pause Young (Normal) (G1 Evacuation Pause) 297M->251M(1024M) 37.611ms
[2024-12-15T14:21:27.685+0700][gc,cpu      ] GC(57) User=0.07s Sys=0.00s Real=0.04s
[2024-12-15T14:23:22.568+0700][gc,start    ] GC(58) Pause Young (Normal) (G1 Evacuation Pause)
[2024-12-15T14:23:22.568+0700][gc,task     ] GC(58) Using 2 workers of 2 for evacuation
[2024-12-15T14:23:22.615+0700][gc,mmu      ] GC(58) MMU target violated: 21.0ms (20.0ms/21.0ms)
[2024-12-15T14:23:22.615+0700][gc,phases   ] GC(58)   Pre Evacuate Collection Set: 2.4ms
[2024-12-15T14:23:22.615+0700][gc,phases   ] GC(58)   Merge Heap Roots: 0.4ms
[2024-12-15T14:23:22.615+0700][gc,phases   ] GC(58)   Evacuate Collection Set: 40.6ms
[2024-12-15T14:23:22.615+0700][gc,phases   ] GC(58)   Post Evacuate Collection Set: 2.4ms
[2024-12-15T14:23:22.615+0700][gc,phases   ] GC(58)   Other: 1.5ms
[2024-12-15T14:23:22.615+0700][gc,heap     ] GC(58) Eden regions: 48->0(45)
[2024-12-15T14:23:22.615+0700][gc,heap     ] GC(58) Survivor regions: 3->6(7)
[2024-12-15T14:23:22.615+0700][gc,heap     ] GC(58) Old regions: 119->119
[2024-12-15T14:23:22.615+0700][gc,heap     ] GC(58) Archive regions: 2->2
[2024-12-15T14:23:22.615+0700][gc,heap     ] GC(58) Humongous regions: 129->129
[2024-12-15T14:23:22.615+0700][gc,metaspace] GC(58) Metaspace: 44073K(44672K)->44073K(44672K) NonClass: 38898K(39232K)->38898K(39232K) Class: 5175K(5440K)->5175K(5440K)
[2024-12-15T14:23:22.615+0700][gc          ] GC(58) Pause Young (Normal) (G1 Evacuation Pause) 299M->254M(1024M) 47.331ms
[2024-12-15T14:23:22.615+0700][gc,cpu      ] GC(58) User=0.08s Sys=0.01s Real=0.05s
[2024-12-15T14:25:10.146+0700][gc,start    ] GC(59) Pause Young (Normal) (G1 Evacuation Pause)
[2024-12-15T14:25:10.146+0700][gc,task     ] GC(59) Using 2 workers of 2 for evacuation
[2024-12-15T14:25:10.209+0700][gc,mmu      ] GC(59) MMU target violated: 21.0ms (20.0ms/21.0ms)
[2024-12-15T14:25:10.209+0700][gc,phases   ] GC(59)   Pre Evacuate Collection Set: 3.4ms
[2024-12-15T14:25:10.209+0700][gc,phases   ] GC(59)   Merge Heap Roots: 0.5ms
[2024-12-15T14:25:10.209+0700][gc,phases   ] GC(59)   Evacuate Collection Set: 55.4ms
[2024-12-15T14:25:10.209+0700][gc,phases   ] GC(59)   Post Evacuate Collection Set: 2.8ms
[2024-12-15T14:25:10.209+0700][gc,phases   ] GC(59)   Other: 1.4ms
[2024-12-15T14:25:10.209+0700][gc,heap     ] GC(59) Eden regions: 45->0(46)
[2024-12-15T14:25:10.209+0700][gc,heap     ] GC(59) Survivor regions: 6->5(7)
[2024-12-15T14:25:10.209+0700][gc,heap     ] GC(59) Old regions: 119->123
[2024-12-15T14:25:10.209+0700][gc,heap     ] GC(59) Archive regions: 2->2
[2024-12-15T14:25:10.209+0700][gc,heap     ] GC(59) Humongous regions: 129->129
[2024-12-15T14:25:10.209+0700][gc,metaspace] GC(59) Metaspace: 44074K(44672K)->44074K(44672K) NonClass: 38899K(39232K)->38899K(39232K) Class: 5175K(5440K)->5175K(5440K)
[2024-12-15T14:25:10.210+0700][gc          ] GC(59) Pause Young (Normal) (G1 Evacuation Pause) 299M->257M(1024M) 63.743ms
[2024-12-15T14:25:10.210+0700][gc,cpu      ] GC(59) User=0.12s Sys=0.01s Real=0.06s
[2024-12-15T14:26:59.205+0700][gc,start    ] GC(60) Pause Young (Normal) (G1 Evacuation Pause)
[2024-12-15T14:26:59.205+0700][gc,task     ] GC(60) Using 2 workers of 2 for evacuation
[2024-12-15T14:26:59.247+0700][gc,mmu      ] GC(60) MMU target violated: 21.0ms (20.0ms/21.0ms)
[2024-12-15T14:26:59.247+0700][gc,phases   ] GC(60)   Pre Evacuate Collection Set: 3.8ms
[2024-12-15T14:26:59.247+0700][gc,phases   ] GC(60)   Merge Heap Roots: 0.5ms
[2024-12-15T14:26:59.247+0700][gc,phases   ] GC(60)   Evacuate Collection Set: 34.4ms
[2024-12-15T14:26:59.247+0700][gc,phases   ] GC(60)   Post Evacuate Collection Set: 2.6ms
[2024-12-15T14:26:59.247+0700][gc,phases   ] GC(60)   Other: 1.7ms
[2024-12-15T14:26:59.247+0700][gc,heap     ] GC(60) Eden regions: 46->0(48)
[2024-12-15T14:26:59.247+0700][gc,heap     ] GC(60) Survivor regions: 5->3(7)
[2024-12-15T14:26:59.247+0700][gc,heap     ] GC(60) Old regions: 123->125
[2024-12-15T14:26:59.247+0700][gc,heap     ] GC(60) Archive regions: 2->2
[2024-12-15T14:26:59.247+0700][gc,heap     ] GC(60) Humongous regions: 129->129
[2024-12-15T14:26:59.247+0700][gc,metaspace] GC(60) Metaspace: 44076K(44672K)->44076K(44672K) NonClass: 38901K(39232K)->38901K(39232K) Class: 5175K(5440K)->5175K(5440K)
[2024-12-15T14:26:59.248+0700][gc          ] GC(60) Pause Young (Normal) (G1 Evacuation Pause) 303M->257M(1024M) 42.810ms
[2024-12-15T14:26:59.248+0700][gc,cpu      ] GC(60) User=0.06s Sys=0.02s Real=0.04s
[2024-12-15T14:28:53.584+0700][gc,start    ] GC(61) Pause Young (Normal) (G1 Evacuation Pause)
[2024-12-15T14:28:53.584+0700][gc,task     ] GC(61) Using 2 workers of 2 for evacuation
[2024-12-15T14:28:53.645+0700][gc,mmu      ] GC(61) MMU target violated: 21.0ms (20.0ms/21.0ms)
[2024-12-15T14:28:53.645+0700][gc,phases   ] GC(61)   Pre Evacuate Collection Set: 3.9ms
[2024-12-15T14:28:53.645+0700][gc,phases   ] GC(61)   Merge Heap Roots: 0.8ms
[2024-12-15T14:28:53.645+0700][gc,phases   ] GC(61)   Evacuate Collection Set: 52.5ms
[2024-12-15T14:28:53.645+0700][gc,phases   ] GC(61)   Post Evacuate Collection Set: 3.2ms
[2024-12-15T14:28:53.645+0700][gc,phases   ] GC(61)   Other: 1.3ms
[2024-12-15T14:28:53.645+0700][gc,heap     ] GC(61) Eden regions: 48->0(45)
[2024-12-15T14:28:53.645+0700][gc,heap     ] GC(61) Survivor regions: 3->6(7)
[2024-12-15T14:28:53.645+0700][gc,heap     ] GC(61) Old regions: 125->125
[2024-12-15T14:28:53.645+0700][gc,heap     ] GC(61) Archive regions: 2->2
[2024-12-15T14:28:53.645+0700][gc,heap     ] GC(61) Humongous regions: 129->129
[2024-12-15T14:28:53.645+0700][gc,metaspace] GC(61) Metaspace: 44077K(44672K)->44077K(44672K) NonClass: 38902K(39232K)->38902K(39232K) Class: 5175K(5440K)->5175K(5440K)
[2024-12-15T14:28:53.646+0700][gc          ] GC(61) Pause Young (Normal) (G1 Evacuation Pause) 305M->260M(1024M) 61.723ms
[2024-12-15T14:28:53.646+0700][gc,cpu      ] GC(61) User=0.11s Sys=0.00s Real=0.07s
[2024-12-15T14:30:41.020+0700][gc,start    ] GC(62) Pause Young (Normal) (G1 Evacuation Pause)
[2024-12-15T14:30:41.020+0700][gc,task     ] GC(62) Using 2 workers of 2 for evacuation
[2024-12-15T14:30:41.082+0700][gc,mmu      ] GC(62) MMU target violated: 21.0ms (20.0ms/21.0ms)
[2024-12-15T14:30:41.082+0700][gc,phases   ] GC(62)   Pre Evacuate Collection Set: 2.8ms
[2024-12-15T14:30:41.082+0700][gc,phases   ] GC(62)   Merge Heap Roots: 0.8ms
[2024-12-15T14:30:41.082+0700][gc,phases   ] GC(62)   Evacuate Collection Set: 55.0ms
[2024-12-15T14:30:41.082+0700][gc,phases   ] GC(62)   Post Evacuate Collection Set: 2.7ms
[2024-12-15T14:30:41.082+0700][gc,phases   ] GC(62)   Other: 1.3ms
[2024-12-15T14:30:41.082+0700][gc,heap     ] GC(62) Eden regions: 45->0(44)
[2024-12-15T14:30:41.082+0700][gc,heap     ] GC(62) Survivor regions: 6->7(7)
[2024-12-15T14:30:41.082+0700][gc,heap     ] GC(62) Old regions: 125->127
[2024-12-15T14:30:41.082+0700][gc,heap     ] GC(62) Archive regions: 2->2
[2024-12-15T14:30:41.082+0700][gc,heap     ] GC(62) Humongous regions: 129->129
[2024-12-15T14:30:41.082+0700][gc,metaspace] GC(62) Metaspace: 44077K(44672K)->44077K(44672K) NonClass: 38902K(39232K)->38902K(39232K) Class: 5175K(5440K)->5175K(5440K)
[2024-12-15T14:30:41.082+0700][gc          ] GC(62) Pause Young (Normal) (G1 Evacuation Pause) 305M->263M(1024M) 62.691ms
[2024-12-15T14:30:41.083+0700][gc,cpu      ] GC(62) User=0.11s Sys=0.00s Real=0.06s
[2024-12-15T14:32:25.608+0700][gc,start    ] GC(63) Pause Young (Normal) (G1 Evacuation Pause)
[2024-12-15T14:32:25.609+0700][gc,task     ] GC(63) Using 2 workers of 2 for evacuation
[2024-12-15T14:32:25.678+0700][gc,mmu      ] GC(63) MMU target violated: 21.0ms (20.0ms/21.0ms)
[2024-12-15T14:32:25.678+0700][gc,phases   ] GC(63)   Pre Evacuate Collection Set: 3.5ms
[2024-12-15T14:32:25.678+0700][gc,phases   ] GC(63)   Merge Heap Roots: 1.2ms
[2024-12-15T14:32:25.678+0700][gc,phases   ] GC(63)   Evacuate Collection Set: 60.6ms
[2024-12-15T14:32:25.678+0700][gc,phases   ] GC(63)   Post Evacuate Collection Set: 3.1ms
[2024-12-15T14:32:25.678+0700][gc,phases   ] GC(63)   Other: 1.8ms
[2024-12-15T14:32:25.678+0700][gc,heap     ] GC(63) Eden regions: 44->0(45)
[2024-12-15T14:32:25.678+0700][gc,heap     ] GC(63) Survivor regions: 7->6(7)
[2024-12-15T14:32:25.678+0700][gc,heap     ] GC(63) Old regions: 127->131
[2024-12-15T14:32:25.678+0700][gc,heap     ] GC(63) Archive regions: 2->2
[2024-12-15T14:32:25.678+0700][gc,heap     ] GC(63) Humongous regions: 129->129
[2024-12-15T14:32:25.678+0700][gc,metaspace] GC(63) Metaspace: 44091K(44736K)->44091K(44736K) NonClass: 38915K(39296K)->38915K(39296K) Class: 5175K(5440K)->5175K(5440K)
[2024-12-15T14:32:25.678+0700][gc          ] GC(63) Pause Young (Normal) (G1 Evacuation Pause) 307M->266M(1024M) 70.137ms
[2024-12-15T14:32:25.678+0700][gc,cpu      ] GC(63) User=0.13s Sys=0.00s Real=0.07s
[2024-12-15T14:34:12.925+0700][gc,start    ] GC(64) Pause Young (Normal) (G1 Evacuation Pause)
[2024-12-15T14:34:12.925+0700][gc,task     ] GC(64) Using 2 workers of 2 for evacuation
[2024-12-15T14:34:12.974+0700][gc,mmu      ] GC(64) MMU target violated: 21.0ms (20.0ms/21.0ms)
[2024-12-15T14:34:12.974+0700][gc,phases   ] GC(64)   Pre Evacuate Collection Set: 3.9ms
[2024-12-15T14:34:12.974+0700][gc,phases   ] GC(64)   Merge Heap Roots: 0.8ms
[2024-12-15T14:34:12.974+0700][gc,phases   ] GC(64)   Evacuate Collection Set: 39.8ms
[2024-12-15T14:34:12.974+0700][gc,phases   ] GC(64)   Post Evacuate Collection Set: 3.5ms
[2024-12-15T14:34:12.975+0700][gc,phases   ] GC(64)   Other: 1.7ms
[2024-12-15T14:34:12.975+0700][gc,heap     ] GC(64) Eden regions: 45->0(48)
[2024-12-15T14:34:12.975+0700][gc,heap     ] GC(64) Survivor regions: 6->3(7)
[2024-12-15T14:34:12.975+0700][gc,heap     ] GC(64) Old regions: 131->133
[2024-12-15T14:34:12.975+0700][gc,heap     ] GC(64) Archive regions: 2->2
[2024-12-15T14:34:12.975+0700][gc,heap     ] GC(64) Humongous regions: 129->129
[2024-12-15T14:34:12.975+0700][gc,metaspace] GC(64) Metaspace: 44097K(44736K)->44097K(44736K) NonClass: 38922K(39296K)->38922K(39296K) Class: 5175K(5440K)->5175K(5440K)
[2024-12-15T14:34:12.975+0700][gc          ] GC(64) Pause Young (Normal) (G1 Evacuation Pause) 311M->265M(1024M) 49.667ms
[2024-12-15T14:34:12.975+0700][gc,cpu      ] GC(64) User=0.08s Sys=0.00s Real=0.05s
[2024-12-15T14:36:07.500+0700][gc,start    ] GC(65) Pause Young (Normal) (G1 Evacuation Pause)
[2024-12-15T14:36:07.501+0700][gc,task     ] GC(65) Using 2 workers of 2 for evacuation
[2024-12-15T14:36:07.557+0700][gc,mmu      ] GC(65) MMU target violated: 21.0ms (20.0ms/21.0ms)
[2024-12-15T14:36:07.557+0700][gc,phases   ] GC(65)   Pre Evacuate Collection Set: 3.7ms
[2024-12-15T14:36:07.557+0700][gc,phases   ] GC(65)   Merge Heap Roots: 1.0ms
[2024-12-15T14:36:07.557+0700][gc,phases   ] GC(65)   Evacuate Collection Set: 47.7ms
[2024-12-15T14:36:07.557+0700][gc,phases   ] GC(65)   Post Evacuate Collection Set: 3.3ms
[2024-12-15T14:36:07.557+0700][gc,phases   ] GC(65)   Other: 1.5ms
[2024-12-15T14:36:07.557+0700][gc,heap     ] GC(65) Eden regions: 48->0(45)
[2024-12-15T14:36:07.557+0700][gc,heap     ] GC(65) Survivor regions: 3->6(7)
[2024-12-15T14:36:07.557+0700][gc,heap     ] GC(65) Old regions: 133->133
[2024-12-15T14:36:07.557+0700][gc,heap     ] GC(65) Archive regions: 2->2
[2024-12-15T14:36:07.557+0700][gc,heap     ] GC(65) Humongous regions: 129->129
[2024-12-15T14:36:07.557+0700][gc,metaspace] GC(65) Metaspace: 44097K(44736K)->44097K(44736K) NonClass: 38922K(39296K)->38922K(39296K) Class: 5175K(5440K)->5175K(5440K)
[2024-12-15T14:36:07.557+0700][gc          ] GC(65) Pause Young (Normal) (G1 Evacuation Pause) 313M->268M(1024M) 57.200ms
[2024-12-15T14:36:07.557+0700][gc,cpu      ] GC(65) User=0.09s Sys=0.01s Real=0.06s
[2024-12-15T14:37:54.384+0700][gc,start    ] GC(66) Pause Young (Normal) (G1 Evacuation Pause)
[2024-12-15T14:37:54.385+0700][gc,task     ] GC(66) Using 2 workers of 2 for evacuation
[2024-12-15T14:37:54.456+0700][gc,mmu      ] GC(66) MMU target violated: 21.0ms (20.0ms/21.0ms)
[2024-12-15T14:37:54.456+0700][gc,phases   ] GC(66)   Pre Evacuate Collection Set: 3.9ms
[2024-12-15T14:37:54.456+0700][gc,phases   ] GC(66)   Merge Heap Roots: 0.6ms
[2024-12-15T14:37:54.456+0700][gc,phases   ] GC(66)   Evacuate Collection Set: 64.1ms
[2024-12-15T14:37:54.456+0700][gc,phases   ] GC(66)   Post Evacuate Collection Set: 2.2ms
[2024-12-15T14:37:54.456+0700][gc,phases   ] GC(66)   Other: 1.4ms
[2024-12-15T14:37:54.456+0700][gc,heap     ] GC(66) Eden regions: 45->0(46)
[2024-12-15T14:37:54.456+0700][gc,heap     ] GC(66) Survivor regions: 6->5(7)
[2024-12-15T14:37:54.456+0700][gc,heap     ] GC(66) Old regions: 133->137
[2024-12-15T14:37:54.456+0700][gc,heap     ] GC(66) Archive regions: 2->2
[2024-12-15T14:37:54.456+0700][gc,heap     ] GC(66) Humongous regions: 129->129
[2024-12-15T14:37:54.456+0700][gc,metaspace] GC(66) Metaspace: 44101K(44736K)->44101K(44736K) NonClass: 38926K(39296K)->38926K(39296K) Class: 5175K(5440K)->5175K(5440K)
[2024-12-15T14:37:54.456+0700][gc          ] GC(66) Pause Young (Normal) (G1 Evacuation Pause) 313M->271M(1024M) 72.080ms
[2024-12-15T14:37:54.456+0700][gc,cpu      ] GC(66) User=0.12s Sys=0.02s Real=0.08s
[2024-12-15T14:39:44.269+0700][gc,start    ] GC(67) Pause Young (Normal) (G1 Evacuation Pause)
[2024-12-15T14:39:44.269+0700][gc,task     ] GC(67) Using 2 workers of 2 for evacuation
[2024-12-15T14:39:44.322+0700][gc,mmu      ] GC(67) MMU target violated: 21.0ms (20.0ms/21.0ms)
[2024-12-15T14:39:44.323+0700][gc,phases   ] GC(67)   Pre Evacuate Collection Set: 4.1ms
[2024-12-15T14:39:44.323+0700][gc,phases   ] GC(67)   Merge Heap Roots: 0.8ms
[2024-12-15T14:39:44.323+0700][gc,phases   ] GC(67)   Evacuate Collection Set: 44.9ms
[2024-12-15T14:39:44.323+0700][gc,phases   ] GC(67)   Post Evacuate Collection Set: 3.2ms
[2024-12-15T14:39:44.323+0700][gc,phases   ] GC(67)   Other: 1.5ms
[2024-12-15T14:39:44.323+0700][gc,heap     ] GC(67) Eden regions: 46->0(48)
[2024-12-15T14:39:44.323+0700][gc,heap     ] GC(67) Survivor regions: 5->3(7)
[2024-12-15T14:39:44.323+0700][gc,heap     ] GC(67) Old regions: 137->139
[2024-12-15T14:39:44.323+0700][gc,heap     ] GC(67) Archive regions: 2->2
[2024-12-15T14:39:44.323+0700][gc,heap     ] GC(67) Humongous regions: 129->129
[2024-12-15T14:39:44.323+0700][gc,metaspace] GC(67) Metaspace: 44101K(44736K)->44101K(44736K) NonClass: 38926K(39296K)->38926K(39296K) Class: 5175K(5440K)->5175K(5440K)
[2024-12-15T14:39:44.323+0700][gc          ] GC(67) Pause Young (Normal) (G1 Evacuation Pause) 317M->271M(1024M) 54.352ms
[2024-12-15T14:39:44.323+0700][gc,cpu      ] GC(67) User=0.08s Sys=0.01s Real=0.05s
[2024-12-15T14:41:38.538+0700][gc,start    ] GC(68) Pause Young (Normal) (G1 Evacuation Pause)
[2024-12-15T14:41:38.538+0700][gc,task     ] GC(68) Using 2 workers of 2 for evacuation
[2024-12-15T14:41:38.582+0700][gc,mmu      ] GC(68) MMU target violated: 21.0ms (20.0ms/21.0ms)
[2024-12-15T14:41:38.582+0700][gc,phases   ] GC(68)   Pre Evacuate Collection Set: 2.5ms
[2024-12-15T14:41:38.582+0700][gc,phases   ] GC(68)   Merge Heap Roots: 0.5ms
[2024-12-15T14:41:38.582+0700][gc,phases   ] GC(68)   Evacuate Collection Set: 37.2ms
[2024-12-15T14:41:38.582+0700][gc,phases   ] GC(68)   Post Evacuate Collection Set: 2.5ms
[2024-12-15T14:41:38.582+0700][gc,phases   ] GC(68)   Other: 1.3ms
[2024-12-15T14:41:38.582+0700][gc,heap     ] GC(68) Eden regions: 48->0(45)
[2024-12-15T14:41:38.582+0700][gc,heap     ] GC(68) Survivor regions: 3->6(7)
[2024-12-15T14:41:38.582+0700][gc,heap     ] GC(68) Old regions: 139->139
[2024-12-15T14:41:38.582+0700][gc,heap     ] GC(68) Archive regions: 2->2
[2024-12-15T14:41:38.582+0700][gc,heap     ] GC(68) Humongous regions: 129->129
[2024-12-15T14:41:38.582+0700][gc,metaspace] GC(68) Metaspace: 44104K(44736K)->44104K(44736K) NonClass: 38929K(39296K)->38929K(39296K) Class: 5175K(5440K)->5175K(5440K)
[2024-12-15T14:41:38.582+0700][gc          ] GC(68) Pause Young (Normal) (G1 Evacuation Pause) 319M->274M(1024M) 44.004ms
[2024-12-15T14:41:38.582+0700][gc,cpu      ] GC(68) User=0.08s Sys=0.00s Real=0.04s
[2024-12-15T14:43:26.046+0700][gc,start    ] GC(69) Pause Young (Normal) (G1 Evacuation Pause)
[2024-12-15T14:43:26.047+0700][gc,task     ] GC(69) Using 2 workers of 2 for evacuation
[2024-12-15T14:43:26.109+0700][gc,mmu      ] GC(69) MMU target violated: 21.0ms (20.0ms/21.0ms)
[2024-12-15T14:43:26.109+0700][gc,phases   ] GC(69)   Pre Evacuate Collection Set: 3.2ms
[2024-12-15T14:43:26.109+0700][gc,phases   ] GC(69)   Merge Heap Roots: 0.5ms
[2024-12-15T14:43:26.109+0700][gc,phases   ] GC(69)   Evacuate Collection Set: 55.5ms
[2024-12-15T14:43:26.109+0700][gc,phases   ] GC(69)   Post Evacuate Collection Set: 2.6ms
[2024-12-15T14:43:26.109+0700][gc,phases   ] GC(69)   Other: 1.9ms
[2024-12-15T14:43:26.109+0700][gc,heap     ] GC(69) Eden regions: 45->0(46)
[2024-12-15T14:43:26.109+0700][gc,heap     ] GC(69) Survivor regions: 6->5(7)
[2024-12-15T14:43:26.109+0700][gc,heap     ] GC(69) Old regions: 139->143
[2024-12-15T14:43:26.109+0700][gc,heap     ] GC(69) Archive regions: 2->2
[2024-12-15T14:43:26.109+0700][gc,heap     ] GC(69) Humongous regions: 129->129
[2024-12-15T14:43:26.110+0700][gc,metaspace] GC(69) Metaspace: 44106K(44736K)->44106K(44736K) NonClass: 38931K(39296K)->38931K(39296K) Class: 5175K(5440K)->5175K(5440K)
[2024-12-15T14:43:26.110+0700][gc          ] GC(69) Pause Young (Normal) (G1 Evacuation Pause) 319M->277M(1024M) 63.297ms
[2024-12-15T14:43:26.110+0700][gc,cpu      ] GC(69) User=0.12s Sys=0.00s Real=0.06s
[2024-12-15T14:45:15.607+0700][gc,start    ] GC(70) Pause Young (Normal) (G1 Evacuation Pause)
[2024-12-15T14:45:15.607+0700][gc,task     ] GC(70) Using 2 workers of 2 for evacuation
[2024-12-15T14:45:15.646+0700][gc,mmu      ] GC(70) MMU target violated: 21.0ms (20.0ms/21.0ms)
[2024-12-15T14:45:15.646+0700][gc,phases   ] GC(70)   Pre Evacuate Collection Set: 2.5ms
[2024-12-15T14:45:15.646+0700][gc,phases   ] GC(70)   Merge Heap Roots: 0.8ms
[2024-12-15T14:45:15.646+0700][gc,phases   ] GC(70)   Evacuate Collection Set: 32.3ms
[2024-12-15T14:45:15.646+0700][gc,phases   ] GC(70)   Post Evacuate Collection Set: 2.9ms
[2024-12-15T14:45:15.646+0700][gc,phases   ] GC(70)   Other: 1.3ms
[2024-12-15T14:45:15.646+0700][gc,heap     ] GC(70) Eden regions: 46->0(48)
[2024-12-15T14:45:15.646+0700][gc,heap     ] GC(70) Survivor regions: 5->3(7)
[2024-12-15T14:45:15.646+0700][gc,heap     ] GC(70) Old regions: 143->145
[2024-12-15T14:45:15.646+0700][gc,heap     ] GC(70) Archive regions: 2->2
[2024-12-15T14:45:15.647+0700][gc,heap     ] GC(70) Humongous regions: 129->129
[2024-12-15T14:45:15.647+0700][gc,metaspace] GC(70) Metaspace: 44107K(44736K)->44107K(44736K) NonClass: 38932K(39296K)->38932K(39296K) Class: 5175K(5440K)->5175K(5440K)
[2024-12-15T14:45:15.647+0700][gc          ] GC(70) Pause Young (Normal) (G1 Evacuation Pause) 323M->277M(1024M) 39.746ms
[2024-12-15T14:45:15.647+0700][gc,cpu      ] GC(70) User=0.07s Sys=0.00s Real=0.04s
[2024-12-15T14:47:02.630+0700][gc,start    ] GC(71) Pause Young (Normal) (G1 Evacuation Pause)
[2024-12-15T14:47:02.631+0700][gc,task     ] GC(71) Using 2 workers of 2 for evacuation
[2024-12-15T14:47:02.690+0700][gc,mmu      ] GC(71) MMU target violated: 21.0ms (20.0ms/21.0ms)
[2024-12-15T14:47:02.690+0700][gc,phases   ] GC(71)   Pre Evacuate Collection Set: 3.0ms
[2024-12-15T14:47:02.690+0700][gc,phases   ] GC(71)   Merge Heap Roots: 0.7ms
[2024-12-15T14:47:02.690+0700][gc,phases   ] GC(71)   Evacuate Collection Set: 51.3ms
[2024-12-15T14:47:02.690+0700][gc,phases   ] GC(71)   Post Evacuate Collection Set: 4.0ms
[2024-12-15T14:47:02.691+0700][gc,phases   ] GC(71)   Other: 1.7ms
[2024-12-15T14:47:02.691+0700][gc,heap     ] GC(71) Eden regions: 48->0(44)
[2024-12-15T14:47:02.691+0700][gc,heap     ] GC(71) Survivor regions: 3->7(7)
[2024-12-15T14:47:02.691+0700][gc,heap     ] GC(71) Old regions: 145->145
[2024-12-15T14:47:02.691+0700][gc,heap     ] GC(71) Archive regions: 2->2
[2024-12-15T14:47:02.691+0700][gc,heap     ] GC(71) Humongous regions: 129->129
[2024-12-15T14:47:02.691+0700][gc,metaspace] GC(71) Metaspace: 44108K(44736K)->44108K(44736K) NonClass: 38933K(39296K)->38933K(39296K) Class: 5175K(5440K)->5175K(5440K)
[2024-12-15T14:47:02.691+0700][gc          ] GC(71) Pause Young (Normal) (G1 Evacuation Pause) 325M->281M(1024M) 60.631ms
[2024-12-15T14:47:02.691+0700][gc,cpu      ] GC(71) User=0.11s Sys=0.00s Real=0.06s
[2024-12-15T14:48:47.439+0700][gc,start    ] GC(72) Pause Young (Normal) (G1 Evacuation Pause)
[2024-12-15T14:48:47.440+0700][gc,task     ] GC(72) Using 2 workers of 2 for evacuation
[2024-12-15T14:48:47.505+0700][gc,mmu      ] GC(72) MMU target violated: 21.0ms (20.0ms/21.0ms)
[2024-12-15T14:48:47.505+0700][gc,phases   ] GC(72)   Pre Evacuate Collection Set: 2.5ms
[2024-12-15T14:48:47.505+0700][gc,phases   ] GC(72)   Merge Heap Roots: 0.6ms
[2024-12-15T14:48:47.505+0700][gc,phases   ] GC(72)   Evacuate Collection Set: 56.8ms
[2024-12-15T14:48:47.505+0700][gc,phases   ] GC(72)   Post Evacuate Collection Set: 4.5ms
[2024-12-15T14:48:47.505+0700][gc,phases   ] GC(72)   Other: 1.7ms
[2024-12-15T14:48:47.505+0700][gc,heap     ] GC(72) Eden regions: 44->0(47)
[2024-12-15T14:48:47.506+0700][gc,heap     ] GC(72) Survivor regions: 7->4(7)
[2024-12-15T14:48:47.506+0700][gc,heap     ] GC(72) Old regions: 145->150
[2024-12-15T14:48:47.506+0700][gc,heap     ] GC(72) Archive regions: 2->2
[2024-12-15T14:48:47.506+0700][gc,heap     ] GC(72) Humongous regions: 129->129
[2024-12-15T14:48:47.506+0700][gc,metaspace] GC(72) Metaspace: 44110K(44736K)->44110K(44736K) NonClass: 38935K(39296K)->38935K(39296K) Class: 5175K(5440K)->5175K(5440K)
[2024-12-15T14:48:47.506+0700][gc          ] GC(72) Pause Young (Normal) (G1 Evacuation Pause) 325M->283M(1024M) 66.236ms
[2024-12-15T14:48:47.506+0700][gc,cpu      ] GC(72) User=0.11s Sys=0.01s Real=0.07s
[2024-12-15T14:50:39.292+0700][gc,start    ] GC(73) Pause Young (Normal) (G1 Evacuation Pause)
[2024-12-15T14:50:39.292+0700][gc,task     ] GC(73) Using 2 workers of 2 for evacuation
[2024-12-15T14:50:39.330+0700][gc,mmu      ] GC(73) MMU target violated: 21.0ms (20.0ms/21.0ms)
[2024-12-15T14:50:39.330+0700][gc,phases   ] GC(73)   Pre Evacuate Collection Set: 4.3ms
[2024-12-15T14:50:39.330+0700][gc,phases   ] GC(73)   Merge Heap Roots: 0.6ms
[2024-12-15T14:50:39.330+0700][gc,phases   ] GC(73)   Evacuate Collection Set: 29.1ms
[2024-12-15T14:50:39.330+0700][gc,phases   ] GC(73)   Post Evacuate Collection Set: 3.1ms
[2024-12-15T14:50:39.330+0700][gc,phases   ] GC(73)   Other: 1.2ms
[2024-12-15T14:50:39.330+0700][gc,heap     ] GC(73) Eden regions: 47->0(47)
[2024-12-15T14:50:39.330+0700][gc,heap     ] GC(73) Survivor regions: 4->4(7)
[2024-12-15T14:50:39.330+0700][gc,heap     ] GC(73) Old regions: 150->150
[2024-12-15T14:50:39.330+0700][gc,heap     ] GC(73) Archive regions: 2->2
[2024-12-15T14:50:39.330+0700][gc,heap     ] GC(73) Humongous regions: 129->129
[2024-12-15T14:50:39.330+0700][gc,metaspace] GC(73) Metaspace: 44110K(44736K)->44110K(44736K) NonClass: 38935K(39296K)->38935K(39296K) Class: 5175K(5440K)->5175K(5440K)
[2024-12-15T14:50:39.330+0700][gc          ] GC(73) Pause Young (Normal) (G1 Evacuation Pause) 330M->282M(1024M) 38.208ms
[2024-12-15T14:50:39.330+0700][gc,cpu      ] GC(73) User=0.07s Sys=0.00s Real=0.04s
[2024-12-15T14:52:31.151+0700][gc,start    ] GC(74) Pause Young (Normal) (G1 Evacuation Pause)
[2024-12-15T14:52:31.151+0700][gc,task     ] GC(74) Using 2 workers of 2 for evacuation
[2024-12-15T14:52:31.194+0700][gc,mmu      ] GC(74) MMU target violated: 21.0ms (20.0ms/21.0ms)
[2024-12-15T14:52:31.194+0700][gc,phases   ] GC(74)   Pre Evacuate Collection Set: 2.8ms
[2024-12-15T14:52:31.194+0700][gc,phases   ] GC(74)   Merge Heap Roots: 0.9ms
[2024-12-15T14:52:31.194+0700][gc,phases   ] GC(74)   Evacuate Collection Set: 35.6ms
[2024-12-15T14:52:31.194+0700][gc,phases   ] GC(74)   Post Evacuate Collection Set: 2.6ms
[2024-12-15T14:52:31.194+0700][gc,phases   ] GC(74)   Other: 1.4ms
[2024-12-15T14:52:31.194+0700][gc,heap     ] GC(74) Eden regions: 47->0(45)
[2024-12-15T14:52:31.194+0700][gc,heap     ] GC(74) Survivor regions: 4->6(7)
[2024-12-15T14:52:31.194+0700][gc,heap     ] GC(74) Old regions: 150->150
[2024-12-15T14:52:31.194+0700][gc,heap     ] GC(74) Archive regions: 2->2
[2024-12-15T14:52:31.194+0700][gc,heap     ] GC(74) Humongous regions: 129->129
[2024-12-15T14:52:31.194+0700][gc,metaspace] GC(74) Metaspace: 44114K(44736K)->44114K(44736K) NonClass: 38939K(39296K)->38939K(39296K) Class: 5175K(5440K)->5175K(5440K)
[2024-12-15T14:52:31.194+0700][gc          ] GC(74) Pause Young (Normal) (G1 Evacuation Pause) 329M->285M(1024M) 43.380ms
[2024-12-15T14:52:31.194+0700][gc,cpu      ] GC(74) User=0.08s Sys=0.00s Real=0.05s
[2024-12-15T14:54:18.142+0700][gc,start    ] GC(75) Pause Young (Normal) (G1 Evacuation Pause)
[2024-12-15T14:54:18.142+0700][gc,task     ] GC(75) Using 2 workers of 2 for evacuation
[2024-12-15T14:54:18.203+0700][gc,mmu      ] GC(75) MMU target violated: 21.0ms (20.0ms/21.0ms)
[2024-12-15T14:54:18.203+0700][gc,phases   ] GC(75)   Pre Evacuate Collection Set: 3.3ms
[2024-12-15T14:54:18.203+0700][gc,phases   ] GC(75)   Merge Heap Roots: 0.8ms
[2024-12-15T14:54:18.203+0700][gc,phases   ] GC(75)   Evacuate Collection Set: 53.4ms
[2024-12-15T14:54:18.203+0700][gc,phases   ] GC(75)   Post Evacuate Collection Set: 2.2ms
[2024-12-15T14:54:18.203+0700][gc,phases   ] GC(75)   Other: 1.6ms
[2024-12-15T14:54:18.203+0700][gc,heap     ] GC(75) Eden regions: 45->0(44)
[2024-12-15T14:54:18.203+0700][gc,heap     ] GC(75) Survivor regions: 6->7(7)
[2024-12-15T14:54:18.203+0700][gc,heap     ] GC(75) Old regions: 150->153
[2024-12-15T14:54:18.203+0700][gc,heap     ] GC(75) Archive regions: 2->2
[2024-12-15T14:54:18.203+0700][gc,heap     ] GC(75) Humongous regions: 129->129
[2024-12-15T14:54:18.203+0700][gc,metaspace] GC(75) Metaspace: 44128K(44736K)->44128K(44736K) NonClass: 38953K(39296K)->38953K(39296K) Class: 5175K(5440K)->5175K(5440K)
[2024-12-15T14:54:18.203+0700][gc          ] GC(75) Pause Young (Normal) (G1 Evacuation Pause) 330M->288M(1024M) 61.314ms
[2024-12-15T14:54:18.203+0700][gc,cpu      ] GC(75) User=0.09s Sys=0.02s Real=0.06s
[2024-12-15T14:56:03.563+0700][gc,start    ] GC(76) Pause Young (Normal) (G1 Evacuation Pause)
[2024-12-15T14:56:03.563+0700][gc,task     ] GC(76) Using 2 workers of 2 for evacuation
[2024-12-15T14:56:03.682+0700][gc,mmu      ] GC(76) MMU target violated: 21.0ms (20.0ms/21.0ms)
[2024-12-15T14:56:03.682+0700][gc,phases   ] GC(76)   Pre Evacuate Collection Set: 7.8ms
[2024-12-15T14:56:03.682+0700][gc,phases   ] GC(76)   Merge Heap Roots: 1.4ms
[2024-12-15T14:56:03.682+0700][gc,phases   ] GC(76)   Evacuate Collection Set: 101.6ms
[2024-12-15T14:56:03.682+0700][gc,phases   ] GC(76)   Post Evacuate Collection Set: 6.6ms
[2024-12-15T14:56:03.683+0700][gc,phases   ] GC(76)   Other: 3.0ms
[2024-12-15T14:56:03.683+0700][gc,heap     ] GC(76) Eden regions: 44->0(46)
[2024-12-15T14:56:03.683+0700][gc,heap     ] GC(76) Survivor regions: 7->5(7)
[2024-12-15T14:56:03.683+0700][gc,heap     ] GC(76) Old regions: 153->157
[2024-12-15T14:56:03.683+0700][gc,heap     ] GC(76) Archive regions: 2->2
[2024-12-15T14:56:03.683+0700][gc,heap     ] GC(76) Humongous regions: 129->129
[2024-12-15T14:56:03.683+0700][gc,metaspace] GC(76) Metaspace: 44131K(44736K)->44131K(44736K) NonClass: 38955K(39296K)->38955K(39296K) Class: 5175K(5440K)->5175K(5440K)
[2024-12-15T14:56:03.683+0700][gc          ] GC(76) Pause Young (Normal) (G1 Evacuation Pause) 332M->291M(1024M) 120.430ms
[2024-12-15T14:56:03.683+0700][gc,cpu      ] GC(76) User=0.19s Sys=0.03s Real=0.12s
[2024-12-15T14:57:52.710+0700][gc,start    ] GC(77) Pause Young (Normal) (G1 Evacuation Pause)
[2024-12-15T14:57:52.711+0700][gc,task     ] GC(77) Using 2 workers of 2 for evacuation
[2024-12-15T14:57:52.751+0700][gc,mmu      ] GC(77) MMU target violated: 21.0ms (20.0ms/21.0ms)
[2024-12-15T14:57:52.752+0700][gc,phases   ] GC(77)   Pre Evacuate Collection Set: 3.2ms
[2024-12-15T14:57:52.752+0700][gc,phases   ] GC(77)   Merge Heap Roots: 0.7ms
[2024-12-15T14:57:52.752+0700][gc,phases   ] GC(77)   Evacuate Collection Set: 33.0ms
[2024-12-15T14:57:52.752+0700][gc,phases   ] GC(77)   Post Evacuate Collection Set: 3.0ms
[2024-12-15T14:57:52.752+0700][gc,phases   ] GC(77)   Other: 1.8ms
[2024-12-15T14:57:52.752+0700][gc,heap     ] GC(77) Eden regions: 46->0(48)
[2024-12-15T14:57:52.752+0700][gc,heap     ] GC(77) Survivor regions: 5->3(7)
[2024-12-15T14:57:52.752+0700][gc,heap     ] GC(77) Old regions: 157->159
[2024-12-15T14:57:52.752+0700][gc,heap     ] GC(77) Archive regions: 2->2
[2024-12-15T14:57:52.752+0700][gc,heap     ] GC(77) Humongous regions: 129->129
[2024-12-15T14:57:52.752+0700][gc,metaspace] GC(77) Metaspace: 44132K(44736K)->44132K(44736K) NonClass: 38957K(39296K)->38957K(39296K) Class: 5175K(5440K)->5175K(5440K)
[2024-12-15T14:57:52.752+0700][gc          ] GC(77) Pause Young (Normal) (G1 Evacuation Pause) 337M->291M(1024M) 41.727ms
[2024-12-15T14:57:52.752+0700][gc,cpu      ] GC(77) User=0.06s Sys=0.01s Real=0.04s
[2024-12-15T14:59:48.269+0700][gc,start    ] GC(78) Pause Young (Normal) (G1 Evacuation Pause)
[2024-12-15T14:59:48.269+0700][gc,task     ] GC(78) Using 2 workers of 2 for evacuation
[2024-12-15T14:59:48.325+0700][gc,mmu      ] GC(78) MMU target violated: 21.0ms (20.0ms/21.0ms)
[2024-12-15T14:59:48.326+0700][gc,phases   ] GC(78)   Pre Evacuate Collection Set: 2.6ms
[2024-12-15T14:59:48.326+0700][gc,phases   ] GC(78)   Merge Heap Roots: 0.5ms
[2024-12-15T14:59:48.326+0700][gc,phases   ] GC(78)   Evacuate Collection Set: 47.4ms
[2024-12-15T14:59:48.326+0700][gc,phases   ] GC(78)   Post Evacuate Collection Set: 5.1ms
[2024-12-15T14:59:48.326+0700][gc,phases   ] GC(78)   Other: 2.0ms
[2024-12-15T14:59:48.326+0700][gc,heap     ] GC(78) Eden regions: 48->0(45)
[2024-12-15T14:59:48.326+0700][gc,heap     ] GC(78) Survivor regions: 3->6(7)
[2024-12-15T14:59:48.326+0700][gc,heap     ] GC(78) Old regions: 159->159
[2024-12-15T14:59:48.326+0700][gc,heap     ] GC(78) Archive regions: 2->2
[2024-12-15T14:59:48.326+0700][gc,heap     ] GC(78) Humongous regions: 129->129
[2024-12-15T14:59:48.327+0700][gc,metaspace] GC(78) Metaspace: 44132K(44736K)->44132K(44736K) NonClass: 38957K(39296K)->38957K(39296K) Class: 5175K(5440K)->5175K(5440K)
[2024-12-15T14:59:48.327+0700][gc          ] GC(78) Pause Young (Normal) (G1 Evacuation Pause) 339M->294M(1024M) 57.776ms
[2024-12-15T14:59:48.327+0700][gc,cpu      ] GC(78) User=0.11s Sys=0.00s Real=0.06s
[2024-12-15T15:01:35.194+0700][gc,start    ] GC(79) Pause Young (Normal) (G1 Evacuation Pause)
[2024-12-15T15:01:35.195+0700][gc,task     ] GC(79) Using 2 workers of 2 for evacuation
[2024-12-15T15:01:35.262+0700][gc,mmu      ] GC(79) MMU target violated: 21.0ms (20.0ms/21.0ms)
[2024-12-15T15:01:35.263+0700][gc,phases   ] GC(79)   Pre Evacuate Collection Set: 3.1ms
[2024-12-15T15:01:35.263+0700][gc,phases   ] GC(79)   Merge Heap Roots: 0.8ms
[2024-12-15T15:01:35.263+0700][gc,phases   ] GC(79)   Evacuate Collection Set: 59.1ms
[2024-12-15T15:01:35.263+0700][gc,phases   ] GC(79)   Post Evacuate Collection Set: 3.7ms
[2024-12-15T15:01:35.263+0700][gc,phases   ] GC(79)   Other: 1.7ms
[2024-12-15T15:01:35.263+0700][gc,heap     ] GC(79) Eden regions: 45->0(46)
[2024-12-15T15:01:35.263+0700][gc,heap     ] GC(79) Survivor regions: 6->5(7)
[2024-12-15T15:01:35.263+0700][gc,heap     ] GC(79) Old regions: 159->163
[2024-12-15T15:01:35.263+0700][gc,heap     ] GC(79) Archive regions: 2->2
[2024-12-15T15:01:35.263+0700][gc,heap     ] GC(79) Humongous regions: 129->129
[2024-12-15T15:01:35.263+0700][gc,metaspace] GC(79) Metaspace: 44135K(44736K)->44135K(44736K) NonClass: 38960K(39296K)->38960K(39296K) Class: 5175K(5440K)->5175K(5440K)
[2024-12-15T15:01:35.263+0700][gc          ] GC(79) Pause Young (Normal) (G1 Evacuation Pause) 339M->297M(1024M) 68.544ms
[2024-12-15T15:01:35.263+0700][gc,cpu      ] GC(79) User=0.13s Sys=0.01s Real=0.06s
[2024-12-15T15:03:24.750+0700][gc,start    ] GC(80) Pause Young (Normal) (G1 Evacuation Pause)
[2024-12-15T15:03:24.750+0700][gc,task     ] GC(80) Using 2 workers of 2 for evacuation
[2024-12-15T15:03:24.794+0700][gc,mmu      ] GC(80) MMU target violated: 21.0ms (20.0ms/21.0ms)
[2024-12-15T15:03:24.794+0700][gc,phases   ] GC(80)   Pre Evacuate Collection Set: 3.4ms
[2024-12-15T15:03:24.794+0700][gc,phases   ] GC(80)   Merge Heap Roots: 0.4ms
[2024-12-15T15:03:24.794+0700][gc,phases   ] GC(80)   Evacuate Collection Set: 35.5ms
[2024-12-15T15:03:24.794+0700][gc,phases   ] GC(80)   Post Evacuate Collection Set: 4.0ms
[2024-12-15T15:03:24.795+0700][gc,phases   ] GC(80)   Other: 1.9ms
[2024-12-15T15:03:24.795+0700][gc,heap     ] GC(80) Eden regions: 46->0(48)
[2024-12-15T15:03:24.795+0700][gc,heap     ] GC(80) Survivor regions: 5->3(7)
[2024-12-15T15:03:24.795+0700][gc,heap     ] GC(80) Old regions: 163->165
[2024-12-15T15:03:24.795+0700][gc,heap     ] GC(80) Archive regions: 2->2
[2024-12-15T15:03:24.795+0700][gc,heap     ] GC(80) Humongous regions: 129->129
[2024-12-15T15:03:24.795+0700][gc,metaspace] GC(80) Metaspace: 44136K(44736K)->44136K(44736K) NonClass: 38960K(39296K)->38960K(39296K) Class: 5175K(5440K)->5175K(5440K)
[2024-12-15T15:03:24.795+0700][gc          ] GC(80) Pause Young (Normal) (G1 Evacuation Pause) 343M->297M(1024M) 45.341ms
[2024-12-15T15:03:24.795+0700][gc,cpu      ] GC(80) User=0.08s Sys=0.00s Real=0.05s
[2024-12-15T15:05:19.832+0700][gc,start    ] GC(81) Pause Young (Normal) (G1 Evacuation Pause)
[2024-12-15T15:05:19.832+0700][gc,task     ] GC(81) Using 2 workers of 2 for evacuation
[2024-12-15T15:05:19.881+0700][gc,mmu      ] GC(81) MMU target violated: 21.0ms (20.0ms/21.0ms)
[2024-12-15T15:05:19.881+0700][gc,phases   ] GC(81)   Pre Evacuate Collection Set: 4.3ms
[2024-12-15T15:05:19.881+0700][gc,phases   ] GC(81)   Merge Heap Roots: 0.8ms
[2024-12-15T15:05:19.881+0700][gc,phases   ] GC(81)   Evacuate Collection Set: 40.8ms
[2024-12-15T15:05:19.881+0700][gc,phases   ] GC(81)   Post Evacuate Collection Set: 2.5ms
[2024-12-15T15:05:19.881+0700][gc,phases   ] GC(81)   Other: 1.6ms
[2024-12-15T15:05:19.881+0700][gc,heap     ] GC(81) Eden regions: 48->0(45)
[2024-12-15T15:05:19.881+0700][gc,heap     ] GC(81) Survivor regions: 3->6(7)
[2024-12-15T15:05:19.881+0700][gc,heap     ] GC(81) Old regions: 165->165
[2024-12-15T15:05:19.881+0700][gc,heap     ] GC(81) Archive regions: 2->2
[2024-12-15T15:05:19.881+0700][gc,heap     ] GC(81) Humongous regions: 129->129
[2024-12-15T15:05:19.881+0700][gc,metaspace] GC(81) Metaspace: 44136K(44736K)->44136K(44736K) NonClass: 38960K(39296K)->38960K(39296K) Class: 5175K(5440K)->5175K(5440K)
[2024-12-15T15:05:19.882+0700][gc          ] GC(81) Pause Young (Normal) (G1 Evacuation Pause) 345M->300M(1024M) 49.977ms
[2024-12-15T15:05:19.882+0700][gc,cpu      ] GC(81) User=0.09s Sys=0.00s Real=0.05s
[2024-12-15T15:07:06.814+0700][gc,start    ] GC(82) Pause Young (Normal) (G1 Evacuation Pause)
[2024-12-15T15:07:06.814+0700][gc,task     ] GC(82) Using 2 workers of 2 for evacuation
[2024-12-15T15:07:06.881+0700][gc,mmu      ] GC(82) MMU target violated: 21.0ms (20.0ms/21.0ms)
[2024-12-15T15:07:06.881+0700][gc,phases   ] GC(82)   Pre Evacuate Collection Set: 3.2ms
[2024-12-15T15:07:06.881+0700][gc,phases   ] GC(82)   Merge Heap Roots: 0.6ms
[2024-12-15T15:07:06.881+0700][gc,phases   ] GC(82)   Evacuate Collection Set: 58.6ms
[2024-12-15T15:07:06.881+0700][gc,phases   ] GC(82)   Post Evacuate Collection Set: 3.9ms
[2024-12-15T15:07:06.881+0700][gc,phases   ] GC(82)   Other: 1.5ms
[2024-12-15T15:07:06.881+0700][gc,heap     ] GC(82) Eden regions: 45->0(46)
[2024-12-15T15:07:06.881+0700][gc,heap     ] GC(82) Survivor regions: 6->5(7)
[2024-12-15T15:07:06.881+0700][gc,heap     ] GC(82) Old regions: 165->169
[2024-12-15T15:07:06.881+0700][gc,heap     ] GC(82) Archive regions: 2->2
[2024-12-15T15:07:06.881+0700][gc,heap     ] GC(82) Humongous regions: 129->129
[2024-12-15T15:07:06.881+0700][gc,metaspace] GC(82) Metaspace: 44136K(44736K)->44136K(44736K) NonClass: 38960K(39296K)->38960K(39296K) Class: 5175K(5440K)->5175K(5440K)
[2024-12-15T15:07:06.882+0700][gc          ] GC(82) Pause Young (Normal) (G1 Evacuation Pause) 345M->303M(1024M) 67.757ms
[2024-12-15T15:07:06.882+0700][gc,cpu      ] GC(82) User=0.11s Sys=0.02s Real=0.06s
[2024-12-15T15:08:56.330+0700][gc,start    ] GC(83) Pause Young (Normal) (G1 Evacuation Pause)
[2024-12-15T15:08:56.330+0700][gc,task     ] GC(83) Using 2 workers of 2 for evacuation
[2024-12-15T15:08:56.369+0700][gc,mmu      ] GC(83) MMU target violated: 21.0ms (20.0ms/21.0ms)
[2024-12-15T15:08:56.369+0700][gc,phases   ] GC(83)   Pre Evacuate Collection Set: 2.5ms
[2024-12-15T15:08:56.369+0700][gc,phases   ] GC(83)   Merge Heap Roots: 0.7ms
[2024-12-15T15:08:56.369+0700][gc,phases   ] GC(83)   Evacuate Collection Set: 32.9ms
[2024-12-15T15:08:56.369+0700][gc,phases   ] GC(83)   Post Evacuate Collection Set: 2.4ms
[2024-12-15T15:08:56.369+0700][gc,phases   ] GC(83)   Other: 1.0ms
[2024-12-15T15:08:56.369+0700][gc,heap     ] GC(83) Eden regions: 46->0(48)
[2024-12-15T15:08:56.369+0700][gc,heap     ] GC(83) Survivor regions: 5->3(7)
[2024-12-15T15:08:56.369+0700][gc,heap     ] GC(83) Old regions: 169->172
[2024-12-15T15:08:56.369+0700][gc,heap     ] GC(83) Archive regions: 2->2
[2024-12-15T15:08:56.369+0700][gc,heap     ] GC(83) Humongous regions: 129->129
[2024-12-15T15:08:56.369+0700][gc,metaspace] GC(83) Metaspace: 44136K(44736K)->44136K(44736K) NonClass: 38961K(39296K)->38961K(39296K) Class: 5175K(5440K)->5175K(5440K)
[2024-12-15T15:08:56.369+0700][gc          ] GC(83) Pause Young (Normal) (G1 Evacuation Pause) 349M->304M(1024M) 39.609ms
[2024-12-15T15:08:56.369+0700][gc,cpu      ] GC(83) User=0.07s Sys=0.00s Real=0.04s
[2024-12-15T15:10:50.611+0700][gc,start    ] GC(84) Pause Young (Normal) (G1 Evacuation Pause)
[2024-12-15T15:10:50.611+0700][gc,task     ] GC(84) Using 2 workers of 2 for evacuation
[2024-12-15T15:10:50.675+0700][gc,mmu      ] GC(84) MMU target violated: 21.0ms (20.0ms/21.0ms)
[2024-12-15T15:10:50.675+0700][gc,phases   ] GC(84)   Pre Evacuate Collection Set: 6.3ms
[2024-12-15T15:10:50.675+0700][gc,phases   ] GC(84)   Merge Heap Roots: 1.3ms
[2024-12-15T15:10:50.675+0700][gc,phases   ] GC(84)   Evacuate Collection Set: 50.8ms
[2024-12-15T15:10:50.675+0700][gc,phases   ] GC(84)   Post Evacuate Collection Set: 4.9ms
[2024-12-15T15:10:50.675+0700][gc,phases   ] GC(84)   Other: 1.7ms
[2024-12-15T15:10:50.675+0700][gc,heap     ] GC(84) Eden regions: 48->0(45)
[2024-12-15T15:10:50.675+0700][gc,heap     ] GC(84) Survivor regions: 3->6(7)
[2024-12-15T15:10:50.675+0700][gc,heap     ] GC(84) Old regions: 172->172
[2024-12-15T15:10:50.675+0700][gc,heap     ] GC(84) Archive regions: 2->2
[2024-12-15T15:10:50.675+0700][gc,heap     ] GC(84) Humongous regions: 129->129
[2024-12-15T15:10:50.675+0700][gc,metaspace] GC(84) Metaspace: 44139K(44736K)->44139K(44736K) NonClass: 38964K(39296K)->38964K(39296K) Class: 5175K(5440K)->5175K(5440K)
[2024-12-15T15:10:50.676+0700][gc          ] GC(84) Pause Young (Normal) (G1 Evacuation Pause) 352M->306M(1024M) 65.083ms
[2024-12-15T15:10:50.676+0700][gc,cpu      ] GC(84) User=0.12s Sys=0.00s Real=0.07s
[2024-12-15T15:12:38.201+0700][gc,start    ] GC(85) Pause Young (Normal) (G1 Evacuation Pause)
[2024-12-15T15:12:38.202+0700][gc,task     ] GC(85) Using 2 workers of 2 for evacuation
[2024-12-15T15:12:38.312+0700][gc,mmu      ] GC(85) MMU target violated: 21.0ms (20.0ms/21.0ms)
[2024-12-15T15:12:38.313+0700][gc,phases   ] GC(85)   Pre Evacuate Collection Set: 5.6ms
[2024-12-15T15:12:38.313+0700][gc,phases   ] GC(85)   Merge Heap Roots: 1.4ms
[2024-12-15T15:12:38.313+0700][gc,phases   ] GC(85)   Evacuate Collection Set: 96.2ms
[2024-12-15T15:12:38.313+0700][gc,phases   ] GC(85)   Post Evacuate Collection Set: 6.0ms
[2024-12-15T15:12:38.313+0700][gc,phases   ] GC(85)   Other: 2.9ms
[2024-12-15T15:12:38.313+0700][gc,heap     ] GC(85) Eden regions: 45->0(44)
[2024-12-15T15:12:38.313+0700][gc,heap     ] GC(85) Survivor regions: 6->7(7)
[2024-12-15T15:12:38.313+0700][gc,heap     ] GC(85) Old regions: 172->174
[2024-12-15T15:12:38.313+0700][gc,heap     ] GC(85) Archive regions: 2->2
[2024-12-15T15:12:38.313+0700][gc,heap     ] GC(85) Humongous regions: 129->129
[2024-12-15T15:12:38.313+0700][gc,metaspace] GC(85) Metaspace: 44140K(44736K)->44140K(44736K) NonClass: 38965K(39296K)->38965K(39296K) Class: 5175K(5440K)->5175K(5440K)
[2024-12-15T15:12:38.313+0700][gc          ] GC(85) Pause Young (Normal) (G1 Evacuation Pause) 351M->310M(1024M) 111.962ms
[2024-12-15T15:12:38.313+0700][gc,cpu      ] GC(85) User=0.20s Sys=0.01s Real=0.12s
[2024-12-15T15:14:23.300+0700][gc,start    ] GC(86) Pause Young (Normal) (G1 Evacuation Pause)
[2024-12-15T15:14:23.300+0700][gc,task     ] GC(86) Using 2 workers of 2 for evacuation
[2024-12-15T15:14:23.371+0700][gc,mmu      ] GC(86) MMU target violated: 21.0ms (20.0ms/21.0ms)
[2024-12-15T15:14:23.371+0700][gc,phases   ] GC(86)   Pre Evacuate Collection Set: 2.6ms
[2024-12-15T15:14:23.371+0700][gc,phases   ] GC(86)   Merge Heap Roots: 0.6ms
[2024-12-15T15:14:23.371+0700][gc,phases   ] GC(86)   Evacuate Collection Set: 64.3ms
[2024-12-15T15:14:23.371+0700][gc,phases   ] GC(86)   Post Evacuate Collection Set: 2.4ms
[2024-12-15T15:14:23.371+0700][gc,phases   ] GC(86)   Other: 1.5ms
[2024-12-15T15:14:23.371+0700][gc,heap     ] GC(86) Eden regions: 44->0(45)
[2024-12-15T15:14:23.371+0700][gc,heap     ] GC(86) Survivor regions: 7->6(7)
[2024-12-15T15:14:23.371+0700][gc,heap     ] GC(86) Old regions: 174->178
[2024-12-15T15:14:23.371+0700][gc,heap     ] GC(86) Archive regions: 2->2
[2024-12-15T15:14:23.371+0700][gc,heap     ] GC(86) Humongous regions: 129->129
[2024-12-15T15:14:23.371+0700][gc,metaspace] GC(86) Metaspace: 44145K(44736K)->44145K(44736K) NonClass: 38970K(39296K)->38970K(39296K) Class: 5175K(5440K)->5175K(5440K)
[2024-12-15T15:14:23.371+0700][gc          ] GC(86) Pause Young (Normal) (G1 Evacuation Pause) 354M->312M(1024M) 71.306ms
[2024-12-15T15:14:23.371+0700][gc,cpu      ] GC(86) User=0.13s Sys=0.01s Real=0.07s
[2024-12-15T15:16:10.913+0700][gc,start    ] GC(87) Pause Young (Normal) (G1 Evacuation Pause)
[2024-12-15T15:16:10.914+0700][gc,task     ] GC(87) Using 2 workers of 2 for evacuation
[2024-12-15T15:16:10.959+0700][gc,mmu      ] GC(87) MMU target violated: 21.0ms (20.0ms/21.0ms)
[2024-12-15T15:16:10.959+0700][gc,phases   ] GC(87)   Pre Evacuate Collection Set: 2.7ms
[2024-12-15T15:16:10.959+0700][gc,phases   ] GC(87)   Merge Heap Roots: 0.5ms
[2024-12-15T15:16:10.959+0700][gc,phases   ] GC(87)   Evacuate Collection Set: 37.5ms
[2024-12-15T15:16:10.959+0700][gc,phases   ] GC(87)   Post Evacuate Collection Set: 3.3ms
[2024-12-15T15:16:10.959+0700][gc,phases   ] GC(87)   Other: 2.0ms
[2024-12-15T15:16:10.959+0700][gc,heap     ] GC(87) Eden regions: 45->0(47)
[2024-12-15T15:16:10.959+0700][gc,heap     ] GC(87) Survivor regions: 6->4(7)
[2024-12-15T15:16:10.959+0700][gc,heap     ] GC(87) Old regions: 178->180
[2024-12-15T15:16:10.959+0700][gc,heap     ] GC(87) Archive regions: 2->2
[2024-12-15T15:16:10.959+0700][gc,heap     ] GC(87) Humongous regions: 129->129
[2024-12-15T15:16:10.959+0700][gc,metaspace] GC(87) Metaspace: 44145K(44736K)->44145K(44736K) NonClass: 38970K(39296K)->38970K(39296K) Class: 5175K(5440K)->5175K(5440K)
[2024-12-15T15:16:10.959+0700][gc          ] GC(87) Pause Young (Normal) (G1 Evacuation Pause) 357M->313M(1024M) 45.797ms
[2024-12-15T15:16:10.959+0700][gc,cpu      ] GC(87) User=0.08s Sys=0.01s Real=0.04s
[2024-12-15T15:18:02.933+0700][gc,start    ] GC(88) Pause Young (Normal) (G1 Evacuation Pause)
[2024-12-15T15:18:02.934+0700][gc,task     ] GC(88) Using 2 workers of 2 for evacuation
[2024-12-15T15:18:02.988+0700][gc,mmu      ] GC(88) MMU target violated: 21.0ms (20.0ms/21.0ms)
[2024-12-15T15:18:02.988+0700][gc,phases   ] GC(88)   Pre Evacuate Collection Set: 3.0ms
[2024-12-15T15:18:02.988+0700][gc,phases   ] GC(88)   Merge Heap Roots: 0.5ms
[2024-12-15T15:18:02.988+0700][gc,phases   ] GC(88)   Evacuate Collection Set: 45.8ms
[2024-12-15T15:18:02.988+0700][gc,phases   ] GC(88)   Post Evacuate Collection Set: 4.3ms
[2024-12-15T15:18:02.988+0700][gc,phases   ] GC(88)   Other: 1.9ms
[2024-12-15T15:18:02.988+0700][gc,heap     ] GC(88) Eden regions: 47->0(45)
[2024-12-15T15:18:02.988+0700][gc,heap     ] GC(88) Survivor regions: 4->6(7)
[2024-12-15T15:18:02.988+0700][gc,heap     ] GC(88) Old regions: 180->180
[2024-12-15T15:18:02.988+0700][gc,heap     ] GC(88) Archive regions: 2->2
[2024-12-15T15:18:02.988+0700][gc,heap     ] GC(88) Humongous regions: 129->129
[2024-12-15T15:18:02.988+0700][gc,metaspace] GC(88) Metaspace: 44146K(44736K)->44146K(44736K) NonClass: 38971K(39296K)->38971K(39296K) Class: 5175K(5440K)->5175K(5440K)
[2024-12-15T15:18:02.989+0700][gc          ] GC(88) Pause Young (Normal) (G1 Evacuation Pause) 360M->315M(1024M) 55.382ms
[2024-12-15T15:18:02.989+0700][gc,cpu      ] GC(88) User=0.11s Sys=0.00s Real=0.05s
[2024-12-15T15:19:50.531+0700][gc,start    ] GC(89) Pause Young (Normal) (G1 Evacuation Pause)
[2024-12-15T15:19:50.531+0700][gc,task     ] GC(89) Using 2 workers of 2 for evacuation
[2024-12-15T15:19:50.606+0700][gc,mmu      ] GC(89) MMU target violated: 21.0ms (20.0ms/21.0ms)
[2024-12-15T15:19:50.607+0700][gc,phases   ] GC(89)   Pre Evacuate Collection Set: 2.7ms
[2024-12-15T15:19:50.607+0700][gc,phases   ] GC(89)   Merge Heap Roots: 0.8ms
[2024-12-15T15:19:50.607+0700][gc,phases   ] GC(89)   Evacuate Collection Set: 68.2ms
[2024-12-15T15:19:50.607+0700][gc,phases   ] GC(89)   Post Evacuate Collection Set: 2.9ms
[2024-12-15T15:19:50.607+0700][gc,phases   ] GC(89)   Other: 1.5ms
[2024-12-15T15:19:50.607+0700][gc,heap     ] GC(89) Eden regions: 45->0(45)
[2024-12-15T15:19:50.607+0700][gc,heap     ] GC(89) Survivor regions: 6->6(7)
[2024-12-15T15:19:50.607+0700][gc,heap     ] GC(89) Old regions: 180->184
[2024-12-15T15:19:50.607+0700][gc,heap     ] GC(89) Archive regions: 2->2
[2024-12-15T15:19:50.607+0700][gc,heap     ] GC(89) Humongous regions: 129->129
[2024-12-15T15:19:50.607+0700][gc,metaspace] GC(89) Metaspace: 44146K(44736K)->44146K(44736K) NonClass: 38971K(39296K)->38971K(39296K) Class: 5175K(5440K)->5175K(5440K)
[2024-12-15T15:19:50.607+0700][gc          ] GC(89) Pause Young (Normal) (G1 Evacuation Pause) 360M->319M(1024M) 76.068ms
[2024-12-15T15:19:50.607+0700][gc,cpu      ] GC(89) User=0.13s Sys=0.00s Real=0.08s
[2024-12-15T15:21:37.464+0700][gc,start    ] GC(90) Pause Young (Normal) (G1 Evacuation Pause)
[2024-12-15T15:21:37.465+0700][gc,task     ] GC(90) Using 2 workers of 2 for evacuation
[2024-12-15T15:21:37.512+0700][gc,mmu      ] GC(90) MMU target violated: 21.0ms (20.0ms/21.0ms)
[2024-12-15T15:21:37.512+0700][gc,phases   ] GC(90)   Pre Evacuate Collection Set: 6.6ms
[2024-12-15T15:21:37.513+0700][gc,phases   ] GC(90)   Merge Heap Roots: 0.8ms
[2024-12-15T15:21:37.513+0700][gc,phases   ] GC(90)   Evacuate Collection Set: 35.5ms
[2024-12-15T15:21:37.513+0700][gc,phases   ] GC(90)   Post Evacuate Collection Set: 3.8ms
[2024-12-15T15:21:37.513+0700][gc,phases   ] GC(90)   Other: 2.3ms
[2024-12-15T15:21:37.513+0700][gc,heap     ] GC(90) Eden regions: 45->0(48)
[2024-12-15T15:21:37.513+0700][gc,heap     ] GC(90) Survivor regions: 6->3(7)
[2024-12-15T15:21:37.513+0700][gc,heap     ] GC(90) Old regions: 184->186
[2024-12-15T15:21:37.513+0700][gc,heap     ] GC(90) Archive regions: 2->2
[2024-12-15T15:21:37.513+0700][gc,heap     ] GC(90) Humongous regions: 129->129
[2024-12-15T15:21:37.513+0700][gc,metaspace] GC(90) Metaspace: 44146K(44736K)->44146K(44736K) NonClass: 38971K(39296K)->38971K(39296K) Class: 5175K(5440K)->5175K(5440K)
[2024-12-15T15:21:37.513+0700][gc          ] GC(90) Pause Young (Normal) (G1 Evacuation Pause) 364M->318M(1024M) 48.760ms
[2024-12-15T15:21:37.513+0700][gc,cpu      ] GC(90) User=0.07s Sys=0.01s Real=0.06s
[2024-12-15T15:23:32.988+0700][gc,start    ] GC(91) Pause Young (Normal) (G1 Evacuation Pause)
[2024-12-15T15:23:32.989+0700][gc,task     ] GC(91) Using 2 workers of 2 for evacuation
[2024-12-15T15:23:33.035+0700][gc,mmu      ] GC(91) MMU target violated: 21.0ms (20.0ms/21.0ms)
[2024-12-15T15:23:33.035+0700][gc,phases   ] GC(91)   Pre Evacuate Collection Set: 2.7ms
[2024-12-15T15:23:33.035+0700][gc,phases   ] GC(91)   Merge Heap Roots: 0.6ms
[2024-12-15T15:23:33.035+0700][gc,phases   ] GC(91)   Evacuate Collection Set: 39.5ms
[2024-12-15T15:23:33.035+0700][gc,phases   ] GC(91)   Post Evacuate Collection Set: 2.7ms
[2024-12-15T15:23:33.035+0700][gc,phases   ] GC(91)   Other: 1.9ms
[2024-12-15T15:23:33.035+0700][gc,heap     ] GC(91) Eden regions: 48->0(45)
[2024-12-15T15:23:33.035+0700][gc,heap     ] GC(91) Survivor regions: 3->6(7)
[2024-12-15T15:23:33.035+0700][gc,heap     ] GC(91) Old regions: 186->186
[2024-12-15T15:23:33.035+0700][gc,heap     ] GC(91) Archive regions: 2->2
[2024-12-15T15:23:33.035+0700][gc,heap     ] GC(91) Humongous regions: 129->129
[2024-12-15T15:23:33.035+0700][gc,metaspace] GC(91) Metaspace: 44146K(44736K)->44146K(44736K) NonClass: 38971K(39296K)->38971K(39296K) Class: 5175K(5440K)->5175K(5440K)
[2024-12-15T15:23:33.035+0700][gc          ] GC(91) Pause Young (Normal) (G1 Evacuation Pause) 366M->321M(1024M) 47.041ms
[2024-12-15T15:23:33.035+0700][gc,cpu      ] GC(91) User=0.08s Sys=0.00s Real=0.05s
[2024-12-15T15:25:20.608+0700][gc,start    ] GC(92) Pause Young (Normal) (G1 Evacuation Pause)
[2024-12-15T15:25:20.609+0700][gc,task     ] GC(92) Using 2 workers of 2 for evacuation
[2024-12-15T15:25:20.678+0700][gc,mmu      ] GC(92) MMU target violated: 21.0ms (20.0ms/21.0ms)
[2024-12-15T15:25:20.678+0700][gc,phases   ] GC(92)   Pre Evacuate Collection Set: 3.3ms
[2024-12-15T15:25:20.678+0700][gc,phases   ] GC(92)   Merge Heap Roots: 0.6ms
[2024-12-15T15:25:20.678+0700][gc,phases   ] GC(92)   Evacuate Collection Set: 61.5ms
[2024-12-15T15:25:20.678+0700][gc,phases   ] GC(92)   Post Evacuate Collection Set: 2.9ms
[2024-12-15T15:25:20.678+0700][gc,phases   ] GC(92)   Other: 2.2ms
[2024-12-15T15:25:20.678+0700][gc,heap     ] GC(92) Eden regions: 45->0(46)
[2024-12-15T15:25:20.678+0700][gc,heap     ] GC(92) Survivor regions: 6->5(7)
[2024-12-15T15:25:20.678+0700][gc,heap     ] GC(92) Old regions: 186->190
[2024-12-15T15:25:20.678+0700][gc,heap     ] GC(92) Archive regions: 2->2
[2024-12-15T15:25:20.678+0700][gc,heap     ] GC(92) Humongous regions: 129->129
[2024-12-15T15:25:20.678+0700][gc,metaspace] GC(92) Metaspace: 44146K(44736K)->44146K(44736K) NonClass: 38971K(39296K)->38971K(39296K) Class: 5175K(5440K)->5175K(5440K)
[2024-12-15T15:25:20.678+0700][gc          ] GC(92) Pause Young (Normal) (G1 Evacuation Pause) 366M->324M(1024M) 70.599ms
[2024-12-15T15:25:20.678+0700][gc,cpu      ] GC(92) User=0.12s Sys=0.02s Real=0.07s
[2024-12-15T15:27:09.055+0700][gc,start    ] GC(93) Pause Young (Normal) (G1 Evacuation Pause)
[2024-12-15T15:27:09.055+0700][gc,task     ] GC(93) Using 2 workers of 2 for evacuation
[2024-12-15T15:27:09.098+0700][gc,mmu      ] GC(93) MMU target violated: 21.0ms (20.0ms/21.0ms)
[2024-12-15T15:27:09.098+0700][gc,phases   ] GC(93)   Pre Evacuate Collection Set: 3.2ms
[2024-12-15T15:27:09.098+0700][gc,phases   ] GC(93)   Merge Heap Roots: 1.2ms
[2024-12-15T15:27:09.098+0700][gc,phases   ] GC(93)   Evacuate Collection Set: 34.7ms
[2024-12-15T15:27:09.098+0700][gc,phases   ] GC(93)   Post Evacuate Collection Set: 3.1ms
[2024-12-15T15:27:09.099+0700][gc,phases   ] GC(93)   Other: 1.3ms
[2024-12-15T15:27:09.099+0700][gc,heap     ] GC(93) Eden regions: 46->0(48)
[2024-12-15T15:27:09.099+0700][gc,heap     ] GC(93) Survivor regions: 5->3(7)
[2024-12-15T15:27:09.099+0700][gc,heap     ] GC(93) Old regions: 190->192
[2024-12-15T15:27:09.099+0700][gc,heap     ] GC(93) Archive regions: 2->2
[2024-12-15T15:27:09.099+0700][gc,heap     ] GC(93) Humongous regions: 129->129
[2024-12-15T15:27:09.099+0700][gc,metaspace] GC(93) Metaspace: 44147K(44736K)->44147K(44736K) NonClass: 38971K(39296K)->38971K(39296K) Class: 5175K(5440K)->5175K(5440K)
[2024-12-15T15:27:09.099+0700][gc          ] GC(93) Pause Young (Normal) (G1 Evacuation Pause) 370M->324M(1024M) 43.602ms
[2024-12-15T15:27:09.099+0700][gc,cpu      ] GC(93) User=0.06s Sys=0.02s Real=0.04s
[2024-12-15T15:29:04.424+0700][gc,start    ] GC(94) Pause Young (Normal) (G1 Evacuation Pause)
[2024-12-15T15:29:04.425+0700][gc,task     ] GC(94) Using 2 workers of 2 for evacuation
[2024-12-15T15:29:04.467+0700][gc,mmu      ] GC(94) MMU target violated: 21.0ms (20.0ms/21.0ms)
[2024-12-15T15:29:04.468+0700][gc,phases   ] GC(94)   Pre Evacuate Collection Set: 3.9ms
[2024-12-15T15:29:04.468+0700][gc,phases   ] GC(94)   Merge Heap Roots: 0.8ms
[2024-12-15T15:29:04.468+0700][gc,phases   ] GC(94)   Evacuate Collection Set: 35.4ms
[2024-12-15T15:29:04.468+0700][gc,phases   ] GC(94)   Post Evacuate Collection Set: 2.3ms
[2024-12-15T15:29:04.468+0700][gc,phases   ] GC(94)   Other: 1.2ms
[2024-12-15T15:29:04.468+0700][gc,heap     ] GC(94) Eden regions: 48->0(45)
[2024-12-15T15:29:04.468+0700][gc,heap     ] GC(94) Survivor regions: 3->6(7)
[2024-12-15T15:29:04.468+0700][gc,heap     ] GC(94) Old regions: 192->192
[2024-12-15T15:29:04.468+0700][gc,heap     ] GC(94) Archive regions: 2->2
[2024-12-15T15:29:04.468+0700][gc,heap     ] GC(94) Humongous regions: 129->129
[2024-12-15T15:29:04.468+0700][gc,metaspace] GC(94) Metaspace: 44147K(44736K)->44147K(44736K) NonClass: 38972K(39296K)->38972K(39296K) Class: 5175K(5440K)->5175K(5440K)
[2024-12-15T15:29:04.468+0700][gc          ] GC(94) Pause Young (Normal) (G1 Evacuation Pause) 372M->327M(1024M) 43.829ms
[2024-12-15T15:29:04.468+0700][gc,cpu      ] GC(94) User=0.07s Sys=0.01s Real=0.05s
[2024-12-15T15:30:51.932+0700][gc,start    ] GC(95) Pause Young (Normal) (G1 Evacuation Pause)
[2024-12-15T15:30:51.932+0700][gc,task     ] GC(95) Using 2 workers of 2 for evacuation
[2024-12-15T15:30:52.002+0700][gc,mmu      ] GC(95) MMU target violated: 21.0ms (20.0ms/21.0ms)
[2024-12-15T15:30:52.002+0700][gc,phases   ] GC(95)   Pre Evacuate Collection Set: 2.7ms
[2024-12-15T15:30:52.002+0700][gc,phases   ] GC(95)   Merge Heap Roots: 0.8ms
[2024-12-15T15:30:52.002+0700][gc,phases   ] GC(95)   Evacuate Collection Set: 62.3ms
[2024-12-15T15:30:52.002+0700][gc,phases   ] GC(95)   Post Evacuate Collection Set: 3.7ms
[2024-12-15T15:30:52.002+0700][gc,phases   ] GC(95)   Other: 1.6ms
[2024-12-15T15:30:52.002+0700][gc,heap     ] GC(95) Eden regions: 45->0(46)
[2024-12-15T15:30:52.003+0700][gc,heap     ] GC(95) Survivor regions: 6->5(7)
[2024-12-15T15:30:52.003+0700][gc,heap     ] GC(95) Old regions: 192->196
[2024-12-15T15:30:52.003+0700][gc,heap     ] GC(95) Archive regions: 2->2
[2024-12-15T15:30:52.003+0700][gc,heap     ] GC(95) Humongous regions: 129->129
[2024-12-15T15:30:52.003+0700][gc,metaspace] GC(95) Metaspace: 44147K(44736K)->44147K(44736K) NonClass: 38972K(39296K)->38972K(39296K) Class: 5175K(5440K)->5175K(5440K)
[2024-12-15T15:30:52.003+0700][gc          ] GC(95) Pause Young (Normal) (G1 Evacuation Pause) 372M->330M(1024M) 71.022ms
[2024-12-15T15:30:52.003+0700][gc,cpu      ] GC(95) User=0.10s Sys=0.03s Real=0.07s
[2024-12-15T15:32:41.856+0700][gc,start    ] GC(96) Pause Young (Normal) (G1 Evacuation Pause)
[2024-12-15T15:32:41.856+0700][gc,task     ] GC(96) Using 2 workers of 2 for evacuation
[2024-12-15T15:32:41.908+0700][gc,mmu      ] GC(96) MMU target violated: 21.0ms (20.0ms/21.0ms)
[2024-12-15T15:32:41.908+0700][gc,phases   ] GC(96)   Pre Evacuate Collection Set: 3.8ms
[2024-12-15T15:32:41.908+0700][gc,phases   ] GC(96)   Merge Heap Roots: 0.7ms
[2024-12-15T15:32:41.908+0700][gc,phases   ] GC(96)   Evacuate Collection Set: 44.0ms
[2024-12-15T15:32:41.908+0700][gc,phases   ] GC(96)   Post Evacuate Collection Set: 3.1ms
[2024-12-15T15:32:41.908+0700][gc,phases   ] GC(96)   Other: 1.3ms
[2024-12-15T15:32:41.908+0700][gc,heap     ] GC(96) Eden regions: 46->0(48)
[2024-12-15T15:32:41.908+0700][gc,heap     ] GC(96) Survivor regions: 5->3(7)
[2024-12-15T15:32:41.909+0700][gc,heap     ] GC(96) Old regions: 196->198
[2024-12-15T15:32:41.909+0700][gc,heap     ] GC(96) Archive regions: 2->2
[2024-12-15T15:32:41.909+0700][gc,heap     ] GC(96) Humongous regions: 129->129
[2024-12-15T15:32:41.909+0700][gc,metaspace] GC(96) Metaspace: 44147K(44736K)->44147K(44736K) NonClass: 38972K(39296K)->38972K(39296K) Class: 5175K(5440K)->5175K(5440K)
[2024-12-15T15:32:41.909+0700][gc          ] GC(96) Pause Young (Normal) (G1 Evacuation Pause) 376M->330M(1024M) 53.152ms
[2024-12-15T15:32:41.909+0700][gc,cpu      ] GC(96) User=0.09s Sys=0.00s Real=0.05s
[2024-12-15T15:34:36.321+0700][gc,start    ] GC(97) Pause Young (Normal) (G1 Evacuation Pause)
[2024-12-15T15:34:36.322+0700][gc,task     ] GC(97) Using 2 workers of 2 for evacuation
[2024-12-15T15:34:36.370+0700][gc,mmu      ] GC(97) MMU target violated: 21.0ms (20.0ms/21.0ms)
[2024-12-15T15:34:36.370+0700][gc,phases   ] GC(97)   Pre Evacuate Collection Set: 2.2ms
[2024-12-15T15:34:36.370+0700][gc,phases   ] GC(97)   Merge Heap Roots: 0.6ms
[2024-12-15T15:34:36.370+0700][gc,phases   ] GC(97)   Evacuate Collection Set: 42.3ms
[2024-12-15T15:34:36.370+0700][gc,phases   ] GC(97)   Post Evacuate Collection Set: 2.7ms
[2024-12-15T15:34:36.370+0700][gc,phases   ] GC(97)   Other: 1.4ms
[2024-12-15T15:34:36.370+0700][gc,heap     ] GC(97) Eden regions: 48->0(45)
[2024-12-15T15:34:36.370+0700][gc,heap     ] GC(97) Survivor regions: 3->6(7)
[2024-12-15T15:34:36.370+0700][gc,heap     ] GC(97) Old regions: 198->198
[2024-12-15T15:34:36.370+0700][gc,heap     ] GC(97) Archive regions: 2->2
[2024-12-15T15:34:36.370+0700][gc,heap     ] GC(97) Humongous regions: 129->129
[2024-12-15T15:34:36.371+0700][gc,metaspace] GC(97) Metaspace: 44147K(44736K)->44147K(44736K) NonClass: 38972K(39296K)->38972K(39296K) Class: 5175K(5440K)->5175K(5440K)
[2024-12-15T15:34:36.371+0700][gc          ] GC(97) Pause Young (Normal) (G1 Evacuation Pause) 378M->333M(1024M) 49.340ms
[2024-12-15T15:34:36.371+0700][gc,cpu      ] GC(97) User=0.09s Sys=0.01s Real=0.05s
[2024-12-15T15:36:24.078+0700][gc,start    ] GC(98) Pause Young (Normal) (G1 Evacuation Pause)
[2024-12-15T15:36:24.079+0700][gc,task     ] GC(98) Using 2 workers of 2 for evacuation
[2024-12-15T15:36:24.137+0700][gc,mmu      ] GC(98) MMU target violated: 21.0ms (20.0ms/21.0ms)
[2024-12-15T15:36:24.137+0700][gc,phases   ] GC(98)   Pre Evacuate Collection Set: 2.5ms
[2024-12-15T15:36:24.137+0700][gc,phases   ] GC(98)   Merge Heap Roots: 0.5ms
[2024-12-15T15:36:24.137+0700][gc,phases   ] GC(98)   Evacuate Collection Set: 51.0ms
[2024-12-15T15:36:24.137+0700][gc,phases   ] GC(98)   Post Evacuate Collection Set: 3.1ms
[2024-12-15T15:36:24.137+0700][gc,phases   ] GC(98)   Other: 1.4ms
[2024-12-15T15:36:24.137+0700][gc,heap     ] GC(98) Eden regions: 45->0(44)
[2024-12-15T15:36:24.137+0700][gc,heap     ] GC(98) Survivor regions: 6->7(7)
[2024-12-15T15:36:24.137+0700][gc,heap     ] GC(98) Old regions: 198->200
[2024-12-15T15:36:24.137+0700][gc,heap     ] GC(98) Archive regions: 2->2
[2024-12-15T15:36:24.137+0700][gc,heap     ] GC(98) Humongous regions: 129->129
[2024-12-15T15:36:24.137+0700][gc,metaspace] GC(98) Metaspace: 44148K(44736K)->44148K(44736K) NonClass: 38973K(39296K)->38973K(39296K) Class: 5175K(5440K)->5175K(5440K)
[2024-12-15T15:36:24.137+0700][gc          ] GC(98) Pause Young (Normal) (G1 Evacuation Pause) 378M->336M(1024M) 58.528ms
[2024-12-15T15:36:24.137+0700][gc,cpu      ] GC(98) User=0.11s Sys=0.00s Real=0.06s
[2024-12-15T15:38:09.170+0700][gc,start    ] GC(99) Pause Young (Normal) (G1 Evacuation Pause)
[2024-12-15T15:38:09.170+0700][gc,task     ] GC(99) Using 2 workers of 2 for evacuation
[2024-12-15T15:38:09.242+0700][gc,mmu      ] GC(99) MMU target violated: 21.0ms (20.0ms/21.0ms)
[2024-12-15T15:38:09.243+0700][gc,phases   ] GC(99)   Pre Evacuate Collection Set: 2.7ms
[2024-12-15T15:38:09.243+0700][gc,phases   ] GC(99)   Merge Heap Roots: 0.8ms
[2024-12-15T15:38:09.243+0700][gc,phases   ] GC(99)   Evacuate Collection Set: 64.8ms
[2024-12-15T15:38:09.243+0700][gc,phases   ] GC(99)   Post Evacuate Collection Set: 3.1ms
[2024-12-15T15:38:09.243+0700][gc,phases   ] GC(99)   Other: 2.0ms
[2024-12-15T15:38:09.243+0700][gc,heap     ] GC(99) Eden regions: 44->0(45)
[2024-12-15T15:38:09.243+0700][gc,heap     ] GC(99) Survivor regions: 7->6(7)
[2024-12-15T15:38:09.243+0700][gc,heap     ] GC(99) Old regions: 200->204
[2024-12-15T15:38:09.243+0700][gc,heap     ] GC(99) Archive regions: 2->2
[2024-12-15T15:38:09.243+0700][gc,heap     ] GC(99) Humongous regions: 129->129
[2024-12-15T15:38:09.243+0700][gc,metaspace] GC(99) Metaspace: 44148K(44736K)->44148K(44736K) NonClass: 38973K(39296K)->38973K(39296K) Class: 5175K(5440K)->5175K(5440K)
[2024-12-15T15:38:09.243+0700][gc          ] GC(99) Pause Young (Normal) (G1 Evacuation Pause) 380M->339M(1024M) 73.270ms
[2024-12-15T15:38:09.243+0700][gc,cpu      ] GC(99) User=0.12s Sys=0.02s Real=0.07s
[2024-12-15T15:39:56.165+0700][gc,start    ] GC(100) Pause Young (Normal) (G1 Evacuation Pause)
[2024-12-15T15:39:56.168+0700][gc,task     ] GC(100) Using 2 workers of 2 for evacuation
[2024-12-15T15:39:56.219+0700][gc,mmu      ] GC(100) MMU target violated: 21.0ms (20.0ms/21.0ms)
[2024-12-15T15:39:56.219+0700][gc,phases   ] GC(100)   Pre Evacuate Collection Set: 5.0ms
[2024-12-15T15:39:56.219+0700][gc,phases   ] GC(100)   Merge Heap Roots: 1.4ms
[2024-12-15T15:39:56.219+0700][gc,phases   ] GC(100)   Evacuate Collection Set: 39.7ms
[2024-12-15T15:39:56.219+0700][gc,phases   ] GC(100)   Post Evacuate Collection Set: 4.2ms
[2024-12-15T15:39:56.219+0700][gc,phases   ] GC(100)   Other: 4.9ms
[2024-12-15T15:39:56.219+0700][gc,heap     ] GC(100) Eden regions: 45->0(48)
[2024-12-15T15:39:56.219+0700][gc,heap     ] GC(100) Survivor regions: 6->3(7)
[2024-12-15T15:39:56.219+0700][gc,heap     ] GC(100) Old regions: 204->206
[2024-12-15T15:39:56.219+0700][gc,heap     ] GC(100) Archive regions: 2->2
[2024-12-15T15:39:56.219+0700][gc,heap     ] GC(100) Humongous regions: 129->129
[2024-12-15T15:39:56.219+0700][gc,metaspace] GC(100) Metaspace: 44149K(44736K)->44149K(44736K) NonClass: 38974K(39296K)->38974K(39296K) Class: 5175K(5440K)->5175K(5440K)
[2024-12-15T15:39:56.220+0700][gc          ] GC(100) Pause Young (Normal) (G1 Evacuation Pause) 384M->338M(1024M) 54.982ms
[2024-12-15T15:39:56.220+0700][gc,cpu      ] GC(100) User=0.08s Sys=0.02s Real=0.05s
[2024-12-15T15:41:50.839+0700][gc,start    ] GC(101) Pause Young (Normal) (G1 Evacuation Pause)
[2024-12-15T15:41:50.840+0700][gc,task     ] GC(101) Using 2 workers of 2 for evacuation
[2024-12-15T15:41:50.897+0700][gc,mmu      ] GC(101) MMU target violated: 21.0ms (20.0ms/21.0ms)
[2024-12-15T15:41:50.897+0700][gc,phases   ] GC(101)   Pre Evacuate Collection Set: 2.6ms
[2024-12-15T15:41:50.898+0700][gc,phases   ] GC(101)   Merge Heap Roots: 0.5ms
[2024-12-15T15:41:50.898+0700][gc,phases   ] GC(101)   Evacuate Collection Set: 50.5ms
[2024-12-15T15:41:50.898+0700][gc,phases   ] GC(101)   Post Evacuate Collection Set: 3.4ms
[2024-12-15T15:41:50.898+0700][gc,phases   ] GC(101)   Other: 1.5ms
[2024-12-15T15:41:50.898+0700][gc,heap     ] GC(101) Eden regions: 48->0(44)
[2024-12-15T15:41:50.898+0700][gc,heap     ] GC(101) Survivor regions: 3->7(7)
[2024-12-15T15:41:50.898+0700][gc,heap     ] GC(101) Old regions: 206->206
[2024-12-15T15:41:50.898+0700][gc,heap     ] GC(101) Archive regions: 2->2
[2024-12-15T15:41:50.898+0700][gc,heap     ] GC(101) Humongous regions: 129->129
[2024-12-15T15:41:50.898+0700][gc,metaspace] GC(101) Metaspace: 44149K(44736K)->44149K(44736K) NonClass: 38974K(39296K)->38974K(39296K) Class: 5175K(5440K)->5175K(5440K)
[2024-12-15T15:41:50.898+0700][gc          ] GC(101) Pause Young (Normal) (G1 Evacuation Pause) 386M->342M(1024M) 58.598ms
[2024-12-15T15:41:50.898+0700][gc,cpu      ] GC(101) User=0.10s Sys=0.00s Real=0.06s
[2024-12-15T15:43:35.921+0700][gc,start    ] GC(102) Pause Young (Normal) (G1 Evacuation Pause)
[2024-12-15T15:43:35.922+0700][gc,task     ] GC(102) Using 2 workers of 2 for evacuation
[2024-12-15T15:43:35.988+0700][gc,mmu      ] GC(102) MMU target violated: 21.0ms (20.0ms/21.0ms)
[2024-12-15T15:43:35.988+0700][gc,phases   ] GC(102)   Pre Evacuate Collection Set: 4.2ms
[2024-12-15T15:43:35.988+0700][gc,phases   ] GC(102)   Merge Heap Roots: 0.7ms
[2024-12-15T15:43:35.988+0700][gc,phases   ] GC(102)   Evacuate Collection Set: 56.6ms
[2024-12-15T15:43:35.988+0700][gc,phases   ] GC(102)   Post Evacuate Collection Set: 3.7ms
[2024-12-15T15:43:35.988+0700][gc,phases   ] GC(102)   Other: 1.6ms
[2024-12-15T15:43:35.988+0700][gc,heap     ] GC(102) Eden regions: 44->0(46)
[2024-12-15T15:43:35.988+0700][gc,heap     ] GC(102) Survivor regions: 7->5(7)
[2024-12-15T15:43:35.988+0700][gc,heap     ] GC(102) Old regions: 206->210
[2024-12-15T15:43:35.988+0700][gc,heap     ] GC(102) Archive regions: 2->2
[2024-12-15T15:43:35.988+0700][gc,heap     ] GC(102) Humongous regions: 129->129
[2024-12-15T15:43:35.988+0700][gc,metaspace] GC(102) Metaspace: 44149K(44736K)->44149K(44736K) NonClass: 38974K(39296K)->38974K(39296K) Class: 5175K(5440K)->5175K(5440K)
[2024-12-15T15:43:35.988+0700][gc          ] GC(102) Pause Young (Normal) (G1 Evacuation Pause) 386M->344M(1024M) 66.598ms
[2024-12-15T15:43:35.988+0700][gc,cpu      ] GC(102) User=0.13s Sys=0.00s Real=0.07s
[2024-12-15T15:45:25.693+0700][gc,start    ] GC(103) Pause Young (Normal) (G1 Evacuation Pause)
[2024-12-15T15:45:25.694+0700][gc,task     ] GC(103) Using 2 workers of 2 for evacuation
[2024-12-15T15:45:25.742+0700][gc,mmu      ] GC(103) MMU target violated: 21.0ms (20.0ms/21.0ms)
[2024-12-15T15:45:25.742+0700][gc,phases   ] GC(103)   Pre Evacuate Collection Set: 4.0ms
[2024-12-15T15:45:25.742+0700][gc,phases   ] GC(103)   Merge Heap Roots: 0.5ms
[2024-12-15T15:45:25.742+0700][gc,phases   ] GC(103)   Evacuate Collection Set: 38.4ms
[2024-12-15T15:45:25.742+0700][gc,phases   ] GC(103)   Post Evacuate Collection Set: 3.7ms
[2024-12-15T15:45:25.742+0700][gc,phases   ] GC(103)   Other: 2.5ms
[2024-12-15T15:45:25.742+0700][gc,heap     ] GC(103) Eden regions: 46->0(48)
[2024-12-15T15:45:25.742+0700][gc,heap     ] GC(103) Survivor regions: 5->3(7)
[2024-12-15T15:45:25.742+0700][gc,heap     ] GC(103) Old regions: 210->213
[2024-12-15T15:45:25.742+0700][gc,heap     ] GC(103) Archive regions: 2->2
[2024-12-15T15:45:25.742+0700][gc,heap     ] GC(103) Humongous regions: 129->129
[2024-12-15T15:45:25.742+0700][gc,metaspace] GC(103) Metaspace: 44150K(44736K)->44150K(44736K) NonClass: 38975K(39296K)->38975K(39296K) Class: 5175K(5440K)->5175K(5440K)
[2024-12-15T15:45:25.742+0700][gc          ] GC(103) Pause Young (Normal) (G1 Evacuation Pause) 390M->345M(1024M) 48.882ms
[2024-12-15T15:45:25.742+0700][gc,cpu      ] GC(103) User=0.07s Sys=0.01s Real=0.04s
[2024-12-15T15:47:12.805+0700][gc,start    ] GC(104) Pause Young (Normal) (G1 Evacuation Pause)
[2024-12-15T15:47:12.805+0700][gc,task     ] GC(104) Using 2 workers of 2 for evacuation
[2024-12-15T15:47:12.864+0700][gc,mmu      ] GC(104) MMU target violated: 21.0ms (20.0ms/21.0ms)
[2024-12-15T15:47:12.864+0700][gc,phases   ] GC(104)   Pre Evacuate Collection Set: 2.8ms
[2024-12-15T15:47:12.864+0700][gc,phases   ] GC(104)   Merge Heap Roots: 1.3ms
[2024-12-15T15:47:12.864+0700][gc,phases   ] GC(104)   Evacuate Collection Set: 49.8ms
[2024-12-15T15:47:12.864+0700][gc,phases   ] GC(104)   Post Evacuate Collection Set: 3.8ms
[2024-12-15T15:47:12.864+0700][gc,phases   ] GC(104)   Other: 1.5ms
[2024-12-15T15:47:12.864+0700][gc,heap     ] GC(104) Eden regions: 48->0(44)
[2024-12-15T15:47:12.864+0700][gc,heap     ] GC(104) Survivor regions: 3->7(7)
[2024-12-15T15:47:12.864+0700][gc,heap     ] GC(104) Old regions: 213->213
[2024-12-15T15:47:12.864+0700][gc,heap     ] GC(104) Archive regions: 2->2
[2024-12-15T15:47:12.864+0700][gc,heap     ] GC(104) Humongous regions: 129->129
[2024-12-15T15:47:12.864+0700][gc,metaspace] GC(104) Metaspace: 44153K(44736K)->44153K(44736K) NonClass: 38978K(39296K)->38978K(39296K) Class: 5175K(5440K)->5175K(5440K)
[2024-12-15T15:47:12.864+0700][gc          ] GC(104) Pause Young (Normal) (G1 Evacuation Pause) 393M->349M(1024M) 59.266ms
[2024-12-15T15:47:12.864+0700][gc,cpu      ] GC(104) User=0.10s Sys=0.01s Real=0.05s
[2024-12-15T15:48:57.838+0700][gc,start    ] GC(105) Pause Young (Normal) (G1 Evacuation Pause)
[2024-12-15T15:48:57.839+0700][gc,task     ] GC(105) Using 2 workers of 2 for evacuation
[2024-12-15T15:48:57.900+0700][gc,mmu      ] GC(105) MMU target violated: 21.0ms (20.0ms/21.0ms)
[2024-12-15T15:48:57.900+0700][gc,phases   ] GC(105)   Pre Evacuate Collection Set: 2.7ms
[2024-12-15T15:48:57.900+0700][gc,phases   ] GC(105)   Merge Heap Roots: 0.7ms
[2024-12-15T15:48:57.900+0700][gc,phases   ] GC(105)   Evacuate Collection Set: 55.4ms
[2024-12-15T15:48:57.900+0700][gc,phases   ] GC(105)   Post Evacuate Collection Set: 2.0ms
[2024-12-15T15:48:57.900+0700][gc,phases   ] GC(105)   Other: 1.4ms
[2024-12-15T15:48:57.900+0700][gc,heap     ] GC(105) Eden regions: 44->0(47)
[2024-12-15T15:48:57.900+0700][gc,heap     ] GC(105) Survivor regions: 7->4(7)
[2024-12-15T15:48:57.900+0700][gc,heap     ] GC(105) Old regions: 213->218
[2024-12-15T15:48:57.900+0700][gc,heap     ] GC(105) Archive regions: 2->2
[2024-12-15T15:48:57.900+0700][gc,heap     ] GC(105) Humongous regions: 129->129
[2024-12-15T15:48:57.900+0700][gc,metaspace] GC(105) Metaspace: 44155K(44736K)->44155K(44736K) NonClass: 38980K(39296K)->38980K(39296K) Class: 5175K(5440K)->5175K(5440K)
[2024-12-15T15:48:57.900+0700][gc          ] GC(105) Pause Young (Normal) (G1 Evacuation Pause) 393M->351M(1024M) 62.189ms
[2024-12-15T15:48:57.900+0700][gc,cpu      ] GC(105) User=0.12s Sys=0.00s Real=0.06s
[2024-12-15T15:50:50.608+0700][gc,start    ] GC(106) Pause Young (Normal) (G1 Evacuation Pause)
[2024-12-15T15:50:50.608+0700][gc,task     ] GC(106) Using 2 workers of 2 for evacuation
[2024-12-15T15:50:50.645+0700][gc,mmu      ] GC(106) MMU target violated: 21.0ms (20.0ms/21.0ms)
[2024-12-15T15:50:50.645+0700][gc,phases   ] GC(106)   Pre Evacuate Collection Set: 3.0ms
[2024-12-15T15:50:50.645+0700][gc,phases   ] GC(106)   Merge Heap Roots: 1.0ms
[2024-12-15T15:50:50.645+0700][gc,phases   ] GC(106)   Evacuate Collection Set: 28.5ms
[2024-12-15T15:50:50.645+0700][gc,phases   ] GC(106)   Post Evacuate Collection Set: 3.1ms
[2024-12-15T15:50:50.645+0700][gc,phases   ] GC(106)   Other: 2.4ms
[2024-12-15T15:50:50.645+0700][gc,heap     ] GC(106) Eden regions: 47->0(47)
[2024-12-15T15:50:50.645+0700][gc,heap     ] GC(106) Survivor regions: 4->4(7)
[2024-12-15T15:50:50.645+0700][gc,heap     ] GC(106) Old regions: 218->218
[2024-12-15T15:50:50.645+0700][gc,heap     ] GC(106) Archive regions: 2->2
[2024-12-15T15:50:50.645+0700][gc,heap     ] GC(106) Humongous regions: 129->129
[2024-12-15T15:50:50.645+0700][gc,metaspace] GC(106) Metaspace: 44156K(44736K)->44156K(44736K) NonClass: 38981K(39296K)->38981K(39296K) Class: 5175K(5440K)->5175K(5440K)
[2024-12-15T15:50:50.645+0700][gc          ] GC(106) Pause Young (Normal) (G1 Evacuation Pause) 398M->351M(1024M) 37.727ms
[2024-12-15T15:50:50.645+0700][gc,cpu      ] GC(106) User=0.06s Sys=0.00s Real=0.04s
[2024-12-15T15:52:42.793+0700][gc,start    ] GC(107) Pause Young (Normal) (G1 Evacuation Pause)
[2024-12-15T15:52:42.793+0700][gc,task     ] GC(107) Using 2 workers of 2 for evacuation
[2024-12-15T15:52:42.853+0700][gc,mmu      ] GC(107) MMU target violated: 21.0ms (20.0ms/21.0ms)
[2024-12-15T15:52:42.853+0700][gc,phases   ] GC(107)   Pre Evacuate Collection Set: 4.0ms
[2024-12-15T15:52:42.853+0700][gc,phases   ] GC(107)   Merge Heap Roots: 0.5ms
[2024-12-15T15:52:42.854+0700][gc,phases   ] GC(107)   Evacuate Collection Set: 50.8ms
[2024-12-15T15:52:42.854+0700][gc,phases   ] GC(107)   Post Evacuate Collection Set: 4.3ms
[2024-12-15T15:52:42.854+0700][gc,phases   ] GC(107)   Other: 1.6ms
[2024-12-15T15:52:42.854+0700][gc,heap     ] GC(107) Eden regions: 47->0(45)
[2024-12-15T15:52:42.854+0700][gc,heap     ] GC(107) Survivor regions: 4->6(7)
[2024-12-15T15:52:42.854+0700][gc,heap     ] GC(107) Old regions: 218->219
[2024-12-15T15:52:42.854+0700][gc,heap     ] GC(107) Archive regions: 2->2
[2024-12-15T15:52:42.854+0700][gc,heap     ] GC(107) Humongous regions: 129->129
[2024-12-15T15:52:42.854+0700][gc,metaspace] GC(107) Metaspace: 44157K(44736K)->44157K(44736K) NonClass: 38982K(39296K)->38982K(39296K) Class: 5175K(5440K)->5175K(5440K)
[2024-12-15T15:52:42.854+0700][gc          ] GC(107) Pause Young (Normal) (G1 Evacuation Pause) 398M->354M(1024M) 61.253ms
[2024-12-15T15:52:42.854+0700][gc,cpu      ] GC(107) User=0.11s Sys=0.00s Real=0.06s
[2024-12-15T15:54:29.784+0700][gc,start    ] GC(108) Pause Young (Normal) (G1 Evacuation Pause)
[2024-12-15T15:54:29.784+0700][gc,task     ] GC(108) Using 2 workers of 2 for evacuation
[2024-12-15T15:54:29.845+0700][gc,mmu      ] GC(108) MMU target violated: 21.0ms (20.0ms/21.0ms)
[2024-12-15T15:54:29.845+0700][gc,phases   ] GC(108)   Pre Evacuate Collection Set: 2.9ms
[2024-12-15T15:54:29.845+0700][gc,phases   ] GC(108)   Merge Heap Roots: 0.5ms
[2024-12-15T15:54:29.845+0700][gc,phases   ] GC(108)   Evacuate Collection Set: 53.1ms
[2024-12-15T15:54:29.845+0700][gc,phases   ] GC(108)   Post Evacuate Collection Set: 3.0ms
[2024-12-15T15:54:29.845+0700][gc,phases   ] GC(108)   Other: 1.8ms
[2024-12-15T15:54:29.845+0700][gc,heap     ] GC(108) Eden regions: 45->0(44)
[2024-12-15T15:54:29.845+0700][gc,heap     ] GC(108) Survivor regions: 6->7(7)
[2024-12-15T15:54:29.845+0700][gc,heap     ] GC(108) Old regions: 219->221
[2024-12-15T15:54:29.845+0700][gc,heap     ] GC(108) Archive regions: 2->2
[2024-12-15T15:54:29.845+0700][gc,heap     ] GC(108) Humongous regions: 129->129
[2024-12-15T15:54:29.845+0700][gc,metaspace] GC(108) Metaspace: 44157K(44736K)->44157K(44736K) NonClass: 38982K(39296K)->38982K(39296K) Class: 5175K(5440K)->5175K(5440K)
[2024-12-15T15:54:29.845+0700][gc          ] GC(108) Pause Young (Normal) (G1 Evacuation Pause) 399M->357M(1024M) 61.073ms
[2024-12-15T15:54:29.845+0700][gc,cpu      ] GC(108) User=0.12s Sys=0.00s Real=0.07s
[2024-12-15T15:56:15.006+0700][gc,start    ] GC(109) Pause Young (Normal) (G1 Evacuation Pause)
[2024-12-15T15:56:15.006+0700][gc,task     ] GC(109) Using 2 workers of 2 for evacuation
[2024-12-15T15:56:15.072+0700][gc,mmu      ] GC(109) MMU target violated: 21.0ms (20.0ms/21.0ms)
[2024-12-15T15:56:15.073+0700][gc,phases   ] GC(109)   Pre Evacuate Collection Set: 3.7ms
[2024-12-15T15:56:15.073+0700][gc,phases   ] GC(109)   Merge Heap Roots: 0.6ms
[2024-12-15T15:56:15.073+0700][gc,phases   ] GC(109)   Evacuate Collection Set: 58.3ms
[2024-12-15T15:56:15.073+0700][gc,phases   ] GC(109)   Post Evacuate Collection Set: 3.0ms
[2024-12-15T15:56:15.073+0700][gc,phases   ] GC(109)   Other: 1.5ms
[2024-12-15T15:56:15.073+0700][gc,heap     ] GC(109) Eden regions: 44->0(46)
[2024-12-15T15:56:15.073+0700][gc,heap     ] GC(109) Survivor regions: 7->5(7)
[2024-12-15T15:56:15.073+0700][gc,heap     ] GC(109) Old regions: 221->226
[2024-12-15T15:56:15.073+0700][gc,heap     ] GC(109) Archive regions: 2->2
[2024-12-15T15:56:15.073+0700][gc,heap     ] GC(109) Humongous regions: 129->129
[2024-12-15T15:56:15.073+0700][gc,metaspace] GC(109) Metaspace: 44157K(44736K)->44157K(44736K) NonClass: 38982K(39296K)->38982K(39296K) Class: 5175K(5440K)->5175K(5440K)
[2024-12-15T15:56:15.073+0700][gc          ] GC(109) Pause Young (Normal) (G1 Evacuation Pause) 401M->360M(1024M) 67.030ms
[2024-12-15T15:56:15.073+0700][gc,cpu      ] GC(109) User=0.11s Sys=0.01s Real=0.07s
[2024-12-15T15:58:04.167+0700][gc,start    ] GC(110) Pause Young (Normal) (G1 Evacuation Pause)
[2024-12-15T15:58:04.167+0700][gc,task     ] GC(110) Using 2 workers of 2 for evacuation
[2024-12-15T15:58:04.221+0700][gc,mmu      ] GC(110) MMU target violated: 21.0ms (20.0ms/21.0ms)
[2024-12-15T15:58:04.221+0700][gc,phases   ] GC(110)   Pre Evacuate Collection Set: 2.8ms
[2024-12-15T15:58:04.221+0700][gc,phases   ] GC(110)   Merge Heap Roots: 0.5ms
[2024-12-15T15:58:04.221+0700][gc,phases   ] GC(110)   Evacuate Collection Set: 40.2ms
[2024-12-15T15:58:04.221+0700][gc,phases   ] GC(110)   Post Evacuate Collection Set: 9.6ms
[2024-12-15T15:58:04.221+0700][gc,phases   ] GC(110)   Other: 1.7ms
[2024-12-15T15:58:04.221+0700][gc,heap     ] GC(110) Eden regions: 46->0(48)
[2024-12-15T15:58:04.221+0700][gc,heap     ] GC(110) Survivor regions: 5->3(7)
[2024-12-15T15:58:04.221+0700][gc,heap     ] GC(110) Old regions: 226->228
[2024-12-15T15:58:04.221+0700][gc,heap     ] GC(110) Archive regions: 2->2
[2024-12-15T15:58:04.221+0700][gc,heap     ] GC(110) Humongous regions: 129->129
[2024-12-15T15:58:04.221+0700][gc,metaspace] GC(110) Metaspace: 44158K(44736K)->44158K(44736K) NonClass: 38983K(39296K)->38983K(39296K) Class: 5175K(5440K)->5175K(5440K)
[2024-12-15T15:58:04.221+0700][gc          ] GC(110) Pause Young (Normal) (G1 Evacuation Pause) 406M->360M(1024M) 54.870ms
[2024-12-15T15:58:04.221+0700][gc,cpu      ] GC(110) User=0.08s Sys=0.01s Real=0.05s
[2024-12-15T15:59:59.064+0700][gc,start    ] GC(111) Pause Young (Concurrent Start) (G1 Evacuation Pause)
[2024-12-15T15:59:59.064+0700][gc,task     ] GC(111) Using 2 workers of 2 for evacuation
[2024-12-15T15:59:59.117+0700][gc,mmu      ] GC(111) MMU target violated: 21.0ms (20.0ms/21.0ms)
[2024-12-15T15:59:59.118+0700][gc,phases   ] GC(111)   Pre Evacuate Collection Set: 3.9ms
[2024-12-15T15:59:59.118+0700][gc,phases   ] GC(111)   Merge Heap Roots: 0.7ms
[2024-12-15T15:59:59.118+0700][gc,phases   ] GC(111)   Evacuate Collection Set: 45.0ms
[2024-12-15T15:59:59.118+0700][gc,phases   ] GC(111)   Post Evacuate Collection Set: 2.9ms
[2024-12-15T15:59:59.118+0700][gc,phases   ] GC(111)   Other: 1.8ms
[2024-12-15T15:59:59.118+0700][gc,heap     ] GC(111) Eden regions: 48->0(45)
[2024-12-15T15:59:59.118+0700][gc,heap     ] GC(111) Survivor regions: 3->6(7)
[2024-12-15T15:59:59.118+0700][gc,heap     ] GC(111) Old regions: 228->228
[2024-12-15T15:59:59.118+0700][gc,heap     ] GC(111) Archive regions: 2->2
[2024-12-15T15:59:59.118+0700][gc,heap     ] GC(111) Humongous regions: 129->129
[2024-12-15T15:59:59.118+0700][gc,metaspace] GC(111) Metaspace: 44159K(44736K)->44159K(44736K) NonClass: 38984K(39296K)->38984K(39296K) Class: 5175K(5440K)->5175K(5440K)
[2024-12-15T15:59:59.118+0700][gc          ] GC(111) Pause Young (Concurrent Start) (G1 Evacuation Pause) 408M->363M(1024M) 54.451ms
[2024-12-15T15:59:59.118+0700][gc,cpu      ] GC(111) User=0.10s Sys=0.00s Real=0.06s
[2024-12-15T15:59:59.119+0700][gc          ] GC(112) Concurrent Mark Cycle
[2024-12-15T15:59:59.119+0700][gc,marking  ] GC(112) Concurrent Clear Claimed Marks
[2024-12-15T15:59:59.119+0700][gc,marking  ] GC(112) Concurrent Clear Claimed Marks 0.145ms
[2024-12-15T15:59:59.119+0700][gc,marking  ] GC(112) Concurrent Scan Root Regions
[2024-12-15T15:59:59.138+0700][gc,marking  ] GC(112) Concurrent Scan Root Regions 19.176ms
[2024-12-15T15:59:59.138+0700][gc,marking  ] GC(112) Concurrent Mark
[2024-12-15T15:59:59.138+0700][gc,marking  ] GC(112) Concurrent Mark From Roots
[2024-12-15T15:59:59.138+0700][gc,task     ] GC(112) Using 1 workers of 1 for marking
[2024-12-15T15:59:59.251+0700][gc,marking  ] GC(112) Concurrent Mark From Roots 112.631ms
[2024-12-15T15:59:59.251+0700][gc,marking  ] GC(112) Concurrent Preclean
[2024-12-15T15:59:59.251+0700][gc,marking  ] GC(112) Concurrent Preclean 0.610ms
[2024-12-15T15:59:59.252+0700][gc,start    ] GC(112) Pause Remark
[2024-12-15T15:59:59.324+0700][gc,mmu      ] GC(112) MMU target violated: 21.0ms (20.0ms/21.0ms)
[2024-12-15T15:59:59.324+0700][gc          ] GC(112) Pause Remark 363M->267M(1024M) 72.614ms
[2024-12-15T15:59:59.324+0700][gc,cpu      ] GC(112) User=0.14s Sys=0.00s Real=0.07s
[2024-12-15T15:59:59.326+0700][gc,marking  ] GC(112) Concurrent Mark 187.856ms
[2024-12-15T15:59:59.326+0700][gc,marking  ] GC(112) Concurrent Rebuild Remembered Sets
[2024-12-15T15:59:59.372+0700][gc,marking  ] GC(112) Concurrent Rebuild Remembered Sets 45.647ms
[2024-12-15T15:59:59.372+0700][gc,start    ] GC(112) Pause Cleanup
[2024-12-15T15:59:59.372+0700][gc          ] GC(112) Pause Cleanup 268M->268M(1024M) 0.616ms
[2024-12-15T15:59:59.373+0700][gc,cpu      ] GC(112) User=0.00s Sys=0.00s Real=0.01s
[2024-12-15T15:59:59.373+0700][gc,marking  ] GC(112) Concurrent Cleanup for Next Mark
[2024-12-15T15:59:59.398+0700][gc,marking  ] GC(112) Concurrent Cleanup for Next Mark 25.807ms
[2024-12-15T15:59:59.399+0700][gc          ] GC(112) Concurrent Mark Cycle 279.909ms
[2024-12-15T16:01:46.554+0700][gc,start    ] GC(113) Pause Young (Prepare Mixed) (G1 Evacuation Pause)
[2024-12-15T16:01:46.554+0700][gc,task     ] GC(113) Using 2 workers of 2 for evacuation
[2024-12-15T16:01:46.617+0700][gc,mmu      ] GC(113) MMU target violated: 21.0ms (20.0ms/21.0ms)
[2024-12-15T16:01:46.617+0700][gc,phases   ] GC(113)   Pre Evacuate Collection Set: 2.8ms
[2024-12-15T16:01:46.617+0700][gc,phases   ] GC(113)   Merge Heap Roots: 1.5ms
[2024-12-15T16:01:46.617+0700][gc,phases   ] GC(113)   Evacuate Collection Set: 54.9ms
[2024-12-15T16:01:46.617+0700][gc,phases   ] GC(113)   Post Evacuate Collection Set: 3.4ms
[2024-12-15T16:01:46.617+0700][gc,phases   ] GC(113)   Other: 1.6ms
[2024-12-15T16:01:46.617+0700][gc,heap     ] GC(113) Eden regions: 45->0(46)
[2024-12-15T16:01:46.617+0700][gc,heap     ] GC(113) Survivor regions: 6->5(7)
[2024-12-15T16:01:46.617+0700][gc,heap     ] GC(113) Old regions: 132->136
[2024-12-15T16:01:46.617+0700][gc,heap     ] GC(113) Archive regions: 2->2
[2024-12-15T16:01:46.617+0700][gc,heap     ] GC(113) Humongous regions: 129->129
[2024-12-15T16:01:46.617+0700][gc,metaspace] GC(113) Metaspace: 44099K(44736K)->44099K(44736K) NonClass: 38940K(39296K)->38940K(39296K) Class: 5159K(5440K)->5159K(5440K)
[2024-12-15T16:01:46.617+0700][gc          ] GC(113) Pause Young (Prepare Mixed) (G1 Evacuation Pause) 312M->270M(1024M) 64.039ms
[2024-12-15T16:01:46.618+0700][gc,cpu      ] GC(113) User=0.12s Sys=0.00s Real=0.06s
[2024-12-15T16:03:36.148+0700][gc,start    ] GC(114) Pause Young (Mixed) (G1 Evacuation Pause)
[2024-12-15T16:03:36.148+0700][gc,task     ] GC(114) Using 2 workers of 2 for evacuation
[2024-12-15T16:03:36.189+0700][gc,mmu      ] GC(114) MMU target violated: 21.0ms (20.0ms/21.0ms)
[2024-12-15T16:03:36.189+0700][gc,phases   ] GC(114)   Pre Evacuate Collection Set: 2.6ms
[2024-12-15T16:03:36.189+0700][gc,phases   ] GC(114)   Merge Heap Roots: 0.9ms
[2024-12-15T16:03:36.189+0700][gc,phases   ] GC(114)   Evacuate Collection Set: 34.4ms
[2024-12-15T16:03:36.189+0700][gc,phases   ] GC(114)   Post Evacuate Collection Set: 2.6ms
[2024-12-15T16:03:36.189+0700][gc,phases   ] GC(114)   Other: 1.2ms
[2024-12-15T16:03:36.189+0700][gc,heap     ] GC(114) Eden regions: 46->0(48)
[2024-12-15T16:03:36.189+0700][gc,heap     ] GC(114) Survivor regions: 5->3(7)
[2024-12-15T16:03:36.189+0700][gc,heap     ] GC(114) Old regions: 136->130
[2024-12-15T16:03:36.189+0700][gc,heap     ] GC(114) Archive regions: 2->2
[2024-12-15T16:03:36.190+0700][gc,heap     ] GC(114) Humongous regions: 129->129
[2024-12-15T16:03:36.190+0700][gc,metaspace] GC(114) Metaspace: 44099K(44736K)->44099K(44736K) NonClass: 38940K(39296K)->38940K(39296K) Class: 5159K(5440K)->5159K(5440K)
[2024-12-15T16:03:36.190+0700][gc          ] GC(114) Pause Young (Mixed) (G1 Evacuation Pause) 316M->262M(1024M) 41.774ms
[2024-12-15T16:03:36.190+0700][gc,cpu      ] GC(114) User=0.08s Sys=0.00s Real=0.04s
[2024-12-15T16:05:31.241+0700][gc,start    ] GC(115) Pause Young (Mixed) (G1 Evacuation Pause)
[2024-12-15T16:05:31.242+0700][gc,task     ] GC(115) Using 2 workers of 2 for evacuation
[2024-12-15T16:05:31.288+0700][gc,mmu      ] GC(115) MMU target violated: 21.0ms (20.0ms/21.0ms)
[2024-12-15T16:05:31.288+0700][gc,phases   ] GC(115)   Pre Evacuate Collection Set: 2.6ms
[2024-12-15T16:05:31.288+0700][gc,phases   ] GC(115)   Merge Heap Roots: 0.5ms
[2024-12-15T16:05:31.288+0700][gc,phases   ] GC(115)   Evacuate Collection Set: 39.3ms
[2024-12-15T16:05:31.288+0700][gc,phases   ] GC(115)   Post Evacuate Collection Set: 3.0ms
[2024-12-15T16:05:31.288+0700][gc,phases   ] GC(115)   Other: 1.5ms
[2024-12-15T16:05:31.288+0700][gc,heap     ] GC(115) Eden regions: 48->0(45)
[2024-12-15T16:05:31.288+0700][gc,heap     ] GC(115) Survivor regions: 3->6(7)
[2024-12-15T16:05:31.288+0700][gc,heap     ] GC(115) Old regions: 130->122
[2024-12-15T16:05:31.288+0700][gc,heap     ] GC(115) Archive regions: 2->2
[2024-12-15T16:05:31.288+0700][gc,heap     ] GC(115) Humongous regions: 129->129
[2024-12-15T16:05:31.288+0700][gc,metaspace] GC(115) Metaspace: 44104K(44736K)->44104K(44736K) NonClass: 38944K(39296K)->38944K(39296K) Class: 5159K(5440K)->5159K(5440K)
[2024-12-15T16:05:31.288+0700][gc          ] GC(115) Pause Young (Mixed) (G1 Evacuation Pause) 310M->257M(1024M) 46.987ms
[2024-12-15T16:05:31.288+0700][gc,cpu      ] GC(115) User=0.09s Sys=0.00s Real=0.05s
[2024-12-15T16:07:18.433+0700][gc,start    ] GC(116) Pause Young (Mixed) (G1 Evacuation Pause)
[2024-12-15T16:07:18.433+0700][gc,task     ] GC(116) Using 2 workers of 2 for evacuation
[2024-12-15T16:07:18.496+0700][gc,mmu      ] GC(116) MMU target violated: 21.0ms (20.0ms/21.0ms)
[2024-12-15T16:07:18.497+0700][gc,phases   ] GC(116)   Pre Evacuate Collection Set: 2.6ms
[2024-12-15T16:07:18.497+0700][gc,phases   ] GC(116)   Merge Heap Roots: 0.5ms
[2024-12-15T16:07:18.497+0700][gc,phases   ] GC(116)   Evacuate Collection Set: 56.5ms
[2024-12-15T16:07:18.497+0700][gc,phases   ] GC(116)   Post Evacuate Collection Set: 2.7ms
[2024-12-15T16:07:18.497+0700][gc,phases   ] GC(116)   Other: 1.7ms
[2024-12-15T16:07:18.497+0700][gc,heap     ] GC(116) Eden regions: 45->0(46)
[2024-12-15T16:07:18.497+0700][gc,heap     ] GC(116) Survivor regions: 6->5(7)
[2024-12-15T16:07:18.497+0700][gc,heap     ] GC(116) Old regions: 122->119
[2024-12-15T16:07:18.497+0700][gc,heap     ] GC(116) Archive regions: 2->2
[2024-12-15T16:07:18.497+0700][gc,heap     ] GC(116) Humongous regions: 129->129
[2024-12-15T16:07:18.497+0700][gc,metaspace] GC(116) Metaspace: 44104K(44736K)->44104K(44736K) NonClass: 38944K(39296K)->38944K(39296K) Class: 5159K(5440K)->5159K(5440K)
[2024-12-15T16:07:18.497+0700][gc          ] GC(116) Pause Young (Mixed) (G1 Evacuation Pause) 302M->252M(1024M) 64.111ms
[2024-12-15T16:07:18.497+0700][gc,cpu      ] GC(116) User=0.12s Sys=0.00s Real=0.06s
[2024-12-15T16:09:07.233+0700][gc,start    ] GC(117) Pause Young (Mixed) (G1 Evacuation Pause)
[2024-12-15T16:09:07.234+0700][gc,task     ] GC(117) Using 2 workers of 2 for evacuation
[2024-12-15T16:09:07.277+0700][gc,mmu      ] GC(117) MMU target violated: 21.0ms (20.0ms/21.0ms)
[2024-12-15T16:09:07.277+0700][gc,phases   ] GC(117)   Pre Evacuate Collection Set: 2.6ms
[2024-12-15T16:09:07.277+0700][gc,phases   ] GC(117)   Merge Heap Roots: 0.8ms
[2024-12-15T16:09:07.277+0700][gc,phases   ] GC(117)   Evacuate Collection Set: 36.2ms
[2024-12-15T16:09:07.277+0700][gc,phases   ] GC(117)   Post Evacuate Collection Set: 3.5ms
[2024-12-15T16:09:07.278+0700][gc,phases   ] GC(117)   Other: 1.6ms
[2024-12-15T16:09:07.278+0700][gc,heap     ] GC(117) Eden regions: 46->0(48)
[2024-12-15T16:09:07.278+0700][gc,heap     ] GC(117) Survivor regions: 5->3(7)
[2024-12-15T16:09:07.278+0700][gc,heap     ] GC(117) Old regions: 119->113
[2024-12-15T16:09:07.278+0700][gc,heap     ] GC(117) Archive regions: 2->2
[2024-12-15T16:09:07.278+0700][gc,heap     ] GC(117) Humongous regions: 129->129
[2024-12-15T16:09:07.278+0700][gc,metaspace] GC(117) Metaspace: 44104K(44736K)->44104K(44736K) NonClass: 38944K(39296K)->38944K(39296K) Class: 5159K(5440K)->5159K(5440K)
[2024-12-15T16:09:07.278+0700][gc          ] GC(117) Pause Young (Mixed) (G1 Evacuation Pause) 298M->245M(1024M) 44.606ms
[2024-12-15T16:09:07.278+0700][gc,cpu      ] GC(117) User=0.08s Sys=0.00s Real=0.04s
[2024-12-15T16:11:02.167+0700][gc,start    ] GC(118) Pause Young (Mixed) (G1 Evacuation Pause)
[2024-12-15T16:11:02.167+0700][gc,task     ] GC(118) Using 2 workers of 2 for evacuation
[2024-12-15T16:11:02.214+0700][gc,mmu      ] GC(118) MMU target violated: 21.0ms (20.0ms/21.0ms)
[2024-12-15T16:11:02.214+0700][gc,phases   ] GC(118)   Pre Evacuate Collection Set: 2.6ms
[2024-12-15T16:11:02.214+0700][gc,phases   ] GC(118)   Merge Heap Roots: 1.0ms
[2024-12-15T16:11:02.214+0700][gc,phases   ] GC(118)   Evacuate Collection Set: 38.9ms
[2024-12-15T16:11:02.214+0700][gc,phases   ] GC(118)   Post Evacuate Collection Set: 3.7ms
[2024-12-15T16:11:02.214+0700][gc,phases   ] GC(118)   Other: 1.6ms
[2024-12-15T16:11:02.214+0700][gc,heap     ] GC(118) Eden regions: 48->0(45)
[2024-12-15T16:11:02.214+0700][gc,heap     ] GC(118) Survivor regions: 3->6(7)
[2024-12-15T16:11:02.214+0700][gc,heap     ] GC(118) Old regions: 113->105
[2024-12-15T16:11:02.214+0700][gc,heap     ] GC(118) Archive regions: 2->2
[2024-12-15T16:11:02.214+0700][gc,heap     ] GC(118) Humongous regions: 129->129
[2024-12-15T16:11:02.214+0700][gc,metaspace] GC(118) Metaspace: 44105K(44736K)->44105K(44736K) NonClass: 38945K(39296K)->38945K(39296K) Class: 5159K(5440K)->5159K(5440K)
[2024-12-15T16:11:02.214+0700][gc          ] GC(118) Pause Young (Mixed) (G1 Evacuation Pause) 293M->240M(1024M) 47.600ms
[2024-12-15T16:11:02.214+0700][gc,cpu      ] GC(118) User=0.09s Sys=0.00s Real=0.05s
[2024-12-15T16:12:49.302+0700][gc,start    ] GC(119) Pause Young (Mixed) (G1 Evacuation Pause)
[2024-12-15T16:12:49.303+0700][gc,task     ] GC(119) Using 2 workers of 2 for evacuation
[2024-12-15T16:12:49.368+0700][gc,mmu      ] GC(119) MMU target violated: 21.0ms (20.0ms/21.0ms)
[2024-12-15T16:12:49.369+0700][gc,phases   ] GC(119)   Pre Evacuate Collection Set: 2.5ms
[2024-12-15T16:12:49.369+0700][gc,phases   ] GC(119)   Merge Heap Roots: 0.6ms
[2024-12-15T16:12:49.369+0700][gc,phases   ] GC(119)   Evacuate Collection Set: 59.3ms
[2024-12-15T16:12:49.369+0700][gc,phases   ] GC(119)   Post Evacuate Collection Set: 2.6ms
[2024-12-15T16:12:49.369+0700][gc,phases   ] GC(119)   Other: 1.7ms
[2024-12-15T16:12:49.369+0700][gc,heap     ] GC(119) Eden regions: 45->0(46)
[2024-12-15T16:12:49.369+0700][gc,heap     ] GC(119) Survivor regions: 6->5(7)
[2024-12-15T16:12:49.369+0700][gc,heap     ] GC(119) Old regions: 105->101
[2024-12-15T16:12:49.369+0700][gc,heap     ] GC(119) Archive regions: 2->2
[2024-12-15T16:12:49.369+0700][gc,heap     ] GC(119) Humongous regions: 129->129
[2024-12-15T16:12:49.369+0700][gc,metaspace] GC(119) Metaspace: 44105K(44736K)->44105K(44736K) NonClass: 38945K(39296K)->38945K(39296K) Class: 5159K(5440K)->5159K(5440K)
[2024-12-15T16:12:49.369+0700][gc          ] GC(119) Pause Young (Mixed) (G1 Evacuation Pause) 285M->235M(1024M) 66.788ms
[2024-12-15T16:12:49.369+0700][gc,cpu      ] GC(119) User=0.13s Sys=0.00s Real=0.07s
[2024-12-15T16:14:38.773+0700][gc,start    ] GC(120) Pause Young (Mixed) (G1 Evacuation Pause)
[2024-12-15T16:14:38.773+0700][gc,task     ] GC(120) Using 2 workers of 2 for evacuation
[2024-12-15T16:14:38.814+0700][gc,mmu      ] GC(120) MMU target violated: 21.0ms (20.0ms/21.0ms)
[2024-12-15T16:14:38.814+0700][gc,phases   ] GC(120)   Pre Evacuate Collection Set: 3.9ms
[2024-12-15T16:14:38.814+0700][gc,phases   ] GC(120)   Merge Heap Roots: 0.6ms
[2024-12-15T16:14:38.814+0700][gc,phases   ] GC(120)   Evacuate Collection Set: 32.1ms
[2024-12-15T16:14:38.814+0700][gc,phases   ] GC(120)   Post Evacuate Collection Set: 3.5ms
[2024-12-15T16:14:38.814+0700][gc,phases   ] GC(120)   Other: 1.5ms
[2024-12-15T16:14:38.814+0700][gc,heap     ] GC(120) Eden regions: 46->0(48)
[2024-12-15T16:14:38.814+0700][gc,heap     ] GC(120) Survivor regions: 5->3(7)
[2024-12-15T16:14:38.814+0700][gc,heap     ] GC(120) Old regions: 101->95
[2024-12-15T16:14:38.814+0700][gc,heap     ] GC(120) Archive regions: 2->2
[2024-12-15T16:14:38.814+0700][gc,heap     ] GC(120) Humongous regions: 129->129
[2024-12-15T16:14:38.814+0700][gc,metaspace] GC(120) Metaspace: 44107K(44736K)->44107K(44736K) NonClass: 38947K(39296K)->38947K(39296K) Class: 5159K(5440K)->5159K(5440K)
[2024-12-15T16:14:38.814+0700][gc          ] GC(120) Pause Young (Mixed) (G1 Evacuation Pause) 281M->227M(1024M) 41.574ms
[2024-12-15T16:14:38.815+0700][gc,cpu      ] GC(120) User=0.07s Sys=0.00s Real=0.04s
[2024-12-15T16:16:33.378+0700][gc,start    ] GC(121) Pause Young (Mixed) (G1 Evacuation Pause)
[2024-12-15T16:16:33.378+0700][gc,task     ] GC(121) Using 2 workers of 2 for evacuation
[2024-12-15T16:16:33.425+0700][gc,mmu      ] GC(121) MMU target violated: 21.0ms (20.0ms/21.0ms)
[2024-12-15T16:16:33.425+0700][gc,phases   ] GC(121)   Pre Evacuate Collection Set: 3.7ms
[2024-12-15T16:16:33.425+0700][gc,phases   ] GC(121)   Merge Heap Roots: 0.8ms
[2024-12-15T16:16:33.425+0700][gc,phases   ] GC(121)   Evacuate Collection Set: 39.1ms
[2024-12-15T16:16:33.425+0700][gc,phases   ] GC(121)   Post Evacuate Collection Set: 2.6ms
[2024-12-15T16:16:33.425+0700][gc,phases   ] GC(121)   Other: 1.4ms
[2024-12-15T16:16:33.425+0700][gc,heap     ] GC(121) Eden regions: 48->0(45)
[2024-12-15T16:16:33.425+0700][gc,heap     ] GC(121) Survivor regions: 3->6(7)
[2024-12-15T16:16:33.425+0700][gc,heap     ] GC(121) Old regions: 95->91
[2024-12-15T16:16:33.425+0700][gc,heap     ] GC(121) Archive regions: 2->2
[2024-12-15T16:16:33.425+0700][gc,heap     ] GC(121) Humongous regions: 129->129
[2024-12-15T16:16:33.425+0700][gc,metaspace] GC(121) Metaspace: 44108K(44736K)->44108K(44736K) NonClass: 38948K(39296K)->38948K(39296K) Class: 5159K(5440K)->5159K(5440K)
[2024-12-15T16:16:33.425+0700][gc          ] GC(121) Pause Young (Mixed) (G1 Evacuation Pause) 275M->226M(1024M) 47.678ms
[2024-12-15T16:16:33.425+0700][gc,cpu      ] GC(121) User=0.09s Sys=0.00s Real=0.05s
[2024-12-15T16:18:20.607+0700][gc,start    ] GC(122) Pause Young (Normal) (G1 Evacuation Pause)
[2024-12-15T16:18:20.607+0700][gc,task     ] GC(122) Using 2 workers of 2 for evacuation
[2024-12-15T16:18:20.667+0700][gc,mmu      ] GC(122) MMU target violated: 21.0ms (20.0ms/21.0ms)
[2024-12-15T16:18:20.667+0700][gc,phases   ] GC(122)   Pre Evacuate Collection Set: 4.5ms
[2024-12-15T16:18:20.667+0700][gc,phases   ] GC(122)   Merge Heap Roots: 0.5ms
[2024-12-15T16:18:20.667+0700][gc,phases   ] GC(122)   Evacuate Collection Set: 50.8ms
[2024-12-15T16:18:20.667+0700][gc,phases   ] GC(122)   Post Evacuate Collection Set: 2.8ms
[2024-12-15T16:18:20.667+0700][gc,phases   ] GC(122)   Other: 1.5ms
[2024-12-15T16:18:20.667+0700][gc,heap     ] GC(122) Eden regions: 45->0(46)
[2024-12-15T16:18:20.667+0700][gc,heap     ] GC(122) Survivor regions: 6->5(7)
[2024-12-15T16:18:20.667+0700][gc,heap     ] GC(122) Old regions: 91->95
[2024-12-15T16:18:20.667+0700][gc,heap     ] GC(122) Archive regions: 2->2
[2024-12-15T16:18:20.667+0700][gc,heap     ] GC(122) Humongous regions: 129->129
[2024-12-15T16:18:20.667+0700][gc,metaspace] GC(122) Metaspace: 44108K(44736K)->44108K(44736K) NonClass: 38948K(39296K)->38948K(39296K) Class: 5159K(5440K)->5159K(5440K)
[2024-12-15T16:18:20.667+0700][gc          ] GC(122) Pause Young (Normal) (G1 Evacuation Pause) 271M->228M(1024M) 60.079ms
[2024-12-15T16:18:20.667+0700][gc,cpu      ] GC(122) User=0.11s Sys=0.00s Real=0.06s
[2024-12-15T16:20:09.736+0700][gc,start    ] GC(123) Pause Young (Normal) (G1 Evacuation Pause)
[2024-12-15T16:20:09.736+0700][gc,task     ] GC(123) Using 2 workers of 2 for evacuation
[2024-12-15T16:20:09.779+0700][gc,mmu      ] GC(123) MMU target violated: 21.0ms (20.0ms/21.0ms)
[2024-12-15T16:20:09.779+0700][gc,phases   ] GC(123)   Pre Evacuate Collection Set: 7.6ms
[2024-12-15T16:20:09.779+0700][gc,phases   ] GC(123)   Merge Heap Roots: 0.7ms
[2024-12-15T16:20:09.779+0700][gc,phases   ] GC(123)   Evacuate Collection Set: 31.4ms
[2024-12-15T16:20:09.779+0700][gc,phases   ] GC(123)   Post Evacuate Collection Set: 2.7ms
[2024-12-15T16:20:09.779+0700][gc,phases   ] GC(123)   Other: 1.4ms
[2024-12-15T16:20:09.779+0700][gc,heap     ] GC(123) Eden regions: 46->0(48)
[2024-12-15T16:20:09.779+0700][gc,heap     ] GC(123) Survivor regions: 5->3(7)
[2024-12-15T16:20:09.779+0700][gc,heap     ] GC(123) Old regions: 95->97
[2024-12-15T16:20:09.779+0700][gc,heap     ] GC(123) Archive regions: 2->2
[2024-12-15T16:20:09.779+0700][gc,heap     ] GC(123) Humongous regions: 129->129
[2024-12-15T16:20:09.779+0700][gc,metaspace] GC(123) Metaspace: 44109K(44736K)->44109K(44736K) NonClass: 38950K(39296K)->38950K(39296K) Class: 5159K(5440K)->5159K(5440K)
[2024-12-15T16:20:09.779+0700][gc          ] GC(123) Pause Young (Normal) (G1 Evacuation Pause) 274M->229M(1024M) 43.817ms
[2024-12-15T16:20:09.780+0700][gc,cpu      ] GC(123) User=0.08s Sys=0.00s Real=0.04s
[2024-12-15T16:22:04.827+0700][gc,start    ] GC(124) Pause Young (Normal) (G1 Evacuation Pause)
[2024-12-15T16:22:04.828+0700][gc,task     ] GC(124) Using 2 workers of 2 for evacuation
[2024-12-15T16:22:04.882+0700][gc,mmu      ] GC(124) MMU target violated: 21.0ms (20.0ms/21.0ms)
[2024-12-15T16:22:04.882+0700][gc,phases   ] GC(124)   Pre Evacuate Collection Set: 3.9ms
[2024-12-15T16:22:04.882+0700][gc,phases   ] GC(124)   Merge Heap Roots: 1.7ms
[2024-12-15T16:22:04.882+0700][gc,phases   ] GC(124)   Evacuate Collection Set: 43.6ms
[2024-12-15T16:22:04.882+0700][gc,phases   ] GC(124)   Post Evacuate Collection Set: 4.4ms
[2024-12-15T16:22:04.882+0700][gc,phases   ] GC(124)   Other: 2.3ms
[2024-12-15T16:22:04.882+0700][gc,heap     ] GC(124) Eden regions: 48->0(45)
[2024-12-15T16:22:04.882+0700][gc,heap     ] GC(124) Survivor regions: 3->6(7)
[2024-12-15T16:22:04.882+0700][gc,heap     ] GC(124) Old regions: 97->97
[2024-12-15T16:22:04.882+0700][gc,heap     ] GC(124) Archive regions: 2->2
[2024-12-15T16:22:04.882+0700][gc,heap     ] GC(124) Humongous regions: 129->129
[2024-12-15T16:22:04.882+0700][gc,metaspace] GC(124) Metaspace: 44109K(44736K)->44109K(44736K) NonClass: 38950K(39296K)->38950K(39296K) Class: 5159K(5440K)->5159K(5440K)
[2024-12-15T16:22:04.883+0700][gc          ] GC(124) Pause Young (Normal) (G1 Evacuation Pause) 277M->231M(1024M) 55.551ms
[2024-12-15T16:22:04.883+0700][gc,cpu      ] GC(124) User=0.10s Sys=0.00s Real=0.05s
[2024-12-15T16:23:56.165+0700][gc,start    ] GC(125) Pause Young (Normal) (G1 Evacuation Pause)
[2024-12-15T16:23:56.165+0700][gc,task     ] GC(125) Using 2 workers of 2 for evacuation
[2024-12-15T16:23:56.223+0700][gc,mmu      ] GC(125) MMU target violated: 21.0ms (20.0ms/21.0ms)
[2024-12-15T16:23:56.223+0700][gc,phases   ] GC(125)   Pre Evacuate Collection Set: 3.3ms
[2024-12-15T16:23:56.223+0700][gc,phases   ] GC(125)   Merge Heap Roots: 0.5ms
[2024-12-15T16:23:56.223+0700][gc,phases   ] GC(125)   Evacuate Collection Set: 51.4ms
[2024-12-15T16:23:56.223+0700][gc,phases   ] GC(125)   Post Evacuate Collection Set: 2.3ms
[2024-12-15T16:23:56.223+0700][gc,phases   ] GC(125)   Other: 1.3ms
[2024-12-15T16:23:56.223+0700][gc,heap     ] GC(125) Eden regions: 45->0(44)
[2024-12-15T16:23:56.223+0700][gc,heap     ] GC(125) Survivor regions: 6->7(7)
[2024-12-15T16:23:56.223+0700][gc,heap     ] GC(125) Old regions: 97->99
[2024-12-15T16:23:56.223+0700][gc,heap     ] GC(125) Archive regions: 2->2
[2024-12-15T16:23:56.223+0700][gc,heap     ] GC(125) Humongous regions: 129->129
[2024-12-15T16:23:56.223+0700][gc,metaspace] GC(125) Metaspace: 44137K(44736K)->44137K(44736K) NonClass: 38978K(39296K)->38978K(39296K) Class: 5159K(5440K)->5159K(5440K)
[2024-12-15T16:23:56.223+0700][gc          ] GC(125) Pause Young (Normal) (G1 Evacuation Pause) 276M->235M(1024M) 58.864ms
[2024-12-15T16:23:56.223+0700][gc,cpu      ] GC(125) User=0.11s Sys=0.00s Real=0.05s
[2024-12-15T16:25:40.898+0700][gc,start    ] GC(126) Pause Young (Normal) (G1 Evacuation Pause)
[2024-12-15T16:25:40.898+0700][gc,task     ] GC(126) Using 2 workers of 2 for evacuation
[2024-12-15T16:25:40.950+0700][gc,mmu      ] GC(126) MMU target violated: 21.0ms (20.0ms/21.0ms)
[2024-12-15T16:25:40.950+0700][gc,phases   ] GC(126)   Pre Evacuate Collection Set: 2.6ms
[2024-12-15T16:25:40.950+0700][gc,phases   ] GC(126)   Merge Heap Roots: 0.8ms
[2024-12-15T16:25:40.950+0700][gc,phases   ] GC(126)   Evacuate Collection Set: 44.4ms
[2024-12-15T16:25:40.950+0700][gc,phases   ] GC(126)   Post Evacuate Collection Set: 3.0ms
[2024-12-15T16:25:40.950+0700][gc,phases   ] GC(126)   Other: 0.8ms
[2024-12-15T16:25:40.950+0700][gc,heap     ] GC(126) Eden regions: 44->0(46)
[2024-12-15T16:25:40.950+0700][gc,heap     ] GC(126) Survivor regions: 7->5(7)
[2024-12-15T16:25:40.950+0700][gc,heap     ] GC(126) Old regions: 99->103
[2024-12-15T16:25:40.950+0700][gc,heap     ] GC(126) Archive regions: 2->2
[2024-12-15T16:25:40.950+0700][gc,heap     ] GC(126) Humongous regions: 129->129
[2024-12-15T16:25:40.950+0700][gc,metaspace] GC(126) Metaspace: 44137K(44736K)->44137K(44736K) NonClass: 38978K(39296K)->38978K(39296K) Class: 5159K(5440K)->5159K(5440K)
[2024-12-15T16:25:40.950+0700][gc          ] GC(126) Pause Young (Normal) (G1 Evacuation Pause) 279M->237M(1024M) 51.676ms
[2024-12-15T16:25:40.950+0700][gc,cpu      ] GC(126) User=0.10s Sys=0.00s Real=0.05s
[2024-12-15T16:27:29.964+0700][gc,start    ] GC(127) Pause Young (Normal) (G1 Evacuation Pause)
[2024-12-15T16:27:29.964+0700][gc,task     ] GC(127) Using 2 workers of 2 for evacuation
[2024-12-15T16:27:30.006+0700][gc,mmu      ] GC(127) MMU target violated: 21.0ms (20.0ms/21.0ms)
[2024-12-15T16:27:30.007+0700][gc,phases   ] GC(127)   Pre Evacuate Collection Set: 2.5ms
[2024-12-15T16:27:30.007+0700][gc,phases   ] GC(127)   Merge Heap Roots: 0.5ms
[2024-12-15T16:27:30.007+0700][gc,phases   ] GC(127)   Evacuate Collection Set: 36.0ms
[2024-12-15T16:27:30.007+0700][gc,phases   ] GC(127)   Post Evacuate Collection Set: 2.6ms
[2024-12-15T16:27:30.007+0700][gc,phases   ] GC(127)   Other: 1.0ms
[2024-12-15T16:27:30.007+0700][gc,heap     ] GC(127) Eden regions: 46->0(48)
[2024-12-15T16:27:30.007+0700][gc,heap     ] GC(127) Survivor regions: 5->3(7)
[2024-12-15T16:27:30.007+0700][gc,heap     ] GC(127) Old regions: 103->105
[2024-12-15T16:27:30.007+0700][gc,heap     ] GC(127) Archive regions: 2->2
[2024-12-15T16:27:30.007+0700][gc,heap     ] GC(127) Humongous regions: 129->129
[2024-12-15T16:27:30.007+0700][gc,metaspace] GC(127) Metaspace: 44137K(44736K)->44137K(44736K) NonClass: 38978K(39296K)->38978K(39296K) Class: 5159K(5440K)->5159K(5440K)
[2024-12-15T16:27:30.007+0700][gc          ] GC(127) Pause Young (Normal) (G1 Evacuation Pause) 283M->237M(1024M) 42.758ms
[2024-12-15T16:27:30.007+0700][gc,cpu      ] GC(127) User=0.08s Sys=0.00s Real=0.05s
[2024-12-15T16:29:24.010+0700][gc,start    ] GC(128) Pause Young (Normal) (G1 Evacuation Pause)
[2024-12-15T16:29:24.010+0700][gc,task     ] GC(128) Using 2 workers of 2 for evacuation
[2024-12-15T16:29:24.058+0700][gc,mmu      ] GC(128) MMU target violated: 21.0ms (20.0ms/21.0ms)
[2024-12-15T16:29:24.058+0700][gc,phases   ] GC(128)   Pre Evacuate Collection Set: 3.5ms
[2024-12-15T16:29:24.058+0700][gc,phases   ] GC(128)   Merge Heap Roots: 0.7ms
[2024-12-15T16:29:24.058+0700][gc,phases   ] GC(128)   Evacuate Collection Set: 40.1ms
[2024-12-15T16:29:24.058+0700][gc,phases   ] GC(128)   Post Evacuate Collection Set: 3.1ms
[2024-12-15T16:29:24.058+0700][gc,phases   ] GC(128)   Other: 1.4ms
[2024-12-15T16:29:24.059+0700][gc,heap     ] GC(128) Eden regions: 48->0(45)
[2024-12-15T16:29:24.059+0700][gc,heap     ] GC(128) Survivor regions: 3->6(7)
[2024-12-15T16:29:24.059+0700][gc,heap     ] GC(128) Old regions: 105->105
[2024-12-15T16:29:24.059+0700][gc,heap     ] GC(128) Archive regions: 2->2
[2024-12-15T16:29:24.059+0700][gc,heap     ] GC(128) Humongous regions: 129->129
[2024-12-15T16:29:24.059+0700][gc,metaspace] GC(128) Metaspace: 44138K(44736K)->44138K(44736K) NonClass: 38978K(39296K)->38978K(39296K) Class: 5159K(5440K)->5159K(5440K)
[2024-12-15T16:29:24.059+0700][gc          ] GC(128) Pause Young (Normal) (G1 Evacuation Pause) 285M->240M(1024M) 48.855ms
[2024-12-15T16:29:24.059+0700][gc,cpu      ] GC(128) User=0.09s Sys=0.00s Real=0.05s
[2024-12-15T16:31:16.100+0700][gc,start    ] GC(129) Pause Young (Normal) (G1 Evacuation Pause)
[2024-12-15T16:31:16.100+0700][gc,task     ] GC(129) Using 2 workers of 2 for evacuation
[2024-12-15T16:31:16.166+0700][gc,mmu      ] GC(129) MMU target violated: 21.0ms (20.0ms/21.0ms)
[2024-12-15T16:31:16.167+0700][gc,phases   ] GC(129)   Pre Evacuate Collection Set: 3.7ms
[2024-12-15T16:31:16.167+0700][gc,phases   ] GC(129)   Merge Heap Roots: 0.7ms
[2024-12-15T16:31:16.167+0700][gc,phases   ] GC(129)   Evacuate Collection Set: 58.4ms
[2024-12-15T16:31:16.167+0700][gc,phases   ] GC(129)   Post Evacuate Collection Set: 2.8ms
[2024-12-15T16:31:16.167+0700][gc,phases   ] GC(129)   Other: 1.4ms
[2024-12-15T16:31:16.167+0700][gc,heap     ] GC(129) Eden regions: 45->0(46)
[2024-12-15T16:31:16.167+0700][gc,heap     ] GC(129) Survivor regions: 6->5(7)
[2024-12-15T16:31:16.167+0700][gc,heap     ] GC(129) Old regions: 105->109
[2024-12-15T16:31:16.167+0700][gc,heap     ] GC(129) Archive regions: 2->2
[2024-12-15T16:31:16.167+0700][gc,heap     ] GC(129) Humongous regions: 129->129
[2024-12-15T16:31:16.167+0700][gc,metaspace] GC(129) Metaspace: 44167K(44800K)->44167K(44800K) NonClass: 39007K(39360K)->39007K(39360K) Class: 5159K(5440K)->5159K(5440K)
[2024-12-15T16:31:16.167+0700][gc          ] GC(129) Pause Young (Normal) (G1 Evacuation Pause) 285M->243M(1024M) 67.163ms
[2024-12-15T16:31:16.167+0700][gc,cpu      ] GC(129) User=0.12s Sys=0.00s Real=0.07s
[2024-12-15T16:33:05.867+0700][gc,start    ] GC(130) Pause Young (Normal) (G1 Evacuation Pause)
[2024-12-15T16:33:05.867+0700][gc,task     ] GC(130) Using 2 workers of 2 for evacuation
[2024-12-15T16:33:05.906+0700][gc,mmu      ] GC(130) MMU target violated: 21.0ms (20.0ms/21.0ms)
[2024-12-15T16:33:05.906+0700][gc,phases   ] GC(130)   Pre Evacuate Collection Set: 2.5ms
[2024-12-15T16:33:05.906+0700][gc,phases   ] GC(130)   Merge Heap Roots: 0.9ms
[2024-12-15T16:33:05.906+0700][gc,phases   ] GC(130)   Evacuate Collection Set: 32.1ms
[2024-12-15T16:33:05.906+0700][gc,phases   ] GC(130)   Post Evacuate Collection Set: 3.0ms
[2024-12-15T16:33:05.906+0700][gc,phases   ] GC(130)   Other: 1.1ms
[2024-12-15T16:33:05.906+0700][gc,heap     ] GC(130) Eden regions: 46->0(48)
[2024-12-15T16:33:05.906+0700][gc,heap     ] GC(130) Survivor regions: 5->3(7)
[2024-12-15T16:33:05.906+0700][gc,heap     ] GC(130) Old regions: 109->111
[2024-12-15T16:33:05.906+0700][gc,heap     ] GC(130) Archive regions: 2->2
[2024-12-15T16:33:05.906+0700][gc,heap     ] GC(130) Humongous regions: 129->129
[2024-12-15T16:33:05.906+0700][gc,metaspace] GC(130) Metaspace: 44167K(44800K)->44167K(44800K) NonClass: 39007K(39360K)->39007K(39360K) Class: 5159K(5440K)->5159K(5440K)
[2024-12-15T16:33:05.906+0700][gc          ] GC(130) Pause Young (Normal) (G1 Evacuation Pause) 289M->243M(1024M) 39.560ms
[2024-12-15T16:33:05.906+0700][gc,cpu      ] GC(130) User=0.06s Sys=0.00s Real=0.04s
[2024-12-15T16:35:00.762+0700][gc,start    ] GC(131) Pause Young (Normal) (G1 Evacuation Pause)
[2024-12-15T16:35:00.762+0700][gc,task     ] GC(131) Using 2 workers of 2 for evacuation
[2024-12-15T16:35:00.804+0700][gc,mmu      ] GC(131) MMU target violated: 21.0ms (20.0ms/21.0ms)
[2024-12-15T16:35:00.804+0700][gc,phases   ] GC(131)   Pre Evacuate Collection Set: 2.6ms
[2024-12-15T16:35:00.804+0700][gc,phases   ] GC(131)   Merge Heap Roots: 0.5ms
[2024-12-15T16:35:00.804+0700][gc,phases   ] GC(131)   Evacuate Collection Set: 35.7ms
[2024-12-15T16:35:00.804+0700][gc,phases   ] GC(131)   Post Evacuate Collection Set: 2.3ms
[2024-12-15T16:35:00.804+0700][gc,phases   ] GC(131)   Other: 1.5ms
[2024-12-15T16:35:00.804+0700][gc,heap     ] GC(131) Eden regions: 48->0(45)
[2024-12-15T16:35:00.804+0700][gc,heap     ] GC(131) Survivor regions: 3->6(7)
[2024-12-15T16:35:00.804+0700][gc,heap     ] GC(131) Old regions: 111->111
[2024-12-15T16:35:00.804+0700][gc,heap     ] GC(131) Archive regions: 2->2
[2024-12-15T16:35:00.804+0700][gc,heap     ] GC(131) Humongous regions: 129->129
[2024-12-15T16:35:00.804+0700][gc,metaspace] GC(131) Metaspace: 44167K(44800K)->44167K(44800K) NonClass: 39007K(39360K)->39007K(39360K) Class: 5159K(5440K)->5159K(5440K)
[2024-12-15T16:35:00.805+0700][gc          ] GC(131) Pause Young (Normal) (G1 Evacuation Pause) 291M->246M(1024M) 42.391ms
[2024-12-15T16:35:00.805+0700][gc,cpu      ] GC(131) User=0.08s Sys=0.00s Real=0.05s
[2024-12-15T16:36:47.802+0700][gc,start    ] GC(132) Pause Young (Normal) (G1 Evacuation Pause)
[2024-12-15T16:36:47.802+0700][gc,task     ] GC(132) Using 2 workers of 2 for evacuation
[2024-12-15T16:36:47.865+0700][gc,mmu      ] GC(132) MMU target violated: 21.0ms (20.0ms/21.0ms)
[2024-12-15T16:36:47.865+0700][gc,phases   ] GC(132)   Pre Evacuate Collection Set: 2.6ms
[2024-12-15T16:36:47.865+0700][gc,phases   ] GC(132)   Merge Heap Roots: 0.6ms
[2024-12-15T16:36:47.865+0700][gc,phases   ] GC(132)   Evacuate Collection Set: 56.1ms
[2024-12-15T16:36:47.865+0700][gc,phases   ] GC(132)   Post Evacuate Collection Set: 2.9ms
[2024-12-15T16:36:47.865+0700][gc,phases   ] GC(132)   Other: 1.5ms
[2024-12-15T16:36:47.865+0700][gc,heap     ] GC(132) Eden regions: 45->0(46)
[2024-12-15T16:36:47.865+0700][gc,heap     ] GC(132) Survivor regions: 6->5(7)
[2024-12-15T16:36:47.865+0700][gc,heap     ] GC(132) Old regions: 111->115
[2024-12-15T16:36:47.865+0700][gc,heap     ] GC(132) Archive regions: 2->2
[2024-12-15T16:36:47.865+0700][gc,heap     ] GC(132) Humongous regions: 129->129
[2024-12-15T16:36:47.865+0700][gc,metaspace] GC(132) Metaspace: 44167K(44800K)->44167K(44800K) NonClass: 39007K(39360K)->39007K(39360K) Class: 5159K(5440K)->5159K(5440K)
[2024-12-15T16:36:47.865+0700][gc          ] GC(132) Pause Young (Normal) (G1 Evacuation Pause) 291M->249M(1024M) 63.502ms
[2024-12-15T16:36:47.865+0700][gc,cpu      ] GC(132) User=0.12s Sys=0.00s Real=0.07s
[2024-12-15T16:38:37.401+0700][gc,start    ] GC(133) Pause Young (Normal) (G1 Evacuation Pause)
[2024-12-15T16:38:37.401+0700][gc,task     ] GC(133) Using 2 workers of 2 for evacuation
[2024-12-15T16:38:37.446+0700][gc,mmu      ] GC(133) MMU target violated: 21.0ms (20.0ms/21.0ms)
[2024-12-15T16:38:37.447+0700][gc,phases   ] GC(133)   Pre Evacuate Collection Set: 4.5ms
[2024-12-15T16:38:37.447+0700][gc,phases   ] GC(133)   Merge Heap Roots: 0.9ms
[2024-12-15T16:38:37.447+0700][gc,phases   ] GC(133)   Evacuate Collection Set: 36.4ms
[2024-12-15T16:38:37.447+0700][gc,phases   ] GC(133)   Post Evacuate Collection Set: 3.2ms
[2024-12-15T16:38:37.447+0700][gc,phases   ] GC(133)   Other: 1.5ms
[2024-12-15T16:38:37.447+0700][gc,heap     ] GC(133) Eden regions: 46->0(48)
[2024-12-15T16:38:37.447+0700][gc,heap     ] GC(133) Survivor regions: 5->3(7)
[2024-12-15T16:38:37.447+0700][gc,heap     ] GC(133) Old regions: 115->117
[2024-12-15T16:38:37.447+0700][gc,heap     ] GC(133) Archive regions: 2->2
[2024-12-15T16:38:37.447+0700][gc,heap     ] GC(133) Humongous regions: 129->129
[2024-12-15T16:38:37.447+0700][gc,metaspace] GC(133) Metaspace: 44167K(44800K)->44167K(44800K) NonClass: 39007K(39360K)->39007K(39360K) Class: 5159K(5440K)->5159K(5440K)
[2024-12-15T16:38:37.447+0700][gc          ] GC(133) Pause Young (Normal) (G1 Evacuation Pause) 295M->249M(1024M) 46.506ms
[2024-12-15T16:38:37.447+0700][gc,cpu      ] GC(133) User=0.09s Sys=0.00s Real=0.05s
[2024-12-15T16:40:33.025+0700][gc,start    ] GC(134) Pause Young (Normal) (G1 Evacuation Pause)
[2024-12-15T16:40:33.025+0700][gc,task     ] GC(134) Using 2 workers of 2 for evacuation
[2024-12-15T16:40:33.076+0700][gc,mmu      ] GC(134) MMU target violated: 21.0ms (20.0ms/21.0ms)
[2024-12-15T16:40:33.077+0700][gc,phases   ] GC(134)   Pre Evacuate Collection Set: 3.9ms
[2024-12-15T16:40:33.077+0700][gc,phases   ] GC(134)   Merge Heap Roots: 1.0ms
[2024-12-15T16:40:33.077+0700][gc,phases   ] GC(134)   Evacuate Collection Set: 43.4ms
[2024-12-15T16:40:33.077+0700][gc,phases   ] GC(134)   Post Evacuate Collection Set: 2.7ms
[2024-12-15T16:40:33.077+0700][gc,phases   ] GC(134)   Other: 1.5ms
[2024-12-15T16:40:33.077+0700][gc,heap     ] GC(134) Eden regions: 48->0(45)
[2024-12-15T16:40:33.077+0700][gc,heap     ] GC(134) Survivor regions: 3->6(7)
[2024-12-15T16:40:33.077+0700][gc,heap     ] GC(134) Old regions: 117->117
[2024-12-15T16:40:33.077+0700][gc,heap     ] GC(134) Archive regions: 2->2
[2024-12-15T16:40:33.077+0700][gc,heap     ] GC(134) Humongous regions: 129->129
[2024-12-15T16:40:33.077+0700][gc,metaspace] GC(134) Metaspace: 44170K(44800K)->44170K(44800K) NonClass: 39010K(39360K)->39010K(39360K) Class: 5159K(5440K)->5159K(5440K)
[2024-12-15T16:40:33.077+0700][gc          ] GC(134) Pause Young (Normal) (G1 Evacuation Pause) 297M->252M(1024M) 52.390ms
[2024-12-15T16:40:33.077+0700][gc,cpu      ] GC(134) User=0.09s Sys=0.00s Real=0.05s
[2024-12-15T16:42:20.322+0700][gc,start    ] GC(135) Pause Young (Normal) (G1 Evacuation Pause)
[2024-12-15T16:42:20.322+0700][gc,task     ] GC(135) Using 2 workers of 2 for evacuation
[2024-12-15T16:42:20.412+0700][gc,mmu      ] GC(135) MMU target violated: 21.0ms (20.0ms/21.0ms)
[2024-12-15T16:42:20.412+0700][gc,phases   ] GC(135)   Pre Evacuate Collection Set: 5.2ms
[2024-12-15T16:42:20.412+0700][gc,phases   ] GC(135)   Merge Heap Roots: 2.6ms
[2024-12-15T16:42:20.412+0700][gc,phases   ] GC(135)   Evacuate Collection Set: 77.3ms
[2024-12-15T16:42:20.412+0700][gc,phases   ] GC(135)   Post Evacuate Collection Set: 3.5ms
[2024-12-15T16:42:20.412+0700][gc,phases   ] GC(135)   Other: 1.7ms
[2024-12-15T16:42:20.412+0700][gc,heap     ] GC(135) Eden regions: 45->0(46)
[2024-12-15T16:42:20.412+0700][gc,heap     ] GC(135) Survivor regions: 6->5(7)
[2024-12-15T16:42:20.412+0700][gc,heap     ] GC(135) Old regions: 117->121
[2024-12-15T16:42:20.412+0700][gc,heap     ] GC(135) Archive regions: 2->2
[2024-12-15T16:42:20.412+0700][gc,heap     ] GC(135) Humongous regions: 129->129
[2024-12-15T16:42:20.412+0700][gc,metaspace] GC(135) Metaspace: 44170K(44800K)->44170K(44800K) NonClass: 39010K(39360K)->39010K(39360K) Class: 5159K(5440K)->5159K(5440K)
[2024-12-15T16:42:20.412+0700][gc          ] GC(135) Pause Young (Normal) (G1 Evacuation Pause) 297M->255M(1024M) 90.464ms
[2024-12-15T16:42:20.412+0700][gc,cpu      ] GC(135) User=0.17s Sys=0.00s Real=0.09s
[2024-12-15T16:44:10.085+0700][gc,start    ] GC(136) Pause Young (Normal) (G1 Evacuation Pause)
[2024-12-15T16:44:10.085+0700][gc,task     ] GC(136) Using 2 workers of 2 for evacuation
[2024-12-15T16:44:10.126+0700][gc,mmu      ] GC(136) MMU target violated: 21.0ms (20.0ms/21.0ms)
[2024-12-15T16:44:10.126+0700][gc,phases   ] GC(136)   Pre Evacuate Collection Set: 2.5ms
[2024-12-15T16:44:10.126+0700][gc,phases   ] GC(136)   Merge Heap Roots: 1.2ms
[2024-12-15T16:44:10.127+0700][gc,phases   ] GC(136)   Evacuate Collection Set: 33.7ms
[2024-12-15T16:44:10.127+0700][gc,phases   ] GC(136)   Post Evacuate Collection Set: 3.0ms
[2024-12-15T16:44:10.127+0700][gc,phases   ] GC(136)   Other: 1.3ms
[2024-12-15T16:44:10.127+0700][gc,heap     ] GC(136) Eden regions: 46->0(48)
[2024-12-15T16:44:10.127+0700][gc,heap     ] GC(136) Survivor regions: 5->3(7)
[2024-12-15T16:44:10.127+0700][gc,heap     ] GC(136) Old regions: 121->123
[2024-12-15T16:44:10.127+0700][gc,heap     ] GC(136) Archive regions: 2->2
[2024-12-15T16:44:10.127+0700][gc,heap     ] GC(136) Humongous regions: 129->129
[2024-12-15T16:44:10.127+0700][gc,metaspace] GC(136) Metaspace: 44170K(44800K)->44170K(44800K) NonClass: 39010K(39360K)->39010K(39360K) Class: 5159K(5440K)->5159K(5440K)
[2024-12-15T16:44:10.127+0700][gc          ] GC(136) Pause Young (Normal) (G1 Evacuation Pause) 301M->255M(1024M) 41.713ms
[2024-12-15T16:44:10.127+0700][gc,cpu      ] GC(136) User=0.08s Sys=0.00s Real=0.04s
[2024-12-15T16:46:05.118+0700][gc,start    ] GC(137) Pause Young (Normal) (G1 Evacuation Pause)
[2024-12-15T16:46:05.118+0700][gc,task     ] GC(137) Using 2 workers of 2 for evacuation
[2024-12-15T16:46:05.180+0700][gc,mmu      ] GC(137) MMU target violated: 21.0ms (20.0ms/21.0ms)
[2024-12-15T16:46:05.180+0700][gc,phases   ] GC(137)   Pre Evacuate Collection Set: 4.8ms
[2024-12-15T16:46:05.180+0700][gc,phases   ] GC(137)   Merge Heap Roots: 0.9ms
[2024-12-15T16:46:05.180+0700][gc,phases   ] GC(137)   Evacuate Collection Set: 52.3ms
[2024-12-15T16:46:05.180+0700][gc,phases   ] GC(137)   Post Evacuate Collection Set: 3.8ms
[2024-12-15T16:46:05.180+0700][gc,phases   ] GC(137)   Other: 0.9ms
[2024-12-15T16:46:05.180+0700][gc,heap     ] GC(137) Eden regions: 48->0(45)
[2024-12-15T16:46:05.180+0700][gc,heap     ] GC(137) Survivor regions: 3->6(7)
[2024-12-15T16:46:05.180+0700][gc,heap     ] GC(137) Old regions: 123->123
[2024-12-15T16:46:05.180+0700][gc,heap     ] GC(137) Archive regions: 2->2
[2024-12-15T16:46:05.180+0700][gc,heap     ] GC(137) Humongous regions: 129->129
[2024-12-15T16:46:05.180+0700][gc,metaspace] GC(137) Metaspace: 44170K(44800K)->44170K(44800K) NonClass: 39010K(39360K)->39010K(39360K) Class: 5159K(5440K)->5159K(5440K)
[2024-12-15T16:46:05.180+0700][gc          ] GC(137) Pause Young (Normal) (G1 Evacuation Pause) 303M->258M(1024M) 62.705ms
[2024-12-15T16:46:05.180+0700][gc,cpu      ] GC(137) User=0.12s Sys=0.00s Real=0.06s
[2024-12-15T16:47:44.584+0700][gc,start    ] GC(138) Pause Young (Normal) (G1 Evacuation Pause)
[2024-12-15T16:47:44.584+0700][gc,task     ] GC(138) Using 2 workers of 2 for evacuation
[2024-12-15T16:47:44.656+0700][gc,mmu      ] GC(138) MMU target violated: 21.0ms (20.0ms/21.0ms)
[2024-12-15T16:47:44.656+0700][gc,phases   ] GC(138)   Pre Evacuate Collection Set: 4.2ms
[2024-12-15T16:47:44.656+0700][gc,phases   ] GC(138)   Merge Heap Roots: 0.9ms
[2024-12-15T16:47:44.656+0700][gc,phases   ] GC(138)   Evacuate Collection Set: 62.3ms
[2024-12-15T16:47:44.656+0700][gc,phases   ] GC(138)   Post Evacuate Collection Set: 3.1ms
[2024-12-15T16:47:44.656+0700][gc,phases   ] GC(138)   Other: 1.9ms
[2024-12-15T16:47:44.656+0700][gc,heap     ] GC(138) Eden regions: 45->0(44)
[2024-12-15T16:47:44.656+0700][gc,heap     ] GC(138) Survivor regions: 6->7(7)
[2024-12-15T16:47:44.656+0700][gc,heap     ] GC(138) Old regions: 123->125
[2024-12-15T16:47:44.656+0700][gc,heap     ] GC(138) Archive regions: 2->2
[2024-12-15T16:47:44.656+0700][gc,heap     ] GC(138) Humongous regions: 129->129
[2024-12-15T16:47:44.656+0700][gc,metaspace] GC(138) Metaspace: 44173K(44800K)->44173K(44800K) NonClass: 39013K(39360K)->39013K(39360K) Class: 5159K(5440K)->5159K(5440K)
[2024-12-15T16:47:44.657+0700][gc          ] GC(138) Pause Young (Normal) (G1 Evacuation Pause) 303M->261M(1024M) 72.520ms
[2024-12-15T16:47:44.657+0700][gc,cpu      ] GC(138) User=0.14s Sys=0.00s Real=0.08s
[2024-12-15T16:49:29.652+0700][gc,start    ] GC(139) Pause Young (Normal) (G1 Evacuation Pause)
[2024-12-15T16:49:29.654+0700][gc,task     ] GC(139) Using 2 workers of 2 for evacuation
[2024-12-15T16:49:29.784+0700][gc,mmu      ] GC(139) MMU target violated: 21.0ms (20.0ms/21.0ms)
[2024-12-15T16:49:29.784+0700][gc,phases   ] GC(139)   Pre Evacuate Collection Set: 7.7ms
[2024-12-15T16:49:29.784+0700][gc,phases   ] GC(139)   Merge Heap Roots: 1.7ms
[2024-12-15T16:49:29.784+0700][gc,phases   ] GC(139)   Evacuate Collection Set: 111.6ms
[2024-12-15T16:49:29.784+0700][gc,phases   ] GC(139)   Post Evacuate Collection Set: 8.3ms
[2024-12-15T16:49:29.785+0700][gc,phases   ] GC(139)   Other: 3.8ms
[2024-12-15T16:49:29.785+0700][gc,heap     ] GC(139) Eden regions: 44->0(47)
[2024-12-15T16:49:29.785+0700][gc,heap     ] GC(139) Survivor regions: 7->4(7)
[2024-12-15T16:49:29.785+0700][gc,heap     ] GC(139) Old regions: 125->130
[2024-12-15T16:49:29.785+0700][gc,heap     ] GC(139) Archive regions: 2->2
[2024-12-15T16:49:29.785+0700][gc,heap     ] GC(139) Humongous regions: 129->129
[2024-12-15T16:49:29.785+0700][gc,metaspace] GC(139) Metaspace: 44173K(44800K)->44173K(44800K) NonClass: 39013K(39360K)->39013K(39360K) Class: 5159K(5440K)->5159K(5440K)
[2024-12-15T16:49:29.785+0700][gc          ] GC(139) Pause Young (Normal) (G1 Evacuation Pause) 305M->263M(1024M) 133.385ms
[2024-12-15T16:49:29.785+0700][gc,cpu      ] GC(139) User=0.24s Sys=0.01s Real=0.14s
[2024-12-15T16:51:21.751+0700][gc,start    ] GC(140) Pause Young (Normal) (G1 Evacuation Pause)
[2024-12-15T16:51:21.751+0700][gc,task     ] GC(140) Using 2 workers of 2 for evacuation
[2024-12-15T16:51:21.794+0700][gc,mmu      ] GC(140) MMU target violated: 21.0ms (20.0ms/21.0ms)
[2024-12-15T16:51:21.794+0700][gc,phases   ] GC(140)   Pre Evacuate Collection Set: 3.8ms
[2024-12-15T16:51:21.794+0700][gc,phases   ] GC(140)   Merge Heap Roots: 0.8ms
[2024-12-15T16:51:21.794+0700][gc,phases   ] GC(140)   Evacuate Collection Set: 34.6ms
[2024-12-15T16:51:21.794+0700][gc,phases   ] GC(140)   Post Evacuate Collection Set: 3.4ms
[2024-12-15T16:51:21.794+0700][gc,phases   ] GC(140)   Other: 1.5ms
[2024-12-15T16:51:21.794+0700][gc,heap     ] GC(140) Eden regions: 47->0(48)
[2024-12-15T16:51:21.794+0700][gc,heap     ] GC(140) Survivor regions: 4->3(7)
[2024-12-15T16:51:21.794+0700][gc,heap     ] GC(140) Old regions: 130->131
[2024-12-15T16:51:21.794+0700][gc,heap     ] GC(140) Archive regions: 2->2
[2024-12-15T16:51:21.794+0700][gc,heap     ] GC(140) Humongous regions: 129->129
[2024-12-15T16:51:21.795+0700][gc,metaspace] GC(140) Metaspace: 44173K(44800K)->44173K(44800K) NonClass: 39013K(39360K)->39013K(39360K) Class: 5159K(5440K)->5159K(5440K)
[2024-12-15T16:51:21.795+0700][gc          ] GC(140) Pause Young (Normal) (G1 Evacuation Pause) 310M->263M(1024M) 44.062ms
[2024-12-15T16:51:21.795+0700][gc,cpu      ] GC(140) User=0.08s Sys=0.00s Real=0.05s
[2024-12-15T16:53:16.641+0700][gc,start    ] GC(141) Pause Young (Normal) (G1 Evacuation Pause)
[2024-12-15T16:53:16.641+0700][gc,task     ] GC(141) Using 2 workers of 2 for evacuation
[2024-12-15T16:53:16.704+0700][gc,mmu      ] GC(141) MMU target violated: 21.0ms (20.0ms/21.0ms)
[2024-12-15T16:53:16.705+0700][gc,phases   ] GC(141)   Pre Evacuate Collection Set: 7.8ms
[2024-12-15T16:53:16.705+0700][gc,phases   ] GC(141)   Merge Heap Roots: 0.8ms
[2024-12-15T16:53:16.705+0700][gc,phases   ] GC(141)   Evacuate Collection Set: 50.3ms
[2024-12-15T16:53:16.705+0700][gc,phases   ] GC(141)   Post Evacuate Collection Set: 3.9ms
[2024-12-15T16:53:16.705+0700][gc,phases   ] GC(141)   Other: 1.4ms
[2024-12-15T16:53:16.705+0700][gc,heap     ] GC(141) Eden regions: 48->0(44)
[2024-12-15T16:53:16.705+0700][gc,heap     ] GC(141) Survivor regions: 3->7(7)
[2024-12-15T16:53:16.705+0700][gc,heap     ] GC(141) Old regions: 131->131
[2024-12-15T16:53:16.705+0700][gc,heap     ] GC(141) Archive regions: 2->2
[2024-12-15T16:53:16.705+0700][gc,heap     ] GC(141) Humongous regions: 129->129
[2024-12-15T16:53:16.705+0700][gc,metaspace] GC(141) Metaspace: 44173K(44800K)->44173K(44800K) NonClass: 39013K(39360K)->39013K(39360K) Class: 5159K(5440K)->5159K(5440K)
[2024-12-15T16:53:16.705+0700][gc          ] GC(141) Pause Young (Normal) (G1 Evacuation Pause) 311M->266M(1024M) 64.346ms
[2024-12-15T16:53:16.705+0700][gc,cpu      ] GC(141) User=0.11s Sys=0.01s Real=0.07s
[2024-12-15T16:55:01.827+0700][gc,start    ] GC(142) Pause Young (Normal) (G1 Evacuation Pause)
[2024-12-15T16:55:01.828+0700][gc,task     ] GC(142) Using 2 workers of 2 for evacuation
[2024-12-15T16:55:01.894+0700][gc,mmu      ] GC(142) MMU target violated: 21.0ms (20.0ms/21.0ms)
[2024-12-15T16:55:01.894+0700][gc,phases   ] GC(142)   Pre Evacuate Collection Set: 4.7ms
[2024-12-15T16:55:01.894+0700][gc,phases   ] GC(142)   Merge Heap Roots: 0.7ms
[2024-12-15T16:55:01.894+0700][gc,phases   ] GC(142)   Evacuate Collection Set: 56.2ms
[2024-12-15T16:55:01.894+0700][gc,phases   ] GC(142)   Post Evacuate Collection Set: 4.0ms
[2024-12-15T16:55:01.894+0700][gc,phases   ] GC(142)   Other: 1.7ms
[2024-12-15T16:55:01.894+0700][gc,heap     ] GC(142) Eden regions: 44->0(46)
[2024-12-15T16:55:01.894+0700][gc,heap     ] GC(142) Survivor regions: 7->5(7)
[2024-12-15T16:55:01.894+0700][gc,heap     ] GC(142) Old regions: 131->135
[2024-12-15T16:55:01.894+0700][gc,heap     ] GC(142) Archive regions: 2->2
[2024-12-15T16:55:01.894+0700][gc,heap     ] GC(142) Humongous regions: 129->129
[2024-12-15T16:55:01.895+0700][gc,metaspace] GC(142) Metaspace: 44173K(44800K)->44173K(44800K) NonClass: 39013K(39360K)->39013K(39360K) Class: 5159K(5440K)->5159K(5440K)
[2024-12-15T16:55:01.895+0700][gc          ] GC(142) Pause Young (Normal) (G1 Evacuation Pause) 310M->269M(1024M) 67.337ms
[2024-12-15T16:55:01.895+0700][gc,cpu      ] GC(142) User=0.12s Sys=0.00s Real=0.07s
[2024-12-15T16:56:50.898+0700][gc,start    ] GC(143) Pause Young (Normal) (G1 Evacuation Pause)
[2024-12-15T16:56:50.898+0700][gc,task     ] GC(143) Using 2 workers of 2 for evacuation
[2024-12-15T16:56:50.936+0700][gc,mmu      ] GC(143) MMU target violated: 21.0ms (20.0ms/21.0ms)
[2024-12-15T16:56:50.936+0700][gc,phases   ] GC(143)   Pre Evacuate Collection Set: 2.7ms
[2024-12-15T16:56:50.936+0700][gc,phases   ] GC(143)   Merge Heap Roots: 0.6ms
[2024-12-15T16:56:50.936+0700][gc,phases   ] GC(143)   Evacuate Collection Set: 31.1ms
[2024-12-15T16:56:50.936+0700][gc,phases   ] GC(143)   Post Evacuate Collection Set: 3.1ms
[2024-12-15T16:56:50.936+0700][gc,phases   ] GC(143)   Other: 1.3ms
[2024-12-15T16:56:50.937+0700][gc,heap     ] GC(143) Eden regions: 46->0(48)
[2024-12-15T16:56:50.937+0700][gc,heap     ] GC(143) Survivor regions: 5->3(7)
[2024-12-15T16:56:50.937+0700][gc,heap     ] GC(143) Old regions: 135->137
[2024-12-15T16:56:50.937+0700][gc,heap     ] GC(143) Archive regions: 2->2
[2024-12-15T16:56:50.937+0700][gc,heap     ] GC(143) Humongous regions: 129->129
[2024-12-15T16:56:50.937+0700][gc,metaspace] GC(143) Metaspace: 44173K(44800K)->44173K(44800K) NonClass: 39014K(39360K)->39014K(39360K) Class: 5159K(5440K)->5159K(5440K)
[2024-12-15T16:56:50.937+0700][gc          ] GC(143) Pause Young (Normal) (G1 Evacuation Pause) 315M->269M(1024M) 38.919ms
[2024-12-15T16:56:50.937+0700][gc,cpu      ] GC(143) User=0.08s Sys=0.00s Real=0.04s
[2024-12-15T16:58:45.407+0700][gc,start    ] GC(144) Pause Young (Normal) (G1 Evacuation Pause)
[2024-12-15T16:58:45.408+0700][gc,task     ] GC(144) Using 2 workers of 2 for evacuation
[2024-12-15T16:58:45.478+0700][gc,mmu      ] GC(144) MMU target violated: 21.0ms (20.0ms/21.0ms)
[2024-12-15T16:58:45.479+0700][gc,phases   ] GC(144)   Pre Evacuate Collection Set: 7.5ms
[2024-12-15T16:58:45.479+0700][gc,phases   ] GC(144)   Merge Heap Roots: 1.4ms
[2024-12-15T16:58:45.479+0700][gc,phases   ] GC(144)   Evacuate Collection Set: 55.8ms
[2024-12-15T16:58:45.479+0700][gc,phases   ] GC(144)   Post Evacuate Collection Set: 5.0ms
[2024-12-15T16:58:45.479+0700][gc,phases   ] GC(144)   Other: 1.9ms
[2024-12-15T16:58:45.479+0700][gc,heap     ] GC(144) Eden regions: 48->0(45)
[2024-12-15T16:58:45.479+0700][gc,heap     ] GC(144) Survivor regions: 3->6(7)
[2024-12-15T16:58:45.479+0700][gc,heap     ] GC(144) Old regions: 137->137
[2024-12-15T16:58:45.479+0700][gc,heap     ] GC(144) Archive regions: 2->2
[2024-12-15T16:58:45.479+0700][gc,heap     ] GC(144) Humongous regions: 129->129
[2024-12-15T16:58:45.479+0700][gc,metaspace] GC(144) Metaspace: 44174K(44800K)->44174K(44800K) NonClass: 39014K(39360K)->39014K(39360K) Class: 5159K(5440K)->5159K(5440K)
[2024-12-15T16:58:45.479+0700][gc          ] GC(144) Pause Young (Normal) (G1 Evacuation Pause) 317M->272M(1024M) 71.706ms
[2024-12-15T16:58:45.479+0700][gc,cpu      ] GC(144) User=0.13s Sys=0.00s Real=0.07s
[2024-12-15T17:00:32.843+0700][gc,start    ] GC(145) Pause Young (Normal) (G1 Evacuation Pause)
[2024-12-15T17:00:32.843+0700][gc,task     ] GC(145) Using 2 workers of 2 for evacuation
[2024-12-15T17:00:32.901+0700][gc,mmu      ] GC(145) MMU target violated: 21.0ms (20.0ms/21.0ms)
[2024-12-15T17:00:32.901+0700][gc,phases   ] GC(145)   Pre Evacuate Collection Set: 2.6ms
[2024-12-15T17:00:32.901+0700][gc,phases   ] GC(145)   Merge Heap Roots: 0.8ms
[2024-12-15T17:00:32.901+0700][gc,phases   ] GC(145)   Evacuate Collection Set: 51.1ms
[2024-12-15T17:00:32.901+0700][gc,phases   ] GC(145)   Post Evacuate Collection Set: 2.4ms
[2024-12-15T17:00:32.901+0700][gc,phases   ] GC(145)   Other: 1.7ms
[2024-12-15T17:00:32.901+0700][gc,heap     ] GC(145) Eden regions: 45->0(46)
[2024-12-15T17:00:32.901+0700][gc,heap     ] GC(145) Survivor regions: 6->5(7)
[2024-12-15T17:00:32.901+0700][gc,heap     ] GC(145) Old regions: 137->141
[2024-12-15T17:00:32.901+0700][gc,heap     ] GC(145) Archive regions: 2->2
[2024-12-15T17:00:32.901+0700][gc,heap     ] GC(145) Humongous regions: 129->129
[2024-12-15T17:00:32.901+0700][gc,metaspace] GC(145) Metaspace: 44174K(44800K)->44174K(44800K) NonClass: 39015K(39360K)->39015K(39360K) Class: 5159K(5440K)->5159K(5440K)
[2024-12-15T17:00:32.901+0700][gc          ] GC(145) Pause Young (Normal) (G1 Evacuation Pause) 317M->275M(1024M) 58.592ms
[2024-12-15T17:00:32.901+0700][gc,cpu      ] GC(145) User=0.11s Sys=0.00s Real=0.06s
[2024-12-15T17:02:21.912+0700][gc,start    ] GC(146) Pause Young (Normal) (G1 Evacuation Pause)
[2024-12-15T17:02:21.913+0700][gc,task     ] GC(146) Using 2 workers of 2 for evacuation
[2024-12-15T17:02:21.952+0700][gc,mmu      ] GC(146) MMU target violated: 21.0ms (20.0ms/21.0ms)
[2024-12-15T17:02:21.953+0700][gc,phases   ] GC(146)   Pre Evacuate Collection Set: 3.0ms
[2024-12-15T17:02:21.953+0700][gc,phases   ] GC(146)   Merge Heap Roots: 0.7ms
[2024-12-15T17:02:21.953+0700][gc,phases   ] GC(146)   Evacuate Collection Set: 33.2ms
[2024-12-15T17:02:21.953+0700][gc,phases   ] GC(146)   Post Evacuate Collection Set: 2.5ms
[2024-12-15T17:02:21.953+0700][gc,phases   ] GC(146)   Other: 1.1ms
[2024-12-15T17:02:21.953+0700][gc,heap     ] GC(146) Eden regions: 46->0(48)
[2024-12-15T17:02:21.953+0700][gc,heap     ] GC(146) Survivor regions: 5->3(7)
[2024-12-15T17:02:21.953+0700][gc,heap     ] GC(146) Old regions: 141->143
[2024-12-15T17:02:21.953+0700][gc,heap     ] GC(146) Archive regions: 2->2
[2024-12-15T17:02:21.953+0700][gc,heap     ] GC(146) Humongous regions: 129->129
[2024-12-15T17:02:21.953+0700][gc,metaspace] GC(146) Metaspace: 44182K(44800K)->44182K(44800K) NonClass: 39022K(39360K)->39022K(39360K) Class: 5159K(5440K)->5159K(5440K)
[2024-12-15T17:02:21.953+0700][gc          ] GC(146) Pause Young (Normal) (G1 Evacuation Pause) 321M->275M(1024M) 40.689ms
[2024-12-15T17:02:21.953+0700][gc,cpu      ] GC(146) User=0.07s Sys=0.01s Real=0.05s
[2024-12-15T17:04:27.838+0700][gc,start    ] GC(147) Pause Young (Normal) (G1 Evacuation Pause)
[2024-12-15T17:04:27.838+0700][gc,task     ] GC(147) Using 2 workers of 2 for evacuation
[2024-12-15T17:04:27.888+0700][gc,mmu      ] GC(147) MMU target violated: 21.0ms (20.0ms/21.0ms)
[2024-12-15T17:04:27.888+0700][gc,phases   ] GC(147)   Pre Evacuate Collection Set: 4.0ms
[2024-12-15T17:04:27.888+0700][gc,phases   ] GC(147)   Merge Heap Roots: 0.7ms
[2024-12-15T17:04:27.888+0700][gc,phases   ] GC(147)   Evacuate Collection Set: 41.0ms
[2024-12-15T17:04:27.888+0700][gc,phases   ] GC(147)   Post Evacuate Collection Set: 3.3ms
[2024-12-15T17:04:27.888+0700][gc,phases   ] GC(147)   Other: 0.9ms
[2024-12-15T17:04:27.888+0700][gc,heap     ] GC(147) Eden regions: 48->0(45)
[2024-12-15T17:04:27.888+0700][gc,heap     ] GC(147) Survivor regions: 3->6(7)
[2024-12-15T17:04:27.888+0700][gc,heap     ] GC(147) Old regions: 143->143
[2024-12-15T17:04:27.888+0700][gc,heap     ] GC(147) Archive regions: 2->2
[2024-12-15T17:04:27.888+0700][gc,heap     ] GC(147) Humongous regions: 129->129
[2024-12-15T17:04:27.888+0700][gc,metaspace] GC(147) Metaspace: 44259K(44864K)->44259K(44864K) NonClass: 39098K(39424K)->39098K(39424K) Class: 5160K(5440K)->5160K(5440K)
[2024-12-15T17:04:27.888+0700][gc          ] GC(147) Pause Young (Normal) (G1 Evacuation Pause) 323M->278M(1024M) 49.850ms
[2024-12-15T17:04:27.888+0700][gc,cpu      ] GC(147) User=0.09s Sys=0.00s Real=0.05s
[2024-12-15T17:06:15.998+0700][gc,start    ] GC(148) Pause Young (Normal) (G1 Evacuation Pause)
[2024-12-15T17:06:15.999+0700][gc,task     ] GC(148) Using 2 workers of 2 for evacuation
[2024-12-15T17:06:16.062+0700][gc,mmu      ] GC(148) MMU target violated: 21.0ms (20.0ms/21.0ms)
[2024-12-15T17:06:16.063+0700][gc,phases   ] GC(148)   Pre Evacuate Collection Set: 3.3ms
[2024-12-15T17:06:16.063+0700][gc,phases   ] GC(148)   Merge Heap Roots: 0.6ms
[2024-12-15T17:06:16.063+0700][gc,phases   ] GC(148)   Evacuate Collection Set: 56.0ms
[2024-12-15T17:06:16.063+0700][gc,phases   ] GC(148)   Post Evacuate Collection Set: 3.4ms
[2024-12-15T17:06:16.063+0700][gc,phases   ] GC(148)   Other: 1.4ms
[2024-12-15T17:06:16.063+0700][gc,heap     ] GC(148) Eden regions: 45->0(44)
[2024-12-15T17:06:16.063+0700][gc,heap     ] GC(148) Survivor regions: 6->7(7)
[2024-12-15T17:06:16.063+0700][gc,heap     ] GC(148) Old regions: 143->145
[2024-12-15T17:06:16.063+0700][gc,heap     ] GC(148) Archive regions: 2->2
[2024-12-15T17:06:16.063+0700][gc,heap     ] GC(148) Humongous regions: 129->129
[2024-12-15T17:06:16.063+0700][gc,metaspace] GC(148) Metaspace: 44259K(44864K)->44259K(44864K) NonClass: 39098K(39424K)->39098K(39424K) Class: 5160K(5440K)->5160K(5440K)
[2024-12-15T17:06:16.063+0700][gc          ] GC(148) Pause Young (Normal) (G1 Evacuation Pause) 323M->281M(1024M) 64.593ms
[2024-12-15T17:06:16.063+0700][gc,cpu      ] GC(148) User=0.12s Sys=0.00s Real=0.06s
[2024-12-15T17:08:01.219+0700][gc,start    ] GC(149) Pause Young (Normal) (G1 Evacuation Pause)
[2024-12-15T17:08:01.220+0700][gc,task     ] GC(149) Using 2 workers of 2 for evacuation
[2024-12-15T17:08:01.290+0700][gc,mmu      ] GC(149) MMU target violated: 21.0ms (20.0ms/21.0ms)
[2024-12-15T17:08:01.290+0700][gc,phases   ] GC(149)   Pre Evacuate Collection Set: 2.8ms
[2024-12-15T17:08:01.290+0700][gc,phases   ] GC(149)   Merge Heap Roots: 0.8ms
[2024-12-15T17:08:01.290+0700][gc,phases   ] GC(149)   Evacuate Collection Set: 62.5ms
[2024-12-15T17:08:01.290+0700][gc,phases   ] GC(149)   Post Evacuate Collection Set: 3.6ms
[2024-12-15T17:08:01.290+0700][gc,phases   ] GC(149)   Other: 1.7ms
[2024-12-15T17:08:01.291+0700][gc,heap     ] GC(149) Eden regions: 44->0(46)
[2024-12-15T17:08:01.291+0700][gc,heap     ] GC(149) Survivor regions: 7->5(7)
[2024-12-15T17:08:01.291+0700][gc,heap     ] GC(149) Old regions: 145->150
[2024-12-15T17:08:01.291+0700][gc,heap     ] GC(149) Archive regions: 2->2
[2024-12-15T17:08:01.291+0700][gc,heap     ] GC(149) Humongous regions: 129->129
[2024-12-15T17:08:01.291+0700][gc,metaspace] GC(149) Metaspace: 44259K(44864K)->44259K(44864K) NonClass: 39098K(39424K)->39098K(39424K) Class: 5160K(5440K)->5160K(5440K)
[2024-12-15T17:08:01.291+0700][gc          ] GC(149) Pause Young (Normal) (G1 Evacuation Pause) 325M->284M(1024M) 71.356ms
[2024-12-15T17:08:01.291+0700][gc,cpu      ] GC(149) User=0.13s Sys=0.00s Real=0.07s
[2024-12-15T17:09:51.162+0700][gc,start    ] GC(150) Pause Young (Normal) (G1 Evacuation Pause)
[2024-12-15T17:09:51.163+0700][gc,task     ] GC(150) Using 2 workers of 2 for evacuation
[2024-12-15T17:09:51.214+0700][gc,mmu      ] GC(150) MMU target violated: 21.0ms (20.0ms/21.0ms)
[2024-12-15T17:09:51.215+0700][gc,phases   ] GC(150)   Pre Evacuate Collection Set: 3.2ms
[2024-12-15T17:09:51.215+0700][gc,phases   ] GC(150)   Merge Heap Roots: 0.7ms
[2024-12-15T17:09:51.215+0700][gc,phases   ] GC(150)   Evacuate Collection Set: 42.4ms
[2024-12-15T17:09:51.215+0700][gc,phases   ] GC(150)   Post Evacuate Collection Set: 4.6ms
[2024-12-15T17:09:51.215+0700][gc,phases   ] GC(150)   Other: 1.6ms
[2024-12-15T17:09:51.215+0700][gc,heap     ] GC(150) Eden regions: 46->0(47)
[2024-12-15T17:09:51.215+0700][gc,heap     ] GC(150) Survivor regions: 5->4(7)
[2024-12-15T17:09:51.215+0700][gc,heap     ] GC(150) Old regions: 150->152
[2024-12-15T17:09:51.215+0700][gc,heap     ] GC(150) Archive regions: 2->2
[2024-12-15T17:09:51.215+0700][gc,heap     ] GC(150) Humongous regions: 129->129
[2024-12-15T17:09:51.215+0700][gc,metaspace] GC(150) Metaspace: 44259K(44864K)->44259K(44864K) NonClass: 39098K(39424K)->39098K(39424K) Class: 5160K(5440K)->5160K(5440K)
[2024-12-15T17:09:51.215+0700][gc          ] GC(150) Pause Young (Normal) (G1 Evacuation Pause) 330M->284M(1024M) 52.679ms
[2024-12-15T17:09:51.215+0700][gc,cpu      ] GC(150) User=0.10s Sys=0.00s Real=0.06s
[2024-12-15T17:11:43.452+0700][gc,start    ] GC(151) Pause Young (Normal) (G1 Evacuation Pause)
[2024-12-15T17:11:43.452+0700][gc,task     ] GC(151) Using 2 workers of 2 for evacuation
[2024-12-15T17:11:43.518+0700][gc,mmu      ] GC(151) MMU target violated: 21.0ms (20.0ms/21.0ms)
[2024-12-15T17:11:43.518+0700][gc,phases   ] GC(151)   Pre Evacuate Collection Set: 4.6ms
[2024-12-15T17:11:43.519+0700][gc,phases   ] GC(151)   Merge Heap Roots: 4.9ms
[2024-12-15T17:11:43.519+0700][gc,phases   ] GC(151)   Evacuate Collection Set: 44.9ms
[2024-12-15T17:11:43.519+0700][gc,phases   ] GC(151)   Post Evacuate Collection Set: 11.0ms
[2024-12-15T17:11:43.519+0700][gc,phases   ] GC(151)   Other: 1.6ms
[2024-12-15T17:11:43.519+0700][gc,heap     ] GC(151) Eden regions: 47->0(45)
[2024-12-15T17:11:43.519+0700][gc,heap     ] GC(151) Survivor regions: 4->6(7)
[2024-12-15T17:11:43.519+0700][gc,heap     ] GC(151) Old regions: 152->152
[2024-12-15T17:11:43.519+0700][gc,heap     ] GC(151) Archive regions: 2->2
[2024-12-15T17:11:43.519+0700][gc,heap     ] GC(151) Humongous regions: 129->129
[2024-12-15T17:11:43.519+0700][gc,metaspace] GC(151) Metaspace: 44261K(44864K)->44261K(44864K) NonClass: 39100K(39424K)->39100K(39424K) Class: 5160K(5440K)->5160K(5440K)
[2024-12-15T17:11:43.519+0700][gc          ] GC(151) Pause Young (Normal) (G1 Evacuation Pause) 331M->287M(1024M) 67.058ms
[2024-12-15T17:11:43.519+0700][gc,cpu      ] GC(151) User=0.10s Sys=0.00s Real=0.07s
[2024-12-15T17:13:30.537+0700][gc,start    ] GC(152) Pause Young (Normal) (G1 Evacuation Pause)
[2024-12-15T17:13:30.537+0700][gc,task     ] GC(152) Using 2 workers of 2 for evacuation
[2024-12-15T17:13:30.598+0700][gc,mmu      ] GC(152) MMU target violated: 21.0ms (20.0ms/21.0ms)
[2024-12-15T17:13:30.598+0700][gc,phases   ] GC(152)   Pre Evacuate Collection Set: 2.6ms
[2024-12-15T17:13:30.598+0700][gc,phases   ] GC(152)   Merge Heap Roots: 0.6ms
[2024-12-15T17:13:30.598+0700][gc,phases   ] GC(152)   Evacuate Collection Set: 53.4ms
[2024-12-15T17:13:30.598+0700][gc,phases   ] GC(152)   Post Evacuate Collection Set: 3.5ms
[2024-12-15T17:13:30.598+0700][gc,phases   ] GC(152)   Other: 1.5ms
[2024-12-15T17:13:30.598+0700][gc,heap     ] GC(152) Eden regions: 45->0(46)
[2024-12-15T17:13:30.598+0700][gc,heap     ] GC(152) Survivor regions: 6->5(7)
[2024-12-15T17:13:30.598+0700][gc,heap     ] GC(152) Old regions: 152->156
[2024-12-15T17:13:30.598+0700][gc,heap     ] GC(152) Archive regions: 2->2
[2024-12-15T17:13:30.598+0700][gc,heap     ] GC(152) Humongous regions: 129->129
[2024-12-15T17:13:30.598+0700][gc,metaspace] GC(152) Metaspace: 44265K(44864K)->44265K(44864K) NonClass: 39104K(39424K)->39104K(39424K) Class: 5160K(5440K)->5160K(5440K)
[2024-12-15T17:13:30.598+0700][gc          ] GC(152) Pause Young (Normal) (G1 Evacuation Pause) 332M->290M(1024M) 61.523ms
[2024-12-15T17:13:30.598+0700][gc,cpu      ] GC(152) User=0.11s Sys=0.00s Real=0.06s
[2024-12-15T17:15:20.289+0700][gc,start    ] GC(153) Pause Young (Normal) (G1 Evacuation Pause)
[2024-12-15T17:15:20.289+0700][gc,task     ] GC(153) Using 2 workers of 2 for evacuation
[2024-12-15T17:15:20.327+0700][gc,mmu      ] GC(153) MMU target violated: 21.0ms (20.0ms/21.0ms)
[2024-12-15T17:15:20.328+0700][gc,phases   ] GC(153)   Pre Evacuate Collection Set: 2.6ms
[2024-12-15T17:15:20.328+0700][gc,phases   ] GC(153)   Merge Heap Roots: 0.9ms
[2024-12-15T17:15:20.328+0700][gc,phases   ] GC(153)   Evacuate Collection Set: 31.9ms
[2024-12-15T17:15:20.328+0700][gc,phases   ] GC(153)   Post Evacuate Collection Set: 2.5ms
[2024-12-15T17:15:20.328+0700][gc,phases   ] GC(153)   Other: 1.0ms
[2024-12-15T17:15:20.328+0700][gc,heap     ] GC(153) Eden regions: 46->0(48)
[2024-12-15T17:15:20.328+0700][gc,heap     ] GC(153) Survivor regions: 5->3(7)
[2024-12-15T17:15:20.328+0700][gc,heap     ] GC(153) Old regions: 156->158
[2024-12-15T17:15:20.328+0700][gc,heap     ] GC(153) Archive regions: 2->2
[2024-12-15T17:15:20.328+0700][gc,heap     ] GC(153) Humongous regions: 129->129
[2024-12-15T17:15:20.328+0700][gc,metaspace] GC(153) Metaspace: 44265K(44864K)->44265K(44864K) NonClass: 39104K(39424K)->39104K(39424K) Class: 5160K(5440K)->5160K(5440K)
[2024-12-15T17:15:20.328+0700][gc          ] GC(153) Pause Young (Normal) (G1 Evacuation Pause) 336M->290M(1024M) 39.025ms
[2024-12-15T17:15:20.328+0700][gc,cpu      ] GC(153) User=0.07s Sys=0.00s Real=0.04s
[2024-12-15T17:17:14.777+0700][gc,start    ] GC(154) Pause Young (Normal) (G1 Evacuation Pause)
[2024-12-15T17:17:14.777+0700][gc,task     ] GC(154) Using 2 workers of 2 for evacuation
[2024-12-15T17:17:14.822+0700][gc,mmu      ] GC(154) MMU target violated: 21.0ms (20.0ms/21.0ms)
[2024-12-15T17:17:14.823+0700][gc,phases   ] GC(154)   Pre Evacuate Collection Set: 3.8ms
[2024-12-15T17:17:14.823+0700][gc,phases   ] GC(154)   Merge Heap Roots: 0.6ms
[2024-12-15T17:17:14.823+0700][gc,phases   ] GC(154)   Evacuate Collection Set: 36.9ms
[2024-12-15T17:17:14.823+0700][gc,phases   ] GC(154)   Post Evacuate Collection Set: 3.0ms
[2024-12-15T17:17:14.823+0700][gc,phases   ] GC(154)   Other: 1.7ms
[2024-12-15T17:17:14.823+0700][gc,heap     ] GC(154) Eden regions: 48->0(45)
[2024-12-15T17:17:14.823+0700][gc,heap     ] GC(154) Survivor regions: 3->6(7)
[2024-12-15T17:17:14.823+0700][gc,heap     ] GC(154) Old regions: 158->158
[2024-12-15T17:17:14.823+0700][gc,heap     ] GC(154) Archive regions: 2->2
[2024-12-15T17:17:14.823+0700][gc,heap     ] GC(154) Humongous regions: 129->129
[2024-12-15T17:17:14.823+0700][gc,metaspace] GC(154) Metaspace: 44265K(44864K)->44265K(44864K) NonClass: 39104K(39424K)->39104K(39424K) Class: 5160K(5440K)->5160K(5440K)
[2024-12-15T17:17:14.823+0700][gc          ] GC(154) Pause Young (Normal) (G1 Evacuation Pause) 338M->293M(1024M) 45.940ms
[2024-12-15T17:17:14.823+0700][gc,cpu      ] GC(154) User=0.09s Sys=0.00s Real=0.04s
[2024-12-15T17:19:02.241+0700][gc,start    ] GC(155) Pause Young (Normal) (G1 Evacuation Pause)
[2024-12-15T17:19:02.241+0700][gc,task     ] GC(155) Using 2 workers of 2 for evacuation
[2024-12-15T17:19:02.303+0700][gc,mmu      ] GC(155) MMU target violated: 21.0ms (20.0ms/21.0ms)
[2024-12-15T17:19:02.303+0700][gc,phases   ] GC(155)   Pre Evacuate Collection Set: 2.8ms
[2024-12-15T17:19:02.303+0700][gc,phases   ] GC(155)   Merge Heap Roots: 0.6ms
[2024-12-15T17:19:02.303+0700][gc,phases   ] GC(155)   Evacuate Collection Set: 55.2ms
[2024-12-15T17:19:02.303+0700][gc,phases   ] GC(155)   Post Evacuate Collection Set: 2.3ms
[2024-12-15T17:19:02.303+0700][gc,phases   ] GC(155)   Other: 1.2ms
[2024-12-15T17:19:02.303+0700][gc,heap     ] GC(155) Eden regions: 45->0(46)
[2024-12-15T17:19:02.303+0700][gc,heap     ] GC(155) Survivor regions: 6->5(7)
[2024-12-15T17:19:02.303+0700][gc,heap     ] GC(155) Old regions: 158->162
[2024-12-15T17:19:02.303+0700][gc,heap     ] GC(155) Archive regions: 2->2
[2024-12-15T17:19:02.303+0700][gc,heap     ] GC(155) Humongous regions: 129->129
[2024-12-15T17:19:02.303+0700][gc,metaspace] GC(155) Metaspace: 44265K(44864K)->44265K(44864K) NonClass: 39104K(39424K)->39104K(39424K) Class: 5160K(5440K)->5160K(5440K)
[2024-12-15T17:19:02.303+0700][gc          ] GC(155) Pause Young (Normal) (G1 Evacuation Pause) 338M->296M(1024M) 61.987ms
[2024-12-15T17:19:02.303+0700][gc,cpu      ] GC(155) User=0.12s Sys=0.00s Real=0.06s
[2024-12-15T17:21:01.641+0700][gc,start    ] GC(156) Pause Young (Normal) (G1 Evacuation Pause)
[2024-12-15T17:21:01.641+0700][gc,task     ] GC(156) Using 2 workers of 2 for evacuation
[2024-12-15T17:21:01.677+0700][gc,mmu      ] GC(156) MMU target violated: 21.0ms (20.0ms/21.0ms)
[2024-12-15T17:21:01.677+0700][gc,phases   ] GC(156)   Pre Evacuate Collection Set: 3.7ms
[2024-12-15T17:21:01.677+0700][gc,phases   ] GC(156)   Merge Heap Roots: 0.7ms
[2024-12-15T17:21:01.677+0700][gc,phases   ] GC(156)   Evacuate Collection Set: 28.6ms
[2024-12-15T17:21:01.678+0700][gc,phases   ] GC(156)   Post Evacuate Collection Set: 2.8ms
[2024-12-15T17:21:01.678+0700][gc,phases   ] GC(156)   Other: 0.8ms
[2024-12-15T17:21:01.678+0700][gc,heap     ] GC(156) Eden regions: 46->0(48)
[2024-12-15T17:21:01.678+0700][gc,heap     ] GC(156) Survivor regions: 5->3(7)
[2024-12-15T17:21:01.678+0700][gc,heap     ] GC(156) Old regions: 162->164
[2024-12-15T17:21:01.678+0700][gc,heap     ] GC(156) Archive regions: 2->2
[2024-12-15T17:21:01.678+0700][gc,heap     ] GC(156) Humongous regions: 129->129
[2024-12-15T17:21:01.678+0700][gc,metaspace] GC(156) Metaspace: 44346K(44928K)->44346K(44928K) NonClass: 39185K(39488K)->39185K(39488K) Class: 5161K(5440K)->5161K(5440K)
[2024-12-15T17:21:01.678+0700][gc          ] GC(156) Pause Young (Normal) (G1 Evacuation Pause) 342M->296M(1024M) 36.589ms
[2024-12-15T17:21:01.678+0700][gc,cpu      ] GC(156) User=0.07s Sys=0.00s Real=0.04s
[2024-12-15T17:22:56.897+0700][gc,start    ] GC(157) Pause Young (Normal) (G1 Evacuation Pause)
[2024-12-15T17:22:56.898+0700][gc,task     ] GC(157) Using 2 workers of 2 for evacuation
[2024-12-15T17:22:56.945+0700][gc,mmu      ] GC(157) MMU target violated: 21.0ms (20.0ms/21.0ms)
[2024-12-15T17:22:56.945+0700][gc,phases   ] GC(157)   Pre Evacuate Collection Set: 2.7ms
[2024-12-15T17:22:56.945+0700][gc,phases   ] GC(157)   Merge Heap Roots: 0.7ms
[2024-12-15T17:22:56.945+0700][gc,phases   ] GC(157)   Evacuate Collection Set: 39.5ms
[2024-12-15T17:22:56.945+0700][gc,phases   ] GC(157)   Post Evacuate Collection Set: 3.7ms
[2024-12-15T17:22:56.945+0700][gc,phases   ] GC(157)   Other: 1.4ms
[2024-12-15T17:22:56.945+0700][gc,heap     ] GC(157) Eden regions: 48->0(45)
[2024-12-15T17:22:56.945+0700][gc,heap     ] GC(157) Survivor regions: 3->6(7)
[2024-12-15T17:22:56.945+0700][gc,heap     ] GC(157) Old regions: 164->164
[2024-12-15T17:22:56.945+0700][gc,heap     ] GC(157) Archive regions: 2->2
[2024-12-15T17:22:56.945+0700][gc,heap     ] GC(157) Humongous regions: 129->129
[2024-12-15T17:22:56.945+0700][gc,metaspace] GC(157) Metaspace: 44346K(44928K)->44346K(44928K) NonClass: 39185K(39488K)->39185K(39488K) Class: 5161K(5440K)->5161K(5440K)
[2024-12-15T17:22:56.945+0700][gc          ] GC(157) Pause Young (Normal) (G1 Evacuation Pause) 344M->299M(1024M) 47.957ms
[2024-12-15T17:22:56.945+0700][gc,cpu      ] GC(157) User=0.09s Sys=0.00s Real=0.05s
[2024-12-15T17:24:55.233+0700][gc,start    ] GC(158) Pause Young (Normal) (G1 Evacuation Pause)
[2024-12-15T17:24:55.233+0700][gc,task     ] GC(158) Using 2 workers of 2 for evacuation
[2024-12-15T17:24:55.292+0700][gc,mmu      ] GC(158) MMU target violated: 21.0ms (20.0ms/21.0ms)
[2024-12-15T17:24:55.292+0700][gc,phases   ] GC(158)   Pre Evacuate Collection Set: 2.5ms
[2024-12-15T17:24:55.292+0700][gc,phases   ] GC(158)   Merge Heap Roots: 0.7ms
[2024-12-15T17:24:55.292+0700][gc,phases   ] GC(158)   Evacuate Collection Set: 52.5ms
[2024-12-15T17:24:55.292+0700][gc,phases   ] GC(158)   Post Evacuate Collection Set: 3.2ms
[2024-12-15T17:24:55.292+0700][gc,phases   ] GC(158)   Other: 1.1ms
[2024-12-15T17:24:55.292+0700][gc,heap     ] GC(158) Eden regions: 45->0(44)
[2024-12-15T17:24:55.292+0700][gc,heap     ] GC(158) Survivor regions: 6->7(7)
[2024-12-15T17:24:55.292+0700][gc,heap     ] GC(158) Old regions: 164->166
[2024-12-15T17:24:55.292+0700][gc,heap     ] GC(158) Archive regions: 2->2
[2024-12-15T17:24:55.293+0700][gc,heap     ] GC(158) Humongous regions: 129->129
[2024-12-15T17:24:55.293+0700][gc,metaspace] GC(158) Metaspace: 44371K(44992K)->44371K(44992K) NonClass: 39210K(39552K)->39210K(39552K) Class: 5161K(5440K)->5161K(5440K)
[2024-12-15T17:24:55.293+0700][gc          ] GC(158) Pause Young (Normal) (G1 Evacuation Pause) 344M->302M(1024M) 60.063ms
[2024-12-15T17:24:55.293+0700][gc,cpu      ] GC(158) User=0.11s Sys=0.00s Real=0.06s
[2024-12-15T17:26:41.320+0700][gc,start    ] GC(159) Pause Young (Normal) (G1 Evacuation Pause)
[2024-12-15T17:26:41.320+0700][gc,task     ] GC(159) Using 2 workers of 2 for evacuation
[2024-12-15T17:26:41.404+0700][gc,mmu      ] GC(159) MMU target violated: 21.0ms (20.0ms/21.0ms)
[2024-12-15T17:26:41.405+0700][gc,phases   ] GC(159)   Pre Evacuate Collection Set: 6.8ms
[2024-12-15T17:26:41.405+0700][gc,phases   ] GC(159)   Merge Heap Roots: 1.5ms
[2024-12-15T17:26:41.405+0700][gc,phases   ] GC(159)   Evacuate Collection Set: 71.2ms
[2024-12-15T17:26:41.405+0700][gc,phases   ] GC(159)   Post Evacuate Collection Set: 4.1ms
[2024-12-15T17:26:41.405+0700][gc,phases   ] GC(159)   Other: 1.7ms
[2024-12-15T17:26:41.405+0700][gc,heap     ] GC(159) Eden regions: 44->0(46)
[2024-12-15T17:26:41.405+0700][gc,heap     ] GC(159) Survivor regions: 7->5(7)
[2024-12-15T17:26:41.405+0700][gc,heap     ] GC(159) Old regions: 166->170
[2024-12-15T17:26:41.405+0700][gc,heap     ] GC(159) Archive regions: 2->2
[2024-12-15T17:26:41.405+0700][gc,heap     ] GC(159) Humongous regions: 129->129
[2024-12-15T17:26:41.405+0700][gc,metaspace] GC(159) Metaspace: 44371K(44992K)->44371K(44992K) NonClass: 39210K(39552K)->39210K(39552K) Class: 5161K(5440K)->5161K(5440K)
[2024-12-15T17:26:41.405+0700][gc          ] GC(159) Pause Young (Normal) (G1 Evacuation Pause) 346M->304M(1024M) 85.532ms
[2024-12-15T17:26:41.405+0700][gc,cpu      ] GC(159) User=0.15s Sys=0.00s Real=0.09s
[2024-12-15T17:28:31.529+0700][gc,start    ] GC(160) Pause Young (Normal) (G1 Evacuation Pause)
[2024-12-15T17:28:31.530+0700][gc,task     ] GC(160) Using 2 workers of 2 for evacuation
[2024-12-15T17:28:31.577+0700][gc,mmu      ] GC(160) MMU target violated: 21.0ms (20.0ms/21.0ms)
[2024-12-15T17:28:31.577+0700][gc,phases   ] GC(160)   Pre Evacuate Collection Set: 4.0ms
[2024-12-15T17:28:31.577+0700][gc,phases   ] GC(160)   Merge Heap Roots: 0.7ms
[2024-12-15T17:28:31.577+0700][gc,phases   ] GC(160)   Evacuate Collection Set: 38.4ms
[2024-12-15T17:28:31.577+0700][gc,phases   ] GC(160)   Post Evacuate Collection Set: 3.3ms
[2024-12-15T17:28:31.577+0700][gc,phases   ] GC(160)   Other: 1.5ms
[2024-12-15T17:28:31.577+0700][gc,heap     ] GC(160) Eden regions: 46->0(47)
[2024-12-15T17:28:31.577+0700][gc,heap     ] GC(160) Survivor regions: 5->4(7)
[2024-12-15T17:28:31.577+0700][gc,heap     ] GC(160) Old regions: 170->173
[2024-12-15T17:28:31.577+0700][gc,heap     ] GC(160) Archive regions: 2->2
[2024-12-15T17:28:31.577+0700][gc,heap     ] GC(160) Humongous regions: 129->129
[2024-12-15T17:28:31.577+0700][gc,metaspace] GC(160) Metaspace: 44371K(44992K)->44371K(44992K) NonClass: 39210K(39552K)->39210K(39552K) Class: 5161K(5440K)->5161K(5440K)
[2024-12-15T17:28:31.577+0700][gc          ] GC(160) Pause Young (Normal) (G1 Evacuation Pause) 350M->305M(1024M) 47.913ms
[2024-12-15T17:28:31.577+0700][gc,cpu      ] GC(160) User=0.09s Sys=0.00s Real=0.05s
[2024-12-15T17:30:23.663+0700][gc,start    ] GC(161) Pause Young (Normal) (G1 Evacuation Pause)
[2024-12-15T17:30:23.663+0700][gc,task     ] GC(161) Using 2 workers of 2 for evacuation
[2024-12-15T17:30:23.709+0700][gc,mmu      ] GC(161) MMU target violated: 21.0ms (20.0ms/21.0ms)
[2024-12-15T17:30:23.709+0700][gc,phases   ] GC(161)   Pre Evacuate Collection Set: 2.5ms
[2024-12-15T17:30:23.709+0700][gc,phases   ] GC(161)   Merge Heap Roots: 0.6ms
[2024-12-15T17:30:23.709+0700][gc,phases   ] GC(161)   Evacuate Collection Set: 38.3ms
[2024-12-15T17:30:23.709+0700][gc,phases   ] GC(161)   Post Evacuate Collection Set: 3.8ms
[2024-12-15T17:30:23.709+0700][gc,phases   ] GC(161)   Other: 1.1ms
[2024-12-15T17:30:23.709+0700][gc,heap     ] GC(161) Eden regions: 47->0(45)
[2024-12-15T17:30:23.709+0700][gc,heap     ] GC(161) Survivor regions: 4->6(7)
[2024-12-15T17:30:23.709+0700][gc,heap     ] GC(161) Old regions: 173->173
[2024-12-15T17:30:23.709+0700][gc,heap     ] GC(161) Archive regions: 2->2
[2024-12-15T17:30:23.709+0700][gc,heap     ] GC(161) Humongous regions: 129->129
[2024-12-15T17:30:23.709+0700][gc,metaspace] GC(161) Metaspace: 44371K(44992K)->44371K(44992K) NonClass: 39210K(39552K)->39210K(39552K) Class: 5161K(5440K)->5161K(5440K)
[2024-12-15T17:30:23.709+0700][gc          ] GC(161) Pause Young (Normal) (G1 Evacuation Pause) 352M->308M(1024M) 46.336ms
[2024-12-15T17:30:23.709+0700][gc,cpu      ] GC(161) User=0.09s Sys=0.00s Real=0.05s
[2024-12-15T17:32:11.115+0700][gc,start    ] GC(162) Pause Young (Normal) (G1 Evacuation Pause)
[2024-12-15T17:32:11.115+0700][gc,task     ] GC(162) Using 2 workers of 2 for evacuation
[2024-12-15T17:32:11.176+0700][gc,mmu      ] GC(162) MMU target violated: 21.0ms (20.0ms/21.0ms)
[2024-12-15T17:32:11.176+0700][gc,phases   ] GC(162)   Pre Evacuate Collection Set: 3.1ms
[2024-12-15T17:32:11.176+0700][gc,phases   ] GC(162)   Merge Heap Roots: 0.8ms
[2024-12-15T17:32:11.176+0700][gc,phases   ] GC(162)   Evacuate Collection Set: 54.8ms
[2024-12-15T17:32:11.176+0700][gc,phases   ] GC(162)   Post Evacuate Collection Set: 2.3ms
[2024-12-15T17:32:11.176+0700][gc,phases   ] GC(162)   Other: 1.0ms
[2024-12-15T17:32:11.176+0700][gc,heap     ] GC(162) Eden regions: 45->0(46)
[2024-12-15T17:32:11.176+0700][gc,heap     ] GC(162) Survivor regions: 6->5(7)
[2024-12-15T17:32:11.176+0700][gc,heap     ] GC(162) Old regions: 173->177
[2024-12-15T17:32:11.176+0700][gc,heap     ] GC(162) Archive regions: 2->2
[2024-12-15T17:32:11.176+0700][gc,heap     ] GC(162) Humongous regions: 129->129
[2024-12-15T17:32:11.176+0700][gc,metaspace] GC(162) Metaspace: 44371K(44992K)->44371K(44992K) NonClass: 39210K(39552K)->39210K(39552K) Class: 5161K(5440K)->5161K(5440K)
[2024-12-15T17:32:11.177+0700][gc          ] GC(162) Pause Young (Normal) (G1 Evacuation Pause) 353M->310M(1024M) 61.962ms
[2024-12-15T17:32:11.177+0700][gc,cpu      ] GC(162) User=0.12s Sys=0.00s Real=0.06s
[2024-12-15T17:34:01.086+0700][gc,start    ] GC(163) Pause Young (Normal) (G1 Evacuation Pause)
[2024-12-15T17:34:01.086+0700][gc,task     ] GC(163) Using 2 workers of 2 for evacuation
[2024-12-15T17:34:01.131+0700][gc,mmu      ] GC(163) MMU target violated: 21.0ms (20.0ms/21.0ms)
[2024-12-15T17:34:01.131+0700][gc,phases   ] GC(163)   Pre Evacuate Collection Set: 3.5ms
[2024-12-15T17:34:01.131+0700][gc,phases   ] GC(163)   Merge Heap Roots: 1.0ms
[2024-12-15T17:34:01.131+0700][gc,phases   ] GC(163)   Evacuate Collection Set: 36.2ms
[2024-12-15T17:34:01.131+0700][gc,phases   ] GC(163)   Post Evacuate Collection Set: 3.3ms
[2024-12-15T17:34:01.131+0700][gc,phases   ] GC(163)   Other: 1.9ms
[2024-12-15T17:34:01.131+0700][gc,heap     ] GC(163) Eden regions: 46->0(48)
[2024-12-15T17:34:01.131+0700][gc,heap     ] GC(163) Survivor regions: 5->3(7)
[2024-12-15T17:34:01.131+0700][gc,heap     ] GC(163) Old regions: 177->179
[2024-12-15T17:34:01.132+0700][gc,heap     ] GC(163) Archive regions: 2->2
[2024-12-15T17:34:01.132+0700][gc,heap     ] GC(163) Humongous regions: 129->129
[2024-12-15T17:34:01.132+0700][gc,metaspace] GC(163) Metaspace: 44371K(44992K)->44371K(44992K) NonClass: 39210K(39552K)->39210K(39552K) Class: 5161K(5440K)->5161K(5440K)
[2024-12-15T17:34:01.132+0700][gc          ] GC(163) Pause Young (Normal) (G1 Evacuation Pause) 356M->311M(1024M) 45.711ms
[2024-12-15T17:34:01.132+0700][gc,cpu      ] GC(163) User=0.08s Sys=0.00s Real=0.04s
[2024-12-15T17:35:55.843+0700][gc,start    ] GC(164) Pause Young (Normal) (G1 Evacuation Pause)
[2024-12-15T17:35:55.843+0700][gc,task     ] GC(164) Using 2 workers of 2 for evacuation
[2024-12-15T17:35:55.889+0700][gc,mmu      ] GC(164) MMU target violated: 21.0ms (20.0ms/21.0ms)
[2024-12-15T17:35:55.889+0700][gc,phases   ] GC(164)   Pre Evacuate Collection Set: 3.0ms
[2024-12-15T17:35:55.889+0700][gc,phases   ] GC(164)   Merge Heap Roots: 0.9ms
[2024-12-15T17:35:55.889+0700][gc,phases   ] GC(164)   Evacuate Collection Set: 38.9ms
[2024-12-15T17:35:55.889+0700][gc,phases   ] GC(164)   Post Evacuate Collection Set: 2.5ms
[2024-12-15T17:35:55.889+0700][gc,phases   ] GC(164)   Other: 1.3ms
[2024-12-15T17:35:55.889+0700][gc,heap     ] GC(164) Eden regions: 48->0(45)
[2024-12-15T17:35:55.889+0700][gc,heap     ] GC(164) Survivor regions: 3->6(7)
[2024-12-15T17:35:55.889+0700][gc,heap     ] GC(164) Old regions: 179->179
[2024-12-15T17:35:55.889+0700][gc,heap     ] GC(164) Archive regions: 2->2
[2024-12-15T17:35:55.889+0700][gc,heap     ] GC(164) Humongous regions: 129->129
[2024-12-15T17:35:55.889+0700][gc,metaspace] GC(164) Metaspace: 44371K(44992K)->44371K(44992K) NonClass: 39210K(39552K)->39210K(39552K) Class: 5161K(5440K)->5161K(5440K)
[2024-12-15T17:35:55.889+0700][gc          ] GC(164) Pause Young (Normal) (G1 Evacuation Pause) 359M->314M(1024M) 46.576ms
[2024-12-15T17:35:55.889+0700][gc,cpu      ] GC(164) User=0.08s Sys=0.00s Real=0.05s
[2024-12-15T17:37:43.446+0700][gc,start    ] GC(165) Pause Young (Normal) (G1 Evacuation Pause)
[2024-12-15T17:37:43.446+0700][gc,task     ] GC(165) Using 2 workers of 2 for evacuation
[2024-12-15T17:37:43.502+0700][gc,mmu      ] GC(165) MMU target violated: 21.0ms (20.0ms/21.0ms)
[2024-12-15T17:37:43.502+0700][gc,phases   ] GC(165)   Pre Evacuate Collection Set: 2.5ms
[2024-12-15T17:37:43.502+0700][gc,phases   ] GC(165)   Merge Heap Roots: 0.5ms
[2024-12-15T17:37:43.502+0700][gc,phases   ] GC(165)   Evacuate Collection Set: 49.5ms
[2024-12-15T17:37:43.502+0700][gc,phases   ] GC(165)   Post Evacuate Collection Set: 3.0ms
[2024-12-15T17:37:43.502+0700][gc,phases   ] GC(165)   Other: 1.4ms
[2024-12-15T17:37:43.502+0700][gc,heap     ] GC(165) Eden regions: 45->0(46)
[2024-12-15T17:37:43.502+0700][gc,heap     ] GC(165) Survivor regions: 6->5(7)
[2024-12-15T17:37:43.502+0700][gc,heap     ] GC(165) Old regions: 179->183
[2024-12-15T17:37:43.502+0700][gc,heap     ] GC(165) Archive regions: 2->2
[2024-12-15T17:37:43.502+0700][gc,heap     ] GC(165) Humongous regions: 129->129
[2024-12-15T17:37:43.502+0700][gc,metaspace] GC(165) Metaspace: 44371K(44992K)->44371K(44992K) NonClass: 39210K(39552K)->39210K(39552K) Class: 5161K(5440K)->5161K(5440K)
[2024-12-15T17:37:43.503+0700][gc          ] GC(165) Pause Young (Normal) (G1 Evacuation Pause) 359M->317M(1024M) 56.941ms
[2024-12-15T17:37:43.503+0700][gc,cpu      ] GC(165) User=0.11s Sys=0.00s Real=0.05s
[2024-12-15T17:39:43.696+0700][gc,start    ] GC(166) Pause Young (Normal) (G1 Evacuation Pause)
[2024-12-15T17:39:43.697+0700][gc,task     ] GC(166) Using 2 workers of 2 for evacuation
[2024-12-15T17:39:43.746+0700][gc,mmu      ] GC(166) MMU target violated: 21.0ms (20.0ms/21.0ms)
[2024-12-15T17:39:43.746+0700][gc,phases   ] GC(166)   Pre Evacuate Collection Set: 3.2ms
[2024-12-15T17:39:43.746+0700][gc,phases   ] GC(166)   Merge Heap Roots: 1.2ms
[2024-12-15T17:39:43.746+0700][gc,phases   ] GC(166)   Evacuate Collection Set: 40.6ms
[2024-12-15T17:39:43.746+0700][gc,phases   ] GC(166)   Post Evacuate Collection Set: 3.8ms
[2024-12-15T17:39:43.746+0700][gc,phases   ] GC(166)   Other: 1.5ms
[2024-12-15T17:39:43.747+0700][gc,heap     ] GC(166) Eden regions: 46->0(48)
[2024-12-15T17:39:43.747+0700][gc,heap     ] GC(166) Survivor regions: 5->3(7)
[2024-12-15T17:39:43.747+0700][gc,heap     ] GC(166) Old regions: 183->185
[2024-12-15T17:39:43.747+0700][gc,heap     ] GC(166) Archive regions: 2->2
[2024-12-15T17:39:43.747+0700][gc,heap     ] GC(166) Humongous regions: 129->129
[2024-12-15T17:39:43.747+0700][gc,metaspace] GC(166) Metaspace: 44419K(44992K)->44419K(44992K) NonClass: 39257K(39552K)->39257K(39552K) Class: 5161K(5440K)->5161K(5440K)
[2024-12-15T17:39:43.747+0700][gc          ] GC(166) Pause Young (Normal) (G1 Evacuation Pause) 363M->317M(1024M) 50.378ms
[2024-12-15T17:39:43.747+0700][gc,cpu      ] GC(166) User=0.08s Sys=0.00s Real=0.05s
[2024-12-15T17:41:47.439+0700][gc,start    ] GC(167) Pause Young (Normal) (G1 Evacuation Pause)
[2024-12-15T17:41:47.439+0700][gc,task     ] GC(167) Using 2 workers of 2 for evacuation
[2024-12-15T17:41:47.493+0700][gc,mmu      ] GC(167) MMU target violated: 21.0ms (20.0ms/21.0ms)
[2024-12-15T17:41:47.493+0700][gc,phases   ] GC(167)   Pre Evacuate Collection Set: 3.1ms
[2024-12-15T17:41:47.493+0700][gc,phases   ] GC(167)   Merge Heap Roots: 1.0ms
[2024-12-15T17:41:47.493+0700][gc,phases   ] GC(167)   Evacuate Collection Set: 46.0ms
[2024-12-15T17:41:47.493+0700][gc,phases   ] GC(167)   Post Evacuate Collection Set: 3.3ms
[2024-12-15T17:41:47.493+0700][gc,phases   ] GC(167)   Other: 1.4ms
[2024-12-15T17:41:47.494+0700][gc,heap     ] GC(167) Eden regions: 48->0(45)
[2024-12-15T17:41:47.494+0700][gc,heap     ] GC(167) Survivor regions: 3->6(7)
[2024-12-15T17:41:47.494+0700][gc,heap     ] GC(167) Old regions: 185->185
[2024-12-15T17:41:47.494+0700][gc,heap     ] GC(167) Archive regions: 2->2
[2024-12-15T17:41:47.494+0700][gc,heap     ] GC(167) Humongous regions: 129->129
[2024-12-15T17:41:47.494+0700][gc,metaspace] GC(167) Metaspace: 44492K(45120K)->44492K(45120K) NonClass: 39331K(39680K)->39331K(39680K) Class: 5161K(5440K)->5161K(5440K)
[2024-12-15T17:41:47.494+0700][gc          ] GC(167) Pause Young (Normal) (G1 Evacuation Pause) 365M->320M(1024M) 55.196ms
[2024-12-15T17:41:47.494+0700][gc,cpu      ] GC(167) User=0.10s Sys=0.00s Real=0.06s
[2024-12-15T17:43:35.607+0700][gc,start    ] GC(168) Pause Young (Normal) (G1 Evacuation Pause)
[2024-12-15T17:43:35.607+0700][gc,task     ] GC(168) Using 2 workers of 2 for evacuation
[2024-12-15T17:43:35.666+0700][gc,mmu      ] GC(168) MMU target violated: 21.0ms (20.0ms/21.0ms)
[2024-12-15T17:43:35.666+0700][gc,phases   ] GC(168)   Pre Evacuate Collection Set: 2.6ms
[2024-12-15T17:43:35.666+0700][gc,phases   ] GC(168)   Merge Heap Roots: 0.9ms
[2024-12-15T17:43:35.666+0700][gc,phases   ] GC(168)   Evacuate Collection Set: 51.5ms
[2024-12-15T17:43:35.666+0700][gc,phases   ] GC(168)   Post Evacuate Collection Set: 2.6ms
[2024-12-15T17:43:35.666+0700][gc,phases   ] GC(168)   Other: 1.3ms
[2024-12-15T17:43:35.666+0700][gc,heap     ] GC(168) Eden regions: 45->0(45)
[2024-12-15T17:43:35.666+0700][gc,heap     ] GC(168) Survivor regions: 6->6(7)
[2024-12-15T17:43:35.666+0700][gc,heap     ] GC(168) Old regions: 185->187
[2024-12-15T17:43:35.666+0700][gc,heap     ] GC(168) Archive regions: 2->2
[2024-12-15T17:43:35.666+0700][gc,heap     ] GC(168) Humongous regions: 129->129
[2024-12-15T17:43:35.666+0700][gc,metaspace] GC(168) Metaspace: 44492K(45120K)->44492K(45120K) NonClass: 39331K(39680K)->39331K(39680K) Class: 5161K(5440K)->5161K(5440K)
[2024-12-15T17:43:35.666+0700][gc          ] GC(168) Pause Young (Normal) (G1 Evacuation Pause) 365M->322M(1024M) 58.907ms
[2024-12-15T17:43:35.666+0700][gc,cpu      ] GC(168) User=0.11s Sys=0.00s Real=0.06s
[2024-12-15T17:45:22.778+0700][gc,start    ] GC(169) Pause Young (Normal) (G1 Evacuation Pause)
[2024-12-15T17:45:22.778+0700][gc,task     ] GC(169) Using 2 workers of 2 for evacuation
[2024-12-15T17:45:22.838+0700][gc,mmu      ] GC(169) MMU target violated: 21.0ms (20.0ms/21.0ms)
[2024-12-15T17:45:22.838+0700][gc,phases   ] GC(169)   Pre Evacuate Collection Set: 3.3ms
[2024-12-15T17:45:22.838+0700][gc,phases   ] GC(169)   Merge Heap Roots: 0.6ms
[2024-12-15T17:45:22.838+0700][gc,phases   ] GC(169)   Evacuate Collection Set: 53.0ms
[2024-12-15T17:45:22.838+0700][gc,phases   ] GC(169)   Post Evacuate Collection Set: 2.4ms
[2024-12-15T17:45:22.838+0700][gc,phases   ] GC(169)   Other: 1.3ms
[2024-12-15T17:45:22.838+0700][gc,heap     ] GC(169) Eden regions: 45->0(46)
[2024-12-15T17:45:22.839+0700][gc,heap     ] GC(169) Survivor regions: 6->5(7)
[2024-12-15T17:45:22.839+0700][gc,heap     ] GC(169) Old regions: 187->191
[2024-12-15T17:45:22.839+0700][gc,heap     ] GC(169) Archive regions: 2->2
[2024-12-15T17:45:22.839+0700][gc,heap     ] GC(169) Humongous regions: 129->129
[2024-12-15T17:45:22.839+0700][gc,metaspace] GC(169) Metaspace: 44492K(45120K)->44492K(45120K) NonClass: 39331K(39680K)->39331K(39680K) Class: 5161K(5440K)->5161K(5440K)
[2024-12-15T17:45:22.839+0700][gc          ] GC(169) Pause Young (Normal) (G1 Evacuation Pause) 367M->325M(1024M) 60.492ms
[2024-12-15T17:45:22.839+0700][gc,cpu      ] GC(169) User=0.11s Sys=0.00s Real=0.06s
[2024-12-15T17:47:05.910+0700][gc,start    ] GC(170) Pause Young (Normal) (G1 Evacuation Pause)
[2024-12-15T17:47:05.910+0700][gc,task     ] GC(170) Using 2 workers of 2 for evacuation
[2024-12-15T17:47:05.960+0700][gc,mmu      ] GC(170) MMU target violated: 21.0ms (20.0ms/21.0ms)
[2024-12-15T17:47:05.961+0700][gc,phases   ] GC(170)   Pre Evacuate Collection Set: 2.5ms
[2024-12-15T17:47:05.961+0700][gc,phases   ] GC(170)   Merge Heap Roots: 0.7ms
[2024-12-15T17:47:05.961+0700][gc,phases   ] GC(170)   Evacuate Collection Set: 43.0ms
[2024-12-15T17:47:05.961+0700][gc,phases   ] GC(170)   Post Evacuate Collection Set: 3.7ms
[2024-12-15T17:47:05.961+0700][gc,phases   ] GC(170)   Other: 1.4ms
[2024-12-15T17:47:05.961+0700][gc,heap     ] GC(170) Eden regions: 46->0(47)
[2024-12-15T17:47:05.961+0700][gc,heap     ] GC(170) Survivor regions: 5->4(7)
[2024-12-15T17:47:05.961+0700][gc,heap     ] GC(170) Old regions: 191->193
[2024-12-15T17:47:05.961+0700][gc,heap     ] GC(170) Archive regions: 2->2
[2024-12-15T17:47:05.961+0700][gc,heap     ] GC(170) Humongous regions: 129->129
[2024-12-15T17:47:05.961+0700][gc,metaspace] GC(170) Metaspace: 44492K(45120K)->44492K(45120K) NonClass: 39331K(39680K)->39331K(39680K) Class: 5161K(5440K)->5161K(5440K)
[2024-12-15T17:47:05.961+0700][gc          ] GC(170) Pause Young (Normal) (G1 Evacuation Pause) 371M->326M(1024M) 51.459ms
[2024-12-15T17:47:05.961+0700][gc,cpu      ] GC(170) User=0.10s Sys=0.01s Real=0.05s
[2024-12-15T17:48:54.944+0700][gc,start    ] GC(171) Pause Young (Normal) (G1 Evacuation Pause)
[2024-12-15T17:48:54.944+0700][gc,task     ] GC(171) Using 2 workers of 2 for evacuation
[2024-12-15T17:48:54.985+0700][gc,mmu      ] GC(171) MMU target violated: 21.0ms (20.0ms/21.0ms)
[2024-12-15T17:48:54.985+0700][gc,phases   ] GC(171)   Pre Evacuate Collection Set: 2.6ms
[2024-12-15T17:48:54.985+0700][gc,phases   ] GC(171)   Merge Heap Roots: 0.6ms
[2024-12-15T17:48:54.986+0700][gc,phases   ] GC(171)   Evacuate Collection Set: 34.7ms
[2024-12-15T17:48:54.986+0700][gc,phases   ] GC(171)   Post Evacuate Collection Set: 3.0ms
[2024-12-15T17:48:54.986+0700][gc,phases   ] GC(171)   Other: 1.2ms
[2024-12-15T17:48:54.986+0700][gc,heap     ] GC(171) Eden regions: 47->0(48)
[2024-12-15T17:48:54.986+0700][gc,heap     ] GC(171) Survivor regions: 4->3(7)
[2024-12-15T17:48:54.986+0700][gc,heap     ] GC(171) Old regions: 193->196
[2024-12-15T17:48:54.986+0700][gc,heap     ] GC(171) Archive regions: 2->2
[2024-12-15T17:48:54.986+0700][gc,heap     ] GC(171) Humongous regions: 129->129
[2024-12-15T17:48:54.986+0700][gc,metaspace] GC(171) Metaspace: 44503K(45120K)->44503K(45120K) NonClass: 39340K(39680K)->39340K(39680K) Class: 5162K(5440K)->5162K(5440K)
[2024-12-15T17:48:54.986+0700][gc          ] GC(171) Pause Young (Normal) (G1 Evacuation Pause) 373M->328M(1024M) 42.074ms
[2024-12-15T17:48:54.986+0700][gc,cpu      ] GC(171) User=0.08s Sys=0.00s Real=0.05s
[2024-12-15T17:50:48.058+0700][gc,start    ] GC(172) Pause Young (Normal) (G1 Evacuation Pause)
[2024-12-15T17:50:48.059+0700][gc,task     ] GC(172) Using 2 workers of 2 for evacuation
[2024-12-15T17:50:48.105+0700][gc,mmu      ] GC(172) MMU target violated: 21.0ms (20.0ms/21.0ms)
[2024-12-15T17:50:48.105+0700][gc,phases   ] GC(172)   Pre Evacuate Collection Set: 2.6ms
[2024-12-15T17:50:48.105+0700][gc,phases   ] GC(172)   Merge Heap Roots: 0.6ms
[2024-12-15T17:50:48.105+0700][gc,phases   ] GC(172)   Evacuate Collection Set: 40.4ms
[2024-12-15T17:50:48.105+0700][gc,phases   ] GC(172)   Post Evacuate Collection Set: 2.7ms
[2024-12-15T17:50:48.106+0700][gc,phases   ] GC(172)   Other: 1.2ms
[2024-12-15T17:50:48.106+0700][gc,heap     ] GC(172) Eden regions: 48->0(44)
[2024-12-15T17:50:48.106+0700][gc,heap     ] GC(172) Survivor regions: 3->7(7)
[2024-12-15T17:50:48.106+0700][gc,heap     ] GC(172) Old regions: 196->196
[2024-12-15T17:50:48.106+0700][gc,heap     ] GC(172) Archive regions: 2->2
[2024-12-15T17:50:48.106+0700][gc,heap     ] GC(172) Humongous regions: 129->129
[2024-12-15T17:50:48.106+0700][gc,metaspace] GC(172) Metaspace: 44509K(45120K)->44509K(45120K) NonClass: 39346K(39680K)->39346K(39680K) Class: 5162K(5440K)->5162K(5440K)
[2024-12-15T17:50:48.106+0700][gc          ] GC(172) Pause Young (Normal) (G1 Evacuation Pause) 376M->331M(1024M) 47.546ms
[2024-12-15T17:50:48.106+0700][gc,cpu      ] GC(172) User=0.08s Sys=0.00s Real=0.05s
[2024-12-15T17:52:32.941+0700][gc,start    ] GC(173) Pause Young (Normal) (G1 Evacuation Pause)
[2024-12-15T17:52:32.942+0700][gc,task     ] GC(173) Using 2 workers of 2 for evacuation
[2024-12-15T17:52:32.991+0700][gc,mmu      ] GC(173) MMU target violated: 21.0ms (20.0ms/21.0ms)
[2024-12-15T17:52:32.991+0700][gc,phases   ] GC(173)   Pre Evacuate Collection Set: 2.4ms
[2024-12-15T17:52:32.991+0700][gc,phases   ] GC(173)   Merge Heap Roots: 0.7ms
[2024-12-15T17:52:32.991+0700][gc,phases   ] GC(173)   Evacuate Collection Set: 43.2ms
[2024-12-15T17:52:32.991+0700][gc,phases   ] GC(173)   Post Evacuate Collection Set: 2.3ms
[2024-12-15T17:52:32.991+0700][gc,phases   ] GC(173)   Other: 1.0ms
[2024-12-15T17:52:32.991+0700][gc,heap     ] GC(173) Eden regions: 44->0(48)
[2024-12-15T17:52:32.991+0700][gc,heap     ] GC(173) Survivor regions: 7->3(7)
[2024-12-15T17:52:32.991+0700][gc,heap     ] GC(173) Old regions: 196->199
[2024-12-15T17:52:32.991+0700][gc,heap     ] GC(173) Archive regions: 2->2
[2024-12-15T17:52:32.991+0700][gc,heap     ] GC(173) Humongous regions: 129->129
[2024-12-15T17:52:32.991+0700][gc,metaspace] GC(173) Metaspace: 44509K(45120K)->44509K(45120K) NonClass: 39346K(39680K)->39346K(39680K) Class: 5162K(5440K)->5162K(5440K)
[2024-12-15T17:52:32.991+0700][gc          ] GC(173) Pause Young (Normal) (G1 Evacuation Pause) 375M->331M(1024M) 49.700ms
[2024-12-15T17:52:32.991+0700][gc,cpu      ] GC(173) User=0.08s Sys=0.00s Real=0.05s
[2024-12-15T17:54:27.893+0700][gc,start    ] GC(174) Pause Young (Normal) (G1 Evacuation Pause)
[2024-12-15T17:54:27.893+0700][gc,task     ] GC(174) Using 2 workers of 2 for evacuation
[2024-12-15T17:54:27.942+0700][gc,mmu      ] GC(174) MMU target violated: 21.0ms (20.0ms/21.0ms)
[2024-12-15T17:54:27.942+0700][gc,phases   ] GC(174)   Pre Evacuate Collection Set: 2.5ms
[2024-12-15T17:54:27.942+0700][gc,phases   ] GC(174)   Merge Heap Roots: 6.5ms
[2024-12-15T17:54:27.942+0700][gc,phases   ] GC(174)   Evacuate Collection Set: 35.1ms
[2024-12-15T17:54:27.942+0700][gc,phases   ] GC(174)   Post Evacuate Collection Set: 3.5ms
[2024-12-15T17:54:27.942+0700][gc,phases   ] GC(174)   Other: 1.8ms
[2024-12-15T17:54:27.942+0700][gc,heap     ] GC(174) Eden regions: 48->0(45)
[2024-12-15T17:54:27.942+0700][gc,heap     ] GC(174) Survivor regions: 3->6(7)
[2024-12-15T17:54:27.942+0700][gc,heap     ] GC(174) Old regions: 199->199
[2024-12-15T17:54:27.942+0700][gc,heap     ] GC(174) Archive regions: 2->2
[2024-12-15T17:54:27.942+0700][gc,heap     ] GC(174) Humongous regions: 129->129
[2024-12-15T17:54:27.942+0700][gc,metaspace] GC(174) Metaspace: 44509K(45120K)->44509K(45120K) NonClass: 39346K(39680K)->39346K(39680K) Class: 5162K(5440K)->5162K(5440K)
[2024-12-15T17:54:27.942+0700][gc          ] GC(174) Pause Young (Normal) (G1 Evacuation Pause) 379M->334M(1024M) 49.037ms
[2024-12-15T17:54:27.942+0700][gc,cpu      ] GC(174) User=0.09s Sys=0.00s Real=0.04s
[2024-12-15T17:56:14.939+0700][gc,start    ] GC(175) Pause Young (Normal) (G1 Evacuation Pause)
[2024-12-15T17:56:14.939+0700][gc,task     ] GC(175) Using 2 workers of 2 for evacuation
[2024-12-15T17:56:14.998+0700][gc,mmu      ] GC(175) MMU target violated: 21.0ms (20.0ms/21.0ms)
[2024-12-15T17:56:14.998+0700][gc,phases   ] GC(175)   Pre Evacuate Collection Set: 2.6ms
[2024-12-15T17:56:14.998+0700][gc,phases   ] GC(175)   Merge Heap Roots: 0.5ms
[2024-12-15T17:56:14.998+0700][gc,phases   ] GC(175)   Evacuate Collection Set: 51.9ms
[2024-12-15T17:56:14.998+0700][gc,phases   ] GC(175)   Post Evacuate Collection Set: 3.3ms
[2024-12-15T17:56:14.998+0700][gc,phases   ] GC(175)   Other: 1.0ms
[2024-12-15T17:56:14.998+0700][gc,heap     ] GC(175) Eden regions: 45->0(44)
[2024-12-15T17:56:14.998+0700][gc,heap     ] GC(175) Survivor regions: 6->7(7)
[2024-12-15T17:56:14.998+0700][gc,heap     ] GC(175) Old regions: 199->201
[2024-12-15T17:56:14.998+0700][gc,heap     ] GC(175) Archive regions: 2->2
[2024-12-15T17:56:14.998+0700][gc,heap     ] GC(175) Humongous regions: 129->129
[2024-12-15T17:56:14.998+0700][gc,metaspace] GC(175) Metaspace: 44509K(45120K)->44509K(45120K) NonClass: 39346K(39680K)->39346K(39680K) Class: 5162K(5440K)->5162K(5440K)
[2024-12-15T17:56:14.998+0700][gc          ] GC(175) Pause Young (Normal) (G1 Evacuation Pause) 379M->337M(1024M) 59.450ms
[2024-12-15T17:56:14.998+0700][gc,cpu      ] GC(175) User=0.11s Sys=0.00s Real=0.06s
[2024-12-15T17:57:59.953+0700][gc,start    ] GC(176) Pause Young (Normal) (G1 Evacuation Pause)
[2024-12-15T17:57:59.954+0700][gc,task     ] GC(176) Using 2 workers of 2 for evacuation
[2024-12-15T17:58:00.026+0700][gc,mmu      ] GC(176) MMU target violated: 21.0ms (20.0ms/21.0ms)
[2024-12-15T17:58:00.026+0700][gc,phases   ] GC(176)   Pre Evacuate Collection Set: 2.3ms
[2024-12-15T17:58:00.026+0700][gc,phases   ] GC(176)   Merge Heap Roots: 0.6ms
[2024-12-15T17:58:00.026+0700][gc,phases   ] GC(176)   Evacuate Collection Set: 65.1ms
[2024-12-15T17:58:00.026+0700][gc,phases   ] GC(176)   Post Evacuate Collection Set: 3.4ms
[2024-12-15T17:58:00.026+0700][gc,phases   ] GC(176)   Other: 1.3ms
[2024-12-15T17:58:00.026+0700][gc,heap     ] GC(176) Eden regions: 44->0(46)
[2024-12-15T17:58:00.026+0700][gc,heap     ] GC(176) Survivor regions: 7->5(7)
[2024-12-15T17:58:00.026+0700][gc,heap     ] GC(176) Old regions: 201->205
[2024-12-15T17:58:00.026+0700][gc,heap     ] GC(176) Archive regions: 2->2
[2024-12-15T17:58:00.026+0700][gc,heap     ] GC(176) Humongous regions: 129->129
[2024-12-15T17:58:00.026+0700][gc,metaspace] GC(176) Metaspace: 44510K(45120K)->44510K(45120K) NonClass: 39347K(39680K)->39347K(39680K) Class: 5162K(5440K)->5162K(5440K)
[2024-12-15T17:58:00.026+0700][gc          ] GC(176) Pause Young (Normal) (G1 Evacuation Pause) 381M->339M(1024M) 72.849ms
[2024-12-15T17:58:00.027+0700][gc,cpu      ] GC(176) User=0.13s Sys=0.00s Real=0.07s
[2024-12-15T17:59:49.911+0700][gc,start    ] GC(177) Pause Young (Normal) (G1 Evacuation Pause)
[2024-12-15T17:59:49.911+0700][gc,task     ] GC(177) Using 2 workers of 2 for evacuation
[2024-12-15T17:59:49.947+0700][gc,mmu      ] GC(177) MMU target violated: 21.0ms (20.0ms/21.0ms)
[2024-12-15T17:59:49.947+0700][gc,phases   ] GC(177)   Pre Evacuate Collection Set: 2.5ms
[2024-12-15T17:59:49.947+0700][gc,phases   ] GC(177)   Merge Heap Roots: 0.6ms
[2024-12-15T17:59:49.947+0700][gc,phases   ] GC(177)   Evacuate Collection Set: 29.7ms
[2024-12-15T17:59:49.947+0700][gc,phases   ] GC(177)   Post Evacuate Collection Set: 2.2ms
[2024-12-15T17:59:49.947+0700][gc,phases   ] GC(177)   Other: 1.2ms
[2024-12-15T17:59:49.947+0700][gc,heap     ] GC(177) Eden regions: 46->0(48)
[2024-12-15T17:59:49.947+0700][gc,heap     ] GC(177) Survivor regions: 5->3(7)
[2024-12-15T17:59:49.947+0700][gc,heap     ] GC(177) Old regions: 205->208
[2024-12-15T17:59:49.947+0700][gc,heap     ] GC(177) Archive regions: 2->2
[2024-12-15T17:59:49.947+0700][gc,heap     ] GC(177) Humongous regions: 129->129
[2024-12-15T17:59:49.947+0700][gc,metaspace] GC(177) Metaspace: 44510K(45120K)->44510K(45120K) NonClass: 39347K(39680K)->39347K(39680K) Class: 5162K(5440K)->5162K(5440K)
[2024-12-15T17:59:49.947+0700][gc          ] GC(177) Pause Young (Normal) (G1 Evacuation Pause) 385M->340M(1024M) 36.076ms
[2024-12-15T17:59:49.947+0700][gc,cpu      ] GC(177) User=0.07s Sys=0.00s Real=0.04s
[2024-12-15T18:01:50.842+0700][gc,start    ] GC(178) Pause Young (Normal) (G1 Evacuation Pause)
[2024-12-15T18:01:50.842+0700][gc,task     ] GC(178) Using 2 workers of 2 for evacuation
[2024-12-15T18:01:50.894+0700][gc,mmu      ] GC(178) MMU target violated: 21.0ms (20.0ms/21.0ms)
[2024-12-15T18:01:50.894+0700][gc,phases   ] GC(178)   Pre Evacuate Collection Set: 2.7ms
[2024-12-15T18:01:50.894+0700][gc,phases   ] GC(178)   Merge Heap Roots: 0.8ms
[2024-12-15T18:01:50.894+0700][gc,phases   ] GC(178)   Evacuate Collection Set: 46.7ms
[2024-12-15T18:01:50.895+0700][gc,phases   ] GC(178)   Post Evacuate Collection Set: 2.0ms
[2024-12-15T18:01:50.895+0700][gc,phases   ] GC(178)   Other: 0.8ms
[2024-12-15T18:01:50.895+0700][gc,heap     ] GC(178) Eden regions: 48->0(45)
[2024-12-15T18:01:50.895+0700][gc,heap     ] GC(178) Survivor regions: 3->6(7)
[2024-12-15T18:01:50.895+0700][gc,heap     ] GC(178) Old regions: 208->208
[2024-12-15T18:01:50.895+0700][gc,heap     ] GC(178) Archive regions: 2->2
[2024-12-15T18:01:50.895+0700][gc,heap     ] GC(178) Humongous regions: 129->129
[2024-12-15T18:01:50.895+0700][gc,metaspace] GC(178) Metaspace: 44542K(45184K)->44542K(45184K) NonClass: 39378K(39744K)->39378K(39744K) Class: 5163K(5440K)->5163K(5440K)
[2024-12-15T18:01:50.895+0700][gc          ] GC(178) Pause Young (Normal) (G1 Evacuation Pause) 388M->342M(1024M) 53.051ms
[2024-12-15T18:01:50.895+0700][gc,cpu      ] GC(178) User=0.10s Sys=0.00s Real=0.06s
[2024-12-15T18:03:38.310+0700][gc,start    ] GC(179) Pause Young (Normal) (G1 Evacuation Pause)
[2024-12-15T18:03:38.311+0700][gc,task     ] GC(179) Using 2 workers of 2 for evacuation
[2024-12-15T18:03:38.377+0700][gc,mmu      ] GC(179) MMU target violated: 21.0ms (20.0ms/21.0ms)
[2024-12-15T18:03:38.377+0700][gc,phases   ] GC(179)   Pre Evacuate Collection Set: 3.4ms
[2024-12-15T18:03:38.377+0700][gc,phases   ] GC(179)   Merge Heap Roots: 1.1ms
[2024-12-15T18:03:38.377+0700][gc,phases   ] GC(179)   Evacuate Collection Set: 59.0ms
[2024-12-15T18:03:38.378+0700][gc,phases   ] GC(179)   Post Evacuate Collection Set: 2.6ms
[2024-12-15T18:03:38.378+0700][gc,phases   ] GC(179)   Other: 1.5ms
[2024-12-15T18:03:38.378+0700][gc,heap     ] GC(179) Eden regions: 45->0(44)
[2024-12-15T18:03:38.378+0700][gc,heap     ] GC(179) Survivor regions: 6->7(7)
[2024-12-15T18:03:38.378+0700][gc,heap     ] GC(179) Old regions: 208->210
[2024-12-15T18:03:38.378+0700][gc,heap     ] GC(179) Archive regions: 2->2
[2024-12-15T18:03:38.378+0700][gc,heap     ] GC(179) Humongous regions: 129->129
[2024-12-15T18:03:38.378+0700][gc,metaspace] GC(179) Metaspace: 44542K(45184K)->44542K(45184K) NonClass: 39378K(39744K)->39378K(39744K) Class: 5163K(5440K)->5163K(5440K)
[2024-12-15T18:03:38.378+0700][gc          ] GC(179) Pause Young (Normal) (G1 Evacuation Pause) 387M->346M(1024M) 67.532ms
[2024-12-15T18:03:38.378+0700][gc,cpu      ] GC(179) User=0.13s Sys=0.00s Real=0.07s
[2024-12-15T18:05:23.443+0700][gc,start    ] GC(180) Pause Young (Normal) (G1 Evacuation Pause)
[2024-12-15T18:05:23.443+0700][gc,task     ] GC(180) Using 2 workers of 2 for evacuation
[2024-12-15T18:05:23.496+0700][gc,mmu      ] GC(180) MMU target violated: 21.0ms (20.0ms/21.0ms)
[2024-12-15T18:05:23.497+0700][gc,phases   ] GC(180)   Pre Evacuate Collection Set: 3.2ms
[2024-12-15T18:05:23.497+0700][gc,phases   ] GC(180)   Merge Heap Roots: 1.5ms
[2024-12-15T18:05:23.497+0700][gc,phases   ] GC(180)   Evacuate Collection Set: 44.7ms
[2024-12-15T18:05:23.497+0700][gc,phases   ] GC(180)   Post Evacuate Collection Set: 3.1ms
[2024-12-15T18:05:23.497+0700][gc,phases   ] GC(180)   Other: 1.8ms
[2024-12-15T18:05:23.497+0700][gc,heap     ] GC(180) Eden regions: 44->0(48)
[2024-12-15T18:05:23.497+0700][gc,heap     ] GC(180) Survivor regions: 7->3(7)
[2024-12-15T18:05:23.497+0700][gc,heap     ] GC(180) Old regions: 210->214
[2024-12-15T18:05:23.497+0700][gc,heap     ] GC(180) Archive regions: 2->2
[2024-12-15T18:05:23.497+0700][gc,heap     ] GC(180) Humongous regions: 129->129
[2024-12-15T18:05:23.497+0700][gc,metaspace] GC(180) Metaspace: 44542K(45184K)->44542K(45184K) NonClass: 39378K(39744K)->39378K(39744K) Class: 5163K(5440K)->5163K(5440K)
[2024-12-15T18:05:23.497+0700][gc          ] GC(180) Pause Young (Normal) (G1 Evacuation Pause) 390M->346M(1024M) 54.011ms
[2024-12-15T18:05:23.497+0700][gc,cpu      ] GC(180) User=0.10s Sys=0.00s Real=0.06s
[2024-12-15T18:07:18.581+0700][gc,start    ] GC(181) Pause Young (Normal) (G1 Evacuation Pause)
[2024-12-15T18:07:18.582+0700][gc,task     ] GC(181) Using 2 workers of 2 for evacuation
[2024-12-15T18:07:18.624+0700][gc,mmu      ] GC(181) MMU target violated: 21.0ms (20.0ms/21.0ms)
[2024-12-15T18:07:18.624+0700][gc,phases   ] GC(181)   Pre Evacuate Collection Set: 4.1ms
[2024-12-15T18:07:18.624+0700][gc,phases   ] GC(181)   Merge Heap Roots: 0.7ms
[2024-12-15T18:07:18.624+0700][gc,phases   ] GC(181)   Evacuate Collection Set: 34.4ms
[2024-12-15T18:07:18.624+0700][gc,phases   ] GC(181)   Post Evacuate Collection Set: 2.6ms
[2024-12-15T18:07:18.624+0700][gc,phases   ] GC(181)   Other: 1.4ms
[2024-12-15T18:07:18.625+0700][gc,heap     ] GC(181) Eden regions: 48->0(45)
[2024-12-15T18:07:18.625+0700][gc,heap     ] GC(181) Survivor regions: 3->6(7)
[2024-12-15T18:07:18.625+0700][gc,heap     ] GC(181) Old regions: 214->214
[2024-12-15T18:07:18.625+0700][gc,heap     ] GC(181) Archive regions: 2->2
[2024-12-15T18:07:18.625+0700][gc,heap     ] GC(181) Humongous regions: 129->129
[2024-12-15T18:07:18.625+0700][gc,metaspace] GC(181) Metaspace: 44542K(45184K)->44542K(45184K) NonClass: 39378K(39744K)->39378K(39744K) Class: 5163K(5440K)->5163K(5440K)
[2024-12-15T18:07:18.625+0700][gc          ] GC(181) Pause Young (Normal) (G1 Evacuation Pause) 394M->349M(1024M) 43.364ms
[2024-12-15T18:07:18.625+0700][gc,cpu      ] GC(181) User=0.08s Sys=0.00s Real=0.05s
[2024-12-15T18:09:02.539+0700][gc,start    ] GC(182) Pause Young (Normal) (G1 Evacuation Pause)
[2024-12-15T18:09:02.540+0700][gc,task     ] GC(182) Using 2 workers of 2 for evacuation
[2024-12-15T18:09:02.597+0700][gc,mmu      ] GC(182) MMU target violated: 21.0ms (20.0ms/21.0ms)
[2024-12-15T18:09:02.598+0700][gc,phases   ] GC(182)   Pre Evacuate Collection Set: 2.8ms
[2024-12-15T18:09:02.598+0700][gc,phases   ] GC(182)   Merge Heap Roots: 0.6ms
[2024-12-15T18:09:02.598+0700][gc,phases   ] GC(182)   Evacuate Collection Set: 51.0ms
[2024-12-15T18:09:02.598+0700][gc,phases   ] GC(182)   Post Evacuate Collection Set: 2.9ms
[2024-12-15T18:09:02.598+0700][gc,phases   ] GC(182)   Other: 1.3ms
[2024-12-15T18:09:02.598+0700][gc,heap     ] GC(182) Eden regions: 45->0(44)
[2024-12-15T18:09:02.598+0700][gc,heap     ] GC(182) Survivor regions: 6->7(7)
[2024-12-15T18:09:02.598+0700][gc,heap     ] GC(182) Old regions: 214->216
[2024-12-15T18:09:02.598+0700][gc,heap     ] GC(182) Archive regions: 2->2
[2024-12-15T18:09:02.598+0700][gc,heap     ] GC(182) Humongous regions: 129->129
[2024-12-15T18:09:02.598+0700][gc,metaspace] GC(182) Metaspace: 44543K(45184K)->44543K(45184K) NonClass: 39379K(39744K)->39379K(39744K) Class: 5163K(5440K)->5163K(5440K)
[2024-12-15T18:09:02.598+0700][gc          ] GC(182) Pause Young (Normal) (G1 Evacuation Pause) 394M->352M(1024M) 58.577ms
[2024-12-15T18:09:02.598+0700][gc,cpu      ] GC(182) User=0.10s Sys=0.01s Real=0.06s
[2024-12-15T18:10:40.083+0700][gc,start    ] GC(183) Pause Young (Normal) (G1 Evacuation Pause)
[2024-12-15T18:10:40.083+0700][gc,task     ] GC(183) Using 2 workers of 2 for evacuation
[2024-12-15T18:10:40.154+0700][gc,mmu      ] GC(183) MMU target violated: 21.0ms (20.0ms/21.0ms)
[2024-12-15T18:10:40.154+0700][gc,phases   ] GC(183)   Pre Evacuate Collection Set: 5.4ms
[2024-12-15T18:10:40.154+0700][gc,phases   ] GC(183)   Merge Heap Roots: 1.3ms
[2024-12-15T18:10:40.154+0700][gc,phases   ] GC(183)   Evacuate Collection Set: 60.0ms
[2024-12-15T18:10:40.154+0700][gc,phases   ] GC(183)   Post Evacuate Collection Set: 3.4ms
[2024-12-15T18:10:40.154+0700][gc,phases   ] GC(183)   Other: 1.5ms
[2024-12-15T18:10:40.154+0700][gc,heap     ] GC(183) Eden regions: 44->0(48)
[2024-12-15T18:10:40.154+0700][gc,heap     ] GC(183) Survivor regions: 7->3(7)
[2024-12-15T18:10:40.154+0700][gc,heap     ] GC(183) Old regions: 216->220
[2024-12-15T18:10:40.154+0700][gc,heap     ] GC(183) Archive regions: 2->2
[2024-12-15T18:10:40.154+0700][gc,heap     ] GC(183) Humongous regions: 129->129
[2024-12-15T18:10:40.154+0700][gc,metaspace] GC(183) Metaspace: 44544K(45184K)->44544K(45184K) NonClass: 39380K(39744K)->39380K(39744K) Class: 5163K(5440K)->5163K(5440K)
[2024-12-15T18:10:40.154+0700][gc          ] GC(183) Pause Young (Normal) (G1 Evacuation Pause) 396M->352M(1024M) 71.496ms
[2024-12-15T18:10:40.154+0700][gc,cpu      ] GC(183) User=0.14s Sys=0.00s Real=0.08s
[2024-12-15T18:12:27.210+0700][gc,start    ] GC(184) Pause Young (Normal) (G1 Evacuation Pause)
[2024-12-15T18:12:27.210+0700][gc,task     ] GC(184) Using 2 workers of 2 for evacuation
[2024-12-15T18:12:27.268+0700][gc,mmu      ] GC(184) MMU target violated: 21.0ms (20.0ms/21.0ms)
[2024-12-15T18:12:27.268+0700][gc,phases   ] GC(184)   Pre Evacuate Collection Set: 2.8ms
[2024-12-15T18:12:27.269+0700][gc,phases   ] GC(184)   Merge Heap Roots: 0.6ms
[2024-12-15T18:12:27.269+0700][gc,phases   ] GC(184)   Evacuate Collection Set: 49.5ms
[2024-12-15T18:12:27.269+0700][gc,phases   ] GC(184)   Post Evacuate Collection Set: 4.2ms
[2024-12-15T18:12:27.269+0700][gc,phases   ] GC(184)   Other: 1.5ms
[2024-12-15T18:12:27.269+0700][gc,heap     ] GC(184) Eden regions: 48->0(44)
[2024-12-15T18:12:27.269+0700][gc,heap     ] GC(184) Survivor regions: 3->7(7)
[2024-12-15T18:12:27.269+0700][gc,heap     ] GC(184) Old regions: 220->220
[2024-12-15T18:12:27.269+0700][gc,heap     ] GC(184) Archive regions: 2->2
[2024-12-15T18:12:27.269+0700][gc,heap     ] GC(184) Humongous regions: 129->129
[2024-12-15T18:12:27.269+0700][gc,metaspace] GC(184) Metaspace: 44544K(45184K)->44544K(45184K) NonClass: 39380K(39744K)->39380K(39744K) Class: 5163K(5440K)->5163K(5440K)
[2024-12-15T18:12:27.269+0700][gc          ] GC(184) Pause Young (Normal) (G1 Evacuation Pause) 400M->356M(1024M) 58.970ms
[2024-12-15T18:12:27.269+0700][gc,cpu      ] GC(184) User=0.11s Sys=0.00s Real=0.06s
[2024-12-15T18:14:00.266+0700][gc,start    ] GC(185) Pause Young (Normal) (G1 Evacuation Pause)
[2024-12-15T18:14:00.266+0700][gc,task     ] GC(185) Using 2 workers of 2 for evacuation
[2024-12-15T18:14:00.337+0700][gc,mmu      ] GC(185) MMU target violated: 21.0ms (20.0ms/21.0ms)
[2024-12-15T18:14:00.337+0700][gc,phases   ] GC(185)   Pre Evacuate Collection Set: 3.6ms
[2024-12-15T18:14:00.337+0700][gc,phases   ] GC(185)   Merge Heap Roots: 1.3ms
[2024-12-15T18:14:00.337+0700][gc,phases   ] GC(185)   Evacuate Collection Set: 62.3ms
[2024-12-15T18:14:00.337+0700][gc,phases   ] GC(185)   Post Evacuate Collection Set: 3.2ms
[2024-12-15T18:14:00.337+0700][gc,phases   ] GC(185)   Other: 5.6ms
[2024-12-15T18:14:00.337+0700][gc,heap     ] GC(185) Eden regions: 44->0(45)
[2024-12-15T18:14:00.337+0700][gc,heap     ] GC(185) Survivor regions: 7->6(7)
[2024-12-15T18:14:00.337+0700][gc,heap     ] GC(185) Old regions: 220->224
[2024-12-15T18:14:00.337+0700][gc,heap     ] GC(185) Archive regions: 2->2
[2024-12-15T18:14:00.337+0700][gc,heap     ] GC(185) Humongous regions: 129->129
[2024-12-15T18:14:00.337+0700][gc,metaspace] GC(185) Metaspace: 44561K(45184K)->44561K(45184K) NonClass: 39397K(39744K)->39397K(39744K) Class: 5163K(5440K)->5163K(5440K)
[2024-12-15T18:14:00.338+0700][gc          ] GC(185) Pause Young (Normal) (G1 Evacuation Pause) 400M->359M(1024M) 71.497ms
[2024-12-15T18:14:00.338+0700][gc,cpu      ] GC(185) User=0.14s Sys=0.00s Real=0.07s
[2024-12-15T18:15:39.791+0700][gc,start    ] GC(186) Pause Young (Normal) (G1 Evacuation Pause)
[2024-12-15T18:15:39.791+0700][gc,task     ] GC(186) Using 2 workers of 2 for evacuation
[2024-12-15T18:15:39.836+0700][gc,mmu      ] GC(186) MMU target violated: 21.0ms (20.0ms/21.0ms)
[2024-12-15T18:15:39.836+0700][gc,phases   ] GC(186)   Pre Evacuate Collection Set: 2.6ms
[2024-12-15T18:15:39.836+0700][gc,phases   ] GC(186)   Merge Heap Roots: 1.2ms
[2024-12-15T18:15:39.836+0700][gc,phases   ] GC(186)   Evacuate Collection Set: 37.2ms
[2024-12-15T18:15:39.836+0700][gc,phases   ] GC(186)   Post Evacuate Collection Set: 3.1ms
[2024-12-15T18:15:39.836+0700][gc,phases   ] GC(186)   Other: 1.4ms
[2024-12-15T18:15:39.836+0700][gc,heap     ] GC(186) Eden regions: 45->0(47)
[2024-12-15T18:15:39.836+0700][gc,heap     ] GC(186) Survivor regions: 6->4(7)
[2024-12-15T18:15:39.836+0700][gc,heap     ] GC(186) Old regions: 224->227
[2024-12-15T18:15:39.836+0700][gc,heap     ] GC(186) Archive regions: 2->2
[2024-12-15T18:15:39.836+0700][gc,heap     ] GC(186) Humongous regions: 129->129
[2024-12-15T18:15:39.836+0700][gc,metaspace] GC(186) Metaspace: 44561K(45184K)->44561K(45184K) NonClass: 39397K(39744K)->39397K(39744K) Class: 5163K(5440K)->5163K(5440K)
[2024-12-15T18:15:39.836+0700][gc          ] GC(186) Pause Young (Normal) (G1 Evacuation Pause) 404M->360M(1024M) 45.369ms
[2024-12-15T18:15:39.836+0700][gc,cpu      ] GC(186) User=0.08s Sys=0.01s Real=0.05s
[2024-12-15T18:17:24.172+0700][gc,start    ] GC(187) Pause Young (Normal) (G1 Evacuation Pause)
[2024-12-15T18:17:24.173+0700][gc,task     ] GC(187) Using 2 workers of 2 for evacuation
[2024-12-15T18:17:24.227+0700][gc,mmu      ] GC(187) MMU target violated: 21.0ms (20.0ms/21.0ms)
[2024-12-15T18:17:24.227+0700][gc,phases   ] GC(187)   Pre Evacuate Collection Set: 2.5ms
[2024-12-15T18:17:24.227+0700][gc,phases   ] GC(187)   Merge Heap Roots: 0.6ms
[2024-12-15T18:17:24.227+0700][gc,phases   ] GC(187)   Evacuate Collection Set: 47.8ms
[2024-12-15T18:17:24.227+0700][gc,phases   ] GC(187)   Post Evacuate Collection Set: 2.3ms
[2024-12-15T18:17:24.227+0700][gc,phases   ] GC(187)   Other: 1.6ms
[2024-12-15T18:17:24.227+0700][gc,heap     ] GC(187) Eden regions: 47->0(44)
[2024-12-15T18:17:24.227+0700][gc,heap     ] GC(187) Survivor regions: 4->7(7)
[2024-12-15T18:17:24.227+0700][gc,heap     ] GC(187) Old regions: 227->227
[2024-12-15T18:17:24.227+0700][gc,heap     ] GC(187) Archive regions: 2->2
[2024-12-15T18:17:24.227+0700][gc,heap     ] GC(187) Humongous regions: 129->129
[2024-12-15T18:17:24.227+0700][gc,metaspace] GC(187) Metaspace: 44571K(45184K)->44571K(45184K) NonClass: 39404K(39744K)->39404K(39744K) Class: 5166K(5440K)->5166K(5440K)
[2024-12-15T18:17:24.227+0700][gc          ] GC(187) Pause Young (Normal) (G1 Evacuation Pause) 407M->362M(1024M) 54.810ms
[2024-12-15T18:17:24.227+0700][gc,cpu      ] GC(187) User=0.10s Sys=0.01s Real=0.06s
[2024-12-15T18:18:58.120+0700][gc,start    ] GC(188) Pause Young (Normal) (G1 Evacuation Pause)
[2024-12-15T18:18:58.120+0700][gc,task     ] GC(188) Using 2 workers of 2 for evacuation
[2024-12-15T18:18:58.176+0700][gc,mmu      ] GC(188) MMU target violated: 21.0ms (20.0ms/21.0ms)
[2024-12-15T18:18:58.176+0700][gc,phases   ] GC(188)   Pre Evacuate Collection Set: 4.3ms
[2024-12-15T18:18:58.176+0700][gc,phases   ] GC(188)   Merge Heap Roots: 0.6ms
[2024-12-15T18:18:58.176+0700][gc,phases   ] GC(188)   Evacuate Collection Set: 48.0ms
[2024-12-15T18:18:58.176+0700][gc,phases   ] GC(188)   Post Evacuate Collection Set: 2.6ms
[2024-12-15T18:18:58.176+0700][gc,phases   ] GC(188)   Other: 1.3ms
[2024-12-15T18:18:58.176+0700][gc,heap     ] GC(188) Eden regions: 44->0(48)
[2024-12-15T18:18:58.176+0700][gc,heap     ] GC(188) Survivor regions: 7->3(7)
[2024-12-15T18:18:58.176+0700][gc,heap     ] GC(188) Old regions: 227->231
[2024-12-15T18:18:58.176+0700][gc,heap     ] GC(188) Archive regions: 2->2
[2024-12-15T18:18:58.177+0700][gc,heap     ] GC(188) Humongous regions: 129->129
[2024-12-15T18:18:58.177+0700][gc,metaspace] GC(188) Metaspace: 44590K(45184K)->44590K(45184K) NonClass: 39423K(39744K)->39423K(39744K) Class: 5166K(5440K)->5166K(5440K)
[2024-12-15T18:18:58.177+0700][gc          ] GC(188) Pause Young (Normal) (G1 Evacuation Pause) 406M->363M(1024M) 56.959ms
[2024-12-15T18:18:58.177+0700][gc,cpu      ] GC(188) User=0.11s Sys=0.01s Real=0.06s
[2024-12-15T18:20:45.611+0700][gc,start    ] GC(189) Pause Young (Concurrent Start) (G1 Evacuation Pause)
[2024-12-15T18:20:45.611+0700][gc,task     ] GC(189) Using 2 workers of 2 for evacuation
[2024-12-15T18:20:45.664+0700][gc,mmu      ] GC(189) MMU target violated: 21.0ms (20.0ms/21.0ms)
[2024-12-15T18:20:45.665+0700][gc,phases   ] GC(189)   Pre Evacuate Collection Set: 4.1ms
[2024-12-15T18:20:45.665+0700][gc,phases   ] GC(189)   Merge Heap Roots: 0.8ms
[2024-12-15T18:20:45.665+0700][gc,phases   ] GC(189)   Evacuate Collection Set: 44.3ms
[2024-12-15T18:20:45.665+0700][gc,phases   ] GC(189)   Post Evacuate Collection Set: 3.0ms
[2024-12-15T18:20:45.665+0700][gc,phases   ] GC(189)   Other: 1.7ms
[2024-12-15T18:20:45.665+0700][gc,heap     ] GC(189) Eden regions: 48->0(44)
[2024-12-15T18:20:45.665+0700][gc,heap     ] GC(189) Survivor regions: 3->7(7)
[2024-12-15T18:20:45.665+0700][gc,heap     ] GC(189) Old regions: 231->231
[2024-12-15T18:20:45.665+0700][gc,heap     ] GC(189) Archive regions: 2->2
[2024-12-15T18:20:45.665+0700][gc,heap     ] GC(189) Humongous regions: 129->129
[2024-12-15T18:20:45.665+0700][gc,metaspace] GC(189) Metaspace: 44590K(45184K)->44590K(45184K) NonClass: 39423K(39744K)->39423K(39744K) Class: 5166K(5440K)->5166K(5440K)
[2024-12-15T18:20:45.665+0700][gc          ] GC(189) Pause Young (Concurrent Start) (G1 Evacuation Pause) 411M->366M(1024M) 53.894ms
[2024-12-15T18:20:45.665+0700][gc,cpu      ] GC(189) User=0.09s Sys=0.00s Real=0.06s
[2024-12-15T18:20:45.665+0700][gc          ] GC(190) Concurrent Mark Cycle
[2024-12-15T18:20:45.665+0700][gc,marking  ] GC(190) Concurrent Clear Claimed Marks
[2024-12-15T18:20:45.665+0700][gc,marking  ] GC(190) Concurrent Clear Claimed Marks 0.139ms
[2024-12-15T18:20:45.665+0700][gc,marking  ] GC(190) Concurrent Scan Root Regions
[2024-12-15T18:20:45.684+0700][gc,marking  ] GC(190) Concurrent Scan Root Regions 18.613ms
[2024-12-15T18:20:45.684+0700][gc,marking  ] GC(190) Concurrent Mark
[2024-12-15T18:20:45.684+0700][gc,marking  ] GC(190) Concurrent Mark From Roots
[2024-12-15T18:20:45.684+0700][gc,task     ] GC(190) Using 1 workers of 1 for marking
[2024-12-15T18:20:45.802+0700][gc,marking  ] GC(190) Concurrent Mark From Roots 118.035ms
[2024-12-15T18:20:45.802+0700][gc,marking  ] GC(190) Concurrent Preclean
[2024-12-15T18:20:45.803+0700][gc,marking  ] GC(190) Concurrent Preclean 0.340ms
[2024-12-15T18:20:45.803+0700][gc,start    ] GC(190) Pause Remark
[2024-12-15T18:20:45.843+0700][gc,mmu      ] GC(190) MMU target violated: 21.0ms (20.0ms/21.0ms)
[2024-12-15T18:20:45.843+0700][gc          ] GC(190) Pause Remark 367M->294M(1024M) 40.366ms
[2024-12-15T18:20:45.843+0700][gc,cpu      ] GC(190) User=0.07s Sys=0.00s Real=0.04s
[2024-12-15T18:20:45.843+0700][gc,marking  ] GC(190) Concurrent Mark 159.251ms
[2024-12-15T18:20:45.843+0700][gc,marking  ] GC(190) Concurrent Rebuild Remembered Sets
[2024-12-15T18:20:45.888+0700][gc,marking  ] GC(190) Concurrent Rebuild Remembered Sets 44.801ms
[2024-12-15T18:20:45.888+0700][gc,start    ] GC(190) Pause Cleanup
[2024-12-15T18:20:45.889+0700][gc          ] GC(190) Pause Cleanup 294M->294M(1024M) 0.559ms
[2024-12-15T18:20:45.889+0700][gc,cpu      ] GC(190) User=0.00s Sys=0.00s Real=0.00s
[2024-12-15T18:20:45.889+0700][gc,marking  ] GC(190) Concurrent Cleanup for Next Mark
[2024-12-15T18:20:45.944+0700][gc,marking  ] GC(190) Concurrent Cleanup for Next Mark 55.056ms
[2024-12-15T18:20:45.944+0700][gc          ] GC(190) Concurrent Mark Cycle 279.227ms
[2024-12-15T18:22:23.481+0700][gc,start    ] GC(191) Pause Young (Prepare Mixed) (G1 Evacuation Pause)
[2024-12-15T18:22:23.481+0700][gc,task     ] GC(191) Using 2 workers of 2 for evacuation
[2024-12-15T18:22:23.530+0700][gc,mmu      ] GC(191) MMU target violated: 21.0ms (20.0ms/21.0ms)
[2024-12-15T18:22:23.530+0700][gc,phases   ] GC(191)   Pre Evacuate Collection Set: 4.0ms
[2024-12-15T18:22:23.530+0700][gc,phases   ] GC(191)   Merge Heap Roots: 0.7ms
[2024-12-15T18:22:23.530+0700][gc,phases   ] GC(191)   Evacuate Collection Set: 41.0ms
[2024-12-15T18:22:23.530+0700][gc,phases   ] GC(191)   Post Evacuate Collection Set: 2.4ms
[2024-12-15T18:22:23.530+0700][gc,phases   ] GC(191)   Other: 1.1ms
[2024-12-15T18:22:23.530+0700][gc,heap     ] GC(191) Eden regions: 44->0(48)
[2024-12-15T18:22:23.530+0700][gc,heap     ] GC(191) Survivor regions: 7->3(7)
[2024-12-15T18:22:23.530+0700][gc,heap     ] GC(191) Old regions: 158->163
[2024-12-15T18:22:23.530+0700][gc,heap     ] GC(191) Archive regions: 2->2
[2024-12-15T18:22:23.530+0700][gc,heap     ] GC(191) Humongous regions: 129->129
[2024-12-15T18:22:23.530+0700][gc,metaspace] GC(191) Metaspace: 44590K(45184K)->44590K(45184K) NonClass: 39423K(39744K)->39423K(39744K) Class: 5166K(5440K)->5166K(5440K)
[2024-12-15T18:22:23.530+0700][gc          ] GC(191) Pause Young (Prepare Mixed) (G1 Evacuation Pause) 337M->294M(1024M) 49.220ms
[2024-12-15T18:22:23.530+0700][gc,cpu      ] GC(191) User=0.09s Sys=0.00s Real=0.05s
[2024-12-15T18:24:10.876+0700][gc,start    ] GC(192) Pause Young (Mixed) (G1 Evacuation Pause)
[2024-12-15T18:24:10.877+0700][gc,task     ] GC(192) Using 2 workers of 2 for evacuation
[2024-12-15T18:24:10.925+0700][gc,mmu      ] GC(192) MMU target violated: 21.0ms (20.0ms/21.0ms)
[2024-12-15T18:24:10.925+0700][gc,phases   ] GC(192)   Pre Evacuate Collection Set: 3.7ms
[2024-12-15T18:24:10.925+0700][gc,phases   ] GC(192)   Merge Heap Roots: 0.9ms
[2024-12-15T18:24:10.925+0700][gc,phases   ] GC(192)   Evacuate Collection Set: 39.9ms
[2024-12-15T18:24:10.925+0700][gc,phases   ] GC(192)   Post Evacuate Collection Set: 2.8ms
[2024-12-15T18:24:10.925+0700][gc,phases   ] GC(192)   Other: 1.2ms
[2024-12-15T18:24:10.925+0700][gc,heap     ] GC(192) Eden regions: 48->0(45)
[2024-12-15T18:24:10.925+0700][gc,heap     ] GC(192) Survivor regions: 3->6(7)
[2024-12-15T18:24:10.925+0700][gc,heap     ] GC(192) Old regions: 163->152
[2024-12-15T18:24:10.925+0700][gc,heap     ] GC(192) Archive regions: 2->2
[2024-12-15T18:24:10.925+0700][gc,heap     ] GC(192) Humongous regions: 129->129
[2024-12-15T18:24:10.925+0700][gc,metaspace] GC(192) Metaspace: 44590K(45184K)->44590K(45184K) NonClass: 39423K(39744K)->39423K(39744K) Class: 5166K(5440K)->5166K(5440K)
[2024-12-15T18:24:10.925+0700][gc          ] GC(192) Pause Young (Mixed) (G1 Evacuation Pause) 342M->287M(1024M) 48.713ms
[2024-12-15T18:24:10.925+0700][gc,cpu      ] GC(192) User=0.09s Sys=0.00s Real=0.05s
[2024-12-15T18:25:41.263+0700][gc,start    ] GC(193) Pause Young (Mixed) (G1 Evacuation Pause)
[2024-12-15T18:25:41.263+0700][gc,task     ] GC(193) Using 2 workers of 2 for evacuation
[2024-12-15T18:25:41.325+0700][gc,mmu      ] GC(193) MMU target violated: 21.0ms (20.0ms/21.0ms)
[2024-12-15T18:25:41.325+0700][gc,phases   ] GC(193)   Pre Evacuate Collection Set: 2.5ms
[2024-12-15T18:25:41.325+0700][gc,phases   ] GC(193)   Merge Heap Roots: 1.0ms
[2024-12-15T18:25:41.325+0700][gc,phases   ] GC(193)   Evacuate Collection Set: 55.4ms
[2024-12-15T18:25:41.325+0700][gc,phases   ] GC(193)   Post Evacuate Collection Set: 3.0ms
[2024-12-15T18:25:41.325+0700][gc,phases   ] GC(193)   Other: 1.3ms
[2024-12-15T18:25:41.326+0700][gc,heap     ] GC(193) Eden regions: 45->0(46)
[2024-12-15T18:25:41.326+0700][gc,heap     ] GC(193) Survivor regions: 6->5(7)
[2024-12-15T18:25:41.326+0700][gc,heap     ] GC(193) Old regions: 152->146
[2024-12-15T18:25:41.326+0700][gc,heap     ] GC(193) Archive regions: 2->2
[2024-12-15T18:25:41.326+0700][gc,heap     ] GC(193) Humongous regions: 129->129
[2024-12-15T18:25:41.326+0700][gc,metaspace] GC(193) Metaspace: 44627K(45248K)->44627K(45248K) NonClass: 39461K(39808K)->39461K(39808K) Class: 5166K(5440K)->5166K(5440K)
[2024-12-15T18:25:41.326+0700][gc          ] GC(193) Pause Young (Mixed) (G1 Evacuation Pause) 332M->280M(1024M) 63.161ms
[2024-12-15T18:25:41.326+0700][gc,cpu      ] GC(193) User=0.12s Sys=0.00s Real=0.07s
[2024-12-15T18:27:18.458+0700][gc,start    ] GC(194) Pause Young (Mixed) (G1 Evacuation Pause)
[2024-12-15T18:27:18.458+0700][gc,task     ] GC(194) Using 2 workers of 2 for evacuation
[2024-12-15T18:27:18.522+0700][gc,mmu      ] GC(194) MMU target violated: 21.0ms (20.0ms/21.0ms)
[2024-12-15T18:27:18.522+0700][gc,phases   ] GC(194)   Pre Evacuate Collection Set: 3.6ms
[2024-12-15T18:27:18.522+0700][gc,phases   ] GC(194)   Merge Heap Roots: 1.2ms
[2024-12-15T18:27:18.522+0700][gc,phases   ] GC(194)   Evacuate Collection Set: 56.0ms
[2024-12-15T18:27:18.522+0700][gc,phases   ] GC(194)   Post Evacuate Collection Set: 2.8ms
[2024-12-15T18:27:18.523+0700][gc,phases   ] GC(194)   Other: 1.4ms
[2024-12-15T18:27:18.523+0700][gc,heap     ] GC(194) Eden regions: 46->0(47)
[2024-12-15T18:27:18.523+0700][gc,heap     ] GC(194) Survivor regions: 5->4(7)
[2024-12-15T18:27:18.523+0700][gc,heap     ] GC(194) Old regions: 146->137
[2024-12-15T18:27:18.523+0700][gc,heap     ] GC(194) Archive regions: 2->2
[2024-12-15T18:27:18.523+0700][gc,heap     ] GC(194) Humongous regions: 129->129
[2024-12-15T18:27:18.523+0700][gc,metaspace] GC(194) Metaspace: 44680K(45312K)->44680K(45312K) NonClass: 39513K(39872K)->39513K(39872K) Class: 5166K(5440K)->5166K(5440K)
[2024-12-15T18:27:18.523+0700][gc          ] GC(194) Pause Young (Mixed) (G1 Evacuation Pause) 326M->270M(1024M) 65.073ms
[2024-12-15T18:27:18.523+0700][gc,cpu      ] GC(194) User=0.11s Sys=0.00s Real=0.06s
[2024-12-15T18:28:59.451+0700][gc,start    ] GC(195) Pause Young (Mixed) (G1 Evacuation Pause)
[2024-12-15T18:28:59.451+0700][gc,task     ] GC(195) Using 2 workers of 2 for evacuation
[2024-12-15T18:28:59.508+0700][gc,mmu      ] GC(195) MMU target violated: 21.0ms (20.0ms/21.0ms)
[2024-12-15T18:28:59.508+0700][gc,phases   ] GC(195)   Pre Evacuate Collection Set: 2.9ms
[2024-12-15T18:28:59.508+0700][gc,phases   ] GC(195)   Merge Heap Roots: 0.7ms
[2024-12-15T18:28:59.508+0700][gc,phases   ] GC(195)   Evacuate Collection Set: 48.1ms
[2024-12-15T18:28:59.508+0700][gc,phases   ] GC(195)   Post Evacuate Collection Set: 4.8ms
[2024-12-15T18:28:59.508+0700][gc,phases   ] GC(195)   Other: 1.4ms
[2024-12-15T18:28:59.508+0700][gc,heap     ] GC(195) Eden regions: 47->0(44)
[2024-12-15T18:28:59.508+0700][gc,heap     ] GC(195) Survivor regions: 4->7(7)
[2024-12-15T18:28:59.508+0700][gc,heap     ] GC(195) Old regions: 137->126
[2024-12-15T18:28:59.508+0700][gc,heap     ] GC(195) Archive regions: 2->2
[2024-12-15T18:28:59.508+0700][gc,heap     ] GC(195) Humongous regions: 129->129
[2024-12-15T18:28:59.508+0700][gc,metaspace] GC(195) Metaspace: 44696K(45312K)->44696K(45312K) NonClass: 39530K(39872K)->39530K(39872K) Class: 5166K(5440K)->5166K(5440K)
[2024-12-15T18:28:59.509+0700][gc          ] GC(195) Pause Young (Mixed) (G1 Evacuation Pause) 317M->262M(1024M) 57.818ms
[2024-12-15T18:28:59.509+0700][gc,cpu      ] GC(195) User=0.10s Sys=0.00s Real=0.06s
[2024-12-15T18:30:37.748+0700][gc,start    ] GC(196) Pause Young (Mixed) (G1 Evacuation Pause)
[2024-12-15T18:30:37.749+0700][gc,task     ] GC(196) Using 2 workers of 2 for evacuation
[2024-12-15T18:30:37.810+0700][gc,mmu      ] GC(196) MMU target violated: 21.0ms (20.0ms/21.0ms)
[2024-12-15T18:30:37.810+0700][gc,phases   ] GC(196)   Pre Evacuate Collection Set: 3.3ms
[2024-12-15T18:30:37.810+0700][gc,phases   ] GC(196)   Merge Heap Roots: 0.7ms
[2024-12-15T18:30:37.810+0700][gc,phases   ] GC(196)   Evacuate Collection Set: 53.5ms
[2024-12-15T18:30:37.810+0700][gc,phases   ] GC(196)   Post Evacuate Collection Set: 3.2ms
[2024-12-15T18:30:37.810+0700][gc,phases   ] GC(196)   Other: 1.4ms
[2024-12-15T18:30:37.810+0700][gc,heap     ] GC(196) Eden regions: 44->0(46)
[2024-12-15T18:30:37.810+0700][gc,heap     ] GC(196) Survivor regions: 7->5(7)
[2024-12-15T18:30:37.810+0700][gc,heap     ] GC(196) Old regions: 126->120
[2024-12-15T18:30:37.810+0700][gc,heap     ] GC(196) Archive regions: 2->2
[2024-12-15T18:30:37.810+0700][gc,heap     ] GC(196) Humongous regions: 129->129
[2024-12-15T18:30:37.810+0700][gc,metaspace] GC(196) Metaspace: 44720K(45312K)->44720K(45312K) NonClass: 39553K(39872K)->39553K(39872K) Class: 5166K(5440K)->5166K(5440K)
[2024-12-15T18:30:37.810+0700][gc          ] GC(196) Pause Young (Mixed) (G1 Evacuation Pause) 306M->254M(1024M) 62.029ms
[2024-12-15T18:30:37.810+0700][gc,cpu      ] GC(196) User=0.11s Sys=0.00s Real=0.06s
[2024-12-15T18:32:26.902+0700][gc,start    ] GC(197) Pause Young (Mixed) (G1 Evacuation Pause)
[2024-12-15T18:32:26.902+0700][gc,task     ] GC(197) Using 2 workers of 2 for evacuation
[2024-12-15T18:32:26.953+0700][gc,mmu      ] GC(197) MMU target violated: 21.0ms (20.0ms/21.0ms)
[2024-12-15T18:32:26.953+0700][gc,phases   ] GC(197)   Pre Evacuate Collection Set: 3.5ms
[2024-12-15T18:32:26.953+0700][gc,phases   ] GC(197)   Merge Heap Roots: 0.7ms
[2024-12-15T18:32:26.953+0700][gc,phases   ] GC(197)   Evacuate Collection Set: 41.4ms
[2024-12-15T18:32:26.953+0700][gc,phases   ] GC(197)   Post Evacuate Collection Set: 5.1ms
[2024-12-15T18:32:26.953+0700][gc,phases   ] GC(197)   Other: 1.5ms
[2024-12-15T18:32:26.953+0700][gc,heap     ] GC(197) Eden regions: 46->0(48)
[2024-12-15T18:32:26.953+0700][gc,heap     ] GC(197) Survivor regions: 5->3(7)
[2024-12-15T18:32:26.953+0700][gc,heap     ] GC(197) Old regions: 120->111
[2024-12-15T18:32:26.953+0700][gc,heap     ] GC(197) Archive regions: 2->2
[2024-12-15T18:32:26.953+0700][gc,heap     ] GC(197) Humongous regions: 129->129
[2024-12-15T18:32:26.954+0700][gc,metaspace] GC(197) Metaspace: 44720K(45312K)->44720K(45312K) NonClass: 39553K(39872K)->39553K(39872K) Class: 5166K(5440K)->5166K(5440K)
[2024-12-15T18:32:26.954+0700][gc          ] GC(197) Pause Young (Mixed) (G1 Evacuation Pause) 300M->243M(1024M) 52.070ms
[2024-12-15T18:32:26.954+0700][gc,cpu      ] GC(197) User=0.09s Sys=0.00s Real=0.06s
[2024-12-15T18:34:21.932+0700][gc,start    ] GC(198) Pause Young (Mixed) (G1 Evacuation Pause)
[2024-12-15T18:34:21.933+0700][gc,task     ] GC(198) Using 2 workers of 2 for evacuation
[2024-12-15T18:34:21.983+0700][gc,mmu      ] GC(198) MMU target violated: 21.0ms (20.0ms/21.0ms)
[2024-12-15T18:34:21.983+0700][gc,phases   ] GC(198)   Pre Evacuate Collection Set: 2.6ms
[2024-12-15T18:34:21.983+0700][gc,phases   ] GC(198)   Merge Heap Roots: 0.9ms
[2024-12-15T18:34:21.983+0700][gc,phases   ] GC(198)   Evacuate Collection Set: 43.4ms
[2024-12-15T18:34:21.983+0700][gc,phases   ] GC(198)   Post Evacuate Collection Set: 2.6ms
[2024-12-15T18:34:21.983+0700][gc,phases   ] GC(198)   Other: 1.4ms
[2024-12-15T18:34:21.983+0700][gc,heap     ] GC(198) Eden regions: 48->0(45)
[2024-12-15T18:34:21.983+0700][gc,heap     ] GC(198) Survivor regions: 3->6(7)
[2024-12-15T18:34:21.983+0700][gc,heap     ] GC(198) Old regions: 111->100
[2024-12-15T18:34:21.983+0700][gc,heap     ] GC(198) Archive regions: 2->2
[2024-12-15T18:34:21.983+0700][gc,heap     ] GC(198) Humongous regions: 129->129
[2024-12-15T18:34:21.983+0700][gc,metaspace] GC(198) Metaspace: 44720K(45312K)->44720K(45312K) NonClass: 39553K(39872K)->39553K(39872K) Class: 5166K(5440K)->5166K(5440K)
[2024-12-15T18:34:21.983+0700][gc          ] GC(198) Pause Young (Mixed) (G1 Evacuation Pause) 291M->235M(1024M) 50.996ms
[2024-12-15T18:34:21.983+0700][gc,cpu      ] GC(198) User=0.09s Sys=0.00s Real=0.05s
[2024-12-15T18:36:09.003+0700][gc,start    ] GC(199) Pause Young (Mixed) (G1 Evacuation Pause)
[2024-12-15T18:36:09.003+0700][gc,task     ] GC(199) Using 2 workers of 2 for evacuation
[2024-12-15T18:36:09.095+0700][gc,mmu      ] GC(199) MMU target violated: 21.0ms (20.0ms/21.0ms)
[2024-12-15T18:36:09.095+0700][gc,phases   ] GC(199)   Pre Evacuate Collection Set: 3.6ms
[2024-12-15T18:36:09.095+0700][gc,phases   ] GC(199)   Merge Heap Roots: 1.0ms
[2024-12-15T18:36:09.095+0700][gc,phases   ] GC(199)   Evacuate Collection Set: 83.5ms
[2024-12-15T18:36:09.095+0700][gc,phases   ] GC(199)   Post Evacuate Collection Set: 3.3ms
[2024-12-15T18:36:09.095+0700][gc,phases   ] GC(199)   Other: 1.5ms
[2024-12-15T18:36:09.095+0700][gc,heap     ] GC(199) Eden regions: 45->0(46)
[2024-12-15T18:36:09.095+0700][gc,heap     ] GC(199) Survivor regions: 6->5(7)
[2024-12-15T18:36:09.095+0700][gc,heap     ] GC(199) Old regions: 100->94
[2024-12-15T18:36:09.095+0700][gc,heap     ] GC(199) Archive regions: 2->2
[2024-12-15T18:36:09.095+0700][gc,heap     ] GC(199) Humongous regions: 129->129
[2024-12-15T18:36:09.095+0700][gc,metaspace] GC(199) Metaspace: 44720K(45312K)->44720K(45312K) NonClass: 39553K(39872K)->39553K(39872K) Class: 5166K(5440K)->5166K(5440K)
[2024-12-15T18:36:09.096+0700][gc          ] GC(199) Pause Young (Mixed) (G1 Evacuation Pause) 280M->228M(1024M) 92.816ms
[2024-12-15T18:36:09.096+0700][gc,cpu      ] GC(199) User=0.18s Sys=0.00s Real=0.10s
[2024-12-15T18:37:52.187+0700][gc,start    ] GC(200) Pause Young (Normal) (G1 Evacuation Pause)
[2024-12-15T18:37:52.187+0700][gc,task     ] GC(200) Using 2 workers of 2 for evacuation
[2024-12-15T18:37:52.229+0700][gc,mmu      ] GC(200) MMU target violated: 21.0ms (20.0ms/21.0ms)
[2024-12-15T18:37:52.229+0700][gc,phases   ] GC(200)   Pre Evacuate Collection Set: 3.8ms
[2024-12-15T18:37:52.229+0700][gc,phases   ] GC(200)   Merge Heap Roots: 0.8ms
[2024-12-15T18:37:52.229+0700][gc,phases   ] GC(200)   Evacuate Collection Set: 34.7ms
[2024-12-15T18:37:52.229+0700][gc,phases   ] GC(200)   Post Evacuate Collection Set: 2.4ms
[2024-12-15T18:37:52.229+0700][gc,phases   ] GC(200)   Other: 1.5ms
[2024-12-15T18:37:52.229+0700][gc,heap     ] GC(200) Eden regions: 46->0(48)
[2024-12-15T18:37:52.229+0700][gc,heap     ] GC(200) Survivor regions: 5->3(7)
[2024-12-15T18:37:52.229+0700][gc,heap     ] GC(200) Old regions: 94->96
[2024-12-15T18:37:52.229+0700][gc,heap     ] GC(200) Archive regions: 2->2
[2024-12-15T18:37:52.229+0700][gc,heap     ] GC(200) Humongous regions: 129->129
[2024-12-15T18:37:52.230+0700][gc,metaspace] GC(200) Metaspace: 44775K(45376K)->44775K(45376K) NonClass: 39608K(39936K)->39608K(39936K) Class: 5166K(5440K)->5166K(5440K)
[2024-12-15T18:37:52.230+0700][gc          ] GC(200) Pause Young (Normal) (G1 Evacuation Pause) 274M->228M(1024M) 43.109ms
[2024-12-15T18:37:52.230+0700][gc,cpu      ] GC(200) User=0.08s Sys=0.00s Real=0.04s
[2024-12-15T18:39:39.591+0700][gc,start    ] GC(201) Pause Young (Normal) (G1 Evacuation Pause)
[2024-12-15T18:39:39.592+0700][gc,task     ] GC(201) Using 2 workers of 2 for evacuation
[2024-12-15T18:39:39.644+0700][gc,mmu      ] GC(201) MMU target violated: 21.0ms (20.0ms/21.0ms)
[2024-12-15T18:39:39.644+0700][gc,phases   ] GC(201)   Pre Evacuate Collection Set: 3.7ms
[2024-12-15T18:39:39.644+0700][gc,phases   ] GC(201)   Merge Heap Roots: 0.9ms
[2024-12-15T18:39:39.644+0700][gc,phases   ] GC(201)   Evacuate Collection Set: 44.6ms
[2024-12-15T18:39:39.644+0700][gc,phases   ] GC(201)   Post Evacuate Collection Set: 2.4ms
[2024-12-15T18:39:39.644+0700][gc,phases   ] GC(201)   Other: 1.4ms
[2024-12-15T18:39:39.644+0700][gc,heap     ] GC(201) Eden regions: 48->0(44)
[2024-12-15T18:39:39.644+0700][gc,heap     ] GC(201) Survivor regions: 3->7(7)
[2024-12-15T18:39:39.644+0700][gc,heap     ] GC(201) Old regions: 96->96
[2024-12-15T18:39:39.644+0700][gc,heap     ] GC(201) Archive regions: 2->2
[2024-12-15T18:39:39.644+0700][gc,heap     ] GC(201) Humongous regions: 129->129
[2024-12-15T18:39:39.645+0700][gc,metaspace] GC(201) Metaspace: 44775K(45376K)->44775K(45376K) NonClass: 39608K(39936K)->39608K(39936K) Class: 5166K(5440K)->5166K(5440K)
[2024-12-15T18:39:39.645+0700][gc          ] GC(201) Pause Young (Normal) (G1 Evacuation Pause) 276M->232M(1024M) 53.230ms
[2024-12-15T18:39:39.645+0700][gc,cpu      ] GC(201) User=0.10s Sys=0.00s Real=0.06s
[2024-12-15T18:41:17.573+0700][gc,start    ] GC(202) Pause Young (Normal) (G1 Evacuation Pause)
[2024-12-15T18:41:17.574+0700][gc,task     ] GC(202) Using 2 workers of 2 for evacuation
[2024-12-15T18:41:17.624+0700][gc,mmu      ] GC(202) MMU target violated: 21.0ms (20.0ms/21.0ms)
[2024-12-15T18:41:17.624+0700][gc,phases   ] GC(202)   Pre Evacuate Collection Set: 2.6ms
[2024-12-15T18:41:17.624+0700][gc,phases   ] GC(202)   Merge Heap Roots: 1.1ms
[2024-12-15T18:41:17.624+0700][gc,phases   ] GC(202)   Evacuate Collection Set: 42.7ms
[2024-12-15T18:41:17.624+0700][gc,phases   ] GC(202)   Post Evacuate Collection Set: 3.3ms
[2024-12-15T18:41:17.624+0700][gc,phases   ] GC(202)   Other: 1.3ms
[2024-12-15T18:41:17.624+0700][gc,heap     ] GC(202) Eden regions: 44->0(48)
[2024-12-15T18:41:17.624+0700][gc,heap     ] GC(202) Survivor regions: 7->3(7)
[2024-12-15T18:41:17.624+0700][gc,heap     ] GC(202) Old regions: 96->101
[2024-12-15T18:41:17.624+0700][gc,heap     ] GC(202) Archive regions: 2->2
[2024-12-15T18:41:17.624+0700][gc,heap     ] GC(202) Humongous regions: 129->129
[2024-12-15T18:41:17.624+0700][gc,metaspace] GC(202) Metaspace: 44775K(45376K)->44775K(45376K) NonClass: 39608K(39936K)->39608K(39936K) Class: 5166K(5440K)->5166K(5440K)
[2024-12-15T18:41:17.624+0700][gc          ] GC(202) Pause Young (Normal) (G1 Evacuation Pause) 276M->232M(1024M) 50.890ms
[2024-12-15T18:41:17.624+0700][gc,cpu      ] GC(202) User=0.09s Sys=0.00s Real=0.04s
[2024-12-15T18:43:06.087+0700][gc,start    ] GC(203) Pause Young (Normal) (G1 Evacuation Pause)
[2024-12-15T18:43:06.087+0700][gc,task     ] GC(203) Using 2 workers of 2 for evacuation
[2024-12-15T18:43:06.144+0700][gc,mmu      ] GC(203) MMU target violated: 21.0ms (20.0ms/21.0ms)
[2024-12-15T18:43:06.145+0700][gc,phases   ] GC(203)   Pre Evacuate Collection Set: 4.3ms
[2024-12-15T18:43:06.145+0700][gc,phases   ] GC(203)   Merge Heap Roots: 1.1ms
[2024-12-15T18:43:06.145+0700][gc,phases   ] GC(203)   Evacuate Collection Set: 47.7ms
[2024-12-15T18:43:06.145+0700][gc,phases   ] GC(203)   Post Evacuate Collection Set: 3.4ms
[2024-12-15T18:43:06.145+0700][gc,phases   ] GC(203)   Other: 1.5ms
[2024-12-15T18:43:06.145+0700][gc,heap     ] GC(203) Eden regions: 48->0(45)
[2024-12-15T18:43:06.145+0700][gc,heap     ] GC(203) Survivor regions: 3->6(7)
[2024-12-15T18:43:06.145+0700][gc,heap     ] GC(203) Old regions: 101->101
[2024-12-15T18:43:06.145+0700][gc,heap     ] GC(203) Archive regions: 2->2
[2024-12-15T18:43:06.145+0700][gc,heap     ] GC(203) Humongous regions: 129->129
[2024-12-15T18:43:06.145+0700][gc,metaspace] GC(203) Metaspace: 44782K(45376K)->44782K(45376K) NonClass: 39616K(39936K)->39616K(39936K) Class: 5166K(5440K)->5166K(5440K)
[2024-12-15T18:43:06.145+0700][gc          ] GC(203) Pause Young (Normal) (G1 Evacuation Pause) 280M->236M(1024M) 58.267ms
[2024-12-15T18:43:06.145+0700][gc,cpu      ] GC(203) User=0.10s Sys=0.00s Real=0.06s
[2024-12-15T18:44:47.825+0700][gc,start    ] GC(204) Pause Young (Normal) (G1 Evacuation Pause)
[2024-12-15T18:44:47.825+0700][gc,task     ] GC(204) Using 2 workers of 2 for evacuation
[2024-12-15T18:44:47.886+0700][gc,mmu      ] GC(204) MMU target violated: 21.0ms (20.0ms/21.0ms)
[2024-12-15T18:44:47.886+0700][gc,phases   ] GC(204)   Pre Evacuate Collection Set: 3.0ms
[2024-12-15T18:44:47.887+0700][gc,phases   ] GC(204)   Merge Heap Roots: 0.5ms
[2024-12-15T18:44:47.887+0700][gc,phases   ] GC(204)   Evacuate Collection Set: 54.6ms
[2024-12-15T18:44:47.887+0700][gc,phases   ] GC(204)   Post Evacuate Collection Set: 2.4ms
[2024-12-15T18:44:47.887+0700][gc,phases   ] GC(204)   Other: 1.0ms
[2024-12-15T18:44:47.887+0700][gc,heap     ] GC(204) Eden regions: 45->0(46)
[2024-12-15T18:44:47.887+0700][gc,heap     ] GC(204) Survivor regions: 6->5(7)
[2024-12-15T18:44:47.887+0700][gc,heap     ] GC(204) Old regions: 101->105
[2024-12-15T18:44:47.887+0700][gc,heap     ] GC(204) Archive regions: 2->2
[2024-12-15T18:44:47.887+0700][gc,heap     ] GC(204) Humongous regions: 129->129
[2024-12-15T18:44:47.887+0700][gc,metaspace] GC(204) Metaspace: 44812K(45376K)->44812K(45376K) NonClass: 39645K(39936K)->39645K(39936K) Class: 5166K(5440K)->5166K(5440K)
[2024-12-15T18:44:47.887+0700][gc          ] GC(204) Pause Young (Normal) (G1 Evacuation Pause) 281M->238M(1024M) 61.740ms
[2024-12-15T18:44:47.887+0700][gc,cpu      ] GC(204) User=0.12s Sys=0.00s Real=0.06s
[2024-12-15T18:46:30.608+0700][gc,start    ] GC(205) Pause Young (Normal) (G1 Evacuation Pause)
[2024-12-15T18:46:30.609+0700][gc,task     ] GC(205) Using 2 workers of 2 for evacuation
[2024-12-15T18:46:30.670+0700][gc,mmu      ] GC(205) MMU target violated: 21.0ms (20.0ms/21.0ms)
[2024-12-15T18:46:30.670+0700][gc,phases   ] GC(205)   Pre Evacuate Collection Set: 3.6ms
[2024-12-15T18:46:30.671+0700][gc,phases   ] GC(205)   Merge Heap Roots: 1.4ms
[2024-12-15T18:46:30.671+0700][gc,phases   ] GC(205)   Evacuate Collection Set: 53.4ms
[2024-12-15T18:46:30.671+0700][gc,phases   ] GC(205)   Post Evacuate Collection Set: 2.4ms
[2024-12-15T18:46:30.671+0700][gc,phases   ] GC(205)   Other: 1.2ms
[2024-12-15T18:46:30.671+0700][gc,heap     ] GC(205) Eden regions: 46->0(44)
[2024-12-15T18:46:30.671+0700][gc,heap     ] GC(205) Survivor regions: 5->7(7)
[2024-12-15T18:46:30.671+0700][gc,heap     ] GC(205) Old regions: 105->107
[2024-12-15T18:46:30.671+0700][gc,heap     ] GC(205) Archive regions: 2->2
[2024-12-15T18:46:30.671+0700][gc,heap     ] GC(205) Humongous regions: 129->129
[2024-12-15T18:46:30.671+0700][gc,metaspace] GC(205) Metaspace: 44812K(45376K)->44812K(45376K) NonClass: 39645K(39936K)->39645K(39936K) Class: 5166K(5440K)->5166K(5440K)
[2024-12-15T18:46:30.671+0700][gc          ] GC(205) Pause Young (Normal) (G1 Evacuation Pause) 284M->243M(1024M) 63.197ms
[2024-12-15T18:46:30.671+0700][gc,cpu      ] GC(205) User=0.11s Sys=0.00s Real=0.06s
[2024-12-15T18:48:13.738+0700][gc,start    ] GC(206) Pause Young (Normal) (G1 Evacuation Pause)
[2024-12-15T18:48:13.738+0700][gc,task     ] GC(206) Using 2 workers of 2 for evacuation
[2024-12-15T18:48:13.774+0700][gc,mmu      ] GC(206) MMU target violated: 21.0ms (20.0ms/21.0ms)
[2024-12-15T18:48:13.774+0700][gc,phases   ] GC(206)   Pre Evacuate Collection Set: 2.7ms
[2024-12-15T18:48:13.774+0700][gc,phases   ] GC(206)   Merge Heap Roots: 0.6ms
[2024-12-15T18:48:13.775+0700][gc,phases   ] GC(206)   Evacuate Collection Set: 30.3ms
[2024-12-15T18:48:13.775+0700][gc,phases   ] GC(206)   Post Evacuate Collection Set: 2.1ms
[2024-12-15T18:48:13.775+0700][gc,phases   ] GC(206)   Other: 0.9ms
[2024-12-15T18:48:13.775+0700][gc,heap     ] GC(206) Eden regions: 44->0(49)
[2024-12-15T18:48:13.775+0700][gc,heap     ] GC(206) Survivor regions: 7->2(7)
[2024-12-15T18:48:13.775+0700][gc,heap     ] GC(206) Old regions: 107->110
[2024-12-15T18:48:13.775+0700][gc,heap     ] GC(206) Archive regions: 2->2
[2024-12-15T18:48:13.775+0700][gc,heap     ] GC(206) Humongous regions: 129->129
[2024-12-15T18:48:13.775+0700][gc,metaspace] GC(206) Metaspace: 44812K(45376K)->44812K(45376K) NonClass: 39645K(39936K)->39645K(39936K) Class: 5166K(5440K)->5166K(5440K)
[2024-12-15T18:48:13.775+0700][gc          ] GC(206) Pause Young (Normal) (G1 Evacuation Pause) 287M->241M(1024M) 36.580ms
[2024-12-15T18:48:13.775+0700][gc,cpu      ] GC(206) User=0.07s Sys=0.00s Real=0.04s
[2024-12-15T18:50:06.954+0700][gc,start    ] GC(207) Pause Young (Normal) (G1 Evacuation Pause)
[2024-12-15T18:50:06.954+0700][gc,task     ] GC(207) Using 2 workers of 2 for evacuation
[2024-12-15T18:50:07.006+0700][gc,mmu      ] GC(207) MMU target violated: 21.0ms (20.0ms/21.0ms)
[2024-12-15T18:50:07.006+0700][gc,phases   ] GC(207)   Pre Evacuate Collection Set: 3.5ms
[2024-12-15T18:50:07.006+0700][gc,phases   ] GC(207)   Merge Heap Roots: 1.3ms
[2024-12-15T18:50:07.006+0700][gc,phases   ] GC(207)   Evacuate Collection Set: 42.1ms
[2024-12-15T18:50:07.006+0700][gc,phases   ] GC(207)   Post Evacuate Collection Set: 4.2ms
[2024-12-15T18:50:07.006+0700][gc,phases   ] GC(207)   Other: 1.8ms
[2024-12-15T18:50:07.006+0700][gc,heap     ] GC(207) Eden regions: 49->0(45)
[2024-12-15T18:50:07.006+0700][gc,heap     ] GC(207) Survivor regions: 2->6(7)
[2024-12-15T18:50:07.006+0700][gc,heap     ] GC(207) Old regions: 110->110
[2024-12-15T18:50:07.006+0700][gc,heap     ] GC(207) Archive regions: 2->2
[2024-12-15T18:50:07.006+0700][gc,heap     ] GC(207) Humongous regions: 129->129
[2024-12-15T18:50:07.006+0700][gc,metaspace] GC(207) Metaspace: 44819K(45376K)->44819K(45376K) NonClass: 39652K(39936K)->39652K(39936K) Class: 5166K(5440K)->5166K(5440K)
[2024-12-15T18:50:07.006+0700][gc          ] GC(207) Pause Young (Normal) (G1 Evacuation Pause) 290M->245M(1024M) 52.804ms
[2024-12-15T18:50:07.006+0700][gc,cpu      ] GC(207) User=0.09s Sys=0.00s Real=0.05s
[2024-12-15T18:51:54.067+0700][gc,start    ] GC(208) Pause Young (Normal) (G1 Evacuation Pause)
[2024-12-15T18:51:54.068+0700][gc,task     ] GC(208) Using 2 workers of 2 for evacuation
[2024-12-15T18:51:54.125+0700][gc,mmu      ] GC(208) MMU target violated: 21.0ms (20.0ms/21.0ms)
[2024-12-15T18:51:54.125+0700][gc,phases   ] GC(208)   Pre Evacuate Collection Set: 2.7ms
[2024-12-15T18:51:54.125+0700][gc,phases   ] GC(208)   Merge Heap Roots: 0.9ms
[2024-12-15T18:51:54.125+0700][gc,phases   ] GC(208)   Evacuate Collection Set: 49.6ms
[2024-12-15T18:51:54.125+0700][gc,phases   ] GC(208)   Post Evacuate Collection Set: 3.6ms
[2024-12-15T18:51:54.125+0700][gc,phases   ] GC(208)   Other: 1.0ms
[2024-12-15T18:51:54.125+0700][gc,heap     ] GC(208) Eden regions: 45->0(46)
[2024-12-15T18:51:54.125+0700][gc,heap     ] GC(208) Survivor regions: 6->5(7)
[2024-12-15T18:51:54.125+0700][gc,heap     ] GC(208) Old regions: 110->114
[2024-12-15T18:51:54.125+0700][gc,heap     ] GC(208) Archive regions: 2->2
[2024-12-15T18:51:54.125+0700][gc,heap     ] GC(208) Humongous regions: 129->129
[2024-12-15T18:51:54.125+0700][gc,metaspace] GC(208) Metaspace: 44819K(45376K)->44819K(45376K) NonClass: 39652K(39936K)->39652K(39936K) Class: 5166K(5440K)->5166K(5440K)
[2024-12-15T18:51:54.125+0700][gc          ] GC(208) Pause Young (Normal) (G1 Evacuation Pause) 290M->248M(1024M) 57.751ms
[2024-12-15T18:51:54.125+0700][gc,cpu      ] GC(208) User=0.11s Sys=0.00s Real=0.06s
[2024-12-15T18:53:44.066+0700][gc,start    ] GC(209) Pause Young (Normal) (G1 Evacuation Pause)
[2024-12-15T18:53:44.066+0700][gc,task     ] GC(209) Using 2 workers of 2 for evacuation
[2024-12-15T18:53:44.113+0700][gc,mmu      ] GC(209) MMU target violated: 21.0ms (20.0ms/21.0ms)
[2024-12-15T18:53:44.113+0700][gc,phases   ] GC(209)   Pre Evacuate Collection Set: 3.7ms
[2024-12-15T18:53:44.113+0700][gc,phases   ] GC(209)   Merge Heap Roots: 0.9ms
[2024-12-15T18:53:44.113+0700][gc,phases   ] GC(209)   Evacuate Collection Set: 38.7ms
[2024-12-15T18:53:44.113+0700][gc,phases   ] GC(209)   Post Evacuate Collection Set: 3.3ms
[2024-12-15T18:53:44.113+0700][gc,phases   ] GC(209)   Other: 1.7ms
[2024-12-15T18:53:44.113+0700][gc,heap     ] GC(209) Eden regions: 46->0(48)
[2024-12-15T18:53:44.114+0700][gc,heap     ] GC(209) Survivor regions: 5->3(7)
[2024-12-15T18:53:44.114+0700][gc,heap     ] GC(209) Old regions: 114->116
[2024-12-15T18:53:44.114+0700][gc,heap     ] GC(209) Archive regions: 2->2
[2024-12-15T18:53:44.114+0700][gc,heap     ] GC(209) Humongous regions: 129->129
[2024-12-15T18:53:44.114+0700][gc,metaspace] GC(209) Metaspace: 44819K(45376K)->44819K(45376K) NonClass: 39652K(39936K)->39652K(39936K) Class: 5166K(5440K)->5166K(5440K)
[2024-12-15T18:53:44.114+0700][gc          ] GC(209) Pause Young (Normal) (G1 Evacuation Pause) 294M->248M(1024M) 48.120ms
[2024-12-15T18:53:44.114+0700][gc,cpu      ] GC(209) User=0.08s Sys=0.00s Real=0.05s
[2024-12-15T18:55:38.202+0700][gc,start    ] GC(210) Pause Young (Normal) (G1 Evacuation Pause)
[2024-12-15T18:55:38.202+0700][gc,task     ] GC(210) Using 2 workers of 2 for evacuation
[2024-12-15T18:55:38.249+0700][gc,mmu      ] GC(210) MMU target violated: 21.0ms (20.0ms/21.0ms)
[2024-12-15T18:55:38.249+0700][gc,phases   ] GC(210)   Pre Evacuate Collection Set: 2.7ms
[2024-12-15T18:55:38.249+0700][gc,phases   ] GC(210)   Merge Heap Roots: 1.1ms
[2024-12-15T18:55:38.249+0700][gc,phases   ] GC(210)   Evacuate Collection Set: 40.1ms
[2024-12-15T18:55:38.249+0700][gc,phases   ] GC(210)   Post Evacuate Collection Set: 2.5ms
[2024-12-15T18:55:38.249+0700][gc,phases   ] GC(210)   Other: 1.3ms
[2024-12-15T18:55:38.249+0700][gc,heap     ] GC(210) Eden regions: 48->0(45)
[2024-12-15T18:55:38.249+0700][gc,heap     ] GC(210) Survivor regions: 3->6(7)
[2024-12-15T18:55:38.249+0700][gc,heap     ] GC(210) Old regions: 116->116
[2024-12-15T18:55:38.249+0700][gc,heap     ] GC(210) Archive regions: 2->2
[2024-12-15T18:55:38.249+0700][gc,heap     ] GC(210) Humongous regions: 129->129
[2024-12-15T18:55:38.249+0700][gc,metaspace] GC(210) Metaspace: 44819K(45376K)->44819K(45376K) NonClass: 39652K(39936K)->39652K(39936K) Class: 5166K(5440K)->5166K(5440K)
[2024-12-15T18:55:38.249+0700][gc          ] GC(210) Pause Young (Normal) (G1 Evacuation Pause) 296M->251M(1024M) 47.624ms
[2024-12-15T18:55:38.249+0700][gc,cpu      ] GC(210) User=0.09s Sys=0.00s Real=0.05s
[2024-12-15T18:57:25.608+0700][gc,start    ] GC(211) Pause Young (Normal) (G1 Evacuation Pause)
[2024-12-15T18:57:25.608+0700][gc,task     ] GC(211) Using 2 workers of 2 for evacuation
[2024-12-15T18:57:25.670+0700][gc,mmu      ] GC(211) MMU target violated: 21.0ms (20.0ms/21.0ms)
[2024-12-15T18:57:25.671+0700][gc,phases   ] GC(211)   Pre Evacuate Collection Set: 2.4ms
[2024-12-15T18:57:25.671+0700][gc,phases   ] GC(211)   Merge Heap Roots: 0.6ms
[2024-12-15T18:57:25.671+0700][gc,phases   ] GC(211)   Evacuate Collection Set: 56.1ms
[2024-12-15T18:57:25.671+0700][gc,phases   ] GC(211)   Post Evacuate Collection Set: 2.6ms
[2024-12-15T18:57:25.671+0700][gc,phases   ] GC(211)   Other: 1.5ms
[2024-12-15T18:57:25.671+0700][gc,heap     ] GC(211) Eden regions: 45->0(46)
[2024-12-15T18:57:25.671+0700][gc,heap     ] GC(211) Survivor regions: 6->5(7)
[2024-12-15T18:57:25.671+0700][gc,heap     ] GC(211) Old regions: 116->120
[2024-12-15T18:57:25.671+0700][gc,heap     ] GC(211) Archive regions: 2->2
[2024-12-15T18:57:25.671+0700][gc,heap     ] GC(211) Humongous regions: 129->129
[2024-12-15T18:57:25.671+0700][gc,metaspace] GC(211) Metaspace: 44819K(45376K)->44819K(45376K) NonClass: 39652K(39936K)->39652K(39936K) Class: 5166K(5440K)->5166K(5440K)
[2024-12-15T18:57:25.671+0700][gc          ] GC(211) Pause Young (Normal) (G1 Evacuation Pause) 296M->254M(1024M) 63.244ms
[2024-12-15T18:57:25.671+0700][gc,cpu      ] GC(211) User=0.12s Sys=0.00s Real=0.06s
[2024-12-15T18:59:15.607+0700][gc,start    ] GC(212) Pause Young (Normal) (G1 Evacuation Pause)
[2024-12-15T18:59:15.607+0700][gc,task     ] GC(212) Using 2 workers of 2 for evacuation
[2024-12-15T18:59:15.646+0700][gc,mmu      ] GC(212) MMU target violated: 21.0ms (20.0ms/21.0ms)
[2024-12-15T18:59:15.646+0700][gc,phases   ] GC(212)   Pre Evacuate Collection Set: 3.5ms
[2024-12-15T18:59:15.646+0700][gc,phases   ] GC(212)   Merge Heap Roots: 0.5ms
[2024-12-15T18:59:15.646+0700][gc,phases   ] GC(212)   Evacuate Collection Set: 29.5ms
[2024-12-15T18:59:15.646+0700][gc,phases   ] GC(212)   Post Evacuate Collection Set: 3.8ms
[2024-12-15T18:59:15.646+0700][gc,phases   ] GC(212)   Other: 1.6ms
[2024-12-15T18:59:15.646+0700][gc,heap     ] GC(212) Eden regions: 46->0(48)
[2024-12-15T18:59:15.646+0700][gc,heap     ] GC(212) Survivor regions: 5->3(7)
[2024-12-15T18:59:15.646+0700][gc,heap     ] GC(212) Old regions: 120->122
[2024-12-15T18:59:15.646+0700][gc,heap     ] GC(212) Archive regions: 2->2
[2024-12-15T18:59:15.646+0700][gc,heap     ] GC(212) Humongous regions: 129->129
[2024-12-15T18:59:15.646+0700][gc,metaspace] GC(212) Metaspace: 44819K(45376K)->44819K(45376K) NonClass: 39652K(39936K)->39652K(39936K) Class: 5166K(5440K)->5166K(5440K)
[2024-12-15T18:59:15.646+0700][gc          ] GC(212) Pause Young (Normal) (G1 Evacuation Pause) 300M->254M(1024M) 38.806ms
[2024-12-15T18:59:15.646+0700][gc,cpu      ] GC(212) User=0.07s Sys=0.00s Real=0.04s
[2024-12-15T19:01:09.512+0700][gc,start    ] GC(213) Pause Young (Normal) (G1 Evacuation Pause)
[2024-12-15T19:01:09.512+0700][gc,task     ] GC(213) Using 2 workers of 2 for evacuation
[2024-12-15T19:01:09.558+0700][gc,mmu      ] GC(213) MMU target violated: 21.0ms (20.0ms/21.0ms)
[2024-12-15T19:01:09.558+0700][gc,phases   ] GC(213)   Pre Evacuate Collection Set: 2.5ms
[2024-12-15T19:01:09.558+0700][gc,phases   ] GC(213)   Merge Heap Roots: 0.6ms
[2024-12-15T19:01:09.558+0700][gc,phases   ] GC(213)   Evacuate Collection Set: 38.3ms
[2024-12-15T19:01:09.558+0700][gc,phases   ] GC(213)   Post Evacuate Collection Set: 3.7ms
[2024-12-15T19:01:09.558+0700][gc,phases   ] GC(213)   Other: 1.3ms
[2024-12-15T19:01:09.558+0700][gc,heap     ] GC(213) Eden regions: 48->0(45)
[2024-12-15T19:01:09.558+0700][gc,heap     ] GC(213) Survivor regions: 3->6(7)
[2024-12-15T19:01:09.558+0700][gc,heap     ] GC(213) Old regions: 122->122
[2024-12-15T19:01:09.558+0700][gc,heap     ] GC(213) Archive regions: 2->2
[2024-12-15T19:01:09.558+0700][gc,heap     ] GC(213) Humongous regions: 129->129
[2024-12-15T19:01:09.558+0700][gc,metaspace] GC(213) Metaspace: 44819K(45376K)->44819K(45376K) NonClass: 39652K(39936K)->39652K(39936K) Class: 5166K(5440K)->5166K(5440K)
[2024-12-15T19:01:09.558+0700][gc          ] GC(213) Pause Young (Normal) (G1 Evacuation Pause) 302M->257M(1024M) 46.366ms
[2024-12-15T19:01:09.558+0700][gc,cpu      ] GC(213) User=0.09s Sys=0.00s Real=0.05s
[2024-12-15T19:02:57.044+0700][gc,start    ] GC(214) Pause Young (Normal) (G1 Evacuation Pause)
[2024-12-15T19:02:57.045+0700][gc,task     ] GC(214) Using 2 workers of 2 for evacuation
[2024-12-15T19:02:57.102+0700][gc,mmu      ] GC(214) MMU target violated: 21.0ms (20.0ms/21.0ms)
[2024-12-15T19:02:57.102+0700][gc,phases   ] GC(214)   Pre Evacuate Collection Set: 2.5ms
[2024-12-15T19:02:57.102+0700][gc,phases   ] GC(214)   Merge Heap Roots: 1.1ms
[2024-12-15T19:02:57.102+0700][gc,phases   ] GC(214)   Evacuate Collection Set: 50.6ms
[2024-12-15T19:02:57.102+0700][gc,phases   ] GC(214)   Post Evacuate Collection Set: 2.6ms
[2024-12-15T19:02:57.102+0700][gc,phases   ] GC(214)   Other: 1.4ms
[2024-12-15T19:02:57.102+0700][gc,heap     ] GC(214) Eden regions: 45->0(46)
[2024-12-15T19:02:57.102+0700][gc,heap     ] GC(214) Survivor regions: 6->5(7)
[2024-12-15T19:02:57.102+0700][gc,heap     ] GC(214) Old regions: 122->127
[2024-12-15T19:02:57.102+0700][gc,heap     ] GC(214) Archive regions: 2->2
[2024-12-15T19:02:57.102+0700][gc,heap     ] GC(214) Humongous regions: 129->129
[2024-12-15T19:02:57.103+0700][gc,metaspace] GC(214) Metaspace: 44826K(45376K)->44826K(45376K) NonClass: 39659K(39936K)->39659K(39936K) Class: 5166K(5440K)->5166K(5440K)
[2024-12-15T19:02:57.103+0700][gc          ] GC(214) Pause Young (Normal) (G1 Evacuation Pause) 302M->260M(1024M) 58.316ms
[2024-12-15T19:02:57.103+0700][gc,cpu      ] GC(214) User=0.11s Sys=0.00s Real=0.06s
[2024-12-15T19:04:47.438+0700][gc,start    ] GC(215) Pause Young (Normal) (G1 Evacuation Pause)
[2024-12-15T19:04:47.439+0700][gc,task     ] GC(215) Using 2 workers of 2 for evacuation
[2024-12-15T19:04:47.477+0700][gc,mmu      ] GC(215) MMU target violated: 21.0ms (20.0ms/21.0ms)
[2024-12-15T19:04:47.477+0700][gc,phases   ] GC(215)   Pre Evacuate Collection Set: 3.1ms
[2024-12-15T19:04:47.477+0700][gc,phases   ] GC(215)   Merge Heap Roots: 0.6ms
[2024-12-15T19:04:47.477+0700][gc,phases   ] GC(215)   Evacuate Collection Set: 31.1ms
[2024-12-15T19:04:47.477+0700][gc,phases   ] GC(215)   Post Evacuate Collection Set: 2.8ms
[2024-12-15T19:04:47.477+0700][gc,phases   ] GC(215)   Other: 1.4ms
[2024-12-15T19:04:47.477+0700][gc,heap     ] GC(215) Eden regions: 46->0(48)
[2024-12-15T19:04:47.477+0700][gc,heap     ] GC(215) Survivor regions: 5->3(7)
[2024-12-15T19:04:47.477+0700][gc,heap     ] GC(215) Old regions: 127->129
[2024-12-15T19:04:47.477+0700][gc,heap     ] GC(215) Archive regions: 2->2
[2024-12-15T19:04:47.477+0700][gc,heap     ] GC(215) Humongous regions: 129->129
[2024-12-15T19:04:47.477+0700][gc,metaspace] GC(215) Metaspace: 44826K(45376K)->44826K(45376K) NonClass: 39659K(39936K)->39659K(39936K) Class: 5166K(5440K)->5166K(5440K)
[2024-12-15T19:04:47.477+0700][gc          ] GC(215) Pause Young (Normal) (G1 Evacuation Pause) 306M->261M(1024M) 39.070ms
[2024-12-15T19:04:47.477+0700][gc,cpu      ] GC(215) User=0.07s Sys=0.00s Real=0.04s
[2024-12-15T19:06:41.158+0700][gc,start    ] GC(216) Pause Young (Normal) (G1 Evacuation Pause)
[2024-12-15T19:06:41.159+0700][gc,task     ] GC(216) Using 2 workers of 2 for evacuation
[2024-12-15T19:06:41.201+0700][gc,mmu      ] GC(216) MMU target violated: 21.0ms (20.0ms/21.0ms)
[2024-12-15T19:06:41.201+0700][gc,phases   ] GC(216)   Pre Evacuate Collection Set: 2.6ms
[2024-12-15T19:06:41.201+0700][gc,phases   ] GC(216)   Merge Heap Roots: 0.7ms
[2024-12-15T19:06:41.201+0700][gc,phases   ] GC(216)   Evacuate Collection Set: 36.0ms
[2024-12-15T19:06:41.201+0700][gc,phases   ] GC(216)   Post Evacuate Collection Set: 2.7ms
[2024-12-15T19:06:41.201+0700][gc,phases   ] GC(216)   Other: 1.1ms
[2024-12-15T19:06:41.201+0700][gc,heap     ] GC(216) Eden regions: 48->0(45)
[2024-12-15T19:06:41.201+0700][gc,heap     ] GC(216) Survivor regions: 3->6(7)
[2024-12-15T19:06:41.201+0700][gc,heap     ] GC(216) Old regions: 129->129
[2024-12-15T19:06:41.201+0700][gc,heap     ] GC(216) Archive regions: 2->2
[2024-12-15T19:06:41.201+0700][gc,heap     ] GC(216) Humongous regions: 129->129
[2024-12-15T19:06:41.201+0700][gc,metaspace] GC(216) Metaspace: 44826K(45376K)->44826K(45376K) NonClass: 39659K(39936K)->39659K(39936K) Class: 5166K(5440K)->5166K(5440K)
[2024-12-15T19:06:41.201+0700][gc          ] GC(216) Pause Young (Normal) (G1 Evacuation Pause) 309M->264M(1024M) 43.042ms
[2024-12-15T19:06:41.201+0700][gc,cpu      ] GC(216) User=0.08s Sys=0.00s Real=0.04s
[2024-12-15T19:08:28.622+0700][gc,start    ] GC(217) Pause Young (Normal) (G1 Evacuation Pause)
[2024-12-15T19:08:28.623+0700][gc,task     ] GC(217) Using 2 workers of 2 for evacuation
[2024-12-15T19:08:28.681+0700][gc,mmu      ] GC(217) MMU target violated: 21.0ms (20.0ms/21.0ms)
[2024-12-15T19:08:28.682+0700][gc,phases   ] GC(217)   Pre Evacuate Collection Set: 2.5ms
[2024-12-15T19:08:28.682+0700][gc,phases   ] GC(217)   Merge Heap Roots: 0.6ms
[2024-12-15T19:08:28.682+0700][gc,phases   ] GC(217)   Evacuate Collection Set: 52.0ms
[2024-12-15T19:08:28.682+0700][gc,phases   ] GC(217)   Post Evacuate Collection Set: 3.2ms
[2024-12-15T19:08:28.682+0700][gc,phases   ] GC(217)   Other: 1.4ms
[2024-12-15T19:08:28.682+0700][gc,heap     ] GC(217) Eden regions: 45->0(44)
[2024-12-15T19:08:28.682+0700][gc,heap     ] GC(217) Survivor regions: 6->7(7)
[2024-12-15T19:08:28.682+0700][gc,heap     ] GC(217) Old regions: 129->131
[2024-12-15T19:08:28.682+0700][gc,heap     ] GC(217) Archive regions: 2->2
[2024-12-15T19:08:28.682+0700][gc,heap     ] GC(217) Humongous regions: 129->129
[2024-12-15T19:08:28.682+0700][gc,metaspace] GC(217) Metaspace: 44826K(45376K)->44826K(45376K) NonClass: 39659K(39936K)->39659K(39936K) Class: 5166K(5440K)->5166K(5440K)
[2024-12-15T19:08:28.682+0700][gc          ] GC(217) Pause Young (Normal) (G1 Evacuation Pause) 309M->267M(1024M) 59.738ms
[2024-12-15T19:08:28.682+0700][gc,cpu      ] GC(217) User=0.11s Sys=0.00s Real=0.06s
[2024-12-15T19:10:13.092+0700][gc,start    ] GC(218) Pause Young (Normal) (G1 Evacuation Pause)
[2024-12-15T19:10:13.092+0700][gc,task     ] GC(218) Using 2 workers of 2 for evacuation
[2024-12-15T19:10:13.157+0700][gc,mmu      ] GC(218) MMU target violated: 21.0ms (20.0ms/21.0ms)
[2024-12-15T19:10:13.157+0700][gc,phases   ] GC(218)   Pre Evacuate Collection Set: 3.7ms
[2024-12-15T19:10:13.157+0700][gc,phases   ] GC(218)   Merge Heap Roots: 0.6ms
[2024-12-15T19:10:13.157+0700][gc,phases   ] GC(218)   Evacuate Collection Set: 57.9ms
[2024-12-15T19:10:13.157+0700][gc,phases   ] GC(218)   Post Evacuate Collection Set: 2.6ms
[2024-12-15T19:10:13.157+0700][gc,phases   ] GC(218)   Other: 1.2ms
[2024-12-15T19:10:13.157+0700][gc,heap     ] GC(218) Eden regions: 44->0(46)
[2024-12-15T19:10:13.157+0700][gc,heap     ] GC(218) Survivor regions: 7->5(7)
[2024-12-15T19:10:13.157+0700][gc,heap     ] GC(218) Old regions: 131->135
[2024-12-15T19:10:13.157+0700][gc,heap     ] GC(218) Archive regions: 2->2
[2024-12-15T19:10:13.157+0700][gc,heap     ] GC(218) Humongous regions: 129->129
[2024-12-15T19:10:13.157+0700][gc,metaspace] GC(218) Metaspace: 44844K(45440K)->44844K(45440K) NonClass: 39677K(40000K)->39677K(40000K) Class: 5166K(5440K)->5166K(5440K)
[2024-12-15T19:10:13.158+0700][gc          ] GC(218) Pause Young (Normal) (G1 Evacuation Pause) 311M->269M(1024M) 65.911ms
[2024-12-15T19:10:13.158+0700][gc,cpu      ] GC(218) User=0.12s Sys=0.00s Real=0.07s
[2024-12-15T19:12:02.642+0700][gc,start    ] GC(219) Pause Young (Normal) (G1 Evacuation Pause)
[2024-12-15T19:12:02.642+0700][gc,task     ] GC(219) Using 2 workers of 2 for evacuation
[2024-12-15T19:12:02.693+0700][gc,mmu      ] GC(219) MMU target violated: 21.0ms (20.0ms/21.0ms)
[2024-12-15T19:12:02.693+0700][gc,phases   ] GC(219)   Pre Evacuate Collection Set: 9.4ms
[2024-12-15T19:12:02.693+0700][gc,phases   ] GC(219)   Merge Heap Roots: 1.3ms
[2024-12-15T19:12:02.693+0700][gc,phases   ] GC(219)   Evacuate Collection Set: 35.1ms
[2024-12-15T19:12:02.693+0700][gc,phases   ] GC(219)   Post Evacuate Collection Set: 3.4ms
[2024-12-15T19:12:02.693+0700][gc,phases   ] GC(219)   Other: 2.1ms
[2024-12-15T19:12:02.693+0700][gc,heap     ] GC(219) Eden regions: 46->0(47)
[2024-12-15T19:12:02.693+0700][gc,heap     ] GC(219) Survivor regions: 5->4(7)
[2024-12-15T19:12:02.693+0700][gc,heap     ] GC(219) Old regions: 135->138
[2024-12-15T19:12:02.693+0700][gc,heap     ] GC(219) Archive regions: 2->2
[2024-12-15T19:12:02.693+0700][gc,heap     ] GC(219) Humongous regions: 129->129
[2024-12-15T19:12:02.693+0700][gc,metaspace] GC(219) Metaspace: 44844K(45440K)->44844K(45440K) NonClass: 39677K(40000K)->39677K(40000K) Class: 5166K(5440K)->5166K(5440K)
[2024-12-15T19:12:02.693+0700][gc          ] GC(219) Pause Young (Normal) (G1 Evacuation Pause) 315M->270M(1024M) 51.181ms
[2024-12-15T19:12:02.694+0700][gc,cpu      ] GC(219) User=0.08s Sys=0.00s Real=0.06s
[2024-12-15T19:13:54.945+0700][gc,start    ] GC(220) Pause Young (Normal) (G1 Evacuation Pause)
[2024-12-15T19:13:54.946+0700][gc,task     ] GC(220) Using 2 workers of 2 for evacuation
[2024-12-15T19:13:55.019+0700][gc,mmu      ] GC(220) MMU target violated: 21.0ms (20.0ms/21.0ms)
[2024-12-15T19:13:55.019+0700][gc,phases   ] GC(220)   Pre Evacuate Collection Set: 10.5ms
[2024-12-15T19:13:55.019+0700][gc,phases   ] GC(220)   Merge Heap Roots: 1.4ms
[2024-12-15T19:13:55.019+0700][gc,phases   ] GC(220)   Evacuate Collection Set: 54.2ms
[2024-12-15T19:13:55.019+0700][gc,phases   ] GC(220)   Post Evacuate Collection Set: 5.7ms
[2024-12-15T19:13:55.019+0700][gc,phases   ] GC(220)   Other: 2.9ms
[2024-12-15T19:13:55.019+0700][gc,heap     ] GC(220) Eden regions: 47->0(44)
[2024-12-15T19:13:55.019+0700][gc,heap     ] GC(220) Survivor regions: 4->7(7)
[2024-12-15T19:13:55.019+0700][gc,heap     ] GC(220) Old regions: 138->138
[2024-12-15T19:13:55.019+0700][gc,heap     ] GC(220) Archive regions: 2->2
[2024-12-15T19:13:55.019+0700][gc,heap     ] GC(220) Humongous regions: 129->129
[2024-12-15T19:13:55.019+0700][gc,metaspace] GC(220) Metaspace: 44844K(45440K)->44844K(45440K) NonClass: 39677K(40000K)->39677K(40000K) Class: 5166K(5440K)->5166K(5440K)
[2024-12-15T19:13:55.020+0700][gc          ] GC(220) Pause Young (Normal) (G1 Evacuation Pause) 317M->273M(1024M) 74.427ms
[2024-12-15T19:13:55.020+0700][gc,cpu      ] GC(220) User=0.13s Sys=0.00s Real=0.07s
[2024-12-15T19:15:40.320+0700][gc,start    ] GC(221) Pause Young (Normal) (G1 Evacuation Pause)
[2024-12-15T19:15:40.320+0700][gc,task     ] GC(221) Using 2 workers of 2 for evacuation
[2024-12-15T19:15:40.384+0700][gc,mmu      ] GC(221) MMU target violated: 21.0ms (20.0ms/21.0ms)
[2024-12-15T19:15:40.384+0700][gc,phases   ] GC(221)   Pre Evacuate Collection Set: 2.7ms
[2024-12-15T19:15:40.384+0700][gc,phases   ] GC(221)   Merge Heap Roots: 0.9ms
[2024-12-15T19:15:40.384+0700][gc,phases   ] GC(221)   Evacuate Collection Set: 56.9ms
[2024-12-15T19:15:40.384+0700][gc,phases   ] GC(221)   Post Evacuate Collection Set: 2.7ms
[2024-12-15T19:15:40.384+0700][gc,phases   ] GC(221)   Other: 1.3ms
[2024-12-15T19:15:40.384+0700][gc,heap     ] GC(221) Eden regions: 44->0(46)
[2024-12-15T19:15:40.384+0700][gc,heap     ] GC(221) Survivor regions: 7->5(7)
[2024-12-15T19:15:40.384+0700][gc,heap     ] GC(221) Old regions: 138->142
[2024-12-15T19:15:40.384+0700][gc,heap     ] GC(221) Archive regions: 2->2
[2024-12-15T19:15:40.384+0700][gc,heap     ] GC(221) Humongous regions: 129->129
[2024-12-15T19:15:40.384+0700][gc,metaspace] GC(221) Metaspace: 44844K(45440K)->44844K(45440K) NonClass: 39677K(40000K)->39677K(40000K) Class: 5166K(5440K)->5166K(5440K)
[2024-12-15T19:15:40.384+0700][gc          ] GC(221) Pause Young (Normal) (G1 Evacuation Pause) 317M->276M(1024M) 64.570ms
[2024-12-15T19:15:40.384+0700][gc,cpu      ] GC(221) User=0.12s Sys=0.00s Real=0.06s
[2024-12-15T19:17:30.102+0700][gc,start    ] GC(222) Pause Young (Normal) (G1 Evacuation Pause)
[2024-12-15T19:17:30.103+0700][gc,task     ] GC(222) Using 2 workers of 2 for evacuation
[2024-12-15T19:17:30.146+0700][gc,mmu      ] GC(222) MMU target violated: 21.0ms (20.0ms/21.0ms)
[2024-12-15T19:17:30.146+0700][gc,phases   ] GC(222)   Pre Evacuate Collection Set: 3.7ms
[2024-12-15T19:17:30.146+0700][gc,phases   ] GC(222)   Merge Heap Roots: 0.6ms
[2024-12-15T19:17:30.146+0700][gc,phases   ] GC(222)   Evacuate Collection Set: 33.8ms
[2024-12-15T19:17:30.146+0700][gc,phases   ] GC(222)   Post Evacuate Collection Set: 4.3ms
[2024-12-15T19:17:30.146+0700][gc,phases   ] GC(222)   Other: 1.6ms
[2024-12-15T19:17:30.146+0700][gc,heap     ] GC(222) Eden regions: 46->0(48)
[2024-12-15T19:17:30.146+0700][gc,heap     ] GC(222) Survivor regions: 5->3(7)
[2024-12-15T19:17:30.146+0700][gc,heap     ] GC(222) Old regions: 142->144
[2024-12-15T19:17:30.146+0700][gc,heap     ] GC(222) Archive regions: 2->2
[2024-12-15T19:17:30.146+0700][gc,heap     ] GC(222) Humongous regions: 129->129
[2024-12-15T19:17:30.146+0700][gc,metaspace] GC(222) Metaspace: 44844K(45440K)->44844K(45440K) NonClass: 39677K(40000K)->39677K(40000K) Class: 5166K(5440K)->5166K(5440K)
[2024-12-15T19:17:30.146+0700][gc          ] GC(222) Pause Young (Normal) (G1 Evacuation Pause) 322M->276M(1024M) 43.932ms
[2024-12-15T19:17:30.146+0700][gc,cpu      ] GC(222) User=0.08s Sys=0.00s Real=0.05s
[2024-12-15T19:19:24.766+0700][gc,start    ] GC(223) Pause Young (Normal) (G1 Evacuation Pause)
[2024-12-15T19:19:24.766+0700][gc,task     ] GC(223) Using 2 workers of 2 for evacuation
[2024-12-15T19:19:24.841+0700][gc,mmu      ] GC(223) MMU target violated: 21.0ms (20.0ms/21.0ms)
[2024-12-15T19:19:24.841+0700][gc,phases   ] GC(223)   Pre Evacuate Collection Set: 3.1ms
[2024-12-15T19:19:24.841+0700][gc,phases   ] GC(223)   Merge Heap Roots: 0.7ms
[2024-12-15T19:19:24.841+0700][gc,phases   ] GC(223)   Evacuate Collection Set: 67.6ms
[2024-12-15T19:19:24.841+0700][gc,phases   ] GC(223)   Post Evacuate Collection Set: 2.8ms
[2024-12-15T19:19:24.841+0700][gc,phases   ] GC(223)   Other: 1.4ms
[2024-12-15T19:19:24.841+0700][gc,heap     ] GC(223) Eden regions: 48->0(45)
[2024-12-15T19:19:24.841+0700][gc,heap     ] GC(223) Survivor regions: 3->6(7)
[2024-12-15T19:19:24.841+0700][gc,heap     ] GC(223) Old regions: 144->144
[2024-12-15T19:19:24.841+0700][gc,heap     ] GC(223) Archive regions: 2->2
[2024-12-15T19:19:24.841+0700][gc,heap     ] GC(223) Humongous regions: 129->129
[2024-12-15T19:19:24.841+0700][gc,metaspace] GC(223) Metaspace: 44845K(45440K)->44845K(45440K) NonClass: 39678K(40000K)->39678K(40000K) Class: 5166K(5440K)->5166K(5440K)
[2024-12-15T19:19:24.841+0700][gc          ] GC(223) Pause Young (Normal) (G1 Evacuation Pause) 324M->279M(1024M) 75.501ms
[2024-12-15T19:19:24.842+0700][gc,cpu      ] GC(223) User=0.12s Sys=0.00s Real=0.07s
[2024-12-15T19:21:12.251+0700][gc,start    ] GC(224) Pause Young (Normal) (G1 Evacuation Pause)
[2024-12-15T19:21:12.251+0700][gc,task     ] GC(224) Using 2 workers of 2 for evacuation
[2024-12-15T19:21:12.321+0700][gc,mmu      ] GC(224) MMU target violated: 21.0ms (20.0ms/21.0ms)
[2024-12-15T19:21:12.322+0700][gc,phases   ] GC(224)   Pre Evacuate Collection Set: 2.7ms
[2024-12-15T19:21:12.322+0700][gc,phases   ] GC(224)   Merge Heap Roots: 0.9ms
[2024-12-15T19:21:12.322+0700][gc,phases   ] GC(224)   Evacuate Collection Set: 62.1ms
[2024-12-15T19:21:12.322+0700][gc,phases   ] GC(224)   Post Evacuate Collection Set: 3.4ms
[2024-12-15T19:21:12.322+0700][gc,phases   ] GC(224)   Other: 1.6ms
[2024-12-15T19:21:12.322+0700][gc,heap     ] GC(224) Eden regions: 45->0(46)
[2024-12-15T19:21:12.322+0700][gc,heap     ] GC(224) Survivor regions: 6->5(7)
[2024-12-15T19:21:12.322+0700][gc,heap     ] GC(224) Old regions: 144->148
[2024-12-15T19:21:12.322+0700][gc,heap     ] GC(224) Archive regions: 2->2
[2024-12-15T19:21:12.322+0700][gc,heap     ] GC(224) Humongous regions: 129->129
[2024-12-15T19:21:12.322+0700][gc,metaspace] GC(224) Metaspace: 44845K(45440K)->44845K(45440K) NonClass: 39678K(40000K)->39678K(40000K) Class: 5166K(5440K)->5166K(5440K)
[2024-12-15T19:21:12.322+0700][gc          ] GC(224) Pause Young (Normal) (G1 Evacuation Pause) 324M->282M(1024M) 70.749ms
[2024-12-15T19:21:12.322+0700][gc,cpu      ] GC(224) User=0.14s Sys=0.00s Real=0.07s
[2024-12-15T19:23:01.755+0700][gc,start    ] GC(225) Pause Young (Normal) (G1 Evacuation Pause)
[2024-12-15T19:23:01.755+0700][gc,task     ] GC(225) Using 2 workers of 2 for evacuation
[2024-12-15T19:23:01.795+0700][gc,mmu      ] GC(225) MMU target violated: 21.0ms (20.0ms/21.0ms)
[2024-12-15T19:23:01.795+0700][gc,phases   ] GC(225)   Pre Evacuate Collection Set: 2.5ms
[2024-12-15T19:23:01.795+0700][gc,phases   ] GC(225)   Merge Heap Roots: 1.1ms
[2024-12-15T19:23:01.795+0700][gc,phases   ] GC(225)   Evacuate Collection Set: 33.4ms
[2024-12-15T19:23:01.795+0700][gc,phases   ] GC(225)   Post Evacuate Collection Set: 2.9ms
[2024-12-15T19:23:01.796+0700][gc,phases   ] GC(225)   Other: 1.2ms
[2024-12-15T19:23:01.796+0700][gc,heap     ] GC(225) Eden regions: 46->0(48)
[2024-12-15T19:23:01.796+0700][gc,heap     ] GC(225) Survivor regions: 5->3(7)
[2024-12-15T19:23:01.796+0700][gc,heap     ] GC(225) Old regions: 148->150
[2024-12-15T19:23:01.796+0700][gc,heap     ] GC(225) Archive regions: 2->2
[2024-12-15T19:23:01.796+0700][gc,heap     ] GC(225) Humongous regions: 129->129
[2024-12-15T19:23:01.796+0700][gc,metaspace] GC(225) Metaspace: 44845K(45440K)->44845K(45440K) NonClass: 39678K(40000K)->39678K(40000K) Class: 5166K(5440K)->5166K(5440K)
[2024-12-15T19:23:01.796+0700][gc          ] GC(225) Pause Young (Normal) (G1 Evacuation Pause) 328M->282M(1024M) 41.178ms
[2024-12-15T19:23:01.796+0700][gc,cpu      ] GC(225) User=0.08s Sys=0.00s Real=0.04s
[2024-12-15T19:24:56.659+0700][gc,start    ] GC(226) Pause Young (Normal) (G1 Evacuation Pause)
[2024-12-15T19:24:56.659+0700][gc,task     ] GC(226) Using 2 workers of 2 for evacuation
[2024-12-15T19:24:56.705+0700][gc,mmu      ] GC(226) MMU target violated: 21.0ms (20.0ms/21.0ms)
[2024-12-15T19:24:56.706+0700][gc,phases   ] GC(226)   Pre Evacuate Collection Set: 3.2ms
[2024-12-15T19:24:56.706+0700][gc,phases   ] GC(226)   Merge Heap Roots: 0.7ms
[2024-12-15T19:24:56.706+0700][gc,phases   ] GC(226)   Evacuate Collection Set: 38.4ms
[2024-12-15T19:24:56.706+0700][gc,phases   ] GC(226)   Post Evacuate Collection Set: 3.6ms
[2024-12-15T19:24:56.706+0700][gc,phases   ] GC(226)   Other: 1.2ms
[2024-12-15T19:24:56.706+0700][gc,heap     ] GC(226) Eden regions: 48->0(45)
[2024-12-15T19:24:56.706+0700][gc,heap     ] GC(226) Survivor regions: 3->6(7)
[2024-12-15T19:24:56.706+0700][gc,heap     ] GC(226) Old regions: 150->150
[2024-12-15T19:24:56.706+0700][gc,heap     ] GC(226) Archive regions: 2->2
[2024-12-15T19:24:56.706+0700][gc,heap     ] GC(226) Humongous regions: 129->129
[2024-12-15T19:24:56.706+0700][gc,metaspace] GC(226) Metaspace: 44845K(45440K)->44845K(45440K) NonClass: 39678K(40000K)->39678K(40000K) Class: 5166K(5440K)->5166K(5440K)
[2024-12-15T19:24:56.706+0700][gc          ] GC(226) Pause Young (Normal) (G1 Evacuation Pause) 330M->285M(1024M) 47.040ms
[2024-12-15T19:24:56.706+0700][gc,cpu      ] GC(226) User=0.08s Sys=0.00s Real=0.05s
[2024-12-15T19:26:44.257+0700][gc,start    ] GC(227) Pause Young (Normal) (G1 Evacuation Pause)
[2024-12-15T19:26:44.258+0700][gc,task     ] GC(227) Using 2 workers of 2 for evacuation
[2024-12-15T19:26:44.321+0700][gc,mmu      ] GC(227) MMU target violated: 21.0ms (20.0ms/21.0ms)
[2024-12-15T19:26:44.322+0700][gc,phases   ] GC(227)   Pre Evacuate Collection Set: 2.4ms
[2024-12-15T19:26:44.322+0700][gc,phases   ] GC(227)   Merge Heap Roots: 1.0ms
[2024-12-15T19:26:44.322+0700][gc,phases   ] GC(227)   Evacuate Collection Set: 56.3ms
[2024-12-15T19:26:44.322+0700][gc,phases   ] GC(227)   Post Evacuate Collection Set: 3.6ms
[2024-12-15T19:26:44.322+0700][gc,phases   ] GC(227)   Other: 1.3ms
[2024-12-15T19:26:44.322+0700][gc,heap     ] GC(227) Eden regions: 45->0(46)
[2024-12-15T19:26:44.322+0700][gc,heap     ] GC(227) Survivor regions: 6->5(7)
[2024-12-15T19:26:44.322+0700][gc,heap     ] GC(227) Old regions: 150->154
[2024-12-15T19:26:44.322+0700][gc,heap     ] GC(227) Archive regions: 2->2
[2024-12-15T19:26:44.322+0700][gc,heap     ] GC(227) Humongous regions: 129->129
[2024-12-15T19:26:44.322+0700][gc,metaspace] GC(227) Metaspace: 44845K(45440K)->44845K(45440K) NonClass: 39678K(40000K)->39678K(40000K) Class: 5166K(5440K)->5166K(5440K)
[2024-12-15T19:26:44.322+0700][gc          ] GC(227) Pause Young (Normal) (G1 Evacuation Pause) 330M->288M(1024M) 64.585ms
[2024-12-15T19:26:44.322+0700][gc,cpu      ] GC(227) User=0.11s Sys=0.00s Real=0.06s
[2024-12-15T19:28:34.347+0700][gc,start    ] GC(228) Pause Young (Normal) (G1 Evacuation Pause)
[2024-12-15T19:28:34.348+0700][gc,task     ] GC(228) Using 2 workers of 2 for evacuation
[2024-12-15T19:28:34.400+0700][gc,mmu      ] GC(228) MMU target violated: 21.0ms (20.0ms/21.0ms)
[2024-12-15T19:28:34.401+0700][gc,phases   ] GC(228)   Pre Evacuate Collection Set: 4.2ms
[2024-12-15T19:28:34.401+0700][gc,phases   ] GC(228)   Merge Heap Roots: 1.0ms
[2024-12-15T19:28:34.401+0700][gc,phases   ] GC(228)   Evacuate Collection Set: 43.2ms
[2024-12-15T19:28:34.401+0700][gc,phases   ] GC(228)   Post Evacuate Collection Set: 3.7ms
[2024-12-15T19:28:34.401+0700][gc,phases   ] GC(228)   Other: 1.4ms
[2024-12-15T19:28:34.401+0700][gc,heap     ] GC(228) Eden regions: 46->0(48)
[2024-12-15T19:28:34.401+0700][gc,heap     ] GC(228) Survivor regions: 5->3(7)
[2024-12-15T19:28:34.401+0700][gc,heap     ] GC(228) Old regions: 154->156
[2024-12-15T19:28:34.401+0700][gc,heap     ] GC(228) Archive regions: 2->2
[2024-12-15T19:28:34.401+0700][gc,heap     ] GC(228) Humongous regions: 129->129
[2024-12-15T19:28:34.401+0700][gc,metaspace] GC(228) Metaspace: 44845K(45440K)->44845K(45440K) NonClass: 39678K(40000K)->39678K(40000K) Class: 5166K(5440K)->5166K(5440K)
[2024-12-15T19:28:34.401+0700][gc          ] GC(228) Pause Young (Normal) (G1 Evacuation Pause) 334M->288M(1024M) 53.641ms
[2024-12-15T19:28:34.401+0700][gc,cpu      ] GC(228) User=0.10s Sys=0.00s Real=0.05s
[2024-12-15T19:30:29.472+0700][gc,start    ] GC(229) Pause Young (Normal) (G1 Evacuation Pause)
[2024-12-15T19:30:29.472+0700][gc,task     ] GC(229) Using 2 workers of 2 for evacuation
[2024-12-15T19:30:29.517+0700][gc,mmu      ] GC(229) MMU target violated: 21.0ms (20.0ms/21.0ms)
[2024-12-15T19:30:29.517+0700][gc,phases   ] GC(229)   Pre Evacuate Collection Set: 2.5ms
[2024-12-15T19:30:29.517+0700][gc,phases   ] GC(229)   Merge Heap Roots: 0.6ms
[2024-12-15T19:30:29.517+0700][gc,phases   ] GC(229)   Evacuate Collection Set: 38.7ms
[2024-12-15T19:30:29.517+0700][gc,phases   ] GC(229)   Post Evacuate Collection Set: 2.3ms
[2024-12-15T19:30:29.517+0700][gc,phases   ] GC(229)   Other: 1.4ms
[2024-12-15T19:30:29.517+0700][gc,heap     ] GC(229) Eden regions: 48->0(45)
[2024-12-15T19:30:29.517+0700][gc,heap     ] GC(229) Survivor regions: 3->6(7)
[2024-12-15T19:30:29.517+0700][gc,heap     ] GC(229) Old regions: 156->156
[2024-12-15T19:30:29.517+0700][gc,heap     ] GC(229) Archive regions: 2->2
[2024-12-15T19:30:29.517+0700][gc,heap     ] GC(229) Humongous regions: 129->129
[2024-12-15T19:30:29.517+0700][gc,metaspace] GC(229) Metaspace: 44845K(45440K)->44845K(45440K) NonClass: 39678K(40000K)->39678K(40000K) Class: 5166K(5440K)->5166K(5440K)
[2024-12-15T19:30:29.517+0700][gc          ] GC(229) Pause Young (Normal) (G1 Evacuation Pause) 336M->291M(1024M) 45.505ms
[2024-12-15T19:30:29.517+0700][gc,cpu      ] GC(229) User=0.09s Sys=0.00s Real=0.05s
[2024-12-15T19:32:17.022+0700][gc,start    ] GC(230) Pause Young (Normal) (G1 Evacuation Pause)
[2024-12-15T19:32:17.023+0700][gc,task     ] GC(230) Using 2 workers of 2 for evacuation
[2024-12-15T19:32:17.128+0700][gc,mmu      ] GC(230) MMU target violated: 21.0ms (20.0ms/21.0ms)
[2024-12-15T19:32:17.128+0700][gc,phases   ] GC(230)   Pre Evacuate Collection Set: 5.1ms
[2024-12-15T19:32:17.128+0700][gc,phases   ] GC(230)   Merge Heap Roots: 1.5ms
[2024-12-15T19:32:17.128+0700][gc,phases   ] GC(230)   Evacuate Collection Set: 90.5ms
[2024-12-15T19:32:17.128+0700][gc,phases   ] GC(230)   Post Evacuate Collection Set: 7.2ms
[2024-12-15T19:32:17.128+0700][gc,phases   ] GC(230)   Other: 1.7ms
[2024-12-15T19:32:17.128+0700][gc,heap     ] GC(230) Eden regions: 45->0(46)
[2024-12-15T19:32:17.128+0700][gc,heap     ] GC(230) Survivor regions: 6->5(7)
[2024-12-15T19:32:17.128+0700][gc,heap     ] GC(230) Old regions: 156->161
[2024-12-15T19:32:17.128+0700][gc,heap     ] GC(230) Archive regions: 2->2
[2024-12-15T19:32:17.128+0700][gc,heap     ] GC(230) Humongous regions: 129->129
[2024-12-15T19:32:17.128+0700][gc,metaspace] GC(230) Metaspace: 44845K(45440K)->44845K(45440K) NonClass: 39678K(40000K)->39678K(40000K) Class: 5166K(5440K)->5166K(5440K)
[2024-12-15T19:32:17.128+0700][gc          ] GC(230) Pause Young (Normal) (G1 Evacuation Pause) 336M->294M(1024M) 105.921ms
[2024-12-15T19:32:17.128+0700][gc,cpu      ] GC(230) User=0.19s Sys=0.00s Real=0.11s
[2024-12-15T19:34:06.566+0700][gc,start    ] GC(231) Pause Young (Normal) (G1 Evacuation Pause)
[2024-12-15T19:34:06.566+0700][gc,task     ] GC(231) Using 2 workers of 2 for evacuation
[2024-12-15T19:34:06.607+0700][gc,mmu      ] GC(231) MMU target violated: 21.0ms (20.0ms/21.0ms)
[2024-12-15T19:34:06.607+0700][gc,phases   ] GC(231)   Pre Evacuate Collection Set: 2.7ms
[2024-12-15T19:34:06.607+0700][gc,phases   ] GC(231)   Merge Heap Roots: 1.1ms
[2024-12-15T19:34:06.607+0700][gc,phases   ] GC(231)   Evacuate Collection Set: 33.5ms
[2024-12-15T19:34:06.607+0700][gc,phases   ] GC(231)   Post Evacuate Collection Set: 2.9ms
[2024-12-15T19:34:06.607+0700][gc,phases   ] GC(231)   Other: 1.3ms
[2024-12-15T19:34:06.607+0700][gc,heap     ] GC(231) Eden regions: 46->0(48)
[2024-12-15T19:34:06.607+0700][gc,heap     ] GC(231) Survivor regions: 5->3(7)
[2024-12-15T19:34:06.607+0700][gc,heap     ] GC(231) Old regions: 161->163
[2024-12-15T19:34:06.607+0700][gc,heap     ] GC(231) Archive regions: 2->2
[2024-12-15T19:34:06.607+0700][gc,heap     ] GC(231) Humongous regions: 129->129
[2024-12-15T19:34:06.607+0700][gc,metaspace] GC(231) Metaspace: 44845K(45440K)->44845K(45440K) NonClass: 39678K(40000K)->39678K(40000K) Class: 5166K(5440K)->5166K(5440K)
[2024-12-15T19:34:06.607+0700][gc          ] GC(231) Pause Young (Normal) (G1 Evacuation Pause) 340M->295M(1024M) 41.630ms
[2024-12-15T19:34:06.607+0700][gc,cpu      ] GC(231) User=0.08s Sys=0.00s Real=0.04s
[2024-12-15T19:36:01.496+0700][gc,start    ] GC(232) Pause Young (Normal) (G1 Evacuation Pause)
[2024-12-15T19:36:01.496+0700][gc,task     ] GC(232) Using 2 workers of 2 for evacuation
[2024-12-15T19:36:01.555+0700][gc,mmu      ] GC(232) MMU target violated: 21.0ms (20.0ms/21.0ms)
[2024-12-15T19:36:01.556+0700][gc,phases   ] GC(232)   Pre Evacuate Collection Set: 11.2ms
[2024-12-15T19:36:01.556+0700][gc,phases   ] GC(232)   Merge Heap Roots: 0.8ms
[2024-12-15T19:36:01.556+0700][gc,phases   ] GC(232)   Evacuate Collection Set: 42.3ms
[2024-12-15T19:36:01.556+0700][gc,phases   ] GC(232)   Post Evacuate Collection Set: 4.7ms
[2024-12-15T19:36:01.556+0700][gc,phases   ] GC(232)   Other: 1.6ms
[2024-12-15T19:36:01.556+0700][gc,heap     ] GC(232) Eden regions: 48->0(45)
[2024-12-15T19:36:01.556+0700][gc,heap     ] GC(232) Survivor regions: 3->6(7)
[2024-12-15T19:36:01.556+0700][gc,heap     ] GC(232) Old regions: 163->163
[2024-12-15T19:36:01.556+0700][gc,heap     ] GC(232) Archive regions: 2->2
[2024-12-15T19:36:01.556+0700][gc,heap     ] GC(232) Humongous regions: 129->129
[2024-12-15T19:36:01.556+0700][gc,metaspace] GC(232) Metaspace: 44845K(45440K)->44845K(45440K) NonClass: 39678K(40000K)->39678K(40000K) Class: 5166K(5440K)->5166K(5440K)
[2024-12-15T19:36:01.556+0700][gc          ] GC(232) Pause Young (Normal) (G1 Evacuation Pause) 343M->298M(1024M) 60.620ms
[2024-12-15T19:36:01.556+0700][gc,cpu      ] GC(232) User=0.11s Sys=0.00s Real=0.06s
[2024-12-15T19:37:48.935+0700][gc,start    ] GC(233) Pause Young (Normal) (G1 Evacuation Pause)
[2024-12-15T19:37:48.936+0700][gc,task     ] GC(233) Using 2 workers of 2 for evacuation
[2024-12-15T19:37:48.995+0700][gc,mmu      ] GC(233) MMU target violated: 21.0ms (20.0ms/21.0ms)
[2024-12-15T19:37:48.995+0700][gc,phases   ] GC(233)   Pre Evacuate Collection Set: 2.4ms
[2024-12-15T19:37:48.995+0700][gc,phases   ] GC(233)   Merge Heap Roots: 0.6ms
[2024-12-15T19:37:48.995+0700][gc,phases   ] GC(233)   Evacuate Collection Set: 52.5ms
[2024-12-15T19:37:48.995+0700][gc,phases   ] GC(233)   Post Evacuate Collection Set: 3.0ms
[2024-12-15T19:37:48.995+0700][gc,phases   ] GC(233)   Other: 1.3ms
[2024-12-15T19:37:48.995+0700][gc,heap     ] GC(233) Eden regions: 45->0(44)
[2024-12-15T19:37:48.995+0700][gc,heap     ] GC(233) Survivor regions: 6->7(7)
[2024-12-15T19:37:48.995+0700][gc,heap     ] GC(233) Old regions: 163->165
[2024-12-15T19:37:48.995+0700][gc,heap     ] GC(233) Archive regions: 2->2
[2024-12-15T19:37:48.995+0700][gc,heap     ] GC(233) Humongous regions: 129->129
[2024-12-15T19:37:48.995+0700][gc,metaspace] GC(233) Metaspace: 44845K(45440K)->44845K(45440K) NonClass: 39678K(40000K)->39678K(40000K) Class: 5166K(5440K)->5166K(5440K)
[2024-12-15T19:37:48.995+0700][gc          ] GC(233) Pause Young (Normal) (G1 Evacuation Pause) 343M->300M(1024M) 59.905ms
[2024-12-15T19:37:48.995+0700][gc,cpu      ] GC(233) User=0.11s Sys=0.00s Real=0.06s
[2024-12-15T19:39:34.351+0700][gc,start    ] GC(234) Pause Young (Normal) (G1 Evacuation Pause)
[2024-12-15T19:39:34.352+0700][gc,task     ] GC(234) Using 2 workers of 2 for evacuation
[2024-12-15T19:39:34.397+0700][gc,mmu      ] GC(234) MMU target violated: 21.0ms (20.0ms/21.0ms)
[2024-12-15T19:39:34.397+0700][gc,phases   ] GC(234)   Pre Evacuate Collection Set: 3.2ms
[2024-12-15T19:39:34.397+0700][gc,phases   ] GC(234)   Merge Heap Roots: 1.0ms
[2024-12-15T19:39:34.398+0700][gc,phases   ] GC(234)   Evacuate Collection Set: 38.0ms
[2024-12-15T19:39:34.398+0700][gc,phases   ] GC(234)   Post Evacuate Collection Set: 3.0ms
[2024-12-15T19:39:34.398+0700][gc,phases   ] GC(234)   Other: 1.3ms
[2024-12-15T19:39:34.398+0700][gc,heap     ] GC(234) Eden regions: 44->0(48)
[2024-12-15T19:39:34.398+0700][gc,heap     ] GC(234) Survivor regions: 7->3(7)
[2024-12-15T19:39:34.398+0700][gc,heap     ] GC(234) Old regions: 165->169
[2024-12-15T19:39:34.398+0700][gc,heap     ] GC(234) Archive regions: 2->2
[2024-12-15T19:39:34.398+0700][gc,heap     ] GC(234) Humongous regions: 129->129
[2024-12-15T19:39:34.398+0700][gc,metaspace] GC(234) Metaspace: 44846K(45440K)->44846K(45440K) NonClass: 39679K(40000K)->39679K(40000K) Class: 5166K(5440K)->5166K(5440K)
[2024-12-15T19:39:34.398+0700][gc          ] GC(234) Pause Young (Normal) (G1 Evacuation Pause) 344M->300M(1024M) 46.488ms
[2024-12-15T19:39:34.398+0700][gc,cpu      ] GC(234) User=0.08s Sys=0.00s Real=0.05s
[2024-12-15T19:41:28.823+0700][gc,start    ] GC(235) Pause Young (Normal) (G1 Evacuation Pause)
[2024-12-15T19:41:28.824+0700][gc,task     ] GC(235) Using 2 workers of 2 for evacuation
[2024-12-15T19:41:28.883+0700][gc,mmu      ] GC(235) MMU target violated: 21.0ms (20.0ms/21.0ms)
[2024-12-15T19:41:28.883+0700][gc,phases   ] GC(235)   Pre Evacuate Collection Set: 5.6ms
[2024-12-15T19:41:28.883+0700][gc,phases   ] GC(235)   Merge Heap Roots: 1.0ms
[2024-12-15T19:41:28.883+0700][gc,phases   ] GC(235)   Evacuate Collection Set: 48.8ms
[2024-12-15T19:41:28.883+0700][gc,phases   ] GC(235)   Post Evacuate Collection Set: 3.6ms
[2024-12-15T19:41:28.883+0700][gc,phases   ] GC(235)   Other: 1.5ms
[2024-12-15T19:41:28.883+0700][gc,heap     ] GC(235) Eden regions: 48->0(45)
[2024-12-15T19:41:28.883+0700][gc,heap     ] GC(235) Survivor regions: 3->6(7)
[2024-12-15T19:41:28.883+0700][gc,heap     ] GC(235) Old regions: 169->169
[2024-12-15T19:41:28.883+0700][gc,heap     ] GC(235) Archive regions: 2->2
[2024-12-15T19:41:28.883+0700][gc,heap     ] GC(235) Humongous regions: 129->129
[2024-12-15T19:41:28.883+0700][gc,metaspace] GC(235) Metaspace: 44846K(45440K)->44846K(45440K) NonClass: 39679K(40000K)->39679K(40000K) Class: 5166K(5440K)->5166K(5440K)
[2024-12-15T19:41:28.883+0700][gc          ] GC(235) Pause Young (Normal) (G1 Evacuation Pause) 348M->303M(1024M) 60.300ms
[2024-12-15T19:41:28.884+0700][gc,cpu      ] GC(235) User=0.11s Sys=0.00s Real=0.06s
[2024-12-15T19:43:16.249+0700][gc,start    ] GC(236) Pause Young (Normal) (G1 Evacuation Pause)
[2024-12-15T19:43:16.250+0700][gc,task     ] GC(236) Using 2 workers of 2 for evacuation
[2024-12-15T19:43:16.306+0700][gc,mmu      ] GC(236) MMU target violated: 21.0ms (20.0ms/21.0ms)
[2024-12-15T19:43:16.306+0700][gc,phases   ] GC(236)   Pre Evacuate Collection Set: 4.0ms
[2024-12-15T19:43:16.306+0700][gc,phases   ] GC(236)   Merge Heap Roots: 0.6ms
[2024-12-15T19:43:16.306+0700][gc,phases   ] GC(236)   Evacuate Collection Set: 48.8ms
[2024-12-15T19:43:16.307+0700][gc,phases   ] GC(236)   Post Evacuate Collection Set: 2.6ms
[2024-12-15T19:43:16.307+0700][gc,phases   ] GC(236)   Other: 1.6ms
[2024-12-15T19:43:16.307+0700][gc,heap     ] GC(236) Eden regions: 45->0(44)
[2024-12-15T19:43:16.307+0700][gc,heap     ] GC(236) Survivor regions: 6->7(7)
[2024-12-15T19:43:16.307+0700][gc,heap     ] GC(236) Old regions: 169->171
[2024-12-15T19:43:16.307+0700][gc,heap     ] GC(236) Archive regions: 2->2
[2024-12-15T19:43:16.307+0700][gc,heap     ] GC(236) Humongous regions: 129->129
[2024-12-15T19:43:16.307+0700][gc,metaspace] GC(236) Metaspace: 44846K(45440K)->44846K(45440K) NonClass: 39679K(40000K)->39679K(40000K) Class: 5166K(5440K)->5166K(5440K)
[2024-12-15T19:43:16.307+0700][gc          ] GC(236) Pause Young (Normal) (G1 Evacuation Pause) 348M->306M(1024M) 57.674ms
[2024-12-15T19:43:16.307+0700][gc,cpu      ] GC(236) User=0.11s Sys=0.00s Real=0.06s
[2024-12-15T19:45:01.193+0700][gc,start    ] GC(237) Pause Young (Normal) (G1 Evacuation Pause)
[2024-12-15T19:45:01.194+0700][gc,task     ] GC(237) Using 2 workers of 2 for evacuation
[2024-12-15T19:45:01.258+0700][gc,mmu      ] GC(237) MMU target violated: 21.0ms (20.0ms/21.0ms)
[2024-12-15T19:45:01.258+0700][gc,phases   ] GC(237)   Pre Evacuate Collection Set: 2.5ms
[2024-12-15T19:45:01.258+0700][gc,phases   ] GC(237)   Merge Heap Roots: 0.6ms
[2024-12-15T19:45:01.258+0700][gc,phases   ] GC(237)   Evacuate Collection Set: 56.1ms
[2024-12-15T19:45:01.258+0700][gc,phases   ] GC(237)   Post Evacuate Collection Set: 4.1ms
[2024-12-15T19:45:01.258+0700][gc,phases   ] GC(237)   Other: 1.5ms
[2024-12-15T19:45:01.258+0700][gc,heap     ] GC(237) Eden regions: 44->0(46)
[2024-12-15T19:45:01.258+0700][gc,heap     ] GC(237) Survivor regions: 7->5(7)
[2024-12-15T19:45:01.258+0700][gc,heap     ] GC(237) Old regions: 171->175
[2024-12-15T19:45:01.258+0700][gc,heap     ] GC(237) Archive regions: 2->2
[2024-12-15T19:45:01.258+0700][gc,heap     ] GC(237) Humongous regions: 129->129
[2024-12-15T19:45:01.258+0700][gc,metaspace] GC(237) Metaspace: 44846K(45440K)->44846K(45440K) NonClass: 39679K(40000K)->39679K(40000K) Class: 5166K(5440K)->5166K(5440K)
[2024-12-15T19:45:01.258+0700][gc          ] GC(237) Pause Young (Normal) (G1 Evacuation Pause) 350M->309M(1024M) 64.716ms
[2024-12-15T19:45:01.258+0700][gc,cpu      ] GC(237) User=0.12s Sys=0.00s Real=0.06s
[2024-12-15T19:46:44.669+0700][gc,start    ] GC(238) Pause Young (Normal) (G1 Evacuation Pause)
[2024-12-15T19:46:44.669+0700][gc,task     ] GC(238) Using 2 workers of 2 for evacuation
[2024-12-15T19:46:44.718+0700][gc,mmu      ] GC(238) MMU target violated: 21.0ms (20.0ms/21.0ms)
[2024-12-15T19:46:44.718+0700][gc,phases   ] GC(238)   Pre Evacuate Collection Set: 2.3ms
[2024-12-15T19:46:44.718+0700][gc,phases   ] GC(238)   Merge Heap Roots: 0.7ms
[2024-12-15T19:46:44.718+0700][gc,phases   ] GC(238)   Evacuate Collection Set: 41.8ms
[2024-12-15T19:46:44.718+0700][gc,phases   ] GC(238)   Post Evacuate Collection Set: 3.6ms
[2024-12-15T19:46:44.718+0700][gc,phases   ] GC(238)   Other: 1.4ms
[2024-12-15T19:46:44.718+0700][gc,heap     ] GC(238) Eden regions: 46->0(46)
[2024-12-15T19:46:44.718+0700][gc,heap     ] GC(238) Survivor regions: 5->5(7)
[2024-12-15T19:46:44.718+0700][gc,heap     ] GC(238) Old regions: 175->177
[2024-12-15T19:46:44.718+0700][gc,heap     ] GC(238) Archive regions: 2->2
[2024-12-15T19:46:44.718+0700][gc,heap     ] GC(238) Humongous regions: 129->129
[2024-12-15T19:46:44.718+0700][gc,metaspace] GC(238) Metaspace: 44847K(45440K)->44847K(45440K) NonClass: 39680K(40000K)->39680K(40000K) Class: 5166K(5440K)->5166K(5440K)
[2024-12-15T19:46:44.718+0700][gc          ] GC(238) Pause Young (Normal) (G1 Evacuation Pause) 355M->311M(1024M) 49.747ms
[2024-12-15T19:46:44.718+0700][gc,cpu      ] GC(238) User=0.09s Sys=0.00s Real=0.05s
[2024-12-15T19:48:34.985+0700][gc,start    ] GC(239) Pause Young (Normal) (G1 Evacuation Pause)
[2024-12-15T19:48:34.985+0700][gc,task     ] GC(239) Using 2 workers of 2 for evacuation
[2024-12-15T19:48:35.028+0700][gc,mmu      ] GC(239) MMU target violated: 21.0ms (20.0ms/21.0ms)
[2024-12-15T19:48:35.028+0700][gc,phases   ] GC(239)   Pre Evacuate Collection Set: 3.8ms
[2024-12-15T19:48:35.028+0700][gc,phases   ] GC(239)   Merge Heap Roots: 0.9ms
[2024-12-15T19:48:35.028+0700][gc,phases   ] GC(239)   Evacuate Collection Set: 34.9ms
[2024-12-15T19:48:35.028+0700][gc,phases   ] GC(239)   Post Evacuate Collection Set: 2.4ms
[2024-12-15T19:48:35.028+0700][gc,phases   ] GC(239)   Other: 1.4ms
[2024-12-15T19:48:35.028+0700][gc,heap     ] GC(239) Eden regions: 46->0(48)
[2024-12-15T19:48:35.028+0700][gc,heap     ] GC(239) Survivor regions: 5->3(7)
[2024-12-15T19:48:35.028+0700][gc,heap     ] GC(239) Old regions: 177->180
[2024-12-15T19:48:35.028+0700][gc,heap     ] GC(239) Archive regions: 2->2
[2024-12-15T19:48:35.028+0700][gc,heap     ] GC(239) Humongous regions: 129->129
[2024-12-15T19:48:35.029+0700][gc,metaspace] GC(239) Metaspace: 44847K(45440K)->44847K(45440K) NonClass: 39680K(40000K)->39680K(40000K) Class: 5166K(5440K)->5166K(5440K)
[2024-12-15T19:48:35.029+0700][gc          ] GC(239) Pause Young (Normal) (G1 Evacuation Pause) 357M->312M(1024M) 43.545ms
[2024-12-15T19:48:35.029+0700][gc,cpu      ] GC(239) User=0.08s Sys=0.00s Real=0.04s
[2024-12-15T19:50:27.504+0700][gc,start    ] GC(240) Pause Young (Normal) (G1 Evacuation Pause)
[2024-12-15T19:50:27.505+0700][gc,task     ] GC(240) Using 2 workers of 2 for evacuation
[2024-12-15T19:50:27.556+0700][gc,mmu      ] GC(240) MMU target violated: 21.0ms (20.0ms/21.0ms)
[2024-12-15T19:50:27.556+0700][gc,phases   ] GC(240)   Pre Evacuate Collection Set: 2.3ms
[2024-12-15T19:50:27.556+0700][gc,phases   ] GC(240)   Merge Heap Roots: 0.5ms
[2024-12-15T19:50:27.556+0700][gc,phases   ] GC(240)   Evacuate Collection Set: 42.2ms
[2024-12-15T19:50:27.556+0700][gc,phases   ] GC(240)   Post Evacuate Collection Set: 6.1ms
[2024-12-15T19:50:27.557+0700][gc,phases   ] GC(240)   Other: 1.4ms
[2024-12-15T19:50:27.557+0700][gc,heap     ] GC(240) Eden regions: 48->0(44)
[2024-12-15T19:50:27.557+0700][gc,heap     ] GC(240) Survivor regions: 3->7(7)
[2024-12-15T19:50:27.557+0700][gc,heap     ] GC(240) Old regions: 180->180
[2024-12-15T19:50:27.557+0700][gc,heap     ] GC(240) Archive regions: 2->2
[2024-12-15T19:50:27.557+0700][gc,heap     ] GC(240) Humongous regions: 129->129
[2024-12-15T19:50:27.557+0700][gc,metaspace] GC(240) Metaspace: 44847K(45440K)->44847K(45440K) NonClass: 39680K(40000K)->39680K(40000K) Class: 5166K(5440K)->5166K(5440K)
[2024-12-15T19:50:27.557+0700][gc          ] GC(240) Pause Young (Normal) (G1 Evacuation Pause) 360M->315M(1024M) 52.512ms
[2024-12-15T19:50:27.557+0700][gc,cpu      ] GC(240) User=0.09s Sys=0.00s Real=0.06s
[2024-12-15T19:52:11.645+0700][gc,start    ] GC(241) Pause Young (Normal) (G1 Evacuation Pause)
[2024-12-15T19:52:11.645+0700][gc,task     ] GC(241) Using 2 workers of 2 for evacuation
[2024-12-15T19:52:11.686+0700][gc,mmu      ] GC(241) MMU target violated: 21.0ms (20.0ms/21.0ms)
[2024-12-15T19:52:11.687+0700][gc,phases   ] GC(241)   Pre Evacuate Collection Set: 2.7ms
[2024-12-15T19:52:11.687+0700][gc,phases   ] GC(241)   Merge Heap Roots: 0.9ms
[2024-12-15T19:52:11.687+0700][gc,phases   ] GC(241)   Evacuate Collection Set: 34.6ms
[2024-12-15T19:52:11.687+0700][gc,phases   ] GC(241)   Post Evacuate Collection Set: 2.9ms
[2024-12-15T19:52:11.687+0700][gc,phases   ] GC(241)   Other: 1.2ms
[2024-12-15T19:52:11.687+0700][gc,heap     ] GC(241) Eden regions: 44->0(48)
[2024-12-15T19:52:11.687+0700][gc,heap     ] GC(241) Survivor regions: 7->3(7)
[2024-12-15T19:52:11.687+0700][gc,heap     ] GC(241) Old regions: 180->184
[2024-12-15T19:52:11.687+0700][gc,heap     ] GC(241) Archive regions: 2->2
[2024-12-15T19:52:11.687+0700][gc,heap     ] GC(241) Humongous regions: 129->129
[2024-12-15T19:52:11.687+0700][gc,metaspace] GC(241) Metaspace: 44848K(45440K)->44848K(45440K) NonClass: 39681K(40000K)->39681K(40000K) Class: 5166K(5440K)->5166K(5440K)
[2024-12-15T19:52:11.687+0700][gc          ] GC(241) Pause Young (Normal) (G1 Evacuation Pause) 359M->315M(1024M) 42.330ms
[2024-12-15T19:52:11.687+0700][gc,cpu      ] GC(241) User=0.08s Sys=0.00s Real=0.04s
[2024-12-15T19:54:07.427+0700][gc,start    ] GC(242) Pause Young (Normal) (G1 Evacuation Pause)
[2024-12-15T19:54:07.427+0700][gc,task     ] GC(242) Using 2 workers of 2 for evacuation
[2024-12-15T19:54:07.470+0700][gc,mmu      ] GC(242) MMU target violated: 21.0ms (20.0ms/21.0ms)
[2024-12-15T19:54:07.470+0700][gc,phases   ] GC(242)   Pre Evacuate Collection Set: 2.7ms
[2024-12-15T19:54:07.470+0700][gc,phases   ] GC(242)   Merge Heap Roots: 0.5ms
[2024-12-15T19:54:07.470+0700][gc,phases   ] GC(242)   Evacuate Collection Set: 36.1ms
[2024-12-15T19:54:07.470+0700][gc,phases   ] GC(242)   Post Evacuate Collection Set: 2.7ms
[2024-12-15T19:54:07.470+0700][gc,phases   ] GC(242)   Other: 2.1ms
[2024-12-15T19:54:07.470+0700][gc,heap     ] GC(242) Eden regions: 48->0(45)
[2024-12-15T19:54:07.470+0700][gc,heap     ] GC(242) Survivor regions: 3->6(7)
[2024-12-15T19:54:07.470+0700][gc,heap     ] GC(242) Old regions: 184->184
[2024-12-15T19:54:07.470+0700][gc,heap     ] GC(242) Archive regions: 2->2
[2024-12-15T19:54:07.470+0700][gc,heap     ] GC(242) Humongous regions: 129->129
[2024-12-15T19:54:07.470+0700][gc,metaspace] GC(242) Metaspace: 44848K(45440K)->44848K(45440K) NonClass: 39681K(40000K)->39681K(40000K) Class: 5166K(5440K)->5166K(5440K)
[2024-12-15T19:54:07.470+0700][gc          ] GC(242) Pause Young (Normal) (G1 Evacuation Pause) 363M->318M(1024M) 43.694ms
[2024-12-15T19:54:07.470+0700][gc,cpu      ] GC(242) User=0.08s Sys=0.00s Real=0.04s
[2024-12-15T19:55:54.381+0700][gc,start    ] GC(243) Pause Young (Normal) (G1 Evacuation Pause)
[2024-12-15T19:55:54.382+0700][gc,task     ] GC(243) Using 2 workers of 2 for evacuation
[2024-12-15T19:55:54.444+0700][gc,mmu      ] GC(243) MMU target violated: 21.0ms (20.0ms/21.0ms)
[2024-12-15T19:55:54.444+0700][gc,phases   ] GC(243)   Pre Evacuate Collection Set: 2.7ms
[2024-12-15T19:55:54.444+0700][gc,phases   ] GC(243)   Merge Heap Roots: 0.9ms
[2024-12-15T19:55:54.444+0700][gc,phases   ] GC(243)   Evacuate Collection Set: 54.2ms
[2024-12-15T19:55:54.444+0700][gc,phases   ] GC(243)   Post Evacuate Collection Set: 4.0ms
[2024-12-15T19:55:54.444+0700][gc,phases   ] GC(243)   Other: 1.6ms
[2024-12-15T19:55:54.444+0700][gc,heap     ] GC(243) Eden regions: 45->0(44)
[2024-12-15T19:55:54.444+0700][gc,heap     ] GC(243) Survivor regions: 6->7(7)
[2024-12-15T19:55:54.444+0700][gc,heap     ] GC(243) Old regions: 184->186
[2024-12-15T19:55:54.444+0700][gc,heap     ] GC(243) Archive regions: 2->2
[2024-12-15T19:55:54.444+0700][gc,heap     ] GC(243) Humongous regions: 129->129
[2024-12-15T19:55:54.445+0700][gc,metaspace] GC(243) Metaspace: 44848K(45440K)->44848K(45440K) NonClass: 39681K(40000K)->39681K(40000K) Class: 5166K(5440K)->5166K(5440K)
[2024-12-15T19:55:54.445+0700][gc          ] GC(243) Pause Young (Normal) (G1 Evacuation Pause) 363M->321M(1024M) 63.335ms
[2024-12-15T19:55:54.445+0700][gc,cpu      ] GC(243) User=0.12s Sys=0.00s Real=0.07s
[2024-12-15T19:57:39.594+0700][gc,start    ] GC(244) Pause Young (Normal) (G1 Evacuation Pause)
[2024-12-15T19:57:39.595+0700][gc,task     ] GC(244) Using 2 workers of 2 for evacuation
[2024-12-15T19:57:39.751+0700][gc,mmu      ] GC(244) MMU target violated: 21.0ms (20.0ms/21.0ms)
[2024-12-15T19:57:39.752+0700][gc,phases   ] GC(244)   Pre Evacuate Collection Set: 10.0ms
[2024-12-15T19:57:39.752+0700][gc,phases   ] GC(244)   Merge Heap Roots: 1.6ms
[2024-12-15T19:57:39.752+0700][gc,phases   ] GC(244)   Evacuate Collection Set: 131.9ms
[2024-12-15T19:57:39.752+0700][gc,phases   ] GC(244)   Post Evacuate Collection Set: 12.0ms
[2024-12-15T19:57:39.752+0700][gc,phases   ] GC(244)   Other: 2.9ms
[2024-12-15T19:57:39.752+0700][gc,heap     ] GC(244) Eden regions: 44->0(46)
[2024-12-15T19:57:39.752+0700][gc,heap     ] GC(244) Survivor regions: 7->5(7)
[2024-12-15T19:57:39.752+0700][gc,heap     ] GC(244) Old regions: 186->190
[2024-12-15T19:57:39.752+0700][gc,heap     ] GC(244) Archive regions: 2->2
[2024-12-15T19:57:39.752+0700][gc,heap     ] GC(244) Humongous regions: 129->129
[2024-12-15T19:57:39.752+0700][gc,metaspace] GC(244) Metaspace: 44848K(45440K)->44848K(45440K) NonClass: 39681K(40000K)->39681K(40000K) Class: 5166K(5440K)->5166K(5440K)
[2024-12-15T19:57:39.752+0700][gc          ] GC(244) Pause Young (Normal) (G1 Evacuation Pause) 365M->324M(1024M) 157.953ms
[2024-12-15T19:57:39.752+0700][gc,cpu      ] GC(244) User=0.30s Sys=0.00s Real=0.15s
[2024-12-15T19:59:29.296+0700][gc,start    ] GC(245) Pause Young (Normal) (G1 Evacuation Pause)
[2024-12-15T19:59:29.296+0700][gc,task     ] GC(245) Using 2 workers of 2 for evacuation
[2024-12-15T19:59:29.345+0700][gc,mmu      ] GC(245) MMU target violated: 21.0ms (20.0ms/21.0ms)
[2024-12-15T19:59:29.345+0700][gc,phases   ] GC(245)   Pre Evacuate Collection Set: 4.7ms
[2024-12-15T19:59:29.345+0700][gc,phases   ] GC(245)   Merge Heap Roots: 1.8ms
[2024-12-15T19:59:29.345+0700][gc,phases   ] GC(245)   Evacuate Collection Set: 38.2ms
[2024-12-15T19:59:29.345+0700][gc,phases   ] GC(245)   Post Evacuate Collection Set: 3.3ms
[2024-12-15T19:59:29.345+0700][gc,phases   ] GC(245)   Other: 1.4ms
[2024-12-15T19:59:29.345+0700][gc,heap     ] GC(245) Eden regions: 46->0(47)
[2024-12-15T19:59:29.345+0700][gc,heap     ] GC(245) Survivor regions: 5->4(7)
[2024-12-15T19:59:29.345+0700][gc,heap     ] GC(245) Old regions: 190->192
[2024-12-15T19:59:29.345+0700][gc,heap     ] GC(245) Archive regions: 2->2
[2024-12-15T19:59:29.345+0700][gc,heap     ] GC(245) Humongous regions: 129->129
[2024-12-15T19:59:29.345+0700][gc,metaspace] GC(245) Metaspace: 44848K(45440K)->44848K(45440K) NonClass: 39681K(40000K)->39681K(40000K) Class: 5166K(5440K)->5166K(5440K)
[2024-12-15T19:59:29.345+0700][gc          ] GC(245) Pause Young (Normal) (G1 Evacuation Pause) 370M->325M(1024M) 49.343ms
[2024-12-15T19:59:29.345+0700][gc,cpu      ] GC(245) User=0.08s Sys=0.00s Real=0.05s
[2024-12-15T20:01:17.317+0700][gc,start    ] GC(246) Pause Young (Normal) (G1 Evacuation Pause)
[2024-12-15T20:01:17.317+0700][gc,task     ] GC(246) Using 2 workers of 2 for evacuation
[2024-12-15T20:01:17.383+0700][gc,mmu      ] GC(246) MMU target violated: 21.0ms (20.0ms/21.0ms)
[2024-12-15T20:01:17.383+0700][gc,phases   ] GC(246)   Pre Evacuate Collection Set: 5.0ms
[2024-12-15T20:01:17.383+0700][gc,phases   ] GC(246)   Merge Heap Roots: 0.8ms
[2024-12-15T20:01:17.383+0700][gc,phases   ] GC(246)   Evacuate Collection Set: 54.2ms
[2024-12-15T20:01:17.383+0700][gc,phases   ] GC(246)   Post Evacuate Collection Set: 5.3ms
[2024-12-15T20:01:17.383+0700][gc,phases   ] GC(246)   Other: 1.8ms
[2024-12-15T20:01:17.384+0700][gc,heap     ] GC(246) Eden regions: 47->0(44)
[2024-12-15T20:01:17.384+0700][gc,heap     ] GC(246) Survivor regions: 4->7(7)
[2024-12-15T20:01:17.384+0700][gc,heap     ] GC(246) Old regions: 192->192
[2024-12-15T20:01:17.384+0700][gc,heap     ] GC(246) Archive regions: 2->2
[2024-12-15T20:01:17.384+0700][gc,heap     ] GC(246) Humongous regions: 129->129
[2024-12-15T20:01:17.384+0700][gc,metaspace] GC(246) Metaspace: 44850K(45440K)->44850K(45440K) NonClass: 39684K(40000K)->39684K(40000K) Class: 5166K(5440K)->5166K(5440K)
[2024-12-15T20:01:17.384+0700][gc          ] GC(246) Pause Young (Normal) (G1 Evacuation Pause) 372M->328M(1024M) 67.139ms
[2024-12-15T20:01:17.384+0700][gc,cpu      ] GC(246) User=0.12s Sys=0.00s Real=0.06s
[2024-12-15T20:03:02.182+0700][gc,start    ] GC(247) Pause Young (Normal) (G1 Evacuation Pause)
[2024-12-15T20:03:02.182+0700][gc,task     ] GC(247) Using 2 workers of 2 for evacuation
[2024-12-15T20:03:02.262+0700][gc,mmu      ] GC(247) MMU target violated: 21.0ms (20.0ms/21.0ms)
[2024-12-15T20:03:02.263+0700][gc,phases   ] GC(247)   Pre Evacuate Collection Set: 7.0ms
[2024-12-15T20:03:02.263+0700][gc,phases   ] GC(247)   Merge Heap Roots: 1.5ms
[2024-12-15T20:03:02.263+0700][gc,phases   ] GC(247)   Evacuate Collection Set: 67.3ms
[2024-12-15T20:03:02.263+0700][gc,phases   ] GC(247)   Post Evacuate Collection Set: 3.9ms
[2024-12-15T20:03:02.263+0700][gc,phases   ] GC(247)   Other: 1.0ms
[2024-12-15T20:03:02.263+0700][gc,heap     ] GC(247) Eden regions: 44->0(46)
[2024-12-15T20:03:02.263+0700][gc,heap     ] GC(247) Survivor regions: 7->5(7)
[2024-12-15T20:03:02.263+0700][gc,heap     ] GC(247) Old regions: 192->197
[2024-12-15T20:03:02.263+0700][gc,heap     ] GC(247) Archive regions: 2->2
[2024-12-15T20:03:02.263+0700][gc,heap     ] GC(247) Humongous regions: 129->129
[2024-12-15T20:03:02.263+0700][gc,metaspace] GC(247) Metaspace: 44850K(45440K)->44850K(45440K) NonClass: 39684K(40000K)->39684K(40000K) Class: 5166K(5440K)->5166K(5440K)
[2024-12-15T20:03:02.263+0700][gc          ] GC(247) Pause Young (Normal) (G1 Evacuation Pause) 372M->331M(1024M) 80.757ms
[2024-12-15T20:03:02.263+0700][gc,cpu      ] GC(247) User=0.15s Sys=0.00s Real=0.08s
[2024-12-15T20:04:51.731+0700][gc,start    ] GC(248) Pause Young (Normal) (G1 Evacuation Pause)
[2024-12-15T20:04:51.731+0700][gc,task     ] GC(248) Using 2 workers of 2 for evacuation
[2024-12-15T20:04:51.781+0700][gc,mmu      ] GC(248) MMU target violated: 21.0ms (20.0ms/21.0ms)
[2024-12-15T20:04:51.781+0700][gc,phases   ] GC(248)   Pre Evacuate Collection Set: 4.3ms
[2024-12-15T20:04:51.781+0700][gc,phases   ] GC(248)   Merge Heap Roots: 0.7ms
[2024-12-15T20:04:51.781+0700][gc,phases   ] GC(248)   Evacuate Collection Set: 39.7ms
[2024-12-15T20:04:51.781+0700][gc,phases   ] GC(248)   Post Evacuate Collection Set: 3.8ms
[2024-12-15T20:04:51.781+0700][gc,phases   ] GC(248)   Other: 1.7ms
[2024-12-15T20:04:51.781+0700][gc,heap     ] GC(248) Eden regions: 46->0(48)
[2024-12-15T20:04:51.781+0700][gc,heap     ] GC(248) Survivor regions: 5->3(7)
[2024-12-15T20:04:51.781+0700][gc,heap     ] GC(248) Old regions: 197->199
[2024-12-15T20:04:51.781+0700][gc,heap     ] GC(248) Archive regions: 2->2
[2024-12-15T20:04:51.781+0700][gc,heap     ] GC(248) Humongous regions: 129->129
[2024-12-15T20:04:51.781+0700][gc,metaspace] GC(248) Metaspace: 44850K(45440K)->44850K(45440K) NonClass: 39684K(40000K)->39684K(40000K) Class: 5166K(5440K)->5166K(5440K)
[2024-12-15T20:04:51.781+0700][gc          ] GC(248) Pause Young (Normal) (G1 Evacuation Pause) 377M->331M(1024M) 50.432ms
[2024-12-15T20:04:51.782+0700][gc,cpu      ] GC(248) User=0.09s Sys=0.00s Real=0.05s
[2024-12-15T20:06:46.376+0700][gc,start    ] GC(249) Pause Young (Normal) (G1 Evacuation Pause)
[2024-12-15T20:06:46.377+0700][gc,task     ] GC(249) Using 2 workers of 2 for evacuation
[2024-12-15T20:06:46.431+0700][gc,mmu      ] GC(249) MMU target violated: 21.0ms (20.0ms/21.0ms)
[2024-12-15T20:06:46.432+0700][gc,phases   ] GC(249)   Pre Evacuate Collection Set: 2.9ms
[2024-12-15T20:06:46.432+0700][gc,phases   ] GC(249)   Merge Heap Roots: 0.7ms
[2024-12-15T20:06:46.432+0700][gc,phases   ] GC(249)   Evacuate Collection Set: 38.4ms
[2024-12-15T20:06:46.432+0700][gc,phases   ] GC(249)   Post Evacuate Collection Set: 12.2ms
[2024-12-15T20:06:46.432+0700][gc,phases   ] GC(249)   Other: 1.6ms
[2024-12-15T20:06:46.432+0700][gc,heap     ] GC(249) Eden regions: 48->0(45)
[2024-12-15T20:06:46.432+0700][gc,heap     ] GC(249) Survivor regions: 3->6(7)
[2024-12-15T20:06:46.432+0700][gc,heap     ] GC(249) Old regions: 199->199
[2024-12-15T20:06:46.432+0700][gc,heap     ] GC(249) Archive regions: 2->2
[2024-12-15T20:06:46.432+0700][gc,heap     ] GC(249) Humongous regions: 129->129
[2024-12-15T20:06:46.432+0700][gc,metaspace] GC(249) Metaspace: 44850K(45440K)->44850K(45440K) NonClass: 39684K(40000K)->39684K(40000K) Class: 5166K(5440K)->5166K(5440K)
[2024-12-15T20:06:46.432+0700][gc          ] GC(249) Pause Young (Normal) (G1 Evacuation Pause) 379M->334M(1024M) 55.914ms
[2024-12-15T20:06:46.432+0700][gc,cpu      ] GC(249) User=0.10s Sys=0.00s Real=0.05s
[2024-12-15T20:08:33.923+0700][gc,start    ] GC(250) Pause Young (Normal) (G1 Evacuation Pause)
[2024-12-15T20:08:33.925+0700][gc,task     ] GC(250) Using 2 workers of 2 for evacuation
[2024-12-15T20:08:34.014+0700][gc,mmu      ] GC(250) MMU target violated: 21.0ms (20.0ms/21.0ms)
[2024-12-15T20:08:34.015+0700][gc,phases   ] GC(250)   Pre Evacuate Collection Set: 6.2ms
[2024-12-15T20:08:34.015+0700][gc,phases   ] GC(250)   Merge Heap Roots: 1.9ms
[2024-12-15T20:08:34.015+0700][gc,phases   ] GC(250)   Evacuate Collection Set: 76.9ms
[2024-12-15T20:08:34.015+0700][gc,phases   ] GC(250)   Post Evacuate Collection Set: 3.9ms
[2024-12-15T20:08:34.015+0700][gc,phases   ] GC(250)   Other: 3.8ms
[2024-12-15T20:08:34.015+0700][gc,heap     ] GC(250) Eden regions: 45->0(46)
[2024-12-15T20:08:34.015+0700][gc,heap     ] GC(250) Survivor regions: 6->5(7)
[2024-12-15T20:08:34.015+0700][gc,heap     ] GC(250) Old regions: 199->203
[2024-12-15T20:08:34.015+0700][gc,heap     ] GC(250) Archive regions: 2->2
[2024-12-15T20:08:34.015+0700][gc,heap     ] GC(250) Humongous regions: 129->129
[2024-12-15T20:08:34.015+0700][gc,metaspace] GC(250) Metaspace: 44850K(45440K)->44850K(45440K) NonClass: 39684K(40000K)->39684K(40000K) Class: 5166K(5440K)->5166K(5440K)
[2024-12-15T20:08:34.015+0700][gc          ] GC(250) Pause Young (Normal) (G1 Evacuation Pause) 379M->337M(1024M) 92.252ms
[2024-12-15T20:08:34.015+0700][gc,cpu      ] GC(250) User=0.17s Sys=0.00s Real=0.10s
[2024-12-15T20:10:23.701+0700][gc,start    ] GC(251) Pause Young (Normal) (G1 Evacuation Pause)
[2024-12-15T20:10:23.701+0700][gc,task     ] GC(251) Using 2 workers of 2 for evacuation
[2024-12-15T20:10:23.749+0700][gc,mmu      ] GC(251) MMU target violated: 21.0ms (20.0ms/21.0ms)
[2024-12-15T20:10:23.749+0700][gc,phases   ] GC(251)   Pre Evacuate Collection Set: 2.5ms
[2024-12-15T20:10:23.749+0700][gc,phases   ] GC(251)   Merge Heap Roots: 1.5ms
[2024-12-15T20:10:23.749+0700][gc,phases   ] GC(251)   Evacuate Collection Set: 35.6ms
[2024-12-15T20:10:23.749+0700][gc,phases   ] GC(251)   Post Evacuate Collection Set: 7.4ms
[2024-12-15T20:10:23.750+0700][gc,phases   ] GC(251)   Other: 1.6ms
[2024-12-15T20:10:23.750+0700][gc,heap     ] GC(251) Eden regions: 46->0(48)
[2024-12-15T20:10:23.750+0700][gc,heap     ] GC(251) Survivor regions: 5->3(7)
[2024-12-15T20:10:23.750+0700][gc,heap     ] GC(251) Old regions: 203->205
[2024-12-15T20:10:23.750+0700][gc,heap     ] GC(251) Archive regions: 2->2
[2024-12-15T20:10:23.750+0700][gc,heap     ] GC(251) Humongous regions: 129->129
[2024-12-15T20:10:23.750+0700][gc,metaspace] GC(251) Metaspace: 44856K(45440K)->44856K(45440K) NonClass: 39690K(40000K)->39690K(40000K) Class: 5166K(5440K)->5166K(5440K)
[2024-12-15T20:10:23.750+0700][gc          ] GC(251) Pause Young (Normal) (G1 Evacuation Pause) 383M->337M(1024M) 48.743ms
[2024-12-15T20:10:23.750+0700][gc,cpu      ] GC(251) User=0.08s Sys=0.00s Real=0.05s
[2024-12-15T20:12:17.762+0700][gc,start    ] GC(252) Pause Young (Normal) (G1 Evacuation Pause)
[2024-12-15T20:12:17.762+0700][gc,task     ] GC(252) Using 2 workers of 2 for evacuation
[2024-12-15T20:12:17.810+0700][gc,mmu      ] GC(252) MMU target violated: 21.0ms (20.0ms/21.0ms)
[2024-12-15T20:12:17.811+0700][gc,phases   ] GC(252)   Pre Evacuate Collection Set: 3.4ms
[2024-12-15T20:12:17.811+0700][gc,phases   ] GC(252)   Merge Heap Roots: 0.6ms
[2024-12-15T20:12:17.811+0700][gc,phases   ] GC(252)   Evacuate Collection Set: 41.0ms
[2024-12-15T20:12:17.811+0700][gc,phases   ] GC(252)   Post Evacuate Collection Set: 2.7ms
[2024-12-15T20:12:17.811+0700][gc,phases   ] GC(252)   Other: 1.6ms
[2024-12-15T20:12:17.811+0700][gc,heap     ] GC(252) Eden regions: 48->0(45)
[2024-12-15T20:12:17.811+0700][gc,heap     ] GC(252) Survivor regions: 3->6(7)
[2024-12-15T20:12:17.811+0700][gc,heap     ] GC(252) Old regions: 205->205
[2024-12-15T20:12:17.811+0700][gc,heap     ] GC(252) Archive regions: 2->2
[2024-12-15T20:12:17.811+0700][gc,heap     ] GC(252) Humongous regions: 129->129
[2024-12-15T20:12:17.811+0700][gc,metaspace] GC(252) Metaspace: 44869K(45440K)->44869K(45440K) NonClass: 39702K(40000K)->39702K(40000K) Class: 5166K(5440K)->5166K(5440K)
[2024-12-15T20:12:17.811+0700][gc          ] GC(252) Pause Young (Normal) (G1 Evacuation Pause) 385M->340M(1024M) 49.162ms
[2024-12-15T20:12:17.811+0700][gc,cpu      ] GC(252) User=0.09s Sys=0.00s Real=0.05s
[2024-12-15T20:14:05.273+0700][gc,start    ] GC(253) Pause Young (Normal) (G1 Evacuation Pause)
[2024-12-15T20:14:05.274+0700][gc,task     ] GC(253) Using 2 workers of 2 for evacuation
[2024-12-15T20:14:05.333+0700][gc,mmu      ] GC(253) MMU target violated: 21.0ms (20.0ms/21.0ms)
[2024-12-15T20:14:05.333+0700][gc,phases   ] GC(253)   Pre Evacuate Collection Set: 4.0ms
[2024-12-15T20:14:05.333+0700][gc,phases   ] GC(253)   Merge Heap Roots: 0.6ms
[2024-12-15T20:14:05.333+0700][gc,phases   ] GC(253)   Evacuate Collection Set: 51.1ms
[2024-12-15T20:14:05.333+0700][gc,phases   ] GC(253)   Post Evacuate Collection Set: 3.1ms
[2024-12-15T20:14:05.333+0700][gc,phases   ] GC(253)   Other: 1.6ms
[2024-12-15T20:14:05.333+0700][gc,heap     ] GC(253) Eden regions: 45->0(44)
[2024-12-15T20:14:05.333+0700][gc,heap     ] GC(253) Survivor regions: 6->7(7)
[2024-12-15T20:14:05.333+0700][gc,heap     ] GC(253) Old regions: 205->207
[2024-12-15T20:14:05.333+0700][gc,heap     ] GC(253) Archive regions: 2->2
[2024-12-15T20:14:05.333+0700][gc,heap     ] GC(253) Humongous regions: 129->129
[2024-12-15T20:14:05.333+0700][gc,metaspace] GC(253) Metaspace: 44869K(45440K)->44869K(45440K) NonClass: 39702K(40000K)->39702K(40000K) Class: 5166K(5440K)->5166K(5440K)
[2024-12-15T20:14:05.334+0700][gc          ] GC(253) Pause Young (Normal) (G1 Evacuation Pause) 385M->343M(1024M) 60.160ms
[2024-12-15T20:14:05.334+0700][gc,cpu      ] GC(253) User=0.11s Sys=0.00s Real=0.06s
[2024-12-15T20:15:49.836+0700][gc,start    ] GC(254) Pause Young (Normal) (G1 Evacuation Pause)
[2024-12-15T20:15:49.837+0700][gc,task     ] GC(254) Using 2 workers of 2 for evacuation
[2024-12-15T20:15:49.907+0700][gc,mmu      ] GC(254) MMU target violated: 21.0ms (20.0ms/21.0ms)
[2024-12-15T20:15:49.907+0700][gc,phases   ] GC(254)   Pre Evacuate Collection Set: 2.6ms
[2024-12-15T20:15:49.907+0700][gc,phases   ] GC(254)   Merge Heap Roots: 0.6ms
[2024-12-15T20:15:49.907+0700][gc,phases   ] GC(254)   Evacuate Collection Set: 63.0ms
[2024-12-15T20:15:49.907+0700][gc,phases   ] GC(254)   Post Evacuate Collection Set: 3.5ms
[2024-12-15T20:15:49.907+0700][gc,phases   ] GC(254)   Other: 1.4ms
[2024-12-15T20:15:49.907+0700][gc,heap     ] GC(254) Eden regions: 44->0(46)
[2024-12-15T20:15:49.907+0700][gc,heap     ] GC(254) Survivor regions: 7->5(7)
[2024-12-15T20:15:49.907+0700][gc,heap     ] GC(254) Old regions: 207->211
[2024-12-15T20:15:49.907+0700][gc,heap     ] GC(254) Archive regions: 2->2
[2024-12-15T20:15:49.907+0700][gc,heap     ] GC(254) Humongous regions: 129->129
[2024-12-15T20:15:49.907+0700][gc,metaspace] GC(254) Metaspace: 44869K(45440K)->44869K(45440K) NonClass: 39702K(40000K)->39702K(40000K) Class: 5166K(5440K)->5166K(5440K)
[2024-12-15T20:15:49.907+0700][gc          ] GC(254) Pause Young (Normal) (G1 Evacuation Pause) 387M->345M(1024M) 71.059ms
[2024-12-15T20:15:49.907+0700][gc,cpu      ] GC(254) User=0.13s Sys=0.00s Real=0.07s
[2024-12-15T20:17:39.266+0700][gc,start    ] GC(255) Pause Young (Normal) (G1 Evacuation Pause)
[2024-12-15T20:17:39.266+0700][gc,task     ] GC(255) Using 2 workers of 2 for evacuation
[2024-12-15T20:17:39.311+0700][gc,mmu      ] GC(255) MMU target violated: 21.0ms (20.0ms/21.0ms)
[2024-12-15T20:17:39.312+0700][gc,phases   ] GC(255)   Pre Evacuate Collection Set: 2.5ms
[2024-12-15T20:17:39.312+0700][gc,phases   ] GC(255)   Merge Heap Roots: 0.5ms
[2024-12-15T20:17:39.312+0700][gc,phases   ] GC(255)   Evacuate Collection Set: 38.8ms
[2024-12-15T20:17:39.312+0700][gc,phases   ] GC(255)   Post Evacuate Collection Set: 3.1ms
[2024-12-15T20:17:39.312+0700][gc,phases   ] GC(255)   Other: 1.4ms
[2024-12-15T20:17:39.312+0700][gc,heap     ] GC(255) Eden regions: 46->0(47)
[2024-12-15T20:17:39.312+0700][gc,heap     ] GC(255) Survivor regions: 5->4(7)
[2024-12-15T20:17:39.312+0700][gc,heap     ] GC(255) Old regions: 211->213
[2024-12-15T20:17:39.312+0700][gc,heap     ] GC(255) Archive regions: 2->2
[2024-12-15T20:17:39.312+0700][gc,heap     ] GC(255) Humongous regions: 129->129
[2024-12-15T20:17:39.312+0700][gc,metaspace] GC(255) Metaspace: 44869K(45440K)->44869K(45440K) NonClass: 39702K(40000K)->39702K(40000K) Class: 5166K(5440K)->5166K(5440K)
[2024-12-15T20:17:39.312+0700][gc          ] GC(255) Pause Young (Normal) (G1 Evacuation Pause) 391M->346M(1024M) 46.344ms
[2024-12-15T20:17:39.312+0700][gc,cpu      ] GC(255) User=0.08s Sys=0.00s Real=0.04s
[2024-12-15T20:19:32.232+0700][gc,start    ] GC(256) Pause Young (Normal) (G1 Evacuation Pause)
[2024-12-15T20:19:32.232+0700][gc,task     ] GC(256) Using 2 workers of 2 for evacuation
[2024-12-15T20:19:32.279+0700][gc,mmu      ] GC(256) MMU target violated: 21.0ms (20.0ms/21.0ms)
[2024-12-15T20:19:32.280+0700][gc,phases   ] GC(256)   Pre Evacuate Collection Set: 3.4ms
[2024-12-15T20:19:32.280+0700][gc,phases   ] GC(256)   Merge Heap Roots: 1.0ms
[2024-12-15T20:19:32.280+0700][gc,phases   ] GC(256)   Evacuate Collection Set: 39.9ms
[2024-12-15T20:19:32.280+0700][gc,phases   ] GC(256)   Post Evacuate Collection Set: 2.5ms
[2024-12-15T20:19:32.280+0700][gc,phases   ] GC(256)   Other: 1.5ms
[2024-12-15T20:19:32.280+0700][gc,heap     ] GC(256) Eden regions: 47->0(44)
[2024-12-15T20:19:32.280+0700][gc,heap     ] GC(256) Survivor regions: 4->7(7)
[2024-12-15T20:19:32.280+0700][gc,heap     ] GC(256) Old regions: 213->213
[2024-12-15T20:19:32.280+0700][gc,heap     ] GC(256) Archive regions: 2->2
[2024-12-15T20:19:32.280+0700][gc,heap     ] GC(256) Humongous regions: 129->129
[2024-12-15T20:19:32.280+0700][gc,metaspace] GC(256) Metaspace: 44869K(45440K)->44869K(45440K) NonClass: 39702K(40000K)->39702K(40000K) Class: 5166K(5440K)->5166K(5440K)
[2024-12-15T20:19:32.280+0700][gc          ] GC(256) Pause Young (Normal) (G1 Evacuation Pause) 393M->349M(1024M) 48.273ms
[2024-12-15T20:19:32.280+0700][gc,cpu      ] GC(256) User=0.09s Sys=0.00s Real=0.05s
[2024-12-15T20:21:17.209+0700][gc,start    ] GC(257) Pause Young (Normal) (G1 Evacuation Pause)
[2024-12-15T20:21:17.210+0700][gc,task     ] GC(257) Using 2 workers of 2 for evacuation
[2024-12-15T20:21:17.272+0700][gc,mmu      ] GC(257) MMU target violated: 21.0ms (20.0ms/21.0ms)
[2024-12-15T20:21:17.272+0700][gc,phases   ] GC(257)   Pre Evacuate Collection Set: 4.5ms
[2024-12-15T20:21:17.272+0700][gc,phases   ] GC(257)   Merge Heap Roots: 1.5ms
[2024-12-15T20:21:17.272+0700][gc,phases   ] GC(257)   Evacuate Collection Set: 52.4ms
[2024-12-15T20:21:17.272+0700][gc,phases   ] GC(257)   Post Evacuate Collection Set: 3.3ms
[2024-12-15T20:21:17.272+0700][gc,phases   ] GC(257)   Other: 1.3ms
[2024-12-15T20:21:17.272+0700][gc,heap     ] GC(257) Eden regions: 44->0(46)
[2024-12-15T20:21:17.272+0700][gc,heap     ] GC(257) Survivor regions: 7->5(7)
[2024-12-15T20:21:17.272+0700][gc,heap     ] GC(257) Old regions: 213->217
[2024-12-15T20:21:17.272+0700][gc,heap     ] GC(257) Archive regions: 2->2
[2024-12-15T20:21:17.272+0700][gc,heap     ] GC(257) Humongous regions: 129->129
[2024-12-15T20:21:17.272+0700][gc,metaspace] GC(257) Metaspace: 44869K(45440K)->44869K(45440K) NonClass: 39702K(40000K)->39702K(40000K) Class: 5166K(5440K)->5166K(5440K)
[2024-12-15T20:21:17.272+0700][gc          ] GC(257) Pause Young (Normal) (G1 Evacuation Pause) 393M->351M(1024M) 62.989ms
[2024-12-15T20:21:17.272+0700][gc,cpu      ] GC(257) User=0.11s Sys=0.00s Real=0.06s
[2024-12-15T20:23:07.099+0700][gc,start    ] GC(258) Pause Young (Normal) (G1 Evacuation Pause)
[2024-12-15T20:23:07.099+0700][gc,task     ] GC(258) Using 2 workers of 2 for evacuation
[2024-12-15T20:23:07.136+0700][gc,mmu      ] GC(258) MMU target violated: 21.0ms (20.0ms/21.0ms)
[2024-12-15T20:23:07.136+0700][gc,phases   ] GC(258)   Pre Evacuate Collection Set: 2.5ms
[2024-12-15T20:23:07.136+0700][gc,phases   ] GC(258)   Merge Heap Roots: 0.6ms
[2024-12-15T20:23:07.136+0700][gc,phases   ] GC(258)   Evacuate Collection Set: 30.6ms
[2024-12-15T20:23:07.136+0700][gc,phases   ] GC(258)   Post Evacuate Collection Set: 2.5ms
[2024-12-15T20:23:07.136+0700][gc,phases   ] GC(258)   Other: 1.3ms
[2024-12-15T20:23:07.136+0700][gc,heap     ] GC(258) Eden regions: 46->0(48)
[2024-12-15T20:23:07.136+0700][gc,heap     ] GC(258) Survivor regions: 5->3(7)
[2024-12-15T20:23:07.136+0700][gc,heap     ] GC(258) Old regions: 217->219
[2024-12-15T20:23:07.136+0700][gc,heap     ] GC(258) Archive regions: 2->2
[2024-12-15T20:23:07.136+0700][gc,heap     ] GC(258) Humongous regions: 129->129
[2024-12-15T20:23:07.136+0700][gc,metaspace] GC(258) Metaspace: 44869K(45440K)->44869K(45440K) NonClass: 39702K(40000K)->39702K(40000K) Class: 5166K(5440K)->5166K(5440K)
[2024-12-15T20:23:07.136+0700][gc          ] GC(258) Pause Young (Normal) (G1 Evacuation Pause) 397M->351M(1024M) 37.469ms
[2024-12-15T20:23:07.136+0700][gc,cpu      ] GC(258) User=0.07s Sys=0.00s Real=0.04s
[2024-12-15T20:24:53.598+0700][gc,start    ] GC(259) Pause Young (Normal) (G1 Evacuation Pause)
[2024-12-15T20:24:53.599+0700][gc,task     ] GC(259) Using 2 workers of 2 for evacuation
[2024-12-15T20:24:53.645+0700][gc,mmu      ] GC(259) MMU target violated: 21.0ms (20.0ms/21.0ms)
[2024-12-15T20:24:53.645+0700][gc,phases   ] GC(259)   Pre Evacuate Collection Set: 2.6ms
[2024-12-15T20:24:53.645+0700][gc,phases   ] GC(259)   Merge Heap Roots: 0.8ms
[2024-12-15T20:24:53.645+0700][gc,phases   ] GC(259)   Evacuate Collection Set: 39.3ms
[2024-12-15T20:24:53.645+0700][gc,phases   ] GC(259)   Post Evacuate Collection Set: 2.7ms
[2024-12-15T20:24:53.645+0700][gc,phases   ] GC(259)   Other: 1.5ms
[2024-12-15T20:24:53.645+0700][gc,heap     ] GC(259) Eden regions: 48->0(45)
[2024-12-15T20:24:53.645+0700][gc,heap     ] GC(259) Survivor regions: 3->6(7)
[2024-12-15T20:24:53.645+0700][gc,heap     ] GC(259) Old regions: 219->219
[2024-12-15T20:24:53.645+0700][gc,heap     ] GC(259) Archive regions: 2->2
[2024-12-15T20:24:53.645+0700][gc,heap     ] GC(259) Humongous regions: 129->129
[2024-12-15T20:24:53.645+0700][gc,metaspace] GC(259) Metaspace: 44949K(45504K)->44949K(45504K) NonClass: 39783K(40064K)->39783K(40064K) Class: 5166K(5440K)->5166K(5440K)
[2024-12-15T20:24:53.645+0700][gc          ] GC(259) Pause Young (Normal) (G1 Evacuation Pause) 399M->354M(1024M) 46.911ms
[2024-12-15T20:24:53.645+0700][gc,cpu      ] GC(259) User=0.09s Sys=0.00s Real=0.05s
[2024-12-15T20:26:40.608+0700][gc,start    ] GC(260) Pause Young (Normal) (G1 Evacuation Pause)
[2024-12-15T20:26:40.608+0700][gc,task     ] GC(260) Using 2 workers of 2 for evacuation
[2024-12-15T20:26:40.682+0700][gc,mmu      ] GC(260) MMU target violated: 21.0ms (20.0ms/21.0ms)
[2024-12-15T20:26:40.682+0700][gc,phases   ] GC(260)   Pre Evacuate Collection Set: 3.1ms
[2024-12-15T20:26:40.682+0700][gc,phases   ] GC(260)   Merge Heap Roots: 0.7ms
[2024-12-15T20:26:40.682+0700][gc,phases   ] GC(260)   Evacuate Collection Set: 66.1ms
[2024-12-15T20:26:40.682+0700][gc,phases   ] GC(260)   Post Evacuate Collection Set: 3.0ms
[2024-12-15T20:26:40.682+0700][gc,phases   ] GC(260)   Other: 1.4ms
[2024-12-15T20:26:40.682+0700][gc,heap     ] GC(260) Eden regions: 45->0(46)
[2024-12-15T20:26:40.682+0700][gc,heap     ] GC(260) Survivor regions: 6->5(7)
[2024-12-15T20:26:40.682+0700][gc,heap     ] GC(260) Old regions: 219->224
[2024-12-15T20:26:40.682+0700][gc,heap     ] GC(260) Archive regions: 2->2
[2024-12-15T20:26:40.682+0700][gc,heap     ] GC(260) Humongous regions: 129->129
[2024-12-15T20:26:40.682+0700][gc,metaspace] GC(260) Metaspace: 44949K(45504K)->44949K(45504K) NonClass: 39783K(40064K)->39783K(40064K) Class: 5166K(5440K)->5166K(5440K)
[2024-12-15T20:26:40.682+0700][gc          ] GC(260) Pause Young (Normal) (G1 Evacuation Pause) 399M->358M(1024M) 74.241ms
[2024-12-15T20:26:40.682+0700][gc,cpu      ] GC(260) User=0.14s Sys=0.00s Real=0.07s
[2024-12-15T20:28:30.393+0700][gc,start    ] GC(261) Pause Young (Normal) (G1 Evacuation Pause)
[2024-12-15T20:28:30.393+0700][gc,task     ] GC(261) Using 2 workers of 2 for evacuation
[2024-12-15T20:28:30.432+0700][gc,mmu      ] GC(261) MMU target violated: 21.0ms (20.0ms/21.0ms)
[2024-12-15T20:28:30.432+0700][gc,phases   ] GC(261)   Pre Evacuate Collection Set: 2.5ms
[2024-12-15T20:28:30.432+0700][gc,phases   ] GC(261)   Merge Heap Roots: 0.6ms
[2024-12-15T20:28:30.432+0700][gc,phases   ] GC(261)   Evacuate Collection Set: 32.7ms
[2024-12-15T20:28:30.432+0700][gc,phases   ] GC(261)   Post Evacuate Collection Set: 2.2ms
[2024-12-15T20:28:30.432+0700][gc,phases   ] GC(261)   Other: 1.2ms
[2024-12-15T20:28:30.432+0700][gc,heap     ] GC(261) Eden regions: 46->0(48)
[2024-12-15T20:28:30.432+0700][gc,heap     ] GC(261) Survivor regions: 5->3(7)
[2024-12-15T20:28:30.432+0700][gc,heap     ] GC(261) Old regions: 224->226
[2024-12-15T20:28:30.432+0700][gc,heap     ] GC(261) Archive regions: 2->2
[2024-12-15T20:28:30.432+0700][gc,heap     ] GC(261) Humongous regions: 129->129
[2024-12-15T20:28:30.432+0700][gc,metaspace] GC(261) Metaspace: 44949K(45504K)->44949K(45504K) NonClass: 39783K(40064K)->39783K(40064K) Class: 5166K(5440K)->5166K(5440K)
[2024-12-15T20:28:30.433+0700][gc          ] GC(261) Pause Young (Normal) (G1 Evacuation Pause) 404M->358M(1024M) 39.371ms
[2024-12-15T20:28:30.433+0700][gc,cpu      ] GC(261) User=0.07s Sys=0.01s Real=0.04s
[2024-12-15T20:30:18.303+0700][gc,start    ] GC(262) Pause Young (Normal) (G1 Evacuation Pause)
[2024-12-15T20:30:18.303+0700][gc,task     ] GC(262) Using 2 workers of 2 for evacuation
[2024-12-15T20:30:18.380+0700][gc,mmu      ] GC(262) MMU target violated: 21.0ms (20.0ms/21.0ms)
[2024-12-15T20:30:18.381+0700][gc,phases   ] GC(262)   Pre Evacuate Collection Set: 3.5ms
[2024-12-15T20:30:18.381+0700][gc,phases   ] GC(262)   Merge Heap Roots: 0.8ms
[2024-12-15T20:30:18.381+0700][gc,phases   ] GC(262)   Evacuate Collection Set: 68.6ms
[2024-12-15T20:30:18.381+0700][gc,phases   ] GC(262)   Post Evacuate Collection Set: 3.6ms
[2024-12-15T20:30:18.381+0700][gc,phases   ] GC(262)   Other: 1.9ms
[2024-12-15T20:30:18.381+0700][gc,heap     ] GC(262) Eden regions: 48->0(44)
[2024-12-15T20:30:18.381+0700][gc,heap     ] GC(262) Survivor regions: 3->7(7)
[2024-12-15T20:30:18.381+0700][gc,heap     ] GC(262) Old regions: 226->226
[2024-12-15T20:30:18.381+0700][gc,heap     ] GC(262) Archive regions: 2->2
[2024-12-15T20:30:18.381+0700][gc,heap     ] GC(262) Humongous regions: 129->129
[2024-12-15T20:30:18.381+0700][gc,metaspace] GC(262) Metaspace: 44951K(45504K)->44951K(45504K) NonClass: 39785K(40064K)->39785K(40064K) Class: 5166K(5440K)->5166K(5440K)
[2024-12-15T20:30:18.382+0700][gc          ] GC(262) Pause Young (Normal) (G1 Evacuation Pause) 406M->361M(1024M) 78.379ms
[2024-12-15T20:30:18.382+0700][gc,cpu      ] GC(262) User=0.14s Sys=0.00s Real=0.08s
[2024-12-15T20:31:56.525+0700][gc,start    ] GC(263) Pause Young (Normal) (G1 Evacuation Pause)
[2024-12-15T20:31:56.525+0700][gc,task     ] GC(263) Using 2 workers of 2 for evacuation
[2024-12-15T20:31:56.590+0700][gc,mmu      ] GC(263) MMU target violated: 21.0ms (20.0ms/21.0ms)
[2024-12-15T20:31:56.591+0700][gc,phases   ] GC(263)   Pre Evacuate Collection Set: 4.4ms
[2024-12-15T20:31:56.591+0700][gc,phases   ] GC(263)   Merge Heap Roots: 0.6ms
[2024-12-15T20:31:56.591+0700][gc,phases   ] GC(263)   Evacuate Collection Set: 56.7ms
[2024-12-15T20:31:56.591+0700][gc,phases   ] GC(263)   Post Evacuate Collection Set: 2.7ms
[2024-12-15T20:31:56.591+0700][gc,phases   ] GC(263)   Other: 1.4ms
[2024-12-15T20:31:56.591+0700][gc,heap     ] GC(263) Eden regions: 44->0(45)
[2024-12-15T20:31:56.591+0700][gc,heap     ] GC(263) Survivor regions: 7->6(7)
[2024-12-15T20:31:56.591+0700][gc,heap     ] GC(263) Old regions: 226->230
[2024-12-15T20:31:56.591+0700][gc,heap     ] GC(263) Archive regions: 2->2
[2024-12-15T20:31:56.591+0700][gc,heap     ] GC(263) Humongous regions: 129->129
[2024-12-15T20:31:56.591+0700][gc,metaspace] GC(263) Metaspace: 44951K(45504K)->44951K(45504K) NonClass: 39785K(40064K)->39785K(40064K) Class: 5166K(5440K)->5166K(5440K)
[2024-12-15T20:31:56.591+0700][gc          ] GC(263) Pause Young (Normal) (G1 Evacuation Pause) 405M->365M(1024M) 65.783ms
[2024-12-15T20:31:56.591+0700][gc,cpu      ] GC(263) User=0.13s Sys=0.00s Real=0.06s
[2024-12-15T20:33:37.660+0700][gc,start    ] GC(264) Pause Young (Normal) (G1 Evacuation Pause)
[2024-12-15T20:33:37.660+0700][gc,task     ] GC(264) Using 2 workers of 2 for evacuation
[2024-12-15T20:33:37.705+0700][gc,mmu      ] GC(264) MMU target violated: 21.0ms (20.0ms/21.0ms)
[2024-12-15T20:33:37.705+0700][gc,phases   ] GC(264)   Pre Evacuate Collection Set: 2.6ms
[2024-12-15T20:33:37.705+0700][gc,phases   ] GC(264)   Merge Heap Roots: 1.1ms
[2024-12-15T20:33:37.705+0700][gc,phases   ] GC(264)   Evacuate Collection Set: 37.7ms
[2024-12-15T20:33:37.706+0700][gc,phases   ] GC(264)   Post Evacuate Collection Set: 2.9ms
[2024-12-15T20:33:37.706+0700][gc,phases   ] GC(264)   Other: 1.6ms
[2024-12-15T20:33:37.706+0700][gc,heap     ] GC(264) Eden regions: 45->0(47)
[2024-12-15T20:33:37.706+0700][gc,heap     ] GC(264) Survivor regions: 6->4(7)
[2024-12-15T20:33:37.706+0700][gc,heap     ] GC(264) Old regions: 230->232
[2024-12-15T20:33:37.706+0700][gc,heap     ] GC(264) Archive regions: 2->2
[2024-12-15T20:33:37.706+0700][gc,heap     ] GC(264) Humongous regions: 129->129
[2024-12-15T20:33:37.706+0700][gc,metaspace] GC(264) Metaspace: 44951K(45504K)->44951K(45504K) NonClass: 39785K(40064K)->39785K(40064K) Class: 5166K(5440K)->5166K(5440K)
[2024-12-15T20:33:37.706+0700][gc          ] GC(264) Pause Young (Normal) (G1 Evacuation Pause) 410M->365M(1024M) 45.934ms
[2024-12-15T20:33:37.706+0700][gc,cpu      ] GC(264) User=0.08s Sys=0.00s Real=0.05s
[2024-12-15T20:35:22.113+0700][gc,start    ] GC(265) Pause Young (Normal) (G1 Evacuation Pause)
[2024-12-15T20:35:22.113+0700][gc,task     ] GC(265) Using 2 workers of 2 for evacuation
[2024-12-15T20:35:22.169+0700][gc,mmu      ] GC(265) MMU target violated: 21.0ms (20.0ms/21.0ms)
[2024-12-15T20:35:22.169+0700][gc,phases   ] GC(265)   Pre Evacuate Collection Set: 3.0ms
[2024-12-15T20:35:22.169+0700][gc,phases   ] GC(265)   Merge Heap Roots: 1.0ms
[2024-12-15T20:35:22.169+0700][gc,phases   ] GC(265)   Evacuate Collection Set: 48.4ms
[2024-12-15T20:35:22.169+0700][gc,phases   ] GC(265)   Post Evacuate Collection Set: 2.8ms
[2024-12-15T20:35:22.169+0700][gc,phases   ] GC(265)   Other: 1.5ms
[2024-12-15T20:35:22.169+0700][gc,heap     ] GC(265) Eden regions: 47->0(44)
[2024-12-15T20:35:22.169+0700][gc,heap     ] GC(265) Survivor regions: 4->7(7)
[2024-12-15T20:35:22.169+0700][gc,heap     ] GC(265) Old regions: 232->232
[2024-12-15T20:35:22.169+0700][gc,heap     ] GC(265) Archive regions: 2->2
[2024-12-15T20:35:22.169+0700][gc,heap     ] GC(265) Humongous regions: 129->129
[2024-12-15T20:35:22.169+0700][gc,metaspace] GC(265) Metaspace: 44951K(45504K)->44951K(45504K) NonClass: 39785K(40064K)->39785K(40064K) Class: 5166K(5440K)->5166K(5440K)
[2024-12-15T20:35:22.169+0700][gc          ] GC(265) Pause Young (Normal) (G1 Evacuation Pause) 412M->368M(1024M) 56.658ms
[2024-12-15T20:35:22.169+0700][gc,cpu      ] GC(265) User=0.10s Sys=0.00s Real=0.05s
[2024-12-15T20:37:00.021+0700][gc,start    ] GC(266) Pause Young (Normal) (G1 Evacuation Pause)
[2024-12-15T20:37:00.021+0700][gc,task     ] GC(266) Using 2 workers of 2 for evacuation
[2024-12-15T20:37:00.072+0700][gc,mmu      ] GC(266) MMU target violated: 21.0ms (20.0ms/21.0ms)
[2024-12-15T20:37:00.072+0700][gc,phases   ] GC(266)   Pre Evacuate Collection Set: 3.2ms
[2024-12-15T20:37:00.072+0700][gc,phases   ] GC(266)   Merge Heap Roots: 1.1ms
[2024-12-15T20:37:00.072+0700][gc,phases   ] GC(266)   Evacuate Collection Set: 43.8ms
[2024-12-15T20:37:00.072+0700][gc,phases   ] GC(266)   Post Evacuate Collection Set: 2.6ms
[2024-12-15T20:37:00.072+0700][gc,phases   ] GC(266)   Other: 1.2ms
[2024-12-15T20:37:00.072+0700][gc,heap     ] GC(266) Eden regions: 44->0(48)
[2024-12-15T20:37:00.072+0700][gc,heap     ] GC(266) Survivor regions: 7->3(7)
[2024-12-15T20:37:00.072+0700][gc,heap     ] GC(266) Old regions: 232->237
[2024-12-15T20:37:00.072+0700][gc,heap     ] GC(266) Archive regions: 2->2
[2024-12-15T20:37:00.072+0700][gc,heap     ] GC(266) Humongous regions: 129->129
[2024-12-15T20:37:00.072+0700][gc,metaspace] GC(266) Metaspace: 44951K(45504K)->44951K(45504K) NonClass: 39785K(40064K)->39785K(40064K) Class: 5166K(5440K)->5166K(5440K)
[2024-12-15T20:37:00.072+0700][gc          ] GC(266) Pause Young (Normal) (G1 Evacuation Pause) 412M->369M(1024M) 51.793ms
[2024-12-15T20:37:00.073+0700][gc,cpu      ] GC(266) User=0.09s Sys=0.01s Real=0.06s
[2024-12-15T20:38:43.144+0700][gc,start    ] GC(267) Pause Young (Normal) (G1 Evacuation Pause)
[2024-12-15T20:38:43.145+0700][gc,task     ] GC(267) Using 2 workers of 2 for evacuation
[2024-12-15T20:38:43.197+0700][gc,mmu      ] GC(267) MMU target violated: 21.0ms (20.0ms/21.0ms)
[2024-12-15T20:38:43.198+0700][gc,phases   ] GC(267)   Pre Evacuate Collection Set: 2.7ms
[2024-12-15T20:38:43.198+0700][gc,phases   ] GC(267)   Merge Heap Roots: 1.1ms
[2024-12-15T20:38:43.198+0700][gc,phases   ] GC(267)   Evacuate Collection Set: 44.9ms
[2024-12-15T20:38:43.198+0700][gc,phases   ] GC(267)   Post Evacuate Collection Set: 3.5ms
[2024-12-15T20:38:43.198+0700][gc,phases   ] GC(267)   Other: 1.5ms
[2024-12-15T20:38:43.198+0700][gc,heap     ] GC(267) Eden regions: 48->0(44)
[2024-12-15T20:38:43.198+0700][gc,heap     ] GC(267) Survivor regions: 3->7(7)
[2024-12-15T20:38:43.198+0700][gc,heap     ] GC(267) Old regions: 237->237
[2024-12-15T20:38:43.198+0700][gc,heap     ] GC(267) Archive regions: 2->2
[2024-12-15T20:38:43.198+0700][gc,heap     ] GC(267) Humongous regions: 129->129
[2024-12-15T20:38:43.198+0700][gc,metaspace] GC(267) Metaspace: 44958K(45504K)->44958K(45504K) NonClass: 39792K(40064K)->39792K(40064K) Class: 5166K(5440K)->5166K(5440K)
[2024-12-15T20:38:43.198+0700][gc          ] GC(267) Pause Young (Normal) (G1 Evacuation Pause) 417M->372M(1024M) 53.583ms
[2024-12-15T20:38:43.198+0700][gc,cpu      ] GC(267) User=0.09s Sys=0.01s Real=0.06s
[2024-12-15T20:40:18.438+0700][gc,start    ] GC(268) Pause Young (Normal) (G1 Evacuation Pause)
[2024-12-15T20:40:18.439+0700][gc,task     ] GC(268) Using 2 workers of 2 for evacuation
[2024-12-15T20:40:18.493+0700][gc,mmu      ] GC(268) MMU target violated: 21.0ms (20.0ms/21.0ms)
[2024-12-15T20:40:18.493+0700][gc,phases   ] GC(268)   Pre Evacuate Collection Set: 2.6ms
[2024-12-15T20:40:18.493+0700][gc,phases   ] GC(268)   Merge Heap Roots: 0.9ms
[2024-12-15T20:40:18.493+0700][gc,phases   ] GC(268)   Evacuate Collection Set: 47.0ms
[2024-12-15T20:40:18.493+0700][gc,phases   ] GC(268)   Post Evacuate Collection Set: 2.7ms
[2024-12-15T20:40:18.493+0700][gc,phases   ] GC(268)   Other: 1.5ms
[2024-12-15T20:40:18.493+0700][gc,heap     ] GC(268) Eden regions: 44->0(48)
[2024-12-15T20:40:18.493+0700][gc,heap     ] GC(268) Survivor regions: 7->3(7)
[2024-12-15T20:40:18.493+0700][gc,heap     ] GC(268) Old regions: 237->241
[2024-12-15T20:40:18.493+0700][gc,heap     ] GC(268) Archive regions: 2->2
[2024-12-15T20:40:18.493+0700][gc,heap     ] GC(268) Humongous regions: 129->129
[2024-12-15T20:40:18.493+0700][gc,metaspace] GC(268) Metaspace: 44968K(45568K)->44968K(45568K) NonClass: 39801K(40128K)->39801K(40128K) Class: 5166K(5440K)->5166K(5440K)
[2024-12-15T20:40:18.493+0700][gc          ] GC(268) Pause Young (Normal) (G1 Evacuation Pause) 416M->373M(1024M) 54.575ms
[2024-12-15T20:40:18.493+0700][gc,cpu      ] GC(268) User=0.07s Sys=0.02s Real=0.06s
[2024-12-15T20:42:02.717+0700][gc,start    ] GC(269) Pause Young (Normal) (G1 Evacuation Pause)
[2024-12-15T20:42:02.717+0700][gc,task     ] GC(269) Using 2 workers of 2 for evacuation
[2024-12-15T20:42:02.769+0700][gc,mmu      ] GC(269) MMU target violated: 21.0ms (20.0ms/21.0ms)
[2024-12-15T20:42:02.769+0700][gc,phases   ] GC(269)   Pre Evacuate Collection Set: 4.1ms
[2024-12-15T20:42:02.769+0700][gc,phases   ] GC(269)   Merge Heap Roots: 1.2ms
[2024-12-15T20:42:02.769+0700][gc,phases   ] GC(269)   Evacuate Collection Set: 43.3ms
[2024-12-15T20:42:02.769+0700][gc,phases   ] GC(269)   Post Evacuate Collection Set: 2.9ms
[2024-12-15T20:42:02.769+0700][gc,phases   ] GC(269)   Other: 1.7ms
[2024-12-15T20:42:02.769+0700][gc,heap     ] GC(269) Eden regions: 48->0(45)
[2024-12-15T20:42:02.769+0700][gc,heap     ] GC(269) Survivor regions: 3->6(7)
[2024-12-15T20:42:02.769+0700][gc,heap     ] GC(269) Old regions: 241->241
[2024-12-15T20:42:02.769+0700][gc,heap     ] GC(269) Archive regions: 2->2
[2024-12-15T20:42:02.769+0700][gc,heap     ] GC(269) Humongous regions: 129->129
[2024-12-15T20:42:02.770+0700][gc,metaspace] GC(269) Metaspace: 44972K(45568K)->44972K(45568K) NonClass: 39806K(40128K)->39806K(40128K) Class: 5166K(5440K)->5166K(5440K)
[2024-12-15T20:42:02.770+0700][gc          ] GC(269) Pause Young (Normal) (G1 Evacuation Pause) 421M->376M(1024M) 53.134ms
[2024-12-15T20:42:02.770+0700][gc,cpu      ] GC(269) User=0.10s Sys=0.00s Real=0.05s
[2024-12-15T20:43:47.005+0700][gc,start    ] GC(270) Pause Young (Normal) (G1 Evacuation Pause)
[2024-12-15T20:43:47.005+0700][gc,task     ] GC(270) Using 2 workers of 2 for evacuation
[2024-12-15T20:43:47.072+0700][gc,mmu      ] GC(270) MMU target violated: 21.0ms (20.0ms/21.0ms)
[2024-12-15T20:43:47.073+0700][gc,phases   ] GC(270)   Pre Evacuate Collection Set: 3.1ms
[2024-12-15T20:43:47.073+0700][gc,phases   ] GC(270)   Merge Heap Roots: 1.0ms
[2024-12-15T20:43:47.073+0700][gc,phases   ] GC(270)   Evacuate Collection Set: 60.0ms
[2024-12-15T20:43:47.073+0700][gc,phases   ] GC(270)   Post Evacuate Collection Set: 2.6ms
[2024-12-15T20:43:47.073+0700][gc,phases   ] GC(270)   Other: 1.5ms
[2024-12-15T20:43:47.073+0700][gc,heap     ] GC(270) Eden regions: 45->0(46)
[2024-12-15T20:43:47.073+0700][gc,heap     ] GC(270) Survivor regions: 6->5(7)
[2024-12-15T20:43:47.073+0700][gc,heap     ] GC(270) Old regions: 241->245
[2024-12-15T20:43:47.073+0700][gc,heap     ] GC(270) Archive regions: 2->2
[2024-12-15T20:43:47.073+0700][gc,heap     ] GC(270) Humongous regions: 129->129
[2024-12-15T20:43:47.073+0700][gc,metaspace] GC(270) Metaspace: 44972K(45568K)->44972K(45568K) NonClass: 39806K(40128K)->39806K(40128K) Class: 5166K(5440K)->5166K(5440K)
[2024-12-15T20:43:47.073+0700][gc          ] GC(270) Pause Young (Normal) (G1 Evacuation Pause) 421M->379M(1024M) 68.139ms
[2024-12-15T20:43:47.073+0700][gc,cpu      ] GC(270) User=0.12s Sys=0.01s Real=0.07s
[2024-12-15T20:45:36.191+0700][gc,start    ] GC(271) Pause Young (Normal) (G1 Evacuation Pause)
[2024-12-15T20:45:36.191+0700][gc,task     ] GC(271) Using 2 workers of 2 for evacuation
[2024-12-15T20:45:36.243+0700][gc,mmu      ] GC(271) MMU target violated: 21.0ms (20.0ms/21.0ms)
[2024-12-15T20:45:36.243+0700][gc,phases   ] GC(271)   Pre Evacuate Collection Set: 2.9ms
[2024-12-15T20:45:36.243+0700][gc,phases   ] GC(271)   Merge Heap Roots: 1.1ms
[2024-12-15T20:45:36.243+0700][gc,phases   ] GC(271)   Evacuate Collection Set: 40.4ms
[2024-12-15T20:45:36.243+0700][gc,phases   ] GC(271)   Post Evacuate Collection Set: 6.4ms
[2024-12-15T20:45:36.243+0700][gc,phases   ] GC(271)   Other: 1.6ms
[2024-12-15T20:45:36.243+0700][gc,heap     ] GC(271) Eden regions: 46->0(48)
[2024-12-15T20:45:36.243+0700][gc,heap     ] GC(271) Survivor regions: 5->3(7)
[2024-12-15T20:45:36.243+0700][gc,heap     ] GC(271) Old regions: 245->248
[2024-12-15T20:45:36.243+0700][gc,heap     ] GC(271) Archive regions: 2->2
[2024-12-15T20:45:36.243+0700][gc,heap     ] GC(271) Humongous regions: 129->129
[2024-12-15T20:45:36.243+0700][gc,metaspace] GC(271) Metaspace: 44972K(45568K)->44972K(45568K) NonClass: 39806K(40128K)->39806K(40128K) Class: 5166K(5440K)->5166K(5440K)
[2024-12-15T20:45:36.243+0700][gc          ] GC(271) Pause Young (Normal) (G1 Evacuation Pause) 425M->380M(1024M) 52.427ms
[2024-12-15T20:45:36.243+0700][gc,cpu      ] GC(271) User=0.09s Sys=0.01s Real=0.05s
[2024-12-15T20:47:22.381+0700][gc,start    ] GC(272) Pause Young (Normal) (G1 Evacuation Pause)
[2024-12-15T20:47:22.381+0700][gc,task     ] GC(272) Using 2 workers of 2 for evacuation
[2024-12-15T20:47:22.438+0700][gc,mmu      ] GC(272) MMU target violated: 21.0ms (20.0ms/21.0ms)
[2024-12-15T20:47:22.439+0700][gc,phases   ] GC(272)   Pre Evacuate Collection Set: 2.7ms
[2024-12-15T20:47:22.439+0700][gc,phases   ] GC(272)   Merge Heap Roots: 0.8ms
[2024-12-15T20:47:22.439+0700][gc,phases   ] GC(272)   Evacuate Collection Set: 50.9ms
[2024-12-15T20:47:22.439+0700][gc,phases   ] GC(272)   Post Evacuate Collection Set: 2.8ms
[2024-12-15T20:47:22.439+0700][gc,phases   ] GC(272)   Other: 1.1ms
[2024-12-15T20:47:22.439+0700][gc,heap     ] GC(272) Eden regions: 48->0(44)
[2024-12-15T20:47:22.439+0700][gc,heap     ] GC(272) Survivor regions: 3->7(7)
[2024-12-15T20:47:22.439+0700][gc,heap     ] GC(272) Old regions: 248->248
[2024-12-15T20:47:22.439+0700][gc,heap     ] GC(272) Archive regions: 2->2
[2024-12-15T20:47:22.439+0700][gc,heap     ] GC(272) Humongous regions: 129->129
[2024-12-15T20:47:22.439+0700][gc,metaspace] GC(272) Metaspace: 44992K(45568K)->44992K(45568K) NonClass: 39825K(40128K)->39825K(40128K) Class: 5166K(5440K)->5166K(5440K)
[2024-12-15T20:47:22.439+0700][gc          ] GC(272) Pause Young (Normal) (G1 Evacuation Pause) 428M->383M(1024M) 58.336ms
[2024-12-15T20:47:22.439+0700][gc,cpu      ] GC(272) User=0.11s Sys=0.00s Real=0.06s
[2024-12-15T20:49:07.503+0700][gc,start    ] GC(273) Pause Young (Normal) (G1 Evacuation Pause)
[2024-12-15T20:49:07.504+0700][gc,task     ] GC(273) Using 2 workers of 2 for evacuation
[2024-12-15T20:49:07.567+0700][gc,mmu      ] GC(273) MMU target violated: 21.0ms (20.0ms/21.0ms)
[2024-12-15T20:49:07.567+0700][gc,phases   ] GC(273)   Pre Evacuate Collection Set: 8.0ms
[2024-12-15T20:49:07.567+0700][gc,phases   ] GC(273)   Merge Heap Roots: 1.4ms
[2024-12-15T20:49:07.567+0700][gc,phases   ] GC(273)   Evacuate Collection Set: 49.5ms
[2024-12-15T20:49:07.567+0700][gc,phases   ] GC(273)   Post Evacuate Collection Set: 3.4ms
[2024-12-15T20:49:07.567+0700][gc,phases   ] GC(273)   Other: 1.4ms
[2024-12-15T20:49:07.567+0700][gc,heap     ] GC(273) Eden regions: 44->0(48)
[2024-12-15T20:49:07.567+0700][gc,heap     ] GC(273) Survivor regions: 7->3(7)
[2024-12-15T20:49:07.567+0700][gc,heap     ] GC(273) Old regions: 248->252
[2024-12-15T20:49:07.567+0700][gc,heap     ] GC(273) Archive regions: 2->2
[2024-12-15T20:49:07.567+0700][gc,heap     ] GC(273) Humongous regions: 129->129
[2024-12-15T20:49:07.567+0700][gc,metaspace] GC(273) Metaspace: 44992K(45568K)->44992K(45568K) NonClass: 39825K(40128K)->39825K(40128K) Class: 5166K(5440K)->5166K(5440K)
[2024-12-15T20:49:07.567+0700][gc          ] GC(273) Pause Young (Normal) (G1 Evacuation Pause) 427M->384M(1024M) 63.728ms
[2024-12-15T20:49:07.567+0700][gc,cpu      ] GC(273) User=0.11s Sys=0.00s Real=0.07s
[2024-12-15T20:50:59.883+0700][gc,start    ] GC(274) Pause Young (Normal) (G1 Evacuation Pause)
[2024-12-15T20:50:59.883+0700][gc,task     ] GC(274) Using 2 workers of 2 for evacuation
[2024-12-15T20:50:59.941+0700][gc,mmu      ] GC(274) MMU target violated: 21.0ms (20.0ms/21.0ms)
[2024-12-15T20:50:59.941+0700][gc,phases   ] GC(274)   Pre Evacuate Collection Set: 3.3ms
[2024-12-15T20:50:59.941+0700][gc,phases   ] GC(274)   Merge Heap Roots: 1.1ms
[2024-12-15T20:50:59.941+0700][gc,phases   ] GC(274)   Evacuate Collection Set: 49.3ms
[2024-12-15T20:50:59.942+0700][gc,phases   ] GC(274)   Post Evacuate Collection Set: 3.8ms
[2024-12-15T20:50:59.942+0700][gc,phases   ] GC(274)   Other: 1.7ms
[2024-12-15T20:50:59.942+0700][gc,heap     ] GC(274) Eden regions: 48->0(44)
[2024-12-15T20:50:59.942+0700][gc,heap     ] GC(274) Survivor regions: 3->7(7)
[2024-12-15T20:50:59.942+0700][gc,heap     ] GC(274) Old regions: 252->252
[2024-12-15T20:50:59.942+0700][gc,heap     ] GC(274) Archive regions: 2->2
[2024-12-15T20:50:59.942+0700][gc,heap     ] GC(274) Humongous regions: 129->129
[2024-12-15T20:50:59.942+0700][gc,metaspace] GC(274) Metaspace: 44992K(45568K)->44992K(45568K) NonClass: 39825K(40128K)->39825K(40128K) Class: 5166K(5440K)->5166K(5440K)
[2024-12-15T20:50:59.942+0700][gc          ] GC(274) Pause Young (Normal) (G1 Evacuation Pause) 432M->388M(1024M) 59.124ms
[2024-12-15T20:50:59.942+0700][gc,cpu      ] GC(274) User=0.11s Sys=0.00s Real=0.06s
[2024-12-15T20:52:44.027+0700][gc,start    ] GC(275) Pause Young (Normal) (G1 Evacuation Pause)
[2024-12-15T20:52:44.027+0700][gc,task     ] GC(275) Using 2 workers of 2 for evacuation
[2024-12-15T20:52:44.100+0700][gc,mmu      ] GC(275) MMU target violated: 21.0ms (20.0ms/21.0ms)
[2024-12-15T20:52:44.100+0700][gc,phases   ] GC(275)   Pre Evacuate Collection Set: 3.7ms
[2024-12-15T20:52:44.100+0700][gc,phases   ] GC(275)   Merge Heap Roots: 0.8ms
[2024-12-15T20:52:44.100+0700][gc,phases   ] GC(275)   Evacuate Collection Set: 64.2ms
[2024-12-15T20:52:44.100+0700][gc,phases   ] GC(275)   Post Evacuate Collection Set: 3.4ms
[2024-12-15T20:52:44.100+0700][gc,phases   ] GC(275)   Other: 1.9ms
[2024-12-15T20:52:44.100+0700][gc,heap     ] GC(275) Eden regions: 44->0(48)
[2024-12-15T20:52:44.101+0700][gc,heap     ] GC(275) Survivor regions: 7->3(7)
[2024-12-15T20:52:44.101+0700][gc,heap     ] GC(275) Old regions: 252->255
[2024-12-15T20:52:44.101+0700][gc,heap     ] GC(275) Archive regions: 2->2
[2024-12-15T20:52:44.101+0700][gc,heap     ] GC(275) Humongous regions: 129->129
[2024-12-15T20:52:44.101+0700][gc,metaspace] GC(275) Metaspace: 44992K(45568K)->44992K(45568K) NonClass: 39825K(40128K)->39825K(40128K) Class: 5166K(5440K)->5166K(5440K)
[2024-12-15T20:52:44.101+0700][gc          ] GC(275) Pause Young (Normal) (G1 Evacuation Pause) 432M->387M(1024M) 73.991ms
[2024-12-15T20:52:44.101+0700][gc,cpu      ] GC(275) User=0.12s Sys=0.02s Real=0.07s
[2024-12-15T20:54:39.069+0700][gc,start    ] GC(276) Pause Young (Normal) (G1 Evacuation Pause)
[2024-12-15T20:54:39.070+0700][gc,task     ] GC(276) Using 2 workers of 2 for evacuation
[2024-12-15T20:54:39.111+0700][gc,mmu      ] GC(276) MMU target violated: 21.0ms (20.0ms/21.0ms)
[2024-12-15T20:54:39.111+0700][gc,phases   ] GC(276)   Pre Evacuate Collection Set: 2.6ms
[2024-12-15T20:54:39.111+0700][gc,phases   ] GC(276)   Merge Heap Roots: 0.6ms
[2024-12-15T20:54:39.111+0700][gc,phases   ] GC(276)   Evacuate Collection Set: 35.0ms
[2024-12-15T20:54:39.111+0700][gc,phases   ] GC(276)   Post Evacuate Collection Set: 2.2ms
[2024-12-15T20:54:39.111+0700][gc,phases   ] GC(276)   Other: 1.4ms
[2024-12-15T20:54:39.111+0700][gc,heap     ] GC(276) Eden regions: 48->0(44)
[2024-12-15T20:54:39.111+0700][gc,heap     ] GC(276) Survivor regions: 3->7(7)
[2024-12-15T20:54:39.111+0700][gc,heap     ] GC(276) Old regions: 255->255
[2024-12-15T20:54:39.111+0700][gc,heap     ] GC(276) Archive regions: 2->2
[2024-12-15T20:54:39.111+0700][gc,heap     ] GC(276) Humongous regions: 129->129
[2024-12-15T20:54:39.111+0700][gc,metaspace] GC(276) Metaspace: 44992K(45568K)->44992K(45568K) NonClass: 39825K(40128K)->39825K(40128K) Class: 5166K(5440K)->5166K(5440K)
[2024-12-15T20:54:39.111+0700][gc          ] GC(276) Pause Young (Normal) (G1 Evacuation Pause) 435M->391M(1024M) 41.804ms
[2024-12-15T20:54:39.111+0700][gc,cpu      ] GC(276) User=0.08s Sys=0.00s Real=0.04s
[2024-12-15T20:56:23.645+0700][gc,start    ] GC(277) Pause Young (Normal) (G1 Evacuation Pause)
[2024-12-15T20:56:23.646+0700][gc,task     ] GC(277) Using 2 workers of 2 for evacuation
[2024-12-15T20:56:23.728+0700][gc,mmu      ] GC(277) MMU target violated: 21.0ms (20.0ms/21.0ms)
[2024-12-15T20:56:23.729+0700][gc,phases   ] GC(277)   Pre Evacuate Collection Set: 3.6ms
[2024-12-15T20:56:23.729+0700][gc,phases   ] GC(277)   Merge Heap Roots: 0.8ms
[2024-12-15T20:56:23.729+0700][gc,phases   ] GC(277)   Evacuate Collection Set: 75.0ms
[2024-12-15T20:56:23.729+0700][gc,phases   ] GC(277)   Post Evacuate Collection Set: 2.7ms
[2024-12-15T20:56:23.729+0700][gc,phases   ] GC(277)   Other: 1.3ms
[2024-12-15T20:56:23.729+0700][gc,heap     ] GC(277) Eden regions: 44->0(46)
[2024-12-15T20:56:23.729+0700][gc,heap     ] GC(277) Survivor regions: 7->5(7)
[2024-12-15T20:56:23.729+0700][gc,heap     ] GC(277) Old regions: 255->259
[2024-12-15T20:56:23.729+0700][gc,heap     ] GC(277) Archive regions: 2->2
[2024-12-15T20:56:23.729+0700][gc,heap     ] GC(277) Humongous regions: 129->129
[2024-12-15T20:56:23.729+0700][gc,metaspace] GC(277) Metaspace: 44992K(45568K)->44992K(45568K) NonClass: 39825K(40128K)->39825K(40128K) Class: 5166K(5440K)->5166K(5440K)
[2024-12-15T20:56:23.729+0700][gc          ] GC(277) Pause Young (Normal) (G1 Evacuation Pause) 435M->393M(1024M) 83.384ms
[2024-12-15T20:56:23.729+0700][gc,cpu      ] GC(277) User=0.15s Sys=0.01s Real=0.08s
[2024-12-15T20:58:12.706+0700][gc,start    ] GC(278) Pause Young (Normal) (G1 Evacuation Pause)
[2024-12-15T20:58:12.706+0700][gc,task     ] GC(278) Using 2 workers of 2 for evacuation
[2024-12-15T20:58:12.745+0700][gc,mmu      ] GC(278) MMU target violated: 21.0ms (20.0ms/21.0ms)
[2024-12-15T20:58:12.745+0700][gc,phases   ] GC(278)   Pre Evacuate Collection Set: 3.6ms
[2024-12-15T20:58:12.745+0700][gc,phases   ] GC(278)   Merge Heap Roots: 0.7ms
[2024-12-15T20:58:12.745+0700][gc,phases   ] GC(278)   Evacuate Collection Set: 31.6ms
[2024-12-15T20:58:12.745+0700][gc,phases   ] GC(278)   Post Evacuate Collection Set: 2.5ms
[2024-12-15T20:58:12.745+0700][gc,phases   ] GC(278)   Other: 1.2ms
[2024-12-15T20:58:12.745+0700][gc,heap     ] GC(278) Eden regions: 46->0(48)
[2024-12-15T20:58:12.745+0700][gc,heap     ] GC(278) Survivor regions: 5->3(7)
[2024-12-15T20:58:12.745+0700][gc,heap     ] GC(278) Old regions: 259->261
[2024-12-15T20:58:12.745+0700][gc,heap     ] GC(278) Archive regions: 2->2
[2024-12-15T20:58:12.745+0700][gc,heap     ] GC(278) Humongous regions: 129->129
[2024-12-15T20:58:12.745+0700][gc,metaspace] GC(278) Metaspace: 44992K(45568K)->44992K(45568K) NonClass: 39825K(40128K)->39825K(40128K) Class: 5166K(5440K)->5166K(5440K)
[2024-12-15T20:58:12.745+0700][gc          ] GC(278) Pause Young (Normal) (G1 Evacuation Pause) 439M->393M(1024M) 39.454ms
[2024-12-15T20:58:12.745+0700][gc,cpu      ] GC(278) User=0.07s Sys=0.00s Real=0.04s
[2024-12-15T21:00:05.660+0700][gc,start    ] GC(279) Pause Young (Normal) (G1 Evacuation Pause)
[2024-12-15T21:00:05.660+0700][gc,task     ] GC(279) Using 2 workers of 2 for evacuation
[2024-12-15T21:00:05.711+0700][gc,mmu      ] GC(279) MMU target violated: 21.0ms (20.0ms/21.0ms)
[2024-12-15T21:00:05.712+0700][gc,phases   ] GC(279)   Pre Evacuate Collection Set: 4.1ms
[2024-12-15T21:00:05.712+0700][gc,phases   ] GC(279)   Merge Heap Roots: 1.0ms
[2024-12-15T21:00:05.712+0700][gc,phases   ] GC(279)   Evacuate Collection Set: 43.1ms
[2024-12-15T21:00:05.712+0700][gc,phases   ] GC(279)   Post Evacuate Collection Set: 2.4ms
[2024-12-15T21:00:05.712+0700][gc,phases   ] GC(279)   Other: 1.3ms
[2024-12-15T21:00:05.712+0700][gc,heap     ] GC(279) Eden regions: 48->0(45)
[2024-12-15T21:00:05.712+0700][gc,heap     ] GC(279) Survivor regions: 3->6(7)
[2024-12-15T21:00:05.712+0700][gc,heap     ] GC(279) Old regions: 261->261
[2024-12-15T21:00:05.712+0700][gc,heap     ] GC(279) Archive regions: 2->2
[2024-12-15T21:00:05.712+0700][gc,heap     ] GC(279) Humongous regions: 129->129
[2024-12-15T21:00:05.712+0700][gc,metaspace] GC(279) Metaspace: 44992K(45568K)->44992K(45568K) NonClass: 39825K(40128K)->39825K(40128K) Class: 5166K(5440K)->5166K(5440K)
[2024-12-15T21:00:05.712+0700][gc          ] GC(279) Pause Young (Normal) (G1 Evacuation Pause) 441M->396M(1024M) 51.963ms
[2024-12-15T21:00:05.712+0700][gc,cpu      ] GC(279) User=0.10s Sys=0.00s Real=0.05s
[2024-12-15T21:01:46.189+0700][gc,start    ] GC(280) Pause Young (Normal) (G1 Evacuation Pause)
[2024-12-15T21:01:46.189+0700][gc,task     ] GC(280) Using 2 workers of 2 for evacuation
[2024-12-15T21:01:46.258+0700][gc,mmu      ] GC(280) MMU target violated: 21.0ms (20.0ms/21.0ms)
[2024-12-15T21:01:46.258+0700][gc,phases   ] GC(280)   Pre Evacuate Collection Set: 2.8ms
[2024-12-15T21:01:46.258+0700][gc,phases   ] GC(280)   Merge Heap Roots: 1.0ms
[2024-12-15T21:01:46.258+0700][gc,phases   ] GC(280)   Evacuate Collection Set: 61.7ms
[2024-12-15T21:01:46.258+0700][gc,phases   ] GC(280)   Post Evacuate Collection Set: 2.5ms
[2024-12-15T21:01:46.258+0700][gc,phases   ] GC(280)   Other: 1.5ms
[2024-12-15T21:01:46.258+0700][gc,heap     ] GC(280) Eden regions: 45->0(45)
[2024-12-15T21:01:46.258+0700][gc,heap     ] GC(280) Survivor regions: 6->6(7)
[2024-12-15T21:01:46.258+0700][gc,heap     ] GC(280) Old regions: 261->265
[2024-12-15T21:01:46.258+0700][gc,heap     ] GC(280) Archive regions: 2->2
[2024-12-15T21:01:46.258+0700][gc,heap     ] GC(280) Humongous regions: 129->129
[2024-12-15T21:01:46.258+0700][gc,metaspace] GC(280) Metaspace: 45002K(45568K)->45002K(45568K) NonClass: 39835K(40128K)->39835K(40128K) Class: 5166K(5440K)->5166K(5440K)
[2024-12-15T21:01:46.258+0700][gc          ] GC(280) Pause Young (Normal) (G1 Evacuation Pause) 441M->400M(1024M) 69.433ms
[2024-12-15T21:01:46.258+0700][gc,cpu      ] GC(280) User=0.13s Sys=0.00s Real=0.07s
[2024-12-15T21:03:25.945+0700][gc,start    ] GC(281) Pause Young (Normal) (G1 Evacuation Pause)
[2024-12-15T21:03:25.945+0700][gc,task     ] GC(281) Using 2 workers of 2 for evacuation
[2024-12-15T21:03:25.993+0700][gc,mmu      ] GC(281) MMU target violated: 21.0ms (20.0ms/21.0ms)
[2024-12-15T21:03:25.993+0700][gc,phases   ] GC(281)   Pre Evacuate Collection Set: 2.6ms
[2024-12-15T21:03:25.993+0700][gc,phases   ] GC(281)   Merge Heap Roots: 0.7ms
[2024-12-15T21:03:25.993+0700][gc,phases   ] GC(281)   Evacuate Collection Set: 40.5ms
[2024-12-15T21:03:25.993+0700][gc,phases   ] GC(281)   Post Evacuate Collection Set: 3.4ms
[2024-12-15T21:03:25.993+0700][gc,phases   ] GC(281)   Other: 1.2ms
[2024-12-15T21:03:25.993+0700][gc,heap     ] GC(281) Eden regions: 45->0(47)
[2024-12-15T21:03:25.993+0700][gc,heap     ] GC(281) Survivor regions: 6->4(7)
[2024-12-15T21:03:25.993+0700][gc,heap     ] GC(281) Old regions: 265->268
[2024-12-15T21:03:25.993+0700][gc,heap     ] GC(281) Archive regions: 2->2
[2024-12-15T21:03:25.993+0700][gc,heap     ] GC(281) Humongous regions: 129->129
[2024-12-15T21:03:25.993+0700][gc,metaspace] GC(281) Metaspace: 45002K(45568K)->45002K(45568K) NonClass: 39835K(40128K)->39835K(40128K) Class: 5166K(5440K)->5166K(5440K)
[2024-12-15T21:03:25.993+0700][gc          ] GC(281) Pause Young (Normal) (G1 Evacuation Pause) 445M->401M(1024M) 48.725ms
[2024-12-15T21:03:25.993+0700][gc,cpu      ] GC(281) User=0.06s Sys=0.03s Real=0.05s
[2024-12-15T21:05:09.711+0700][gc,start    ] GC(282) Pause Young (Normal) (G1 Evacuation Pause)
[2024-12-15T21:05:09.711+0700][gc,task     ] GC(282) Using 2 workers of 2 for evacuation
[2024-12-15T21:05:09.772+0700][gc,mmu      ] GC(282) MMU target violated: 21.0ms (20.0ms/21.0ms)
[2024-12-15T21:05:09.773+0700][gc,phases   ] GC(282)   Pre Evacuate Collection Set: 2.5ms
[2024-12-15T21:05:09.773+0700][gc,phases   ] GC(282)   Merge Heap Roots: 1.2ms
[2024-12-15T21:05:09.773+0700][gc,phases   ] GC(282)   Evacuate Collection Set: 53.0ms
[2024-12-15T21:05:09.773+0700][gc,phases   ] GC(282)   Post Evacuate Collection Set: 3.9ms
[2024-12-15T21:05:09.773+0700][gc,phases   ] GC(282)   Other: 1.5ms
[2024-12-15T21:05:09.773+0700][gc,heap     ] GC(282) Eden regions: 47->0(44)
[2024-12-15T21:05:09.773+0700][gc,heap     ] GC(282) Survivor regions: 4->7(7)
[2024-12-15T21:05:09.773+0700][gc,heap     ] GC(282) Old regions: 268->268
[2024-12-15T21:05:09.773+0700][gc,heap     ] GC(282) Archive regions: 2->2
[2024-12-15T21:05:09.773+0700][gc,heap     ] GC(282) Humongous regions: 129->129
[2024-12-15T21:05:09.773+0700][gc,metaspace] GC(282) Metaspace: 45002K(45568K)->45002K(45568K) NonClass: 39835K(40128K)->39835K(40128K) Class: 5166K(5440K)->5166K(5440K)
[2024-12-15T21:05:09.773+0700][gc          ] GC(282) Pause Young (Normal) (G1 Evacuation Pause) 448M->404M(1024M) 62.046ms
[2024-12-15T21:05:09.773+0700][gc,cpu      ] GC(282) User=0.12s Sys=0.00s Real=0.07s
[2024-12-15T21:06:47.698+0700][gc,start    ] GC(283) Pause Young (Normal) (G1 Evacuation Pause)
[2024-12-15T21:06:47.698+0700][gc,task     ] GC(283) Using 2 workers of 2 for evacuation
[2024-12-15T21:06:47.753+0700][gc,mmu      ] GC(283) MMU target violated: 21.0ms (20.0ms/21.0ms)
[2024-12-15T21:06:47.753+0700][gc,phases   ] GC(283)   Pre Evacuate Collection Set: 3.1ms
[2024-12-15T21:06:47.753+0700][gc,phases   ] GC(283)   Merge Heap Roots: 0.7ms
[2024-12-15T21:06:47.753+0700][gc,phases   ] GC(283)   Evacuate Collection Set: 48.0ms
[2024-12-15T21:06:47.753+0700][gc,phases   ] GC(283)   Post Evacuate Collection Set: 2.8ms
[2024-12-15T21:06:47.753+0700][gc,phases   ] GC(283)   Other: 1.5ms
[2024-12-15T21:06:47.753+0700][gc,heap     ] GC(283) Eden regions: 44->0(48)
[2024-12-15T21:06:47.753+0700][gc,heap     ] GC(283) Survivor regions: 7->3(7)
[2024-12-15T21:06:47.753+0700][gc,heap     ] GC(283) Old regions: 268->272
[2024-12-15T21:06:47.753+0700][gc,heap     ] GC(283) Archive regions: 2->2
[2024-12-15T21:06:47.753+0700][gc,heap     ] GC(283) Humongous regions: 129->129
[2024-12-15T21:06:47.753+0700][gc,metaspace] GC(283) Metaspace: 45002K(45568K)->45002K(45568K) NonClass: 39835K(40128K)->39835K(40128K) Class: 5166K(5440K)->5166K(5440K)
[2024-12-15T21:06:47.753+0700][gc          ] GC(283) Pause Young (Normal) (G1 Evacuation Pause) 448M->404M(1024M) 56.035ms
[2024-12-15T21:06:47.754+0700][gc,cpu      ] GC(283) User=0.09s Sys=0.01s Real=0.06s
[2024-12-15T21:08:35.507+0700][gc,start    ] GC(284) Pause Young (Normal) (G1 Evacuation Pause)
[2024-12-15T21:08:35.507+0700][gc,task     ] GC(284) Using 2 workers of 2 for evacuation
[2024-12-15T21:08:35.558+0700][gc,mmu      ] GC(284) MMU target violated: 21.0ms (20.0ms/21.0ms)
[2024-12-15T21:08:35.558+0700][gc,phases   ] GC(284)   Pre Evacuate Collection Set: 2.6ms
[2024-12-15T21:08:35.558+0700][gc,phases   ] GC(284)   Merge Heap Roots: 1.0ms
[2024-12-15T21:08:35.558+0700][gc,phases   ] GC(284)   Evacuate Collection Set: 43.3ms
[2024-12-15T21:08:35.558+0700][gc,phases   ] GC(284)   Post Evacuate Collection Set: 3.1ms
[2024-12-15T21:08:35.558+0700][gc,phases   ] GC(284)   Other: 1.4ms
[2024-12-15T21:08:35.558+0700][gc,heap     ] GC(284) Eden regions: 48->0(44)
[2024-12-15T21:08:35.558+0700][gc,heap     ] GC(284) Survivor regions: 3->7(7)
[2024-12-15T21:08:35.558+0700][gc,heap     ] GC(284) Old regions: 272->272
[2024-12-15T21:08:35.558+0700][gc,heap     ] GC(284) Archive regions: 2->2
[2024-12-15T21:08:35.558+0700][gc,heap     ] GC(284) Humongous regions: 129->129
[2024-12-15T21:08:35.559+0700][gc,metaspace] GC(284) Metaspace: 45002K(45568K)->45002K(45568K) NonClass: 39835K(40128K)->39835K(40128K) Class: 5166K(5440K)->5166K(5440K)
[2024-12-15T21:08:35.559+0700][gc          ] GC(284) Pause Young (Normal) (G1 Evacuation Pause) 452M->408M(1024M) 51.610ms
[2024-12-15T21:08:35.559+0700][gc,cpu      ] GC(284) User=0.09s Sys=0.00s Real=0.05s
[2024-12-15T21:10:12.565+0700][gc,start    ] GC(285) Pause Young (Normal) (G1 Evacuation Pause)
[2024-12-15T21:10:12.565+0700][gc,task     ] GC(285) Using 2 workers of 2 for evacuation
[2024-12-15T21:10:12.616+0700][gc,mmu      ] GC(285) MMU target violated: 21.0ms (20.0ms/21.0ms)
[2024-12-15T21:10:12.616+0700][gc,phases   ] GC(285)   Pre Evacuate Collection Set: 2.7ms
[2024-12-15T21:10:12.616+0700][gc,phases   ] GC(285)   Merge Heap Roots: 0.5ms
[2024-12-15T21:10:12.616+0700][gc,phases   ] GC(285)   Evacuate Collection Set: 44.5ms
[2024-12-15T21:10:12.616+0700][gc,phases   ] GC(285)   Post Evacuate Collection Set: 2.6ms
[2024-12-15T21:10:12.616+0700][gc,phases   ] GC(285)   Other: 1.2ms
[2024-12-15T21:10:12.616+0700][gc,heap     ] GC(285) Eden regions: 44->0(48)
[2024-12-15T21:10:12.616+0700][gc,heap     ] GC(285) Survivor regions: 7->3(7)
[2024-12-15T21:10:12.616+0700][gc,heap     ] GC(285) Old regions: 272->277
[2024-12-15T21:10:12.616+0700][gc,heap     ] GC(285) Archive regions: 2->2
[2024-12-15T21:10:12.616+0700][gc,heap     ] GC(285) Humongous regions: 129->129
[2024-12-15T21:10:12.616+0700][gc,metaspace] GC(285) Metaspace: 45002K(45568K)->45002K(45568K) NonClass: 39835K(40128K)->39835K(40128K) Class: 5166K(5440K)->5166K(5440K)
[2024-12-15T21:10:12.616+0700][gc          ] GC(285) Pause Young (Normal) (G1 Evacuation Pause) 452M->409M(1024M) 51.552ms
[2024-12-15T21:10:12.616+0700][gc,cpu      ] GC(285) User=0.07s Sys=0.02s Real=0.05s
[2024-12-15T21:11:57.952+0700][gc,start    ] GC(286) Pause Young (Normal) (G1 Evacuation Pause)
[2024-12-15T21:11:57.953+0700][gc,task     ] GC(286) Using 2 workers of 2 for evacuation
[2024-12-15T21:11:58.004+0700][gc,mmu      ] GC(286) MMU target violated: 21.0ms (20.0ms/21.0ms)
[2024-12-15T21:11:58.005+0700][gc,phases   ] GC(286)   Pre Evacuate Collection Set: 2.8ms
[2024-12-15T21:11:58.005+0700][gc,phases   ] GC(286)   Merge Heap Roots: 0.8ms
[2024-12-15T21:11:58.005+0700][gc,phases   ] GC(286)   Evacuate Collection Set: 43.2ms
[2024-12-15T21:11:58.005+0700][gc,phases   ] GC(286)   Post Evacuate Collection Set: 4.0ms
[2024-12-15T21:11:58.005+0700][gc,phases   ] GC(286)   Other: 1.5ms
[2024-12-15T21:11:58.005+0700][gc,heap     ] GC(286) Eden regions: 48->0(44)
[2024-12-15T21:11:58.005+0700][gc,heap     ] GC(286) Survivor regions: 3->7(7)
[2024-12-15T21:11:58.005+0700][gc,heap     ] GC(286) Old regions: 277->277
[2024-12-15T21:11:58.005+0700][gc,heap     ] GC(286) Archive regions: 2->2
[2024-12-15T21:11:58.005+0700][gc,heap     ] GC(286) Humongous regions: 129->129
[2024-12-15T21:11:58.005+0700][gc,metaspace] GC(286) Metaspace: 45002K(45568K)->45002K(45568K) NonClass: 39835K(40128K)->39835K(40128K) Class: 5166K(5440K)->5166K(5440K)
[2024-12-15T21:11:58.005+0700][gc          ] GC(286) Pause Young (Normal) (G1 Evacuation Pause) 457M->412M(1024M) 52.629ms
[2024-12-15T21:11:58.005+0700][gc,cpu      ] GC(286) User=0.10s Sys=0.00s Real=0.06s
[2024-12-15T21:13:36.818+0700][gc,start    ] GC(287) Pause Young (Normal) (G1 Evacuation Pause)
[2024-12-15T21:13:36.818+0700][gc,task     ] GC(287) Using 2 workers of 2 for evacuation
[2024-12-15T21:13:36.887+0700][gc,mmu      ] GC(287) MMU target violated: 21.0ms (20.0ms/21.0ms)
[2024-12-15T21:13:36.887+0700][gc,phases   ] GC(287)   Pre Evacuate Collection Set: 4.0ms
[2024-12-15T21:13:36.887+0700][gc,phases   ] GC(287)   Merge Heap Roots: 1.0ms
[2024-12-15T21:13:36.887+0700][gc,phases   ] GC(287)   Evacuate Collection Set: 60.4ms
[2024-12-15T21:13:36.887+0700][gc,phases   ] GC(287)   Post Evacuate Collection Set: 2.5ms
[2024-12-15T21:13:36.887+0700][gc,phases   ] GC(287)   Other: 1.2ms
[2024-12-15T21:13:36.887+0700][gc,heap     ] GC(287) Eden regions: 44->0(46)
[2024-12-15T21:13:36.887+0700][gc,heap     ] GC(287) Survivor regions: 7->5(7)
[2024-12-15T21:13:36.887+0700][gc,heap     ] GC(287) Old regions: 277->282
[2024-12-15T21:13:36.887+0700][gc,heap     ] GC(287) Archive regions: 2->2
[2024-12-15T21:13:36.887+0700][gc,heap     ] GC(287) Humongous regions: 129->129
[2024-12-15T21:13:36.887+0700][gc,metaspace] GC(287) Metaspace: 45002K(45568K)->45002K(45568K) NonClass: 39835K(40128K)->39835K(40128K) Class: 5166K(5440K)->5166K(5440K)
[2024-12-15T21:13:36.888+0700][gc          ] GC(287) Pause Young (Normal) (G1 Evacuation Pause) 456M->416M(1024M) 69.340ms
[2024-12-15T21:13:36.888+0700][gc,cpu      ] GC(287) User=0.12s Sys=0.01s Real=0.07s
[2024-12-15T21:15:19.097+0700][gc,start    ] GC(288) Pause Young (Normal) (G1 Evacuation Pause)
[2024-12-15T21:15:19.097+0700][gc,task     ] GC(288) Using 2 workers of 2 for evacuation
[2024-12-15T21:15:19.138+0700][gc,mmu      ] GC(288) MMU target violated: 21.0ms (20.0ms/21.0ms)
[2024-12-15T21:15:19.138+0700][gc,phases   ] GC(288)   Pre Evacuate Collection Set: 2.3ms
[2024-12-15T21:15:19.138+0700][gc,phases   ] GC(288)   Merge Heap Roots: 0.6ms
[2024-12-15T21:15:19.138+0700][gc,phases   ] GC(288)   Evacuate Collection Set: 34.4ms
[2024-12-15T21:15:19.138+0700][gc,phases   ] GC(288)   Post Evacuate Collection Set: 2.8ms
[2024-12-15T21:15:19.138+0700][gc,phases   ] GC(288)   Other: 1.1ms
[2024-12-15T21:15:19.138+0700][gc,heap     ] GC(288) Eden regions: 46->0(48)
[2024-12-15T21:15:19.138+0700][gc,heap     ] GC(288) Survivor regions: 5->3(7)
[2024-12-15T21:15:19.138+0700][gc,heap     ] GC(288) Old regions: 282->284
[2024-12-15T21:15:19.138+0700][gc,heap     ] GC(288) Archive regions: 2->2
[2024-12-15T21:15:19.138+0700][gc,heap     ] GC(288) Humongous regions: 129->129
[2024-12-15T21:15:19.138+0700][gc,metaspace] GC(288) Metaspace: 45002K(45568K)->45002K(45568K) NonClass: 39835K(40128K)->39835K(40128K) Class: 5166K(5440K)->5166K(5440K)
[2024-12-15T21:15:19.138+0700][gc          ] GC(288) Pause Young (Normal) (G1 Evacuation Pause) 462M->416M(1024M) 41.318ms
[2024-12-15T21:15:19.138+0700][gc,cpu      ] GC(288) User=0.07s Sys=0.01s Real=0.04s
[2024-12-15T21:17:05.977+0700][gc,start    ] GC(289) Pause Young (Normal) (G1 Evacuation Pause)
[2024-12-15T21:17:05.977+0700][gc,task     ] GC(289) Using 2 workers of 2 for evacuation
[2024-12-15T21:17:06.026+0700][gc,mmu      ] GC(289) MMU target violated: 21.0ms (20.0ms/21.0ms)
[2024-12-15T21:17:06.026+0700][gc,phases   ] GC(289)   Pre Evacuate Collection Set: 3.9ms
[2024-12-15T21:17:06.026+0700][gc,phases   ] GC(289)   Merge Heap Roots: 1.1ms
[2024-12-15T21:17:06.026+0700][gc,phases   ] GC(289)   Evacuate Collection Set: 40.9ms
[2024-12-15T21:17:06.026+0700][gc,phases   ] GC(289)   Post Evacuate Collection Set: 2.7ms
[2024-12-15T21:17:06.026+0700][gc,phases   ] GC(289)   Other: 1.2ms
[2024-12-15T21:17:06.027+0700][gc,heap     ] GC(289) Eden regions: 48->0(44)
[2024-12-15T21:17:06.027+0700][gc,heap     ] GC(289) Survivor regions: 3->7(7)
[2024-12-15T21:17:06.027+0700][gc,heap     ] GC(289) Old regions: 284->284
[2024-12-15T21:17:06.027+0700][gc,heap     ] GC(289) Archive regions: 2->2
[2024-12-15T21:17:06.027+0700][gc,heap     ] GC(289) Humongous regions: 129->129
[2024-12-15T21:17:06.027+0700][gc,metaspace] GC(289) Metaspace: 45002K(45568K)->45002K(45568K) NonClass: 39835K(40128K)->39835K(40128K) Class: 5166K(5440K)->5166K(5440K)
[2024-12-15T21:17:06.027+0700][gc          ] GC(289) Pause Young (Normal) (G1 Evacuation Pause) 464M->420M(1024M) 49.840ms
[2024-12-15T21:17:06.027+0700][gc,cpu      ] GC(289) User=0.10s Sys=0.00s Real=0.05s
[2024-12-15T21:18:43.751+0700][gc,start    ] GC(290) Pause Young (Normal) (G1 Evacuation Pause)
[2024-12-15T21:18:43.752+0700][gc,task     ] GC(290) Using 2 workers of 2 for evacuation
[2024-12-15T21:18:43.806+0700][gc,mmu      ] GC(290) MMU target violated: 21.0ms (20.0ms/21.0ms)
[2024-12-15T21:18:43.806+0700][gc,phases   ] GC(290)   Pre Evacuate Collection Set: 2.8ms
[2024-12-15T21:18:43.806+0700][gc,phases   ] GC(290)   Merge Heap Roots: 0.9ms
[2024-12-15T21:18:43.806+0700][gc,phases   ] GC(290)   Evacuate Collection Set: 47.2ms
[2024-12-15T21:18:43.806+0700][gc,phases   ] GC(290)   Post Evacuate Collection Set: 2.6ms
[2024-12-15T21:18:43.806+0700][gc,phases   ] GC(290)   Other: 1.3ms
[2024-12-15T21:18:43.806+0700][gc,heap     ] GC(290) Eden regions: 44->0(48)
[2024-12-15T21:18:43.806+0700][gc,heap     ] GC(290) Survivor regions: 7->3(7)
[2024-12-15T21:18:43.806+0700][gc,heap     ] GC(290) Old regions: 284->289
[2024-12-15T21:18:43.806+0700][gc,heap     ] GC(290) Archive regions: 2->2
[2024-12-15T21:18:43.806+0700][gc,heap     ] GC(290) Humongous regions: 129->129
[2024-12-15T21:18:43.806+0700][gc,metaspace] GC(290) Metaspace: 45009K(45568K)->45009K(45568K) NonClass: 39842K(40128K)->39842K(40128K) Class: 5166K(5440K)->5166K(5440K)
[2024-12-15T21:18:43.806+0700][gc          ] GC(290) Pause Young (Normal) (G1 Evacuation Pause) 464M->421M(1024M) 54.897ms
[2024-12-15T21:18:43.806+0700][gc,cpu      ] GC(290) User=0.08s Sys=0.02s Real=0.06s
[2024-12-15T21:20:36.346+0700][gc,start    ] GC(291) Pause Young (Normal) (G1 Evacuation Pause)
[2024-12-15T21:20:36.346+0700][gc,task     ] GC(291) Using 2 workers of 2 for evacuation
[2024-12-15T21:20:36.371+0700][gc,mmu      ] GC(291) MMU target violated: 21.0ms (20.0ms/21.0ms)
[2024-12-15T21:20:36.371+0700][gc,phases   ] GC(291)   Pre Evacuate Collection Set: 1.5ms
[2024-12-15T21:20:36.371+0700][gc,phases   ] GC(291)   Merge Heap Roots: 0.6ms
[2024-12-15T21:20:36.371+0700][gc,phases   ] GC(291)   Evacuate Collection Set: 20.6ms
[2024-12-15T21:20:36.371+0700][gc,phases   ] GC(291)   Post Evacuate Collection Set: 1.9ms
[2024-12-15T21:20:36.371+0700][gc,phases   ] GC(291)   Other: 0.8ms
[2024-12-15T21:20:36.371+0700][gc,heap     ] GC(291) Eden regions: 48->0(45)
[2024-12-15T21:20:36.371+0700][gc,heap     ] GC(291) Survivor regions: 3->6(7)
[2024-12-15T21:20:36.371+0700][gc,heap     ] GC(291) Old regions: 289->289
[2024-12-15T21:20:36.371+0700][gc,heap     ] GC(291) Archive regions: 2->2
[2024-12-15T21:20:36.371+0700][gc,heap     ] GC(291) Humongous regions: 129->129
[2024-12-15T21:20:36.371+0700][gc,metaspace] GC(291) Metaspace: 45013K(45568K)->45013K(45568K) NonClass: 39846K(40128K)->39846K(40128K) Class: 5166K(5440K)->5166K(5440K)
[2024-12-15T21:20:36.371+0700][gc          ] GC(291) Pause Young (Normal) (G1 Evacuation Pause) 469M->423M(1024M) 25.551ms
[2024-12-15T21:20:36.371+0700][gc,cpu      ] GC(291) User=0.04s Sys=0.00s Real=0.02s
[2024-12-15T21:22:22.113+0700][gc,start    ] GC(292) Pause Young (Normal) (G1 Evacuation Pause)
[2024-12-15T21:22:22.114+0700][gc,task     ] GC(292) Using 2 workers of 2 for evacuation
[2024-12-15T21:22:22.179+0700][gc,mmu      ] GC(292) MMU target violated: 21.0ms (20.0ms/21.0ms)
[2024-12-15T21:22:22.179+0700][gc,phases   ] GC(292)   Pre Evacuate Collection Set: 3.7ms
[2024-12-15T21:22:22.179+0700][gc,phases   ] GC(292)   Merge Heap Roots: 1.0ms
[2024-12-15T21:22:22.179+0700][gc,phases   ] GC(292)   Evacuate Collection Set: 57.4ms
[2024-12-15T21:22:22.179+0700][gc,phases   ] GC(292)   Post Evacuate Collection Set: 2.7ms
[2024-12-15T21:22:22.179+0700][gc,phases   ] GC(292)   Other: 1.5ms
[2024-12-15T21:22:22.179+0700][gc,heap     ] GC(292) Eden regions: 45->0(44)
[2024-12-15T21:22:22.179+0700][gc,heap     ] GC(292) Survivor regions: 6->7(7)
[2024-12-15T21:22:22.179+0700][gc,heap     ] GC(292) Old regions: 289->291
[2024-12-15T21:22:22.179+0700][gc,heap     ] GC(292) Archive regions: 2->2
[2024-12-15T21:22:22.179+0700][gc,heap     ] GC(292) Humongous regions: 129->129
[2024-12-15T21:22:22.179+0700][gc,metaspace] GC(292) Metaspace: 45019K(45568K)->45019K(45568K) NonClass: 39852K(40128K)->39852K(40128K) Class: 5166K(5440K)->5166K(5440K)
[2024-12-15T21:22:22.179+0700][gc          ] GC(292) Pause Young (Normal) (G1 Evacuation Pause) 468M->426M(1024M) 66.197ms
[2024-12-15T21:22:22.180+0700][gc,cpu      ] GC(292) User=0.12s Sys=0.00s Real=0.06s
[2024-12-15T21:24:07.313+0700][gc,start    ] GC(293) Pause Young (Normal) (G1 Evacuation Pause)
[2024-12-15T21:24:07.313+0700][gc,task     ] GC(293) Using 2 workers of 2 for evacuation
[2024-12-15T21:24:07.389+0700][gc,mmu      ] GC(293) MMU target violated: 21.0ms (20.0ms/21.0ms)
[2024-12-15T21:24:07.390+0700][gc,phases   ] GC(293)   Pre Evacuate Collection Set: 10.4ms
[2024-12-15T21:24:07.390+0700][gc,phases   ] GC(293)   Merge Heap Roots: 1.2ms
[2024-12-15T21:24:07.390+0700][gc,phases   ] GC(293)   Evacuate Collection Set: 61.0ms
[2024-12-15T21:24:07.390+0700][gc,phases   ] GC(293)   Post Evacuate Collection Set: 3.2ms
[2024-12-15T21:24:07.390+0700][gc,phases   ] GC(293)   Other: 1.7ms
[2024-12-15T21:24:07.390+0700][gc,heap     ] GC(293) Eden regions: 44->0(45)
[2024-12-15T21:24:07.390+0700][gc,heap     ] GC(293) Survivor regions: 7->6(7)
[2024-12-15T21:24:07.390+0700][gc,heap     ] GC(293) Old regions: 291->295
[2024-12-15T21:24:07.390+0700][gc,heap     ] GC(293) Archive regions: 2->2
[2024-12-15T21:24:07.390+0700][gc,heap     ] GC(293) Humongous regions: 129->129
[2024-12-15T21:24:07.390+0700][gc,metaspace] GC(293) Metaspace: 45019K(45568K)->45019K(45568K) NonClass: 39852K(40128K)->39852K(40128K) Class: 5166K(5440K)->5166K(5440K)
[2024-12-15T21:24:07.390+0700][gc          ] GC(293) Pause Young (Normal) (G1 Evacuation Pause) 470M->429M(1024M) 77.405ms
[2024-12-15T21:24:07.391+0700][gc,cpu      ] GC(293) User=0.13s Sys=0.00s Real=0.07s
[2024-12-15T21:25:51.480+0700][gc,start    ] GC(294) Pause Young (Normal) (G1 Evacuation Pause)
[2024-12-15T21:25:51.481+0700][gc,task     ] GC(294) Using 2 workers of 2 for evacuation
[2024-12-15T21:25:51.524+0700][gc,mmu      ] GC(294) MMU target violated: 21.0ms (20.0ms/21.0ms)
[2024-12-15T21:25:51.524+0700][gc,phases   ] GC(294)   Pre Evacuate Collection Set: 3.8ms
[2024-12-15T21:25:51.525+0700][gc,phases   ] GC(294)   Merge Heap Roots: 0.7ms
[2024-12-15T21:25:51.525+0700][gc,phases   ] GC(294)   Evacuate Collection Set: 34.9ms
[2024-12-15T21:25:51.525+0700][gc,phases   ] GC(294)   Post Evacuate Collection Set: 3.6ms
[2024-12-15T21:25:51.525+0700][gc,phases   ] GC(294)   Other: 1.4ms
[2024-12-15T21:25:51.525+0700][gc,heap     ] GC(294) Eden regions: 45->0(48)
[2024-12-15T21:25:51.525+0700][gc,heap     ] GC(294) Survivor regions: 6->3(7)
[2024-12-15T21:25:51.525+0700][gc,heap     ] GC(294) Old regions: 295->297
[2024-12-15T21:25:51.525+0700][gc,heap     ] GC(294) Archive regions: 2->2
[2024-12-15T21:25:51.525+0700][gc,heap     ] GC(294) Humongous regions: 129->129
[2024-12-15T21:25:51.525+0700][gc,metaspace] GC(294) Metaspace: 45025K(45568K)->45025K(45568K) NonClass: 39858K(40128K)->39858K(40128K) Class: 5166K(5440K)->5166K(5440K)
[2024-12-15T21:25:51.525+0700][gc          ] GC(294) Pause Young (Normal) (G1 Evacuation Pause) 474M->429M(1024M) 44.370ms
[2024-12-15T21:25:51.525+0700][gc,cpu      ] GC(294) User=0.08s Sys=0.00s Real=0.05s
[2024-12-15T21:27:45.328+0700][gc,start    ] GC(295) Pause Young (Normal) (G1 Evacuation Pause)
[2024-12-15T21:27:45.329+0700][gc,task     ] GC(295) Using 2 workers of 2 for evacuation
[2024-12-15T21:27:45.375+0700][gc,mmu      ] GC(295) MMU target violated: 21.0ms (20.0ms/21.0ms)
[2024-12-15T21:27:45.375+0700][gc,phases   ] GC(295)   Pre Evacuate Collection Set: 3.6ms
[2024-12-15T21:27:45.375+0700][gc,phases   ] GC(295)   Merge Heap Roots: 0.6ms
[2024-12-15T21:27:45.375+0700][gc,phases   ] GC(295)   Evacuate Collection Set: 39.2ms
[2024-12-15T21:27:45.375+0700][gc,phases   ] GC(295)   Post Evacuate Collection Set: 2.5ms
[2024-12-15T21:27:45.375+0700][gc,phases   ] GC(295)   Other: 1.0ms
[2024-12-15T21:27:45.375+0700][gc,heap     ] GC(295) Eden regions: 48->0(45)
[2024-12-15T21:27:45.375+0700][gc,heap     ] GC(295) Survivor regions: 3->6(7)
[2024-12-15T21:27:45.375+0700][gc,heap     ] GC(295) Old regions: 297->297
[2024-12-15T21:27:45.375+0700][gc,heap     ] GC(295) Archive regions: 2->2
[2024-12-15T21:27:45.375+0700][gc,heap     ] GC(295) Humongous regions: 129->129
[2024-12-15T21:27:45.375+0700][gc,metaspace] GC(295) Metaspace: 45030K(45568K)->45030K(45568K) NonClass: 39863K(40128K)->39863K(40128K) Class: 5166K(5440K)->5166K(5440K)
[2024-12-15T21:27:45.375+0700][gc          ] GC(295) Pause Young (Normal) (G1 Evacuation Pause) 477M->432M(1024M) 46.975ms
[2024-12-15T21:27:45.375+0700][gc,cpu      ] GC(295) User=0.08s Sys=0.00s Real=0.05s
[2024-12-15T21:29:32.757+0700][gc,start    ] GC(296) Pause Young (Normal) (G1 Evacuation Pause)
[2024-12-15T21:29:32.757+0700][gc,task     ] GC(296) Using 2 workers of 2 for evacuation
[2024-12-15T21:29:32.821+0700][gc,mmu      ] GC(296) MMU target violated: 21.0ms (20.0ms/21.0ms)
[2024-12-15T21:29:32.822+0700][gc,phases   ] GC(296)   Pre Evacuate Collection Set: 3.9ms
[2024-12-15T21:29:32.822+0700][gc,phases   ] GC(296)   Merge Heap Roots: 0.9ms
[2024-12-15T21:29:32.822+0700][gc,phases   ] GC(296)   Evacuate Collection Set: 57.2ms
[2024-12-15T21:29:32.822+0700][gc,phases   ] GC(296)   Post Evacuate Collection Set: 2.1ms
[2024-12-15T21:29:32.822+0700][gc,phases   ] GC(296)   Other: 1.4ms
[2024-12-15T21:29:32.822+0700][gc,heap     ] GC(296) Eden regions: 45->0(46)
[2024-12-15T21:29:32.822+0700][gc,heap     ] GC(296) Survivor regions: 6->5(7)
[2024-12-15T21:29:32.822+0700][gc,heap     ] GC(296) Old regions: 297->301
[2024-12-15T21:29:32.822+0700][gc,heap     ] GC(296) Archive regions: 2->2
[2024-12-15T21:29:32.822+0700][gc,heap     ] GC(296) Humongous regions: 129->129
[2024-12-15T21:29:32.822+0700][gc,metaspace] GC(296) Metaspace: 45030K(45568K)->45030K(45568K) NonClass: 39863K(40128K)->39863K(40128K) Class: 5166K(5440K)->5166K(5440K)
[2024-12-15T21:29:32.822+0700][gc          ] GC(296) Pause Young (Normal) (G1 Evacuation Pause) 477M->435M(1024M) 65.452ms
[2024-12-15T21:29:32.822+0700][gc,cpu      ] GC(296) User=0.12s Sys=0.00s Real=0.06s
[2024-12-15T21:31:22.591+0700][gc,start    ] GC(297) Pause Young (Normal) (G1 Evacuation Pause)
[2024-12-15T21:31:22.591+0700][gc,task     ] GC(297) Using 2 workers of 2 for evacuation
[2024-12-15T21:31:22.634+0700][gc,mmu      ] GC(297) MMU target violated: 21.0ms (20.0ms/21.0ms)
[2024-12-15T21:31:22.634+0700][gc,phases   ] GC(297)   Pre Evacuate Collection Set: 2.4ms
[2024-12-15T21:31:22.634+0700][gc,phases   ] GC(297)   Merge Heap Roots: 0.6ms
[2024-12-15T21:31:22.634+0700][gc,phases   ] GC(297)   Evacuate Collection Set: 36.8ms
[2024-12-15T21:31:22.634+0700][gc,phases   ] GC(297)   Post Evacuate Collection Set: 2.9ms
[2024-12-15T21:31:22.634+0700][gc,phases   ] GC(297)   Other: 1.3ms
[2024-12-15T21:31:22.634+0700][gc,heap     ] GC(297) Eden regions: 46->0(48)
[2024-12-15T21:31:22.634+0700][gc,heap     ] GC(297) Survivor regions: 5->3(7)
[2024-12-15T21:31:22.634+0700][gc,heap     ] GC(297) Old regions: 301->303
[2024-12-15T21:31:22.634+0700][gc,heap     ] GC(297) Archive regions: 2->2
[2024-12-15T21:31:22.634+0700][gc,heap     ] GC(297) Humongous regions: 129->129
[2024-12-15T21:31:22.634+0700][gc,metaspace] GC(297) Metaspace: 45030K(45568K)->45030K(45568K) NonClass: 39863K(40128K)->39863K(40128K) Class: 5166K(5440K)->5166K(5440K)
[2024-12-15T21:31:22.635+0700][gc          ] GC(297) Pause Young (Normal) (G1 Evacuation Pause) 481M->435M(1024M) 43.947ms
[2024-12-15T21:31:22.635+0700][gc,cpu      ] GC(297) User=0.07s Sys=0.00s Real=0.05s
[2024-12-15T21:33:17.218+0700][gc,start    ] GC(298) Pause Young (Normal) (G1 Evacuation Pause)
[2024-12-15T21:33:17.218+0700][gc,task     ] GC(298) Using 2 workers of 2 for evacuation
[2024-12-15T21:33:17.264+0700][gc,mmu      ] GC(298) MMU target violated: 21.0ms (20.0ms/21.0ms)
[2024-12-15T21:33:17.264+0700][gc,phases   ] GC(298)   Pre Evacuate Collection Set: 2.6ms
[2024-12-15T21:33:17.264+0700][gc,phases   ] GC(298)   Merge Heap Roots: 1.0ms
[2024-12-15T21:33:17.264+0700][gc,phases   ] GC(298)   Evacuate Collection Set: 38.2ms
[2024-12-15T21:33:17.264+0700][gc,phases   ] GC(298)   Post Evacuate Collection Set: 3.7ms
[2024-12-15T21:33:17.264+0700][gc,phases   ] GC(298)   Other: 1.3ms
[2024-12-15T21:33:17.264+0700][gc,heap     ] GC(298) Eden regions: 48->0(45)
[2024-12-15T21:33:17.264+0700][gc,heap     ] GC(298) Survivor regions: 3->6(7)
[2024-12-15T21:33:17.264+0700][gc,heap     ] GC(298) Old regions: 303->303
[2024-12-15T21:33:17.264+0700][gc,heap     ] GC(298) Archive regions: 2->2
[2024-12-15T21:33:17.264+0700][gc,heap     ] GC(298) Humongous regions: 129->129
[2024-12-15T21:33:17.264+0700][gc,metaspace] GC(298) Metaspace: 45030K(45568K)->45030K(45568K) NonClass: 39863K(40128K)->39863K(40128K) Class: 5166K(5440K)->5166K(5440K)
[2024-12-15T21:33:17.264+0700][gc          ] GC(298) Pause Young (Normal) (G1 Evacuation Pause) 483M->438M(1024M) 46.836ms
[2024-12-15T21:33:17.264+0700][gc,cpu      ] GC(298) User=0.08s Sys=0.00s Real=0.04s
[2024-12-15T21:35:01.275+0700][gc,start    ] GC(299) Pause Young (Normal) (G1 Evacuation Pause)
[2024-12-15T21:35:01.275+0700][gc,task     ] GC(299) Using 2 workers of 2 for evacuation
[2024-12-15T21:35:01.352+0700][gc,mmu      ] GC(299) MMU target violated: 21.0ms (20.0ms/21.0ms)
[2024-12-15T21:35:01.352+0700][gc,phases   ] GC(299)   Pre Evacuate Collection Set: 2.4ms
[2024-12-15T21:35:01.352+0700][gc,phases   ] GC(299)   Merge Heap Roots: 0.6ms
[2024-12-15T21:35:01.352+0700][gc,phases   ] GC(299)   Evacuate Collection Set: 67.6ms
[2024-12-15T21:35:01.352+0700][gc,phases   ] GC(299)   Post Evacuate Collection Set: 5.4ms
[2024-12-15T21:35:01.352+0700][gc,phases   ] GC(299)   Other: 1.4ms
[2024-12-15T21:35:01.352+0700][gc,heap     ] GC(299) Eden regions: 45->0(46)
[2024-12-15T21:35:01.352+0700][gc,heap     ] GC(299) Survivor regions: 6->5(7)
[2024-12-15T21:35:01.352+0700][gc,heap     ] GC(299) Old regions: 303->307
[2024-12-15T21:35:01.352+0700][gc,heap     ] GC(299) Archive regions: 2->2
[2024-12-15T21:35:01.352+0700][gc,heap     ] GC(299) Humongous regions: 129->129
[2024-12-15T21:35:01.352+0700][gc,metaspace] GC(299) Metaspace: 45034K(45632K)->45034K(45632K) NonClass: 39867K(40192K)->39867K(40192K) Class: 5166K(5440K)->5166K(5440K)
[2024-12-15T21:35:01.352+0700][gc          ] GC(299) Pause Young (Normal) (G1 Evacuation Pause) 483M->441M(1024M) 77.472ms
[2024-12-15T21:35:01.352+0700][gc,cpu      ] GC(299) User=0.14s Sys=0.01s Real=0.07s
[2024-12-15T21:36:50.683+0700][gc,start    ] GC(300) Pause Young (Normal) (G1 Evacuation Pause)
[2024-12-15T21:36:50.684+0700][gc,task     ] GC(300) Using 2 workers of 2 for evacuation
[2024-12-15T21:36:50.725+0700][gc,mmu      ] GC(300) MMU target violated: 21.0ms (20.0ms/21.0ms)
[2024-12-15T21:36:50.725+0700][gc,phases   ] GC(300)   Pre Evacuate Collection Set: 2.5ms
[2024-12-15T21:36:50.725+0700][gc,phases   ] GC(300)   Merge Heap Roots: 1.1ms
[2024-12-15T21:36:50.725+0700][gc,phases   ] GC(300)   Evacuate Collection Set: 34.4ms
[2024-12-15T21:36:50.725+0700][gc,phases   ] GC(300)   Post Evacuate Collection Set: 2.6ms
[2024-12-15T21:36:50.725+0700][gc,phases   ] GC(300)   Other: 1.0ms
[2024-12-15T21:36:50.725+0700][gc,heap     ] GC(300) Eden regions: 46->0(48)
[2024-12-15T21:36:50.725+0700][gc,heap     ] GC(300) Survivor regions: 5->3(7)
[2024-12-15T21:36:50.725+0700][gc,heap     ] GC(300) Old regions: 307->310
[2024-12-15T21:36:50.725+0700][gc,heap     ] GC(300) Archive regions: 2->2
[2024-12-15T21:36:50.725+0700][gc,heap     ] GC(300) Humongous regions: 129->129
[2024-12-15T21:36:50.725+0700][gc,metaspace] GC(300) Metaspace: 45034K(45632K)->45034K(45632K) NonClass: 39867K(40192K)->39867K(40192K) Class: 5166K(5440K)->5166K(5440K)
[2024-12-15T21:36:50.725+0700][gc          ] GC(300) Pause Young (Normal) (G1 Evacuation Pause) 487M->442M(1024M) 41.776ms
[2024-12-15T21:36:50.725+0700][gc,cpu      ] GC(300) User=0.08s Sys=0.00s Real=0.05s
[2024-12-15T21:38:45.651+0700][gc,start    ] GC(301) Pause Young (Normal) (G1 Evacuation Pause)
[2024-12-15T21:38:45.651+0700][gc,task     ] GC(301) Using 2 workers of 2 for evacuation
[2024-12-15T21:38:45.695+0700][gc,mmu      ] GC(301) MMU target violated: 21.0ms (20.0ms/21.0ms)
[2024-12-15T21:38:45.695+0700][gc,phases   ] GC(301)   Pre Evacuate Collection Set: 2.8ms
[2024-12-15T21:38:45.695+0700][gc,phases   ] GC(301)   Merge Heap Roots: 1.1ms
[2024-12-15T21:38:45.695+0700][gc,phases   ] GC(301)   Evacuate Collection Set: 36.9ms
[2024-12-15T21:38:45.695+0700][gc,phases   ] GC(301)   Post Evacuate Collection Set: 2.5ms
[2024-12-15T21:38:45.695+0700][gc,phases   ] GC(301)   Other: 1.6ms
[2024-12-15T21:38:45.695+0700][gc,heap     ] GC(301) Eden regions: 48->0(45)
[2024-12-15T21:38:45.695+0700][gc,heap     ] GC(301) Survivor regions: 3->6(7)
[2024-12-15T21:38:45.695+0700][gc,heap     ] GC(301) Old regions: 310->310
[2024-12-15T21:38:45.695+0700][gc,heap     ] GC(301) Archive regions: 2->2
[2024-12-15T21:38:45.695+0700][gc,heap     ] GC(301) Humongous regions: 129->129
[2024-12-15T21:38:45.695+0700][gc,metaspace] GC(301) Metaspace: 45034K(45632K)->45034K(45632K) NonClass: 39867K(40192K)->39867K(40192K) Class: 5166K(5440K)->5166K(5440K)
[2024-12-15T21:38:45.696+0700][gc          ] GC(301) Pause Young (Normal) (G1 Evacuation Pause) 490M->444M(1024M) 44.672ms
[2024-12-15T21:38:45.696+0700][gc,cpu      ] GC(301) User=0.08s Sys=0.00s Real=0.05s
[2024-12-15T21:40:29.680+0700][gc,start    ] GC(302) Pause Young (Normal) (G1 Evacuation Pause)
[2024-12-15T21:40:29.680+0700][gc,task     ] GC(302) Using 2 workers of 2 for evacuation
[2024-12-15T21:40:29.738+0700][gc,mmu      ] GC(302) MMU target violated: 21.0ms (20.0ms/21.0ms)
[2024-12-15T21:40:29.738+0700][gc,phases   ] GC(302)   Pre Evacuate Collection Set: 2.5ms
[2024-12-15T21:40:29.738+0700][gc,phases   ] GC(302)   Merge Heap Roots: 0.5ms
[2024-12-15T21:40:29.738+0700][gc,phases   ] GC(302)   Evacuate Collection Set: 52.1ms
[2024-12-15T21:40:29.738+0700][gc,phases   ] GC(302)   Post Evacuate Collection Set: 2.8ms
[2024-12-15T21:40:29.738+0700][gc,phases   ] GC(302)   Other: 1.2ms
[2024-12-15T21:40:29.738+0700][gc,heap     ] GC(302) Eden regions: 45->0(46)
[2024-12-15T21:40:29.738+0700][gc,heap     ] GC(302) Survivor regions: 6->5(7)
[2024-12-15T21:40:29.738+0700][gc,heap     ] GC(302) Old regions: 310->314
[2024-12-15T21:40:29.738+0700][gc,heap     ] GC(302) Archive regions: 2->2
[2024-12-15T21:40:29.738+0700][gc,heap     ] GC(302) Humongous regions: 129->129
[2024-12-15T21:40:29.739+0700][gc,metaspace] GC(302) Metaspace: 45041K(45632K)->45041K(45632K) NonClass: 39874K(40192K)->39874K(40192K) Class: 5166K(5440K)->5166K(5440K)
[2024-12-15T21:40:29.739+0700][gc          ] GC(302) Pause Young (Normal) (G1 Evacuation Pause) 489M->447M(1024M) 59.014ms
[2024-12-15T21:40:29.739+0700][gc,cpu      ] GC(302) User=0.10s Sys=0.01s Real=0.06s
[2024-12-15T21:42:19.522+0700][gc,start    ] GC(303) Pause Young (Normal) (G1 Evacuation Pause)
[2024-12-15T21:42:19.523+0700][gc,task     ] GC(303) Using 2 workers of 2 for evacuation
[2024-12-15T21:42:19.560+0700][gc,mmu      ] GC(303) MMU target violated: 21.0ms (20.0ms/21.0ms)
[2024-12-15T21:42:19.561+0700][gc,phases   ] GC(303)   Pre Evacuate Collection Set: 2.3ms
[2024-12-15T21:42:19.561+0700][gc,phases   ] GC(303)   Merge Heap Roots: 0.9ms
[2024-12-15T21:42:19.561+0700][gc,phases   ] GC(303)   Evacuate Collection Set: 30.5ms
[2024-12-15T21:42:19.561+0700][gc,phases   ] GC(303)   Post Evacuate Collection Set: 3.4ms
[2024-12-15T21:42:19.561+0700][gc,phases   ] GC(303)   Other: 1.2ms
[2024-12-15T21:42:19.561+0700][gc,heap     ] GC(303) Eden regions: 46->0(48)
[2024-12-15T21:42:19.561+0700][gc,heap     ] GC(303) Survivor regions: 5->3(7)
[2024-12-15T21:42:19.561+0700][gc,heap     ] GC(303) Old regions: 314->316
[2024-12-15T21:42:19.561+0700][gc,heap     ] GC(303) Archive regions: 2->2
[2024-12-15T21:42:19.561+0700][gc,heap     ] GC(303) Humongous regions: 129->129
[2024-12-15T21:42:19.561+0700][gc,metaspace] GC(303) Metaspace: 45041K(45632K)->45041K(45632K) NonClass: 39874K(40192K)->39874K(40192K) Class: 5166K(5440K)->5166K(5440K)
[2024-12-15T21:42:19.561+0700][gc          ] GC(303) Pause Young (Normal) (G1 Evacuation Pause) 493M->448M(1024M) 38.456ms
[2024-12-15T21:42:19.561+0700][gc,cpu      ] GC(303) User=0.06s Sys=0.01s Real=0.04s
[2024-12-15T21:44:13.208+0700][gc,start    ] GC(304) Pause Young (Normal) (G1 Evacuation Pause)
[2024-12-15T21:44:13.209+0700][gc,task     ] GC(304) Using 2 workers of 2 for evacuation
[2024-12-15T21:44:13.275+0700][gc,mmu      ] GC(304) MMU target violated: 21.0ms (20.0ms/21.0ms)
[2024-12-15T21:44:13.275+0700][gc,phases   ] GC(304)   Pre Evacuate Collection Set: 5.6ms
[2024-12-15T21:44:13.275+0700][gc,phases   ] GC(304)   Merge Heap Roots: 1.3ms
[2024-12-15T21:44:13.275+0700][gc,phases   ] GC(304)   Evacuate Collection Set: 53.6ms
[2024-12-15T21:44:13.275+0700][gc,phases   ] GC(304)   Post Evacuate Collection Set: 4.7ms
[2024-12-15T21:44:13.275+0700][gc,phases   ] GC(304)   Other: 2.5ms
[2024-12-15T21:44:13.275+0700][gc,heap     ] GC(304) Eden regions: 48->0(45)
[2024-12-15T21:44:13.275+0700][gc,heap     ] GC(304) Survivor regions: 3->6(7)
[2024-12-15T21:44:13.275+0700][gc,heap     ] GC(304) Old regions: 316->316
[2024-12-15T21:44:13.275+0700][gc,heap     ] GC(304) Archive regions: 2->2
[2024-12-15T21:44:13.275+0700][gc,heap     ] GC(304) Humongous regions: 129->129
[2024-12-15T21:44:13.275+0700][gc,metaspace] GC(304) Metaspace: 45041K(45632K)->45041K(45632K) NonClass: 39874K(40192K)->39874K(40192K) Class: 5166K(5440K)->5166K(5440K)
[2024-12-15T21:44:13.275+0700][gc          ] GC(304) Pause Young (Normal) (G1 Evacuation Pause) 496M->450M(1024M) 67.499ms
[2024-12-15T21:44:13.276+0700][gc,cpu      ] GC(304) User=0.13s Sys=0.00s Real=0.07s
[2024-12-15T21:46:00.032+0700][gc,start    ] GC(305) Pause Young (Normal) (G1 Evacuation Pause)
[2024-12-15T21:46:00.032+0700][gc,task     ] GC(305) Using 2 workers of 2 for evacuation
[2024-12-15T21:46:00.103+0700][gc,mmu      ] GC(305) MMU target violated: 21.0ms (20.0ms/21.0ms)
[2024-12-15T21:46:00.103+0700][gc,phases   ] GC(305)   Pre Evacuate Collection Set: 3.4ms
[2024-12-15T21:46:00.103+0700][gc,phases   ] GC(305)   Merge Heap Roots: 1.0ms
[2024-12-15T21:46:00.103+0700][gc,phases   ] GC(305)   Evacuate Collection Set: 63.1ms
[2024-12-15T21:46:00.103+0700][gc,phases   ] GC(305)   Post Evacuate Collection Set: 2.9ms
[2024-12-15T21:46:00.103+0700][gc,phases   ] GC(305)   Other: 1.9ms
[2024-12-15T21:46:00.103+0700][gc,heap     ] GC(305) Eden regions: 45->0(44)
[2024-12-15T21:46:00.103+0700][gc,heap     ] GC(305) Survivor regions: 6->7(7)
[2024-12-15T21:46:00.103+0700][gc,heap     ] GC(305) Old regions: 316->318
[2024-12-15T21:46:00.103+0700][gc,heap     ] GC(305) Archive regions: 2->2
[2024-12-15T21:46:00.103+0700][gc,heap     ] GC(305) Humongous regions: 129->129
[2024-12-15T21:46:00.103+0700][gc,metaspace] GC(305) Metaspace: 45041K(45632K)->45041K(45632K) NonClass: 39874K(40192K)->39874K(40192K) Class: 5166K(5440K)->5166K(5440K)
[2024-12-15T21:46:00.104+0700][gc          ] GC(305) Pause Young (Normal) (G1 Evacuation Pause) 495M->453M(1024M) 72.006ms
[2024-12-15T21:46:00.104+0700][gc,cpu      ] GC(305) User=0.12s Sys=0.02s Real=0.07s
[2024-12-15T21:47:38.852+0700][gc,start    ] GC(306) Pause Young (Normal) (G1 Evacuation Pause)
[2024-12-15T21:47:38.853+0700][gc,task     ] GC(306) Using 2 workers of 2 for evacuation
[2024-12-15T21:47:38.951+0700][gc,mmu      ] GC(306) MMU target violated: 21.0ms (20.0ms/21.0ms)
[2024-12-15T21:47:38.951+0700][gc,phases   ] GC(306)   Pre Evacuate Collection Set: 4.6ms
[2024-12-15T21:47:38.951+0700][gc,phases   ] GC(306)   Merge Heap Roots: 1.0ms
[2024-12-15T21:47:38.951+0700][gc,phases   ] GC(306)   Evacuate Collection Set: 87.4ms
[2024-12-15T21:47:38.951+0700][gc,phases   ] GC(306)   Post Evacuate Collection Set: 4.2ms
[2024-12-15T21:47:38.951+0700][gc,phases   ] GC(306)   Other: 1.7ms
[2024-12-15T21:47:38.951+0700][gc,heap     ] GC(306) Eden regions: 44->0(45)
[2024-12-15T21:47:38.951+0700][gc,heap     ] GC(306) Survivor regions: 7->6(7)
[2024-12-15T21:47:38.951+0700][gc,heap     ] GC(306) Old regions: 318->322
[2024-12-15T21:47:38.951+0700][gc,heap     ] GC(306) Archive regions: 2->2
[2024-12-15T21:47:38.951+0700][gc,heap     ] GC(306) Humongous regions: 129->129
[2024-12-15T21:47:38.951+0700][gc,metaspace] GC(306) Metaspace: 45041K(45632K)->45041K(45632K) NonClass: 39874K(40192K)->39874K(40192K) Class: 5166K(5440K)->5166K(5440K)
[2024-12-15T21:47:38.951+0700][gc          ] GC(306) Pause Young (Normal) (G1 Evacuation Pause) 497M->456M(1024M) 99.078ms
[2024-12-15T21:47:38.951+0700][gc,cpu      ] GC(306) User=0.19s Sys=0.00s Real=0.10s
[2024-12-15T21:49:23.924+0700][gc,start    ] GC(307) Pause Young (Normal) (G1 Evacuation Pause)
[2024-12-15T21:49:23.925+0700][gc,task     ] GC(307) Using 2 workers of 2 for evacuation
[2024-12-15T21:49:23.966+0700][gc,mmu      ] GC(307) MMU target violated: 21.0ms (20.0ms/21.0ms)
[2024-12-15T21:49:23.966+0700][gc,phases   ] GC(307)   Pre Evacuate Collection Set: 4.3ms
[2024-12-15T21:49:23.967+0700][gc,phases   ] GC(307)   Merge Heap Roots: 0.9ms
[2024-12-15T21:49:23.967+0700][gc,phases   ] GC(307)   Evacuate Collection Set: 32.7ms
[2024-12-15T21:49:23.967+0700][gc,phases   ] GC(307)   Post Evacuate Collection Set: 3.1ms
[2024-12-15T21:49:23.967+0700][gc,phases   ] GC(307)   Other: 1.7ms
[2024-12-15T21:49:23.967+0700][gc,heap     ] GC(307) Eden regions: 45->0(48)
[2024-12-15T21:49:23.967+0700][gc,heap     ] GC(307) Survivor regions: 6->3(7)
[2024-12-15T21:49:23.967+0700][gc,heap     ] GC(307) Old regions: 322->324
[2024-12-15T21:49:23.967+0700][gc,heap     ] GC(307) Archive regions: 2->2
[2024-12-15T21:49:23.967+0700][gc,heap     ] GC(307) Humongous regions: 129->129
[2024-12-15T21:49:23.967+0700][gc,metaspace] GC(307) Metaspace: 45041K(45632K)->45041K(45632K) NonClass: 39874K(40192K)->39874K(40192K) Class: 5166K(5440K)->5166K(5440K)
[2024-12-15T21:49:23.967+0700][gc          ] GC(307) Pause Young (Normal) (G1 Evacuation Pause) 501M->455M(1024M) 42.583ms
[2024-12-15T21:49:23.967+0700][gc,cpu      ] GC(307) User=0.07s Sys=0.00s Real=0.05s
[2024-12-15T21:51:18.191+0700][gc,start    ] GC(308) Pause Young (Normal) (G1 Evacuation Pause)
[2024-12-15T21:51:18.192+0700][gc,task     ] GC(308) Using 2 workers of 2 for evacuation
[2024-12-15T21:51:18.237+0700][gc,mmu      ] GC(308) MMU target violated: 21.0ms (20.0ms/21.0ms)
[2024-12-15T21:51:18.237+0700][gc,phases   ] GC(308)   Pre Evacuate Collection Set: 4.4ms
[2024-12-15T21:51:18.237+0700][gc,phases   ] GC(308)   Merge Heap Roots: 0.6ms
[2024-12-15T21:51:18.237+0700][gc,phases   ] GC(308)   Evacuate Collection Set: 35.7ms
[2024-12-15T21:51:18.237+0700][gc,phases   ] GC(308)   Post Evacuate Collection Set: 3.5ms
[2024-12-15T21:51:18.237+0700][gc,phases   ] GC(308)   Other: 1.6ms
[2024-12-15T21:51:18.237+0700][gc,heap     ] GC(308) Eden regions: 48->0(45)
[2024-12-15T21:51:18.237+0700][gc,heap     ] GC(308) Survivor regions: 3->6(7)
[2024-12-15T21:51:18.237+0700][gc,heap     ] GC(308) Old regions: 324->324
[2024-12-15T21:51:18.237+0700][gc,heap     ] GC(308) Archive regions: 2->2
[2024-12-15T21:51:18.237+0700][gc,heap     ] GC(308) Humongous regions: 129->129
[2024-12-15T21:51:18.237+0700][gc,metaspace] GC(308) Metaspace: 45041K(45632K)->45041K(45632K) NonClass: 39874K(40192K)->39874K(40192K) Class: 5166K(5440K)->5166K(5440K)
[2024-12-15T21:51:18.237+0700][gc          ] GC(308) Pause Young (Normal) (G1 Evacuation Pause) 503M->458M(1024M) 45.665ms
[2024-12-15T21:51:18.237+0700][gc,cpu      ] GC(308) User=0.08s Sys=0.00s Real=0.05s
[2024-12-15T21:53:02.133+0700][gc,start    ] GC(309) Pause Young (Normal) (G1 Evacuation Pause)
[2024-12-15T21:53:02.133+0700][gc,task     ] GC(309) Using 2 workers of 2 for evacuation
[2024-12-15T21:53:02.198+0700][gc,mmu      ] GC(309) MMU target violated: 21.0ms (20.0ms/21.0ms)
[2024-12-15T21:53:02.198+0700][gc,phases   ] GC(309)   Pre Evacuate Collection Set: 4.2ms
[2024-12-15T21:53:02.198+0700][gc,phases   ] GC(309)   Merge Heap Roots: 0.6ms
[2024-12-15T21:53:02.198+0700][gc,phases   ] GC(309)   Evacuate Collection Set: 56.0ms
[2024-12-15T21:53:02.198+0700][gc,phases   ] GC(309)   Post Evacuate Collection Set: 3.9ms
[2024-12-15T21:53:02.198+0700][gc,phases   ] GC(309)   Other: 1.5ms
[2024-12-15T21:53:02.198+0700][gc,heap     ] GC(309) Eden regions: 45->0(46)
[2024-12-15T21:53:02.198+0700][gc,heap     ] GC(309) Survivor regions: 6->5(7)
[2024-12-15T21:53:02.198+0700][gc,heap     ] GC(309) Old regions: 324->327
[2024-12-15T21:53:02.198+0700][gc,heap     ] GC(309) Archive regions: 2->2
[2024-12-15T21:53:02.198+0700][gc,heap     ] GC(309) Humongous regions: 129->129
[2024-12-15T21:53:02.198+0700][gc,metaspace] GC(309) Metaspace: 45068K(45632K)->45068K(45632K) NonClass: 39901K(40192K)->39901K(40192K) Class: 5166K(5440K)->5166K(5440K)
[2024-12-15T21:53:02.199+0700][gc          ] GC(309) Pause Young (Normal) (G1 Evacuation Pause) 503M->461M(1024M) 66.201ms
[2024-12-15T21:53:02.199+0700][gc,cpu      ] GC(309) User=0.12s Sys=0.01s Real=0.07s
[2024-12-15T21:54:51.886+0700][gc,start    ] GC(310) Pause Young (Normal) (G1 Evacuation Pause)
[2024-12-15T21:54:51.887+0700][gc,task     ] GC(310) Using 2 workers of 2 for evacuation
[2024-12-15T21:54:51.928+0700][gc,mmu      ] GC(310) MMU target violated: 21.0ms (20.0ms/21.0ms)
[2024-12-15T21:54:51.929+0700][gc,phases   ] GC(310)   Pre Evacuate Collection Set: 2.6ms
[2024-12-15T21:54:51.929+0700][gc,phases   ] GC(310)   Merge Heap Roots: 1.1ms
[2024-12-15T21:54:51.929+0700][gc,phases   ] GC(310)   Evacuate Collection Set: 34.0ms
[2024-12-15T21:54:51.929+0700][gc,phases   ] GC(310)   Post Evacuate Collection Set: 3.7ms
[2024-12-15T21:54:51.929+0700][gc,phases   ] GC(310)   Other: 1.4ms
[2024-12-15T21:54:51.929+0700][gc,heap     ] GC(310) Eden regions: 46->0(48)
[2024-12-15T21:54:51.929+0700][gc,heap     ] GC(310) Survivor regions: 5->3(7)
[2024-12-15T21:54:51.929+0700][gc,heap     ] GC(310) Old regions: 327->329
[2024-12-15T21:54:51.929+0700][gc,heap     ] GC(310) Archive regions: 2->2
[2024-12-15T21:54:51.929+0700][gc,heap     ] GC(310) Humongous regions: 129->129
[2024-12-15T21:54:51.929+0700][gc,metaspace] GC(310) Metaspace: 45068K(45632K)->45068K(45632K) NonClass: 39901K(40192K)->39901K(40192K) Class: 5166K(5440K)->5166K(5440K)
[2024-12-15T21:54:51.929+0700][gc          ] GC(310) Pause Young (Normal) (G1 Evacuation Pause) 507M->461M(1024M) 42.680ms
[2024-12-15T21:54:51.929+0700][gc,cpu      ] GC(310) User=0.07s Sys=0.00s Real=0.04s
[2024-12-15T21:56:52.539+0700][gc,start    ] GC(311) Pause Young (Normal) (G1 Evacuation Pause)
[2024-12-15T21:56:52.539+0700][gc,task     ] GC(311) Using 2 workers of 2 for evacuation
[2024-12-15T21:56:52.590+0700][gc,mmu      ] GC(311) MMU target violated: 21.0ms (20.0ms/21.0ms)
[2024-12-15T21:56:52.590+0700][gc,phases   ] GC(311)   Pre Evacuate Collection Set: 3.5ms
[2024-12-15T21:56:52.590+0700][gc,phases   ] GC(311)   Merge Heap Roots: 1.0ms
[2024-12-15T21:56:52.590+0700][gc,phases   ] GC(311)   Evacuate Collection Set: 43.2ms
[2024-12-15T21:56:52.590+0700][gc,phases   ] GC(311)   Post Evacuate Collection Set: 2.3ms
[2024-12-15T21:56:52.590+0700][gc,phases   ] GC(311)   Other: 1.2ms
[2024-12-15T21:56:52.590+0700][gc,heap     ] GC(311) Eden regions: 48->0(45)
[2024-12-15T21:56:52.590+0700][gc,heap     ] GC(311) Survivor regions: 3->6(7)
[2024-12-15T21:56:52.590+0700][gc,heap     ] GC(311) Old regions: 329->329
[2024-12-15T21:56:52.590+0700][gc,heap     ] GC(311) Archive regions: 2->2
[2024-12-15T21:56:52.590+0700][gc,heap     ] GC(311) Humongous regions: 129->129
[2024-12-15T21:56:52.590+0700][gc,metaspace] GC(311) Metaspace: 45125K(45696K)->45125K(45696K) NonClass: 39958K(40256K)->39958K(40256K) Class: 5166K(5440K)->5166K(5440K)
[2024-12-15T21:56:52.590+0700][gc          ] GC(311) Pause Young (Normal) (G1 Evacuation Pause) 509M->464M(1024M) 51.184ms
[2024-12-15T21:56:52.590+0700][gc,cpu      ] GC(311) User=0.10s Sys=0.00s Real=0.05s
[2024-12-15T21:58:37.133+0700][gc,start    ] GC(312) Pause Young (Normal) (G1 Evacuation Pause)
[2024-12-15T21:58:37.133+0700][gc,task     ] GC(312) Using 2 workers of 2 for evacuation
[2024-12-15T21:58:37.188+0700][gc,mmu      ] GC(312) MMU target violated: 21.0ms (20.0ms/21.0ms)
[2024-12-15T21:58:37.188+0700][gc,phases   ] GC(312)   Pre Evacuate Collection Set: 2.2ms
[2024-12-15T21:58:37.188+0700][gc,phases   ] GC(312)   Merge Heap Roots: 0.8ms
[2024-12-15T21:58:37.188+0700][gc,phases   ] GC(312)   Evacuate Collection Set: 49.4ms
[2024-12-15T21:58:37.188+0700][gc,phases   ] GC(312)   Post Evacuate Collection Set: 2.5ms
[2024-12-15T21:58:37.189+0700][gc,phases   ] GC(312)   Other: 1.2ms
[2024-12-15T21:58:37.189+0700][gc,heap     ] GC(312) Eden regions: 45->0(45)
[2024-12-15T21:58:37.189+0700][gc,heap     ] GC(312) Survivor regions: 6->6(7)
[2024-12-15T21:58:37.189+0700][gc,heap     ] GC(312) Old regions: 329->331
[2024-12-15T21:58:37.189+0700][gc,heap     ] GC(312) Archive regions: 2->2
[2024-12-15T21:58:37.189+0700][gc,heap     ] GC(312) Humongous regions: 129->129
[2024-12-15T21:58:37.189+0700][gc,metaspace] GC(312) Metaspace: 45126K(45696K)->45126K(45696K) NonClass: 39959K(40256K)->39959K(40256K) Class: 5166K(5440K)->5166K(5440K)
[2024-12-15T21:58:37.189+0700][gc          ] GC(312) Pause Young (Normal) (G1 Evacuation Pause) 509M->466M(1024M) 56.344ms
[2024-12-15T21:58:37.189+0700][gc,cpu      ] GC(312) User=0.10s Sys=0.02s Real=0.05s
[2024-12-15T22:00:24.327+0700][gc,start    ] GC(313) Pause Young (Normal) (G1 Evacuation Pause)
[2024-12-15T22:00:24.327+0700][gc,task     ] GC(313) Using 2 workers of 2 for evacuation
[2024-12-15T22:00:24.392+0700][gc,mmu      ] GC(313) MMU target violated: 21.0ms (20.0ms/21.0ms)
[2024-12-15T22:00:24.393+0700][gc,phases   ] GC(313)   Pre Evacuate Collection Set: 2.8ms
[2024-12-15T22:00:24.393+0700][gc,phases   ] GC(313)   Merge Heap Roots: 0.8ms
[2024-12-15T22:00:24.393+0700][gc,phases   ] GC(313)   Evacuate Collection Set: 58.4ms
[2024-12-15T22:00:24.393+0700][gc,phases   ] GC(313)   Post Evacuate Collection Set: 2.5ms
[2024-12-15T22:00:24.393+0700][gc,phases   ] GC(313)   Other: 1.2ms
[2024-12-15T22:00:24.393+0700][gc,heap     ] GC(313) Eden regions: 45->0(44)
[2024-12-15T22:00:24.393+0700][gc,heap     ] GC(313) Survivor regions: 6->7(7)
[2024-12-15T22:00:24.393+0700][gc,heap     ] GC(313) Old regions: 331->334
[2024-12-15T22:00:24.393+0700][gc,heap     ] GC(313) Archive regions: 2->2
[2024-12-15T22:00:24.393+0700][gc,heap     ] GC(313) Humongous regions: 129->129
[2024-12-15T22:00:24.393+0700][gc,metaspace] GC(313) Metaspace: 45126K(45696K)->45126K(45696K) NonClass: 39959K(40256K)->39959K(40256K) Class: 5166K(5440K)->5166K(5440K)
[2024-12-15T22:00:24.393+0700][gc          ] GC(313) Pause Young (Normal) (G1 Evacuation Pause) 511M->470M(1024M) 65.900ms
[2024-12-15T22:00:24.393+0700][gc,cpu      ] GC(313) User=0.12s Sys=0.00s Real=0.07s
[2024-12-15T22:02:16.671+0700][gc,start    ] GC(314) Pause Young (Normal) (G1 Evacuation Pause)
[2024-12-15T22:02:16.671+0700][gc,task     ] GC(314) Using 2 workers of 2 for evacuation
[2024-12-15T22:02:16.722+0700][gc,mmu      ] GC(314) MMU target violated: 21.0ms (20.0ms/21.0ms)
[2024-12-15T22:02:16.723+0700][gc,phases   ] GC(314)   Pre Evacuate Collection Set: 2.8ms
[2024-12-15T22:02:16.723+0700][gc,phases   ] GC(314)   Merge Heap Roots: 0.7ms
[2024-12-15T22:02:16.723+0700][gc,phases   ] GC(314)   Evacuate Collection Set: 44.2ms
[2024-12-15T22:02:16.723+0700][gc,phases   ] GC(314)   Post Evacuate Collection Set: 2.9ms
[2024-12-15T22:02:16.723+0700][gc,phases   ] GC(314)   Other: 1.3ms
[2024-12-15T22:02:16.723+0700][gc,heap     ] GC(314) Eden regions: 44->0(48)
[2024-12-15T22:02:16.723+0700][gc,heap     ] GC(314) Survivor regions: 7->3(7)
[2024-12-15T22:02:16.723+0700][gc,heap     ] GC(314) Old regions: 334->338
[2024-12-15T22:02:16.723+0700][gc,heap     ] GC(314) Archive regions: 2->2
[2024-12-15T22:02:16.723+0700][gc,heap     ] GC(314) Humongous regions: 129->129
[2024-12-15T22:02:16.723+0700][gc,metaspace] GC(314) Metaspace: 45173K(45760K)->45173K(45760K) NonClass: 40006K(40320K)->40006K(40320K) Class: 5166K(5440K)->5166K(5440K)
[2024-12-15T22:02:16.723+0700][gc          ] GC(314) Pause Young (Normal) (G1 Evacuation Pause) 514M->469M(1024M) 51.689ms
[2024-12-15T22:02:16.723+0700][gc,cpu      ] GC(314) User=0.08s Sys=0.02s Real=0.05s
[2024-12-15T22:04:20.420+0700][gc,start    ] GC(315) Pause Young (Normal) (G1 Evacuation Pause)
[2024-12-15T22:04:20.420+0700][gc,task     ] GC(315) Using 2 workers of 2 for evacuation
[2024-12-15T22:04:20.460+0700][gc,mmu      ] GC(315) MMU target violated: 21.0ms (20.0ms/21.0ms)
[2024-12-15T22:04:20.460+0700][gc,phases   ] GC(315)   Pre Evacuate Collection Set: 2.3ms
[2024-12-15T22:04:20.460+0700][gc,phases   ] GC(315)   Merge Heap Roots: 1.1ms
[2024-12-15T22:04:20.460+0700][gc,phases   ] GC(315)   Evacuate Collection Set: 33.0ms
[2024-12-15T22:04:20.460+0700][gc,phases   ] GC(315)   Post Evacuate Collection Set: 2.8ms
[2024-12-15T22:04:20.460+0700][gc,phases   ] GC(315)   Other: 0.8ms
[2024-12-15T22:04:20.460+0700][gc,heap     ] GC(315) Eden regions: 48->0(46)
[2024-12-15T22:04:20.460+0700][gc,heap     ] GC(315) Survivor regions: 3->5(7)
[2024-12-15T22:04:20.460+0700][gc,heap     ] GC(315) Old regions: 338->338
[2024-12-15T22:04:20.460+0700][gc,heap     ] GC(315) Archive regions: 2->2
[2024-12-15T22:04:20.460+0700][gc,heap     ] GC(315) Humongous regions: 129->129
[2024-12-15T22:04:20.460+0700][gc,metaspace] GC(315) Metaspace: 45216K(45824K)->45216K(45824K) NonClass: 40049K(40384K)->40049K(40384K) Class: 5166K(5440K)->5166K(5440K)
[2024-12-15T22:04:20.460+0700][gc          ] GC(315) Pause Young (Normal) (G1 Evacuation Pause) 517M->472M(1024M) 40.023ms
[2024-12-15T22:04:20.460+0700][gc,cpu      ] GC(315) User=0.07s Sys=0.00s Real=0.04s
[2024-12-15T22:06:30.149+0700][gc,start    ] GC(316) Pause Young (Normal) (G1 Evacuation Pause)
[2024-12-15T22:06:30.149+0700][gc,task     ] GC(316) Using 2 workers of 2 for evacuation
[2024-12-15T22:06:30.220+0700][gc,mmu      ] GC(316) MMU target violated: 21.0ms (20.0ms/21.0ms)
[2024-12-15T22:06:30.221+0700][gc,phases   ] GC(316)   Pre Evacuate Collection Set: 2.7ms
[2024-12-15T22:06:30.221+0700][gc,phases   ] GC(316)   Merge Heap Roots: 1.0ms
[2024-12-15T22:06:30.221+0700][gc,phases   ] GC(316)   Evacuate Collection Set: 61.4ms
[2024-12-15T22:06:30.221+0700][gc,phases   ] GC(316)   Post Evacuate Collection Set: 5.4ms
[2024-12-15T22:06:30.221+0700][gc,phases   ] GC(316)   Other: 2.0ms
[2024-12-15T22:06:30.221+0700][gc,heap     ] GC(316) Eden regions: 46->0(45)
[2024-12-15T22:06:30.221+0700][gc,heap     ] GC(316) Survivor regions: 5->6(7)
[2024-12-15T22:06:30.221+0700][gc,heap     ] GC(316) Old regions: 338->340
[2024-12-15T22:06:30.221+0700][gc,heap     ] GC(316) Archive regions: 2->2
[2024-12-15T22:06:30.221+0700][gc,heap     ] GC(316) Humongous regions: 129->129
[2024-12-15T22:06:30.221+0700][gc,metaspace] GC(316) Metaspace: 45240K(45824K)->45240K(45824K) NonClass: 40073K(40384K)->40073K(40384K) Class: 5166K(5440K)->5166K(5440K)
[2024-12-15T22:06:30.221+0700][gc          ] GC(316) Pause Young (Normal) (G1 Evacuation Pause) 518M->475M(1024M) 72.563ms
[2024-12-15T22:06:30.221+0700][gc,cpu      ] GC(316) User=0.14s Sys=0.01s Real=0.07s
[2024-12-15T22:08:17.584+0700][gc,start    ] GC(317) Pause Young (Normal) (G1 Evacuation Pause)
[2024-12-15T22:08:17.584+0700][gc,task     ] GC(317) Using 2 workers of 2 for evacuation
[2024-12-15T22:08:17.652+0700][gc,mmu      ] GC(317) MMU target violated: 21.0ms (20.0ms/21.0ms)
[2024-12-15T22:08:17.652+0700][gc,phases   ] GC(317)   Pre Evacuate Collection Set: 2.5ms
[2024-12-15T22:08:17.652+0700][gc,phases   ] GC(317)   Merge Heap Roots: 0.7ms
[2024-12-15T22:08:17.652+0700][gc,phases   ] GC(317)   Evacuate Collection Set: 60.3ms
[2024-12-15T22:08:17.652+0700][gc,phases   ] GC(317)   Post Evacuate Collection Set: 3.4ms
[2024-12-15T22:08:17.652+0700][gc,phases   ] GC(317)   Other: 1.3ms
[2024-12-15T22:08:17.652+0700][gc,heap     ] GC(317) Eden regions: 45->0(46)
[2024-12-15T22:08:17.652+0700][gc,heap     ] GC(317) Survivor regions: 6->5(7)
[2024-12-15T22:08:17.652+0700][gc,heap     ] GC(317) Old regions: 340->344
[2024-12-15T22:08:17.652+0700][gc,heap     ] GC(317) Archive regions: 2->2
[2024-12-15T22:08:17.652+0700][gc,heap     ] GC(317) Humongous regions: 129->129
[2024-12-15T22:08:17.652+0700][gc,metaspace] GC(317) Metaspace: 45240K(45824K)->45240K(45824K) NonClass: 40073K(40384K)->40073K(40384K) Class: 5166K(5440K)->5166K(5440K)
[2024-12-15T22:08:17.652+0700][gc          ] GC(317) Pause Young (Normal) (G1 Evacuation Pause) 520M->477M(1024M) 68.022ms
[2024-12-15T22:08:17.652+0700][gc,cpu      ] GC(317) User=0.11s Sys=0.01s Real=0.07s
[2024-12-15T22:10:07.482+0700][gc,start    ] GC(318) Pause Young (Normal) (G1 Evacuation Pause)
[2024-12-15T22:10:07.482+0700][gc,task     ] GC(318) Using 2 workers of 2 for evacuation
[2024-12-15T22:10:07.520+0700][gc,mmu      ] GC(318) MMU target violated: 21.0ms (20.0ms/21.0ms)
[2024-12-15T22:10:07.521+0700][gc,phases   ] GC(318)   Pre Evacuate Collection Set: 2.7ms
[2024-12-15T22:10:07.521+0700][gc,phases   ] GC(318)   Merge Heap Roots: 0.7ms
[2024-12-15T22:10:07.521+0700][gc,phases   ] GC(318)   Evacuate Collection Set: 31.2ms
[2024-12-15T22:10:07.521+0700][gc,phases   ] GC(318)   Post Evacuate Collection Set: 2.7ms
[2024-12-15T22:10:07.521+0700][gc,phases   ] GC(318)   Other: 1.4ms
[2024-12-15T22:10:07.521+0700][gc,heap     ] GC(318) Eden regions: 46->0(48)
[2024-12-15T22:10:07.521+0700][gc,heap     ] GC(318) Survivor regions: 5->3(7)
[2024-12-15T22:10:07.521+0700][gc,heap     ] GC(318) Old regions: 344->346
[2024-12-15T22:10:07.521+0700][gc,heap     ] GC(318) Archive regions: 2->2
[2024-12-15T22:10:07.521+0700][gc,heap     ] GC(318) Humongous regions: 129->129
[2024-12-15T22:10:07.521+0700][gc,metaspace] GC(318) Metaspace: 45240K(45824K)->45240K(45824K) NonClass: 40073K(40384K)->40073K(40384K) Class: 5166K(5440K)->5166K(5440K)
[2024-12-15T22:10:07.521+0700][gc          ] GC(318) Pause Young (Normal) (G1 Evacuation Pause) 523M->478M(1024M) 39.053ms
[2024-12-15T22:10:07.521+0700][gc,cpu      ] GC(318) User=0.07s Sys=0.00s Real=0.04s
[2024-12-15T22:11:58.923+0700][gc,start    ] GC(319) Pause Young (Normal) (G1 Evacuation Pause)
[2024-12-15T22:11:58.923+0700][gc,task     ] GC(319) Using 2 workers of 2 for evacuation
[2024-12-15T22:11:58.970+0700][gc,mmu      ] GC(319) MMU target violated: 21.0ms (20.0ms/21.0ms)
[2024-12-15T22:11:58.970+0700][gc,phases   ] GC(319)   Pre Evacuate Collection Set: 2.5ms
[2024-12-15T22:11:58.970+0700][gc,phases   ] GC(319)   Merge Heap Roots: 0.8ms
[2024-12-15T22:11:58.970+0700][gc,phases   ] GC(319)   Evacuate Collection Set: 40.2ms
[2024-12-15T22:11:58.970+0700][gc,phases   ] GC(319)   Post Evacuate Collection Set: 2.9ms
[2024-12-15T22:11:58.970+0700][gc,phases   ] GC(319)   Other: 1.3ms
[2024-12-15T22:11:58.970+0700][gc,heap     ] GC(319) Eden regions: 48->0(45)
[2024-12-15T22:11:58.970+0700][gc,heap     ] GC(319) Survivor regions: 3->6(7)
[2024-12-15T22:11:58.970+0700][gc,heap     ] GC(319) Old regions: 346->346
[2024-12-15T22:11:58.970+0700][gc,heap     ] GC(319) Archive regions: 2->2
[2024-12-15T22:11:58.970+0700][gc,heap     ] GC(319) Humongous regions: 129->129
[2024-12-15T22:11:58.970+0700][gc,metaspace] GC(319) Metaspace: 45240K(45824K)->45240K(45824K) NonClass: 40073K(40384K)->40073K(40384K) Class: 5166K(5440K)->5166K(5440K)
[2024-12-15T22:11:58.971+0700][gc          ] GC(319) Pause Young (Normal) (G1 Evacuation Pause) 526M->481M(1024M) 47.546ms
[2024-12-15T22:11:58.971+0700][gc,cpu      ] GC(319) User=0.10s Sys=0.00s Real=0.05s
[2024-12-15T22:13:46.533+0700][gc,start    ] GC(320) Pause Young (Normal) (G1 Evacuation Pause)
[2024-12-15T22:13:46.534+0700][gc,task     ] GC(320) Using 2 workers of 2 for evacuation
[2024-12-15T22:13:46.608+0700][gc,mmu      ] GC(320) MMU target violated: 21.0ms (20.0ms/21.0ms)
[2024-12-15T22:13:46.608+0700][gc,phases   ] GC(320)   Pre Evacuate Collection Set: 2.3ms
[2024-12-15T22:13:46.608+0700][gc,phases   ] GC(320)   Merge Heap Roots: 1.1ms
[2024-12-15T22:13:46.608+0700][gc,phases   ] GC(320)   Evacuate Collection Set: 67.6ms
[2024-12-15T22:13:46.608+0700][gc,phases   ] GC(320)   Post Evacuate Collection Set: 2.7ms
[2024-12-15T22:13:46.608+0700][gc,phases   ] GC(320)   Other: 1.3ms
[2024-12-15T22:13:46.608+0700][gc,heap     ] GC(320) Eden regions: 45->0(46)
[2024-12-15T22:13:46.608+0700][gc,heap     ] GC(320) Survivor regions: 6->5(7)
[2024-12-15T22:13:46.608+0700][gc,heap     ] GC(320) Old regions: 346->351
[2024-12-15T22:13:46.608+0700][gc,heap     ] GC(320) Archive regions: 2->2
[2024-12-15T22:13:46.608+0700][gc,heap     ] GC(320) Humongous regions: 129->129
[2024-12-15T22:13:46.608+0700][gc,metaspace] GC(320) Metaspace: 45240K(45824K)->45240K(45824K) NonClass: 40073K(40384K)->40073K(40384K) Class: 5166K(5440K)->5166K(5440K)
[2024-12-15T22:13:46.608+0700][gc          ] GC(320) Pause Young (Normal) (G1 Evacuation Pause) 526M->484M(1024M) 75.119ms
[2024-12-15T22:13:46.609+0700][gc,cpu      ] GC(320) User=0.14s Sys=0.00s Real=0.07s
[2024-12-15T22:15:35.653+0700][gc,start    ] GC(321) Pause Young (Normal) (G1 Evacuation Pause)
[2024-12-15T22:15:35.654+0700][gc,task     ] GC(321) Using 2 workers of 2 for evacuation
[2024-12-15T22:15:35.742+0700][gc,mmu      ] GC(321) MMU target violated: 21.0ms (20.0ms/21.0ms)
[2024-12-15T22:15:35.743+0700][gc,phases   ] GC(321)   Pre Evacuate Collection Set: 3.9ms
[2024-12-15T22:15:35.743+0700][gc,phases   ] GC(321)   Merge Heap Roots: 0.8ms
[2024-12-15T22:15:35.743+0700][gc,phases   ] GC(321)   Evacuate Collection Set: 79.3ms
[2024-12-15T22:15:35.743+0700][gc,phases   ] GC(321)   Post Evacuate Collection Set: 4.2ms
[2024-12-15T22:15:35.743+0700][gc,phases   ] GC(321)   Other: 1.6ms
[2024-12-15T22:15:35.743+0700][gc,heap     ] GC(321) Eden regions: 46->0(46)
[2024-12-15T22:15:35.743+0700][gc,heap     ] GC(321) Survivor regions: 5->5(7)
[2024-12-15T22:15:35.743+0700][gc,heap     ] GC(321) Old regions: 351->353
[2024-12-15T22:15:35.743+0700][gc,heap     ] GC(321) Archive regions: 2->2
[2024-12-15T22:15:35.743+0700][gc,heap     ] GC(321) Humongous regions: 129->129
[2024-12-15T22:15:35.743+0700][gc,metaspace] GC(321) Metaspace: 45240K(45824K)->45240K(45824K) NonClass: 40073K(40384K)->40073K(40384K) Class: 5166K(5440K)->5166K(5440K)
[2024-12-15T22:15:35.743+0700][gc          ] GC(321) Pause Young (Normal) (G1 Evacuation Pause) 530M->487M(1024M) 89.838ms
[2024-12-15T22:15:35.743+0700][gc,cpu      ] GC(321) User=0.17s Sys=0.00s Real=0.08s
[2024-12-15T22:17:24.674+0700][gc,start    ] GC(322) Pause Young (Normal) (G1 Evacuation Pause)
[2024-12-15T22:17:24.674+0700][gc,task     ] GC(322) Using 2 workers of 2 for evacuation
[2024-12-15T22:17:24.713+0700][gc,mmu      ] GC(322) MMU target violated: 21.0ms (20.0ms/21.0ms)
[2024-12-15T22:17:24.713+0700][gc,phases   ] GC(322)   Pre Evacuate Collection Set: 3.1ms
[2024-12-15T22:17:24.713+0700][gc,phases   ] GC(322)   Merge Heap Roots: 0.6ms
[2024-12-15T22:17:24.713+0700][gc,phases   ] GC(322)   Evacuate Collection Set: 32.7ms
[2024-12-15T22:17:24.713+0700][gc,phases   ] GC(322)   Post Evacuate Collection Set: 2.7ms
[2024-12-15T22:17:24.713+0700][gc,phases   ] GC(322)   Other: 0.7ms
[2024-12-15T22:17:24.713+0700][gc,heap     ] GC(322) Eden regions: 46->0(48)
[2024-12-15T22:17:24.713+0700][gc,heap     ] GC(322) Survivor regions: 5->3(7)
[2024-12-15T22:17:24.714+0700][gc,heap     ] GC(322) Old regions: 353->355
[2024-12-15T22:17:24.714+0700][gc,heap     ] GC(322) Archive regions: 2->2
[2024-12-15T22:17:24.714+0700][gc,heap     ] GC(322) Humongous regions: 129->129
[2024-12-15T22:17:24.714+0700][gc,metaspace] GC(322) Metaspace: 45240K(45824K)->45240K(45824K) NonClass: 40073K(40384K)->40073K(40384K) Class: 5166K(5440K)->5166K(5440K)
[2024-12-15T22:17:24.714+0700][gc          ] GC(322) Pause Young (Normal) (G1 Evacuation Pause) 533M->487M(1024M) 39.883ms
[2024-12-15T22:17:24.714+0700][gc,cpu      ] GC(322) User=0.07s Sys=0.00s Real=0.04s
[2024-12-15T22:19:18.967+0700][gc,start    ] GC(323) Pause Young (Normal) (G1 Evacuation Pause)
[2024-12-15T22:19:18.967+0700][gc,task     ] GC(323) Using 2 workers of 2 for evacuation
[2024-12-15T22:19:19.008+0700][gc,mmu      ] GC(323) MMU target violated: 21.0ms (20.0ms/21.0ms)
[2024-12-15T22:19:19.009+0700][gc,phases   ] GC(323)   Pre Evacuate Collection Set: 2.4ms
[2024-12-15T22:19:19.009+0700][gc,phases   ] GC(323)   Merge Heap Roots: 0.7ms
[2024-12-15T22:19:19.009+0700][gc,phases   ] GC(323)   Evacuate Collection Set: 35.7ms
[2024-12-15T22:19:19.009+0700][gc,phases   ] GC(323)   Post Evacuate Collection Set: 1.9ms
[2024-12-15T22:19:19.009+0700][gc,phases   ] GC(323)   Other: 1.2ms
[2024-12-15T22:19:19.009+0700][gc,heap     ] GC(323) Eden regions: 48->0(45)
[2024-12-15T22:19:19.009+0700][gc,heap     ] GC(323) Survivor regions: 3->6(7)
[2024-12-15T22:19:19.009+0700][gc,heap     ] GC(323) Old regions: 355->355
[2024-12-15T22:19:19.009+0700][gc,heap     ] GC(323) Archive regions: 2->2
[2024-12-15T22:19:19.009+0700][gc,heap     ] GC(323) Humongous regions: 129->129
[2024-12-15T22:19:19.009+0700][gc,metaspace] GC(323) Metaspace: 45240K(45824K)->45240K(45824K) NonClass: 40073K(40384K)->40073K(40384K) Class: 5166K(5440K)->5166K(5440K)
[2024-12-15T22:19:19.009+0700][gc          ] GC(323) Pause Young (Normal) (G1 Evacuation Pause) 535M->490M(1024M) 41.877ms
[2024-12-15T22:19:19.009+0700][gc,cpu      ] GC(323) User=0.08s Sys=0.00s Real=0.04s
[2024-12-15T22:21:06.009+0700][gc,start    ] GC(324) Pause Young (Normal) (G1 Evacuation Pause)
[2024-12-15T22:21:06.009+0700][gc,task     ] GC(324) Using 2 workers of 2 for evacuation
[2024-12-15T22:21:06.079+0700][gc,mmu      ] GC(324) MMU target violated: 21.0ms (20.0ms/21.0ms)
[2024-12-15T22:21:06.079+0700][gc,phases   ] GC(324)   Pre Evacuate Collection Set: 3.0ms
[2024-12-15T22:21:06.079+0700][gc,phases   ] GC(324)   Merge Heap Roots: 0.6ms
[2024-12-15T22:21:06.079+0700][gc,phases   ] GC(324)   Evacuate Collection Set: 62.8ms
[2024-12-15T22:21:06.079+0700][gc,phases   ] GC(324)   Post Evacuate Collection Set: 2.4ms
[2024-12-15T22:21:06.079+0700][gc,phases   ] GC(324)   Other: 1.2ms
[2024-12-15T22:21:06.079+0700][gc,heap     ] GC(324) Eden regions: 45->0(46)
[2024-12-15T22:21:06.079+0700][gc,heap     ] GC(324) Survivor regions: 6->5(7)
[2024-12-15T22:21:06.079+0700][gc,heap     ] GC(324) Old regions: 355->359
[2024-12-15T22:21:06.079+0700][gc,heap     ] GC(324) Archive regions: 2->2
[2024-12-15T22:21:06.079+0700][gc,heap     ] GC(324) Humongous regions: 129->129
[2024-12-15T22:21:06.079+0700][gc,metaspace] GC(324) Metaspace: 45240K(45824K)->45240K(45824K) NonClass: 40073K(40384K)->40073K(40384K) Class: 5166K(5440K)->5166K(5440K)
[2024-12-15T22:21:06.079+0700][gc          ] GC(324) Pause Young (Normal) (G1 Evacuation Pause) 535M->493M(1024M) 70.051ms
[2024-12-15T22:21:06.079+0700][gc,cpu      ] GC(324) User=0.12s Sys=0.02s Real=0.07s
[2024-12-15T22:22:55.081+0700][gc,start    ] GC(325) Pause Young (Normal) (G1 Evacuation Pause)
[2024-12-15T22:22:55.082+0700][gc,task     ] GC(325) Using 2 workers of 2 for evacuation
[2024-12-15T22:22:55.121+0700][gc,mmu      ] GC(325) MMU target violated: 21.0ms (20.0ms/21.0ms)
[2024-12-15T22:22:55.121+0700][gc,phases   ] GC(325)   Pre Evacuate Collection Set: 2.5ms
[2024-12-15T22:22:55.121+0700][gc,phases   ] GC(325)   Merge Heap Roots: 0.9ms
[2024-12-15T22:22:55.121+0700][gc,phases   ] GC(325)   Evacuate Collection Set: 32.1ms
[2024-12-15T22:22:55.121+0700][gc,phases   ] GC(325)   Post Evacuate Collection Set: 3.7ms
[2024-12-15T22:22:55.121+0700][gc,phases   ] GC(325)   Other: 1.3ms
[2024-12-15T22:22:55.121+0700][gc,heap     ] GC(325) Eden regions: 46->0(48)
[2024-12-15T22:22:55.122+0700][gc,heap     ] GC(325) Survivor regions: 5->3(7)
[2024-12-15T22:22:55.122+0700][gc,heap     ] GC(325) Old regions: 359->361
[2024-12-15T22:22:55.122+0700][gc,heap     ] GC(325) Archive regions: 2->2
[2024-12-15T22:22:55.122+0700][gc,heap     ] GC(325) Humongous regions: 129->129
[2024-12-15T22:22:55.122+0700][gc,metaspace] GC(325) Metaspace: 45240K(45824K)->45240K(45824K) NonClass: 40073K(40384K)->40073K(40384K) Class: 5166K(5440K)->5166K(5440K)
[2024-12-15T22:22:55.122+0700][gc          ] GC(325) Pause Young (Normal) (G1 Evacuation Pause) 539M->493M(1024M) 40.398ms
[2024-12-15T22:22:55.122+0700][gc,cpu      ] GC(325) User=0.07s Sys=0.00s Real=0.04s
[2024-12-15T22:24:55.930+0700][gc,start    ] GC(326) Pause Young (Normal) (G1 Evacuation Pause)
[2024-12-15T22:24:55.930+0700][gc,task     ] GC(326) Using 2 workers of 2 for evacuation
[2024-12-15T22:24:56.018+0700][gc,mmu      ] GC(326) MMU target violated: 21.0ms (20.0ms/21.0ms)
[2024-12-15T22:24:56.018+0700][gc,phases   ] GC(326)   Pre Evacuate Collection Set: 6.4ms
[2024-12-15T22:24:56.018+0700][gc,phases   ] GC(326)   Merge Heap Roots: 2.2ms
[2024-12-15T22:24:56.018+0700][gc,phases   ] GC(326)   Evacuate Collection Set: 71.9ms
[2024-12-15T22:24:56.018+0700][gc,phases   ] GC(326)   Post Evacuate Collection Set: 6.3ms
[2024-12-15T22:24:56.018+0700][gc,phases   ] GC(326)   Other: 1.8ms
[2024-12-15T22:24:56.018+0700][gc,heap     ] GC(326) Eden regions: 48->0(45)
[2024-12-15T22:24:56.018+0700][gc,heap     ] GC(326) Survivor regions: 3->6(7)
[2024-12-15T22:24:56.018+0700][gc,heap     ] GC(326) Old regions: 361->361
[2024-12-15T22:24:56.018+0700][gc,heap     ] GC(326) Archive regions: 2->2
[2024-12-15T22:24:56.018+0700][gc,heap     ] GC(326) Humongous regions: 129->129
[2024-12-15T22:24:56.018+0700][gc,metaspace] GC(326) Metaspace: 45262K(45888K)->45262K(45888K) NonClass: 40095K(40448K)->40095K(40448K) Class: 5166K(5440K)->5166K(5440K)
[2024-12-15T22:24:56.018+0700][gc          ] GC(326) Pause Young (Normal) (G1 Evacuation Pause) 541M->496M(1024M) 88.489ms
[2024-12-15T22:24:56.018+0700][gc,cpu      ] GC(326) User=0.17s Sys=0.00s Real=0.09s
[2024-12-15T22:26:43.765+0700][gc,start    ] GC(327) Pause Young (Normal) (G1 Evacuation Pause)
[2024-12-15T22:26:43.765+0700][gc,task     ] GC(327) Using 2 workers of 2 for evacuation
[2024-12-15T22:26:43.863+0700][gc,mmu      ] GC(327) MMU target violated: 21.0ms (20.0ms/21.0ms)
[2024-12-15T22:26:43.863+0700][gc,phases   ] GC(327)   Pre Evacuate Collection Set: 4.5ms
[2024-12-15T22:26:43.863+0700][gc,phases   ] GC(327)   Merge Heap Roots: 1.2ms
[2024-12-15T22:26:43.863+0700][gc,phases   ] GC(327)   Evacuate Collection Set: 88.4ms
[2024-12-15T22:26:43.863+0700][gc,phases   ] GC(327)   Post Evacuate Collection Set: 3.2ms
[2024-12-15T22:26:43.863+0700][gc,phases   ] GC(327)   Other: 1.1ms
[2024-12-15T22:26:43.863+0700][gc,heap     ] GC(327) Eden regions: 45->0(46)
[2024-12-15T22:26:43.863+0700][gc,heap     ] GC(327) Survivor regions: 6->5(7)
[2024-12-15T22:26:43.863+0700][gc,heap     ] GC(327) Old regions: 361->366
[2024-12-15T22:26:43.863+0700][gc,heap     ] GC(327) Archive regions: 2->2
[2024-12-15T22:26:43.863+0700][gc,heap     ] GC(327) Humongous regions: 129->129
[2024-12-15T22:26:43.863+0700][gc,metaspace] GC(327) Metaspace: 45262K(45888K)->45262K(45888K) NonClass: 40095K(40448K)->40095K(40448K) Class: 5166K(5440K)->5166K(5440K)
[2024-12-15T22:26:43.863+0700][gc          ] GC(327) Pause Young (Normal) (G1 Evacuation Pause) 541M->499M(1024M) 98.339ms
[2024-12-15T22:26:43.863+0700][gc,cpu      ] GC(327) User=0.15s Sys=0.02s Real=0.09s
[2024-12-15T22:28:42.711+0700][gc,start    ] GC(328) Pause Young (Normal) (G1 Evacuation Pause)
[2024-12-15T22:28:42.711+0700][gc,task     ] GC(328) Using 2 workers of 2 for evacuation
[2024-12-15T22:28:42.794+0700][gc,mmu      ] GC(328) MMU target violated: 21.0ms (20.0ms/21.0ms)
[2024-12-15T22:28:42.794+0700][gc,phases   ] GC(328)   Pre Evacuate Collection Set: 2.6ms
[2024-12-15T22:28:42.794+0700][gc,phases   ] GC(328)   Merge Heap Roots: 0.9ms
[2024-12-15T22:28:42.794+0700][gc,phases   ] GC(328)   Evacuate Collection Set: 78.1ms
[2024-12-15T22:28:42.794+0700][gc,phases   ] GC(328)   Post Evacuate Collection Set: 1.7ms
[2024-12-15T22:28:42.794+0700][gc,phases   ] GC(328)   Other: 0.9ms
[2024-12-15T22:28:42.794+0700][gc,heap     ] GC(328) Eden regions: 46->0(45)
[2024-12-15T22:28:42.794+0700][gc,heap     ] GC(328) Survivor regions: 5->6(7)
[2024-12-15T22:28:42.794+0700][gc,heap     ] GC(328) Old regions: 366->368
[2024-12-15T22:28:42.794+0700][gc,heap     ] GC(328) Archive regions: 2->2
[2024-12-15T22:28:42.794+0700][gc,heap     ] GC(328) Humongous regions: 129->129
[2024-12-15T22:28:42.794+0700][gc,metaspace] GC(328) Metaspace: 45262K(45888K)->45262K(45888K) NonClass: 40095K(40448K)->40095K(40448K) Class: 5166K(5440K)->5166K(5440K)
[2024-12-15T22:28:42.794+0700][gc          ] GC(328) Pause Young (Normal) (G1 Evacuation Pause) 545M->502M(1024M) 83.908ms
[2024-12-15T22:28:42.794+0700][gc,cpu      ] GC(328) User=0.08s Sys=0.00s Real=0.09s
[2024-12-15T22:30:31.394+0700][gc,start    ] GC(329) Pause Young (Normal) (G1 Evacuation Pause)
[2024-12-15T22:30:31.394+0700][gc,task     ] GC(329) Using 2 workers of 2 for evacuation
[2024-12-15T22:30:31.479+0700][gc,mmu      ] GC(329) MMU target violated: 21.0ms (20.0ms/21.0ms)
[2024-12-15T22:30:31.480+0700][gc,phases   ] GC(329)   Pre Evacuate Collection Set: 6.9ms
[2024-12-15T22:30:31.480+0700][gc,phases   ] GC(329)   Merge Heap Roots: 2.5ms
[2024-12-15T22:30:31.480+0700][gc,phases   ] GC(329)   Evacuate Collection Set: 68.5ms
[2024-12-15T22:30:31.480+0700][gc,phases   ] GC(329)   Post Evacuate Collection Set: 6.2ms
[2024-12-15T22:30:31.480+0700][gc,phases   ] GC(329)   Other: 2.3ms
[2024-12-15T22:30:31.480+0700][gc,heap     ] GC(329) Eden regions: 45->0(47)
[2024-12-15T22:30:31.480+0700][gc,heap     ] GC(329) Survivor regions: 6->4(7)
[2024-12-15T22:30:31.480+0700][gc,heap     ] GC(329) Old regions: 368->370
[2024-12-15T22:30:31.480+0700][gc,heap     ] GC(329) Archive regions: 2->2
[2024-12-15T22:30:31.480+0700][gc,heap     ] GC(329) Humongous regions: 129->129
[2024-12-15T22:30:31.480+0700][gc,metaspace] GC(329) Metaspace: 45281K(45888K)->45281K(45888K) NonClass: 40115K(40448K)->40115K(40448K) Class: 5166K(5440K)->5166K(5440K)
[2024-12-15T22:30:31.480+0700][gc          ] GC(329) Pause Young (Normal) (G1 Evacuation Pause) 547M->502M(1024M) 86.419ms
[2024-12-15T22:30:31.480+0700][gc,cpu      ] GC(329) User=0.12s Sys=0.02s Real=0.08s
[2024-12-15T22:32:35.608+0700][gc,start    ] GC(330) Pause Young (Normal) (G1 Evacuation Pause)
[2024-12-15T22:32:35.608+0700][gc,task     ] GC(330) Using 2 workers of 2 for evacuation
[2024-12-15T22:32:35.663+0700][gc,mmu      ] GC(330) MMU target violated: 21.0ms (20.0ms/21.0ms)
[2024-12-15T22:32:35.663+0700][gc,phases   ] GC(330)   Pre Evacuate Collection Set: 3.8ms
[2024-12-15T22:32:35.663+0700][gc,phases   ] GC(330)   Merge Heap Roots: 0.8ms
[2024-12-15T22:32:35.663+0700][gc,phases   ] GC(330)   Evacuate Collection Set: 47.2ms
[2024-12-15T22:32:35.663+0700][gc,phases   ] GC(330)   Post Evacuate Collection Set: 2.7ms
[2024-12-15T22:32:35.663+0700][gc,phases   ] GC(330)   Other: 1.2ms
[2024-12-15T22:32:35.663+0700][gc,heap     ] GC(330) Eden regions: 47->0(45)
[2024-12-15T22:32:35.663+0700][gc,heap     ] GC(330) Survivor regions: 4->6(7)
[2024-12-15T22:32:35.663+0700][gc,heap     ] GC(330) Old regions: 370->370
[2024-12-15T22:32:35.663+0700][gc,heap     ] GC(330) Archive regions: 2->2
[2024-12-15T22:32:35.663+0700][gc,heap     ] GC(330) Humongous regions: 129->129
[2024-12-15T22:32:35.663+0700][gc,metaspace] GC(330) Metaspace: 45290K(45888K)->45290K(45888K) NonClass: 40123K(40448K)->40123K(40448K) Class: 5166K(5440K)->5166K(5440K)
[2024-12-15T22:32:35.663+0700][gc          ] GC(330) Pause Young (Normal) (G1 Evacuation Pause) 549M->505M(1024M) 55.504ms
[2024-12-15T22:32:35.663+0700][gc,cpu      ] GC(330) User=0.11s Sys=0.00s Real=0.05s
[2024-12-15T22:34:23.217+0700][gc,start    ] GC(331) Pause Young (Normal) (G1 Evacuation Pause)
[2024-12-15T22:34:23.217+0700][gc,task     ] GC(331) Using 2 workers of 2 for evacuation
[2024-12-15T22:34:23.298+0700][gc,mmu      ] GC(331) MMU target violated: 21.0ms (20.0ms/21.0ms)
[2024-12-15T22:34:23.298+0700][gc,phases   ] GC(331)   Pre Evacuate Collection Set: 2.7ms
[2024-12-15T22:34:23.298+0700][gc,phases   ] GC(331)   Merge Heap Roots: 0.7ms
[2024-12-15T22:34:23.298+0700][gc,phases   ] GC(331)   Evacuate Collection Set: 73.9ms
[2024-12-15T22:34:23.298+0700][gc,phases   ] GC(331)   Post Evacuate Collection Set: 2.6ms
[2024-12-15T22:34:23.298+0700][gc,phases   ] GC(331)   Other: 1.5ms
[2024-12-15T22:34:23.298+0700][gc,heap     ] GC(331) Eden regions: 45->0(46)
[2024-12-15T22:34:23.298+0700][gc,heap     ] GC(331) Survivor regions: 6->5(7)
[2024-12-15T22:34:23.298+0700][gc,heap     ] GC(331) Old regions: 370->374
[2024-12-15T22:34:23.298+0700][gc,heap     ] GC(331) Archive regions: 2->2
[2024-12-15T22:34:23.298+0700][gc,heap     ] GC(331) Humongous regions: 129->129
[2024-12-15T22:34:23.298+0700][gc,metaspace] GC(331) Metaspace: 45290K(45888K)->45290K(45888K) NonClass: 40123K(40448K)->40123K(40448K) Class: 5166K(5440K)->5166K(5440K)
[2024-12-15T22:34:23.298+0700][gc          ] GC(331) Pause Young (Normal) (G1 Evacuation Pause) 550M->508M(1024M) 81.449ms
[2024-12-15T22:34:23.298+0700][gc,cpu      ] GC(331) User=0.14s Sys=0.01s Real=0.08s
[2024-12-15T22:36:25.607+0700][gc,start    ] GC(332) Pause Young (Normal) (G1 Evacuation Pause)
[2024-12-15T22:36:25.607+0700][gc,task     ] GC(332) Using 2 workers of 2 for evacuation
[2024-12-15T22:36:25.677+0700][gc,mmu      ] GC(332) MMU target violated: 21.0ms (20.0ms/21.0ms)
[2024-12-15T22:36:25.677+0700][gc,phases   ] GC(332)   Pre Evacuate Collection Set: 11.1ms
[2024-12-15T22:36:25.677+0700][gc,phases   ] GC(332)   Merge Heap Roots: 2.0ms
[2024-12-15T22:36:25.677+0700][gc,phases   ] GC(332)   Evacuate Collection Set: 52.5ms
[2024-12-15T22:36:25.677+0700][gc,phases   ] GC(332)   Post Evacuate Collection Set: 4.2ms
[2024-12-15T22:36:25.677+0700][gc,phases   ] GC(332)   Other: 1.0ms
[2024-12-15T22:36:25.677+0700][gc,heap     ] GC(332) Eden regions: 46->0(48)
[2024-12-15T22:36:25.677+0700][gc,heap     ] GC(332) Survivor regions: 5->3(7)
[2024-12-15T22:36:25.677+0700][gc,heap     ] GC(332) Old regions: 374->376
[2024-12-15T22:36:25.677+0700][gc,heap     ] GC(332) Archive regions: 2->2
[2024-12-15T22:36:25.678+0700][gc,heap     ] GC(332) Humongous regions: 129->129
[2024-12-15T22:36:25.678+0700][gc,metaspace] GC(332) Metaspace: 45291K(45888K)->45291K(45888K) NonClass: 40125K(40448K)->40125K(40448K) Class: 5166K(5440K)->5166K(5440K)
[2024-12-15T22:36:25.678+0700][gc          ] GC(332) Pause Young (Normal) (G1 Evacuation Pause) 554M->507M(1024M) 70.726ms
[2024-12-15T22:36:25.678+0700][gc,cpu      ] GC(332) User=0.05s Sys=0.00s Real=0.07s
[2024-12-15T22:38:18.862+0700][gc,start    ] GC(333) Pause Young (Normal) (G1 Evacuation Pause)
[2024-12-15T22:38:18.862+0700][gc,task     ] GC(333) Using 2 workers of 2 for evacuation
[2024-12-15T22:38:18.941+0700][gc,mmu      ] GC(333) MMU target violated: 21.0ms (20.0ms/21.0ms)
[2024-12-15T22:38:18.941+0700][gc,phases   ] GC(333)   Pre Evacuate Collection Set: 6.3ms
[2024-12-15T22:38:18.941+0700][gc,phases   ] GC(333)   Merge Heap Roots: 1.2ms
[2024-12-15T22:38:18.941+0700][gc,phases   ] GC(333)   Evacuate Collection Set: 65.8ms
[2024-12-15T22:38:18.942+0700][gc,phases   ] GC(333)   Post Evacuate Collection Set: 5.5ms
[2024-12-15T22:38:18.942+0700][gc,phases   ] GC(333)   Other: 1.3ms
[2024-12-15T22:38:18.942+0700][gc,heap     ] GC(333) Eden regions: 48->0(45)
[2024-12-15T22:38:18.942+0700][gc,heap     ] GC(333) Survivor regions: 3->6(7)
[2024-12-15T22:38:18.942+0700][gc,heap     ] GC(333) Old regions: 376->376
[2024-12-15T22:38:18.942+0700][gc,heap     ] GC(333) Archive regions: 2->2
[2024-12-15T22:38:18.942+0700][gc,heap     ] GC(333) Humongous regions: 129->129
[2024-12-15T22:38:18.942+0700][gc,metaspace] GC(333) Metaspace: 45293K(45888K)->45293K(45888K) NonClass: 40126K(40448K)->40126K(40448K) Class: 5166K(5440K)->5166K(5440K)
[2024-12-15T22:38:18.942+0700][gc          ] GC(333) Pause Young (Normal) (G1 Evacuation Pause) 555M->511M(1024M) 79.838ms
[2024-12-15T22:38:18.942+0700][gc,cpu      ] GC(333) User=0.08s Sys=0.00s Real=0.08s
[2024-12-15T22:40:05.487+0700][gc,start    ] GC(334) Pause Young (Normal) (G1 Evacuation Pause)
[2024-12-15T22:40:05.487+0700][gc,task     ] GC(334) Using 2 workers of 2 for evacuation
[2024-12-15T22:40:05.562+0700][gc,mmu      ] GC(334) MMU target violated: 21.0ms (20.0ms/21.0ms)
[2024-12-15T22:40:05.563+0700][gc,phases   ] GC(334)   Pre Evacuate Collection Set: 2.9ms
[2024-12-15T22:40:05.563+0700][gc,phases   ] GC(334)   Merge Heap Roots: 0.8ms
[2024-12-15T22:40:05.563+0700][gc,phases   ] GC(334)   Evacuate Collection Set: 67.2ms
[2024-12-15T22:40:05.563+0700][gc,phases   ] GC(334)   Post Evacuate Collection Set: 3.9ms
[2024-12-15T22:40:05.563+0700][gc,phases   ] GC(334)   Other: 1.5ms
[2024-12-15T22:40:05.563+0700][gc,heap     ] GC(334) Eden regions: 45->0(44)
[2024-12-15T22:40:05.563+0700][gc,heap     ] GC(334) Survivor regions: 6->7(7)
[2024-12-15T22:40:05.563+0700][gc,heap     ] GC(334) Old regions: 376->378
[2024-12-15T22:40:05.563+0700][gc,heap     ] GC(334) Archive regions: 2->2
[2024-12-15T22:40:05.563+0700][gc,heap     ] GC(334) Humongous regions: 129->129
[2024-12-15T22:40:05.563+0700][gc,metaspace] GC(334) Metaspace: 45293K(45888K)->45293K(45888K) NonClass: 40126K(40448K)->40126K(40448K) Class: 5166K(5440K)->5166K(5440K)
[2024-12-15T22:40:05.563+0700][gc          ] GC(334) Pause Young (Normal) (G1 Evacuation Pause) 556M->513M(1024M) 76.290ms
[2024-12-15T22:40:05.563+0700][gc,cpu      ] GC(334) User=0.14s Sys=0.00s Real=0.07s
[2024-12-15T22:41:49.618+0700][gc,start    ] GC(335) Pause Young (Normal) (G1 Evacuation Pause)
[2024-12-15T22:41:49.618+0700][gc,task     ] GC(335) Using 2 workers of 2 for evacuation
[2024-12-15T22:41:49.710+0700][gc,mmu      ] GC(335) MMU target violated: 21.0ms (20.0ms/21.0ms)
[2024-12-15T22:41:49.711+0700][gc,phases   ] GC(335)   Pre Evacuate Collection Set: 5.2ms
[2024-12-15T22:41:49.711+0700][gc,phases   ] GC(335)   Merge Heap Roots: 0.9ms
[2024-12-15T22:41:49.711+0700][gc,phases   ] GC(335)   Evacuate Collection Set: 80.6ms
[2024-12-15T22:41:49.711+0700][gc,phases   ] GC(335)   Post Evacuate Collection Set: 4.4ms
[2024-12-15T22:41:49.711+0700][gc,phases   ] GC(335)   Other: 2.3ms
[2024-12-15T22:41:49.711+0700][gc,heap     ] GC(335) Eden regions: 44->0(46)
[2024-12-15T22:41:49.711+0700][gc,heap     ] GC(335) Survivor regions: 7->5(7)
[2024-12-15T22:41:49.711+0700][gc,heap     ] GC(335) Old regions: 378->382
[2024-12-15T22:41:49.711+0700][gc,heap     ] GC(335) Archive regions: 2->2
[2024-12-15T22:41:49.711+0700][gc,heap     ] GC(335) Humongous regions: 129->129
[2024-12-15T22:41:49.711+0700][gc,metaspace] GC(335) Metaspace: 45293K(45888K)->45293K(45888K) NonClass: 40126K(40448K)->40126K(40448K) Class: 5166K(5440K)->5166K(5440K)
[2024-12-15T22:41:49.711+0700][gc          ] GC(335) Pause Young (Normal) (G1 Evacuation Pause) 557M->516M(1024M) 93.382ms
[2024-12-15T22:41:49.711+0700][gc,cpu      ] GC(335) User=0.17s Sys=0.00s Real=0.09s
[2024-12-15T22:43:50.021+0700][gc,start    ] GC(336) Pause Young (Normal) (G1 Evacuation Pause)
[2024-12-15T22:43:50.022+0700][gc,task     ] GC(336) Using 2 workers of 2 for evacuation
[2024-12-15T22:43:50.080+0700][gc,mmu      ] GC(336) MMU target violated: 21.0ms (20.0ms/21.0ms)
[2024-12-15T22:43:50.081+0700][gc,phases   ] GC(336)   Pre Evacuate Collection Set: 6.7ms
[2024-12-15T22:43:50.081+0700][gc,phases   ] GC(336)   Merge Heap Roots: 1.5ms
[2024-12-15T22:43:50.081+0700][gc,phases   ] GC(336)   Evacuate Collection Set: 44.4ms
[2024-12-15T22:43:50.081+0700][gc,phases   ] GC(336)   Post Evacuate Collection Set: 5.7ms
[2024-12-15T22:43:50.081+0700][gc,phases   ] GC(336)   Other: 2.0ms
[2024-12-15T22:43:50.081+0700][gc,heap     ] GC(336) Eden regions: 46->0(48)
[2024-12-15T22:43:50.081+0700][gc,heap     ] GC(336) Survivor regions: 5->3(7)
[2024-12-15T22:43:50.081+0700][gc,heap     ] GC(336) Old regions: 382->384
[2024-12-15T22:43:50.081+0700][gc,heap     ] GC(336) Archive regions: 2->2
[2024-12-15T22:43:50.081+0700][gc,heap     ] GC(336) Humongous regions: 129->129
[2024-12-15T22:43:50.081+0700][gc,metaspace] GC(336) Metaspace: 45294K(45888K)->45294K(45888K) NonClass: 40127K(40448K)->40127K(40448K) Class: 5166K(5440K)->5166K(5440K)
[2024-12-15T22:43:50.081+0700][gc          ] GC(336) Pause Young (Normal) (G1 Evacuation Pause) 562M->516M(1024M) 59.802ms
[2024-12-15T22:43:50.081+0700][gc,cpu      ] GC(336) User=0.11s Sys=0.00s Real=0.06s
[2024-12-15T22:45:45.339+0700][gc,start    ] GC(337) Pause Young (Normal) (G1 Evacuation Pause)
[2024-12-15T22:45:45.340+0700][gc,task     ] GC(337) Using 2 workers of 2 for evacuation
[2024-12-15T22:45:45.424+0700][gc,mmu      ] GC(337) MMU target violated: 21.0ms (20.0ms/21.0ms)
[2024-12-15T22:45:45.425+0700][gc,phases   ] GC(337)   Pre Evacuate Collection Set: 4.5ms
[2024-12-15T22:45:45.425+0700][gc,phases   ] GC(337)   Merge Heap Roots: 1.1ms
[2024-12-15T22:45:45.425+0700][gc,phases   ] GC(337)   Evacuate Collection Set: 75.2ms
[2024-12-15T22:45:45.425+0700][gc,phases   ] GC(337)   Post Evacuate Collection Set: 3.8ms
[2024-12-15T22:45:45.425+0700][gc,phases   ] GC(337)   Other: 1.7ms
[2024-12-15T22:45:45.425+0700][gc,heap     ] GC(337) Eden regions: 48->0(45)
[2024-12-15T22:45:45.425+0700][gc,heap     ] GC(337) Survivor regions: 3->6(7)
[2024-12-15T22:45:45.425+0700][gc,heap     ] GC(337) Old regions: 384->384
[2024-12-15T22:45:45.425+0700][gc,heap     ] GC(337) Archive regions: 2->2
[2024-12-15T22:45:45.425+0700][gc,heap     ] GC(337) Humongous regions: 129->129
[2024-12-15T22:45:45.425+0700][gc,metaspace] GC(337) Metaspace: 45294K(45888K)->45294K(45888K) NonClass: 40127K(40448K)->40127K(40448K) Class: 5166K(5440K)->5166K(5440K)
[2024-12-15T22:45:45.425+0700][gc          ] GC(337) Pause Young (Normal) (G1 Evacuation Pause) 564M->519M(1024M) 86.252ms
[2024-12-15T22:45:45.425+0700][gc,cpu      ] GC(337) User=0.15s Sys=0.00s Real=0.09s
[2024-12-15T22:47:26.020+0700][gc,start    ] GC(338) Pause Young (Normal) (G1 Evacuation Pause)
[2024-12-15T22:47:26.021+0700][gc,task     ] GC(338) Using 2 workers of 2 for evacuation
[2024-12-15T22:47:26.116+0700][gc,mmu      ] GC(338) MMU target violated: 21.0ms (20.0ms/21.0ms)
[2024-12-15T22:47:26.116+0700][gc,phases   ] GC(338)   Pre Evacuate Collection Set: 4.2ms
[2024-12-15T22:47:26.116+0700][gc,phases   ] GC(338)   Merge Heap Roots: 1.4ms
[2024-12-15T22:47:26.116+0700][gc,phases   ] GC(338)   Evacuate Collection Set: 83.6ms
[2024-12-15T22:47:26.116+0700][gc,phases   ] GC(338)   Post Evacuate Collection Set: 4.8ms
[2024-12-15T22:47:26.116+0700][gc,phases   ] GC(338)   Other: 1.6ms
[2024-12-15T22:47:26.116+0700][gc,heap     ] GC(338) Eden regions: 45->0(46)
[2024-12-15T22:47:26.116+0700][gc,heap     ] GC(338) Survivor regions: 6->5(7)
[2024-12-15T22:47:26.116+0700][gc,heap     ] GC(338) Old regions: 384->389
[2024-12-15T22:47:26.116+0700][gc,heap     ] GC(338) Archive regions: 2->2
[2024-12-15T22:47:26.116+0700][gc,heap     ] GC(338) Humongous regions: 129->129
[2024-12-15T22:47:26.116+0700][gc,metaspace] GC(338) Metaspace: 45294K(45888K)->45294K(45888K) NonClass: 40127K(40448K)->40127K(40448K) Class: 5166K(5440K)->5166K(5440K)
[2024-12-15T22:47:26.116+0700][gc          ] GC(338) Pause Young (Normal) (G1 Evacuation Pause) 564M->522M(1024M) 95.601ms
[2024-12-15T22:47:26.116+0700][gc,cpu      ] GC(338) User=0.17s Sys=0.02s Real=0.10s
[2024-12-15T22:49:15.354+0700][gc,start    ] GC(339) Pause Young (Normal) (G1 Evacuation Pause)
[2024-12-15T22:49:15.355+0700][gc,task     ] GC(339) Using 2 workers of 2 for evacuation
[2024-12-15T22:49:15.407+0700][gc,mmu      ] GC(339) MMU target violated: 21.0ms (20.0ms/21.0ms)
[2024-12-15T22:49:15.407+0700][gc,phases   ] GC(339)   Pre Evacuate Collection Set: 4.1ms
[2024-12-15T22:49:15.407+0700][gc,phases   ] GC(339)   Merge Heap Roots: 0.8ms
[2024-12-15T22:49:15.407+0700][gc,phases   ] GC(339)   Evacuate Collection Set: 44.2ms
[2024-12-15T22:49:15.407+0700][gc,phases   ] GC(339)   Post Evacuate Collection Set: 2.5ms
[2024-12-15T22:49:15.407+0700][gc,phases   ] GC(339)   Other: 1.7ms
[2024-12-15T22:49:15.407+0700][gc,heap     ] GC(339) Eden regions: 46->0(49)
[2024-12-15T22:49:15.407+0700][gc,heap     ] GC(339) Survivor regions: 5->2(7)
[2024-12-15T22:49:15.407+0700][gc,heap     ] GC(339) Old regions: 389->391
[2024-12-15T22:49:15.407+0700][gc,heap     ] GC(339) Archive regions: 2->2
[2024-12-15T22:49:15.407+0700][gc,heap     ] GC(339) Humongous regions: 129->129
[2024-12-15T22:49:15.407+0700][gc,metaspace] GC(339) Metaspace: 45294K(45888K)->45294K(45888K) NonClass: 40127K(40448K)->40127K(40448K) Class: 5166K(5440K)->5166K(5440K)
[2024-12-15T22:49:15.407+0700][gc          ] GC(339) Pause Young (Normal) (G1 Evacuation Pause) 568M->521M(1024M) 52.990ms
[2024-12-15T22:49:15.407+0700][gc,cpu      ] GC(339) User=0.09s Sys=0.01s Real=0.05s
[2024-12-15T22:51:08.035+0700][gc,start    ] GC(340) Pause Young (Normal) (G1 Evacuation Pause)
[2024-12-15T22:51:08.035+0700][gc,task     ] GC(340) Using 2 workers of 2 for evacuation
[2024-12-15T22:51:08.081+0700][gc,mmu      ] GC(340) MMU target violated: 21.0ms (20.0ms/21.0ms)
[2024-12-15T22:51:08.081+0700][gc,phases   ] GC(340)   Pre Evacuate Collection Set: 3.0ms
[2024-12-15T22:51:08.081+0700][gc,phases   ] GC(340)   Merge Heap Roots: 0.9ms
[2024-12-15T22:51:08.081+0700][gc,phases   ] GC(340)   Evacuate Collection Set: 38.7ms
[2024-12-15T22:51:08.081+0700][gc,phases   ] GC(340)   Post Evacuate Collection Set: 2.8ms
[2024-12-15T22:51:08.082+0700][gc,phases   ] GC(340)   Other: 1.5ms
[2024-12-15T22:51:08.082+0700][gc,heap     ] GC(340) Eden regions: 49->0(46)
[2024-12-15T22:51:08.082+0700][gc,heap     ] GC(340) Survivor regions: 2->5(7)
[2024-12-15T22:51:08.082+0700][gc,heap     ] GC(340) Old regions: 391->391
[2024-12-15T22:51:08.082+0700][gc,heap     ] GC(340) Archive regions: 2->2
[2024-12-15T22:51:08.082+0700][gc,heap     ] GC(340) Humongous regions: 129->129
[2024-12-15T22:51:08.082+0700][gc,metaspace] GC(340) Metaspace: 45295K(45888K)->45295K(45888K) NonClass: 40128K(40448K)->40128K(40448K) Class: 5166K(5440K)->5166K(5440K)
[2024-12-15T22:51:08.082+0700][gc          ] GC(340) Pause Young (Normal) (G1 Evacuation Pause) 570M->525M(1024M) 47.151ms
[2024-12-15T22:51:08.082+0700][gc,cpu      ] GC(340) User=0.09s Sys=0.00s Real=0.04s
[2024-12-15T22:52:56.561+0700][gc,start    ] GC(341) Pause Young (Normal) (G1 Evacuation Pause)
[2024-12-15T22:52:56.561+0700][gc,task     ] GC(341) Using 2 workers of 2 for evacuation
[2024-12-15T22:52:56.631+0700][gc,mmu      ] GC(341) MMU target violated: 21.0ms (20.0ms/21.0ms)
[2024-12-15T22:52:56.631+0700][gc,phases   ] GC(341)   Pre Evacuate Collection Set: 3.6ms
[2024-12-15T22:52:56.631+0700][gc,phases   ] GC(341)   Merge Heap Roots: 1.3ms
[2024-12-15T22:52:56.631+0700][gc,phases   ] GC(341)   Evacuate Collection Set: 60.9ms
[2024-12-15T22:52:56.631+0700][gc,phases   ] GC(341)   Post Evacuate Collection Set: 3.4ms
[2024-12-15T22:52:56.631+0700][gc,phases   ] GC(341)   Other: 1.6ms
[2024-12-15T22:52:56.631+0700][gc,heap     ] GC(341) Eden regions: 46->0(46)
[2024-12-15T22:52:56.631+0700][gc,heap     ] GC(341) Survivor regions: 5->5(7)
[2024-12-15T22:52:56.631+0700][gc,heap     ] GC(341) Old regions: 391->394
[2024-12-15T22:52:56.631+0700][gc,heap     ] GC(341) Archive regions: 2->2
[2024-12-15T22:52:56.631+0700][gc,heap     ] GC(341) Humongous regions: 129->129
[2024-12-15T22:52:56.631+0700][gc,metaspace] GC(341) Metaspace: 45304K(45888K)->45304K(45888K) NonClass: 40137K(40448K)->40137K(40448K) Class: 5166K(5440K)->5166K(5440K)
[2024-12-15T22:52:56.631+0700][gc          ] GC(341) Pause Young (Normal) (G1 Evacuation Pause) 571M->528M(1024M) 70.588ms
[2024-12-15T22:52:56.631+0700][gc,cpu      ] GC(341) User=0.12s Sys=0.01s Real=0.07s
[2024-12-15T22:54:46.815+0700][gc,start    ] GC(342) Pause Young (Normal) (G1 Evacuation Pause)
[2024-12-15T22:54:46.815+0700][gc,task     ] GC(342) Using 2 workers of 2 for evacuation
[2024-12-15T22:54:46.901+0700][gc,mmu      ] GC(342) MMU target violated: 21.0ms (20.0ms/21.0ms)
[2024-12-15T22:54:46.902+0700][gc,phases   ] GC(342)   Pre Evacuate Collection Set: 7.8ms
[2024-12-15T22:54:46.902+0700][gc,phases   ] GC(342)   Merge Heap Roots: 1.3ms
[2024-12-15T22:54:46.902+0700][gc,phases   ] GC(342)   Evacuate Collection Set: 71.4ms
[2024-12-15T22:54:46.902+0700][gc,phases   ] GC(342)   Post Evacuate Collection Set: 4.8ms
[2024-12-15T22:54:46.902+0700][gc,phases   ] GC(342)   Other: 1.7ms
[2024-12-15T22:54:46.902+0700][gc,heap     ] GC(342) Eden regions: 46->0(46)
[2024-12-15T22:54:46.902+0700][gc,heap     ] GC(342) Survivor regions: 5->5(7)
[2024-12-15T22:54:46.902+0700][gc,heap     ] GC(342) Old regions: 394->396
[2024-12-15T22:54:46.902+0700][gc,heap     ] GC(342) Archive regions: 2->2
[2024-12-15T22:54:46.902+0700][gc,heap     ] GC(342) Humongous regions: 129->129
[2024-12-15T22:54:46.902+0700][gc,metaspace] GC(342) Metaspace: 45304K(45888K)->45304K(45888K) NonClass: 40137K(40448K)->40137K(40448K) Class: 5166K(5440K)->5166K(5440K)
[2024-12-15T22:54:46.902+0700][gc          ] GC(342) Pause Young (Normal) (G1 Evacuation Pause) 574M->530M(1024M) 86.964ms
[2024-12-15T22:54:46.902+0700][gc,cpu      ] GC(342) User=0.16s Sys=0.01s Real=0.08s
[2024-12-15T22:56:36.657+0700][gc,start    ] GC(343) Pause Young (Normal) (G1 Evacuation Pause)
[2024-12-15T22:56:36.657+0700][gc,task     ] GC(343) Using 2 workers of 2 for evacuation
[2024-12-15T22:56:36.700+0700][gc,mmu      ] GC(343) MMU target violated: 21.0ms (20.0ms/21.0ms)
[2024-12-15T22:56:36.700+0700][gc,phases   ] GC(343)   Pre Evacuate Collection Set: 2.8ms
[2024-12-15T22:56:36.700+0700][gc,phases   ] GC(343)   Merge Heap Roots: 0.7ms
[2024-12-15T22:56:36.700+0700][gc,phases   ] GC(343)   Evacuate Collection Set: 36.1ms
[2024-12-15T22:56:36.700+0700][gc,phases   ] GC(343)   Post Evacuate Collection Set: 2.8ms
[2024-12-15T22:56:36.700+0700][gc,phases   ] GC(343)   Other: 4.2ms
[2024-12-15T22:56:36.700+0700][gc,heap     ] GC(343) Eden regions: 46->0(48)
[2024-12-15T22:56:36.700+0700][gc,heap     ] GC(343) Survivor regions: 5->3(7)
[2024-12-15T22:56:36.701+0700][gc,heap     ] GC(343) Old regions: 396->398
[2024-12-15T22:56:36.701+0700][gc,heap     ] GC(343) Archive regions: 2->2
[2024-12-15T22:56:36.701+0700][gc,heap     ] GC(343) Humongous regions: 129->129
[2024-12-15T22:56:36.701+0700][gc,metaspace] GC(343) Metaspace: 45304K(45888K)->45304K(45888K) NonClass: 40137K(40448K)->40137K(40448K) Class: 5166K(5440K)->5166K(5440K)
[2024-12-15T22:56:36.701+0700][gc          ] GC(343) Pause Young (Normal) (G1 Evacuation Pause) 576M->530M(1024M) 44.102ms
[2024-12-15T22:56:36.701+0700][gc,cpu      ] GC(343) User=0.08s Sys=0.02s Real=0.04s
[2024-12-15T22:58:30.776+0700][gc,start    ] GC(344) Pause Young (Normal) (G1 Evacuation Pause)
[2024-12-15T22:58:30.777+0700][gc,task     ] GC(344) Using 2 workers of 2 for evacuation
[2024-12-15T22:58:30.830+0700][gc,mmu      ] GC(344) MMU target violated: 21.0ms (20.0ms/21.0ms)
[2024-12-15T22:58:30.830+0700][gc,phases   ] GC(344)   Pre Evacuate Collection Set: 2.7ms
[2024-12-15T22:58:30.830+0700][gc,phases   ] GC(344)   Merge Heap Roots: 0.7ms
[2024-12-15T22:58:30.830+0700][gc,phases   ] GC(344)   Evacuate Collection Set: 45.1ms
[2024-12-15T22:58:30.830+0700][gc,phases   ] GC(344)   Post Evacuate Collection Set: 3.9ms
[2024-12-15T22:58:30.830+0700][gc,phases   ] GC(344)   Other: 1.7ms
[2024-12-15T22:58:30.830+0700][gc,heap     ] GC(344) Eden regions: 48->0(45)
[2024-12-15T22:58:30.830+0700][gc,heap     ] GC(344) Survivor regions: 3->6(7)
[2024-12-15T22:58:30.830+0700][gc,heap     ] GC(344) Old regions: 398->398
[2024-12-15T22:58:30.830+0700][gc,heap     ] GC(344) Archive regions: 2->2
[2024-12-15T22:58:30.830+0700][gc,heap     ] GC(344) Humongous regions: 129->129
[2024-12-15T22:58:30.830+0700][gc,metaspace] GC(344) Metaspace: 45304K(45888K)->45304K(45888K) NonClass: 40137K(40448K)->40137K(40448K) Class: 5166K(5440K)->5166K(5440K)
[2024-12-15T22:58:30.830+0700][gc          ] GC(344) Pause Young (Normal) (G1 Evacuation Pause) 578M->533M(1024M) 54.060ms
[2024-12-15T22:58:30.830+0700][gc,cpu      ] GC(344) User=0.10s Sys=0.00s Real=0.05s
[2024-12-15T23:00:18.439+0700][gc,start    ] GC(345) Pause Young (Normal) (G1 Evacuation Pause)
[2024-12-15T23:00:18.439+0700][gc,task     ] GC(345) Using 2 workers of 2 for evacuation
[2024-12-15T23:00:18.538+0700][gc,mmu      ] GC(345) MMU target violated: 21.0ms (20.0ms/21.0ms)
[2024-12-15T23:00:18.539+0700][gc,phases   ] GC(345)   Pre Evacuate Collection Set: 6.9ms
[2024-12-15T23:00:18.539+0700][gc,phases   ] GC(345)   Merge Heap Roots: 1.1ms
[2024-12-15T23:00:18.539+0700][gc,phases   ] GC(345)   Evacuate Collection Set: 86.4ms
[2024-12-15T23:00:18.539+0700][gc,phases   ] GC(345)   Post Evacuate Collection Set: 4.0ms
[2024-12-15T23:00:18.539+0700][gc,phases   ] GC(345)   Other: 1.5ms
[2024-12-15T23:00:18.539+0700][gc,heap     ] GC(345) Eden regions: 45->0(45)
[2024-12-15T23:00:18.539+0700][gc,heap     ] GC(345) Survivor regions: 6->6(7)
[2024-12-15T23:00:18.539+0700][gc,heap     ] GC(345) Old regions: 398->402
[2024-12-15T23:00:18.539+0700][gc,heap     ] GC(345) Archive regions: 2->2
[2024-12-15T23:00:18.539+0700][gc,heap     ] GC(345) Humongous regions: 129->129
[2024-12-15T23:00:18.539+0700][gc,metaspace] GC(345) Metaspace: 45304K(45888K)->45304K(45888K) NonClass: 40137K(40448K)->40137K(40448K) Class: 5166K(5440K)->5166K(5440K)
[2024-12-15T23:00:18.539+0700][gc          ] GC(345) Pause Young (Normal) (G1 Evacuation Pause) 578M->537M(1024M) 99.893ms
[2024-12-15T23:00:18.539+0700][gc,cpu      ] GC(345) User=0.18s Sys=0.01s Real=0.10s
[2024-12-15T23:02:05.183+0700][gc,start    ] GC(346) Pause Young (Normal) (G1 Evacuation Pause)
[2024-12-15T23:02:05.184+0700][gc,task     ] GC(346) Using 2 workers of 2 for evacuation
[2024-12-15T23:02:05.247+0700][gc,mmu      ] GC(346) MMU target violated: 21.0ms (20.0ms/21.0ms)
[2024-12-15T23:02:05.248+0700][gc,phases   ] GC(346)   Pre Evacuate Collection Set: 7.3ms
[2024-12-15T23:02:05.248+0700][gc,phases   ] GC(346)   Merge Heap Roots: 1.3ms
[2024-12-15T23:02:05.248+0700][gc,phases   ] GC(346)   Evacuate Collection Set: 50.0ms
[2024-12-15T23:02:05.248+0700][gc,phases   ] GC(346)   Post Evacuate Collection Set: 3.6ms
[2024-12-15T23:02:05.248+0700][gc,phases   ] GC(346)   Other: 2.5ms
[2024-12-15T23:02:05.248+0700][gc,heap     ] GC(346) Eden regions: 45->0(48)
[2024-12-15T23:02:05.248+0700][gc,heap     ] GC(346) Survivor regions: 6->3(7)
[2024-12-15T23:02:05.248+0700][gc,heap     ] GC(346) Old regions: 402->404
[2024-12-15T23:02:05.248+0700][gc,heap     ] GC(346) Archive regions: 2->2
[2024-12-15T23:02:05.248+0700][gc,heap     ] GC(346) Humongous regions: 129->129
[2024-12-15T23:02:05.248+0700][gc,metaspace] GC(346) Metaspace: 45305K(45888K)->45305K(45888K) NonClass: 40137K(40448K)->40137K(40448K) Class: 5167K(5440K)->5167K(5440K)
[2024-12-15T23:02:05.248+0700][gc          ] GC(346) Pause Young (Normal) (G1 Evacuation Pause) 582M->536M(1024M) 65.004ms
[2024-12-15T23:02:05.248+0700][gc,cpu      ] GC(346) User=0.12s Sys=0.01s Real=0.07s
[2024-12-15T23:04:00.195+0700][gc,start    ] GC(347) Pause Young (Normal) (G1 Evacuation Pause)
[2024-12-15T23:04:00.196+0700][gc,task     ] GC(347) Using 2 workers of 2 for evacuation
[2024-12-15T23:04:00.275+0700][gc,mmu      ] GC(347) MMU target violated: 21.0ms (20.0ms/21.0ms)
[2024-12-15T23:04:00.275+0700][gc,phases   ] GC(347)   Pre Evacuate Collection Set: 3.8ms
[2024-12-15T23:04:00.275+0700][gc,phases   ] GC(347)   Merge Heap Roots: 1.1ms
[2024-12-15T23:04:00.275+0700][gc,phases   ] GC(347)   Evacuate Collection Set: 69.8ms
[2024-12-15T23:04:00.275+0700][gc,phases   ] GC(347)   Post Evacuate Collection Set: 3.7ms
[2024-12-15T23:04:00.275+0700][gc,phases   ] GC(347)   Other: 1.3ms
[2024-12-15T23:04:00.275+0700][gc,heap     ] GC(347) Eden regions: 48->0(45)
[2024-12-15T23:04:00.275+0700][gc,heap     ] GC(347) Survivor regions: 3->6(7)
[2024-12-15T23:04:00.275+0700][gc,heap     ] GC(347) Old regions: 404->404
[2024-12-15T23:04:00.275+0700][gc,heap     ] GC(347) Archive regions: 2->2
[2024-12-15T23:04:00.275+0700][gc,heap     ] GC(347) Humongous regions: 129->129
[2024-12-15T23:04:00.275+0700][gc,metaspace] GC(347) Metaspace: 45305K(45888K)->45305K(45888K) NonClass: 40137K(40448K)->40137K(40448K) Class: 5167K(5440K)->5167K(5440K)
[2024-12-15T23:04:00.275+0700][gc          ] GC(347) Pause Young (Normal) (G1 Evacuation Pause) 584M->539M(1024M) 79.722ms
[2024-12-15T23:04:00.275+0700][gc,cpu      ] GC(347) User=0.14s Sys=0.00s Real=0.08s
[2024-12-15T23:05:46.291+0700][gc,start    ] GC(348) Pause Young (Normal) (G1 Evacuation Pause)
[2024-12-15T23:05:46.291+0700][gc,task     ] GC(348) Using 2 workers of 2 for evacuation
[2024-12-15T23:05:46.375+0700][gc,mmu      ] GC(348) MMU target violated: 21.0ms (20.0ms/21.0ms)
[2024-12-15T23:05:46.375+0700][gc,phases   ] GC(348)   Pre Evacuate Collection Set: 3.1ms
[2024-12-15T23:05:46.375+0700][gc,phases   ] GC(348)   Merge Heap Roots: 1.5ms
[2024-12-15T23:05:46.375+0700][gc,phases   ] GC(348)   Evacuate Collection Set: 74.2ms
[2024-12-15T23:05:46.375+0700][gc,phases   ] GC(348)   Post Evacuate Collection Set: 4.0ms
[2024-12-15T23:05:46.375+0700][gc,phases   ] GC(348)   Other: 1.9ms
[2024-12-15T23:05:46.375+0700][gc,heap     ] GC(348) Eden regions: 45->0(45)
[2024-12-15T23:05:46.375+0700][gc,heap     ] GC(348) Survivor regions: 6->6(7)
[2024-12-15T23:05:46.375+0700][gc,heap     ] GC(348) Old regions: 404->408
[2024-12-15T23:05:46.375+0700][gc,heap     ] GC(348) Archive regions: 2->2
[2024-12-15T23:05:46.375+0700][gc,heap     ] GC(348) Humongous regions: 129->129
[2024-12-15T23:05:46.375+0700][gc,metaspace] GC(348) Metaspace: 45305K(45888K)->45305K(45888K) NonClass: 40137K(40448K)->40137K(40448K) Class: 5167K(5440K)->5167K(5440K)
[2024-12-15T23:05:46.375+0700][gc          ] GC(348) Pause Young (Normal) (G1 Evacuation Pause) 584M->543M(1024M) 84.427ms
[2024-12-15T23:05:46.376+0700][gc,cpu      ] GC(348) User=0.13s Sys=0.02s Real=0.09s
[2024-12-15T23:07:33.406+0700][gc,start    ] GC(349) Pause Young (Normal) (G1 Evacuation Pause)
[2024-12-15T23:07:33.406+0700][gc,task     ] GC(349) Using 2 workers of 2 for evacuation
[2024-12-15T23:07:33.458+0700][gc,mmu      ] GC(349) MMU target violated: 21.0ms (20.0ms/21.0ms)
[2024-12-15T23:07:33.458+0700][gc,phases   ] GC(349)   Pre Evacuate Collection Set: 2.9ms
[2024-12-15T23:07:33.458+0700][gc,phases   ] GC(349)   Merge Heap Roots: 1.3ms
[2024-12-15T23:07:33.458+0700][gc,phases   ] GC(349)   Evacuate Collection Set: 42.4ms
[2024-12-15T23:07:33.458+0700][gc,phases   ] GC(349)   Post Evacuate Collection Set: 5.0ms
[2024-12-15T23:07:33.458+0700][gc,phases   ] GC(349)   Other: 1.4ms
[2024-12-15T23:07:33.458+0700][gc,heap     ] GC(349) Eden regions: 45->0(48)
[2024-12-15T23:07:33.458+0700][gc,heap     ] GC(349) Survivor regions: 6->3(7)
[2024-12-15T23:07:33.458+0700][gc,heap     ] GC(349) Old regions: 408->411
[2024-12-15T23:07:33.459+0700][gc,heap     ] GC(349) Archive regions: 2->2
[2024-12-15T23:07:33.459+0700][gc,heap     ] GC(349) Humongous regions: 129->129
[2024-12-15T23:07:33.459+0700][gc,metaspace] GC(349) Metaspace: 45305K(45888K)->45305K(45888K) NonClass: 40137K(40448K)->40137K(40448K) Class: 5167K(5440K)->5167K(5440K)
[2024-12-15T23:07:33.459+0700][gc          ] GC(349) Pause Young (Normal) (G1 Evacuation Pause) 588M->543M(1024M) 52.992ms
[2024-12-15T23:07:33.459+0700][gc,cpu      ] GC(349) User=0.09s Sys=0.01s Real=0.05s
[2024-12-15T23:09:27.991+0700][gc,start    ] GC(350) Pause Young (Normal) (G1 Evacuation Pause)
[2024-12-15T23:09:27.992+0700][gc,task     ] GC(350) Using 2 workers of 2 for evacuation
[2024-12-15T23:09:28.043+0700][gc,mmu      ] GC(350) MMU target violated: 21.0ms (20.0ms/21.0ms)
[2024-12-15T23:09:28.044+0700][gc,phases   ] GC(350)   Pre Evacuate Collection Set: 2.7ms
[2024-12-15T23:09:28.044+0700][gc,phases   ] GC(350)   Merge Heap Roots: 1.4ms
[2024-12-15T23:09:28.044+0700][gc,phases   ] GC(350)   Evacuate Collection Set: 42.4ms
[2024-12-15T23:09:28.044+0700][gc,phases   ] GC(350)   Post Evacuate Collection Set: 4.8ms
[2024-12-15T23:09:28.044+0700][gc,phases   ] GC(350)   Other: 1.3ms
[2024-12-15T23:09:28.044+0700][gc,heap     ] GC(350) Eden regions: 48->0(45)
[2024-12-15T23:09:28.044+0700][gc,heap     ] GC(350) Survivor regions: 3->6(7)
[2024-12-15T23:09:28.044+0700][gc,heap     ] GC(350) Old regions: 411->411
[2024-12-15T23:09:28.044+0700][gc,heap     ] GC(350) Archive regions: 2->2
[2024-12-15T23:09:28.044+0700][gc,heap     ] GC(350) Humongous regions: 129->129
[2024-12-15T23:09:28.044+0700][gc,metaspace] GC(350) Metaspace: 45305K(45888K)->45305K(45888K) NonClass: 40137K(40448K)->40137K(40448K) Class: 5167K(5440K)->5167K(5440K)
[2024-12-15T23:09:28.044+0700][gc          ] GC(350) Pause Young (Normal) (G1 Evacuation Pause) 591M->546M(1024M) 52.499ms
[2024-12-15T23:09:28.044+0700][gc,cpu      ] GC(350) User=0.09s Sys=0.01s Real=0.05s
[2024-12-15T23:11:15.178+0700][gc,start    ] GC(351) Pause Young (Normal) (G1 Evacuation Pause)
[2024-12-15T23:11:15.178+0700][gc,task     ] GC(351) Using 2 workers of 2 for evacuation
[2024-12-15T23:11:15.277+0700][gc,mmu      ] GC(351) MMU target violated: 21.0ms (20.0ms/21.0ms)
[2024-12-15T23:11:15.278+0700][gc,phases   ] GC(351)   Pre Evacuate Collection Set: 7.4ms
[2024-12-15T23:11:15.278+0700][gc,phases   ] GC(351)   Merge Heap Roots: 1.2ms
[2024-12-15T23:11:15.278+0700][gc,phases   ] GC(351)   Evacuate Collection Set: 84.9ms
[2024-12-15T23:11:15.278+0700][gc,phases   ] GC(351)   Post Evacuate Collection Set: 5.1ms
[2024-12-15T23:11:15.278+0700][gc,phases   ] GC(351)   Other: 1.4ms
[2024-12-15T23:11:15.278+0700][gc,heap     ] GC(351) Eden regions: 45->0(46)
[2024-12-15T23:11:15.278+0700][gc,heap     ] GC(351) Survivor regions: 6->5(7)
[2024-12-15T23:11:15.278+0700][gc,heap     ] GC(351) Old regions: 411->415
[2024-12-15T23:11:15.278+0700][gc,heap     ] GC(351) Archive regions: 2->2
[2024-12-15T23:11:15.278+0700][gc,heap     ] GC(351) Humongous regions: 129->129
[2024-12-15T23:11:15.278+0700][gc,metaspace] GC(351) Metaspace: 45305K(45888K)->45305K(45888K) NonClass: 40137K(40448K)->40137K(40448K) Class: 5167K(5440K)->5167K(5440K)
[2024-12-15T23:11:15.278+0700][gc          ] GC(351) Pause Young (Normal) (G1 Evacuation Pause) 591M->549M(1024M) 99.949ms
[2024-12-15T23:11:15.278+0700][gc,cpu      ] GC(351) User=0.15s Sys=0.03s Real=0.10s
[2024-12-15T23:13:04.468+0700][gc,start    ] GC(352) Pause Young (Normal) (G1 Evacuation Pause)
[2024-12-15T23:13:04.468+0700][gc,task     ] GC(352) Using 2 workers of 2 for evacuation
[2024-12-15T23:13:04.522+0700][gc,mmu      ] GC(352) MMU target violated: 21.0ms (20.0ms/21.0ms)
[2024-12-15T23:13:04.522+0700][gc,phases   ] GC(352)   Pre Evacuate Collection Set: 5.8ms
[2024-12-15T23:13:04.522+0700][gc,phases   ] GC(352)   Merge Heap Roots: 2.1ms
[2024-12-15T23:13:04.522+0700][gc,phases   ] GC(352)   Evacuate Collection Set: 40.5ms
[2024-12-15T23:13:04.522+0700][gc,phases   ] GC(352)   Post Evacuate Collection Set: 4.7ms
[2024-12-15T23:13:04.522+0700][gc,phases   ] GC(352)   Other: 1.5ms
[2024-12-15T23:13:04.522+0700][gc,heap     ] GC(352) Eden regions: 46->0(48)
[2024-12-15T23:13:04.522+0700][gc,heap     ] GC(352) Survivor regions: 5->3(7)
[2024-12-15T23:13:04.522+0700][gc,heap     ] GC(352) Old regions: 415->417
[2024-12-15T23:13:04.523+0700][gc,heap     ] GC(352) Archive regions: 2->2
[2024-12-15T23:13:04.523+0700][gc,heap     ] GC(352) Humongous regions: 129->129
[2024-12-15T23:13:04.523+0700][gc,metaspace] GC(352) Metaspace: 45305K(45888K)->45305K(45888K) NonClass: 40137K(40448K)->40137K(40448K) Class: 5167K(5440K)->5167K(5440K)
[2024-12-15T23:13:04.523+0700][gc          ] GC(352) Pause Young (Normal) (G1 Evacuation Pause) 595M->549M(1024M) 54.830ms
[2024-12-15T23:13:04.523+0700][gc,cpu      ] GC(352) User=0.10s Sys=0.00s Real=0.05s
[2024-12-15T23:14:58.442+0700][gc,start    ] GC(353) Pause Young (Normal) (G1 Evacuation Pause)
[2024-12-15T23:14:58.442+0700][gc,task     ] GC(353) Using 2 workers of 2 for evacuation
[2024-12-15T23:14:58.500+0700][gc,mmu      ] GC(353) MMU target violated: 21.0ms (20.0ms/21.0ms)
[2024-12-15T23:14:58.501+0700][gc,phases   ] GC(353)   Pre Evacuate Collection Set: 3.4ms
[2024-12-15T23:14:58.501+0700][gc,phases   ] GC(353)   Merge Heap Roots: 1.1ms
[2024-12-15T23:14:58.501+0700][gc,phases   ] GC(353)   Evacuate Collection Set: 48.7ms
[2024-12-15T23:14:58.501+0700][gc,phases   ] GC(353)   Post Evacuate Collection Set: 4.0ms
[2024-12-15T23:14:58.501+0700][gc,phases   ] GC(353)   Other: 1.9ms
[2024-12-15T23:14:58.501+0700][gc,heap     ] GC(353) Eden regions: 48->0(45)
[2024-12-15T23:14:58.501+0700][gc,heap     ] GC(353) Survivor regions: 3->6(7)
[2024-12-15T23:14:58.501+0700][gc,heap     ] GC(353) Old regions: 417->417
[2024-12-15T23:14:58.501+0700][gc,heap     ] GC(353) Archive regions: 2->2
[2024-12-15T23:14:58.501+0700][gc,heap     ] GC(353) Humongous regions: 129->129
[2024-12-15T23:14:58.501+0700][gc,metaspace] GC(353) Metaspace: 45305K(45888K)->45305K(45888K) NonClass: 40137K(40448K)->40137K(40448K) Class: 5167K(5440K)->5167K(5440K)
[2024-12-15T23:14:58.501+0700][gc          ] GC(353) Pause Young (Normal) (G1 Evacuation Pause) 597M->552M(1024M) 58.990ms
[2024-12-15T23:14:58.501+0700][gc,cpu      ] GC(353) User=0.11s Sys=0.00s Real=0.06s
[2024-12-15T23:16:45.683+0700][gc,start    ] GC(354) Pause Young (Normal) (G1 Evacuation Pause)
[2024-12-15T23:16:45.683+0700][gc,task     ] GC(354) Using 2 workers of 2 for evacuation
[2024-12-15T23:16:45.758+0700][gc,mmu      ] GC(354) MMU target violated: 21.0ms (20.0ms/21.0ms)
[2024-12-15T23:16:45.758+0700][gc,phases   ] GC(354)   Pre Evacuate Collection Set: 5.1ms
[2024-12-15T23:16:45.758+0700][gc,phases   ] GC(354)   Merge Heap Roots: 1.0ms
[2024-12-15T23:16:45.758+0700][gc,phases   ] GC(354)   Evacuate Collection Set: 63.8ms
[2024-12-15T23:16:45.758+0700][gc,phases   ] GC(354)   Post Evacuate Collection Set: 4.2ms
[2024-12-15T23:16:45.758+0700][gc,phases   ] GC(354)   Other: 1.3ms
[2024-12-15T23:16:45.758+0700][gc,heap     ] GC(354) Eden regions: 45->0(44)
[2024-12-15T23:16:45.758+0700][gc,heap     ] GC(354) Survivor regions: 6->7(7)
[2024-12-15T23:16:45.758+0700][gc,heap     ] GC(354) Old regions: 417->419
[2024-12-15T23:16:45.758+0700][gc,heap     ] GC(354) Archive regions: 2->2
[2024-12-15T23:16:45.758+0700][gc,heap     ] GC(354) Humongous regions: 129->129
[2024-12-15T23:16:45.758+0700][gc,metaspace] GC(354) Metaspace: 45305K(45888K)->45305K(45888K) NonClass: 40137K(40448K)->40137K(40448K) Class: 5167K(5440K)->5167K(5440K)
[2024-12-15T23:16:45.758+0700][gc          ] GC(354) Pause Young (Normal) (G1 Evacuation Pause) 597M->555M(1024M) 75.391ms
[2024-12-15T23:16:45.758+0700][gc,cpu      ] GC(354) User=0.14s Sys=0.00s Real=0.08s
[2024-12-15T23:18:30.482+0700][gc,start    ] GC(355) Pause Young (Normal) (G1 Evacuation Pause)
[2024-12-15T23:18:30.482+0700][gc,task     ] GC(355) Using 2 workers of 2 for evacuation
[2024-12-15T23:18:30.587+0700][gc,mmu      ] GC(355) MMU target violated: 21.0ms (20.0ms/21.0ms)
[2024-12-15T23:18:30.587+0700][gc,phases   ] GC(355)   Pre Evacuate Collection Set: 7.5ms
[2024-12-15T23:18:30.587+0700][gc,phases   ] GC(355)   Merge Heap Roots: 1.1ms
[2024-12-15T23:18:30.587+0700][gc,phases   ] GC(355)   Evacuate Collection Set: 90.0ms
[2024-12-15T23:18:30.587+0700][gc,phases   ] GC(355)   Post Evacuate Collection Set: 5.5ms
[2024-12-15T23:18:30.588+0700][gc,phases   ] GC(355)   Other: 2.0ms
[2024-12-15T23:18:30.588+0700][gc,heap     ] GC(355) Eden regions: 44->0(46)
[2024-12-15T23:18:30.588+0700][gc,heap     ] GC(355) Survivor regions: 7->5(7)
[2024-12-15T23:18:30.588+0700][gc,heap     ] GC(355) Old regions: 419->423
[2024-12-15T23:18:30.588+0700][gc,heap     ] GC(355) Archive regions: 2->2
[2024-12-15T23:18:30.588+0700][gc,heap     ] GC(355) Humongous regions: 129->129
[2024-12-15T23:18:30.588+0700][gc,metaspace] GC(355) Metaspace: 45305K(45888K)->45305K(45888K) NonClass: 40137K(40448K)->40137K(40448K) Class: 5167K(5440K)->5167K(5440K)
[2024-12-15T23:18:30.588+0700][gc          ] GC(355) Pause Young (Normal) (G1 Evacuation Pause) 599M->557M(1024M) 105.992ms
[2024-12-15T23:18:30.588+0700][gc,cpu      ] GC(355) User=0.18s Sys=0.02s Real=0.11s
[2024-12-15T23:20:20.136+0700][gc,start    ] GC(356) Pause Young (Normal) (G1 Evacuation Pause)
[2024-12-15T23:20:20.136+0700][gc,task     ] GC(356) Using 2 workers of 2 for evacuation
[2024-12-15T23:20:20.194+0700][gc,mmu      ] GC(356) MMU target violated: 21.0ms (20.0ms/21.0ms)
[2024-12-15T23:20:20.194+0700][gc,phases   ] GC(356)   Pre Evacuate Collection Set: 4.2ms
[2024-12-15T23:20:20.194+0700][gc,phases   ] GC(356)   Merge Heap Roots: 1.0ms
[2024-12-15T23:20:20.194+0700][gc,phases   ] GC(356)   Evacuate Collection Set: 47.5ms
[2024-12-15T23:20:20.194+0700][gc,phases   ] GC(356)   Post Evacuate Collection Set: 4.7ms
[2024-12-15T23:20:20.194+0700][gc,phases   ] GC(356)   Other: 1.3ms
[2024-12-15T23:20:20.194+0700][gc,heap     ] GC(356) Eden regions: 46->0(48)
[2024-12-15T23:20:20.194+0700][gc,heap     ] GC(356) Survivor regions: 5->3(7)
[2024-12-15T23:20:20.194+0700][gc,heap     ] GC(356) Old regions: 423->426
[2024-12-15T23:20:20.194+0700][gc,heap     ] GC(356) Archive regions: 2->2
[2024-12-15T23:20:20.194+0700][gc,heap     ] GC(356) Humongous regions: 129->129
[2024-12-15T23:20:20.194+0700][gc,metaspace] GC(356) Metaspace: 45305K(45888K)->45305K(45888K) NonClass: 40137K(40448K)->40137K(40448K) Class: 5167K(5440K)->5167K(5440K)
[2024-12-15T23:20:20.195+0700][gc          ] GC(356) Pause Young (Normal) (G1 Evacuation Pause) 603M->558M(1024M) 58.831ms
[2024-12-15T23:20:20.195+0700][gc,cpu      ] GC(356) User=0.09s Sys=0.01s Real=0.06s
[2024-12-15T23:22:13.670+0700][gc,start    ] GC(357) Pause Young (Normal) (G1 Evacuation Pause)
[2024-12-15T23:22:13.671+0700][gc,task     ] GC(357) Using 2 workers of 2 for evacuation
[2024-12-15T23:22:13.727+0700][gc,mmu      ] GC(357) MMU target violated: 21.0ms (20.0ms/21.0ms)
[2024-12-15T23:22:13.727+0700][gc,phases   ] GC(357)   Pre Evacuate Collection Set: 5.2ms
[2024-12-15T23:22:13.727+0700][gc,phases   ] GC(357)   Merge Heap Roots: 0.8ms
[2024-12-15T23:22:13.727+0700][gc,phases   ] GC(357)   Evacuate Collection Set: 45.9ms
[2024-12-15T23:22:13.727+0700][gc,phases   ] GC(357)   Post Evacuate Collection Set: 3.8ms
[2024-12-15T23:22:13.727+0700][gc,phases   ] GC(357)   Other: 1.2ms
[2024-12-15T23:22:13.727+0700][gc,heap     ] GC(357) Eden regions: 48->0(44)
[2024-12-15T23:22:13.727+0700][gc,heap     ] GC(357) Survivor regions: 3->7(7)
[2024-12-15T23:22:13.727+0700][gc,heap     ] GC(357) Old regions: 426->426
[2024-12-15T23:22:13.728+0700][gc,heap     ] GC(357) Archive regions: 2->2
[2024-12-15T23:22:13.728+0700][gc,heap     ] GC(357) Humongous regions: 129->129
[2024-12-15T23:22:13.728+0700][gc,metaspace] GC(357) Metaspace: 45306K(45888K)->45306K(45888K) NonClass: 40138K(40448K)->40138K(40448K) Class: 5167K(5440K)->5167K(5440K)
[2024-12-15T23:22:13.728+0700][gc          ] GC(357) Pause Young (Normal) (G1 Evacuation Pause) 606M->561M(1024M) 57.193ms
[2024-12-15T23:22:13.728+0700][gc,cpu      ] GC(357) User=0.11s Sys=0.00s Real=0.06s
[2024-12-15T23:23:58.769+0700][gc,start    ] GC(358) Pause Young (Normal) (G1 Evacuation Pause)
[2024-12-15T23:23:58.769+0700][gc,task     ] GC(358) Using 2 workers of 2 for evacuation
[2024-12-15T23:23:58.849+0700][gc,mmu      ] GC(358) MMU target violated: 21.0ms (20.0ms/21.0ms)
[2024-12-15T23:23:58.849+0700][gc,phases   ] GC(358)   Pre Evacuate Collection Set: 5.9ms
[2024-12-15T23:23:58.849+0700][gc,phases   ] GC(358)   Merge Heap Roots: 1.1ms
[2024-12-15T23:23:58.849+0700][gc,phases   ] GC(358)   Evacuate Collection Set: 68.3ms
[2024-12-15T23:23:58.849+0700][gc,phases   ] GC(358)   Post Evacuate Collection Set: 4.1ms
[2024-12-15T23:23:58.849+0700][gc,phases   ] GC(358)   Other: 1.9ms
[2024-12-15T23:23:58.849+0700][gc,heap     ] GC(358) Eden regions: 44->0(46)
[2024-12-15T23:23:58.849+0700][gc,heap     ] GC(358) Survivor regions: 7->5(7)
[2024-12-15T23:23:58.849+0700][gc,heap     ] GC(358) Old regions: 426->430
[2024-12-15T23:23:58.849+0700][gc,heap     ] GC(358) Archive regions: 2->2
[2024-12-15T23:23:58.849+0700][gc,heap     ] GC(358) Humongous regions: 129->129
[2024-12-15T23:23:58.850+0700][gc,metaspace] GC(358) Metaspace: 45306K(45888K)->45306K(45888K) NonClass: 40138K(40448K)->40138K(40448K) Class: 5167K(5440K)->5167K(5440K)
[2024-12-15T23:23:58.850+0700][gc          ] GC(358) Pause Young (Normal) (G1 Evacuation Pause) 605M->564M(1024M) 80.955ms
[2024-12-15T23:23:58.850+0700][gc,cpu      ] GC(358) User=0.15s Sys=0.00s Real=0.08s
[2024-12-15T23:25:48.333+0700][gc,start    ] GC(359) Pause Young (Normal) (G1 Evacuation Pause)
[2024-12-15T23:25:48.333+0700][gc,task     ] GC(359) Using 2 workers of 2 for evacuation
[2024-12-15T23:25:48.378+0700][gc,mmu      ] GC(359) MMU target violated: 21.0ms (20.0ms/21.0ms)
[2024-12-15T23:25:48.378+0700][gc,phases   ] GC(359)   Pre Evacuate Collection Set: 5.2ms
[2024-12-15T23:25:48.378+0700][gc,phases   ] GC(359)   Merge Heap Roots: 0.7ms
[2024-12-15T23:25:48.378+0700][gc,phases   ] GC(359)   Evacuate Collection Set: 36.2ms
[2024-12-15T23:25:48.378+0700][gc,phases   ] GC(359)   Post Evacuate Collection Set: 2.7ms
[2024-12-15T23:25:48.378+0700][gc,phases   ] GC(359)   Other: 1.3ms
[2024-12-15T23:25:48.379+0700][gc,heap     ] GC(359) Eden regions: 46->0(48)
[2024-12-15T23:25:48.379+0700][gc,heap     ] GC(359) Survivor regions: 5->3(7)
[2024-12-15T23:25:48.379+0700][gc,heap     ] GC(359) Old regions: 430->432
[2024-12-15T23:25:48.379+0700][gc,heap     ] GC(359) Archive regions: 2->2
[2024-12-15T23:25:48.379+0700][gc,heap     ] GC(359) Humongous regions: 129->129
[2024-12-15T23:25:48.379+0700][gc,metaspace] GC(359) Metaspace: 45306K(45888K)->45306K(45888K) NonClass: 40138K(40448K)->40138K(40448K) Class: 5167K(5440K)->5167K(5440K)
[2024-12-15T23:25:48.379+0700][gc          ] GC(359) Pause Young (Normal) (G1 Evacuation Pause) 610M->564M(1024M) 46.021ms
[2024-12-15T23:25:48.379+0700][gc,cpu      ] GC(359) User=0.08s Sys=0.01s Real=0.04s
[2024-12-15T23:27:42.403+0700][gc,start    ] GC(360) Pause Young (Normal) (G1 Evacuation Pause)
[2024-12-15T23:27:42.404+0700][gc,task     ] GC(360) Using 2 workers of 2 for evacuation
[2024-12-15T23:27:42.454+0700][gc,mmu      ] GC(360) MMU target violated: 21.0ms (20.0ms/21.0ms)
[2024-12-15T23:27:42.454+0700][gc,phases   ] GC(360)   Pre Evacuate Collection Set: 2.8ms
[2024-12-15T23:27:42.454+0700][gc,phases   ] GC(360)   Merge Heap Roots: 0.9ms
[2024-12-15T23:27:42.454+0700][gc,phases   ] GC(360)   Evacuate Collection Set: 41.7ms
[2024-12-15T23:27:42.454+0700][gc,phases   ] GC(360)   Post Evacuate Collection Set: 3.9ms
[2024-12-15T23:27:42.454+0700][gc,phases   ] GC(360)   Other: 1.8ms
[2024-12-15T23:27:42.454+0700][gc,heap     ] GC(360) Eden regions: 48->0(45)
[2024-12-15T23:27:42.454+0700][gc,heap     ] GC(360) Survivor regions: 3->6(7)
[2024-12-15T23:27:42.454+0700][gc,heap     ] GC(360) Old regions: 432->432
[2024-12-15T23:27:42.454+0700][gc,heap     ] GC(360) Archive regions: 2->2
[2024-12-15T23:27:42.454+0700][gc,heap     ] GC(360) Humongous regions: 129->129
[2024-12-15T23:27:42.454+0700][gc,metaspace] GC(360) Metaspace: 45306K(45888K)->45306K(45888K) NonClass: 40138K(40448K)->40138K(40448K) Class: 5167K(5440K)->5167K(5440K)
[2024-12-15T23:27:42.454+0700][gc          ] GC(360) Pause Young (Normal) (G1 Evacuation Pause) 612M->567M(1024M) 51.077ms
[2024-12-15T23:27:42.454+0700][gc,cpu      ] GC(360) User=0.10s Sys=0.00s Real=0.06s
[2024-12-15T23:29:30.306+0700][gc,start    ] GC(361) Pause Young (Normal) (G1 Evacuation Pause)
[2024-12-15T23:29:30.306+0700][gc,task     ] GC(361) Using 2 workers of 2 for evacuation
[2024-12-15T23:29:30.377+0700][gc,mmu      ] GC(361) MMU target violated: 21.0ms (20.0ms/21.0ms)
[2024-12-15T23:29:30.377+0700][gc,phases   ] GC(361)   Pre Evacuate Collection Set: 2.9ms
[2024-12-15T23:29:30.377+0700][gc,phases   ] GC(361)   Merge Heap Roots: 0.9ms
[2024-12-15T23:29:30.377+0700][gc,phases   ] GC(361)   Evacuate Collection Set: 63.4ms
[2024-12-15T23:29:30.377+0700][gc,phases   ] GC(361)   Post Evacuate Collection Set: 3.7ms
[2024-12-15T23:29:30.377+0700][gc,phases   ] GC(361)   Other: 1.2ms
[2024-12-15T23:29:30.377+0700][gc,heap     ] GC(361) Eden regions: 45->0(46)
[2024-12-15T23:29:30.378+0700][gc,heap     ] GC(361) Survivor regions: 6->5(7)
[2024-12-15T23:29:30.378+0700][gc,heap     ] GC(361) Old regions: 432->436
[2024-12-15T23:29:30.378+0700][gc,heap     ] GC(361) Archive regions: 2->2
[2024-12-15T23:29:30.378+0700][gc,heap     ] GC(361) Humongous regions: 129->129
[2024-12-15T23:29:30.378+0700][gc,metaspace] GC(361) Metaspace: 45306K(45888K)->45306K(45888K) NonClass: 40138K(40448K)->40138K(40448K) Class: 5167K(5440K)->5167K(5440K)
[2024-12-15T23:29:30.378+0700][gc          ] GC(361) Pause Young (Normal) (G1 Evacuation Pause) 612M->570M(1024M) 71.935ms
[2024-12-15T23:29:30.378+0700][gc,cpu      ] GC(361) User=0.12s Sys=0.01s Real=0.07s
[2024-12-15T23:31:19.828+0700][gc,start    ] GC(362) Pause Young (Normal) (G1 Evacuation Pause)
[2024-12-15T23:31:19.828+0700][gc,task     ] GC(362) Using 2 workers of 2 for evacuation
[2024-12-15T23:31:19.876+0700][gc,mmu      ] GC(362) MMU target violated: 21.0ms (20.0ms/21.0ms)
[2024-12-15T23:31:19.876+0700][gc,phases   ] GC(362)   Pre Evacuate Collection Set: 4.0ms
[2024-12-15T23:31:19.876+0700][gc,phases   ] GC(362)   Merge Heap Roots: 1.3ms
[2024-12-15T23:31:19.876+0700][gc,phases   ] GC(362)   Evacuate Collection Set: 37.4ms
[2024-12-15T23:31:19.876+0700][gc,phases   ] GC(362)   Post Evacuate Collection Set: 4.1ms
[2024-12-15T23:31:19.876+0700][gc,phases   ] GC(362)   Other: 1.6ms
[2024-12-15T23:31:19.876+0700][gc,heap     ] GC(362) Eden regions: 46->0(48)
[2024-12-15T23:31:19.876+0700][gc,heap     ] GC(362) Survivor regions: 5->3(7)
[2024-12-15T23:31:19.876+0700][gc,heap     ] GC(362) Old regions: 436->438
[2024-12-15T23:31:19.876+0700][gc,heap     ] GC(362) Archive regions: 2->2
[2024-12-15T23:31:19.876+0700][gc,heap     ] GC(362) Humongous regions: 129->129
[2024-12-15T23:31:19.876+0700][gc,metaspace] GC(362) Metaspace: 45306K(45888K)->45306K(45888K) NonClass: 40138K(40448K)->40138K(40448K) Class: 5167K(5440K)->5167K(5440K)
[2024-12-15T23:31:19.876+0700][gc          ] GC(362) Pause Young (Normal) (G1 Evacuation Pause) 616M->570M(1024M) 48.344ms
[2024-12-15T23:31:19.876+0700][gc,cpu      ] GC(362) User=0.07s Sys=0.01s Real=0.05s
[2024-12-15T23:33:14.311+0700][gc,start    ] GC(363) Pause Young (Normal) (G1 Evacuation Pause)
[2024-12-15T23:33:14.311+0700][gc,task     ] GC(363) Using 2 workers of 2 for evacuation
[2024-12-15T23:33:14.357+0700][gc,mmu      ] GC(363) MMU target violated: 21.0ms (20.0ms/21.0ms)
[2024-12-15T23:33:14.357+0700][gc,phases   ] GC(363)   Pre Evacuate Collection Set: 3.0ms
[2024-12-15T23:33:14.357+0700][gc,phases   ] GC(363)   Merge Heap Roots: 1.2ms
[2024-12-15T23:33:14.357+0700][gc,phases   ] GC(363)   Evacuate Collection Set: 39.3ms
[2024-12-15T23:33:14.357+0700][gc,phases   ] GC(363)   Post Evacuate Collection Set: 2.2ms
[2024-12-15T23:33:14.357+0700][gc,phases   ] GC(363)   Other: 1.2ms
[2024-12-15T23:33:14.357+0700][gc,heap     ] GC(363) Eden regions: 48->0(45)
[2024-12-15T23:33:14.357+0700][gc,heap     ] GC(363) Survivor regions: 3->6(7)
[2024-12-15T23:33:14.357+0700][gc,heap     ] GC(363) Old regions: 438->438
[2024-12-15T23:33:14.357+0700][gc,heap     ] GC(363) Archive regions: 2->2
[2024-12-15T23:33:14.357+0700][gc,heap     ] GC(363) Humongous regions: 129->129
[2024-12-15T23:33:14.357+0700][gc,metaspace] GC(363) Metaspace: 45306K(45888K)->45306K(45888K) NonClass: 40138K(40448K)->40138K(40448K) Class: 5167K(5440K)->5167K(5440K)
[2024-12-15T23:33:14.357+0700][gc          ] GC(363) Pause Young (Normal) (G1 Evacuation Pause) 618M->573M(1024M) 46.808ms
[2024-12-15T23:33:14.358+0700][gc,cpu      ] GC(363) User=0.09s Sys=0.00s Real=0.05s
[2024-12-15T23:34:56.720+0700][gc,start    ] GC(364) Pause Young (Normal) (G1 Evacuation Pause)
[2024-12-15T23:34:56.721+0700][gc,task     ] GC(364) Using 2 workers of 2 for evacuation
[2024-12-15T23:34:56.822+0700][gc,mmu      ] GC(364) MMU target violated: 21.0ms (20.0ms/21.0ms)
[2024-12-15T23:34:56.822+0700][gc,phases   ] GC(364)   Pre Evacuate Collection Set: 4.8ms
[2024-12-15T23:34:56.822+0700][gc,phases   ] GC(364)   Merge Heap Roots: 1.1ms
[2024-12-15T23:34:56.822+0700][gc,phases   ] GC(364)   Evacuate Collection Set: 89.5ms
[2024-12-15T23:34:56.822+0700][gc,phases   ] GC(364)   Post Evacuate Collection Set: 4.9ms
[2024-12-15T23:34:56.822+0700][gc,phases   ] GC(364)   Other: 1.5ms
[2024-12-15T23:34:56.822+0700][gc,heap     ] GC(364) Eden regions: 45->0(45)
[2024-12-15T23:34:56.822+0700][gc,heap     ] GC(364) Survivor regions: 6->6(7)
[2024-12-15T23:34:56.822+0700][gc,heap     ] GC(364) Old regions: 438->442
[2024-12-15T23:34:56.822+0700][gc,heap     ] GC(364) Archive regions: 2->2
[2024-12-15T23:34:56.822+0700][gc,heap     ] GC(364) Humongous regions: 129->129
[2024-12-15T23:34:56.822+0700][gc,metaspace] GC(364) Metaspace: 45306K(45888K)->45306K(45888K) NonClass: 40139K(40448K)->40139K(40448K) Class: 5167K(5440K)->5167K(5440K)
[2024-12-15T23:34:56.822+0700][gc          ] GC(364) Pause Young (Normal) (G1 Evacuation Pause) 618M->577M(1024M) 101.820ms
[2024-12-15T23:34:56.822+0700][gc,cpu      ] GC(364) User=0.18s Sys=0.01s Real=0.10s
[2024-12-15T23:36:51.243+0700][gc,start    ] GC(365) Pause Young (Normal) (G1 Evacuation Pause)
[2024-12-15T23:36:51.243+0700][gc,task     ] GC(365) Using 2 workers of 2 for evacuation
[2024-12-15T23:36:51.318+0700][gc,mmu      ] GC(365) MMU target violated: 21.0ms (20.0ms/21.0ms)
[2024-12-15T23:36:51.318+0700][gc,phases   ] GC(365)   Pre Evacuate Collection Set: 3.8ms
[2024-12-15T23:36:51.318+0700][gc,phases   ] GC(365)   Merge Heap Roots: 0.6ms
[2024-12-15T23:36:51.318+0700][gc,phases   ] GC(365)   Evacuate Collection Set: 67.6ms
[2024-12-15T23:36:51.318+0700][gc,phases   ] GC(365)   Post Evacuate Collection Set: 2.3ms
[2024-12-15T23:36:51.318+0700][gc,phases   ] GC(365)   Other: 0.9ms
[2024-12-15T23:36:51.318+0700][gc,heap     ] GC(365) Eden regions: 45->0(46)
[2024-12-15T23:36:51.318+0700][gc,heap     ] GC(365) Survivor regions: 6->5(7)
[2024-12-15T23:36:51.318+0700][gc,heap     ] GC(365) Old regions: 442->446
[2024-12-15T23:36:51.318+0700][gc,heap     ] GC(365) Archive regions: 2->2
[2024-12-15T23:36:51.318+0700][gc,heap     ] GC(365) Humongous regions: 129->129
[2024-12-15T23:36:51.318+0700][gc,metaspace] GC(365) Metaspace: 45315K(45888K)->45315K(45888K) NonClass: 40148K(40448K)->40148K(40448K) Class: 5167K(5440K)->5167K(5440K)
[2024-12-15T23:36:51.318+0700][gc          ] GC(365) Pause Young (Normal) (G1 Evacuation Pause) 622M->580M(1024M) 75.331ms
[2024-12-15T23:36:51.318+0700][gc,cpu      ] GC(365) User=0.14s Sys=0.00s Real=0.08s
[2024-12-15T23:38:40.955+0700][gc,start    ] GC(366) Pause Young (Normal) (G1 Evacuation Pause)
[2024-12-15T23:38:40.956+0700][gc,task     ] GC(366) Using 2 workers of 2 for evacuation
[2024-12-15T23:38:41.015+0700][gc,mmu      ] GC(366) MMU target violated: 21.0ms (20.0ms/21.0ms)
[2024-12-15T23:38:41.015+0700][gc,phases   ] GC(366)   Pre Evacuate Collection Set: 3.1ms
[2024-12-15T23:38:41.015+0700][gc,phases   ] GC(366)   Merge Heap Roots: 1.3ms
[2024-12-15T23:38:41.015+0700][gc,phases   ] GC(366)   Evacuate Collection Set: 51.5ms
[2024-12-15T23:38:41.015+0700][gc,phases   ] GC(366)   Post Evacuate Collection Set: 2.9ms
[2024-12-15T23:38:41.016+0700][gc,phases   ] GC(366)   Other: 1.5ms
[2024-12-15T23:38:41.016+0700][gc,heap     ] GC(366) Eden regions: 46->0(48)
[2024-12-15T23:38:41.016+0700][gc,heap     ] GC(366) Survivor regions: 5->3(7)
[2024-12-15T23:38:41.016+0700][gc,heap     ] GC(366) Old regions: 446->448
[2024-12-15T23:38:41.016+0700][gc,heap     ] GC(366) Archive regions: 2->2
[2024-12-15T23:38:41.016+0700][gc,heap     ] GC(366) Humongous regions: 129->129
[2024-12-15T23:38:41.016+0700][gc,metaspace] GC(366) Metaspace: 45315K(45888K)->45315K(45888K) NonClass: 40148K(40448K)->40148K(40448K) Class: 5167K(5440K)->5167K(5440K)
[2024-12-15T23:38:41.016+0700][gc          ] GC(366) Pause Young (Normal) (G1 Evacuation Pause) 626M->580M(1024M) 60.354ms
[2024-12-15T23:38:41.016+0700][gc,cpu      ] GC(366) User=0.11s Sys=0.01s Real=0.06s
[2024-12-15T23:40:35.552+0700][gc,start    ] GC(367) Pause Young (Normal) (G1 Evacuation Pause)
[2024-12-15T23:40:35.553+0700][gc,task     ] GC(367) Using 2 workers of 2 for evacuation
[2024-12-15T23:40:35.611+0700][gc,mmu      ] GC(367) MMU target violated: 21.0ms (20.0ms/21.0ms)
[2024-12-15T23:40:35.611+0700][gc,phases   ] GC(367)   Pre Evacuate Collection Set: 2.5ms
[2024-12-15T23:40:35.611+0700][gc,phases   ] GC(367)   Merge Heap Roots: 1.1ms
[2024-12-15T23:40:35.611+0700][gc,phases   ] GC(367)   Evacuate Collection Set: 51.1ms
[2024-12-15T23:40:35.611+0700][gc,phases   ] GC(367)   Post Evacuate Collection Set: 3.3ms
[2024-12-15T23:40:35.611+0700][gc,phases   ] GC(367)   Other: 1.0ms
[2024-12-15T23:40:35.611+0700][gc,heap     ] GC(367) Eden regions: 48->0(45)
[2024-12-15T23:40:35.611+0700][gc,heap     ] GC(367) Survivor regions: 3->6(7)
[2024-12-15T23:40:35.611+0700][gc,heap     ] GC(367) Old regions: 448->448
[2024-12-15T23:40:35.611+0700][gc,heap     ] GC(367) Archive regions: 2->2
[2024-12-15T23:40:35.611+0700][gc,heap     ] GC(367) Humongous regions: 129->129
[2024-12-15T23:40:35.611+0700][gc,metaspace] GC(367) Metaspace: 45315K(45888K)->45315K(45888K) NonClass: 40148K(40448K)->40148K(40448K) Class: 5167K(5440K)->5167K(5440K)
[2024-12-15T23:40:35.611+0700][gc          ] GC(367) Pause Young (Normal) (G1 Evacuation Pause) 628M->583M(1024M) 59.135ms
[2024-12-15T23:40:35.612+0700][gc,cpu      ] GC(367) User=0.11s Sys=0.01s Real=0.06s
[2024-12-15T23:42:22.102+0700][gc,start    ] GC(368) Pause Young (Normal) (G1 Evacuation Pause)
[2024-12-15T23:42:22.102+0700][gc,task     ] GC(368) Using 2 workers of 2 for evacuation
[2024-12-15T23:42:22.172+0700][gc,mmu      ] GC(368) MMU target violated: 21.0ms (20.0ms/21.0ms)
[2024-12-15T23:42:22.172+0700][gc,phases   ] GC(368)   Pre Evacuate Collection Set: 3.2ms
[2024-12-15T23:42:22.172+0700][gc,phases   ] GC(368)   Merge Heap Roots: 0.7ms
[2024-12-15T23:42:22.172+0700][gc,phases   ] GC(368)   Evacuate Collection Set: 62.6ms
[2024-12-15T23:42:22.172+0700][gc,phases   ] GC(368)   Post Evacuate Collection Set: 2.5ms
[2024-12-15T23:42:22.172+0700][gc,phases   ] GC(368)   Other: 1.0ms
[2024-12-15T23:42:22.172+0700][gc,heap     ] GC(368) Eden regions: 45->0(46)
[2024-12-15T23:42:22.172+0700][gc,heap     ] GC(368) Survivor regions: 6->5(7)
[2024-12-15T23:42:22.172+0700][gc,heap     ] GC(368) Old regions: 448->452
[2024-12-15T23:42:22.172+0700][gc,heap     ] GC(368) Archive regions: 2->2
[2024-12-15T23:42:22.172+0700][gc,heap     ] GC(368) Humongous regions: 129->129
[2024-12-15T23:42:22.172+0700][gc,metaspace] GC(368) Metaspace: 45315K(45888K)->45315K(45888K) NonClass: 40148K(40448K)->40148K(40448K) Class: 5167K(5440K)->5167K(5440K)
[2024-12-15T23:42:22.172+0700][gc          ] GC(368) Pause Young (Normal) (G1 Evacuation Pause) 628M->586M(1024M) 70.130ms
[2024-12-15T23:42:22.172+0700][gc,cpu      ] GC(368) User=0.11s Sys=0.02s Real=0.07s
[2024-12-15T23:44:11.919+0700][gc,start    ] GC(369) Pause Young (Normal) (G1 Evacuation Pause)
[2024-12-15T23:44:11.919+0700][gc,task     ] GC(369) Using 2 workers of 2 for evacuation
[2024-12-15T23:44:11.975+0700][gc,mmu      ] GC(369) MMU target violated: 21.0ms (20.0ms/21.0ms)
[2024-12-15T23:44:11.975+0700][gc,phases   ] GC(369)   Pre Evacuate Collection Set: 3.5ms
[2024-12-15T23:44:11.975+0700][gc,phases   ] GC(369)   Merge Heap Roots: 0.8ms
[2024-12-15T23:44:11.975+0700][gc,phases   ] GC(369)   Evacuate Collection Set: 47.2ms
[2024-12-15T23:44:11.975+0700][gc,phases   ] GC(369)   Post Evacuate Collection Set: 3.2ms
[2024-12-15T23:44:11.975+0700][gc,phases   ] GC(369)   Other: 2.3ms
[2024-12-15T23:44:11.975+0700][gc,heap     ] GC(369) Eden regions: 46->0(48)
[2024-12-15T23:44:11.975+0700][gc,heap     ] GC(369) Survivor regions: 5->3(7)
[2024-12-15T23:44:11.975+0700][gc,heap     ] GC(369) Old regions: 452->454
[2024-12-15T23:44:11.975+0700][gc,heap     ] GC(369) Archive regions: 2->2
[2024-12-15T23:44:11.976+0700][gc,heap     ] GC(369) Humongous regions: 129->129
[2024-12-15T23:44:11.976+0700][gc,metaspace] GC(369) Metaspace: 45315K(45888K)->45315K(45888K) NonClass: 40148K(40448K)->40148K(40448K) Class: 5167K(5440K)->5167K(5440K)
[2024-12-15T23:44:11.976+0700][gc          ] GC(369) Pause Young (Normal) (G1 Evacuation Pause) 632M->586M(1024M) 56.791ms
[2024-12-15T23:44:11.976+0700][gc,cpu      ] GC(369) User=0.10s Sys=0.00s Real=0.06s
[2024-12-15T23:46:06.056+0700][gc,start    ] GC(370) Pause Young (Normal) (G1 Evacuation Pause)
[2024-12-15T23:46:06.057+0700][gc,task     ] GC(370) Using 2 workers of 2 for evacuation
[2024-12-15T23:46:06.105+0700][gc,mmu      ] GC(370) MMU target violated: 21.0ms (20.0ms/21.0ms)
[2024-12-15T23:46:06.105+0700][gc,phases   ] GC(370)   Pre Evacuate Collection Set: 2.4ms
[2024-12-15T23:46:06.105+0700][gc,phases   ] GC(370)   Merge Heap Roots: 1.1ms
[2024-12-15T23:46:06.105+0700][gc,phases   ] GC(370)   Evacuate Collection Set: 40.0ms
[2024-12-15T23:46:06.105+0700][gc,phases   ] GC(370)   Post Evacuate Collection Set: 3.8ms
[2024-12-15T23:46:06.105+0700][gc,phases   ] GC(370)   Other: 1.4ms
[2024-12-15T23:46:06.105+0700][gc,heap     ] GC(370) Eden regions: 48->0(45)
[2024-12-15T23:46:06.105+0700][gc,heap     ] GC(370) Survivor regions: 3->6(7)
[2024-12-15T23:46:06.105+0700][gc,heap     ] GC(370) Old regions: 454->454
[2024-12-15T23:46:06.105+0700][gc,heap     ] GC(370) Archive regions: 2->2
[2024-12-15T23:46:06.105+0700][gc,heap     ] GC(370) Humongous regions: 129->129
[2024-12-15T23:46:06.105+0700][gc,metaspace] GC(370) Metaspace: 45315K(45888K)->45315K(45888K) NonClass: 40148K(40448K)->40148K(40448K) Class: 5167K(5440K)->5167K(5440K)
[2024-12-15T23:46:06.105+0700][gc          ] GC(370) Pause Young (Normal) (G1 Evacuation Pause) 634M->589M(1024M) 48.896ms
[2024-12-15T23:46:06.105+0700][gc,cpu      ] GC(370) User=0.09s Sys=0.00s Real=0.05s
[2024-12-15T23:47:45.966+0700][gc,start    ] GC(371) Pause Young (Normal) (G1 Evacuation Pause)
[2024-12-15T23:47:45.966+0700][gc,task     ] GC(371) Using 2 workers of 2 for evacuation
[2024-12-15T23:47:46.040+0700][gc,mmu      ] GC(371) MMU target violated: 21.0ms (20.0ms/21.0ms)
[2024-12-15T23:47:46.040+0700][gc,phases   ] GC(371)   Pre Evacuate Collection Set: 2.4ms
[2024-12-15T23:47:46.040+0700][gc,phases   ] GC(371)   Merge Heap Roots: 0.9ms
[2024-12-15T23:47:46.040+0700][gc,phases   ] GC(371)   Evacuate Collection Set: 67.2ms
[2024-12-15T23:47:46.040+0700][gc,phases   ] GC(371)   Post Evacuate Collection Set: 2.7ms
[2024-12-15T23:47:46.040+0700][gc,phases   ] GC(371)   Other: 1.5ms
[2024-12-15T23:47:46.040+0700][gc,heap     ] GC(371) Eden regions: 45->0(46)
[2024-12-15T23:47:46.040+0700][gc,heap     ] GC(371) Survivor regions: 6->5(7)
[2024-12-15T23:47:46.040+0700][gc,heap     ] GC(371) Old regions: 454->458
[2024-12-15T23:47:46.040+0700][gc,heap     ] GC(371) Archive regions: 2->2
[2024-12-15T23:47:46.040+0700][gc,heap     ] GC(371) Humongous regions: 129->129
[2024-12-15T23:47:46.040+0700][gc,metaspace] GC(371) Metaspace: 45315K(45888K)->45315K(45888K) NonClass: 40148K(40448K)->40148K(40448K) Class: 5167K(5440K)->5167K(5440K)
[2024-12-15T23:47:46.040+0700][gc          ] GC(371) Pause Young (Normal) (G1 Evacuation Pause) 634M->592M(1024M) 74.730ms
[2024-12-15T23:47:46.041+0700][gc,cpu      ] GC(371) User=0.12s Sys=0.02s Real=0.07s
[2024-12-15T23:49:35.473+0700][gc,start    ] GC(372) Pause Young (Normal) (G1 Evacuation Pause)
[2024-12-15T23:49:35.473+0700][gc,task     ] GC(372) Using 2 workers of 2 for evacuation
[2024-12-15T23:49:35.503+0700][gc,mmu      ] GC(372) MMU target violated: 21.0ms (20.0ms/21.0ms)
[2024-12-15T23:49:35.504+0700][gc,phases   ] GC(372)   Pre Evacuate Collection Set: 2.4ms
[2024-12-15T23:49:35.504+0700][gc,phases   ] GC(372)   Merge Heap Roots: 0.9ms
[2024-12-15T23:49:35.504+0700][gc,phases   ] GC(372)   Evacuate Collection Set: 24.4ms
[2024-12-15T23:49:35.504+0700][gc,phases   ] GC(372)   Post Evacuate Collection Set: 2.2ms
[2024-12-15T23:49:35.504+0700][gc,phases   ] GC(372)   Other: 1.1ms
[2024-12-15T23:49:35.504+0700][gc,heap     ] GC(372) Eden regions: 46->0(49)
[2024-12-15T23:49:35.504+0700][gc,heap     ] GC(372) Survivor regions: 5->2(7)
[2024-12-15T23:49:35.504+0700][gc,heap     ] GC(372) Old regions: 458->460
[2024-12-15T23:49:35.504+0700][gc,heap     ] GC(372) Archive regions: 2->2
[2024-12-15T23:49:35.504+0700][gc,heap     ] GC(372) Humongous regions: 129->129
[2024-12-15T23:49:35.504+0700][gc,metaspace] GC(372) Metaspace: 45315K(45888K)->45315K(45888K) NonClass: 40148K(40448K)->40148K(40448K) Class: 5167K(5440K)->5167K(5440K)
[2024-12-15T23:49:35.504+0700][gc          ] GC(372) Pause Young (Normal) (G1 Evacuation Pause) 638M->591M(1024M) 31.073ms
[2024-12-15T23:49:35.504+0700][gc,cpu      ] GC(372) User=0.05s Sys=0.01s Real=0.02s
[2024-12-15T23:51:29.010+0700][gc,start    ] GC(373) Pause Young (Normal) (G1 Evacuation Pause)
[2024-12-15T23:51:29.010+0700][gc,task     ] GC(373) Using 2 workers of 2 for evacuation
[2024-12-15T23:51:29.050+0700][gc,mmu      ] GC(373) MMU target violated: 21.0ms (20.0ms/21.0ms)
[2024-12-15T23:51:29.050+0700][gc,phases   ] GC(373)   Pre Evacuate Collection Set: 3.2ms
[2024-12-15T23:51:29.050+0700][gc,phases   ] GC(373)   Merge Heap Roots: 0.7ms
[2024-12-15T23:51:29.050+0700][gc,phases   ] GC(373)   Evacuate Collection Set: 33.5ms
[2024-12-15T23:51:29.050+0700][gc,phases   ] GC(373)   Post Evacuate Collection Set: 2.1ms
[2024-12-15T23:51:29.050+0700][gc,phases   ] GC(373)   Other: 0.9ms
[2024-12-15T23:51:29.050+0700][gc,heap     ] GC(373) Eden regions: 49->0(46)
[2024-12-15T23:51:29.050+0700][gc,heap     ] GC(373) Survivor regions: 2->5(7)
[2024-12-15T23:51:29.050+0700][gc,heap     ] GC(373) Old regions: 460->460
[2024-12-15T23:51:29.050+0700][gc,heap     ] GC(373) Archive regions: 2->2
[2024-12-15T23:51:29.050+0700][gc,heap     ] GC(373) Humongous regions: 129->129
[2024-12-15T23:51:29.051+0700][gc,metaspace] GC(373) Metaspace: 45315K(45888K)->45315K(45888K) NonClass: 40148K(40448K)->40148K(40448K) Class: 5167K(5440K)->5167K(5440K)
[2024-12-15T23:51:29.051+0700][gc          ] GC(373) Pause Young (Normal) (G1 Evacuation Pause) 640M->594M(1024M) 40.363ms
[2024-12-15T23:51:29.051+0700][gc,cpu      ] GC(373) User=0.08s Sys=0.00s Real=0.04s
[2024-12-15T23:53:18.856+0700][gc,start    ] GC(374) Pause Young (Normal) (G1 Evacuation Pause)
[2024-12-15T23:53:18.856+0700][gc,task     ] GC(374) Using 2 workers of 2 for evacuation
[2024-12-15T23:53:18.914+0700][gc,mmu      ] GC(374) MMU target violated: 21.0ms (20.0ms/21.0ms)
[2024-12-15T23:53:18.914+0700][gc,phases   ] GC(374)   Pre Evacuate Collection Set: 4.1ms
[2024-12-15T23:53:18.914+0700][gc,phases   ] GC(374)   Merge Heap Roots: 1.0ms
[2024-12-15T23:53:18.914+0700][gc,phases   ] GC(374)   Evacuate Collection Set: 48.8ms
[2024-12-15T23:53:18.914+0700][gc,phases   ] GC(374)   Post Evacuate Collection Set: 3.1ms
[2024-12-15T23:53:18.914+0700][gc,phases   ] GC(374)   Other: 1.6ms
[2024-12-15T23:53:18.914+0700][gc,heap     ] GC(374) Eden regions: 46->0(46)
[2024-12-15T23:53:18.914+0700][gc,heap     ] GC(374) Survivor regions: 5->5(7)
[2024-12-15T23:53:18.914+0700][gc,heap     ] GC(374) Old regions: 460->464
[2024-12-15T23:53:18.914+0700][gc,heap     ] GC(374) Archive regions: 2->2
[2024-12-15T23:53:18.914+0700][gc,heap     ] GC(374) Humongous regions: 129->129
[2024-12-15T23:53:18.914+0700][gc,metaspace] GC(374) Metaspace: 45315K(45888K)->45315K(45888K) NonClass: 40148K(40448K)->40148K(40448K) Class: 5167K(5440K)->5167K(5440K)
[2024-12-15T23:53:18.915+0700][gc          ] GC(374) Pause Young (Normal) (G1 Evacuation Pause) 640M->597M(1024M) 58.497ms
[2024-12-15T23:53:18.915+0700][gc,cpu      ] GC(374) User=0.10s Sys=0.00s Real=0.06s
[2024-12-15T23:55:04.026+0700][gc,start    ] GC(375) Pause Young (Normal) (G1 Evacuation Pause)
[2024-12-15T23:55:04.026+0700][gc,task     ] GC(375) Using 2 workers of 2 for evacuation
[2024-12-15T23:55:04.090+0700][gc,mmu      ] GC(375) MMU target violated: 21.0ms (20.0ms/21.0ms)
[2024-12-15T23:55:04.090+0700][gc,phases   ] GC(375)   Pre Evacuate Collection Set: 2.8ms
[2024-12-15T23:55:04.090+0700][gc,phases   ] GC(375)   Merge Heap Roots: 0.6ms
[2024-12-15T23:55:04.090+0700][gc,phases   ] GC(375)   Evacuate Collection Set: 55.7ms
[2024-12-15T23:55:04.090+0700][gc,phases   ] GC(375)   Post Evacuate Collection Set: 3.9ms
[2024-12-15T23:55:04.090+0700][gc,phases   ] GC(375)   Other: 1.3ms
[2024-12-15T23:55:04.090+0700][gc,heap     ] GC(375) Eden regions: 46->0(46)
[2024-12-15T23:55:04.090+0700][gc,heap     ] GC(375) Survivor regions: 5->5(7)
[2024-12-15T23:55:04.090+0700][gc,heap     ] GC(375) Old regions: 464->466
[2024-12-15T23:55:04.090+0700][gc,heap     ] GC(375) Archive regions: 2->2
[2024-12-15T23:55:04.090+0700][gc,heap     ] GC(375) Humongous regions: 129->129
[2024-12-15T23:55:04.090+0700][gc,metaspace] GC(375) Metaspace: 45318K(45888K)->45318K(45888K) NonClass: 40149K(40448K)->40149K(40448K) Class: 5168K(5440K)->5168K(5440K)
[2024-12-15T23:55:04.090+0700][gc          ] GC(375) Pause Young (Normal) (G1 Evacuation Pause) 643M->600M(1024M) 64.325ms
[2024-12-15T23:55:04.090+0700][gc,cpu      ] GC(375) User=0.12s Sys=0.00s Real=0.06s
[2024-12-15T23:56:52.643+0700][gc,start    ] GC(376) Pause Young (Normal) (G1 Evacuation Pause)
[2024-12-15T23:56:52.643+0700][gc,task     ] GC(376) Using 2 workers of 2 for evacuation
[2024-12-15T23:56:52.704+0700][gc,mmu      ] GC(376) MMU target violated: 21.0ms (20.0ms/21.0ms)
[2024-12-15T23:56:52.705+0700][gc,phases   ] GC(376)   Pre Evacuate Collection Set: 5.6ms
[2024-12-15T23:56:52.705+0700][gc,phases   ] GC(376)   Merge Heap Roots: 2.4ms
[2024-12-15T23:56:52.705+0700][gc,phases   ] GC(376)   Evacuate Collection Set: 49.5ms
[2024-12-15T23:56:52.705+0700][gc,phases   ] GC(376)   Post Evacuate Collection Set: 3.5ms
[2024-12-15T23:56:52.705+0700][gc,phases   ] GC(376)   Other: 1.4ms
[2024-12-15T23:56:52.705+0700][gc,heap     ] GC(376) Eden regions: 46->0(48)
[2024-12-15T23:56:52.705+0700][gc,heap     ] GC(376) Survivor regions: 5->3(7)
[2024-12-15T23:56:52.705+0700][gc,heap     ] GC(376) Old regions: 466->468
[2024-12-15T23:56:52.705+0700][gc,heap     ] GC(376) Archive regions: 2->2
[2024-12-15T23:56:52.705+0700][gc,heap     ] GC(376) Humongous regions: 129->129
[2024-12-15T23:56:52.705+0700][gc,metaspace] GC(376) Metaspace: 45318K(45888K)->45318K(45888K) NonClass: 40149K(40448K)->40149K(40448K) Class: 5168K(5440K)->5168K(5440K)
[2024-12-15T23:56:52.705+0700][gc          ] GC(376) Pause Young (Normal) (G1 Evacuation Pause) 646M->600M(1024M) 62.338ms
[2024-12-15T23:56:52.705+0700][gc,cpu      ] GC(376) User=0.11s Sys=0.01s Real=0.07s
[2024-12-15T23:58:47.092+0700][gc,start    ] GC(377) Pause Young (Normal) (G1 Evacuation Pause)
[2024-12-15T23:58:47.092+0700][gc,task     ] GC(377) Using 2 workers of 2 for evacuation
[2024-12-15T23:58:47.167+0700][gc,mmu      ] GC(377) MMU target violated: 21.0ms (20.0ms/21.0ms)
[2024-12-15T23:58:47.168+0700][gc,phases   ] GC(377)   Pre Evacuate Collection Set: 4.0ms
[2024-12-15T23:58:47.168+0700][gc,phases   ] GC(377)   Merge Heap Roots: 1.0ms
[2024-12-15T23:58:47.168+0700][gc,phases   ] GC(377)   Evacuate Collection Set: 63.4ms
[2024-12-15T23:58:47.168+0700][gc,phases   ] GC(377)   Post Evacuate Collection Set: 6.0ms
[2024-12-15T23:58:47.168+0700][gc,phases   ] GC(377)   Other: 1.8ms
[2024-12-15T23:58:47.168+0700][gc,heap     ] GC(377) Eden regions: 48->0(44)
[2024-12-15T23:58:47.168+0700][gc,heap     ] GC(377) Survivor regions: 3->7(7)
[2024-12-15T23:58:47.168+0700][gc,heap     ] GC(377) Old regions: 468->468
[2024-12-15T23:58:47.168+0700][gc,heap     ] GC(377) Archive regions: 2->2
[2024-12-15T23:58:47.168+0700][gc,heap     ] GC(377) Humongous regions: 129->129
[2024-12-15T23:58:47.168+0700][gc,metaspace] GC(377) Metaspace: 45318K(45888K)->45318K(45888K) NonClass: 40149K(40448K)->40149K(40448K) Class: 5168K(5440K)->5168K(5440K)
[2024-12-15T23:58:47.168+0700][gc          ] GC(377) Pause Young (Normal) (G1 Evacuation Pause) 648M->603M(1024M) 76.165ms
[2024-12-15T23:58:47.169+0700][gc,cpu      ] GC(377) User=0.14s Sys=0.00s Real=0.08s
[2024-12-16T00:00:20.092+0700][gc,start    ] GC(378) Pause Young (Normal) (G1 Evacuation Pause)
[2024-12-16T00:00:20.093+0700][gc,task     ] GC(378) Using 2 workers of 2 for evacuation
[2024-12-16T00:00:20.220+0700][gc,mmu      ] GC(378) MMU target violated: 21.0ms (20.0ms/21.0ms)
[2024-12-16T00:00:20.220+0700][gc,phases   ] GC(378)   Pre Evacuate Collection Set: 6.0ms
[2024-12-16T00:00:20.220+0700][gc,phases   ] GC(378)   Merge Heap Roots: 1.1ms
[2024-12-16T00:00:20.220+0700][gc,phases   ] GC(378)   Evacuate Collection Set: 114.7ms
[2024-12-16T00:00:20.220+0700][gc,phases   ] GC(378)   Post Evacuate Collection Set: 4.7ms
[2024-12-16T00:00:20.220+0700][gc,phases   ] GC(378)   Other: 2.2ms
[2024-12-16T00:00:20.221+0700][gc,heap     ] GC(378) Eden regions: 44->0(46)
[2024-12-16T00:00:20.221+0700][gc,heap     ] GC(378) Survivor regions: 7->5(7)
[2024-12-16T00:00:20.221+0700][gc,heap     ] GC(378) Old regions: 468->472
[2024-12-16T00:00:20.221+0700][gc,heap     ] GC(378) Archive regions: 2->2
[2024-12-16T00:00:20.221+0700][gc,heap     ] GC(378) Humongous regions: 129->129
[2024-12-16T00:00:20.221+0700][gc,metaspace] GC(378) Metaspace: 45524K(46080K)->45524K(46080K) NonClass: 40315K(40640K)->40315K(40640K) Class: 5209K(5440K)->5209K(5440K)
[2024-12-16T00:00:20.221+0700][gc          ] GC(378) Pause Young (Normal) (G1 Evacuation Pause) 647M->606M(1024M) 128.593ms
[2024-12-16T00:00:20.221+0700][gc,cpu      ] GC(378) User=0.21s Sys=0.04s Real=0.13s
[2024-12-16T00:02:04.719+0700][gc,start    ] GC(379) Pause Young (Normal) (G1 Evacuation Pause)
[2024-12-16T00:02:04.719+0700][gc,task     ] GC(379) Using 2 workers of 2 for evacuation
[2024-12-16T00:02:04.762+0700][gc,mmu      ] GC(379) MMU target violated: 21.0ms (20.0ms/21.0ms)
[2024-12-16T00:02:04.762+0700][gc,phases   ] GC(379)   Pre Evacuate Collection Set: 2.6ms
[2024-12-16T00:02:04.762+0700][gc,phases   ] GC(379)   Merge Heap Roots: 1.2ms
[2024-12-16T00:02:04.762+0700][gc,phases   ] GC(379)   Evacuate Collection Set: 36.4ms
[2024-12-16T00:02:04.762+0700][gc,phases   ] GC(379)   Post Evacuate Collection Set: 2.5ms
[2024-12-16T00:02:04.762+0700][gc,phases   ] GC(379)   Other: 0.9ms
[2024-12-16T00:02:04.762+0700][gc,heap     ] GC(379) Eden regions: 46->0(48)
[2024-12-16T00:02:04.762+0700][gc,heap     ] GC(379) Survivor regions: 5->3(7)
[2024-12-16T00:02:04.762+0700][gc,heap     ] GC(379) Old regions: 472->474
[2024-12-16T00:02:04.762+0700][gc,heap     ] GC(379) Archive regions: 2->2
[2024-12-16T00:02:04.762+0700][gc,heap     ] GC(379) Humongous regions: 129->129
[2024-12-16T00:02:04.762+0700][gc,metaspace] GC(379) Metaspace: 45542K(46080K)->45542K(46080K) NonClass: 40333K(40640K)->40333K(40640K) Class: 5209K(5440K)->5209K(5440K)
[2024-12-16T00:02:04.762+0700][gc          ] GC(379) Pause Young (Normal) (G1 Evacuation Pause) 652M->606M(1024M) 43.760ms
[2024-12-16T00:02:04.762+0700][gc,cpu      ] GC(379) User=0.07s Sys=0.01s Real=0.04s
[2024-12-16T00:03:54.286+0700][gc,start    ] GC(380) Pause Young (Normal) (G1 Evacuation Pause)
[2024-12-16T00:03:54.286+0700][gc,task     ] GC(380) Using 2 workers of 2 for evacuation
[2024-12-16T00:03:54.332+0700][gc,mmu      ] GC(380) MMU target violated: 21.0ms (20.0ms/21.0ms)
[2024-12-16T00:03:54.333+0700][gc,phases   ] GC(380)   Pre Evacuate Collection Set: 3.6ms
[2024-12-16T00:03:54.333+0700][gc,phases   ] GC(380)   Merge Heap Roots: 0.6ms
[2024-12-16T00:03:54.333+0700][gc,phases   ] GC(380)   Evacuate Collection Set: 37.9ms
[2024-12-16T00:03:54.333+0700][gc,phases   ] GC(380)   Post Evacuate Collection Set: 3.8ms
[2024-12-16T00:03:54.333+0700][gc,phases   ] GC(380)   Other: 1.5ms
[2024-12-16T00:03:54.333+0700][gc,heap     ] GC(380) Eden regions: 48->0(45)
[2024-12-16T00:03:54.333+0700][gc,heap     ] GC(380) Survivor regions: 3->6(7)
[2024-12-16T00:03:54.333+0700][gc,heap     ] GC(380) Old regions: 474->474
[2024-12-16T00:03:54.333+0700][gc,heap     ] GC(380) Archive regions: 2->2
[2024-12-16T00:03:54.333+0700][gc,heap     ] GC(380) Humongous regions: 129->129
[2024-12-16T00:03:54.333+0700][gc,metaspace] GC(380) Metaspace: 45555K(46080K)->45555K(46080K) NonClass: 40346K(40640K)->40346K(40640K) Class: 5209K(5440K)->5209K(5440K)
[2024-12-16T00:03:54.333+0700][gc          ] GC(380) Pause Young (Normal) (G1 Evacuation Pause) 654M->608M(1024M) 47.423ms
[2024-12-16T00:03:54.333+0700][gc,cpu      ] GC(380) User=0.09s Sys=0.00s Real=0.05s
[2024-12-16T00:05:37.294+0700][gc,start    ] GC(381) Pause Young (Normal) (G1 Evacuation Pause)
[2024-12-16T00:05:37.294+0700][gc,task     ] GC(381) Using 2 workers of 2 for evacuation
[2024-12-16T00:05:37.388+0700][gc,mmu      ] GC(381) MMU target violated: 21.0ms (20.0ms/21.0ms)
[2024-12-16T00:05:37.388+0700][gc,phases   ] GC(381)   Pre Evacuate Collection Set: 4.6ms
[2024-12-16T00:05:37.389+0700][gc,phases   ] GC(381)   Merge Heap Roots: 1.2ms
[2024-12-16T00:05:37.389+0700][gc,phases   ] GC(381)   Evacuate Collection Set: 82.9ms
[2024-12-16T00:05:37.389+0700][gc,phases   ] GC(381)   Post Evacuate Collection Set: 4.8ms
[2024-12-16T00:05:37.389+0700][gc,phases   ] GC(381)   Other: 1.8ms
[2024-12-16T00:05:37.389+0700][gc,heap     ] GC(381) Eden regions: 45->0(45)
[2024-12-16T00:05:37.389+0700][gc,heap     ] GC(381) Survivor regions: 6->6(7)
[2024-12-16T00:05:37.389+0700][gc,heap     ] GC(381) Old regions: 474->476
[2024-12-16T00:05:37.389+0700][gc,heap     ] GC(381) Archive regions: 2->2
[2024-12-16T00:05:37.389+0700][gc,heap     ] GC(381) Humongous regions: 129->129
[2024-12-16T00:05:37.389+0700][gc,metaspace] GC(381) Metaspace: 45556K(46080K)->45556K(46080K) NonClass: 40347K(40640K)->40347K(40640K) Class: 5209K(5440K)->5209K(5440K)
[2024-12-16T00:05:37.389+0700][gc          ] GC(381) Pause Young (Normal) (G1 Evacuation Pause) 653M->611M(1024M) 95.235ms
[2024-12-16T00:05:37.389+0700][gc,cpu      ] GC(381) User=0.17s Sys=0.00s Real=0.09s
[2024-12-16T00:07:17.576+0700][gc,start    ] GC(382) Pause Young (Normal) (G1 Evacuation Pause)
[2024-12-16T00:07:17.576+0700][gc,task     ] GC(382) Using 2 workers of 2 for evacuation
[2024-12-16T00:07:17.663+0700][gc,mmu      ] GC(382) MMU target violated: 21.0ms (20.0ms/21.0ms)
[2024-12-16T00:07:17.663+0700][gc,phases   ] GC(382)   Pre Evacuate Collection Set: 3.3ms
[2024-12-16T00:07:17.663+0700][gc,phases   ] GC(382)   Merge Heap Roots: 0.7ms
[2024-12-16T00:07:17.663+0700][gc,phases   ] GC(382)   Evacuate Collection Set: 77.5ms
[2024-12-16T00:07:17.663+0700][gc,phases   ] GC(382)   Post Evacuate Collection Set: 4.4ms
[2024-12-16T00:07:17.663+0700][gc,phases   ] GC(382)   Other: 1.8ms
[2024-12-16T00:07:17.663+0700][gc,heap     ] GC(382) Eden regions: 45->0(45)
[2024-12-16T00:07:17.663+0700][gc,heap     ] GC(382) Survivor regions: 6->6(7)
[2024-12-16T00:07:17.663+0700][gc,heap     ] GC(382) Old regions: 476->480
[2024-12-16T00:07:17.663+0700][gc,heap     ] GC(382) Archive regions: 2->2
[2024-12-16T00:07:17.663+0700][gc,heap     ] GC(382) Humongous regions: 129->129
[2024-12-16T00:07:17.663+0700][gc,metaspace] GC(382) Metaspace: 45556K(46080K)->45556K(46080K) NonClass: 40347K(40640K)->40347K(40640K) Class: 5209K(5440K)->5209K(5440K)
[2024-12-16T00:07:17.663+0700][gc          ] GC(382) Pause Young (Normal) (G1 Evacuation Pause) 656M->615M(1024M) 87.824ms
[2024-12-16T00:07:17.664+0700][gc,cpu      ] GC(382) User=0.16s Sys=0.01s Real=0.08s
[2024-12-16T00:08:57.250+0700][gc,start    ] GC(383) Pause Young (Normal) (G1 Evacuation Pause)
[2024-12-16T00:08:57.251+0700][gc,task     ] GC(383) Using 2 workers of 2 for evacuation
[2024-12-16T00:08:57.345+0700][gc,mmu      ] GC(383) MMU target violated: 21.0ms (20.0ms/21.0ms)
[2024-12-16T00:08:57.345+0700][gc,phases   ] GC(383)   Pre Evacuate Collection Set: 5.2ms
[2024-12-16T00:08:57.345+0700][gc,phases   ] GC(383)   Merge Heap Roots: 1.1ms
[2024-12-16T00:08:57.345+0700][gc,phases   ] GC(383)   Evacuate Collection Set: 80.9ms
[2024-12-16T00:08:57.345+0700][gc,phases   ] GC(383)   Post Evacuate Collection Set: 6.3ms
[2024-12-16T00:08:57.345+0700][gc,phases   ] GC(383)   Other: 1.6ms
[2024-12-16T00:08:57.345+0700][gc,heap     ] GC(383) Eden regions: 45->0(47)
[2024-12-16T00:08:57.345+0700][gc,heap     ] GC(383) Survivor regions: 6->4(7)
[2024-12-16T00:08:57.346+0700][gc,heap     ] GC(383) Old regions: 480->483
[2024-12-16T00:08:57.346+0700][gc,heap     ] GC(383) Archive regions: 2->2
[2024-12-16T00:08:57.346+0700][gc,heap     ] GC(383) Humongous regions: 129->129
[2024-12-16T00:08:57.346+0700][gc,metaspace] GC(383) Metaspace: 45556K(46080K)->45556K(46080K) NonClass: 40347K(40640K)->40347K(40640K) Class: 5209K(5440K)->5209K(5440K)
[2024-12-16T00:08:57.346+0700][gc          ] GC(383) Pause Young (Normal) (G1 Evacuation Pause) 660M->616M(1024M) 95.363ms
[2024-12-16T00:08:57.346+0700][gc,cpu      ] GC(383) User=0.14s Sys=0.01s Real=0.10s
[2024-12-16T00:10:40.948+0700][gc,start    ] GC(384) Pause Young (Normal) (G1 Evacuation Pause)
[2024-12-16T00:10:40.949+0700][gc,task     ] GC(384) Using 2 workers of 2 for evacuation
[2024-12-16T00:10:41.014+0700][gc,mmu      ] GC(384) MMU target violated: 21.0ms (20.0ms/21.0ms)
[2024-12-16T00:10:41.014+0700][gc,phases   ] GC(384)   Pre Evacuate Collection Set: 3.0ms
[2024-12-16T00:10:41.014+0700][gc,phases   ] GC(384)   Merge Heap Roots: 0.8ms
[2024-12-16T00:10:41.014+0700][gc,phases   ] GC(384)   Evacuate Collection Set: 57.7ms
[2024-12-16T00:10:41.014+0700][gc,phases   ] GC(384)   Post Evacuate Collection Set: 3.2ms
[2024-12-16T00:10:41.014+0700][gc,phases   ] GC(384)   Other: 1.2ms
[2024-12-16T00:10:41.014+0700][gc,heap     ] GC(384) Eden regions: 47->0(44)
[2024-12-16T00:10:41.014+0700][gc,heap     ] GC(384) Survivor regions: 4->7(7)
[2024-12-16T00:10:41.014+0700][gc,heap     ] GC(384) Old regions: 483->483
[2024-12-16T00:10:41.014+0700][gc,heap     ] GC(384) Archive regions: 2->2
[2024-12-16T00:10:41.014+0700][gc,heap     ] GC(384) Humongous regions: 129->129
[2024-12-16T00:10:41.014+0700][gc,metaspace] GC(384) Metaspace: 45556K(46080K)->45556K(46080K) NonClass: 40347K(40640K)->40347K(40640K) Class: 5209K(5440K)->5209K(5440K)
[2024-12-16T00:10:41.014+0700][gc          ] GC(384) Pause Young (Normal) (G1 Evacuation Pause) 663M->619M(1024M) 65.994ms
[2024-12-16T00:10:41.014+0700][gc,cpu      ] GC(384) User=0.12s Sys=0.00s Real=0.07s
[2024-12-16T00:12:27.348+0700][gc,start    ] GC(385) Pause Young (Normal) (G1 Evacuation Pause)
[2024-12-16T00:12:27.348+0700][gc,task     ] GC(385) Using 2 workers of 2 for evacuation
[2024-12-16T00:12:27.412+0700][gc,mmu      ] GC(385) MMU target violated: 21.0ms (20.0ms/21.0ms)
[2024-12-16T00:12:27.413+0700][gc,phases   ] GC(385)   Pre Evacuate Collection Set: 4.9ms
[2024-12-16T00:12:27.413+0700][gc,phases   ] GC(385)   Merge Heap Roots: 1.2ms
[2024-12-16T00:12:27.413+0700][gc,phases   ] GC(385)   Evacuate Collection Set: 53.5ms
[2024-12-16T00:12:27.413+0700][gc,phases   ] GC(385)   Post Evacuate Collection Set: 3.7ms
[2024-12-16T00:12:27.413+0700][gc,phases   ] GC(385)   Other: 1.8ms
[2024-12-16T00:12:27.413+0700][gc,heap     ] GC(385) Eden regions: 44->0(48)
[2024-12-16T00:12:27.413+0700][gc,heap     ] GC(385) Survivor regions: 7->3(7)
[2024-12-16T00:12:27.413+0700][gc,heap     ] GC(385) Old regions: 483->487
[2024-12-16T00:12:27.413+0700][gc,heap     ] GC(385) Archive regions: 2->2
[2024-12-16T00:12:27.413+0700][gc,heap     ] GC(385) Humongous regions: 129->129
[2024-12-16T00:12:27.413+0700][gc,metaspace] GC(385) Metaspace: 45562K(46080K)->45562K(46080K) NonClass: 40352K(40640K)->40352K(40640K) Class: 5209K(5440K)->5209K(5440K)
[2024-12-16T00:12:27.413+0700][gc          ] GC(385) Pause Young (Normal) (G1 Evacuation Pause) 663M->619M(1024M) 65.023ms
[2024-12-16T00:12:27.413+0700][gc,cpu      ] GC(385) User=0.11s Sys=0.01s Real=0.07s
[2024-12-16T00:14:13.800+0700][gc,start    ] GC(386) Pause Young (Normal) (G1 Evacuation Pause)
[2024-12-16T00:14:13.801+0700][gc,task     ] GC(386) Using 2 workers of 2 for evacuation
[2024-12-16T00:14:13.863+0700][gc,mmu      ] GC(386) MMU target violated: 21.0ms (20.0ms/21.0ms)
[2024-12-16T00:14:13.863+0700][gc,phases   ] GC(386)   Pre Evacuate Collection Set: 5.7ms
[2024-12-16T00:14:13.863+0700][gc,phases   ] GC(386)   Merge Heap Roots: 1.0ms
[2024-12-16T00:14:13.863+0700][gc,phases   ] GC(386)   Evacuate Collection Set: 51.1ms
[2024-12-16T00:14:13.863+0700][gc,phases   ] GC(386)   Post Evacuate Collection Set: 4.1ms
[2024-12-16T00:14:13.863+0700][gc,phases   ] GC(386)   Other: 1.4ms
[2024-12-16T00:14:13.863+0700][gc,heap     ] GC(386) Eden regions: 48->0(45)
[2024-12-16T00:14:13.863+0700][gc,heap     ] GC(386) Survivor regions: 3->6(7)
[2024-12-16T00:14:13.863+0700][gc,heap     ] GC(386) Old regions: 487->487
[2024-12-16T00:14:13.863+0700][gc,heap     ] GC(386) Archive regions: 2->2
[2024-12-16T00:14:13.863+0700][gc,heap     ] GC(386) Humongous regions: 129->129
[2024-12-16T00:14:13.863+0700][gc,metaspace] GC(386) Metaspace: 45562K(46080K)->45562K(46080K) NonClass: 40352K(40640K)->40352K(40640K) Class: 5209K(5440K)->5209K(5440K)
[2024-12-16T00:14:13.863+0700][gc          ] GC(386) Pause Young (Normal) (G1 Evacuation Pause) 667M->622M(1024M) 63.251ms
[2024-12-16T00:14:13.863+0700][gc,cpu      ] GC(386) User=0.12s Sys=0.00s Real=0.06s
[2024-12-16T00:15:54.243+0700][gc,start    ] GC(387) Pause Young (Normal) (G1 Evacuation Pause)
[2024-12-16T00:15:54.243+0700][gc,task     ] GC(387) Using 2 workers of 2 for evacuation
[2024-12-16T00:15:54.350+0700][gc,mmu      ] GC(387) MMU target violated: 21.0ms (20.0ms/21.0ms)
[2024-12-16T00:15:54.350+0700][gc,phases   ] GC(387)   Pre Evacuate Collection Set: 5.1ms
[2024-12-16T00:15:54.350+0700][gc,phases   ] GC(387)   Merge Heap Roots: 0.8ms
[2024-12-16T00:15:54.350+0700][gc,phases   ] GC(387)   Evacuate Collection Set: 95.1ms
[2024-12-16T00:15:54.350+0700][gc,phases   ] GC(387)   Post Evacuate Collection Set: 4.8ms
[2024-12-16T00:15:54.350+0700][gc,phases   ] GC(387)   Other: 2.2ms
[2024-12-16T00:15:54.350+0700][gc,heap     ] GC(387) Eden regions: 45->0(45)
[2024-12-16T00:15:54.350+0700][gc,heap     ] GC(387) Survivor regions: 6->6(7)
[2024-12-16T00:15:54.350+0700][gc,heap     ] GC(387) Old regions: 487->492
[2024-12-16T00:15:54.350+0700][gc,heap     ] GC(387) Archive regions: 2->2
[2024-12-16T00:15:54.350+0700][gc,heap     ] GC(387) Humongous regions: 129->129
[2024-12-16T00:15:54.350+0700][gc,metaspace] GC(387) Metaspace: 45562K(46080K)->45562K(46080K) NonClass: 40352K(40640K)->40352K(40640K) Class: 5209K(5440K)->5209K(5440K)
[2024-12-16T00:15:54.350+0700][gc          ] GC(387) Pause Young (Normal) (G1 Evacuation Pause) 667M->626M(1024M) 107.781ms
[2024-12-16T00:15:54.351+0700][gc,cpu      ] GC(387) User=0.18s Sys=0.02s Real=0.11s
[2024-12-16T00:17:32.901+0700][gc,start    ] GC(388) Pause Young (Normal) (G1 Evacuation Pause)
[2024-12-16T00:17:32.901+0700][gc,task     ] GC(388) Using 2 workers of 2 for evacuation
[2024-12-16T00:17:32.955+0700][gc,mmu      ] GC(388) MMU target violated: 21.0ms (20.0ms/21.0ms)
[2024-12-16T00:17:32.955+0700][gc,phases   ] GC(388)   Pre Evacuate Collection Set: 6.1ms
[2024-12-16T00:17:32.955+0700][gc,phases   ] GC(388)   Merge Heap Roots: 0.9ms
[2024-12-16T00:17:32.955+0700][gc,phases   ] GC(388)   Evacuate Collection Set: 42.1ms
[2024-12-16T00:17:32.955+0700][gc,phases   ] GC(388)   Post Evacuate Collection Set: 3.9ms
[2024-12-16T00:17:32.955+0700][gc,phases   ] GC(388)   Other: 1.5ms
[2024-12-16T00:17:32.955+0700][gc,heap     ] GC(388) Eden regions: 45->0(48)
[2024-12-16T00:17:32.956+0700][gc,heap     ] GC(388) Survivor regions: 6->3(7)
[2024-12-16T00:17:32.956+0700][gc,heap     ] GC(388) Old regions: 492->494
[2024-12-16T00:17:32.956+0700][gc,heap     ] GC(388) Archive regions: 2->2
[2024-12-16T00:17:32.956+0700][gc,heap     ] GC(388) Humongous regions: 129->129
[2024-12-16T00:17:32.956+0700][gc,metaspace] GC(388) Metaspace: 45562K(46080K)->45562K(46080K) NonClass: 40353K(40640K)->40353K(40640K) Class: 5209K(5440K)->5209K(5440K)
[2024-12-16T00:17:32.956+0700][gc          ] GC(388) Pause Young (Normal) (G1 Evacuation Pause) 671M->626M(1024M) 54.548ms
[2024-12-16T00:17:32.956+0700][gc,cpu      ] GC(388) User=0.10s Sys=0.01s Real=0.06s
[2024-12-16T00:19:26.025+0700][gc,start    ] GC(389) Pause Young (Normal) (G1 Evacuation Pause)
[2024-12-16T00:19:26.025+0700][gc,task     ] GC(389) Using 2 workers of 2 for evacuation
[2024-12-16T00:19:26.090+0700][gc,mmu      ] GC(389) MMU target violated: 21.0ms (20.0ms/21.0ms)
[2024-12-16T00:19:26.091+0700][gc,phases   ] GC(389)   Pre Evacuate Collection Set: 3.4ms
[2024-12-16T00:19:26.091+0700][gc,phases   ] GC(389)   Merge Heap Roots: 1.4ms
[2024-12-16T00:19:26.091+0700][gc,phases   ] GC(389)   Evacuate Collection Set: 55.7ms
[2024-12-16T00:19:26.091+0700][gc,phases   ] GC(389)   Post Evacuate Collection Set: 4.5ms
[2024-12-16T00:19:26.091+0700][gc,phases   ] GC(389)   Other: 1.7ms
[2024-12-16T00:19:26.091+0700][gc,heap     ] GC(389) Eden regions: 48->0(44)
[2024-12-16T00:19:26.091+0700][gc,heap     ] GC(389) Survivor regions: 3->7(7)
[2024-12-16T00:19:26.091+0700][gc,heap     ] GC(389) Old regions: 494->494
[2024-12-16T00:19:26.091+0700][gc,heap     ] GC(389) Archive regions: 2->2
[2024-12-16T00:19:26.091+0700][gc,heap     ] GC(389) Humongous regions: 129->129
[2024-12-16T00:19:26.091+0700][gc,metaspace] GC(389) Metaspace: 45562K(46080K)->45562K(46080K) NonClass: 40353K(40640K)->40353K(40640K) Class: 5209K(5440K)->5209K(5440K)
[2024-12-16T00:19:26.091+0700][gc          ] GC(389) Pause Young (Normal) (G1 Evacuation Pause) 674M->630M(1024M) 66.623ms
[2024-12-16T00:19:26.091+0700][gc,cpu      ] GC(389) User=0.13s Sys=0.00s Real=0.06s
[2024-12-16T00:21:07.596+0700][gc,start    ] GC(390) Pause Young (Normal) (G1 Evacuation Pause)
[2024-12-16T00:21:07.596+0700][gc,task     ] GC(390) Using 2 workers of 2 for evacuation
[2024-12-16T00:21:07.677+0700][gc,mmu      ] GC(390) MMU target violated: 21.0ms (20.0ms/21.0ms)
[2024-12-16T00:21:07.677+0700][gc,phases   ] GC(390)   Pre Evacuate Collection Set: 5.2ms
[2024-12-16T00:21:07.677+0700][gc,phases   ] GC(390)   Merge Heap Roots: 1.0ms
[2024-12-16T00:21:07.677+0700][gc,phases   ] GC(390)   Evacuate Collection Set: 69.3ms
[2024-12-16T00:21:07.677+0700][gc,phases   ] GC(390)   Post Evacuate Collection Set: 4.2ms
[2024-12-16T00:21:07.677+0700][gc,phases   ] GC(390)   Other: 1.2ms
[2024-12-16T00:21:07.677+0700][gc,heap     ] GC(390) Eden regions: 44->0(46)
[2024-12-16T00:21:07.677+0700][gc,heap     ] GC(390) Survivor regions: 7->5(7)
[2024-12-16T00:21:07.677+0700][gc,heap     ] GC(390) Old regions: 494->499
[2024-12-16T00:21:07.677+0700][gc,heap     ] GC(390) Archive regions: 2->2
[2024-12-16T00:21:07.677+0700][gc,heap     ] GC(390) Humongous regions: 129->129
[2024-12-16T00:21:07.677+0700][gc,metaspace] GC(390) Metaspace: 45583K(46144K)->45583K(46144K) NonClass: 40374K(40704K)->40374K(40704K) Class: 5209K(5440K)->5209K(5440K)
[2024-12-16T00:21:07.677+0700][gc          ] GC(390) Pause Young (Normal) (G1 Evacuation Pause) 674M->633M(1024M) 80.744ms
[2024-12-16T00:21:07.677+0700][gc,cpu      ] GC(390) User=0.14s Sys=0.01s Real=0.08s
[2024-12-16T00:23:01.282+0700][gc,start    ] GC(391) Pause Young (Normal) (G1 Evacuation Pause)
[2024-12-16T00:23:01.282+0700][gc,task     ] GC(391) Using 2 workers of 2 for evacuation
[2024-12-16T00:23:01.328+0700][gc,mmu      ] GC(391) MMU target violated: 21.0ms (20.0ms/21.0ms)
[2024-12-16T00:23:01.328+0700][gc,phases   ] GC(391)   Pre Evacuate Collection Set: 3.8ms
[2024-12-16T00:23:01.328+0700][gc,phases   ] GC(391)   Merge Heap Roots: 1.3ms
[2024-12-16T00:23:01.328+0700][gc,phases   ] GC(391)   Evacuate Collection Set: 37.4ms
[2024-12-16T00:23:01.328+0700][gc,phases   ] GC(391)   Post Evacuate Collection Set: 3.1ms
[2024-12-16T00:23:01.328+0700][gc,phases   ] GC(391)   Other: 1.4ms
[2024-12-16T00:23:01.328+0700][gc,heap     ] GC(391) Eden regions: 46->0(48)
[2024-12-16T00:23:01.328+0700][gc,heap     ] GC(391) Survivor regions: 5->3(7)
[2024-12-16T00:23:01.328+0700][gc,heap     ] GC(391) Old regions: 499->501
[2024-12-16T00:23:01.329+0700][gc,heap     ] GC(391) Archive regions: 2->2
[2024-12-16T00:23:01.329+0700][gc,heap     ] GC(391) Humongous regions: 129->129
[2024-12-16T00:23:01.329+0700][gc,metaspace] GC(391) Metaspace: 45585K(46144K)->45585K(46144K) NonClass: 40376K(40704K)->40376K(40704K) Class: 5209K(5440K)->5209K(5440K)
[2024-12-16T00:23:01.329+0700][gc          ] GC(391) Pause Young (Normal) (G1 Evacuation Pause) 679M->633M(1024M) 46.992ms
[2024-12-16T00:23:01.329+0700][gc,cpu      ] GC(391) User=0.08s Sys=0.00s Real=0.05s
[2024-12-16T00:24:52.966+0700][gc,start    ] GC(392) Pause Young (Normal) (G1 Evacuation Pause)
[2024-12-16T00:24:52.966+0700][gc,task     ] GC(392) Using 2 workers of 2 for evacuation
[2024-12-16T00:24:53.020+0700][gc,mmu      ] GC(392) MMU target violated: 21.0ms (20.0ms/21.0ms)
[2024-12-16T00:24:53.021+0700][gc,phases   ] GC(392)   Pre Evacuate Collection Set: 3.0ms
[2024-12-16T00:24:53.021+0700][gc,phases   ] GC(392)   Merge Heap Roots: 3.3ms
[2024-12-16T00:24:53.021+0700][gc,phases   ] GC(392)   Evacuate Collection Set: 45.0ms
[2024-12-16T00:24:53.021+0700][gc,phases   ] GC(392)   Post Evacuate Collection Set: 2.7ms
[2024-12-16T00:24:53.021+0700][gc,phases   ] GC(392)   Other: 1.0ms
[2024-12-16T00:24:53.021+0700][gc,heap     ] GC(392) Eden regions: 48->0(45)
[2024-12-16T00:24:53.021+0700][gc,heap     ] GC(392) Survivor regions: 3->6(7)
[2024-12-16T00:24:53.021+0700][gc,heap     ] GC(392) Old regions: 501->501
[2024-12-16T00:24:53.021+0700][gc,heap     ] GC(392) Archive regions: 2->2
[2024-12-16T00:24:53.021+0700][gc,heap     ] GC(392) Humongous regions: 129->129
[2024-12-16T00:24:53.021+0700][gc,metaspace] GC(392) Metaspace: 45586K(46144K)->45586K(46144K) NonClass: 40377K(40704K)->40377K(40704K) Class: 5209K(5440K)->5209K(5440K)
[2024-12-16T00:24:53.021+0700][gc          ] GC(392) Pause Young (Normal) (G1 Evacuation Pause) 681M->636M(1024M) 55.169ms
[2024-12-16T00:24:53.021+0700][gc,cpu      ] GC(392) User=0.10s Sys=0.00s Real=0.05s
[2024-12-16T00:26:34.608+0700][gc,start    ] GC(393) Pause Young (Normal) (G1 Evacuation Pause)
[2024-12-16T00:26:34.608+0700][gc,task     ] GC(393) Using 2 workers of 2 for evacuation
[2024-12-16T00:26:34.699+0700][gc,mmu      ] GC(393) MMU target violated: 21.0ms (20.0ms/21.0ms)
[2024-12-16T00:26:34.699+0700][gc,phases   ] GC(393)   Pre Evacuate Collection Set: 3.7ms
[2024-12-16T00:26:34.699+0700][gc,phases   ] GC(393)   Merge Heap Roots: 2.0ms
[2024-12-16T00:26:34.699+0700][gc,phases   ] GC(393)   Evacuate Collection Set: 81.5ms
[2024-12-16T00:26:34.699+0700][gc,phases   ] GC(393)   Post Evacuate Collection Set: 3.2ms
[2024-12-16T00:26:34.699+0700][gc,phases   ] GC(393)   Other: 1.3ms
[2024-12-16T00:26:34.699+0700][gc,heap     ] GC(393) Eden regions: 45->0(46)
[2024-12-16T00:26:34.699+0700][gc,heap     ] GC(393) Survivor regions: 6->5(7)
[2024-12-16T00:26:34.699+0700][gc,heap     ] GC(393) Old regions: 501->505
[2024-12-16T00:26:34.699+0700][gc,heap     ] GC(393) Archive regions: 2->2
[2024-12-16T00:26:34.699+0700][gc,heap     ] GC(393) Humongous regions: 129->129
[2024-12-16T00:26:34.699+0700][gc,metaspace] GC(393) Metaspace: 45587K(46144K)->45587K(46144K) NonClass: 40378K(40704K)->40378K(40704K) Class: 5209K(5440K)->5209K(5440K)
[2024-12-16T00:26:34.699+0700][gc          ] GC(393) Pause Young (Normal) (G1 Evacuation Pause) 681M->639M(1024M) 91.574ms
[2024-12-16T00:26:34.699+0700][gc,cpu      ] GC(393) User=0.14s Sys=0.02s Real=0.09s
[2024-12-16T00:28:16.374+0700][gc,start    ] GC(394) Pause Young (Normal) (G1 Evacuation Pause)
[2024-12-16T00:28:16.374+0700][gc,task     ] GC(394) Using 2 workers of 2 for evacuation
[2024-12-16T00:28:16.439+0700][gc,mmu      ] GC(394) MMU target violated: 21.0ms (20.0ms/21.0ms)
[2024-12-16T00:28:16.439+0700][gc,phases   ] GC(394)   Pre Evacuate Collection Set: 6.6ms
[2024-12-16T00:28:16.439+0700][gc,phases   ] GC(394)   Merge Heap Roots: 1.1ms
[2024-12-16T00:28:16.439+0700][gc,phases   ] GC(394)   Evacuate Collection Set: 52.1ms
[2024-12-16T00:28:16.439+0700][gc,phases   ] GC(394)   Post Evacuate Collection Set: 4.2ms
[2024-12-16T00:28:16.439+0700][gc,phases   ] GC(394)   Other: 2.0ms
[2024-12-16T00:28:16.440+0700][gc,heap     ] GC(394) Eden regions: 46->0(47)
[2024-12-16T00:28:16.440+0700][gc,heap     ] GC(394) Survivor regions: 5->4(7)
[2024-12-16T00:28:16.440+0700][gc,heap     ] GC(394) Old regions: 505->507
[2024-12-16T00:28:16.440+0700][gc,heap     ] GC(394) Archive regions: 2->2
[2024-12-16T00:28:16.440+0700][gc,heap     ] GC(394) Humongous regions: 129->129
[2024-12-16T00:28:16.440+0700][gc,metaspace] GC(394) Metaspace: 45587K(46144K)->45587K(46144K) NonClass: 40378K(40704K)->40378K(40704K) Class: 5209K(5440K)->5209K(5440K)
[2024-12-16T00:28:16.440+0700][gc          ] GC(394) Pause Young (Normal) (G1 Evacuation Pause) 685M->640M(1024M) 65.677ms
[2024-12-16T00:28:16.440+0700][gc,cpu      ] GC(394) User=0.12s Sys=0.00s Real=0.06s
[2024-12-16T00:29:55.881+0700][gc,start    ] GC(395) Pause Young (Normal) (G1 Evacuation Pause)
[2024-12-16T00:29:55.881+0700][gc,task     ] GC(395) Using 2 workers of 2 for evacuation
[2024-12-16T00:29:55.942+0700][gc,mmu      ] GC(395) MMU target violated: 21.0ms (20.0ms/21.0ms)
[2024-12-16T00:29:55.942+0700][gc,phases   ] GC(395)   Pre Evacuate Collection Set: 4.3ms
[2024-12-16T00:29:55.942+0700][gc,phases   ] GC(395)   Merge Heap Roots: 1.5ms
[2024-12-16T00:29:55.942+0700][gc,phases   ] GC(395)   Evacuate Collection Set: 50.1ms
[2024-12-16T00:29:55.942+0700][gc,phases   ] GC(395)   Post Evacuate Collection Set: 4.0ms
[2024-12-16T00:29:55.942+0700][gc,phases   ] GC(395)   Other: 1.2ms
[2024-12-16T00:29:55.942+0700][gc,heap     ] GC(395) Eden regions: 47->0(44)
[2024-12-16T00:29:55.942+0700][gc,heap     ] GC(395) Survivor regions: 4->7(7)
[2024-12-16T00:29:55.942+0700][gc,heap     ] GC(395) Old regions: 507->507
[2024-12-16T00:29:55.942+0700][gc,heap     ] GC(395) Archive regions: 2->2
[2024-12-16T00:29:55.942+0700][gc,heap     ] GC(395) Humongous regions: 129->129
[2024-12-16T00:29:55.942+0700][gc,metaspace] GC(395) Metaspace: 45634K(46144K)->45634K(46144K) NonClass: 40413K(40704K)->40413K(40704K) Class: 5220K(5440K)->5220K(5440K)
[2024-12-16T00:29:55.942+0700][gc          ] GC(395) Pause Young (Normal) (G1 Evacuation Pause) 687M->643M(1024M) 61.137ms
[2024-12-16T00:29:55.942+0700][gc,cpu      ] GC(395) User=0.11s Sys=0.00s Real=0.06s
[2024-12-16T00:31:30.902+0700][gc,start    ] GC(396) Pause Young (Normal) (G1 Evacuation Pause)
[2024-12-16T00:31:30.903+0700][gc,task     ] GC(396) Using 2 workers of 2 for evacuation
[2024-12-16T00:31:31.010+0700][gc,mmu      ] GC(396) MMU target violated: 21.0ms (20.0ms/21.0ms)
[2024-12-16T00:31:31.010+0700][gc,phases   ] GC(396)   Pre Evacuate Collection Set: 4.6ms
[2024-12-16T00:31:31.010+0700][gc,phases   ] GC(396)   Merge Heap Roots: 1.0ms
[2024-12-16T00:31:31.010+0700][gc,phases   ] GC(396)   Evacuate Collection Set: 97.5ms
[2024-12-16T00:31:31.010+0700][gc,phases   ] GC(396)   Post Evacuate Collection Set: 4.1ms
[2024-12-16T00:31:31.011+0700][gc,phases   ] GC(396)   Other: 1.3ms
[2024-12-16T00:31:31.011+0700][gc,heap     ] GC(396) Eden regions: 44->0(46)
[2024-12-16T00:31:31.011+0700][gc,heap     ] GC(396) Survivor regions: 7->5(7)
[2024-12-16T00:31:31.011+0700][gc,heap     ] GC(396) Old regions: 507->512
[2024-12-16T00:31:31.011+0700][gc,heap     ] GC(396) Archive regions: 2->2
[2024-12-16T00:31:31.011+0700][gc,heap     ] GC(396) Humongous regions: 129->129
[2024-12-16T00:31:31.011+0700][gc,metaspace] GC(396) Metaspace: 45635K(46144K)->45635K(46144K) NonClass: 40415K(40704K)->40415K(40704K) Class: 5220K(5440K)->5220K(5440K)
[2024-12-16T00:31:31.011+0700][gc          ] GC(396) Pause Young (Normal) (G1 Evacuation Pause) 687M->646M(1024M) 108.534ms
[2024-12-16T00:31:31.011+0700][gc,cpu      ] GC(396) User=0.18s Sys=0.02s Real=0.11s
[2024-12-16T00:33:12.680+0700][gc,start    ] GC(397) Pause Young (Normal) (G1 Evacuation Pause)
[2024-12-16T00:33:12.680+0700][gc,task     ] GC(397) Using 2 workers of 2 for evacuation
[2024-12-16T00:33:12.737+0700][gc,mmu      ] GC(397) MMU target violated: 21.0ms (20.0ms/21.0ms)
[2024-12-16T00:33:12.737+0700][gc,phases   ] GC(397)   Pre Evacuate Collection Set: 5.4ms
[2024-12-16T00:33:12.737+0700][gc,phases   ] GC(397)   Merge Heap Roots: 0.9ms
[2024-12-16T00:33:12.737+0700][gc,phases   ] GC(397)   Evacuate Collection Set: 46.0ms
[2024-12-16T00:33:12.737+0700][gc,phases   ] GC(397)   Post Evacuate Collection Set: 3.9ms
[2024-12-16T00:33:12.737+0700][gc,phases   ] GC(397)   Other: 1.9ms
[2024-12-16T00:33:12.737+0700][gc,heap     ] GC(397) Eden regions: 46->0(47)
[2024-12-16T00:33:12.737+0700][gc,heap     ] GC(397) Survivor regions: 5->4(7)
[2024-12-16T00:33:12.737+0700][gc,heap     ] GC(397) Old regions: 512->514
[2024-12-16T00:33:12.737+0700][gc,heap     ] GC(397) Archive regions: 2->2
[2024-12-16T00:33:12.737+0700][gc,heap     ] GC(397) Humongous regions: 129->129
[2024-12-16T00:33:12.737+0700][gc,metaspace] GC(397) Metaspace: 45635K(46144K)->45635K(46144K) NonClass: 40415K(40704K)->40415K(40704K) Class: 5220K(5440K)->5220K(5440K)
[2024-12-16T00:33:12.738+0700][gc          ] GC(397) Pause Young (Normal) (G1 Evacuation Pause) 692M->647M(1024M) 57.836ms
[2024-12-16T00:33:12.738+0700][gc,cpu      ] GC(397) User=0.09s Sys=0.01s Real=0.06s
[2024-12-16T00:34:54.259+0700][gc,start    ] GC(398) Pause Young (Normal) (G1 Evacuation Pause)
[2024-12-16T00:34:54.259+0700][gc,task     ] GC(398) Using 2 workers of 2 for evacuation
[2024-12-16T00:34:54.326+0700][gc,mmu      ] GC(398) MMU target violated: 21.0ms (20.0ms/21.0ms)
[2024-12-16T00:34:54.326+0700][gc,phases   ] GC(398)   Pre Evacuate Collection Set: 4.5ms
[2024-12-16T00:34:54.326+0700][gc,phases   ] GC(398)   Merge Heap Roots: 0.9ms
[2024-12-16T00:34:54.326+0700][gc,phases   ] GC(398)   Evacuate Collection Set: 56.6ms
[2024-12-16T00:34:54.326+0700][gc,phases   ] GC(398)   Post Evacuate Collection Set: 4.2ms
[2024-12-16T00:34:54.326+0700][gc,phases   ] GC(398)   Other: 1.3ms
[2024-12-16T00:34:54.326+0700][gc,heap     ] GC(398) Eden regions: 47->0(44)
[2024-12-16T00:34:54.326+0700][gc,heap     ] GC(398) Survivor regions: 4->7(7)
[2024-12-16T00:34:54.326+0700][gc,heap     ] GC(398) Old regions: 514->514
[2024-12-16T00:34:54.326+0700][gc,heap     ] GC(398) Archive regions: 2->2
[2024-12-16T00:34:54.326+0700][gc,heap     ] GC(398) Humongous regions: 129->129
[2024-12-16T00:34:54.326+0700][gc,metaspace] GC(398) Metaspace: 45635K(46144K)->45635K(46144K) NonClass: 40415K(40704K)->40415K(40704K) Class: 5220K(5440K)->5220K(5440K)
[2024-12-16T00:34:54.326+0700][gc          ] GC(398) Pause Young (Normal) (G1 Evacuation Pause) 694M->650M(1024M) 67.557ms
[2024-12-16T00:34:54.327+0700][gc,cpu      ] GC(398) User=0.13s Sys=0.00s Real=0.07s
[2024-12-16T00:36:27.054+0700][gc,start    ] GC(399) Pause Young (Normal) (G1 Evacuation Pause)
[2024-12-16T00:36:27.054+0700][gc,task     ] GC(399) Using 2 workers of 2 for evacuation
[2024-12-16T00:36:27.159+0700][gc,mmu      ] GC(399) MMU target violated: 21.0ms (20.0ms/21.0ms)
[2024-12-16T00:36:27.160+0700][gc,phases   ] GC(399)   Pre Evacuate Collection Set: 5.1ms
[2024-12-16T00:36:27.160+0700][gc,phases   ] GC(399)   Merge Heap Roots: 1.6ms
[2024-12-16T00:36:27.160+0700][gc,phases   ] GC(399)   Evacuate Collection Set: 94.1ms
[2024-12-16T00:36:27.160+0700][gc,phases   ] GC(399)   Post Evacuate Collection Set: 3.9ms
[2024-12-16T00:36:27.160+0700][gc,phases   ] GC(399)   Other: 1.7ms
[2024-12-16T00:36:27.160+0700][gc,heap     ] GC(399) Eden regions: 44->0(45)
[2024-12-16T00:36:27.160+0700][gc,heap     ] GC(399) Survivor regions: 7->6(7)
[2024-12-16T00:36:27.160+0700][gc,heap     ] GC(399) Old regions: 514->519
[2024-12-16T00:36:27.160+0700][gc,heap     ] GC(399) Archive regions: 2->2
[2024-12-16T00:36:27.160+0700][gc,heap     ] GC(399) Humongous regions: 129->129
[2024-12-16T00:36:27.160+0700][gc,metaspace] GC(399) Metaspace: 45652K(46144K)->45652K(46144K) NonClass: 40432K(40704K)->40432K(40704K) Class: 5220K(5440K)->5220K(5440K)
[2024-12-16T00:36:27.160+0700][gc          ] GC(399) Pause Young (Normal) (G1 Evacuation Pause) 694M->654M(1024M) 106.542ms
[2024-12-16T00:36:27.160+0700][gc,cpu      ] GC(399) User=0.17s Sys=0.03s Real=0.10s
[2024-12-16T00:38:11.074+0700][gc,start    ] GC(400) Pause Young (Normal) (G1 Evacuation Pause)
[2024-12-16T00:38:11.074+0700][gc,task     ] GC(400) Using 2 workers of 2 for evacuation
[2024-12-16T00:38:11.167+0700][gc,mmu      ] GC(400) MMU target violated: 21.0ms (20.0ms/21.0ms)
[2024-12-16T00:38:11.167+0700][gc,phases   ] GC(400)   Pre Evacuate Collection Set: 6.4ms
[2024-12-16T00:38:11.167+0700][gc,phases   ] GC(400)   Merge Heap Roots: 3.0ms
[2024-12-16T00:38:11.167+0700][gc,phases   ] GC(400)   Evacuate Collection Set: 78.7ms
[2024-12-16T00:38:11.167+0700][gc,phases   ] GC(400)   Post Evacuate Collection Set: 3.7ms
[2024-12-16T00:38:11.167+0700][gc,phases   ] GC(400)   Other: 2.0ms
[2024-12-16T00:38:11.167+0700][gc,heap     ] GC(400) Eden regions: 45->0(48)
[2024-12-16T00:38:11.167+0700][gc,heap     ] GC(400) Survivor regions: 6->3(7)
[2024-12-16T00:38:11.167+0700][gc,heap     ] GC(400) Old regions: 519->522
[2024-12-16T00:38:11.167+0700][gc,heap     ] GC(400) Archive regions: 2->2
[2024-12-16T00:38:11.167+0700][gc,heap     ] GC(400) Humongous regions: 129->129
[2024-12-16T00:38:11.167+0700][gc,metaspace] GC(400) Metaspace: 45652K(46144K)->45652K(46144K) NonClass: 40432K(40704K)->40432K(40704K) Class: 5220K(5440K)->5220K(5440K)
[2024-12-16T00:38:11.167+0700][gc          ] GC(400) Pause Young (Normal) (G1 Evacuation Pause) 699M->654M(1024M) 93.466ms
[2024-12-16T00:38:11.167+0700][gc,cpu      ] GC(400) User=0.15s Sys=0.01s Real=0.09s
[2024-12-16T00:39:59.917+0700][gc,start    ] GC(401) Pause Young (Normal) (G1 Evacuation Pause)
[2024-12-16T00:39:59.917+0700][gc,task     ] GC(401) Using 2 workers of 2 for evacuation
[2024-12-16T00:39:59.979+0700][gc,mmu      ] GC(401) MMU target violated: 21.0ms (20.0ms/21.0ms)
[2024-12-16T00:39:59.979+0700][gc,phases   ] GC(401)   Pre Evacuate Collection Set: 4.0ms
[2024-12-16T00:39:59.979+0700][gc,phases   ] GC(401)   Merge Heap Roots: 1.6ms
[2024-12-16T00:39:59.979+0700][gc,phases   ] GC(401)   Evacuate Collection Set: 52.9ms
[2024-12-16T00:39:59.979+0700][gc,phases   ] GC(401)   Post Evacuate Collection Set: 3.5ms
[2024-12-16T00:39:59.980+0700][gc,phases   ] GC(401)   Other: 1.0ms
[2024-12-16T00:39:59.980+0700][gc,heap     ] GC(401) Eden regions: 48->0(45)
[2024-12-16T00:39:59.980+0700][gc,heap     ] GC(401) Survivor regions: 3->6(7)
[2024-12-16T00:39:59.980+0700][gc,heap     ] GC(401) Old regions: 522->522
[2024-12-16T00:39:59.980+0700][gc,heap     ] GC(401) Archive regions: 2->2
[2024-12-16T00:39:59.980+0700][gc,heap     ] GC(401) Humongous regions: 129->129
[2024-12-16T00:39:59.980+0700][gc,metaspace] GC(401) Metaspace: 45652K(46144K)->45652K(46144K) NonClass: 40432K(40704K)->40432K(40704K) Class: 5220K(5440K)->5220K(5440K)
[2024-12-16T00:39:59.980+0700][gc          ] GC(401) Pause Young (Normal) (G1 Evacuation Pause) 702M->657M(1024M) 63.017ms
[2024-12-16T00:39:59.980+0700][gc,cpu      ] GC(401) User=0.12s Sys=0.00s Real=0.06s
[2024-12-16T00:41:44.535+0700][gc,start    ] GC(402) Pause Young (Normal) (G1 Evacuation Pause)
[2024-12-16T00:41:44.536+0700][gc,task     ] GC(402) Using 2 workers of 2 for evacuation
[2024-12-16T00:41:44.613+0700][gc,mmu      ] GC(402) MMU target violated: 21.0ms (20.0ms/21.0ms)
[2024-12-16T00:41:44.613+0700][gc,phases   ] GC(402)   Pre Evacuate Collection Set: 3.0ms
[2024-12-16T00:41:44.613+0700][gc,phases   ] GC(402)   Merge Heap Roots: 0.7ms
[2024-12-16T00:41:44.613+0700][gc,phases   ] GC(402)   Evacuate Collection Set: 69.0ms
[2024-12-16T00:41:44.613+0700][gc,phases   ] GC(402)   Post Evacuate Collection Set: 4.2ms
[2024-12-16T00:41:44.613+0700][gc,phases   ] GC(402)   Other: 1.2ms
[2024-12-16T00:41:44.613+0700][gc,heap     ] GC(402) Eden regions: 45->0(46)
[2024-12-16T00:41:44.613+0700][gc,heap     ] GC(402) Survivor regions: 6->5(7)
[2024-12-16T00:41:44.613+0700][gc,heap     ] GC(402) Old regions: 522->526
[2024-12-16T00:41:44.613+0700][gc,heap     ] GC(402) Archive regions: 2->2
[2024-12-16T00:41:44.613+0700][gc,heap     ] GC(402) Humongous regions: 129->129
[2024-12-16T00:41:44.613+0700][gc,metaspace] GC(402) Metaspace: 45652K(46144K)->45652K(46144K) NonClass: 40432K(40704K)->40432K(40704K) Class: 5220K(5440K)->5220K(5440K)
[2024-12-16T00:41:44.613+0700][gc          ] GC(402) Pause Young (Normal) (G1 Evacuation Pause) 702M->660M(1024M) 78.299ms
[2024-12-16T00:41:44.614+0700][gc,cpu      ] GC(402) User=0.14s Sys=0.00s Real=0.08s
[2024-12-16T00:43:29.617+0700][gc,start    ] GC(403) Pause Young (Normal) (G1 Evacuation Pause)
[2024-12-16T00:43:29.617+0700][gc,task     ] GC(403) Using 2 workers of 2 for evacuation
[2024-12-16T00:43:29.671+0700][gc,mmu      ] GC(403) MMU target violated: 21.0ms (20.0ms/21.0ms)
[2024-12-16T00:43:29.671+0700][gc,phases   ] GC(403)   Pre Evacuate Collection Set: 3.2ms
[2024-12-16T00:43:29.671+0700][gc,phases   ] GC(403)   Merge Heap Roots: 1.4ms
[2024-12-16T00:43:29.671+0700][gc,phases   ] GC(403)   Evacuate Collection Set: 45.5ms
[2024-12-16T00:43:29.671+0700][gc,phases   ] GC(403)   Post Evacuate Collection Set: 3.7ms
[2024-12-16T00:43:29.671+0700][gc,phases   ] GC(403)   Other: 1.4ms
[2024-12-16T00:43:29.672+0700][gc,heap     ] GC(403) Eden regions: 46->0(48)
[2024-12-16T00:43:29.672+0700][gc,heap     ] GC(403) Survivor regions: 5->3(7)
[2024-12-16T00:43:29.672+0700][gc,heap     ] GC(403) Old regions: 526->528
[2024-12-16T00:43:29.672+0700][gc,heap     ] GC(403) Archive regions: 2->2
[2024-12-16T00:43:29.672+0700][gc,heap     ] GC(403) Humongous regions: 129->129
[2024-12-16T00:43:29.672+0700][gc,metaspace] GC(403) Metaspace: 45659K(46144K)->45659K(46144K) NonClass: 40439K(40704K)->40439K(40704K) Class: 5220K(5440K)->5220K(5440K)
[2024-12-16T00:43:29.672+0700][gc          ] GC(403) Pause Young (Normal) (G1 Evacuation Pause) 706M->660M(1024M) 55.077ms
[2024-12-16T00:43:29.672+0700][gc,cpu      ] GC(403) User=0.10s Sys=0.00s Real=0.05s
[2024-12-16T00:45:22.544+0700][gc,start    ] GC(404) Pause Young (Normal) (G1 Evacuation Pause)
[2024-12-16T00:45:22.544+0700][gc,task     ] GC(404) Using 2 workers of 2 for evacuation
[2024-12-16T00:45:22.601+0700][gc,mmu      ] GC(404) MMU target violated: 21.0ms (20.0ms/21.0ms)
[2024-12-16T00:45:22.601+0700][gc,phases   ] GC(404)   Pre Evacuate Collection Set: 5.8ms
[2024-12-16T00:45:22.601+0700][gc,phases   ] GC(404)   Merge Heap Roots: 0.9ms
[2024-12-16T00:45:22.601+0700][gc,phases   ] GC(404)   Evacuate Collection Set: 46.2ms
[2024-12-16T00:45:22.601+0700][gc,phases   ] GC(404)   Post Evacuate Collection Set: 3.7ms
[2024-12-16T00:45:22.601+0700][gc,phases   ] GC(404)   Other: 1.1ms
[2024-12-16T00:45:22.601+0700][gc,heap     ] GC(404) Eden regions: 48->0(45)
[2024-12-16T00:45:22.602+0700][gc,heap     ] GC(404) Survivor regions: 3->6(7)
[2024-12-16T00:45:22.602+0700][gc,heap     ] GC(404) Old regions: 528->528
[2024-12-16T00:45:22.602+0700][gc,heap     ] GC(404) Archive regions: 2->2
[2024-12-16T00:45:22.602+0700][gc,heap     ] GC(404) Humongous regions: 129->129
[2024-12-16T00:45:22.602+0700][gc,metaspace] GC(404) Metaspace: 45659K(46144K)->45659K(46144K) NonClass: 40439K(40704K)->40439K(40704K) Class: 5220K(5440K)->5220K(5440K)
[2024-12-16T00:45:22.602+0700][gc          ] GC(404) Pause Young (Normal) (G1 Evacuation Pause) 708M->663M(1024M) 57.758ms
[2024-12-16T00:45:22.602+0700][gc,cpu      ] GC(404) User=0.11s Sys=0.00s Real=0.06s
[2024-12-16T00:47:00.163+0700][gc,start    ] GC(405) Pause Young (Normal) (G1 Evacuation Pause)
[2024-12-16T00:47:00.164+0700][gc,task     ] GC(405) Using 2 workers of 2 for evacuation
[2024-12-16T00:47:00.246+0700][gc,mmu      ] GC(405) MMU target violated: 21.0ms (20.0ms/21.0ms)
[2024-12-16T00:47:00.246+0700][gc,phases   ] GC(405)   Pre Evacuate Collection Set: 3.6ms
[2024-12-16T00:47:00.246+0700][gc,phases   ] GC(405)   Merge Heap Roots: 1.1ms
[2024-12-16T00:47:00.246+0700][gc,phases   ] GC(405)   Evacuate Collection Set: 74.1ms
[2024-12-16T00:47:00.246+0700][gc,phases   ] GC(405)   Post Evacuate Collection Set: 2.5ms
[2024-12-16T00:47:00.246+0700][gc,phases   ] GC(405)   Other: 2.4ms
[2024-12-16T00:47:00.246+0700][gc,heap     ] GC(405) Eden regions: 45->0(44)
[2024-12-16T00:47:00.246+0700][gc,heap     ] GC(405) Survivor regions: 6->7(7)
[2024-12-16T00:47:00.246+0700][gc,heap     ] GC(405) Old regions: 528->531
[2024-12-16T00:47:00.246+0700][gc,heap     ] GC(405) Archive regions: 2->2
[2024-12-16T00:47:00.246+0700][gc,heap     ] GC(405) Humongous regions: 129->129
[2024-12-16T00:47:00.246+0700][gc,metaspace] GC(405) Metaspace: 45659K(46144K)->45659K(46144K) NonClass: 40439K(40704K)->40439K(40704K) Class: 5220K(5440K)->5220K(5440K)
[2024-12-16T00:47:00.246+0700][gc          ] GC(405) Pause Young (Normal) (G1 Evacuation Pause) 708M->667M(1024M) 83.842ms
[2024-12-16T00:47:00.246+0700][gc,cpu      ] GC(405) User=0.15s Sys=0.01s Real=0.09s
[2024-12-16T00:48:43.981+0700][gc,start    ] GC(406) Pause Young (Normal) (G1 Evacuation Pause)
[2024-12-16T00:48:43.982+0700][gc,task     ] GC(406) Using 2 workers of 2 for evacuation
[2024-12-16T00:48:44.077+0700][gc,mmu      ] GC(406) MMU target violated: 21.0ms (20.0ms/21.0ms)
[2024-12-16T00:48:44.077+0700][gc,phases   ] GC(406)   Pre Evacuate Collection Set: 3.1ms
[2024-12-16T00:48:44.078+0700][gc,phases   ] GC(406)   Merge Heap Roots: 1.3ms
[2024-12-16T00:48:44.078+0700][gc,phases   ] GC(406)   Evacuate Collection Set: 85.7ms
[2024-12-16T00:48:44.078+0700][gc,phases   ] GC(406)   Post Evacuate Collection Set: 5.0ms
[2024-12-16T00:48:44.078+0700][gc,phases   ] GC(406)   Other: 1.4ms
[2024-12-16T00:48:44.078+0700][gc,heap     ] GC(406) Eden regions: 44->0(46)
[2024-12-16T00:48:44.078+0700][gc,heap     ] GC(406) Survivor regions: 7->5(7)
[2024-12-16T00:48:44.078+0700][gc,heap     ] GC(406) Old regions: 531->536
[2024-12-16T00:48:44.078+0700][gc,heap     ] GC(406) Archive regions: 2->2
[2024-12-16T00:48:44.078+0700][gc,heap     ] GC(406) Humongous regions: 129->129
[2024-12-16T00:48:44.078+0700][gc,metaspace] GC(406) Metaspace: 45659K(46144K)->45659K(46144K) NonClass: 40439K(40704K)->40439K(40704K) Class: 5220K(5440K)->5220K(5440K)
[2024-12-16T00:48:44.078+0700][gc          ] GC(406) Pause Young (Normal) (G1 Evacuation Pause) 711M->670M(1024M) 96.462ms
[2024-12-16T00:48:44.078+0700][gc,cpu      ] GC(406) User=0.15s Sys=0.03s Real=0.10s
[2024-12-16T00:50:30.539+0700][gc,start    ] GC(407) Pause Young (Normal) (G1 Evacuation Pause)
[2024-12-16T00:50:30.539+0700][gc,task     ] GC(407) Using 2 workers of 2 for evacuation
[2024-12-16T00:50:30.592+0700][gc,mmu      ] GC(407) MMU target violated: 21.0ms (20.0ms/21.0ms)
[2024-12-16T00:50:30.592+0700][gc,phases   ] GC(407)   Pre Evacuate Collection Set: 4.3ms
[2024-12-16T00:50:30.593+0700][gc,phases   ] GC(407)   Merge Heap Roots: 0.7ms
[2024-12-16T00:50:30.593+0700][gc,phases   ] GC(407)   Evacuate Collection Set: 43.5ms
[2024-12-16T00:50:30.593+0700][gc,phases   ] GC(407)   Post Evacuate Collection Set: 3.8ms
[2024-12-16T00:50:30.593+0700][gc,phases   ] GC(407)   Other: 1.9ms
[2024-12-16T00:50:30.593+0700][gc,heap     ] GC(407) Eden regions: 46->0(47)
[2024-12-16T00:50:30.593+0700][gc,heap     ] GC(407) Survivor regions: 5->4(7)
[2024-12-16T00:50:30.593+0700][gc,heap     ] GC(407) Old regions: 536->538
[2024-12-16T00:50:30.593+0700][gc,heap     ] GC(407) Archive regions: 2->2
[2024-12-16T00:50:30.593+0700][gc,heap     ] GC(407) Humongous regions: 129->129
[2024-12-16T00:50:30.593+0700][gc,metaspace] GC(407) Metaspace: 45660K(46144K)->45660K(46144K) NonClass: 40439K(40704K)->40439K(40704K) Class: 5220K(5440K)->5220K(5440K)
[2024-12-16T00:50:30.593+0700][gc          ] GC(407) Pause Young (Normal) (G1 Evacuation Pause) 716M->670M(1024M) 53.828ms
[2024-12-16T00:50:30.593+0700][gc,cpu      ] GC(407) User=0.09s Sys=0.02s Real=0.06s
[2024-12-16T00:52:21.190+0700][gc,start    ] GC(408) Pause Young (Normal) (G1 Evacuation Pause)
[2024-12-16T00:52:21.190+0700][gc,task     ] GC(408) Using 2 workers of 2 for evacuation
[2024-12-16T00:52:21.271+0700][gc,mmu      ] GC(408) MMU target violated: 21.0ms (20.0ms/21.0ms)
[2024-12-16T00:52:21.271+0700][gc,phases   ] GC(408)   Pre Evacuate Collection Set: 6.8ms
[2024-12-16T00:52:21.271+0700][gc,phases   ] GC(408)   Merge Heap Roots: 1.2ms
[2024-12-16T00:52:21.271+0700][gc,phases   ] GC(408)   Evacuate Collection Set: 66.6ms
[2024-12-16T00:52:21.271+0700][gc,phases   ] GC(408)   Post Evacuate Collection Set: 5.4ms
[2024-12-16T00:52:21.271+0700][gc,phases   ] GC(408)   Other: 1.3ms
[2024-12-16T00:52:21.271+0700][gc,heap     ] GC(408) Eden regions: 47->0(44)
[2024-12-16T00:52:21.271+0700][gc,heap     ] GC(408) Survivor regions: 4->7(7)
[2024-12-16T00:52:21.271+0700][gc,heap     ] GC(408) Old regions: 538->538
[2024-12-16T00:52:21.271+0700][gc,heap     ] GC(408) Archive regions: 2->2
[2024-12-16T00:52:21.271+0700][gc,heap     ] GC(408) Humongous regions: 129->129
[2024-12-16T00:52:21.271+0700][gc,metaspace] GC(408) Metaspace: 45660K(46144K)->45660K(46144K) NonClass: 40439K(40704K)->40439K(40704K) Class: 5220K(5440K)->5220K(5440K)
[2024-12-16T00:52:21.271+0700][gc          ] GC(408) Pause Young (Normal) (G1 Evacuation Pause) 717M->673M(1024M) 81.327ms
[2024-12-16T00:52:21.271+0700][gc,cpu      ] GC(408) User=0.16s Sys=0.00s Real=0.08s
[2024-12-16T00:54:05.473+0700][gc,start    ] GC(409) Pause Young (Normal) (G1 Evacuation Pause)
[2024-12-16T00:54:05.474+0700][gc,task     ] GC(409) Using 2 workers of 2 for evacuation
[2024-12-16T00:54:05.547+0700][gc,mmu      ] GC(409) MMU target violated: 21.0ms (20.0ms/21.0ms)
[2024-12-16T00:54:05.548+0700][gc,phases   ] GC(409)   Pre Evacuate Collection Set: 2.7ms
[2024-12-16T00:54:05.548+0700][gc,phases   ] GC(409)   Merge Heap Roots: 1.4ms
[2024-12-16T00:54:05.548+0700][gc,phases   ] GC(409)   Evacuate Collection Set: 66.2ms
[2024-12-16T00:54:05.548+0700][gc,phases   ] GC(409)   Post Evacuate Collection Set: 2.9ms
[2024-12-16T00:54:05.548+0700][gc,phases   ] GC(409)   Other: 1.4ms
[2024-12-16T00:54:05.548+0700][gc,heap     ] GC(409) Eden regions: 44->0(44)
[2024-12-16T00:54:05.548+0700][gc,heap     ] GC(409) Survivor regions: 7->7(7)
[2024-12-16T00:54:05.548+0700][gc,heap     ] GC(409) Old regions: 538->540
[2024-12-16T00:54:05.548+0700][gc,heap     ] GC(409) Archive regions: 2->2
[2024-12-16T00:54:05.548+0700][gc,heap     ] GC(409) Humongous regions: 129->129
[2024-12-16T00:54:05.548+0700][gc,metaspace] GC(409) Metaspace: 45660K(46144K)->45660K(46144K) NonClass: 40439K(40704K)->40439K(40704K) Class: 5220K(5440K)->5220K(5440K)
[2024-12-16T00:54:05.548+0700][gc          ] GC(409) Pause Young (Normal) (G1 Evacuation Pause) 717M->676M(1024M) 74.696ms
[2024-12-16T00:54:05.548+0700][gc,cpu      ] GC(409) User=0.14s Sys=0.00s Real=0.07s
[2024-12-16T00:55:49.440+0700][gc,start    ] GC(410) Pause Young (Normal) (G1 Evacuation Pause)
[2024-12-16T00:55:49.440+0700][gc,task     ] GC(410) Using 2 workers of 2 for evacuation
[2024-12-16T00:55:49.546+0700][gc,mmu      ] GC(410) MMU target violated: 21.0ms (20.0ms/21.0ms)
[2024-12-16T00:55:49.546+0700][gc,phases   ] GC(410)   Pre Evacuate Collection Set: 5.3ms
[2024-12-16T00:55:49.546+0700][gc,phases   ] GC(410)   Merge Heap Roots: 1.2ms
[2024-12-16T00:55:49.546+0700][gc,phases   ] GC(410)   Evacuate Collection Set: 94.0ms
[2024-12-16T00:55:49.546+0700][gc,phases   ] GC(410)   Post Evacuate Collection Set: 4.7ms
[2024-12-16T00:55:49.546+0700][gc,phases   ] GC(410)   Other: 1.8ms
[2024-12-16T00:55:49.546+0700][gc,heap     ] GC(410) Eden regions: 44->0(46)
[2024-12-16T00:55:49.546+0700][gc,heap     ] GC(410) Survivor regions: 7->5(7)
[2024-12-16T00:55:49.546+0700][gc,heap     ] GC(410) Old regions: 540->544
[2024-12-16T00:55:49.547+0700][gc,heap     ] GC(410) Archive regions: 2->2
[2024-12-16T00:55:49.547+0700][gc,heap     ] GC(410) Humongous regions: 129->129
[2024-12-16T00:55:49.547+0700][gc,metaspace] GC(410) Metaspace: 45660K(46144K)->45660K(46144K) NonClass: 40439K(40704K)->40439K(40704K) Class: 5220K(5440K)->5220K(5440K)
[2024-12-16T00:55:49.547+0700][gc          ] GC(410) Pause Young (Normal) (G1 Evacuation Pause) 720M->678M(1024M) 106.694ms
[2024-12-16T00:55:49.547+0700][gc,cpu      ] GC(410) User=0.20s Sys=0.02s Real=0.11s
[2024-12-16T00:57:35.607+0700][gc,start    ] GC(411) Pause Young (Normal) (G1 Evacuation Pause)
[2024-12-16T00:57:35.607+0700][gc,task     ] GC(411) Using 2 workers of 2 for evacuation
[2024-12-16T00:57:35.663+0700][gc,mmu      ] GC(411) MMU target violated: 21.0ms (20.0ms/21.0ms)
[2024-12-16T00:57:35.663+0700][gc,phases   ] GC(411)   Pre Evacuate Collection Set: 3.4ms
[2024-12-16T00:57:35.663+0700][gc,phases   ] GC(411)   Merge Heap Roots: 1.4ms
[2024-12-16T00:57:35.663+0700][gc,phases   ] GC(411)   Evacuate Collection Set: 47.0ms
[2024-12-16T00:57:35.663+0700][gc,phases   ] GC(411)   Post Evacuate Collection Set: 3.4ms
[2024-12-16T00:57:35.663+0700][gc,phases   ] GC(411)   Other: 1.3ms
[2024-12-16T00:57:35.663+0700][gc,heap     ] GC(411) Eden regions: 46->0(47)
[2024-12-16T00:57:35.663+0700][gc,heap     ] GC(411) Survivor regions: 5->4(7)
[2024-12-16T00:57:35.663+0700][gc,heap     ] GC(411) Old regions: 544->546
[2024-12-16T00:57:35.663+0700][gc,heap     ] GC(411) Archive regions: 2->2
[2024-12-16T00:57:35.663+0700][gc,heap     ] GC(411) Humongous regions: 129->129
[2024-12-16T00:57:35.663+0700][gc,metaspace] GC(411) Metaspace: 45660K(46144K)->45660K(46144K) NonClass: 40439K(40704K)->40439K(40704K) Class: 5220K(5440K)->5220K(5440K)
[2024-12-16T00:57:35.663+0700][gc          ] GC(411) Pause Young (Normal) (G1 Evacuation Pause) 724M->679M(1024M) 56.557ms
[2024-12-16T00:57:35.663+0700][gc,cpu      ] GC(411) User=0.09s Sys=0.02s Real=0.05s
[2024-12-16T00:59:26.665+0700][gc,start    ] GC(412) Pause Young (Normal) (G1 Evacuation Pause)
[2024-12-16T00:59:26.666+0700][gc,task     ] GC(412) Using 2 workers of 2 for evacuation
[2024-12-16T00:59:26.743+0700][gc,mmu      ] GC(412) MMU target violated: 21.0ms (20.0ms/21.0ms)
[2024-12-16T00:59:26.743+0700][gc,phases   ] GC(412)   Pre Evacuate Collection Set: 6.3ms
[2024-12-16T00:59:26.743+0700][gc,phases   ] GC(412)   Merge Heap Roots: 2.0ms
[2024-12-16T00:59:26.743+0700][gc,phases   ] GC(412)   Evacuate Collection Set: 63.7ms
[2024-12-16T00:59:26.743+0700][gc,phases   ] GC(412)   Post Evacuate Collection Set: 4.5ms
[2024-12-16T00:59:26.743+0700][gc,phases   ] GC(412)   Other: 2.2ms
[2024-12-16T00:59:26.743+0700][gc,heap     ] GC(412) Eden regions: 47->0(45)
[2024-12-16T00:59:26.743+0700][gc,heap     ] GC(412) Survivor regions: 4->6(7)
[2024-12-16T00:59:26.743+0700][gc,heap     ] GC(412) Old regions: 546->546
[2024-12-16T00:59:26.743+0700][gc,heap     ] GC(412) Archive regions: 2->2
[2024-12-16T00:59:26.743+0700][gc,heap     ] GC(412) Humongous regions: 129->129
[2024-12-16T00:59:26.743+0700][gc,metaspace] GC(412) Metaspace: 45660K(46144K)->45660K(46144K) NonClass: 40439K(40704K)->40439K(40704K) Class: 5220K(5440K)->5220K(5440K)
[2024-12-16T00:59:26.743+0700][gc          ] GC(412) Pause Young (Normal) (G1 Evacuation Pause) 726M->681M(1024M) 78.262ms
[2024-12-16T00:59:26.743+0700][gc,cpu      ] GC(412) User=0.14s Sys=0.01s Real=0.07s
[2024-12-16T01:01:07.603+0700][gc,start    ] GC(413) Pause Young (Normal) (G1 Evacuation Pause)
[2024-12-16T01:01:07.603+0700][gc,task     ] GC(413) Using 2 workers of 2 for evacuation
[2024-12-16T01:01:07.664+0700][gc,mmu      ] GC(413) MMU target violated: 21.0ms (20.0ms/21.0ms)
[2024-12-16T01:01:07.665+0700][gc,phases   ] GC(413)   Pre Evacuate Collection Set: 2.6ms
[2024-12-16T01:01:07.665+0700][gc,phases   ] GC(413)   Merge Heap Roots: 0.5ms
[2024-12-16T01:01:07.665+0700][gc,phases   ] GC(413)   Evacuate Collection Set: 53.9ms
[2024-12-16T01:01:07.665+0700][gc,phases   ] GC(413)   Post Evacuate Collection Set: 3.7ms
[2024-12-16T01:01:07.665+0700][gc,phases   ] GC(413)   Other: 1.3ms
[2024-12-16T01:01:07.665+0700][gc,heap     ] GC(413) Eden regions: 45->0(46)
[2024-12-16T01:01:07.665+0700][gc,heap     ] GC(413) Survivor regions: 6->5(7)
[2024-12-16T01:01:07.665+0700][gc,heap     ] GC(413) Old regions: 546->550
[2024-12-16T01:01:07.665+0700][gc,heap     ] GC(413) Archive regions: 2->2
[2024-12-16T01:01:07.665+0700][gc,heap     ] GC(413) Humongous regions: 129->129
[2024-12-16T01:01:07.665+0700][gc,metaspace] GC(413) Metaspace: 45681K(46208K)->45681K(46208K) NonClass: 40461K(40768K)->40461K(40768K) Class: 5220K(5440K)->5220K(5440K)
[2024-12-16T01:01:07.665+0700][gc          ] GC(413) Pause Young (Normal) (G1 Evacuation Pause) 726M->684M(1024M) 61.965ms
[2024-12-16T01:01:07.665+0700][gc,cpu      ] GC(413) User=0.12s Sys=0.00s Real=0.07s
[2024-12-16T01:02:45.083+0700][gc,start    ] GC(414) Pause Young (Normal) (G1 Evacuation Pause)
[2024-12-16T01:02:45.083+0700][gc,task     ] GC(414) Using 2 workers of 2 for evacuation
[2024-12-16T01:02:45.132+0700][gc,mmu      ] GC(414) MMU target violated: 21.0ms (20.0ms/21.0ms)
[2024-12-16T01:02:45.132+0700][gc,phases   ] GC(414)   Pre Evacuate Collection Set: 2.9ms
[2024-12-16T01:02:45.132+0700][gc,phases   ] GC(414)   Merge Heap Roots: 1.4ms
[2024-12-16T01:02:45.133+0700][gc,phases   ] GC(414)   Evacuate Collection Set: 40.5ms
[2024-12-16T01:02:45.133+0700][gc,phases   ] GC(414)   Post Evacuate Collection Set: 3.5ms
[2024-12-16T01:02:45.133+0700][gc,phases   ] GC(414)   Other: 1.4ms
[2024-12-16T01:02:45.133+0700][gc,heap     ] GC(414) Eden regions: 46->0(48)
[2024-12-16T01:02:45.133+0700][gc,heap     ] GC(414) Survivor regions: 5->3(7)
[2024-12-16T01:02:45.133+0700][gc,heap     ] GC(414) Old regions: 550->553
[2024-12-16T01:02:45.133+0700][gc,heap     ] GC(414) Archive regions: 2->2
[2024-12-16T01:02:45.133+0700][gc,heap     ] GC(414) Humongous regions: 129->129
[2024-12-16T01:02:45.133+0700][gc,metaspace] GC(414) Metaspace: 45686K(46208K)->45686K(46208K) NonClass: 40466K(40768K)->40466K(40768K) Class: 5220K(5440K)->5220K(5440K)
[2024-12-16T01:02:45.133+0700][gc          ] GC(414) Pause Young (Normal) (G1 Evacuation Pause) 730M->685M(1024M) 49.737ms
[2024-12-16T01:02:45.133+0700][gc,cpu      ] GC(414) User=0.09s Sys=0.00s Real=0.06s
[2024-12-16T01:04:31.205+0700][gc,start    ] GC(415) Pause Young (Normal) (G1 Evacuation Pause)
[2024-12-16T01:04:31.206+0700][gc,task     ] GC(415) Using 2 workers of 2 for evacuation
[2024-12-16T01:04:31.284+0700][gc,mmu      ] GC(415) MMU target violated: 21.0ms (20.0ms/21.0ms)
[2024-12-16T01:04:31.284+0700][gc,phases   ] GC(415)   Pre Evacuate Collection Set: 2.8ms
[2024-12-16T01:04:31.284+0700][gc,phases   ] GC(415)   Merge Heap Roots: 1.9ms
[2024-12-16T01:04:31.284+0700][gc,phases   ] GC(415)   Evacuate Collection Set: 68.7ms
[2024-12-16T01:04:31.284+0700][gc,phases   ] GC(415)   Post Evacuate Collection Set: 3.9ms
[2024-12-16T01:04:31.284+0700][gc,phases   ] GC(415)   Other: 1.6ms
[2024-12-16T01:04:31.284+0700][gc,heap     ] GC(415) Eden regions: 48->0(44)
[2024-12-16T01:04:31.284+0700][gc,heap     ] GC(415) Survivor regions: 3->7(7)
[2024-12-16T01:04:31.284+0700][gc,heap     ] GC(415) Old regions: 553->553
[2024-12-16T01:04:31.284+0700][gc,heap     ] GC(415) Archive regions: 2->2
[2024-12-16T01:04:31.284+0700][gc,heap     ] GC(415) Humongous regions: 129->129
[2024-12-16T01:04:31.284+0700][gc,metaspace] GC(415) Metaspace: 45687K(46208K)->45687K(46208K) NonClass: 40467K(40768K)->40467K(40768K) Class: 5220K(5440K)->5220K(5440K)
[2024-12-16T01:04:31.284+0700][gc          ] GC(415) Pause Young (Normal) (G1 Evacuation Pause) 733M->688M(1024M) 78.843ms
[2024-12-16T01:04:31.284+0700][gc,cpu      ] GC(415) User=0.15s Sys=0.00s Real=0.07s
[2024-12-16T01:06:08.369+0700][gc,start    ] GC(416) Pause Young (Normal) (G1 Evacuation Pause)
[2024-12-16T01:06:08.369+0700][gc,task     ] GC(416) Using 2 workers of 2 for evacuation
[2024-12-16T01:06:08.430+0700][gc,mmu      ] GC(416) MMU target violated: 21.0ms (20.0ms/21.0ms)
[2024-12-16T01:06:08.431+0700][gc,phases   ] GC(416)   Pre Evacuate Collection Set: 3.7ms
[2024-12-16T01:06:08.431+0700][gc,phases   ] GC(416)   Merge Heap Roots: 0.9ms
[2024-12-16T01:06:08.431+0700][gc,phases   ] GC(416)   Evacuate Collection Set: 52.0ms
[2024-12-16T01:06:08.431+0700][gc,phases   ] GC(416)   Post Evacuate Collection Set: 3.8ms
[2024-12-16T01:06:08.431+0700][gc,phases   ] GC(416)   Other: 1.7ms
[2024-12-16T01:06:08.431+0700][gc,heap     ] GC(416) Eden regions: 44->0(48)
[2024-12-16T01:06:08.431+0700][gc,heap     ] GC(416) Survivor regions: 7->3(7)
[2024-12-16T01:06:08.431+0700][gc,heap     ] GC(416) Old regions: 553->557
[2024-12-16T01:06:08.431+0700][gc,heap     ] GC(416) Archive regions: 2->2
[2024-12-16T01:06:08.431+0700][gc,heap     ] GC(416) Humongous regions: 129->129
[2024-12-16T01:06:08.431+0700][gc,metaspace] GC(416) Metaspace: 45687K(46208K)->45687K(46208K) NonClass: 40467K(40768K)->40467K(40768K) Class: 5220K(5440K)->5220K(5440K)
[2024-12-16T01:06:08.431+0700][gc          ] GC(416) Pause Young (Normal) (G1 Evacuation Pause) 732M->689M(1024M) 62.152ms
[2024-12-16T01:06:08.431+0700][gc,cpu      ] GC(416) User=0.10s Sys=0.01s Real=0.06s
[2024-12-16T01:07:52.516+0700][gc,start    ] GC(417) Pause Young (Normal) (G1 Evacuation Pause)
[2024-12-16T01:07:52.516+0700][gc,task     ] GC(417) Using 2 workers of 2 for evacuation
[2024-12-16T01:07:52.584+0700][gc,mmu      ] GC(417) MMU target violated: 21.0ms (20.0ms/21.0ms)
[2024-12-16T01:07:52.584+0700][gc,phases   ] GC(417)   Pre Evacuate Collection Set: 6.0ms
[2024-12-16T01:07:52.584+0700][gc,phases   ] GC(417)   Merge Heap Roots: 1.8ms
[2024-12-16T01:07:52.584+0700][gc,phases   ] GC(417)   Evacuate Collection Set: 54.4ms
[2024-12-16T01:07:52.584+0700][gc,phases   ] GC(417)   Post Evacuate Collection Set: 4.4ms
[2024-12-16T01:07:52.584+0700][gc,phases   ] GC(417)   Other: 1.6ms
[2024-12-16T01:07:52.584+0700][gc,heap     ] GC(417) Eden regions: 48->0(44)
[2024-12-16T01:07:52.584+0700][gc,heap     ] GC(417) Survivor regions: 3->7(7)
[2024-12-16T01:07:52.584+0700][gc,heap     ] GC(417) Old regions: 557->557
[2024-12-16T01:07:52.584+0700][gc,heap     ] GC(417) Archive regions: 2->2
[2024-12-16T01:07:52.584+0700][gc,heap     ] GC(417) Humongous regions: 129->129
[2024-12-16T01:07:52.584+0700][gc,metaspace] GC(417) Metaspace: 45687K(46208K)->45687K(46208K) NonClass: 40467K(40768K)->40467K(40768K) Class: 5220K(5440K)->5220K(5440K)
[2024-12-16T01:07:52.584+0700][gc          ] GC(417) Pause Young (Normal) (G1 Evacuation Pause) 737M->693M(1024M) 68.179ms
[2024-12-16T01:07:52.585+0700][gc,cpu      ] GC(417) User=0.13s Sys=0.00s Real=0.07s
[2024-12-16T01:09:30.118+0700][gc,start    ] GC(418) Pause Young (Normal) (G1 Evacuation Pause)
[2024-12-16T01:09:30.118+0700][gc,task     ] GC(418) Using 2 workers of 2 for evacuation
[2024-12-16T01:09:30.224+0700][gc,mmu      ] GC(418) MMU target violated: 21.0ms (20.0ms/21.0ms)
[2024-12-16T01:09:30.224+0700][gc,phases   ] GC(418)   Pre Evacuate Collection Set: 4.6ms
[2024-12-16T01:09:30.224+0700][gc,phases   ] GC(418)   Merge Heap Roots: 1.6ms
[2024-12-16T01:09:30.224+0700][gc,phases   ] GC(418)   Evacuate Collection Set: 91.9ms
[2024-12-16T01:09:30.224+0700][gc,phases   ] GC(418)   Post Evacuate Collection Set: 6.7ms
[2024-12-16T01:09:30.224+0700][gc,phases   ] GC(418)   Other: 1.6ms
[2024-12-16T01:09:30.224+0700][gc,heap     ] GC(418) Eden regions: 44->0(46)
[2024-12-16T01:09:30.224+0700][gc,heap     ] GC(418) Survivor regions: 7->5(7)
[2024-12-16T01:09:30.224+0700][gc,heap     ] GC(418) Old regions: 557->562
[2024-12-16T01:09:30.224+0700][gc,heap     ] GC(418) Archive regions: 2->2
[2024-12-16T01:09:30.224+0700][gc,heap     ] GC(418) Humongous regions: 129->129
[2024-12-16T01:09:30.224+0700][gc,metaspace] GC(418) Metaspace: 45687K(46208K)->45687K(46208K) NonClass: 40467K(40768K)->40467K(40768K) Class: 5220K(5440K)->5220K(5440K)
[2024-12-16T01:09:30.224+0700][gc          ] GC(418) Pause Young (Normal) (G1 Evacuation Pause) 737M->696M(1024M) 106.297ms
[2024-12-16T01:09:30.224+0700][gc,cpu      ] GC(418) User=0.17s Sys=0.04s Real=0.10s
[2024-12-16T01:11:27.937+0700][gc,start    ] GC(419) Pause Young (Normal) (G1 Evacuation Pause)
[2024-12-16T01:11:27.938+0700][gc,task     ] GC(419) Using 2 workers of 2 for evacuation
[2024-12-16T01:11:28.000+0700][gc,mmu      ] GC(419) MMU target violated: 21.0ms (20.0ms/21.0ms)
[2024-12-16T01:11:28.000+0700][gc,phases   ] GC(419)   Pre Evacuate Collection Set: 4.5ms
[2024-12-16T01:11:28.000+0700][gc,phases   ] GC(419)   Merge Heap Roots: 2.0ms
[2024-12-16T01:11:28.000+0700][gc,phases   ] GC(419)   Evacuate Collection Set: 49.6ms
[2024-12-16T01:11:28.000+0700][gc,phases   ] GC(419)   Post Evacuate Collection Set: 5.1ms
[2024-12-16T01:11:28.000+0700][gc,phases   ] GC(419)   Other: 1.8ms
[2024-12-16T01:11:28.000+0700][gc,heap     ] GC(419) Eden regions: 46->0(48)
[2024-12-16T01:11:28.000+0700][gc,heap     ] GC(419) Survivor regions: 5->3(7)
[2024-12-16T01:11:28.000+0700][gc,heap     ] GC(419) Old regions: 562->564
[2024-12-16T01:11:28.000+0700][gc,heap     ] GC(419) Archive regions: 2->2
[2024-12-16T01:11:28.000+0700][gc,heap     ] GC(419) Humongous regions: 129->129
[2024-12-16T01:11:28.000+0700][gc,metaspace] GC(419) Metaspace: 45701K(46208K)->45701K(46208K) NonClass: 40481K(40768K)->40481K(40768K) Class: 5220K(5440K)->5220K(5440K)
[2024-12-16T01:11:28.000+0700][gc          ] GC(419) Pause Young (Normal) (G1 Evacuation Pause) 742M->696M(1024M) 62.874ms
[2024-12-16T01:11:28.000+0700][gc,cpu      ] GC(419) User=0.10s Sys=0.02s Real=0.06s
[2024-12-16T01:13:21.891+0700][gc,start    ] GC(420) Pause Young (Normal) (G1 Evacuation Pause)
[2024-12-16T01:13:21.892+0700][gc,task     ] GC(420) Using 2 workers of 2 for evacuation
[2024-12-16T01:13:21.955+0700][gc,mmu      ] GC(420) MMU target violated: 21.0ms (20.0ms/21.0ms)
[2024-12-16T01:13:21.955+0700][gc,phases   ] GC(420)   Pre Evacuate Collection Set: 6.9ms
[2024-12-16T01:13:21.955+0700][gc,phases   ] GC(420)   Merge Heap Roots: 1.8ms
[2024-12-16T01:13:21.955+0700][gc,phases   ] GC(420)   Evacuate Collection Set: 49.4ms
[2024-12-16T01:13:21.955+0700][gc,phases   ] GC(420)   Post Evacuate Collection Set: 4.6ms
[2024-12-16T01:13:21.955+0700][gc,phases   ] GC(420)   Other: 2.0ms
[2024-12-16T01:13:21.955+0700][gc,heap     ] GC(420) Eden regions: 48->0(45)
[2024-12-16T01:13:21.955+0700][gc,heap     ] GC(420) Survivor regions: 3->6(7)
[2024-12-16T01:13:21.955+0700][gc,heap     ] GC(420) Old regions: 564->564
[2024-12-16T01:13:21.956+0700][gc,heap     ] GC(420) Archive regions: 2->2
[2024-12-16T01:13:21.956+0700][gc,heap     ] GC(420) Humongous regions: 129->129
[2024-12-16T01:13:21.956+0700][gc,metaspace] GC(420) Metaspace: 45701K(46208K)->45701K(46208K) NonClass: 40481K(40768K)->40481K(40768K) Class: 5220K(5440K)->5220K(5440K)
[2024-12-16T01:13:21.956+0700][gc          ] GC(420) Pause Young (Normal) (G1 Evacuation Pause) 744M->699M(1024M) 64.240ms
[2024-12-16T01:13:21.956+0700][gc,cpu      ] GC(420) User=0.11s Sys=0.00s Real=0.07s
[2024-12-16T01:15:08.024+0700][gc,start    ] GC(421) Pause Young (Normal) (G1 Evacuation Pause)
[2024-12-16T01:15:08.024+0700][gc,task     ] GC(421) Using 2 workers of 2 for evacuation
[2024-12-16T01:15:08.112+0700][gc,mmu      ] GC(421) MMU target violated: 21.0ms (20.0ms/21.0ms)
[2024-12-16T01:15:08.112+0700][gc,phases   ] GC(421)   Pre Evacuate Collection Set: 3.6ms
[2024-12-16T01:15:08.112+0700][gc,phases   ] GC(421)   Merge Heap Roots: 0.9ms
[2024-12-16T01:15:08.112+0700][gc,phases   ] GC(421)   Evacuate Collection Set: 78.4ms
[2024-12-16T01:15:08.112+0700][gc,phases   ] GC(421)   Post Evacuate Collection Set: 3.9ms
[2024-12-16T01:15:08.112+0700][gc,phases   ] GC(421)   Other: 1.3ms
[2024-12-16T01:15:08.112+0700][gc,heap     ] GC(421) Eden regions: 45->0(44)
[2024-12-16T01:15:08.112+0700][gc,heap     ] GC(421) Survivor regions: 6->7(7)
[2024-12-16T01:15:08.112+0700][gc,heap     ] GC(421) Old regions: 564->567
[2024-12-16T01:15:08.112+0700][gc,heap     ] GC(421) Archive regions: 2->2
[2024-12-16T01:15:08.112+0700][gc,heap     ] GC(421) Humongous regions: 129->129
[2024-12-16T01:15:08.112+0700][gc,metaspace] GC(421) Metaspace: 45701K(46208K)->45701K(46208K) NonClass: 40481K(40768K)->40481K(40768K) Class: 5220K(5440K)->5220K(5440K)
[2024-12-16T01:15:08.112+0700][gc          ] GC(421) Pause Young (Normal) (G1 Evacuation Pause) 744M->702M(1024M) 88.130ms
[2024-12-16T01:15:08.112+0700][gc,cpu      ] GC(421) User=0.16s Sys=0.01s Real=0.09s
[2024-12-16T01:16:52.021+0700][gc,start    ] GC(422) Pause Young (Normal) (G1 Evacuation Pause)
[2024-12-16T01:16:52.021+0700][gc,task     ] GC(422) Using 2 workers of 2 for evacuation
[2024-12-16T01:16:52.102+0700][gc,mmu      ] GC(422) MMU target violated: 21.0ms (20.0ms/21.0ms)
[2024-12-16T01:16:52.102+0700][gc,phases   ] GC(422)   Pre Evacuate Collection Set: 4.8ms
[2024-12-16T01:16:52.102+0700][gc,phases   ] GC(422)   Merge Heap Roots: 1.1ms
[2024-12-16T01:16:52.102+0700][gc,phases   ] GC(422)   Evacuate Collection Set: 69.9ms
[2024-12-16T01:16:52.102+0700][gc,phases   ] GC(422)   Post Evacuate Collection Set: 4.5ms
[2024-12-16T01:16:52.102+0700][gc,phases   ] GC(422)   Other: 1.4ms
[2024-12-16T01:16:52.102+0700][gc,heap     ] GC(422) Eden regions: 44->0(45)
[2024-12-16T01:16:52.102+0700][gc,heap     ] GC(422) Survivor regions: 7->6(7)
[2024-12-16T01:16:52.102+0700][gc,heap     ] GC(422) Old regions: 567->570
[2024-12-16T01:16:52.102+0700][gc,heap     ] GC(422) Archive regions: 2->2
[2024-12-16T01:16:52.102+0700][gc,heap     ] GC(422) Humongous regions: 129->129
[2024-12-16T01:16:52.102+0700][gc,metaspace] GC(422) Metaspace: 45701K(46208K)->45701K(46208K) NonClass: 40481K(40768K)->40481K(40768K) Class: 5220K(5440K)->5220K(5440K)
[2024-12-16T01:16:52.102+0700][gc          ] GC(422) Pause Young (Normal) (G1 Evacuation Pause) 746M->705M(1024M) 81.633ms
[2024-12-16T01:16:52.103+0700][gc,cpu      ] GC(422) User=0.13s Sys=0.02s Real=0.08s
[2024-12-16T01:18:38.690+0700][gc,start    ] GC(423) Pause Young (Normal) (G1 Evacuation Pause)
[2024-12-16T01:18:38.691+0700][gc,task     ] GC(423) Using 2 workers of 2 for evacuation
[2024-12-16T01:18:38.743+0700][gc,mmu      ] GC(423) MMU target violated: 21.0ms (20.0ms/21.0ms)
[2024-12-16T01:18:38.743+0700][gc,phases   ] GC(423)   Pre Evacuate Collection Set: 3.5ms
[2024-12-16T01:18:38.743+0700][gc,phases   ] GC(423)   Merge Heap Roots: 1.2ms
[2024-12-16T01:18:38.743+0700][gc,phases   ] GC(423)   Evacuate Collection Set: 43.5ms
[2024-12-16T01:18:38.743+0700][gc,phases   ] GC(423)   Post Evacuate Collection Set: 3.4ms
[2024-12-16T01:18:38.743+0700][gc,phases   ] GC(423)   Other: 1.9ms
[2024-12-16T01:18:38.743+0700][gc,heap     ] GC(423) Eden regions: 45->0(47)
[2024-12-16T01:18:38.743+0700][gc,heap     ] GC(423) Survivor regions: 6->4(7)
[2024-12-16T01:18:38.744+0700][gc,heap     ] GC(423) Old regions: 570->572
[2024-12-16T01:18:38.744+0700][gc,heap     ] GC(423) Archive regions: 2->2
[2024-12-16T01:18:38.744+0700][gc,heap     ] GC(423) Humongous regions: 129->129
[2024-12-16T01:18:38.744+0700][gc,metaspace] GC(423) Metaspace: 45701K(46208K)->45701K(46208K) NonClass: 40481K(40768K)->40481K(40768K) Class: 5220K(5440K)->5220K(5440K)
[2024-12-16T01:18:38.744+0700][gc          ] GC(423) Pause Young (Normal) (G1 Evacuation Pause) 750M->705M(1024M) 53.311ms
[2024-12-16T01:18:38.744+0700][gc,cpu      ] GC(423) User=0.10s Sys=0.00s Real=0.05s
[2024-12-16T01:20:29.593+0700][gc,start    ] GC(424) Pause Young (Normal) (G1 Evacuation Pause)
[2024-12-16T01:20:29.593+0700][gc,task     ] GC(424) Using 2 workers of 2 for evacuation
[2024-12-16T01:20:29.646+0700][gc,mmu      ] GC(424) MMU target violated: 21.0ms (20.0ms/21.0ms)
[2024-12-16T01:20:29.646+0700][gc,phases   ] GC(424)   Pre Evacuate Collection Set: 4.5ms
[2024-12-16T01:20:29.646+0700][gc,phases   ] GC(424)   Merge Heap Roots: 0.8ms
[2024-12-16T01:20:29.646+0700][gc,phases   ] GC(424)   Evacuate Collection Set: 44.4ms
[2024-12-16T01:20:29.646+0700][gc,phases   ] GC(424)   Post Evacuate Collection Set: 2.5ms
[2024-12-16T01:20:29.646+0700][gc,phases   ] GC(424)   Other: 1.3ms
[2024-12-16T01:20:29.646+0700][gc,heap     ] GC(424) Eden regions: 47->0(45)
[2024-12-16T01:20:29.646+0700][gc,heap     ] GC(424) Survivor regions: 4->6(7)
[2024-12-16T01:20:29.646+0700][gc,heap     ] GC(424) Old regions: 572->572
[2024-12-16T01:20:29.646+0700][gc,heap     ] GC(424) Archive regions: 2->2
[2024-12-16T01:20:29.646+0700][gc,heap     ] GC(424) Humongous regions: 129->129
[2024-12-16T01:20:29.646+0700][gc,metaspace] GC(424) Metaspace: 45701K(46208K)->45701K(46208K) NonClass: 40481K(40768K)->40481K(40768K) Class: 5220K(5440K)->5220K(5440K)
[2024-12-16T01:20:29.646+0700][gc          ] GC(424) Pause Young (Normal) (G1 Evacuation Pause) 752M->707M(1024M) 53.582ms
[2024-12-16T01:20:29.646+0700][gc,cpu      ] GC(424) User=0.10s Sys=0.00s Real=0.05s
[2024-12-16T01:22:15.612+0700][gc,start    ] GC(425) Pause Young (Normal) (G1 Evacuation Pause)
[2024-12-16T01:22:15.613+0700][gc,task     ] GC(425) Using 2 workers of 2 for evacuation
[2024-12-16T01:22:15.680+0700][gc,mmu      ] GC(425) MMU target violated: 21.0ms (20.0ms/21.0ms)
[2024-12-16T01:22:15.681+0700][gc,phases   ] GC(425)   Pre Evacuate Collection Set: 2.9ms
[2024-12-16T01:22:15.681+0700][gc,phases   ] GC(425)   Merge Heap Roots: 0.8ms
[2024-12-16T01:22:15.681+0700][gc,phases   ] GC(425)   Evacuate Collection Set: 60.0ms
[2024-12-16T01:22:15.681+0700][gc,phases   ] GC(425)   Post Evacuate Collection Set: 3.8ms
[2024-12-16T01:22:15.681+0700][gc,phases   ] GC(425)   Other: 0.9ms
[2024-12-16T01:22:15.681+0700][gc,heap     ] GC(425) Eden regions: 45->0(46)
[2024-12-16T01:22:15.681+0700][gc,heap     ] GC(425) Survivor regions: 6->5(7)
[2024-12-16T01:22:15.681+0700][gc,heap     ] GC(425) Old regions: 572->576
[2024-12-16T01:22:15.681+0700][gc,heap     ] GC(425) Archive regions: 2->2
[2024-12-16T01:22:15.681+0700][gc,heap     ] GC(425) Humongous regions: 129->129
[2024-12-16T01:22:15.681+0700][gc,metaspace] GC(425) Metaspace: 45701K(46208K)->45701K(46208K) NonClass: 40481K(40768K)->40481K(40768K) Class: 5220K(5440K)->5220K(5440K)
[2024-12-16T01:22:15.681+0700][gc          ] GC(425) Pause Young (Normal) (G1 Evacuation Pause) 752M->710M(1024M) 68.530ms
[2024-12-16T01:22:15.681+0700][gc,cpu      ] GC(425) User=0.10s Sys=0.03s Real=0.07s
[2024-12-16T01:24:04.220+0700][gc,start    ] GC(426) Pause Young (Normal) (G1 Evacuation Pause)
[2024-12-16T01:24:04.220+0700][gc,task     ] GC(426) Using 2 workers of 2 for evacuation
[2024-12-16T01:24:04.271+0700][gc,mmu      ] GC(426) MMU target violated: 21.0ms (20.0ms/21.0ms)
[2024-12-16T01:24:04.271+0700][gc,phases   ] GC(426)   Pre Evacuate Collection Set: 3.1ms
[2024-12-16T01:24:04.277+0700][gc,phases   ] GC(426)   Merge Heap Roots: 1.3ms
[2024-12-16T01:24:04.277+0700][gc,phases   ] GC(426)   Evacuate Collection Set: 42.4ms
[2024-12-16T01:24:04.277+0700][gc,phases   ] GC(426)   Post Evacuate Collection Set: 3.5ms
[2024-12-16T01:24:04.277+0700][gc,phases   ] GC(426)   Other: 1.2ms
[2024-12-16T01:24:04.277+0700][gc,heap     ] GC(426) Eden regions: 46->0(48)
[2024-12-16T01:24:04.277+0700][gc,heap     ] GC(426) Survivor regions: 5->3(7)
[2024-12-16T01:24:04.277+0700][gc,heap     ] GC(426) Old regions: 576->578
[2024-12-16T01:24:04.277+0700][gc,heap     ] GC(426) Archive regions: 2->2
[2024-12-16T01:24:04.277+0700][gc,heap     ] GC(426) Humongous regions: 129->129
[2024-12-16T01:24:04.277+0700][gc,metaspace] GC(426) Metaspace: 45701K(46208K)->45701K(46208K) NonClass: 40481K(40768K)->40481K(40768K) Class: 5220K(5440K)->5220K(5440K)
[2024-12-16T01:24:04.277+0700][gc          ] GC(426) Pause Young (Normal) (G1 Evacuation Pause) 756M->710M(1024M) 57.679ms
[2024-12-16T01:24:04.278+0700][gc,cpu      ] GC(426) User=0.09s Sys=0.01s Real=0.06s
[2024-12-16T01:25:50.607+0700][gc,start    ] GC(427) Pause Young (Normal) (G1 Evacuation Pause)
[2024-12-16T01:25:50.607+0700][gc,task     ] GC(427) Using 2 workers of 2 for evacuation
[2024-12-16T01:25:50.657+0700][gc,mmu      ] GC(427) MMU target violated: 21.0ms (20.0ms/21.0ms)
[2024-12-16T01:25:50.657+0700][gc,phases   ] GC(427)   Pre Evacuate Collection Set: 2.9ms
[2024-12-16T01:25:50.657+0700][gc,phases   ] GC(427)   Merge Heap Roots: 1.3ms
[2024-12-16T01:25:50.657+0700][gc,phases   ] GC(427)   Evacuate Collection Set: 41.0ms
[2024-12-16T01:25:50.657+0700][gc,phases   ] GC(427)   Post Evacuate Collection Set: 3.5ms
[2024-12-16T01:25:50.657+0700][gc,phases   ] GC(427)   Other: 1.2ms
[2024-12-16T01:25:50.657+0700][gc,heap     ] GC(427) Eden regions: 48->0(45)
[2024-12-16T01:25:50.657+0700][gc,heap     ] GC(427) Survivor regions: 3->6(7)
[2024-12-16T01:25:50.657+0700][gc,heap     ] GC(427) Old regions: 578->578
[2024-12-16T01:25:50.657+0700][gc,heap     ] GC(427) Archive regions: 2->2
[2024-12-16T01:25:50.657+0700][gc,heap     ] GC(427) Humongous regions: 129->129
[2024-12-16T01:25:50.657+0700][gc,metaspace] GC(427) Metaspace: 45712K(46208K)->45712K(46208K) NonClass: 40492K(40768K)->40492K(40768K) Class: 5220K(5440K)->5220K(5440K)
[2024-12-16T01:25:50.657+0700][gc          ] GC(427) Pause Young (Normal) (G1 Evacuation Pause) 758M->713M(1024M) 50.020ms
[2024-12-16T01:25:50.657+0700][gc,cpu      ] GC(427) User=0.09s Sys=0.00s Real=0.05s
[2024-12-16T01:27:35.605+0700][gc,start    ] GC(428) Pause Young (Normal) (G1 Evacuation Pause)
[2024-12-16T01:27:35.605+0700][gc,task     ] GC(428) Using 2 workers of 2 for evacuation
[2024-12-16T01:27:35.692+0700][gc,mmu      ] GC(428) MMU target violated: 21.0ms (20.0ms/21.0ms)
[2024-12-16T01:27:35.692+0700][gc,phases   ] GC(428)   Pre Evacuate Collection Set: 4.3ms
[2024-12-16T01:27:35.692+0700][gc,phases   ] GC(428)   Merge Heap Roots: 1.2ms
[2024-12-16T01:27:35.692+0700][gc,phases   ] GC(428)   Evacuate Collection Set: 77.1ms
[2024-12-16T01:27:35.692+0700][gc,phases   ] GC(428)   Post Evacuate Collection Set: 3.3ms
[2024-12-16T01:27:35.692+0700][gc,phases   ] GC(428)   Other: 1.9ms
[2024-12-16T01:27:35.692+0700][gc,heap     ] GC(428) Eden regions: 45->0(46)
[2024-12-16T01:27:35.692+0700][gc,heap     ] GC(428) Survivor regions: 6->5(7)
[2024-12-16T01:27:35.692+0700][gc,heap     ] GC(428) Old regions: 578->583
[2024-12-16T01:27:35.692+0700][gc,heap     ] GC(428) Archive regions: 2->2
[2024-12-16T01:27:35.692+0700][gc,heap     ] GC(428) Humongous regions: 129->129
[2024-12-16T01:27:35.692+0700][gc,metaspace] GC(428) Metaspace: 45712K(46208K)->45712K(46208K) NonClass: 40492K(40768K)->40492K(40768K) Class: 5220K(5440K)->5220K(5440K)
[2024-12-16T01:27:35.692+0700][gc          ] GC(428) Pause Young (Normal) (G1 Evacuation Pause) 758M->716M(1024M) 87.572ms
[2024-12-16T01:27:35.692+0700][gc,cpu      ] GC(428) User=0.15s Sys=0.02s Real=0.08s
[2024-12-16T01:29:21.400+0700][gc,start    ] GC(429) Pause Young (Normal) (G1 Evacuation Pause)
[2024-12-16T01:29:21.400+0700][gc,task     ] GC(429) Using 2 workers of 2 for evacuation
[2024-12-16T01:29:21.461+0700][gc,mmu      ] GC(429) MMU target violated: 21.0ms (20.0ms/21.0ms)
[2024-12-16T01:29:21.462+0700][gc,phases   ] GC(429)   Pre Evacuate Collection Set: 5.3ms
[2024-12-16T01:29:21.462+0700][gc,phases   ] GC(429)   Merge Heap Roots: 0.6ms
[2024-12-16T01:29:21.462+0700][gc,phases   ] GC(429)   Evacuate Collection Set: 51.9ms
[2024-12-16T01:29:21.462+0700][gc,phases   ] GC(429)   Post Evacuate Collection Set: 2.7ms
[2024-12-16T01:29:21.462+0700][gc,phases   ] GC(429)   Other: 1.1ms
[2024-12-16T01:29:21.462+0700][gc,heap     ] GC(429) Eden regions: 46->0(46)
[2024-12-16T01:29:21.462+0700][gc,heap     ] GC(429) Survivor regions: 5->5(7)
[2024-12-16T01:29:21.462+0700][gc,heap     ] GC(429) Old regions: 583->585
[2024-12-16T01:29:21.462+0700][gc,heap     ] GC(429) Archive regions: 2->2
[2024-12-16T01:29:21.462+0700][gc,heap     ] GC(429) Humongous regions: 129->129
[2024-12-16T01:29:21.462+0700][gc,metaspace] GC(429) Metaspace: 45713K(46208K)->45713K(46208K) NonClass: 40493K(40768K)->40493K(40768K) Class: 5220K(5440K)->5220K(5440K)
[2024-12-16T01:29:21.462+0700][gc          ] GC(429) Pause Young (Normal) (G1 Evacuation Pause) 762M->719M(1024M) 61.716ms
[2024-12-16T01:29:21.462+0700][gc,cpu      ] GC(429) User=0.12s Sys=0.00s Real=0.06s
[2024-12-16T01:31:07.070+0700][gc,start    ] GC(430) Pause Young (Normal) (G1 Evacuation Pause)
[2024-12-16T01:31:07.071+0700][gc,task     ] GC(430) Using 2 workers of 2 for evacuation
[2024-12-16T01:31:07.143+0700][gc,mmu      ] GC(430) MMU target violated: 21.0ms (20.0ms/21.0ms)
[2024-12-16T01:31:07.143+0700][gc,phases   ] GC(430)   Pre Evacuate Collection Set: 4.3ms
[2024-12-16T01:31:07.143+0700][gc,phases   ] GC(430)   Merge Heap Roots: 1.2ms
[2024-12-16T01:31:07.143+0700][gc,phases   ] GC(430)   Evacuate Collection Set: 62.3ms
[2024-12-16T01:31:07.143+0700][gc,phases   ] GC(430)   Post Evacuate Collection Set: 3.7ms
[2024-12-16T01:31:07.143+0700][gc,phases   ] GC(430)   Other: 1.4ms
[2024-12-16T01:31:07.143+0700][gc,heap     ] GC(430) Eden regions: 46->0(47)
[2024-12-16T01:31:07.143+0700][gc,heap     ] GC(430) Survivor regions: 5->4(7)
[2024-12-16T01:31:07.143+0700][gc,heap     ] GC(430) Old regions: 585->587
[2024-12-16T01:31:07.143+0700][gc,heap     ] GC(430) Archive regions: 2->2
[2024-12-16T01:31:07.143+0700][gc,heap     ] GC(430) Humongous regions: 129->129
[2024-12-16T01:31:07.143+0700][gc,metaspace] GC(430) Metaspace: 45713K(46208K)->45713K(46208K) NonClass: 40493K(40768K)->40493K(40768K) Class: 5220K(5440K)->5220K(5440K)
[2024-12-16T01:31:07.143+0700][gc          ] GC(430) Pause Young (Normal) (G1 Evacuation Pause) 765M->719M(1024M) 72.833ms
[2024-12-16T01:31:07.143+0700][gc,cpu      ] GC(430) User=0.12s Sys=0.01s Real=0.07s
[2024-12-16T01:32:51.417+0700][gc,start    ] GC(431) Pause Young (Normal) (G1 Evacuation Pause)
[2024-12-16T01:32:51.418+0700][gc,task     ] GC(431) Using 2 workers of 2 for evacuation
[2024-12-16T01:32:51.471+0700][gc,mmu      ] GC(431) MMU target violated: 21.0ms (20.0ms/21.0ms)
[2024-12-16T01:32:51.471+0700][gc,phases   ] GC(431)   Pre Evacuate Collection Set: 3.1ms
[2024-12-16T01:32:51.471+0700][gc,phases   ] GC(431)   Merge Heap Roots: 0.8ms
[2024-12-16T01:32:51.471+0700][gc,phases   ] GC(431)   Evacuate Collection Set: 45.6ms
[2024-12-16T01:32:51.471+0700][gc,phases   ] GC(431)   Post Evacuate Collection Set: 3.0ms
[2024-12-16T01:32:51.471+0700][gc,phases   ] GC(431)   Other: 1.3ms
[2024-12-16T01:32:51.471+0700][gc,heap     ] GC(431) Eden regions: 47->0(44)
[2024-12-16T01:32:51.471+0700][gc,heap     ] GC(431) Survivor regions: 4->7(7)
[2024-12-16T01:32:51.471+0700][gc,heap     ] GC(431) Old regions: 587->587
[2024-12-16T01:32:51.471+0700][gc,heap     ] GC(431) Archive regions: 2->2
[2024-12-16T01:32:51.471+0700][gc,heap     ] GC(431) Humongous regions: 129->129
[2024-12-16T01:32:51.471+0700][gc,metaspace] GC(431) Metaspace: 45713K(46208K)->45713K(46208K) NonClass: 40493K(40768K)->40493K(40768K) Class: 5220K(5440K)->5220K(5440K)
[2024-12-16T01:32:51.471+0700][gc          ] GC(431) Pause Young (Normal) (G1 Evacuation Pause) 766M->723M(1024M) 53.801ms
[2024-12-16T01:32:51.471+0700][gc,cpu      ] GC(431) User=0.10s Sys=0.00s Real=0.05s
[2024-12-16T01:34:29.128+0700][gc,start    ] GC(432) Pause Young (Normal) (G1 Evacuation Pause)
[2024-12-16T01:34:29.128+0700][gc,task     ] GC(432) Using 2 workers of 2 for evacuation
[2024-12-16T01:34:29.183+0700][gc,mmu      ] GC(432) MMU target violated: 21.0ms (20.0ms/21.0ms)
[2024-12-16T01:34:29.184+0700][gc,phases   ] GC(432)   Pre Evacuate Collection Set: 3.1ms
[2024-12-16T01:34:29.184+0700][gc,phases   ] GC(432)   Merge Heap Roots: 0.6ms
[2024-12-16T01:34:29.184+0700][gc,phases   ] GC(432)   Evacuate Collection Set: 47.6ms
[2024-12-16T01:34:29.184+0700][gc,phases   ] GC(432)   Post Evacuate Collection Set: 3.8ms
[2024-12-16T01:34:29.184+0700][gc,phases   ] GC(432)   Other: 0.9ms
[2024-12-16T01:34:29.184+0700][gc,heap     ] GC(432) Eden regions: 44->0(48)
[2024-12-16T01:34:29.184+0700][gc,heap     ] GC(432) Survivor regions: 7->3(7)
[2024-12-16T01:34:29.184+0700][gc,heap     ] GC(432) Old regions: 587->591
[2024-12-16T01:34:29.184+0700][gc,heap     ] GC(432) Archive regions: 2->2
[2024-12-16T01:34:29.184+0700][gc,heap     ] GC(432) Humongous regions: 129->129
[2024-12-16T01:34:29.184+0700][gc,metaspace] GC(432) Metaspace: 45714K(46208K)->45714K(46208K) NonClass: 40494K(40768K)->40494K(40768K) Class: 5220K(5440K)->5220K(5440K)
[2024-12-16T01:34:29.184+0700][gc          ] GC(432) Pause Young (Normal) (G1 Evacuation Pause) 767M->723M(1024M) 56.166ms
[2024-12-16T01:34:29.184+0700][gc,cpu      ] GC(432) User=0.09s Sys=0.01s Real=0.05s
[2024-12-16T01:36:20.173+0700][gc,start    ] GC(433) Pause Young (Normal) (G1 Evacuation Pause)
[2024-12-16T01:36:20.173+0700][gc,task     ] GC(433) Using 2 workers of 2 for evacuation
[2024-12-16T01:36:20.226+0700][gc,mmu      ] GC(433) MMU target violated: 21.0ms (20.0ms/21.0ms)
[2024-12-16T01:36:20.226+0700][gc,phases   ] GC(433)   Pre Evacuate Collection Set: 2.8ms
[2024-12-16T01:36:20.226+0700][gc,phases   ] GC(433)   Merge Heap Roots: 1.1ms
[2024-12-16T01:36:20.226+0700][gc,phases   ] GC(433)   Evacuate Collection Set: 45.3ms
[2024-12-16T01:36:20.226+0700][gc,phases   ] GC(433)   Post Evacuate Collection Set: 3.3ms
[2024-12-16T01:36:20.226+0700][gc,phases   ] GC(433)   Other: 1.5ms
[2024-12-16T01:36:20.226+0700][gc,heap     ] GC(433) Eden regions: 48->0(45)
[2024-12-16T01:36:20.226+0700][gc,heap     ] GC(433) Survivor regions: 3->6(7)
[2024-12-16T01:36:20.226+0700][gc,heap     ] GC(433) Old regions: 591->591
[2024-12-16T01:36:20.226+0700][gc,heap     ] GC(433) Archive regions: 2->2
[2024-12-16T01:36:20.226+0700][gc,heap     ] GC(433) Humongous regions: 129->129
[2024-12-16T01:36:20.226+0700][gc,metaspace] GC(433) Metaspace: 45714K(46208K)->45714K(46208K) NonClass: 40494K(40768K)->40494K(40768K) Class: 5220K(5440K)->5220K(5440K)
[2024-12-16T01:36:20.227+0700][gc          ] GC(433) Pause Young (Normal) (G1 Evacuation Pause) 771M->726M(1024M) 53.998ms
[2024-12-16T01:36:20.227+0700][gc,cpu      ] GC(433) User=0.10s Sys=0.00s Real=0.05s
[2024-12-16T01:38:05.896+0700][gc,start    ] GC(434) Pause Young (Normal) (G1 Evacuation Pause)
[2024-12-16T01:38:05.896+0700][gc,task     ] GC(434) Using 2 workers of 2 for evacuation
[2024-12-16T01:38:05.965+0700][gc,mmu      ] GC(434) MMU target violated: 21.0ms (20.0ms/21.0ms)
[2024-12-16T01:38:05.965+0700][gc,phases   ] GC(434)   Pre Evacuate Collection Set: 2.7ms
[2024-12-16T01:38:05.965+0700][gc,phases   ] GC(434)   Merge Heap Roots: 1.1ms
[2024-12-16T01:38:05.965+0700][gc,phases   ] GC(434)   Evacuate Collection Set: 61.0ms
[2024-12-16T01:38:05.965+0700][gc,phases   ] GC(434)   Post Evacuate Collection Set: 3.7ms
[2024-12-16T01:38:05.965+0700][gc,phases   ] GC(434)   Other: 1.2ms
[2024-12-16T01:38:05.965+0700][gc,heap     ] GC(434) Eden regions: 45->0(47)
[2024-12-16T01:38:05.965+0700][gc,heap     ] GC(434) Survivor regions: 6->4(7)
[2024-12-16T01:38:05.965+0700][gc,heap     ] GC(434) Old regions: 591->596
[2024-12-16T01:38:05.965+0700][gc,heap     ] GC(434) Archive regions: 2->2
[2024-12-16T01:38:05.965+0700][gc,heap     ] GC(434) Humongous regions: 129->129
[2024-12-16T01:38:05.965+0700][gc,metaspace] GC(434) Metaspace: 45714K(46208K)->45714K(46208K) NonClass: 40494K(40768K)->40494K(40768K) Class: 5220K(5440K)->5220K(5440K)
[2024-12-16T01:38:05.965+0700][gc          ] GC(434) Pause Young (Normal) (G1 Evacuation Pause) 771M->729M(1024M) 69.704ms
[2024-12-16T01:38:05.965+0700][gc,cpu      ] GC(434) User=0.11s Sys=0.03s Real=0.07s
[2024-12-16T01:39:57.452+0700][gc,start    ] GC(435) Pause Young (Normal) (G1 Evacuation Pause)
[2024-12-16T01:39:57.452+0700][gc,task     ] GC(435) Using 2 workers of 2 for evacuation
[2024-12-16T01:39:57.508+0700][gc,mmu      ] GC(435) MMU target violated: 21.0ms (20.0ms/21.0ms)
[2024-12-16T01:39:57.508+0700][gc,phases   ] GC(435)   Pre Evacuate Collection Set: 2.3ms
[2024-12-16T01:39:57.508+0700][gc,phases   ] GC(435)   Merge Heap Roots: 1.1ms
[2024-12-16T01:39:57.508+0700][gc,phases   ] GC(435)   Evacuate Collection Set: 49.4ms
[2024-12-16T01:39:57.508+0700][gc,phases   ] GC(435)   Post Evacuate Collection Set: 2.3ms
[2024-12-16T01:39:57.508+0700][gc,phases   ] GC(435)   Other: 1.1ms
[2024-12-16T01:39:57.508+0700][gc,heap     ] GC(435) Eden regions: 47->0(45)
[2024-12-16T01:39:57.508+0700][gc,heap     ] GC(435) Survivor regions: 4->6(7)
[2024-12-16T01:39:57.508+0700][gc,heap     ] GC(435) Old regions: 596->598
[2024-12-16T01:39:57.508+0700][gc,heap     ] GC(435) Archive regions: 2->2
[2024-12-16T01:39:57.508+0700][gc,heap     ] GC(435) Humongous regions: 129->129
[2024-12-16T01:39:57.508+0700][gc,metaspace] GC(435) Metaspace: 45714K(46208K)->45714K(46208K) NonClass: 40494K(40768K)->40494K(40768K) Class: 5220K(5440K)->5220K(5440K)
[2024-12-16T01:39:57.508+0700][gc          ] GC(435) Pause Young (Normal) (G1 Evacuation Pause) 776M->732M(1024M) 56.398ms
[2024-12-16T01:39:57.509+0700][gc,cpu      ] GC(435) User=0.10s Sys=0.00s Real=0.06s
[2024-12-16T01:41:38.356+0700][gc,start    ] GC(436) Pause Young (Normal) (G1 Evacuation Pause)
[2024-12-16T01:41:38.356+0700][gc,task     ] GC(436) Using 2 workers of 2 for evacuation
[2024-12-16T01:41:38.416+0700][gc,mmu      ] GC(436) MMU target violated: 21.0ms (20.0ms/21.0ms)
[2024-12-16T01:41:38.416+0700][gc,phases   ] GC(436)   Pre Evacuate Collection Set: 2.7ms
[2024-12-16T01:41:38.416+0700][gc,phases   ] GC(436)   Merge Heap Roots: 0.9ms
[2024-12-16T01:41:38.416+0700][gc,phases   ] GC(436)   Evacuate Collection Set: 52.9ms
[2024-12-16T01:41:38.416+0700][gc,phases   ] GC(436)   Post Evacuate Collection Set: 2.7ms
[2024-12-16T01:41:38.416+0700][gc,phases   ] GC(436)   Other: 1.3ms
[2024-12-16T01:41:38.416+0700][gc,heap     ] GC(436) Eden regions: 45->0(46)
[2024-12-16T01:41:38.416+0700][gc,heap     ] GC(436) Survivor regions: 6->5(7)
[2024-12-16T01:41:38.416+0700][gc,heap     ] GC(436) Old regions: 598->600
[2024-12-16T01:41:38.416+0700][gc,heap     ] GC(436) Archive regions: 2->2
[2024-12-16T01:41:38.416+0700][gc,heap     ] GC(436) Humongous regions: 129->129
[2024-12-16T01:41:38.416+0700][gc,metaspace] GC(436) Metaspace: 45714K(46208K)->45714K(46208K) NonClass: 40494K(40768K)->40494K(40768K) Class: 5220K(5440K)->5220K(5440K)
[2024-12-16T01:41:38.416+0700][gc          ] GC(436) Pause Young (Normal) (G1 Evacuation Pause) 777M->733M(1024M) 60.547ms
[2024-12-16T01:41:38.416+0700][gc,cpu      ] GC(436) User=0.11s Sys=0.00s Real=0.06s
[2024-12-16T01:43:23.327+0700][gc,start    ] GC(437) Pause Young (Normal) (G1 Evacuation Pause)
[2024-12-16T01:43:23.327+0700][gc,task     ] GC(437) Using 2 workers of 2 for evacuation
[2024-12-16T01:43:23.386+0700][gc,mmu      ] GC(437) MMU target violated: 21.0ms (20.0ms/21.0ms)
[2024-12-16T01:43:23.386+0700][gc,phases   ] GC(437)   Pre Evacuate Collection Set: 2.6ms
[2024-12-16T01:43:23.386+0700][gc,phases   ] GC(437)   Merge Heap Roots: 1.0ms
[2024-12-16T01:43:23.386+0700][gc,phases   ] GC(437)   Evacuate Collection Set: 52.0ms
[2024-12-16T01:43:23.386+0700][gc,phases   ] GC(437)   Post Evacuate Collection Set: 2.7ms
[2024-12-16T01:43:23.386+0700][gc,phases   ] GC(437)   Other: 1.4ms
[2024-12-16T01:43:23.386+0700][gc,heap     ] GC(437) Eden regions: 46->0(47)
[2024-12-16T01:43:23.386+0700][gc,heap     ] GC(437) Survivor regions: 5->4(7)
[2024-12-16T01:43:23.386+0700][gc,heap     ] GC(437) Old regions: 600->603
[2024-12-16T01:43:23.386+0700][gc,heap     ] GC(437) Archive regions: 2->2
[2024-12-16T01:43:23.386+0700][gc,heap     ] GC(437) Humongous regions: 129->129
[2024-12-16T01:43:23.386+0700][gc,metaspace] GC(437) Metaspace: 45715K(46208K)->45715K(46208K) NonClass: 40495K(40768K)->40495K(40768K) Class: 5220K(5440K)->5220K(5440K)
[2024-12-16T01:43:23.386+0700][gc          ] GC(437) Pause Young (Normal) (G1 Evacuation Pause) 779M->735M(1024M) 59.636ms
[2024-12-16T01:43:23.386+0700][gc,cpu      ] GC(437) User=0.10s Sys=0.01s Real=0.06s
[2024-12-16T01:45:07.211+0700][gc,start    ] GC(438) Pause Young (Normal) (G1 Evacuation Pause)
[2024-12-16T01:45:07.211+0700][gc,task     ] GC(438) Using 2 workers of 2 for evacuation
[2024-12-16T01:45:07.261+0700][gc,mmu      ] GC(438) MMU target violated: 21.0ms (20.0ms/21.0ms)
[2024-12-16T01:45:07.262+0700][gc,phases   ] GC(438)   Pre Evacuate Collection Set: 2.6ms
[2024-12-16T01:45:07.262+0700][gc,phases   ] GC(438)   Merge Heap Roots: 0.7ms
[2024-12-16T01:45:07.262+0700][gc,phases   ] GC(438)   Evacuate Collection Set: 44.1ms
[2024-12-16T01:45:07.262+0700][gc,phases   ] GC(438)   Post Evacuate Collection Set: 2.3ms
[2024-12-16T01:45:07.262+0700][gc,phases   ] GC(438)   Other: 1.2ms
[2024-12-16T01:45:07.262+0700][gc,heap     ] GC(438) Eden regions: 47->0(44)
[2024-12-16T01:45:07.262+0700][gc,heap     ] GC(438) Survivor regions: 4->7(7)
[2024-12-16T01:45:07.262+0700][gc,heap     ] GC(438) Old regions: 603->603
[2024-12-16T01:45:07.262+0700][gc,heap     ] GC(438) Archive regions: 2->2
[2024-12-16T01:45:07.262+0700][gc,heap     ] GC(438) Humongous regions: 129->129
[2024-12-16T01:45:07.262+0700][gc,metaspace] GC(438) Metaspace: 45757K(46272K)->45757K(46272K) NonClass: 40537K(40832K)->40537K(40832K) Class: 5220K(5440K)->5220K(5440K)
[2024-12-16T01:45:07.262+0700][gc          ] GC(438) Pause Young (Normal) (G1 Evacuation Pause) 782M->738M(1024M) 50.918ms
[2024-12-16T01:45:07.262+0700][gc,cpu      ] GC(438) User=0.10s Sys=0.00s Real=0.05s
[2024-12-16T01:46:41.282+0700][gc,start    ] GC(439) Pause Young (Normal) (G1 Evacuation Pause)
[2024-12-16T01:46:41.282+0700][gc,task     ] GC(439) Using 2 workers of 2 for evacuation
[2024-12-16T01:46:41.363+0700][gc,mmu      ] GC(439) MMU target violated: 21.0ms (20.0ms/21.0ms)
[2024-12-16T01:46:41.363+0700][gc,phases   ] GC(439)   Pre Evacuate Collection Set: 2.4ms
[2024-12-16T01:46:41.363+0700][gc,phases   ] GC(439)   Merge Heap Roots: 0.5ms
[2024-12-16T01:46:41.363+0700][gc,phases   ] GC(439)   Evacuate Collection Set: 75.0ms
[2024-12-16T01:46:41.363+0700][gc,phases   ] GC(439)   Post Evacuate Collection Set: 2.1ms
[2024-12-16T01:46:41.363+0700][gc,phases   ] GC(439)   Other: 1.2ms
[2024-12-16T01:46:41.363+0700][gc,heap     ] GC(439) Eden regions: 44->0(44)
[2024-12-16T01:46:41.363+0700][gc,heap     ] GC(439) Survivor regions: 7->7(7)
[2024-12-16T01:46:41.363+0700][gc,heap     ] GC(439) Old regions: 603->607
[2024-12-16T01:46:41.363+0700][gc,heap     ] GC(439) Archive regions: 2->2
[2024-12-16T01:46:41.363+0700][gc,heap     ] GC(439) Humongous regions: 129->129
[2024-12-16T01:46:41.363+0700][gc,metaspace] GC(439) Metaspace: 45757K(46272K)->45757K(46272K) NonClass: 40537K(40832K)->40537K(40832K) Class: 5220K(5440K)->5220K(5440K)
[2024-12-16T01:46:41.363+0700][gc          ] GC(439) Pause Young (Normal) (G1 Evacuation Pause) 782M->743M(1024M) 81.157ms
[2024-12-16T01:46:41.363+0700][gc,cpu      ] GC(439) User=0.15s Sys=0.01s Real=0.08s
[2024-12-16T01:48:24.272+0700][gc,start    ] GC(440) Pause Young (Normal) (G1 Evacuation Pause)
[2024-12-16T01:48:24.273+0700][gc,task     ] GC(440) Using 2 workers of 2 for evacuation
[2024-12-16T01:48:24.317+0700][gc,mmu      ] GC(440) MMU target violated: 21.0ms (20.0ms/21.0ms)
[2024-12-16T01:48:24.317+0700][gc,phases   ] GC(440)   Pre Evacuate Collection Set: 4.0ms
[2024-12-16T01:48:24.317+0700][gc,phases   ] GC(440)   Merge Heap Roots: 1.0ms
[2024-12-16T01:48:24.317+0700][gc,phases   ] GC(440)   Evacuate Collection Set: 36.6ms
[2024-12-16T01:48:24.317+0700][gc,phases   ] GC(440)   Post Evacuate Collection Set: 2.5ms
[2024-12-16T01:48:24.317+0700][gc,phases   ] GC(440)   Other: 1.2ms
[2024-12-16T01:48:24.318+0700][gc,heap     ] GC(440) Eden regions: 44->0(49)
[2024-12-16T01:48:24.318+0700][gc,heap     ] GC(440) Survivor regions: 7->2(7)
[2024-12-16T01:48:24.318+0700][gc,heap     ] GC(440) Old regions: 607->610
[2024-12-16T01:48:24.318+0700][gc,heap     ] GC(440) Archive regions: 2->2
[2024-12-16T01:48:24.318+0700][gc,heap     ] GC(440) Humongous regions: 129->129
[2024-12-16T01:48:24.318+0700][gc,metaspace] GC(440) Metaspace: 45757K(46272K)->45757K(46272K) NonClass: 40537K(40832K)->40537K(40832K) Class: 5220K(5440K)->5220K(5440K)
[2024-12-16T01:48:24.318+0700][gc          ] GC(440) Pause Young (Normal) (G1 Evacuation Pause) 787M->741M(1024M) 45.299ms
[2024-12-16T01:48:24.318+0700][gc,cpu      ] GC(440) User=0.07s Sys=0.01s Real=0.05s
[2024-12-16T01:50:09.450+0700][gc,start    ] GC(441) Pause Young (Normal) (G1 Evacuation Pause)
[2024-12-16T01:50:09.451+0700][gc,task     ] GC(441) Using 2 workers of 2 for evacuation
[2024-12-16T01:50:09.494+0700][gc,mmu      ] GC(441) MMU target violated: 21.0ms (20.0ms/21.0ms)
[2024-12-16T01:50:09.495+0700][gc,phases   ] GC(441)   Pre Evacuate Collection Set: 3.9ms
[2024-12-16T01:50:09.495+0700][gc,phases   ] GC(441)   Merge Heap Roots: 1.7ms
[2024-12-16T01:50:09.495+0700][gc,phases   ] GC(441)   Evacuate Collection Set: 34.6ms
[2024-12-16T01:50:09.495+0700][gc,phases   ] GC(441)   Post Evacuate Collection Set: 3.0ms
[2024-12-16T01:50:09.495+0700][gc,phases   ] GC(441)   Other: 1.8ms
[2024-12-16T01:50:09.495+0700][gc,heap     ] GC(441) Eden regions: 49->0(46)
[2024-12-16T01:50:09.495+0700][gc,heap     ] GC(441) Survivor regions: 2->5(7)
[2024-12-16T01:50:09.495+0700][gc,heap     ] GC(441) Old regions: 610->610
[2024-12-16T01:50:09.495+0700][gc,heap     ] GC(441) Archive regions: 2->2
[2024-12-16T01:50:09.495+0700][gc,heap     ] GC(441) Humongous regions: 129->129
[2024-12-16T01:50:09.495+0700][gc,metaspace] GC(441) Metaspace: 45781K(46272K)->45781K(46272K) NonClass: 40560K(40832K)->40560K(40832K) Class: 5220K(5440K)->5220K(5440K)
[2024-12-16T01:50:09.495+0700][gc          ] GC(441) Pause Young (Normal) (G1 Evacuation Pause) 790M->744M(1024M) 44.953ms
[2024-12-16T01:50:09.495+0700][gc,cpu      ] GC(441) User=0.08s Sys=0.00s Real=0.05s
[2024-12-16T01:51:55.744+0700][gc,start    ] GC(442) Pause Young (Normal) (G1 Evacuation Pause)
[2024-12-16T01:51:55.745+0700][gc,task     ] GC(442) Using 2 workers of 2 for evacuation
[2024-12-16T01:51:55.805+0700][gc,mmu      ] GC(442) MMU target violated: 21.0ms (20.0ms/21.0ms)
[2024-12-16T01:51:55.806+0700][gc,phases   ] GC(442)   Pre Evacuate Collection Set: 2.3ms
[2024-12-16T01:51:55.806+0700][gc,phases   ] GC(442)   Merge Heap Roots: 0.8ms
[2024-12-16T01:51:55.806+0700][gc,phases   ] GC(442)   Evacuate Collection Set: 54.8ms
[2024-12-16T01:51:55.806+0700][gc,phases   ] GC(442)   Post Evacuate Collection Set: 2.6ms
[2024-12-16T01:51:55.806+0700][gc,phases   ] GC(442)   Other: 1.3ms
[2024-12-16T01:51:55.806+0700][gc,heap     ] GC(442) Eden regions: 46->0(46)
[2024-12-16T01:51:55.806+0700][gc,heap     ] GC(442) Survivor regions: 5->5(7)
[2024-12-16T01:51:55.806+0700][gc,heap     ] GC(442) Old regions: 610->613
[2024-12-16T01:51:55.806+0700][gc,heap     ] GC(442) Archive regions: 2->2
[2024-12-16T01:51:55.806+0700][gc,heap     ] GC(442) Humongous regions: 129->129
[2024-12-16T01:51:55.806+0700][gc,metaspace] GC(442) Metaspace: 45781K(46272K)->45781K(46272K) NonClass: 40560K(40832K)->40560K(40832K) Class: 5220K(5440K)->5220K(5440K)
[2024-12-16T01:51:55.806+0700][gc          ] GC(442) Pause Young (Normal) (G1 Evacuation Pause) 790M->747M(1024M) 61.759ms
[2024-12-16T01:51:55.806+0700][gc,cpu      ] GC(442) User=0.12s Sys=0.00s Real=0.07s
[2024-12-16T01:53:44.298+0700][gc,start    ] GC(443) Pause Young (Normal) (G1 Evacuation Pause)
[2024-12-16T01:53:44.299+0700][gc,task     ] GC(443) Using 2 workers of 2 for evacuation
[2024-12-16T01:53:44.344+0700][gc,mmu      ] GC(443) MMU target violated: 21.0ms (20.0ms/21.0ms)
[2024-12-16T01:53:44.344+0700][gc,phases   ] GC(443)   Pre Evacuate Collection Set: 2.7ms
[2024-12-16T01:53:44.344+0700][gc,phases   ] GC(443)   Merge Heap Roots: 0.7ms
[2024-12-16T01:53:44.344+0700][gc,phases   ] GC(443)   Evacuate Collection Set: 37.7ms
[2024-12-16T01:53:44.344+0700][gc,phases   ] GC(443)   Post Evacuate Collection Set: 3.5ms
[2024-12-16T01:53:44.344+0700][gc,phases   ] GC(443)   Other: 1.4ms
[2024-12-16T01:53:44.344+0700][gc,heap     ] GC(443) Eden regions: 46->0(48)
[2024-12-16T01:53:44.344+0700][gc,heap     ] GC(443) Survivor regions: 5->3(7)
[2024-12-16T01:53:44.344+0700][gc,heap     ] GC(443) Old regions: 613->616
[2024-12-16T01:53:44.344+0700][gc,heap     ] GC(443) Archive regions: 2->2
[2024-12-16T01:53:44.344+0700][gc,heap     ] GC(443) Humongous regions: 129->129
[2024-12-16T01:53:44.344+0700][gc,metaspace] GC(443) Metaspace: 45781K(46272K)->45781K(46272K) NonClass: 40560K(40832K)->40560K(40832K) Class: 5220K(5440K)->5220K(5440K)
[2024-12-16T01:53:44.344+0700][gc          ] GC(443) Pause Young (Normal) (G1 Evacuation Pause) 793M->747M(1024M) 46.112ms
[2024-12-16T01:53:44.344+0700][gc,cpu      ] GC(443) User=0.09s Sys=0.00s Real=0.04s
[2024-12-16T01:55:38.385+0700][gc,start    ] GC(444) Pause Young (Normal) (G1 Evacuation Pause)
[2024-12-16T01:55:38.386+0700][gc,task     ] GC(444) Using 2 workers of 2 for evacuation
[2024-12-16T01:55:38.441+0700][gc,mmu      ] GC(444) MMU target violated: 21.0ms (20.0ms/21.0ms)
[2024-12-16T01:55:38.441+0700][gc,phases   ] GC(444)   Pre Evacuate Collection Set: 3.2ms
[2024-12-16T01:55:38.441+0700][gc,phases   ] GC(444)   Merge Heap Roots: 1.3ms
[2024-12-16T01:55:38.441+0700][gc,phases   ] GC(444)   Evacuate Collection Set: 44.2ms
[2024-12-16T01:55:38.441+0700][gc,phases   ] GC(444)   Post Evacuate Collection Set: 5.8ms
[2024-12-16T01:55:38.442+0700][gc,phases   ] GC(444)   Other: 2.0ms
[2024-12-16T01:55:38.442+0700][gc,heap     ] GC(444) Eden regions: 48->0(45)
[2024-12-16T01:55:38.442+0700][gc,heap     ] GC(444) Survivor regions: 3->6(7)
[2024-12-16T01:55:38.442+0700][gc,heap     ] GC(444) Old regions: 616->616
[2024-12-16T01:55:38.442+0700][gc,heap     ] GC(444) Archive regions: 2->2
[2024-12-16T01:55:38.442+0700][gc,heap     ] GC(444) Humongous regions: 129->129
[2024-12-16T01:55:38.442+0700][gc,metaspace] GC(444) Metaspace: 45781K(46272K)->45781K(46272K) NonClass: 40560K(40832K)->40560K(40832K) Class: 5220K(5440K)->5220K(5440K)
[2024-12-16T01:55:38.442+0700][gc          ] GC(444) Pause Young (Normal) (G1 Evacuation Pause) 795M->750M(1024M) 56.472ms
[2024-12-16T01:55:38.442+0700][gc,cpu      ] GC(444) User=0.09s Sys=0.00s Real=0.05s
[2024-12-16T01:57:24.404+0700][gc,start    ] GC(445) Pause Young (Normal) (G1 Evacuation Pause)
[2024-12-16T01:57:24.404+0700][gc,task     ] GC(445) Using 2 workers of 2 for evacuation
[2024-12-16T01:57:24.466+0700][gc,mmu      ] GC(445) MMU target violated: 21.0ms (20.0ms/21.0ms)
[2024-12-16T01:57:24.466+0700][gc,phases   ] GC(445)   Pre Evacuate Collection Set: 4.2ms
[2024-12-16T01:57:24.466+0700][gc,phases   ] GC(445)   Merge Heap Roots: 0.9ms
[2024-12-16T01:57:24.466+0700][gc,phases   ] GC(445)   Evacuate Collection Set: 53.2ms
[2024-12-16T01:57:24.466+0700][gc,phases   ] GC(445)   Post Evacuate Collection Set: 2.9ms
[2024-12-16T01:57:24.466+0700][gc,phases   ] GC(445)   Other: 1.2ms
[2024-12-16T01:57:24.466+0700][gc,heap     ] GC(445) Eden regions: 45->0(45)
[2024-12-16T01:57:24.466+0700][gc,heap     ] GC(445) Survivor regions: 6->6(7)
[2024-12-16T01:57:24.466+0700][gc,heap     ] GC(445) Old regions: 616->618
[2024-12-16T01:57:24.466+0700][gc,heap     ] GC(445) Archive regions: 2->2
[2024-12-16T01:57:24.466+0700][gc,heap     ] GC(445) Humongous regions: 129->129
[2024-12-16T01:57:24.466+0700][gc,metaspace] GC(445) Metaspace: 45781K(46272K)->45781K(46272K) NonClass: 40561K(40832K)->40561K(40832K) Class: 5220K(5440K)->5220K(5440K)
[2024-12-16T01:57:24.466+0700][gc          ] GC(445) Pause Young (Normal) (G1 Evacuation Pause) 795M->753M(1024M) 62.575ms
[2024-12-16T01:57:24.467+0700][gc,cpu      ] GC(445) User=0.10s Sys=0.01s Real=0.07s
[2024-12-16T01:59:08.537+0700][gc,start    ] GC(446) Pause Young (Normal) (G1 Evacuation Pause)
[2024-12-16T01:59:08.538+0700][gc,task     ] GC(446) Using 2 workers of 2 for evacuation
[2024-12-16T01:59:08.593+0700][gc,mmu      ] GC(446) MMU target violated: 21.0ms (20.0ms/21.0ms)
[2024-12-16T01:59:08.593+0700][gc,phases   ] GC(446)   Pre Evacuate Collection Set: 3.6ms
[2024-12-16T01:59:08.593+0700][gc,phases   ] GC(446)   Merge Heap Roots: 0.4ms
[2024-12-16T01:59:08.594+0700][gc,phases   ] GC(446)   Evacuate Collection Set: 49.3ms
[2024-12-16T01:59:08.594+0700][gc,phases   ] GC(446)   Post Evacuate Collection Set: 2.0ms
[2024-12-16T01:59:08.594+0700][gc,phases   ] GC(446)   Other: 1.0ms
[2024-12-16T01:59:08.594+0700][gc,heap     ] GC(446) Eden regions: 45->0(46)
[2024-12-16T01:59:08.594+0700][gc,heap     ] GC(446) Survivor regions: 6->5(7)
[2024-12-16T01:59:08.594+0700][gc,heap     ] GC(446) Old regions: 618->622
[2024-12-16T01:59:08.594+0700][gc,heap     ] GC(446) Archive regions: 2->2
[2024-12-16T01:59:08.594+0700][gc,heap     ] GC(446) Humongous regions: 129->129
[2024-12-16T01:59:08.594+0700][gc,metaspace] GC(446) Metaspace: 45781K(46272K)->45781K(46272K) NonClass: 40561K(40832K)->40561K(40832K) Class: 5220K(5440K)->5220K(5440K)
[2024-12-16T01:59:08.594+0700][gc          ] GC(446) Pause Young (Normal) (G1 Evacuation Pause) 798M->756M(1024M) 56.401ms
[2024-12-16T01:59:08.594+0700][gc,cpu      ] GC(446) User=0.09s Sys=0.01s Real=0.06s
[2024-12-16T02:00:51.969+0700][gc,start    ] GC(447) Pause Young (Normal) (G1 Evacuation Pause)
[2024-12-16T02:00:51.969+0700][gc,task     ] GC(447) Using 2 workers of 2 for evacuation
[2024-12-16T02:00:52.011+0700][gc,mmu      ] GC(447) MMU target violated: 21.0ms (20.0ms/21.0ms)
[2024-12-16T02:00:52.011+0700][gc,phases   ] GC(447)   Pre Evacuate Collection Set: 3.2ms
[2024-12-16T02:00:52.011+0700][gc,phases   ] GC(447)   Merge Heap Roots: 0.7ms
[2024-12-16T02:00:52.011+0700][gc,phases   ] GC(447)   Evacuate Collection Set: 34.2ms
[2024-12-16T02:00:52.011+0700][gc,phases   ] GC(447)   Post Evacuate Collection Set: 3.2ms
[2024-12-16T02:00:52.011+0700][gc,phases   ] GC(447)   Other: 1.2ms
[2024-12-16T02:00:52.012+0700][gc,heap     ] GC(447) Eden regions: 46->0(48)
[2024-12-16T02:00:52.012+0700][gc,heap     ] GC(447) Survivor regions: 5->3(7)
[2024-12-16T02:00:52.012+0700][gc,heap     ] GC(447) Old regions: 622->624
[2024-12-16T02:00:52.012+0700][gc,heap     ] GC(447) Archive regions: 2->2
[2024-12-16T02:00:52.012+0700][gc,heap     ] GC(447) Humongous regions: 129->129
[2024-12-16T02:00:52.012+0700][gc,metaspace] GC(447) Metaspace: 45781K(46272K)->45781K(46272K) NonClass: 40561K(40832K)->40561K(40832K) Class: 5220K(5440K)->5220K(5440K)
[2024-12-16T02:00:52.012+0700][gc          ] GC(447) Pause Young (Normal) (G1 Evacuation Pause) 802M->756M(1024M) 42.785ms
[2024-12-16T02:00:52.012+0700][gc,cpu      ] GC(447) User=0.08s Sys=0.00s Real=0.04s
[2024-12-16T02:02:38.402+0700][gc,start    ] GC(448) Pause Young (Normal) (G1 Evacuation Pause)
[2024-12-16T02:02:38.402+0700][gc,task     ] GC(448) Using 2 workers of 2 for evacuation
[2024-12-16T02:02:38.452+0700][gc,mmu      ] GC(448) MMU target violated: 21.0ms (20.0ms/21.0ms)
[2024-12-16T02:02:38.452+0700][gc,phases   ] GC(448)   Pre Evacuate Collection Set: 2.9ms
[2024-12-16T02:02:38.452+0700][gc,phases   ] GC(448)   Merge Heap Roots: 0.8ms
[2024-12-16T02:02:38.452+0700][gc,phases   ] GC(448)   Evacuate Collection Set: 42.5ms
[2024-12-16T02:02:38.452+0700][gc,phases   ] GC(448)   Post Evacuate Collection Set: 3.2ms
[2024-12-16T02:02:38.452+0700][gc,phases   ] GC(448)   Other: 1.2ms
[2024-12-16T02:02:38.452+0700][gc,heap     ] GC(448) Eden regions: 48->0(45)
[2024-12-16T02:02:38.452+0700][gc,heap     ] GC(448) Survivor regions: 3->6(7)
[2024-12-16T02:02:38.453+0700][gc,heap     ] GC(448) Old regions: 624->624
[2024-12-16T02:02:38.453+0700][gc,heap     ] GC(448) Archive regions: 2->2
[2024-12-16T02:02:38.453+0700][gc,heap     ] GC(448) Humongous regions: 129->129
[2024-12-16T02:02:38.453+0700][gc,metaspace] GC(448) Metaspace: 45837K(46336K)->45837K(46336K) NonClass: 40617K(40896K)->40617K(40896K) Class: 5220K(5440K)->5220K(5440K)
[2024-12-16T02:02:38.453+0700][gc          ] GC(448) Pause Young (Normal) (G1 Evacuation Pause) 804M->759M(1024M) 50.667ms
[2024-12-16T02:02:38.453+0700][gc,cpu      ] GC(448) User=0.09s Sys=0.00s Real=0.06s
[2024-12-16T02:04:20.075+0700][gc,start    ] GC(449) Pause Young (Normal) (G1 Evacuation Pause)
[2024-12-16T02:04:20.075+0700][gc,task     ] GC(449) Using 2 workers of 2 for evacuation
[2024-12-16T02:04:20.138+0700][gc,mmu      ] GC(449) MMU target violated: 21.0ms (20.0ms/21.0ms)
[2024-12-16T02:04:20.138+0700][gc,phases   ] GC(449)   Pre Evacuate Collection Set: 3.1ms
[2024-12-16T02:04:20.138+0700][gc,phases   ] GC(449)   Merge Heap Roots: 0.7ms
[2024-12-16T02:04:20.138+0700][gc,phases   ] GC(449)   Evacuate Collection Set: 56.9ms
[2024-12-16T02:04:20.138+0700][gc,phases   ] GC(449)   Post Evacuate Collection Set: 2.2ms
[2024-12-16T02:04:20.138+0700][gc,phases   ] GC(449)   Other: 0.8ms
[2024-12-16T02:04:20.138+0700][gc,heap     ] GC(449) Eden regions: 45->0(47)
[2024-12-16T02:04:20.138+0700][gc,heap     ] GC(449) Survivor regions: 6->4(7)
[2024-12-16T02:04:20.138+0700][gc,heap     ] GC(449) Old regions: 624->628
[2024-12-16T02:04:20.138+0700][gc,heap     ] GC(449) Archive regions: 2->2
[2024-12-16T02:04:20.138+0700][gc,heap     ] GC(449) Humongous regions: 129->129
[2024-12-16T02:04:20.138+0700][gc,metaspace] GC(449) Metaspace: 45847K(46336K)->45847K(46336K) NonClass: 40627K(40896K)->40627K(40896K) Class: 5220K(5440K)->5220K(5440K)
[2024-12-16T02:04:20.138+0700][gc          ] GC(449) Pause Young (Normal) (G1 Evacuation Pause) 804M->761M(1024M) 63.747ms
[2024-12-16T02:04:20.138+0700][gc,cpu      ] GC(449) User=0.10s Sys=0.01s Real=0.06s
[2024-12-16T02:06:08.207+0700][gc,start    ] GC(450) Pause Young (Normal) (G1 Evacuation Pause)
[2024-12-16T02:06:08.208+0700][gc,task     ] GC(450) Using 2 workers of 2 for evacuation
[2024-12-16T02:06:08.245+0700][gc,mmu      ] GC(450) MMU target violated: 21.0ms (20.0ms/21.0ms)
[2024-12-16T02:06:08.246+0700][gc,phases   ] GC(450)   Pre Evacuate Collection Set: 2.7ms
[2024-12-16T02:06:08.246+0700][gc,phases   ] GC(450)   Merge Heap Roots: 0.6ms
[2024-12-16T02:06:08.246+0700][gc,phases   ] GC(450)   Evacuate Collection Set: 29.9ms
[2024-12-16T02:06:08.246+0700][gc,phases   ] GC(450)   Post Evacuate Collection Set: 3.9ms
[2024-12-16T02:06:08.246+0700][gc,phases   ] GC(450)   Other: 1.5ms
[2024-12-16T02:06:08.246+0700][gc,heap     ] GC(450) Eden regions: 47->0(48)
[2024-12-16T02:06:08.246+0700][gc,heap     ] GC(450) Survivor regions: 4->3(7)
[2024-12-16T02:06:08.246+0700][gc,heap     ] GC(450) Old regions: 628->630
[2024-12-16T02:06:08.246+0700][gc,heap     ] GC(450) Archive regions: 2->2
[2024-12-16T02:06:08.246+0700][gc,heap     ] GC(450) Humongous regions: 129->129
[2024-12-16T02:06:08.246+0700][gc,metaspace] GC(450) Metaspace: 45847K(46336K)->45847K(46336K) NonClass: 40627K(40896K)->40627K(40896K) Class: 5220K(5440K)->5220K(5440K)
[2024-12-16T02:06:08.246+0700][gc          ] GC(450) Pause Young (Normal) (G1 Evacuation Pause) 808M->762M(1024M) 38.655ms
[2024-12-16T02:06:08.246+0700][gc,cpu      ] GC(450) User=0.07s Sys=0.00s Real=0.04s
[2024-12-16T02:07:52.723+0700][gc,start    ] GC(451) Pause Young (Normal) (G1 Evacuation Pause)
[2024-12-16T02:07:52.724+0700][gc,task     ] GC(451) Using 2 workers of 2 for evacuation
[2024-12-16T02:07:52.772+0700][gc,mmu      ] GC(451) MMU target violated: 21.0ms (20.0ms/21.0ms)
[2024-12-16T02:07:52.772+0700][gc,phases   ] GC(451)   Pre Evacuate Collection Set: 2.5ms
[2024-12-16T02:07:52.772+0700][gc,phases   ] GC(451)   Merge Heap Roots: 0.7ms
[2024-12-16T02:07:52.772+0700][gc,phases   ] GC(451)   Evacuate Collection Set: 41.2ms
[2024-12-16T02:07:52.772+0700][gc,phases   ] GC(451)   Post Evacuate Collection Set: 3.3ms
[2024-12-16T02:07:52.772+0700][gc,phases   ] GC(451)   Other: 1.2ms
[2024-12-16T02:07:52.772+0700][gc,heap     ] GC(451) Eden regions: 48->0(45)
[2024-12-16T02:07:52.772+0700][gc,heap     ] GC(451) Survivor regions: 3->6(7)
[2024-12-16T02:07:52.772+0700][gc,heap     ] GC(451) Old regions: 630->630
[2024-12-16T02:07:52.772+0700][gc,heap     ] GC(451) Archive regions: 2->2
[2024-12-16T02:07:52.772+0700][gc,heap     ] GC(451) Humongous regions: 129->129
[2024-12-16T02:07:52.772+0700][gc,metaspace] GC(451) Metaspace: 45848K(46336K)->45848K(46336K) NonClass: 40628K(40896K)->40628K(40896K) Class: 5220K(5440K)->5220K(5440K)
[2024-12-16T02:07:52.772+0700][gc          ] GC(451) Pause Young (Normal) (G1 Evacuation Pause) 810M->765M(1024M) 48.910ms
[2024-12-16T02:07:52.772+0700][gc,cpu      ] GC(451) User=0.09s Sys=0.00s Real=0.06s
[2024-12-16T02:09:35.832+0700][gc,start    ] GC(452) Pause Young (Normal) (G1 Evacuation Pause)
[2024-12-16T02:09:35.832+0700][gc,task     ] GC(452) Using 2 workers of 2 for evacuation
[2024-12-16T02:09:35.896+0700][gc,mmu      ] GC(452) MMU target violated: 21.0ms (20.0ms/21.0ms)
[2024-12-16T02:09:35.896+0700][gc,phases   ] GC(452)   Pre Evacuate Collection Set: 3.1ms
[2024-12-16T02:09:35.896+0700][gc,phases   ] GC(452)   Merge Heap Roots: 1.1ms
[2024-12-16T02:09:35.896+0700][gc,phases   ] GC(452)   Evacuate Collection Set: 56.7ms
[2024-12-16T02:09:35.896+0700][gc,phases   ] GC(452)   Post Evacuate Collection Set: 2.4ms
[2024-12-16T02:09:35.896+0700][gc,phases   ] GC(452)   Other: 1.2ms
[2024-12-16T02:09:35.896+0700][gc,heap     ] GC(452) Eden regions: 45->0(47)
[2024-12-16T02:09:35.896+0700][gc,heap     ] GC(452) Survivor regions: 6->4(7)
[2024-12-16T02:09:35.896+0700][gc,heap     ] GC(452) Old regions: 630->635
[2024-12-16T02:09:35.896+0700][gc,heap     ] GC(452) Archive regions: 2->2
[2024-12-16T02:09:35.896+0700][gc,heap     ] GC(452) Humongous regions: 129->129
[2024-12-16T02:09:35.896+0700][gc,metaspace] GC(452) Metaspace: 45848K(46336K)->45848K(46336K) NonClass: 40628K(40896K)->40628K(40896K) Class: 5220K(5440K)->5220K(5440K)
[2024-12-16T02:09:35.897+0700][gc          ] GC(452) Pause Young (Normal) (G1 Evacuation Pause) 810M->768M(1024M) 64.628ms
[2024-12-16T02:09:35.897+0700][gc,cpu      ] GC(452) User=0.11s Sys=0.00s Real=0.07s
[2024-12-16T02:11:26.912+0700][gc,start    ] GC(453) Pause Young (Normal) (G1 Evacuation Pause)
[2024-12-16T02:11:26.912+0700][gc,task     ] GC(453) Using 2 workers of 2 for evacuation
[2024-12-16T02:11:26.997+0700][gc,mmu      ] GC(453) MMU target violated: 21.0ms (20.0ms/21.0ms)
[2024-12-16T02:11:26.998+0700][gc,phases   ] GC(453)   Pre Evacuate Collection Set: 4.8ms
[2024-12-16T02:11:26.998+0700][gc,phases   ] GC(453)   Merge Heap Roots: 1.9ms
[2024-12-16T02:11:26.998+0700][gc,phases   ] GC(453)   Evacuate Collection Set: 73.4ms
[2024-12-16T02:11:26.998+0700][gc,phases   ] GC(453)   Post Evacuate Collection Set: 4.6ms
[2024-12-16T02:11:26.998+0700][gc,phases   ] GC(453)   Other: 1.1ms
[2024-12-16T02:11:26.998+0700][gc,heap     ] GC(453) Eden regions: 47->0(46)
[2024-12-16T02:11:26.998+0700][gc,heap     ] GC(453) Survivor regions: 4->5(7)
[2024-12-16T02:11:26.998+0700][gc,heap     ] GC(453) Old regions: 635->637
[2024-12-16T02:11:26.998+0700][gc,heap     ] GC(453) Archive regions: 2->2
[2024-12-16T02:11:26.998+0700][gc,heap     ] GC(453) Humongous regions: 129->129
[2024-12-16T02:11:26.998+0700][gc,metaspace] GC(453) Metaspace: 45848K(46336K)->45848K(46336K) NonClass: 40628K(40896K)->40628K(40896K) Class: 5220K(5440K)->5220K(5440K)
[2024-12-16T02:11:26.998+0700][gc          ] GC(453) Pause Young (Normal) (G1 Evacuation Pause) 815M->771M(1024M) 85.997ms
[2024-12-16T02:11:27.003+0700][gc,cpu      ] GC(453) User=0.15s Sys=0.01s Real=0.09s
[2024-12-16T02:13:13.957+0700][gc,start    ] GC(454) Pause Young (Normal) (G1 Evacuation Pause)
[2024-12-16T02:13:13.957+0700][gc,task     ] GC(454) Using 2 workers of 2 for evacuation
[2024-12-16T02:13:14.000+0700][gc,mmu      ] GC(454) MMU target violated: 21.0ms (20.0ms/21.0ms)
[2024-12-16T02:13:14.000+0700][gc,phases   ] GC(454)   Pre Evacuate Collection Set: 4.0ms
[2024-12-16T02:13:14.000+0700][gc,phases   ] GC(454)   Merge Heap Roots: 0.8ms
[2024-12-16T02:13:14.000+0700][gc,phases   ] GC(454)   Evacuate Collection Set: 35.4ms
[2024-12-16T02:13:14.000+0700][gc,phases   ] GC(454)   Post Evacuate Collection Set: 2.3ms
[2024-12-16T02:13:14.000+0700][gc,phases   ] GC(454)   Other: 0.9ms
[2024-12-16T02:13:14.000+0700][gc,heap     ] GC(454) Eden regions: 46->0(48)
[2024-12-16T02:13:14.000+0700][gc,heap     ] GC(454) Survivor regions: 5->3(7)
[2024-12-16T02:13:14.000+0700][gc,heap     ] GC(454) Old regions: 637->639
[2024-12-16T02:13:14.000+0700][gc,heap     ] GC(454) Archive regions: 2->2
[2024-12-16T02:13:14.000+0700][gc,heap     ] GC(454) Humongous regions: 129->129
[2024-12-16T02:13:14.000+0700][gc,metaspace] GC(454) Metaspace: 45848K(46336K)->45848K(46336K) NonClass: 40628K(40896K)->40628K(40896K) Class: 5220K(5440K)->5220K(5440K)
[2024-12-16T02:13:14.001+0700][gc          ] GC(454) Pause Young (Normal) (G1 Evacuation Pause) 817M->771M(1024M) 43.496ms
[2024-12-16T02:13:14.001+0700][gc,cpu      ] GC(454) User=0.08s Sys=0.01s Real=0.04s
[2024-12-16T02:15:07.440+0700][gc,start    ] GC(455) Pause Young (Normal) (G1 Evacuation Pause)
[2024-12-16T02:15:07.440+0700][gc,task     ] GC(455) Using 2 workers of 2 for evacuation
[2024-12-16T02:15:07.486+0700][gc,mmu      ] GC(455) MMU target violated: 21.0ms (20.0ms/21.0ms)
[2024-12-16T02:15:07.486+0700][gc,phases   ] GC(455)   Pre Evacuate Collection Set: 2.9ms
[2024-12-16T02:15:07.486+0700][gc,phases   ] GC(455)   Merge Heap Roots: 0.7ms
[2024-12-16T02:15:07.486+0700][gc,phases   ] GC(455)   Evacuate Collection Set: 39.1ms
[2024-12-16T02:15:07.486+0700][gc,phases   ] GC(455)   Post Evacuate Collection Set: 2.9ms
[2024-12-16T02:15:07.486+0700][gc,phases   ] GC(455)   Other: 1.1ms
[2024-12-16T02:15:07.486+0700][gc,heap     ] GC(455) Eden regions: 48->0(45)
[2024-12-16T02:15:07.486+0700][gc,heap     ] GC(455) Survivor regions: 3->6(7)
[2024-12-16T02:15:07.486+0700][gc,heap     ] GC(455) Old regions: 639->639
[2024-12-16T02:15:07.486+0700][gc,heap     ] GC(455) Archive regions: 2->2
[2024-12-16T02:15:07.486+0700][gc,heap     ] GC(455) Humongous regions: 129->129
[2024-12-16T02:15:07.486+0700][gc,metaspace] GC(455) Metaspace: 45848K(46336K)->45848K(46336K) NonClass: 40628K(40896K)->40628K(40896K) Class: 5220K(5440K)->5220K(5440K)
[2024-12-16T02:15:07.486+0700][gc          ] GC(455) Pause Young (Normal) (G1 Evacuation Pause) 819M->774M(1024M) 46.971ms
[2024-12-16T02:15:07.487+0700][gc,cpu      ] GC(455) User=0.09s Sys=0.01s Real=0.05s
[2024-12-16T02:16:50.730+0700][gc,start    ] GC(456) Pause Young (Normal) (G1 Evacuation Pause)
[2024-12-16T02:16:50.731+0700][gc,task     ] GC(456) Using 2 workers of 2 for evacuation
[2024-12-16T02:16:50.801+0700][gc,mmu      ] GC(456) MMU target violated: 21.0ms (20.0ms/21.0ms)
[2024-12-16T02:16:50.801+0700][gc,phases   ] GC(456)   Pre Evacuate Collection Set: 3.0ms
[2024-12-16T02:16:50.801+0700][gc,phases   ] GC(456)   Merge Heap Roots: 0.9ms
[2024-12-16T02:16:50.801+0700][gc,phases   ] GC(456)   Evacuate Collection Set: 62.1ms
[2024-12-16T02:16:50.801+0700][gc,phases   ] GC(456)   Post Evacuate Collection Set: 3.8ms
[2024-12-16T02:16:50.801+0700][gc,phases   ] GC(456)   Other: 1.5ms
[2024-12-16T02:16:50.801+0700][gc,heap     ] GC(456) Eden regions: 45->0(46)
[2024-12-16T02:16:50.801+0700][gc,heap     ] GC(456) Survivor regions: 6->5(7)
[2024-12-16T02:16:50.802+0700][gc,heap     ] GC(456) Old regions: 639->643
[2024-12-16T02:16:50.802+0700][gc,heap     ] GC(456) Archive regions: 2->2
[2024-12-16T02:16:50.802+0700][gc,heap     ] GC(456) Humongous regions: 129->129
[2024-12-16T02:16:50.802+0700][gc,metaspace] GC(456) Metaspace: 45848K(46336K)->45848K(46336K) NonClass: 40628K(40896K)->40628K(40896K) Class: 5220K(5440K)->5220K(5440K)
[2024-12-16T02:16:50.802+0700][gc          ] GC(456) Pause Young (Normal) (G1 Evacuation Pause) 819M->777M(1024M) 71.314ms
[2024-12-16T02:16:50.802+0700][gc,cpu      ] GC(456) User=0.12s Sys=0.01s Real=0.07s
[2024-12-16T02:18:39.474+0700][gc,start    ] GC(457) Pause Young (Normal) (G1 Evacuation Pause)
[2024-12-16T02:18:39.474+0700][gc,task     ] GC(457) Using 2 workers of 2 for evacuation
[2024-12-16T02:18:39.542+0700][gc,mmu      ] GC(457) MMU target violated: 21.0ms (20.0ms/21.0ms)
[2024-12-16T02:18:39.542+0700][gc,phases   ] GC(457)   Pre Evacuate Collection Set: 4.5ms
[2024-12-16T02:18:39.542+0700][gc,phases   ] GC(457)   Merge Heap Roots: 2.0ms
[2024-12-16T02:18:39.542+0700][gc,phases   ] GC(457)   Evacuate Collection Set: 55.3ms
[2024-12-16T02:18:39.542+0700][gc,phases   ] GC(457)   Post Evacuate Collection Set: 5.3ms
[2024-12-16T02:18:39.542+0700][gc,phases   ] GC(457)   Other: 1.8ms
[2024-12-16T02:18:39.542+0700][gc,heap     ] GC(457) Eden regions: 46->0(48)
[2024-12-16T02:18:39.542+0700][gc,heap     ] GC(457) Survivor regions: 5->3(7)
[2024-12-16T02:18:39.542+0700][gc,heap     ] GC(457) Old regions: 643->645
[2024-12-16T02:18:39.542+0700][gc,heap     ] GC(457) Archive regions: 2->2
[2024-12-16T02:18:39.542+0700][gc,heap     ] GC(457) Humongous regions: 129->129
[2024-12-16T02:18:39.542+0700][gc,metaspace] GC(457) Metaspace: 45848K(46336K)->45848K(46336K) NonClass: 40628K(40896K)->40628K(40896K) Class: 5220K(5440K)->5220K(5440K)
[2024-12-16T02:18:39.543+0700][gc          ] GC(457) Pause Young (Normal) (G1 Evacuation Pause) 823M->777M(1024M) 68.930ms
[2024-12-16T02:18:39.543+0700][gc,cpu      ] GC(457) User=0.13s Sys=0.00s Real=0.06s
[2024-12-16T02:20:28.909+0700][gc,start    ] GC(458) Pause Young (Normal) (G1 Evacuation Pause)
[2024-12-16T02:20:28.909+0700][gc,task     ] GC(458) Using 2 workers of 2 for evacuation
[2024-12-16T02:20:28.958+0700][gc,mmu      ] GC(458) MMU target violated: 21.0ms (20.0ms/21.0ms)
[2024-12-16T02:20:28.958+0700][gc,phases   ] GC(458)   Pre Evacuate Collection Set: 2.9ms
[2024-12-16T02:20:28.958+0700][gc,phases   ] GC(458)   Merge Heap Roots: 1.3ms
[2024-12-16T02:20:28.958+0700][gc,phases   ] GC(458)   Evacuate Collection Set: 40.9ms
[2024-12-16T02:20:28.958+0700][gc,phases   ] GC(458)   Post Evacuate Collection Set: 3.1ms
[2024-12-16T02:20:28.958+0700][gc,phases   ] GC(458)   Other: 1.4ms
[2024-12-16T02:20:28.958+0700][gc,heap     ] GC(458) Eden regions: 48->0(45)
[2024-12-16T02:20:28.958+0700][gc,heap     ] GC(458) Survivor regions: 3->6(7)
[2024-12-16T02:20:28.958+0700][gc,heap     ] GC(458) Old regions: 645->645
[2024-12-16T02:20:28.958+0700][gc,heap     ] GC(458) Archive regions: 2->2
[2024-12-16T02:20:28.958+0700][gc,heap     ] GC(458) Humongous regions: 129->129
[2024-12-16T02:20:28.958+0700][gc,metaspace] GC(458) Metaspace: 45849K(46336K)->45849K(46336K) NonClass: 40629K(40896K)->40629K(40896K) Class: 5220K(5440K)->5220K(5440K)
[2024-12-16T02:20:28.958+0700][gc          ] GC(458) Pause Young (Normal) (G1 Evacuation Pause) 825M->780M(1024M) 49.629ms
[2024-12-16T02:20:28.959+0700][gc,cpu      ] GC(458) User=0.09s Sys=0.00s Real=0.05s
[2024-12-16T02:22:11.407+0700][gc,start    ] GC(459) Pause Young (Normal) (G1 Evacuation Pause)
[2024-12-16T02:22:11.407+0700][gc,task     ] GC(459) Using 2 workers of 2 for evacuation
[2024-12-16T02:22:11.477+0700][gc,mmu      ] GC(459) MMU target violated: 21.0ms (20.0ms/21.0ms)
[2024-12-16T02:22:11.478+0700][gc,phases   ] GC(459)   Pre Evacuate Collection Set: 3.8ms
[2024-12-16T02:22:11.478+0700][gc,phases   ] GC(459)   Merge Heap Roots: 1.1ms
[2024-12-16T02:22:11.478+0700][gc,phases   ] GC(459)   Evacuate Collection Set: 60.1ms
[2024-12-16T02:22:11.478+0700][gc,phases   ] GC(459)   Post Evacuate Collection Set: 5.1ms
[2024-12-16T02:22:11.478+0700][gc,phases   ] GC(459)   Other: 1.4ms
[2024-12-16T02:22:11.478+0700][gc,heap     ] GC(459) Eden regions: 45->0(44)
[2024-12-16T02:22:11.478+0700][gc,heap     ] GC(459) Survivor regions: 6->7(7)
[2024-12-16T02:22:11.478+0700][gc,heap     ] GC(459) Old regions: 645->647
[2024-12-16T02:22:11.478+0700][gc,heap     ] GC(459) Archive regions: 2->2
[2024-12-16T02:22:11.478+0700][gc,heap     ] GC(459) Humongous regions: 129->129
[2024-12-16T02:22:11.478+0700][gc,metaspace] GC(459) Metaspace: 45849K(46336K)->45849K(46336K) NonClass: 40629K(40896K)->40629K(40896K) Class: 5220K(5440K)->5220K(5440K)
[2024-12-16T02:22:11.478+0700][gc          ] GC(459) Pause Young (Normal) (G1 Evacuation Pause) 825M->783M(1024M) 71.665ms
[2024-12-16T02:22:11.478+0700][gc,cpu      ] GC(459) User=0.13s Sys=0.00s Real=0.07s
[2024-12-16T02:23:54.873+0700][gc,start    ] GC(460) Pause Young (Normal) (G1 Evacuation Pause)
[2024-12-16T02:23:54.873+0700][gc,task     ] GC(460) Using 2 workers of 2 for evacuation
[2024-12-16T02:23:54.968+0700][gc,mmu      ] GC(460) MMU target violated: 21.0ms (20.0ms/21.0ms)
[2024-12-16T02:23:54.968+0700][gc,phases   ] GC(460)   Pre Evacuate Collection Set: 4.7ms
[2024-12-16T02:23:54.968+0700][gc,phases   ] GC(460)   Merge Heap Roots: 1.1ms
[2024-12-16T02:23:54.968+0700][gc,phases   ] GC(460)   Evacuate Collection Set: 85.8ms
[2024-12-16T02:23:54.968+0700][gc,phases   ] GC(460)   Post Evacuate Collection Set: 3.0ms
[2024-12-16T02:23:54.968+0700][gc,phases   ] GC(460)   Other: 1.6ms
[2024-12-16T02:23:54.968+0700][gc,heap     ] GC(460) Eden regions: 44->0(46)
[2024-12-16T02:23:54.968+0700][gc,heap     ] GC(460) Survivor regions: 7->5(7)
[2024-12-16T02:23:54.968+0700][gc,heap     ] GC(460) Old regions: 647->651
[2024-12-16T02:23:54.968+0700][gc,heap     ] GC(460) Archive regions: 2->2
[2024-12-16T02:23:54.968+0700][gc,heap     ] GC(460) Humongous regions: 129->129
[2024-12-16T02:23:54.969+0700][gc,metaspace] GC(460) Metaspace: 45849K(46336K)->45849K(46336K) NonClass: 40629K(40896K)->40629K(40896K) Class: 5220K(5440K)->5220K(5440K)
[2024-12-16T02:23:54.969+0700][gc          ] GC(460) Pause Young (Normal) (G1 Evacuation Pause) 827M->785M(1024M) 96.240ms
[2024-12-16T02:23:54.969+0700][gc,cpu      ] GC(460) User=0.18s Sys=0.01s Real=0.10s
[2024-12-16T02:25:43.424+0700][gc,start    ] GC(461) Pause Young (Normal) (G1 Evacuation Pause)
[2024-12-16T02:25:43.425+0700][gc,task     ] GC(461) Using 2 workers of 2 for evacuation
[2024-12-16T02:25:43.470+0700][gc,mmu      ] GC(461) MMU target violated: 21.0ms (20.0ms/21.0ms)
[2024-12-16T02:25:43.470+0700][gc,phases   ] GC(461)   Pre Evacuate Collection Set: 4.1ms
[2024-12-16T02:25:43.471+0700][gc,phases   ] GC(461)   Merge Heap Roots: 1.3ms
[2024-12-16T02:25:43.471+0700][gc,phases   ] GC(461)   Evacuate Collection Set: 37.4ms
[2024-12-16T02:25:43.471+0700][gc,phases   ] GC(461)   Post Evacuate Collection Set: 2.4ms
[2024-12-16T02:25:43.471+0700][gc,phases   ] GC(461)   Other: 1.3ms
[2024-12-16T02:25:43.471+0700][gc,heap     ] GC(461) Eden regions: 46->0(48)
[2024-12-16T02:25:43.471+0700][gc,heap     ] GC(461) Survivor regions: 5->3(7)
[2024-12-16T02:25:43.471+0700][gc,heap     ] GC(461) Old regions: 651->654
[2024-12-16T02:25:43.471+0700][gc,heap     ] GC(461) Archive regions: 2->2
[2024-12-16T02:25:43.471+0700][gc,heap     ] GC(461) Humongous regions: 129->129
[2024-12-16T02:25:43.471+0700][gc,metaspace] GC(461) Metaspace: 45849K(46336K)->45849K(46336K) NonClass: 40629K(40896K)->40629K(40896K) Class: 5220K(5440K)->5220K(5440K)
[2024-12-16T02:25:43.471+0700][gc          ] GC(461) Pause Young (Normal) (G1 Evacuation Pause) 831M->786M(1024M) 46.585ms
[2024-12-16T02:25:43.471+0700][gc,cpu      ] GC(461) User=0.06s Sys=0.02s Real=0.05s
[2024-12-16T02:27:35.587+0700][gc,start    ] GC(462) Pause Young (Normal) (G1 Evacuation Pause)
[2024-12-16T02:27:35.587+0700][gc,task     ] GC(462) Using 2 workers of 2 for evacuation
[2024-12-16T02:27:35.647+0700][gc,mmu      ] GC(462) MMU target violated: 21.0ms (20.0ms/21.0ms)
[2024-12-16T02:27:35.647+0700][gc,phases   ] GC(462)   Pre Evacuate Collection Set: 2.6ms
[2024-12-16T02:27:35.647+0700][gc,phases   ] GC(462)   Merge Heap Roots: 0.7ms
[2024-12-16T02:27:35.647+0700][gc,phases   ] GC(462)   Evacuate Collection Set: 51.4ms
[2024-12-16T02:27:35.647+0700][gc,phases   ] GC(462)   Post Evacuate Collection Set: 4.2ms
[2024-12-16T02:27:35.647+0700][gc,phases   ] GC(462)   Other: 1.2ms
[2024-12-16T02:27:35.647+0700][gc,heap     ] GC(462) Eden regions: 48->0(45)
[2024-12-16T02:27:35.647+0700][gc,heap     ] GC(462) Survivor regions: 3->6(7)
[2024-12-16T02:27:35.647+0700][gc,heap     ] GC(462) Old regions: 654->654
[2024-12-16T02:27:35.647+0700][gc,heap     ] GC(462) Archive regions: 2->2
[2024-12-16T02:27:35.647+0700][gc,heap     ] GC(462) Humongous regions: 129->129
[2024-12-16T02:27:35.647+0700][gc,metaspace] GC(462) Metaspace: 45849K(46336K)->45849K(46336K) NonClass: 40629K(40896K)->40629K(40896K) Class: 5220K(5440K)->5220K(5440K)
[2024-12-16T02:27:35.647+0700][gc          ] GC(462) Pause Young (Normal) (G1 Evacuation Pause) 834M->788M(1024M) 60.357ms
[2024-12-16T02:27:35.648+0700][gc,cpu      ] GC(462) User=0.11s Sys=0.00s Real=0.06s
[2024-12-16T02:29:18.462+0700][gc,start    ] GC(463) Pause Young (Normal) (G1 Evacuation Pause)
[2024-12-16T02:29:18.462+0700][gc,task     ] GC(463) Using 2 workers of 2 for evacuation
[2024-12-16T02:29:18.541+0700][gc,mmu      ] GC(463) MMU target violated: 21.0ms (20.0ms/21.0ms)
[2024-12-16T02:29:18.542+0700][gc,phases   ] GC(463)   Pre Evacuate Collection Set: 4.3ms
[2024-12-16T02:29:18.542+0700][gc,phases   ] GC(463)   Merge Heap Roots: 1.2ms
[2024-12-16T02:29:18.542+0700][gc,phases   ] GC(463)   Evacuate Collection Set: 69.7ms
[2024-12-16T02:29:18.542+0700][gc,phases   ] GC(463)   Post Evacuate Collection Set: 3.6ms
[2024-12-16T02:29:18.542+0700][gc,phases   ] GC(463)   Other: 1.3ms
[2024-12-16T02:29:18.542+0700][gc,heap     ] GC(463) Eden regions: 45->0(46)
[2024-12-16T02:29:18.542+0700][gc,heap     ] GC(463) Survivor regions: 6->5(7)
[2024-12-16T02:29:18.542+0700][gc,heap     ] GC(463) Old regions: 654->658
[2024-12-16T02:29:18.542+0700][gc,heap     ] GC(463) Archive regions: 2->2
[2024-12-16T02:29:18.542+0700][gc,heap     ] GC(463) Humongous regions: 129->129
[2024-12-16T02:29:18.542+0700][gc,metaspace] GC(463) Metaspace: 45849K(46336K)->45849K(46336K) NonClass: 40629K(40896K)->40629K(40896K) Class: 5220K(5440K)->5220K(5440K)
[2024-12-16T02:29:18.542+0700][gc          ] GC(463) Pause Young (Normal) (G1 Evacuation Pause) 833M->791M(1024M) 80.187ms
[2024-12-16T02:29:18.542+0700][gc,cpu      ] GC(463) User=0.14s Sys=0.01s Real=0.08s
[2024-12-16T02:31:06.762+0700][gc,start    ] GC(464) Pause Young (Normal) (G1 Evacuation Pause)
[2024-12-16T02:31:06.762+0700][gc,task     ] GC(464) Using 2 workers of 2 for evacuation
[2024-12-16T02:31:06.801+0700][gc,mmu      ] GC(464) MMU target violated: 21.0ms (20.0ms/21.0ms)
[2024-12-16T02:31:06.801+0700][gc,phases   ] GC(464)   Pre Evacuate Collection Set: 2.5ms
[2024-12-16T02:31:06.801+0700][gc,phases   ] GC(464)   Merge Heap Roots: 0.7ms
[2024-12-16T02:31:06.801+0700][gc,phases   ] GC(464)   Evacuate Collection Set: 32.9ms
[2024-12-16T02:31:06.801+0700][gc,phases   ] GC(464)   Post Evacuate Collection Set: 2.5ms
[2024-12-16T02:31:06.801+0700][gc,phases   ] GC(464)   Other: 1.3ms
[2024-12-16T02:31:06.801+0700][gc,heap     ] GC(464) Eden regions: 46->0(48)
[2024-12-16T02:31:06.801+0700][gc,heap     ] GC(464) Survivor regions: 5->3(7)
[2024-12-16T02:31:06.801+0700][gc,heap     ] GC(464) Old regions: 658->660
[2024-12-16T02:31:06.801+0700][gc,heap     ] GC(464) Archive regions: 2->2
[2024-12-16T02:31:06.801+0700][gc,heap     ] GC(464) Humongous regions: 129->129
[2024-12-16T02:31:06.801+0700][gc,metaspace] GC(464) Metaspace: 45849K(46336K)->45849K(46336K) NonClass: 40629K(40896K)->40629K(40896K) Class: 5220K(5440K)->5220K(5440K)
[2024-12-16T02:31:06.802+0700][gc          ] GC(464) Pause Young (Normal) (G1 Evacuation Pause) 837M->792M(1024M) 39.913ms
[2024-12-16T02:31:06.802+0700][gc,cpu      ] GC(464) User=0.08s Sys=0.00s Real=0.04s
[2024-12-16T02:32:55.520+0700][gc,start    ] GC(465) Pause Young (Normal) (G1 Evacuation Pause)
[2024-12-16T02:32:55.520+0700][gc,task     ] GC(465) Using 2 workers of 2 for evacuation
[2024-12-16T02:32:55.561+0700][gc,mmu      ] GC(465) MMU target violated: 21.0ms (20.0ms/21.0ms)
[2024-12-16T02:32:55.562+0700][gc,phases   ] GC(465)   Pre Evacuate Collection Set: 2.7ms
[2024-12-16T02:32:55.562+0700][gc,phases   ] GC(465)   Merge Heap Roots: 1.0ms
[2024-12-16T02:32:55.562+0700][gc,phases   ] GC(465)   Evacuate Collection Set: 33.8ms
[2024-12-16T02:32:55.562+0700][gc,phases   ] GC(465)   Post Evacuate Collection Set: 3.5ms
[2024-12-16T02:32:55.562+0700][gc,phases   ] GC(465)   Other: 1.2ms
[2024-12-16T02:32:55.562+0700][gc,heap     ] GC(465) Eden regions: 48->0(45)
[2024-12-16T02:32:55.562+0700][gc,heap     ] GC(465) Survivor regions: 3->6(7)
[2024-12-16T02:32:55.562+0700][gc,heap     ] GC(465) Old regions: 660->660
[2024-12-16T02:32:55.562+0700][gc,heap     ] GC(465) Archive regions: 2->2
[2024-12-16T02:32:55.562+0700][gc,heap     ] GC(465) Humongous regions: 129->129
[2024-12-16T02:32:55.562+0700][gc,metaspace] GC(465) Metaspace: 45850K(46336K)->45850K(46336K) NonClass: 40629K(40896K)->40629K(40896K) Class: 5220K(5440K)->5220K(5440K)
[2024-12-16T02:32:55.562+0700][gc          ] GC(465) Pause Young (Normal) (G1 Evacuation Pause) 840M->795M(1024M) 42.053ms
[2024-12-16T02:32:55.562+0700][gc,cpu      ] GC(465) User=0.07s Sys=0.00s Real=0.04s
[2024-12-16T02:34:39.420+0700][gc,start    ] GC(466) Pause Young (Normal) (G1 Evacuation Pause)
[2024-12-16T02:34:39.420+0700][gc,task     ] GC(466) Using 2 workers of 2 for evacuation
[2024-12-16T02:34:39.478+0700][gc,mmu      ] GC(466) MMU target violated: 21.0ms (20.0ms/21.0ms)
[2024-12-16T02:34:39.478+0700][gc,phases   ] GC(466)   Pre Evacuate Collection Set: 2.7ms
[2024-12-16T02:34:39.478+0700][gc,phases   ] GC(466)   Merge Heap Roots: 0.9ms
[2024-12-16T02:34:39.478+0700][gc,phases   ] GC(466)   Evacuate Collection Set: 51.3ms
[2024-12-16T02:34:39.478+0700][gc,phases   ] GC(466)   Post Evacuate Collection Set: 2.4ms
[2024-12-16T02:34:39.478+0700][gc,phases   ] GC(466)   Other: 1.2ms
[2024-12-16T02:34:39.478+0700][gc,heap     ] GC(466) Eden regions: 45->0(44)
[2024-12-16T02:34:39.478+0700][gc,heap     ] GC(466) Survivor regions: 6->7(7)
[2024-12-16T02:34:39.478+0700][gc,heap     ] GC(466) Old regions: 660->662
[2024-12-16T02:34:39.478+0700][gc,heap     ] GC(466) Archive regions: 2->2
[2024-12-16T02:34:39.478+0700][gc,heap     ] GC(466) Humongous regions: 129->129
[2024-12-16T02:34:39.478+0700][gc,metaspace] GC(466) Metaspace: 45850K(46336K)->45850K(46336K) NonClass: 40630K(40896K)->40630K(40896K) Class: 5220K(5440K)->5220K(5440K)
[2024-12-16T02:34:39.478+0700][gc          ] GC(466) Pause Young (Normal) (G1 Evacuation Pause) 840M->797M(1024M) 58.577ms
[2024-12-16T02:34:39.478+0700][gc,cpu      ] GC(466) User=0.11s Sys=0.01s Real=0.06s
[2024-12-16T02:36:22.695+0700][gc,start    ] GC(467) Pause Young (Normal) (G1 Evacuation Pause)
[2024-12-16T02:36:22.695+0700][gc,task     ] GC(467) Using 2 workers of 2 for evacuation
[2024-12-16T02:36:22.801+0700][gc,mmu      ] GC(467) MMU target violated: 21.0ms (20.0ms/21.0ms)
[2024-12-16T02:36:22.802+0700][gc,phases   ] GC(467)   Pre Evacuate Collection Set: 4.3ms
[2024-12-16T02:36:22.802+0700][gc,phases   ] GC(467)   Merge Heap Roots: 1.0ms
[2024-12-16T02:36:22.802+0700][gc,phases   ] GC(467)   Evacuate Collection Set: 94.3ms
[2024-12-16T02:36:22.802+0700][gc,phases   ] GC(467)   Post Evacuate Collection Set: 6.1ms
[2024-12-16T02:36:22.802+0700][gc,phases   ] GC(467)   Other: 1.3ms
[2024-12-16T02:36:22.802+0700][gc,heap     ] GC(467) Eden regions: 44->0(46)
[2024-12-16T02:36:22.802+0700][gc,heap     ] GC(467) Survivor regions: 7->5(7)
[2024-12-16T02:36:22.802+0700][gc,heap     ] GC(467) Old regions: 662->666
[2024-12-16T02:36:22.802+0700][gc,heap     ] GC(467) Archive regions: 2->2
[2024-12-16T02:36:22.802+0700][gc,heap     ] GC(467) Humongous regions: 129->129
[2024-12-16T02:36:22.802+0700][gc,metaspace] GC(467) Metaspace: 45850K(46336K)->45850K(46336K) NonClass: 40630K(40896K)->40630K(40896K) Class: 5220K(5440K)->5220K(5440K)
[2024-12-16T02:36:22.802+0700][gc          ] GC(467) Pause Young (Normal) (G1 Evacuation Pause) 841M->800M(1024M) 107.135ms
[2024-12-16T02:36:22.802+0700][gc,cpu      ] GC(467) User=0.18s Sys=0.02s Real=0.10s
[2024-12-16T02:38:10.878+0700][gc,start    ] GC(468) Pause Young (Normal) (G1 Evacuation Pause)
[2024-12-16T02:38:10.879+0700][gc,task     ] GC(468) Using 2 workers of 2 for evacuation
[2024-12-16T02:38:10.924+0700][gc,mmu      ] GC(468) MMU target violated: 21.0ms (20.0ms/21.0ms)
[2024-12-16T02:38:10.925+0700][gc,phases   ] GC(468)   Pre Evacuate Collection Set: 3.3ms
[2024-12-16T02:38:10.925+0700][gc,phases   ] GC(468)   Merge Heap Roots: 1.3ms
[2024-12-16T02:38:10.925+0700][gc,phases   ] GC(468)   Evacuate Collection Set: 36.5ms
[2024-12-16T02:38:10.925+0700][gc,phases   ] GC(468)   Post Evacuate Collection Set: 4.0ms
[2024-12-16T02:38:10.925+0700][gc,phases   ] GC(468)   Other: 1.4ms
[2024-12-16T02:38:10.925+0700][gc,heap     ] GC(468) Eden regions: 46->0(48)
[2024-12-16T02:38:10.925+0700][gc,heap     ] GC(468) Survivor regions: 5->3(7)
[2024-12-16T02:38:10.925+0700][gc,heap     ] GC(468) Old regions: 666->668
[2024-12-16T02:38:10.925+0700][gc,heap     ] GC(468) Archive regions: 2->2
[2024-12-16T02:38:10.925+0700][gc,heap     ] GC(468) Humongous regions: 129->129
[2024-12-16T02:38:10.925+0700][gc,metaspace] GC(468) Metaspace: 45850K(46336K)->45850K(46336K) NonClass: 40630K(40896K)->40630K(40896K) Class: 5220K(5440K)->5220K(5440K)
[2024-12-16T02:38:10.925+0700][gc          ] GC(468) Pause Young (Normal) (G1 Evacuation Pause) 846M->800M(1024M) 46.491ms
[2024-12-16T02:38:10.925+0700][gc,cpu      ] GC(468) User=0.09s Sys=0.00s Real=0.05s
[2024-12-16T02:39:58.415+0700][gc,start    ] GC(469) Pause Young (Normal) (G1 Evacuation Pause)
[2024-12-16T02:39:58.415+0700][gc,task     ] GC(469) Using 2 workers of 2 for evacuation
[2024-12-16T02:39:58.471+0700][gc,mmu      ] GC(469) MMU target violated: 21.0ms (20.0ms/21.0ms)
[2024-12-16T02:39:58.471+0700][gc,phases   ] GC(469)   Pre Evacuate Collection Set: 2.8ms
[2024-12-16T02:39:58.471+0700][gc,phases   ] GC(469)   Merge Heap Roots: 1.4ms
[2024-12-16T02:39:58.471+0700][gc,phases   ] GC(469)   Evacuate Collection Set: 47.5ms
[2024-12-16T02:39:58.471+0700][gc,phases   ] GC(469)   Post Evacuate Collection Set: 3.2ms
[2024-12-16T02:39:58.471+0700][gc,phases   ] GC(469)   Other: 1.1ms
[2024-12-16T02:39:58.471+0700][gc,heap     ] GC(469) Eden regions: 48->0(44)
[2024-12-16T02:39:58.471+0700][gc,heap     ] GC(469) Survivor regions: 3->7(7)
[2024-12-16T02:39:58.471+0700][gc,heap     ] GC(469) Old regions: 668->668
[2024-12-16T02:39:58.471+0700][gc,heap     ] GC(469) Archive regions: 2->2
[2024-12-16T02:39:58.471+0700][gc,heap     ] GC(469) Humongous regions: 129->129
[2024-12-16T02:39:58.471+0700][gc,metaspace] GC(469) Metaspace: 45850K(46336K)->45850K(46336K) NonClass: 40630K(40896K)->40630K(40896K) Class: 5220K(5440K)->5220K(5440K)
[2024-12-16T02:39:58.471+0700][gc          ] GC(469) Pause Young (Normal) (G1 Evacuation Pause) 848M->804M(1024M) 56.045ms
[2024-12-16T02:39:58.471+0700][gc,cpu      ] GC(469) User=0.10s Sys=0.00s Real=0.05s
[2024-12-16T02:41:35.590+0700][gc,start    ] GC(470) Pause Young (Normal) (G1 Evacuation Pause)
[2024-12-16T02:41:35.590+0700][gc,task     ] GC(470) Using 2 workers of 2 for evacuation
[2024-12-16T02:41:35.657+0700][gc,mmu      ] GC(470) MMU target violated: 21.0ms (20.0ms/21.0ms)
[2024-12-16T02:41:35.658+0700][gc,phases   ] GC(470)   Pre Evacuate Collection Set: 2.9ms
[2024-12-16T02:41:35.659+0700][gc,phases   ] GC(470)   Merge Heap Roots: 1.4ms
[2024-12-16T02:41:35.659+0700][gc,phases   ] GC(470)   Evacuate Collection Set: 59.0ms
[2024-12-16T02:41:35.659+0700][gc,phases   ] GC(470)   Post Evacuate Collection Set: 3.4ms
[2024-12-16T02:41:35.659+0700][gc,phases   ] GC(470)   Other: 1.3ms
[2024-12-16T02:41:35.659+0700][gc,heap     ] GC(470) Eden regions: 44->0(46)
[2024-12-16T02:41:35.659+0700][gc,heap     ] GC(470) Survivor regions: 7->5(7)
[2024-12-16T02:41:35.659+0700][gc,heap     ] GC(470) Old regions: 668->673
[2024-12-16T02:41:35.659+0700][gc,heap     ] GC(470) Archive regions: 2->2
[2024-12-16T02:41:35.659+0700][gc,heap     ] GC(470) Humongous regions: 129->129
[2024-12-16T02:41:35.659+0700][gc,metaspace] GC(470) Metaspace: 45850K(46336K)->45850K(46336K) NonClass: 40630K(40896K)->40630K(40896K) Class: 5220K(5440K)->5220K(5440K)
[2024-12-16T02:41:35.659+0700][gc          ] GC(470) Pause Young (Normal) (G1 Evacuation Pause) 848M->807M(1024M) 68.959ms
[2024-12-16T02:41:35.659+0700][gc,cpu      ] GC(470) User=0.13s Sys=0.00s Real=0.07s
[2024-12-16T02:43:16.208+0700][gc,start    ] GC(471) Pause Young (Normal) (G1 Evacuation Pause)
[2024-12-16T02:43:16.208+0700][gc,task     ] GC(471) Using 2 workers of 2 for evacuation
[2024-12-16T02:43:16.254+0700][gc,mmu      ] GC(471) MMU target violated: 21.0ms (20.0ms/21.0ms)
[2024-12-16T02:43:16.255+0700][gc,phases   ] GC(471)   Pre Evacuate Collection Set: 2.6ms
[2024-12-16T02:43:16.255+0700][gc,phases   ] GC(471)   Merge Heap Roots: 1.1ms
[2024-12-16T02:43:16.255+0700][gc,phases   ] GC(471)   Evacuate Collection Set: 39.5ms
[2024-12-16T02:43:16.255+0700][gc,phases   ] GC(471)   Post Evacuate Collection Set: 2.9ms
[2024-12-16T02:43:16.255+0700][gc,phases   ] GC(471)   Other: 1.2ms
[2024-12-16T02:43:16.255+0700][gc,heap     ] GC(471) Eden regions: 46->0(47)
[2024-12-16T02:43:16.255+0700][gc,heap     ] GC(471) Survivor regions: 5->4(7)
[2024-12-16T02:43:16.255+0700][gc,heap     ] GC(471) Old regions: 673->675
[2024-12-16T02:43:16.255+0700][gc,heap     ] GC(471) Archive regions: 2->2
[2024-12-16T02:43:16.255+0700][gc,heap     ] GC(471) Humongous regions: 129->129
[2024-12-16T02:43:16.255+0700][gc,metaspace] GC(471) Metaspace: 45850K(46336K)->45850K(46336K) NonClass: 40630K(40896K)->40630K(40896K) Class: 5220K(5440K)->5220K(5440K)
[2024-12-16T02:43:16.255+0700][gc          ] GC(471) Pause Young (Normal) (G1 Evacuation Pause) 853M->808M(1024M) 47.377ms
[2024-12-16T02:43:16.255+0700][gc,cpu      ] GC(471) User=0.08s Sys=0.01s Real=0.05s
[2024-12-16T02:44:51.872+0700][gc,start    ] GC(472) Pause Young (Normal) (G1 Evacuation Pause)
[2024-12-16T02:44:51.872+0700][gc,task     ] GC(472) Using 2 workers of 2 for evacuation
[2024-12-16T02:44:51.948+0700][gc,mmu      ] GC(472) MMU target violated: 21.0ms (20.0ms/21.0ms)
[2024-12-16T02:44:51.948+0700][gc,phases   ] GC(472)   Pre Evacuate Collection Set: 3.5ms
[2024-12-16T02:44:51.948+0700][gc,phases   ] GC(472)   Merge Heap Roots: 1.1ms
[2024-12-16T02:44:51.948+0700][gc,phases   ] GC(472)   Evacuate Collection Set: 67.8ms
[2024-12-16T02:44:51.948+0700][gc,phases   ] GC(472)   Post Evacuate Collection Set: 2.6ms
[2024-12-16T02:44:51.948+0700][gc,phases   ] GC(472)   Other: 1.3ms
[2024-12-16T02:44:51.948+0700][gc,heap     ] GC(472) Eden regions: 47->0(47)
[2024-12-16T02:44:51.948+0700][gc,heap     ] GC(472) Survivor regions: 4->4(7)
[2024-12-16T02:44:51.948+0700][gc,heap     ] GC(472) Old regions: 675->679
[2024-12-16T02:44:51.948+0700][gc,heap     ] GC(472) Archive regions: 2->2
[2024-12-16T02:44:51.948+0700][gc,heap     ] GC(472) Humongous regions: 129->129
[2024-12-16T02:44:51.948+0700][gc,metaspace] GC(472) Metaspace: 46417K(46976K)->46417K(46976K) NonClass: 41038K(41344K)->41038K(41344K) Class: 5379K(5632K)->5379K(5632K)
[2024-12-16T02:44:51.948+0700][gc          ] GC(472) Pause Young (Normal) (G1 Evacuation Pause) 855M->812M(1024M) 76.347ms
[2024-12-16T02:44:51.949+0700][gc,cpu      ] GC(472) User=0.14s Sys=0.01s Real=0.08s
[2024-12-16T02:46:32.376+0700][gc,start    ] GC(473) Pause Young (Normal) (G1 Evacuation Pause)
[2024-12-16T02:46:32.377+0700][gc,task     ] GC(473) Using 2 workers of 2 for evacuation
[2024-12-16T02:46:32.435+0700][gc,mmu      ] GC(473) MMU target violated: 21.0ms (20.0ms/21.0ms)
[2024-12-16T02:46:32.435+0700][gc,phases   ] GC(473)   Pre Evacuate Collection Set: 2.2ms
[2024-12-16T02:46:32.435+0700][gc,phases   ] GC(473)   Merge Heap Roots: 1.4ms
[2024-12-16T02:46:32.436+0700][gc,phases   ] GC(473)   Evacuate Collection Set: 51.7ms
[2024-12-16T02:46:32.436+0700][gc,phases   ] GC(473)   Post Evacuate Collection Set: 3.1ms
[2024-12-16T02:46:32.436+0700][gc,phases   ] GC(473)   Other: 1.1ms
[2024-12-16T02:46:32.436+0700][gc,heap     ] GC(473) Eden regions: 47->0(44)
[2024-12-16T02:46:32.436+0700][gc,heap     ] GC(473) Survivor regions: 4->7(7)
[2024-12-16T02:46:32.436+0700][gc,heap     ] GC(473) Old regions: 679->679
[2024-12-16T02:46:32.436+0700][gc,heap     ] GC(473) Archive regions: 2->2
[2024-12-16T02:46:32.436+0700][gc,heap     ] GC(473) Humongous regions: 129->129
[2024-12-16T02:46:32.436+0700][gc,metaspace] GC(473) Metaspace: 46687K(47296K)->46687K(47296K) NonClass: 41242K(41536K)->41242K(41536K) Class: 5444K(5760K)->5444K(5760K)
[2024-12-16T02:46:32.436+0700][gc          ] GC(473) Pause Young (Normal) (G1 Evacuation Pause) 859M->815M(1024M) 59.492ms
[2024-12-16T02:46:32.436+0700][gc,cpu      ] GC(473) User=0.11s Sys=0.00s Real=0.06s
[2024-12-16T02:48:13.131+0700][gc,start    ] GC(474) Pause Young (Normal) (G1 Evacuation Pause)
[2024-12-16T02:48:13.131+0700][gc,task     ] GC(474) Using 2 workers of 2 for evacuation
[2024-12-16T02:48:13.198+0700][gc,mmu      ] GC(474) MMU target violated: 21.0ms (20.0ms/21.0ms)
[2024-12-16T02:48:13.199+0700][gc,phases   ] GC(474)   Pre Evacuate Collection Set: 2.5ms
[2024-12-16T02:48:13.199+0700][gc,phases   ] GC(474)   Merge Heap Roots: 0.6ms
[2024-12-16T02:48:13.199+0700][gc,phases   ] GC(474)   Evacuate Collection Set: 61.2ms
[2024-12-16T02:48:13.199+0700][gc,phases   ] GC(474)   Post Evacuate Collection Set: 2.3ms
[2024-12-16T02:48:13.199+0700][gc,phases   ] GC(474)   Other: 1.0ms
[2024-12-16T02:48:13.199+0700][gc,heap     ] GC(474) Eden regions: 44->0(46)
[2024-12-16T02:48:13.199+0700][gc,heap     ] GC(474) Survivor regions: 7->5(7)
[2024-12-16T02:48:13.199+0700][gc,heap     ] GC(474) Old regions: 679->685
[2024-12-16T02:48:13.199+0700][gc,heap     ] GC(474) Archive regions: 2->2
[2024-12-16T02:48:13.199+0700][gc,heap     ] GC(474) Humongous regions: 129->129
[2024-12-16T02:48:13.199+0700][gc,metaspace] GC(474) Metaspace: 46687K(47296K)->46687K(47296K) NonClass: 41242K(41536K)->41242K(41536K) Class: 5444K(5760K)->5444K(5760K)
[2024-12-16T02:48:13.199+0700][gc          ] GC(474) Pause Young (Normal) (G1 Evacuation Pause) 859M->818M(1024M) 67.660ms
[2024-12-16T02:48:13.199+0700][gc,cpu      ] GC(474) User=0.13s Sys=0.00s Real=0.07s
[2024-12-16T02:50:00.362+0700][gc,start    ] GC(475) Pause Young (Concurrent Start) (G1 Evacuation Pause)
[2024-12-16T02:50:00.362+0700][gc,task     ] GC(475) Using 2 workers of 2 for evacuation
[2024-12-16T02:50:00.427+0700][gc,mmu      ] GC(475) MMU target violated: 21.0ms (20.0ms/21.0ms)
[2024-12-16T02:50:00.427+0700][gc,phases   ] GC(475)   Pre Evacuate Collection Set: 4.7ms
[2024-12-16T02:50:00.427+0700][gc,phases   ] GC(475)   Merge Heap Roots: 0.8ms
[2024-12-16T02:50:00.427+0700][gc,phases   ] GC(475)   Evacuate Collection Set: 56.3ms
[2024-12-16T02:50:00.427+0700][gc,phases   ] GC(475)   Post Evacuate Collection Set: 2.1ms
[2024-12-16T02:50:00.427+0700][gc,phases   ] GC(475)   Other: 1.5ms
[2024-12-16T02:50:00.427+0700][gc,heap     ] GC(475) Eden regions: 46->0(46)
[2024-12-16T02:50:00.427+0700][gc,heap     ] GC(475) Survivor regions: 5->5(7)
[2024-12-16T02:50:00.427+0700][gc,heap     ] GC(475) Old regions: 685->687
[2024-12-16T02:50:00.427+0700][gc,heap     ] GC(475) Archive regions: 2->2
[2024-12-16T02:50:00.427+0700][gc,heap     ] GC(475) Humongous regions: 129->129
[2024-12-16T02:50:00.427+0700][gc,metaspace] GC(475) Metaspace: 46687K(47296K)->46687K(47296K) NonClass: 41242K(41536K)->41242K(41536K) Class: 5444K(5760K)->5444K(5760K)
[2024-12-16T02:50:00.427+0700][gc          ] GC(475) Pause Young (Concurrent Start) (G1 Evacuation Pause) 864M->821M(1024M) 65.602ms
[2024-12-16T02:50:00.427+0700][gc,cpu      ] GC(475) User=0.12s Sys=0.01s Real=0.07s
[2024-12-16T02:50:00.427+0700][gc          ] GC(476) Concurrent Mark Cycle
[2024-12-16T02:50:00.428+0700][gc,marking  ] GC(476) Concurrent Clear Claimed Marks
[2024-12-16T02:50:00.428+0700][gc,marking  ] GC(476) Concurrent Clear Claimed Marks 0.148ms
[2024-12-16T02:50:00.428+0700][gc,marking  ] GC(476) Concurrent Scan Root Regions
[2024-12-16T02:50:00.448+0700][gc,marking  ] GC(476) Concurrent Scan Root Regions 20.352ms
[2024-12-16T02:50:00.448+0700][gc,marking  ] GC(476) Concurrent Mark
[2024-12-16T02:50:00.448+0700][gc,marking  ] GC(476) Concurrent Mark From Roots
[2024-12-16T02:50:00.448+0700][gc,task     ] GC(476) Using 1 workers of 1 for marking
[2024-12-16T02:50:00.607+0700][gc,marking  ] GC(476) Concurrent Mark From Roots 158.650ms
[2024-12-16T02:50:00.607+0700][gc,marking  ] GC(476) Concurrent Preclean
[2024-12-16T02:50:00.607+0700][gc,marking  ] GC(476) Concurrent Preclean 0.245ms
[2024-12-16T02:50:00.607+0700][gc,start    ] GC(476) Pause Remark
[2024-12-16T02:50:00.649+0700][gc,mmu      ] GC(476) MMU target violated: 21.0ms (20.0ms/21.0ms)
[2024-12-16T02:50:00.649+0700][gc          ] GC(476) Pause Remark 822M->541M(1024M) 41.960ms
[2024-12-16T02:50:00.649+0700][gc,cpu      ] GC(476) User=0.08s Sys=0.00s Real=0.04s
[2024-12-16T02:50:00.650+0700][gc,marking  ] GC(476) Concurrent Mark 201.403ms
[2024-12-16T02:50:00.650+0700][gc,marking  ] GC(476) Concurrent Rebuild Remembered Sets
[2024-12-16T02:50:00.707+0700][gc,marking  ] GC(476) Concurrent Rebuild Remembered Sets 57.245ms
[2024-12-16T02:50:00.707+0700][gc,start    ] GC(476) Pause Cleanup
[2024-12-16T02:50:00.708+0700][gc          ] GC(476) Pause Cleanup 541M->541M(1024M) 0.912ms
[2024-12-16T02:50:00.708+0700][gc,cpu      ] GC(476) User=0.00s Sys=0.00s Real=0.00s
[2024-12-16T02:50:00.708+0700][gc,marking  ] GC(476) Concurrent Cleanup for Next Mark
[2024-12-16T02:50:00.749+0700][gc,marking  ] GC(476) Concurrent Cleanup for Next Mark 40.900ms
[2024-12-16T02:50:00.749+0700][gc          ] GC(476) Concurrent Mark Cycle 321.809ms
[2024-12-16T02:51:45.095+0700][gc,start    ] GC(477) Pause Young (Prepare Mixed) (G1 Evacuation Pause)
[2024-12-16T02:51:45.095+0700][gc,task     ] GC(477) Using 2 workers of 2 for evacuation
[2024-12-16T02:51:45.141+0700][gc,mmu      ] GC(477) MMU target violated: 21.0ms (20.0ms/21.0ms)
[2024-12-16T02:51:45.142+0700][gc,phases   ] GC(477)   Pre Evacuate Collection Set: 2.9ms
[2024-12-16T02:51:45.142+0700][gc,phases   ] GC(477)   Merge Heap Roots: 0.8ms
[2024-12-16T02:51:45.142+0700][gc,phases   ] GC(477)   Evacuate Collection Set: 39.4ms
[2024-12-16T02:51:45.142+0700][gc,phases   ] GC(477)   Post Evacuate Collection Set: 2.5ms
[2024-12-16T02:51:45.142+0700][gc,phases   ] GC(477)   Other: 1.1ms
[2024-12-16T02:51:45.142+0700][gc,heap     ] GC(477) Eden regions: 46->0(47)
[2024-12-16T02:51:45.142+0700][gc,heap     ] GC(477) Survivor regions: 5->4(7)
[2024-12-16T02:51:45.142+0700][gc,heap     ] GC(477) Old regions: 406->408
[2024-12-16T02:51:45.142+0700][gc,heap     ] GC(477) Archive regions: 2->2
[2024-12-16T02:51:45.142+0700][gc,heap     ] GC(477) Humongous regions: 129->129
[2024-12-16T02:51:45.142+0700][gc,metaspace] GC(477) Metaspace: 46742K(47360K)->46742K(47360K) NonClass: 41287K(41600K)->41287K(41600K) Class: 5455K(5760K)->5455K(5760K)
[2024-12-16T02:51:45.142+0700][gc          ] GC(477) Pause Young (Prepare Mixed) (G1 Evacuation Pause) 586M->541M(1024M) 46.925ms
[2024-12-16T02:51:45.142+0700][gc,cpu      ] GC(477) User=0.09s Sys=0.00s Real=0.04s
[2024-12-16T02:53:35.589+0700][gc,start    ] GC(478) Pause Young (Mixed) (G1 Evacuation Pause)
[2024-12-16T02:53:35.589+0700][gc,task     ] GC(478) Using 2 workers of 2 for evacuation
[2024-12-16T02:53:35.651+0700][gc,mmu      ] GC(478) MMU target violated: 21.0ms (20.0ms/21.0ms)
[2024-12-16T02:53:35.651+0700][gc,phases   ] GC(478)   Pre Evacuate Collection Set: 4.2ms
[2024-12-16T02:53:35.651+0700][gc,phases   ] GC(478)   Merge Heap Roots: 1.0ms
[2024-12-16T02:53:35.651+0700][gc,phases   ] GC(478)   Evacuate Collection Set: 52.3ms
[2024-12-16T02:53:35.651+0700][gc,phases   ] GC(478)   Post Evacuate Collection Set: 3.4ms
[2024-12-16T02:53:35.651+0700][gc,phases   ] GC(478)   Other: 1.5ms
[2024-12-16T02:53:35.651+0700][gc,heap     ] GC(478) Eden regions: 47->0(44)
[2024-12-16T02:53:35.651+0700][gc,heap     ] GC(478) Survivor regions: 4->7(7)
[2024-12-16T02:53:35.651+0700][gc,heap     ] GC(478) Old regions: 408->367
[2024-12-16T02:53:35.651+0700][gc,heap     ] GC(478) Archive regions: 2->2
[2024-12-16T02:53:35.651+0700][gc,heap     ] GC(478) Humongous regions: 129->129
[2024-12-16T02:53:35.651+0700][gc,metaspace] GC(478) Metaspace: 46742K(47360K)->46742K(47360K) NonClass: 41287K(41600K)->41287K(41600K) Class: 5455K(5760K)->5455K(5760K)
[2024-12-16T02:53:35.651+0700][gc          ] GC(478) Pause Young (Mixed) (G1 Evacuation Pause) 588M->502M(1024M) 62.218ms
[2024-12-16T02:53:35.651+0700][gc,cpu      ] GC(478) User=0.12s Sys=0.00s Real=0.06s
[2024-12-16T02:55:14.310+0700][gc,start    ] GC(479) Pause Young (Mixed) (G1 Evacuation Pause)
[2024-12-16T02:55:14.310+0700][gc,task     ] GC(479) Using 2 workers of 2 for evacuation
[2024-12-16T02:55:14.371+0700][gc,mmu      ] GC(479) MMU target violated: 21.0ms (20.0ms/21.0ms)
[2024-12-16T02:55:14.371+0700][gc,phases   ] GC(479)   Pre Evacuate Collection Set: 3.8ms
[2024-12-16T02:55:14.371+0700][gc,phases   ] GC(479)   Merge Heap Roots: 1.0ms
[2024-12-16T02:55:14.371+0700][gc,phases   ] GC(479)   Evacuate Collection Set: 52.6ms
[2024-12-16T02:55:14.371+0700][gc,phases   ] GC(479)   Post Evacuate Collection Set: 3.3ms
[2024-12-16T02:55:14.371+0700][gc,phases   ] GC(479)   Other: 1.1ms
[2024-12-16T02:55:14.371+0700][gc,heap     ] GC(479) Eden regions: 44->0(46)
[2024-12-16T02:55:14.371+0700][gc,heap     ] GC(479) Survivor regions: 7->5(7)
[2024-12-16T02:55:14.371+0700][gc,heap     ] GC(479) Old regions: 367->330
[2024-12-16T02:55:14.371+0700][gc,heap     ] GC(479) Archive regions: 2->2
[2024-12-16T02:55:14.371+0700][gc,heap     ] GC(479) Humongous regions: 129->129
[2024-12-16T02:55:14.371+0700][gc,metaspace] GC(479) Metaspace: 46870K(47488K)->46870K(47488K) NonClass: 41385K(41728K)->41385K(41728K) Class: 5484K(5760K)->5484K(5760K)
[2024-12-16T02:55:14.371+0700][gc          ] GC(479) Pause Young (Mixed) (G1 Evacuation Pause) 546M->463M(1024M) 61.816ms
[2024-12-16T02:55:14.371+0700][gc,cpu      ] GC(479) User=0.12s Sys=0.00s Real=0.06s
[2024-12-16T02:56:55.968+0700][gc,start    ] GC(480) Pause Young (Mixed) (G1 Evacuation Pause)
[2024-12-16T02:56:55.969+0700][gc,task     ] GC(480) Using 2 workers of 2 for evacuation
[2024-12-16T02:56:56.031+0700][gc,mmu      ] GC(480) MMU target violated: 21.0ms (20.0ms/21.0ms)
[2024-12-16T02:56:56.031+0700][gc,phases   ] GC(480)   Pre Evacuate Collection Set: 4.3ms
[2024-12-16T02:56:56.031+0700][gc,phases   ] GC(480)   Merge Heap Roots: 1.8ms
[2024-12-16T02:56:56.031+0700][gc,phases   ] GC(480)   Evacuate Collection Set: 51.2ms
[2024-12-16T02:56:56.031+0700][gc,phases   ] GC(480)   Post Evacuate Collection Set: 4.1ms
[2024-12-16T02:56:56.031+0700][gc,phases   ] GC(480)   Other: 1.3ms
[2024-12-16T02:56:56.031+0700][gc,heap     ] GC(480) Eden regions: 46->0(46)
[2024-12-16T02:56:56.031+0700][gc,heap     ] GC(480) Survivor regions: 5->5(7)
[2024-12-16T02:56:56.031+0700][gc,heap     ] GC(480) Old regions: 330->290
[2024-12-16T02:56:56.031+0700][gc,heap     ] GC(480) Archive regions: 2->2
[2024-12-16T02:56:56.031+0700][gc,heap     ] GC(480) Humongous regions: 129->129
[2024-12-16T02:56:56.031+0700][gc,metaspace] GC(480) Metaspace: 46932K(47552K)->46932K(47552K) NonClass: 41438K(41792K)->41438K(41792K) Class: 5493K(5760K)->5493K(5760K)
[2024-12-16T02:56:56.031+0700][gc          ] GC(480) Pause Young (Mixed) (G1 Evacuation Pause) 509M->424M(1024M) 62.770ms
[2024-12-16T02:56:56.031+0700][gc,cpu      ] GC(480) User=0.11s Sys=0.00s Real=0.06s
[2024-12-16T02:58:37.166+0700][gc,start    ] GC(481) Pause Young (Mixed) (G1 Evacuation Pause)
[2024-12-16T02:58:37.166+0700][gc,task     ] GC(481) Using 2 workers of 2 for evacuation
[2024-12-16T02:58:37.223+0700][gc,mmu      ] GC(481) MMU target violated: 21.0ms (20.0ms/21.0ms)
[2024-12-16T02:58:37.224+0700][gc,phases   ] GC(481)   Pre Evacuate Collection Set: 2.7ms
[2024-12-16T02:58:37.224+0700][gc,phases   ] GC(481)   Merge Heap Roots: 0.9ms
[2024-12-16T02:58:37.224+0700][gc,phases   ] GC(481)   Evacuate Collection Set: 48.0ms
[2024-12-16T02:58:37.224+0700][gc,phases   ] GC(481)   Post Evacuate Collection Set: 4.7ms
[2024-12-16T02:58:37.224+0700][gc,phases   ] GC(481)   Other: 1.4ms
[2024-12-16T02:58:37.224+0700][gc,heap     ] GC(481) Eden regions: 46->0(47)
[2024-12-16T02:58:37.224+0700][gc,heap     ] GC(481) Survivor regions: 5->4(7)
[2024-12-16T02:58:37.224+0700][gc,heap     ] GC(481) Old regions: 290->250
[2024-12-16T02:58:37.224+0700][gc,heap     ] GC(481) Archive regions: 2->2
[2024-12-16T02:58:37.224+0700][gc,heap     ] GC(481) Humongous regions: 129->129
[2024-12-16T02:58:37.224+0700][gc,metaspace] GC(481) Metaspace: 46932K(47552K)->46932K(47552K) NonClass: 41438K(41792K)->41438K(41792K) Class: 5493K(5760K)->5493K(5760K)
[2024-12-16T02:58:37.224+0700][gc          ] GC(481) Pause Young (Mixed) (G1 Evacuation Pause) 470M->383M(1024M) 57.840ms
[2024-12-16T02:58:37.224+0700][gc,cpu      ] GC(481) User=0.10s Sys=0.00s Real=0.05s
[2024-12-16T03:00:20.509+0700][gc,start    ] GC(482) Pause Young (Mixed) (G1 Evacuation Pause)
[2024-12-16T03:00:20.510+0700][gc,task     ] GC(482) Using 2 workers of 2 for evacuation
[2024-12-16T03:00:20.591+0700][gc,mmu      ] GC(482) MMU target violated: 21.0ms (20.0ms/21.0ms)
[2024-12-16T03:00:20.592+0700][gc,phases   ] GC(482)   Pre Evacuate Collection Set: 4.4ms
[2024-12-16T03:00:20.592+0700][gc,phases   ] GC(482)   Merge Heap Roots: 1.9ms
[2024-12-16T03:00:20.592+0700][gc,phases   ] GC(482)   Evacuate Collection Set: 70.3ms
[2024-12-16T03:00:20.592+0700][gc,phases   ] GC(482)   Post Evacuate Collection Set: 4.6ms
[2024-12-16T03:00:20.592+0700][gc,phases   ] GC(482)   Other: 1.4ms
[2024-12-16T03:00:20.592+0700][gc,heap     ] GC(482) Eden regions: 47->0(44)
[2024-12-16T03:00:20.592+0700][gc,heap     ] GC(482) Survivor regions: 4->7(7)
[2024-12-16T03:00:20.592+0700][gc,heap     ] GC(482) Old regions: 250->209
[2024-12-16T03:00:20.592+0700][gc,heap     ] GC(482) Archive regions: 2->2
[2024-12-16T03:00:20.592+0700][gc,heap     ] GC(482) Humongous regions: 129->129
[2024-12-16T03:00:20.592+0700][gc,metaspace] GC(482) Metaspace: 46932K(47552K)->46932K(47552K) NonClass: 41439K(41792K)->41439K(41792K) Class: 5493K(5760K)->5493K(5760K)
[2024-12-16T03:00:20.592+0700][gc          ] GC(482) Pause Young (Mixed) (G1 Evacuation Pause) 430M->345M(1024M) 82.499ms
[2024-12-16T03:00:20.592+0700][gc,cpu      ] GC(482) User=0.16s Sys=0.00s Real=0.08s
[2024-12-16T03:02:01.963+0700][gc,start    ] GC(483) Pause Young (Mixed) (G1 Evacuation Pause)
[2024-12-16T03:02:01.964+0700][gc,task     ] GC(483) Using 2 workers of 2 for evacuation
[2024-12-16T03:02:02.030+0700][gc,mmu      ] GC(483) MMU target violated: 21.0ms (20.0ms/21.0ms)
[2024-12-16T03:02:02.030+0700][gc,phases   ] GC(483)   Pre Evacuate Collection Set: 2.7ms
[2024-12-16T03:02:02.030+0700][gc,phases   ] GC(483)   Merge Heap Roots: 0.9ms
[2024-12-16T03:02:02.030+0700][gc,phases   ] GC(483)   Evacuate Collection Set: 59.0ms
[2024-12-16T03:02:02.030+0700][gc,phases   ] GC(483)   Post Evacuate Collection Set: 2.9ms
[2024-12-16T03:02:02.030+0700][gc,phases   ] GC(483)   Other: 1.3ms
[2024-12-16T03:02:02.030+0700][gc,heap     ] GC(483) Eden regions: 44->0(45)
[2024-12-16T03:02:02.030+0700][gc,heap     ] GC(483) Survivor regions: 7->6(7)
[2024-12-16T03:02:02.030+0700][gc,heap     ] GC(483) Old regions: 209->171
[2024-12-16T03:02:02.030+0700][gc,heap     ] GC(483) Archive regions: 2->2
[2024-12-16T03:02:02.030+0700][gc,heap     ] GC(483) Humongous regions: 129->129
[2024-12-16T03:02:02.030+0700][gc,metaspace] GC(483) Metaspace: 46961K(47552K)->46961K(47552K) NonClass: 41467K(41792K)->41467K(41792K) Class: 5493K(5760K)->5493K(5760K)
[2024-12-16T03:02:02.030+0700][gc          ] GC(483) Pause Young (Mixed) (G1 Evacuation Pause) 389M->306M(1024M) 66.874ms
[2024-12-16T03:02:02.030+0700][gc,cpu      ] GC(483) User=0.13s Sys=0.00s Real=0.07s
[2024-12-16T03:03:47.732+0700][gc,start    ] GC(484) Pause Young (Mixed) (G1 Evacuation Pause)
[2024-12-16T03:03:47.732+0700][gc,task     ] GC(484) Using 2 workers of 2 for evacuation
[2024-12-16T03:03:47.783+0700][gc,mmu      ] GC(484) MMU target violated: 21.0ms (20.0ms/21.0ms)
[2024-12-16T03:03:47.783+0700][gc,phases   ] GC(484)   Pre Evacuate Collection Set: 3.4ms
[2024-12-16T03:03:47.783+0700][gc,phases   ] GC(484)   Merge Heap Roots: 1.6ms
[2024-12-16T03:03:47.783+0700][gc,phases   ] GC(484)   Evacuate Collection Set: 40.4ms
[2024-12-16T03:03:47.783+0700][gc,phases   ] GC(484)   Post Evacuate Collection Set: 5.0ms
[2024-12-16T03:03:47.783+0700][gc,phases   ] GC(484)   Other: 1.2ms
[2024-12-16T03:03:47.783+0700][gc,heap     ] GC(484) Eden regions: 45->0(47)
[2024-12-16T03:03:47.783+0700][gc,heap     ] GC(484) Survivor regions: 6->4(7)
[2024-12-16T03:03:47.783+0700][gc,heap     ] GC(484) Old regions: 171->131
[2024-12-16T03:03:47.783+0700][gc,heap     ] GC(484) Archive regions: 2->2
[2024-12-16T03:03:47.783+0700][gc,heap     ] GC(484) Humongous regions: 129->129
[2024-12-16T03:03:47.783+0700][gc,metaspace] GC(484) Metaspace: 46961K(47552K)->46961K(47552K) NonClass: 41467K(41792K)->41467K(41792K) Class: 5493K(5760K)->5493K(5760K)
[2024-12-16T03:03:47.783+0700][gc          ] GC(484) Pause Young (Mixed) (G1 Evacuation Pause) 351M->264M(1024M) 51.742ms
[2024-12-16T03:03:47.783+0700][gc,cpu      ] GC(484) User=0.09s Sys=0.00s Real=0.05s
[2024-12-16T03:05:38.017+0700][gc,start    ] GC(485) Pause Young (Mixed) (G1 Evacuation Pause)
[2024-12-16T03:05:38.017+0700][gc,task     ] GC(485) Using 2 workers of 2 for evacuation
[2024-12-16T03:05:38.080+0700][gc,mmu      ] GC(485) MMU target violated: 21.0ms (20.0ms/21.0ms)
[2024-12-16T03:05:38.080+0700][gc,phases   ] GC(485)   Pre Evacuate Collection Set: 3.5ms
[2024-12-16T03:05:38.080+0700][gc,phases   ] GC(485)   Merge Heap Roots: 1.7ms
[2024-12-16T03:05:38.080+0700][gc,phases   ] GC(485)   Evacuate Collection Set: 53.8ms
[2024-12-16T03:05:38.080+0700][gc,phases   ] GC(485)   Post Evacuate Collection Set: 3.4ms
[2024-12-16T03:05:38.080+0700][gc,phases   ] GC(485)   Other: 1.4ms
[2024-12-16T03:05:38.080+0700][gc,heap     ] GC(485) Eden regions: 47->0(45)
[2024-12-16T03:05:38.080+0700][gc,heap     ] GC(485) Survivor regions: 4->6(7)
[2024-12-16T03:05:38.080+0700][gc,heap     ] GC(485) Old regions: 131->95
[2024-12-16T03:05:38.080+0700][gc,heap     ] GC(485) Archive regions: 2->2
[2024-12-16T03:05:38.080+0700][gc,heap     ] GC(485) Humongous regions: 129->129
[2024-12-16T03:05:38.080+0700][gc,metaspace] GC(485) Metaspace: 46962K(47552K)->46962K(47552K) NonClass: 41468K(41792K)->41468K(41792K) Class: 5493K(5760K)->5493K(5760K)
[2024-12-16T03:05:38.080+0700][gc          ] GC(485) Pause Young (Mixed) (G1 Evacuation Pause) 311M->230M(1024M) 63.683ms
[2024-12-16T03:05:38.080+0700][gc,cpu      ] GC(485) User=0.12s Sys=0.00s Real=0.06s
[2024-12-16T03:05:44.679+0700][gc,heap,exit] Heap
[2024-12-16T03:05:44.680+0700][gc,heap,exit]  garbage-first heap   total 1048576K, used 243820K [0x00000000c0000000, 0x0000000100000000)
[2024-12-16T03:05:44.680+0700][gc,heap,exit]   region size 1024K, 14 young (14336K), 6 survivors (6144K)
[2024-12-16T03:05:44.680+0700][gc,heap,exit]  Metaspace       used 47073K, committed 47680K, reserved 1114112K
[2024-12-16T03:05:44.680+0700][gc,heap,exit]   class space    used 5515K, committed 5824K, reserved 1048576K
