[2024-12-16T03:06:56.054+0700][gc] Using G1
[2024-12-16T03:06:56.100+0700][gc,init] Version: 17.0.13+11-Ubuntu-2ubuntu122.04 (release)
[2024-12-16T03:06:56.100+0700][gc,init] CPUs: 2 total, 2 available
[2024-12-16T03:06:56.100+0700][gc,init] Memory: 3911M
[2024-12-16T03:06:56.100+0700][gc,init] Large Page Support: Disabled
[2024-12-16T03:06:56.100+0700][gc,init] NUMA Support: Disabled
[2024-12-16T03:06:56.100+0700][gc,init] Compressed Oops: Enabled (32-bit)
[2024-12-16T03:06:56.100+0700][gc,init] Heap Region Size: 1M
[2024-12-16T03:06:56.100+0700][gc,init] Heap Min Capacity: 1G
[2024-12-16T03:06:56.100+0700][gc,init] Heap Initial Capacity: 1G
[2024-12-16T03:06:56.100+0700][gc,init] Heap Max Capacity: 1G
[2024-12-16T03:06:56.100+0700][gc,init] Pre-touch: Disabled
[2024-12-16T03:06:56.100+0700][gc,init] Parallel Workers: 2
[2024-12-16T03:06:56.100+0700][gc,init] Concurrent Workers: 1
[2024-12-16T03:06:56.100+0700][gc,init] Concurrent Refinement Workers: 2
[2024-12-16T03:06:56.100+0700][gc,init] Periodic GC: Disabled
[2024-12-16T03:06:56.134+0700][gc,metaspace] CDS archive(s) mapped at: [0x00007f641b000000-0x00007f641bbc9000-0x00007f641bbc9000), size 12357632, SharedBaseAddress: 0x00007f641b000000, ArchiveRelocationMode: 1.
[2024-12-16T03:06:56.134+0700][gc,metaspace] Compressed class space mapped at: 0x00007f641c000000-0x00007f645c000000, reserved size: 1073741824
[2024-12-16T03:06:56.134+0700][gc,metaspace] Narrow klass base: 0x00007f641b000000, Narrow klass shift: 0, Narrow klass range: 0x100000000
[2024-12-16T03:07:01.106+0700][gc,start    ] GC(0) Pause Young (Normal) (G1 Evacuation Pause)
[2024-12-16T03:07:01.106+0700][gc,task     ] GC(0) Using 2 workers of 2 for evacuation
[2024-12-16T03:07:01.131+0700][gc,mmu      ] GC(0) MMU target violated: 21.0ms (20.0ms/21.0ms)
[2024-12-16T03:07:01.131+0700][gc,phases   ] GC(0)   Pre Evacuate Collection Set: 0.3ms
[2024-12-16T03:07:01.131+0700][gc,phases   ] GC(0)   Merge Heap Roots: 0.1ms
[2024-12-16T03:07:01.131+0700][gc,phases   ] GC(0)   Evacuate Collection Set: 23.2ms
[2024-12-16T03:07:01.131+0700][gc,phases   ] GC(0)   Post Evacuate Collection Set: 0.8ms
[2024-12-16T03:07:01.131+0700][gc,phases   ] GC(0)   Other: 0.4ms
[2024-12-16T03:07:01.131+0700][gc,heap     ] GC(0) Eden regions: 51->0(44)
[2024-12-16T03:07:01.131+0700][gc,heap     ] GC(0) Survivor regions: 0->7(7)
[2024-12-16T03:07:01.131+0700][gc,heap     ] GC(0) Old regions: 0->1
[2024-12-16T03:07:01.131+0700][gc,heap     ] GC(0) Archive regions: 2->2
[2024-12-16T03:07:01.131+0700][gc,heap     ] GC(0) Humongous regions: 0->0
[2024-12-16T03:07:01.131+0700][gc,metaspace] GC(0) Metaspace: 17927K(18176K)->17927K(18176K) NonClass: 15755K(15872K)->15755K(15872K) Class: 2172K(2304K)->2172K(2304K)
[2024-12-16T03:07:01.131+0700][gc          ] GC(0) Pause Young (Normal) (G1 Evacuation Pause) 51M->8M(1024M) 24.933ms
[2024-12-16T03:07:01.131+0700][gc,cpu      ] GC(0) User=0.02s Sys=0.01s Real=0.02s
[2024-12-16T03:07:02.184+0700][gc,start    ] GC(1) Pause Young (Concurrent Start) (Metadata GC Threshold)
[2024-12-16T03:07:02.184+0700][gc,task     ] GC(1) Using 2 workers of 2 for evacuation
[2024-12-16T03:07:02.210+0700][gc,mmu      ] GC(1) MMU target violated: 21.0ms (20.0ms/21.0ms)
[2024-12-16T03:07:02.210+0700][gc,phases   ] GC(1)   Pre Evacuate Collection Set: 0.2ms
[2024-12-16T03:07:02.210+0700][gc,phases   ] GC(1)   Merge Heap Roots: 0.1ms
[2024-12-16T03:07:02.210+0700][gc,phases   ] GC(1)   Evacuate Collection Set: 24.6ms
[2024-12-16T03:07:02.210+0700][gc,phases   ] GC(1)   Post Evacuate Collection Set: 0.7ms
[2024-12-16T03:07:02.210+0700][gc,phases   ] GC(1)   Other: 0.5ms
[2024-12-16T03:07:02.210+0700][gc,heap     ] GC(1) Eden regions: 15->0(49)
[2024-12-16T03:07:02.210+0700][gc,heap     ] GC(1) Survivor regions: 7->2(7)
[2024-12-16T03:07:02.210+0700][gc,heap     ] GC(1) Old regions: 1->8
[2024-12-16T03:07:02.210+0700][gc,heap     ] GC(1) Archive regions: 2->2
[2024-12-16T03:07:02.210+0700][gc,heap     ] GC(1) Humongous regions: 129->129
[2024-12-16T03:07:02.210+0700][gc,metaspace] GC(1) Metaspace: 21301K(21504K)->21301K(21504K) NonClass: 18724K(18816K)->18724K(18816K) Class: 2577K(2688K)->2577K(2688K)
[2024-12-16T03:07:02.210+0700][gc          ] GC(1) Pause Young (Concurrent Start) (Metadata GC Threshold) 152M->139M(1024M) 26.279ms
[2024-12-16T03:07:02.210+0700][gc,cpu      ] GC(1) User=0.03s Sys=0.00s Real=0.02s
[2024-12-16T03:07:02.210+0700][gc          ] GC(2) Concurrent Mark Cycle
[2024-12-16T03:07:02.210+0700][gc,marking  ] GC(2) Concurrent Clear Claimed Marks
[2024-12-16T03:07:02.210+0700][gc,marking  ] GC(2) Concurrent Clear Claimed Marks 0.017ms
[2024-12-16T03:07:02.210+0700][gc,marking  ] GC(2) Concurrent Scan Root Regions
[2024-12-16T03:07:02.227+0700][gc,marking  ] GC(2) Concurrent Scan Root Regions 16.214ms
[2024-12-16T03:07:02.227+0700][gc,marking  ] GC(2) Concurrent Mark
[2024-12-16T03:07:02.227+0700][gc,marking  ] GC(2) Concurrent Mark From Roots
[2024-12-16T03:07:02.227+0700][gc,task     ] GC(2) Using 1 workers of 1 for marking
[2024-12-16T03:07:02.236+0700][gc,marking  ] GC(2) Concurrent Mark From Roots 9.001ms
[2024-12-16T03:07:02.236+0700][gc,marking  ] GC(2) Concurrent Preclean
[2024-12-16T03:07:02.236+0700][gc,marking  ] GC(2) Concurrent Preclean 0.031ms
[2024-12-16T03:07:02.236+0700][gc,start    ] GC(2) Pause Remark
[2024-12-16T03:07:02.240+0700][gc          ] GC(2) Pause Remark 140M->140M(1024M) 4.325ms
[2024-12-16T03:07:02.240+0700][gc,cpu      ] GC(2) User=0.00s Sys=0.00s Real=0.01s
[2024-12-16T03:07:02.240+0700][gc,marking  ] GC(2) Concurrent Mark 13.582ms
[2024-12-16T03:07:02.240+0700][gc,marking  ] GC(2) Concurrent Rebuild Remembered Sets
[2024-12-16T03:07:02.251+0700][gc,marking  ] GC(2) Concurrent Rebuild Remembered Sets 10.612ms
[2024-12-16T03:07:02.251+0700][gc,start    ] GC(2) Pause Cleanup
[2024-12-16T03:07:02.251+0700][gc          ] GC(2) Pause Cleanup 141M->141M(1024M) 0.173ms
[2024-12-16T03:07:02.251+0700][gc,cpu      ] GC(2) User=0.00s Sys=0.00s Real=0.00s
[2024-12-16T03:07:02.251+0700][gc,marking  ] GC(2) Concurrent Cleanup for Next Mark
[2024-12-16T03:07:02.316+0700][gc,marking  ] GC(2) Concurrent Cleanup for Next Mark 65.135ms
[2024-12-16T03:07:02.316+0700][gc          ] GC(2) Concurrent Mark Cycle 105.971ms
[2024-12-16T03:07:03.751+0700][gc,start    ] GC(3) Pause Young (Normal) (G1 Evacuation Pause)
[2024-12-16T03:07:03.751+0700][gc,task     ] GC(3) Using 2 workers of 2 for evacuation
[2024-12-16T03:07:03.768+0700][gc,phases   ] GC(3)   Pre Evacuate Collection Set: 0.4ms
[2024-12-16T03:07:03.768+0700][gc,phases   ] GC(3)   Merge Heap Roots: 0.2ms
[2024-12-16T03:07:03.768+0700][gc,phases   ] GC(3)   Evacuate Collection Set: 14.7ms
[2024-12-16T03:07:03.768+0700][gc,phases   ] GC(3)   Post Evacuate Collection Set: 1.2ms
[2024-12-16T03:07:03.768+0700][gc,phases   ] GC(3)   Other: 0.2ms
[2024-12-16T03:07:03.768+0700][gc,heap     ] GC(3) Eden regions: 49->0(46)
[2024-12-16T03:07:03.768+0700][gc,heap     ] GC(3) Survivor regions: 2->5(7)
[2024-12-16T03:07:03.768+0700][gc,heap     ] GC(3) Old regions: 8->8
[2024-12-16T03:07:03.768+0700][gc,heap     ] GC(3) Archive regions: 2->2
[2024-12-16T03:07:03.768+0700][gc,heap     ] GC(3) Humongous regions: 129->0
[2024-12-16T03:07:03.768+0700][gc,metaspace] GC(3) Metaspace: 31706K(31936K)->31706K(31936K) NonClass: 28045K(28160K)->28045K(28160K) Class: 3660K(3776K)->3660K(3776K)
[2024-12-16T03:07:03.768+0700][gc          ] GC(3) Pause Young (Normal) (G1 Evacuation Pause) 188M->12M(1024M) 16.896ms
[2024-12-16T03:07:03.768+0700][gc,cpu      ] GC(3) User=0.03s Sys=0.00s Real=0.02s
[2024-12-16T03:07:03.831+0700][gc,heap,exit] Heap
[2024-12-16T03:07:03.831+0700][gc,heap,exit]  garbage-first heap   total 1048576K, used 14586K [0x00000000c0000000, 0x0000000100000000)
[2024-12-16T03:07:03.831+0700][gc,heap,exit]   region size 1024K, 7 young (7168K), 5 survivors (5120K)
[2024-12-16T03:07:03.831+0700][gc,heap,exit]  Metaspace       used 31811K, committed 32128K, reserved 1114112K
[2024-12-16T03:07:03.831+0700][gc,heap,exit]   class space    used 3675K, committed 3840K, reserved 1048576K
