[2024-12-15T12:10:14.634+0700][gc] Using G1
[2024-12-15T12:10:14.663+0700][gc,init] Version: 17.0.13+11-Ubuntu-2ubuntu122.04 (release)
[2024-12-15T12:10:14.663+0700][gc,init] CPUs: 2 total, 2 available
[2024-12-15T12:10:14.663+0700][gc,init] Memory: 3911M
[2024-12-15T12:10:14.663+0700][gc,init] Large Page Support: Disabled
[2024-12-15T12:10:14.663+0700][gc,init] NUMA Support: Disabled
[2024-12-15T12:10:14.663+0700][gc,init] Compressed Oops: Enabled (32-bit)
[2024-12-15T12:10:14.663+0700][gc,init] Heap Region Size: 1M
[2024-12-15T12:10:14.663+0700][gc,init] Heap Min Capacity: 1G
[2024-12-15T12:10:14.663+0700][gc,init] Heap Initial Capacity: 1G
[2024-12-15T12:10:14.663+0700][gc,init] Heap Max Capacity: 1G
[2024-12-15T12:10:14.663+0700][gc,init] Pre-touch: Disabled
[2024-12-15T12:10:14.663+0700][gc,init] Parallel Workers: 2
[2024-12-15T12:10:14.663+0700][gc,init] Concurrent Workers: 1
[2024-12-15T12:10:14.663+0700][gc,init] Concurrent Refinement Workers: 2
[2024-12-15T12:10:14.663+0700][gc,init] Periodic GC: Disabled
[2024-12-15T12:10:14.689+0700][gc,metaspace] CDS archive(s) mapped at: [0x00007f5c13000000-0x00007f5c13bc9000-0x00007f5c13bc9000), size 12357632, SharedBaseAddress: 0x00007f5c13000000, ArchiveRelocationMode: 1.
[2024-12-15T12:10:14.690+0700][gc,metaspace] Compressed class space mapped at: 0x00007f5c14000000-0x00007f5c54000000, reserved size: 1073741824
[2024-12-15T12:10:14.690+0700][gc,metaspace] Narrow klass base: 0x00007f5c13000000, Narrow klass shift: 0, Narrow klass range: 0x100000000
[2024-12-15T12:10:17.058+0700][gc,start    ] GC(0) Pause Young (Normal) (G1 Evacuation Pause)
[2024-12-15T12:10:17.059+0700][gc,task     ] GC(0) Using 2 workers of 2 for evacuation
[2024-12-15T12:10:17.083+0700][gc,mmu      ] GC(0) MMU target violated: 21.0ms (20.0ms/21.0ms)
[2024-12-15T12:10:17.083+0700][gc,phases   ] GC(0)   Pre Evacuate Collection Set: 0.7ms
[2024-12-15T12:10:17.083+0700][gc,phases   ] GC(0)   Merge Heap Roots: 0.3ms
[2024-12-15T12:10:17.083+0700][gc,phases   ] GC(0)   Evacuate Collection Set: 21.9ms
[2024-12-15T12:10:17.083+0700][gc,phases   ] GC(0)   Post Evacuate Collection Set: 1.4ms
[2024-12-15T12:10:17.083+0700][gc,phases   ] GC(0)   Other: 1.0ms
[2024-12-15T12:10:17.084+0700][gc,heap     ] GC(0) Eden regions: 51->0(44)
[2024-12-15T12:10:17.084+0700][gc,heap     ] GC(0) Survivor regions: 0->7(7)
[2024-12-15T12:10:17.084+0700][gc,heap     ] GC(0) Old regions: 0->1
[2024-12-15T12:10:17.084+0700][gc,heap     ] GC(0) Archive regions: 2->2
[2024-12-15T12:10:17.084+0700][gc,heap     ] GC(0) Humongous regions: 0->0
[2024-12-15T12:10:17.084+0700][gc,metaspace] GC(0) Metaspace: 17683K(17856K)->17683K(17856K) NonClass: 15540K(15616K)->15540K(15616K) Class: 2142K(2240K)->2142K(2240K)
[2024-12-15T12:10:17.084+0700][gc          ] GC(0) Pause Young (Normal) (G1 Evacuation Pause) 51M->8M(1024M) 25.516ms
[2024-12-15T12:10:17.084+0700][gc,cpu      ] GC(0) User=0.03s Sys=0.02s Real=0.03s
[2024-12-15T12:10:18.060+0700][gc,start    ] GC(1) Pause Young (Concurrent Start) (Metadata GC Threshold)
[2024-12-15T12:10:18.060+0700][gc,task     ] GC(1) Using 2 workers of 2 for evacuation
[2024-12-15T12:10:18.098+0700][gc,mmu      ] GC(1) MMU target violated: 21.0ms (20.0ms/21.0ms)
[2024-12-15T12:10:18.098+0700][gc,phases   ] GC(1)   Pre Evacuate Collection Set: 2.4ms
[2024-12-15T12:10:18.098+0700][gc,phases   ] GC(1)   Merge Heap Roots: 0.5ms
[2024-12-15T12:10:18.098+0700][gc,phases   ] GC(1)   Evacuate Collection Set: 31.9ms
[2024-12-15T12:10:18.098+0700][gc,phases   ] GC(1)   Post Evacuate Collection Set: 1.8ms
[2024-12-15T12:10:18.098+0700][gc,phases   ] GC(1)   Other: 1.8ms
[2024-12-15T12:10:18.098+0700][gc,heap     ] GC(1) Eden regions: 15->0(48)
[2024-12-15T12:10:18.098+0700][gc,heap     ] GC(1) Survivor regions: 7->3(7)
[2024-12-15T12:10:18.098+0700][gc,heap     ] GC(1) Old regions: 1->9
[2024-12-15T12:10:18.098+0700][gc,heap     ] GC(1) Archive regions: 2->2
[2024-12-15T12:10:18.098+0700][gc,heap     ] GC(1) Humongous regions: 129->129
[2024-12-15T12:10:18.098+0700][gc,metaspace] GC(1) Metaspace: 21334K(21504K)->21334K(21504K) NonClass: 18761K(18880K)->18761K(18880K) Class: 2573K(2624K)->2573K(2624K)
[2024-12-15T12:10:18.098+0700][gc          ] GC(1) Pause Young (Concurrent Start) (Metadata GC Threshold) 152M->140M(1024M) 38.779ms
[2024-12-15T12:10:18.098+0700][gc,cpu      ] GC(1) User=0.05s Sys=0.01s Real=0.04s
[2024-12-15T12:10:18.099+0700][gc          ] GC(2) Concurrent Mark Cycle
[2024-12-15T12:10:18.099+0700][gc,marking  ] GC(2) Concurrent Clear Claimed Marks
[2024-12-15T12:10:18.099+0700][gc,marking  ] GC(2) Concurrent Clear Claimed Marks 0.091ms
[2024-12-15T12:10:18.099+0700][gc,marking  ] GC(2) Concurrent Scan Root Regions
[2024-12-15T12:10:18.112+0700][gc,marking  ] GC(2) Concurrent Scan Root Regions 13.188ms
[2024-12-15T12:10:18.112+0700][gc,marking  ] GC(2) Concurrent Mark
[2024-12-15T12:10:18.112+0700][gc,marking  ] GC(2) Concurrent Mark From Roots
[2024-12-15T12:10:18.112+0700][gc,task     ] GC(2) Using 1 workers of 1 for marking
[2024-12-15T12:10:18.123+0700][gc,marking  ] GC(2) Concurrent Mark From Roots 10.981ms
[2024-12-15T12:10:18.123+0700][gc,marking  ] GC(2) Concurrent Preclean
[2024-12-15T12:10:18.123+0700][gc,marking  ] GC(2) Concurrent Preclean 0.233ms
[2024-12-15T12:10:18.124+0700][gc,start    ] GC(2) Pause Remark
[2024-12-15T12:10:18.131+0700][gc          ] GC(2) Pause Remark 141M->141M(1024M) 6.273ms
[2024-12-15T12:10:18.131+0700][gc,cpu      ] GC(2) User=0.01s Sys=0.00s Real=0.00s
[2024-12-15T12:10:18.131+0700][gc,marking  ] GC(2) Concurrent Mark 18.617ms
[2024-12-15T12:10:18.131+0700][gc,marking  ] GC(2) Concurrent Rebuild Remembered Sets
[2024-12-15T12:10:18.141+0700][gc,marking  ] GC(2) Concurrent Rebuild Remembered Sets 10.150ms
[2024-12-15T12:10:18.141+0700][gc,start    ] GC(2) Pause Cleanup
[2024-12-15T12:10:18.141+0700][gc          ] GC(2) Pause Cleanup 141M->141M(1024M) 0.286ms
[2024-12-15T12:10:18.141+0700][gc,cpu      ] GC(2) User=0.00s Sys=0.00s Real=0.00s
[2024-12-15T12:10:18.141+0700][gc,marking  ] GC(2) Concurrent Cleanup for Next Mark
[2024-12-15T12:10:18.176+0700][gc,marking  ] GC(2) Concurrent Cleanup for Next Mark 34.353ms
[2024-12-15T12:10:18.176+0700][gc          ] GC(2) Concurrent Mark Cycle 77.037ms
[2024-12-15T12:10:20.014+0700][gc,start    ] GC(3) Pause Young (Normal) (G1 Evacuation Pause)
[2024-12-15T12:10:20.014+0700][gc,task     ] GC(3) Using 2 workers of 2 for evacuation
[2024-12-15T12:10:20.037+0700][gc,mmu      ] GC(3) MMU target violated: 21.0ms (20.0ms/21.0ms)
[2024-12-15T12:10:20.037+0700][gc,phases   ] GC(3)   Pre Evacuate Collection Set: 0.5ms
[2024-12-15T12:10:20.037+0700][gc,phases   ] GC(3)   Merge Heap Roots: 0.1ms
[2024-12-15T12:10:20.037+0700][gc,phases   ] GC(3)   Evacuate Collection Set: 21.2ms
[2024-12-15T12:10:20.037+0700][gc,phases   ] GC(3)   Post Evacuate Collection Set: 1.4ms
[2024-12-15T12:10:20.037+0700][gc,phases   ] GC(3)   Other: 0.3ms
[2024-12-15T12:10:20.037+0700][gc,heap     ] GC(3) Eden regions: 48->0(44)
[2024-12-15T12:10:20.037+0700][gc,heap     ] GC(3) Survivor regions: 3->7(7)
[2024-12-15T12:10:20.037+0700][gc,heap     ] GC(3) Old regions: 9->9
[2024-12-15T12:10:20.037+0700][gc,heap     ] GC(3) Archive regions: 2->2
[2024-12-15T12:10:20.037+0700][gc,heap     ] GC(3) Humongous regions: 129->129
[2024-12-15T12:10:20.037+0700][gc,metaspace] GC(3) Metaspace: 32355K(32640K)->32355K(32640K) NonClass: 28753K(28864K)->28753K(28864K) Class: 3602K(3776K)->3602K(3776K)
[2024-12-15T12:10:20.037+0700][gc          ] GC(3) Pause Young (Normal) (G1 Evacuation Pause) 188M->144M(1024M) 23.766ms
[2024-12-15T12:10:20.037+0700][gc,cpu      ] GC(3) User=0.04s Sys=0.00s Real=0.03s
[2024-12-15T12:10:20.413+0700][gc,start    ] GC(4) Pause Young (Concurrent Start) (Metadata GC Threshold)
[2024-12-15T12:10:20.413+0700][gc,task     ] GC(4) Using 2 workers of 2 for evacuation
[2024-12-15T12:10:20.433+0700][gc,mmu      ] GC(4) MMU target violated: 20.3ms (20.0ms/21.0ms)
[2024-12-15T12:10:20.433+0700][gc,phases   ] GC(4)   Pre Evacuate Collection Set: 0.4ms
[2024-12-15T12:10:20.433+0700][gc,phases   ] GC(4)   Merge Heap Roots: 0.1ms
[2024-12-15T12:10:20.433+0700][gc,phases   ] GC(4)   Evacuate Collection Set: 18.7ms
[2024-12-15T12:10:20.433+0700][gc,phases   ] GC(4)   Post Evacuate Collection Set: 0.9ms
[2024-12-15T12:10:20.433+0700][gc,phases   ] GC(4)   Other: 0.5ms
[2024-12-15T12:10:20.433+0700][gc,heap     ] GC(4) Eden regions: 16->0(49)
[2024-12-15T12:10:20.433+0700][gc,heap     ] GC(4) Survivor regions: 7->2(7)
[2024-12-15T12:10:20.433+0700][gc,heap     ] GC(4) Old regions: 9->15
[2024-12-15T12:10:20.433+0700][gc,heap     ] GC(4) Archive regions: 2->2
[2024-12-15T12:10:20.433+0700][gc,heap     ] GC(4) Humongous regions: 129->129
[2024-12-15T12:10:20.433+0700][gc,metaspace] GC(4) Metaspace: 36024K(36288K)->36024K(36288K) NonClass: 31966K(32064K)->31966K(32064K) Class: 4058K(4224K)->4058K(4224K)
[2024-12-15T12:10:20.433+0700][gc          ] GC(4) Pause Young (Concurrent Start) (Metadata GC Threshold) 160M->145M(1024M) 20.683ms
[2024-12-15T12:10:20.433+0700][gc,cpu      ] GC(4) User=0.03s Sys=0.02s Real=0.02s
[2024-12-15T12:10:20.433+0700][gc          ] GC(5) Concurrent Mark Cycle
[2024-12-15T12:10:20.433+0700][gc,marking  ] GC(5) Concurrent Clear Claimed Marks
[2024-12-15T12:10:20.433+0700][gc,marking  ] GC(5) Concurrent Clear Claimed Marks 0.034ms
[2024-12-15T12:10:20.433+0700][gc,marking  ] GC(5) Concurrent Scan Root Regions
[2024-12-15T12:10:20.461+0700][gc,marking  ] GC(5) Concurrent Scan Root Regions 27.869ms
[2024-12-15T12:10:20.461+0700][gc,marking  ] GC(5) Concurrent Mark
[2024-12-15T12:10:20.461+0700][gc,marking  ] GC(5) Concurrent Mark From Roots
[2024-12-15T12:10:20.461+0700][gc,task     ] GC(5) Using 1 workers of 1 for marking
[2024-12-15T12:10:20.488+0700][gc,marking  ] GC(5) Concurrent Mark From Roots 26.488ms
[2024-12-15T12:10:20.488+0700][gc,marking  ] GC(5) Concurrent Preclean
[2024-12-15T12:10:20.488+0700][gc,marking  ] GC(5) Concurrent Preclean 0.207ms
[2024-12-15T12:10:20.488+0700][gc,start    ] GC(5) Pause Remark
[2024-12-15T12:10:20.492+0700][gc          ] GC(5) Pause Remark 148M->148M(1024M) 4.124ms
[2024-12-15T12:10:20.492+0700][gc,cpu      ] GC(5) User=0.01s Sys=0.00s Real=0.00s
[2024-12-15T12:10:20.493+0700][gc,marking  ] GC(5) Concurrent Mark 31.214ms
[2024-12-15T12:10:20.493+0700][gc,marking  ] GC(5) Concurrent Rebuild Remembered Sets
[2024-12-15T12:10:20.515+0700][gc,marking  ] GC(5) Concurrent Rebuild Remembered Sets 22.331ms
[2024-12-15T12:10:20.515+0700][gc,start    ] GC(5) Pause Cleanup
[2024-12-15T12:10:20.515+0700][gc          ] GC(5) Pause Cleanup 148M->148M(1024M) 0.334ms
[2024-12-15T12:10:20.515+0700][gc,cpu      ] GC(5) User=0.00s Sys=0.00s Real=0.00s
[2024-12-15T12:10:20.515+0700][gc,marking  ] GC(5) Concurrent Cleanup for Next Mark
[2024-12-15T12:10:20.546+0700][gc,marking  ] GC(5) Concurrent Cleanup for Next Mark 30.723ms
[2024-12-15T12:10:20.546+0700][gc          ] GC(5) Concurrent Mark Cycle 112.918ms
[2024-12-15T12:10:28.179+0700][gc,start    ] GC(6) Pause Young (Prepare Mixed) (G1 Evacuation Pause)
[2024-12-15T12:10:28.179+0700][gc,task     ] GC(6) Using 2 workers of 2 for evacuation
[2024-12-15T12:10:28.233+0700][gc,mmu      ] GC(6) MMU target violated: 21.0ms (20.0ms/21.0ms)
[2024-12-15T12:10:28.233+0700][gc,phases   ] GC(6)   Pre Evacuate Collection Set: 6.7ms
[2024-12-15T12:10:28.233+0700][gc,phases   ] GC(6)   Merge Heap Roots: 0.6ms
[2024-12-15T12:10:28.233+0700][gc,phases   ] GC(6)   Evacuate Collection Set: 41.5ms
[2024-12-15T12:10:28.233+0700][gc,phases   ] GC(6)   Post Evacuate Collection Set: 3.8ms
[2024-12-15T12:10:28.233+0700][gc,phases   ] GC(6)   Other: 2.3ms
[2024-12-15T12:10:28.233+0700][gc,heap     ] GC(6) Eden regions: 49->0(46)
[2024-12-15T12:10:28.233+0700][gc,heap     ] GC(6) Survivor regions: 2->5(7)
[2024-12-15T12:10:28.233+0700][gc,heap     ] GC(6) Old regions: 15->15
[2024-12-15T12:10:28.233+0700][gc,heap     ] GC(6) Archive regions: 2->2
[2024-12-15T12:10:28.233+0700][gc,heap     ] GC(6) Humongous regions: 129->129
[2024-12-15T12:10:28.233+0700][gc,metaspace] GC(6) Metaspace: 41825K(42304K)->41825K(42304K) NonClass: 36835K(37120K)->36835K(37120K) Class: 4990K(5184K)->4990K(5184K)
[2024-12-15T12:10:28.233+0700][gc          ] GC(6) Pause Young (Prepare Mixed) (G1 Evacuation Pause) 194M->148M(1024M) 54.300ms
[2024-12-15T12:10:28.233+0700][gc,cpu      ] GC(6) User=0.11s Sys=0.00s Real=0.05s
[2024-12-15T12:13:22.587+0700][gc,start    ] GC(7) Pause Young (Mixed) (G1 Evacuation Pause)
[2024-12-15T12:13:22.588+0700][gc,task     ] GC(7) Using 2 workers of 2 for evacuation
[2024-12-15T12:13:22.648+0700][gc,mmu      ] GC(7) MMU target violated: 21.0ms (20.0ms/21.0ms)
[2024-12-15T12:13:22.648+0700][gc,phases   ] GC(7)   Pre Evacuate Collection Set: 3.1ms
[2024-12-15T12:13:22.648+0700][gc,phases   ] GC(7)   Merge Heap Roots: 0.7ms
[2024-12-15T12:13:22.648+0700][gc,phases   ] GC(7)   Evacuate Collection Set: 52.7ms
[2024-12-15T12:13:22.648+0700][gc,phases   ] GC(7)   Post Evacuate Collection Set: 2.8ms
[2024-12-15T12:13:22.648+0700][gc,phases   ] GC(7)   Other: 1.6ms
[2024-12-15T12:13:22.648+0700][gc,heap     ] GC(7) Eden regions: 46->0(49)
[2024-12-15T12:13:22.648+0700][gc,heap     ] GC(7) Survivor regions: 5->2(7)
[2024-12-15T12:13:22.648+0700][gc,heap     ] GC(7) Old regions: 15->19
[2024-12-15T12:13:22.648+0700][gc,heap     ] GC(7) Archive regions: 2->2
[2024-12-15T12:13:22.648+0700][gc,heap     ] GC(7) Humongous regions: 129->129
[2024-12-15T12:13:22.648+0700][gc,metaspace] GC(7) Metaspace: 43185K(43776K)->43185K(43776K) NonClass: 38091K(38400K)->38091K(38400K) Class: 5094K(5376K)->5094K(5376K)
[2024-12-15T12:13:22.648+0700][gc          ] GC(7) Pause Young (Mixed) (G1 Evacuation Pause) 194M->150M(1024M) 61.037ms
[2024-12-15T12:13:22.648+0700][gc,cpu      ] GC(7) User=0.10s Sys=0.02s Real=0.06s
[2024-12-15T12:16:52.645+0700][gc,start    ] GC(8) Pause Young (Concurrent Start) (G1 Evacuation Pause)
[2024-12-15T12:16:52.645+0700][gc,task     ] GC(8) Using 2 workers of 2 for evacuation
[2024-12-15T12:16:52.729+0700][gc,mmu      ] GC(8) MMU target violated: 21.0ms (20.0ms/21.0ms)
[2024-12-15T12:16:52.730+0700][gc,phases   ] GC(8)   Pre Evacuate Collection Set: 10.0ms
[2024-12-15T12:16:52.730+0700][gc,phases   ] GC(8)   Merge Heap Roots: 0.7ms
[2024-12-15T12:16:52.730+0700][gc,phases   ] GC(8)   Evacuate Collection Set: 63.1ms
[2024-12-15T12:16:52.730+0700][gc,phases   ] GC(8)   Post Evacuate Collection Set: 6.4ms
[2024-12-15T12:16:52.730+0700][gc,phases   ] GC(8)   Other: 5.2ms
[2024-12-15T12:16:52.730+0700][gc,heap     ] GC(8) Eden regions: 49->0(46)
[2024-12-15T12:16:52.730+0700][gc,heap     ] GC(8) Survivor regions: 2->5(7)
[2024-12-15T12:16:52.730+0700][gc,heap     ] GC(8) Old regions: 19->19
[2024-12-15T12:16:52.730+0700][gc,heap     ] GC(8) Archive regions: 2->2
[2024-12-15T12:16:52.730+0700][gc,heap     ] GC(8) Humongous regions: 129->129
[2024-12-15T12:16:52.730+0700][gc,metaspace] GC(8) Metaspace: 43252K(43840K)->43252K(43840K) NonClass: 38157K(38464K)->38157K(38464K) Class: 5094K(5376K)->5094K(5376K)
[2024-12-15T12:16:52.730+0700][gc          ] GC(8) Pause Young (Concurrent Start) (G1 Evacuation Pause) 199M->152M(1024M) 85.118ms
[2024-12-15T12:16:52.730+0700][gc,cpu      ] GC(8) User=0.11s Sys=0.00s Real=0.08s
[2024-12-15T12:16:52.730+0700][gc          ] GC(9) Concurrent Mark Cycle
[2024-12-15T12:16:52.730+0700][gc,marking  ] GC(9) Concurrent Clear Claimed Marks
[2024-12-15T12:16:52.730+0700][gc,marking  ] GC(9) Concurrent Clear Claimed Marks 0.141ms
[2024-12-15T12:16:52.730+0700][gc,marking  ] GC(9) Concurrent Scan Root Regions
[2024-12-15T12:16:52.741+0700][gc,marking  ] GC(9) Concurrent Scan Root Regions 10.468ms
[2024-12-15T12:16:52.741+0700][gc,marking  ] GC(9) Concurrent Mark
[2024-12-15T12:16:52.741+0700][gc,marking  ] GC(9) Concurrent Mark From Roots
[2024-12-15T12:16:52.741+0700][gc,task     ] GC(9) Using 1 workers of 1 for marking
[2024-12-15T12:16:52.811+0700][gc,marking  ] GC(9) Concurrent Mark From Roots 69.971ms
[2024-12-15T12:16:52.811+0700][gc,marking  ] GC(9) Concurrent Preclean
[2024-12-15T12:16:52.811+0700][gc,marking  ] GC(9) Concurrent Preclean 0.213ms
[2024-12-15T12:16:52.811+0700][gc,start    ] GC(9) Pause Remark
[2024-12-15T12:16:52.836+0700][gc,mmu      ] GC(9) MMU target violated: 21.0ms (20.0ms/21.0ms)
[2024-12-15T12:16:52.836+0700][gc          ] GC(9) Pause Remark 153M->153M(1024M) 24.316ms
[2024-12-15T12:16:52.836+0700][gc,cpu      ] GC(9) User=0.05s Sys=0.00s Real=0.03s
[2024-12-15T12:16:52.836+0700][gc,marking  ] GC(9) Concurrent Mark 94.929ms
[2024-12-15T12:16:52.836+0700][gc,marking  ] GC(9) Concurrent Rebuild Remembered Sets
[2024-12-15T12:16:52.868+0700][gc,marking  ] GC(9) Concurrent Rebuild Remembered Sets 31.895ms
[2024-12-15T12:16:52.868+0700][gc,start    ] GC(9) Pause Cleanup
[2024-12-15T12:16:52.868+0700][gc          ] GC(9) Pause Cleanup 153M->153M(1024M) 0.377ms
[2024-12-15T12:16:52.868+0700][gc,cpu      ] GC(9) User=0.00s Sys=0.00s Real=0.00s
[2024-12-15T12:16:52.868+0700][gc,marking  ] GC(9) Concurrent Cleanup for Next Mark
[2024-12-15T12:16:52.892+0700][gc,marking  ] GC(9) Concurrent Cleanup for Next Mark 23.642ms
[2024-12-15T12:16:52.893+0700][gc          ] GC(9) Concurrent Mark Cycle 162.347ms
[2024-12-15T12:18:52.108+0700][gc,start    ] GC(10) Pause Young (Prepare Mixed) (G1 Evacuation Pause)
[2024-12-15T12:18:52.109+0700][gc,task     ] GC(10) Using 2 workers of 2 for evacuation
[2024-12-15T12:18:52.179+0700][gc,mmu      ] GC(10) MMU target violated: 21.0ms (20.0ms/21.0ms)
[2024-12-15T12:18:52.180+0700][gc,phases   ] GC(10)   Pre Evacuate Collection Set: 5.2ms
[2024-12-15T12:18:52.180+0700][gc,phases   ] GC(10)   Merge Heap Roots: 0.7ms
[2024-12-15T12:18:52.180+0700][gc,phases   ] GC(10)   Evacuate Collection Set: 59.1ms
[2024-12-15T12:18:52.180+0700][gc,phases   ] GC(10)   Post Evacuate Collection Set: 5.0ms
[2024-12-15T12:18:52.180+0700][gc,phases   ] GC(10)   Other: 1.5ms
[2024-12-15T12:18:52.180+0700][gc,heap     ] GC(10) Eden regions: 46->0(45)
[2024-12-15T12:18:52.180+0700][gc,heap     ] GC(10) Survivor regions: 5->6(7)
[2024-12-15T12:18:52.180+0700][gc,heap     ] GC(10) Old regions: 19->20
[2024-12-15T12:18:52.180+0700][gc,heap     ] GC(10) Archive regions: 2->2
[2024-12-15T12:18:52.180+0700][gc,heap     ] GC(10) Humongous regions: 129->129
[2024-12-15T12:18:52.180+0700][gc,metaspace] GC(10) Metaspace: 43335K(43904K)->43335K(43904K) NonClass: 38226K(38528K)->38226K(38528K) Class: 5108K(5376K)->5108K(5376K)
[2024-12-15T12:18:52.180+0700][gc          ] GC(10) Pause Young (Prepare Mixed) (G1 Evacuation Pause) 198M->155M(1024M) 71.693ms
[2024-12-15T12:18:52.181+0700][gc,cpu      ] GC(10) User=0.12s Sys=0.01s Real=0.07s
[2024-12-15T12:20:37.216+0700][gc,start    ] GC(11) Pause Young (Mixed) (G1 Evacuation Pause)
[2024-12-15T12:20:37.217+0700][gc,task     ] GC(11) Using 2 workers of 2 for evacuation
[2024-12-15T12:20:37.284+0700][gc,mmu      ] GC(11) MMU target violated: 21.0ms (20.0ms/21.0ms)
[2024-12-15T12:20:37.284+0700][gc,phases   ] GC(11)   Pre Evacuate Collection Set: 5.0ms
[2024-12-15T12:20:37.284+0700][gc,phases   ] GC(11)   Merge Heap Roots: 0.7ms
[2024-12-15T12:20:37.284+0700][gc,phases   ] GC(11)   Evacuate Collection Set: 58.4ms
[2024-12-15T12:20:37.284+0700][gc,phases   ] GC(11)   Post Evacuate Collection Set: 2.5ms
[2024-12-15T12:20:37.284+0700][gc,phases   ] GC(11)   Other: 1.7ms
[2024-12-15T12:20:37.284+0700][gc,heap     ] GC(11) Eden regions: 45->0(46)
[2024-12-15T12:20:37.284+0700][gc,heap     ] GC(11) Survivor regions: 6->5(7)
[2024-12-15T12:20:37.284+0700][gc,heap     ] GC(11) Old regions: 20->24
[2024-12-15T12:20:37.284+0700][gc,heap     ] GC(11) Archive regions: 2->2
[2024-12-15T12:20:37.284+0700][gc,heap     ] GC(11) Humongous regions: 129->129
[2024-12-15T12:20:37.284+0700][gc,metaspace] GC(11) Metaspace: 43427K(44032K)->43427K(44032K) NonClass: 38308K(38656K)->38308K(38656K) Class: 5119K(5376K)->5119K(5376K)
[2024-12-15T12:20:37.284+0700][gc          ] GC(11) Pause Young (Mixed) (G1 Evacuation Pause) 200M->157M(1024M) 67.917ms
[2024-12-15T12:20:37.284+0700][gc,cpu      ] GC(11) User=0.11s Sys=0.01s Real=0.07s
[2024-12-15T12:22:28.386+0700][gc,start    ] GC(12) Pause Young (Normal) (G1 Evacuation Pause)
[2024-12-15T12:22:28.387+0700][gc,task     ] GC(12) Using 2 workers of 2 for evacuation
[2024-12-15T12:22:28.425+0700][gc,mmu      ] GC(12) MMU target violated: 21.0ms (20.0ms/21.0ms)
[2024-12-15T12:22:28.425+0700][gc,phases   ] GC(12)   Pre Evacuate Collection Set: 4.1ms
[2024-12-15T12:22:28.425+0700][gc,phases   ] GC(12)   Merge Heap Roots: 0.6ms
[2024-12-15T12:22:28.425+0700][gc,phases   ] GC(12)   Evacuate Collection Set: 30.3ms
[2024-12-15T12:22:28.425+0700][gc,phases   ] GC(12)   Post Evacuate Collection Set: 2.4ms
[2024-12-15T12:22:28.425+0700][gc,phases   ] GC(12)   Other: 1.4ms
[2024-12-15T12:22:28.425+0700][gc,heap     ] GC(12) Eden regions: 46->0(48)
[2024-12-15T12:22:28.425+0700][gc,heap     ] GC(12) Survivor regions: 5->3(7)
[2024-12-15T12:22:28.425+0700][gc,heap     ] GC(12) Old regions: 24->26
[2024-12-15T12:22:28.425+0700][gc,heap     ] GC(12) Archive regions: 2->2
[2024-12-15T12:22:28.425+0700][gc,heap     ] GC(12) Humongous regions: 129->129
[2024-12-15T12:22:28.425+0700][gc,metaspace] GC(12) Metaspace: 43441K(44032K)->43441K(44032K) NonClass: 38322K(38656K)->38322K(38656K) Class: 5119K(5376K)->5119K(5376K)
[2024-12-15T12:22:28.425+0700][gc          ] GC(12) Pause Young (Normal) (G1 Evacuation Pause) 203M->158M(1024M) 38.799ms
[2024-12-15T12:22:28.425+0700][gc,cpu      ] GC(12) User=0.07s Sys=0.01s Real=0.04s
[2024-12-15T12:24:19.017+0700][gc,start    ] GC(13) Pause Young (Normal) (G1 Evacuation Pause)
[2024-12-15T12:24:19.018+0700][gc,task     ] GC(13) Using 2 workers of 2 for evacuation
[2024-12-15T12:24:19.062+0700][gc,mmu      ] GC(13) MMU target violated: 21.0ms (20.0ms/21.0ms)
[2024-12-15T12:24:19.062+0700][gc,phases   ] GC(13)   Pre Evacuate Collection Set: 2.6ms
[2024-12-15T12:24:19.062+0700][gc,phases   ] GC(13)   Merge Heap Roots: 0.5ms
[2024-12-15T12:24:19.062+0700][gc,phases   ] GC(13)   Evacuate Collection Set: 38.2ms
[2024-12-15T12:24:19.062+0700][gc,phases   ] GC(13)   Post Evacuate Collection Set: 2.3ms
[2024-12-15T12:24:19.062+0700][gc,phases   ] GC(13)   Other: 1.4ms
[2024-12-15T12:24:19.062+0700][gc,heap     ] GC(13) Eden regions: 48->0(45)
[2024-12-15T12:24:19.062+0700][gc,heap     ] GC(13) Survivor regions: 3->6(7)
[2024-12-15T12:24:19.062+0700][gc,heap     ] GC(13) Old regions: 26->26
[2024-12-15T12:24:19.062+0700][gc,heap     ] GC(13) Archive regions: 2->2
[2024-12-15T12:24:19.062+0700][gc,heap     ] GC(13) Humongous regions: 129->129
[2024-12-15T12:24:19.062+0700][gc,metaspace] GC(13) Metaspace: 43504K(44032K)->43504K(44032K) NonClass: 38381K(38656K)->38381K(38656K) Class: 5123K(5376K)->5123K(5376K)
[2024-12-15T12:24:19.062+0700][gc          ] GC(13) Pause Young (Normal) (G1 Evacuation Pause) 206M->160M(1024M) 44.962ms
[2024-12-15T12:24:19.062+0700][gc,cpu      ] GC(13) User=0.08s Sys=0.00s Real=0.05s
[2024-12-15T12:26:03.683+0700][gc,start    ] GC(14) Pause Young (Normal) (G1 Evacuation Pause)
[2024-12-15T12:26:03.683+0700][gc,task     ] GC(14) Using 2 workers of 2 for evacuation
[2024-12-15T12:26:03.744+0700][gc,mmu      ] GC(14) MMU target violated: 21.0ms (20.0ms/21.0ms)
[2024-12-15T12:26:03.744+0700][gc,phases   ] GC(14)   Pre Evacuate Collection Set: 3.9ms
[2024-12-15T12:26:03.744+0700][gc,phases   ] GC(14)   Merge Heap Roots: 0.7ms
[2024-12-15T12:26:03.744+0700][gc,phases   ] GC(14)   Evacuate Collection Set: 52.5ms
[2024-12-15T12:26:03.744+0700][gc,phases   ] GC(14)   Post Evacuate Collection Set: 3.0ms
[2024-12-15T12:26:03.744+0700][gc,phases   ] GC(14)   Other: 1.2ms
[2024-12-15T12:26:03.744+0700][gc,heap     ] GC(14) Eden regions: 45->0(44)
[2024-12-15T12:26:03.744+0700][gc,heap     ] GC(14) Survivor regions: 6->7(7)
[2024-12-15T12:26:03.744+0700][gc,heap     ] GC(14) Old regions: 26->28
[2024-12-15T12:26:03.744+0700][gc,heap     ] GC(14) Archive regions: 2->2
[2024-12-15T12:26:03.744+0700][gc,heap     ] GC(14) Humongous regions: 129->129
[2024-12-15T12:26:03.744+0700][gc,metaspace] GC(14) Metaspace: 43563K(44160K)->43563K(44160K) NonClass: 38435K(38784K)->38435K(38784K) Class: 5127K(5376K)->5127K(5376K)
[2024-12-15T12:26:03.744+0700][gc          ] GC(14) Pause Young (Normal) (G1 Evacuation Pause) 205M->163M(1024M) 61.258ms
[2024-12-15T12:26:03.744+0700][gc,cpu      ] GC(14) User=0.11s Sys=0.00s Real=0.06s
[2024-12-15T12:27:46.749+0700][gc,start    ] GC(15) Pause Young (Normal) (G1 Evacuation Pause)
[2024-12-15T12:27:46.749+0700][gc,task     ] GC(15) Using 2 workers of 2 for evacuation
[2024-12-15T12:27:46.906+0700][gc,mmu      ] GC(15) MMU target violated: 21.0ms (20.0ms/21.0ms)
[2024-12-15T12:27:46.907+0700][gc,phases   ] GC(15)   Pre Evacuate Collection Set: 8.8ms
[2024-12-15T12:27:46.907+0700][gc,phases   ] GC(15)   Merge Heap Roots: 1.4ms
[2024-12-15T12:27:46.907+0700][gc,phases   ] GC(15)   Evacuate Collection Set: 138.8ms
[2024-12-15T12:27:46.907+0700][gc,phases   ] GC(15)   Post Evacuate Collection Set: 7.0ms
[2024-12-15T12:27:46.907+0700][gc,phases   ] GC(15)   Other: 2.9ms
[2024-12-15T12:27:46.907+0700][gc,heap     ] GC(15) Eden regions: 44->0(45)
[2024-12-15T12:27:46.907+0700][gc,heap     ] GC(15) Survivor regions: 7->6(7)
[2024-12-15T12:27:46.907+0700][gc,heap     ] GC(15) Old regions: 28->32
[2024-12-15T12:27:46.907+0700][gc,heap     ] GC(15) Archive regions: 2->2
[2024-12-15T12:27:46.907+0700][gc,heap     ] GC(15) Humongous regions: 129->129
[2024-12-15T12:27:46.907+0700][gc,metaspace] GC(15) Metaspace: 43583K(44160K)->43583K(44160K) NonClass: 38455K(38784K)->38455K(38784K) Class: 5127K(5376K)->5127K(5376K)
[2024-12-15T12:27:46.907+0700][gc          ] GC(15) Pause Young (Normal) (G1 Evacuation Pause) 207M->166M(1024M) 158.338ms
[2024-12-15T12:27:46.907+0700][gc,cpu      ] GC(15) User=0.26s Sys=0.01s Real=0.16s
[2024-12-15T12:29:31.668+0700][gc,start    ] GC(16) Pause Young (Normal) (G1 Evacuation Pause)
[2024-12-15T12:29:31.669+0700][gc,task     ] GC(16) Using 2 workers of 2 for evacuation
[2024-12-15T12:29:31.723+0700][gc,mmu      ] GC(16) MMU target violated: 21.0ms (20.0ms/21.0ms)
[2024-12-15T12:29:31.723+0700][gc,phases   ] GC(16)   Pre Evacuate Collection Set: 3.1ms
[2024-12-15T12:29:31.723+0700][gc,phases   ] GC(16)   Merge Heap Roots: 0.8ms
[2024-12-15T12:29:31.723+0700][gc,phases   ] GC(16)   Evacuate Collection Set: 46.1ms
[2024-12-15T12:29:31.723+0700][gc,phases   ] GC(16)   Post Evacuate Collection Set: 4.1ms
[2024-12-15T12:29:31.724+0700][gc,phases   ] GC(16)   Other: 1.7ms
[2024-12-15T12:29:31.724+0700][gc,heap     ] GC(16) Eden regions: 45->0(48)
[2024-12-15T12:29:31.724+0700][gc,heap     ] GC(16) Survivor regions: 6->3(7)
[2024-12-15T12:29:31.724+0700][gc,heap     ] GC(16) Old regions: 32->34
[2024-12-15T12:29:31.724+0700][gc,heap     ] GC(16) Archive regions: 2->2
[2024-12-15T12:29:31.724+0700][gc,heap     ] GC(16) Humongous regions: 129->129
[2024-12-15T12:29:31.724+0700][gc,metaspace] GC(16) Metaspace: 43590K(44160K)->43590K(44160K) NonClass: 38463K(38784K)->38463K(38784K) Class: 5127K(5376K)->5127K(5376K)
[2024-12-15T12:29:31.724+0700][gc          ] GC(16) Pause Young (Normal) (G1 Evacuation Pause) 211M->166M(1024M) 55.842ms
[2024-12-15T12:29:31.724+0700][gc,cpu      ] GC(16) User=0.07s Sys=0.01s Real=0.06s
[2024-12-15T12:31:23.527+0700][gc,start    ] GC(17) Pause Young (Normal) (G1 Evacuation Pause)
[2024-12-15T12:31:23.527+0700][gc,task     ] GC(17) Using 2 workers of 2 for evacuation
[2024-12-15T12:31:23.579+0700][gc,mmu      ] GC(17) MMU target violated: 21.0ms (20.0ms/21.0ms)
[2024-12-15T12:31:23.579+0700][gc,phases   ] GC(17)   Pre Evacuate Collection Set: 4.6ms
[2024-12-15T12:31:23.579+0700][gc,phases   ] GC(17)   Merge Heap Roots: 1.1ms
[2024-12-15T12:31:23.579+0700][gc,phases   ] GC(17)   Evacuate Collection Set: 40.0ms
[2024-12-15T12:31:23.579+0700][gc,phases   ] GC(17)   Post Evacuate Collection Set: 4.9ms
[2024-12-15T12:31:23.579+0700][gc,phases   ] GC(17)   Other: 2.0ms
[2024-12-15T12:31:23.579+0700][gc,heap     ] GC(17) Eden regions: 48->0(45)
[2024-12-15T12:31:23.579+0700][gc,heap     ] GC(17) Survivor regions: 3->6(7)
[2024-12-15T12:31:23.579+0700][gc,heap     ] GC(17) Old regions: 34->34
[2024-12-15T12:31:23.579+0700][gc,heap     ] GC(17) Archive regions: 2->2
[2024-12-15T12:31:23.579+0700][gc,heap     ] GC(17) Humongous regions: 129->129
[2024-12-15T12:31:23.579+0700][gc,metaspace] GC(17) Metaspace: 43609K(44224K)->43609K(44224K) NonClass: 38481K(38848K)->38481K(38848K) Class: 5127K(5376K)->5127K(5376K)
[2024-12-15T12:31:23.579+0700][gc          ] GC(17) Pause Young (Normal) (G1 Evacuation Pause) 214M->169M(1024M) 52.480ms
[2024-12-15T12:31:23.579+0700][gc,cpu      ] GC(17) User=0.09s Sys=0.01s Real=0.05s
[2024-12-15T12:33:08.746+0700][gc,start    ] GC(18) Pause Young (Normal) (G1 Evacuation Pause)
[2024-12-15T12:33:08.746+0700][gc,task     ] GC(18) Using 2 workers of 2 for evacuation
[2024-12-15T12:33:08.846+0700][gc,mmu      ] GC(18) MMU target violated: 21.0ms (20.0ms/21.0ms)
[2024-12-15T12:33:08.846+0700][gc,phases   ] GC(18)   Pre Evacuate Collection Set: 6.6ms
[2024-12-15T12:33:08.846+0700][gc,phases   ] GC(18)   Merge Heap Roots: 1.3ms
[2024-12-15T12:33:08.846+0700][gc,phases   ] GC(18)   Evacuate Collection Set: 84.9ms
[2024-12-15T12:33:08.846+0700][gc,phases   ] GC(18)   Post Evacuate Collection Set: 5.4ms
[2024-12-15T12:33:08.846+0700][gc,phases   ] GC(18)   Other: 2.9ms
[2024-12-15T12:33:08.846+0700][gc,heap     ] GC(18) Eden regions: 45->0(46)
[2024-12-15T12:33:08.846+0700][gc,heap     ] GC(18) Survivor regions: 6->5(7)
[2024-12-15T12:33:08.846+0700][gc,heap     ] GC(18) Old regions: 34->38
[2024-12-15T12:33:08.846+0700][gc,heap     ] GC(18) Archive regions: 2->2
[2024-12-15T12:33:08.846+0700][gc,heap     ] GC(18) Humongous regions: 129->129
[2024-12-15T12:33:08.846+0700][gc,metaspace] GC(18) Metaspace: 43614K(44224K)->43614K(44224K) NonClass: 38487K(38848K)->38487K(38848K) Class: 5127K(5376K)->5127K(5376K)
[2024-12-15T12:33:08.846+0700][gc          ] GC(18) Pause Young (Normal) (G1 Evacuation Pause) 214M->171M(1024M) 100.606ms
[2024-12-15T12:33:08.847+0700][gc,cpu      ] GC(18) User=0.16s Sys=0.03s Real=0.10s
[2024-12-15T12:34:55.932+0700][gc,start    ] GC(19) Pause Young (Normal) (G1 Evacuation Pause)
[2024-12-15T12:34:55.933+0700][gc,task     ] GC(19) Using 2 workers of 2 for evacuation
[2024-12-15T12:34:55.982+0700][gc,mmu      ] GC(19) MMU target violated: 21.0ms (20.0ms/21.0ms)
[2024-12-15T12:34:55.982+0700][gc,phases   ] GC(19)   Pre Evacuate Collection Set: 7.6ms
[2024-12-15T12:34:55.982+0700][gc,phases   ] GC(19)   Merge Heap Roots: 1.0ms
[2024-12-15T12:34:55.982+0700][gc,phases   ] GC(19)   Evacuate Collection Set: 34.8ms
[2024-12-15T12:34:55.982+0700][gc,phases   ] GC(19)   Post Evacuate Collection Set: 4.9ms
[2024-12-15T12:34:55.982+0700][gc,phases   ] GC(19)   Other: 2.0ms
[2024-12-15T12:34:55.982+0700][gc,heap     ] GC(19) Eden regions: 46->0(48)
[2024-12-15T12:34:55.982+0700][gc,heap     ] GC(19) Survivor regions: 5->3(7)
[2024-12-15T12:34:55.982+0700][gc,heap     ] GC(19) Old regions: 38->40
[2024-12-15T12:34:55.982+0700][gc,heap     ] GC(19) Archive regions: 2->2
[2024-12-15T12:34:55.982+0700][gc,heap     ] GC(19) Humongous regions: 129->129
[2024-12-15T12:34:55.982+0700][gc,metaspace] GC(19) Metaspace: 43636K(44224K)->43636K(44224K) NonClass: 38509K(38848K)->38509K(38848K) Class: 5127K(5376K)->5127K(5376K)
[2024-12-15T12:34:55.982+0700][gc          ] GC(19) Pause Young (Normal) (G1 Evacuation Pause) 217M->172M(1024M) 50.068ms
[2024-12-15T12:34:55.982+0700][gc,cpu      ] GC(19) User=0.08s Sys=0.01s Real=0.06s
[2024-12-15T12:36:48.404+0700][gc,start    ] GC(20) Pause Young (Normal) (G1 Evacuation Pause)
[2024-12-15T12:36:48.405+0700][gc,task     ] GC(20) Using 2 workers of 2 for evacuation
[2024-12-15T12:36:48.462+0700][gc,mmu      ] GC(20) MMU target violated: 21.0ms (20.0ms/21.0ms)
[2024-12-15T12:36:48.462+0700][gc,phases   ] GC(20)   Pre Evacuate Collection Set: 3.7ms
[2024-12-15T12:36:48.462+0700][gc,phases   ] GC(20)   Merge Heap Roots: 0.7ms
[2024-12-15T12:36:48.462+0700][gc,phases   ] GC(20)   Evacuate Collection Set: 47.6ms
[2024-12-15T12:36:48.462+0700][gc,phases   ] GC(20)   Post Evacuate Collection Set: 3.8ms
[2024-12-15T12:36:48.462+0700][gc,phases   ] GC(20)   Other: 2.5ms
[2024-12-15T12:36:48.462+0700][gc,heap     ] GC(20) Eden regions: 48->0(45)
[2024-12-15T12:36:48.462+0700][gc,heap     ] GC(20) Survivor regions: 3->6(7)
[2024-12-15T12:36:48.462+0700][gc,heap     ] GC(20) Old regions: 40->40
[2024-12-15T12:36:48.462+0700][gc,heap     ] GC(20) Archive regions: 2->2
[2024-12-15T12:36:48.462+0700][gc,heap     ] GC(20) Humongous regions: 129->129
[2024-12-15T12:36:48.463+0700][gc,metaspace] GC(20) Metaspace: 43649K(44224K)->43649K(44224K) NonClass: 38521K(38848K)->38521K(38848K) Class: 5127K(5376K)->5127K(5376K)
[2024-12-15T12:36:48.463+0700][gc          ] GC(20) Pause Young (Normal) (G1 Evacuation Pause) 220M->175M(1024M) 58.351ms
[2024-12-15T12:36:48.463+0700][gc,cpu      ] GC(20) User=0.10s Sys=0.01s Real=0.06s
[2024-12-15T12:38:33.740+0700][gc,start    ] GC(21) Pause Young (Normal) (G1 Evacuation Pause)
[2024-12-15T12:38:33.741+0700][gc,task     ] GC(21) Using 2 workers of 2 for evacuation
[2024-12-15T12:38:33.796+0700][gc,mmu      ] GC(21) MMU target violated: 21.0ms (20.0ms/21.0ms)
[2024-12-15T12:38:33.796+0700][gc,phases   ] GC(21)   Pre Evacuate Collection Set: 2.7ms
[2024-12-15T12:38:33.796+0700][gc,phases   ] GC(21)   Merge Heap Roots: 0.9ms
[2024-12-15T12:38:33.796+0700][gc,phases   ] GC(21)   Evacuate Collection Set: 48.4ms
[2024-12-15T12:38:33.796+0700][gc,phases   ] GC(21)   Post Evacuate Collection Set: 2.2ms
[2024-12-15T12:38:33.796+0700][gc,phases   ] GC(21)   Other: 1.2ms
[2024-12-15T12:38:33.796+0700][gc,heap     ] GC(21) Eden regions: 45->0(45)
[2024-12-15T12:38:33.796+0700][gc,heap     ] GC(21) Survivor regions: 6->6(7)
[2024-12-15T12:38:33.796+0700][gc,heap     ] GC(21) Old regions: 40->42
[2024-12-15T12:38:33.796+0700][gc,heap     ] GC(21) Archive regions: 2->2
[2024-12-15T12:38:33.796+0700][gc,heap     ] GC(21) Humongous regions: 129->129
[2024-12-15T12:38:33.796+0700][gc,metaspace] GC(21) Metaspace: 43666K(44224K)->43666K(44224K) NonClass: 38539K(38848K)->38539K(38848K) Class: 5127K(5376K)->5127K(5376K)
[2024-12-15T12:38:33.796+0700][gc          ] GC(21) Pause Young (Normal) (G1 Evacuation Pause) 220M->177M(1024M) 55.656ms
[2024-12-15T12:38:33.796+0700][gc,cpu      ] GC(21) User=0.11s Sys=0.00s Real=0.06s
[2024-12-15T12:40:18.255+0700][gc,start    ] GC(22) Pause Young (Normal) (G1 Evacuation Pause)
[2024-12-15T12:40:18.256+0700][gc,task     ] GC(22) Using 2 workers of 2 for evacuation
[2024-12-15T12:40:18.329+0700][gc,mmu      ] GC(22) MMU target violated: 21.0ms (20.0ms/21.0ms)
[2024-12-15T12:40:18.329+0700][gc,phases   ] GC(22)   Pre Evacuate Collection Set: 3.7ms
[2024-12-15T12:40:18.329+0700][gc,phases   ] GC(22)   Merge Heap Roots: 0.7ms
[2024-12-15T12:40:18.329+0700][gc,phases   ] GC(22)   Evacuate Collection Set: 65.5ms
[2024-12-15T12:40:18.329+0700][gc,phases   ] GC(22)   Post Evacuate Collection Set: 2.5ms
[2024-12-15T12:40:18.329+0700][gc,phases   ] GC(22)   Other: 1.3ms
[2024-12-15T12:40:18.329+0700][gc,heap     ] GC(22) Eden regions: 45->0(46)
[2024-12-15T12:40:18.329+0700][gc,heap     ] GC(22) Survivor regions: 6->5(7)
[2024-12-15T12:40:18.329+0700][gc,heap     ] GC(22) Old regions: 42->46
[2024-12-15T12:40:18.329+0700][gc,heap     ] GC(22) Archive regions: 2->2
[2024-12-15T12:40:18.329+0700][gc,heap     ] GC(22) Humongous regions: 129->129
[2024-12-15T12:40:18.329+0700][gc,metaspace] GC(22) Metaspace: 43680K(44224K)->43680K(44224K) NonClass: 38552K(38848K)->38552K(38848K) Class: 5127K(5376K)->5127K(5376K)
[2024-12-15T12:40:18.329+0700][gc          ] GC(22) Pause Young (Normal) (G1 Evacuation Pause) 222M->180M(1024M) 73.792ms
[2024-12-15T12:40:18.329+0700][gc,cpu      ] GC(22) User=0.13s Sys=0.01s Real=0.07s
[2024-12-15T12:42:04.288+0700][gc,start    ] GC(23) Pause Young (Normal) (G1 Evacuation Pause)
[2024-12-15T12:42:04.288+0700][gc,task     ] GC(23) Using 2 workers of 2 for evacuation
[2024-12-15T12:42:04.331+0700][gc,mmu      ] GC(23) MMU target violated: 21.0ms (20.0ms/21.0ms)
[2024-12-15T12:42:04.331+0700][gc,phases   ] GC(23)   Pre Evacuate Collection Set: 4.8ms
[2024-12-15T12:42:04.331+0700][gc,phases   ] GC(23)   Merge Heap Roots: 0.8ms
[2024-12-15T12:42:04.331+0700][gc,phases   ] GC(23)   Evacuate Collection Set: 33.7ms
[2024-12-15T12:42:04.331+0700][gc,phases   ] GC(23)   Post Evacuate Collection Set: 3.2ms
[2024-12-15T12:42:04.331+0700][gc,phases   ] GC(23)   Other: 1.4ms
[2024-12-15T12:42:04.331+0700][gc,heap     ] GC(23) Eden regions: 46->0(48)
[2024-12-15T12:42:04.331+0700][gc,heap     ] GC(23) Survivor regions: 5->3(7)
[2024-12-15T12:42:04.331+0700][gc,heap     ] GC(23) Old regions: 46->48
[2024-12-15T12:42:04.331+0700][gc,heap     ] GC(23) Archive regions: 2->2
[2024-12-15T12:42:04.331+0700][gc,heap     ] GC(23) Humongous regions: 129->129
[2024-12-15T12:42:04.331+0700][gc,metaspace] GC(23) Metaspace: 43689K(44224K)->43689K(44224K) NonClass: 38562K(38848K)->38562K(38848K) Class: 5127K(5376K)->5127K(5376K)
[2024-12-15T12:42:04.332+0700][gc          ] GC(23) Pause Young (Normal) (G1 Evacuation Pause) 226M->180M(1024M) 43.963ms
[2024-12-15T12:42:04.332+0700][gc,cpu      ] GC(23) User=0.06s Sys=0.01s Real=0.04s
[2024-12-15T12:43:56.480+0700][gc,start    ] GC(24) Pause Young (Normal) (G1 Evacuation Pause)
[2024-12-15T12:43:56.480+0700][gc,task     ] GC(24) Using 2 workers of 2 for evacuation
[2024-12-15T12:43:56.524+0700][gc,mmu      ] GC(24) MMU target violated: 21.0ms (20.0ms/21.0ms)
[2024-12-15T12:43:56.524+0700][gc,phases   ] GC(24)   Pre Evacuate Collection Set: 3.1ms
[2024-12-15T12:43:56.524+0700][gc,phases   ] GC(24)   Merge Heap Roots: 1.1ms
[2024-12-15T12:43:56.524+0700][gc,phases   ] GC(24)   Evacuate Collection Set: 35.6ms
[2024-12-15T12:43:56.524+0700][gc,phases   ] GC(24)   Post Evacuate Collection Set: 2.9ms
[2024-12-15T12:43:56.524+0700][gc,phases   ] GC(24)   Other: 1.6ms
[2024-12-15T12:43:56.524+0700][gc,heap     ] GC(24) Eden regions: 48->0(45)
[2024-12-15T12:43:56.524+0700][gc,heap     ] GC(24) Survivor regions: 3->6(7)
[2024-12-15T12:43:56.524+0700][gc,heap     ] GC(24) Old regions: 48->48
[2024-12-15T12:43:56.524+0700][gc,heap     ] GC(24) Archive regions: 2->2
[2024-12-15T12:43:56.524+0700][gc,heap     ] GC(24) Humongous regions: 129->129
[2024-12-15T12:43:56.524+0700][gc,metaspace] GC(24) Metaspace: 43694K(44288K)->43694K(44288K) NonClass: 38566K(38912K)->38566K(38912K) Class: 5127K(5376K)->5127K(5376K)
[2024-12-15T12:43:56.524+0700][gc          ] GC(24) Pause Young (Normal) (G1 Evacuation Pause) 228M->183M(1024M) 44.307ms
[2024-12-15T12:43:56.524+0700][gc,cpu      ] GC(24) User=0.08s Sys=0.00s Real=0.05s
[2024-12-15T12:45:37.141+0700][gc,start    ] GC(25) Pause Young (Normal) (G1 Evacuation Pause)
[2024-12-15T12:45:37.141+0700][gc,task     ] GC(25) Using 2 workers of 2 for evacuation
[2024-12-15T12:45:37.198+0700][gc,mmu      ] GC(25) MMU target violated: 21.0ms (20.0ms/21.0ms)
[2024-12-15T12:45:37.198+0700][gc,phases   ] GC(25)   Pre Evacuate Collection Set: 2.6ms
[2024-12-15T12:45:37.198+0700][gc,phases   ] GC(25)   Merge Heap Roots: 0.4ms
[2024-12-15T12:45:37.198+0700][gc,phases   ] GC(25)   Evacuate Collection Set: 51.7ms
[2024-12-15T12:45:37.198+0700][gc,phases   ] GC(25)   Post Evacuate Collection Set: 2.0ms
[2024-12-15T12:45:37.198+0700][gc,phases   ] GC(25)   Other: 1.0ms
[2024-12-15T12:45:37.198+0700][gc,heap     ] GC(25) Eden regions: 45->0(45)
[2024-12-15T12:45:37.198+0700][gc,heap     ] GC(25) Survivor regions: 6->6(7)
[2024-12-15T12:45:37.198+0700][gc,heap     ] GC(25) Old regions: 48->50
[2024-12-15T12:45:37.198+0700][gc,heap     ] GC(25) Archive regions: 2->2
[2024-12-15T12:45:37.198+0700][gc,heap     ] GC(25) Humongous regions: 129->129
[2024-12-15T12:45:37.198+0700][gc,metaspace] GC(25) Metaspace: 43834K(44416K)->43834K(44416K) NonClass: 38685K(38976K)->38685K(38976K) Class: 5148K(5440K)->5148K(5440K)
[2024-12-15T12:45:37.198+0700][gc          ] GC(25) Pause Young (Normal) (G1 Evacuation Pause) 228M->185M(1024M) 57.900ms
[2024-12-15T12:45:37.199+0700][gc,cpu      ] GC(25) User=0.10s Sys=0.02s Real=0.06s
[2024-12-15T12:45:37.996+0700][gc,heap,exit] Heap
[2024-12-15T12:45:37.996+0700][gc,heap,exit]  garbage-first heap   total 1048576K, used 199785K [0x00000000c0000000, 0x0000000100000000)
[2024-12-15T12:45:37.996+0700][gc,heap,exit]   region size 1024K, 16 young (16384K), 6 survivors (6144K)
[2024-12-15T12:45:37.996+0700][gc,heap,exit]  Metaspace       used 44707K, committed 45248K, reserved 1114112K
[2024-12-15T12:45:37.996+0700][gc,heap,exit]   class space    used 5324K, committed 5568K, reserved 1048576K
