[2024-12-16T03:08:28.109+0700][gc] Using G1
[2024-12-16T03:08:28.130+0700][gc,init] Version: 17.0.13+11-Ubuntu-2ubuntu122.04 (release)
[2024-12-16T03:08:28.130+0700][gc,init] CPUs: 2 total, 2 available
[2024-12-16T03:08:28.131+0700][gc,init] Memory: 3911M
[2024-12-16T03:08:28.131+0700][gc,init] Large Page Support: Disabled
[2024-12-16T03:08:28.131+0700][gc,init] NUMA Support: Disabled
[2024-12-16T03:08:28.131+0700][gc,init] Compressed Oops: Enabled (32-bit)
[2024-12-16T03:08:28.131+0700][gc,init] Heap Region Size: 1M
[2024-12-16T03:08:28.131+0700][gc,init] Heap Min Capacity: 1G
[2024-12-16T03:08:28.131+0700][gc,init] Heap Initial Capacity: 1G
[2024-12-16T03:08:28.131+0700][gc,init] Heap Max Capacity: 1G
[2024-12-16T03:08:28.131+0700][gc,init] Pre-touch: Disabled
[2024-12-16T03:08:28.131+0700][gc,init] Parallel Workers: 2
[2024-12-16T03:08:28.131+0700][gc,init] Concurrent Workers: 1
[2024-12-16T03:08:28.131+0700][gc,init] Concurrent Refinement Workers: 2
[2024-12-16T03:08:28.131+0700][gc,init] Periodic GC: Disabled
[2024-12-16T03:08:28.151+0700][gc,metaspace] CDS archive(s) mapped at: [0x00007fb8b7000000-0x00007fb8b7bc9000-0x00007fb8b7bc9000), size 12357632, SharedBaseAddress: 0x00007fb8b7000000, ArchiveRelocationMode: 1.
[2024-12-16T03:08:28.151+0700][gc,metaspace] Compressed class space mapped at: 0x00007fb8b8000000-0x00007fb8f8000000, reserved size: 1073741824
[2024-12-16T03:08:28.151+0700][gc,metaspace] Narrow klass base: 0x00007fb8b7000000, Narrow klass shift: 0, Narrow klass range: 0x100000000
[2024-12-16T03:08:29.947+0700][gc,start    ] GC(0) Pause Young (Normal) (G1 Evacuation Pause)
[2024-12-16T03:08:29.947+0700][gc,task     ] GC(0) Using 2 workers of 2 for evacuation
[2024-12-16T03:08:29.977+0700][gc,mmu      ] GC(0) MMU target violated: 21.0ms (20.0ms/21.0ms)
[2024-12-16T03:08:29.978+0700][gc,phases   ] GC(0)   Pre Evacuate Collection Set: 2.2ms
[2024-12-16T03:08:29.978+0700][gc,phases   ] GC(0)   Merge Heap Roots: 0.3ms
[2024-12-16T03:08:29.978+0700][gc,phases   ] GC(0)   Evacuate Collection Set: 25.6ms
[2024-12-16T03:08:29.978+0700][gc,phases   ] GC(0)   Post Evacuate Collection Set: 1.6ms
[2024-12-16T03:08:29.978+0700][gc,phases   ] GC(0)   Other: 1.3ms
[2024-12-16T03:08:29.978+0700][gc,heap     ] GC(0) Eden regions: 51->0(44)
[2024-12-16T03:08:29.978+0700][gc,heap     ] GC(0) Survivor regions: 0->7(7)
[2024-12-16T03:08:29.978+0700][gc,heap     ] GC(0) Old regions: 0->1
[2024-12-16T03:08:29.978+0700][gc,heap     ] GC(0) Archive regions: 2->2
[2024-12-16T03:08:29.978+0700][gc,heap     ] GC(0) Humongous regions: 0->0
[2024-12-16T03:08:29.978+0700][gc,metaspace] GC(0) Metaspace: 17509K(17728K)->17509K(17728K) NonClass: 15387K(15488K)->15387K(15488K) Class: 2121K(2240K)->2121K(2240K)
[2024-12-16T03:08:29.978+0700][gc          ] GC(0) Pause Young (Normal) (G1 Evacuation Pause) 51M->8M(1024M) 31.191ms
[2024-12-16T03:08:29.978+0700][gc,cpu      ] GC(0) User=0.04s Sys=0.02s Real=0.03s
[2024-12-16T03:08:30.791+0700][gc,start    ] GC(1) Pause Young (Concurrent Start) (Metadata GC Threshold)
[2024-12-16T03:08:30.791+0700][gc,task     ] GC(1) Using 2 workers of 2 for evacuation
[2024-12-16T03:08:30.809+0700][gc,phases   ] GC(1)   Pre Evacuate Collection Set: 0.2ms
[2024-12-16T03:08:30.809+0700][gc,phases   ] GC(1)   Merge Heap Roots: 0.1ms
[2024-12-16T03:08:30.809+0700][gc,phases   ] GC(1)   Evacuate Collection Set: 16.5ms
[2024-12-16T03:08:30.809+0700][gc,phases   ] GC(1)   Post Evacuate Collection Set: 0.7ms
[2024-12-16T03:08:30.809+0700][gc,phases   ] GC(1)   Other: 0.4ms
[2024-12-16T03:08:30.809+0700][gc,heap     ] GC(1) Eden regions: 17->0(49)
[2024-12-16T03:08:30.809+0700][gc,heap     ] GC(1) Survivor regions: 7->2(7)
[2024-12-16T03:08:30.809+0700][gc,heap     ] GC(1) Old regions: 1->8
[2024-12-16T03:08:30.809+0700][gc,heap     ] GC(1) Archive regions: 2->2
[2024-12-16T03:08:30.809+0700][gc,heap     ] GC(1) Humongous regions: 129->129
[2024-12-16T03:08:30.809+0700][gc,metaspace] GC(1) Metaspace: 21347K(21504K)->21347K(21504K) NonClass: 18747K(18816K)->18747K(18816K) Class: 2599K(2688K)->2599K(2688K)
[2024-12-16T03:08:30.809+0700][gc          ] GC(1) Pause Young (Concurrent Start) (Metadata GC Threshold) 153M->139M(1024M) 17.988ms
[2024-12-16T03:08:30.810+0700][gc,cpu      ] GC(1) User=0.02s Sys=0.02s Real=0.02s
[2024-12-16T03:08:30.810+0700][gc          ] GC(2) Concurrent Mark Cycle
[2024-12-16T03:08:30.810+0700][gc,marking  ] GC(2) Concurrent Clear Claimed Marks
[2024-12-16T03:08:30.810+0700][gc,marking  ] GC(2) Concurrent Clear Claimed Marks 0.077ms
[2024-12-16T03:08:30.810+0700][gc,marking  ] GC(2) Concurrent Scan Root Regions
[2024-12-16T03:08:30.825+0700][gc,marking  ] GC(2) Concurrent Scan Root Regions 15.250ms
[2024-12-16T03:08:30.825+0700][gc,marking  ] GC(2) Concurrent Mark
[2024-12-16T03:08:30.825+0700][gc,marking  ] GC(2) Concurrent Mark From Roots
[2024-12-16T03:08:30.825+0700][gc,task     ] GC(2) Using 1 workers of 1 for marking
[2024-12-16T03:08:30.831+0700][gc,marking  ] GC(2) Concurrent Mark From Roots 5.916ms
[2024-12-16T03:08:30.831+0700][gc,marking  ] GC(2) Concurrent Preclean
[2024-12-16T03:08:30.831+0700][gc,marking  ] GC(2) Concurrent Preclean 0.099ms
[2024-12-16T03:08:30.831+0700][gc,start    ] GC(2) Pause Remark
[2024-12-16T03:08:30.835+0700][gc          ] GC(2) Pause Remark 140M->140M(1024M) 3.056ms
[2024-12-16T03:08:30.835+0700][gc,cpu      ] GC(2) User=0.01s Sys=0.00s Real=0.00s
[2024-12-16T03:08:30.835+0700][gc,marking  ] GC(2) Concurrent Mark 9.407ms
[2024-12-16T03:08:30.835+0700][gc,marking  ] GC(2) Concurrent Rebuild Remembered Sets
[2024-12-16T03:08:30.840+0700][gc,marking  ] GC(2) Concurrent Rebuild Remembered Sets 5.576ms
[2024-12-16T03:08:30.840+0700][gc,start    ] GC(2) Pause Cleanup
[2024-12-16T03:08:30.841+0700][gc          ] GC(2) Pause Cleanup 140M->140M(1024M) 0.201ms
[2024-12-16T03:08:30.841+0700][gc,cpu      ] GC(2) User=0.00s Sys=0.00s Real=0.00s
[2024-12-16T03:08:30.841+0700][gc,marking  ] GC(2) Concurrent Cleanup for Next Mark
[2024-12-16T03:08:30.868+0700][gc,marking  ] GC(2) Concurrent Cleanup for Next Mark 27.677ms
[2024-12-16T03:08:30.868+0700][gc          ] GC(2) Concurrent Mark Cycle 58.660ms
[2024-12-16T03:08:32.141+0700][gc,start    ] GC(3) Pause Young (Normal) (G1 Evacuation Pause)
[2024-12-16T03:08:32.141+0700][gc,task     ] GC(3) Using 2 workers of 2 for evacuation
[2024-12-16T03:08:32.163+0700][gc,mmu      ] GC(3) MMU target violated: 21.0ms (20.0ms/21.0ms)
[2024-12-16T03:08:32.164+0700][gc,phases   ] GC(3)   Pre Evacuate Collection Set: 0.4ms
[2024-12-16T03:08:32.164+0700][gc,phases   ] GC(3)   Merge Heap Roots: 0.2ms
[2024-12-16T03:08:32.164+0700][gc,phases   ] GC(3)   Evacuate Collection Set: 21.1ms
[2024-12-16T03:08:32.164+0700][gc,phases   ] GC(3)   Post Evacuate Collection Set: 1.0ms
[2024-12-16T03:08:32.164+0700][gc,phases   ] GC(3)   Other: 0.3ms
[2024-12-16T03:08:32.164+0700][gc,heap     ] GC(3) Eden regions: 49->0(45)
[2024-12-16T03:08:32.164+0700][gc,heap     ] GC(3) Survivor regions: 2->6(7)
[2024-12-16T03:08:32.164+0700][gc,heap     ] GC(3) Old regions: 8->8
[2024-12-16T03:08:32.164+0700][gc,heap     ] GC(3) Archive regions: 2->2
[2024-12-16T03:08:32.164+0700][gc,heap     ] GC(3) Humongous regions: 129->129
[2024-12-16T03:08:32.164+0700][gc,metaspace] GC(3) Metaspace: 32672K(32896K)->32672K(32896K) NonClass: 29038K(29184K)->29038K(29184K) Class: 3634K(3712K)->3634K(3712K)
[2024-12-16T03:08:32.164+0700][gc          ] GC(3) Pause Young (Normal) (G1 Evacuation Pause) 188M->143M(1024M) 23.212ms
[2024-12-16T03:08:32.164+0700][gc,cpu      ] GC(3) User=0.04s Sys=0.00s Real=0.02s
[2024-12-16T03:08:32.796+0700][gc,start    ] GC(4) Pause Young (Concurrent Start) (Metadata GC Threshold)
[2024-12-16T03:08:32.796+0700][gc,task     ] GC(4) Using 2 workers of 2 for evacuation
[2024-12-16T03:08:32.813+0700][gc,phases   ] GC(4)   Pre Evacuate Collection Set: 0.3ms
[2024-12-16T03:08:32.813+0700][gc,phases   ] GC(4)   Merge Heap Roots: 0.1ms
[2024-12-16T03:08:32.813+0700][gc,phases   ] GC(4)   Evacuate Collection Set: 15.3ms
[2024-12-16T03:08:32.813+0700][gc,phases   ] GC(4)   Post Evacuate Collection Set: 0.9ms
[2024-12-16T03:08:32.813+0700][gc,phases   ] GC(4)   Other: 0.4ms
[2024-12-16T03:08:32.813+0700][gc,heap     ] GC(4) Eden regions: 14->0(50)
[2024-12-16T03:08:32.813+0700][gc,heap     ] GC(4) Survivor regions: 6->1(7)
[2024-12-16T03:08:32.813+0700][gc,heap     ] GC(4) Old regions: 8->14
[2024-12-16T03:08:32.813+0700][gc,heap     ] GC(4) Archive regions: 2->2
[2024-12-16T03:08:32.813+0700][gc,heap     ] GC(4) Humongous regions: 129->129
[2024-12-16T03:08:32.813+0700][gc,metaspace] GC(4) Metaspace: 35862K(36096K)->35862K(36096K) NonClass: 31846K(32000K)->31846K(32000K) Class: 4016K(4096K)->4016K(4096K)
[2024-12-16T03:08:32.813+0700][gc          ] GC(4) Pause Young (Concurrent Start) (Metadata GC Threshold) 157M->144M(1024M) 17.084ms
[2024-12-16T03:08:32.813+0700][gc,cpu      ] GC(4) User=0.02s Sys=0.02s Real=0.01s
[2024-12-16T03:08:32.813+0700][gc          ] GC(5) Concurrent Mark Cycle
[2024-12-16T03:08:32.813+0700][gc,marking  ] GC(5) Concurrent Clear Claimed Marks
[2024-12-16T03:08:32.813+0700][gc,marking  ] GC(5) Concurrent Clear Claimed Marks 0.022ms
[2024-12-16T03:08:32.813+0700][gc,marking  ] GC(5) Concurrent Scan Root Regions
[2024-12-16T03:08:32.822+0700][gc,marking  ] GC(5) Concurrent Scan Root Regions 9.037ms
[2024-12-16T03:08:32.823+0700][gc,marking  ] GC(5) Concurrent Mark
[2024-12-16T03:08:32.823+0700][gc,marking  ] GC(5) Concurrent Mark From Roots
[2024-12-16T03:08:32.823+0700][gc,task     ] GC(5) Using 1 workers of 1 for marking
[2024-12-16T03:08:32.841+0700][gc,marking  ] GC(5) Concurrent Mark From Roots 18.112ms
[2024-12-16T03:08:32.841+0700][gc,marking  ] GC(5) Concurrent Preclean
[2024-12-16T03:08:32.841+0700][gc,marking  ] GC(5) Concurrent Preclean 0.063ms
[2024-12-16T03:08:32.841+0700][gc,start    ] GC(5) Pause Remark
[2024-12-16T03:08:32.845+0700][gc          ] GC(5) Pause Remark 144M->144M(1024M) 4.420ms
[2024-12-16T03:08:32.845+0700][gc,cpu      ] GC(5) User=0.01s Sys=0.00s Real=0.01s
[2024-12-16T03:08:32.845+0700][gc,marking  ] GC(5) Concurrent Mark 22.898ms
[2024-12-16T03:08:32.845+0700][gc,marking  ] GC(5) Concurrent Rebuild Remembered Sets
[2024-12-16T03:08:32.865+0700][gc,marking  ] GC(5) Concurrent Rebuild Remembered Sets 19.635ms
[2024-12-16T03:08:32.865+0700][gc,start    ] GC(5) Pause Cleanup
[2024-12-16T03:08:32.865+0700][gc          ] GC(5) Pause Cleanup 145M->145M(1024M) 0.201ms
[2024-12-16T03:08:32.865+0700][gc,cpu      ] GC(5) User=0.00s Sys=0.00s Real=0.00s
[2024-12-16T03:08:32.866+0700][gc,marking  ] GC(5) Concurrent Cleanup for Next Mark
[2024-12-16T03:08:32.922+0700][gc,marking  ] GC(5) Concurrent Cleanup for Next Mark 56.157ms
[2024-12-16T03:08:32.922+0700][gc          ] GC(5) Concurrent Mark Cycle 108.334ms
[2024-12-16T03:09:19.730+0700][gc,start    ] GC(6) Pause Young (Normal) (G1 Evacuation Pause)
[2024-12-16T03:09:19.730+0700][gc,task     ] GC(6) Using 2 workers of 2 for evacuation
[2024-12-16T03:09:19.783+0700][gc,mmu      ] GC(6) MMU target violated: 21.0ms (20.0ms/21.0ms)
[2024-12-16T03:09:19.783+0700][gc,phases   ] GC(6)   Pre Evacuate Collection Set: 1.4ms
[2024-12-16T03:09:19.783+0700][gc,phases   ] GC(6)   Merge Heap Roots: 0.2ms
[2024-12-16T03:09:19.783+0700][gc,phases   ] GC(6)   Evacuate Collection Set: 48.5ms
[2024-12-16T03:09:19.783+0700][gc,phases   ] GC(6)   Post Evacuate Collection Set: 2.5ms
[2024-12-16T03:09:19.783+0700][gc,phases   ] GC(6)   Other: 0.7ms
[2024-12-16T03:09:19.783+0700][gc,heap     ] GC(6) Eden regions: 50->0(46)
[2024-12-16T03:09:19.783+0700][gc,heap     ] GC(6) Survivor regions: 1->5(7)
[2024-12-16T03:09:19.783+0700][gc,heap     ] GC(6) Old regions: 14->14
[2024-12-16T03:09:19.783+0700][gc,heap     ] GC(6) Archive regions: 2->2
[2024-12-16T03:09:19.783+0700][gc,heap     ] GC(6) Humongous regions: 129->129
[2024-12-16T03:09:19.783+0700][gc,metaspace] GC(6) Metaspace: 41876K(42496K)->41876K(42496K) NonClass: 36834K(37184K)->36834K(37184K) Class: 5042K(5312K)->5042K(5312K)
[2024-12-16T03:09:19.783+0700][gc          ] GC(6) Pause Young (Normal) (G1 Evacuation Pause) 194M->148M(1024M) 53.090ms
[2024-12-16T03:09:19.783+0700][gc,cpu      ] GC(6) User=0.07s Sys=0.00s Real=0.05s
[2024-12-16T03:10:59.126+0700][gc,start    ] GC(7) Pause Young (Normal) (G1 Evacuation Pause)
[2024-12-16T03:10:59.126+0700][gc,task     ] GC(7) Using 2 workers of 2 for evacuation
[2024-12-16T03:10:59.157+0700][gc,mmu      ] GC(7) MMU target violated: 21.0ms (20.0ms/21.0ms)
[2024-12-16T03:10:59.157+0700][gc,phases   ] GC(7)   Pre Evacuate Collection Set: 2.0ms
[2024-12-16T03:10:59.157+0700][gc,phases   ] GC(7)   Merge Heap Roots: 0.6ms
[2024-12-16T03:10:59.157+0700][gc,phases   ] GC(7)   Evacuate Collection Set: 25.0ms
[2024-12-16T03:10:59.157+0700][gc,phases   ] GC(7)   Post Evacuate Collection Set: 2.8ms
[2024-12-16T03:10:59.157+0700][gc,phases   ] GC(7)   Other: 0.8ms
[2024-12-16T03:10:59.157+0700][gc,heap     ] GC(7) Eden regions: 46->0(49)
[2024-12-16T03:10:59.157+0700][gc,heap     ] GC(7) Survivor regions: 5->2(7)
[2024-12-16T03:10:59.157+0700][gc,heap     ] GC(7) Old regions: 14->18
[2024-12-16T03:10:59.157+0700][gc,heap     ] GC(7) Archive regions: 2->2
[2024-12-16T03:10:59.157+0700][gc,heap     ] GC(7) Humongous regions: 129->129
[2024-12-16T03:10:59.157+0700][gc,metaspace] GC(7) Metaspace: 42981K(43520K)->42981K(43520K) NonClass: 37909K(38208K)->37909K(38208K) Class: 5071K(5312K)->5071K(5312K)
[2024-12-16T03:10:59.157+0700][gc          ] GC(7) Pause Young (Normal) (G1 Evacuation Pause) 194M->149M(1024M) 31.166ms
[2024-12-16T03:10:59.157+0700][gc,cpu      ] GC(7) User=0.04s Sys=0.01s Real=0.03s
[2024-12-16T03:12:47.472+0700][gc,start    ] GC(8) Pause Young (Normal) (G1 Evacuation Pause)
[2024-12-16T03:12:47.472+0700][gc,task     ] GC(8) Using 2 workers of 2 for evacuation
[2024-12-16T03:12:47.500+0700][gc,mmu      ] GC(8) MMU target violated: 21.0ms (20.0ms/21.0ms)
[2024-12-16T03:12:47.500+0700][gc,phases   ] GC(8)   Pre Evacuate Collection Set: 2.5ms
[2024-12-16T03:12:47.500+0700][gc,phases   ] GC(8)   Merge Heap Roots: 0.6ms
[2024-12-16T03:12:47.500+0700][gc,phases   ] GC(8)   Evacuate Collection Set: 21.7ms
[2024-12-16T03:12:47.500+0700][gc,phases   ] GC(8)   Post Evacuate Collection Set: 2.4ms
[2024-12-16T03:12:47.500+0700][gc,phases   ] GC(8)   Other: 1.4ms
[2024-12-16T03:12:47.500+0700][gc,heap     ] GC(8) Eden regions: 49->0(48)
[2024-12-16T03:12:47.500+0700][gc,heap     ] GC(8) Survivor regions: 2->3(7)
[2024-12-16T03:12:47.500+0700][gc,heap     ] GC(8) Old regions: 18->18
[2024-12-16T03:12:47.500+0700][gc,heap     ] GC(8) Archive regions: 2->2
[2024-12-16T03:12:47.500+0700][gc,heap     ] GC(8) Humongous regions: 129->129
[2024-12-16T03:12:47.500+0700][gc,metaspace] GC(8) Metaspace: 43029K(43584K)->43029K(43584K) NonClass: 37956K(38272K)->37956K(38272K) Class: 5073K(5312K)->5073K(5312K)
[2024-12-16T03:12:47.500+0700][gc          ] GC(8) Pause Young (Normal) (G1 Evacuation Pause) 198M->150M(1024M) 28.446ms
[2024-12-16T03:12:47.500+0700][gc,cpu      ] GC(8) User=0.05s Sys=0.00s Real=0.03s
[2024-12-16T03:14:35.340+0700][gc,start    ] GC(9) Pause Young (Normal) (G1 Evacuation Pause)
[2024-12-16T03:14:35.340+0700][gc,task     ] GC(9) Using 2 workers of 2 for evacuation
[2024-12-16T03:14:35.374+0700][gc,mmu      ] GC(9) MMU target violated: 21.0ms (20.0ms/21.0ms)
[2024-12-16T03:14:35.374+0700][gc,phases   ] GC(9)   Pre Evacuate Collection Set: 4.0ms
[2024-12-16T03:14:35.374+0700][gc,phases   ] GC(9)   Merge Heap Roots: 0.4ms
[2024-12-16T03:14:35.374+0700][gc,phases   ] GC(9)   Evacuate Collection Set: 26.4ms
[2024-12-16T03:14:35.374+0700][gc,phases   ] GC(9)   Post Evacuate Collection Set: 2.7ms
[2024-12-16T03:14:35.374+0700][gc,phases   ] GC(9)   Other: 0.9ms
[2024-12-16T03:14:35.375+0700][gc,heap     ] GC(9) Eden regions: 48->0(47)
[2024-12-16T03:14:35.375+0700][gc,heap     ] GC(9) Survivor regions: 3->4(7)
[2024-12-16T03:14:35.375+0700][gc,heap     ] GC(9) Old regions: 18->18
[2024-12-16T03:14:35.375+0700][gc,heap     ] GC(9) Archive regions: 2->2
[2024-12-16T03:14:35.375+0700][gc,heap     ] GC(9) Humongous regions: 129->129
[2024-12-16T03:14:35.375+0700][gc,metaspace] GC(9) Metaspace: 43114K(43712K)->43114K(43712K) NonClass: 38035K(38400K)->38035K(38400K) Class: 5079K(5312K)->5079K(5312K)
[2024-12-16T03:14:35.375+0700][gc          ] GC(9) Pause Young (Normal) (G1 Evacuation Pause) 198M->151M(1024M) 34.498ms
[2024-12-16T03:14:35.375+0700][gc,cpu      ] GC(9) User=0.06s Sys=0.00s Real=0.03s
[2024-12-16T03:16:13.077+0700][gc,start    ] GC(10) Pause Young (Normal) (G1 Evacuation Pause)
[2024-12-16T03:16:13.077+0700][gc,task     ] GC(10) Using 2 workers of 2 for evacuation
[2024-12-16T03:16:13.114+0700][gc,mmu      ] GC(10) MMU target violated: 21.0ms (20.0ms/21.0ms)
[2024-12-16T03:16:13.115+0700][gc,phases   ] GC(10)   Pre Evacuate Collection Set: 2.7ms
[2024-12-16T03:16:13.115+0700][gc,phases   ] GC(10)   Merge Heap Roots: 0.4ms
[2024-12-16T03:16:13.115+0700][gc,phases   ] GC(10)   Evacuate Collection Set: 30.9ms
[2024-12-16T03:16:13.115+0700][gc,phases   ] GC(10)   Post Evacuate Collection Set: 2.7ms
[2024-12-16T03:16:13.115+0700][gc,phases   ] GC(10)   Other: 1.1ms
[2024-12-16T03:16:13.115+0700][gc,heap     ] GC(10) Eden regions: 47->0(46)
[2024-12-16T03:16:13.115+0700][gc,heap     ] GC(10) Survivor regions: 4->5(7)
[2024-12-16T03:16:13.115+0700][gc,heap     ] GC(10) Old regions: 18->18
[2024-12-16T03:16:13.115+0700][gc,heap     ] GC(10) Archive regions: 2->2
[2024-12-16T03:16:13.115+0700][gc,heap     ] GC(10) Humongous regions: 129->129
[2024-12-16T03:16:13.115+0700][gc,metaspace] GC(10) Metaspace: 43343K(43840K)->43343K(43840K) NonClass: 38231K(38528K)->38231K(38528K) Class: 5112K(5312K)->5112K(5312K)
[2024-12-16T03:16:13.115+0700][gc          ] GC(10) Pause Young (Normal) (G1 Evacuation Pause) 198M->152M(1024M) 37.594ms
[2024-12-16T03:16:13.115+0700][gc,cpu      ] GC(10) User=0.07s Sys=0.00s Real=0.03s
[2024-12-16T03:17:50.190+0700][gc,start    ] GC(11) Pause Young (Normal) (G1 Evacuation Pause)
[2024-12-16T03:17:50.191+0700][gc,task     ] GC(11) Using 2 workers of 2 for evacuation
[2024-12-16T03:17:50.228+0700][gc,mmu      ] GC(11) MMU target violated: 21.0ms (20.0ms/21.0ms)
[2024-12-16T03:17:50.228+0700][gc,phases   ] GC(11)   Pre Evacuate Collection Set: 6.7ms
[2024-12-16T03:17:50.228+0700][gc,phases   ] GC(11)   Merge Heap Roots: 0.8ms
[2024-12-16T03:17:50.228+0700][gc,phases   ] GC(11)   Evacuate Collection Set: 24.1ms
[2024-12-16T03:17:50.228+0700][gc,phases   ] GC(11)   Post Evacuate Collection Set: 4.8ms
[2024-12-16T03:17:50.228+0700][gc,phases   ] GC(11)   Other: 3.3ms
[2024-12-16T03:17:50.229+0700][gc,heap     ] GC(11) Eden regions: 46->0(49)
[2024-12-16T03:17:50.229+0700][gc,heap     ] GC(11) Survivor regions: 5->2(7)
[2024-12-16T03:17:50.229+0700][gc,heap     ] GC(11) Old regions: 18->19
[2024-12-16T03:17:50.229+0700][gc,heap     ] GC(11) Archive regions: 2->2
[2024-12-16T03:17:50.229+0700][gc,heap     ] GC(11) Humongous regions: 129->129
[2024-12-16T03:17:50.229+0700][gc,metaspace] GC(11) Metaspace: 43427K(43968K)->43427K(43968K) NonClass: 38314K(38592K)->38314K(38592K) Class: 5112K(5376K)->5112K(5376K)
[2024-12-16T03:17:50.229+0700][gc          ] GC(11) Pause Young (Normal) (G1 Evacuation Pause) 198M->150M(1024M) 39.211ms
[2024-12-16T03:17:50.229+0700][gc,cpu      ] GC(11) User=0.06s Sys=0.01s Real=0.04s
[2024-12-16T03:19:37.214+0700][gc,start    ] GC(12) Pause Young (Normal) (G1 Evacuation Pause)
[2024-12-16T03:19:37.214+0700][gc,task     ] GC(12) Using 2 workers of 2 for evacuation
[2024-12-16T03:19:37.263+0700][gc,mmu      ] GC(12) MMU target violated: 21.0ms (20.0ms/21.0ms)
[2024-12-16T03:19:37.263+0700][gc,phases   ] GC(12)   Pre Evacuate Collection Set: 6.1ms
[2024-12-16T03:19:37.263+0700][gc,phases   ] GC(12)   Merge Heap Roots: 1.5ms
[2024-12-16T03:19:37.263+0700][gc,phases   ] GC(12)   Evacuate Collection Set: 34.6ms
[2024-12-16T03:19:37.263+0700][gc,phases   ] GC(12)   Post Evacuate Collection Set: 5.3ms
[2024-12-16T03:19:37.263+0700][gc,phases   ] GC(12)   Other: 2.5ms
[2024-12-16T03:19:37.263+0700][gc,heap     ] GC(12) Eden regions: 49->0(46)
[2024-12-16T03:19:37.263+0700][gc,heap     ] GC(12) Survivor regions: 2->5(7)
[2024-12-16T03:19:37.263+0700][gc,heap     ] GC(12) Old regions: 19->19
[2024-12-16T03:19:37.263+0700][gc,heap     ] GC(12) Archive regions: 2->2
[2024-12-16T03:19:37.263+0700][gc,heap     ] GC(12) Humongous regions: 129->129
[2024-12-16T03:19:37.264+0700][gc,metaspace] GC(12) Metaspace: 43777K(44416K)->43777K(44416K) NonClass: 38600K(38976K)->38600K(38976K) Class: 5176K(5440K)->5176K(5440K)
[2024-12-16T03:19:37.264+0700][gc          ] GC(12) Pause Young (Normal) (G1 Evacuation Pause) 199M->152M(1024M) 49.845ms
[2024-12-16T03:19:37.264+0700][gc,cpu      ] GC(12) User=0.09s Sys=0.00s Real=0.05s
[2024-12-16T03:21:24.283+0700][gc,start    ] GC(13) Pause Young (Normal) (G1 Evacuation Pause)
[2024-12-16T03:21:24.283+0700][gc,task     ] GC(13) Using 2 workers of 2 for evacuation
[2024-12-16T03:21:24.338+0700][gc,mmu      ] GC(13) MMU target violated: 21.0ms (20.0ms/21.0ms)
[2024-12-16T03:21:24.338+0700][gc,phases   ] GC(13)   Pre Evacuate Collection Set: 4.9ms
[2024-12-16T03:21:24.338+0700][gc,phases   ] GC(13)   Merge Heap Roots: 0.9ms
[2024-12-16T03:21:24.338+0700][gc,phases   ] GC(13)   Evacuate Collection Set: 44.8ms
[2024-12-16T03:21:24.338+0700][gc,phases   ] GC(13)   Post Evacuate Collection Set: 3.4ms
[2024-12-16T03:21:24.338+0700][gc,phases   ] GC(13)   Other: 1.7ms
[2024-12-16T03:21:24.338+0700][gc,heap     ] GC(13) Eden regions: 46->0(45)
[2024-12-16T03:21:24.338+0700][gc,heap     ] GC(13) Survivor regions: 5->6(7)
[2024-12-16T03:21:24.338+0700][gc,heap     ] GC(13) Old regions: 19->20
[2024-12-16T03:21:24.338+0700][gc,heap     ] GC(13) Archive regions: 2->2
[2024-12-16T03:21:24.338+0700][gc,heap     ] GC(13) Humongous regions: 129->129
[2024-12-16T03:21:24.338+0700][gc,metaspace] GC(13) Metaspace: 43783K(44416K)->43783K(44416K) NonClass: 38607K(38976K)->38607K(38976K) Class: 5176K(5440K)->5176K(5440K)
[2024-12-16T03:21:24.339+0700][gc          ] GC(13) Pause Young (Normal) (G1 Evacuation Pause) 198M->155M(1024M) 55.616ms
[2024-12-16T03:21:24.339+0700][gc,cpu      ] GC(13) User=0.11s Sys=0.01s Real=0.06s
[2024-12-16T03:23:10.097+0700][gc,start    ] GC(14) Pause Young (Normal) (G1 Evacuation Pause)
[2024-12-16T03:23:10.098+0700][gc,task     ] GC(14) Using 2 workers of 2 for evacuation
[2024-12-16T03:23:10.158+0700][gc,mmu      ] GC(14) MMU target violated: 21.0ms (20.0ms/21.0ms)
[2024-12-16T03:23:10.158+0700][gc,phases   ] GC(14)   Pre Evacuate Collection Set: 2.6ms
[2024-12-16T03:23:10.158+0700][gc,phases   ] GC(14)   Merge Heap Roots: 0.6ms
[2024-12-16T03:23:10.158+0700][gc,phases   ] GC(14)   Evacuate Collection Set: 53.9ms
[2024-12-16T03:23:10.158+0700][gc,phases   ] GC(14)   Post Evacuate Collection Set: 2.5ms
[2024-12-16T03:23:10.158+0700][gc,phases   ] GC(14)   Other: 1.2ms
[2024-12-16T03:23:10.158+0700][gc,heap     ] GC(14) Eden regions: 45->0(46)
[2024-12-16T03:23:10.158+0700][gc,heap     ] GC(14) Survivor regions: 6->5(7)
[2024-12-16T03:23:10.158+0700][gc,heap     ] GC(14) Old regions: 20->24
[2024-12-16T03:23:10.158+0700][gc,heap     ] GC(14) Archive regions: 2->2
[2024-12-16T03:23:10.158+0700][gc,heap     ] GC(14) Humongous regions: 129->129
[2024-12-16T03:23:10.158+0700][gc,metaspace] GC(14) Metaspace: 43802K(44416K)->43802K(44416K) NonClass: 38626K(38976K)->38626K(38976K) Class: 5176K(5440K)->5176K(5440K)
[2024-12-16T03:23:10.158+0700][gc          ] GC(14) Pause Young (Normal) (G1 Evacuation Pause) 200M->158M(1024M) 60.816ms
[2024-12-16T03:23:10.158+0700][gc,cpu      ] GC(14) User=0.11s Sys=0.01s Real=0.06s
[2024-12-16T03:24:47.621+0700][gc,start    ] GC(15) Pause Young (Normal) (G1 Evacuation Pause)
[2024-12-16T03:24:47.622+0700][gc,task     ] GC(15) Using 2 workers of 2 for evacuation
[2024-12-16T03:24:47.669+0700][gc,mmu      ] GC(15) MMU target violated: 21.0ms (20.0ms/21.0ms)
[2024-12-16T03:24:47.669+0700][gc,phases   ] GC(15)   Pre Evacuate Collection Set: 2.3ms
[2024-12-16T03:24:47.669+0700][gc,phases   ] GC(15)   Merge Heap Roots: 0.8ms
[2024-12-16T03:24:47.669+0700][gc,phases   ] GC(15)   Evacuate Collection Set: 42.4ms
[2024-12-16T03:24:47.669+0700][gc,phases   ] GC(15)   Post Evacuate Collection Set: 1.7ms
[2024-12-16T03:24:47.669+0700][gc,phases   ] GC(15)   Other: 0.7ms
[2024-12-16T03:24:47.669+0700][gc,heap     ] GC(15) Eden regions: 46->0(48)
[2024-12-16T03:24:47.669+0700][gc,heap     ] GC(15) Survivor regions: 5->3(7)
[2024-12-16T03:24:47.669+0700][gc,heap     ] GC(15) Old regions: 24->26
[2024-12-16T03:24:47.669+0700][gc,heap     ] GC(15) Archive regions: 2->2
[2024-12-16T03:24:47.669+0700][gc,heap     ] GC(15) Humongous regions: 129->129
[2024-12-16T03:24:47.669+0700][gc,metaspace] GC(15) Metaspace: 43864K(44480K)->43864K(44480K) NonClass: 38687K(39040K)->38687K(39040K) Class: 5176K(5440K)->5176K(5440K)
[2024-12-16T03:24:47.669+0700][gc          ] GC(15) Pause Young (Normal) (G1 Evacuation Pause) 204M->158M(1024M) 47.930ms
[2024-12-16T03:24:47.669+0700][gc,cpu      ] GC(15) User=0.06s Sys=0.00s Real=0.05s
[2024-12-16T03:26:27.113+0700][gc,start    ] GC(16) Pause Young (Normal) (G1 Evacuation Pause)
[2024-12-16T03:26:27.113+0700][gc,task     ] GC(16) Using 2 workers of 2 for evacuation
[2024-12-16T03:26:27.162+0700][gc,mmu      ] GC(16) MMU target violated: 21.0ms (20.0ms/21.0ms)
[2024-12-16T03:26:27.162+0700][gc,phases   ] GC(16)   Pre Evacuate Collection Set: 2.7ms
[2024-12-16T03:26:27.162+0700][gc,phases   ] GC(16)   Merge Heap Roots: 0.7ms
[2024-12-16T03:26:27.162+0700][gc,phases   ] GC(16)   Evacuate Collection Set: 42.1ms
[2024-12-16T03:26:27.162+0700][gc,phases   ] GC(16)   Post Evacuate Collection Set: 2.5ms
[2024-12-16T03:26:27.162+0700][gc,phases   ] GC(16)   Other: 1.5ms
[2024-12-16T03:26:27.162+0700][gc,heap     ] GC(16) Eden regions: 48->0(45)
[2024-12-16T03:26:27.162+0700][gc,heap     ] GC(16) Survivor regions: 3->6(7)
[2024-12-16T03:26:27.162+0700][gc,heap     ] GC(16) Old regions: 26->26
[2024-12-16T03:26:27.162+0700][gc,heap     ] GC(16) Archive regions: 2->2
[2024-12-16T03:26:27.162+0700][gc,heap     ] GC(16) Humongous regions: 129->129
[2024-12-16T03:26:27.162+0700][gc,metaspace] GC(16) Metaspace: 43906K(44480K)->43906K(44480K) NonClass: 38730K(39040K)->38730K(39040K) Class: 5176K(5440K)->5176K(5440K)
[2024-12-16T03:26:27.162+0700][gc          ] GC(16) Pause Young (Normal) (G1 Evacuation Pause) 206M->161M(1024M) 49.258ms
[2024-12-16T03:26:27.162+0700][gc,cpu      ] GC(16) User=0.09s Sys=0.00s Real=0.05s
[2024-12-16T03:28:04.593+0700][gc,start    ] GC(17) Pause Young (Normal) (G1 Evacuation Pause)
[2024-12-16T03:28:04.593+0700][gc,task     ] GC(17) Using 2 workers of 2 for evacuation
[2024-12-16T03:28:04.681+0700][gc,mmu      ] GC(17) MMU target violated: 21.0ms (20.0ms/21.0ms)
[2024-12-16T03:28:04.681+0700][gc,phases   ] GC(17)   Pre Evacuate Collection Set: 4.0ms
[2024-12-16T03:28:04.681+0700][gc,phases   ] GC(17)   Merge Heap Roots: 0.5ms
[2024-12-16T03:28:04.681+0700][gc,phases   ] GC(17)   Evacuate Collection Set: 80.5ms
[2024-12-16T03:28:04.681+0700][gc,phases   ] GC(17)   Post Evacuate Collection Set: 2.7ms
[2024-12-16T03:28:04.681+0700][gc,phases   ] GC(17)   Other: 0.9ms
[2024-12-16T03:28:04.681+0700][gc,heap     ] GC(17) Eden regions: 45->0(48)
[2024-12-16T03:28:04.681+0700][gc,heap     ] GC(17) Survivor regions: 6->3(7)
[2024-12-16T03:28:04.681+0700][gc,heap     ] GC(17) Old regions: 26->30
[2024-12-16T03:28:04.681+0700][gc,heap     ] GC(17) Archive regions: 2->2
[2024-12-16T03:28:04.681+0700][gc,heap     ] GC(17) Humongous regions: 129->129
[2024-12-16T03:28:04.681+0700][gc,metaspace] GC(17) Metaspace: 43922K(44480K)->43922K(44480K) NonClass: 38746K(39040K)->38746K(39040K) Class: 5176K(5440K)->5176K(5440K)
[2024-12-16T03:28:04.681+0700][gc          ] GC(17) Pause Young (Normal) (G1 Evacuation Pause) 206M->162M(1024M) 88.631ms
[2024-12-16T03:28:04.681+0700][gc,cpu      ] GC(17) User=0.06s Sys=0.03s Real=0.09s
[2024-12-16T03:29:54.300+0700][gc,start    ] GC(18) Pause Young (Normal) (G1 Evacuation Pause)
[2024-12-16T03:29:54.301+0700][gc,task     ] GC(18) Using 2 workers of 2 for evacuation
[2024-12-16T03:29:54.349+0700][gc,mmu      ] GC(18) MMU target violated: 21.0ms (20.0ms/21.0ms)
[2024-12-16T03:29:54.349+0700][gc,phases   ] GC(18)   Pre Evacuate Collection Set: 4.5ms
[2024-12-16T03:29:54.349+0700][gc,phases   ] GC(18)   Merge Heap Roots: 0.7ms
[2024-12-16T03:29:54.349+0700][gc,phases   ] GC(18)   Evacuate Collection Set: 39.1ms
[2024-12-16T03:29:54.349+0700][gc,phases   ] GC(18)   Post Evacuate Collection Set: 3.0ms
[2024-12-16T03:29:54.349+0700][gc,phases   ] GC(18)   Other: 1.5ms
[2024-12-16T03:29:54.349+0700][gc,heap     ] GC(18) Eden regions: 48->0(45)
[2024-12-16T03:29:54.349+0700][gc,heap     ] GC(18) Survivor regions: 3->6(7)
[2024-12-16T03:29:54.349+0700][gc,heap     ] GC(18) Old regions: 30->30
[2024-12-16T03:29:54.349+0700][gc,heap     ] GC(18) Archive regions: 2->2
[2024-12-16T03:29:54.349+0700][gc,heap     ] GC(18) Humongous regions: 129->129
[2024-12-16T03:29:54.349+0700][gc,metaspace] GC(18) Metaspace: 43960K(44544K)->43960K(44544K) NonClass: 38778K(39104K)->38778K(39104K) Class: 5181K(5440K)->5181K(5440K)
[2024-12-16T03:29:54.349+0700][gc          ] GC(18) Pause Young (Normal) (G1 Evacuation Pause) 210M->165M(1024M) 48.913ms
[2024-12-16T03:29:54.349+0700][gc,cpu      ] GC(18) User=0.09s Sys=0.00s Real=0.05s
[2024-12-16T03:31:35.204+0700][gc,start    ] GC(19) Pause Young (Normal) (G1 Evacuation Pause)
[2024-12-16T03:31:35.204+0700][gc,task     ] GC(19) Using 2 workers of 2 for evacuation
[2024-12-16T03:31:35.266+0700][gc,mmu      ] GC(19) MMU target violated: 21.0ms (20.0ms/21.0ms)
[2024-12-16T03:31:35.266+0700][gc,phases   ] GC(19)   Pre Evacuate Collection Set: 2.6ms
[2024-12-16T03:31:35.266+0700][gc,phases   ] GC(19)   Merge Heap Roots: 0.6ms
[2024-12-16T03:31:35.266+0700][gc,phases   ] GC(19)   Evacuate Collection Set: 56.0ms
[2024-12-16T03:31:35.266+0700][gc,phases   ] GC(19)   Post Evacuate Collection Set: 2.5ms
[2024-12-16T03:31:35.266+0700][gc,phases   ] GC(19)   Other: 1.2ms
[2024-12-16T03:31:35.266+0700][gc,heap     ] GC(19) Eden regions: 45->0(44)
[2024-12-16T03:31:35.266+0700][gc,heap     ] GC(19) Survivor regions: 6->7(7)
[2024-12-16T03:31:35.266+0700][gc,heap     ] GC(19) Old regions: 30->32
[2024-12-16T03:31:35.266+0700][gc,heap     ] GC(19) Archive regions: 2->2
[2024-12-16T03:31:35.266+0700][gc,heap     ] GC(19) Humongous regions: 129->129
[2024-12-16T03:31:35.266+0700][gc,metaspace] GC(19) Metaspace: 43998K(44544K)->43998K(44544K) NonClass: 38816K(39104K)->38816K(39104K) Class: 5181K(5440K)->5181K(5440K)
[2024-12-16T03:31:35.266+0700][gc          ] GC(19) Pause Young (Normal) (G1 Evacuation Pause) 210M->168M(1024M) 62.945ms
[2024-12-16T03:31:35.267+0700][gc,cpu      ] GC(19) User=0.11s Sys=0.01s Real=0.07s
[2024-12-16T03:33:12.714+0700][gc,start    ] GC(20) Pause Young (Normal) (G1 Evacuation Pause)
[2024-12-16T03:33:12.714+0700][gc,task     ] GC(20) Using 2 workers of 2 for evacuation
[2024-12-16T03:33:12.774+0700][gc,mmu      ] GC(20) MMU target violated: 21.0ms (20.0ms/21.0ms)
[2024-12-16T03:33:12.774+0700][gc,phases   ] GC(20)   Pre Evacuate Collection Set: 2.7ms
[2024-12-16T03:33:12.774+0700][gc,phases   ] GC(20)   Merge Heap Roots: 0.5ms
[2024-12-16T03:33:12.774+0700][gc,phases   ] GC(20)   Evacuate Collection Set: 53.6ms
[2024-12-16T03:33:12.774+0700][gc,phases   ] GC(20)   Post Evacuate Collection Set: 2.6ms
[2024-12-16T03:33:12.774+0700][gc,phases   ] GC(20)   Other: 1.4ms
[2024-12-16T03:33:12.774+0700][gc,heap     ] GC(20) Eden regions: 44->0(46)
[2024-12-16T03:33:12.774+0700][gc,heap     ] GC(20) Survivor regions: 7->5(7)
[2024-12-16T03:33:12.774+0700][gc,heap     ] GC(20) Old regions: 32->36
[2024-12-16T03:33:12.774+0700][gc,heap     ] GC(20) Archive regions: 2->2
[2024-12-16T03:33:12.774+0700][gc,heap     ] GC(20) Humongous regions: 129->129
[2024-12-16T03:33:12.774+0700][gc,metaspace] GC(20) Metaspace: 44074K(44608K)->44074K(44608K) NonClass: 38892K(39168K)->38892K(39168K) Class: 5181K(5440K)->5181K(5440K)
[2024-12-16T03:33:12.774+0700][gc          ] GC(20) Pause Young (Normal) (G1 Evacuation Pause) 212M->170M(1024M) 60.548ms
[2024-12-16T03:33:12.774+0700][gc,cpu      ] GC(20) User=0.11s Sys=0.01s Real=0.06s
[2024-12-16T03:34:56.429+0700][gc,start    ] GC(21) Pause Young (Normal) (G1 Evacuation Pause)
[2024-12-16T03:34:56.430+0700][gc,task     ] GC(21) Using 2 workers of 2 for evacuation
[2024-12-16T03:34:56.510+0700][gc,mmu      ] GC(21) MMU target violated: 21.0ms (20.0ms/21.0ms)
[2024-12-16T03:34:56.511+0700][gc,phases   ] GC(21)   Pre Evacuate Collection Set: 12.9ms
[2024-12-16T03:34:56.511+0700][gc,phases   ] GC(21)   Merge Heap Roots: 1.2ms
[2024-12-16T03:34:56.511+0700][gc,phases   ] GC(21)   Evacuate Collection Set: 58.8ms
[2024-12-16T03:34:56.511+0700][gc,phases   ] GC(21)   Post Evacuate Collection Set: 7.0ms
[2024-12-16T03:34:56.511+0700][gc,phases   ] GC(21)   Other: 2.3ms
[2024-12-16T03:34:56.511+0700][gc,heap     ] GC(21) Eden regions: 46->0(48)
[2024-12-16T03:34:56.511+0700][gc,heap     ] GC(21) Survivor regions: 5->3(7)
[2024-12-16T03:34:56.511+0700][gc,heap     ] GC(21) Old regions: 36->38
[2024-12-16T03:34:56.511+0700][gc,heap     ] GC(21) Archive regions: 2->2
[2024-12-16T03:34:56.511+0700][gc,heap     ] GC(21) Humongous regions: 129->129
[2024-12-16T03:34:56.511+0700][gc,metaspace] GC(21) Metaspace: 44140K(44736K)->44140K(44736K) NonClass: 38958K(39296K)->38958K(39296K) Class: 5181K(5440K)->5181K(5440K)
[2024-12-16T03:34:56.511+0700][gc          ] GC(21) Pause Young (Normal) (G1 Evacuation Pause) 216M->170M(1024M) 82.421ms
[2024-12-16T03:34:56.511+0700][gc,cpu      ] GC(21) User=0.14s Sys=0.01s Real=0.08s
[2024-12-16T03:36:46.582+0700][gc,start    ] GC(22) Pause Young (Normal) (G1 Evacuation Pause)
[2024-12-16T03:36:46.582+0700][gc,task     ] GC(22) Using 2 workers of 2 for evacuation
[2024-12-16T03:36:46.641+0700][gc,mmu      ] GC(22) MMU target violated: 21.0ms (20.0ms/21.0ms)
[2024-12-16T03:36:46.641+0700][gc,phases   ] GC(22)   Pre Evacuate Collection Set: 7.6ms
[2024-12-16T03:36:46.641+0700][gc,phases   ] GC(22)   Merge Heap Roots: 1.2ms
[2024-12-16T03:36:46.641+0700][gc,phases   ] GC(22)   Evacuate Collection Set: 44.6ms
[2024-12-16T03:36:46.641+0700][gc,phases   ] GC(22)   Post Evacuate Collection Set: 4.8ms
[2024-12-16T03:36:46.641+0700][gc,phases   ] GC(22)   Other: 0.9ms
[2024-12-16T03:36:46.641+0700][gc,heap     ] GC(22) Eden regions: 48->0(45)
[2024-12-16T03:36:46.641+0700][gc,heap     ] GC(22) Survivor regions: 3->6(7)
[2024-12-16T03:36:46.641+0700][gc,heap     ] GC(22) Old regions: 38->38
[2024-12-16T03:36:46.641+0700][gc,heap     ] GC(22) Archive regions: 2->2
[2024-12-16T03:36:46.641+0700][gc,heap     ] GC(22) Humongous regions: 129->129
[2024-12-16T03:36:46.641+0700][gc,metaspace] GC(22) Metaspace: 44153K(44736K)->44153K(44736K) NonClass: 38971K(39296K)->38971K(39296K) Class: 5181K(5440K)->5181K(5440K)
[2024-12-16T03:36:46.641+0700][gc          ] GC(22) Pause Young (Normal) (G1 Evacuation Pause) 218M->173M(1024M) 59.410ms
[2024-12-16T03:36:46.641+0700][gc,cpu      ] GC(22) User=0.11s Sys=0.00s Real=0.06s
[2024-12-16T03:38:31.675+0700][gc,start    ] GC(23) Pause Young (Normal) (G1 Evacuation Pause)
[2024-12-16T03:38:31.675+0700][gc,task     ] GC(23) Using 2 workers of 2 for evacuation
[2024-12-16T03:38:31.738+0700][gc,mmu      ] GC(23) MMU target violated: 21.0ms (20.0ms/21.0ms)
[2024-12-16T03:38:31.738+0700][gc,phases   ] GC(23)   Pre Evacuate Collection Set: 2.6ms
[2024-12-16T03:38:31.738+0700][gc,phases   ] GC(23)   Merge Heap Roots: 0.5ms
[2024-12-16T03:38:31.738+0700][gc,phases   ] GC(23)   Evacuate Collection Set: 54.7ms
[2024-12-16T03:38:31.738+0700][gc,phases   ] GC(23)   Post Evacuate Collection Set: 4.2ms
[2024-12-16T03:38:31.738+0700][gc,phases   ] GC(23)   Other: 1.6ms
[2024-12-16T03:38:31.738+0700][gc,heap     ] GC(23) Eden regions: 45->0(45)
[2024-12-16T03:38:31.738+0700][gc,heap     ] GC(23) Survivor regions: 6->6(7)
[2024-12-16T03:38:31.738+0700][gc,heap     ] GC(23) Old regions: 38->40
[2024-12-16T03:38:31.738+0700][gc,heap     ] GC(23) Archive regions: 2->2
[2024-12-16T03:38:31.738+0700][gc,heap     ] GC(23) Humongous regions: 129->129
[2024-12-16T03:38:31.738+0700][gc,metaspace] GC(23) Metaspace: 44363K(44928K)->44363K(44928K) NonClass: 39150K(39488K)->39150K(39488K) Class: 5212K(5440K)->5212K(5440K)
[2024-12-16T03:38:31.738+0700][gc          ] GC(23) Pause Young (Normal) (G1 Evacuation Pause) 218M->175M(1024M) 63.574ms
[2024-12-16T03:38:31.738+0700][gc,cpu      ] GC(23) User=0.11s Sys=0.01s Real=0.07s
[2024-12-16T03:40:15.262+0700][gc,start    ] GC(24) Pause Young (Normal) (G1 Evacuation Pause)
[2024-12-16T03:40:15.262+0700][gc,task     ] GC(24) Using 2 workers of 2 for evacuation
[2024-12-16T03:40:15.323+0700][gc,mmu      ] GC(24) MMU target violated: 21.0ms (20.0ms/21.0ms)
[2024-12-16T03:40:15.323+0700][gc,phases   ] GC(24)   Pre Evacuate Collection Set: 2.6ms
[2024-12-16T03:40:15.323+0700][gc,phases   ] GC(24)   Merge Heap Roots: 0.5ms
[2024-12-16T03:40:15.323+0700][gc,phases   ] GC(24)   Evacuate Collection Set: 54.7ms
[2024-12-16T03:40:15.323+0700][gc,phases   ] GC(24)   Post Evacuate Collection Set: 2.1ms
[2024-12-16T03:40:15.323+0700][gc,phases   ] GC(24)   Other: 1.3ms
[2024-12-16T03:40:15.323+0700][gc,heap     ] GC(24) Eden regions: 45->0(46)
[2024-12-16T03:40:15.323+0700][gc,heap     ] GC(24) Survivor regions: 6->5(7)
[2024-12-16T03:40:15.323+0700][gc,heap     ] GC(24) Old regions: 40->44
[2024-12-16T03:40:15.323+0700][gc,heap     ] GC(24) Archive regions: 2->2
[2024-12-16T03:40:15.323+0700][gc,heap     ] GC(24) Humongous regions: 129->129
[2024-12-16T03:40:15.323+0700][gc,metaspace] GC(24) Metaspace: 44386K(44928K)->44386K(44928K) NonClass: 39174K(39488K)->39174K(39488K) Class: 5212K(5440K)->5212K(5440K)
[2024-12-16T03:40:15.323+0700][gc          ] GC(24) Pause Young (Normal) (G1 Evacuation Pause) 220M->178M(1024M) 61.096ms
[2024-12-16T03:40:15.323+0700][gc,cpu      ] GC(24) User=0.10s Sys=0.02s Real=0.06s
[2024-12-16T03:42:00.009+0700][gc,start    ] GC(25) Pause Young (Normal) (G1 Evacuation Pause)
[2024-12-16T03:42:00.009+0700][gc,task     ] GC(25) Using 2 workers of 2 for evacuation
[2024-12-16T03:42:00.050+0700][gc,mmu      ] GC(25) MMU target violated: 21.0ms (20.0ms/21.0ms)
[2024-12-16T03:42:00.051+0700][gc,phases   ] GC(25)   Pre Evacuate Collection Set: 2.9ms
[2024-12-16T03:42:00.051+0700][gc,phases   ] GC(25)   Merge Heap Roots: 0.6ms
[2024-12-16T03:42:00.051+0700][gc,phases   ] GC(25)   Evacuate Collection Set: 33.5ms
[2024-12-16T03:42:00.051+0700][gc,phases   ] GC(25)   Post Evacuate Collection Set: 3.7ms
[2024-12-16T03:42:00.051+0700][gc,phases   ] GC(25)   Other: 1.8ms
[2024-12-16T03:42:00.051+0700][gc,heap     ] GC(25) Eden regions: 46->0(48)
[2024-12-16T03:42:00.051+0700][gc,heap     ] GC(25) Survivor regions: 5->3(7)
[2024-12-16T03:42:00.051+0700][gc,heap     ] GC(25) Old regions: 44->47
[2024-12-16T03:42:00.051+0700][gc,heap     ] GC(25) Archive regions: 2->2
[2024-12-16T03:42:00.051+0700][gc,heap     ] GC(25) Humongous regions: 129->129
[2024-12-16T03:42:00.051+0700][gc,metaspace] GC(25) Metaspace: 44405K(44928K)->44405K(44928K) NonClass: 39192K(39488K)->39192K(39488K) Class: 5212K(5440K)->5212K(5440K)
[2024-12-16T03:42:00.051+0700][gc          ] GC(25) Pause Young (Normal) (G1 Evacuation Pause) 224M->179M(1024M) 42.320ms
[2024-12-16T03:42:00.051+0700][gc,cpu      ] GC(25) User=0.07s Sys=0.01s Real=0.04s
[2024-12-16T03:43:47.120+0700][gc,start    ] GC(26) Pause Young (Normal) (G1 Evacuation Pause)
[2024-12-16T03:43:47.120+0700][gc,task     ] GC(26) Using 2 workers of 2 for evacuation
[2024-12-16T03:43:47.161+0700][gc,mmu      ] GC(26) MMU target violated: 21.0ms (20.0ms/21.0ms)
[2024-12-16T03:43:47.162+0700][gc,phases   ] GC(26)   Pre Evacuate Collection Set: 4.0ms
[2024-12-16T03:43:47.162+0700][gc,phases   ] GC(26)   Merge Heap Roots: 0.8ms
[2024-12-16T03:43:47.162+0700][gc,phases   ] GC(26)   Evacuate Collection Set: 33.8ms
[2024-12-16T03:43:47.162+0700][gc,phases   ] GC(26)   Post Evacuate Collection Set: 2.5ms
[2024-12-16T03:43:47.162+0700][gc,phases   ] GC(26)   Other: 1.2ms
[2024-12-16T03:43:47.162+0700][gc,heap     ] GC(26) Eden regions: 48->0(45)
[2024-12-16T03:43:47.162+0700][gc,heap     ] GC(26) Survivor regions: 3->6(7)
[2024-12-16T03:43:47.162+0700][gc,heap     ] GC(26) Old regions: 47->47
[2024-12-16T03:43:47.162+0700][gc,heap     ] GC(26) Archive regions: 2->2
[2024-12-16T03:43:47.162+0700][gc,heap     ] GC(26) Humongous regions: 129->129
[2024-12-16T03:43:47.162+0700][gc,metaspace] GC(26) Metaspace: 44489K(45056K)->44489K(45056K) NonClass: 39277K(39616K)->39277K(39616K) Class: 5212K(5440K)->5212K(5440K)
[2024-12-16T03:43:47.162+0700][gc          ] GC(26) Pause Young (Normal) (G1 Evacuation Pause) 227M->181M(1024M) 42.178ms
[2024-12-16T03:43:47.162+0700][gc,cpu      ] GC(26) User=0.08s Sys=0.00s Real=0.04s
[2024-12-16T03:45:29.543+0700][gc,start    ] GC(27) Pause Young (Normal) (G1 Evacuation Pause)
[2024-12-16T03:45:29.543+0700][gc,task     ] GC(27) Using 2 workers of 2 for evacuation
[2024-12-16T03:45:29.601+0700][gc,mmu      ] GC(27) MMU target violated: 21.0ms (20.0ms/21.0ms)
[2024-12-16T03:45:29.601+0700][gc,phases   ] GC(27)   Pre Evacuate Collection Set: 3.0ms
[2024-12-16T03:45:29.601+0700][gc,phases   ] GC(27)   Merge Heap Roots: 0.7ms
[2024-12-16T03:45:29.601+0700][gc,phases   ] GC(27)   Evacuate Collection Set: 50.9ms
[2024-12-16T03:45:29.601+0700][gc,phases   ] GC(27)   Post Evacuate Collection Set: 2.4ms
[2024-12-16T03:45:29.601+0700][gc,phases   ] GC(27)   Other: 1.4ms
[2024-12-16T03:45:29.601+0700][gc,heap     ] GC(27) Eden regions: 45->0(44)
[2024-12-16T03:45:29.601+0700][gc,heap     ] GC(27) Survivor regions: 6->7(7)
[2024-12-16T03:45:29.601+0700][gc,heap     ] GC(27) Old regions: 47->49
[2024-12-16T03:45:29.601+0700][gc,heap     ] GC(27) Archive regions: 2->2
[2024-12-16T03:45:29.601+0700][gc,heap     ] GC(27) Humongous regions: 129->129
[2024-12-16T03:45:29.601+0700][gc,metaspace] GC(27) Metaspace: 44519K(45120K)->44519K(45120K) NonClass: 39306K(39680K)->39306K(39680K) Class: 5212K(5440K)->5212K(5440K)
[2024-12-16T03:45:29.601+0700][gc          ] GC(27) Pause Young (Normal) (G1 Evacuation Pause) 226M->184M(1024M) 58.333ms
[2024-12-16T03:45:29.602+0700][gc,cpu      ] GC(27) User=0.09s Sys=0.02s Real=0.06s
[2024-12-16T03:47:05.569+0700][gc,start    ] GC(28) Pause Young (Normal) (G1 Evacuation Pause)
[2024-12-16T03:47:05.569+0700][gc,task     ] GC(28) Using 2 workers of 2 for evacuation
[2024-12-16T03:47:05.620+0700][gc,mmu      ] GC(28) MMU target violated: 21.0ms (20.0ms/21.0ms)
[2024-12-16T03:47:05.620+0700][gc,phases   ] GC(28)   Pre Evacuate Collection Set: 3.7ms
[2024-12-16T03:47:05.620+0700][gc,phases   ] GC(28)   Merge Heap Roots: 0.8ms
[2024-12-16T03:47:05.620+0700][gc,phases   ] GC(28)   Evacuate Collection Set: 41.8ms
[2024-12-16T03:47:05.620+0700][gc,phases   ] GC(28)   Post Evacuate Collection Set: 3.2ms
[2024-12-16T03:47:05.620+0700][gc,phases   ] GC(28)   Other: 1.5ms
[2024-12-16T03:47:05.620+0700][gc,heap     ] GC(28) Eden regions: 44->0(48)
[2024-12-16T03:47:05.620+0700][gc,heap     ] GC(28) Survivor regions: 7->3(7)
[2024-12-16T03:47:05.620+0700][gc,heap     ] GC(28) Old regions: 49->53
[2024-12-16T03:47:05.620+0700][gc,heap     ] GC(28) Archive regions: 2->2
[2024-12-16T03:47:05.620+0700][gc,heap     ] GC(28) Humongous regions: 129->129
[2024-12-16T03:47:05.620+0700][gc,metaspace] GC(28) Metaspace: 44526K(45120K)->44526K(45120K) NonClass: 39314K(39680K)->39314K(39680K) Class: 5212K(5440K)->5212K(5440K)
[2024-12-16T03:47:05.620+0700][gc          ] GC(28) Pause Young (Normal) (G1 Evacuation Pause) 228M->185M(1024M) 50.985ms
[2024-12-16T03:47:05.620+0700][gc,cpu      ] GC(28) User=0.09s Sys=0.01s Real=0.05s
[2024-12-16T03:48:44.311+0700][gc,start    ] GC(29) Pause Young (Normal) (G1 Evacuation Pause)
[2024-12-16T03:48:44.311+0700][gc,task     ] GC(29) Using 2 workers of 2 for evacuation
[2024-12-16T03:48:44.355+0700][gc,mmu      ] GC(29) MMU target violated: 21.0ms (20.0ms/21.0ms)
[2024-12-16T03:48:44.355+0700][gc,phases   ] GC(29)   Pre Evacuate Collection Set: 3.0ms
[2024-12-16T03:48:44.355+0700][gc,phases   ] GC(29)   Merge Heap Roots: 0.8ms
[2024-12-16T03:48:44.355+0700][gc,phases   ] GC(29)   Evacuate Collection Set: 37.6ms
[2024-12-16T03:48:44.355+0700][gc,phases   ] GC(29)   Post Evacuate Collection Set: 2.3ms
[2024-12-16T03:48:44.355+0700][gc,phases   ] GC(29)   Other: 1.2ms
[2024-12-16T03:48:44.355+0700][gc,heap     ] GC(29) Eden regions: 48->0(45)
[2024-12-16T03:48:44.355+0700][gc,heap     ] GC(29) Survivor regions: 3->6(7)
[2024-12-16T03:48:44.355+0700][gc,heap     ] GC(29) Old regions: 53->53
[2024-12-16T03:48:44.355+0700][gc,heap     ] GC(29) Archive regions: 2->2
[2024-12-16T03:48:44.355+0700][gc,heap     ] GC(29) Humongous regions: 129->129
[2024-12-16T03:48:44.355+0700][gc,metaspace] GC(29) Metaspace: 44611K(45184K)->44611K(45184K) NonClass: 39398K(39744K)->39398K(39744K) Class: 5212K(5440K)->5212K(5440K)
[2024-12-16T03:48:44.355+0700][gc          ] GC(29) Pause Young (Normal) (G1 Evacuation Pause) 233M->188M(1024M) 44.885ms
[2024-12-16T03:48:44.356+0700][gc,cpu      ] GC(29) User=0.08s Sys=0.00s Real=0.04s
[2024-12-16T03:50:22.683+0700][gc,start    ] GC(30) Pause Young (Normal) (G1 Evacuation Pause)
[2024-12-16T03:50:22.683+0700][gc,task     ] GC(30) Using 2 workers of 2 for evacuation
[2024-12-16T03:50:22.770+0700][gc,mmu      ] GC(30) MMU target violated: 21.0ms (20.0ms/21.0ms)
[2024-12-16T03:50:22.770+0700][gc,phases   ] GC(30)   Pre Evacuate Collection Set: 3.7ms
[2024-12-16T03:50:22.770+0700][gc,phases   ] GC(30)   Merge Heap Roots: 0.7ms
[2024-12-16T03:50:22.770+0700][gc,phases   ] GC(30)   Evacuate Collection Set: 77.9ms
[2024-12-16T03:50:22.770+0700][gc,phases   ] GC(30)   Post Evacuate Collection Set: 2.5ms
[2024-12-16T03:50:22.770+0700][gc,phases   ] GC(30)   Other: 2.4ms
[2024-12-16T03:50:22.770+0700][gc,heap     ] GC(30) Eden regions: 45->0(44)
[2024-12-16T03:50:22.770+0700][gc,heap     ] GC(30) Survivor regions: 6->7(7)
[2024-12-16T03:50:22.770+0700][gc,heap     ] GC(30) Old regions: 53->55
[2024-12-16T03:50:22.770+0700][gc,heap     ] GC(30) Archive regions: 2->2
[2024-12-16T03:50:22.770+0700][gc,heap     ] GC(30) Humongous regions: 129->129
[2024-12-16T03:50:22.770+0700][gc,metaspace] GC(30) Metaspace: 44617K(45184K)->44617K(45184K) NonClass: 39405K(39744K)->39405K(39744K) Class: 5212K(5440K)->5212K(5440K)
[2024-12-16T03:50:22.770+0700][gc          ] GC(30) Pause Young (Normal) (G1 Evacuation Pause) 233M->191M(1024M) 87.027ms
[2024-12-16T03:50:22.770+0700][gc,cpu      ] GC(30) User=0.17s Sys=0.01s Real=0.09s
[2024-12-16T03:51:58.417+0700][gc,start    ] GC(31) Pause Young (Normal) (G1 Evacuation Pause)
[2024-12-16T03:51:58.417+0700][gc,task     ] GC(31) Using 2 workers of 2 for evacuation
[2024-12-16T03:51:58.466+0700][gc,mmu      ] GC(31) MMU target violated: 21.0ms (20.0ms/21.0ms)
[2024-12-16T03:51:58.467+0700][gc,phases   ] GC(31)   Pre Evacuate Collection Set: 4.1ms
[2024-12-16T03:51:58.467+0700][gc,phases   ] GC(31)   Merge Heap Roots: 0.7ms
[2024-12-16T03:51:58.467+0700][gc,phases   ] GC(31)   Evacuate Collection Set: 41.7ms
[2024-12-16T03:51:58.467+0700][gc,phases   ] GC(31)   Post Evacuate Collection Set: 2.4ms
[2024-12-16T03:51:58.467+0700][gc,phases   ] GC(31)   Other: 1.1ms
[2024-12-16T03:51:58.467+0700][gc,heap     ] GC(31) Eden regions: 44->0(48)
[2024-12-16T03:51:58.467+0700][gc,heap     ] GC(31) Survivor regions: 7->3(7)
[2024-12-16T03:51:58.467+0700][gc,heap     ] GC(31) Old regions: 55->59
[2024-12-16T03:51:58.467+0700][gc,heap     ] GC(31) Archive regions: 2->2
[2024-12-16T03:51:58.467+0700][gc,heap     ] GC(31) Humongous regions: 129->129
[2024-12-16T03:51:58.467+0700][gc,metaspace] GC(31) Metaspace: 44635K(45184K)->44635K(45184K) NonClass: 39422K(39744K)->39422K(39744K) Class: 5212K(5440K)->5212K(5440K)
[2024-12-16T03:51:58.467+0700][gc          ] GC(31) Pause Young (Normal) (G1 Evacuation Pause) 235M->191M(1024M) 49.933ms
[2024-12-16T03:51:58.467+0700][gc,cpu      ] GC(31) User=0.08s Sys=0.01s Real=0.05s
[2024-12-16T03:53:41.350+0700][gc,start    ] GC(32) Pause Young (Normal) (G1 Evacuation Pause)
[2024-12-16T03:53:41.350+0700][gc,task     ] GC(32) Using 2 workers of 2 for evacuation
[2024-12-16T03:53:41.397+0700][gc,mmu      ] GC(32) MMU target violated: 21.0ms (20.0ms/21.0ms)
[2024-12-16T03:53:41.397+0700][gc,phases   ] GC(32)   Pre Evacuate Collection Set: 3.6ms
[2024-12-16T03:53:41.397+0700][gc,phases   ] GC(32)   Merge Heap Roots: 0.5ms
[2024-12-16T03:53:41.397+0700][gc,phases   ] GC(32)   Evacuate Collection Set: 39.1ms
[2024-12-16T03:53:41.397+0700][gc,phases   ] GC(32)   Post Evacuate Collection Set: 3.4ms
[2024-12-16T03:53:41.397+0700][gc,phases   ] GC(32)   Other: 1.2ms
[2024-12-16T03:53:41.397+0700][gc,heap     ] GC(32) Eden regions: 48->0(44)
[2024-12-16T03:53:41.397+0700][gc,heap     ] GC(32) Survivor regions: 3->7(7)
[2024-12-16T03:53:41.397+0700][gc,heap     ] GC(32) Old regions: 59->59
[2024-12-16T03:53:41.397+0700][gc,heap     ] GC(32) Archive regions: 2->2
[2024-12-16T03:53:41.397+0700][gc,heap     ] GC(32) Humongous regions: 129->129
[2024-12-16T03:53:41.397+0700][gc,metaspace] GC(32) Metaspace: 44646K(45184K)->44646K(45184K) NonClass: 39433K(39744K)->39433K(39744K) Class: 5212K(5440K)->5212K(5440K)
[2024-12-16T03:53:41.397+0700][gc          ] GC(32) Pause Young (Normal) (G1 Evacuation Pause) 239M->195M(1024M) 47.896ms
[2024-12-16T03:53:41.398+0700][gc,cpu      ] GC(32) User=0.09s Sys=0.00s Real=0.05s
[2024-12-16T03:55:15.771+0700][gc,start    ] GC(33) Pause Young (Normal) (G1 Evacuation Pause)
[2024-12-16T03:55:15.772+0700][gc,task     ] GC(33) Using 2 workers of 2 for evacuation
[2024-12-16T03:55:15.836+0700][gc,mmu      ] GC(33) MMU target violated: 21.0ms (20.0ms/21.0ms)
[2024-12-16T03:55:15.837+0700][gc,phases   ] GC(33)   Pre Evacuate Collection Set: 2.7ms
[2024-12-16T03:55:15.837+0700][gc,phases   ] GC(33)   Merge Heap Roots: 0.5ms
[2024-12-16T03:55:15.837+0700][gc,phases   ] GC(33)   Evacuate Collection Set: 58.3ms
[2024-12-16T03:55:15.837+0700][gc,phases   ] GC(33)   Post Evacuate Collection Set: 2.5ms
[2024-12-16T03:55:15.837+0700][gc,phases   ] GC(33)   Other: 1.5ms
[2024-12-16T03:55:15.837+0700][gc,heap     ] GC(33) Eden regions: 44->0(46)
[2024-12-16T03:55:15.837+0700][gc,heap     ] GC(33) Survivor regions: 7->5(7)
[2024-12-16T03:55:15.837+0700][gc,heap     ] GC(33) Old regions: 59->64
[2024-12-16T03:55:15.837+0700][gc,heap     ] GC(33) Archive regions: 2->2
[2024-12-16T03:55:15.837+0700][gc,heap     ] GC(33) Humongous regions: 129->129
[2024-12-16T03:55:15.837+0700][gc,metaspace] GC(33) Metaspace: 44690K(45248K)->44690K(45248K) NonClass: 39477K(39808K)->39477K(39808K) Class: 5212K(5440K)->5212K(5440K)
[2024-12-16T03:55:15.837+0700][gc          ] GC(33) Pause Young (Normal) (G1 Evacuation Pause) 239M->197M(1024M) 65.585ms
[2024-12-16T03:55:15.837+0700][gc,cpu      ] GC(33) User=0.11s Sys=0.01s Real=0.07s
[2024-12-16T03:56:56.124+0700][gc,start    ] GC(34) Pause Young (Normal) (G1 Evacuation Pause)
[2024-12-16T03:56:56.124+0700][gc,task     ] GC(34) Using 2 workers of 2 for evacuation
[2024-12-16T03:56:56.167+0700][gc,mmu      ] GC(34) MMU target violated: 21.0ms (20.0ms/21.0ms)
[2024-12-16T03:56:56.167+0700][gc,phases   ] GC(34)   Pre Evacuate Collection Set: 2.5ms
[2024-12-16T03:56:56.167+0700][gc,phases   ] GC(34)   Merge Heap Roots: 0.9ms
[2024-12-16T03:56:56.167+0700][gc,phases   ] GC(34)   Evacuate Collection Set: 36.4ms
[2024-12-16T03:56:56.167+0700][gc,phases   ] GC(34)   Post Evacuate Collection Set: 2.6ms
[2024-12-16T03:56:56.167+0700][gc,phases   ] GC(34)   Other: 1.2ms
[2024-12-16T03:56:56.167+0700][gc,heap     ] GC(34) Eden regions: 46->0(47)
[2024-12-16T03:56:56.167+0700][gc,heap     ] GC(34) Survivor regions: 5->4(7)
[2024-12-16T03:56:56.167+0700][gc,heap     ] GC(34) Old regions: 64->66
[2024-12-16T03:56:56.167+0700][gc,heap     ] GC(34) Archive regions: 2->2
[2024-12-16T03:56:56.167+0700][gc,heap     ] GC(34) Humongous regions: 129->129
[2024-12-16T03:56:56.167+0700][gc,metaspace] GC(34) Metaspace: 44690K(45248K)->44690K(45248K) NonClass: 39477K(39808K)->39477K(39808K) Class: 5212K(5440K)->5212K(5440K)
[2024-12-16T03:56:56.167+0700][gc          ] GC(34) Pause Young (Normal) (G1 Evacuation Pause) 243M->199M(1024M) 43.629ms
[2024-12-16T03:56:56.167+0700][gc,cpu      ] GC(34) User=0.08s Sys=0.00s Real=0.05s
[2024-12-16T03:58:36.157+0700][gc,start    ] GC(35) Pause Young (Normal) (G1 Evacuation Pause)
[2024-12-16T03:58:36.158+0700][gc,task     ] GC(35) Using 2 workers of 2 for evacuation
[2024-12-16T03:58:36.214+0700][gc,mmu      ] GC(35) MMU target violated: 21.0ms (20.0ms/21.0ms)
[2024-12-16T03:58:36.214+0700][gc,phases   ] GC(35)   Pre Evacuate Collection Set: 3.7ms
[2024-12-16T03:58:36.214+0700][gc,phases   ] GC(35)   Merge Heap Roots: 0.9ms
[2024-12-16T03:58:36.214+0700][gc,phases   ] GC(35)   Evacuate Collection Set: 46.4ms
[2024-12-16T03:58:36.214+0700][gc,phases   ] GC(35)   Post Evacuate Collection Set: 4.4ms
[2024-12-16T03:58:36.214+0700][gc,phases   ] GC(35)   Other: 1.4ms
[2024-12-16T03:58:36.214+0700][gc,heap     ] GC(35) Eden regions: 47->0(44)
[2024-12-16T03:58:36.214+0700][gc,heap     ] GC(35) Survivor regions: 4->7(7)
[2024-12-16T03:58:36.214+0700][gc,heap     ] GC(35) Old regions: 66->66
[2024-12-16T03:58:36.214+0700][gc,heap     ] GC(35) Archive regions: 2->2
[2024-12-16T03:58:36.214+0700][gc,heap     ] GC(35) Humongous regions: 129->129
[2024-12-16T03:58:36.214+0700][gc,metaspace] GC(35) Metaspace: 44746K(45248K)->44746K(45248K) NonClass: 39533K(39808K)->39533K(39808K) Class: 5212K(5440K)->5212K(5440K)
[2024-12-16T03:58:36.214+0700][gc          ] GC(35) Pause Young (Normal) (G1 Evacuation Pause) 246M->202M(1024M) 56.831ms
[2024-12-16T03:58:36.214+0700][gc,cpu      ] GC(35) User=0.10s Sys=0.00s Real=0.05s
[2024-12-16T04:00:12.930+0700][gc,start    ] GC(36) Pause Young (Normal) (G1 Evacuation Pause)
[2024-12-16T04:00:12.931+0700][gc,task     ] GC(36) Using 2 workers of 2 for evacuation
[2024-12-16T04:00:13.016+0700][gc,mmu      ] GC(36) MMU target violated: 21.0ms (20.0ms/21.0ms)
[2024-12-16T04:00:13.016+0700][gc,phases   ] GC(36)   Pre Evacuate Collection Set: 6.1ms
[2024-12-16T04:00:13.016+0700][gc,phases   ] GC(36)   Merge Heap Roots: 0.9ms
[2024-12-16T04:00:13.016+0700][gc,phases   ] GC(36)   Evacuate Collection Set: 65.1ms
[2024-12-16T04:00:13.016+0700][gc,phases   ] GC(36)   Post Evacuate Collection Set: 11.2ms
[2024-12-16T04:00:13.016+0700][gc,phases   ] GC(36)   Other: 3.3ms
[2024-12-16T04:00:13.016+0700][gc,heap     ] GC(36) Eden regions: 44->0(48)
[2024-12-16T04:00:13.016+0700][gc,heap     ] GC(36) Survivor regions: 7->3(7)
[2024-12-16T04:00:13.016+0700][gc,heap     ] GC(36) Old regions: 66->70
[2024-12-16T04:00:13.016+0700][gc,heap     ] GC(36) Archive regions: 2->2
[2024-12-16T04:00:13.016+0700][gc,heap     ] GC(36) Humongous regions: 129->129
[2024-12-16T04:00:13.016+0700][gc,metaspace] GC(36) Metaspace: 44750K(45248K)->44750K(45248K) NonClass: 39537K(39808K)->39537K(39808K) Class: 5212K(5440K)->5212K(5440K)
[2024-12-16T04:00:13.017+0700][gc          ] GC(36) Pause Young (Normal) (G1 Evacuation Pause) 246M->202M(1024M) 86.224ms
[2024-12-16T04:00:13.017+0700][gc,cpu      ] GC(36) User=0.13s Sys=0.02s Real=0.09s
[2024-12-16T04:01:57.957+0700][gc,start    ] GC(37) Pause Young (Normal) (G1 Evacuation Pause)
[2024-12-16T04:01:57.957+0700][gc,task     ] GC(37) Using 2 workers of 2 for evacuation
[2024-12-16T04:01:58.010+0700][gc,mmu      ] GC(37) MMU target violated: 21.0ms (20.0ms/21.0ms)
[2024-12-16T04:01:58.010+0700][gc,phases   ] GC(37)   Pre Evacuate Collection Set: 5.5ms
[2024-12-16T04:01:58.010+0700][gc,phases   ] GC(37)   Merge Heap Roots: 1.0ms
[2024-12-16T04:01:58.010+0700][gc,phases   ] GC(37)   Evacuate Collection Set: 41.4ms
[2024-12-16T04:01:58.010+0700][gc,phases   ] GC(37)   Post Evacuate Collection Set: 3.8ms
[2024-12-16T04:01:58.010+0700][gc,phases   ] GC(37)   Other: 1.8ms
[2024-12-16T04:01:58.010+0700][gc,heap     ] GC(37) Eden regions: 48->0(45)
[2024-12-16T04:01:58.010+0700][gc,heap     ] GC(37) Survivor regions: 3->6(7)
[2024-12-16T04:01:58.010+0700][gc,heap     ] GC(37) Old regions: 70->70
[2024-12-16T04:01:58.010+0700][gc,heap     ] GC(37) Archive regions: 2->2
[2024-12-16T04:01:58.010+0700][gc,heap     ] GC(37) Humongous regions: 129->129
[2024-12-16T04:01:58.010+0700][gc,metaspace] GC(37) Metaspace: 44756K(45312K)->44756K(45312K) NonClass: 39543K(39872K)->39543K(39872K) Class: 5212K(5440K)->5212K(5440K)
[2024-12-16T04:01:58.010+0700][gc          ] GC(37) Pause Young (Normal) (G1 Evacuation Pause) 250M->205M(1024M) 53.223ms
[2024-12-16T04:01:58.010+0700][gc,cpu      ] GC(37) User=0.10s Sys=0.00s Real=0.05s
[2024-12-16T04:03:34.258+0700][gc,start    ] GC(38) Pause Young (Normal) (G1 Evacuation Pause)
[2024-12-16T04:03:34.258+0700][gc,task     ] GC(38) Using 2 workers of 2 for evacuation
[2024-12-16T04:03:34.328+0700][gc,mmu      ] GC(38) MMU target violated: 21.0ms (20.0ms/21.0ms)
[2024-12-16T04:03:34.329+0700][gc,phases   ] GC(38)   Pre Evacuate Collection Set: 3.5ms
[2024-12-16T04:03:34.329+0700][gc,phases   ] GC(38)   Merge Heap Roots: 0.9ms
[2024-12-16T04:03:34.329+0700][gc,phases   ] GC(38)   Evacuate Collection Set: 60.7ms
[2024-12-16T04:03:34.329+0700][gc,phases   ] GC(38)   Post Evacuate Collection Set: 4.0ms
[2024-12-16T04:03:34.329+0700][gc,phases   ] GC(38)   Other: 2.1ms
[2024-12-16T04:03:34.329+0700][gc,heap     ] GC(38) Eden regions: 45->0(46)
[2024-12-16T04:03:34.329+0700][gc,heap     ] GC(38) Survivor regions: 6->5(7)
[2024-12-16T04:03:34.329+0700][gc,heap     ] GC(38) Old regions: 70->75
[2024-12-16T04:03:34.329+0700][gc,heap     ] GC(38) Archive regions: 2->2
[2024-12-16T04:03:34.329+0700][gc,heap     ] GC(38) Humongous regions: 129->129
[2024-12-16T04:03:34.329+0700][gc,metaspace] GC(38) Metaspace: 44761K(45312K)->44761K(45312K) NonClass: 39549K(39872K)->39549K(39872K) Class: 5212K(5440K)->5212K(5440K)
[2024-12-16T04:03:34.329+0700][gc          ] GC(38) Pause Young (Normal) (G1 Evacuation Pause) 250M->209M(1024M) 71.255ms
[2024-12-16T04:03:34.329+0700][gc,cpu      ] GC(38) User=0.12s Sys=0.01s Real=0.07s
[2024-12-16T04:05:07.963+0700][gc,start    ] GC(39) Pause Young (Normal) (G1 Evacuation Pause)
[2024-12-16T04:05:07.963+0700][gc,task     ] GC(39) Using 2 workers of 2 for evacuation
[2024-12-16T04:05:08.006+0700][gc,mmu      ] GC(39) MMU target violated: 21.0ms (20.0ms/21.0ms)
[2024-12-16T04:05:08.006+0700][gc,phases   ] GC(39)   Pre Evacuate Collection Set: 2.7ms
[2024-12-16T04:05:08.006+0700][gc,phases   ] GC(39)   Merge Heap Roots: 0.6ms
[2024-12-16T04:05:08.006+0700][gc,phases   ] GC(39)   Evacuate Collection Set: 35.0ms
[2024-12-16T04:05:08.006+0700][gc,phases   ] GC(39)   Post Evacuate Collection Set: 3.5ms
[2024-12-16T04:05:08.006+0700][gc,phases   ] GC(39)   Other: 1.8ms
[2024-12-16T04:05:08.006+0700][gc,heap     ] GC(39) Eden regions: 46->0(48)
[2024-12-16T04:05:08.006+0700][gc,heap     ] GC(39) Survivor regions: 5->3(7)
[2024-12-16T04:05:08.006+0700][gc,heap     ] GC(39) Old regions: 75->77
[2024-12-16T04:05:08.006+0700][gc,heap     ] GC(39) Archive regions: 2->2
[2024-12-16T04:05:08.006+0700][gc,heap     ] GC(39) Humongous regions: 129->129
[2024-12-16T04:05:08.006+0700][gc,metaspace] GC(39) Metaspace: 44818K(45312K)->44818K(45312K) NonClass: 39606K(39872K)->39606K(39872K) Class: 5212K(5440K)->5212K(5440K)
[2024-12-16T04:05:08.006+0700][gc          ] GC(39) Pause Young (Normal) (G1 Evacuation Pause) 255M->209M(1024M) 43.633ms
[2024-12-16T04:05:08.006+0700][gc,cpu      ] GC(39) User=0.08s Sys=0.01s Real=0.05s
[2024-12-16T04:06:49.976+0700][gc,start    ] GC(40) Pause Young (Normal) (G1 Evacuation Pause)
[2024-12-16T04:06:49.976+0700][gc,task     ] GC(40) Using 2 workers of 2 for evacuation
[2024-12-16T04:06:50.025+0700][gc,mmu      ] GC(40) MMU target violated: 21.0ms (20.0ms/21.0ms)
[2024-12-16T04:06:50.025+0700][gc,phases   ] GC(40)   Pre Evacuate Collection Set: 2.7ms
[2024-12-16T04:06:50.025+0700][gc,phases   ] GC(40)   Merge Heap Roots: 1.1ms
[2024-12-16T04:06:50.025+0700][gc,phases   ] GC(40)   Evacuate Collection Set: 41.0ms
[2024-12-16T04:06:50.025+0700][gc,phases   ] GC(40)   Post Evacuate Collection Set: 3.2ms
[2024-12-16T04:06:50.025+0700][gc,phases   ] GC(40)   Other: 1.5ms
[2024-12-16T04:06:50.025+0700][gc,heap     ] GC(40) Eden regions: 48->0(44)
[2024-12-16T04:06:50.025+0700][gc,heap     ] GC(40) Survivor regions: 3->7(7)
[2024-12-16T04:06:50.025+0700][gc,heap     ] GC(40) Old regions: 77->77
[2024-12-16T04:06:50.025+0700][gc,heap     ] GC(40) Archive regions: 2->2
[2024-12-16T04:06:50.025+0700][gc,heap     ] GC(40) Humongous regions: 129->129
[2024-12-16T04:06:50.025+0700][gc,metaspace] GC(40) Metaspace: 44826K(45376K)->44826K(45376K) NonClass: 39614K(39936K)->39614K(39936K) Class: 5212K(5440K)->5212K(5440K)
[2024-12-16T04:06:50.025+0700][gc          ] GC(40) Pause Young (Normal) (G1 Evacuation Pause) 257M->213M(1024M) 49.428ms
[2024-12-16T04:06:50.025+0700][gc,cpu      ] GC(40) User=0.09s Sys=0.00s Real=0.06s
[2024-12-16T04:08:26.510+0700][gc,start    ] GC(41) Pause Young (Normal) (G1 Evacuation Pause)
[2024-12-16T04:08:26.511+0700][gc,task     ] GC(41) Using 2 workers of 2 for evacuation
[2024-12-16T04:08:26.559+0700][gc,mmu      ] GC(41) MMU target violated: 21.0ms (20.0ms/21.0ms)
[2024-12-16T04:08:26.559+0700][gc,phases   ] GC(41)   Pre Evacuate Collection Set: 2.9ms
[2024-12-16T04:08:26.559+0700][gc,phases   ] GC(41)   Merge Heap Roots: 0.5ms
[2024-12-16T04:08:26.559+0700][gc,phases   ] GC(41)   Evacuate Collection Set: 42.2ms
[2024-12-16T04:08:26.559+0700][gc,phases   ] GC(41)   Post Evacuate Collection Set: 2.5ms
[2024-12-16T04:08:26.559+0700][gc,phases   ] GC(41)   Other: 1.9ms
[2024-12-16T04:08:26.559+0700][gc,heap     ] GC(41) Eden regions: 44->0(48)
[2024-12-16T04:08:26.559+0700][gc,heap     ] GC(41) Survivor regions: 7->3(7)
[2024-12-16T04:08:26.559+0700][gc,heap     ] GC(41) Old regions: 77->82
[2024-12-16T04:08:26.560+0700][gc,heap     ] GC(41) Archive regions: 2->2
[2024-12-16T04:08:26.560+0700][gc,heap     ] GC(41) Humongous regions: 129->129
[2024-12-16T04:08:26.560+0700][gc,metaspace] GC(41) Metaspace: 44832K(45376K)->44832K(45376K) NonClass: 39619K(39936K)->39619K(39936K) Class: 5212K(5440K)->5212K(5440K)
[2024-12-16T04:08:26.560+0700][gc          ] GC(41) Pause Young (Normal) (G1 Evacuation Pause) 257M->213M(1024M) 49.691ms
[2024-12-16T04:08:26.560+0700][gc,cpu      ] GC(41) User=0.09s Sys=0.00s Real=0.05s
[2024-12-16T04:10:00.462+0700][gc,start    ] GC(42) Pause Young (Normal) (G1 Evacuation Pause)
[2024-12-16T04:10:00.462+0700][gc,task     ] GC(42) Using 2 workers of 2 for evacuation
[2024-12-16T04:10:00.523+0700][gc,mmu      ] GC(42) MMU target violated: 21.0ms (20.0ms/21.0ms)
[2024-12-16T04:10:00.523+0700][gc,phases   ] GC(42)   Pre Evacuate Collection Set: 2.5ms
[2024-12-16T04:10:00.523+0700][gc,phases   ] GC(42)   Merge Heap Roots: 0.9ms
[2024-12-16T04:10:00.523+0700][gc,phases   ] GC(42)   Evacuate Collection Set: 54.3ms
[2024-12-16T04:10:00.523+0700][gc,phases   ] GC(42)   Post Evacuate Collection Set: 3.2ms
[2024-12-16T04:10:00.523+0700][gc,phases   ] GC(42)   Other: 1.0ms
[2024-12-16T04:10:00.523+0700][gc,heap     ] GC(42) Eden regions: 48->0(44)
[2024-12-16T04:10:00.523+0700][gc,heap     ] GC(42) Survivor regions: 3->7(7)
[2024-12-16T04:10:00.523+0700][gc,heap     ] GC(42) Old regions: 82->82
[2024-12-16T04:10:00.523+0700][gc,heap     ] GC(42) Archive regions: 2->2
[2024-12-16T04:10:00.523+0700][gc,heap     ] GC(42) Humongous regions: 129->129
[2024-12-16T04:10:00.523+0700][gc,metaspace] GC(42) Metaspace: 44877K(45376K)->44877K(45376K) NonClass: 39661K(39936K)->39661K(39936K) Class: 5216K(5440K)->5216K(5440K)
[2024-12-16T04:10:00.524+0700][gc          ] GC(42) Pause Young (Normal) (G1 Evacuation Pause) 261M->218M(1024M) 61.883ms
[2024-12-16T04:10:00.524+0700][gc,cpu      ] GC(42) User=0.12s Sys=0.00s Real=0.06s
[2024-12-16T04:11:34.173+0700][gc,start    ] GC(43) Pause Young (Normal) (G1 Evacuation Pause)
[2024-12-16T04:11:34.173+0700][gc,task     ] GC(43) Using 2 workers of 2 for evacuation
[2024-12-16T04:11:34.239+0700][gc,mmu      ] GC(43) MMU target violated: 21.0ms (20.0ms/21.0ms)
[2024-12-16T04:11:34.239+0700][gc,phases   ] GC(43)   Pre Evacuate Collection Set: 4.2ms
[2024-12-16T04:11:34.239+0700][gc,phases   ] GC(43)   Merge Heap Roots: 1.1ms
[2024-12-16T04:11:34.239+0700][gc,phases   ] GC(43)   Evacuate Collection Set: 57.2ms
[2024-12-16T04:11:34.239+0700][gc,phases   ] GC(43)   Post Evacuate Collection Set: 2.6ms
[2024-12-16T04:11:34.239+0700][gc,phases   ] GC(43)   Other: 1.4ms
[2024-12-16T04:11:34.239+0700][gc,heap     ] GC(43) Eden regions: 44->0(47)
[2024-12-16T04:11:34.239+0700][gc,heap     ] GC(43) Survivor regions: 7->4(7)
[2024-12-16T04:11:34.239+0700][gc,heap     ] GC(43) Old regions: 82->86
[2024-12-16T04:11:34.239+0700][gc,heap     ] GC(43) Archive regions: 2->2
[2024-12-16T04:11:34.239+0700][gc,heap     ] GC(43) Humongous regions: 129->129
[2024-12-16T04:11:34.239+0700][gc,metaspace] GC(43) Metaspace: 44887K(45440K)->44887K(45440K) NonClass: 39671K(40000K)->39671K(40000K) Class: 5216K(5440K)->5216K(5440K)
[2024-12-16T04:11:34.239+0700][gc          ] GC(43) Pause Young (Normal) (G1 Evacuation Pause) 262M->219M(1024M) 66.597ms
[2024-12-16T04:11:34.239+0700][gc,cpu      ] GC(43) User=0.10s Sys=0.02s Real=0.07s
[2024-12-16T04:13:17.376+0700][gc,start    ] GC(44) Pause Young (Normal) (G1 Evacuation Pause)
[2024-12-16T04:13:17.376+0700][gc,task     ] GC(44) Using 2 workers of 2 for evacuation
[2024-12-16T04:13:17.407+0700][gc,mmu      ] GC(44) MMU target violated: 21.0ms (20.0ms/21.0ms)
[2024-12-16T04:13:17.407+0700][gc,phases   ] GC(44)   Pre Evacuate Collection Set: 2.6ms
[2024-12-16T04:13:17.407+0700][gc,phases   ] GC(44)   Merge Heap Roots: 0.7ms
[2024-12-16T04:13:17.407+0700][gc,phases   ] GC(44)   Evacuate Collection Set: 23.9ms
[2024-12-16T04:13:17.407+0700][gc,phases   ] GC(44)   Post Evacuate Collection Set: 2.6ms
[2024-12-16T04:13:17.407+0700][gc,phases   ] GC(44)   Other: 1.3ms
[2024-12-16T04:13:17.407+0700][gc,heap     ] GC(44) Eden regions: 47->0(47)
[2024-12-16T04:13:17.407+0700][gc,heap     ] GC(44) Survivor regions: 4->4(7)
[2024-12-16T04:13:17.407+0700][gc,heap     ] GC(44) Old regions: 86->86
[2024-12-16T04:13:17.407+0700][gc,heap     ] GC(44) Archive regions: 2->2
[2024-12-16T04:13:17.407+0700][gc,heap     ] GC(44) Humongous regions: 129->129
[2024-12-16T04:13:17.407+0700][gc,metaspace] GC(44) Metaspace: 44912K(45504K)->44912K(45504K) NonClass: 39696K(40064K)->39696K(40064K) Class: 5216K(5440K)->5216K(5440K)
[2024-12-16T04:13:17.407+0700][gc          ] GC(44) Pause Young (Normal) (G1 Evacuation Pause) 266M->219M(1024M) 31.194ms
[2024-12-16T04:13:17.407+0700][gc,cpu      ] GC(44) User=0.05s Sys=0.00s Real=0.04s
[2024-12-16T04:15:00.134+0700][gc,start    ] GC(45) Pause Young (Normal) (G1 Evacuation Pause)
[2024-12-16T04:15:00.134+0700][gc,task     ] GC(45) Using 2 workers of 2 for evacuation
[2024-12-16T04:15:00.187+0700][gc,mmu      ] GC(45) MMU target violated: 21.0ms (20.0ms/21.0ms)
[2024-12-16T04:15:00.187+0700][gc,phases   ] GC(45)   Pre Evacuate Collection Set: 3.3ms
[2024-12-16T04:15:00.187+0700][gc,phases   ] GC(45)   Merge Heap Roots: 0.5ms
[2024-12-16T04:15:00.187+0700][gc,phases   ] GC(45)   Evacuate Collection Set: 45.4ms
[2024-12-16T04:15:00.187+0700][gc,phases   ] GC(45)   Post Evacuate Collection Set: 2.7ms
[2024-12-16T04:15:00.187+0700][gc,phases   ] GC(45)   Other: 1.2ms
[2024-12-16T04:15:00.187+0700][gc,heap     ] GC(45) Eden regions: 47->0(44)
[2024-12-16T04:15:00.187+0700][gc,heap     ] GC(45) Survivor regions: 4->7(7)
[2024-12-16T04:15:00.187+0700][gc,heap     ] GC(45) Old regions: 86->87
[2024-12-16T04:15:00.187+0700][gc,heap     ] GC(45) Archive regions: 2->2
[2024-12-16T04:15:00.187+0700][gc,heap     ] GC(45) Humongous regions: 129->129
[2024-12-16T04:15:00.187+0700][gc,metaspace] GC(45) Metaspace: 44915K(45504K)->44915K(45504K) NonClass: 39699K(40064K)->39699K(40064K) Class: 5216K(5440K)->5216K(5440K)
[2024-12-16T04:15:00.187+0700][gc          ] GC(45) Pause Young (Normal) (G1 Evacuation Pause) 266M->223M(1024M) 53.238ms
[2024-12-16T04:15:00.187+0700][gc,cpu      ] GC(45) User=0.09s Sys=0.00s Real=0.06s
[2024-12-16T04:16:31.050+0700][gc,start    ] GC(46) Pause Young (Normal) (G1 Evacuation Pause)
[2024-12-16T04:16:31.050+0700][gc,task     ] GC(46) Using 2 workers of 2 for evacuation
[2024-12-16T04:16:31.117+0700][gc,mmu      ] GC(46) MMU target violated: 21.0ms (20.0ms/21.0ms)
[2024-12-16T04:16:31.118+0700][gc,phases   ] GC(46)   Pre Evacuate Collection Set: 2.7ms
[2024-12-16T04:16:31.118+0700][gc,phases   ] GC(46)   Merge Heap Roots: 0.9ms
[2024-12-16T04:16:31.118+0700][gc,phases   ] GC(46)   Evacuate Collection Set: 61.3ms
[2024-12-16T04:16:31.118+0700][gc,phases   ] GC(46)   Post Evacuate Collection Set: 2.3ms
[2024-12-16T04:16:31.118+0700][gc,phases   ] GC(46)   Other: 1.2ms
[2024-12-16T04:16:31.118+0700][gc,heap     ] GC(46) Eden regions: 44->0(46)
[2024-12-16T04:16:31.118+0700][gc,heap     ] GC(46) Survivor regions: 7->5(7)
[2024-12-16T04:16:31.118+0700][gc,heap     ] GC(46) Old regions: 87->92
[2024-12-16T04:16:31.118+0700][gc,heap     ] GC(46) Archive regions: 2->2
[2024-12-16T04:16:31.118+0700][gc,heap     ] GC(46) Humongous regions: 129->129
[2024-12-16T04:16:31.118+0700][gc,metaspace] GC(46) Metaspace: 44927K(45504K)->44927K(45504K) NonClass: 39711K(40064K)->39711K(40064K) Class: 5216K(5440K)->5216K(5440K)
[2024-12-16T04:16:31.118+0700][gc          ] GC(46) Pause Young (Normal) (G1 Evacuation Pause) 267M->226M(1024M) 68.263ms
[2024-12-16T04:16:31.118+0700][gc,cpu      ] GC(46) User=0.11s Sys=0.02s Real=0.07s
[2024-12-16T04:18:03.709+0700][gc,start    ] GC(47) Pause Young (Normal) (G1 Evacuation Pause)
[2024-12-16T04:18:03.709+0700][gc,task     ] GC(47) Using 2 workers of 2 for evacuation
[2024-12-16T04:18:03.755+0700][gc,mmu      ] GC(47) MMU target violated: 21.0ms (20.0ms/21.0ms)
[2024-12-16T04:18:03.756+0700][gc,phases   ] GC(47)   Pre Evacuate Collection Set: 3.5ms
[2024-12-16T04:18:03.756+0700][gc,phases   ] GC(47)   Merge Heap Roots: 0.6ms
[2024-12-16T04:18:03.756+0700][gc,phases   ] GC(47)   Evacuate Collection Set: 38.6ms
[2024-12-16T04:18:03.756+0700][gc,phases   ] GC(47)   Post Evacuate Collection Set: 2.8ms
[2024-12-16T04:18:03.756+0700][gc,phases   ] GC(47)   Other: 1.5ms
[2024-12-16T04:18:03.756+0700][gc,heap     ] GC(47) Eden regions: 46->0(47)
[2024-12-16T04:18:03.756+0700][gc,heap     ] GC(47) Survivor regions: 5->4(7)
[2024-12-16T04:18:03.756+0700][gc,heap     ] GC(47) Old regions: 92->94
[2024-12-16T04:18:03.756+0700][gc,heap     ] GC(47) Archive regions: 2->2
[2024-12-16T04:18:03.756+0700][gc,heap     ] GC(47) Humongous regions: 129->129
[2024-12-16T04:18:03.756+0700][gc,metaspace] GC(47) Metaspace: 44940K(45504K)->44940K(45504K) NonClass: 39724K(40064K)->39724K(40064K) Class: 5216K(5440K)->5216K(5440K)
[2024-12-16T04:18:03.756+0700][gc          ] GC(47) Pause Young (Normal) (G1 Evacuation Pause) 272M->227M(1024M) 47.080ms
[2024-12-16T04:18:03.756+0700][gc,cpu      ] GC(47) User=0.08s Sys=0.00s Real=0.05s
[2024-12-16T04:19:33.526+0700][gc,start    ] GC(48) Pause Young (Normal) (G1 Evacuation Pause)
[2024-12-16T04:19:33.527+0700][gc,task     ] GC(48) Using 2 workers of 2 for evacuation
[2024-12-16T04:19:33.592+0700][gc,mmu      ] GC(48) MMU target violated: 21.0ms (20.0ms/21.0ms)
[2024-12-16T04:19:33.592+0700][gc,phases   ] GC(48)   Pre Evacuate Collection Set: 3.2ms
[2024-12-16T04:19:33.592+0700][gc,phases   ] GC(48)   Merge Heap Roots: 0.6ms
[2024-12-16T04:19:33.592+0700][gc,phases   ] GC(48)   Evacuate Collection Set: 57.7ms
[2024-12-16T04:19:33.592+0700][gc,phases   ] GC(48)   Post Evacuate Collection Set: 3.4ms
[2024-12-16T04:19:33.592+0700][gc,phases   ] GC(48)   Other: 1.3ms
[2024-12-16T04:19:33.592+0700][gc,heap     ] GC(48) Eden regions: 47->0(44)
[2024-12-16T04:19:33.592+0700][gc,heap     ] GC(48) Survivor regions: 4->7(7)
[2024-12-16T04:19:33.592+0700][gc,heap     ] GC(48) Old regions: 94->94
[2024-12-16T04:19:33.592+0700][gc,heap     ] GC(48) Archive regions: 2->2
[2024-12-16T04:19:33.592+0700][gc,heap     ] GC(48) Humongous regions: 129->129
[2024-12-16T04:19:33.592+0700][gc,metaspace] GC(48) Metaspace: 44987K(45568K)->44987K(45568K) NonClass: 39771K(40128K)->39771K(40128K) Class: 5216K(5440K)->5216K(5440K)
[2024-12-16T04:19:33.592+0700][gc          ] GC(48) Pause Young (Normal) (G1 Evacuation Pause) 274M->230M(1024M) 66.064ms
[2024-12-16T04:19:33.592+0700][gc,cpu      ] GC(48) User=0.09s Sys=0.01s Real=0.06s
[2024-12-16T04:21:02.605+0700][gc,start    ] GC(49) Pause Young (Normal) (G1 Evacuation Pause)
[2024-12-16T04:21:02.605+0700][gc,task     ] GC(49) Using 2 workers of 2 for evacuation
[2024-12-16T04:21:02.660+0700][gc,mmu      ] GC(49) MMU target violated: 21.0ms (20.0ms/21.0ms)
[2024-12-16T04:21:02.661+0700][gc,phases   ] GC(49)   Pre Evacuate Collection Set: 2.6ms
[2024-12-16T04:21:02.661+0700][gc,phases   ] GC(49)   Merge Heap Roots: 0.9ms
[2024-12-16T04:21:02.661+0700][gc,phases   ] GC(49)   Evacuate Collection Set: 47.7ms
[2024-12-16T04:21:02.661+0700][gc,phases   ] GC(49)   Post Evacuate Collection Set: 3.4ms
[2024-12-16T04:21:02.661+0700][gc,phases   ] GC(49)   Other: 1.4ms
[2024-12-16T04:21:02.661+0700][gc,heap     ] GC(49) Eden regions: 44->0(47)
[2024-12-16T04:21:02.661+0700][gc,heap     ] GC(49) Survivor regions: 7->4(7)
[2024-12-16T04:21:02.661+0700][gc,heap     ] GC(49) Old regions: 94->99
[2024-12-16T04:21:02.661+0700][gc,heap     ] GC(49) Archive regions: 2->2
[2024-12-16T04:21:02.661+0700][gc,heap     ] GC(49) Humongous regions: 129->129
[2024-12-16T04:21:02.661+0700][gc,metaspace] GC(49) Metaspace: 44989K(45568K)->44989K(45568K) NonClass: 39773K(40128K)->39773K(40128K) Class: 5216K(5440K)->5216K(5440K)
[2024-12-16T04:21:02.661+0700][gc          ] GC(49) Pause Young (Normal) (G1 Evacuation Pause) 274M->231M(1024M) 56.041ms
[2024-12-16T04:21:02.661+0700][gc,cpu      ] GC(49) User=0.08s Sys=0.01s Real=0.05s
[2024-12-16T04:22:36.259+0700][gc,start    ] GC(50) Pause Young (Normal) (G1 Evacuation Pause)
[2024-12-16T04:22:36.260+0700][gc,task     ] GC(50) Using 2 workers of 2 for evacuation
[2024-12-16T04:22:36.322+0700][gc,mmu      ] GC(50) MMU target violated: 21.0ms (20.0ms/21.0ms)
[2024-12-16T04:22:36.322+0700][gc,phases   ] GC(50)   Pre Evacuate Collection Set: 4.0ms
[2024-12-16T04:22:36.322+0700][gc,phases   ] GC(50)   Merge Heap Roots: 1.0ms
[2024-12-16T04:22:36.322+0700][gc,phases   ] GC(50)   Evacuate Collection Set: 54.3ms
[2024-12-16T04:22:36.322+0700][gc,phases   ] GC(50)   Post Evacuate Collection Set: 2.8ms
[2024-12-16T04:22:36.322+0700][gc,phases   ] GC(50)   Other: 1.2ms
[2024-12-16T04:22:36.323+0700][gc,heap     ] GC(50) Eden regions: 47->0(44)
[2024-12-16T04:22:36.323+0700][gc,heap     ] GC(50) Survivor regions: 4->7(7)
[2024-12-16T04:22:36.323+0700][gc,heap     ] GC(50) Old regions: 99->99
[2024-12-16T04:22:36.323+0700][gc,heap     ] GC(50) Archive regions: 2->2
[2024-12-16T04:22:36.323+0700][gc,heap     ] GC(50) Humongous regions: 129->129
[2024-12-16T04:22:36.323+0700][gc,metaspace] GC(50) Metaspace: 45035K(45568K)->45035K(45568K) NonClass: 39819K(40128K)->39819K(40128K) Class: 5216K(5440K)->5216K(5440K)
[2024-12-16T04:22:36.323+0700][gc          ] GC(50) Pause Young (Normal) (G1 Evacuation Pause) 278M->235M(1024M) 63.379ms
[2024-12-16T04:22:36.323+0700][gc,cpu      ] GC(50) User=0.11s Sys=0.00s Real=0.06s
[2024-12-16T04:24:05.174+0700][gc,start    ] GC(51) Pause Young (Normal) (G1 Evacuation Pause)
[2024-12-16T04:24:05.175+0700][gc,task     ] GC(51) Using 2 workers of 2 for evacuation
[2024-12-16T04:24:05.259+0700][gc,mmu      ] GC(51) MMU target violated: 21.0ms (20.0ms/21.0ms)
[2024-12-16T04:24:05.259+0700][gc,phases   ] GC(51)   Pre Evacuate Collection Set: 5.1ms
[2024-12-16T04:24:05.259+0700][gc,phases   ] GC(51)   Merge Heap Roots: 1.7ms
[2024-12-16T04:24:05.260+0700][gc,phases   ] GC(51)   Evacuate Collection Set: 70.8ms
[2024-12-16T04:24:05.260+0700][gc,phases   ] GC(51)   Post Evacuate Collection Set: 6.2ms
[2024-12-16T04:24:05.260+0700][gc,phases   ] GC(51)   Other: 1.7ms
[2024-12-16T04:24:05.260+0700][gc,heap     ] GC(51) Eden regions: 44->0(48)
[2024-12-16T04:24:05.260+0700][gc,heap     ] GC(51) Survivor regions: 7->3(7)
[2024-12-16T04:24:05.260+0700][gc,heap     ] GC(51) Old regions: 99->103
[2024-12-16T04:24:05.260+0700][gc,heap     ] GC(51) Archive regions: 2->2
[2024-12-16T04:24:05.260+0700][gc,heap     ] GC(51) Humongous regions: 129->129
[2024-12-16T04:24:05.260+0700][gc,metaspace] GC(51) Metaspace: 45036K(45568K)->45036K(45568K) NonClass: 39820K(40128K)->39820K(40128K) Class: 5216K(5440K)->5216K(5440K)
[2024-12-16T04:24:05.260+0700][gc          ] GC(51) Pause Young (Normal) (G1 Evacuation Pause) 279M->235M(1024M) 85.475ms
[2024-12-16T04:24:05.260+0700][gc,cpu      ] GC(51) User=0.16s Sys=0.01s Real=0.09s
[2024-12-16T04:25:43.416+0700][gc,start    ] GC(52) Pause Young (Normal) (G1 Evacuation Pause)
[2024-12-16T04:25:43.417+0700][gc,task     ] GC(52) Using 2 workers of 2 for evacuation
[2024-12-16T04:25:43.482+0700][gc,mmu      ] GC(52) MMU target violated: 21.0ms (20.0ms/21.0ms)
[2024-12-16T04:25:43.483+0700][gc,phases   ] GC(52)   Pre Evacuate Collection Set: 9.6ms
[2024-12-16T04:25:43.483+0700][gc,phases   ] GC(52)   Merge Heap Roots: 0.9ms
[2024-12-16T04:25:43.483+0700][gc,phases   ] GC(52)   Evacuate Collection Set: 50.6ms
[2024-12-16T04:25:43.483+0700][gc,phases   ] GC(52)   Post Evacuate Collection Set: 4.1ms
[2024-12-16T04:25:43.483+0700][gc,phases   ] GC(52)   Other: 1.7ms
[2024-12-16T04:25:43.483+0700][gc,heap     ] GC(52) Eden regions: 48->0(44)
[2024-12-16T04:25:43.483+0700][gc,heap     ] GC(52) Survivor regions: 3->7(7)
[2024-12-16T04:25:43.483+0700][gc,heap     ] GC(52) Old regions: 103->103
[2024-12-16T04:25:43.483+0700][gc,heap     ] GC(52) Archive regions: 2->2
[2024-12-16T04:25:43.483+0700][gc,heap     ] GC(52) Humongous regions: 129->129
[2024-12-16T04:25:43.483+0700][gc,metaspace] GC(52) Metaspace: 45037K(45568K)->45037K(45568K) NonClass: 39821K(40128K)->39821K(40128K) Class: 5216K(5440K)->5216K(5440K)
[2024-12-16T04:25:43.483+0700][gc          ] GC(52) Pause Young (Normal) (G1 Evacuation Pause) 283M->239M(1024M) 66.872ms
[2024-12-16T04:25:43.483+0700][gc,cpu      ] GC(52) User=0.12s Sys=0.00s Real=0.06s
[2024-12-16T04:27:12.266+0700][gc,start    ] GC(53) Pause Young (Normal) (G1 Evacuation Pause)
[2024-12-16T04:27:12.267+0700][gc,task     ] GC(53) Using 2 workers of 2 for evacuation
[2024-12-16T04:27:12.323+0700][gc,mmu      ] GC(53) MMU target violated: 21.0ms (20.0ms/21.0ms)
[2024-12-16T04:27:12.323+0700][gc,phases   ] GC(53)   Pre Evacuate Collection Set: 3.4ms
[2024-12-16T04:27:12.323+0700][gc,phases   ] GC(53)   Merge Heap Roots: 1.0ms
[2024-12-16T04:27:12.323+0700][gc,phases   ] GC(53)   Evacuate Collection Set: 47.1ms
[2024-12-16T04:27:12.323+0700][gc,phases   ] GC(53)   Post Evacuate Collection Set: 3.9ms
[2024-12-16T04:27:12.323+0700][gc,phases   ] GC(53)   Other: 1.6ms
[2024-12-16T04:27:12.323+0700][gc,heap     ] GC(53) Eden regions: 44->0(48)
[2024-12-16T04:27:12.323+0700][gc,heap     ] GC(53) Survivor regions: 7->3(7)
[2024-12-16T04:27:12.323+0700][gc,heap     ] GC(53) Old regions: 103->108
[2024-12-16T04:27:12.323+0700][gc,heap     ] GC(53) Archive regions: 2->2
[2024-12-16T04:27:12.323+0700][gc,heap     ] GC(53) Humongous regions: 129->129
[2024-12-16T04:27:12.323+0700][gc,metaspace] GC(53) Metaspace: 45038K(45568K)->45038K(45568K) NonClass: 39822K(40128K)->39822K(40128K) Class: 5216K(5440K)->5216K(5440K)
[2024-12-16T04:27:12.323+0700][gc          ] GC(53) Pause Young (Normal) (G1 Evacuation Pause) 283M->240M(1024M) 56.956ms
[2024-12-16T04:27:12.324+0700][gc,cpu      ] GC(53) User=0.10s Sys=0.01s Real=0.05s
[2024-12-16T04:28:49.668+0700][gc,start    ] GC(54) Pause Young (Normal) (G1 Evacuation Pause)
[2024-12-16T04:28:49.668+0700][gc,task     ] GC(54) Using 2 workers of 2 for evacuation
[2024-12-16T04:28:49.705+0700][gc,mmu      ] GC(54) MMU target violated: 21.0ms (20.0ms/21.0ms)
[2024-12-16T04:28:49.705+0700][gc,phases   ] GC(54)   Pre Evacuate Collection Set: 2.2ms
[2024-12-16T04:28:49.705+0700][gc,phases   ] GC(54)   Merge Heap Roots: 0.5ms
[2024-12-16T04:28:49.705+0700][gc,phases   ] GC(54)   Evacuate Collection Set: 31.4ms
[2024-12-16T04:28:49.705+0700][gc,phases   ] GC(54)   Post Evacuate Collection Set: 2.3ms
[2024-12-16T04:28:49.705+0700][gc,phases   ] GC(54)   Other: 0.9ms
[2024-12-16T04:28:49.705+0700][gc,heap     ] GC(54) Eden regions: 48->0(44)
[2024-12-16T04:28:49.705+0700][gc,heap     ] GC(54) Survivor regions: 3->7(7)
[2024-12-16T04:28:49.705+0700][gc,heap     ] GC(54) Old regions: 108->108
[2024-12-16T04:28:49.705+0700][gc,heap     ] GC(54) Archive regions: 2->2
[2024-12-16T04:28:49.705+0700][gc,heap     ] GC(54) Humongous regions: 129->129
[2024-12-16T04:28:49.705+0700][gc,metaspace] GC(54) Metaspace: 45038K(45568K)->45038K(45568K) NonClass: 39822K(40128K)->39822K(40128K) Class: 5216K(5440K)->5216K(5440K)
[2024-12-16T04:28:49.706+0700][gc          ] GC(54) Pause Young (Normal) (G1 Evacuation Pause) 288M->243M(1024M) 37.302ms
[2024-12-16T04:28:49.706+0700][gc,cpu      ] GC(54) User=0.07s Sys=0.00s Real=0.04s
[2024-12-16T04:30:18.525+0700][gc,start    ] GC(55) Pause Young (Normal) (G1 Evacuation Pause)
[2024-12-16T04:30:18.525+0700][gc,task     ] GC(55) Using 2 workers of 2 for evacuation
[2024-12-16T04:30:18.577+0700][gc,mmu      ] GC(55) MMU target violated: 21.0ms (20.0ms/21.0ms)
[2024-12-16T04:30:18.577+0700][gc,phases   ] GC(55)   Pre Evacuate Collection Set: 3.7ms
[2024-12-16T04:30:18.577+0700][gc,phases   ] GC(55)   Merge Heap Roots: 0.5ms
[2024-12-16T04:30:18.577+0700][gc,phases   ] GC(55)   Evacuate Collection Set: 44.3ms
[2024-12-16T04:30:18.577+0700][gc,phases   ] GC(55)   Post Evacuate Collection Set: 2.7ms
[2024-12-16T04:30:18.577+0700][gc,phases   ] GC(55)   Other: 1.6ms
[2024-12-16T04:30:18.577+0700][gc,heap     ] GC(55) Eden regions: 44->0(48)
[2024-12-16T04:30:18.577+0700][gc,heap     ] GC(55) Survivor regions: 7->3(7)
[2024-12-16T04:30:18.577+0700][gc,heap     ] GC(55) Old regions: 108->112
[2024-12-16T04:30:18.577+0700][gc,heap     ] GC(55) Archive regions: 2->2
[2024-12-16T04:30:18.577+0700][gc,heap     ] GC(55) Humongous regions: 129->129
[2024-12-16T04:30:18.577+0700][gc,metaspace] GC(55) Metaspace: 45039K(45568K)->45039K(45568K) NonClass: 39823K(40128K)->39823K(40128K) Class: 5216K(5440K)->5216K(5440K)
[2024-12-16T04:30:18.577+0700][gc          ] GC(55) Pause Young (Normal) (G1 Evacuation Pause) 287M->244M(1024M) 52.805ms
[2024-12-16T04:30:18.577+0700][gc,cpu      ] GC(55) User=0.09s Sys=0.01s Real=0.05s
[2024-12-16T04:31:56.637+0700][gc,start    ] GC(56) Pause Young (Normal) (G1 Evacuation Pause)
[2024-12-16T04:31:56.637+0700][gc,task     ] GC(56) Using 2 workers of 2 for evacuation
[2024-12-16T04:31:56.685+0700][gc,mmu      ] GC(56) MMU target violated: 21.0ms (20.0ms/21.0ms)
[2024-12-16T04:31:56.685+0700][gc,phases   ] GC(56)   Pre Evacuate Collection Set: 2.6ms
[2024-12-16T04:31:56.685+0700][gc,phases   ] GC(56)   Merge Heap Roots: 0.6ms
[2024-12-16T04:31:56.685+0700][gc,phases   ] GC(56)   Evacuate Collection Set: 40.1ms
[2024-12-16T04:31:56.685+0700][gc,phases   ] GC(56)   Post Evacuate Collection Set: 3.8ms
[2024-12-16T04:31:56.685+0700][gc,phases   ] GC(56)   Other: 1.4ms
[2024-12-16T04:31:56.685+0700][gc,heap     ] GC(56) Eden regions: 48->0(44)
[2024-12-16T04:31:56.685+0700][gc,heap     ] GC(56) Survivor regions: 3->7(7)
[2024-12-16T04:31:56.685+0700][gc,heap     ] GC(56) Old regions: 112->112
[2024-12-16T04:31:56.685+0700][gc,heap     ] GC(56) Archive regions: 2->2
[2024-12-16T04:31:56.685+0700][gc,heap     ] GC(56) Humongous regions: 129->129
[2024-12-16T04:31:56.685+0700][gc,metaspace] GC(56) Metaspace: 45039K(45568K)->45039K(45568K) NonClass: 39823K(40128K)->39823K(40128K) Class: 5216K(5440K)->5216K(5440K)
[2024-12-16T04:31:56.685+0700][gc          ] GC(56) Pause Young (Normal) (G1 Evacuation Pause) 292M->248M(1024M) 48.439ms
[2024-12-16T04:31:56.685+0700][gc,cpu      ] GC(56) User=0.09s Sys=0.00s Real=0.05s
[2024-12-16T04:33:22.695+0700][gc,start    ] GC(57) Pause Young (Normal) (G1 Evacuation Pause)
[2024-12-16T04:33:22.695+0700][gc,task     ] GC(57) Using 2 workers of 2 for evacuation
[2024-12-16T04:33:22.753+0700][gc,mmu      ] GC(57) MMU target violated: 21.0ms (20.0ms/21.0ms)
[2024-12-16T04:33:22.753+0700][gc,phases   ] GC(57)   Pre Evacuate Collection Set: 2.6ms
[2024-12-16T04:33:22.753+0700][gc,phases   ] GC(57)   Merge Heap Roots: 0.7ms
[2024-12-16T04:33:22.753+0700][gc,phases   ] GC(57)   Evacuate Collection Set: 51.8ms
[2024-12-16T04:33:22.753+0700][gc,phases   ] GC(57)   Post Evacuate Collection Set: 2.2ms
[2024-12-16T04:33:22.753+0700][gc,phases   ] GC(57)   Other: 1.2ms
[2024-12-16T04:33:22.753+0700][gc,heap     ] GC(57) Eden regions: 44->0(48)
[2024-12-16T04:33:22.753+0700][gc,heap     ] GC(57) Survivor regions: 7->3(7)
[2024-12-16T04:33:22.753+0700][gc,heap     ] GC(57) Old regions: 112->117
[2024-12-16T04:33:22.753+0700][gc,heap     ] GC(57) Archive regions: 2->2
[2024-12-16T04:33:22.753+0700][gc,heap     ] GC(57) Humongous regions: 129->129
[2024-12-16T04:33:22.753+0700][gc,metaspace] GC(57) Metaspace: 45041K(45568K)->45041K(45568K) NonClass: 39825K(40128K)->39825K(40128K) Class: 5216K(5440K)->5216K(5440K)
[2024-12-16T04:33:22.753+0700][gc          ] GC(57) Pause Young (Normal) (G1 Evacuation Pause) 292M->249M(1024M) 58.416ms
[2024-12-16T04:33:22.753+0700][gc,cpu      ] GC(57) User=0.10s Sys=0.01s Real=0.06s
[2024-12-16T04:35:00.490+0700][gc,start    ] GC(58) Pause Young (Normal) (G1 Evacuation Pause)
[2024-12-16T04:35:00.490+0700][gc,task     ] GC(58) Using 2 workers of 2 for evacuation
[2024-12-16T04:35:00.542+0700][gc,mmu      ] GC(58) MMU target violated: 21.0ms (20.0ms/21.0ms)
[2024-12-16T04:35:00.542+0700][gc,phases   ] GC(58)   Pre Evacuate Collection Set: 2.8ms
[2024-12-16T04:35:00.542+0700][gc,phases   ] GC(58)   Merge Heap Roots: 0.6ms
[2024-12-16T04:35:00.542+0700][gc,phases   ] GC(58)   Evacuate Collection Set: 45.5ms
[2024-12-16T04:35:00.542+0700][gc,phases   ] GC(58)   Post Evacuate Collection Set: 2.0ms
[2024-12-16T04:35:00.542+0700][gc,phases   ] GC(58)   Other: 1.3ms
[2024-12-16T04:35:00.542+0700][gc,heap     ] GC(58) Eden regions: 48->0(44)
[2024-12-16T04:35:00.542+0700][gc,heap     ] GC(58) Survivor regions: 3->7(7)
[2024-12-16T04:35:00.542+0700][gc,heap     ] GC(58) Old regions: 117->117
[2024-12-16T04:35:00.542+0700][gc,heap     ] GC(58) Archive regions: 2->2
[2024-12-16T04:35:00.542+0700][gc,heap     ] GC(58) Humongous regions: 129->129
[2024-12-16T04:35:00.542+0700][gc,metaspace] GC(58) Metaspace: 45042K(45568K)->45042K(45568K) NonClass: 39825K(40128K)->39825K(40128K) Class: 5216K(5440K)->5216K(5440K)
[2024-12-16T04:35:00.542+0700][gc          ] GC(58) Pause Young (Normal) (G1 Evacuation Pause) 297M->252M(1024M) 52.208ms
[2024-12-16T04:35:00.542+0700][gc,cpu      ] GC(58) User=0.09s Sys=0.00s Real=0.05s
[2024-12-16T04:36:30.329+0700][gc,start    ] GC(59) Pause Young (Normal) (G1 Evacuation Pause)
[2024-12-16T04:36:30.330+0700][gc,task     ] GC(59) Using 2 workers of 2 for evacuation
[2024-12-16T04:36:30.374+0700][gc,mmu      ] GC(59) MMU target violated: 21.0ms (20.0ms/21.0ms)
[2024-12-16T04:36:30.374+0700][gc,phases   ] GC(59)   Pre Evacuate Collection Set: 2.4ms
[2024-12-16T04:36:30.374+0700][gc,phases   ] GC(59)   Merge Heap Roots: 0.7ms
[2024-12-16T04:36:30.374+0700][gc,phases   ] GC(59)   Evacuate Collection Set: 38.2ms
[2024-12-16T04:36:30.374+0700][gc,phases   ] GC(59)   Post Evacuate Collection Set: 2.4ms
[2024-12-16T04:36:30.374+0700][gc,phases   ] GC(59)   Other: 1.2ms
[2024-12-16T04:36:30.374+0700][gc,heap     ] GC(59) Eden regions: 44->0(48)
[2024-12-16T04:36:30.374+0700][gc,heap     ] GC(59) Survivor regions: 7->3(7)
[2024-12-16T04:36:30.374+0700][gc,heap     ] GC(59) Old regions: 117->121
[2024-12-16T04:36:30.374+0700][gc,heap     ] GC(59) Archive regions: 2->2
[2024-12-16T04:36:30.374+0700][gc,heap     ] GC(59) Humongous regions: 129->129
[2024-12-16T04:36:30.374+0700][gc,metaspace] GC(59) Metaspace: 45044K(45568K)->45044K(45568K) NonClass: 39827K(40128K)->39827K(40128K) Class: 5216K(5440K)->5216K(5440K)
[2024-12-16T04:36:30.374+0700][gc          ] GC(59) Pause Young (Normal) (G1 Evacuation Pause) 296M->253M(1024M) 44.956ms
[2024-12-16T04:36:30.374+0700][gc,cpu      ] GC(59) User=0.08s Sys=0.00s Real=0.04s
[2024-12-16T04:38:08.331+0700][gc,start    ] GC(60) Pause Young (Normal) (G1 Evacuation Pause)
[2024-12-16T04:38:08.331+0700][gc,task     ] GC(60) Using 2 workers of 2 for evacuation
[2024-12-16T04:38:08.386+0700][gc,mmu      ] GC(60) MMU target violated: 21.0ms (20.0ms/21.0ms)
[2024-12-16T04:38:08.386+0700][gc,phases   ] GC(60)   Pre Evacuate Collection Set: 2.4ms
[2024-12-16T04:38:08.386+0700][gc,phases   ] GC(60)   Merge Heap Roots: 0.6ms
[2024-12-16T04:38:08.386+0700][gc,phases   ] GC(60)   Evacuate Collection Set: 48.2ms
[2024-12-16T04:38:08.386+0700][gc,phases   ] GC(60)   Post Evacuate Collection Set: 2.9ms
[2024-12-16T04:38:08.386+0700][gc,phases   ] GC(60)   Other: 1.5ms
[2024-12-16T04:38:08.386+0700][gc,heap     ] GC(60) Eden regions: 48->0(44)
[2024-12-16T04:38:08.386+0700][gc,heap     ] GC(60) Survivor regions: 3->7(7)
[2024-12-16T04:38:08.386+0700][gc,heap     ] GC(60) Old regions: 121->121
[2024-12-16T04:38:08.386+0700][gc,heap     ] GC(60) Archive regions: 2->2
[2024-12-16T04:38:08.386+0700][gc,heap     ] GC(60) Humongous regions: 129->129
[2024-12-16T04:38:08.387+0700][gc,metaspace] GC(60) Metaspace: 45044K(45568K)->45044K(45568K) NonClass: 39827K(40128K)->39827K(40128K) Class: 5216K(5440K)->5216K(5440K)
[2024-12-16T04:38:08.387+0700][gc          ] GC(60) Pause Young (Normal) (G1 Evacuation Pause) 301M->256M(1024M) 55.462ms
[2024-12-16T04:38:08.387+0700][gc,cpu      ] GC(60) User=0.10s Sys=0.00s Real=0.06s
[2024-12-16T04:39:37.270+0700][gc,start    ] GC(61) Pause Young (Normal) (G1 Evacuation Pause)
[2024-12-16T04:39:37.270+0700][gc,task     ] GC(61) Using 2 workers of 2 for evacuation
[2024-12-16T04:39:37.326+0700][gc,mmu      ] GC(61) MMU target violated: 21.0ms (20.0ms/21.0ms)
[2024-12-16T04:39:37.326+0700][gc,phases   ] GC(61)   Pre Evacuate Collection Set: 2.4ms
[2024-12-16T04:39:37.326+0700][gc,phases   ] GC(61)   Merge Heap Roots: 0.5ms
[2024-12-16T04:39:37.326+0700][gc,phases   ] GC(61)   Evacuate Collection Set: 49.7ms
[2024-12-16T04:39:37.326+0700][gc,phases   ] GC(61)   Post Evacuate Collection Set: 2.9ms
[2024-12-16T04:39:37.326+0700][gc,phases   ] GC(61)   Other: 1.2ms
[2024-12-16T04:39:37.326+0700][gc,heap     ] GC(61) Eden regions: 44->0(48)
[2024-12-16T04:39:37.326+0700][gc,heap     ] GC(61) Survivor regions: 7->3(7)
[2024-12-16T04:39:37.326+0700][gc,heap     ] GC(61) Old regions: 121->125
[2024-12-16T04:39:37.326+0700][gc,heap     ] GC(61) Archive regions: 2->2
[2024-12-16T04:39:37.326+0700][gc,heap     ] GC(61) Humongous regions: 129->129
[2024-12-16T04:39:37.326+0700][gc,metaspace] GC(61) Metaspace: 45061K(45632K)->45061K(45632K) NonClass: 39845K(40192K)->39845K(40192K) Class: 5216K(5440K)->5216K(5440K)
[2024-12-16T04:39:37.326+0700][gc          ] GC(61) Pause Young (Normal) (G1 Evacuation Pause) 300M->257M(1024M) 56.758ms
[2024-12-16T04:39:37.327+0700][gc,cpu      ] GC(61) User=0.10s Sys=0.01s Real=0.06s
[2024-12-16T04:41:14.765+0700][gc,start    ] GC(62) Pause Young (Normal) (G1 Evacuation Pause)
[2024-12-16T04:41:14.766+0700][gc,task     ] GC(62) Using 2 workers of 2 for evacuation
[2024-12-16T04:41:14.811+0700][gc,mmu      ] GC(62) MMU target violated: 21.0ms (20.0ms/21.0ms)
[2024-12-16T04:41:14.811+0700][gc,phases   ] GC(62)   Pre Evacuate Collection Set: 3.6ms
[2024-12-16T04:41:14.811+0700][gc,phases   ] GC(62)   Merge Heap Roots: 1.1ms
[2024-12-16T04:41:14.811+0700][gc,phases   ] GC(62)   Evacuate Collection Set: 37.2ms
[2024-12-16T04:41:14.811+0700][gc,phases   ] GC(62)   Post Evacuate Collection Set: 3.3ms
[2024-12-16T04:41:14.811+0700][gc,phases   ] GC(62)   Other: 1.1ms
[2024-12-16T04:41:14.811+0700][gc,heap     ] GC(62) Eden regions: 48->0(44)
[2024-12-16T04:41:14.811+0700][gc,heap     ] GC(62) Survivor regions: 3->7(7)
[2024-12-16T04:41:14.811+0700][gc,heap     ] GC(62) Old regions: 125->125
[2024-12-16T04:41:14.811+0700][gc,heap     ] GC(62) Archive regions: 2->2
[2024-12-16T04:41:14.811+0700][gc,heap     ] GC(62) Humongous regions: 129->129
[2024-12-16T04:41:14.812+0700][gc,metaspace] GC(62) Metaspace: 45062K(45632K)->45062K(45632K) NonClass: 39845K(40192K)->39845K(40192K) Class: 5216K(5440K)->5216K(5440K)
[2024-12-16T04:41:14.812+0700][gc          ] GC(62) Pause Young (Normal) (G1 Evacuation Pause) 305M->261M(1024M) 46.395ms
[2024-12-16T04:41:14.812+0700][gc,cpu      ] GC(62) User=0.09s Sys=0.00s Real=0.04s
[2024-12-16T04:42:44.245+0700][gc,start    ] GC(63) Pause Young (Normal) (G1 Evacuation Pause)
[2024-12-16T04:42:44.245+0700][gc,task     ] GC(63) Using 2 workers of 2 for evacuation
[2024-12-16T04:42:44.307+0700][gc,mmu      ] GC(63) MMU target violated: 21.0ms (20.0ms/21.0ms)
[2024-12-16T04:42:44.307+0700][gc,phases   ] GC(63)   Pre Evacuate Collection Set: 3.9ms
[2024-12-16T04:42:44.307+0700][gc,phases   ] GC(63)   Merge Heap Roots: 0.9ms
[2024-12-16T04:42:44.307+0700][gc,phases   ] GC(63)   Evacuate Collection Set: 52.6ms
[2024-12-16T04:42:44.307+0700][gc,phases   ] GC(63)   Post Evacuate Collection Set: 3.6ms
[2024-12-16T04:42:44.307+0700][gc,phases   ] GC(63)   Other: 1.3ms
[2024-12-16T04:42:44.307+0700][gc,heap     ] GC(63) Eden regions: 44->0(48)
[2024-12-16T04:42:44.307+0700][gc,heap     ] GC(63) Survivor regions: 7->3(7)
[2024-12-16T04:42:44.307+0700][gc,heap     ] GC(63) Old regions: 125->130
[2024-12-16T04:42:44.307+0700][gc,heap     ] GC(63) Archive regions: 2->2
[2024-12-16T04:42:44.307+0700][gc,heap     ] GC(63) Humongous regions: 129->129
[2024-12-16T04:42:44.307+0700][gc,metaspace] GC(63) Metaspace: 45062K(45632K)->45062K(45632K) NonClass: 39845K(40192K)->39845K(40192K) Class: 5216K(5440K)->5216K(5440K)
[2024-12-16T04:42:44.307+0700][gc          ] GC(63) Pause Young (Normal) (G1 Evacuation Pause) 305M->261M(1024M) 62.283ms
[2024-12-16T04:42:44.307+0700][gc,cpu      ] GC(63) User=0.11s Sys=0.00s Real=0.06s
[2024-12-16T04:44:22.029+0700][gc,start    ] GC(64) Pause Young (Normal) (G1 Evacuation Pause)
[2024-12-16T04:44:22.029+0700][gc,task     ] GC(64) Using 2 workers of 2 for evacuation
[2024-12-16T04:44:22.081+0700][gc,mmu      ] GC(64) MMU target violated: 21.0ms (20.0ms/21.0ms)
[2024-12-16T04:44:22.082+0700][gc,phases   ] GC(64)   Pre Evacuate Collection Set: 2.4ms
[2024-12-16T04:44:22.082+0700][gc,phases   ] GC(64)   Merge Heap Roots: 0.6ms
[2024-12-16T04:44:22.082+0700][gc,phases   ] GC(64)   Evacuate Collection Set: 46.0ms
[2024-12-16T04:44:22.082+0700][gc,phases   ] GC(64)   Post Evacuate Collection Set: 2.7ms
[2024-12-16T04:44:22.082+0700][gc,phases   ] GC(64)   Other: 1.3ms
[2024-12-16T04:44:22.082+0700][gc,heap     ] GC(64) Eden regions: 48->0(44)
[2024-12-16T04:44:22.082+0700][gc,heap     ] GC(64) Survivor regions: 3->7(7)
[2024-12-16T04:44:22.082+0700][gc,heap     ] GC(64) Old regions: 130->130
[2024-12-16T04:44:22.082+0700][gc,heap     ] GC(64) Archive regions: 2->2
[2024-12-16T04:44:22.082+0700][gc,heap     ] GC(64) Humongous regions: 129->129
[2024-12-16T04:44:22.082+0700][gc,metaspace] GC(64) Metaspace: 45073K(45632K)->45073K(45632K) NonClass: 39857K(40192K)->39857K(40192K) Class: 5216K(5440K)->5216K(5440K)
[2024-12-16T04:44:22.082+0700][gc          ] GC(64) Pause Young (Normal) (G1 Evacuation Pause) 309M->265M(1024M) 52.824ms
[2024-12-16T04:44:22.082+0700][gc,cpu      ] GC(64) User=0.10s Sys=0.00s Real=0.05s
[2024-12-16T04:45:51.858+0700][gc,start    ] GC(65) Pause Young (Normal) (G1 Evacuation Pause)
[2024-12-16T04:45:51.858+0700][gc,task     ] GC(65) Using 2 workers of 2 for evacuation
[2024-12-16T04:45:51.906+0700][gc,mmu      ] GC(65) MMU target violated: 21.0ms (20.0ms/21.0ms)
[2024-12-16T04:45:51.906+0700][gc,phases   ] GC(65)   Pre Evacuate Collection Set: 3.0ms
[2024-12-16T04:45:51.906+0700][gc,phases   ] GC(65)   Merge Heap Roots: 0.5ms
[2024-12-16T04:45:51.906+0700][gc,phases   ] GC(65)   Evacuate Collection Set: 39.9ms
[2024-12-16T04:45:51.906+0700][gc,phases   ] GC(65)   Post Evacuate Collection Set: 3.4ms
[2024-12-16T04:45:51.906+0700][gc,phases   ] GC(65)   Other: 1.6ms
[2024-12-16T04:45:51.906+0700][gc,heap     ] GC(65) Eden regions: 44->0(48)
[2024-12-16T04:45:51.906+0700][gc,heap     ] GC(65) Survivor regions: 7->3(7)
[2024-12-16T04:45:51.906+0700][gc,heap     ] GC(65) Old regions: 130->134
[2024-12-16T04:45:51.906+0700][gc,heap     ] GC(65) Archive regions: 2->2
[2024-12-16T04:45:51.906+0700][gc,heap     ] GC(65) Humongous regions: 129->129
[2024-12-16T04:45:51.906+0700][gc,metaspace] GC(65) Metaspace: 45073K(45632K)->45073K(45632K) NonClass: 39857K(40192K)->39857K(40192K) Class: 5216K(5440K)->5216K(5440K)
[2024-12-16T04:45:51.906+0700][gc          ] GC(65) Pause Young (Normal) (G1 Evacuation Pause) 309M->266M(1024M) 48.408ms
[2024-12-16T04:45:51.906+0700][gc,cpu      ] GC(65) User=0.09s Sys=0.01s Real=0.05s
[2024-12-16T04:47:30.189+0700][gc,start    ] GC(66) Pause Young (Normal) (G1 Evacuation Pause)
[2024-12-16T04:47:30.190+0700][gc,task     ] GC(66) Using 2 workers of 2 for evacuation
[2024-12-16T04:47:30.235+0700][gc,mmu      ] GC(66) MMU target violated: 21.0ms (20.0ms/21.0ms)
[2024-12-16T04:47:30.235+0700][gc,phases   ] GC(66)   Pre Evacuate Collection Set: 3.7ms
[2024-12-16T04:47:30.235+0700][gc,phases   ] GC(66)   Merge Heap Roots: 0.6ms
[2024-12-16T04:47:30.235+0700][gc,phases   ] GC(66)   Evacuate Collection Set: 37.7ms
[2024-12-16T04:47:30.235+0700][gc,phases   ] GC(66)   Post Evacuate Collection Set: 3.0ms
[2024-12-16T04:47:30.236+0700][gc,phases   ] GC(66)   Other: 1.4ms
[2024-12-16T04:47:30.236+0700][gc,heap     ] GC(66) Eden regions: 48->0(44)
[2024-12-16T04:47:30.236+0700][gc,heap     ] GC(66) Survivor regions: 3->7(7)
[2024-12-16T04:47:30.236+0700][gc,heap     ] GC(66) Old regions: 134->134
[2024-12-16T04:47:30.236+0700][gc,heap     ] GC(66) Archive regions: 2->2
[2024-12-16T04:47:30.236+0700][gc,heap     ] GC(66) Humongous regions: 129->129
[2024-12-16T04:47:30.236+0700][gc,metaspace] GC(66) Metaspace: 45073K(45632K)->45073K(45632K) NonClass: 39857K(40192K)->39857K(40192K) Class: 5216K(5440K)->5216K(5440K)
[2024-12-16T04:47:30.236+0700][gc          ] GC(66) Pause Young (Normal) (G1 Evacuation Pause) 314M->270M(1024M) 46.527ms
[2024-12-16T04:47:30.236+0700][gc,cpu      ] GC(66) User=0.09s Sys=0.00s Real=0.04s
[2024-12-16T04:48:59.161+0700][gc,start    ] GC(67) Pause Young (Normal) (G1 Evacuation Pause)
[2024-12-16T04:48:59.161+0700][gc,task     ] GC(67) Using 2 workers of 2 for evacuation
[2024-12-16T04:48:59.210+0700][gc,mmu      ] GC(67) MMU target violated: 21.0ms (20.0ms/21.0ms)
[2024-12-16T04:48:59.211+0700][gc,phases   ] GC(67)   Pre Evacuate Collection Set: 4.2ms
[2024-12-16T04:48:59.211+0700][gc,phases   ] GC(67)   Merge Heap Roots: 0.8ms
[2024-12-16T04:48:59.211+0700][gc,phases   ] GC(67)   Evacuate Collection Set: 42.1ms
[2024-12-16T04:48:59.211+0700][gc,phases   ] GC(67)   Post Evacuate Collection Set: 2.0ms
[2024-12-16T04:48:59.211+0700][gc,phases   ] GC(67)   Other: 0.9ms
[2024-12-16T04:48:59.211+0700][gc,heap     ] GC(67) Eden regions: 44->0(48)
[2024-12-16T04:48:59.211+0700][gc,heap     ] GC(67) Survivor regions: 7->3(7)
[2024-12-16T04:48:59.211+0700][gc,heap     ] GC(67) Old regions: 134->139
[2024-12-16T04:48:59.211+0700][gc,heap     ] GC(67) Archive regions: 2->2
[2024-12-16T04:48:59.211+0700][gc,heap     ] GC(67) Humongous regions: 129->129
[2024-12-16T04:48:59.211+0700][gc,metaspace] GC(67) Metaspace: 45073K(45632K)->45073K(45632K) NonClass: 39857K(40192K)->39857K(40192K) Class: 5216K(5440K)->5216K(5440K)
[2024-12-16T04:48:59.211+0700][gc          ] GC(67) Pause Young (Normal) (G1 Evacuation Pause) 314M->271M(1024M) 49.941ms
[2024-12-16T04:48:59.211+0700][gc,cpu      ] GC(67) User=0.09s Sys=0.01s Real=0.05s
[2024-12-16T04:50:36.659+0700][gc,start    ] GC(68) Pause Young (Normal) (G1 Evacuation Pause)
[2024-12-16T04:50:36.659+0700][gc,task     ] GC(68) Using 2 workers of 2 for evacuation
[2024-12-16T04:50:36.705+0700][gc,mmu      ] GC(68) MMU target violated: 21.0ms (20.0ms/21.0ms)
[2024-12-16T04:50:36.706+0700][gc,phases   ] GC(68)   Pre Evacuate Collection Set: 2.7ms
[2024-12-16T04:50:36.706+0700][gc,phases   ] GC(68)   Merge Heap Roots: 1.1ms
[2024-12-16T04:50:36.706+0700][gc,phases   ] GC(68)   Evacuate Collection Set: 39.5ms
[2024-12-16T04:50:36.706+0700][gc,phases   ] GC(68)   Post Evacuate Collection Set: 2.8ms
[2024-12-16T04:50:36.706+0700][gc,phases   ] GC(68)   Other: 1.3ms
[2024-12-16T04:50:36.706+0700][gc,heap     ] GC(68) Eden regions: 48->0(45)
[2024-12-16T04:50:36.706+0700][gc,heap     ] GC(68) Survivor regions: 3->6(7)
[2024-12-16T04:50:36.706+0700][gc,heap     ] GC(68) Old regions: 139->139
[2024-12-16T04:50:36.706+0700][gc,heap     ] GC(68) Archive regions: 2->2
[2024-12-16T04:50:36.706+0700][gc,heap     ] GC(68) Humongous regions: 129->129
[2024-12-16T04:50:36.706+0700][gc,metaspace] GC(68) Metaspace: 45075K(45632K)->45075K(45632K) NonClass: 39858K(40192K)->39858K(40192K) Class: 5216K(5440K)->5216K(5440K)
[2024-12-16T04:50:36.706+0700][gc          ] GC(68) Pause Young (Normal) (G1 Evacuation Pause) 319M->274M(1024M) 47.455ms
[2024-12-16T04:50:36.706+0700][gc,cpu      ] GC(68) User=0.09s Sys=0.00s Real=0.05s
[2024-12-16T04:52:07.705+0700][gc,start    ] GC(69) Pause Young (Normal) (G1 Evacuation Pause)
[2024-12-16T04:52:07.705+0700][gc,task     ] GC(69) Using 2 workers of 2 for evacuation
[2024-12-16T04:52:07.759+0700][gc,mmu      ] GC(69) MMU target violated: 21.0ms (20.0ms/21.0ms)
[2024-12-16T04:52:07.759+0700][gc,phases   ] GC(69)   Pre Evacuate Collection Set: 4.5ms
[2024-12-16T04:52:07.759+0700][gc,phases   ] GC(69)   Merge Heap Roots: 0.6ms
[2024-12-16T04:52:07.759+0700][gc,phases   ] GC(69)   Evacuate Collection Set: 44.9ms
[2024-12-16T04:52:07.759+0700][gc,phases   ] GC(69)   Post Evacuate Collection Set: 2.8ms
[2024-12-16T04:52:07.759+0700][gc,phases   ] GC(69)   Other: 1.4ms
[2024-12-16T04:52:07.759+0700][gc,heap     ] GC(69) Eden regions: 45->0(48)
[2024-12-16T04:52:07.759+0700][gc,heap     ] GC(69) Survivor regions: 6->3(7)
[2024-12-16T04:52:07.759+0700][gc,heap     ] GC(69) Old regions: 139->143
[2024-12-16T04:52:07.759+0700][gc,heap     ] GC(69) Archive regions: 2->2
[2024-12-16T04:52:07.759+0700][gc,heap     ] GC(69) Humongous regions: 129->129
[2024-12-16T04:52:07.759+0700][gc,metaspace] GC(69) Metaspace: 45075K(45632K)->45075K(45632K) NonClass: 39859K(40192K)->39859K(40192K) Class: 5216K(5440K)->5216K(5440K)
[2024-12-16T04:52:07.759+0700][gc          ] GC(69) Pause Young (Normal) (G1 Evacuation Pause) 319M->275M(1024M) 54.154ms
[2024-12-16T04:52:07.759+0700][gc,cpu      ] GC(69) User=0.09s Sys=0.01s Real=0.05s
[2024-12-16T04:53:45.458+0700][gc,start    ] GC(70) Pause Young (Normal) (G1 Evacuation Pause)
[2024-12-16T04:53:45.459+0700][gc,task     ] GC(70) Using 2 workers of 2 for evacuation
[2024-12-16T04:53:45.507+0700][gc,mmu      ] GC(70) MMU target violated: 21.0ms (20.0ms/21.0ms)
[2024-12-16T04:53:45.507+0700][gc,phases   ] GC(70)   Pre Evacuate Collection Set: 6.3ms
[2024-12-16T04:53:45.507+0700][gc,phases   ] GC(70)   Merge Heap Roots: 1.1ms
[2024-12-16T04:53:45.507+0700][gc,phases   ] GC(70)   Evacuate Collection Set: 37.6ms
[2024-12-16T04:53:45.507+0700][gc,phases   ] GC(70)   Post Evacuate Collection Set: 2.9ms
[2024-12-16T04:53:45.507+0700][gc,phases   ] GC(70)   Other: 1.2ms
[2024-12-16T04:53:45.507+0700][gc,heap     ] GC(70) Eden regions: 48->0(45)
[2024-12-16T04:53:45.507+0700][gc,heap     ] GC(70) Survivor regions: 3->6(7)
[2024-12-16T04:53:45.507+0700][gc,heap     ] GC(70) Old regions: 143->143
[2024-12-16T04:53:45.507+0700][gc,heap     ] GC(70) Archive regions: 2->2
[2024-12-16T04:53:45.507+0700][gc,heap     ] GC(70) Humongous regions: 129->129
[2024-12-16T04:53:45.507+0700][gc,metaspace] GC(70) Metaspace: 45077K(45632K)->45077K(45632K) NonClass: 39860K(40192K)->39860K(40192K) Class: 5216K(5440K)->5216K(5440K)
[2024-12-16T04:53:45.508+0700][gc          ] GC(70) Pause Young (Normal) (G1 Evacuation Pause) 323M->278M(1024M) 49.251ms
[2024-12-16T04:53:45.508+0700][gc,cpu      ] GC(70) User=0.09s Sys=0.00s Real=0.05s
[2024-12-16T04:55:16.816+0700][gc,start    ] GC(71) Pause Young (Normal) (G1 Evacuation Pause)
[2024-12-16T04:55:16.817+0700][gc,task     ] GC(71) Using 2 workers of 2 for evacuation
[2024-12-16T04:55:16.890+0700][gc,mmu      ] GC(71) MMU target violated: 21.0ms (20.0ms/21.0ms)
[2024-12-16T04:55:16.890+0700][gc,phases   ] GC(71)   Pre Evacuate Collection Set: 6.0ms
[2024-12-16T04:55:16.890+0700][gc,phases   ] GC(71)   Merge Heap Roots: 1.0ms
[2024-12-16T04:55:16.890+0700][gc,phases   ] GC(71)   Evacuate Collection Set: 60.4ms
[2024-12-16T04:55:16.890+0700][gc,phases   ] GC(71)   Post Evacuate Collection Set: 4.8ms
[2024-12-16T04:55:16.890+0700][gc,phases   ] GC(71)   Other: 1.9ms
[2024-12-16T04:55:16.890+0700][gc,heap     ] GC(71) Eden regions: 45->0(48)
[2024-12-16T04:55:16.890+0700][gc,heap     ] GC(71) Survivor regions: 6->3(7)
[2024-12-16T04:55:16.890+0700][gc,heap     ] GC(71) Old regions: 143->148
[2024-12-16T04:55:16.890+0700][gc,heap     ] GC(71) Archive regions: 2->2
[2024-12-16T04:55:16.890+0700][gc,heap     ] GC(71) Humongous regions: 129->129
[2024-12-16T04:55:16.890+0700][gc,metaspace] GC(71) Metaspace: 45077K(45632K)->45077K(45632K) NonClass: 39860K(40192K)->39860K(40192K) Class: 5216K(5440K)->5216K(5440K)
[2024-12-16T04:55:16.890+0700][gc          ] GC(71) Pause Young (Normal) (G1 Evacuation Pause) 323M->280M(1024M) 74.146ms
[2024-12-16T04:55:16.891+0700][gc,cpu      ] GC(71) User=0.13s Sys=0.01s Real=0.07s
[2024-12-16T04:56:53.939+0700][gc,start    ] GC(72) Pause Young (Normal) (G1 Evacuation Pause)
[2024-12-16T04:56:53.939+0700][gc,task     ] GC(72) Using 2 workers of 2 for evacuation
[2024-12-16T04:56:53.994+0700][gc,mmu      ] GC(72) MMU target violated: 21.0ms (20.0ms/21.0ms)
[2024-12-16T04:56:53.994+0700][gc,phases   ] GC(72)   Pre Evacuate Collection Set: 4.8ms
[2024-12-16T04:56:53.994+0700][gc,phases   ] GC(72)   Merge Heap Roots: 0.9ms
[2024-12-16T04:56:53.994+0700][gc,phases   ] GC(72)   Evacuate Collection Set: 45.1ms
[2024-12-16T04:56:53.994+0700][gc,phases   ] GC(72)   Post Evacuate Collection Set: 3.2ms
[2024-12-16T04:56:53.994+0700][gc,phases   ] GC(72)   Other: 2.1ms
[2024-12-16T04:56:53.994+0700][gc,heap     ] GC(72) Eden regions: 48->0(44)
[2024-12-16T04:56:53.994+0700][gc,heap     ] GC(72) Survivor regions: 3->7(7)
[2024-12-16T04:56:53.994+0700][gc,heap     ] GC(72) Old regions: 148->148
[2024-12-16T04:56:53.994+0700][gc,heap     ] GC(72) Archive regions: 2->2
[2024-12-16T04:56:53.994+0700][gc,heap     ] GC(72) Humongous regions: 129->129
[2024-12-16T04:56:53.994+0700][gc,metaspace] GC(72) Metaspace: 45077K(45632K)->45077K(45632K) NonClass: 39860K(40192K)->39860K(40192K) Class: 5216K(5440K)->5216K(5440K)
[2024-12-16T04:56:53.994+0700][gc          ] GC(72) Pause Young (Normal) (G1 Evacuation Pause) 328M->283M(1024M) 55.872ms
[2024-12-16T04:56:53.994+0700][gc,cpu      ] GC(72) User=0.10s Sys=0.00s Real=0.05s
[2024-12-16T04:58:23.330+0700][gc,start    ] GC(73) Pause Young (Normal) (G1 Evacuation Pause)
[2024-12-16T04:58:23.330+0700][gc,task     ] GC(73) Using 2 workers of 2 for evacuation
[2024-12-16T04:58:23.380+0700][gc,mmu      ] GC(73) MMU target violated: 21.0ms (20.0ms/21.0ms)
[2024-12-16T04:58:23.380+0700][gc,phases   ] GC(73)   Pre Evacuate Collection Set: 3.9ms
[2024-12-16T04:58:23.380+0700][gc,phases   ] GC(73)   Merge Heap Roots: 0.8ms
[2024-12-16T04:58:23.380+0700][gc,phases   ] GC(73)   Evacuate Collection Set: 41.8ms
[2024-12-16T04:58:23.380+0700][gc,phases   ] GC(73)   Post Evacuate Collection Set: 2.8ms
[2024-12-16T04:58:23.380+0700][gc,phases   ] GC(73)   Other: 1.2ms
[2024-12-16T04:58:23.380+0700][gc,heap     ] GC(73) Eden regions: 44->0(48)
[2024-12-16T04:58:23.380+0700][gc,heap     ] GC(73) Survivor regions: 7->3(7)
[2024-12-16T04:58:23.380+0700][gc,heap     ] GC(73) Old regions: 148->152
[2024-12-16T04:58:23.380+0700][gc,heap     ] GC(73) Archive regions: 2->2
[2024-12-16T04:58:23.380+0700][gc,heap     ] GC(73) Humongous regions: 129->129
[2024-12-16T04:58:23.380+0700][gc,metaspace] GC(73) Metaspace: 45077K(45632K)->45077K(45632K) NonClass: 39860K(40192K)->39860K(40192K) Class: 5216K(5440K)->5216K(5440K)
[2024-12-16T04:58:23.380+0700][gc          ] GC(73) Pause Young (Normal) (G1 Evacuation Pause) 327M->284M(1024M) 50.530ms
[2024-12-16T04:58:23.380+0700][gc,cpu      ] GC(73) User=0.08s Sys=0.02s Real=0.05s
[2024-12-16T05:00:01.320+0700][gc,start    ] GC(74) Pause Young (Normal) (G1 Evacuation Pause)
[2024-12-16T05:00:01.320+0700][gc,task     ] GC(74) Using 2 workers of 2 for evacuation
[2024-12-16T05:00:01.369+0700][gc,mmu      ] GC(74) MMU target violated: 21.0ms (20.0ms/21.0ms)
[2024-12-16T05:00:01.369+0700][gc,phases   ] GC(74)   Pre Evacuate Collection Set: 5.0ms
[2024-12-16T05:00:01.369+0700][gc,phases   ] GC(74)   Merge Heap Roots: 0.7ms
[2024-12-16T05:00:01.369+0700][gc,phases   ] GC(74)   Evacuate Collection Set: 40.2ms
[2024-12-16T05:00:01.369+0700][gc,phases   ] GC(74)   Post Evacuate Collection Set: 2.1ms
[2024-12-16T05:00:01.369+0700][gc,phases   ] GC(74)   Other: 1.3ms
[2024-12-16T05:00:01.369+0700][gc,heap     ] GC(74) Eden regions: 48->0(44)
[2024-12-16T05:00:01.369+0700][gc,heap     ] GC(74) Survivor regions: 3->7(7)
[2024-12-16T05:00:01.369+0700][gc,heap     ] GC(74) Old regions: 152->152
[2024-12-16T05:00:01.369+0700][gc,heap     ] GC(74) Archive regions: 2->2
[2024-12-16T05:00:01.369+0700][gc,heap     ] GC(74) Humongous regions: 129->129
[2024-12-16T05:00:01.369+0700][gc,metaspace] GC(74) Metaspace: 45077K(45632K)->45077K(45632K) NonClass: 39861K(40192K)->39861K(40192K) Class: 5216K(5440K)->5216K(5440K)
[2024-12-16T05:00:01.369+0700][gc          ] GC(74) Pause Young (Normal) (G1 Evacuation Pause) 332M->288M(1024M) 49.121ms
[2024-12-16T05:00:01.369+0700][gc,cpu      ] GC(74) User=0.09s Sys=0.00s Real=0.05s
[2024-12-16T05:01:31.143+0700][gc,start    ] GC(75) Pause Young (Normal) (G1 Evacuation Pause)
[2024-12-16T05:01:31.143+0700][gc,task     ] GC(75) Using 2 workers of 2 for evacuation
[2024-12-16T05:01:31.201+0700][gc,mmu      ] GC(75) MMU target violated: 21.0ms (20.0ms/21.0ms)
[2024-12-16T05:01:31.201+0700][gc,phases   ] GC(75)   Pre Evacuate Collection Set: 2.4ms
[2024-12-16T05:01:31.201+0700][gc,phases   ] GC(75)   Merge Heap Roots: 0.9ms
[2024-12-16T05:01:31.201+0700][gc,phases   ] GC(75)   Evacuate Collection Set: 51.9ms
[2024-12-16T05:01:31.201+0700][gc,phases   ] GC(75)   Post Evacuate Collection Set: 2.3ms
[2024-12-16T05:01:31.201+0700][gc,phases   ] GC(75)   Other: 0.9ms
[2024-12-16T05:01:31.201+0700][gc,heap     ] GC(75) Eden regions: 44->0(46)
[2024-12-16T05:01:31.201+0700][gc,heap     ] GC(75) Survivor regions: 7->5(7)
[2024-12-16T05:01:31.201+0700][gc,heap     ] GC(75) Old regions: 152->157
[2024-12-16T05:01:31.201+0700][gc,heap     ] GC(75) Archive regions: 2->2
[2024-12-16T05:01:31.201+0700][gc,heap     ] GC(75) Humongous regions: 129->129
[2024-12-16T05:01:31.201+0700][gc,metaspace] GC(75) Metaspace: 45077K(45632K)->45077K(45632K) NonClass: 39861K(40192K)->39861K(40192K) Class: 5216K(5440K)->5216K(5440K)
[2024-12-16T05:01:31.201+0700][gc          ] GC(75) Pause Young (Normal) (G1 Evacuation Pause) 332M->291M(1024M) 58.508ms
[2024-12-16T05:01:31.201+0700][gc,cpu      ] GC(75) User=0.11s Sys=0.01s Real=0.06s
[2024-12-16T05:03:03.716+0700][gc,start    ] GC(76) Pause Young (Normal) (G1 Evacuation Pause)
[2024-12-16T05:03:03.716+0700][gc,task     ] GC(76) Using 2 workers of 2 for evacuation
[2024-12-16T05:03:03.775+0700][gc,mmu      ] GC(76) MMU target violated: 21.0ms (20.0ms/21.0ms)
[2024-12-16T05:03:03.775+0700][gc,phases   ] GC(76)   Pre Evacuate Collection Set: 3.9ms
[2024-12-16T05:03:03.775+0700][gc,phases   ] GC(76)   Merge Heap Roots: 1.2ms
[2024-12-16T05:03:03.775+0700][gc,phases   ] GC(76)   Evacuate Collection Set: 49.3ms
[2024-12-16T05:03:03.775+0700][gc,phases   ] GC(76)   Post Evacuate Collection Set: 3.3ms
[2024-12-16T05:03:03.775+0700][gc,phases   ] GC(76)   Other: 1.8ms
[2024-12-16T05:03:03.775+0700][gc,heap     ] GC(76) Eden regions: 46->0(47)
[2024-12-16T05:03:03.775+0700][gc,heap     ] GC(76) Survivor regions: 5->4(7)
[2024-12-16T05:03:03.775+0700][gc,heap     ] GC(76) Old regions: 157->159
[2024-12-16T05:03:03.775+0700][gc,heap     ] GC(76) Archive regions: 2->2
[2024-12-16T05:03:03.775+0700][gc,heap     ] GC(76) Humongous regions: 129->129
[2024-12-16T05:03:03.775+0700][gc,metaspace] GC(76) Metaspace: 45079K(45632K)->45079K(45632K) NonClass: 39863K(40192K)->39863K(40192K) Class: 5216K(5440K)->5216K(5440K)
[2024-12-16T05:03:03.775+0700][gc          ] GC(76) Pause Young (Normal) (G1 Evacuation Pause) 337M->292M(1024M) 59.150ms
[2024-12-16T05:03:03.775+0700][gc,cpu      ] GC(76) User=0.10s Sys=0.01s Real=0.05s
[2024-12-16T05:04:39.468+0700][gc,start    ] GC(77) Pause Young (Normal) (G1 Evacuation Pause)
[2024-12-16T05:04:39.468+0700][gc,task     ] GC(77) Using 2 workers of 2 for evacuation
[2024-12-16T05:04:39.510+0700][gc,mmu      ] GC(77) MMU target violated: 21.0ms (20.0ms/21.0ms)
[2024-12-16T05:04:39.510+0700][gc,phases   ] GC(77)   Pre Evacuate Collection Set: 2.5ms
[2024-12-16T05:04:39.510+0700][gc,phases   ] GC(77)   Merge Heap Roots: 0.7ms
[2024-12-16T05:04:39.510+0700][gc,phases   ] GC(77)   Evacuate Collection Set: 36.5ms
[2024-12-16T05:04:39.510+0700][gc,phases   ] GC(77)   Post Evacuate Collection Set: 1.8ms
[2024-12-16T05:04:39.510+0700][gc,phases   ] GC(77)   Other: 1.3ms
[2024-12-16T05:04:39.510+0700][gc,heap     ] GC(77) Eden regions: 47->0(44)
[2024-12-16T05:04:39.510+0700][gc,heap     ] GC(77) Survivor regions: 4->7(7)
[2024-12-16T05:04:39.510+0700][gc,heap     ] GC(77) Old regions: 159->159
[2024-12-16T05:04:39.510+0700][gc,heap     ] GC(77) Archive regions: 2->2
[2024-12-16T05:04:39.510+0700][gc,heap     ] GC(77) Humongous regions: 129->129
[2024-12-16T05:04:39.511+0700][gc,metaspace] GC(77) Metaspace: 45079K(45632K)->45079K(45632K) NonClass: 39863K(40192K)->39863K(40192K) Class: 5216K(5440K)->5216K(5440K)
[2024-12-16T05:04:39.511+0700][gc          ] GC(77) Pause Young (Normal) (G1 Evacuation Pause) 339M->295M(1024M) 42.756ms
[2024-12-16T05:04:39.511+0700][gc,cpu      ] GC(77) User=0.07s Sys=0.01s Real=0.04s
[2024-12-16T05:06:08.887+0700][gc,start    ] GC(78) Pause Young (Normal) (G1 Evacuation Pause)
[2024-12-16T05:06:08.887+0700][gc,task     ] GC(78) Using 2 workers of 2 for evacuation
[2024-12-16T05:06:08.939+0700][gc,mmu      ] GC(78) MMU target violated: 21.0ms (20.0ms/21.0ms)
[2024-12-16T05:06:08.939+0700][gc,phases   ] GC(78)   Pre Evacuate Collection Set: 3.6ms
[2024-12-16T05:06:08.939+0700][gc,phases   ] GC(78)   Merge Heap Roots: 0.8ms
[2024-12-16T05:06:08.939+0700][gc,phases   ] GC(78)   Evacuate Collection Set: 43.3ms
[2024-12-16T05:06:08.939+0700][gc,phases   ] GC(78)   Post Evacuate Collection Set: 3.1ms
[2024-12-16T05:06:08.939+0700][gc,phases   ] GC(78)   Other: 1.5ms
[2024-12-16T05:06:08.939+0700][gc,heap     ] GC(78) Eden regions: 44->0(47)
[2024-12-16T05:06:08.939+0700][gc,heap     ] GC(78) Survivor regions: 7->4(7)
[2024-12-16T05:06:08.939+0700][gc,heap     ] GC(78) Old regions: 159->164
[2024-12-16T05:06:08.939+0700][gc,heap     ] GC(78) Archive regions: 2->2
[2024-12-16T05:06:08.939+0700][gc,heap     ] GC(78) Humongous regions: 129->129
[2024-12-16T05:06:08.939+0700][gc,metaspace] GC(78) Metaspace: 45079K(45632K)->45079K(45632K) NonClass: 39863K(40192K)->39863K(40192K) Class: 5216K(5440K)->5216K(5440K)
[2024-12-16T05:06:08.939+0700][gc          ] GC(78) Pause Young (Normal) (G1 Evacuation Pause) 339M->296M(1024M) 52.029ms
[2024-12-16T05:06:08.939+0700][gc,cpu      ] GC(78) User=0.07s Sys=0.02s Real=0.05s
[2024-12-16T05:07:45.226+0700][gc,start    ] GC(79) Pause Young (Normal) (G1 Evacuation Pause)
[2024-12-16T05:07:45.227+0700][gc,task     ] GC(79) Using 2 workers of 2 for evacuation
[2024-12-16T05:07:45.280+0700][gc,mmu      ] GC(79) MMU target violated: 21.0ms (20.0ms/21.0ms)
[2024-12-16T05:07:45.281+0700][gc,phases   ] GC(79)   Pre Evacuate Collection Set: 2.9ms
[2024-12-16T05:07:45.281+0700][gc,phases   ] GC(79)   Merge Heap Roots: 1.0ms
[2024-12-16T05:07:45.281+0700][gc,phases   ] GC(79)   Evacuate Collection Set: 45.8ms
[2024-12-16T05:07:45.281+0700][gc,phases   ] GC(79)   Post Evacuate Collection Set: 3.7ms
[2024-12-16T05:07:45.281+0700][gc,phases   ] GC(79)   Other: 1.2ms
[2024-12-16T05:07:45.281+0700][gc,heap     ] GC(79) Eden regions: 47->0(44)
[2024-12-16T05:07:45.281+0700][gc,heap     ] GC(79) Survivor regions: 4->7(7)
[2024-12-16T05:07:45.281+0700][gc,heap     ] GC(79) Old regions: 164->164
[2024-12-16T05:07:45.281+0700][gc,heap     ] GC(79) Archive regions: 2->2
[2024-12-16T05:07:45.281+0700][gc,heap     ] GC(79) Humongous regions: 129->129
[2024-12-16T05:07:45.281+0700][gc,metaspace] GC(79) Metaspace: 45079K(45632K)->45079K(45632K) NonClass: 39863K(40192K)->39863K(40192K) Class: 5216K(5440K)->5216K(5440K)
[2024-12-16T05:07:45.281+0700][gc          ] GC(79) Pause Young (Normal) (G1 Evacuation Pause) 343M->300M(1024M) 54.579ms
[2024-12-16T05:07:45.281+0700][gc,cpu      ] GC(79) User=0.10s Sys=0.00s Real=0.05s
[2024-12-16T05:09:06.146+0700][gc,start    ] GC(80) Pause Young (Normal) (G1 Evacuation Pause)
[2024-12-16T05:09:06.146+0700][gc,task     ] GC(80) Using 2 workers of 2 for evacuation
[2024-12-16T05:09:06.219+0700][gc,mmu      ] GC(80) MMU target violated: 21.0ms (20.0ms/21.0ms)
[2024-12-16T05:09:06.219+0700][gc,phases   ] GC(80)   Pre Evacuate Collection Set: 3.2ms
[2024-12-16T05:09:06.219+0700][gc,phases   ] GC(80)   Merge Heap Roots: 1.8ms
[2024-12-16T05:09:06.219+0700][gc,phases   ] GC(80)   Evacuate Collection Set: 64.4ms
[2024-12-16T05:09:06.219+0700][gc,phases   ] GC(80)   Post Evacuate Collection Set: 3.2ms
[2024-12-16T05:09:06.220+0700][gc,phases   ] GC(80)   Other: 1.6ms
[2024-12-16T05:09:06.220+0700][gc,heap     ] GC(80) Eden regions: 44->0(46)
[2024-12-16T05:09:06.220+0700][gc,heap     ] GC(80) Survivor regions: 7->5(7)
[2024-12-16T05:09:06.220+0700][gc,heap     ] GC(80) Old regions: 164->168
[2024-12-16T05:09:06.220+0700][gc,heap     ] GC(80) Archive regions: 2->2
[2024-12-16T05:09:06.220+0700][gc,heap     ] GC(80) Humongous regions: 129->129
[2024-12-16T05:09:06.220+0700][gc,metaspace] GC(80) Metaspace: 45080K(45632K)->45080K(45632K) NonClass: 39864K(40192K)->39864K(40192K) Class: 5216K(5440K)->5216K(5440K)
[2024-12-16T05:09:06.220+0700][gc          ] GC(80) Pause Young (Normal) (G1 Evacuation Pause) 344M->302M(1024M) 74.268ms
[2024-12-16T05:09:06.220+0700][gc,cpu      ] GC(80) User=0.13s Sys=0.01s Real=0.07s
[2024-12-16T05:10:37.301+0700][gc,start    ] GC(81) Pause Young (Normal) (G1 Evacuation Pause)
[2024-12-16T05:10:37.301+0700][gc,task     ] GC(81) Using 2 workers of 2 for evacuation
[2024-12-16T05:10:37.360+0700][gc,mmu      ] GC(81) MMU target violated: 21.0ms (20.0ms/21.0ms)
[2024-12-16T05:10:37.360+0700][gc,phases   ] GC(81)   Pre Evacuate Collection Set: 3.0ms
[2024-12-16T05:10:37.360+0700][gc,phases   ] GC(81)   Merge Heap Roots: 1.2ms
[2024-12-16T05:10:37.360+0700][gc,phases   ] GC(81)   Evacuate Collection Set: 50.6ms
[2024-12-16T05:10:37.360+0700][gc,phases   ] GC(81)   Post Evacuate Collection Set: 3.9ms
[2024-12-16T05:10:37.361+0700][gc,phases   ] GC(81)   Other: 1.5ms
[2024-12-16T05:10:37.361+0700][gc,heap     ] GC(81) Eden regions: 46->0(47)
[2024-12-16T05:10:37.361+0700][gc,heap     ] GC(81) Survivor regions: 5->4(7)
[2024-12-16T05:10:37.361+0700][gc,heap     ] GC(81) Old regions: 168->172
[2024-12-16T05:10:37.361+0700][gc,heap     ] GC(81) Archive regions: 2->2
[2024-12-16T05:10:37.361+0700][gc,heap     ] GC(81) Humongous regions: 129->129
[2024-12-16T05:10:37.361+0700][gc,metaspace] GC(81) Metaspace: 45080K(45632K)->45080K(45632K) NonClass: 39864K(40192K)->39864K(40192K) Class: 5216K(5440K)->5216K(5440K)
[2024-12-16T05:10:37.361+0700][gc          ] GC(81) Pause Young (Normal) (G1 Evacuation Pause) 348M->305M(1024M) 60.043ms
[2024-12-16T05:10:37.361+0700][gc,cpu      ] GC(81) User=0.10s Sys=0.01s Real=0.06s
[2024-12-16T05:12:12.771+0700][gc,start    ] GC(82) Pause Young (Normal) (G1 Evacuation Pause)
[2024-12-16T05:12:12.771+0700][gc,task     ] GC(82) Using 2 workers of 2 for evacuation
[2024-12-16T05:12:12.810+0700][gc,mmu      ] GC(82) MMU target violated: 21.0ms (20.0ms/21.0ms)
[2024-12-16T05:12:12.811+0700][gc,phases   ] GC(82)   Pre Evacuate Collection Set: 3.2ms
[2024-12-16T05:12:12.811+0700][gc,phases   ] GC(82)   Merge Heap Roots: 0.8ms
[2024-12-16T05:12:12.811+0700][gc,phases   ] GC(82)   Evacuate Collection Set: 30.5ms
[2024-12-16T05:12:12.811+0700][gc,phases   ] GC(82)   Post Evacuate Collection Set: 4.0ms
[2024-12-16T05:12:12.811+0700][gc,phases   ] GC(82)   Other: 1.8ms
[2024-12-16T05:12:12.811+0700][gc,heap     ] GC(82) Eden regions: 47->0(46)
[2024-12-16T05:12:12.811+0700][gc,heap     ] GC(82) Survivor regions: 4->5(7)
[2024-12-16T05:12:12.811+0700][gc,heap     ] GC(82) Old regions: 172->172
[2024-12-16T05:12:12.811+0700][gc,heap     ] GC(82) Archive regions: 2->2
[2024-12-16T05:12:12.811+0700][gc,heap     ] GC(82) Humongous regions: 129->129
[2024-12-16T05:12:12.811+0700][gc,metaspace] GC(82) Metaspace: 45080K(45632K)->45080K(45632K) NonClass: 39864K(40192K)->39864K(40192K) Class: 5216K(5440K)->5216K(5440K)
[2024-12-16T05:12:12.811+0700][gc          ] GC(82) Pause Young (Normal) (G1 Evacuation Pause) 352M->306M(1024M) 40.205ms
[2024-12-16T05:12:12.811+0700][gc,cpu      ] GC(82) User=0.07s Sys=0.00s Real=0.04s
[2024-12-16T05:13:46.300+0700][gc,start    ] GC(83) Pause Young (Normal) (G1 Evacuation Pause)
[2024-12-16T05:13:46.301+0700][gc,task     ] GC(83) Using 2 workers of 2 for evacuation
[2024-12-16T05:13:46.358+0700][gc,mmu      ] GC(83) MMU target violated: 21.0ms (20.0ms/21.0ms)
[2024-12-16T05:13:46.359+0700][gc,phases   ] GC(83)   Pre Evacuate Collection Set: 3.8ms
[2024-12-16T05:13:46.359+0700][gc,phases   ] GC(83)   Merge Heap Roots: 0.7ms
[2024-12-16T05:13:46.359+0700][gc,phases   ] GC(83)   Evacuate Collection Set: 49.7ms
[2024-12-16T05:13:46.359+0700][gc,phases   ] GC(83)   Post Evacuate Collection Set: 3.0ms
[2024-12-16T05:13:46.359+0700][gc,phases   ] GC(83)   Other: 1.3ms
[2024-12-16T05:13:46.359+0700][gc,heap     ] GC(83) Eden regions: 46->0(44)
[2024-12-16T05:13:46.359+0700][gc,heap     ] GC(83) Survivor regions: 5->7(7)
[2024-12-16T05:13:46.359+0700][gc,heap     ] GC(83) Old regions: 172->173
[2024-12-16T05:13:46.359+0700][gc,heap     ] GC(83) Archive regions: 2->2
[2024-12-16T05:13:46.359+0700][gc,heap     ] GC(83) Humongous regions: 129->129
[2024-12-16T05:13:46.359+0700][gc,metaspace] GC(83) Metaspace: 45081K(45632K)->45081K(45632K) NonClass: 39865K(40192K)->39865K(40192K) Class: 5216K(5440K)->5216K(5440K)
[2024-12-16T05:13:46.359+0700][gc          ] GC(83) Pause Young (Normal) (G1 Evacuation Pause) 352M->309M(1024M) 58.613ms
[2024-12-16T05:13:46.359+0700][gc,cpu      ] GC(83) User=0.10s Sys=0.00s Real=0.06s
[2024-12-16T05:15:15.981+0700][gc,start    ] GC(84) Pause Young (Normal) (G1 Evacuation Pause)
[2024-12-16T05:15:15.981+0700][gc,task     ] GC(84) Using 2 workers of 2 for evacuation
[2024-12-16T05:15:16.036+0700][gc,mmu      ] GC(84) MMU target violated: 21.0ms (20.0ms/21.0ms)
[2024-12-16T05:15:16.037+0700][gc,phases   ] GC(84)   Pre Evacuate Collection Set: 3.9ms
[2024-12-16T05:15:16.037+0700][gc,phases   ] GC(84)   Merge Heap Roots: 0.7ms
[2024-12-16T05:15:16.037+0700][gc,phases   ] GC(84)   Evacuate Collection Set: 46.6ms
[2024-12-16T05:15:16.037+0700][gc,phases   ] GC(84)   Post Evacuate Collection Set: 3.0ms
[2024-12-16T05:15:16.037+0700][gc,phases   ] GC(84)   Other: 1.5ms
[2024-12-16T05:15:16.037+0700][gc,heap     ] GC(84) Eden regions: 44->0(48)
[2024-12-16T05:15:16.037+0700][gc,heap     ] GC(84) Survivor regions: 7->3(7)
[2024-12-16T05:15:16.037+0700][gc,heap     ] GC(84) Old regions: 173->178
[2024-12-16T05:15:16.037+0700][gc,heap     ] GC(84) Archive regions: 2->2
[2024-12-16T05:15:16.037+0700][gc,heap     ] GC(84) Humongous regions: 129->129
[2024-12-16T05:15:16.037+0700][gc,metaspace] GC(84) Metaspace: 45081K(45632K)->45081K(45632K) NonClass: 39865K(40192K)->39865K(40192K) Class: 5216K(5440K)->5216K(5440K)
[2024-12-16T05:15:16.037+0700][gc          ] GC(84) Pause Young (Normal) (G1 Evacuation Pause) 353M->309M(1024M) 55.637ms
[2024-12-16T05:15:16.037+0700][gc,cpu      ] GC(84) User=0.08s Sys=0.02s Real=0.06s
[2024-12-16T05:16:53.938+0700][gc,start    ] GC(85) Pause Young (Normal) (G1 Evacuation Pause)
[2024-12-16T05:16:53.938+0700][gc,task     ] GC(85) Using 2 workers of 2 for evacuation
[2024-12-16T05:16:53.988+0700][gc,mmu      ] GC(85) MMU target violated: 21.0ms (20.0ms/21.0ms)
[2024-12-16T05:16:53.988+0700][gc,phases   ] GC(85)   Pre Evacuate Collection Set: 2.9ms
[2024-12-16T05:16:53.988+0700][gc,phases   ] GC(85)   Merge Heap Roots: 0.6ms
[2024-12-16T05:16:53.988+0700][gc,phases   ] GC(85)   Evacuate Collection Set: 42.3ms
[2024-12-16T05:16:53.988+0700][gc,phases   ] GC(85)   Post Evacuate Collection Set: 3.1ms
[2024-12-16T05:16:53.988+0700][gc,phases   ] GC(85)   Other: 1.5ms
[2024-12-16T05:16:53.988+0700][gc,heap     ] GC(85) Eden regions: 48->0(44)
[2024-12-16T05:16:53.988+0700][gc,heap     ] GC(85) Survivor regions: 3->7(7)
[2024-12-16T05:16:53.988+0700][gc,heap     ] GC(85) Old regions: 178->178
[2024-12-16T05:16:53.988+0700][gc,heap     ] GC(85) Archive regions: 2->2
[2024-12-16T05:16:53.988+0700][gc,heap     ] GC(85) Humongous regions: 129->129
[2024-12-16T05:16:53.988+0700][gc,metaspace] GC(85) Metaspace: 45094K(45632K)->45094K(45632K) NonClass: 39878K(40192K)->39878K(40192K) Class: 5216K(5440K)->5216K(5440K)
[2024-12-16T05:16:53.989+0700][gc          ] GC(85) Pause Young (Normal) (G1 Evacuation Pause) 357M->313M(1024M) 50.539ms
[2024-12-16T05:16:53.989+0700][gc,cpu      ] GC(85) User=0.09s Sys=0.00s Real=0.05s
[2024-12-16T05:18:23.135+0700][gc,start    ] GC(86) Pause Young (Normal) (G1 Evacuation Pause)
[2024-12-16T05:18:23.135+0700][gc,task     ] GC(86) Using 2 workers of 2 for evacuation
[2024-12-16T05:18:23.181+0700][gc,mmu      ] GC(86) MMU target violated: 21.0ms (20.0ms/21.0ms)
[2024-12-16T05:18:23.181+0700][gc,phases   ] GC(86)   Pre Evacuate Collection Set: 2.4ms
[2024-12-16T05:18:23.181+0700][gc,phases   ] GC(86)   Merge Heap Roots: 0.5ms
[2024-12-16T05:18:23.181+0700][gc,phases   ] GC(86)   Evacuate Collection Set: 39.1ms
[2024-12-16T05:18:23.181+0700][gc,phases   ] GC(86)   Post Evacuate Collection Set: 3.4ms
[2024-12-16T05:18:23.181+0700][gc,phases   ] GC(86)   Other: 1.2ms
[2024-12-16T05:18:23.181+0700][gc,heap     ] GC(86) Eden regions: 44->0(48)
[2024-12-16T05:18:23.181+0700][gc,heap     ] GC(86) Survivor regions: 7->3(7)
[2024-12-16T05:18:23.181+0700][gc,heap     ] GC(86) Old regions: 178->183
[2024-12-16T05:18:23.181+0700][gc,heap     ] GC(86) Archive regions: 2->2
[2024-12-16T05:18:23.181+0700][gc,heap     ] GC(86) Humongous regions: 129->129
[2024-12-16T05:18:23.181+0700][gc,metaspace] GC(86) Metaspace: 45095K(45632K)->45095K(45632K) NonClass: 39879K(40192K)->39879K(40192K) Class: 5216K(5440K)->5216K(5440K)
[2024-12-16T05:18:23.181+0700][gc          ] GC(86) Pause Young (Normal) (G1 Evacuation Pause) 357M->315M(1024M) 46.621ms
[2024-12-16T05:18:23.181+0700][gc,cpu      ] GC(86) User=0.07s Sys=0.01s Real=0.05s
[2024-12-16T05:20:01.188+0700][gc,start    ] GC(87) Pause Young (Normal) (G1 Evacuation Pause)
[2024-12-16T05:20:01.188+0700][gc,task     ] GC(87) Using 2 workers of 2 for evacuation
[2024-12-16T05:20:01.233+0700][gc,mmu      ] GC(87) MMU target violated: 21.0ms (20.0ms/21.0ms)
[2024-12-16T05:20:01.233+0700][gc,phases   ] GC(87)   Pre Evacuate Collection Set: 4.1ms
[2024-12-16T05:20:01.233+0700][gc,phases   ] GC(87)   Merge Heap Roots: 0.9ms
[2024-12-16T05:20:01.233+0700][gc,phases   ] GC(87)   Evacuate Collection Set: 34.7ms
[2024-12-16T05:20:01.233+0700][gc,phases   ] GC(87)   Post Evacuate Collection Set: 3.8ms
[2024-12-16T05:20:01.233+0700][gc,phases   ] GC(87)   Other: 1.6ms
[2024-12-16T05:20:01.233+0700][gc,heap     ] GC(87) Eden regions: 48->0(44)
[2024-12-16T05:20:01.233+0700][gc,heap     ] GC(87) Survivor regions: 3->7(7)
[2024-12-16T05:20:01.233+0700][gc,heap     ] GC(87) Old regions: 183->183
[2024-12-16T05:20:01.233+0700][gc,heap     ] GC(87) Archive regions: 2->2
[2024-12-16T05:20:01.233+0700][gc,heap     ] GC(87) Humongous regions: 129->129
[2024-12-16T05:20:01.233+0700][gc,metaspace] GC(87) Metaspace: 45095K(45632K)->45095K(45632K) NonClass: 39879K(40192K)->39879K(40192K) Class: 5216K(5440K)->5216K(5440K)
[2024-12-16T05:20:01.233+0700][gc          ] GC(87) Pause Young (Normal) (G1 Evacuation Pause) 363M->318M(1024M) 45.037ms
[2024-12-16T05:20:01.233+0700][gc,cpu      ] GC(87) User=0.08s Sys=0.01s Real=0.04s
[2024-12-16T05:21:30.736+0700][gc,start    ] GC(88) Pause Young (Normal) (G1 Evacuation Pause)
[2024-12-16T05:21:30.737+0700][gc,task     ] GC(88) Using 2 workers of 2 for evacuation
[2024-12-16T05:21:30.796+0700][gc,mmu      ] GC(88) MMU target violated: 21.0ms (20.0ms/21.0ms)
[2024-12-16T05:21:30.796+0700][gc,phases   ] GC(88)   Pre Evacuate Collection Set: 2.9ms
[2024-12-16T05:21:30.796+0700][gc,phases   ] GC(88)   Merge Heap Roots: 0.6ms
[2024-12-16T05:21:30.796+0700][gc,phases   ] GC(88)   Evacuate Collection Set: 50.0ms
[2024-12-16T05:21:30.796+0700][gc,phases   ] GC(88)   Post Evacuate Collection Set: 4.1ms
[2024-12-16T05:21:30.796+0700][gc,phases   ] GC(88)   Other: 2.3ms
[2024-12-16T05:21:30.796+0700][gc,heap     ] GC(88) Eden regions: 44->0(48)
[2024-12-16T05:21:30.796+0700][gc,heap     ] GC(88) Survivor regions: 7->3(7)
[2024-12-16T05:21:30.796+0700][gc,heap     ] GC(88) Old regions: 183->187
[2024-12-16T05:21:30.796+0700][gc,heap     ] GC(88) Archive regions: 2->2
[2024-12-16T05:21:30.796+0700][gc,heap     ] GC(88) Humongous regions: 129->129
[2024-12-16T05:21:30.796+0700][gc,metaspace] GC(88) Metaspace: 45095K(45632K)->45095K(45632K) NonClass: 39879K(40192K)->39879K(40192K) Class: 5216K(5440K)->5216K(5440K)
[2024-12-16T05:21:30.796+0700][gc          ] GC(88) Pause Young (Normal) (G1 Evacuation Pause) 362M->319M(1024M) 59.877ms
[2024-12-16T05:21:30.796+0700][gc,cpu      ] GC(88) User=0.10s Sys=0.01s Real=0.06s
[2024-12-16T05:23:08.424+0700][gc,start    ] GC(89) Pause Young (Normal) (G1 Evacuation Pause)
[2024-12-16T05:23:08.424+0700][gc,task     ] GC(89) Using 2 workers of 2 for evacuation
[2024-12-16T05:23:08.481+0700][gc,mmu      ] GC(89) MMU target violated: 21.0ms (20.0ms/21.0ms)
[2024-12-16T05:23:08.481+0700][gc,phases   ] GC(89)   Pre Evacuate Collection Set: 2.7ms
[2024-12-16T05:23:08.481+0700][gc,phases   ] GC(89)   Merge Heap Roots: 1.0ms
[2024-12-16T05:23:08.482+0700][gc,phases   ] GC(89)   Evacuate Collection Set: 49.0ms
[2024-12-16T05:23:08.482+0700][gc,phases   ] GC(89)   Post Evacuate Collection Set: 3.4ms
[2024-12-16T05:23:08.482+0700][gc,phases   ] GC(89)   Other: 1.8ms
[2024-12-16T05:23:08.482+0700][gc,heap     ] GC(89) Eden regions: 48->0(44)
[2024-12-16T05:23:08.482+0700][gc,heap     ] GC(89) Survivor regions: 3->7(7)
[2024-12-16T05:23:08.482+0700][gc,heap     ] GC(89) Old regions: 187->187
[2024-12-16T05:23:08.482+0700][gc,heap     ] GC(89) Archive regions: 2->2
[2024-12-16T05:23:08.482+0700][gc,heap     ] GC(89) Humongous regions: 129->129
[2024-12-16T05:23:08.482+0700][gc,metaspace] GC(89) Metaspace: 45095K(45632K)->45095K(45632K) NonClass: 39879K(40192K)->39879K(40192K) Class: 5216K(5440K)->5216K(5440K)
[2024-12-16T05:23:08.482+0700][gc          ] GC(89) Pause Young (Normal) (G1 Evacuation Pause) 367M->322M(1024M) 58.067ms
[2024-12-16T05:23:08.482+0700][gc,cpu      ] GC(89) User=0.11s Sys=0.00s Real=0.06s
[2024-12-16T05:24:37.115+0700][gc,start    ] GC(90) Pause Young (Normal) (G1 Evacuation Pause)
[2024-12-16T05:24:37.115+0700][gc,task     ] GC(90) Using 2 workers of 2 for evacuation
[2024-12-16T05:24:37.170+0700][gc,mmu      ] GC(90) MMU target violated: 21.0ms (20.0ms/21.0ms)
[2024-12-16T05:24:37.170+0700][gc,phases   ] GC(90)   Pre Evacuate Collection Set: 4.8ms
[2024-12-16T05:24:37.170+0700][gc,phases   ] GC(90)   Merge Heap Roots: 0.6ms
[2024-12-16T05:24:37.170+0700][gc,phases   ] GC(90)   Evacuate Collection Set: 45.5ms
[2024-12-16T05:24:37.170+0700][gc,phases   ] GC(90)   Post Evacuate Collection Set: 3.5ms
[2024-12-16T05:24:37.170+0700][gc,phases   ] GC(90)   Other: 1.4ms
[2024-12-16T05:24:37.170+0700][gc,heap     ] GC(90) Eden regions: 44->0(48)
[2024-12-16T05:24:37.170+0700][gc,heap     ] GC(90) Survivor regions: 7->3(7)
[2024-12-16T05:24:37.170+0700][gc,heap     ] GC(90) Old regions: 187->191
[2024-12-16T05:24:37.170+0700][gc,heap     ] GC(90) Archive regions: 2->2
[2024-12-16T05:24:37.170+0700][gc,heap     ] GC(90) Humongous regions: 129->129
[2024-12-16T05:24:37.171+0700][gc,metaspace] GC(90) Metaspace: 45095K(45632K)->45095K(45632K) NonClass: 39879K(40192K)->39879K(40192K) Class: 5216K(5440K)->5216K(5440K)
[2024-12-16T05:24:37.171+0700][gc          ] GC(90) Pause Young (Normal) (G1 Evacuation Pause) 366M->323M(1024M) 55.758ms
[2024-12-16T05:24:37.171+0700][gc,cpu      ] GC(90) User=0.09s Sys=0.02s Real=0.06s
[2024-12-16T05:26:14.964+0700][gc,start    ] GC(91) Pause Young (Normal) (G1 Evacuation Pause)
[2024-12-16T05:26:14.965+0700][gc,task     ] GC(91) Using 2 workers of 2 for evacuation
[2024-12-16T05:26:15.009+0700][gc,mmu      ] GC(91) MMU target violated: 21.0ms (20.0ms/21.0ms)
[2024-12-16T05:26:15.009+0700][gc,phases   ] GC(91)   Pre Evacuate Collection Set: 2.6ms
[2024-12-16T05:26:15.009+0700][gc,phases   ] GC(91)   Merge Heap Roots: 0.6ms
[2024-12-16T05:26:15.009+0700][gc,phases   ] GC(91)   Evacuate Collection Set: 36.8ms
[2024-12-16T05:26:15.009+0700][gc,phases   ] GC(91)   Post Evacuate Collection Set: 3.2ms
[2024-12-16T05:26:15.009+0700][gc,phases   ] GC(91)   Other: 1.5ms
[2024-12-16T05:26:15.009+0700][gc,heap     ] GC(91) Eden regions: 48->0(45)
[2024-12-16T05:26:15.009+0700][gc,heap     ] GC(91) Survivor regions: 3->6(7)
[2024-12-16T05:26:15.009+0700][gc,heap     ] GC(91) Old regions: 191->191
[2024-12-16T05:26:15.009+0700][gc,heap     ] GC(91) Archive regions: 2->2
[2024-12-16T05:26:15.009+0700][gc,heap     ] GC(91) Humongous regions: 129->129
[2024-12-16T05:26:15.009+0700][gc,metaspace] GC(91) Metaspace: 45096K(45632K)->45096K(45632K) NonClass: 39880K(40192K)->39880K(40192K) Class: 5216K(5440K)->5216K(5440K)
[2024-12-16T05:26:15.009+0700][gc          ] GC(91) Pause Young (Normal) (G1 Evacuation Pause) 371M->326M(1024M) 44.548ms
[2024-12-16T05:26:15.009+0700][gc,cpu      ] GC(91) User=0.08s Sys=0.00s Real=0.04s
[2024-12-16T05:27:46.529+0700][gc,start    ] GC(92) Pause Young (Normal) (G1 Evacuation Pause)
[2024-12-16T05:27:46.529+0700][gc,task     ] GC(92) Using 2 workers of 2 for evacuation
[2024-12-16T05:27:46.588+0700][gc,mmu      ] GC(92) MMU target violated: 21.0ms (20.0ms/21.0ms)
[2024-12-16T05:27:46.588+0700][gc,phases   ] GC(92)   Pre Evacuate Collection Set: 8.7ms
[2024-12-16T05:27:46.588+0700][gc,phases   ] GC(92)   Merge Heap Roots: 1.0ms
[2024-12-16T05:27:46.588+0700][gc,phases   ] GC(92)   Evacuate Collection Set: 43.3ms
[2024-12-16T05:27:46.588+0700][gc,phases   ] GC(92)   Post Evacuate Collection Set: 4.4ms
[2024-12-16T05:27:46.588+0700][gc,phases   ] GC(92)   Other: 1.7ms
[2024-12-16T05:27:46.588+0700][gc,heap     ] GC(92) Eden regions: 45->0(48)
[2024-12-16T05:27:46.588+0700][gc,heap     ] GC(92) Survivor regions: 6->3(7)
[2024-12-16T05:27:46.588+0700][gc,heap     ] GC(92) Old regions: 191->196
[2024-12-16T05:27:46.588+0700][gc,heap     ] GC(92) Archive regions: 2->2
[2024-12-16T05:27:46.588+0700][gc,heap     ] GC(92) Humongous regions: 129->129
[2024-12-16T05:27:46.588+0700][gc,metaspace] GC(92) Metaspace: 45096K(45632K)->45096K(45632K) NonClass: 39880K(40192K)->39880K(40192K) Class: 5216K(5440K)->5216K(5440K)
[2024-12-16T05:27:46.588+0700][gc          ] GC(92) Pause Young (Normal) (G1 Evacuation Pause) 371M->327M(1024M) 59.196ms
[2024-12-16T05:27:46.589+0700][gc,cpu      ] GC(92) User=0.09s Sys=0.02s Real=0.06s
[2024-12-16T05:29:23.941+0700][gc,start    ] GC(93) Pause Young (Normal) (G1 Evacuation Pause)
[2024-12-16T05:29:23.941+0700][gc,task     ] GC(93) Using 2 workers of 2 for evacuation
[2024-12-16T05:29:23.986+0700][gc,mmu      ] GC(93) MMU target violated: 21.0ms (20.0ms/21.0ms)
[2024-12-16T05:29:23.986+0700][gc,phases   ] GC(93)   Pre Evacuate Collection Set: 2.8ms
[2024-12-16T05:29:23.986+0700][gc,phases   ] GC(93)   Merge Heap Roots: 1.2ms
[2024-12-16T05:29:23.986+0700][gc,phases   ] GC(93)   Evacuate Collection Set: 38.7ms
[2024-12-16T05:29:23.986+0700][gc,phases   ] GC(93)   Post Evacuate Collection Set: 2.2ms
[2024-12-16T05:29:23.986+0700][gc,phases   ] GC(93)   Other: 1.2ms
[2024-12-16T05:29:23.986+0700][gc,heap     ] GC(93) Eden regions: 48->0(44)
[2024-12-16T05:29:23.987+0700][gc,heap     ] GC(93) Survivor regions: 3->7(7)
[2024-12-16T05:29:23.987+0700][gc,heap     ] GC(93) Old regions: 196->196
[2024-12-16T05:29:23.987+0700][gc,heap     ] GC(93) Archive regions: 2->2
[2024-12-16T05:29:23.987+0700][gc,heap     ] GC(93) Humongous regions: 129->129
[2024-12-16T05:29:23.987+0700][gc,metaspace] GC(93) Metaspace: 45096K(45632K)->45096K(45632K) NonClass: 39880K(40192K)->39880K(40192K) Class: 5216K(5440K)->5216K(5440K)
[2024-12-16T05:29:23.987+0700][gc          ] GC(93) Pause Young (Normal) (G1 Evacuation Pause) 375M->331M(1024M) 45.930ms
[2024-12-16T05:29:23.987+0700][gc,cpu      ] GC(93) User=0.09s Sys=0.00s Real=0.05s
[2024-12-16T05:30:53.389+0700][gc,start    ] GC(94) Pause Young (Normal) (G1 Evacuation Pause)
[2024-12-16T05:30:53.390+0700][gc,task     ] GC(94) Using 2 workers of 2 for evacuation
[2024-12-16T05:30:53.438+0700][gc,mmu      ] GC(94) MMU target violated: 21.0ms (20.0ms/21.0ms)
[2024-12-16T05:30:53.438+0700][gc,phases   ] GC(94)   Pre Evacuate Collection Set: 2.4ms
[2024-12-16T05:30:53.438+0700][gc,phases   ] GC(94)   Merge Heap Roots: 0.5ms
[2024-12-16T05:30:53.438+0700][gc,phases   ] GC(94)   Evacuate Collection Set: 41.2ms
[2024-12-16T05:30:53.438+0700][gc,phases   ] GC(94)   Post Evacuate Collection Set: 3.4ms
[2024-12-16T05:30:53.438+0700][gc,phases   ] GC(94)   Other: 1.4ms
[2024-12-16T05:30:53.438+0700][gc,heap     ] GC(94) Eden regions: 44->0(48)
[2024-12-16T05:30:53.438+0700][gc,heap     ] GC(94) Survivor regions: 7->3(7)
[2024-12-16T05:30:53.438+0700][gc,heap     ] GC(94) Old regions: 196->200
[2024-12-16T05:30:53.438+0700][gc,heap     ] GC(94) Archive regions: 2->2
[2024-12-16T05:30:53.438+0700][gc,heap     ] GC(94) Humongous regions: 129->129
[2024-12-16T05:30:53.438+0700][gc,metaspace] GC(94) Metaspace: 45096K(45632K)->45096K(45632K) NonClass: 39880K(40192K)->39880K(40192K) Class: 5216K(5440K)->5216K(5440K)
[2024-12-16T05:30:53.438+0700][gc          ] GC(94) Pause Young (Normal) (G1 Evacuation Pause) 375M->332M(1024M) 48.921ms
[2024-12-16T05:30:53.438+0700][gc,cpu      ] GC(94) User=0.08s Sys=0.02s Real=0.05s
[2024-12-16T05:32:31.874+0700][gc,start    ] GC(95) Pause Young (Normal) (G1 Evacuation Pause)
[2024-12-16T05:32:31.874+0700][gc,task     ] GC(95) Using 2 workers of 2 for evacuation
[2024-12-16T05:32:31.920+0700][gc,mmu      ] GC(95) MMU target violated: 21.0ms (20.0ms/21.0ms)
[2024-12-16T05:32:31.920+0700][gc,phases   ] GC(95)   Pre Evacuate Collection Set: 3.7ms
[2024-12-16T05:32:31.920+0700][gc,phases   ] GC(95)   Merge Heap Roots: 1.1ms
[2024-12-16T05:32:31.920+0700][gc,phases   ] GC(95)   Evacuate Collection Set: 37.7ms
[2024-12-16T05:32:31.920+0700][gc,phases   ] GC(95)   Post Evacuate Collection Set: 2.8ms
[2024-12-16T05:32:31.920+0700][gc,phases   ] GC(95)   Other: 1.3ms
[2024-12-16T05:32:31.920+0700][gc,heap     ] GC(95) Eden regions: 48->0(44)
[2024-12-16T05:32:31.920+0700][gc,heap     ] GC(95) Survivor regions: 3->7(7)
[2024-12-16T05:32:31.920+0700][gc,heap     ] GC(95) Old regions: 200->200
[2024-12-16T05:32:31.920+0700][gc,heap     ] GC(95) Archive regions: 2->2
[2024-12-16T05:32:31.920+0700][gc,heap     ] GC(95) Humongous regions: 129->129
[2024-12-16T05:32:31.920+0700][gc,metaspace] GC(95) Metaspace: 45096K(45632K)->45096K(45632K) NonClass: 39880K(40192K)->39880K(40192K) Class: 5216K(5440K)->5216K(5440K)
[2024-12-16T05:32:31.920+0700][gc          ] GC(95) Pause Young (Normal) (G1 Evacuation Pause) 380M->336M(1024M) 46.784ms
[2024-12-16T05:32:31.920+0700][gc,cpu      ] GC(95) User=0.09s Sys=0.00s Real=0.05s
[2024-12-16T05:34:01.311+0700][gc,start    ] GC(96) Pause Young (Normal) (G1 Evacuation Pause)
[2024-12-16T05:34:01.312+0700][gc,task     ] GC(96) Using 2 workers of 2 for evacuation
[2024-12-16T05:34:01.368+0700][gc,mmu      ] GC(96) MMU target violated: 21.0ms (20.0ms/21.0ms)
[2024-12-16T05:34:01.368+0700][gc,phases   ] GC(96)   Pre Evacuate Collection Set: 2.4ms
[2024-12-16T05:34:01.368+0700][gc,phases   ] GC(96)   Merge Heap Roots: 0.5ms
[2024-12-16T05:34:01.368+0700][gc,phases   ] GC(96)   Evacuate Collection Set: 50.5ms
[2024-12-16T05:34:01.368+0700][gc,phases   ] GC(96)   Post Evacuate Collection Set: 2.3ms
[2024-12-16T05:34:01.368+0700][gc,phases   ] GC(96)   Other: 1.1ms
[2024-12-16T05:34:01.368+0700][gc,heap     ] GC(96) Eden regions: 44->0(46)
[2024-12-16T05:34:01.368+0700][gc,heap     ] GC(96) Survivor regions: 7->5(7)
[2024-12-16T05:34:01.368+0700][gc,heap     ] GC(96) Old regions: 200->205
[2024-12-16T05:34:01.368+0700][gc,heap     ] GC(96) Archive regions: 2->2
[2024-12-16T05:34:01.368+0700][gc,heap     ] GC(96) Humongous regions: 129->129
[2024-12-16T05:34:01.368+0700][gc,metaspace] GC(96) Metaspace: 45096K(45632K)->45096K(45632K) NonClass: 39880K(40192K)->39880K(40192K) Class: 5216K(5440K)->5216K(5440K)
[2024-12-16T05:34:01.368+0700][gc          ] GC(96) Pause Young (Normal) (G1 Evacuation Pause) 380M->339M(1024M) 56.749ms
[2024-12-16T05:34:01.368+0700][gc,cpu      ] GC(96) User=0.11s Sys=0.00s Real=0.06s
[2024-12-16T05:35:34.852+0700][gc,start    ] GC(97) Pause Young (Normal) (G1 Evacuation Pause)
[2024-12-16T05:35:34.853+0700][gc,task     ] GC(97) Using 2 workers of 2 for evacuation
[2024-12-16T05:35:34.898+0700][gc,mmu      ] GC(97) MMU target violated: 21.0ms (20.0ms/21.0ms)
[2024-12-16T05:35:34.898+0700][gc,phases   ] GC(97)   Pre Evacuate Collection Set: 3.5ms
[2024-12-16T05:35:34.898+0700][gc,phases   ] GC(97)   Merge Heap Roots: 1.0ms
[2024-12-16T05:35:34.898+0700][gc,phases   ] GC(97)   Evacuate Collection Set: 37.9ms
[2024-12-16T05:35:34.899+0700][gc,phases   ] GC(97)   Post Evacuate Collection Set: 2.5ms
[2024-12-16T05:35:34.899+0700][gc,phases   ] GC(97)   Other: 1.3ms
[2024-12-16T05:35:34.899+0700][gc,heap     ] GC(97) Eden regions: 46->0(47)
[2024-12-16T05:35:34.899+0700][gc,heap     ] GC(97) Survivor regions: 5->4(7)
[2024-12-16T05:35:34.899+0700][gc,heap     ] GC(97) Old regions: 205->207
[2024-12-16T05:35:34.899+0700][gc,heap     ] GC(97) Archive regions: 2->2
[2024-12-16T05:35:34.899+0700][gc,heap     ] GC(97) Humongous regions: 129->129
[2024-12-16T05:35:34.899+0700][gc,metaspace] GC(97) Metaspace: 45098K(45632K)->45098K(45632K) NonClass: 39881K(40192K)->39881K(40192K) Class: 5216K(5440K)->5216K(5440K)
[2024-12-16T05:35:34.899+0700][gc          ] GC(97) Pause Young (Normal) (G1 Evacuation Pause) 385M->340M(1024M) 46.970ms
[2024-12-16T05:35:34.899+0700][gc,cpu      ] GC(97) User=0.09s Sys=0.00s Real=0.05s
[2024-12-16T05:37:10.444+0700][gc,start    ] GC(98) Pause Young (Normal) (G1 Evacuation Pause)
[2024-12-16T05:37:10.445+0700][gc,task     ] GC(98) Using 2 workers of 2 for evacuation
[2024-12-16T05:37:10.485+0700][gc,mmu      ] GC(98) MMU target violated: 21.0ms (20.0ms/21.0ms)
[2024-12-16T05:37:10.485+0700][gc,phases   ] GC(98)   Pre Evacuate Collection Set: 2.9ms
[2024-12-16T05:37:10.485+0700][gc,phases   ] GC(98)   Merge Heap Roots: 0.8ms
[2024-12-16T05:37:10.485+0700][gc,phases   ] GC(98)   Evacuate Collection Set: 32.2ms
[2024-12-16T05:37:10.485+0700][gc,phases   ] GC(98)   Post Evacuate Collection Set: 3.8ms
[2024-12-16T05:37:10.485+0700][gc,phases   ] GC(98)   Other: 1.3ms
[2024-12-16T05:37:10.485+0700][gc,heap     ] GC(98) Eden regions: 47->0(46)
[2024-12-16T05:37:10.485+0700][gc,heap     ] GC(98) Survivor regions: 4->5(7)
[2024-12-16T05:37:10.485+0700][gc,heap     ] GC(98) Old regions: 207->207
[2024-12-16T05:37:10.485+0700][gc,heap     ] GC(98) Archive regions: 2->2
[2024-12-16T05:37:10.485+0700][gc,heap     ] GC(98) Humongous regions: 129->129
[2024-12-16T05:37:10.485+0700][gc,metaspace] GC(98) Metaspace: 45098K(45632K)->45098K(45632K) NonClass: 39881K(40192K)->39881K(40192K) Class: 5216K(5440K)->5216K(5440K)
[2024-12-16T05:37:10.485+0700][gc          ] GC(98) Pause Young (Normal) (G1 Evacuation Pause) 387M->341M(1024M) 40.947ms
[2024-12-16T05:37:10.485+0700][gc,cpu      ] GC(98) User=0.08s Sys=0.00s Real=0.04s
[2024-12-16T05:38:44.293+0700][gc,start    ] GC(99) Pause Young (Normal) (G1 Evacuation Pause)
[2024-12-16T05:38:44.294+0700][gc,task     ] GC(99) Using 2 workers of 2 for evacuation
[2024-12-16T05:38:44.359+0700][gc,mmu      ] GC(99) MMU target violated: 21.0ms (20.0ms/21.0ms)
[2024-12-16T05:38:44.359+0700][gc,phases   ] GC(99)   Pre Evacuate Collection Set: 3.3ms
[2024-12-16T05:38:44.359+0700][gc,phases   ] GC(99)   Merge Heap Roots: 1.1ms
[2024-12-16T05:38:44.359+0700][gc,phases   ] GC(99)   Evacuate Collection Set: 57.7ms
[2024-12-16T05:38:44.359+0700][gc,phases   ] GC(99)   Post Evacuate Collection Set: 2.3ms
[2024-12-16T05:38:44.359+0700][gc,phases   ] GC(99)   Other: 1.7ms
[2024-12-16T05:38:44.359+0700][gc,heap     ] GC(99) Eden regions: 46->0(45)
[2024-12-16T05:38:44.359+0700][gc,heap     ] GC(99) Survivor regions: 5->6(7)
[2024-12-16T05:38:44.359+0700][gc,heap     ] GC(99) Old regions: 207->209
[2024-12-16T05:38:44.359+0700][gc,heap     ] GC(99) Archive regions: 2->2
[2024-12-16T05:38:44.359+0700][gc,heap     ] GC(99) Humongous regions: 129->129
[2024-12-16T05:38:44.359+0700][gc,metaspace] GC(99) Metaspace: 45098K(45632K)->45098K(45632K) NonClass: 39881K(40192K)->39881K(40192K) Class: 5216K(5440K)->5216K(5440K)
[2024-12-16T05:38:44.359+0700][gc          ] GC(99) Pause Young (Normal) (G1 Evacuation Pause) 387M->344M(1024M) 65.998ms
[2024-12-16T05:38:44.359+0700][gc,cpu      ] GC(99) User=0.12s Sys=0.00s Real=0.07s
[2024-12-16T05:40:16.095+0700][gc,start    ] GC(100) Pause Young (Normal) (G1 Evacuation Pause)
[2024-12-16T05:40:16.095+0700][gc,task     ] GC(100) Using 2 workers of 2 for evacuation
[2024-12-16T05:40:16.191+0700][gc,mmu      ] GC(100) MMU target violated: 21.0ms (20.0ms/21.0ms)
[2024-12-16T05:40:16.191+0700][gc,phases   ] GC(100)   Pre Evacuate Collection Set: 3.8ms
[2024-12-16T05:40:16.191+0700][gc,phases   ] GC(100)   Merge Heap Roots: 0.7ms
[2024-12-16T05:40:16.191+0700][gc,phases   ] GC(100)   Evacuate Collection Set: 87.6ms
[2024-12-16T05:40:16.191+0700][gc,phases   ] GC(100)   Post Evacuate Collection Set: 3.0ms
[2024-12-16T05:40:16.191+0700][gc,phases   ] GC(100)   Other: 1.3ms
[2024-12-16T05:40:16.191+0700][gc,heap     ] GC(100) Eden regions: 45->0(46)
[2024-12-16T05:40:16.191+0700][gc,heap     ] GC(100) Survivor regions: 6->5(7)
[2024-12-16T05:40:16.191+0700][gc,heap     ] GC(100) Old regions: 209->214
[2024-12-16T05:40:16.191+0700][gc,heap     ] GC(100) Archive regions: 2->2
[2024-12-16T05:40:16.191+0700][gc,heap     ] GC(100) Humongous regions: 129->129
[2024-12-16T05:40:16.191+0700][gc,metaspace] GC(100) Metaspace: 45098K(45632K)->45098K(45632K) NonClass: 39882K(40192K)->39882K(40192K) Class: 5216K(5440K)->5216K(5440K)
[2024-12-16T05:40:16.192+0700][gc          ] GC(100) Pause Young (Normal) (G1 Evacuation Pause) 389M->348M(1024M) 96.674ms
[2024-12-16T05:40:16.192+0700][gc,cpu      ] GC(100) User=0.16s Sys=0.02s Real=0.10s
[2024-12-16T05:41:49.070+0700][gc,start    ] GC(101) Pause Young (Normal) (G1 Evacuation Pause)
[2024-12-16T05:41:49.071+0700][gc,task     ] GC(101) Using 2 workers of 2 for evacuation
[2024-12-16T05:41:49.117+0700][gc,mmu      ] GC(101) MMU target violated: 21.0ms (20.0ms/21.0ms)
[2024-12-16T05:41:49.117+0700][gc,phases   ] GC(101)   Pre Evacuate Collection Set: 2.7ms
[2024-12-16T05:41:49.117+0700][gc,phases   ] GC(101)   Merge Heap Roots: 0.6ms
[2024-12-16T05:41:49.117+0700][gc,phases   ] GC(101)   Evacuate Collection Set: 39.3ms
[2024-12-16T05:41:49.117+0700][gc,phases   ] GC(101)   Post Evacuate Collection Set: 2.9ms
[2024-12-16T05:41:49.117+0700][gc,phases   ] GC(101)   Other: 1.5ms
[2024-12-16T05:41:49.117+0700][gc,heap     ] GC(101) Eden regions: 46->0(47)
[2024-12-16T05:41:49.117+0700][gc,heap     ] GC(101) Survivor regions: 5->4(7)
[2024-12-16T05:41:49.117+0700][gc,heap     ] GC(101) Old regions: 214->216
[2024-12-16T05:41:49.117+0700][gc,heap     ] GC(101) Archive regions: 2->2
[2024-12-16T05:41:49.117+0700][gc,heap     ] GC(101) Humongous regions: 129->129
[2024-12-16T05:41:49.117+0700][gc,metaspace] GC(101) Metaspace: 45098K(45632K)->45098K(45632K) NonClass: 39882K(40192K)->39882K(40192K) Class: 5216K(5440K)->5216K(5440K)
[2024-12-16T05:41:49.117+0700][gc          ] GC(101) Pause Young (Normal) (G1 Evacuation Pause) 394M->349M(1024M) 47.009ms
[2024-12-16T05:41:49.117+0700][gc,cpu      ] GC(101) User=0.09s Sys=0.00s Real=0.05s
[2024-12-16T05:43:25.465+0700][gc,start    ] GC(102) Pause Young (Normal) (G1 Evacuation Pause)
[2024-12-16T05:43:25.465+0700][gc,task     ] GC(102) Using 2 workers of 2 for evacuation
[2024-12-16T05:43:25.519+0700][gc,mmu      ] GC(102) MMU target violated: 21.0ms (20.0ms/21.0ms)
[2024-12-16T05:43:25.519+0700][gc,phases   ] GC(102)   Pre Evacuate Collection Set: 2.6ms
[2024-12-16T05:43:25.519+0700][gc,phases   ] GC(102)   Merge Heap Roots: 0.7ms
[2024-12-16T05:43:25.519+0700][gc,phases   ] GC(102)   Evacuate Collection Set: 46.6ms
[2024-12-16T05:43:25.519+0700][gc,phases   ] GC(102)   Post Evacuate Collection Set: 3.2ms
[2024-12-16T05:43:25.519+0700][gc,phases   ] GC(102)   Other: 1.2ms
[2024-12-16T05:43:25.519+0700][gc,heap     ] GC(102) Eden regions: 47->0(44)
[2024-12-16T05:43:25.519+0700][gc,heap     ] GC(102) Survivor regions: 4->7(7)
[2024-12-16T05:43:25.519+0700][gc,heap     ] GC(102) Old regions: 216->216
[2024-12-16T05:43:25.519+0700][gc,heap     ] GC(102) Archive regions: 2->2
[2024-12-16T05:43:25.519+0700][gc,heap     ] GC(102) Humongous regions: 129->129
[2024-12-16T05:43:25.519+0700][gc,metaspace] GC(102) Metaspace: 45098K(45632K)->45098K(45632K) NonClass: 39882K(40192K)->39882K(40192K) Class: 5216K(5440K)->5216K(5440K)
[2024-12-16T05:43:25.519+0700][gc          ] GC(102) Pause Young (Normal) (G1 Evacuation Pause) 396M->352M(1024M) 54.220ms
[2024-12-16T05:43:25.519+0700][gc,cpu      ] GC(102) User=0.09s Sys=0.01s Real=0.05s
[2024-12-16T05:44:54.258+0700][gc,start    ] GC(103) Pause Young (Normal) (G1 Evacuation Pause)
[2024-12-16T05:44:54.258+0700][gc,task     ] GC(103) Using 2 workers of 2 for evacuation
[2024-12-16T05:44:54.314+0700][gc,mmu      ] GC(103) MMU target violated: 21.0ms (20.0ms/21.0ms)
[2024-12-16T05:44:54.314+0700][gc,phases   ] GC(103)   Pre Evacuate Collection Set: 2.8ms
[2024-12-16T05:44:54.314+0700][gc,phases   ] GC(103)   Merge Heap Roots: 0.5ms
[2024-12-16T05:44:54.314+0700][gc,phases   ] GC(103)   Evacuate Collection Set: 49.9ms
[2024-12-16T05:44:54.314+0700][gc,phases   ] GC(103)   Post Evacuate Collection Set: 2.3ms
[2024-12-16T05:44:54.314+0700][gc,phases   ] GC(103)   Other: 1.2ms
[2024-12-16T05:44:54.314+0700][gc,heap     ] GC(103) Eden regions: 44->0(47)
[2024-12-16T05:44:54.314+0700][gc,heap     ] GC(103) Survivor regions: 7->4(7)
[2024-12-16T05:44:54.314+0700][gc,heap     ] GC(103) Old regions: 216->221
[2024-12-16T05:44:54.314+0700][gc,heap     ] GC(103) Archive regions: 2->2
[2024-12-16T05:44:54.314+0700][gc,heap     ] GC(103) Humongous regions: 129->129
[2024-12-16T05:44:54.314+0700][gc,metaspace] GC(103) Metaspace: 45098K(45632K)->45098K(45632K) NonClass: 39882K(40192K)->39882K(40192K) Class: 5216K(5440K)->5216K(5440K)
[2024-12-16T05:44:54.315+0700][gc          ] GC(103) Pause Young (Normal) (G1 Evacuation Pause) 396M->353M(1024M) 56.636ms
[2024-12-16T05:44:54.315+0700][gc,cpu      ] GC(103) User=0.09s Sys=0.01s Real=0.05s
[2024-12-16T05:46:30.303+0700][gc,start    ] GC(104) Pause Young (Normal) (G1 Evacuation Pause)
[2024-12-16T05:46:30.303+0700][gc,task     ] GC(104) Using 2 workers of 2 for evacuation
[2024-12-16T05:46:30.354+0700][gc,mmu      ] GC(104) MMU target violated: 21.0ms (20.0ms/21.0ms)
[2024-12-16T05:46:30.354+0700][gc,phases   ] GC(104)   Pre Evacuate Collection Set: 2.8ms
[2024-12-16T05:46:30.354+0700][gc,phases   ] GC(104)   Merge Heap Roots: 1.0ms
[2024-12-16T05:46:30.354+0700][gc,phases   ] GC(104)   Evacuate Collection Set: 43.4ms
[2024-12-16T05:46:30.354+0700][gc,phases   ] GC(104)   Post Evacuate Collection Set: 2.6ms
[2024-12-16T05:46:30.354+0700][gc,phases   ] GC(104)   Other: 1.4ms
[2024-12-16T05:46:30.354+0700][gc,heap     ] GC(104) Eden regions: 47->0(44)
[2024-12-16T05:46:30.354+0700][gc,heap     ] GC(104) Survivor regions: 4->7(7)
[2024-12-16T05:46:30.354+0700][gc,heap     ] GC(104) Old regions: 221->221
[2024-12-16T05:46:30.354+0700][gc,heap     ] GC(104) Archive regions: 2->2
[2024-12-16T05:46:30.354+0700][gc,heap     ] GC(104) Humongous regions: 129->129
[2024-12-16T05:46:30.354+0700][gc,metaspace] GC(104) Metaspace: 45098K(45632K)->45098K(45632K) NonClass: 39882K(40192K)->39882K(40192K) Class: 5216K(5440K)->5216K(5440K)
[2024-12-16T05:46:30.354+0700][gc          ] GC(104) Pause Young (Normal) (G1 Evacuation Pause) 400M->357M(1024M) 51.274ms
[2024-12-16T05:46:30.354+0700][gc,cpu      ] GC(104) User=0.09s Sys=0.00s Real=0.05s
[2024-12-16T05:48:00.229+0700][gc,start    ] GC(105) Pause Young (Normal) (G1 Evacuation Pause)
[2024-12-16T05:48:00.230+0700][gc,task     ] GC(105) Using 2 workers of 2 for evacuation
[2024-12-16T05:48:00.286+0700][gc,mmu      ] GC(105) MMU target violated: 21.0ms (20.0ms/21.0ms)
[2024-12-16T05:48:00.287+0700][gc,phases   ] GC(105)   Pre Evacuate Collection Set: 3.3ms
[2024-12-16T05:48:00.287+0700][gc,phases   ] GC(105)   Merge Heap Roots: 0.6ms
[2024-12-16T05:48:00.287+0700][gc,phases   ] GC(105)   Evacuate Collection Set: 49.8ms
[2024-12-16T05:48:00.287+0700][gc,phases   ] GC(105)   Post Evacuate Collection Set: 2.4ms
[2024-12-16T05:48:00.287+0700][gc,phases   ] GC(105)   Other: 1.4ms
[2024-12-16T05:48:00.287+0700][gc,heap     ] GC(105) Eden regions: 44->0(47)
[2024-12-16T05:48:00.287+0700][gc,heap     ] GC(105) Survivor regions: 7->4(7)
[2024-12-16T05:48:00.287+0700][gc,heap     ] GC(105) Old regions: 221->225
[2024-12-16T05:48:00.287+0700][gc,heap     ] GC(105) Archive regions: 2->2
[2024-12-16T05:48:00.287+0700][gc,heap     ] GC(105) Humongous regions: 129->129
[2024-12-16T05:48:00.287+0700][gc,metaspace] GC(105) Metaspace: 45098K(45632K)->45098K(45632K) NonClass: 39882K(40192K)->39882K(40192K) Class: 5216K(5440K)->5216K(5440K)
[2024-12-16T05:48:00.287+0700][gc          ] GC(105) Pause Young (Normal) (G1 Evacuation Pause) 401M->358M(1024M) 57.403ms
[2024-12-16T05:48:00.287+0700][gc,cpu      ] GC(105) User=0.09s Sys=0.02s Real=0.06s
[2024-12-16T05:49:35.339+0700][gc,start    ] GC(106) Pause Young (Normal) (G1 Evacuation Pause)
[2024-12-16T05:49:35.339+0700][gc,task     ] GC(106) Using 2 workers of 2 for evacuation
[2024-12-16T05:49:35.387+0700][gc,mmu      ] GC(106) MMU target violated: 21.0ms (20.0ms/21.0ms)
[2024-12-16T05:49:35.387+0700][gc,phases   ] GC(106)   Pre Evacuate Collection Set: 2.6ms
[2024-12-16T05:49:35.387+0700][gc,phases   ] GC(106)   Merge Heap Roots: 0.6ms
[2024-12-16T05:49:35.387+0700][gc,phases   ] GC(106)   Evacuate Collection Set: 42.0ms
[2024-12-16T05:49:35.387+0700][gc,phases   ] GC(106)   Post Evacuate Collection Set: 2.3ms
[2024-12-16T05:49:35.387+0700][gc,phases   ] GC(106)   Other: 1.5ms
[2024-12-16T05:49:35.387+0700][gc,heap     ] GC(106) Eden regions: 47->0(44)
[2024-12-16T05:49:35.388+0700][gc,heap     ] GC(106) Survivor regions: 4->7(7)
[2024-12-16T05:49:35.388+0700][gc,heap     ] GC(106) Old regions: 225->225
[2024-12-16T05:49:35.388+0700][gc,heap     ] GC(106) Archive regions: 2->2
[2024-12-16T05:49:35.388+0700][gc,heap     ] GC(106) Humongous regions: 129->129
[2024-12-16T05:49:35.388+0700][gc,metaspace] GC(106) Metaspace: 45098K(45632K)->45098K(45632K) NonClass: 39882K(40192K)->39882K(40192K) Class: 5216K(5440K)->5216K(5440K)
[2024-12-16T05:49:35.388+0700][gc          ] GC(106) Pause Young (Normal) (G1 Evacuation Pause) 405M->361M(1024M) 48.948ms
[2024-12-16T05:49:35.388+0700][gc,cpu      ] GC(106) User=0.09s Sys=0.01s Real=0.05s
[2024-12-16T05:51:05.156+0700][gc,start    ] GC(107) Pause Young (Normal) (G1 Evacuation Pause)
[2024-12-16T05:51:05.157+0700][gc,task     ] GC(107) Using 2 workers of 2 for evacuation
[2024-12-16T05:51:05.213+0700][gc,mmu      ] GC(107) MMU target violated: 21.0ms (20.0ms/21.0ms)
[2024-12-16T05:51:05.214+0700][gc,phases   ] GC(107)   Pre Evacuate Collection Set: 4.0ms
[2024-12-16T05:51:05.214+0700][gc,phases   ] GC(107)   Merge Heap Roots: 0.8ms
[2024-12-16T05:51:05.214+0700][gc,phases   ] GC(107)   Evacuate Collection Set: 48.6ms
[2024-12-16T05:51:05.214+0700][gc,phases   ] GC(107)   Post Evacuate Collection Set: 3.0ms
[2024-12-16T05:51:05.214+0700][gc,phases   ] GC(107)   Other: 1.2ms
[2024-12-16T05:51:05.214+0700][gc,heap     ] GC(107) Eden regions: 44->0(47)
[2024-12-16T05:51:05.214+0700][gc,heap     ] GC(107) Survivor regions: 7->4(7)
[2024-12-16T05:51:05.214+0700][gc,heap     ] GC(107) Old regions: 225->230
[2024-12-16T05:51:05.214+0700][gc,heap     ] GC(107) Archive regions: 2->2
[2024-12-16T05:51:05.214+0700][gc,heap     ] GC(107) Humongous regions: 129->129
[2024-12-16T05:51:05.214+0700][gc,metaspace] GC(107) Metaspace: 45098K(45632K)->45098K(45632K) NonClass: 39882K(40192K)->39882K(40192K) Class: 5216K(5440K)->5216K(5440K)
[2024-12-16T05:51:05.214+0700][gc          ] GC(107) Pause Young (Normal) (G1 Evacuation Pause) 405M->362M(1024M) 57.532ms
[2024-12-16T05:51:05.214+0700][gc,cpu      ] GC(107) User=0.10s Sys=0.00s Real=0.05s
[2024-12-16T05:52:41.138+0700][gc,start    ] GC(108) Pause Young (Concurrent Start) (G1 Evacuation Pause)
[2024-12-16T05:52:41.139+0700][gc,task     ] GC(108) Using 2 workers of 2 for evacuation
[2024-12-16T05:52:41.190+0700][gc,mmu      ] GC(108) MMU target violated: 21.0ms (20.0ms/21.0ms)
[2024-12-16T05:52:41.190+0700][gc,phases   ] GC(108)   Pre Evacuate Collection Set: 4.2ms
[2024-12-16T05:52:41.190+0700][gc,phases   ] GC(108)   Merge Heap Roots: 0.6ms
[2024-12-16T05:52:41.190+0700][gc,phases   ] GC(108)   Evacuate Collection Set: 43.1ms
[2024-12-16T05:52:41.190+0700][gc,phases   ] GC(108)   Post Evacuate Collection Set: 2.6ms
[2024-12-16T05:52:41.190+0700][gc,phases   ] GC(108)   Other: 1.4ms
[2024-12-16T05:52:41.190+0700][gc,heap     ] GC(108) Eden regions: 47->0(44)
[2024-12-16T05:52:41.190+0700][gc,heap     ] GC(108) Survivor regions: 4->7(7)
[2024-12-16T05:52:41.190+0700][gc,heap     ] GC(108) Old regions: 230->230
[2024-12-16T05:52:41.190+0700][gc,heap     ] GC(108) Archive regions: 2->2
[2024-12-16T05:52:41.190+0700][gc,heap     ] GC(108) Humongous regions: 129->129
[2024-12-16T05:52:41.190+0700][gc,metaspace] GC(108) Metaspace: 45098K(45632K)->45098K(45632K) NonClass: 39882K(40192K)->39882K(40192K) Class: 5216K(5440K)->5216K(5440K)
[2024-12-16T05:52:41.190+0700][gc          ] GC(108) Pause Young (Concurrent Start) (G1 Evacuation Pause) 409M->365M(1024M) 51.842ms
[2024-12-16T05:52:41.190+0700][gc,cpu      ] GC(108) User=0.10s Sys=0.00s Real=0.05s
[2024-12-16T05:52:41.191+0700][gc          ] GC(109) Concurrent Mark Cycle
[2024-12-16T05:52:41.191+0700][gc,marking  ] GC(109) Concurrent Clear Claimed Marks
[2024-12-16T05:52:41.191+0700][gc,marking  ] GC(109) Concurrent Clear Claimed Marks 0.138ms
[2024-12-16T05:52:41.191+0700][gc,marking  ] GC(109) Concurrent Scan Root Regions
[2024-12-16T05:52:41.207+0700][gc,marking  ] GC(109) Concurrent Scan Root Regions 16.081ms
[2024-12-16T05:52:41.207+0700][gc,marking  ] GC(109) Concurrent Mark
[2024-12-16T05:52:41.207+0700][gc,marking  ] GC(109) Concurrent Mark From Roots
[2024-12-16T05:52:41.207+0700][gc,task     ] GC(109) Using 1 workers of 1 for marking
[2024-12-16T05:52:41.322+0700][gc,marking  ] GC(109) Concurrent Mark From Roots 114.883ms
[2024-12-16T05:52:41.322+0700][gc,marking  ] GC(109) Concurrent Preclean
[2024-12-16T05:52:41.323+0700][gc,marking  ] GC(109) Concurrent Preclean 0.605ms
[2024-12-16T05:52:41.323+0700][gc,start    ] GC(109) Pause Remark
[2024-12-16T05:52:41.374+0700][gc,mmu      ] GC(109) MMU target violated: 21.0ms (20.0ms/21.0ms)
[2024-12-16T05:52:41.374+0700][gc          ] GC(109) Pause Remark 366M->324M(1024M) 51.148ms
[2024-12-16T05:52:41.374+0700][gc,cpu      ] GC(109) User=0.10s Sys=0.00s Real=0.05s
[2024-12-16T05:52:41.376+0700][gc,marking  ] GC(109) Concurrent Mark 168.688ms
[2024-12-16T05:52:41.376+0700][gc,marking  ] GC(109) Concurrent Rebuild Remembered Sets
[2024-12-16T05:52:41.415+0700][gc,marking  ] GC(109) Concurrent Rebuild Remembered Sets 39.182ms
[2024-12-16T05:52:41.415+0700][gc,start    ] GC(109) Pause Cleanup
[2024-12-16T05:52:41.416+0700][gc          ] GC(109) Pause Cleanup 324M->324M(1024M) 0.563ms
[2024-12-16T05:52:41.416+0700][gc,cpu      ] GC(109) User=0.00s Sys=0.00s Real=0.00s
[2024-12-16T05:52:41.416+0700][gc,marking  ] GC(109) Concurrent Cleanup for Next Mark
[2024-12-16T05:52:41.431+0700][gc,marking  ] GC(109) Concurrent Cleanup for Next Mark 14.869ms
[2024-12-16T05:52:41.431+0700][gc          ] GC(109) Concurrent Mark Cycle 240.054ms
[2024-12-16T05:54:10.137+0700][gc,start    ] GC(110) Pause Young (Prepare Mixed) (G1 Evacuation Pause)
[2024-12-16T05:54:10.137+0700][gc,task     ] GC(110) Using 2 workers of 2 for evacuation
[2024-12-16T05:54:10.191+0700][gc,mmu      ] GC(110) MMU target violated: 21.0ms (20.0ms/21.0ms)
[2024-12-16T05:54:10.191+0700][gc,phases   ] GC(110)   Pre Evacuate Collection Set: 3.7ms
[2024-12-16T05:54:10.191+0700][gc,phases   ] GC(110)   Merge Heap Roots: 0.9ms
[2024-12-16T05:54:10.191+0700][gc,phases   ] GC(110)   Evacuate Collection Set: 46.4ms
[2024-12-16T05:54:10.192+0700][gc,phases   ] GC(110)   Post Evacuate Collection Set: 2.6ms
[2024-12-16T05:54:10.192+0700][gc,phases   ] GC(110)   Other: 1.0ms
[2024-12-16T05:54:10.192+0700][gc,heap     ] GC(110) Eden regions: 44->0(48)
[2024-12-16T05:54:10.192+0700][gc,heap     ] GC(110) Survivor regions: 7->3(7)
[2024-12-16T05:54:10.192+0700][gc,heap     ] GC(110) Old regions: 188->192
[2024-12-16T05:54:10.192+0700][gc,heap     ] GC(110) Archive regions: 2->2
[2024-12-16T05:54:10.192+0700][gc,heap     ] GC(110) Humongous regions: 129->129
[2024-12-16T05:54:10.192+0700][gc,metaspace] GC(110) Metaspace: 45053K(45632K)->45053K(45632K) NonClass: 39848K(40192K)->39848K(40192K) Class: 5205K(5440K)->5205K(5440K)
[2024-12-16T05:54:10.192+0700][gc          ] GC(110) Pause Young (Prepare Mixed) (G1 Evacuation Pause) 367M->324M(1024M) 54.717ms
[2024-12-16T05:54:10.192+0700][gc,cpu      ] GC(110) User=0.10s Sys=0.00s Real=0.05s
[2024-12-16T05:55:48.241+0700][gc,start    ] GC(111) Pause Young (Mixed) (G1 Evacuation Pause)
[2024-12-16T05:55:48.242+0700][gc,task     ] GC(111) Using 2 workers of 2 for evacuation
[2024-12-16T05:55:48.294+0700][gc,mmu      ] GC(111) MMU target violated: 21.0ms (20.0ms/21.0ms)
[2024-12-16T05:55:48.294+0700][gc,phases   ] GC(111)   Pre Evacuate Collection Set: 2.6ms
[2024-12-16T05:55:48.294+0700][gc,phases   ] GC(111)   Merge Heap Roots: 1.2ms
[2024-12-16T05:55:48.294+0700][gc,phases   ] GC(111)   Evacuate Collection Set: 43.9ms
[2024-12-16T05:55:48.294+0700][gc,phases   ] GC(111)   Post Evacuate Collection Set: 3.6ms
[2024-12-16T05:55:48.294+0700][gc,phases   ] GC(111)   Other: 1.4ms
[2024-12-16T05:55:48.294+0700][gc,heap     ] GC(111) Eden regions: 48->0(44)
[2024-12-16T05:55:48.294+0700][gc,heap     ] GC(111) Survivor regions: 3->7(7)
[2024-12-16T05:55:48.294+0700][gc,heap     ] GC(111) Old regions: 192->178
[2024-12-16T05:55:48.294+0700][gc,heap     ] GC(111) Archive regions: 2->2
[2024-12-16T05:55:48.294+0700][gc,heap     ] GC(111) Humongous regions: 129->129
[2024-12-16T05:55:48.294+0700][gc,metaspace] GC(111) Metaspace: 45053K(45632K)->45053K(45632K) NonClass: 39848K(40192K)->39848K(40192K) Class: 5205K(5440K)->5205K(5440K)
[2024-12-16T05:55:48.294+0700][gc          ] GC(111) Pause Young (Mixed) (G1 Evacuation Pause) 372M->313M(1024M) 52.972ms
[2024-12-16T05:55:48.294+0700][gc,cpu      ] GC(111) User=0.10s Sys=0.00s Real=0.05s
[2024-12-16T05:57:17.564+0700][gc,start    ] GC(112) Pause Young (Mixed) (G1 Evacuation Pause)
[2024-12-16T05:57:17.564+0700][gc,task     ] GC(112) Using 2 workers of 2 for evacuation
[2024-12-16T05:57:17.622+0700][gc,mmu      ] GC(112) MMU target violated: 21.0ms (20.0ms/21.0ms)
[2024-12-16T05:57:17.622+0700][gc,phases   ] GC(112)   Pre Evacuate Collection Set: 4.1ms
[2024-12-16T05:57:17.622+0700][gc,phases   ] GC(112)   Merge Heap Roots: 0.7ms
[2024-12-16T05:57:17.622+0700][gc,phases   ] GC(112)   Evacuate Collection Set: 50.0ms
[2024-12-16T05:57:17.622+0700][gc,phases   ] GC(112)   Post Evacuate Collection Set: 2.8ms
[2024-12-16T05:57:17.622+0700][gc,phases   ] GC(112)   Other: 1.4ms
[2024-12-16T05:57:17.622+0700][gc,heap     ] GC(112) Eden regions: 44->0(48)
[2024-12-16T05:57:17.622+0700][gc,heap     ] GC(112) Survivor regions: 7->3(7)
[2024-12-16T05:57:17.623+0700][gc,heap     ] GC(112) Old regions: 178->167
[2024-12-16T05:57:17.623+0700][gc,heap     ] GC(112) Archive regions: 2->2
[2024-12-16T05:57:17.623+0700][gc,heap     ] GC(112) Humongous regions: 129->129
[2024-12-16T05:57:17.623+0700][gc,metaspace] GC(112) Metaspace: 45053K(45632K)->45053K(45632K) NonClass: 39848K(40192K)->39848K(40192K) Class: 5205K(5440K)->5205K(5440K)
[2024-12-16T05:57:17.623+0700][gc          ] GC(112) Pause Young (Mixed) (G1 Evacuation Pause) 357M->299M(1024M) 59.072ms
[2024-12-16T05:57:17.623+0700][gc,cpu      ] GC(112) User=0.11s Sys=0.00s Real=0.06s
[2024-12-16T05:58:54.762+0700][gc,start    ] GC(113) Pause Young (Mixed) (G1 Evacuation Pause)
[2024-12-16T05:58:54.762+0700][gc,task     ] GC(113) Using 2 workers of 2 for evacuation
[2024-12-16T05:58:54.817+0700][gc,mmu      ] GC(113) MMU target violated: 21.0ms (20.0ms/21.0ms)
[2024-12-16T05:58:54.817+0700][gc,phases   ] GC(113)   Pre Evacuate Collection Set: 2.4ms
[2024-12-16T05:58:54.817+0700][gc,phases   ] GC(113)   Merge Heap Roots: 1.2ms
[2024-12-16T05:58:54.817+0700][gc,phases   ] GC(113)   Evacuate Collection Set: 47.9ms
[2024-12-16T05:58:54.817+0700][gc,phases   ] GC(113)   Post Evacuate Collection Set: 2.5ms
[2024-12-16T05:58:54.817+0700][gc,phases   ] GC(113)   Other: 1.0ms
[2024-12-16T05:58:54.817+0700][gc,heap     ] GC(113) Eden regions: 48->0(44)
[2024-12-16T05:58:54.817+0700][gc,heap     ] GC(113) Survivor regions: 3->7(7)
[2024-12-16T05:58:54.817+0700][gc,heap     ] GC(113) Old regions: 167->153
[2024-12-16T05:58:54.817+0700][gc,heap     ] GC(113) Archive regions: 2->2
[2024-12-16T05:58:54.817+0700][gc,heap     ] GC(113) Humongous regions: 129->129
[2024-12-16T05:58:54.817+0700][gc,metaspace] GC(113) Metaspace: 45053K(45632K)->45053K(45632K) NonClass: 39848K(40192K)->39848K(40192K) Class: 5205K(5440K)->5205K(5440K)
[2024-12-16T05:58:54.817+0700][gc          ] GC(113) Pause Young (Mixed) (G1 Evacuation Pause) 347M->288M(1024M) 55.101ms
[2024-12-16T05:58:54.817+0700][gc,cpu      ] GC(113) User=0.11s Sys=0.00s Real=0.06s
[2024-12-16T06:00:23.937+0700][gc,start    ] GC(114) Pause Young (Mixed) (G1 Evacuation Pause)
[2024-12-16T06:00:23.938+0700][gc,task     ] GC(114) Using 2 workers of 2 for evacuation
[2024-12-16T06:00:23.991+0700][gc,mmu      ] GC(114) MMU target violated: 21.0ms (20.0ms/21.0ms)
[2024-12-16T06:00:23.991+0700][gc,phases   ] GC(114)   Pre Evacuate Collection Set: 2.7ms
[2024-12-16T06:00:23.991+0700][gc,phases   ] GC(114)   Merge Heap Roots: 1.1ms
[2024-12-16T06:00:23.991+0700][gc,phases   ] GC(114)   Evacuate Collection Set: 46.3ms
[2024-12-16T06:00:23.991+0700][gc,phases   ] GC(114)   Post Evacuate Collection Set: 2.6ms
[2024-12-16T06:00:23.991+0700][gc,phases   ] GC(114)   Other: 1.4ms
[2024-12-16T06:00:23.991+0700][gc,heap     ] GC(114) Eden regions: 44->0(48)
[2024-12-16T06:00:23.991+0700][gc,heap     ] GC(114) Survivor regions: 7->3(7)
[2024-12-16T06:00:23.991+0700][gc,heap     ] GC(114) Old regions: 153->142
[2024-12-16T06:00:23.991+0700][gc,heap     ] GC(114) Archive regions: 2->2
[2024-12-16T06:00:23.991+0700][gc,heap     ] GC(114) Humongous regions: 129->129
[2024-12-16T06:00:23.991+0700][gc,metaspace] GC(114) Metaspace: 45053K(45632K)->45053K(45632K) NonClass: 39848K(40192K)->39848K(40192K) Class: 5205K(5440K)->5205K(5440K)
[2024-12-16T06:00:23.992+0700][gc          ] GC(114) Pause Young (Mixed) (G1 Evacuation Pause) 332M->274M(1024M) 54.175ms
[2024-12-16T06:00:23.992+0700][gc,cpu      ] GC(114) User=0.10s Sys=0.00s Real=0.05s
[2024-12-16T06:02:01.676+0700][gc,start    ] GC(115) Pause Young (Mixed) (G1 Evacuation Pause)
[2024-12-16T06:02:01.676+0700][gc,task     ] GC(115) Using 2 workers of 2 for evacuation
[2024-12-16T06:02:01.728+0700][gc,mmu      ] GC(115) MMU target violated: 21.0ms (20.0ms/21.0ms)
[2024-12-16T06:02:01.728+0700][gc,phases   ] GC(115)   Pre Evacuate Collection Set: 2.6ms
[2024-12-16T06:02:01.728+0700][gc,phases   ] GC(115)   Merge Heap Roots: 0.9ms
[2024-12-16T06:02:01.728+0700][gc,phases   ] GC(115)   Evacuate Collection Set: 43.1ms
[2024-12-16T06:02:01.728+0700][gc,phases   ] GC(115)   Post Evacuate Collection Set: 4.1ms
[2024-12-16T06:02:01.728+0700][gc,phases   ] GC(115)   Other: 1.6ms
[2024-12-16T06:02:01.728+0700][gc,heap     ] GC(115) Eden regions: 48->0(44)
[2024-12-16T06:02:01.728+0700][gc,heap     ] GC(115) Survivor regions: 3->7(7)
[2024-12-16T06:02:01.728+0700][gc,heap     ] GC(115) Old regions: 142->128
[2024-12-16T06:02:01.728+0700][gc,heap     ] GC(115) Archive regions: 2->2
[2024-12-16T06:02:01.728+0700][gc,heap     ] GC(115) Humongous regions: 129->129
[2024-12-16T06:02:01.728+0700][gc,metaspace] GC(115) Metaspace: 45053K(45632K)->45053K(45632K) NonClass: 39848K(40192K)->39848K(40192K) Class: 5205K(5440K)->5205K(5440K)
[2024-12-16T06:02:01.728+0700][gc          ] GC(115) Pause Young (Mixed) (G1 Evacuation Pause) 322M->263M(1024M) 52.314ms
[2024-12-16T06:02:01.728+0700][gc,cpu      ] GC(115) User=0.09s Sys=0.00s Real=0.06s
[2024-12-16T06:03:31.483+0700][gc,start    ] GC(116) Pause Young (Mixed) (G1 Evacuation Pause)
[2024-12-16T06:03:31.483+0700][gc,task     ] GC(116) Using 2 workers of 2 for evacuation
[2024-12-16T06:03:31.534+0700][gc,mmu      ] GC(116) MMU target violated: 21.0ms (20.0ms/21.0ms)
[2024-12-16T06:03:31.535+0700][gc,phases   ] GC(116)   Pre Evacuate Collection Set: 2.7ms
[2024-12-16T06:03:31.535+0700][gc,phases   ] GC(116)   Merge Heap Roots: 0.7ms
[2024-12-16T06:03:31.535+0700][gc,phases   ] GC(116)   Evacuate Collection Set: 44.7ms
[2024-12-16T06:03:31.535+0700][gc,phases   ] GC(116)   Post Evacuate Collection Set: 2.9ms
[2024-12-16T06:03:31.535+0700][gc,phases   ] GC(116)   Other: 1.3ms
[2024-12-16T06:03:31.535+0700][gc,heap     ] GC(116) Eden regions: 44->0(48)
[2024-12-16T06:03:31.535+0700][gc,heap     ] GC(116) Survivor regions: 7->3(7)
[2024-12-16T06:03:31.535+0700][gc,heap     ] GC(116) Old regions: 128->117
[2024-12-16T06:03:31.535+0700][gc,heap     ] GC(116) Archive regions: 2->2
[2024-12-16T06:03:31.535+0700][gc,heap     ] GC(116) Humongous regions: 129->129
[2024-12-16T06:03:31.535+0700][gc,metaspace] GC(116) Metaspace: 45053K(45632K)->45053K(45632K) NonClass: 39848K(40192K)->39848K(40192K) Class: 5205K(5440K)->5205K(5440K)
[2024-12-16T06:03:31.535+0700][gc          ] GC(116) Pause Young (Mixed) (G1 Evacuation Pause) 307M->249M(1024M) 52.246ms
[2024-12-16T06:03:31.535+0700][gc,cpu      ] GC(116) User=0.10s Sys=0.00s Real=0.05s
[2024-12-16T06:05:08.759+0700][gc,start    ] GC(117) Pause Young (Mixed) (G1 Evacuation Pause)
[2024-12-16T06:05:08.759+0700][gc,task     ] GC(117) Using 2 workers of 2 for evacuation
[2024-12-16T06:05:08.812+0700][gc,mmu      ] GC(117) MMU target violated: 21.0ms (20.0ms/21.0ms)
[2024-12-16T06:05:08.812+0700][gc,phases   ] GC(117)   Pre Evacuate Collection Set: 2.9ms
[2024-12-16T06:05:08.812+0700][gc,phases   ] GC(117)   Merge Heap Roots: 0.9ms
[2024-12-16T06:05:08.812+0700][gc,phases   ] GC(117)   Evacuate Collection Set: 45.8ms
[2024-12-16T06:05:08.813+0700][gc,phases   ] GC(117)   Post Evacuate Collection Set: 2.9ms
[2024-12-16T06:05:08.813+0700][gc,phases   ] GC(117)   Other: 1.7ms
[2024-12-16T06:05:08.813+0700][gc,heap     ] GC(117) Eden regions: 48->0(44)
[2024-12-16T06:05:08.813+0700][gc,heap     ] GC(117) Survivor regions: 3->7(7)
[2024-12-16T06:05:08.813+0700][gc,heap     ] GC(117) Old regions: 117->103
[2024-12-16T06:05:08.813+0700][gc,heap     ] GC(117) Archive regions: 2->2
[2024-12-16T06:05:08.813+0700][gc,heap     ] GC(117) Humongous regions: 129->129
[2024-12-16T06:05:08.813+0700][gc,metaspace] GC(117) Metaspace: 45053K(45632K)->45053K(45632K) NonClass: 39848K(40192K)->39848K(40192K) Class: 5205K(5440K)->5205K(5440K)
[2024-12-16T06:05:08.813+0700][gc          ] GC(117) Pause Young (Mixed) (G1 Evacuation Pause) 297M->238M(1024M) 54.263ms
[2024-12-16T06:05:08.813+0700][gc,cpu      ] GC(117) User=0.10s Sys=0.00s Real=0.05s
[2024-12-16T06:06:38.224+0700][gc,start    ] GC(118) Pause Young (Mixed) (G1 Evacuation Pause)
[2024-12-16T06:06:38.225+0700][gc,task     ] GC(118) Using 2 workers of 2 for evacuation
[2024-12-16T06:06:38.294+0700][gc,mmu      ] GC(118) MMU target violated: 21.0ms (20.0ms/21.0ms)
[2024-12-16T06:06:38.295+0700][gc,phases   ] GC(118)   Pre Evacuate Collection Set: 4.3ms
[2024-12-16T06:06:38.295+0700][gc,phases   ] GC(118)   Merge Heap Roots: 1.4ms
[2024-12-16T06:06:38.295+0700][gc,phases   ] GC(118)   Evacuate Collection Set: 58.0ms
[2024-12-16T06:06:38.295+0700][gc,phases   ] GC(118)   Post Evacuate Collection Set: 4.8ms
[2024-12-16T06:06:38.295+0700][gc,phases   ] GC(118)   Other: 2.6ms
[2024-12-16T06:06:38.295+0700][gc,heap     ] GC(118) Eden regions: 44->0(48)
[2024-12-16T06:06:38.295+0700][gc,heap     ] GC(118) Survivor regions: 7->3(7)
[2024-12-16T06:06:38.295+0700][gc,heap     ] GC(118) Old regions: 103->96
[2024-12-16T06:06:38.295+0700][gc,heap     ] GC(118) Archive regions: 2->2
[2024-12-16T06:06:38.295+0700][gc,heap     ] GC(118) Humongous regions: 129->129
[2024-12-16T06:06:38.295+0700][gc,metaspace] GC(118) Metaspace: 45053K(45632K)->45053K(45632K) NonClass: 39848K(40192K)->39848K(40192K) Class: 5205K(5440K)->5205K(5440K)
[2024-12-16T06:06:38.295+0700][gc          ] GC(118) Pause Young (Mixed) (G1 Evacuation Pause) 282M->228M(1024M) 70.880ms
[2024-12-16T06:06:38.295+0700][gc,cpu      ] GC(118) User=0.13s Sys=0.00s Real=0.06s
[2024-12-16T06:08:16.506+0700][gc,start    ] GC(119) Pause Young (Normal) (G1 Evacuation Pause)
[2024-12-16T06:08:16.506+0700][gc,task     ] GC(119) Using 2 workers of 2 for evacuation
[2024-12-16T06:08:16.557+0700][gc,mmu      ] GC(119) MMU target violated: 21.0ms (20.0ms/21.0ms)
[2024-12-16T06:08:16.558+0700][gc,phases   ] GC(119)   Pre Evacuate Collection Set: 3.1ms
[2024-12-16T06:08:16.558+0700][gc,phases   ] GC(119)   Merge Heap Roots: 2.1ms
[2024-12-16T06:08:16.558+0700][gc,phases   ] GC(119)   Evacuate Collection Set: 41.0ms
[2024-12-16T06:08:16.558+0700][gc,phases   ] GC(119)   Post Evacuate Collection Set: 4.2ms
[2024-12-16T06:08:16.558+0700][gc,phases   ] GC(119)   Other: 1.5ms
[2024-12-16T06:08:16.558+0700][gc,heap     ] GC(119) Eden regions: 48->0(44)
[2024-12-16T06:08:16.558+0700][gc,heap     ] GC(119) Survivor regions: 3->7(7)
[2024-12-16T06:08:16.558+0700][gc,heap     ] GC(119) Old regions: 96->96
[2024-12-16T06:08:16.558+0700][gc,heap     ] GC(119) Archive regions: 2->2
[2024-12-16T06:08:16.558+0700][gc,heap     ] GC(119) Humongous regions: 129->129
[2024-12-16T06:08:16.558+0700][gc,metaspace] GC(119) Metaspace: 45053K(45632K)->45053K(45632K) NonClass: 39848K(40192K)->39848K(40192K) Class: 5205K(5440K)->5205K(5440K)
[2024-12-16T06:08:16.558+0700][gc          ] GC(119) Pause Young (Normal) (G1 Evacuation Pause) 276M->232M(1024M) 51.937ms
[2024-12-16T06:08:16.558+0700][gc,cpu      ] GC(119) User=0.09s Sys=0.00s Real=0.05s
[2024-12-16T06:09:34.590+0700][gc,start    ] GC(120) Pause Young (Normal) (G1 Evacuation Pause)
[2024-12-16T06:09:34.590+0700][gc,task     ] GC(120) Using 2 workers of 2 for evacuation
[2024-12-16T06:09:34.671+0700][gc,mmu      ] GC(120) MMU target violated: 21.0ms (20.0ms/21.0ms)
[2024-12-16T06:09:34.671+0700][gc,phases   ] GC(120)   Pre Evacuate Collection Set: 2.7ms
[2024-12-16T06:09:34.672+0700][gc,phases   ] GC(120)   Merge Heap Roots: 1.4ms
[2024-12-16T06:09:34.672+0700][gc,phases   ] GC(120)   Evacuate Collection Set: 74.2ms
[2024-12-16T06:09:34.672+0700][gc,phases   ] GC(120)   Post Evacuate Collection Set: 2.8ms
[2024-12-16T06:09:34.672+0700][gc,phases   ] GC(120)   Other: 1.2ms
[2024-12-16T06:09:34.672+0700][gc,heap     ] GC(120) Eden regions: 44->0(44)
[2024-12-16T06:09:34.672+0700][gc,heap     ] GC(120) Survivor regions: 7->7(7)
[2024-12-16T06:09:34.672+0700][gc,heap     ] GC(120) Old regions: 96->101
[2024-12-16T06:09:34.672+0700][gc,heap     ] GC(120) Archive regions: 2->2
[2024-12-16T06:09:34.672+0700][gc,heap     ] GC(120) Humongous regions: 129->129
[2024-12-16T06:09:34.672+0700][gc,metaspace] GC(120) Metaspace: 45074K(45632K)->45074K(45632K) NonClass: 39868K(40192K)->39868K(40192K) Class: 5205K(5440K)->5205K(5440K)
[2024-12-16T06:09:34.672+0700][gc          ] GC(120) Pause Young (Normal) (G1 Evacuation Pause) 276M->237M(1024M) 82.264ms
[2024-12-16T06:09:34.672+0700][gc,cpu      ] GC(120) User=0.16s Sys=0.00s Real=0.08s
[2024-12-16T06:11:03.698+0700][gc,start    ] GC(121) Pause Young (Normal) (G1 Evacuation Pause)
[2024-12-16T06:11:03.698+0700][gc,task     ] GC(121) Using 2 workers of 2 for evacuation
[2024-12-16T06:11:03.744+0700][gc,mmu      ] GC(121) MMU target violated: 21.0ms (20.0ms/21.0ms)
[2024-12-16T06:11:03.744+0700][gc,phases   ] GC(121)   Pre Evacuate Collection Set: 3.0ms
[2024-12-16T06:11:03.744+0700][gc,phases   ] GC(121)   Merge Heap Roots: 1.3ms
[2024-12-16T06:11:03.744+0700][gc,phases   ] GC(121)   Evacuate Collection Set: 36.3ms
[2024-12-16T06:11:03.744+0700][gc,phases   ] GC(121)   Post Evacuate Collection Set: 4.1ms
[2024-12-16T06:11:03.744+0700][gc,phases   ] GC(121)   Other: 1.4ms
[2024-12-16T06:11:03.744+0700][gc,heap     ] GC(121) Eden regions: 44->0(49)
[2024-12-16T06:11:03.744+0700][gc,heap     ] GC(121) Survivor regions: 7->2(7)
[2024-12-16T06:11:03.744+0700][gc,heap     ] GC(121) Old regions: 101->105
[2024-12-16T06:11:03.744+0700][gc,heap     ] GC(121) Archive regions: 2->2
[2024-12-16T06:11:03.744+0700][gc,heap     ] GC(121) Humongous regions: 129->129
[2024-12-16T06:11:03.744+0700][gc,metaspace] GC(121) Metaspace: 45074K(45632K)->45074K(45632K) NonClass: 39868K(40192K)->39868K(40192K) Class: 5205K(5440K)->5205K(5440K)
[2024-12-16T06:11:03.744+0700][gc          ] GC(121) Pause Young (Normal) (G1 Evacuation Pause) 281M->236M(1024M) 46.182ms
[2024-12-16T06:11:03.744+0700][gc,cpu      ] GC(121) User=0.08s Sys=0.01s Real=0.05s
[2024-12-16T06:12:43.979+0700][gc,start    ] GC(122) Pause Young (Normal) (G1 Evacuation Pause)
[2024-12-16T06:12:43.979+0700][gc,task     ] GC(122) Using 2 workers of 2 for evacuation
[2024-12-16T06:12:44.032+0700][gc,mmu      ] GC(122) MMU target violated: 21.0ms (20.0ms/21.0ms)
[2024-12-16T06:12:44.032+0700][gc,phases   ] GC(122)   Pre Evacuate Collection Set: 3.1ms
[2024-12-16T06:12:44.032+0700][gc,phases   ] GC(122)   Merge Heap Roots: 0.7ms
[2024-12-16T06:12:44.032+0700][gc,phases   ] GC(122)   Evacuate Collection Set: 44.3ms
[2024-12-16T06:12:44.032+0700][gc,phases   ] GC(122)   Post Evacuate Collection Set: 4.1ms
[2024-12-16T06:12:44.032+0700][gc,phases   ] GC(122)   Other: 2.0ms
[2024-12-16T06:12:44.032+0700][gc,heap     ] GC(122) Eden regions: 49->0(45)
[2024-12-16T06:12:44.032+0700][gc,heap     ] GC(122) Survivor regions: 2->6(7)
[2024-12-16T06:12:44.032+0700][gc,heap     ] GC(122) Old regions: 105->105
[2024-12-16T06:12:44.032+0700][gc,heap     ] GC(122) Archive regions: 2->2
[2024-12-16T06:12:44.032+0700][gc,heap     ] GC(122) Humongous regions: 129->129
[2024-12-16T06:12:44.032+0700][gc,metaspace] GC(122) Metaspace: 45074K(45632K)->45074K(45632K) NonClass: 39868K(40192K)->39868K(40192K) Class: 5205K(5440K)->5205K(5440K)
[2024-12-16T06:12:44.033+0700][gc          ] GC(122) Pause Young (Normal) (G1 Evacuation Pause) 285M->240M(1024M) 54.095ms
[2024-12-16T06:12:44.033+0700][gc,cpu      ] GC(122) User=0.10s Sys=0.00s Real=0.05s
[2024-12-16T06:14:15.770+0700][gc,start    ] GC(123) Pause Young (Normal) (G1 Evacuation Pause)
[2024-12-16T06:14:15.771+0700][gc,task     ] GC(123) Using 2 workers of 2 for evacuation
[2024-12-16T06:14:15.814+0700][gc,mmu      ] GC(123) MMU target violated: 21.0ms (20.0ms/21.0ms)
[2024-12-16T06:14:15.815+0700][gc,phases   ] GC(123)   Pre Evacuate Collection Set: 2.7ms
[2024-12-16T06:14:15.815+0700][gc,phases   ] GC(123)   Merge Heap Roots: 0.5ms
[2024-12-16T06:14:15.815+0700][gc,phases   ] GC(123)   Evacuate Collection Set: 36.7ms
[2024-12-16T06:14:15.815+0700][gc,phases   ] GC(123)   Post Evacuate Collection Set: 3.1ms
[2024-12-16T06:14:15.815+0700][gc,phases   ] GC(123)   Other: 1.7ms
[2024-12-16T06:14:15.815+0700][gc,heap     ] GC(123) Eden regions: 45->0(47)
[2024-12-16T06:14:15.815+0700][gc,heap     ] GC(123) Survivor regions: 6->4(7)
[2024-12-16T06:14:15.815+0700][gc,heap     ] GC(123) Old regions: 105->108
[2024-12-16T06:14:15.815+0700][gc,heap     ] GC(123) Archive regions: 2->2
[2024-12-16T06:14:15.815+0700][gc,heap     ] GC(123) Humongous regions: 129->129
[2024-12-16T06:14:15.815+0700][gc,metaspace] GC(123) Metaspace: 45074K(45632K)->45074K(45632K) NonClass: 39868K(40192K)->39868K(40192K) Class: 5205K(5440K)->5205K(5440K)
[2024-12-16T06:14:15.815+0700][gc          ] GC(123) Pause Young (Normal) (G1 Evacuation Pause) 285M->241M(1024M) 44.693ms
[2024-12-16T06:14:15.815+0700][gc,cpu      ] GC(123) User=0.08s Sys=0.00s Real=0.04s
[2024-12-16T06:15:51.401+0700][gc,start    ] GC(124) Pause Young (Normal) (G1 Evacuation Pause)
[2024-12-16T06:15:51.401+0700][gc,task     ] GC(124) Using 2 workers of 2 for evacuation
[2024-12-16T06:15:51.461+0700][gc,mmu      ] GC(124) MMU target violated: 21.0ms (20.0ms/21.0ms)
[2024-12-16T06:15:51.462+0700][gc,phases   ] GC(124)   Pre Evacuate Collection Set: 3.3ms
[2024-12-16T06:15:51.462+0700][gc,phases   ] GC(124)   Merge Heap Roots: 1.5ms
[2024-12-16T06:15:51.462+0700][gc,phases   ] GC(124)   Evacuate Collection Set: 51.9ms
[2024-12-16T06:15:51.462+0700][gc,phases   ] GC(124)   Post Evacuate Collection Set: 2.8ms
[2024-12-16T06:15:51.462+0700][gc,phases   ] GC(124)   Other: 1.7ms
[2024-12-16T06:15:51.462+0700][gc,heap     ] GC(124) Eden regions: 47->0(44)
[2024-12-16T06:15:51.462+0700][gc,heap     ] GC(124) Survivor regions: 4->7(7)
[2024-12-16T06:15:51.462+0700][gc,heap     ] GC(124) Old regions: 108->108
[2024-12-16T06:15:51.462+0700][gc,heap     ] GC(124) Archive regions: 2->2
[2024-12-16T06:15:51.462+0700][gc,heap     ] GC(124) Humongous regions: 129->129
[2024-12-16T06:15:51.462+0700][gc,metaspace] GC(124) Metaspace: 45074K(45632K)->45074K(45632K) NonClass: 39868K(40192K)->39868K(40192K) Class: 5205K(5440K)->5205K(5440K)
[2024-12-16T06:15:51.462+0700][gc          ] GC(124) Pause Young (Normal) (G1 Evacuation Pause) 288M->244M(1024M) 61.309ms
[2024-12-16T06:15:51.462+0700][gc,cpu      ] GC(124) User=0.10s Sys=0.01s Real=0.06s
[2024-12-16T06:17:20.902+0700][gc,start    ] GC(125) Pause Young (Normal) (G1 Evacuation Pause)
[2024-12-16T06:17:20.903+0700][gc,task     ] GC(125) Using 2 workers of 2 for evacuation
[2024-12-16T06:17:20.962+0700][gc,mmu      ] GC(125) MMU target violated: 21.0ms (20.0ms/21.0ms)
[2024-12-16T06:17:20.963+0700][gc,phases   ] GC(125)   Pre Evacuate Collection Set: 3.6ms
[2024-12-16T06:17:20.963+0700][gc,phases   ] GC(125)   Merge Heap Roots: 0.9ms
[2024-12-16T06:17:20.963+0700][gc,phases   ] GC(125)   Evacuate Collection Set: 50.1ms
[2024-12-16T06:17:20.963+0700][gc,phases   ] GC(125)   Post Evacuate Collection Set: 4.4ms
[2024-12-16T06:17:20.963+0700][gc,phases   ] GC(125)   Other: 2.0ms
[2024-12-16T06:17:20.963+0700][gc,heap     ] GC(125) Eden regions: 44->0(47)
[2024-12-16T06:17:20.963+0700][gc,heap     ] GC(125) Survivor regions: 7->4(7)
[2024-12-16T06:17:20.963+0700][gc,heap     ] GC(125) Old regions: 108->112
[2024-12-16T06:17:20.963+0700][gc,heap     ] GC(125) Archive regions: 2->2
[2024-12-16T06:17:20.963+0700][gc,heap     ] GC(125) Humongous regions: 129->129
[2024-12-16T06:17:20.963+0700][gc,metaspace] GC(125) Metaspace: 45074K(45632K)->45074K(45632K) NonClass: 39868K(40192K)->39868K(40192K) Class: 5205K(5440K)->5205K(5440K)
[2024-12-16T06:17:20.963+0700][gc          ] GC(125) Pause Young (Normal) (G1 Evacuation Pause) 288M->245M(1024M) 60.711ms
[2024-12-16T06:17:20.963+0700][gc,cpu      ] GC(125) User=0.11s Sys=0.00s Real=0.06s
[2024-12-16T06:18:57.442+0700][gc,start    ] GC(126) Pause Young (Normal) (G1 Evacuation Pause)
[2024-12-16T06:18:57.442+0700][gc,task     ] GC(126) Using 2 workers of 2 for evacuation
[2024-12-16T06:18:57.490+0700][gc,mmu      ] GC(126) MMU target violated: 21.0ms (20.0ms/21.0ms)
[2024-12-16T06:18:57.490+0700][gc,phases   ] GC(126)   Pre Evacuate Collection Set: 2.9ms
[2024-12-16T06:18:57.490+0700][gc,phases   ] GC(126)   Merge Heap Roots: 1.1ms
[2024-12-16T06:18:57.490+0700][gc,phases   ] GC(126)   Evacuate Collection Set: 41.1ms
[2024-12-16T06:18:57.490+0700][gc,phases   ] GC(126)   Post Evacuate Collection Set: 2.3ms
[2024-12-16T06:18:57.490+0700][gc,phases   ] GC(126)   Other: 1.3ms
[2024-12-16T06:18:57.490+0700][gc,heap     ] GC(126) Eden regions: 47->0(44)
[2024-12-16T06:18:57.490+0700][gc,heap     ] GC(126) Survivor regions: 4->7(7)
[2024-12-16T06:18:57.490+0700][gc,heap     ] GC(126) Old regions: 112->112
[2024-12-16T06:18:57.490+0700][gc,heap     ] GC(126) Archive regions: 2->2
[2024-12-16T06:18:57.490+0700][gc,heap     ] GC(126) Humongous regions: 129->129
[2024-12-16T06:18:57.490+0700][gc,metaspace] GC(126) Metaspace: 45074K(45632K)->45074K(45632K) NonClass: 39868K(40192K)->39868K(40192K) Class: 5205K(5440K)->5205K(5440K)
[2024-12-16T06:18:57.490+0700][gc          ] GC(126) Pause Young (Normal) (G1 Evacuation Pause) 292M->248M(1024M) 48.595ms
[2024-12-16T06:18:57.490+0700][gc,cpu      ] GC(126) User=0.09s Sys=0.00s Real=0.05s
[2024-12-16T06:20:26.308+0700][gc,start    ] GC(127) Pause Young (Normal) (G1 Evacuation Pause)
[2024-12-16T06:20:26.308+0700][gc,task     ] GC(127) Using 2 workers of 2 for evacuation
[2024-12-16T06:20:26.387+0700][gc,mmu      ] GC(127) MMU target violated: 21.0ms (20.0ms/21.0ms)
[2024-12-16T06:20:26.387+0700][gc,phases   ] GC(127)   Pre Evacuate Collection Set: 3.6ms
[2024-12-16T06:20:26.387+0700][gc,phases   ] GC(127)   Merge Heap Roots: 0.7ms
[2024-12-16T06:20:26.387+0700][gc,phases   ] GC(127)   Evacuate Collection Set: 70.8ms
[2024-12-16T06:20:26.387+0700][gc,phases   ] GC(127)   Post Evacuate Collection Set: 3.3ms
[2024-12-16T06:20:26.387+0700][gc,phases   ] GC(127)   Other: 1.3ms
[2024-12-16T06:20:26.388+0700][gc,heap     ] GC(127) Eden regions: 44->0(47)
[2024-12-16T06:20:26.388+0700][gc,heap     ] GC(127) Survivor regions: 7->4(7)
[2024-12-16T06:20:26.388+0700][gc,heap     ] GC(127) Old regions: 112->117
[2024-12-16T06:20:26.388+0700][gc,heap     ] GC(127) Archive regions: 2->2
[2024-12-16T06:20:26.388+0700][gc,heap     ] GC(127) Humongous regions: 129->129
[2024-12-16T06:20:26.388+0700][gc,metaspace] GC(127) Metaspace: 45075K(45632K)->45075K(45632K) NonClass: 39870K(40192K)->39870K(40192K) Class: 5205K(5440K)->5205K(5440K)
[2024-12-16T06:20:26.388+0700][gc          ] GC(127) Pause Young (Normal) (G1 Evacuation Pause) 292M->249M(1024M) 79.450ms
[2024-12-16T06:20:26.388+0700][gc,cpu      ] GC(127) User=0.15s Sys=0.01s Real=0.08s
[2024-12-16T06:22:02.320+0700][gc,start    ] GC(128) Pause Young (Normal) (G1 Evacuation Pause)
[2024-12-16T06:22:02.320+0700][gc,task     ] GC(128) Using 2 workers of 2 for evacuation
[2024-12-16T06:22:02.374+0700][gc,mmu      ] GC(128) MMU target violated: 21.0ms (20.0ms/21.0ms)
[2024-12-16T06:22:02.375+0700][gc,phases   ] GC(128)   Pre Evacuate Collection Set: 3.9ms
[2024-12-16T06:22:02.375+0700][gc,phases   ] GC(128)   Merge Heap Roots: 1.2ms
[2024-12-16T06:22:02.375+0700][gc,phases   ] GC(128)   Evacuate Collection Set: 45.0ms
[2024-12-16T06:22:02.375+0700][gc,phases   ] GC(128)   Post Evacuate Collection Set: 3.5ms
[2024-12-16T06:22:02.375+0700][gc,phases   ] GC(128)   Other: 1.5ms
[2024-12-16T06:22:02.375+0700][gc,heap     ] GC(128) Eden regions: 47->0(44)
[2024-12-16T06:22:02.375+0700][gc,heap     ] GC(128) Survivor regions: 4->7(7)
[2024-12-16T06:22:02.375+0700][gc,heap     ] GC(128) Old regions: 117->117
[2024-12-16T06:22:02.375+0700][gc,heap     ] GC(128) Archive regions: 2->2
[2024-12-16T06:22:02.375+0700][gc,heap     ] GC(128) Humongous regions: 129->129
[2024-12-16T06:22:02.375+0700][gc,metaspace] GC(128) Metaspace: 45075K(45632K)->45075K(45632K) NonClass: 39870K(40192K)->39870K(40192K) Class: 5205K(5440K)->5205K(5440K)
[2024-12-16T06:22:02.375+0700][gc          ] GC(128) Pause Young (Normal) (G1 Evacuation Pause) 296M->253M(1024M) 55.430ms
[2024-12-16T06:22:02.375+0700][gc,cpu      ] GC(128) User=0.10s Sys=0.00s Real=0.05s
[2024-12-16T06:23:32.143+0700][gc,start    ] GC(129) Pause Young (Normal) (G1 Evacuation Pause)
[2024-12-16T06:23:32.144+0700][gc,task     ] GC(129) Using 2 workers of 2 for evacuation
[2024-12-16T06:23:32.194+0700][gc,mmu      ] GC(129) MMU target violated: 21.0ms (20.0ms/21.0ms)
[2024-12-16T06:23:32.194+0700][gc,phases   ] GC(129)   Pre Evacuate Collection Set: 2.7ms
[2024-12-16T06:23:32.194+0700][gc,phases   ] GC(129)   Merge Heap Roots: 0.9ms
[2024-12-16T06:23:32.194+0700][gc,phases   ] GC(129)   Evacuate Collection Set: 42.8ms
[2024-12-16T06:23:32.194+0700][gc,phases   ] GC(129)   Post Evacuate Collection Set: 3.6ms
[2024-12-16T06:23:32.194+0700][gc,phases   ] GC(129)   Other: 1.4ms
[2024-12-16T06:23:32.194+0700][gc,heap     ] GC(129) Eden regions: 44->0(48)
[2024-12-16T06:23:32.194+0700][gc,heap     ] GC(129) Survivor regions: 7->3(7)
[2024-12-16T06:23:32.194+0700][gc,heap     ] GC(129) Old regions: 117->121
[2024-12-16T06:23:32.194+0700][gc,heap     ] GC(129) Archive regions: 2->2
[2024-12-16T06:23:32.194+0700][gc,heap     ] GC(129) Humongous regions: 129->129
[2024-12-16T06:23:32.195+0700][gc,metaspace] GC(129) Metaspace: 45075K(45632K)->45075K(45632K) NonClass: 39870K(40192K)->39870K(40192K) Class: 5205K(5440K)->5205K(5440K)
[2024-12-16T06:23:32.195+0700][gc          ] GC(129) Pause Young (Normal) (G1 Evacuation Pause) 297M->253M(1024M) 51.216ms
[2024-12-16T06:23:32.195+0700][gc,cpu      ] GC(129) User=0.09s Sys=0.00s Real=0.05s
[2024-12-16T06:25:09.372+0700][gc,start    ] GC(130) Pause Young (Normal) (G1 Evacuation Pause)
[2024-12-16T06:25:09.373+0700][gc,task     ] GC(130) Using 2 workers of 2 for evacuation
[2024-12-16T06:25:09.426+0700][gc,mmu      ] GC(130) MMU target violated: 21.0ms (20.0ms/21.0ms)
[2024-12-16T06:25:09.426+0700][gc,phases   ] GC(130)   Pre Evacuate Collection Set: 3.3ms
[2024-12-16T06:25:09.426+0700][gc,phases   ] GC(130)   Merge Heap Roots: 1.2ms
[2024-12-16T06:25:09.426+0700][gc,phases   ] GC(130)   Evacuate Collection Set: 44.2ms
[2024-12-16T06:25:09.426+0700][gc,phases   ] GC(130)   Post Evacuate Collection Set: 3.6ms
[2024-12-16T06:25:09.426+0700][gc,phases   ] GC(130)   Other: 1.6ms
[2024-12-16T06:25:09.426+0700][gc,heap     ] GC(130) Eden regions: 48->0(44)
[2024-12-16T06:25:09.426+0700][gc,heap     ] GC(130) Survivor regions: 3->7(7)
[2024-12-16T06:25:09.426+0700][gc,heap     ] GC(130) Old regions: 121->121
[2024-12-16T06:25:09.426+0700][gc,heap     ] GC(130) Archive regions: 2->2
[2024-12-16T06:25:09.426+0700][gc,heap     ] GC(130) Humongous regions: 129->129
[2024-12-16T06:25:09.426+0700][gc,metaspace] GC(130) Metaspace: 45075K(45632K)->45075K(45632K) NonClass: 39870K(40192K)->39870K(40192K) Class: 5205K(5440K)->5205K(5440K)
[2024-12-16T06:25:09.426+0700][gc          ] GC(130) Pause Young (Normal) (G1 Evacuation Pause) 301M->257M(1024M) 53.700ms
[2024-12-16T06:25:09.426+0700][gc,cpu      ] GC(130) User=0.09s Sys=0.00s Real=0.06s
[2024-12-16T06:26:39.205+0700][gc,start    ] GC(131) Pause Young (Normal) (G1 Evacuation Pause)
[2024-12-16T06:26:39.205+0700][gc,task     ] GC(131) Using 2 workers of 2 for evacuation
[2024-12-16T06:26:39.253+0700][gc,mmu      ] GC(131) MMU target violated: 21.0ms (20.0ms/21.0ms)
[2024-12-16T06:26:39.253+0700][gc,phases   ] GC(131)   Pre Evacuate Collection Set: 2.3ms
[2024-12-16T06:26:39.253+0700][gc,phases   ] GC(131)   Merge Heap Roots: 0.6ms
[2024-12-16T06:26:39.253+0700][gc,phases   ] GC(131)   Evacuate Collection Set: 41.3ms
[2024-12-16T06:26:39.253+0700][gc,phases   ] GC(131)   Post Evacuate Collection Set: 2.7ms
[2024-12-16T06:26:39.253+0700][gc,phases   ] GC(131)   Other: 1.6ms
[2024-12-16T06:26:39.253+0700][gc,heap     ] GC(131) Eden regions: 44->0(48)
[2024-12-16T06:26:39.253+0700][gc,heap     ] GC(131) Survivor regions: 7->3(7)
[2024-12-16T06:26:39.253+0700][gc,heap     ] GC(131) Old regions: 121->126
[2024-12-16T06:26:39.253+0700][gc,heap     ] GC(131) Archive regions: 2->2
[2024-12-16T06:26:39.253+0700][gc,heap     ] GC(131) Humongous regions: 129->129
[2024-12-16T06:26:39.253+0700][gc,metaspace] GC(131) Metaspace: 45075K(45632K)->45075K(45632K) NonClass: 39870K(40192K)->39870K(40192K) Class: 5205K(5440K)->5205K(5440K)
[2024-12-16T06:26:39.253+0700][gc          ] GC(131) Pause Young (Normal) (G1 Evacuation Pause) 301M->258M(1024M) 48.336ms
[2024-12-16T06:26:39.253+0700][gc,cpu      ] GC(131) User=0.09s Sys=0.00s Real=0.04s
[2024-12-16T06:28:17.683+0700][gc,start    ] GC(132) Pause Young (Normal) (G1 Evacuation Pause)
[2024-12-16T06:28:17.684+0700][gc,task     ] GC(132) Using 2 workers of 2 for evacuation
[2024-12-16T06:28:17.736+0700][gc,mmu      ] GC(132) MMU target violated: 21.0ms (20.0ms/21.0ms)
[2024-12-16T06:28:17.736+0700][gc,phases   ] GC(132)   Pre Evacuate Collection Set: 2.6ms
[2024-12-16T06:28:17.736+0700][gc,phases   ] GC(132)   Merge Heap Roots: 0.7ms
[2024-12-16T06:28:17.736+0700][gc,phases   ] GC(132)   Evacuate Collection Set: 46.0ms
[2024-12-16T06:28:17.736+0700][gc,phases   ] GC(132)   Post Evacuate Collection Set: 2.3ms
[2024-12-16T06:28:17.736+0700][gc,phases   ] GC(132)   Other: 1.1ms
[2024-12-16T06:28:17.736+0700][gc,heap     ] GC(132) Eden regions: 48->0(44)
[2024-12-16T06:28:17.736+0700][gc,heap     ] GC(132) Survivor regions: 3->7(7)
[2024-12-16T06:28:17.736+0700][gc,heap     ] GC(132) Old regions: 126->126
[2024-12-16T06:28:17.736+0700][gc,heap     ] GC(132) Archive regions: 2->2
[2024-12-16T06:28:17.736+0700][gc,heap     ] GC(132) Humongous regions: 129->129
[2024-12-16T06:28:17.736+0700][gc,metaspace] GC(132) Metaspace: 45075K(45632K)->45075K(45632K) NonClass: 39870K(40192K)->39870K(40192K) Class: 5205K(5440K)->5205K(5440K)
[2024-12-16T06:28:17.736+0700][gc          ] GC(132) Pause Young (Normal) (G1 Evacuation Pause) 306M->261M(1024M) 52.834ms
[2024-12-16T06:28:17.736+0700][gc,cpu      ] GC(132) User=0.09s Sys=0.00s Real=0.06s
[2024-12-16T06:29:46.882+0700][gc,start    ] GC(133) Pause Young (Normal) (G1 Evacuation Pause)
[2024-12-16T06:29:46.882+0700][gc,task     ] GC(133) Using 2 workers of 2 for evacuation
[2024-12-16T06:29:46.930+0700][gc,mmu      ] GC(133) MMU target violated: 21.0ms (20.0ms/21.0ms)
[2024-12-16T06:29:46.930+0700][gc,phases   ] GC(133)   Pre Evacuate Collection Set: 2.6ms
[2024-12-16T06:29:46.930+0700][gc,phases   ] GC(133)   Merge Heap Roots: 0.6ms
[2024-12-16T06:29:46.930+0700][gc,phases   ] GC(133)   Evacuate Collection Set: 39.8ms
[2024-12-16T06:29:46.930+0700][gc,phases   ] GC(133)   Post Evacuate Collection Set: 3.7ms
[2024-12-16T06:29:46.930+0700][gc,phases   ] GC(133)   Other: 1.4ms
[2024-12-16T06:29:46.930+0700][gc,heap     ] GC(133) Eden regions: 44->0(47)
[2024-12-16T06:29:46.930+0700][gc,heap     ] GC(133) Survivor regions: 7->4(7)
[2024-12-16T06:29:46.930+0700][gc,heap     ] GC(133) Old regions: 126->130
[2024-12-16T06:29:46.930+0700][gc,heap     ] GC(133) Archive regions: 2->2
[2024-12-16T06:29:46.930+0700][gc,heap     ] GC(133) Humongous regions: 129->129
[2024-12-16T06:29:46.930+0700][gc,metaspace] GC(133) Metaspace: 45075K(45632K)->45075K(45632K) NonClass: 39870K(40192K)->39870K(40192K) Class: 5205K(5440K)->5205K(5440K)
[2024-12-16T06:29:46.930+0700][gc          ] GC(133) Pause Young (Normal) (G1 Evacuation Pause) 305M->263M(1024M) 47.961ms
[2024-12-16T06:29:46.930+0700][gc,cpu      ] GC(133) User=0.09s Sys=0.00s Real=0.05s
[2024-12-16T06:31:22.064+0700][gc,start    ] GC(134) Pause Young (Normal) (G1 Evacuation Pause)
[2024-12-16T06:31:22.065+0700][gc,task     ] GC(134) Using 2 workers of 2 for evacuation
[2024-12-16T06:31:22.125+0700][gc,mmu      ] GC(134) MMU target violated: 21.0ms (20.0ms/21.0ms)
[2024-12-16T06:31:22.125+0700][gc,phases   ] GC(134)   Pre Evacuate Collection Set: 4.5ms
[2024-12-16T06:31:22.125+0700][gc,phases   ] GC(134)   Merge Heap Roots: 0.9ms
[2024-12-16T06:31:22.125+0700][gc,phases   ] GC(134)   Evacuate Collection Set: 50.4ms
[2024-12-16T06:31:22.125+0700][gc,phases   ] GC(134)   Post Evacuate Collection Set: 3.6ms
[2024-12-16T06:31:22.125+0700][gc,phases   ] GC(134)   Other: 1.3ms
[2024-12-16T06:31:22.125+0700][gc,heap     ] GC(134) Eden regions: 47->0(44)
[2024-12-16T06:31:22.125+0700][gc,heap     ] GC(134) Survivor regions: 4->7(7)
[2024-12-16T06:31:22.125+0700][gc,heap     ] GC(134) Old regions: 130->130
[2024-12-16T06:31:22.125+0700][gc,heap     ] GC(134) Archive regions: 2->2
[2024-12-16T06:31:22.125+0700][gc,heap     ] GC(134) Humongous regions: 129->129
[2024-12-16T06:31:22.125+0700][gc,metaspace] GC(134) Metaspace: 45075K(45632K)->45075K(45632K) NonClass: 39870K(40192K)->39870K(40192K) Class: 5205K(5440K)->5205K(5440K)
[2024-12-16T06:31:22.125+0700][gc          ] GC(134) Pause Young (Normal) (G1 Evacuation Pause) 310M->266M(1024M) 60.522ms
[2024-12-16T06:31:22.125+0700][gc,cpu      ] GC(134) User=0.11s Sys=0.00s Real=0.06s
[2024-12-16T06:32:51.014+0700][gc,start    ] GC(135) Pause Young (Normal) (G1 Evacuation Pause)
[2024-12-16T06:32:51.015+0700][gc,task     ] GC(135) Using 2 workers of 2 for evacuation
[2024-12-16T06:32:51.064+0700][gc,mmu      ] GC(135) MMU target violated: 21.0ms (20.0ms/21.0ms)
[2024-12-16T06:32:51.064+0700][gc,phases   ] GC(135)   Pre Evacuate Collection Set: 2.7ms
[2024-12-16T06:32:51.064+0700][gc,phases   ] GC(135)   Merge Heap Roots: 0.7ms
[2024-12-16T06:32:51.064+0700][gc,phases   ] GC(135)   Evacuate Collection Set: 42.9ms
[2024-12-16T06:32:51.064+0700][gc,phases   ] GC(135)   Post Evacuate Collection Set: 2.8ms
[2024-12-16T06:32:51.064+0700][gc,phases   ] GC(135)   Other: 1.4ms
[2024-12-16T06:32:51.065+0700][gc,heap     ] GC(135) Eden regions: 44->0(48)
[2024-12-16T06:32:51.065+0700][gc,heap     ] GC(135) Survivor regions: 7->3(7)
[2024-12-16T06:32:51.065+0700][gc,heap     ] GC(135) Old regions: 130->135
[2024-12-16T06:32:51.065+0700][gc,heap     ] GC(135) Archive regions: 2->2
[2024-12-16T06:32:51.065+0700][gc,heap     ] GC(135) Humongous regions: 129->129
[2024-12-16T06:32:51.065+0700][gc,metaspace] GC(135) Metaspace: 45075K(45632K)->45075K(45632K) NonClass: 39870K(40192K)->39870K(40192K) Class: 5205K(5440K)->5205K(5440K)
[2024-12-16T06:32:51.065+0700][gc          ] GC(135) Pause Young (Normal) (G1 Evacuation Pause) 310M->267M(1024M) 50.415ms
[2024-12-16T06:32:51.065+0700][gc,cpu      ] GC(135) User=0.10s Sys=0.00s Real=0.06s
[2024-12-16T06:34:28.820+0700][gc,start    ] GC(136) Pause Young (Normal) (G1 Evacuation Pause)
[2024-12-16T06:34:28.821+0700][gc,task     ] GC(136) Using 2 workers of 2 for evacuation
[2024-12-16T06:34:28.866+0700][gc,mmu      ] GC(136) MMU target violated: 21.0ms (20.0ms/21.0ms)
[2024-12-16T06:34:28.867+0700][gc,phases   ] GC(136)   Pre Evacuate Collection Set: 2.5ms
[2024-12-16T06:34:28.867+0700][gc,phases   ] GC(136)   Merge Heap Roots: 0.7ms
[2024-12-16T06:34:28.867+0700][gc,phases   ] GC(136)   Evacuate Collection Set: 39.1ms
[2024-12-16T06:34:28.867+0700][gc,phases   ] GC(136)   Post Evacuate Collection Set: 3.0ms
[2024-12-16T06:34:28.867+0700][gc,phases   ] GC(136)   Other: 1.1ms
[2024-12-16T06:34:28.867+0700][gc,heap     ] GC(136) Eden regions: 48->0(44)
[2024-12-16T06:34:28.867+0700][gc,heap     ] GC(136) Survivor regions: 3->7(7)
[2024-12-16T06:34:28.867+0700][gc,heap     ] GC(136) Old regions: 135->135
[2024-12-16T06:34:28.867+0700][gc,heap     ] GC(136) Archive regions: 2->2
[2024-12-16T06:34:28.867+0700][gc,heap     ] GC(136) Humongous regions: 129->129
[2024-12-16T06:34:28.867+0700][gc,metaspace] GC(136) Metaspace: 45075K(45632K)->45075K(45632K) NonClass: 39870K(40192K)->39870K(40192K) Class: 5205K(5440K)->5205K(5440K)
[2024-12-16T06:34:28.867+0700][gc          ] GC(136) Pause Young (Normal) (G1 Evacuation Pause) 315M->270M(1024M) 46.510ms
[2024-12-16T06:34:28.867+0700][gc,cpu      ] GC(136) User=0.08s Sys=0.00s Real=0.05s
[2024-12-16T06:35:57.862+0700][gc,start    ] GC(137) Pause Young (Normal) (G1 Evacuation Pause)
[2024-12-16T06:35:57.863+0700][gc,task     ] GC(137) Using 2 workers of 2 for evacuation
[2024-12-16T06:35:57.910+0700][gc,mmu      ] GC(137) MMU target violated: 21.0ms (20.0ms/21.0ms)
[2024-12-16T06:35:57.911+0700][gc,phases   ] GC(137)   Pre Evacuate Collection Set: 2.5ms
[2024-12-16T06:35:57.911+0700][gc,phases   ] GC(137)   Merge Heap Roots: 0.9ms
[2024-12-16T06:35:57.911+0700][gc,phases   ] GC(137)   Evacuate Collection Set: 40.8ms
[2024-12-16T06:35:57.911+0700][gc,phases   ] GC(137)   Post Evacuate Collection Set: 3.0ms
[2024-12-16T06:35:57.911+0700][gc,phases   ] GC(137)   Other: 1.2ms
[2024-12-16T06:35:57.911+0700][gc,heap     ] GC(137) Eden regions: 44->0(48)
[2024-12-16T06:35:57.911+0700][gc,heap     ] GC(137) Survivor regions: 7->3(7)
[2024-12-16T06:35:57.911+0700][gc,heap     ] GC(137) Old regions: 135->139
[2024-12-16T06:35:57.911+0700][gc,heap     ] GC(137) Archive regions: 2->2
[2024-12-16T06:35:57.911+0700][gc,heap     ] GC(137) Humongous regions: 129->129
[2024-12-16T06:35:57.911+0700][gc,metaspace] GC(137) Metaspace: 45075K(45632K)->45075K(45632K) NonClass: 39870K(40192K)->39870K(40192K) Class: 5205K(5440K)->5205K(5440K)
[2024-12-16T06:35:57.911+0700][gc          ] GC(137) Pause Young (Normal) (G1 Evacuation Pause) 314M->271M(1024M) 48.611ms
[2024-12-16T06:35:57.911+0700][gc,cpu      ] GC(137) User=0.09s Sys=0.00s Real=0.05s
[2024-12-16T06:37:35.022+0700][gc,start    ] GC(138) Pause Young (Normal) (G1 Evacuation Pause)
[2024-12-16T06:37:35.023+0700][gc,task     ] GC(138) Using 2 workers of 2 for evacuation
[2024-12-16T06:37:35.070+0700][gc,mmu      ] GC(138) MMU target violated: 21.0ms (20.0ms/21.0ms)
[2024-12-16T06:37:35.070+0700][gc,phases   ] GC(138)   Pre Evacuate Collection Set: 2.9ms
[2024-12-16T06:37:35.070+0700][gc,phases   ] GC(138)   Merge Heap Roots: 0.7ms
[2024-12-16T06:37:35.070+0700][gc,phases   ] GC(138)   Evacuate Collection Set: 40.5ms
[2024-12-16T06:37:35.070+0700][gc,phases   ] GC(138)   Post Evacuate Collection Set: 2.8ms
[2024-12-16T06:37:35.070+0700][gc,phases   ] GC(138)   Other: 1.3ms
[2024-12-16T06:37:35.070+0700][gc,heap     ] GC(138) Eden regions: 48->0(44)
[2024-12-16T06:37:35.070+0700][gc,heap     ] GC(138) Survivor regions: 3->7(7)
[2024-12-16T06:37:35.070+0700][gc,heap     ] GC(138) Old regions: 139->139
[2024-12-16T06:37:35.070+0700][gc,heap     ] GC(138) Archive regions: 2->2
[2024-12-16T06:37:35.070+0700][gc,heap     ] GC(138) Humongous regions: 129->129
[2024-12-16T06:37:35.070+0700][gc,metaspace] GC(138) Metaspace: 45075K(45632K)->45075K(45632K) NonClass: 39870K(40192K)->39870K(40192K) Class: 5205K(5440K)->5205K(5440K)
[2024-12-16T06:37:35.070+0700][gc          ] GC(138) Pause Young (Normal) (G1 Evacuation Pause) 319M->274M(1024M) 48.046ms
[2024-12-16T06:37:35.071+0700][gc,cpu      ] GC(138) User=0.09s Sys=0.00s Real=0.05s
[2024-12-16T06:39:04.027+0700][gc,start    ] GC(139) Pause Young (Normal) (G1 Evacuation Pause)
[2024-12-16T06:39:04.028+0700][gc,task     ] GC(139) Using 2 workers of 2 for evacuation
[2024-12-16T06:39:04.078+0700][gc,mmu      ] GC(139) MMU target violated: 21.0ms (20.0ms/21.0ms)
[2024-12-16T06:39:04.078+0700][gc,phases   ] GC(139)   Pre Evacuate Collection Set: 2.7ms
[2024-12-16T06:39:04.078+0700][gc,phases   ] GC(139)   Merge Heap Roots: 0.9ms
[2024-12-16T06:39:04.078+0700][gc,phases   ] GC(139)   Evacuate Collection Set: 41.3ms
[2024-12-16T06:39:04.078+0700][gc,phases   ] GC(139)   Post Evacuate Collection Set: 2.7ms
[2024-12-16T06:39:04.078+0700][gc,phases   ] GC(139)   Other: 3.5ms
[2024-12-16T06:39:04.078+0700][gc,heap     ] GC(139) Eden regions: 44->0(48)
[2024-12-16T06:39:04.078+0700][gc,heap     ] GC(139) Survivor regions: 7->3(7)
[2024-12-16T06:39:04.078+0700][gc,heap     ] GC(139) Old regions: 139->143
[2024-12-16T06:39:04.078+0700][gc,heap     ] GC(139) Archive regions: 2->2
[2024-12-16T06:39:04.078+0700][gc,heap     ] GC(139) Humongous regions: 129->129
[2024-12-16T06:39:04.078+0700][gc,metaspace] GC(139) Metaspace: 45075K(45632K)->45075K(45632K) NonClass: 39870K(40192K)->39870K(40192K) Class: 5205K(5440K)->5205K(5440K)
[2024-12-16T06:39:04.078+0700][gc          ] GC(139) Pause Young (Normal) (G1 Evacuation Pause) 318M->275M(1024M) 51.100ms
[2024-12-16T06:39:04.079+0700][gc,cpu      ] GC(139) User=0.09s Sys=0.00s Real=0.05s
[2024-12-16T06:40:42.084+0700][gc,start    ] GC(140) Pause Young (Normal) (G1 Evacuation Pause)
[2024-12-16T06:40:42.084+0700][gc,task     ] GC(140) Using 2 workers of 2 for evacuation
[2024-12-16T06:40:42.131+0700][gc,mmu      ] GC(140) MMU target violated: 21.0ms (20.0ms/21.0ms)
[2024-12-16T06:40:42.132+0700][gc,phases   ] GC(140)   Pre Evacuate Collection Set: 2.9ms
[2024-12-16T06:40:42.132+0700][gc,phases   ] GC(140)   Merge Heap Roots: 1.0ms
[2024-12-16T06:40:42.132+0700][gc,phases   ] GC(140)   Evacuate Collection Set: 40.8ms
[2024-12-16T06:40:42.132+0700][gc,phases   ] GC(140)   Post Evacuate Collection Set: 2.3ms
[2024-12-16T06:40:42.132+0700][gc,phases   ] GC(140)   Other: 1.2ms
[2024-12-16T06:40:42.132+0700][gc,heap     ] GC(140) Eden regions: 48->0(44)
[2024-12-16T06:40:42.132+0700][gc,heap     ] GC(140) Survivor regions: 3->7(7)
[2024-12-16T06:40:42.132+0700][gc,heap     ] GC(140) Old regions: 143->143
[2024-12-16T06:40:42.132+0700][gc,heap     ] GC(140) Archive regions: 2->2
[2024-12-16T06:40:42.132+0700][gc,heap     ] GC(140) Humongous regions: 129->129
[2024-12-16T06:40:42.132+0700][gc,metaspace] GC(140) Metaspace: 45075K(45632K)->45075K(45632K) NonClass: 39870K(40192K)->39870K(40192K) Class: 5205K(5440K)->5205K(5440K)
[2024-12-16T06:40:42.132+0700][gc          ] GC(140) Pause Young (Normal) (G1 Evacuation Pause) 323M->279M(1024M) 48.298ms
[2024-12-16T06:40:42.132+0700][gc,cpu      ] GC(140) User=0.10s Sys=0.00s Real=0.05s
[2024-12-16T06:42:11.069+0700][gc,start    ] GC(141) Pause Young (Normal) (G1 Evacuation Pause)
[2024-12-16T06:42:11.069+0700][gc,task     ] GC(141) Using 2 workers of 2 for evacuation
[2024-12-16T06:42:11.114+0700][gc,mmu      ] GC(141) MMU target violated: 21.0ms (20.0ms/21.0ms)
[2024-12-16T06:42:11.114+0700][gc,phases   ] GC(141)   Pre Evacuate Collection Set: 3.3ms
[2024-12-16T06:42:11.114+0700][gc,phases   ] GC(141)   Merge Heap Roots: 0.7ms
[2024-12-16T06:42:11.114+0700][gc,phases   ] GC(141)   Evacuate Collection Set: 37.3ms
[2024-12-16T06:42:11.114+0700][gc,phases   ] GC(141)   Post Evacuate Collection Set: 2.7ms
[2024-12-16T06:42:11.114+0700][gc,phases   ] GC(141)   Other: 1.1ms
[2024-12-16T06:42:11.114+0700][gc,heap     ] GC(141) Eden regions: 44->0(48)
[2024-12-16T06:42:11.114+0700][gc,heap     ] GC(141) Survivor regions: 7->3(7)
[2024-12-16T06:42:11.114+0700][gc,heap     ] GC(141) Old regions: 143->148
[2024-12-16T06:42:11.114+0700][gc,heap     ] GC(141) Archive regions: 2->2
[2024-12-16T06:42:11.114+0700][gc,heap     ] GC(141) Humongous regions: 129->129
[2024-12-16T06:42:11.114+0700][gc,metaspace] GC(141) Metaspace: 45075K(45632K)->45075K(45632K) NonClass: 39870K(40192K)->39870K(40192K) Class: 5205K(5440K)->5205K(5440K)
[2024-12-16T06:42:11.114+0700][gc          ] GC(141) Pause Young (Normal) (G1 Evacuation Pause) 323M->280M(1024M) 45.309ms
[2024-12-16T06:42:11.114+0700][gc,cpu      ] GC(141) User=0.09s Sys=0.00s Real=0.04s
[2024-12-16T06:43:49.126+0700][gc,start    ] GC(142) Pause Young (Normal) (G1 Evacuation Pause)
[2024-12-16T06:43:49.127+0700][gc,task     ] GC(142) Using 2 workers of 2 for evacuation
[2024-12-16T06:43:49.173+0700][gc,mmu      ] GC(142) MMU target violated: 21.0ms (20.0ms/21.0ms)
[2024-12-16T06:43:49.173+0700][gc,phases   ] GC(142)   Pre Evacuate Collection Set: 3.2ms
[2024-12-16T06:43:49.174+0700][gc,phases   ] GC(142)   Merge Heap Roots: 1.2ms
[2024-12-16T06:43:49.174+0700][gc,phases   ] GC(142)   Evacuate Collection Set: 38.6ms
[2024-12-16T06:43:49.174+0700][gc,phases   ] GC(142)   Post Evacuate Collection Set: 3.1ms
[2024-12-16T06:43:49.174+0700][gc,phases   ] GC(142)   Other: 1.2ms
[2024-12-16T06:43:49.174+0700][gc,heap     ] GC(142) Eden regions: 48->0(44)
[2024-12-16T06:43:49.174+0700][gc,heap     ] GC(142) Survivor regions: 3->7(7)
[2024-12-16T06:43:49.174+0700][gc,heap     ] GC(142) Old regions: 148->148
[2024-12-16T06:43:49.174+0700][gc,heap     ] GC(142) Archive regions: 2->2
[2024-12-16T06:43:49.174+0700][gc,heap     ] GC(142) Humongous regions: 129->129
[2024-12-16T06:43:49.174+0700][gc,metaspace] GC(142) Metaspace: 45075K(45632K)->45075K(45632K) NonClass: 39870K(40192K)->39870K(40192K) Class: 5205K(5440K)->5205K(5440K)
[2024-12-16T06:43:49.174+0700][gc          ] GC(142) Pause Young (Normal) (G1 Evacuation Pause) 328M->283M(1024M) 47.482ms
[2024-12-16T06:43:49.174+0700][gc,cpu      ] GC(142) User=0.09s Sys=0.00s Real=0.04s
[2024-12-16T06:45:18.889+0700][gc,start    ] GC(143) Pause Young (Normal) (G1 Evacuation Pause)
[2024-12-16T06:45:18.889+0700][gc,task     ] GC(143) Using 2 workers of 2 for evacuation
[2024-12-16T06:45:18.952+0700][gc,mmu      ] GC(143) MMU target violated: 21.0ms (20.0ms/21.0ms)
[2024-12-16T06:45:18.952+0700][gc,phases   ] GC(143)   Pre Evacuate Collection Set: 3.9ms
[2024-12-16T06:45:18.952+0700][gc,phases   ] GC(143)   Merge Heap Roots: 0.5ms
[2024-12-16T06:45:18.952+0700][gc,phases   ] GC(143)   Evacuate Collection Set: 53.6ms
[2024-12-16T06:45:18.952+0700][gc,phases   ] GC(143)   Post Evacuate Collection Set: 4.1ms
[2024-12-16T06:45:18.952+0700][gc,phases   ] GC(143)   Other: 1.4ms
[2024-12-16T06:45:18.952+0700][gc,heap     ] GC(143) Eden regions: 44->0(46)
[2024-12-16T06:45:18.952+0700][gc,heap     ] GC(143) Survivor regions: 7->5(7)
[2024-12-16T06:45:18.952+0700][gc,heap     ] GC(143) Old regions: 148->152
[2024-12-16T06:45:18.952+0700][gc,heap     ] GC(143) Archive regions: 2->2
[2024-12-16T06:45:18.952+0700][gc,heap     ] GC(143) Humongous regions: 129->129
[2024-12-16T06:45:18.952+0700][gc,metaspace] GC(143) Metaspace: 45075K(45632K)->45075K(45632K) NonClass: 39870K(40192K)->39870K(40192K) Class: 5205K(5440K)->5205K(5440K)
[2024-12-16T06:45:18.952+0700][gc          ] GC(143) Pause Young (Normal) (G1 Evacuation Pause) 327M->286M(1024M) 63.519ms
[2024-12-16T06:45:18.952+0700][gc,cpu      ] GC(143) User=0.12s Sys=0.00s Real=0.06s
[2024-12-16T06:46:51.848+0700][gc,start    ] GC(144) Pause Young (Normal) (G1 Evacuation Pause)
[2024-12-16T06:46:51.849+0700][gc,task     ] GC(144) Using 2 workers of 2 for evacuation
[2024-12-16T06:46:51.890+0700][gc,mmu      ] GC(144) MMU target violated: 21.0ms (20.0ms/21.0ms)
[2024-12-16T06:46:51.890+0700][gc,phases   ] GC(144)   Pre Evacuate Collection Set: 4.0ms
[2024-12-16T06:46:51.890+0700][gc,phases   ] GC(144)   Merge Heap Roots: 0.7ms
[2024-12-16T06:46:51.890+0700][gc,phases   ] GC(144)   Evacuate Collection Set: 32.8ms
[2024-12-16T06:46:51.890+0700][gc,phases   ] GC(144)   Post Evacuate Collection Set: 3.6ms
[2024-12-16T06:46:51.891+0700][gc,phases   ] GC(144)   Other: 1.4ms
[2024-12-16T06:46:51.891+0700][gc,heap     ] GC(144) Eden regions: 46->0(47)
[2024-12-16T06:46:51.891+0700][gc,heap     ] GC(144) Survivor regions: 5->4(7)
[2024-12-16T06:46:51.891+0700][gc,heap     ] GC(144) Old regions: 152->155
[2024-12-16T06:46:51.891+0700][gc,heap     ] GC(144) Archive regions: 2->2
[2024-12-16T06:46:51.891+0700][gc,heap     ] GC(144) Humongous regions: 129->129
[2024-12-16T06:46:51.891+0700][gc,metaspace] GC(144) Metaspace: 45075K(45632K)->45075K(45632K) NonClass: 39870K(40192K)->39870K(40192K) Class: 5205K(5440K)->5205K(5440K)
[2024-12-16T06:46:51.891+0700][gc          ] GC(144) Pause Young (Normal) (G1 Evacuation Pause) 332M->288M(1024M) 42.590ms
[2024-12-16T06:46:51.891+0700][gc,cpu      ] GC(144) User=0.08s Sys=0.00s Real=0.04s
[2024-12-16T06:48:27.388+0700][gc,start    ] GC(145) Pause Young (Normal) (G1 Evacuation Pause)
[2024-12-16T06:48:27.388+0700][gc,task     ] GC(145) Using 2 workers of 2 for evacuation
[2024-12-16T06:48:27.445+0700][gc,mmu      ] GC(145) MMU target violated: 21.0ms (20.0ms/21.0ms)
[2024-12-16T06:48:27.445+0700][gc,phases   ] GC(145)   Pre Evacuate Collection Set: 2.8ms
[2024-12-16T06:48:27.445+0700][gc,phases   ] GC(145)   Merge Heap Roots: 1.2ms
[2024-12-16T06:48:27.445+0700][gc,phases   ] GC(145)   Evacuate Collection Set: 48.7ms
[2024-12-16T06:48:27.445+0700][gc,phases   ] GC(145)   Post Evacuate Collection Set: 3.4ms
[2024-12-16T06:48:27.446+0700][gc,phases   ] GC(145)   Other: 1.6ms
[2024-12-16T06:48:27.446+0700][gc,heap     ] GC(145) Eden regions: 47->0(44)
[2024-12-16T06:48:27.446+0700][gc,heap     ] GC(145) Survivor regions: 4->7(7)
[2024-12-16T06:48:27.446+0700][gc,heap     ] GC(145) Old regions: 155->155
[2024-12-16T06:48:27.446+0700][gc,heap     ] GC(145) Archive regions: 2->2
[2024-12-16T06:48:27.446+0700][gc,heap     ] GC(145) Humongous regions: 129->129
[2024-12-16T06:48:27.446+0700][gc,metaspace] GC(145) Metaspace: 45075K(45632K)->45075K(45632K) NonClass: 39870K(40192K)->39870K(40192K) Class: 5205K(5440K)->5205K(5440K)
[2024-12-16T06:48:27.446+0700][gc          ] GC(145) Pause Young (Normal) (G1 Evacuation Pause) 335M->291M(1024M) 57.733ms
[2024-12-16T06:48:27.446+0700][gc,cpu      ] GC(145) User=0.11s Sys=0.00s Real=0.06s
[2024-12-16T06:49:56.257+0700][gc,start    ] GC(146) Pause Young (Normal) (G1 Evacuation Pause)
[2024-12-16T06:49:56.257+0700][gc,task     ] GC(146) Using 2 workers of 2 for evacuation
[2024-12-16T06:49:56.308+0700][gc,mmu      ] GC(146) MMU target violated: 21.0ms (20.0ms/21.0ms)
[2024-12-16T06:49:56.309+0700][gc,phases   ] GC(146)   Pre Evacuate Collection Set: 4.1ms
[2024-12-16T06:49:56.309+0700][gc,phases   ] GC(146)   Merge Heap Roots: 0.6ms
[2024-12-16T06:49:56.309+0700][gc,phases   ] GC(146)   Evacuate Collection Set: 43.8ms
[2024-12-16T06:49:56.309+0700][gc,phases   ] GC(146)   Post Evacuate Collection Set: 2.5ms
[2024-12-16T06:49:56.309+0700][gc,phases   ] GC(146)   Other: 1.2ms
[2024-12-16T06:49:56.309+0700][gc,heap     ] GC(146) Eden regions: 44->0(47)
[2024-12-16T06:49:56.309+0700][gc,heap     ] GC(146) Survivor regions: 7->4(7)
[2024-12-16T06:49:56.309+0700][gc,heap     ] GC(146) Old regions: 155->160
[2024-12-16T06:49:56.309+0700][gc,heap     ] GC(146) Archive regions: 2->2
[2024-12-16T06:49:56.309+0700][gc,heap     ] GC(146) Humongous regions: 129->129
[2024-12-16T06:49:56.309+0700][gc,metaspace] GC(146) Metaspace: 45075K(45632K)->45075K(45632K) NonClass: 39870K(40192K)->39870K(40192K) Class: 5205K(5440K)->5205K(5440K)
[2024-12-16T06:49:56.309+0700][gc          ] GC(146) Pause Young (Normal) (G1 Evacuation Pause) 335M->292M(1024M) 52.098ms
[2024-12-16T06:49:56.309+0700][gc,cpu      ] GC(146) User=0.10s Sys=0.00s Real=0.05s
[2024-12-16T06:51:32.530+0700][gc,start    ] GC(147) Pause Young (Normal) (G1 Evacuation Pause)
[2024-12-16T06:51:32.530+0700][gc,task     ] GC(147) Using 2 workers of 2 for evacuation
[2024-12-16T06:51:32.584+0700][gc,mmu      ] GC(147) MMU target violated: 21.0ms (20.0ms/21.0ms)
[2024-12-16T06:51:32.584+0700][gc,phases   ] GC(147)   Pre Evacuate Collection Set: 2.7ms
[2024-12-16T06:51:32.584+0700][gc,phases   ] GC(147)   Merge Heap Roots: 0.7ms
[2024-12-16T06:51:32.584+0700][gc,phases   ] GC(147)   Evacuate Collection Set: 46.5ms
[2024-12-16T06:51:32.584+0700][gc,phases   ] GC(147)   Post Evacuate Collection Set: 3.5ms
[2024-12-16T06:51:32.584+0700][gc,phases   ] GC(147)   Other: 1.3ms
[2024-12-16T06:51:32.585+0700][gc,heap     ] GC(147) Eden regions: 47->0(44)
[2024-12-16T06:51:32.585+0700][gc,heap     ] GC(147) Survivor regions: 4->7(7)
[2024-12-16T06:51:32.585+0700][gc,heap     ] GC(147) Old regions: 160->160
[2024-12-16T06:51:32.585+0700][gc,heap     ] GC(147) Archive regions: 2->2
[2024-12-16T06:51:32.585+0700][gc,heap     ] GC(147) Humongous regions: 129->129
[2024-12-16T06:51:32.585+0700][gc,metaspace] GC(147) Metaspace: 45075K(45632K)->45075K(45632K) NonClass: 39870K(40192K)->39870K(40192K) Class: 5205K(5440K)->5205K(5440K)
[2024-12-16T06:51:32.585+0700][gc          ] GC(147) Pause Young (Normal) (G1 Evacuation Pause) 339M->295M(1024M) 54.656ms
[2024-12-16T06:51:32.585+0700][gc,cpu      ] GC(147) User=0.11s Sys=0.00s Real=0.06s
[2024-12-16T06:53:01.693+0700][gc,start    ] GC(148) Pause Young (Normal) (G1 Evacuation Pause)
[2024-12-16T06:53:01.693+0700][gc,task     ] GC(148) Using 2 workers of 2 for evacuation
[2024-12-16T06:53:01.746+0700][gc,mmu      ] GC(148) MMU target violated: 21.0ms (20.0ms/21.0ms)
[2024-12-16T06:53:01.746+0700][gc,phases   ] GC(148)   Pre Evacuate Collection Set: 3.8ms
[2024-12-16T06:53:01.747+0700][gc,phases   ] GC(148)   Merge Heap Roots: 0.7ms
[2024-12-16T06:53:01.747+0700][gc,phases   ] GC(148)   Evacuate Collection Set: 43.9ms
[2024-12-16T06:53:01.747+0700][gc,phases   ] GC(148)   Post Evacuate Collection Set: 4.0ms
[2024-12-16T06:53:01.747+0700][gc,phases   ] GC(148)   Other: 1.3ms
[2024-12-16T06:53:01.747+0700][gc,heap     ] GC(148) Eden regions: 44->0(47)
[2024-12-16T06:53:01.747+0700][gc,heap     ] GC(148) Survivor regions: 7->4(7)
[2024-12-16T06:53:01.747+0700][gc,heap     ] GC(148) Old regions: 160->164
[2024-12-16T06:53:01.747+0700][gc,heap     ] GC(148) Archive regions: 2->2
[2024-12-16T06:53:01.747+0700][gc,heap     ] GC(148) Humongous regions: 129->129
[2024-12-16T06:53:01.747+0700][gc,metaspace] GC(148) Metaspace: 45075K(45632K)->45075K(45632K) NonClass: 39870K(40192K)->39870K(40192K) Class: 5205K(5440K)->5205K(5440K)
[2024-12-16T06:53:01.747+0700][gc          ] GC(148) Pause Young (Normal) (G1 Evacuation Pause) 339M->296M(1024M) 53.679ms
[2024-12-16T06:53:01.747+0700][gc,cpu      ] GC(148) User=0.10s Sys=0.00s Real=0.06s
[2024-12-16T06:54:36.847+0700][gc,start    ] GC(149) Pause Young (Normal) (G1 Evacuation Pause)
[2024-12-16T06:54:36.847+0700][gc,task     ] GC(149) Using 2 workers of 2 for evacuation
[2024-12-16T06:54:36.898+0700][gc,mmu      ] GC(149) MMU target violated: 21.0ms (20.0ms/21.0ms)
[2024-12-16T06:54:36.898+0700][gc,phases   ] GC(149)   Pre Evacuate Collection Set: 4.2ms
[2024-12-16T06:54:36.898+0700][gc,phases   ] GC(149)   Merge Heap Roots: 1.2ms
[2024-12-16T06:54:36.898+0700][gc,phases   ] GC(149)   Evacuate Collection Set: 41.3ms
[2024-12-16T06:54:36.898+0700][gc,phases   ] GC(149)   Post Evacuate Collection Set: 2.7ms
[2024-12-16T06:54:36.898+0700][gc,phases   ] GC(149)   Other: 2.0ms
[2024-12-16T06:54:36.898+0700][gc,heap     ] GC(149) Eden regions: 47->0(44)
[2024-12-16T06:54:36.898+0700][gc,heap     ] GC(149) Survivor regions: 4->7(7)
[2024-12-16T06:54:36.898+0700][gc,heap     ] GC(149) Old regions: 164->164
[2024-12-16T06:54:36.898+0700][gc,heap     ] GC(149) Archive regions: 2->2
[2024-12-16T06:54:36.898+0700][gc,heap     ] GC(149) Humongous regions: 129->129
[2024-12-16T06:54:36.898+0700][gc,metaspace] GC(149) Metaspace: 45075K(45632K)->45075K(45632K) NonClass: 39870K(40192K)->39870K(40192K) Class: 5205K(5440K)->5205K(5440K)
[2024-12-16T06:54:36.898+0700][gc          ] GC(149) Pause Young (Normal) (G1 Evacuation Pause) 343M->300M(1024M) 51.430ms
[2024-12-16T06:54:36.898+0700][gc,cpu      ] GC(149) User=0.09s Sys=0.00s Real=0.05s
[2024-12-16T06:56:06.138+0700][gc,start    ] GC(150) Pause Young (Normal) (G1 Evacuation Pause)
[2024-12-16T06:56:06.138+0700][gc,task     ] GC(150) Using 2 workers of 2 for evacuation
[2024-12-16T06:56:06.188+0700][gc,mmu      ] GC(150) MMU target violated: 21.0ms (20.0ms/21.0ms)
[2024-12-16T06:56:06.188+0700][gc,phases   ] GC(150)   Pre Evacuate Collection Set: 2.8ms
[2024-12-16T06:56:06.189+0700][gc,phases   ] GC(150)   Merge Heap Roots: 0.7ms
[2024-12-16T06:56:06.189+0700][gc,phases   ] GC(150)   Evacuate Collection Set: 43.5ms
[2024-12-16T06:56:06.189+0700][gc,phases   ] GC(150)   Post Evacuate Collection Set: 2.9ms
[2024-12-16T06:56:06.189+0700][gc,phases   ] GC(150)   Other: 1.2ms
[2024-12-16T06:56:06.189+0700][gc,heap     ] GC(150) Eden regions: 44->0(47)
[2024-12-16T06:56:06.189+0700][gc,heap     ] GC(150) Survivor regions: 7->4(7)
[2024-12-16T06:56:06.189+0700][gc,heap     ] GC(150) Old regions: 164->168
[2024-12-16T06:56:06.189+0700][gc,heap     ] GC(150) Archive regions: 2->2
[2024-12-16T06:56:06.189+0700][gc,heap     ] GC(150) Humongous regions: 129->129
[2024-12-16T06:56:06.189+0700][gc,metaspace] GC(150) Metaspace: 45075K(45632K)->45075K(45632K) NonClass: 39870K(40192K)->39870K(40192K) Class: 5205K(5440K)->5205K(5440K)
[2024-12-16T06:56:06.189+0700][gc          ] GC(150) Pause Young (Normal) (G1 Evacuation Pause) 344M->301M(1024M) 51.425ms
[2024-12-16T06:56:06.189+0700][gc,cpu      ] GC(150) User=0.10s Sys=0.00s Real=0.05s
[2024-12-16T06:57:42.444+0700][gc,start    ] GC(151) Pause Young (Normal) (G1 Evacuation Pause)
[2024-12-16T06:57:42.445+0700][gc,task     ] GC(151) Using 2 workers of 2 for evacuation
[2024-12-16T06:57:42.492+0700][gc,mmu      ] GC(151) MMU target violated: 21.0ms (20.0ms/21.0ms)
[2024-12-16T06:57:42.492+0700][gc,phases   ] GC(151)   Pre Evacuate Collection Set: 2.6ms
[2024-12-16T06:57:42.492+0700][gc,phases   ] GC(151)   Merge Heap Roots: 0.8ms
[2024-12-16T06:57:42.492+0700][gc,phases   ] GC(151)   Evacuate Collection Set: 39.8ms
[2024-12-16T06:57:42.492+0700][gc,phases   ] GC(151)   Post Evacuate Collection Set: 3.5ms
[2024-12-16T06:57:42.492+0700][gc,phases   ] GC(151)   Other: 1.6ms
[2024-12-16T06:57:42.492+0700][gc,heap     ] GC(151) Eden regions: 47->0(44)
[2024-12-16T06:57:42.492+0700][gc,heap     ] GC(151) Survivor regions: 4->7(7)
[2024-12-16T06:57:42.492+0700][gc,heap     ] GC(151) Old regions: 168->168
[2024-12-16T06:57:42.492+0700][gc,heap     ] GC(151) Archive regions: 2->2
[2024-12-16T06:57:42.492+0700][gc,heap     ] GC(151) Humongous regions: 129->129
[2024-12-16T06:57:42.492+0700][gc,metaspace] GC(151) Metaspace: 45075K(45632K)->45075K(45632K) NonClass: 39870K(40192K)->39870K(40192K) Class: 5205K(5440K)->5205K(5440K)
[2024-12-16T06:57:42.492+0700][gc          ] GC(151) Pause Young (Normal) (G1 Evacuation Pause) 348M->304M(1024M) 48.176ms
[2024-12-16T06:57:42.493+0700][gc,cpu      ] GC(151) User=0.09s Sys=0.00s Real=0.04s
[2024-12-16T06:59:11.223+0700][gc,start    ] GC(152) Pause Young (Normal) (G1 Evacuation Pause)
[2024-12-16T06:59:11.223+0700][gc,task     ] GC(152) Using 2 workers of 2 for evacuation
[2024-12-16T06:59:11.270+0700][gc,mmu      ] GC(152) MMU target violated: 21.0ms (20.0ms/21.0ms)
[2024-12-16T06:59:11.270+0700][gc,phases   ] GC(152)   Pre Evacuate Collection Set: 2.7ms
[2024-12-16T06:59:11.270+0700][gc,phases   ] GC(152)   Merge Heap Roots: 1.0ms
[2024-12-16T06:59:11.270+0700][gc,phases   ] GC(152)   Evacuate Collection Set: 39.3ms
[2024-12-16T06:59:11.270+0700][gc,phases   ] GC(152)   Post Evacuate Collection Set: 3.0ms
[2024-12-16T06:59:11.270+0700][gc,phases   ] GC(152)   Other: 1.3ms
[2024-12-16T06:59:11.270+0700][gc,heap     ] GC(152) Eden regions: 44->0(47)
[2024-12-16T06:59:11.270+0700][gc,heap     ] GC(152) Survivor regions: 7->4(7)
[2024-12-16T06:59:11.270+0700][gc,heap     ] GC(152) Old regions: 168->173
[2024-12-16T06:59:11.270+0700][gc,heap     ] GC(152) Archive regions: 2->2
[2024-12-16T06:59:11.270+0700][gc,heap     ] GC(152) Humongous regions: 129->129
[2024-12-16T06:59:11.270+0700][gc,metaspace] GC(152) Metaspace: 45075K(45632K)->45075K(45632K) NonClass: 39870K(40192K)->39870K(40192K) Class: 5205K(5440K)->5205K(5440K)
[2024-12-16T06:59:11.270+0700][gc          ] GC(152) Pause Young (Normal) (G1 Evacuation Pause) 348M->305M(1024M) 47.191ms
[2024-12-16T06:59:11.270+0700][gc,cpu      ] GC(152) User=0.08s Sys=0.00s Real=0.05s
[2024-12-16T07:00:47.364+0700][gc,start    ] GC(153) Pause Young (Normal) (G1 Evacuation Pause)
[2024-12-16T07:00:47.364+0700][gc,task     ] GC(153) Using 2 workers of 2 for evacuation
[2024-12-16T07:00:47.420+0700][gc,mmu      ] GC(153) MMU target violated: 21.0ms (20.0ms/21.0ms)
[2024-12-16T07:00:47.420+0700][gc,phases   ] GC(153)   Pre Evacuate Collection Set: 2.3ms
[2024-12-16T07:00:47.420+0700][gc,phases   ] GC(153)   Merge Heap Roots: 1.4ms
[2024-12-16T07:00:47.420+0700][gc,phases   ] GC(153)   Evacuate Collection Set: 48.1ms
[2024-12-16T07:00:47.420+0700][gc,phases   ] GC(153)   Post Evacuate Collection Set: 3.4ms
[2024-12-16T07:00:47.420+0700][gc,phases   ] GC(153)   Other: 1.4ms
[2024-12-16T07:00:47.421+0700][gc,heap     ] GC(153) Eden regions: 47->0(44)
[2024-12-16T07:00:47.421+0700][gc,heap     ] GC(153) Survivor regions: 4->7(7)
[2024-12-16T07:00:47.421+0700][gc,heap     ] GC(153) Old regions: 173->173
[2024-12-16T07:00:47.421+0700][gc,heap     ] GC(153) Archive regions: 2->2
[2024-12-16T07:00:47.421+0700][gc,heap     ] GC(153) Humongous regions: 129->129
[2024-12-16T07:00:47.421+0700][gc,metaspace] GC(153) Metaspace: 45075K(45632K)->45075K(45632K) NonClass: 39870K(40192K)->39870K(40192K) Class: 5205K(5440K)->5205K(5440K)
[2024-12-16T07:00:47.421+0700][gc          ] GC(153) Pause Young (Normal) (G1 Evacuation Pause) 352M->308M(1024M) 56.657ms
[2024-12-16T07:00:47.421+0700][gc,cpu      ] GC(153) User=0.11s Sys=0.01s Real=0.05s
[2024-12-16T07:02:16.837+0700][gc,start    ] GC(154) Pause Young (Normal) (G1 Evacuation Pause)
[2024-12-16T07:02:16.837+0700][gc,task     ] GC(154) Using 2 workers of 2 for evacuation
[2024-12-16T07:02:16.884+0700][gc,mmu      ] GC(154) MMU target violated: 21.0ms (20.0ms/21.0ms)
[2024-12-16T07:02:16.885+0700][gc,phases   ] GC(154)   Pre Evacuate Collection Set: 2.7ms
[2024-12-16T07:02:16.885+0700][gc,phases   ] GC(154)   Merge Heap Roots: 0.6ms
[2024-12-16T07:02:16.885+0700][gc,phases   ] GC(154)   Evacuate Collection Set: 40.7ms
[2024-12-16T07:02:16.885+0700][gc,phases   ] GC(154)   Post Evacuate Collection Set: 2.6ms
[2024-12-16T07:02:16.885+0700][gc,phases   ] GC(154)   Other: 1.1ms
[2024-12-16T07:02:16.885+0700][gc,heap     ] GC(154) Eden regions: 44->0(47)
[2024-12-16T07:02:16.885+0700][gc,heap     ] GC(154) Survivor regions: 7->4(7)
[2024-12-16T07:02:16.885+0700][gc,heap     ] GC(154) Old regions: 173->177
[2024-12-16T07:02:16.885+0700][gc,heap     ] GC(154) Archive regions: 2->2
[2024-12-16T07:02:16.885+0700][gc,heap     ] GC(154) Humongous regions: 129->129
[2024-12-16T07:02:16.885+0700][gc,metaspace] GC(154) Metaspace: 45076K(45632K)->45076K(45632K) NonClass: 39870K(40192K)->39870K(40192K) Class: 5205K(5440K)->5205K(5440K)
[2024-12-16T07:02:16.885+0700][gc          ] GC(154) Pause Young (Normal) (G1 Evacuation Pause) 352M->310M(1024M) 47.851ms
[2024-12-16T07:02:16.885+0700][gc,cpu      ] GC(154) User=0.09s Sys=0.00s Real=0.05s
[2024-12-16T07:03:51.836+0700][gc,start    ] GC(155) Pause Young (Normal) (G1 Evacuation Pause)
[2024-12-16T07:03:51.836+0700][gc,task     ] GC(155) Using 2 workers of 2 for evacuation
[2024-12-16T07:03:51.882+0700][gc,mmu      ] GC(155) MMU target violated: 21.0ms (20.0ms/21.0ms)
[2024-12-16T07:03:51.882+0700][gc,phases   ] GC(155)   Pre Evacuate Collection Set: 2.8ms
[2024-12-16T07:03:51.882+0700][gc,phases   ] GC(155)   Merge Heap Roots: 0.8ms
[2024-12-16T07:03:51.882+0700][gc,phases   ] GC(155)   Evacuate Collection Set: 38.3ms
[2024-12-16T07:03:51.882+0700][gc,phases   ] GC(155)   Post Evacuate Collection Set: 3.0ms
[2024-12-16T07:03:51.882+0700][gc,phases   ] GC(155)   Other: 1.5ms
[2024-12-16T07:03:51.882+0700][gc,heap     ] GC(155) Eden regions: 47->0(44)
[2024-12-16T07:03:51.882+0700][gc,heap     ] GC(155) Survivor regions: 4->7(7)
[2024-12-16T07:03:51.882+0700][gc,heap     ] GC(155) Old regions: 177->177
[2024-12-16T07:03:51.882+0700][gc,heap     ] GC(155) Archive regions: 2->2
[2024-12-16T07:03:51.882+0700][gc,heap     ] GC(155) Humongous regions: 129->129
[2024-12-16T07:03:51.882+0700][gc,metaspace] GC(155) Metaspace: 45076K(45632K)->45076K(45632K) NonClass: 39870K(40192K)->39870K(40192K) Class: 5205K(5440K)->5205K(5440K)
[2024-12-16T07:03:51.882+0700][gc          ] GC(155) Pause Young (Normal) (G1 Evacuation Pause) 357M->313M(1024M) 46.540ms
[2024-12-16T07:03:51.882+0700][gc,cpu      ] GC(155) User=0.08s Sys=0.01s Real=0.05s
[2024-12-16T07:05:21.172+0700][gc,start    ] GC(156) Pause Young (Normal) (G1 Evacuation Pause)
[2024-12-16T07:05:21.172+0700][gc,task     ] GC(156) Using 2 workers of 2 for evacuation
[2024-12-16T07:05:21.239+0700][gc,mmu      ] GC(156) MMU target violated: 21.0ms (20.0ms/21.0ms)
[2024-12-16T07:05:21.239+0700][gc,phases   ] GC(156)   Pre Evacuate Collection Set: 3.8ms
[2024-12-16T07:05:21.239+0700][gc,phases   ] GC(156)   Merge Heap Roots: 0.9ms
[2024-12-16T07:05:21.239+0700][gc,phases   ] GC(156)   Evacuate Collection Set: 57.5ms
[2024-12-16T07:05:21.239+0700][gc,phases   ] GC(156)   Post Evacuate Collection Set: 3.5ms
[2024-12-16T07:05:21.239+0700][gc,phases   ] GC(156)   Other: 1.4ms
[2024-12-16T07:05:21.239+0700][gc,heap     ] GC(156) Eden regions: 44->0(48)
[2024-12-16T07:05:21.239+0700][gc,heap     ] GC(156) Survivor regions: 7->3(7)
[2024-12-16T07:05:21.239+0700][gc,heap     ] GC(156) Old regions: 177->182
[2024-12-16T07:05:21.239+0700][gc,heap     ] GC(156) Archive regions: 2->2
[2024-12-16T07:05:21.239+0700][gc,heap     ] GC(156) Humongous regions: 129->129
[2024-12-16T07:05:21.239+0700][gc,metaspace] GC(156) Metaspace: 45076K(45632K)->45076K(45632K) NonClass: 39870K(40192K)->39870K(40192K) Class: 5205K(5440K)->5205K(5440K)
[2024-12-16T07:05:21.239+0700][gc          ] GC(156) Pause Young (Normal) (G1 Evacuation Pause) 357M->314M(1024M) 66.911ms
[2024-12-16T07:05:21.239+0700][gc,cpu      ] GC(156) User=0.13s Sys=0.00s Real=0.07s
[2024-12-16T07:06:59.665+0700][gc,start    ] GC(157) Pause Young (Normal) (G1 Evacuation Pause)
[2024-12-16T07:06:59.665+0700][gc,task     ] GC(157) Using 2 workers of 2 for evacuation
[2024-12-16T07:06:59.713+0700][gc,mmu      ] GC(157) MMU target violated: 21.0ms (20.0ms/21.0ms)
[2024-12-16T07:06:59.713+0700][gc,phases   ] GC(157)   Pre Evacuate Collection Set: 2.8ms
[2024-12-16T07:06:59.713+0700][gc,phases   ] GC(157)   Merge Heap Roots: 0.8ms
[2024-12-16T07:06:59.713+0700][gc,phases   ] GC(157)   Evacuate Collection Set: 39.8ms
[2024-12-16T07:06:59.713+0700][gc,phases   ] GC(157)   Post Evacuate Collection Set: 3.7ms
[2024-12-16T07:06:59.713+0700][gc,phases   ] GC(157)   Other: 1.5ms
[2024-12-16T07:06:59.713+0700][gc,heap     ] GC(157) Eden regions: 48->0(44)
[2024-12-16T07:06:59.713+0700][gc,heap     ] GC(157) Survivor regions: 3->7(7)
[2024-12-16T07:06:59.713+0700][gc,heap     ] GC(157) Old regions: 182->182
[2024-12-16T07:06:59.713+0700][gc,heap     ] GC(157) Archive regions: 2->2
[2024-12-16T07:06:59.713+0700][gc,heap     ] GC(157) Humongous regions: 129->129
[2024-12-16T07:06:59.713+0700][gc,metaspace] GC(157) Metaspace: 45076K(45632K)->45076K(45632K) NonClass: 39870K(40192K)->39870K(40192K) Class: 5205K(5440K)->5205K(5440K)
[2024-12-16T07:06:59.714+0700][gc          ] GC(157) Pause Young (Normal) (G1 Evacuation Pause) 362M->317M(1024M) 48.448ms
[2024-12-16T07:06:59.714+0700][gc,cpu      ] GC(157) User=0.09s Sys=0.00s Real=0.04s
[2024-12-16T07:08:29.082+0700][gc,start    ] GC(158) Pause Young (Normal) (G1 Evacuation Pause)
[2024-12-16T07:08:29.082+0700][gc,task     ] GC(158) Using 2 workers of 2 for evacuation
[2024-12-16T07:08:29.133+0700][gc,mmu      ] GC(158) MMU target violated: 21.0ms (20.0ms/21.0ms)
[2024-12-16T07:08:29.133+0700][gc,phases   ] GC(158)   Pre Evacuate Collection Set: 3.7ms
[2024-12-16T07:08:29.133+0700][gc,phases   ] GC(158)   Merge Heap Roots: 1.2ms
[2024-12-16T07:08:29.133+0700][gc,phases   ] GC(158)   Evacuate Collection Set: 42.3ms
[2024-12-16T07:08:29.133+0700][gc,phases   ] GC(158)   Post Evacuate Collection Set: 3.0ms
[2024-12-16T07:08:29.133+0700][gc,phases   ] GC(158)   Other: 1.2ms
[2024-12-16T07:08:29.133+0700][gc,heap     ] GC(158) Eden regions: 44->0(48)
[2024-12-16T07:08:29.133+0700][gc,heap     ] GC(158) Survivor regions: 7->3(7)
[2024-12-16T07:08:29.133+0700][gc,heap     ] GC(158) Old regions: 182->186
[2024-12-16T07:08:29.133+0700][gc,heap     ] GC(158) Archive regions: 2->2
[2024-12-16T07:08:29.133+0700][gc,heap     ] GC(158) Humongous regions: 129->129
[2024-12-16T07:08:29.133+0700][gc,metaspace] GC(158) Metaspace: 45076K(45632K)->45076K(45632K) NonClass: 39870K(40192K)->39870K(40192K) Class: 5205K(5440K)->5205K(5440K)
[2024-12-16T07:08:29.133+0700][gc          ] GC(158) Pause Young (Normal) (G1 Evacuation Pause) 361M->318M(1024M) 51.359ms
[2024-12-16T07:08:29.133+0700][gc,cpu      ] GC(158) User=0.10s Sys=0.00s Real=0.05s
[2024-12-16T07:09:55.515+0700][gc,start    ] GC(159) Pause Young (Normal) (G1 Evacuation Pause)
[2024-12-16T07:09:55.515+0700][gc,task     ] GC(159) Using 2 workers of 2 for evacuation
[2024-12-16T07:09:55.574+0700][gc,mmu      ] GC(159) MMU target violated: 21.0ms (20.0ms/21.0ms)
[2024-12-16T07:09:55.575+0700][gc,phases   ] GC(159)   Pre Evacuate Collection Set: 2.2ms
[2024-12-16T07:09:55.575+0700][gc,phases   ] GC(159)   Merge Heap Roots: 0.8ms
[2024-12-16T07:09:55.575+0700][gc,phases   ] GC(159)   Evacuate Collection Set: 52.9ms
[2024-12-16T07:09:55.575+0700][gc,phases   ] GC(159)   Post Evacuate Collection Set: 2.8ms
[2024-12-16T07:09:55.575+0700][gc,phases   ] GC(159)   Other: 1.2ms
[2024-12-16T07:09:55.575+0700][gc,heap     ] GC(159) Eden regions: 48->0(44)
[2024-12-16T07:09:55.575+0700][gc,heap     ] GC(159) Survivor regions: 3->7(7)
[2024-12-16T07:09:55.575+0700][gc,heap     ] GC(159) Old regions: 186->187
[2024-12-16T07:09:55.575+0700][gc,heap     ] GC(159) Archive regions: 2->2
[2024-12-16T07:09:55.575+0700][gc,heap     ] GC(159) Humongous regions: 129->129
[2024-12-16T07:09:55.575+0700][gc,metaspace] GC(159) Metaspace: 45077K(45632K)->45077K(45632K) NonClass: 39872K(40192K)->39872K(40192K) Class: 5205K(5440K)->5205K(5440K)
[2024-12-16T07:09:55.575+0700][gc          ] GC(159) Pause Young (Normal) (G1 Evacuation Pause) 366M->323M(1024M) 59.844ms
[2024-12-16T07:09:55.575+0700][gc,cpu      ] GC(159) User=0.12s Sys=0.00s Real=0.06s
[2024-12-16T07:11:25.401+0700][gc,start    ] GC(160) Pause Young (Normal) (G1 Evacuation Pause)
[2024-12-16T07:11:25.402+0700][gc,task     ] GC(160) Using 2 workers of 2 for evacuation
[2024-12-16T07:11:25.464+0700][gc,mmu      ] GC(160) MMU target violated: 21.0ms (20.0ms/21.0ms)
[2024-12-16T07:11:25.464+0700][gc,phases   ] GC(160)   Pre Evacuate Collection Set: 2.7ms
[2024-12-16T07:11:25.464+0700][gc,phases   ] GC(160)   Merge Heap Roots: 0.7ms
[2024-12-16T07:11:25.464+0700][gc,phases   ] GC(160)   Evacuate Collection Set: 55.2ms
[2024-12-16T07:11:25.464+0700][gc,phases   ] GC(160)   Post Evacuate Collection Set: 3.5ms
[2024-12-16T07:11:25.464+0700][gc,phases   ] GC(160)   Other: 1.3ms
[2024-12-16T07:11:25.465+0700][gc,heap     ] GC(160) Eden regions: 44->0(47)
[2024-12-16T07:11:25.465+0700][gc,heap     ] GC(160) Survivor regions: 7->4(7)
[2024-12-16T07:11:25.465+0700][gc,heap     ] GC(160) Old regions: 187->192
[2024-12-16T07:11:25.465+0700][gc,heap     ] GC(160) Archive regions: 2->2
[2024-12-16T07:11:25.465+0700][gc,heap     ] GC(160) Humongous regions: 129->129
[2024-12-16T07:11:25.465+0700][gc,metaspace] GC(160) Metaspace: 45077K(45632K)->45077K(45632K) NonClass: 39872K(40192K)->39872K(40192K) Class: 5205K(5440K)->5205K(5440K)
[2024-12-16T07:11:25.465+0700][gc          ] GC(160) Pause Young (Normal) (G1 Evacuation Pause) 367M->325M(1024M) 63.379ms
[2024-12-16T07:11:25.465+0700][gc,cpu      ] GC(160) User=0.13s Sys=0.00s Real=0.07s
[2024-12-16T07:13:00.840+0700][gc,start    ] GC(161) Pause Young (Normal) (G1 Evacuation Pause)
[2024-12-16T07:13:00.840+0700][gc,task     ] GC(161) Using 2 workers of 2 for evacuation
[2024-12-16T07:13:00.882+0700][gc,mmu      ] GC(161) MMU target violated: 21.0ms (20.0ms/21.0ms)
[2024-12-16T07:13:00.883+0700][gc,phases   ] GC(161)   Pre Evacuate Collection Set: 3.9ms
[2024-12-16T07:13:00.883+0700][gc,phases   ] GC(161)   Merge Heap Roots: 1.0ms
[2024-12-16T07:13:00.883+0700][gc,phases   ] GC(161)   Evacuate Collection Set: 33.1ms
[2024-12-16T07:13:00.883+0700][gc,phases   ] GC(161)   Post Evacuate Collection Set: 3.9ms
[2024-12-16T07:13:00.883+0700][gc,phases   ] GC(161)   Other: 1.5ms
[2024-12-16T07:13:00.883+0700][gc,heap     ] GC(161) Eden regions: 47->0(46)
[2024-12-16T07:13:00.883+0700][gc,heap     ] GC(161) Survivor regions: 4->5(7)
[2024-12-16T07:13:00.883+0700][gc,heap     ] GC(161) Old regions: 192->192
[2024-12-16T07:13:00.883+0700][gc,heap     ] GC(161) Archive regions: 2->2
[2024-12-16T07:13:00.883+0700][gc,heap     ] GC(161) Humongous regions: 129->129
[2024-12-16T07:13:00.883+0700][gc,metaspace] GC(161) Metaspace: 45077K(45632K)->45077K(45632K) NonClass: 39872K(40192K)->39872K(40192K) Class: 5205K(5440K)->5205K(5440K)
[2024-12-16T07:13:00.883+0700][gc          ] GC(161) Pause Young (Normal) (G1 Evacuation Pause) 372M->326M(1024M) 43.511ms
[2024-12-16T07:13:00.883+0700][gc,cpu      ] GC(161) User=0.07s Sys=0.00s Real=0.04s
[2024-12-16T07:14:34.481+0700][gc,start    ] GC(162) Pause Young (Normal) (G1 Evacuation Pause)
[2024-12-16T07:14:34.482+0700][gc,task     ] GC(162) Using 2 workers of 2 for evacuation
[2024-12-16T07:14:34.565+0700][gc,mmu      ] GC(162) MMU target violated: 21.0ms (20.0ms/21.0ms)
[2024-12-16T07:14:34.565+0700][gc,phases   ] GC(162)   Pre Evacuate Collection Set: 6.2ms
[2024-12-16T07:14:34.565+0700][gc,phases   ] GC(162)   Merge Heap Roots: 1.7ms
[2024-12-16T07:14:34.565+0700][gc,phases   ] GC(162)   Evacuate Collection Set: 69.3ms
[2024-12-16T07:14:34.565+0700][gc,phases   ] GC(162)   Post Evacuate Collection Set: 4.9ms
[2024-12-16T07:14:34.565+0700][gc,phases   ] GC(162)   Other: 2.3ms
[2024-12-16T07:14:34.565+0700][gc,heap     ] GC(162) Eden regions: 46->0(44)
[2024-12-16T07:14:34.565+0700][gc,heap     ] GC(162) Survivor regions: 5->7(7)
[2024-12-16T07:14:34.565+0700][gc,heap     ] GC(162) Old regions: 192->193
[2024-12-16T07:14:34.565+0700][gc,heap     ] GC(162) Archive regions: 2->2
[2024-12-16T07:14:34.565+0700][gc,heap     ] GC(162) Humongous regions: 129->129
[2024-12-16T07:14:34.565+0700][gc,metaspace] GC(162) Metaspace: 45079K(45632K)->45079K(45632K) NonClass: 39873K(40192K)->39873K(40192K) Class: 5205K(5440K)->5205K(5440K)
[2024-12-16T07:14:34.565+0700][gc          ] GC(162) Pause Young (Normal) (G1 Evacuation Pause) 372M->329M(1024M) 84.130ms
[2024-12-16T07:14:34.565+0700][gc,cpu      ] GC(162) User=0.16s Sys=0.00s Real=0.09s
[2024-12-16T07:16:03.984+0700][gc,start    ] GC(163) Pause Young (Normal) (G1 Evacuation Pause)
[2024-12-16T07:16:03.984+0700][gc,task     ] GC(163) Using 2 workers of 2 for evacuation
[2024-12-16T07:16:04.043+0700][gc,mmu      ] GC(163) MMU target violated: 21.0ms (20.0ms/21.0ms)
[2024-12-16T07:16:04.043+0700][gc,phases   ] GC(163)   Pre Evacuate Collection Set: 4.2ms
[2024-12-16T07:16:04.043+0700][gc,phases   ] GC(163)   Merge Heap Roots: 1.3ms
[2024-12-16T07:16:04.043+0700][gc,phases   ] GC(163)   Evacuate Collection Set: 48.1ms
[2024-12-16T07:16:04.043+0700][gc,phases   ] GC(163)   Post Evacuate Collection Set: 3.9ms
[2024-12-16T07:16:04.043+0700][gc,phases   ] GC(163)   Other: 1.7ms
[2024-12-16T07:16:04.043+0700][gc,heap     ] GC(163) Eden regions: 44->0(47)
[2024-12-16T07:16:04.043+0700][gc,heap     ] GC(163) Survivor regions: 7->4(7)
[2024-12-16T07:16:04.043+0700][gc,heap     ] GC(163) Old regions: 193->198
[2024-12-16T07:16:04.043+0700][gc,heap     ] GC(163) Archive regions: 2->2
[2024-12-16T07:16:04.043+0700][gc,heap     ] GC(163) Humongous regions: 129->129
[2024-12-16T07:16:04.043+0700][gc,metaspace] GC(163) Metaspace: 45079K(45632K)->45079K(45632K) NonClass: 39873K(40192K)->39873K(40192K) Class: 5205K(5440K)->5205K(5440K)
[2024-12-16T07:16:04.043+0700][gc          ] GC(163) Pause Young (Normal) (G1 Evacuation Pause) 373M->330M(1024M) 58.966ms
[2024-12-16T07:16:04.043+0700][gc,cpu      ] GC(163) User=0.10s Sys=0.01s Real=0.05s
[2024-12-16T07:17:39.855+0700][gc,start    ] GC(164) Pause Young (Normal) (G1 Evacuation Pause)
[2024-12-16T07:17:39.855+0700][gc,task     ] GC(164) Using 2 workers of 2 for evacuation
[2024-12-16T07:17:39.918+0700][gc,mmu      ] GC(164) MMU target violated: 21.0ms (20.0ms/21.0ms)
[2024-12-16T07:17:39.918+0700][gc,phases   ] GC(164)   Pre Evacuate Collection Set: 6.2ms
[2024-12-16T07:17:39.918+0700][gc,phases   ] GC(164)   Merge Heap Roots: 0.7ms
[2024-12-16T07:17:39.918+0700][gc,phases   ] GC(164)   Evacuate Collection Set: 51.4ms
[2024-12-16T07:17:39.918+0700][gc,phases   ] GC(164)   Post Evacuate Collection Set: 3.5ms
[2024-12-16T07:17:39.918+0700][gc,phases   ] GC(164)   Other: 1.3ms
[2024-12-16T07:17:39.918+0700][gc,heap     ] GC(164) Eden regions: 47->0(44)
[2024-12-16T07:17:39.918+0700][gc,heap     ] GC(164) Survivor regions: 4->7(7)
[2024-12-16T07:17:39.918+0700][gc,heap     ] GC(164) Old regions: 198->198
[2024-12-16T07:17:39.918+0700][gc,heap     ] GC(164) Archive regions: 2->2
[2024-12-16T07:17:39.918+0700][gc,heap     ] GC(164) Humongous regions: 129->129
[2024-12-16T07:17:39.918+0700][gc,metaspace] GC(164) Metaspace: 45079K(45632K)->45079K(45632K) NonClass: 39873K(40192K)->39873K(40192K) Class: 5205K(5440K)->5205K(5440K)
[2024-12-16T07:17:39.918+0700][gc          ] GC(164) Pause Young (Normal) (G1 Evacuation Pause) 377M->334M(1024M) 63.100ms
[2024-12-16T07:17:39.918+0700][gc,cpu      ] GC(164) User=0.12s Sys=0.00s Real=0.07s
[2024-12-16T07:19:09.205+0700][gc,start    ] GC(165) Pause Young (Normal) (G1 Evacuation Pause)
[2024-12-16T07:19:09.205+0700][gc,task     ] GC(165) Using 2 workers of 2 for evacuation
[2024-12-16T07:19:09.257+0700][gc,mmu      ] GC(165) MMU target violated: 21.0ms (20.0ms/21.0ms)
[2024-12-16T07:19:09.257+0700][gc,phases   ] GC(165)   Pre Evacuate Collection Set: 2.7ms
[2024-12-16T07:19:09.257+0700][gc,phases   ] GC(165)   Merge Heap Roots: 0.9ms
[2024-12-16T07:19:09.257+0700][gc,phases   ] GC(165)   Evacuate Collection Set: 43.6ms
[2024-12-16T07:19:09.257+0700][gc,phases   ] GC(165)   Post Evacuate Collection Set: 3.5ms
[2024-12-16T07:19:09.257+0700][gc,phases   ] GC(165)   Other: 1.5ms
[2024-12-16T07:19:09.257+0700][gc,heap     ] GC(165) Eden regions: 44->0(47)
[2024-12-16T07:19:09.257+0700][gc,heap     ] GC(165) Survivor regions: 7->4(7)
[2024-12-16T07:19:09.257+0700][gc,heap     ] GC(165) Old regions: 198->202
[2024-12-16T07:19:09.257+0700][gc,heap     ] GC(165) Archive regions: 2->2
[2024-12-16T07:19:09.257+0700][gc,heap     ] GC(165) Humongous regions: 129->129
[2024-12-16T07:19:09.257+0700][gc,metaspace] GC(165) Metaspace: 45080K(45632K)->45080K(45632K) NonClass: 39874K(40192K)->39874K(40192K) Class: 5205K(5440K)->5205K(5440K)
[2024-12-16T07:19:09.257+0700][gc          ] GC(165) Pause Young (Normal) (G1 Evacuation Pause) 378M->335M(1024M) 52.034ms
[2024-12-16T07:19:09.257+0700][gc,cpu      ] GC(165) User=0.10s Sys=0.00s Real=0.05s
[2024-12-16T07:20:45.102+0700][gc,start    ] GC(166) Pause Young (Normal) (G1 Evacuation Pause)
[2024-12-16T07:20:45.102+0700][gc,task     ] GC(166) Using 2 workers of 2 for evacuation
[2024-12-16T07:20:45.162+0700][gc,mmu      ] GC(166) MMU target violated: 21.0ms (20.0ms/21.0ms)
[2024-12-16T07:20:45.163+0700][gc,phases   ] GC(166)   Pre Evacuate Collection Set: 3.1ms
[2024-12-16T07:20:45.163+0700][gc,phases   ] GC(166)   Merge Heap Roots: 0.7ms
[2024-12-16T07:20:45.163+0700][gc,phases   ] GC(166)   Evacuate Collection Set: 52.6ms
[2024-12-16T07:20:45.163+0700][gc,phases   ] GC(166)   Post Evacuate Collection Set: 3.6ms
[2024-12-16T07:20:45.163+0700][gc,phases   ] GC(166)   Other: 1.4ms
[2024-12-16T07:20:45.163+0700][gc,heap     ] GC(166) Eden regions: 47->0(44)
[2024-12-16T07:20:45.163+0700][gc,heap     ] GC(166) Survivor regions: 4->7(7)
[2024-12-16T07:20:45.163+0700][gc,heap     ] GC(166) Old regions: 202->202
[2024-12-16T07:20:45.163+0700][gc,heap     ] GC(166) Archive regions: 2->2
[2024-12-16T07:20:45.163+0700][gc,heap     ] GC(166) Humongous regions: 129->129
[2024-12-16T07:20:45.163+0700][gc,metaspace] GC(166) Metaspace: 45080K(45632K)->45080K(45632K) NonClass: 39874K(40192K)->39874K(40192K) Class: 5205K(5440K)->5205K(5440K)
[2024-12-16T07:20:45.163+0700][gc          ] GC(166) Pause Young (Normal) (G1 Evacuation Pause) 382M->338M(1024M) 61.328ms
[2024-12-16T07:20:45.163+0700][gc,cpu      ] GC(166) User=0.12s Sys=0.00s Real=0.06s
[2024-12-16T07:22:13.938+0700][gc,start    ] GC(167) Pause Young (Normal) (G1 Evacuation Pause)
[2024-12-16T07:22:13.938+0700][gc,task     ] GC(167) Using 2 workers of 2 for evacuation
[2024-12-16T07:22:14.001+0700][gc,mmu      ] GC(167) MMU target violated: 21.0ms (20.0ms/21.0ms)
[2024-12-16T07:22:14.002+0700][gc,phases   ] GC(167)   Pre Evacuate Collection Set: 4.0ms
[2024-12-16T07:22:14.002+0700][gc,phases   ] GC(167)   Merge Heap Roots: 0.8ms
[2024-12-16T07:22:14.002+0700][gc,phases   ] GC(167)   Evacuate Collection Set: 54.6ms
[2024-12-16T07:22:14.002+0700][gc,phases   ] GC(167)   Post Evacuate Collection Set: 3.4ms
[2024-12-16T07:22:14.002+0700][gc,phases   ] GC(167)   Other: 1.9ms
[2024-12-16T07:22:14.002+0700][gc,heap     ] GC(167) Eden regions: 44->0(47)
[2024-12-16T07:22:14.002+0700][gc,heap     ] GC(167) Survivor regions: 7->4(7)
[2024-12-16T07:22:14.002+0700][gc,heap     ] GC(167) Old regions: 202->207
[2024-12-16T07:22:14.002+0700][gc,heap     ] GC(167) Archive regions: 2->2
[2024-12-16T07:22:14.002+0700][gc,heap     ] GC(167) Humongous regions: 129->129
[2024-12-16T07:22:14.002+0700][gc,metaspace] GC(167) Metaspace: 45080K(45632K)->45080K(45632K) NonClass: 39875K(40192K)->39875K(40192K) Class: 5205K(5440K)->5205K(5440K)
[2024-12-16T07:22:14.002+0700][gc          ] GC(167) Pause Young (Normal) (G1 Evacuation Pause) 382M->339M(1024M) 64.556ms
[2024-12-16T07:22:14.002+0700][gc,cpu      ] GC(167) User=0.12s Sys=0.00s Real=0.06s
[2024-12-16T07:23:49.667+0700][gc,start    ] GC(168) Pause Young (Normal) (G1 Evacuation Pause)
[2024-12-16T07:23:49.667+0700][gc,task     ] GC(168) Using 2 workers of 2 for evacuation
[2024-12-16T07:23:49.713+0700][gc,mmu      ] GC(168) MMU target violated: 21.0ms (20.0ms/21.0ms)
[2024-12-16T07:23:49.713+0700][gc,phases   ] GC(168)   Pre Evacuate Collection Set: 2.5ms
[2024-12-16T07:23:49.713+0700][gc,phases   ] GC(168)   Merge Heap Roots: 1.1ms
[2024-12-16T07:23:49.713+0700][gc,phases   ] GC(168)   Evacuate Collection Set: 38.4ms
[2024-12-16T07:23:49.713+0700][gc,phases   ] GC(168)   Post Evacuate Collection Set: 3.6ms
[2024-12-16T07:23:49.713+0700][gc,phases   ] GC(168)   Other: 1.1ms
[2024-12-16T07:23:49.713+0700][gc,heap     ] GC(168) Eden regions: 47->0(44)
[2024-12-16T07:23:49.713+0700][gc,heap     ] GC(168) Survivor regions: 4->7(7)
[2024-12-16T07:23:49.713+0700][gc,heap     ] GC(168) Old regions: 207->207
[2024-12-16T07:23:49.713+0700][gc,heap     ] GC(168) Archive regions: 2->2
[2024-12-16T07:23:49.713+0700][gc,heap     ] GC(168) Humongous regions: 129->129
[2024-12-16T07:23:49.713+0700][gc,metaspace] GC(168) Metaspace: 45080K(45632K)->45080K(45632K) NonClass: 39875K(40192K)->39875K(40192K) Class: 5205K(5440K)->5205K(5440K)
[2024-12-16T07:23:49.713+0700][gc          ] GC(168) Pause Young (Normal) (G1 Evacuation Pause) 386M->342M(1024M) 46.739ms
[2024-12-16T07:23:49.713+0700][gc,cpu      ] GC(168) User=0.09s Sys=0.00s Real=0.04s
[2024-12-16T07:25:19.056+0700][gc,start    ] GC(169) Pause Young (Normal) (G1 Evacuation Pause)
[2024-12-16T07:25:19.056+0700][gc,task     ] GC(169) Using 2 workers of 2 for evacuation
[2024-12-16T07:25:19.105+0700][gc,mmu      ] GC(169) MMU target violated: 21.0ms (20.0ms/21.0ms)
[2024-12-16T07:25:19.106+0700][gc,phases   ] GC(169)   Pre Evacuate Collection Set: 3.6ms
[2024-12-16T07:25:19.106+0700][gc,phases   ] GC(169)   Merge Heap Roots: 0.8ms
[2024-12-16T07:25:19.106+0700][gc,phases   ] GC(169)   Evacuate Collection Set: 42.0ms
[2024-12-16T07:25:19.106+0700][gc,phases   ] GC(169)   Post Evacuate Collection Set: 2.6ms
[2024-12-16T07:25:19.106+0700][gc,phases   ] GC(169)   Other: 1.4ms
[2024-12-16T07:25:19.106+0700][gc,heap     ] GC(169) Eden regions: 44->0(48)
[2024-12-16T07:25:19.106+0700][gc,heap     ] GC(169) Survivor regions: 7->3(7)
[2024-12-16T07:25:19.106+0700][gc,heap     ] GC(169) Old regions: 207->211
[2024-12-16T07:25:19.106+0700][gc,heap     ] GC(169) Archive regions: 2->2
[2024-12-16T07:25:19.106+0700][gc,heap     ] GC(169) Humongous regions: 129->129
[2024-12-16T07:25:19.106+0700][gc,metaspace] GC(169) Metaspace: 45088K(45632K)->45088K(45632K) NonClass: 39883K(40192K)->39883K(40192K) Class: 5205K(5440K)->5205K(5440K)
[2024-12-16T07:25:19.106+0700][gc          ] GC(169) Pause Young (Normal) (G1 Evacuation Pause) 386M->343M(1024M) 50.235ms
[2024-12-16T07:25:19.106+0700][gc,cpu      ] GC(169) User=0.09s Sys=0.00s Real=0.06s
[2024-12-16T07:26:57.296+0700][gc,start    ] GC(170) Pause Young (Normal) (G1 Evacuation Pause)
[2024-12-16T07:26:57.296+0700][gc,task     ] GC(170) Using 2 workers of 2 for evacuation
[2024-12-16T07:26:57.340+0700][gc,mmu      ] GC(170) MMU target violated: 21.0ms (20.0ms/21.0ms)
[2024-12-16T07:26:57.340+0700][gc,phases   ] GC(170)   Pre Evacuate Collection Set: 2.3ms
[2024-12-16T07:26:57.340+0700][gc,phases   ] GC(170)   Merge Heap Roots: 0.7ms
[2024-12-16T07:26:57.340+0700][gc,phases   ] GC(170)   Evacuate Collection Set: 37.2ms
[2024-12-16T07:26:57.340+0700][gc,phases   ] GC(170)   Post Evacuate Collection Set: 3.3ms
[2024-12-16T07:26:57.340+0700][gc,phases   ] GC(170)   Other: 1.1ms
[2024-12-16T07:26:57.340+0700][gc,heap     ] GC(170) Eden regions: 48->0(44)
[2024-12-16T07:26:57.340+0700][gc,heap     ] GC(170) Survivor regions: 3->7(7)
[2024-12-16T07:26:57.340+0700][gc,heap     ] GC(170) Old regions: 211->211
[2024-12-16T07:26:57.340+0700][gc,heap     ] GC(170) Archive regions: 2->2
[2024-12-16T07:26:57.340+0700][gc,heap     ] GC(170) Humongous regions: 129->129
[2024-12-16T07:26:57.340+0700][gc,metaspace] GC(170) Metaspace: 45088K(45632K)->45088K(45632K) NonClass: 39883K(40192K)->39883K(40192K) Class: 5205K(5440K)->5205K(5440K)
[2024-12-16T07:26:57.340+0700][gc          ] GC(170) Pause Young (Normal) (G1 Evacuation Pause) 391M->347M(1024M) 44.532ms
[2024-12-16T07:26:57.340+0700][gc,cpu      ] GC(170) User=0.09s Sys=0.00s Real=0.05s
[2024-12-16T07:28:26.248+0700][gc,start    ] GC(171) Pause Young (Normal) (G1 Evacuation Pause)
[2024-12-16T07:28:26.248+0700][gc,task     ] GC(171) Using 2 workers of 2 for evacuation
[2024-12-16T07:28:26.299+0700][gc,mmu      ] GC(171) MMU target violated: 21.0ms (20.0ms/21.0ms)
[2024-12-16T07:28:26.299+0700][gc,phases   ] GC(171)   Pre Evacuate Collection Set: 2.6ms
[2024-12-16T07:28:26.299+0700][gc,phases   ] GC(171)   Merge Heap Roots: 0.5ms
[2024-12-16T07:28:26.299+0700][gc,phases   ] GC(171)   Evacuate Collection Set: 44.7ms
[2024-12-16T07:28:26.299+0700][gc,phases   ] GC(171)   Post Evacuate Collection Set: 2.5ms
[2024-12-16T07:28:26.299+0700][gc,phases   ] GC(171)   Other: 1.2ms
[2024-12-16T07:28:26.299+0700][gc,heap     ] GC(171) Eden regions: 44->0(48)
[2024-12-16T07:28:26.299+0700][gc,heap     ] GC(171) Survivor regions: 7->3(7)
[2024-12-16T07:28:26.299+0700][gc,heap     ] GC(171) Old regions: 211->216
[2024-12-16T07:28:26.299+0700][gc,heap     ] GC(171) Archive regions: 2->2
[2024-12-16T07:28:26.299+0700][gc,heap     ] GC(171) Humongous regions: 129->129
[2024-12-16T07:28:26.299+0700][gc,metaspace] GC(171) Metaspace: 45090K(45632K)->45090K(45632K) NonClass: 39885K(40192K)->39885K(40192K) Class: 5205K(5440K)->5205K(5440K)
[2024-12-16T07:28:26.299+0700][gc          ] GC(171) Pause Young (Normal) (G1 Evacuation Pause) 391M->348M(1024M) 51.574ms
[2024-12-16T07:28:26.299+0700][gc,cpu      ] GC(171) User=0.10s Sys=0.00s Real=0.05s
[2024-12-16T07:30:03.705+0700][gc,start    ] GC(172) Pause Young (Normal) (G1 Evacuation Pause)
[2024-12-16T07:30:03.705+0700][gc,task     ] GC(172) Using 2 workers of 2 for evacuation
[2024-12-16T07:30:03.752+0700][gc,mmu      ] GC(172) MMU target violated: 21.0ms (20.0ms/21.0ms)
[2024-12-16T07:30:03.752+0700][gc,phases   ] GC(172)   Pre Evacuate Collection Set: 2.7ms
[2024-12-16T07:30:03.752+0700][gc,phases   ] GC(172)   Merge Heap Roots: 1.2ms
[2024-12-16T07:30:03.752+0700][gc,phases   ] GC(172)   Evacuate Collection Set: 39.8ms
[2024-12-16T07:30:03.752+0700][gc,phases   ] GC(172)   Post Evacuate Collection Set: 2.7ms
[2024-12-16T07:30:03.752+0700][gc,phases   ] GC(172)   Other: 1.4ms
[2024-12-16T07:30:03.752+0700][gc,heap     ] GC(172) Eden regions: 48->0(44)
[2024-12-16T07:30:03.752+0700][gc,heap     ] GC(172) Survivor regions: 3->7(7)
[2024-12-16T07:30:03.752+0700][gc,heap     ] GC(172) Old regions: 216->216
[2024-12-16T07:30:03.752+0700][gc,heap     ] GC(172) Archive regions: 2->2
[2024-12-16T07:30:03.752+0700][gc,heap     ] GC(172) Humongous regions: 129->129
[2024-12-16T07:30:03.752+0700][gc,metaspace] GC(172) Metaspace: 45090K(45632K)->45090K(45632K) NonClass: 39885K(40192K)->39885K(40192K) Class: 5205K(5440K)->5205K(5440K)
[2024-12-16T07:30:03.752+0700][gc          ] GC(172) Pause Young (Normal) (G1 Evacuation Pause) 396M->351M(1024M) 47.728ms
[2024-12-16T07:30:03.752+0700][gc,cpu      ] GC(172) User=0.08s Sys=0.00s Real=0.04s
[2024-12-16T07:31:32.961+0700][gc,start    ] GC(173) Pause Young (Normal) (G1 Evacuation Pause)
[2024-12-16T07:31:32.962+0700][gc,task     ] GC(173) Using 2 workers of 2 for evacuation
[2024-12-16T07:31:33.009+0700][gc,mmu      ] GC(173) MMU target violated: 21.0ms (20.0ms/21.0ms)
[2024-12-16T07:31:33.009+0700][gc,phases   ] GC(173)   Pre Evacuate Collection Set: 3.7ms
[2024-12-16T07:31:33.009+0700][gc,phases   ] GC(173)   Merge Heap Roots: 0.6ms
[2024-12-16T07:31:33.009+0700][gc,phases   ] GC(173)   Evacuate Collection Set: 39.6ms
[2024-12-16T07:31:33.009+0700][gc,phases   ] GC(173)   Post Evacuate Collection Set: 2.9ms
[2024-12-16T07:31:33.009+0700][gc,phases   ] GC(173)   Other: 1.4ms
[2024-12-16T07:31:33.009+0700][gc,heap     ] GC(173) Eden regions: 44->0(48)
[2024-12-16T07:31:33.009+0700][gc,heap     ] GC(173) Survivor regions: 7->3(7)
[2024-12-16T07:31:33.009+0700][gc,heap     ] GC(173) Old regions: 216->220
[2024-12-16T07:31:33.009+0700][gc,heap     ] GC(173) Archive regions: 2->2
[2024-12-16T07:31:33.009+0700][gc,heap     ] GC(173) Humongous regions: 129->129
[2024-12-16T07:31:33.009+0700][gc,metaspace] GC(173) Metaspace: 45090K(45632K)->45090K(45632K) NonClass: 39885K(40192K)->39885K(40192K) Class: 5205K(5440K)->5205K(5440K)
[2024-12-16T07:31:33.009+0700][gc          ] GC(173) Pause Young (Normal) (G1 Evacuation Pause) 395M->352M(1024M) 48.155ms
[2024-12-16T07:31:33.009+0700][gc,cpu      ] GC(173) User=0.09s Sys=0.00s Real=0.05s
[2024-12-16T07:33:10.814+0700][gc,start    ] GC(174) Pause Young (Normal) (G1 Evacuation Pause)
[2024-12-16T07:33:10.815+0700][gc,task     ] GC(174) Using 2 workers of 2 for evacuation
[2024-12-16T07:33:10.869+0700][gc,mmu      ] GC(174) MMU target violated: 21.0ms (20.0ms/21.0ms)
[2024-12-16T07:33:10.870+0700][gc,phases   ] GC(174)   Pre Evacuate Collection Set: 3.0ms
[2024-12-16T07:33:10.870+0700][gc,phases   ] GC(174)   Merge Heap Roots: 6.4ms
[2024-12-16T07:33:10.870+0700][gc,phases   ] GC(174)   Evacuate Collection Set: 42.3ms
[2024-12-16T07:33:10.870+0700][gc,phases   ] GC(174)   Post Evacuate Collection Set: 2.7ms
[2024-12-16T07:33:10.870+0700][gc,phases   ] GC(174)   Other: 1.2ms
[2024-12-16T07:33:10.870+0700][gc,heap     ] GC(174) Eden regions: 48->0(44)
[2024-12-16T07:33:10.870+0700][gc,heap     ] GC(174) Survivor regions: 3->7(7)
[2024-12-16T07:33:10.870+0700][gc,heap     ] GC(174) Old regions: 220->220
[2024-12-16T07:33:10.870+0700][gc,heap     ] GC(174) Archive regions: 2->2
[2024-12-16T07:33:10.870+0700][gc,heap     ] GC(174) Humongous regions: 129->129
[2024-12-16T07:33:10.870+0700][gc,metaspace] GC(174) Metaspace: 45090K(45632K)->45090K(45632K) NonClass: 39885K(40192K)->39885K(40192K) Class: 5205K(5440K)->5205K(5440K)
[2024-12-16T07:33:10.870+0700][gc          ] GC(174) Pause Young (Normal) (G1 Evacuation Pause) 400M->355M(1024M) 55.642ms
[2024-12-16T07:33:10.870+0700][gc,cpu      ] GC(174) User=0.10s Sys=0.00s Real=0.06s
[2024-12-16T07:34:40.088+0700][gc,start    ] GC(175) Pause Young (Normal) (G1 Evacuation Pause)
[2024-12-16T07:34:40.088+0700][gc,task     ] GC(175) Using 2 workers of 2 for evacuation
[2024-12-16T07:34:40.131+0700][gc,mmu      ] GC(175) MMU target violated: 21.0ms (20.0ms/21.0ms)
[2024-12-16T07:34:40.131+0700][gc,phases   ] GC(175)   Pre Evacuate Collection Set: 2.3ms
[2024-12-16T07:34:40.131+0700][gc,phases   ] GC(175)   Merge Heap Roots: 0.5ms
[2024-12-16T07:34:40.131+0700][gc,phases   ] GC(175)   Evacuate Collection Set: 37.2ms
[2024-12-16T07:34:40.131+0700][gc,phases   ] GC(175)   Post Evacuate Collection Set: 2.6ms
[2024-12-16T07:34:40.131+0700][gc,phases   ] GC(175)   Other: 0.7ms
[2024-12-16T07:34:40.131+0700][gc,heap     ] GC(175) Eden regions: 44->0(48)
[2024-12-16T07:34:40.131+0700][gc,heap     ] GC(175) Survivor regions: 7->3(7)
[2024-12-16T07:34:40.131+0700][gc,heap     ] GC(175) Old regions: 220->225
[2024-12-16T07:34:40.131+0700][gc,heap     ] GC(175) Archive regions: 2->2
[2024-12-16T07:34:40.131+0700][gc,heap     ] GC(175) Humongous regions: 129->129
[2024-12-16T07:34:40.131+0700][gc,metaspace] GC(175) Metaspace: 45090K(45632K)->45090K(45632K) NonClass: 39885K(40192K)->39885K(40192K) Class: 5205K(5440K)->5205K(5440K)
[2024-12-16T07:34:40.131+0700][gc          ] GC(175) Pause Young (Normal) (G1 Evacuation Pause) 399M->357M(1024M) 43.444ms
[2024-12-16T07:34:40.131+0700][gc,cpu      ] GC(175) User=0.09s Sys=0.00s Real=0.04s
[2024-12-16T07:36:18.536+0700][gc,start    ] GC(176) Pause Young (Normal) (G1 Evacuation Pause)
[2024-12-16T07:36:18.536+0700][gc,task     ] GC(176) Using 2 workers of 2 for evacuation
[2024-12-16T07:36:18.578+0700][gc,mmu      ] GC(176) MMU target violated: 21.0ms (20.0ms/21.0ms)
[2024-12-16T07:36:18.578+0700][gc,phases   ] GC(176)   Pre Evacuate Collection Set: 2.5ms
[2024-12-16T07:36:18.578+0700][gc,phases   ] GC(176)   Merge Heap Roots: 0.7ms
[2024-12-16T07:36:18.578+0700][gc,phases   ] GC(176)   Evacuate Collection Set: 35.9ms
[2024-12-16T07:36:18.578+0700][gc,phases   ] GC(176)   Post Evacuate Collection Set: 2.7ms
[2024-12-16T07:36:18.578+0700][gc,phases   ] GC(176)   Other: 1.3ms
[2024-12-16T07:36:18.579+0700][gc,heap     ] GC(176) Eden regions: 48->0(44)
[2024-12-16T07:36:18.579+0700][gc,heap     ] GC(176) Survivor regions: 3->7(7)
[2024-12-16T07:36:18.579+0700][gc,heap     ] GC(176) Old regions: 225->225
[2024-12-16T07:36:18.579+0700][gc,heap     ] GC(176) Archive regions: 2->2
[2024-12-16T07:36:18.579+0700][gc,heap     ] GC(176) Humongous regions: 129->129
[2024-12-16T07:36:18.579+0700][gc,metaspace] GC(176) Metaspace: 45090K(45632K)->45090K(45632K) NonClass: 39885K(40192K)->39885K(40192K) Class: 5205K(5440K)->5205K(5440K)
[2024-12-16T07:36:18.579+0700][gc          ] GC(176) Pause Young (Normal) (G1 Evacuation Pause) 405M->360M(1024M) 43.080ms
[2024-12-16T07:36:18.579+0700][gc,cpu      ] GC(176) User=0.08s Sys=0.00s Real=0.05s
[2024-12-16T07:37:47.981+0700][gc,start    ] GC(177) Pause Young (Normal) (G1 Evacuation Pause)
[2024-12-16T07:37:47.981+0700][gc,task     ] GC(177) Using 2 workers of 2 for evacuation
[2024-12-16T07:37:48.029+0700][gc,mmu      ] GC(177) MMU target violated: 21.0ms (20.0ms/21.0ms)
[2024-12-16T07:37:48.029+0700][gc,phases   ] GC(177)   Pre Evacuate Collection Set: 4.0ms
[2024-12-16T07:37:48.029+0700][gc,phases   ] GC(177)   Merge Heap Roots: 1.0ms
[2024-12-16T07:37:48.029+0700][gc,phases   ] GC(177)   Evacuate Collection Set: 39.1ms
[2024-12-16T07:37:48.029+0700][gc,phases   ] GC(177)   Post Evacuate Collection Set: 3.4ms
[2024-12-16T07:37:48.029+0700][gc,phases   ] GC(177)   Other: 1.3ms
[2024-12-16T07:37:48.030+0700][gc,heap     ] GC(177) Eden regions: 44->0(48)
[2024-12-16T07:37:48.030+0700][gc,heap     ] GC(177) Survivor regions: 7->3(7)
[2024-12-16T07:37:48.030+0700][gc,heap     ] GC(177) Old regions: 225->229
[2024-12-16T07:37:48.030+0700][gc,heap     ] GC(177) Archive regions: 2->2
[2024-12-16T07:37:48.030+0700][gc,heap     ] GC(177) Humongous regions: 129->129
[2024-12-16T07:37:48.030+0700][gc,metaspace] GC(177) Metaspace: 45090K(45632K)->45090K(45632K) NonClass: 39885K(40192K)->39885K(40192K) Class: 5205K(5440K)->5205K(5440K)
[2024-12-16T07:37:48.030+0700][gc          ] GC(177) Pause Young (Normal) (G1 Evacuation Pause) 404M->361M(1024M) 48.806ms
[2024-12-16T07:37:48.030+0700][gc,cpu      ] GC(177) User=0.09s Sys=0.00s Real=0.05s
[2024-12-16T07:39:25.337+0700][gc,start    ] GC(178) Pause Young (Concurrent Start) (G1 Evacuation Pause)
[2024-12-16T07:39:25.337+0700][gc,task     ] GC(178) Using 2 workers of 2 for evacuation
[2024-12-16T07:39:25.389+0700][gc,mmu      ] GC(178) MMU target violated: 21.0ms (20.0ms/21.0ms)
[2024-12-16T07:39:25.389+0700][gc,phases   ] GC(178)   Pre Evacuate Collection Set: 5.0ms
[2024-12-16T07:39:25.389+0700][gc,phases   ] GC(178)   Merge Heap Roots: 1.2ms
[2024-12-16T07:39:25.389+0700][gc,phases   ] GC(178)   Evacuate Collection Set: 41.0ms
[2024-12-16T07:39:25.389+0700][gc,phases   ] GC(178)   Post Evacuate Collection Set: 3.5ms
[2024-12-16T07:39:25.389+0700][gc,phases   ] GC(178)   Other: 1.6ms
[2024-12-16T07:39:25.389+0700][gc,heap     ] GC(178) Eden regions: 48->0(44)
[2024-12-16T07:39:25.389+0700][gc,heap     ] GC(178) Survivor regions: 3->7(7)
[2024-12-16T07:39:25.389+0700][gc,heap     ] GC(178) Old regions: 229->229
[2024-12-16T07:39:25.389+0700][gc,heap     ] GC(178) Archive regions: 2->2
[2024-12-16T07:39:25.389+0700][gc,heap     ] GC(178) Humongous regions: 129->129
[2024-12-16T07:39:25.389+0700][gc,metaspace] GC(178) Metaspace: 45090K(45632K)->45090K(45632K) NonClass: 39885K(40192K)->39885K(40192K) Class: 5205K(5440K)->5205K(5440K)
[2024-12-16T07:39:25.389+0700][gc          ] GC(178) Pause Young (Concurrent Start) (G1 Evacuation Pause) 409M->364M(1024M) 52.379ms
[2024-12-16T07:39:25.390+0700][gc,cpu      ] GC(178) User=0.09s Sys=0.00s Real=0.05s
[2024-12-16T07:39:25.390+0700][gc          ] GC(179) Concurrent Mark Cycle
[2024-12-16T07:39:25.390+0700][gc,marking  ] GC(179) Concurrent Clear Claimed Marks
[2024-12-16T07:39:25.390+0700][gc,marking  ] GC(179) Concurrent Clear Claimed Marks 0.115ms
[2024-12-16T07:39:25.390+0700][gc,marking  ] GC(179) Concurrent Scan Root Regions
[2024-12-16T07:39:25.409+0700][gc,marking  ] GC(179) Concurrent Scan Root Regions 19.160ms
[2024-12-16T07:39:25.409+0700][gc,marking  ] GC(179) Concurrent Mark
[2024-12-16T07:39:25.409+0700][gc,marking  ] GC(179) Concurrent Mark From Roots
[2024-12-16T07:39:25.409+0700][gc,task     ] GC(179) Using 1 workers of 1 for marking
[2024-12-16T07:39:25.547+0700][gc,marking  ] GC(179) Concurrent Mark From Roots 137.536ms
[2024-12-16T07:39:25.547+0700][gc,marking  ] GC(179) Concurrent Preclean
[2024-12-16T07:39:25.547+0700][gc,marking  ] GC(179) Concurrent Preclean 0.483ms
[2024-12-16T07:39:25.548+0700][gc,start    ] GC(179) Pause Remark
[2024-12-16T07:39:25.577+0700][gc,mmu      ] GC(179) MMU target violated: 21.0ms (20.0ms/21.0ms)
[2024-12-16T07:39:25.578+0700][gc          ] GC(179) Pause Remark 365M->305M(1024M) 29.829ms
[2024-12-16T07:39:25.578+0700][gc,cpu      ] GC(179) User=0.06s Sys=0.00s Real=0.03s
[2024-12-16T07:39:25.578+0700][gc,marking  ] GC(179) Concurrent Mark 168.502ms
[2024-12-16T07:39:25.578+0700][gc,marking  ] GC(179) Concurrent Rebuild Remembered Sets
[2024-12-16T07:39:25.605+0700][gc,marking  ] GC(179) Concurrent Rebuild Remembered Sets 27.270ms
[2024-12-16T07:39:25.605+0700][gc,start    ] GC(179) Pause Cleanup
[2024-12-16T07:39:25.605+0700][gc          ] GC(179) Pause Cleanup 305M->305M(1024M) 0.375ms
[2024-12-16T07:39:25.606+0700][gc,cpu      ] GC(179) User=0.00s Sys=0.00s Real=0.00s
[2024-12-16T07:39:25.606+0700][gc,marking  ] GC(179) Concurrent Cleanup for Next Mark
[2024-12-16T07:39:25.633+0700][gc,marking  ] GC(179) Concurrent Cleanup for Next Mark 27.038ms
[2024-12-16T07:39:25.633+0700][gc          ] GC(179) Concurrent Mark Cycle 243.002ms
[2024-12-16T07:40:55.078+0700][gc,start    ] GC(180) Pause Young (Prepare Mixed) (G1 Evacuation Pause)
[2024-12-16T07:40:55.079+0700][gc,task     ] GC(180) Using 2 workers of 2 for evacuation
[2024-12-16T07:40:55.126+0700][gc,mmu      ] GC(180) MMU target violated: 21.0ms (20.0ms/21.0ms)
[2024-12-16T07:40:55.126+0700][gc,phases   ] GC(180)   Pre Evacuate Collection Set: 3.0ms
[2024-12-16T07:40:55.126+0700][gc,phases   ] GC(180)   Merge Heap Roots: 0.7ms
[2024-12-16T07:40:55.126+0700][gc,phases   ] GC(180)   Evacuate Collection Set: 40.1ms
[2024-12-16T07:40:55.126+0700][gc,phases   ] GC(180)   Post Evacuate Collection Set: 3.0ms
[2024-12-16T07:40:55.126+0700][gc,phases   ] GC(180)   Other: 1.4ms
[2024-12-16T07:40:55.126+0700][gc,heap     ] GC(180) Eden regions: 44->0(48)
[2024-12-16T07:40:55.126+0700][gc,heap     ] GC(180) Survivor regions: 7->3(7)
[2024-12-16T07:40:55.126+0700][gc,heap     ] GC(180) Old regions: 169->173
[2024-12-16T07:40:55.126+0700][gc,heap     ] GC(180) Archive regions: 2->2
[2024-12-16T07:40:55.126+0700][gc,heap     ] GC(180) Humongous regions: 129->129
[2024-12-16T07:40:55.126+0700][gc,metaspace] GC(180) Metaspace: 45090K(45632K)->45090K(45632K) NonClass: 39885K(40192K)->39885K(40192K) Class: 5205K(5440K)->5205K(5440K)
[2024-12-16T07:40:55.127+0700][gc          ] GC(180) Pause Young (Prepare Mixed) (G1 Evacuation Pause) 348M->305M(1024M) 48.223ms
[2024-12-16T07:40:55.127+0700][gc,cpu      ] GC(180) User=0.09s Sys=0.00s Real=0.05s
[2024-12-16T07:42:33.229+0700][gc,start    ] GC(181) Pause Young (Mixed) (G1 Evacuation Pause)
[2024-12-16T07:42:33.229+0700][gc,task     ] GC(181) Using 2 workers of 2 for evacuation
[2024-12-16T07:42:33.292+0700][gc,mmu      ] GC(181) MMU target violated: 21.0ms (20.0ms/21.0ms)
[2024-12-16T07:42:33.292+0700][gc,phases   ] GC(181)   Pre Evacuate Collection Set: 4.2ms
[2024-12-16T07:42:33.292+0700][gc,phases   ] GC(181)   Merge Heap Roots: 1.2ms
[2024-12-16T07:42:33.292+0700][gc,phases   ] GC(181)   Evacuate Collection Set: 54.1ms
[2024-12-16T07:42:33.292+0700][gc,phases   ] GC(181)   Post Evacuate Collection Set: 3.0ms
[2024-12-16T07:42:33.292+0700][gc,phases   ] GC(181)   Other: 1.0ms
[2024-12-16T07:42:33.292+0700][gc,heap     ] GC(181) Eden regions: 48->0(44)
[2024-12-16T07:42:33.292+0700][gc,heap     ] GC(181) Survivor regions: 3->7(7)
[2024-12-16T07:42:33.292+0700][gc,heap     ] GC(181) Old regions: 173->160
[2024-12-16T07:42:33.292+0700][gc,heap     ] GC(181) Archive regions: 2->2
[2024-12-16T07:42:33.292+0700][gc,heap     ] GC(181) Humongous regions: 129->129
[2024-12-16T07:42:33.292+0700][gc,metaspace] GC(181) Metaspace: 45090K(45632K)->45090K(45632K) NonClass: 39885K(40192K)->39885K(40192K) Class: 5205K(5440K)->5205K(5440K)
[2024-12-16T07:42:33.292+0700][gc          ] GC(181) Pause Young (Mixed) (G1 Evacuation Pause) 353M->296M(1024M) 63.612ms
[2024-12-16T07:42:33.292+0700][gc,cpu      ] GC(181) User=0.12s Sys=0.00s Real=0.06s
[2024-12-16T07:44:01.874+0700][gc,start    ] GC(182) Pause Young (Mixed) (G1 Evacuation Pause)
[2024-12-16T07:44:01.874+0700][gc,task     ] GC(182) Using 2 workers of 2 for evacuation
[2024-12-16T07:44:01.922+0700][gc,mmu      ] GC(182) MMU target violated: 21.0ms (20.0ms/21.0ms)
[2024-12-16T07:44:01.922+0700][gc,phases   ] GC(182)   Pre Evacuate Collection Set: 3.1ms
[2024-12-16T07:44:01.922+0700][gc,phases   ] GC(182)   Merge Heap Roots: 0.7ms
[2024-12-16T07:44:01.922+0700][gc,phases   ] GC(182)   Evacuate Collection Set: 39.7ms
[2024-12-16T07:44:01.922+0700][gc,phases   ] GC(182)   Post Evacuate Collection Set: 3.5ms
[2024-12-16T07:44:01.922+0700][gc,phases   ] GC(182)   Other: 1.0ms
[2024-12-16T07:44:01.922+0700][gc,heap     ] GC(182) Eden regions: 44->0(48)
[2024-12-16T07:44:01.922+0700][gc,heap     ] GC(182) Survivor regions: 7->3(7)
[2024-12-16T07:44:01.922+0700][gc,heap     ] GC(182) Old regions: 160->152
[2024-12-16T07:44:01.922+0700][gc,heap     ] GC(182) Archive regions: 2->2
[2024-12-16T07:44:01.922+0700][gc,heap     ] GC(182) Humongous regions: 129->129
[2024-12-16T07:44:01.922+0700][gc,metaspace] GC(182) Metaspace: 45090K(45632K)->45090K(45632K) NonClass: 39885K(40192K)->39885K(40192K) Class: 5205K(5440K)->5205K(5440K)
[2024-12-16T07:44:01.922+0700][gc          ] GC(182) Pause Young (Mixed) (G1 Evacuation Pause) 340M->284M(1024M) 47.869ms
[2024-12-16T07:44:01.922+0700][gc,cpu      ] GC(182) User=0.09s Sys=0.00s Real=0.05s
[2024-12-16T07:45:40.221+0700][gc,start    ] GC(183) Pause Young (Mixed) (G1 Evacuation Pause)
[2024-12-16T07:45:40.221+0700][gc,task     ] GC(183) Using 2 workers of 2 for evacuation
[2024-12-16T07:45:40.265+0700][gc,mmu      ] GC(183) MMU target violated: 21.0ms (20.0ms/21.0ms)
[2024-12-16T07:45:40.266+0700][gc,phases   ] GC(183)   Pre Evacuate Collection Set: 3.6ms
[2024-12-16T07:45:40.266+0700][gc,phases   ] GC(183)   Merge Heap Roots: 0.7ms
[2024-12-16T07:45:40.266+0700][gc,phases   ] GC(183)   Evacuate Collection Set: 37.1ms
[2024-12-16T07:45:40.266+0700][gc,phases   ] GC(183)   Post Evacuate Collection Set: 2.7ms
[2024-12-16T07:45:40.266+0700][gc,phases   ] GC(183)   Other: 1.3ms
[2024-12-16T07:45:40.266+0700][gc,heap     ] GC(183) Eden regions: 48->0(45)
[2024-12-16T07:45:40.266+0700][gc,heap     ] GC(183) Survivor regions: 3->6(7)
[2024-12-16T07:45:40.266+0700][gc,heap     ] GC(183) Old regions: 152->139
[2024-12-16T07:45:40.266+0700][gc,heap     ] GC(183) Archive regions: 2->2
[2024-12-16T07:45:40.266+0700][gc,heap     ] GC(183) Humongous regions: 129->129
[2024-12-16T07:45:40.266+0700][gc,metaspace] GC(183) Metaspace: 45090K(45632K)->45090K(45632K) NonClass: 39885K(40192K)->39885K(40192K) Class: 5205K(5440K)->5205K(5440K)
[2024-12-16T07:45:40.266+0700][gc          ] GC(183) Pause Young (Mixed) (G1 Evacuation Pause) 332M->274M(1024M) 45.351ms
[2024-12-16T07:45:40.266+0700][gc,cpu      ] GC(183) User=0.08s Sys=0.00s Real=0.05s
[2024-12-16T07:47:11.092+0700][gc,start    ] GC(184) Pause Young (Mixed) (G1 Evacuation Pause)
[2024-12-16T07:47:11.092+0700][gc,task     ] GC(184) Using 2 workers of 2 for evacuation
[2024-12-16T07:47:11.141+0700][gc,mmu      ] GC(184) MMU target violated: 21.0ms (20.0ms/21.0ms)
[2024-12-16T07:47:11.142+0700][gc,phases   ] GC(184)   Pre Evacuate Collection Set: 2.8ms
[2024-12-16T07:47:11.142+0700][gc,phases   ] GC(184)   Merge Heap Roots: 0.7ms
[2024-12-16T07:47:11.142+0700][gc,phases   ] GC(184)   Evacuate Collection Set: 42.2ms
[2024-12-16T07:47:11.142+0700][gc,phases   ] GC(184)   Post Evacuate Collection Set: 3.2ms
[2024-12-16T07:47:11.142+0700][gc,phases   ] GC(184)   Other: 1.6ms
[2024-12-16T07:47:11.142+0700][gc,heap     ] GC(184) Eden regions: 45->0(48)
[2024-12-16T07:47:11.142+0700][gc,heap     ] GC(184) Survivor regions: 6->3(7)
[2024-12-16T07:47:11.142+0700][gc,heap     ] GC(184) Old regions: 139->131
[2024-12-16T07:47:11.142+0700][gc,heap     ] GC(184) Archive regions: 2->2
[2024-12-16T07:47:11.142+0700][gc,heap     ] GC(184) Humongous regions: 129->129
[2024-12-16T07:47:11.142+0700][gc,metaspace] GC(184) Metaspace: 45090K(45632K)->45090K(45632K) NonClass: 39885K(40192K)->39885K(40192K) Class: 5205K(5440K)->5205K(5440K)
[2024-12-16T07:47:11.142+0700][gc          ] GC(184) Pause Young (Mixed) (G1 Evacuation Pause) 319M->263M(1024M) 50.264ms
[2024-12-16T07:47:11.142+0700][gc,cpu      ] GC(184) User=0.09s Sys=0.00s Real=0.05s
[2024-12-16T07:48:49.255+0700][gc,start    ] GC(185) Pause Young (Mixed) (G1 Evacuation Pause)
[2024-12-16T07:48:49.255+0700][gc,task     ] GC(185) Using 2 workers of 2 for evacuation
[2024-12-16T07:48:49.303+0700][gc,mmu      ] GC(185) MMU target violated: 21.0ms (20.0ms/21.0ms)
[2024-12-16T07:48:49.303+0700][gc,phases   ] GC(185)   Pre Evacuate Collection Set: 4.3ms
[2024-12-16T07:48:49.303+0700][gc,phases   ] GC(185)   Merge Heap Roots: 1.0ms
[2024-12-16T07:48:49.303+0700][gc,phases   ] GC(185)   Evacuate Collection Set: 39.5ms
[2024-12-16T07:48:49.303+0700][gc,phases   ] GC(185)   Post Evacuate Collection Set: 3.2ms
[2024-12-16T07:48:49.304+0700][gc,phases   ] GC(185)   Other: 0.9ms
[2024-12-16T07:48:49.304+0700][gc,heap     ] GC(185) Eden regions: 48->0(45)
[2024-12-16T07:48:49.304+0700][gc,heap     ] GC(185) Survivor regions: 3->6(7)
[2024-12-16T07:48:49.304+0700][gc,heap     ] GC(185) Old regions: 131->118
[2024-12-16T07:48:49.304+0700][gc,heap     ] GC(185) Archive regions: 2->2
[2024-12-16T07:48:49.304+0700][gc,heap     ] GC(185) Humongous regions: 129->129
[2024-12-16T07:48:49.304+0700][gc,metaspace] GC(185) Metaspace: 45090K(45632K)->45090K(45632K) NonClass: 39885K(40192K)->39885K(40192K) Class: 5205K(5440K)->5205K(5440K)
[2024-12-16T07:48:49.304+0700][gc          ] GC(185) Pause Young (Mixed) (G1 Evacuation Pause) 311M->253M(1024M) 49.083ms
[2024-12-16T07:48:49.304+0700][gc,cpu      ] GC(185) User=0.08s Sys=0.00s Real=0.05s
[2024-12-16T07:50:20.072+0700][gc,start    ] GC(186) Pause Young (Mixed) (G1 Evacuation Pause)
[2024-12-16T07:50:20.072+0700][gc,task     ] GC(186) Using 2 workers of 2 for evacuation
[2024-12-16T07:50:20.135+0700][gc,mmu      ] GC(186) MMU target violated: 21.0ms (20.0ms/21.0ms)
[2024-12-16T07:50:20.135+0700][gc,phases   ] GC(186)   Pre Evacuate Collection Set: 2.7ms
[2024-12-16T07:50:20.135+0700][gc,phases   ] GC(186)   Merge Heap Roots: 1.1ms
[2024-12-16T07:50:20.135+0700][gc,phases   ] GC(186)   Evacuate Collection Set: 54.0ms
[2024-12-16T07:50:20.135+0700][gc,phases   ] GC(186)   Post Evacuate Collection Set: 4.6ms
[2024-12-16T07:50:20.135+0700][gc,phases   ] GC(186)   Other: 1.5ms
[2024-12-16T07:50:20.135+0700][gc,heap     ] GC(186) Eden regions: 45->0(48)
[2024-12-16T07:50:20.135+0700][gc,heap     ] GC(186) Survivor regions: 6->3(7)
[2024-12-16T07:50:20.135+0700][gc,heap     ] GC(186) Old regions: 118->110
[2024-12-16T07:50:20.135+0700][gc,heap     ] GC(186) Archive regions: 2->2
[2024-12-16T07:50:20.135+0700][gc,heap     ] GC(186) Humongous regions: 129->129
[2024-12-16T07:50:20.135+0700][gc,metaspace] GC(186) Metaspace: 45090K(45632K)->45090K(45632K) NonClass: 39885K(40192K)->39885K(40192K) Class: 5205K(5440K)->5205K(5440K)
[2024-12-16T07:50:20.135+0700][gc          ] GC(186) Pause Young (Mixed) (G1 Evacuation Pause) 298M->242M(1024M) 63.869ms
[2024-12-16T07:50:20.135+0700][gc,cpu      ] GC(186) User=0.11s Sys=0.00s Real=0.06s
[2024-12-16T07:51:58.534+0700][gc,start    ] GC(187) Pause Young (Mixed) (G1 Evacuation Pause)
[2024-12-16T07:51:58.534+0700][gc,task     ] GC(187) Using 2 workers of 2 for evacuation
[2024-12-16T07:51:58.582+0700][gc,mmu      ] GC(187) MMU target violated: 21.0ms (20.0ms/21.0ms)
[2024-12-16T07:51:58.582+0700][gc,phases   ] GC(187)   Pre Evacuate Collection Set: 2.7ms
[2024-12-16T07:51:58.582+0700][gc,phases   ] GC(187)   Merge Heap Roots: 0.8ms
[2024-12-16T07:51:58.582+0700][gc,phases   ] GC(187)   Evacuate Collection Set: 41.9ms
[2024-12-16T07:51:58.582+0700][gc,phases   ] GC(187)   Post Evacuate Collection Set: 2.4ms
[2024-12-16T07:51:58.582+0700][gc,phases   ] GC(187)   Other: 1.2ms
[2024-12-16T07:51:58.583+0700][gc,heap     ] GC(187) Eden regions: 48->0(45)
[2024-12-16T07:51:58.583+0700][gc,heap     ] GC(187) Survivor regions: 3->6(7)
[2024-12-16T07:51:58.583+0700][gc,heap     ] GC(187) Old regions: 110->97
[2024-12-16T07:51:58.583+0700][gc,heap     ] GC(187) Archive regions: 2->2
[2024-12-16T07:51:58.583+0700][gc,heap     ] GC(187) Humongous regions: 129->129
[2024-12-16T07:51:58.583+0700][gc,metaspace] GC(187) Metaspace: 45090K(45632K)->45090K(45632K) NonClass: 39885K(40192K)->39885K(40192K) Class: 5205K(5440K)->5205K(5440K)
[2024-12-16T07:51:58.583+0700][gc          ] GC(187) Pause Young (Mixed) (G1 Evacuation Pause) 290M->232M(1024M) 48.955ms
[2024-12-16T07:51:58.583+0700][gc,cpu      ] GC(187) User=0.09s Sys=0.00s Real=0.05s
[2024-12-16T07:53:30.032+0700][gc,start    ] GC(188) Pause Young (Mixed) (G1 Evacuation Pause)
[2024-12-16T07:53:30.032+0700][gc,task     ] GC(188) Using 2 workers of 2 for evacuation
[2024-12-16T07:53:30.083+0700][gc,mmu      ] GC(188) MMU target violated: 21.0ms (20.0ms/21.0ms)
[2024-12-16T07:53:30.083+0700][gc,phases   ] GC(188)   Pre Evacuate Collection Set: 4.1ms
[2024-12-16T07:53:30.083+0700][gc,phases   ] GC(188)   Merge Heap Roots: 0.7ms
[2024-12-16T07:53:30.083+0700][gc,phases   ] GC(188)   Evacuate Collection Set: 43.3ms
[2024-12-16T07:53:30.083+0700][gc,phases   ] GC(188)   Post Evacuate Collection Set: 2.2ms
[2024-12-16T07:53:30.083+0700][gc,phases   ] GC(188)   Other: 1.3ms
[2024-12-16T07:53:30.083+0700][gc,heap     ] GC(188) Eden regions: 45->0(48)
[2024-12-16T07:53:30.083+0700][gc,heap     ] GC(188) Survivor regions: 6->3(7)
[2024-12-16T07:53:30.083+0700][gc,heap     ] GC(188) Old regions: 97->96
[2024-12-16T07:53:30.083+0700][gc,heap     ] GC(188) Archive regions: 2->2
[2024-12-16T07:53:30.083+0700][gc,heap     ] GC(188) Humongous regions: 129->129
[2024-12-16T07:53:30.084+0700][gc,metaspace] GC(188) Metaspace: 45091K(45632K)->45091K(45632K) NonClass: 39885K(40192K)->39885K(40192K) Class: 5205K(5440K)->5205K(5440K)
[2024-12-16T07:53:30.084+0700][gc          ] GC(188) Pause Young (Mixed) (G1 Evacuation Pause) 277M->228M(1024M) 51.680ms
[2024-12-16T07:53:30.084+0700][gc,cpu      ] GC(188) User=0.09s Sys=0.00s Real=0.05s
[2024-12-16T07:55:06.864+0700][gc,start    ] GC(189) Pause Young (Normal) (G1 Evacuation Pause)
[2024-12-16T07:55:06.865+0700][gc,task     ] GC(189) Using 2 workers of 2 for evacuation
[2024-12-16T07:55:06.920+0700][gc,mmu      ] GC(189) MMU target violated: 21.0ms (20.0ms/21.0ms)
[2024-12-16T07:55:06.920+0700][gc,phases   ] GC(189)   Pre Evacuate Collection Set: 2.5ms
[2024-12-16T07:55:06.920+0700][gc,phases   ] GC(189)   Merge Heap Roots: 1.0ms
[2024-12-16T07:55:06.920+0700][gc,phases   ] GC(189)   Evacuate Collection Set: 47.1ms
[2024-12-16T07:55:06.920+0700][gc,phases   ] GC(189)   Post Evacuate Collection Set: 3.9ms
[2024-12-16T07:55:06.920+0700][gc,phases   ] GC(189)   Other: 1.2ms
[2024-12-16T07:55:06.920+0700][gc,heap     ] GC(189) Eden regions: 48->0(44)
[2024-12-16T07:55:06.920+0700][gc,heap     ] GC(189) Survivor regions: 3->7(7)
[2024-12-16T07:55:06.920+0700][gc,heap     ] GC(189) Old regions: 96->96
[2024-12-16T07:55:06.920+0700][gc,heap     ] GC(189) Archive regions: 2->2
[2024-12-16T07:55:06.920+0700][gc,heap     ] GC(189) Humongous regions: 129->129
[2024-12-16T07:55:06.920+0700][gc,metaspace] GC(189) Metaspace: 45091K(45632K)->45091K(45632K) NonClass: 39886K(40192K)->39886K(40192K) Class: 5205K(5440K)->5205K(5440K)
[2024-12-16T07:55:06.920+0700][gc          ] GC(189) Pause Young (Normal) (G1 Evacuation Pause) 276M->231M(1024M) 55.975ms
[2024-12-16T07:55:06.921+0700][gc,cpu      ] GC(189) User=0.10s Sys=0.00s Real=0.05s
[2024-12-16T07:56:36.848+0700][gc,start    ] GC(190) Pause Young (Normal) (G1 Evacuation Pause)
[2024-12-16T07:56:36.848+0700][gc,task     ] GC(190) Using 2 workers of 2 for evacuation
[2024-12-16T07:56:36.896+0700][gc,mmu      ] GC(190) MMU target violated: 21.0ms (20.0ms/21.0ms)
[2024-12-16T07:56:36.897+0700][gc,phases   ] GC(190)   Pre Evacuate Collection Set: 4.2ms
[2024-12-16T07:56:36.897+0700][gc,phases   ] GC(190)   Merge Heap Roots: 0.6ms
[2024-12-16T07:56:36.897+0700][gc,phases   ] GC(190)   Evacuate Collection Set: 39.7ms
[2024-12-16T07:56:36.897+0700][gc,phases   ] GC(190)   Post Evacuate Collection Set: 3.3ms
[2024-12-16T07:56:36.897+0700][gc,phases   ] GC(190)   Other: 1.2ms
[2024-12-16T07:56:36.897+0700][gc,heap     ] GC(190) Eden regions: 44->0(48)
[2024-12-16T07:56:36.897+0700][gc,heap     ] GC(190) Survivor regions: 7->3(7)
[2024-12-16T07:56:36.897+0700][gc,heap     ] GC(190) Old regions: 96->101
[2024-12-16T07:56:36.897+0700][gc,heap     ] GC(190) Archive regions: 2->2
[2024-12-16T07:56:36.897+0700][gc,heap     ] GC(190) Humongous regions: 129->129
[2024-12-16T07:56:36.897+0700][gc,metaspace] GC(190) Metaspace: 45091K(45632K)->45091K(45632K) NonClass: 39886K(40192K)->39886K(40192K) Class: 5205K(5440K)->5205K(5440K)
[2024-12-16T07:56:36.897+0700][gc          ] GC(190) Pause Young (Normal) (G1 Evacuation Pause) 275M->233M(1024M) 49.213ms
[2024-12-16T07:56:36.897+0700][gc,cpu      ] GC(190) User=0.09s Sys=0.00s Real=0.05s
[2024-12-16T07:58:14.761+0700][gc,start    ] GC(191) Pause Young (Normal) (G1 Evacuation Pause)
[2024-12-16T07:58:14.761+0700][gc,task     ] GC(191) Using 2 workers of 2 for evacuation
[2024-12-16T07:58:14.811+0700][gc,mmu      ] GC(191) MMU target violated: 21.0ms (20.0ms/21.0ms)
[2024-12-16T07:58:14.811+0700][gc,phases   ] GC(191)   Pre Evacuate Collection Set: 4.2ms
[2024-12-16T07:58:14.812+0700][gc,phases   ] GC(191)   Merge Heap Roots: 0.9ms
[2024-12-16T07:58:14.812+0700][gc,phases   ] GC(191)   Evacuate Collection Set: 41.8ms
[2024-12-16T07:58:14.812+0700][gc,phases   ] GC(191)   Post Evacuate Collection Set: 3.1ms
[2024-12-16T07:58:14.812+0700][gc,phases   ] GC(191)   Other: 1.3ms
[2024-12-16T07:58:14.812+0700][gc,heap     ] GC(191) Eden regions: 48->0(45)
[2024-12-16T07:58:14.812+0700][gc,heap     ] GC(191) Survivor regions: 3->6(7)
[2024-12-16T07:58:14.812+0700][gc,heap     ] GC(191) Old regions: 101->101
[2024-12-16T07:58:14.812+0700][gc,heap     ] GC(191) Archive regions: 2->2
[2024-12-16T07:58:14.812+0700][gc,heap     ] GC(191) Humongous regions: 129->129
[2024-12-16T07:58:14.812+0700][gc,metaspace] GC(191) Metaspace: 45091K(45632K)->45091K(45632K) NonClass: 39886K(40192K)->39886K(40192K) Class: 5205K(5440K)->5205K(5440K)
[2024-12-16T07:58:14.812+0700][gc          ] GC(191) Pause Young (Normal) (G1 Evacuation Pause) 281M->236M(1024M) 51.314ms
[2024-12-16T07:58:14.812+0700][gc,cpu      ] GC(191) User=0.10s Sys=0.00s Real=0.05s
[2024-12-16T07:59:45.721+0700][gc,start    ] GC(192) Pause Young (Normal) (G1 Evacuation Pause)
[2024-12-16T07:59:45.721+0700][gc,task     ] GC(192) Using 2 workers of 2 for evacuation
[2024-12-16T07:59:45.786+0700][gc,mmu      ] GC(192) MMU target violated: 21.0ms (20.0ms/21.0ms)
[2024-12-16T07:59:45.786+0700][gc,phases   ] GC(192)   Pre Evacuate Collection Set: 3.6ms
[2024-12-16T07:59:45.786+0700][gc,phases   ] GC(192)   Merge Heap Roots: 0.8ms
[2024-12-16T07:59:45.786+0700][gc,phases   ] GC(192)   Evacuate Collection Set: 57.2ms
[2024-12-16T07:59:45.786+0700][gc,phases   ] GC(192)   Post Evacuate Collection Set: 2.3ms
[2024-12-16T07:59:45.786+0700][gc,phases   ] GC(192)   Other: 1.3ms
[2024-12-16T07:59:45.786+0700][gc,heap     ] GC(192) Eden regions: 45->0(48)
[2024-12-16T07:59:45.786+0700][gc,heap     ] GC(192) Survivor regions: 6->3(7)
[2024-12-16T07:59:45.786+0700][gc,heap     ] GC(192) Old regions: 101->105
[2024-12-16T07:59:45.786+0700][gc,heap     ] GC(192) Archive regions: 2->2
[2024-12-16T07:59:45.786+0700][gc,heap     ] GC(192) Humongous regions: 129->129
[2024-12-16T07:59:45.786+0700][gc,metaspace] GC(192) Metaspace: 45091K(45632K)->45091K(45632K) NonClass: 39886K(40192K)->39886K(40192K) Class: 5205K(5440K)->5205K(5440K)
[2024-12-16T07:59:45.786+0700][gc          ] GC(192) Pause Young (Normal) (G1 Evacuation Pause) 281M->237M(1024M) 65.342ms
[2024-12-16T07:59:45.786+0700][gc,cpu      ] GC(192) User=0.12s Sys=0.00s Real=0.07s
[2024-12-16T08:01:23.730+0700][gc,start    ] GC(193) Pause Young (Normal) (G1 Evacuation Pause)
[2024-12-16T08:01:23.731+0700][gc,task     ] GC(193) Using 2 workers of 2 for evacuation
[2024-12-16T08:01:23.778+0700][gc,mmu      ] GC(193) MMU target violated: 21.0ms (20.0ms/21.0ms)
[2024-12-16T08:01:23.778+0700][gc,phases   ] GC(193)   Pre Evacuate Collection Set: 2.8ms
[2024-12-16T08:01:23.778+0700][gc,phases   ] GC(193)   Merge Heap Roots: 1.3ms
[2024-12-16T08:01:23.778+0700][gc,phases   ] GC(193)   Evacuate Collection Set: 39.4ms
[2024-12-16T08:01:23.778+0700][gc,phases   ] GC(193)   Post Evacuate Collection Set: 3.0ms
[2024-12-16T08:01:23.778+0700][gc,phases   ] GC(193)   Other: 1.5ms
[2024-12-16T08:01:23.778+0700][gc,heap     ] GC(193) Eden regions: 48->0(44)
[2024-12-16T08:01:23.778+0700][gc,heap     ] GC(193) Survivor regions: 3->7(7)
[2024-12-16T08:01:23.778+0700][gc,heap     ] GC(193) Old regions: 105->105
[2024-12-16T08:01:23.778+0700][gc,heap     ] GC(193) Archive regions: 2->2
[2024-12-16T08:01:23.778+0700][gc,heap     ] GC(193) Humongous regions: 129->129
[2024-12-16T08:01:23.778+0700][gc,metaspace] GC(193) Metaspace: 45091K(45632K)->45091K(45632K) NonClass: 39886K(40192K)->39886K(40192K) Class: 5205K(5440K)->5205K(5440K)
[2024-12-16T08:01:23.778+0700][gc          ] GC(193) Pause Young (Normal) (G1 Evacuation Pause) 285M->240M(1024M) 48.023ms
[2024-12-16T08:01:23.778+0700][gc,cpu      ] GC(193) User=0.09s Sys=0.00s Real=0.05s
[2024-12-16T08:02:53.225+0700][gc,start    ] GC(194) Pause Young (Normal) (G1 Evacuation Pause)
[2024-12-16T08:02:53.225+0700][gc,task     ] GC(194) Using 2 workers of 2 for evacuation
[2024-12-16T08:02:53.301+0700][gc,mmu      ] GC(194) MMU target violated: 21.0ms (20.0ms/21.0ms)
[2024-12-16T08:02:53.302+0700][gc,phases   ] GC(194)   Pre Evacuate Collection Set: 3.5ms
[2024-12-16T08:02:53.302+0700][gc,phases   ] GC(194)   Merge Heap Roots: 0.9ms
[2024-12-16T08:02:53.302+0700][gc,phases   ] GC(194)   Evacuate Collection Set: 68.6ms
[2024-12-16T08:02:53.302+0700][gc,phases   ] GC(194)   Post Evacuate Collection Set: 2.5ms
[2024-12-16T08:02:53.302+0700][gc,phases   ] GC(194)   Other: 1.2ms
[2024-12-16T08:02:53.302+0700][gc,heap     ] GC(194) Eden regions: 44->0(45)
[2024-12-16T08:02:53.302+0700][gc,heap     ] GC(194) Survivor regions: 7->6(7)
[2024-12-16T08:02:53.302+0700][gc,heap     ] GC(194) Old regions: 105->110
[2024-12-16T08:02:53.302+0700][gc,heap     ] GC(194) Archive regions: 2->2
[2024-12-16T08:02:53.302+0700][gc,heap     ] GC(194) Humongous regions: 129->129
[2024-12-16T08:02:53.302+0700][gc,metaspace] GC(194) Metaspace: 45091K(45632K)->45091K(45632K) NonClass: 39886K(40192K)->39886K(40192K) Class: 5205K(5440K)->5205K(5440K)
[2024-12-16T08:02:53.302+0700][gc          ] GC(194) Pause Young (Normal) (G1 Evacuation Pause) 284M->244M(1024M) 76.752ms
[2024-12-16T08:02:53.302+0700][gc,cpu      ] GC(194) User=0.15s Sys=0.00s Real=0.07s
[2024-12-16T08:04:24.348+0700][gc,start    ] GC(195) Pause Young (Normal) (G1 Evacuation Pause)
[2024-12-16T08:04:24.349+0700][gc,task     ] GC(195) Using 2 workers of 2 for evacuation
[2024-12-16T08:04:24.393+0700][gc,mmu      ] GC(195) MMU target violated: 21.0ms (20.0ms/21.0ms)
[2024-12-16T08:04:24.393+0700][gc,phases   ] GC(195)   Pre Evacuate Collection Set: 2.7ms
[2024-12-16T08:04:24.393+0700][gc,phases   ] GC(195)   Merge Heap Roots: 1.2ms
[2024-12-16T08:04:24.394+0700][gc,phases   ] GC(195)   Evacuate Collection Set: 36.2ms
[2024-12-16T08:04:24.394+0700][gc,phases   ] GC(195)   Post Evacuate Collection Set: 4.1ms
[2024-12-16T08:04:24.394+0700][gc,phases   ] GC(195)   Other: 1.6ms
[2024-12-16T08:04:24.394+0700][gc,heap     ] GC(195) Eden regions: 45->0(47)
[2024-12-16T08:04:24.394+0700][gc,heap     ] GC(195) Survivor regions: 6->4(7)
[2024-12-16T08:04:24.394+0700][gc,heap     ] GC(195) Old regions: 110->112
[2024-12-16T08:04:24.394+0700][gc,heap     ] GC(195) Archive regions: 2->2
[2024-12-16T08:04:24.394+0700][gc,heap     ] GC(195) Humongous regions: 129->129
[2024-12-16T08:04:24.394+0700][gc,metaspace] GC(195) Metaspace: 45091K(45632K)->45091K(45632K) NonClass: 39886K(40192K)->39886K(40192K) Class: 5205K(5440K)->5205K(5440K)
[2024-12-16T08:04:24.394+0700][gc          ] GC(195) Pause Young (Normal) (G1 Evacuation Pause) 289M->245M(1024M) 45.644ms
[2024-12-16T08:04:24.394+0700][gc,cpu      ] GC(195) User=0.08s Sys=0.01s Real=0.04s
[2024-12-16T08:06:00.495+0700][gc,start    ] GC(196) Pause Young (Normal) (G1 Evacuation Pause)
[2024-12-16T08:06:00.496+0700][gc,task     ] GC(196) Using 2 workers of 2 for evacuation
[2024-12-16T08:06:00.547+0700][gc,mmu      ] GC(196) MMU target violated: 21.0ms (20.0ms/21.0ms)
[2024-12-16T08:06:00.548+0700][gc,phases   ] GC(196)   Pre Evacuate Collection Set: 2.7ms
[2024-12-16T08:06:00.548+0700][gc,phases   ] GC(196)   Merge Heap Roots: 1.0ms
[2024-12-16T08:06:00.548+0700][gc,phases   ] GC(196)   Evacuate Collection Set: 44.7ms
[2024-12-16T08:06:00.548+0700][gc,phases   ] GC(196)   Post Evacuate Collection Set: 2.7ms
[2024-12-16T08:06:00.548+0700][gc,phases   ] GC(196)   Other: 6.1ms
[2024-12-16T08:06:00.548+0700][gc,heap     ] GC(196) Eden regions: 47->0(44)
[2024-12-16T08:06:00.548+0700][gc,heap     ] GC(196) Survivor regions: 4->7(7)
[2024-12-16T08:06:00.548+0700][gc,heap     ] GC(196) Old regions: 112->112
[2024-12-16T08:06:00.548+0700][gc,heap     ] GC(196) Archive regions: 2->2
[2024-12-16T08:06:00.548+0700][gc,heap     ] GC(196) Humongous regions: 129->129
[2024-12-16T08:06:00.548+0700][gc,metaspace] GC(196) Metaspace: 45091K(45632K)->45091K(45632K) NonClass: 39886K(40192K)->39886K(40192K) Class: 5205K(5440K)->5205K(5440K)
[2024-12-16T08:06:00.548+0700][gc          ] GC(196) Pause Young (Normal) (G1 Evacuation Pause) 292M->248M(1024M) 52.492ms
[2024-12-16T08:06:00.548+0700][gc,cpu      ] GC(196) User=0.10s Sys=0.00s Real=0.06s
[2024-12-16T08:07:30.067+0700][gc,start    ] GC(197) Pause Young (Normal) (G1 Evacuation Pause)
[2024-12-16T08:07:30.068+0700][gc,task     ] GC(197) Using 2 workers of 2 for evacuation
[2024-12-16T08:07:30.118+0700][gc,mmu      ] GC(197) MMU target violated: 21.0ms (20.0ms/21.0ms)
[2024-12-16T08:07:30.118+0700][gc,phases   ] GC(197)   Pre Evacuate Collection Set: 2.9ms
[2024-12-16T08:07:30.118+0700][gc,phases   ] GC(197)   Merge Heap Roots: 0.6ms
[2024-12-16T08:07:30.118+0700][gc,phases   ] GC(197)   Evacuate Collection Set: 42.7ms
[2024-12-16T08:07:30.118+0700][gc,phases   ] GC(197)   Post Evacuate Collection Set: 3.4ms
[2024-12-16T08:07:30.118+0700][gc,phases   ] GC(197)   Other: 1.3ms
[2024-12-16T08:07:30.118+0700][gc,heap     ] GC(197) Eden regions: 44->0(47)
[2024-12-16T08:07:30.118+0700][gc,heap     ] GC(197) Survivor regions: 7->4(7)
[2024-12-16T08:07:30.118+0700][gc,heap     ] GC(197) Old regions: 112->117
[2024-12-16T08:07:30.118+0700][gc,heap     ] GC(197) Archive regions: 2->2
[2024-12-16T08:07:30.118+0700][gc,heap     ] GC(197) Humongous regions: 129->129
[2024-12-16T08:07:30.118+0700][gc,metaspace] GC(197) Metaspace: 45091K(45632K)->45091K(45632K) NonClass: 39886K(40192K)->39886K(40192K) Class: 5205K(5440K)->5205K(5440K)
[2024-12-16T08:07:30.118+0700][gc          ] GC(197) Pause Young (Normal) (G1 Evacuation Pause) 292M->250M(1024M) 50.806ms
[2024-12-16T08:07:30.118+0700][gc,cpu      ] GC(197) User=0.10s Sys=0.00s Real=0.05s
[2024-12-16T08:08:58.016+0700][gc,start    ] GC(198) Pause Young (Normal) (G1 Evacuation Pause)
[2024-12-16T08:08:58.016+0700][gc,task     ] GC(198) Using 2 workers of 2 for evacuation
[2024-12-16T08:08:58.070+0700][gc,mmu      ] GC(198) MMU target violated: 21.0ms (20.0ms/21.0ms)
[2024-12-16T08:08:58.070+0700][gc,phases   ] GC(198)   Pre Evacuate Collection Set: 2.5ms
[2024-12-16T08:08:58.070+0700][gc,phases   ] GC(198)   Merge Heap Roots: 0.8ms
[2024-12-16T08:08:58.070+0700][gc,phases   ] GC(198)   Evacuate Collection Set: 46.6ms
[2024-12-16T08:08:58.070+0700][gc,phases   ] GC(198)   Post Evacuate Collection Set: 3.2ms
[2024-12-16T08:08:58.070+0700][gc,phases   ] GC(198)   Other: 1.4ms
[2024-12-16T08:08:58.070+0700][gc,heap     ] GC(198) Eden regions: 47->0(44)
[2024-12-16T08:08:58.070+0700][gc,heap     ] GC(198) Survivor regions: 4->7(7)
[2024-12-16T08:08:58.070+0700][gc,heap     ] GC(198) Old regions: 117->118
[2024-12-16T08:08:58.070+0700][gc,heap     ] GC(198) Archive regions: 2->2
[2024-12-16T08:08:58.070+0700][gc,heap     ] GC(198) Humongous regions: 129->129
[2024-12-16T08:08:58.070+0700][gc,metaspace] GC(198) Metaspace: 45091K(45632K)->45091K(45632K) NonClass: 39886K(40192K)->39886K(40192K) Class: 5205K(5440K)->5205K(5440K)
[2024-12-16T08:08:58.070+0700][gc          ] GC(198) Pause Young (Normal) (G1 Evacuation Pause) 297M->254M(1024M) 54.504ms
[2024-12-16T08:08:58.071+0700][gc,cpu      ] GC(198) User=0.10s Sys=0.00s Real=0.06s
[2024-12-16T08:10:24.438+0700][gc,start    ] GC(199) Pause Young (Normal) (G1 Evacuation Pause)
[2024-12-16T08:10:24.438+0700][gc,task     ] GC(199) Using 2 workers of 2 for evacuation
[2024-12-16T08:10:24.493+0700][gc,mmu      ] GC(199) MMU target violated: 21.0ms (20.0ms/21.0ms)
[2024-12-16T08:10:24.493+0700][gc,phases   ] GC(199)   Pre Evacuate Collection Set: 2.8ms
[2024-12-16T08:10:24.493+0700][gc,phases   ] GC(199)   Merge Heap Roots: 1.0ms
[2024-12-16T08:10:24.493+0700][gc,phases   ] GC(199)   Evacuate Collection Set: 46.2ms
[2024-12-16T08:10:24.493+0700][gc,phases   ] GC(199)   Post Evacuate Collection Set: 4.1ms
[2024-12-16T08:10:24.493+0700][gc,phases   ] GC(199)   Other: 1.4ms
[2024-12-16T08:10:24.493+0700][gc,heap     ] GC(199) Eden regions: 44->0(47)
[2024-12-16T08:10:24.493+0700][gc,heap     ] GC(199) Survivor regions: 7->4(7)
[2024-12-16T08:10:24.493+0700][gc,heap     ] GC(199) Old regions: 118->123
[2024-12-16T08:10:24.493+0700][gc,heap     ] GC(199) Archive regions: 2->2
[2024-12-16T08:10:24.493+0700][gc,heap     ] GC(199) Humongous regions: 129->129
[2024-12-16T08:10:24.493+0700][gc,metaspace] GC(199) Metaspace: 45091K(45632K)->45091K(45632K) NonClass: 39886K(40192K)->39886K(40192K) Class: 5205K(5440K)->5205K(5440K)
[2024-12-16T08:10:24.493+0700][gc          ] GC(199) Pause Young (Normal) (G1 Evacuation Pause) 298M->255M(1024M) 55.492ms
[2024-12-16T08:10:24.494+0700][gc,cpu      ] GC(199) User=0.10s Sys=0.00s Real=0.05s
[2024-12-16T08:12:00.301+0700][gc,start    ] GC(200) Pause Young (Normal) (G1 Evacuation Pause)
[2024-12-16T08:12:00.301+0700][gc,task     ] GC(200) Using 2 workers of 2 for evacuation
[2024-12-16T08:12:00.353+0700][gc,mmu      ] GC(200) MMU target violated: 21.0ms (20.0ms/21.0ms)
[2024-12-16T08:12:00.353+0700][gc,phases   ] GC(200)   Pre Evacuate Collection Set: 2.6ms
[2024-12-16T08:12:00.353+0700][gc,phases   ] GC(200)   Merge Heap Roots: 1.2ms
[2024-12-16T08:12:00.353+0700][gc,phases   ] GC(200)   Evacuate Collection Set: 44.9ms
[2024-12-16T08:12:00.353+0700][gc,phases   ] GC(200)   Post Evacuate Collection Set: 2.5ms
[2024-12-16T08:12:00.353+0700][gc,phases   ] GC(200)   Other: 1.5ms
[2024-12-16T08:12:00.353+0700][gc,heap     ] GC(200) Eden regions: 47->0(44)
[2024-12-16T08:12:00.353+0700][gc,heap     ] GC(200) Survivor regions: 4->7(7)
[2024-12-16T08:12:00.353+0700][gc,heap     ] GC(200) Old regions: 123->123
[2024-12-16T08:12:00.353+0700][gc,heap     ] GC(200) Archive regions: 2->2
[2024-12-16T08:12:00.353+0700][gc,heap     ] GC(200) Humongous regions: 129->129
[2024-12-16T08:12:00.353+0700][gc,metaspace] GC(200) Metaspace: 45091K(45632K)->45091K(45632K) NonClass: 39886K(40192K)->39886K(40192K) Class: 5205K(5440K)->5205K(5440K)
[2024-12-16T08:12:00.353+0700][gc          ] GC(200) Pause Young (Normal) (G1 Evacuation Pause) 302M->258M(1024M) 52.635ms
[2024-12-16T08:12:00.353+0700][gc,cpu      ] GC(200) User=0.10s Sys=0.00s Real=0.05s
[2024-12-16T08:13:29.279+0700][gc,start    ] GC(201) Pause Young (Normal) (G1 Evacuation Pause)
[2024-12-16T08:13:29.279+0700][gc,task     ] GC(201) Using 2 workers of 2 for evacuation
[2024-12-16T08:13:29.328+0700][gc,mmu      ] GC(201) MMU target violated: 21.0ms (20.0ms/21.0ms)
[2024-12-16T08:13:29.328+0700][gc,phases   ] GC(201)   Pre Evacuate Collection Set: 2.4ms
[2024-12-16T08:13:29.328+0700][gc,phases   ] GC(201)   Merge Heap Roots: 1.0ms
[2024-12-16T08:13:29.328+0700][gc,phases   ] GC(201)   Evacuate Collection Set: 41.0ms
[2024-12-16T08:13:29.328+0700][gc,phases   ] GC(201)   Post Evacuate Collection Set: 4.1ms
[2024-12-16T08:13:29.328+0700][gc,phases   ] GC(201)   Other: 1.6ms
[2024-12-16T08:13:29.328+0700][gc,heap     ] GC(201) Eden regions: 44->0(48)
[2024-12-16T08:13:29.328+0700][gc,heap     ] GC(201) Survivor regions: 7->3(7)
[2024-12-16T08:13:29.328+0700][gc,heap     ] GC(201) Old regions: 123->127
[2024-12-16T08:13:29.328+0700][gc,heap     ] GC(201) Archive regions: 2->2
[2024-12-16T08:13:29.328+0700][gc,heap     ] GC(201) Humongous regions: 129->129
[2024-12-16T08:13:29.329+0700][gc,metaspace] GC(201) Metaspace: 45091K(45632K)->45091K(45632K) NonClass: 39886K(40192K)->39886K(40192K) Class: 5205K(5440K)->5205K(5440K)
[2024-12-16T08:13:29.329+0700][gc          ] GC(201) Pause Young (Normal) (G1 Evacuation Pause) 302M->259M(1024M) 50.081ms
[2024-12-16T08:13:29.329+0700][gc,cpu      ] GC(201) User=0.09s Sys=0.00s Real=0.05s
[2024-12-16T08:15:07.092+0700][gc,start    ] GC(202) Pause Young (Normal) (G1 Evacuation Pause)
[2024-12-16T08:15:07.093+0700][gc,task     ] GC(202) Using 2 workers of 2 for evacuation
[2024-12-16T08:15:07.140+0700][gc,mmu      ] GC(202) MMU target violated: 21.0ms (20.0ms/21.0ms)
[2024-12-16T08:15:07.140+0700][gc,phases   ] GC(202)   Pre Evacuate Collection Set: 3.2ms
[2024-12-16T08:15:07.140+0700][gc,phases   ] GC(202)   Merge Heap Roots: 1.7ms
[2024-12-16T08:15:07.140+0700][gc,phases   ] GC(202)   Evacuate Collection Set: 39.6ms
[2024-12-16T08:15:07.140+0700][gc,phases   ] GC(202)   Post Evacuate Collection Set: 2.4ms
[2024-12-16T08:15:07.140+0700][gc,phases   ] GC(202)   Other: 1.3ms
[2024-12-16T08:15:07.140+0700][gc,heap     ] GC(202) Eden regions: 48->0(44)
[2024-12-16T08:15:07.140+0700][gc,heap     ] GC(202) Survivor regions: 3->7(7)
[2024-12-16T08:15:07.140+0700][gc,heap     ] GC(202) Old regions: 127->127
[2024-12-16T08:15:07.140+0700][gc,heap     ] GC(202) Archive regions: 2->2
[2024-12-16T08:15:07.140+0700][gc,heap     ] GC(202) Humongous regions: 129->129
[2024-12-16T08:15:07.140+0700][gc,metaspace] GC(202) Metaspace: 45091K(45632K)->45091K(45632K) NonClass: 39886K(40192K)->39886K(40192K) Class: 5205K(5440K)->5205K(5440K)
[2024-12-16T08:15:07.141+0700][gc          ] GC(202) Pause Young (Normal) (G1 Evacuation Pause) 307M->263M(1024M) 48.093ms
[2024-12-16T08:15:07.141+0700][gc,cpu      ] GC(202) User=0.09s Sys=0.00s Real=0.05s
[2024-12-16T08:16:36.137+0700][gc,start    ] GC(203) Pause Young (Normal) (G1 Evacuation Pause)
[2024-12-16T08:16:36.138+0700][gc,task     ] GC(203) Using 2 workers of 2 for evacuation
[2024-12-16T08:16:36.186+0700][gc,mmu      ] GC(203) MMU target violated: 21.0ms (20.0ms/21.0ms)
[2024-12-16T08:16:36.186+0700][gc,phases   ] GC(203)   Pre Evacuate Collection Set: 2.6ms
[2024-12-16T08:16:36.186+0700][gc,phases   ] GC(203)   Merge Heap Roots: 0.5ms
[2024-12-16T08:16:36.186+0700][gc,phases   ] GC(203)   Evacuate Collection Set: 41.2ms
[2024-12-16T08:16:36.186+0700][gc,phases   ] GC(203)   Post Evacuate Collection Set: 3.0ms
[2024-12-16T08:16:36.186+0700][gc,phases   ] GC(203)   Other: 1.4ms
[2024-12-16T08:16:36.186+0700][gc,heap     ] GC(203) Eden regions: 44->0(48)
[2024-12-16T08:16:36.186+0700][gc,heap     ] GC(203) Survivor regions: 7->3(7)
[2024-12-16T08:16:36.186+0700][gc,heap     ] GC(203) Old regions: 127->132
[2024-12-16T08:16:36.186+0700][gc,heap     ] GC(203) Archive regions: 2->2
[2024-12-16T08:16:36.186+0700][gc,heap     ] GC(203) Humongous regions: 129->129
[2024-12-16T08:16:36.186+0700][gc,metaspace] GC(203) Metaspace: 45091K(45632K)->45091K(45632K) NonClass: 39886K(40192K)->39886K(40192K) Class: 5205K(5440K)->5205K(5440K)
[2024-12-16T08:16:36.186+0700][gc          ] GC(203) Pause Young (Normal) (G1 Evacuation Pause) 307M->263M(1024M) 48.701ms
[2024-12-16T08:16:36.186+0700][gc,cpu      ] GC(203) User=0.09s Sys=0.00s Real=0.05s
[2024-12-16T08:18:14.035+0700][gc,start    ] GC(204) Pause Young (Normal) (G1 Evacuation Pause)
[2024-12-16T08:18:14.035+0700][gc,task     ] GC(204) Using 2 workers of 2 for evacuation
[2024-12-16T08:18:14.107+0700][gc,mmu      ] GC(204) MMU target violated: 21.0ms (20.0ms/21.0ms)
[2024-12-16T08:18:14.107+0700][gc,phases   ] GC(204)   Pre Evacuate Collection Set: 3.7ms
[2024-12-16T08:18:14.107+0700][gc,phases   ] GC(204)   Merge Heap Roots: 1.0ms
[2024-12-16T08:18:14.107+0700][gc,phases   ] GC(204)   Evacuate Collection Set: 62.4ms
[2024-12-16T08:18:14.108+0700][gc,phases   ] GC(204)   Post Evacuate Collection Set: 4.5ms
[2024-12-16T08:18:14.108+0700][gc,phases   ] GC(204)   Other: 1.3ms
[2024-12-16T08:18:14.108+0700][gc,heap     ] GC(204) Eden regions: 48->0(44)
[2024-12-16T08:18:14.108+0700][gc,heap     ] GC(204) Survivor regions: 3->7(7)
[2024-12-16T08:18:14.108+0700][gc,heap     ] GC(204) Old regions: 132->132
[2024-12-16T08:18:14.108+0700][gc,heap     ] GC(204) Archive regions: 2->2
[2024-12-16T08:18:14.108+0700][gc,heap     ] GC(204) Humongous regions: 129->129
[2024-12-16T08:18:14.108+0700][gc,metaspace] GC(204) Metaspace: 45091K(45632K)->45091K(45632K) NonClass: 39886K(40192K)->39886K(40192K) Class: 5205K(5440K)->5205K(5440K)
[2024-12-16T08:18:14.108+0700][gc          ] GC(204) Pause Young (Normal) (G1 Evacuation Pause) 311M->267M(1024M) 72.904ms
[2024-12-16T08:18:14.108+0700][gc,cpu      ] GC(204) User=0.12s Sys=0.01s Real=0.08s
[2024-12-16T08:19:43.492+0700][gc,start    ] GC(205) Pause Young (Normal) (G1 Evacuation Pause)
[2024-12-16T08:19:43.492+0700][gc,task     ] GC(205) Using 2 workers of 2 for evacuation
[2024-12-16T08:19:43.541+0700][gc,mmu      ] GC(205) MMU target violated: 21.0ms (20.0ms/21.0ms)
[2024-12-16T08:19:43.541+0700][gc,phases   ] GC(205)   Pre Evacuate Collection Set: 2.7ms
[2024-12-16T08:19:43.541+0700][gc,phases   ] GC(205)   Merge Heap Roots: 0.5ms
[2024-12-16T08:19:43.541+0700][gc,phases   ] GC(205)   Evacuate Collection Set: 42.2ms
[2024-12-16T08:19:43.541+0700][gc,phases   ] GC(205)   Post Evacuate Collection Set: 3.1ms
[2024-12-16T08:19:43.541+0700][gc,phases   ] GC(205)   Other: 1.3ms
[2024-12-16T08:19:43.542+0700][gc,heap     ] GC(205) Eden regions: 44->0(48)
[2024-12-16T08:19:43.542+0700][gc,heap     ] GC(205) Survivor regions: 7->3(7)
[2024-12-16T08:19:43.542+0700][gc,heap     ] GC(205) Old regions: 132->136
[2024-12-16T08:19:43.542+0700][gc,heap     ] GC(205) Archive regions: 2->2
[2024-12-16T08:19:43.542+0700][gc,heap     ] GC(205) Humongous regions: 129->129
[2024-12-16T08:19:43.542+0700][gc,metaspace] GC(205) Metaspace: 45091K(45632K)->45091K(45632K) NonClass: 39886K(40192K)->39886K(40192K) Class: 5205K(5440K)->5205K(5440K)
[2024-12-16T08:19:43.542+0700][gc          ] GC(205) Pause Young (Normal) (G1 Evacuation Pause) 311M->268M(1024M) 49.813ms
[2024-12-16T08:19:43.542+0700][gc,cpu      ] GC(205) User=0.09s Sys=0.00s Real=0.05s
[2024-12-16T08:21:20.706+0700][gc,start    ] GC(206) Pause Young (Normal) (G1 Evacuation Pause)
[2024-12-16T08:21:20.706+0700][gc,task     ] GC(206) Using 2 workers of 2 for evacuation
[2024-12-16T08:21:20.755+0700][gc,mmu      ] GC(206) MMU target violated: 21.0ms (20.0ms/21.0ms)
[2024-12-16T08:21:20.755+0700][gc,phases   ] GC(206)   Pre Evacuate Collection Set: 2.7ms
[2024-12-16T08:21:20.755+0700][gc,phases   ] GC(206)   Merge Heap Roots: 0.7ms
[2024-12-16T08:21:20.755+0700][gc,phases   ] GC(206)   Evacuate Collection Set: 41.1ms
[2024-12-16T08:21:20.755+0700][gc,phases   ] GC(206)   Post Evacuate Collection Set: 4.0ms
[2024-12-16T08:21:20.755+0700][gc,phases   ] GC(206)   Other: 1.5ms
[2024-12-16T08:21:20.755+0700][gc,heap     ] GC(206) Eden regions: 48->0(45)
[2024-12-16T08:21:20.755+0700][gc,heap     ] GC(206) Survivor regions: 3->6(7)
[2024-12-16T08:21:20.755+0700][gc,heap     ] GC(206) Old regions: 136->136
[2024-12-16T08:21:20.755+0700][gc,heap     ] GC(206) Archive regions: 2->2
[2024-12-16T08:21:20.755+0700][gc,heap     ] GC(206) Humongous regions: 129->129
[2024-12-16T08:21:20.755+0700][gc,metaspace] GC(206) Metaspace: 45091K(45632K)->45091K(45632K) NonClass: 39886K(40192K)->39886K(40192K) Class: 5205K(5440K)->5205K(5440K)
[2024-12-16T08:21:20.755+0700][gc          ] GC(206) Pause Young (Normal) (G1 Evacuation Pause) 316M->271M(1024M) 50.038ms
[2024-12-16T08:21:20.756+0700][gc,cpu      ] GC(206) User=0.09s Sys=0.00s Real=0.04s
[2024-12-16T08:22:52.170+0700][gc,start    ] GC(207) Pause Young (Normal) (G1 Evacuation Pause)
[2024-12-16T08:22:52.170+0700][gc,task     ] GC(207) Using 2 workers of 2 for evacuation
[2024-12-16T08:22:52.217+0700][gc,mmu      ] GC(207) MMU target violated: 21.0ms (20.0ms/21.0ms)
[2024-12-16T08:22:52.218+0700][gc,phases   ] GC(207)   Pre Evacuate Collection Set: 2.7ms
[2024-12-16T08:22:52.218+0700][gc,phases   ] GC(207)   Merge Heap Roots: 0.8ms
[2024-12-16T08:22:52.218+0700][gc,phases   ] GC(207)   Evacuate Collection Set: 40.0ms
[2024-12-16T08:22:52.218+0700][gc,phases   ] GC(207)   Post Evacuate Collection Set: 3.3ms
[2024-12-16T08:22:52.218+0700][gc,phases   ] GC(207)   Other: 1.2ms
[2024-12-16T08:22:52.218+0700][gc,heap     ] GC(207) Eden regions: 45->0(48)
[2024-12-16T08:22:52.218+0700][gc,heap     ] GC(207) Survivor regions: 6->3(7)
[2024-12-16T08:22:52.218+0700][gc,heap     ] GC(207) Old regions: 136->141
[2024-12-16T08:22:52.218+0700][gc,heap     ] GC(207) Archive regions: 2->2
[2024-12-16T08:22:52.218+0700][gc,heap     ] GC(207) Humongous regions: 129->129
[2024-12-16T08:22:52.218+0700][gc,metaspace] GC(207) Metaspace: 45091K(45632K)->45091K(45632K) NonClass: 39886K(40192K)->39886K(40192K) Class: 5205K(5440K)->5205K(5440K)
[2024-12-16T08:22:52.218+0700][gc          ] GC(207) Pause Young (Normal) (G1 Evacuation Pause) 316M->273M(1024M) 48.116ms
[2024-12-16T08:22:52.218+0700][gc,cpu      ] GC(207) User=0.09s Sys=0.00s Real=0.05s
[2024-12-16T08:24:30.040+0700][gc,start    ] GC(208) Pause Young (Normal) (G1 Evacuation Pause)
[2024-12-16T08:24:30.040+0700][gc,task     ] GC(208) Using 2 workers of 2 for evacuation
[2024-12-16T08:24:30.083+0700][gc,mmu      ] GC(208) MMU target violated: 21.0ms (20.0ms/21.0ms)
[2024-12-16T08:24:30.084+0700][gc,phases   ] GC(208)   Pre Evacuate Collection Set: 4.1ms
[2024-12-16T08:24:30.084+0700][gc,phases   ] GC(208)   Merge Heap Roots: 1.1ms
[2024-12-16T08:24:30.084+0700][gc,phases   ] GC(208)   Evacuate Collection Set: 34.9ms
[2024-12-16T08:24:30.084+0700][gc,phases   ] GC(208)   Post Evacuate Collection Set: 2.7ms
[2024-12-16T08:24:30.084+0700][gc,phases   ] GC(208)   Other: 1.3ms
[2024-12-16T08:24:30.084+0700][gc,heap     ] GC(208) Eden regions: 48->0(44)
[2024-12-16T08:24:30.084+0700][gc,heap     ] GC(208) Survivor regions: 3->7(7)
[2024-12-16T08:24:30.084+0700][gc,heap     ] GC(208) Old regions: 141->141
[2024-12-16T08:24:30.084+0700][gc,heap     ] GC(208) Archive regions: 2->2
[2024-12-16T08:24:30.084+0700][gc,heap     ] GC(208) Humongous regions: 129->129
[2024-12-16T08:24:30.084+0700][gc,metaspace] GC(208) Metaspace: 45096K(45632K)->45096K(45632K) NonClass: 39891K(40192K)->39891K(40192K) Class: 5205K(5440K)->5205K(5440K)
[2024-12-16T08:24:30.084+0700][gc          ] GC(208) Pause Young (Normal) (G1 Evacuation Pause) 321M->276M(1024M) 43.874ms
[2024-12-16T08:24:30.084+0700][gc,cpu      ] GC(208) User=0.08s Sys=0.00s Real=0.04s
[2024-12-16T08:25:59.644+0700][gc,start    ] GC(209) Pause Young (Normal) (G1 Evacuation Pause)
[2024-12-16T08:25:59.644+0700][gc,task     ] GC(209) Using 2 workers of 2 for evacuation
[2024-12-16T08:25:59.722+0700][gc,mmu      ] GC(209) MMU target violated: 21.0ms (20.0ms/21.0ms)
[2024-12-16T08:25:59.722+0700][gc,phases   ] GC(209)   Pre Evacuate Collection Set: 5.6ms
[2024-12-16T08:25:59.722+0700][gc,phases   ] GC(209)   Merge Heap Roots: 1.9ms
[2024-12-16T08:25:59.722+0700][gc,phases   ] GC(209)   Evacuate Collection Set: 60.4ms
[2024-12-16T08:25:59.722+0700][gc,phases   ] GC(209)   Post Evacuate Collection Set: 8.9ms
[2024-12-16T08:25:59.722+0700][gc,phases   ] GC(209)   Other: 1.8ms
[2024-12-16T08:25:59.722+0700][gc,heap     ] GC(209) Eden regions: 44->0(48)
[2024-12-16T08:25:59.722+0700][gc,heap     ] GC(209) Survivor regions: 7->3(7)
[2024-12-16T08:25:59.722+0700][gc,heap     ] GC(209) Old regions: 141->145
[2024-12-16T08:25:59.722+0700][gc,heap     ] GC(209) Archive regions: 2->2
[2024-12-16T08:25:59.722+0700][gc,heap     ] GC(209) Humongous regions: 129->129
[2024-12-16T08:25:59.722+0700][gc,metaspace] GC(209) Metaspace: 45096K(45632K)->45096K(45632K) NonClass: 39891K(40192K)->39891K(40192K) Class: 5205K(5440K)->5205K(5440K)
[2024-12-16T08:25:59.722+0700][gc          ] GC(209) Pause Young (Normal) (G1 Evacuation Pause) 320M->277M(1024M) 78.627ms
[2024-12-16T08:25:59.722+0700][gc,cpu      ] GC(209) User=0.14s Sys=0.00s Real=0.08s
[2024-12-16T08:27:37.163+0700][gc,start    ] GC(210) Pause Young (Normal) (G1 Evacuation Pause)
[2024-12-16T08:27:37.164+0700][gc,task     ] GC(210) Using 2 workers of 2 for evacuation
[2024-12-16T08:27:37.221+0700][gc,mmu      ] GC(210) MMU target violated: 21.0ms (20.0ms/21.0ms)
[2024-12-16T08:27:37.221+0700][gc,phases   ] GC(210)   Pre Evacuate Collection Set: 6.7ms
[2024-12-16T08:27:37.221+0700][gc,phases   ] GC(210)   Merge Heap Roots: 0.9ms
[2024-12-16T08:27:37.221+0700][gc,phases   ] GC(210)   Evacuate Collection Set: 45.0ms
[2024-12-16T08:27:37.221+0700][gc,phases   ] GC(210)   Post Evacuate Collection Set: 4.3ms
[2024-12-16T08:27:37.221+0700][gc,phases   ] GC(210)   Other: 1.7ms
[2024-12-16T08:27:37.221+0700][gc,heap     ] GC(210) Eden regions: 48->0(44)
[2024-12-16T08:27:37.221+0700][gc,heap     ] GC(210) Survivor regions: 3->7(7)
[2024-12-16T08:27:37.221+0700][gc,heap     ] GC(210) Old regions: 145->145
[2024-12-16T08:27:37.221+0700][gc,heap     ] GC(210) Archive regions: 2->2
[2024-12-16T08:27:37.221+0700][gc,heap     ] GC(210) Humongous regions: 129->129
[2024-12-16T08:27:37.222+0700][gc,metaspace] GC(210) Metaspace: 45096K(45632K)->45096K(45632K) NonClass: 39891K(40192K)->39891K(40192K) Class: 5205K(5440K)->5205K(5440K)
[2024-12-16T08:27:37.222+0700][gc          ] GC(210) Pause Young (Normal) (G1 Evacuation Pause) 325M->280M(1024M) 58.372ms
[2024-12-16T08:27:37.222+0700][gc,cpu      ] GC(210) User=0.11s Sys=0.00s Real=0.06s
[2024-12-16T08:29:05.573+0700][gc,start    ] GC(211) Pause Young (Normal) (G1 Evacuation Pause)
[2024-12-16T08:29:05.573+0700][gc,task     ] GC(211) Using 2 workers of 2 for evacuation
[2024-12-16T08:29:05.633+0700][gc,mmu      ] GC(211) MMU target violated: 21.0ms (20.0ms/21.0ms)
[2024-12-16T08:29:05.633+0700][gc,phases   ] GC(211)   Pre Evacuate Collection Set: 4.5ms
[2024-12-16T08:29:05.633+0700][gc,phases   ] GC(211)   Merge Heap Roots: 0.5ms
[2024-12-16T08:29:05.633+0700][gc,phases   ] GC(211)   Evacuate Collection Set: 50.4ms
[2024-12-16T08:29:05.633+0700][gc,phases   ] GC(211)   Post Evacuate Collection Set: 3.9ms
[2024-12-16T08:29:05.633+0700][gc,phases   ] GC(211)   Other: 1.2ms
[2024-12-16T08:29:05.633+0700][gc,heap     ] GC(211) Eden regions: 44->0(46)
[2024-12-16T08:29:05.633+0700][gc,heap     ] GC(211) Survivor regions: 7->5(7)
[2024-12-16T08:29:05.633+0700][gc,heap     ] GC(211) Old regions: 145->150
[2024-12-16T08:29:05.633+0700][gc,heap     ] GC(211) Archive regions: 2->2
[2024-12-16T08:29:05.633+0700][gc,heap     ] GC(211) Humongous regions: 129->129
[2024-12-16T08:29:05.633+0700][gc,metaspace] GC(211) Metaspace: 45096K(45632K)->45096K(45632K) NonClass: 39891K(40192K)->39891K(40192K) Class: 5205K(5440K)->5205K(5440K)
[2024-12-16T08:29:05.633+0700][gc          ] GC(211) Pause Young (Normal) (G1 Evacuation Pause) 324M->284M(1024M) 60.551ms
[2024-12-16T08:29:05.633+0700][gc,cpu      ] GC(211) User=0.11s Sys=0.01s Real=0.06s
[2024-12-16T08:30:38.937+0700][gc,start    ] GC(212) Pause Young (Normal) (G1 Evacuation Pause)
[2024-12-16T08:30:38.938+0700][gc,task     ] GC(212) Using 2 workers of 2 for evacuation
[2024-12-16T08:30:38.978+0700][gc,mmu      ] GC(212) MMU target violated: 21.0ms (20.0ms/21.0ms)
[2024-12-16T08:30:38.978+0700][gc,phases   ] GC(212)   Pre Evacuate Collection Set: 3.6ms
[2024-12-16T08:30:38.978+0700][gc,phases   ] GC(212)   Merge Heap Roots: 0.7ms
[2024-12-16T08:30:38.978+0700][gc,phases   ] GC(212)   Evacuate Collection Set: 32.8ms
[2024-12-16T08:30:38.978+0700][gc,phases   ] GC(212)   Post Evacuate Collection Set: 2.6ms
[2024-12-16T08:30:38.978+0700][gc,phases   ] GC(212)   Other: 1.2ms
[2024-12-16T08:30:38.978+0700][gc,heap     ] GC(212) Eden regions: 46->0(47)
[2024-12-16T08:30:38.978+0700][gc,heap     ] GC(212) Survivor regions: 5->4(7)
[2024-12-16T08:30:38.978+0700][gc,heap     ] GC(212) Old regions: 150->152
[2024-12-16T08:30:38.978+0700][gc,heap     ] GC(212) Archive regions: 2->2
[2024-12-16T08:30:38.978+0700][gc,heap     ] GC(212) Humongous regions: 129->129
[2024-12-16T08:30:38.978+0700][gc,metaspace] GC(212) Metaspace: 45096K(45632K)->45096K(45632K) NonClass: 39891K(40192K)->39891K(40192K) Class: 5205K(5440K)->5205K(5440K)
[2024-12-16T08:30:38.978+0700][gc          ] GC(212) Pause Young (Normal) (G1 Evacuation Pause) 330M->285M(1024M) 40.993ms
[2024-12-16T08:30:38.978+0700][gc,cpu      ] GC(212) User=0.08s Sys=0.00s Real=0.04s
[2024-12-16T08:32:14.793+0700][gc,start    ] GC(213) Pause Young (Normal) (G1 Evacuation Pause)
[2024-12-16T08:32:14.793+0700][gc,task     ] GC(213) Using 2 workers of 2 for evacuation
[2024-12-16T08:32:14.847+0700][gc,mmu      ] GC(213) MMU target violated: 21.0ms (20.0ms/21.0ms)
[2024-12-16T08:32:14.847+0700][gc,phases   ] GC(213)   Pre Evacuate Collection Set: 2.7ms
[2024-12-16T08:32:14.848+0700][gc,phases   ] GC(213)   Merge Heap Roots: 1.1ms
[2024-12-16T08:32:14.848+0700][gc,phases   ] GC(213)   Evacuate Collection Set: 46.2ms
[2024-12-16T08:32:14.848+0700][gc,phases   ] GC(213)   Post Evacuate Collection Set: 3.5ms
[2024-12-16T08:32:14.848+0700][gc,phases   ] GC(213)   Other: 1.3ms
[2024-12-16T08:32:14.848+0700][gc,heap     ] GC(213) Eden regions: 47->0(44)
[2024-12-16T08:32:14.848+0700][gc,heap     ] GC(213) Survivor regions: 4->7(7)
[2024-12-16T08:32:14.848+0700][gc,heap     ] GC(213) Old regions: 152->152
[2024-12-16T08:32:14.848+0700][gc,heap     ] GC(213) Archive regions: 2->2
[2024-12-16T08:32:14.848+0700][gc,heap     ] GC(213) Humongous regions: 129->129
[2024-12-16T08:32:14.848+0700][gc,metaspace] GC(213) Metaspace: 45096K(45632K)->45096K(45632K) NonClass: 39891K(40192K)->39891K(40192K) Class: 5205K(5440K)->5205K(5440K)
[2024-12-16T08:32:14.848+0700][gc          ] GC(213) Pause Young (Normal) (G1 Evacuation Pause) 332M->288M(1024M) 54.811ms
[2024-12-16T08:32:14.848+0700][gc,cpu      ] GC(213) User=0.10s Sys=0.01s Real=0.06s
[2024-12-16T08:33:44.305+0700][gc,start    ] GC(214) Pause Young (Normal) (G1 Evacuation Pause)
[2024-12-16T08:33:44.306+0700][gc,task     ] GC(214) Using 2 workers of 2 for evacuation
[2024-12-16T08:33:44.356+0700][gc,mmu      ] GC(214) MMU target violated: 21.0ms (20.0ms/21.0ms)
[2024-12-16T08:33:44.356+0700][gc,phases   ] GC(214)   Pre Evacuate Collection Set: 2.6ms
[2024-12-16T08:33:44.356+0700][gc,phases   ] GC(214)   Merge Heap Roots: 0.6ms
[2024-12-16T08:33:44.356+0700][gc,phases   ] GC(214)   Evacuate Collection Set: 44.5ms
[2024-12-16T08:33:44.356+0700][gc,phases   ] GC(214)   Post Evacuate Collection Set: 2.3ms
[2024-12-16T08:33:44.356+0700][gc,phases   ] GC(214)   Other: 1.3ms
[2024-12-16T08:33:44.356+0700][gc,heap     ] GC(214) Eden regions: 44->0(47)
[2024-12-16T08:33:44.356+0700][gc,heap     ] GC(214) Survivor regions: 7->4(7)
[2024-12-16T08:33:44.357+0700][gc,heap     ] GC(214) Old regions: 152->157
[2024-12-16T08:33:44.357+0700][gc,heap     ] GC(214) Archive regions: 2->2
[2024-12-16T08:33:44.357+0700][gc,heap     ] GC(214) Humongous regions: 129->129
[2024-12-16T08:33:44.357+0700][gc,metaspace] GC(214) Metaspace: 45096K(45632K)->45096K(45632K) NonClass: 39891K(40192K)->39891K(40192K) Class: 5205K(5440K)->5205K(5440K)
[2024-12-16T08:33:44.357+0700][gc          ] GC(214) Pause Young (Normal) (G1 Evacuation Pause) 332M->290M(1024M) 51.255ms
[2024-12-16T08:33:44.357+0700][gc,cpu      ] GC(214) User=0.10s Sys=0.00s Real=0.05s
[2024-12-16T08:35:20.305+0700][gc,start    ] GC(215) Pause Young (Normal) (G1 Evacuation Pause)
[2024-12-16T08:35:20.306+0700][gc,task     ] GC(215) Using 2 workers of 2 for evacuation
[2024-12-16T08:35:20.355+0700][gc,mmu      ] GC(215) MMU target violated: 21.0ms (20.0ms/21.0ms)
[2024-12-16T08:35:20.355+0700][gc,phases   ] GC(215)   Pre Evacuate Collection Set: 3.1ms
[2024-12-16T08:35:20.355+0700][gc,phases   ] GC(215)   Merge Heap Roots: 1.1ms
[2024-12-16T08:35:20.355+0700][gc,phases   ] GC(215)   Evacuate Collection Set: 41.3ms
[2024-12-16T08:35:20.355+0700][gc,phases   ] GC(215)   Post Evacuate Collection Set: 3.7ms
[2024-12-16T08:35:20.356+0700][gc,phases   ] GC(215)   Other: 1.1ms
[2024-12-16T08:35:20.356+0700][gc,heap     ] GC(215) Eden regions: 47->0(44)
[2024-12-16T08:35:20.356+0700][gc,heap     ] GC(215) Survivor regions: 4->7(7)
[2024-12-16T08:35:20.356+0700][gc,heap     ] GC(215) Old regions: 157->157
[2024-12-16T08:35:20.356+0700][gc,heap     ] GC(215) Archive regions: 2->2
[2024-12-16T08:35:20.356+0700][gc,heap     ] GC(215) Humongous regions: 129->129
[2024-12-16T08:35:20.356+0700][gc,metaspace] GC(215) Metaspace: 45096K(45632K)->45096K(45632K) NonClass: 39891K(40192K)->39891K(40192K) Class: 5205K(5440K)->5205K(5440K)
[2024-12-16T08:35:20.356+0700][gc          ] GC(215) Pause Young (Normal) (G1 Evacuation Pause) 337M->293M(1024M) 50.387ms
[2024-12-16T08:35:20.356+0700][gc,cpu      ] GC(215) User=0.09s Sys=0.01s Real=0.04s
[2024-12-16T08:36:49.552+0700][gc,start    ] GC(216) Pause Young (Normal) (G1 Evacuation Pause)
[2024-12-16T08:36:49.552+0700][gc,task     ] GC(216) Using 2 workers of 2 for evacuation
[2024-12-16T08:36:49.604+0700][gc,mmu      ] GC(216) MMU target violated: 21.0ms (20.0ms/21.0ms)
[2024-12-16T08:36:49.604+0700][gc,phases   ] GC(216)   Pre Evacuate Collection Set: 2.5ms
[2024-12-16T08:36:49.604+0700][gc,phases   ] GC(216)   Merge Heap Roots: 1.0ms
[2024-12-16T08:36:49.604+0700][gc,phases   ] GC(216)   Evacuate Collection Set: 44.7ms
[2024-12-16T08:36:49.604+0700][gc,phases   ] GC(216)   Post Evacuate Collection Set: 2.5ms
[2024-12-16T08:36:49.604+0700][gc,phases   ] GC(216)   Other: 1.2ms
[2024-12-16T08:36:49.604+0700][gc,heap     ] GC(216) Eden regions: 44->0(47)
[2024-12-16T08:36:49.604+0700][gc,heap     ] GC(216) Survivor regions: 7->4(7)
[2024-12-16T08:36:49.604+0700][gc,heap     ] GC(216) Old regions: 157->161
[2024-12-16T08:36:49.604+0700][gc,heap     ] GC(216) Archive regions: 2->2
[2024-12-16T08:36:49.604+0700][gc,heap     ] GC(216) Humongous regions: 129->129
[2024-12-16T08:36:49.604+0700][gc,metaspace] GC(216) Metaspace: 45096K(45632K)->45096K(45632K) NonClass: 39891K(40192K)->39891K(40192K) Class: 5205K(5440K)->5205K(5440K)
[2024-12-16T08:36:49.604+0700][gc          ] GC(216) Pause Young (Normal) (G1 Evacuation Pause) 337M->294M(1024M) 52.087ms
[2024-12-16T08:36:49.604+0700][gc,cpu      ] GC(216) User=0.10s Sys=0.00s Real=0.06s
[2024-12-16T08:38:24.853+0700][gc,start    ] GC(217) Pause Young (Normal) (G1 Evacuation Pause)
[2024-12-16T08:38:24.853+0700][gc,task     ] GC(217) Using 2 workers of 2 for evacuation
[2024-12-16T08:38:24.910+0700][gc,mmu      ] GC(217) MMU target violated: 21.0ms (20.0ms/21.0ms)
[2024-12-16T08:38:24.910+0700][gc,phases   ] GC(217)   Pre Evacuate Collection Set: 2.5ms
[2024-12-16T08:38:24.911+0700][gc,phases   ] GC(217)   Merge Heap Roots: 1.2ms
[2024-12-16T08:38:24.911+0700][gc,phases   ] GC(217)   Evacuate Collection Set: 50.4ms
[2024-12-16T08:38:24.911+0700][gc,phases   ] GC(217)   Post Evacuate Collection Set: 2.8ms
[2024-12-16T08:38:24.911+0700][gc,phases   ] GC(217)   Other: 1.3ms
[2024-12-16T08:38:24.911+0700][gc,heap     ] GC(217) Eden regions: 47->0(44)
[2024-12-16T08:38:24.911+0700][gc,heap     ] GC(217) Survivor regions: 4->7(7)
[2024-12-16T08:38:24.911+0700][gc,heap     ] GC(217) Old regions: 161->161
[2024-12-16T08:38:24.911+0700][gc,heap     ] GC(217) Archive regions: 2->2
[2024-12-16T08:38:24.911+0700][gc,heap     ] GC(217) Humongous regions: 129->129
[2024-12-16T08:38:24.911+0700][gc,metaspace] GC(217) Metaspace: 45096K(45632K)->45096K(45632K) NonClass: 39891K(40192K)->39891K(40192K) Class: 5205K(5440K)->5205K(5440K)
[2024-12-16T08:38:24.911+0700][gc          ] GC(217) Pause Young (Normal) (G1 Evacuation Pause) 341M->297M(1024M) 58.095ms
[2024-12-16T08:38:24.911+0700][gc,cpu      ] GC(217) User=0.10s Sys=0.00s Real=0.06s
[2024-12-16T08:39:53.938+0700][gc,start    ] GC(218) Pause Young (Normal) (G1 Evacuation Pause)
[2024-12-16T08:39:53.938+0700][gc,task     ] GC(218) Using 2 workers of 2 for evacuation
[2024-12-16T08:39:53.982+0700][gc,mmu      ] GC(218) MMU target violated: 21.0ms (20.0ms/21.0ms)
[2024-12-16T08:39:53.982+0700][gc,phases   ] GC(218)   Pre Evacuate Collection Set: 3.3ms
[2024-12-16T08:39:53.982+0700][gc,phases   ] GC(218)   Merge Heap Roots: 0.5ms
[2024-12-16T08:39:53.982+0700][gc,phases   ] GC(218)   Evacuate Collection Set: 37.4ms
[2024-12-16T08:39:53.982+0700][gc,phases   ] GC(218)   Post Evacuate Collection Set: 2.5ms
[2024-12-16T08:39:53.982+0700][gc,phases   ] GC(218)   Other: 1.3ms
[2024-12-16T08:39:53.982+0700][gc,heap     ] GC(218) Eden regions: 44->0(47)
[2024-12-16T08:39:53.983+0700][gc,heap     ] GC(218) Survivor regions: 7->4(7)
[2024-12-16T08:39:53.983+0700][gc,heap     ] GC(218) Old regions: 161->166
[2024-12-16T08:39:53.983+0700][gc,heap     ] GC(218) Archive regions: 2->2
[2024-12-16T08:39:53.983+0700][gc,heap     ] GC(218) Humongous regions: 129->129
[2024-12-16T08:39:53.983+0700][gc,metaspace] GC(218) Metaspace: 45096K(45632K)->45096K(45632K) NonClass: 39891K(40192K)->39891K(40192K) Class: 5205K(5440K)->5205K(5440K)
[2024-12-16T08:39:53.983+0700][gc          ] GC(218) Pause Young (Normal) (G1 Evacuation Pause) 341M->298M(1024M) 44.968ms
[2024-12-16T08:39:53.983+0700][gc,cpu      ] GC(218) User=0.09s Sys=0.01s Real=0.04s
[2024-12-16T08:41:29.973+0700][gc,start    ] GC(219) Pause Young (Normal) (G1 Evacuation Pause)
[2024-12-16T08:41:29.973+0700][gc,task     ] GC(219) Using 2 workers of 2 for evacuation
[2024-12-16T08:41:30.022+0700][gc,mmu      ] GC(219) MMU target violated: 21.0ms (20.0ms/21.0ms)
[2024-12-16T08:41:30.023+0700][gc,phases   ] GC(219)   Pre Evacuate Collection Set: 2.6ms
[2024-12-16T08:41:30.023+0700][gc,phases   ] GC(219)   Merge Heap Roots: 1.2ms
[2024-12-16T08:41:30.023+0700][gc,phases   ] GC(219)   Evacuate Collection Set: 41.8ms
[2024-12-16T08:41:30.023+0700][gc,phases   ] GC(219)   Post Evacuate Collection Set: 3.2ms
[2024-12-16T08:41:30.023+0700][gc,phases   ] GC(219)   Other: 1.4ms
[2024-12-16T08:41:30.023+0700][gc,heap     ] GC(219) Eden regions: 47->0(44)
[2024-12-16T08:41:30.023+0700][gc,heap     ] GC(219) Survivor regions: 4->7(7)
[2024-12-16T08:41:30.023+0700][gc,heap     ] GC(219) Old regions: 166->166
[2024-12-16T08:41:30.023+0700][gc,heap     ] GC(219) Archive regions: 2->2
[2024-12-16T08:41:30.023+0700][gc,heap     ] GC(219) Humongous regions: 129->129
[2024-12-16T08:41:30.023+0700][gc,metaspace] GC(219) Metaspace: 45096K(45632K)->45096K(45632K) NonClass: 39891K(40192K)->39891K(40192K) Class: 5205K(5440K)->5205K(5440K)
[2024-12-16T08:41:30.023+0700][gc          ] GC(219) Pause Young (Normal) (G1 Evacuation Pause) 345M->301M(1024M) 50.234ms
[2024-12-16T08:41:30.023+0700][gc,cpu      ] GC(219) User=0.09s Sys=0.00s Real=0.05s
[2024-12-16T08:42:59.568+0700][gc,start    ] GC(220) Pause Young (Normal) (G1 Evacuation Pause)
[2024-12-16T08:42:59.568+0700][gc,task     ] GC(220) Using 2 workers of 2 for evacuation
[2024-12-16T08:42:59.618+0700][gc,mmu      ] GC(220) MMU target violated: 21.0ms (20.0ms/21.0ms)
[2024-12-16T08:42:59.618+0700][gc,phases   ] GC(220)   Pre Evacuate Collection Set: 3.8ms
[2024-12-16T08:42:59.618+0700][gc,phases   ] GC(220)   Merge Heap Roots: 1.1ms
[2024-12-16T08:42:59.618+0700][gc,phases   ] GC(220)   Evacuate Collection Set: 40.9ms
[2024-12-16T08:42:59.618+0700][gc,phases   ] GC(220)   Post Evacuate Collection Set: 3.4ms
[2024-12-16T08:42:59.618+0700][gc,phases   ] GC(220)   Other: 1.2ms
[2024-12-16T08:42:59.618+0700][gc,heap     ] GC(220) Eden regions: 44->0(48)
[2024-12-16T08:42:59.618+0700][gc,heap     ] GC(220) Survivor regions: 7->3(7)
[2024-12-16T08:42:59.618+0700][gc,heap     ] GC(220) Old regions: 166->170
[2024-12-16T08:42:59.618+0700][gc,heap     ] GC(220) Archive regions: 2->2
[2024-12-16T08:42:59.618+0700][gc,heap     ] GC(220) Humongous regions: 129->129
[2024-12-16T08:42:59.618+0700][gc,metaspace] GC(220) Metaspace: 45096K(45632K)->45096K(45632K) NonClass: 39891K(40192K)->39891K(40192K) Class: 5205K(5440K)->5205K(5440K)
[2024-12-16T08:42:59.618+0700][gc          ] GC(220) Pause Young (Normal) (G1 Evacuation Pause) 345M->302M(1024M) 50.607ms
[2024-12-16T08:42:59.619+0700][gc,cpu      ] GC(220) User=0.09s Sys=0.00s Real=0.05s
[2024-12-16T08:44:36.520+0700][gc,start    ] GC(221) Pause Young (Normal) (G1 Evacuation Pause)
[2024-12-16T08:44:36.520+0700][gc,task     ] GC(221) Using 2 workers of 2 for evacuation
[2024-12-16T08:44:36.571+0700][gc,mmu      ] GC(221) MMU target violated: 21.0ms (20.0ms/21.0ms)
[2024-12-16T08:44:36.571+0700][gc,phases   ] GC(221)   Pre Evacuate Collection Set: 4.3ms
[2024-12-16T08:44:36.571+0700][gc,phases   ] GC(221)   Merge Heap Roots: 1.3ms
[2024-12-16T08:44:36.571+0700][gc,phases   ] GC(221)   Evacuate Collection Set: 41.7ms
[2024-12-16T08:44:36.571+0700][gc,phases   ] GC(221)   Post Evacuate Collection Set: 3.0ms
[2024-12-16T08:44:36.571+0700][gc,phases   ] GC(221)   Other: 1.6ms
[2024-12-16T08:44:36.571+0700][gc,heap     ] GC(221) Eden regions: 48->0(44)
[2024-12-16T08:44:36.571+0700][gc,heap     ] GC(221) Survivor regions: 3->7(7)
[2024-12-16T08:44:36.571+0700][gc,heap     ] GC(221) Old regions: 170->170
[2024-12-16T08:44:36.571+0700][gc,heap     ] GC(221) Archive regions: 2->2
[2024-12-16T08:44:36.571+0700][gc,heap     ] GC(221) Humongous regions: 129->129
[2024-12-16T08:44:36.571+0700][gc,metaspace] GC(221) Metaspace: 45096K(45632K)->45096K(45632K) NonClass: 39891K(40192K)->39891K(40192K) Class: 5205K(5440K)->5205K(5440K)
[2024-12-16T08:44:36.571+0700][gc          ] GC(221) Pause Young (Normal) (G1 Evacuation Pause) 350M->306M(1024M) 51.752ms
[2024-12-16T08:44:36.571+0700][gc,cpu      ] GC(221) User=0.09s Sys=0.00s Real=0.05s
[2024-12-16T08:46:05.525+0700][gc,start    ] GC(222) Pause Young (Normal) (G1 Evacuation Pause)
[2024-12-16T08:46:05.525+0700][gc,task     ] GC(222) Using 2 workers of 2 for evacuation
[2024-12-16T08:46:05.576+0700][gc,mmu      ] GC(222) MMU target violated: 21.0ms (20.0ms/21.0ms)
[2024-12-16T08:46:05.576+0700][gc,phases   ] GC(222)   Pre Evacuate Collection Set: 3.6ms
[2024-12-16T08:46:05.576+0700][gc,phases   ] GC(222)   Merge Heap Roots: 0.9ms
[2024-12-16T08:46:05.576+0700][gc,phases   ] GC(222)   Evacuate Collection Set: 42.9ms
[2024-12-16T08:46:05.576+0700][gc,phases   ] GC(222)   Post Evacuate Collection Set: 2.7ms
[2024-12-16T08:46:05.576+0700][gc,phases   ] GC(222)   Other: 1.4ms
[2024-12-16T08:46:05.576+0700][gc,heap     ] GC(222) Eden regions: 44->0(48)
[2024-12-16T08:46:05.576+0700][gc,heap     ] GC(222) Survivor regions: 7->3(7)
[2024-12-16T08:46:05.576+0700][gc,heap     ] GC(222) Old regions: 170->175
[2024-12-16T08:46:05.576+0700][gc,heap     ] GC(222) Archive regions: 2->2
[2024-12-16T08:46:05.576+0700][gc,heap     ] GC(222) Humongous regions: 129->129
[2024-12-16T08:46:05.576+0700][gc,metaspace] GC(222) Metaspace: 45096K(45632K)->45096K(45632K) NonClass: 39891K(40192K)->39891K(40192K) Class: 5205K(5440K)->5205K(5440K)
[2024-12-16T08:46:05.576+0700][gc          ] GC(222) Pause Young (Normal) (G1 Evacuation Pause) 350M->307M(1024M) 51.457ms
[2024-12-16T08:46:05.577+0700][gc,cpu      ] GC(222) User=0.10s Sys=0.00s Real=0.05s
[2024-12-16T08:47:42.724+0700][gc,start    ] GC(223) Pause Young (Normal) (G1 Evacuation Pause)
[2024-12-16T08:47:42.725+0700][gc,task     ] GC(223) Using 2 workers of 2 for evacuation
[2024-12-16T08:47:42.774+0700][gc,mmu      ] GC(223) MMU target violated: 21.0ms (20.0ms/21.0ms)
[2024-12-16T08:47:42.774+0700][gc,phases   ] GC(223)   Pre Evacuate Collection Set: 2.6ms
[2024-12-16T08:47:42.774+0700][gc,phases   ] GC(223)   Merge Heap Roots: 0.9ms
[2024-12-16T08:47:42.774+0700][gc,phases   ] GC(223)   Evacuate Collection Set: 43.2ms
[2024-12-16T08:47:42.774+0700][gc,phases   ] GC(223)   Post Evacuate Collection Set: 2.1ms
[2024-12-16T08:47:42.774+0700][gc,phases   ] GC(223)   Other: 1.5ms
[2024-12-16T08:47:42.774+0700][gc,heap     ] GC(223) Eden regions: 48->0(44)
[2024-12-16T08:47:42.774+0700][gc,heap     ] GC(223) Survivor regions: 3->7(7)
[2024-12-16T08:47:42.774+0700][gc,heap     ] GC(223) Old regions: 175->175
[2024-12-16T08:47:42.774+0700][gc,heap     ] GC(223) Archive regions: 2->2
[2024-12-16T08:47:42.774+0700][gc,heap     ] GC(223) Humongous regions: 129->129
[2024-12-16T08:47:42.774+0700][gc,metaspace] GC(223) Metaspace: 45096K(45632K)->45096K(45632K) NonClass: 39891K(40192K)->39891K(40192K) Class: 5205K(5440K)->5205K(5440K)
[2024-12-16T08:47:42.774+0700][gc          ] GC(223) Pause Young (Normal) (G1 Evacuation Pause) 355M->310M(1024M) 50.159ms
[2024-12-16T08:47:42.775+0700][gc,cpu      ] GC(223) User=0.09s Sys=0.01s Real=0.04s
[2024-12-16T08:49:11.525+0700][gc,start    ] GC(224) Pause Young (Normal) (G1 Evacuation Pause)
[2024-12-16T08:49:11.525+0700][gc,task     ] GC(224) Using 2 workers of 2 for evacuation
[2024-12-16T08:49:11.579+0700][gc,mmu      ] GC(224) MMU target violated: 21.0ms (20.0ms/21.0ms)
[2024-12-16T08:49:11.579+0700][gc,phases   ] GC(224)   Pre Evacuate Collection Set: 4.0ms
[2024-12-16T08:49:11.579+0700][gc,phases   ] GC(224)   Merge Heap Roots: 1.0ms
[2024-12-16T08:49:11.579+0700][gc,phases   ] GC(224)   Evacuate Collection Set: 45.2ms
[2024-12-16T08:49:11.579+0700][gc,phases   ] GC(224)   Post Evacuate Collection Set: 3.1ms
[2024-12-16T08:49:11.579+0700][gc,phases   ] GC(224)   Other: 1.3ms
[2024-12-16T08:49:11.579+0700][gc,heap     ] GC(224) Eden regions: 44->0(48)
[2024-12-16T08:49:11.579+0700][gc,heap     ] GC(224) Survivor regions: 7->3(7)
[2024-12-16T08:49:11.579+0700][gc,heap     ] GC(224) Old regions: 175->179
[2024-12-16T08:49:11.579+0700][gc,heap     ] GC(224) Archive regions: 2->2
[2024-12-16T08:49:11.579+0700][gc,heap     ] GC(224) Humongous regions: 129->129
[2024-12-16T08:49:11.579+0700][gc,metaspace] GC(224) Metaspace: 45096K(45632K)->45096K(45632K) NonClass: 39891K(40192K)->39891K(40192K) Class: 5205K(5440K)->5205K(5440K)
[2024-12-16T08:49:11.580+0700][gc          ] GC(224) Pause Young (Normal) (G1 Evacuation Pause) 354M->311M(1024M) 54.722ms
[2024-12-16T08:49:11.580+0700][gc,cpu      ] GC(224) User=0.10s Sys=0.01s Real=0.05s
[2024-12-16T08:50:48.938+0700][gc,start    ] GC(225) Pause Young (Normal) (G1 Evacuation Pause)
[2024-12-16T08:50:48.938+0700][gc,task     ] GC(225) Using 2 workers of 2 for evacuation
[2024-12-16T08:50:48.988+0700][gc,mmu      ] GC(225) MMU target violated: 21.0ms (20.0ms/21.0ms)
[2024-12-16T08:50:48.988+0700][gc,phases   ] GC(225)   Pre Evacuate Collection Set: 3.2ms
[2024-12-16T08:50:48.988+0700][gc,phases   ] GC(225)   Merge Heap Roots: 0.8ms
[2024-12-16T08:50:48.988+0700][gc,phases   ] GC(225)   Evacuate Collection Set: 42.4ms
[2024-12-16T08:50:48.988+0700][gc,phases   ] GC(225)   Post Evacuate Collection Set: 2.6ms
[2024-12-16T08:50:48.988+0700][gc,phases   ] GC(225)   Other: 1.3ms
[2024-12-16T08:50:48.988+0700][gc,heap     ] GC(225) Eden regions: 48->0(44)
[2024-12-16T08:50:48.988+0700][gc,heap     ] GC(225) Survivor regions: 3->7(7)
[2024-12-16T08:50:48.988+0700][gc,heap     ] GC(225) Old regions: 179->179
[2024-12-16T08:50:48.988+0700][gc,heap     ] GC(225) Archive regions: 2->2
[2024-12-16T08:50:48.988+0700][gc,heap     ] GC(225) Humongous regions: 129->129
[2024-12-16T08:50:48.988+0700][gc,metaspace] GC(225) Metaspace: 45096K(45632K)->45096K(45632K) NonClass: 39891K(40192K)->39891K(40192K) Class: 5205K(5440K)->5205K(5440K)
[2024-12-16T08:50:48.988+0700][gc          ] GC(225) Pause Young (Normal) (G1 Evacuation Pause) 359M->314M(1024M) 50.325ms
[2024-12-16T08:50:48.989+0700][gc,cpu      ] GC(225) User=0.10s Sys=0.00s Real=0.05s
[2024-12-16T08:52:17.767+0700][gc,start    ] GC(226) Pause Young (Normal) (G1 Evacuation Pause)
[2024-12-16T08:52:17.767+0700][gc,task     ] GC(226) Using 2 workers of 2 for evacuation
[2024-12-16T08:52:17.816+0700][gc,mmu      ] GC(226) MMU target violated: 21.0ms (20.0ms/21.0ms)
[2024-12-16T08:52:17.816+0700][gc,phases   ] GC(226)   Pre Evacuate Collection Set: 3.9ms
[2024-12-16T08:52:17.816+0700][gc,phases   ] GC(226)   Merge Heap Roots: 0.7ms
[2024-12-16T08:52:17.816+0700][gc,phases   ] GC(226)   Evacuate Collection Set: 39.8ms
[2024-12-16T08:52:17.816+0700][gc,phases   ] GC(226)   Post Evacuate Collection Set: 3.6ms
[2024-12-16T08:52:17.816+0700][gc,phases   ] GC(226)   Other: 1.7ms
[2024-12-16T08:52:17.816+0700][gc,heap     ] GC(226) Eden regions: 44->0(48)
[2024-12-16T08:52:17.816+0700][gc,heap     ] GC(226) Survivor regions: 7->3(7)
[2024-12-16T08:52:17.816+0700][gc,heap     ] GC(226) Old regions: 179->183
[2024-12-16T08:52:17.816+0700][gc,heap     ] GC(226) Archive regions: 2->2
[2024-12-16T08:52:17.816+0700][gc,heap     ] GC(226) Humongous regions: 129->129
[2024-12-16T08:52:17.816+0700][gc,metaspace] GC(226) Metaspace: 45096K(45632K)->45096K(45632K) NonClass: 39891K(40192K)->39891K(40192K) Class: 5205K(5440K)->5205K(5440K)
[2024-12-16T08:52:17.816+0700][gc          ] GC(226) Pause Young (Normal) (G1 Evacuation Pause) 358M->315M(1024M) 49.166ms
[2024-12-16T08:52:17.816+0700][gc,cpu      ] GC(226) User=0.09s Sys=0.00s Real=0.05s
[2024-12-16T08:53:54.723+0700][gc,start    ] GC(227) Pause Young (Normal) (G1 Evacuation Pause)
[2024-12-16T08:53:54.723+0700][gc,task     ] GC(227) Using 2 workers of 2 for evacuation
[2024-12-16T08:53:54.774+0700][gc,mmu      ] GC(227) MMU target violated: 21.0ms (20.0ms/21.0ms)
[2024-12-16T08:53:54.774+0700][gc,phases   ] GC(227)   Pre Evacuate Collection Set: 4.3ms
[2024-12-16T08:53:54.774+0700][gc,phases   ] GC(227)   Merge Heap Roots: 1.1ms
[2024-12-16T08:53:54.774+0700][gc,phases   ] GC(227)   Evacuate Collection Set: 41.9ms
[2024-12-16T08:53:54.774+0700][gc,phases   ] GC(227)   Post Evacuate Collection Set: 2.7ms
[2024-12-16T08:53:54.774+0700][gc,phases   ] GC(227)   Other: 1.3ms
[2024-12-16T08:53:54.774+0700][gc,heap     ] GC(227) Eden regions: 48->0(44)
[2024-12-16T08:53:54.774+0700][gc,heap     ] GC(227) Survivor regions: 3->7(7)
[2024-12-16T08:53:54.774+0700][gc,heap     ] GC(227) Old regions: 183->183
[2024-12-16T08:53:54.774+0700][gc,heap     ] GC(227) Archive regions: 2->2
[2024-12-16T08:53:54.774+0700][gc,heap     ] GC(227) Humongous regions: 129->129
[2024-12-16T08:53:54.774+0700][gc,metaspace] GC(227) Metaspace: 45096K(45632K)->45096K(45632K) NonClass: 39891K(40192K)->39891K(40192K) Class: 5205K(5440K)->5205K(5440K)
[2024-12-16T08:53:54.774+0700][gc          ] GC(227) Pause Young (Normal) (G1 Evacuation Pause) 363M->319M(1024M) 51.178ms
[2024-12-16T08:53:54.774+0700][gc,cpu      ] GC(227) User=0.09s Sys=0.00s Real=0.05s
[2024-12-16T08:55:23.530+0700][gc,start    ] GC(228) Pause Young (Normal) (G1 Evacuation Pause)
[2024-12-16T08:55:23.531+0700][gc,task     ] GC(228) Using 2 workers of 2 for evacuation
[2024-12-16T08:55:23.582+0700][gc,mmu      ] GC(228) MMU target violated: 21.0ms (20.0ms/21.0ms)
[2024-12-16T08:55:23.582+0700][gc,phases   ] GC(228)   Pre Evacuate Collection Set: 2.8ms
[2024-12-16T08:55:23.582+0700][gc,phases   ] GC(228)   Merge Heap Roots: 0.9ms
[2024-12-16T08:55:23.582+0700][gc,phases   ] GC(228)   Evacuate Collection Set: 44.2ms
[2024-12-16T08:55:23.582+0700][gc,phases   ] GC(228)   Post Evacuate Collection Set: 3.0ms
[2024-12-16T08:55:23.582+0700][gc,phases   ] GC(228)   Other: 1.1ms
[2024-12-16T08:55:23.582+0700][gc,heap     ] GC(228) Eden regions: 44->0(48)
[2024-12-16T08:55:23.582+0700][gc,heap     ] GC(228) Survivor regions: 7->3(7)
[2024-12-16T08:55:23.582+0700][gc,heap     ] GC(228) Old regions: 183->188
[2024-12-16T08:55:23.582+0700][gc,heap     ] GC(228) Archive regions: 2->2
[2024-12-16T08:55:23.582+0700][gc,heap     ] GC(228) Humongous regions: 129->129
[2024-12-16T08:55:23.583+0700][gc,metaspace] GC(228) Metaspace: 45096K(45632K)->45096K(45632K) NonClass: 39891K(40192K)->39891K(40192K) Class: 5205K(5440K)->5205K(5440K)
[2024-12-16T08:55:23.583+0700][gc          ] GC(228) Pause Young (Normal) (G1 Evacuation Pause) 363M->320M(1024M) 52.209ms
[2024-12-16T08:55:23.583+0700][gc,cpu      ] GC(228) User=0.09s Sys=0.00s Real=0.05s
[2024-12-16T08:57:00.490+0700][gc,start    ] GC(229) Pause Young (Normal) (G1 Evacuation Pause)
[2024-12-16T08:57:00.491+0700][gc,task     ] GC(229) Using 2 workers of 2 for evacuation
[2024-12-16T08:57:00.547+0700][gc,mmu      ] GC(229) MMU target violated: 21.0ms (20.0ms/21.0ms)
[2024-12-16T08:57:00.547+0700][gc,phases   ] GC(229)   Pre Evacuate Collection Set: 2.9ms
[2024-12-16T08:57:00.547+0700][gc,phases   ] GC(229)   Merge Heap Roots: 1.1ms
[2024-12-16T08:57:00.547+0700][gc,phases   ] GC(229)   Evacuate Collection Set: 48.4ms
[2024-12-16T08:57:00.547+0700][gc,phases   ] GC(229)   Post Evacuate Collection Set: 3.0ms
[2024-12-16T08:57:00.547+0700][gc,phases   ] GC(229)   Other: 1.1ms
[2024-12-16T08:57:00.547+0700][gc,heap     ] GC(229) Eden regions: 48->0(44)
[2024-12-16T08:57:00.547+0700][gc,heap     ] GC(229) Survivor regions: 3->7(7)
[2024-12-16T08:57:00.547+0700][gc,heap     ] GC(229) Old regions: 188->188
[2024-12-16T08:57:00.547+0700][gc,heap     ] GC(229) Archive regions: 2->2
[2024-12-16T08:57:00.547+0700][gc,heap     ] GC(229) Humongous regions: 129->129
[2024-12-16T08:57:00.547+0700][gc,metaspace] GC(229) Metaspace: 45096K(45632K)->45096K(45632K) NonClass: 39891K(40192K)->39891K(40192K) Class: 5205K(5440K)->5205K(5440K)
[2024-12-16T08:57:00.547+0700][gc          ] GC(229) Pause Young (Normal) (G1 Evacuation Pause) 368M->323M(1024M) 56.635ms
[2024-12-16T08:57:00.547+0700][gc,cpu      ] GC(229) User=0.11s Sys=0.00s Real=0.06s
[2024-12-16T08:58:29.553+0700][gc,start    ] GC(230) Pause Young (Normal) (G1 Evacuation Pause)
[2024-12-16T08:58:29.553+0700][gc,task     ] GC(230) Using 2 workers of 2 for evacuation
[2024-12-16T08:58:29.604+0700][gc,mmu      ] GC(230) MMU target violated: 21.0ms (20.0ms/21.0ms)
[2024-12-16T08:58:29.604+0700][gc,phases   ] GC(230)   Pre Evacuate Collection Set: 4.2ms
[2024-12-16T08:58:29.604+0700][gc,phases   ] GC(230)   Merge Heap Roots: 0.6ms
[2024-12-16T08:58:29.604+0700][gc,phases   ] GC(230)   Evacuate Collection Set: 42.1ms
[2024-12-16T08:58:29.604+0700][gc,phases   ] GC(230)   Post Evacuate Collection Set: 3.9ms
[2024-12-16T08:58:29.604+0700][gc,phases   ] GC(230)   Other: 1.4ms
[2024-12-16T08:58:29.605+0700][gc,heap     ] GC(230) Eden regions: 44->0(48)
[2024-12-16T08:58:29.605+0700][gc,heap     ] GC(230) Survivor regions: 7->3(7)
[2024-12-16T08:58:29.605+0700][gc,heap     ] GC(230) Old regions: 188->192
[2024-12-16T08:58:29.605+0700][gc,heap     ] GC(230) Archive regions: 2->2
[2024-12-16T08:58:29.605+0700][gc,heap     ] GC(230) Humongous regions: 129->129
[2024-12-16T08:58:29.605+0700][gc,metaspace] GC(230) Metaspace: 45096K(45632K)->45096K(45632K) NonClass: 39891K(40192K)->39891K(40192K) Class: 5205K(5440K)->5205K(5440K)
[2024-12-16T08:58:29.605+0700][gc          ] GC(230) Pause Young (Normal) (G1 Evacuation Pause) 367M->324M(1024M) 52.150ms
[2024-12-16T08:58:29.605+0700][gc,cpu      ] GC(230) User=0.09s Sys=0.00s Real=0.06s
[2024-12-16T09:00:06.073+0700][gc,start    ] GC(231) Pause Young (Normal) (G1 Evacuation Pause)
[2024-12-16T09:00:06.073+0700][gc,task     ] GC(231) Using 2 workers of 2 for evacuation
[2024-12-16T09:00:06.122+0700][gc,mmu      ] GC(231) MMU target violated: 21.0ms (20.0ms/21.0ms)
[2024-12-16T09:00:06.122+0700][gc,phases   ] GC(231)   Pre Evacuate Collection Set: 2.5ms
[2024-12-16T09:00:06.122+0700][gc,phases   ] GC(231)   Merge Heap Roots: 0.8ms
[2024-12-16T09:00:06.122+0700][gc,phases   ] GC(231)   Evacuate Collection Set: 42.0ms
[2024-12-16T09:00:06.122+0700][gc,phases   ] GC(231)   Post Evacuate Collection Set: 3.2ms
[2024-12-16T09:00:06.122+0700][gc,phases   ] GC(231)   Other: 1.5ms
[2024-12-16T09:00:06.122+0700][gc,heap     ] GC(231) Eden regions: 48->0(44)
[2024-12-16T09:00:06.123+0700][gc,heap     ] GC(231) Survivor regions: 3->7(7)
[2024-12-16T09:00:06.123+0700][gc,heap     ] GC(231) Old regions: 192->192
[2024-12-16T09:00:06.123+0700][gc,heap     ] GC(231) Archive regions: 2->2
[2024-12-16T09:00:06.123+0700][gc,heap     ] GC(231) Humongous regions: 129->129
[2024-12-16T09:00:06.123+0700][gc,metaspace] GC(231) Metaspace: 45096K(45632K)->45096K(45632K) NonClass: 39891K(40192K)->39891K(40192K) Class: 5205K(5440K)->5205K(5440K)
[2024-12-16T09:00:06.123+0700][gc          ] GC(231) Pause Young (Normal) (G1 Evacuation Pause) 372M->328M(1024M) 50.053ms
[2024-12-16T09:00:06.123+0700][gc,cpu      ] GC(231) User=0.09s Sys=0.00s Real=0.05s
[2024-12-16T09:01:34.943+0700][gc,start    ] GC(232) Pause Young (Normal) (G1 Evacuation Pause)
[2024-12-16T09:01:34.943+0700][gc,task     ] GC(232) Using 2 workers of 2 for evacuation
[2024-12-16T09:01:34.998+0700][gc,mmu      ] GC(232) MMU target violated: 21.0ms (20.0ms/21.0ms)
[2024-12-16T09:01:34.998+0700][gc,phases   ] GC(232)   Pre Evacuate Collection Set: 3.0ms
[2024-12-16T09:01:34.998+0700][gc,phases   ] GC(232)   Merge Heap Roots: 1.1ms
[2024-12-16T09:01:34.998+0700][gc,phases   ] GC(232)   Evacuate Collection Set: 46.4ms
[2024-12-16T09:01:34.998+0700][gc,phases   ] GC(232)   Post Evacuate Collection Set: 3.5ms
[2024-12-16T09:01:34.998+0700][gc,phases   ] GC(232)   Other: 1.7ms
[2024-12-16T09:01:34.998+0700][gc,heap     ] GC(232) Eden regions: 44->0(48)
[2024-12-16T09:01:34.998+0700][gc,heap     ] GC(232) Survivor regions: 7->3(7)
[2024-12-16T09:01:34.998+0700][gc,heap     ] GC(232) Old regions: 192->197
[2024-12-16T09:01:34.998+0700][gc,heap     ] GC(232) Archive regions: 2->2
[2024-12-16T09:01:34.998+0700][gc,heap     ] GC(232) Humongous regions: 129->129
[2024-12-16T09:01:34.998+0700][gc,metaspace] GC(232) Metaspace: 45096K(45632K)->45096K(45632K) NonClass: 39891K(40192K)->39891K(40192K) Class: 5205K(5440K)->5205K(5440K)
[2024-12-16T09:01:34.998+0700][gc          ] GC(232) Pause Young (Normal) (G1 Evacuation Pause) 372M->329M(1024M) 55.473ms
[2024-12-16T09:01:34.998+0700][gc,cpu      ] GC(232) User=0.10s Sys=0.00s Real=0.06s
[2024-12-16T09:03:11.414+0700][gc,start    ] GC(233) Pause Young (Normal) (G1 Evacuation Pause)
[2024-12-16T09:03:11.415+0700][gc,task     ] GC(233) Using 2 workers of 2 for evacuation
[2024-12-16T09:03:11.465+0700][gc,mmu      ] GC(233) MMU target violated: 21.0ms (20.0ms/21.0ms)
[2024-12-16T09:03:11.465+0700][gc,phases   ] GC(233)   Pre Evacuate Collection Set: 2.6ms
[2024-12-16T09:03:11.465+0700][gc,phases   ] GC(233)   Merge Heap Roots: 0.8ms
[2024-12-16T09:03:11.465+0700][gc,phases   ] GC(233)   Evacuate Collection Set: 41.7ms
[2024-12-16T09:03:11.465+0700][gc,phases   ] GC(233)   Post Evacuate Collection Set: 4.9ms
[2024-12-16T09:03:11.465+0700][gc,phases   ] GC(233)   Other: 1.5ms
[2024-12-16T09:03:11.465+0700][gc,heap     ] GC(233) Eden regions: 48->0(44)
[2024-12-16T09:03:11.466+0700][gc,heap     ] GC(233) Survivor regions: 3->7(7)
[2024-12-16T09:03:11.466+0700][gc,heap     ] GC(233) Old regions: 197->197
[2024-12-16T09:03:11.466+0700][gc,heap     ] GC(233) Archive regions: 2->2
[2024-12-16T09:03:11.466+0700][gc,heap     ] GC(233) Humongous regions: 129->129
[2024-12-16T09:03:11.466+0700][gc,metaspace] GC(233) Metaspace: 45096K(45632K)->45096K(45632K) NonClass: 39891K(40192K)->39891K(40192K) Class: 5205K(5440K)->5205K(5440K)
[2024-12-16T09:03:11.466+0700][gc          ] GC(233) Pause Young (Normal) (G1 Evacuation Pause) 377M->332M(1024M) 51.375ms
[2024-12-16T09:03:11.466+0700][gc,cpu      ] GC(233) User=0.10s Sys=0.00s Real=0.06s
[2024-12-16T09:04:39.522+0700][gc,start    ] GC(234) Pause Young (Normal) (G1 Evacuation Pause)
[2024-12-16T09:04:39.523+0700][gc,task     ] GC(234) Using 2 workers of 2 for evacuation
[2024-12-16T09:04:39.569+0700][gc,mmu      ] GC(234) MMU target violated: 21.0ms (20.0ms/21.0ms)
[2024-12-16T09:04:39.569+0700][gc,phases   ] GC(234)   Pre Evacuate Collection Set: 3.3ms
[2024-12-16T09:04:39.569+0700][gc,phases   ] GC(234)   Merge Heap Roots: 1.0ms
[2024-12-16T09:04:39.569+0700][gc,phases   ] GC(234)   Evacuate Collection Set: 37.7ms
[2024-12-16T09:04:39.569+0700][gc,phases   ] GC(234)   Post Evacuate Collection Set: 3.4ms
[2024-12-16T09:04:39.569+0700][gc,phases   ] GC(234)   Other: 1.3ms
[2024-12-16T09:04:39.569+0700][gc,heap     ] GC(234) Eden regions: 44->0(48)
[2024-12-16T09:04:39.569+0700][gc,heap     ] GC(234) Survivor regions: 7->3(7)
[2024-12-16T09:04:39.569+0700][gc,heap     ] GC(234) Old regions: 197->201
[2024-12-16T09:04:39.569+0700][gc,heap     ] GC(234) Archive regions: 2->2
[2024-12-16T09:04:39.569+0700][gc,heap     ] GC(234) Humongous regions: 129->129
[2024-12-16T09:04:39.569+0700][gc,metaspace] GC(234) Metaspace: 45096K(45632K)->45096K(45632K) NonClass: 39891K(40192K)->39891K(40192K) Class: 5205K(5440K)->5205K(5440K)
[2024-12-16T09:04:39.569+0700][gc          ] GC(234) Pause Young (Normal) (G1 Evacuation Pause) 376M->333M(1024M) 46.739ms
[2024-12-16T09:04:39.569+0700][gc,cpu      ] GC(234) User=0.08s Sys=0.00s Real=0.05s
[2024-12-16T09:06:16.836+0700][gc,start    ] GC(235) Pause Young (Normal) (G1 Evacuation Pause)
[2024-12-16T09:06:16.836+0700][gc,task     ] GC(235) Using 2 workers of 2 for evacuation
[2024-12-16T09:06:16.881+0700][gc,mmu      ] GC(235) MMU target violated: 21.0ms (20.0ms/21.0ms)
[2024-12-16T09:06:16.881+0700][gc,phases   ] GC(235)   Pre Evacuate Collection Set: 2.4ms
[2024-12-16T09:06:16.881+0700][gc,phases   ] GC(235)   Merge Heap Roots: 0.7ms
[2024-12-16T09:06:16.881+0700][gc,phases   ] GC(235)   Evacuate Collection Set: 37.9ms
[2024-12-16T09:06:16.881+0700][gc,phases   ] GC(235)   Post Evacuate Collection Set: 3.6ms
[2024-12-16T09:06:16.882+0700][gc,phases   ] GC(235)   Other: 1.5ms
[2024-12-16T09:06:16.882+0700][gc,heap     ] GC(235) Eden regions: 48->0(45)
[2024-12-16T09:06:16.882+0700][gc,heap     ] GC(235) Survivor regions: 3->6(7)
[2024-12-16T09:06:16.882+0700][gc,heap     ] GC(235) Old regions: 201->201
[2024-12-16T09:06:16.882+0700][gc,heap     ] GC(235) Archive regions: 2->2
[2024-12-16T09:06:16.882+0700][gc,heap     ] GC(235) Humongous regions: 129->129
[2024-12-16T09:06:16.882+0700][gc,metaspace] GC(235) Metaspace: 45096K(45632K)->45096K(45632K) NonClass: 39891K(40192K)->39891K(40192K) Class: 5205K(5440K)->5205K(5440K)
[2024-12-16T09:06:16.882+0700][gc          ] GC(235) Pause Young (Normal) (G1 Evacuation Pause) 381M->336M(1024M) 45.987ms
[2024-12-16T09:06:16.882+0700][gc,cpu      ] GC(235) User=0.09s Sys=0.01s Real=0.05s
[2024-12-16T09:07:47.765+0700][gc,start    ] GC(236) Pause Young (Normal) (G1 Evacuation Pause)
[2024-12-16T09:07:47.765+0700][gc,task     ] GC(236) Using 2 workers of 2 for evacuation
[2024-12-16T09:07:47.838+0700][gc,mmu      ] GC(236) MMU target violated: 21.0ms (20.0ms/21.0ms)
[2024-12-16T09:07:47.838+0700][gc,phases   ] GC(236)   Pre Evacuate Collection Set: 4.6ms
[2024-12-16T09:07:47.838+0700][gc,phases   ] GC(236)   Merge Heap Roots: 0.9ms
[2024-12-16T09:07:47.838+0700][gc,phases   ] GC(236)   Evacuate Collection Set: 64.0ms
[2024-12-16T09:07:47.838+0700][gc,phases   ] GC(236)   Post Evacuate Collection Set: 2.7ms
[2024-12-16T09:07:47.838+0700][gc,phases   ] GC(236)   Other: 1.5ms
[2024-12-16T09:07:47.838+0700][gc,heap     ] GC(236) Eden regions: 45->0(48)
[2024-12-16T09:07:47.838+0700][gc,heap     ] GC(236) Survivor regions: 6->3(7)
[2024-12-16T09:07:47.838+0700][gc,heap     ] GC(236) Old regions: 201->206
[2024-12-16T09:07:47.838+0700][gc,heap     ] GC(236) Archive regions: 2->2
[2024-12-16T09:07:47.838+0700][gc,heap     ] GC(236) Humongous regions: 129->129
[2024-12-16T09:07:47.838+0700][gc,metaspace] GC(236) Metaspace: 45096K(45632K)->45096K(45632K) NonClass: 39891K(40192K)->39891K(40192K) Class: 5205K(5440K)->5205K(5440K)
[2024-12-16T09:07:47.838+0700][gc          ] GC(236) Pause Young (Normal) (G1 Evacuation Pause) 381M->337M(1024M) 73.584ms
[2024-12-16T09:07:47.838+0700][gc,cpu      ] GC(236) User=0.13s Sys=0.00s Real=0.07s
[2024-12-16T09:09:16.976+0700][gc,start    ] GC(237) Pause Young (Normal) (G1 Evacuation Pause)
[2024-12-16T09:09:16.976+0700][gc,task     ] GC(237) Using 2 workers of 2 for evacuation
[2024-12-16T09:09:17.029+0700][gc,mmu      ] GC(237) MMU target violated: 21.0ms (20.0ms/21.0ms)
[2024-12-16T09:09:17.029+0700][gc,phases   ] GC(237)   Pre Evacuate Collection Set: 2.4ms
[2024-12-16T09:09:17.029+0700][gc,phases   ] GC(237)   Merge Heap Roots: 1.1ms
[2024-12-16T09:09:17.029+0700][gc,phases   ] GC(237)   Evacuate Collection Set: 46.3ms
[2024-12-16T09:09:17.029+0700][gc,phases   ] GC(237)   Post Evacuate Collection Set: 2.4ms
[2024-12-16T09:09:17.029+0700][gc,phases   ] GC(237)   Other: 1.1ms
[2024-12-16T09:09:17.029+0700][gc,heap     ] GC(237) Eden regions: 48->0(44)
[2024-12-16T09:09:17.029+0700][gc,heap     ] GC(237) Survivor regions: 3->7(7)
[2024-12-16T09:09:17.029+0700][gc,heap     ] GC(237) Old regions: 206->206
[2024-12-16T09:09:17.029+0700][gc,heap     ] GC(237) Archive regions: 2->2
[2024-12-16T09:09:17.029+0700][gc,heap     ] GC(237) Humongous regions: 129->129
[2024-12-16T09:09:17.029+0700][gc,metaspace] GC(237) Metaspace: 45096K(45632K)->45096K(45632K) NonClass: 39891K(40192K)->39891K(40192K) Class: 5205K(5440K)->5205K(5440K)
[2024-12-16T09:09:17.029+0700][gc          ] GC(237) Pause Young (Normal) (G1 Evacuation Pause) 385M->342M(1024M) 53.371ms
[2024-12-16T09:09:17.029+0700][gc,cpu      ] GC(237) User=0.10s Sys=0.00s Real=0.06s
[2024-12-16T09:10:43.533+0700][gc,start    ] GC(238) Pause Young (Normal) (G1 Evacuation Pause)
[2024-12-16T09:10:43.533+0700][gc,task     ] GC(238) Using 2 workers of 2 for evacuation
[2024-12-16T09:10:43.598+0700][gc,mmu      ] GC(238) MMU target violated: 21.0ms (20.0ms/21.0ms)
[2024-12-16T09:10:43.598+0700][gc,phases   ] GC(238)   Pre Evacuate Collection Set: 3.9ms
[2024-12-16T09:10:43.598+0700][gc,phases   ] GC(238)   Merge Heap Roots: 1.3ms
[2024-12-16T09:10:43.598+0700][gc,phases   ] GC(238)   Evacuate Collection Set: 57.0ms
[2024-12-16T09:10:43.598+0700][gc,phases   ] GC(238)   Post Evacuate Collection Set: 2.1ms
[2024-12-16T09:10:43.598+0700][gc,phases   ] GC(238)   Other: 0.9ms
[2024-12-16T09:10:43.598+0700][gc,heap     ] GC(238) Eden regions: 44->0(46)
[2024-12-16T09:10:43.598+0700][gc,heap     ] GC(238) Survivor regions: 7->5(7)
[2024-12-16T09:10:43.598+0700][gc,heap     ] GC(238) Old regions: 206->212
[2024-12-16T09:10:43.598+0700][gc,heap     ] GC(238) Archive regions: 2->2
[2024-12-16T09:10:43.598+0700][gc,heap     ] GC(238) Humongous regions: 129->129
[2024-12-16T09:10:43.598+0700][gc,metaspace] GC(238) Metaspace: 45096K(45632K)->45096K(45632K) NonClass: 39891K(40192K)->39891K(40192K) Class: 5205K(5440K)->5205K(5440K)
[2024-12-16T09:10:43.598+0700][gc          ] GC(238) Pause Young (Normal) (G1 Evacuation Pause) 386M->345M(1024M) 65.227ms
[2024-12-16T09:10:43.598+0700][gc,cpu      ] GC(238) User=0.13s Sys=0.00s Real=0.07s
[2024-12-16T09:12:16.446+0700][gc,start    ] GC(239) Pause Young (Normal) (G1 Evacuation Pause)
[2024-12-16T09:12:16.447+0700][gc,task     ] GC(239) Using 2 workers of 2 for evacuation
[2024-12-16T09:12:16.484+0700][gc,mmu      ] GC(239) MMU target violated: 21.0ms (20.0ms/21.0ms)
[2024-12-16T09:12:16.484+0700][gc,phases   ] GC(239)   Pre Evacuate Collection Set: 2.6ms
[2024-12-16T09:12:16.484+0700][gc,phases   ] GC(239)   Merge Heap Roots: 0.7ms
[2024-12-16T09:12:16.485+0700][gc,phases   ] GC(239)   Evacuate Collection Set: 29.8ms
[2024-12-16T09:12:16.485+0700][gc,phases   ] GC(239)   Post Evacuate Collection Set: 4.0ms
[2024-12-16T09:12:16.485+0700][gc,phases   ] GC(239)   Other: 1.4ms
[2024-12-16T09:12:16.485+0700][gc,heap     ] GC(239) Eden regions: 46->0(47)
[2024-12-16T09:12:16.485+0700][gc,heap     ] GC(239) Survivor regions: 5->4(7)
[2024-12-16T09:12:16.485+0700][gc,heap     ] GC(239) Old regions: 212->214
[2024-12-16T09:12:16.485+0700][gc,heap     ] GC(239) Archive regions: 2->2
[2024-12-16T09:12:16.485+0700][gc,heap     ] GC(239) Humongous regions: 129->129
[2024-12-16T09:12:16.485+0700][gc,metaspace] GC(239) Metaspace: 45096K(45632K)->45096K(45632K) NonClass: 39891K(40192K)->39891K(40192K) Class: 5205K(5440K)->5205K(5440K)
[2024-12-16T09:12:16.485+0700][gc          ] GC(239) Pause Young (Normal) (G1 Evacuation Pause) 391M->347M(1024M) 38.514ms
[2024-12-16T09:12:16.485+0700][gc,cpu      ] GC(239) User=0.07s Sys=0.00s Real=0.04s
[2024-12-16T09:13:51.300+0700][gc,start    ] GC(240) Pause Young (Normal) (G1 Evacuation Pause)
[2024-12-16T09:13:51.300+0700][gc,task     ] GC(240) Using 2 workers of 2 for evacuation
[2024-12-16T09:13:51.357+0700][gc,mmu      ] GC(240) MMU target violated: 21.0ms (20.0ms/21.0ms)
[2024-12-16T09:13:51.357+0700][gc,phases   ] GC(240)   Pre Evacuate Collection Set: 6.8ms
[2024-12-16T09:13:51.357+0700][gc,phases   ] GC(240)   Merge Heap Roots: 1.3ms
[2024-12-16T09:13:51.357+0700][gc,phases   ] GC(240)   Evacuate Collection Set: 45.4ms
[2024-12-16T09:13:51.357+0700][gc,phases   ] GC(240)   Post Evacuate Collection Set: 2.5ms
[2024-12-16T09:13:51.357+0700][gc,phases   ] GC(240)   Other: 1.3ms
[2024-12-16T09:13:51.357+0700][gc,heap     ] GC(240) Eden regions: 47->0(44)
[2024-12-16T09:13:51.357+0700][gc,heap     ] GC(240) Survivor regions: 4->7(7)
[2024-12-16T09:13:51.357+0700][gc,heap     ] GC(240) Old regions: 214->214
[2024-12-16T09:13:51.357+0700][gc,heap     ] GC(240) Archive regions: 2->2
[2024-12-16T09:13:51.357+0700][gc,heap     ] GC(240) Humongous regions: 129->129
[2024-12-16T09:13:51.357+0700][gc,metaspace] GC(240) Metaspace: 45096K(45632K)->45096K(45632K) NonClass: 39891K(40192K)->39891K(40192K) Class: 5205K(5440K)->5205K(5440K)
[2024-12-16T09:13:51.357+0700][gc          ] GC(240) Pause Young (Normal) (G1 Evacuation Pause) 394M->350M(1024M) 57.246ms
[2024-12-16T09:13:51.357+0700][gc,cpu      ] GC(240) User=0.11s Sys=0.00s Real=0.06s
[2024-12-16T09:15:20.179+0700][gc,start    ] GC(241) Pause Young (Normal) (G1 Evacuation Pause)
[2024-12-16T09:15:20.179+0700][gc,task     ] GC(241) Using 2 workers of 2 for evacuation
[2024-12-16T09:15:20.226+0700][gc,mmu      ] GC(241) MMU target violated: 21.0ms (20.0ms/21.0ms)
[2024-12-16T09:15:20.226+0700][gc,phases   ] GC(241)   Pre Evacuate Collection Set: 2.8ms
[2024-12-16T09:15:20.226+0700][gc,phases   ] GC(241)   Merge Heap Roots: 0.6ms
[2024-12-16T09:15:20.226+0700][gc,phases   ] GC(241)   Evacuate Collection Set: 40.8ms
[2024-12-16T09:15:20.226+0700][gc,phases   ] GC(241)   Post Evacuate Collection Set: 2.3ms
[2024-12-16T09:15:20.226+0700][gc,phases   ] GC(241)   Other: 1.0ms
[2024-12-16T09:15:20.226+0700][gc,heap     ] GC(241) Eden regions: 44->0(48)
[2024-12-16T09:15:20.226+0700][gc,heap     ] GC(241) Survivor regions: 7->3(7)
[2024-12-16T09:15:20.226+0700][gc,heap     ] GC(241) Old regions: 214->218
[2024-12-16T09:15:20.226+0700][gc,heap     ] GC(241) Archive regions: 2->2
[2024-12-16T09:15:20.226+0700][gc,heap     ] GC(241) Humongous regions: 129->129
[2024-12-16T09:15:20.226+0700][gc,metaspace] GC(241) Metaspace: 45096K(45632K)->45096K(45632K) NonClass: 39891K(40192K)->39891K(40192K) Class: 5205K(5440K)->5205K(5440K)
[2024-12-16T09:15:20.226+0700][gc          ] GC(241) Pause Young (Normal) (G1 Evacuation Pause) 394M->350M(1024M) 47.661ms
[2024-12-16T09:15:20.226+0700][gc,cpu      ] GC(241) User=0.09s Sys=0.00s Real=0.05s
[2024-12-16T09:16:57.043+0700][gc,start    ] GC(242) Pause Young (Normal) (G1 Evacuation Pause)
[2024-12-16T09:16:57.044+0700][gc,task     ] GC(242) Using 2 workers of 2 for evacuation
[2024-12-16T09:16:57.097+0700][gc,mmu      ] GC(242) MMU target violated: 21.0ms (20.0ms/21.0ms)
[2024-12-16T09:16:57.097+0700][gc,phases   ] GC(242)   Pre Evacuate Collection Set: 2.6ms
[2024-12-16T09:16:57.097+0700][gc,phases   ] GC(242)   Merge Heap Roots: 1.2ms
[2024-12-16T09:16:57.097+0700][gc,phases   ] GC(242)   Evacuate Collection Set: 44.9ms
[2024-12-16T09:16:57.097+0700][gc,phases   ] GC(242)   Post Evacuate Collection Set: 3.7ms
[2024-12-16T09:16:57.097+0700][gc,phases   ] GC(242)   Other: 1.4ms
[2024-12-16T09:16:57.097+0700][gc,heap     ] GC(242) Eden regions: 48->0(44)
[2024-12-16T09:16:57.097+0700][gc,heap     ] GC(242) Survivor regions: 3->7(7)
[2024-12-16T09:16:57.097+0700][gc,heap     ] GC(242) Old regions: 218->218
[2024-12-16T09:16:57.097+0700][gc,heap     ] GC(242) Archive regions: 2->2
[2024-12-16T09:16:57.097+0700][gc,heap     ] GC(242) Humongous regions: 129->129
[2024-12-16T09:16:57.097+0700][gc,metaspace] GC(242) Metaspace: 45096K(45632K)->45096K(45632K) NonClass: 39891K(40192K)->39891K(40192K) Class: 5205K(5440K)->5205K(5440K)
[2024-12-16T09:16:57.097+0700][gc          ] GC(242) Pause Young (Normal) (G1 Evacuation Pause) 398M->354M(1024M) 53.868ms
[2024-12-16T09:16:57.097+0700][gc,cpu      ] GC(242) User=0.09s Sys=0.01s Real=0.06s
[2024-12-16T09:18:25.579+0700][gc,start    ] GC(243) Pause Young (Normal) (G1 Evacuation Pause)
[2024-12-16T09:18:25.579+0700][gc,task     ] GC(243) Using 2 workers of 2 for evacuation
[2024-12-16T09:18:25.632+0700][gc,mmu      ] GC(243) MMU target violated: 21.0ms (20.0ms/21.0ms)
[2024-12-16T09:18:25.632+0700][gc,phases   ] GC(243)   Pre Evacuate Collection Set: 4.0ms
[2024-12-16T09:18:25.632+0700][gc,phases   ] GC(243)   Merge Heap Roots: 0.8ms
[2024-12-16T09:18:25.632+0700][gc,phases   ] GC(243)   Evacuate Collection Set: 44.5ms
[2024-12-16T09:18:25.632+0700][gc,phases   ] GC(243)   Post Evacuate Collection Set: 2.6ms
[2024-12-16T09:18:25.632+0700][gc,phases   ] GC(243)   Other: 1.4ms
[2024-12-16T09:18:25.632+0700][gc,heap     ] GC(243) Eden regions: 44->0(48)
[2024-12-16T09:18:25.632+0700][gc,heap     ] GC(243) Survivor regions: 7->3(7)
[2024-12-16T09:18:25.632+0700][gc,heap     ] GC(243) Old regions: 218->223
[2024-12-16T09:18:25.632+0700][gc,heap     ] GC(243) Archive regions: 2->2
[2024-12-16T09:18:25.632+0700][gc,heap     ] GC(243) Humongous regions: 129->129
[2024-12-16T09:18:25.632+0700][gc,metaspace] GC(243) Metaspace: 45096K(45632K)->45096K(45632K) NonClass: 39891K(40192K)->39891K(40192K) Class: 5205K(5440K)->5205K(5440K)
[2024-12-16T09:18:25.632+0700][gc          ] GC(243) Pause Young (Normal) (G1 Evacuation Pause) 398M->355M(1024M) 53.195ms
[2024-12-16T09:18:25.632+0700][gc,cpu      ] GC(243) User=0.10s Sys=0.00s Real=0.05s
[2024-12-16T09:20:02.957+0700][gc,start    ] GC(244) Pause Young (Normal) (G1 Evacuation Pause)
[2024-12-16T09:20:02.957+0700][gc,task     ] GC(244) Using 2 workers of 2 for evacuation
[2024-12-16T09:20:03.017+0700][gc,mmu      ] GC(244) MMU target violated: 21.0ms (20.0ms/21.0ms)
[2024-12-16T09:20:03.018+0700][gc,phases   ] GC(244)   Pre Evacuate Collection Set: 4.1ms
[2024-12-16T09:20:03.018+0700][gc,phases   ] GC(244)   Merge Heap Roots: 0.9ms
[2024-12-16T09:20:03.018+0700][gc,phases   ] GC(244)   Evacuate Collection Set: 51.4ms
[2024-12-16T09:20:03.018+0700][gc,phases   ] GC(244)   Post Evacuate Collection Set: 3.6ms
[2024-12-16T09:20:03.018+0700][gc,phases   ] GC(244)   Other: 1.2ms
[2024-12-16T09:20:03.018+0700][gc,heap     ] GC(244) Eden regions: 48->0(44)
[2024-12-16T09:20:03.018+0700][gc,heap     ] GC(244) Survivor regions: 3->7(7)
[2024-12-16T09:20:03.018+0700][gc,heap     ] GC(244) Old regions: 223->223
[2024-12-16T09:20:03.018+0700][gc,heap     ] GC(244) Archive regions: 2->2
[2024-12-16T09:20:03.018+0700][gc,heap     ] GC(244) Humongous regions: 129->129
[2024-12-16T09:20:03.018+0700][gc,metaspace] GC(244) Metaspace: 45096K(45632K)->45096K(45632K) NonClass: 39891K(40192K)->39891K(40192K) Class: 5205K(5440K)->5205K(5440K)
[2024-12-16T09:20:03.018+0700][gc          ] GC(244) Pause Young (Normal) (G1 Evacuation Pause) 403M->358M(1024M) 61.196ms
[2024-12-16T09:20:03.018+0700][gc,cpu      ] GC(244) User=0.11s Sys=0.00s Real=0.06s
[2024-12-16T09:21:31.581+0700][gc,start    ] GC(245) Pause Young (Normal) (G1 Evacuation Pause)
[2024-12-16T09:21:31.581+0700][gc,task     ] GC(245) Using 2 workers of 2 for evacuation
[2024-12-16T09:21:31.627+0700][gc,mmu      ] GC(245) MMU target violated: 21.0ms (20.0ms/21.0ms)
[2024-12-16T09:21:31.627+0700][gc,phases   ] GC(245)   Pre Evacuate Collection Set: 2.4ms
[2024-12-16T09:21:31.628+0700][gc,phases   ] GC(245)   Merge Heap Roots: 1.0ms
[2024-12-16T09:21:31.628+0700][gc,phases   ] GC(245)   Evacuate Collection Set: 40.3ms
[2024-12-16T09:21:31.628+0700][gc,phases   ] GC(245)   Post Evacuate Collection Set: 2.3ms
[2024-12-16T09:21:31.628+0700][gc,phases   ] GC(245)   Other: 0.9ms
[2024-12-16T09:21:31.628+0700][gc,heap     ] GC(245) Eden regions: 44->0(48)
[2024-12-16T09:21:31.628+0700][gc,heap     ] GC(245) Survivor regions: 7->3(7)
[2024-12-16T09:21:31.628+0700][gc,heap     ] GC(245) Old regions: 223->227
[2024-12-16T09:21:31.628+0700][gc,heap     ] GC(245) Archive regions: 2->2
[2024-12-16T09:21:31.628+0700][gc,heap     ] GC(245) Humongous regions: 129->129
[2024-12-16T09:21:31.628+0700][gc,metaspace] GC(245) Metaspace: 45096K(45632K)->45096K(45632K) NonClass: 39891K(40192K)->39891K(40192K) Class: 5205K(5440K)->5205K(5440K)
[2024-12-16T09:21:31.628+0700][gc          ] GC(245) Pause Young (Normal) (G1 Evacuation Pause) 402M->359M(1024M) 47.051ms
[2024-12-16T09:21:31.628+0700][gc,cpu      ] GC(245) User=0.08s Sys=0.00s Real=0.05s
[2024-12-16T09:23:08.573+0700][gc,start    ] GC(246) Pause Young (Normal) (G1 Evacuation Pause)
[2024-12-16T09:23:08.574+0700][gc,task     ] GC(246) Using 2 workers of 2 for evacuation
[2024-12-16T09:23:08.625+0700][gc,mmu      ] GC(246) MMU target violated: 21.0ms (20.0ms/21.0ms)
[2024-12-16T09:23:08.626+0700][gc,phases   ] GC(246)   Pre Evacuate Collection Set: 4.1ms
[2024-12-16T09:23:08.626+0700][gc,phases   ] GC(246)   Merge Heap Roots: 1.3ms
[2024-12-16T09:23:08.626+0700][gc,phases   ] GC(246)   Evacuate Collection Set: 41.5ms
[2024-12-16T09:23:08.626+0700][gc,phases   ] GC(246)   Post Evacuate Collection Set: 3.9ms
[2024-12-16T09:23:08.626+0700][gc,phases   ] GC(246)   Other: 1.7ms
[2024-12-16T09:23:08.626+0700][gc,heap     ] GC(246) Eden regions: 48->0(44)
[2024-12-16T09:23:08.626+0700][gc,heap     ] GC(246) Survivor regions: 3->7(7)
[2024-12-16T09:23:08.626+0700][gc,heap     ] GC(246) Old regions: 227->227
[2024-12-16T09:23:08.626+0700][gc,heap     ] GC(246) Archive regions: 2->2
[2024-12-16T09:23:08.626+0700][gc,heap     ] GC(246) Humongous regions: 129->129
[2024-12-16T09:23:08.626+0700][gc,metaspace] GC(246) Metaspace: 45096K(45632K)->45096K(45632K) NonClass: 39891K(40192K)->39891K(40192K) Class: 5205K(5440K)->5205K(5440K)
[2024-12-16T09:23:08.626+0700][gc          ] GC(246) Pause Young (Normal) (G1 Evacuation Pause) 407M->363M(1024M) 52.565ms
[2024-12-16T09:23:08.626+0700][gc,cpu      ] GC(246) User=0.09s Sys=0.00s Real=0.06s
[2024-12-16T09:24:36.847+0700][gc,start    ] GC(247) Pause Young (Normal) (G1 Evacuation Pause)
[2024-12-16T09:24:36.848+0700][gc,task     ] GC(247) Using 2 workers of 2 for evacuation
[2024-12-16T09:24:36.895+0700][gc,mmu      ] GC(247) MMU target violated: 21.0ms (20.0ms/21.0ms)
[2024-12-16T09:24:36.895+0700][gc,phases   ] GC(247)   Pre Evacuate Collection Set: 2.6ms
[2024-12-16T09:24:36.895+0700][gc,phases   ] GC(247)   Merge Heap Roots: 0.9ms
[2024-12-16T09:24:36.895+0700][gc,phases   ] GC(247)   Evacuate Collection Set: 40.1ms
[2024-12-16T09:24:36.895+0700][gc,phases   ] GC(247)   Post Evacuate Collection Set: 3.1ms
[2024-12-16T09:24:36.895+0700][gc,phases   ] GC(247)   Other: 1.4ms
[2024-12-16T09:24:36.895+0700][gc,heap     ] GC(247) Eden regions: 44->0(48)
[2024-12-16T09:24:36.895+0700][gc,heap     ] GC(247) Survivor regions: 7->3(7)
[2024-12-16T09:24:36.895+0700][gc,heap     ] GC(247) Old regions: 227->232
[2024-12-16T09:24:36.895+0700][gc,heap     ] GC(247) Archive regions: 2->2
[2024-12-16T09:24:36.895+0700][gc,heap     ] GC(247) Humongous regions: 129->129
[2024-12-16T09:24:36.895+0700][gc,metaspace] GC(247) Metaspace: 45096K(45632K)->45096K(45632K) NonClass: 39891K(40192K)->39891K(40192K) Class: 5205K(5440K)->5205K(5440K)
[2024-12-16T09:24:36.895+0700][gc          ] GC(247) Pause Young (Normal) (G1 Evacuation Pause) 407M->364M(1024M) 48.103ms
[2024-12-16T09:24:36.895+0700][gc,cpu      ] GC(247) User=0.08s Sys=0.00s Real=0.04s
[2024-12-16T09:26:14.586+0700][gc,start    ] GC(248) Pause Young (Concurrent Start) (G1 Evacuation Pause)
[2024-12-16T09:26:14.586+0700][gc,task     ] GC(248) Using 2 workers of 2 for evacuation
[2024-12-16T09:26:14.633+0700][gc,mmu      ] GC(248) MMU target violated: 21.0ms (20.0ms/21.0ms)
[2024-12-16T09:26:14.633+0700][gc,phases   ] GC(248)   Pre Evacuate Collection Set: 3.6ms
[2024-12-16T09:26:14.633+0700][gc,phases   ] GC(248)   Merge Heap Roots: 0.7ms
[2024-12-16T09:26:14.633+0700][gc,phases   ] GC(248)   Evacuate Collection Set: 40.4ms
[2024-12-16T09:26:14.633+0700][gc,phases   ] GC(248)   Post Evacuate Collection Set: 1.9ms
[2024-12-16T09:26:14.634+0700][gc,phases   ] GC(248)   Other: 1.5ms
[2024-12-16T09:26:14.634+0700][gc,heap     ] GC(248) Eden regions: 48->0(44)
[2024-12-16T09:26:14.634+0700][gc,heap     ] GC(248) Survivor regions: 3->7(7)
[2024-12-16T09:26:14.634+0700][gc,heap     ] GC(248) Old regions: 232->232
[2024-12-16T09:26:14.634+0700][gc,heap     ] GC(248) Archive regions: 2->2
[2024-12-16T09:26:14.634+0700][gc,heap     ] GC(248) Humongous regions: 129->129
[2024-12-16T09:26:14.634+0700][gc,metaspace] GC(248) Metaspace: 45096K(45632K)->45096K(45632K) NonClass: 39891K(40192K)->39891K(40192K) Class: 5205K(5440K)->5205K(5440K)
[2024-12-16T09:26:14.634+0700][gc          ] GC(248) Pause Young (Concurrent Start) (G1 Evacuation Pause) 412M->367M(1024M) 48.133ms
[2024-12-16T09:26:14.634+0700][gc,cpu      ] GC(248) User=0.10s Sys=0.00s Real=0.04s
[2024-12-16T09:26:14.634+0700][gc          ] GC(249) Concurrent Mark Cycle
[2024-12-16T09:26:14.634+0700][gc,marking  ] GC(249) Concurrent Clear Claimed Marks
[2024-12-16T09:26:14.634+0700][gc,marking  ] GC(249) Concurrent Clear Claimed Marks 0.125ms
[2024-12-16T09:26:14.634+0700][gc,marking  ] GC(249) Concurrent Scan Root Regions
[2024-12-16T09:26:14.655+0700][gc,marking  ] GC(249) Concurrent Scan Root Regions 21.227ms
[2024-12-16T09:26:14.655+0700][gc,marking  ] GC(249) Concurrent Mark
[2024-12-16T09:26:14.655+0700][gc,marking  ] GC(249) Concurrent Mark From Roots
[2024-12-16T09:26:14.655+0700][gc,task     ] GC(249) Using 1 workers of 1 for marking
[2024-12-16T09:26:14.772+0700][gc,marking  ] GC(249) Concurrent Mark From Roots 116.599ms
[2024-12-16T09:26:14.772+0700][gc,marking  ] GC(249) Concurrent Preclean
[2024-12-16T09:26:14.772+0700][gc,marking  ] GC(249) Concurrent Preclean 0.306ms
[2024-12-16T09:26:14.773+0700][gc,start    ] GC(249) Pause Remark
[2024-12-16T09:26:14.807+0700][gc,mmu      ] GC(249) MMU target violated: 21.0ms (20.0ms/21.0ms)
[2024-12-16T09:26:14.807+0700][gc          ] GC(249) Pause Remark 368M->298M(1024M) 34.350ms
[2024-12-16T09:26:14.807+0700][gc,cpu      ] GC(249) User=0.07s Sys=0.00s Real=0.04s
[2024-12-16T09:26:14.807+0700][gc,marking  ] GC(249) Concurrent Mark 151.792ms
[2024-12-16T09:26:14.807+0700][gc,marking  ] GC(249) Concurrent Rebuild Remembered Sets
[2024-12-16T09:26:14.835+0700][gc,marking  ] GC(249) Concurrent Rebuild Remembered Sets 27.280ms
[2024-12-16T09:26:14.835+0700][gc,start    ] GC(249) Pause Cleanup
[2024-12-16T09:26:14.835+0700][gc          ] GC(249) Pause Cleanup 298M->298M(1024M) 0.336ms
[2024-12-16T09:26:14.835+0700][gc,cpu      ] GC(249) User=0.00s Sys=0.00s Real=0.00s
[2024-12-16T09:26:14.835+0700][gc,marking  ] GC(249) Concurrent Cleanup for Next Mark
[2024-12-16T09:26:14.863+0700][gc,marking  ] GC(249) Concurrent Cleanup for Next Mark 27.584ms
[2024-12-16T09:26:14.863+0700][gc          ] GC(249) Concurrent Mark Cycle 228.900ms
[2024-12-16T09:27:43.301+0700][gc,start    ] GC(250) Pause Young (Prepare Mixed) (G1 Evacuation Pause)
[2024-12-16T09:27:43.302+0700][gc,task     ] GC(250) Using 2 workers of 2 for evacuation
[2024-12-16T09:27:43.353+0700][gc,mmu      ] GC(250) MMU target violated: 21.0ms (20.0ms/21.0ms)
[2024-12-16T09:27:43.353+0700][gc,phases   ] GC(250)   Pre Evacuate Collection Set: 2.4ms
[2024-12-16T09:27:43.353+0700][gc,phases   ] GC(250)   Merge Heap Roots: 0.6ms
[2024-12-16T09:27:43.353+0700][gc,phases   ] GC(250)   Evacuate Collection Set: 42.5ms
[2024-12-16T09:27:43.353+0700][gc,phases   ] GC(250)   Post Evacuate Collection Set: 5.1ms
[2024-12-16T09:27:43.353+0700][gc,phases   ] GC(250)   Other: 1.5ms
[2024-12-16T09:27:43.353+0700][gc,heap     ] GC(250) Eden regions: 44->0(48)
[2024-12-16T09:27:43.354+0700][gc,heap     ] GC(250) Survivor regions: 7->3(7)
[2024-12-16T09:27:43.354+0700][gc,heap     ] GC(250) Old regions: 162->166
[2024-12-16T09:27:43.354+0700][gc,heap     ] GC(250) Archive regions: 2->2
[2024-12-16T09:27:43.354+0700][gc,heap     ] GC(250) Humongous regions: 129->129
[2024-12-16T09:27:43.354+0700][gc,metaspace] GC(250) Metaspace: 45096K(45632K)->45096K(45632K) NonClass: 39891K(40192K)->39891K(40192K) Class: 5205K(5440K)->5205K(5440K)
[2024-12-16T09:27:43.354+0700][gc          ] GC(250) Pause Young (Prepare Mixed) (G1 Evacuation Pause) 341M->298M(1024M) 52.459ms
[2024-12-16T09:27:43.354+0700][gc,cpu      ] GC(250) User=0.09s Sys=0.00s Real=0.05s
[2024-12-16T09:29:20.392+0700][gc,start    ] GC(251) Pause Young (Mixed) (G1 Evacuation Pause)
[2024-12-16T09:29:20.392+0700][gc,task     ] GC(251) Using 2 workers of 2 for evacuation
[2024-12-16T09:29:20.440+0700][gc,mmu      ] GC(251) MMU target violated: 21.0ms (20.0ms/21.0ms)
[2024-12-16T09:29:20.441+0700][gc,phases   ] GC(251)   Pre Evacuate Collection Set: 2.5ms
[2024-12-16T09:29:20.441+0700][gc,phases   ] GC(251)   Merge Heap Roots: 1.1ms
[2024-12-16T09:29:20.441+0700][gc,phases   ] GC(251)   Evacuate Collection Set: 39.9ms
[2024-12-16T09:29:20.441+0700][gc,phases   ] GC(251)   Post Evacuate Collection Set: 4.1ms
[2024-12-16T09:29:20.441+0700][gc,phases   ] GC(251)   Other: 1.2ms
[2024-12-16T09:29:20.441+0700][gc,heap     ] GC(251) Eden regions: 48->0(44)
[2024-12-16T09:29:20.441+0700][gc,heap     ] GC(251) Survivor regions: 3->7(7)
[2024-12-16T09:29:20.441+0700][gc,heap     ] GC(251) Old regions: 166->154
[2024-12-16T09:29:20.441+0700][gc,heap     ] GC(251) Archive regions: 2->2
[2024-12-16T09:29:20.441+0700][gc,heap     ] GC(251) Humongous regions: 129->129
[2024-12-16T09:29:20.441+0700][gc,metaspace] GC(251) Metaspace: 45096K(45632K)->45096K(45632K) NonClass: 39891K(40192K)->39891K(40192K) Class: 5205K(5440K)->5205K(5440K)
[2024-12-16T09:29:20.441+0700][gc          ] GC(251) Pause Young (Mixed) (G1 Evacuation Pause) 346M->290M(1024M) 49.023ms
[2024-12-16T09:29:20.441+0700][gc,cpu      ] GC(251) User=0.09s Sys=0.00s Real=0.05s
[2024-12-16T09:30:49.195+0700][gc,start    ] GC(252) Pause Young (Mixed) (G1 Evacuation Pause)
[2024-12-16T09:30:49.195+0700][gc,task     ] GC(252) Using 2 workers of 2 for evacuation
[2024-12-16T09:30:49.242+0700][gc,mmu      ] GC(252) MMU target violated: 21.0ms (20.0ms/21.0ms)
[2024-12-16T09:30:49.242+0700][gc,phases   ] GC(252)   Pre Evacuate Collection Set: 2.5ms
[2024-12-16T09:30:49.242+0700][gc,phases   ] GC(252)   Merge Heap Roots: 0.7ms
[2024-12-16T09:30:49.242+0700][gc,phases   ] GC(252)   Evacuate Collection Set: 40.7ms
[2024-12-16T09:30:49.242+0700][gc,phases   ] GC(252)   Post Evacuate Collection Set: 2.3ms
[2024-12-16T09:30:49.242+0700][gc,phases   ] GC(252)   Other: 1.3ms
[2024-12-16T09:30:49.242+0700][gc,heap     ] GC(252) Eden regions: 44->0(48)
[2024-12-16T09:30:49.242+0700][gc,heap     ] GC(252) Survivor regions: 7->3(7)
[2024-12-16T09:30:49.242+0700][gc,heap     ] GC(252) Old regions: 154->147
[2024-12-16T09:30:49.242+0700][gc,heap     ] GC(252) Archive regions: 2->2
[2024-12-16T09:30:49.242+0700][gc,heap     ] GC(252) Humongous regions: 129->129
[2024-12-16T09:30:49.242+0700][gc,metaspace] GC(252) Metaspace: 45096K(45632K)->45096K(45632K) NonClass: 39891K(40192K)->39891K(40192K) Class: 5205K(5440K)->5205K(5440K)
[2024-12-16T09:30:49.242+0700][gc          ] GC(252) Pause Young (Mixed) (G1 Evacuation Pause) 334M->279M(1024M) 47.465ms
[2024-12-16T09:30:49.242+0700][gc,cpu      ] GC(252) User=0.08s Sys=0.00s Real=0.05s
[2024-12-16T09:32:26.112+0700][gc,start    ] GC(253) Pause Young (Mixed) (G1 Evacuation Pause)
[2024-12-16T09:32:26.112+0700][gc,task     ] GC(253) Using 2 workers of 2 for evacuation
[2024-12-16T09:32:26.166+0700][gc,mmu      ] GC(253) MMU target violated: 21.0ms (20.0ms/21.0ms)
[2024-12-16T09:32:26.166+0700][gc,phases   ] GC(253)   Pre Evacuate Collection Set: 2.5ms
[2024-12-16T09:32:26.166+0700][gc,phases   ] GC(253)   Merge Heap Roots: 0.9ms
[2024-12-16T09:32:26.166+0700][gc,phases   ] GC(253)   Evacuate Collection Set: 47.1ms
[2024-12-16T09:32:26.166+0700][gc,phases   ] GC(253)   Post Evacuate Collection Set: 2.5ms
[2024-12-16T09:32:26.166+0700][gc,phases   ] GC(253)   Other: 1.2ms
[2024-12-16T09:32:26.166+0700][gc,heap     ] GC(253) Eden regions: 48->0(44)
[2024-12-16T09:32:26.166+0700][gc,heap     ] GC(253) Survivor regions: 3->7(7)
[2024-12-16T09:32:26.166+0700][gc,heap     ] GC(253) Old regions: 147->135
[2024-12-16T09:32:26.166+0700][gc,heap     ] GC(253) Archive regions: 2->2
[2024-12-16T09:32:26.166+0700][gc,heap     ] GC(253) Humongous regions: 129->129
[2024-12-16T09:32:26.166+0700][gc,metaspace] GC(253) Metaspace: 45102K(45632K)->45102K(45632K) NonClass: 39897K(40192K)->39897K(40192K) Class: 5205K(5440K)->5205K(5440K)
[2024-12-16T09:32:26.167+0700][gc          ] GC(253) Pause Young (Mixed) (G1 Evacuation Pause) 327M->271M(1024M) 54.298ms
[2024-12-16T09:32:26.167+0700][gc,cpu      ] GC(253) User=0.10s Sys=0.00s Real=0.06s
[2024-12-16T09:33:54.722+0700][gc,start    ] GC(254) Pause Young (Mixed) (G1 Evacuation Pause)
[2024-12-16T09:33:54.723+0700][gc,task     ] GC(254) Using 2 workers of 2 for evacuation
[2024-12-16T09:33:54.778+0700][gc,mmu      ] GC(254) MMU target violated: 21.0ms (20.0ms/21.0ms)
[2024-12-16T09:33:54.778+0700][gc,phases   ] GC(254)   Pre Evacuate Collection Set: 3.2ms
[2024-12-16T09:33:54.778+0700][gc,phases   ] GC(254)   Merge Heap Roots: 0.6ms
[2024-12-16T09:33:54.778+0700][gc,phases   ] GC(254)   Evacuate Collection Set: 41.8ms
[2024-12-16T09:33:54.778+0700][gc,phases   ] GC(254)   Post Evacuate Collection Set: 9.0ms
[2024-12-16T09:33:54.778+0700][gc,phases   ] GC(254)   Other: 1.6ms
[2024-12-16T09:33:54.778+0700][gc,heap     ] GC(254) Eden regions: 44->0(48)
[2024-12-16T09:33:54.778+0700][gc,heap     ] GC(254) Survivor regions: 7->3(7)
[2024-12-16T09:33:54.778+0700][gc,heap     ] GC(254) Old regions: 135->128
[2024-12-16T09:33:54.778+0700][gc,heap     ] GC(254) Archive regions: 2->2
[2024-12-16T09:33:54.778+0700][gc,heap     ] GC(254) Humongous regions: 129->129
[2024-12-16T09:33:54.778+0700][gc,metaspace] GC(254) Metaspace: 45102K(45632K)->45102K(45632K) NonClass: 39897K(40192K)->39897K(40192K) Class: 5205K(5440K)->5205K(5440K)
[2024-12-16T09:33:54.778+0700][gc          ] GC(254) Pause Young (Mixed) (G1 Evacuation Pause) 315M->259M(1024M) 56.167ms
[2024-12-16T09:33:54.779+0700][gc,cpu      ] GC(254) User=0.09s Sys=0.00s Real=0.06s
[2024-12-16T09:35:31.748+0700][gc,start    ] GC(255) Pause Young (Mixed) (G1 Evacuation Pause)
[2024-12-16T09:35:31.749+0700][gc,task     ] GC(255) Using 2 workers of 2 for evacuation
[2024-12-16T09:35:31.797+0700][gc,mmu      ] GC(255) MMU target violated: 21.0ms (20.0ms/21.0ms)
[2024-12-16T09:35:31.797+0700][gc,phases   ] GC(255)   Pre Evacuate Collection Set: 2.8ms
[2024-12-16T09:35:31.797+0700][gc,phases   ] GC(255)   Merge Heap Roots: 1.3ms
[2024-12-16T09:35:31.797+0700][gc,phases   ] GC(255)   Evacuate Collection Set: 39.4ms
[2024-12-16T09:35:31.797+0700][gc,phases   ] GC(255)   Post Evacuate Collection Set: 4.0ms
[2024-12-16T09:35:31.797+0700][gc,phases   ] GC(255)   Other: 1.4ms
[2024-12-16T09:35:31.797+0700][gc,heap     ] GC(255) Eden regions: 48->0(44)
[2024-12-16T09:35:31.797+0700][gc,heap     ] GC(255) Survivor regions: 3->7(7)
[2024-12-16T09:35:31.797+0700][gc,heap     ] GC(255) Old regions: 128->116
[2024-12-16T09:35:31.797+0700][gc,heap     ] GC(255) Archive regions: 2->2
[2024-12-16T09:35:31.797+0700][gc,heap     ] GC(255) Humongous regions: 129->129
[2024-12-16T09:35:31.797+0700][gc,metaspace] GC(255) Metaspace: 45102K(45632K)->45102K(45632K) NonClass: 39897K(40192K)->39897K(40192K) Class: 5205K(5440K)->5205K(5440K)
[2024-12-16T09:35:31.797+0700][gc          ] GC(255) Pause Young (Mixed) (G1 Evacuation Pause) 307M->251M(1024M) 48.926ms
[2024-12-16T09:35:31.797+0700][gc,cpu      ] GC(255) User=0.09s Sys=0.00s Real=0.05s
[2024-12-16T09:37:00.905+0700][gc,start    ] GC(256) Pause Young (Mixed) (G1 Evacuation Pause)
[2024-12-16T09:37:00.906+0700][gc,task     ] GC(256) Using 2 workers of 2 for evacuation
[2024-12-16T09:37:00.971+0700][gc,mmu      ] GC(256) MMU target violated: 21.0ms (20.0ms/21.0ms)
[2024-12-16T09:37:00.971+0700][gc,phases   ] GC(256)   Pre Evacuate Collection Set: 3.6ms
[2024-12-16T09:37:00.971+0700][gc,phases   ] GC(256)   Merge Heap Roots: 0.9ms
[2024-12-16T09:37:00.971+0700][gc,phases   ] GC(256)   Evacuate Collection Set: 57.3ms
[2024-12-16T09:37:00.971+0700][gc,phases   ] GC(256)   Post Evacuate Collection Set: 3.0ms
[2024-12-16T09:37:00.971+0700][gc,phases   ] GC(256)   Other: 1.3ms
[2024-12-16T09:37:00.971+0700][gc,heap     ] GC(256) Eden regions: 44->0(48)
[2024-12-16T09:37:00.971+0700][gc,heap     ] GC(256) Survivor regions: 7->3(7)
[2024-12-16T09:37:00.971+0700][gc,heap     ] GC(256) Old regions: 116->108
[2024-12-16T09:37:00.971+0700][gc,heap     ] GC(256) Archive regions: 2->2
[2024-12-16T09:37:00.971+0700][gc,heap     ] GC(256) Humongous regions: 129->129
[2024-12-16T09:37:00.971+0700][gc,metaspace] GC(256) Metaspace: 45102K(45632K)->45102K(45632K) NonClass: 39897K(40192K)->39897K(40192K) Class: 5205K(5440K)->5205K(5440K)
[2024-12-16T09:37:00.971+0700][gc          ] GC(256) Pause Young (Mixed) (G1 Evacuation Pause) 295M->240M(1024M) 66.066ms
[2024-12-16T09:37:00.972+0700][gc,cpu      ] GC(256) User=0.13s Sys=0.00s Real=0.06s
[2024-12-16T09:38:38.843+0700][gc,start    ] GC(257) Pause Young (Mixed) (G1 Evacuation Pause)
[2024-12-16T09:38:38.843+0700][gc,task     ] GC(257) Using 2 workers of 2 for evacuation
[2024-12-16T09:38:38.898+0700][gc,mmu      ] GC(257) MMU target violated: 21.0ms (20.0ms/21.0ms)
[2024-12-16T09:38:38.899+0700][gc,phases   ] GC(257)   Pre Evacuate Collection Set: 2.5ms
[2024-12-16T09:38:38.899+0700][gc,phases   ] GC(257)   Merge Heap Roots: 0.7ms
[2024-12-16T09:38:38.899+0700][gc,phases   ] GC(257)   Evacuate Collection Set: 47.8ms
[2024-12-16T09:38:38.899+0700][gc,phases   ] GC(257)   Post Evacuate Collection Set: 3.7ms
[2024-12-16T09:38:38.899+0700][gc,phases   ] GC(257)   Other: 1.6ms
[2024-12-16T09:38:38.899+0700][gc,heap     ] GC(257) Eden regions: 48->0(44)
[2024-12-16T09:38:38.899+0700][gc,heap     ] GC(257) Survivor regions: 3->7(7)
[2024-12-16T09:38:38.899+0700][gc,heap     ] GC(257) Old regions: 108->97
[2024-12-16T09:38:38.899+0700][gc,heap     ] GC(257) Archive regions: 2->2
[2024-12-16T09:38:38.899+0700][gc,heap     ] GC(257) Humongous regions: 129->129
[2024-12-16T09:38:38.899+0700][gc,metaspace] GC(257) Metaspace: 45102K(45632K)->45102K(45632K) NonClass: 39897K(40192K)->39897K(40192K) Class: 5205K(5440K)->5205K(5440K)
[2024-12-16T09:38:38.899+0700][gc          ] GC(257) Pause Young (Mixed) (G1 Evacuation Pause) 288M->232M(1024M) 56.218ms
[2024-12-16T09:38:38.899+0700][gc,cpu      ] GC(257) User=0.10s Sys=0.00s Real=0.06s
[2024-12-16T09:40:06.780+0700][gc,start    ] GC(258) Pause Young (Mixed) (G1 Evacuation Pause)
[2024-12-16T09:40:06.780+0700][gc,task     ] GC(258) Using 2 workers of 2 for evacuation
[2024-12-16T09:40:06.841+0700][gc,mmu      ] GC(258) MMU target violated: 21.0ms (20.0ms/21.0ms)
[2024-12-16T09:40:06.842+0700][gc,phases   ] GC(258)   Pre Evacuate Collection Set: 2.7ms
[2024-12-16T09:40:06.842+0700][gc,phases   ] GC(258)   Merge Heap Roots: 1.0ms
[2024-12-16T09:40:06.842+0700][gc,phases   ] GC(258)   Evacuate Collection Set: 54.7ms
[2024-12-16T09:40:06.842+0700][gc,phases   ] GC(258)   Post Evacuate Collection Set: 2.3ms
[2024-12-16T09:40:06.842+0700][gc,phases   ] GC(258)   Other: 1.3ms
[2024-12-16T09:40:06.842+0700][gc,heap     ] GC(258) Eden regions: 44->0(48)
[2024-12-16T09:40:06.842+0700][gc,heap     ] GC(258) Survivor regions: 7->3(7)
[2024-12-16T09:40:06.842+0700][gc,heap     ] GC(258) Old regions: 97->96
[2024-12-16T09:40:06.842+0700][gc,heap     ] GC(258) Archive regions: 2->2
[2024-12-16T09:40:06.842+0700][gc,heap     ] GC(258) Humongous regions: 129->129
[2024-12-16T09:40:06.842+0700][gc,metaspace] GC(258) Metaspace: 45107K(45632K)->45107K(45632K) NonClass: 39902K(40192K)->39902K(40192K) Class: 5205K(5440K)->5205K(5440K)
[2024-12-16T09:40:06.842+0700][gc          ] GC(258) Pause Young (Mixed) (G1 Evacuation Pause) 276M->227M(1024M) 62.096ms
[2024-12-16T09:40:06.842+0700][gc,cpu      ] GC(258) User=0.11s Sys=0.00s Real=0.06s
[2024-12-16T09:41:44.117+0700][gc,start    ] GC(259) Pause Young (Normal) (G1 Evacuation Pause)
[2024-12-16T09:41:44.117+0700][gc,task     ] GC(259) Using 2 workers of 2 for evacuation
[2024-12-16T09:41:44.174+0700][gc,mmu      ] GC(259) MMU target violated: 21.0ms (20.0ms/21.0ms)
[2024-12-16T09:41:44.174+0700][gc,phases   ] GC(259)   Pre Evacuate Collection Set: 3.5ms
[2024-12-16T09:41:44.174+0700][gc,phases   ] GC(259)   Merge Heap Roots: 1.1ms
[2024-12-16T09:41:44.174+0700][gc,phases   ] GC(259)   Evacuate Collection Set: 47.9ms
[2024-12-16T09:41:44.174+0700][gc,phases   ] GC(259)   Post Evacuate Collection Set: 3.4ms
[2024-12-16T09:41:44.174+0700][gc,phases   ] GC(259)   Other: 1.5ms
[2024-12-16T09:41:44.174+0700][gc,heap     ] GC(259) Eden regions: 48->0(44)
[2024-12-16T09:41:44.174+0700][gc,heap     ] GC(259) Survivor regions: 3->7(7)
[2024-12-16T09:41:44.174+0700][gc,heap     ] GC(259) Old regions: 96->96
[2024-12-16T09:41:44.174+0700][gc,heap     ] GC(259) Archive regions: 2->2
[2024-12-16T09:41:44.174+0700][gc,heap     ] GC(259) Humongous regions: 129->129
[2024-12-16T09:41:44.174+0700][gc,metaspace] GC(259) Metaspace: 45107K(45632K)->45107K(45632K) NonClass: 39902K(40192K)->39902K(40192K) Class: 5205K(5440K)->5205K(5440K)
[2024-12-16T09:41:44.174+0700][gc          ] GC(259) Pause Young (Normal) (G1 Evacuation Pause) 275M->231M(1024M) 57.427ms
[2024-12-16T09:41:44.175+0700][gc,cpu      ] GC(259) User=0.10s Sys=0.00s Real=0.05s
[2024-12-16T09:43:12.441+0700][gc,start    ] GC(260) Pause Young (Normal) (G1 Evacuation Pause)
[2024-12-16T09:43:12.441+0700][gc,task     ] GC(260) Using 2 workers of 2 for evacuation
[2024-12-16T09:43:12.486+0700][gc,mmu      ] GC(260) MMU target violated: 21.0ms (20.0ms/21.0ms)
[2024-12-16T09:43:12.486+0700][gc,phases   ] GC(260)   Pre Evacuate Collection Set: 3.8ms
[2024-12-16T09:43:12.486+0700][gc,phases   ] GC(260)   Merge Heap Roots: 0.5ms
[2024-12-16T09:43:12.486+0700][gc,phases   ] GC(260)   Evacuate Collection Set: 37.5ms
[2024-12-16T09:43:12.486+0700][gc,phases   ] GC(260)   Post Evacuate Collection Set: 2.3ms
[2024-12-16T09:43:12.486+0700][gc,phases   ] GC(260)   Other: 1.2ms
[2024-12-16T09:43:12.486+0700][gc,heap     ] GC(260) Eden regions: 44->0(48)
[2024-12-16T09:43:12.486+0700][gc,heap     ] GC(260) Survivor regions: 7->3(7)
[2024-12-16T09:43:12.486+0700][gc,heap     ] GC(260) Old regions: 96->100
[2024-12-16T09:43:12.486+0700][gc,heap     ] GC(260) Archive regions: 2->2
[2024-12-16T09:43:12.486+0700][gc,heap     ] GC(260) Humongous regions: 129->129
[2024-12-16T09:43:12.486+0700][gc,metaspace] GC(260) Metaspace: 45107K(45632K)->45107K(45632K) NonClass: 39902K(40192K)->39902K(40192K) Class: 5205K(5440K)->5205K(5440K)
[2024-12-16T09:43:12.486+0700][gc          ] GC(260) Pause Young (Normal) (G1 Evacuation Pause) 275M->232M(1024M) 45.265ms
[2024-12-16T09:43:12.487+0700][gc,cpu      ] GC(260) User=0.08s Sys=0.00s Real=0.05s
[2024-12-16T09:44:49.852+0700][gc,start    ] GC(261) Pause Young (Normal) (G1 Evacuation Pause)
[2024-12-16T09:44:49.853+0700][gc,task     ] GC(261) Using 2 workers of 2 for evacuation
[2024-12-16T09:44:49.896+0700][gc,mmu      ] GC(261) MMU target violated: 21.0ms (20.0ms/21.0ms)
[2024-12-16T09:44:49.896+0700][gc,phases   ] GC(261)   Pre Evacuate Collection Set: 2.4ms
[2024-12-16T09:44:49.896+0700][gc,phases   ] GC(261)   Merge Heap Roots: 1.0ms
[2024-12-16T09:44:49.896+0700][gc,phases   ] GC(261)   Evacuate Collection Set: 37.0ms
[2024-12-16T09:44:49.896+0700][gc,phases   ] GC(261)   Post Evacuate Collection Set: 2.5ms
[2024-12-16T09:44:49.896+0700][gc,phases   ] GC(261)   Other: 1.5ms
[2024-12-16T09:44:49.896+0700][gc,heap     ] GC(261) Eden regions: 48->0(45)
[2024-12-16T09:44:49.896+0700][gc,heap     ] GC(261) Survivor regions: 3->6(7)
[2024-12-16T09:44:49.896+0700][gc,heap     ] GC(261) Old regions: 100->100
[2024-12-16T09:44:49.896+0700][gc,heap     ] GC(261) Archive regions: 2->2
[2024-12-16T09:44:49.896+0700][gc,heap     ] GC(261) Humongous regions: 129->129
[2024-12-16T09:44:49.896+0700][gc,metaspace] GC(261) Metaspace: 45107K(45632K)->45107K(45632K) NonClass: 39902K(40192K)->39902K(40192K) Class: 5205K(5440K)->5205K(5440K)
[2024-12-16T09:44:49.896+0700][gc          ] GC(261) Pause Young (Normal) (G1 Evacuation Pause) 280M->235M(1024M) 44.284ms
[2024-12-16T09:44:49.897+0700][gc,cpu      ] GC(261) User=0.08s Sys=0.00s Real=0.05s
[2024-12-16T09:46:20.940+0700][gc,start    ] GC(262) Pause Young (Normal) (G1 Evacuation Pause)
[2024-12-16T09:46:20.941+0700][gc,task     ] GC(262) Using 2 workers of 2 for evacuation
[2024-12-16T09:46:20.989+0700][gc,mmu      ] GC(262) MMU target violated: 21.0ms (20.0ms/21.0ms)
[2024-12-16T09:46:20.989+0700][gc,phases   ] GC(262)   Pre Evacuate Collection Set: 2.8ms
[2024-12-16T09:46:20.989+0700][gc,phases   ] GC(262)   Merge Heap Roots: 0.6ms
[2024-12-16T09:46:20.989+0700][gc,phases   ] GC(262)   Evacuate Collection Set: 41.3ms
[2024-12-16T09:46:20.989+0700][gc,phases   ] GC(262)   Post Evacuate Collection Set: 3.4ms
[2024-12-16T09:46:20.990+0700][gc,phases   ] GC(262)   Other: 2.0ms
[2024-12-16T09:46:20.990+0700][gc,heap     ] GC(262) Eden regions: 45->0(48)
[2024-12-16T09:46:20.990+0700][gc,heap     ] GC(262) Survivor regions: 6->3(7)
[2024-12-16T09:46:20.990+0700][gc,heap     ] GC(262) Old regions: 100->104
[2024-12-16T09:46:20.990+0700][gc,heap     ] GC(262) Archive regions: 2->2
[2024-12-16T09:46:20.990+0700][gc,heap     ] GC(262) Humongous regions: 129->129
[2024-12-16T09:46:20.990+0700][gc,metaspace] GC(262) Metaspace: 45107K(45632K)->45107K(45632K) NonClass: 39902K(40192K)->39902K(40192K) Class: 5205K(5440K)->5205K(5440K)
[2024-12-16T09:46:20.990+0700][gc          ] GC(262) Pause Young (Normal) (G1 Evacuation Pause) 280M->236M(1024M) 49.509ms
[2024-12-16T09:46:20.990+0700][gc,cpu      ] GC(262) User=0.09s Sys=0.00s Real=0.05s
[2024-12-16T09:47:58.283+0700][gc,start    ] GC(263) Pause Young (Normal) (G1 Evacuation Pause)
[2024-12-16T09:47:58.284+0700][gc,task     ] GC(263) Using 2 workers of 2 for evacuation
[2024-12-16T09:47:58.329+0700][gc,mmu      ] GC(263) MMU target violated: 21.0ms (20.0ms/21.0ms)
[2024-12-16T09:47:58.330+0700][gc,phases   ] GC(263)   Pre Evacuate Collection Set: 3.7ms
[2024-12-16T09:47:58.330+0700][gc,phases   ] GC(263)   Merge Heap Roots: 0.7ms
[2024-12-16T09:47:58.330+0700][gc,phases   ] GC(263)   Evacuate Collection Set: 37.5ms
[2024-12-16T09:47:58.330+0700][gc,phases   ] GC(263)   Post Evacuate Collection Set: 3.3ms
[2024-12-16T09:47:58.330+0700][gc,phases   ] GC(263)   Other: 1.5ms
[2024-12-16T09:47:58.330+0700][gc,heap     ] GC(263) Eden regions: 48->0(45)
[2024-12-16T09:47:58.330+0700][gc,heap     ] GC(263) Survivor regions: 3->6(7)
[2024-12-16T09:47:58.330+0700][gc,heap     ] GC(263) Old regions: 104->104
[2024-12-16T09:47:58.330+0700][gc,heap     ] GC(263) Archive regions: 2->2
[2024-12-16T09:47:58.330+0700][gc,heap     ] GC(263) Humongous regions: 129->129
[2024-12-16T09:47:58.330+0700][gc,metaspace] GC(263) Metaspace: 45107K(45632K)->45107K(45632K) NonClass: 39902K(40192K)->39902K(40192K) Class: 5205K(5440K)->5205K(5440K)
[2024-12-16T09:47:58.330+0700][gc          ] GC(263) Pause Young (Normal) (G1 Evacuation Pause) 284M->239M(1024M) 46.480ms
[2024-12-16T09:47:58.330+0700][gc,cpu      ] GC(263) User=0.08s Sys=0.00s Real=0.05s
[2024-12-16T09:49:26.443+0700][gc,start    ] GC(264) Pause Young (Normal) (G1 Evacuation Pause)
[2024-12-16T09:49:26.443+0700][gc,task     ] GC(264) Using 2 workers of 2 for evacuation
[2024-12-16T09:49:26.510+0700][gc,mmu      ] GC(264) MMU target violated: 21.0ms (20.0ms/21.0ms)
[2024-12-16T09:49:26.511+0700][gc,phases   ] GC(264)   Pre Evacuate Collection Set: 2.8ms
[2024-12-16T09:49:26.511+0700][gc,phases   ] GC(264)   Merge Heap Roots: 0.8ms
[2024-12-16T09:49:26.511+0700][gc,phases   ] GC(264)   Evacuate Collection Set: 60.0ms
[2024-12-16T09:49:26.511+0700][gc,phases   ] GC(264)   Post Evacuate Collection Set: 3.1ms
[2024-12-16T09:49:26.511+0700][gc,phases   ] GC(264)   Other: 1.2ms
[2024-12-16T09:49:26.511+0700][gc,heap     ] GC(264) Eden regions: 45->0(46)
[2024-12-16T09:49:26.511+0700][gc,heap     ] GC(264) Survivor regions: 6->5(7)
[2024-12-16T09:49:26.511+0700][gc,heap     ] GC(264) Old regions: 104->109
[2024-12-16T09:49:26.511+0700][gc,heap     ] GC(264) Archive regions: 2->2
[2024-12-16T09:49:26.511+0700][gc,heap     ] GC(264) Humongous regions: 129->129
[2024-12-16T09:49:26.511+0700][gc,metaspace] GC(264) Metaspace: 45107K(45632K)->45107K(45632K) NonClass: 39902K(40192K)->39902K(40192K) Class: 5205K(5440K)->5205K(5440K)
[2024-12-16T09:49:26.511+0700][gc          ] GC(264) Pause Young (Normal) (G1 Evacuation Pause) 284M->243M(1024M) 68.102ms
[2024-12-16T09:49:26.511+0700][gc,cpu      ] GC(264) User=0.13s Sys=0.00s Real=0.07s
[2024-12-16T09:50:56.152+0700][gc,start    ] GC(265) Pause Young (Normal) (G1 Evacuation Pause)
[2024-12-16T09:50:56.152+0700][gc,task     ] GC(265) Using 2 workers of 2 for evacuation
[2024-12-16T09:50:56.194+0700][gc,mmu      ] GC(265) MMU target violated: 21.0ms (20.0ms/21.0ms)
[2024-12-16T09:50:56.195+0700][gc,phases   ] GC(265)   Pre Evacuate Collection Set: 3.9ms
[2024-12-16T09:50:56.195+0700][gc,phases   ] GC(265)   Merge Heap Roots: 1.0ms
[2024-12-16T09:50:56.195+0700][gc,phases   ] GC(265)   Evacuate Collection Set: 34.3ms
[2024-12-16T09:50:56.195+0700][gc,phases   ] GC(265)   Post Evacuate Collection Set: 2.6ms
[2024-12-16T09:50:56.195+0700][gc,phases   ] GC(265)   Other: 1.4ms
[2024-12-16T09:50:56.195+0700][gc,heap     ] GC(265) Eden regions: 46->0(47)
[2024-12-16T09:50:56.195+0700][gc,heap     ] GC(265) Survivor regions: 5->4(7)
[2024-12-16T09:50:56.195+0700][gc,heap     ] GC(265) Old regions: 109->111
[2024-12-16T09:50:56.195+0700][gc,heap     ] GC(265) Archive regions: 2->2
[2024-12-16T09:50:56.195+0700][gc,heap     ] GC(265) Humongous regions: 129->129
[2024-12-16T09:50:56.195+0700][gc,metaspace] GC(265) Metaspace: 45108K(45632K)->45108K(45632K) NonClass: 39903K(40192K)->39903K(40192K) Class: 5205K(5440K)->5205K(5440K)
[2024-12-16T09:50:56.195+0700][gc          ] GC(265) Pause Young (Normal) (G1 Evacuation Pause) 289M->244M(1024M) 43.145ms
[2024-12-16T09:50:56.195+0700][gc,cpu      ] GC(265) User=0.07s Sys=0.01s Real=0.04s
[2024-12-16T09:52:27.388+0700][gc,start    ] GC(266) Pause Young (Normal) (G1 Evacuation Pause)
[2024-12-16T09:52:27.388+0700][gc,task     ] GC(266) Using 2 workers of 2 for evacuation
[2024-12-16T09:52:27.442+0700][gc,mmu      ] GC(266) MMU target violated: 21.0ms (20.0ms/21.0ms)
[2024-12-16T09:52:27.442+0700][gc,phases   ] GC(266)   Pre Evacuate Collection Set: 2.6ms
[2024-12-16T09:52:27.442+0700][gc,phases   ] GC(266)   Merge Heap Roots: 0.6ms
[2024-12-16T09:52:27.442+0700][gc,phases   ] GC(266)   Evacuate Collection Set: 43.7ms
[2024-12-16T09:52:27.442+0700][gc,phases   ] GC(266)   Post Evacuate Collection Set: 6.1ms
[2024-12-16T09:52:27.442+0700][gc,phases   ] GC(266)   Other: 1.3ms
[2024-12-16T09:52:27.442+0700][gc,heap     ] GC(266) Eden regions: 47->0(44)
[2024-12-16T09:52:27.442+0700][gc,heap     ] GC(266) Survivor regions: 4->7(7)
[2024-12-16T09:52:27.442+0700][gc,heap     ] GC(266) Old regions: 111->111
[2024-12-16T09:52:27.442+0700][gc,heap     ] GC(266) Archive regions: 2->2
[2024-12-16T09:52:27.442+0700][gc,heap     ] GC(266) Humongous regions: 129->129
[2024-12-16T09:52:27.442+0700][gc,metaspace] GC(266) Metaspace: 45108K(45632K)->45108K(45632K) NonClass: 39903K(40192K)->39903K(40192K) Class: 5205K(5440K)->5205K(5440K)
[2024-12-16T09:52:27.442+0700][gc          ] GC(266) Pause Young (Normal) (G1 Evacuation Pause) 291M->247M(1024M) 54.159ms
[2024-12-16T09:52:27.442+0700][gc,cpu      ] GC(266) User=0.10s Sys=0.00s Real=0.05s
[2024-12-16T09:53:52.388+0700][gc,start    ] GC(267) Pause Young (Normal) (G1 Evacuation Pause)
[2024-12-16T09:53:52.388+0700][gc,task     ] GC(267) Using 2 workers of 2 for evacuation
[2024-12-16T09:53:52.445+0700][gc,mmu      ] GC(267) MMU target violated: 21.0ms (20.0ms/21.0ms)
[2024-12-16T09:53:52.446+0700][gc,phases   ] GC(267)   Pre Evacuate Collection Set: 3.4ms
[2024-12-16T09:53:52.446+0700][gc,phases   ] GC(267)   Merge Heap Roots: 0.6ms
[2024-12-16T09:53:52.446+0700][gc,phases   ] GC(267)   Evacuate Collection Set: 48.8ms
[2024-12-16T09:53:52.446+0700][gc,phases   ] GC(267)   Post Evacuate Collection Set: 3.6ms
[2024-12-16T09:53:52.446+0700][gc,phases   ] GC(267)   Other: 1.3ms
[2024-12-16T09:53:52.446+0700][gc,heap     ] GC(267) Eden regions: 44->0(47)
[2024-12-16T09:53:52.446+0700][gc,heap     ] GC(267) Survivor regions: 7->4(7)
[2024-12-16T09:53:52.446+0700][gc,heap     ] GC(267) Old regions: 111->116
[2024-12-16T09:53:52.446+0700][gc,heap     ] GC(267) Archive regions: 2->2
[2024-12-16T09:53:52.446+0700][gc,heap     ] GC(267) Humongous regions: 129->129
[2024-12-16T09:53:52.446+0700][gc,metaspace] GC(267) Metaspace: 45108K(45632K)->45108K(45632K) NonClass: 39903K(40192K)->39903K(40192K) Class: 5205K(5440K)->5205K(5440K)
[2024-12-16T09:53:52.446+0700][gc          ] GC(267) Pause Young (Normal) (G1 Evacuation Pause) 291M->248M(1024M) 57.711ms
[2024-12-16T09:53:52.446+0700][gc,cpu      ] GC(267) User=0.10s Sys=0.00s Real=0.06s
[2024-12-16T09:55:23.135+0700][gc,start    ] GC(268) Pause Young (Normal) (G1 Evacuation Pause)
[2024-12-16T09:55:23.135+0700][gc,task     ] GC(268) Using 2 workers of 2 for evacuation
[2024-12-16T09:55:23.187+0700][gc,mmu      ] GC(268) MMU target violated: 21.0ms (20.0ms/21.0ms)
[2024-12-16T09:55:23.187+0700][gc,phases   ] GC(268)   Pre Evacuate Collection Set: 2.7ms
[2024-12-16T09:55:23.187+0700][gc,phases   ] GC(268)   Merge Heap Roots: 0.7ms
[2024-12-16T09:55:23.187+0700][gc,phases   ] GC(268)   Evacuate Collection Set: 44.5ms
[2024-12-16T09:55:23.187+0700][gc,phases   ] GC(268)   Post Evacuate Collection Set: 3.5ms
[2024-12-16T09:55:23.188+0700][gc,phases   ] GC(268)   Other: 1.3ms
[2024-12-16T09:55:23.188+0700][gc,heap     ] GC(268) Eden regions: 47->0(44)
[2024-12-16T09:55:23.188+0700][gc,heap     ] GC(268) Survivor regions: 4->7(7)
[2024-12-16T09:55:23.188+0700][gc,heap     ] GC(268) Old regions: 116->116
[2024-12-16T09:55:23.188+0700][gc,heap     ] GC(268) Archive regions: 2->2
[2024-12-16T09:55:23.188+0700][gc,heap     ] GC(268) Humongous regions: 129->129
[2024-12-16T09:55:23.188+0700][gc,metaspace] GC(268) Metaspace: 45108K(45632K)->45108K(45632K) NonClass: 39903K(40192K)->39903K(40192K) Class: 5205K(5440K)->5205K(5440K)
[2024-12-16T09:55:23.188+0700][gc          ] GC(268) Pause Young (Normal) (G1 Evacuation Pause) 295M->251M(1024M) 52.934ms
[2024-12-16T09:55:23.188+0700][gc,cpu      ] GC(268) User=0.09s Sys=0.00s Real=0.06s
[2024-12-16T09:56:49.071+0700][gc,start    ] GC(269) Pause Young (Normal) (G1 Evacuation Pause)
[2024-12-16T09:56:49.071+0700][gc,task     ] GC(269) Using 2 workers of 2 for evacuation
[2024-12-16T09:56:49.117+0700][gc,mmu      ] GC(269) MMU target violated: 21.0ms (20.0ms/21.0ms)
[2024-12-16T09:56:49.117+0700][gc,phases   ] GC(269)   Pre Evacuate Collection Set: 2.7ms
[2024-12-16T09:56:49.117+0700][gc,phases   ] GC(269)   Merge Heap Roots: 1.0ms
[2024-12-16T09:56:49.117+0700][gc,phases   ] GC(269)   Evacuate Collection Set: 38.9ms
[2024-12-16T09:56:49.117+0700][gc,phases   ] GC(269)   Post Evacuate Collection Set: 2.9ms
[2024-12-16T09:56:49.117+0700][gc,phases   ] GC(269)   Other: 1.2ms
[2024-12-16T09:56:49.117+0700][gc,heap     ] GC(269) Eden regions: 44->0(48)
[2024-12-16T09:56:49.117+0700][gc,heap     ] GC(269) Survivor regions: 7->3(7)
[2024-12-16T09:56:49.117+0700][gc,heap     ] GC(269) Old regions: 116->120
[2024-12-16T09:56:49.117+0700][gc,heap     ] GC(269) Archive regions: 2->2
[2024-12-16T09:56:49.117+0700][gc,heap     ] GC(269) Humongous regions: 129->129
[2024-12-16T09:56:49.117+0700][gc,metaspace] GC(269) Metaspace: 45108K(45632K)->45108K(45632K) NonClass: 39903K(40192K)->39903K(40192K) Class: 5205K(5440K)->5205K(5440K)
[2024-12-16T09:56:49.118+0700][gc          ] GC(269) Pause Young (Normal) (G1 Evacuation Pause) 295M->252M(1024M) 46.588ms
[2024-12-16T09:56:49.118+0700][gc,cpu      ] GC(269) User=0.08s Sys=0.00s Real=0.05s
[2024-12-16T09:58:21.457+0700][gc,start    ] GC(270) Pause Young (Normal) (G1 Evacuation Pause)
[2024-12-16T09:58:21.458+0700][gc,task     ] GC(270) Using 2 workers of 2 for evacuation
[2024-12-16T09:58:21.501+0700][gc,mmu      ] GC(270) MMU target violated: 21.0ms (20.0ms/21.0ms)
[2024-12-16T09:58:21.502+0700][gc,phases   ] GC(270)   Pre Evacuate Collection Set: 3.7ms
[2024-12-16T09:58:21.502+0700][gc,phases   ] GC(270)   Merge Heap Roots: 0.8ms
[2024-12-16T09:58:21.502+0700][gc,phases   ] GC(270)   Evacuate Collection Set: 36.4ms
[2024-12-16T09:58:21.502+0700][gc,phases   ] GC(270)   Post Evacuate Collection Set: 2.4ms
[2024-12-16T09:58:21.502+0700][gc,phases   ] GC(270)   Other: 1.1ms
[2024-12-16T09:58:21.502+0700][gc,heap     ] GC(270) Eden regions: 48->0(44)
[2024-12-16T09:58:21.502+0700][gc,heap     ] GC(270) Survivor regions: 3->7(7)
[2024-12-16T09:58:21.502+0700][gc,heap     ] GC(270) Old regions: 120->120
[2024-12-16T09:58:21.502+0700][gc,heap     ] GC(270) Archive regions: 2->2
[2024-12-16T09:58:21.502+0700][gc,heap     ] GC(270) Humongous regions: 129->129
[2024-12-16T09:58:21.502+0700][gc,metaspace] GC(270) Metaspace: 45110K(45632K)->45110K(45632K) NonClass: 39904K(40192K)->39904K(40192K) Class: 5205K(5440K)->5205K(5440K)
[2024-12-16T09:58:21.502+0700][gc          ] GC(270) Pause Young (Normal) (G1 Evacuation Pause) 300M->256M(1024M) 44.642ms
[2024-12-16T09:58:21.502+0700][gc,cpu      ] GC(270) User=0.08s Sys=0.00s Real=0.04s
[2024-12-16T09:59:46.358+0700][gc,start    ] GC(271) Pause Young (Normal) (G1 Evacuation Pause)
[2024-12-16T09:59:46.358+0700][gc,task     ] GC(271) Using 2 workers of 2 for evacuation
[2024-12-16T09:59:46.406+0700][gc,mmu      ] GC(271) MMU target violated: 21.0ms (20.0ms/21.0ms)
[2024-12-16T09:59:46.406+0700][gc,phases   ] GC(271)   Pre Evacuate Collection Set: 3.2ms
[2024-12-16T09:59:46.406+0700][gc,phases   ] GC(271)   Merge Heap Roots: 0.8ms
[2024-12-16T09:59:46.406+0700][gc,phases   ] GC(271)   Evacuate Collection Set: 40.5ms
[2024-12-16T09:59:46.406+0700][gc,phases   ] GC(271)   Post Evacuate Collection Set: 2.7ms
[2024-12-16T09:59:46.406+0700][gc,phases   ] GC(271)   Other: 1.2ms
[2024-12-16T09:59:46.406+0700][gc,heap     ] GC(271) Eden regions: 44->0(48)
[2024-12-16T09:59:46.406+0700][gc,heap     ] GC(271) Survivor regions: 7->3(7)
[2024-12-16T09:59:46.406+0700][gc,heap     ] GC(271) Old regions: 120->125
[2024-12-16T09:59:46.406+0700][gc,heap     ] GC(271) Archive regions: 2->2
[2024-12-16T09:59:46.406+0700][gc,heap     ] GC(271) Humongous regions: 129->129
[2024-12-16T09:59:46.406+0700][gc,metaspace] GC(271) Metaspace: 45110K(45632K)->45110K(45632K) NonClass: 39904K(40192K)->39904K(40192K) Class: 5205K(5440K)->5205K(5440K)
[2024-12-16T09:59:46.407+0700][gc          ] GC(271) Pause Young (Normal) (G1 Evacuation Pause) 300M->257M(1024M) 48.565ms
[2024-12-16T09:59:46.407+0700][gc,cpu      ] GC(271) User=0.09s Sys=0.00s Real=0.05s
[2024-12-16T10:01:19.473+0700][gc,start    ] GC(272) Pause Young (Normal) (G1 Evacuation Pause)
[2024-12-16T10:01:19.473+0700][gc,task     ] GC(272) Using 2 workers of 2 for evacuation
[2024-12-16T10:01:19.522+0700][gc,mmu      ] GC(272) MMU target violated: 21.0ms (20.0ms/21.0ms)
[2024-12-16T10:01:19.522+0700][gc,phases   ] GC(272)   Pre Evacuate Collection Set: 3.3ms
[2024-12-16T10:01:19.522+0700][gc,phases   ] GC(272)   Merge Heap Roots: 0.8ms
[2024-12-16T10:01:19.522+0700][gc,phases   ] GC(272)   Evacuate Collection Set: 41.8ms
[2024-12-16T10:01:19.522+0700][gc,phases   ] GC(272)   Post Evacuate Collection Set: 2.5ms
[2024-12-16T10:01:19.522+0700][gc,phases   ] GC(272)   Other: 1.4ms
[2024-12-16T10:01:19.522+0700][gc,heap     ] GC(272) Eden regions: 48->0(45)
[2024-12-16T10:01:19.522+0700][gc,heap     ] GC(272) Survivor regions: 3->6(7)
[2024-12-16T10:01:19.522+0700][gc,heap     ] GC(272) Old regions: 125->125
[2024-12-16T10:01:19.522+0700][gc,heap     ] GC(272) Archive regions: 2->2
[2024-12-16T10:01:19.522+0700][gc,heap     ] GC(272) Humongous regions: 129->129
[2024-12-16T10:01:19.522+0700][gc,metaspace] GC(272) Metaspace: 45110K(45632K)->45110K(45632K) NonClass: 39904K(40192K)->39904K(40192K) Class: 5205K(5440K)->5205K(5440K)
[2024-12-16T10:01:19.522+0700][gc          ] GC(272) Pause Young (Normal) (G1 Evacuation Pause) 305M->260M(1024M) 49.679ms
[2024-12-16T10:01:19.522+0700][gc,cpu      ] GC(272) User=0.10s Sys=0.00s Real=0.05s
[2024-12-16T10:02:46.818+0700][gc,start    ] GC(273) Pause Young (Normal) (G1 Evacuation Pause)
[2024-12-16T10:02:46.818+0700][gc,task     ] GC(273) Using 2 workers of 2 for evacuation
[2024-12-16T10:02:46.886+0700][gc,mmu      ] GC(273) MMU target violated: 21.0ms (20.0ms/21.0ms)
[2024-12-16T10:02:46.886+0700][gc,phases   ] GC(273)   Pre Evacuate Collection Set: 7.5ms
[2024-12-16T10:02:46.886+0700][gc,phases   ] GC(273)   Merge Heap Roots: 0.7ms
[2024-12-16T10:02:46.886+0700][gc,phases   ] GC(273)   Evacuate Collection Set: 56.8ms
[2024-12-16T10:02:46.886+0700][gc,phases   ] GC(273)   Post Evacuate Collection Set: 2.3ms
[2024-12-16T10:02:46.886+0700][gc,phases   ] GC(273)   Other: 1.4ms
[2024-12-16T10:02:46.886+0700][gc,heap     ] GC(273) Eden regions: 45->0(46)
[2024-12-16T10:02:46.886+0700][gc,heap     ] GC(273) Survivor regions: 6->5(7)
[2024-12-16T10:02:46.886+0700][gc,heap     ] GC(273) Old regions: 125->129
[2024-12-16T10:02:46.886+0700][gc,heap     ] GC(273) Archive regions: 2->2
[2024-12-16T10:02:46.886+0700][gc,heap     ] GC(273) Humongous regions: 129->129
[2024-12-16T10:02:46.886+0700][gc,metaspace] GC(273) Metaspace: 45110K(45632K)->45110K(45632K) NonClass: 39904K(40192K)->39904K(40192K) Class: 5205K(5440K)->5205K(5440K)
[2024-12-16T10:02:46.886+0700][gc          ] GC(273) Pause Young (Normal) (G1 Evacuation Pause) 305M->263M(1024M) 68.684ms
[2024-12-16T10:02:46.886+0700][gc,cpu      ] GC(273) User=0.13s Sys=0.00s Real=0.07s
[2024-12-16T10:04:14.743+0700][gc,start    ] GC(274) Pause Young (Normal) (G1 Evacuation Pause)
[2024-12-16T10:04:14.743+0700][gc,task     ] GC(274) Using 2 workers of 2 for evacuation
[2024-12-16T10:04:14.790+0700][gc,mmu      ] GC(274) MMU target violated: 21.0ms (20.0ms/21.0ms)
[2024-12-16T10:04:14.791+0700][gc,phases   ] GC(274)   Pre Evacuate Collection Set: 3.4ms
[2024-12-16T10:04:14.791+0700][gc,phases   ] GC(274)   Merge Heap Roots: 0.8ms
[2024-12-16T10:04:14.791+0700][gc,phases   ] GC(274)   Evacuate Collection Set: 38.8ms
[2024-12-16T10:04:14.791+0700][gc,phases   ] GC(274)   Post Evacuate Collection Set: 3.3ms
[2024-12-16T10:04:14.791+0700][gc,phases   ] GC(274)   Other: 2.0ms
[2024-12-16T10:04:14.791+0700][gc,heap     ] GC(274) Eden regions: 46->0(47)
[2024-12-16T10:04:14.791+0700][gc,heap     ] GC(274) Survivor regions: 5->4(7)
[2024-12-16T10:04:14.791+0700][gc,heap     ] GC(274) Old regions: 129->131
[2024-12-16T10:04:14.791+0700][gc,heap     ] GC(274) Archive regions: 2->2
[2024-12-16T10:04:14.791+0700][gc,heap     ] GC(274) Humongous regions: 129->129
[2024-12-16T10:04:14.791+0700][gc,metaspace] GC(274) Metaspace: 45110K(45632K)->45110K(45632K) NonClass: 39904K(40192K)->39904K(40192K) Class: 5205K(5440K)->5205K(5440K)
[2024-12-16T10:04:14.791+0700][gc          ] GC(274) Pause Young (Normal) (G1 Evacuation Pause) 309M->264M(1024M) 48.120ms
[2024-12-16T10:04:14.791+0700][gc,cpu      ] GC(274) User=0.09s Sys=0.00s Real=0.05s
[2024-12-16T10:05:45.398+0700][gc,start    ] GC(275) Pause Young (Normal) (G1 Evacuation Pause)
[2024-12-16T10:05:45.399+0700][gc,task     ] GC(275) Using 2 workers of 2 for evacuation
[2024-12-16T10:05:45.446+0700][gc,mmu      ] GC(275) MMU target violated: 21.0ms (20.0ms/21.0ms)
[2024-12-16T10:05:45.446+0700][gc,phases   ] GC(275)   Pre Evacuate Collection Set: 2.7ms
[2024-12-16T10:05:45.446+0700][gc,phases   ] GC(275)   Merge Heap Roots: 1.5ms
[2024-12-16T10:05:45.447+0700][gc,phases   ] GC(275)   Evacuate Collection Set: 40.1ms
[2024-12-16T10:05:45.447+0700][gc,phases   ] GC(275)   Post Evacuate Collection Set: 2.9ms
[2024-12-16T10:05:45.447+0700][gc,phases   ] GC(275)   Other: 1.5ms
[2024-12-16T10:05:45.447+0700][gc,heap     ] GC(275) Eden regions: 47->0(44)
[2024-12-16T10:05:45.447+0700][gc,heap     ] GC(275) Survivor regions: 4->7(7)
[2024-12-16T10:05:45.447+0700][gc,heap     ] GC(275) Old regions: 131->131
[2024-12-16T10:05:45.447+0700][gc,heap     ] GC(275) Archive regions: 2->2
[2024-12-16T10:05:45.447+0700][gc,heap     ] GC(275) Humongous regions: 129->129
[2024-12-16T10:05:45.447+0700][gc,metaspace] GC(275) Metaspace: 45110K(45632K)->45110K(45632K) NonClass: 39904K(40192K)->39904K(40192K) Class: 5205K(5440K)->5205K(5440K)
[2024-12-16T10:05:45.447+0700][gc          ] GC(275) Pause Young (Normal) (G1 Evacuation Pause) 311M->267M(1024M) 48.704ms
[2024-12-16T10:05:45.447+0700][gc,cpu      ] GC(275) User=0.09s Sys=0.00s Real=0.05s
[2024-12-16T10:07:09.165+0700][gc,start    ] GC(276) Pause Young (Normal) (G1 Evacuation Pause)
[2024-12-16T10:07:09.165+0700][gc,task     ] GC(276) Using 2 workers of 2 for evacuation
[2024-12-16T10:07:09.216+0700][gc,mmu      ] GC(276) MMU target violated: 21.0ms (20.0ms/21.0ms)
[2024-12-16T10:07:09.216+0700][gc,phases   ] GC(276)   Pre Evacuate Collection Set: 4.2ms
[2024-12-16T10:07:09.216+0700][gc,phases   ] GC(276)   Merge Heap Roots: 1.0ms
[2024-12-16T10:07:09.216+0700][gc,phases   ] GC(276)   Evacuate Collection Set: 43.6ms
[2024-12-16T10:07:09.216+0700][gc,phases   ] GC(276)   Post Evacuate Collection Set: 2.2ms
[2024-12-16T10:07:09.216+0700][gc,phases   ] GC(276)   Other: 1.1ms
[2024-12-16T10:07:09.217+0700][gc,heap     ] GC(276) Eden regions: 44->0(48)
[2024-12-16T10:07:09.217+0700][gc,heap     ] GC(276) Survivor regions: 7->3(7)
[2024-12-16T10:07:09.217+0700][gc,heap     ] GC(276) Old regions: 131->136
[2024-12-16T10:07:09.217+0700][gc,heap     ] GC(276) Archive regions: 2->2
[2024-12-16T10:07:09.217+0700][gc,heap     ] GC(276) Humongous regions: 129->129
[2024-12-16T10:07:09.217+0700][gc,metaspace] GC(276) Metaspace: 45110K(45632K)->45110K(45632K) NonClass: 39904K(40192K)->39904K(40192K) Class: 5205K(5440K)->5205K(5440K)
[2024-12-16T10:07:09.217+0700][gc          ] GC(276) Pause Young (Normal) (G1 Evacuation Pause) 311M->268M(1024M) 52.089ms
[2024-12-16T10:07:09.217+0700][gc,cpu      ] GC(276) User=0.10s Sys=0.00s Real=0.05s
[2024-12-16T10:08:35.781+0700][gc,start    ] GC(277) Pause Young (Normal) (G1 Evacuation Pause)
[2024-12-16T10:08:35.781+0700][gc,task     ] GC(277) Using 2 workers of 2 for evacuation
[2024-12-16T10:08:35.834+0700][gc,mmu      ] GC(277) MMU target violated: 21.0ms (20.0ms/21.0ms)
[2024-12-16T10:08:35.834+0700][gc,phases   ] GC(277)   Pre Evacuate Collection Set: 2.3ms
[2024-12-16T10:08:35.834+0700][gc,phases   ] GC(277)   Merge Heap Roots: 0.6ms
[2024-12-16T10:08:35.834+0700][gc,phases   ] GC(277)   Evacuate Collection Set: 47.2ms
[2024-12-16T10:08:35.834+0700][gc,phases   ] GC(277)   Post Evacuate Collection Set: 2.4ms
[2024-12-16T10:08:35.834+0700][gc,phases   ] GC(277)   Other: 1.2ms
[2024-12-16T10:08:35.834+0700][gc,heap     ] GC(277) Eden regions: 48->0(44)
[2024-12-16T10:08:35.834+0700][gc,heap     ] GC(277) Survivor regions: 3->7(7)
[2024-12-16T10:08:35.834+0700][gc,heap     ] GC(277) Old regions: 136->137
[2024-12-16T10:08:35.834+0700][gc,heap     ] GC(277) Archive regions: 2->2
[2024-12-16T10:08:35.834+0700][gc,heap     ] GC(277) Humongous regions: 129->129
[2024-12-16T10:08:35.835+0700][gc,metaspace] GC(277) Metaspace: 45110K(45632K)->45110K(45632K) NonClass: 39904K(40192K)->39904K(40192K) Class: 5205K(5440K)->5205K(5440K)
[2024-12-16T10:08:35.835+0700][gc          ] GC(277) Pause Young (Normal) (G1 Evacuation Pause) 316M->273M(1024M) 53.757ms
[2024-12-16T10:08:35.835+0700][gc,cpu      ] GC(277) User=0.10s Sys=0.00s Real=0.05s
[2024-12-16T10:09:54.963+0700][gc,start    ] GC(278) Pause Young (Normal) (G1 Evacuation Pause)
[2024-12-16T10:09:54.963+0700][gc,task     ] GC(278) Using 2 workers of 2 for evacuation
[2024-12-16T10:09:55.041+0700][gc,mmu      ] GC(278) MMU target violated: 21.0ms (20.0ms/21.0ms)
[2024-12-16T10:09:55.041+0700][gc,phases   ] GC(278)   Pre Evacuate Collection Set: 2.6ms
[2024-12-16T10:09:55.041+0700][gc,phases   ] GC(278)   Merge Heap Roots: 1.2ms
[2024-12-16T10:09:55.041+0700][gc,phases   ] GC(278)   Evacuate Collection Set: 69.4ms
[2024-12-16T10:09:55.041+0700][gc,phases   ] GC(278)   Post Evacuate Collection Set: 3.9ms
[2024-12-16T10:09:55.041+0700][gc,phases   ] GC(278)   Other: 1.4ms
[2024-12-16T10:09:55.041+0700][gc,heap     ] GC(278) Eden regions: 44->0(45)
[2024-12-16T10:09:55.041+0700][gc,heap     ] GC(278) Survivor regions: 7->6(7)
[2024-12-16T10:09:55.041+0700][gc,heap     ] GC(278) Old regions: 137->142
[2024-12-16T10:09:55.041+0700][gc,heap     ] GC(278) Archive regions: 2->2
[2024-12-16T10:09:55.041+0700][gc,heap     ] GC(278) Humongous regions: 129->129
[2024-12-16T10:09:55.041+0700][gc,metaspace] GC(278) Metaspace: 45110K(45632K)->45110K(45632K) NonClass: 39904K(40192K)->39904K(40192K) Class: 5205K(5440K)->5205K(5440K)
[2024-12-16T10:09:55.041+0700][gc          ] GC(278) Pause Young (Normal) (G1 Evacuation Pause) 317M->277M(1024M) 78.641ms
[2024-12-16T10:09:55.042+0700][gc,cpu      ] GC(278) User=0.15s Sys=0.00s Real=0.08s
[2024-12-16T10:11:21.224+0700][gc,start    ] GC(279) Pause Young (Normal) (G1 Evacuation Pause)
[2024-12-16T10:11:21.225+0700][gc,task     ] GC(279) Using 2 workers of 2 for evacuation
[2024-12-16T10:11:21.270+0700][gc,mmu      ] GC(279) MMU target violated: 21.0ms (20.0ms/21.0ms)
[2024-12-16T10:11:21.270+0700][gc,phases   ] GC(279)   Pre Evacuate Collection Set: 3.7ms
[2024-12-16T10:11:21.270+0700][gc,phases   ] GC(279)   Merge Heap Roots: 1.4ms
[2024-12-16T10:11:21.270+0700][gc,phases   ] GC(279)   Evacuate Collection Set: 37.0ms
[2024-12-16T10:11:21.270+0700][gc,phases   ] GC(279)   Post Evacuate Collection Set: 3.0ms
[2024-12-16T10:11:21.270+0700][gc,phases   ] GC(279)   Other: 1.2ms
[2024-12-16T10:11:21.270+0700][gc,heap     ] GC(279) Eden regions: 45->0(47)
[2024-12-16T10:11:21.270+0700][gc,heap     ] GC(279) Survivor regions: 6->4(7)
[2024-12-16T10:11:21.270+0700][gc,heap     ] GC(279) Old regions: 142->145
[2024-12-16T10:11:21.270+0700][gc,heap     ] GC(279) Archive regions: 2->2
[2024-12-16T10:11:21.270+0700][gc,heap     ] GC(279) Humongous regions: 129->129
[2024-12-16T10:11:21.271+0700][gc,metaspace] GC(279) Metaspace: 45110K(45632K)->45110K(45632K) NonClass: 39904K(40192K)->39904K(40192K) Class: 5205K(5440K)->5205K(5440K)
[2024-12-16T10:11:21.271+0700][gc          ] GC(279) Pause Young (Normal) (G1 Evacuation Pause) 322M->278M(1024M) 46.220ms
[2024-12-16T10:11:21.271+0700][gc,cpu      ] GC(279) User=0.09s Sys=0.00s Real=0.04s
[2024-12-16T10:12:50.979+0700][gc,start    ] GC(280) Pause Young (Normal) (G1 Evacuation Pause)
[2024-12-16T10:12:50.979+0700][gc,task     ] GC(280) Using 2 workers of 2 for evacuation
[2024-12-16T10:12:51.027+0700][gc,mmu      ] GC(280) MMU target violated: 21.0ms (20.0ms/21.0ms)
[2024-12-16T10:12:51.027+0700][gc,phases   ] GC(280)   Pre Evacuate Collection Set: 2.4ms
[2024-12-16T10:12:51.027+0700][gc,phases   ] GC(280)   Merge Heap Roots: 0.9ms
[2024-12-16T10:12:51.027+0700][gc,phases   ] GC(280)   Evacuate Collection Set: 41.4ms
[2024-12-16T10:12:51.027+0700][gc,phases   ] GC(280)   Post Evacuate Collection Set: 2.5ms
[2024-12-16T10:12:51.027+0700][gc,phases   ] GC(280)   Other: 1.2ms
[2024-12-16T10:12:51.027+0700][gc,heap     ] GC(280) Eden regions: 47->0(44)
[2024-12-16T10:12:51.027+0700][gc,heap     ] GC(280) Survivor regions: 4->7(7)
[2024-12-16T10:12:51.027+0700][gc,heap     ] GC(280) Old regions: 145->145
[2024-12-16T10:12:51.027+0700][gc,heap     ] GC(280) Archive regions: 2->2
[2024-12-16T10:12:51.027+0700][gc,heap     ] GC(280) Humongous regions: 129->129
[2024-12-16T10:12:51.027+0700][gc,metaspace] GC(280) Metaspace: 45110K(45632K)->45110K(45632K) NonClass: 39904K(40192K)->39904K(40192K) Class: 5205K(5440K)->5205K(5440K)
[2024-12-16T10:12:51.027+0700][gc          ] GC(280) Pause Young (Normal) (G1 Evacuation Pause) 325M->281M(1024M) 48.479ms
[2024-12-16T10:12:51.028+0700][gc,cpu      ] GC(280) User=0.10s Sys=0.00s Real=0.05s
[2024-12-16T10:14:15.136+0700][gc,start    ] GC(281) Pause Young (Normal) (G1 Evacuation Pause)
[2024-12-16T10:14:15.136+0700][gc,task     ] GC(281) Using 2 workers of 2 for evacuation
[2024-12-16T10:14:15.182+0700][gc,mmu      ] GC(281) MMU target violated: 21.0ms (20.0ms/21.0ms)
[2024-12-16T10:14:15.182+0700][gc,phases   ] GC(281)   Pre Evacuate Collection Set: 2.5ms
[2024-12-16T10:14:15.182+0700][gc,phases   ] GC(281)   Merge Heap Roots: 0.8ms
[2024-12-16T10:14:15.182+0700][gc,phases   ] GC(281)   Evacuate Collection Set: 39.3ms
[2024-12-16T10:14:15.182+0700][gc,phases   ] GC(281)   Post Evacuate Collection Set: 2.7ms
[2024-12-16T10:14:15.182+0700][gc,phases   ] GC(281)   Other: 1.3ms
[2024-12-16T10:14:15.183+0700][gc,heap     ] GC(281) Eden regions: 44->0(48)
[2024-12-16T10:14:15.183+0700][gc,heap     ] GC(281) Survivor regions: 7->3(7)
[2024-12-16T10:14:15.183+0700][gc,heap     ] GC(281) Old regions: 145->150
[2024-12-16T10:14:15.183+0700][gc,heap     ] GC(281) Archive regions: 2->2
[2024-12-16T10:14:15.183+0700][gc,heap     ] GC(281) Humongous regions: 129->129
[2024-12-16T10:14:15.183+0700][gc,metaspace] GC(281) Metaspace: 45110K(45632K)->45110K(45632K) NonClass: 39904K(40192K)->39904K(40192K) Class: 5205K(5440K)->5205K(5440K)
[2024-12-16T10:14:15.183+0700][gc          ] GC(281) Pause Young (Normal) (G1 Evacuation Pause) 325M->282M(1024M) 46.626ms
[2024-12-16T10:14:15.183+0700][gc,cpu      ] GC(281) User=0.08s Sys=0.01s Real=0.04s
[2024-12-16T10:15:47.324+0700][gc,start    ] GC(282) Pause Young (Normal) (G1 Evacuation Pause)
[2024-12-16T10:15:47.325+0700][gc,task     ] GC(282) Using 2 workers of 2 for evacuation
[2024-12-16T10:15:47.358+0700][gc,mmu      ] GC(282) MMU target violated: 21.0ms (20.0ms/21.0ms)
[2024-12-16T10:15:47.358+0700][gc,phases   ] GC(282)   Pre Evacuate Collection Set: 3.2ms
[2024-12-16T10:15:47.358+0700][gc,phases   ] GC(282)   Merge Heap Roots: 0.4ms
[2024-12-16T10:15:47.358+0700][gc,phases   ] GC(282)   Evacuate Collection Set: 28.4ms
[2024-12-16T10:15:47.358+0700][gc,phases   ] GC(282)   Post Evacuate Collection Set: 1.5ms
[2024-12-16T10:15:47.358+0700][gc,phases   ] GC(282)   Other: 0.6ms
[2024-12-16T10:15:47.359+0700][gc,heap     ] GC(282) Eden regions: 48->0(44)
[2024-12-16T10:15:47.359+0700][gc,heap     ] GC(282) Survivor regions: 3->7(7)
[2024-12-16T10:15:47.359+0700][gc,heap     ] GC(282) Old regions: 150->150
[2024-12-16T10:15:47.359+0700][gc,heap     ] GC(282) Archive regions: 2->2
[2024-12-16T10:15:47.359+0700][gc,heap     ] GC(282) Humongous regions: 129->129
[2024-12-16T10:15:47.359+0700][gc,metaspace] GC(282) Metaspace: 45110K(45632K)->45110K(45632K) NonClass: 39904K(40192K)->39904K(40192K) Class: 5205K(5440K)->5205K(5440K)
[2024-12-16T10:15:47.359+0700][gc          ] GC(282) Pause Young (Normal) (G1 Evacuation Pause) 330M->285M(1024M) 34.234ms
[2024-12-16T10:15:47.359+0700][gc,cpu      ] GC(282) User=0.06s Sys=0.00s Real=0.03s
[2024-12-16T10:17:10.916+0700][gc,start    ] GC(283) Pause Young (Normal) (G1 Evacuation Pause)
[2024-12-16T10:17:10.916+0700][gc,task     ] GC(283) Using 2 workers of 2 for evacuation
[2024-12-16T10:17:10.963+0700][gc,mmu      ] GC(283) MMU target violated: 21.0ms (20.0ms/21.0ms)
[2024-12-16T10:17:10.963+0700][gc,phases   ] GC(283)   Pre Evacuate Collection Set: 2.5ms
[2024-12-16T10:17:10.963+0700][gc,phases   ] GC(283)   Merge Heap Roots: 0.6ms
[2024-12-16T10:17:10.963+0700][gc,phases   ] GC(283)   Evacuate Collection Set: 38.7ms
[2024-12-16T10:17:10.963+0700][gc,phases   ] GC(283)   Post Evacuate Collection Set: 4.2ms
[2024-12-16T10:17:10.963+0700][gc,phases   ] GC(283)   Other: 1.4ms
[2024-12-16T10:17:10.963+0700][gc,heap     ] GC(283) Eden regions: 44->0(48)
[2024-12-16T10:17:10.963+0700][gc,heap     ] GC(283) Survivor regions: 7->3(7)
[2024-12-16T10:17:10.963+0700][gc,heap     ] GC(283) Old regions: 150->154
[2024-12-16T10:17:10.963+0700][gc,heap     ] GC(283) Archive regions: 2->2
[2024-12-16T10:17:10.963+0700][gc,heap     ] GC(283) Humongous regions: 129->129
[2024-12-16T10:17:10.963+0700][gc,metaspace] GC(283) Metaspace: 45110K(45632K)->45110K(45632K) NonClass: 39904K(40192K)->39904K(40192K) Class: 5205K(5440K)->5205K(5440K)
[2024-12-16T10:17:10.963+0700][gc          ] GC(283) Pause Young (Normal) (G1 Evacuation Pause) 329M->286M(1024M) 47.466ms
[2024-12-16T10:17:10.963+0700][gc,cpu      ] GC(283) User=0.09s Sys=0.00s Real=0.05s
[2024-12-16T10:18:43.093+0700][gc,start    ] GC(284) Pause Young (Normal) (G1 Evacuation Pause)
[2024-12-16T10:18:43.093+0700][gc,task     ] GC(284) Using 2 workers of 2 for evacuation
[2024-12-16T10:18:43.143+0700][gc,mmu      ] GC(284) MMU target violated: 21.0ms (20.0ms/21.0ms)
[2024-12-16T10:18:43.143+0700][gc,phases   ] GC(284)   Pre Evacuate Collection Set: 4.2ms
[2024-12-16T10:18:43.143+0700][gc,phases   ] GC(284)   Merge Heap Roots: 0.8ms
[2024-12-16T10:18:43.143+0700][gc,phases   ] GC(284)   Evacuate Collection Set: 41.4ms
[2024-12-16T10:18:43.144+0700][gc,phases   ] GC(284)   Post Evacuate Collection Set: 3.1ms
[2024-12-16T10:18:43.144+0700][gc,phases   ] GC(284)   Other: 1.4ms
[2024-12-16T10:18:43.144+0700][gc,heap     ] GC(284) Eden regions: 48->0(45)
[2024-12-16T10:18:43.144+0700][gc,heap     ] GC(284) Survivor regions: 3->6(7)
[2024-12-16T10:18:43.144+0700][gc,heap     ] GC(284) Old regions: 154->154
[2024-12-16T10:18:43.144+0700][gc,heap     ] GC(284) Archive regions: 2->2
[2024-12-16T10:18:43.144+0700][gc,heap     ] GC(284) Humongous regions: 129->129
[2024-12-16T10:18:43.144+0700][gc,metaspace] GC(284) Metaspace: 45110K(45632K)->45110K(45632K) NonClass: 39904K(40192K)->39904K(40192K) Class: 5205K(5440K)->5205K(5440K)
[2024-12-16T10:18:43.144+0700][gc          ] GC(284) Pause Young (Normal) (G1 Evacuation Pause) 334M->289M(1024M) 51.029ms
[2024-12-16T10:18:43.144+0700][gc,cpu      ] GC(284) User=0.10s Sys=0.00s Real=0.05s
[2024-12-16T10:20:08.730+0700][gc,start    ] GC(285) Pause Young (Normal) (G1 Evacuation Pause)
[2024-12-16T10:20:08.730+0700][gc,task     ] GC(285) Using 2 workers of 2 for evacuation
[2024-12-16T10:20:08.794+0700][gc,mmu      ] GC(285) MMU target violated: 21.0ms (20.0ms/21.0ms)
[2024-12-16T10:20:08.794+0700][gc,phases   ] GC(285)   Pre Evacuate Collection Set: 3.7ms
[2024-12-16T10:20:08.794+0700][gc,phases   ] GC(285)   Merge Heap Roots: 0.7ms
[2024-12-16T10:20:08.794+0700][gc,phases   ] GC(285)   Evacuate Collection Set: 55.4ms
[2024-12-16T10:20:08.794+0700][gc,phases   ] GC(285)   Post Evacuate Collection Set: 3.6ms
[2024-12-16T10:20:08.794+0700][gc,phases   ] GC(285)   Other: 1.1ms
[2024-12-16T10:20:08.794+0700][gc,heap     ] GC(285) Eden regions: 45->0(46)
[2024-12-16T10:20:08.794+0700][gc,heap     ] GC(285) Survivor regions: 6->5(7)
[2024-12-16T10:20:08.794+0700][gc,heap     ] GC(285) Old regions: 154->158
[2024-12-16T10:20:08.794+0700][gc,heap     ] GC(285) Archive regions: 2->2
[2024-12-16T10:20:08.794+0700][gc,heap     ] GC(285) Humongous regions: 129->129
[2024-12-16T10:20:08.794+0700][gc,metaspace] GC(285) Metaspace: 45110K(45632K)->45110K(45632K) NonClass: 39904K(40192K)->39904K(40192K) Class: 5205K(5440K)->5205K(5440K)
[2024-12-16T10:20:08.794+0700][gc          ] GC(285) Pause Young (Normal) (G1 Evacuation Pause) 334M->292M(1024M) 64.573ms
[2024-12-16T10:20:08.795+0700][gc,cpu      ] GC(285) User=0.13s Sys=0.00s Real=0.06s
[2024-12-16T10:21:36.694+0700][gc,start    ] GC(286) Pause Young (Normal) (G1 Evacuation Pause)
[2024-12-16T10:21:36.694+0700][gc,task     ] GC(286) Using 2 workers of 2 for evacuation
[2024-12-16T10:21:36.738+0700][gc,mmu      ] GC(286) MMU target violated: 21.0ms (20.0ms/21.0ms)
[2024-12-16T10:21:36.738+0700][gc,phases   ] GC(286)   Pre Evacuate Collection Set: 2.6ms
[2024-12-16T10:21:36.738+0700][gc,phases   ] GC(286)   Merge Heap Roots: 1.0ms
[2024-12-16T10:21:36.738+0700][gc,phases   ] GC(286)   Evacuate Collection Set: 35.9ms
[2024-12-16T10:21:36.738+0700][gc,phases   ] GC(286)   Post Evacuate Collection Set: 3.4ms
[2024-12-16T10:21:36.738+0700][gc,phases   ] GC(286)   Other: 1.1ms
[2024-12-16T10:21:36.738+0700][gc,heap     ] GC(286) Eden regions: 46->0(47)
[2024-12-16T10:21:36.738+0700][gc,heap     ] GC(286) Survivor regions: 5->4(7)
[2024-12-16T10:21:36.738+0700][gc,heap     ] GC(286) Old regions: 158->161
[2024-12-16T10:21:36.738+0700][gc,heap     ] GC(286) Archive regions: 2->2
[2024-12-16T10:21:36.738+0700][gc,heap     ] GC(286) Humongous regions: 129->129
[2024-12-16T10:21:36.738+0700][gc,metaspace] GC(286) Metaspace: 45110K(45632K)->45110K(45632K) NonClass: 39904K(40192K)->39904K(40192K) Class: 5205K(5440K)->5205K(5440K)
[2024-12-16T10:21:36.738+0700][gc          ] GC(286) Pause Young (Normal) (G1 Evacuation Pause) 338M->293M(1024M) 44.072ms
[2024-12-16T10:21:36.738+0700][gc,cpu      ] GC(286) User=0.08s Sys=0.00s Real=0.05s
[2024-12-16T10:23:06.750+0700][gc,start    ] GC(287) Pause Young (Normal) (G1 Evacuation Pause)
[2024-12-16T10:23:06.750+0700][gc,task     ] GC(287) Using 2 workers of 2 for evacuation
[2024-12-16T10:23:06.801+0700][gc,mmu      ] GC(287) MMU target violated: 21.0ms (20.0ms/21.0ms)
[2024-12-16T10:23:06.801+0700][gc,phases   ] GC(287)   Pre Evacuate Collection Set: 2.9ms
[2024-12-16T10:23:06.801+0700][gc,phases   ] GC(287)   Merge Heap Roots: 0.7ms
[2024-12-16T10:23:06.801+0700][gc,phases   ] GC(287)   Evacuate Collection Set: 42.7ms
[2024-12-16T10:23:06.801+0700][gc,phases   ] GC(287)   Post Evacuate Collection Set: 3.7ms
[2024-12-16T10:23:06.801+0700][gc,phases   ] GC(287)   Other: 1.4ms
[2024-12-16T10:23:06.801+0700][gc,heap     ] GC(287) Eden regions: 47->0(44)
[2024-12-16T10:23:06.801+0700][gc,heap     ] GC(287) Survivor regions: 4->7(7)
[2024-12-16T10:23:06.801+0700][gc,heap     ] GC(287) Old regions: 161->161
[2024-12-16T10:23:06.801+0700][gc,heap     ] GC(287) Archive regions: 2->2
[2024-12-16T10:23:06.801+0700][gc,heap     ] GC(287) Humongous regions: 129->129
[2024-12-16T10:23:06.801+0700][gc,metaspace] GC(287) Metaspace: 45110K(45632K)->45110K(45632K) NonClass: 39904K(40192K)->39904K(40192K) Class: 5205K(5440K)->5205K(5440K)
[2024-12-16T10:23:06.801+0700][gc          ] GC(287) Pause Young (Normal) (G1 Evacuation Pause) 340M->296M(1024M) 51.334ms
[2024-12-16T10:23:06.801+0700][gc,cpu      ] GC(287) User=0.09s Sys=0.00s Real=0.05s
[2024-12-16T10:24:30.943+0700][gc,start    ] GC(288) Pause Young (Normal) (G1 Evacuation Pause)
[2024-12-16T10:24:30.944+0700][gc,task     ] GC(288) Using 2 workers of 2 for evacuation
[2024-12-16T10:24:30.988+0700][gc,mmu      ] GC(288) MMU target violated: 21.0ms (20.0ms/21.0ms)
[2024-12-16T10:24:30.989+0700][gc,phases   ] GC(288)   Pre Evacuate Collection Set: 3.3ms
[2024-12-16T10:24:30.989+0700][gc,phases   ] GC(288)   Merge Heap Roots: 0.5ms
[2024-12-16T10:24:30.989+0700][gc,phases   ] GC(288)   Evacuate Collection Set: 37.1ms
[2024-12-16T10:24:30.989+0700][gc,phases   ] GC(288)   Post Evacuate Collection Set: 3.4ms
[2024-12-16T10:24:30.989+0700][gc,phases   ] GC(288)   Other: 1.3ms
[2024-12-16T10:24:30.989+0700][gc,heap     ] GC(288) Eden regions: 44->0(48)
[2024-12-16T10:24:30.989+0700][gc,heap     ] GC(288) Survivor regions: 7->3(7)
[2024-12-16T10:24:30.989+0700][gc,heap     ] GC(288) Old regions: 161->165
[2024-12-16T10:24:30.989+0700][gc,heap     ] GC(288) Archive regions: 2->2
[2024-12-16T10:24:30.989+0700][gc,heap     ] GC(288) Humongous regions: 129->129
[2024-12-16T10:24:30.989+0700][gc,metaspace] GC(288) Metaspace: 45111K(45632K)->45111K(45632K) NonClass: 39906K(40192K)->39906K(40192K) Class: 5205K(5440K)->5205K(5440K)
[2024-12-16T10:24:30.989+0700][gc          ] GC(288) Pause Young (Normal) (G1 Evacuation Pause) 340M->297M(1024M) 45.699ms
[2024-12-16T10:24:30.989+0700][gc,cpu      ] GC(288) User=0.08s Sys=0.00s Real=0.05s
[2024-12-16T10:26:02.073+0700][gc,start    ] GC(289) Pause Young (Normal) (G1 Evacuation Pause)
[2024-12-16T10:26:02.073+0700][gc,task     ] GC(289) Using 2 workers of 2 for evacuation
[2024-12-16T10:26:02.121+0700][gc,mmu      ] GC(289) MMU target violated: 21.0ms (20.0ms/21.0ms)
[2024-12-16T10:26:02.122+0700][gc,phases   ] GC(289)   Pre Evacuate Collection Set: 2.5ms
[2024-12-16T10:26:02.122+0700][gc,phases   ] GC(289)   Merge Heap Roots: 1.0ms
[2024-12-16T10:26:02.122+0700][gc,phases   ] GC(289)   Evacuate Collection Set: 41.4ms
[2024-12-16T10:26:02.122+0700][gc,phases   ] GC(289)   Post Evacuate Collection Set: 2.9ms
[2024-12-16T10:26:02.122+0700][gc,phases   ] GC(289)   Other: 1.2ms
[2024-12-16T10:26:02.122+0700][gc,heap     ] GC(289) Eden regions: 48->0(44)
[2024-12-16T10:26:02.122+0700][gc,heap     ] GC(289) Survivor regions: 3->7(7)
[2024-12-16T10:26:02.122+0700][gc,heap     ] GC(289) Old regions: 165->165
[2024-12-16T10:26:02.122+0700][gc,heap     ] GC(289) Archive regions: 2->2
[2024-12-16T10:26:02.122+0700][gc,heap     ] GC(289) Humongous regions: 129->129
[2024-12-16T10:26:02.122+0700][gc,metaspace] GC(289) Metaspace: 45111K(45632K)->45111K(45632K) NonClass: 39906K(40192K)->39906K(40192K) Class: 5205K(5440K)->5205K(5440K)
[2024-12-16T10:26:02.122+0700][gc          ] GC(289) Pause Young (Normal) (G1 Evacuation Pause) 345M->300M(1024M) 48.881ms
[2024-12-16T10:26:02.122+0700][gc,cpu      ] GC(289) User=0.09s Sys=0.00s Real=0.05s
[2024-12-16T10:27:26.314+0700][gc,start    ] GC(290) Pause Young (Normal) (G1 Evacuation Pause)
[2024-12-16T10:27:26.314+0700][gc,task     ] GC(290) Using 2 workers of 2 for evacuation
[2024-12-16T10:27:26.362+0700][gc,mmu      ] GC(290) MMU target violated: 21.0ms (20.0ms/21.0ms)
[2024-12-16T10:27:26.362+0700][gc,phases   ] GC(290)   Pre Evacuate Collection Set: 3.1ms
[2024-12-16T10:27:26.362+0700][gc,phases   ] GC(290)   Merge Heap Roots: 0.6ms
[2024-12-16T10:27:26.362+0700][gc,phases   ] GC(290)   Evacuate Collection Set: 40.7ms
[2024-12-16T10:27:26.362+0700][gc,phases   ] GC(290)   Post Evacuate Collection Set: 2.8ms
[2024-12-16T10:27:26.362+0700][gc,phases   ] GC(290)   Other: 1.4ms
[2024-12-16T10:27:26.362+0700][gc,heap     ] GC(290) Eden regions: 44->0(48)
[2024-12-16T10:27:26.362+0700][gc,heap     ] GC(290) Survivor regions: 7->3(7)
[2024-12-16T10:27:26.362+0700][gc,heap     ] GC(290) Old regions: 165->170
[2024-12-16T10:27:26.362+0700][gc,heap     ] GC(290) Archive regions: 2->2
[2024-12-16T10:27:26.362+0700][gc,heap     ] GC(290) Humongous regions: 129->129
[2024-12-16T10:27:26.362+0700][gc,metaspace] GC(290) Metaspace: 45111K(45632K)->45111K(45632K) NonClass: 39906K(40192K)->39906K(40192K) Class: 5205K(5440K)->5205K(5440K)
[2024-12-16T10:27:26.362+0700][gc          ] GC(290) Pause Young (Normal) (G1 Evacuation Pause) 344M->302M(1024M) 48.354ms
[2024-12-16T10:27:26.362+0700][gc,cpu      ] GC(290) User=0.09s Sys=0.00s Real=0.05s
[2024-12-16T10:28:58.915+0700][gc,start    ] GC(291) Pause Young (Normal) (G1 Evacuation Pause)
[2024-12-16T10:28:58.915+0700][gc,task     ] GC(291) Using 2 workers of 2 for evacuation
[2024-12-16T10:28:58.966+0700][gc,mmu      ] GC(291) MMU target violated: 21.0ms (20.0ms/21.0ms)
[2024-12-16T10:28:58.966+0700][gc,phases   ] GC(291)   Pre Evacuate Collection Set: 2.9ms
[2024-12-16T10:28:58.966+0700][gc,phases   ] GC(291)   Merge Heap Roots: 1.7ms
[2024-12-16T10:28:58.966+0700][gc,phases   ] GC(291)   Evacuate Collection Set: 42.2ms
[2024-12-16T10:28:58.966+0700][gc,phases   ] GC(291)   Post Evacuate Collection Set: 3.4ms
[2024-12-16T10:28:58.966+0700][gc,phases   ] GC(291)   Other: 1.2ms
[2024-12-16T10:28:58.966+0700][gc,heap     ] GC(291) Eden regions: 48->0(45)
[2024-12-16T10:28:58.966+0700][gc,heap     ] GC(291) Survivor regions: 3->6(7)
[2024-12-16T10:28:58.966+0700][gc,heap     ] GC(291) Old regions: 170->170
[2024-12-16T10:28:58.966+0700][gc,heap     ] GC(291) Archive regions: 2->2
[2024-12-16T10:28:58.966+0700][gc,heap     ] GC(291) Humongous regions: 129->129
[2024-12-16T10:28:58.966+0700][gc,metaspace] GC(291) Metaspace: 45112K(45632K)->45112K(45632K) NonClass: 39906K(40192K)->39906K(40192K) Class: 5205K(5440K)->5205K(5440K)
[2024-12-16T10:28:58.966+0700][gc          ] GC(291) Pause Young (Normal) (G1 Evacuation Pause) 350M->305M(1024M) 51.357ms
[2024-12-16T10:28:58.966+0700][gc,cpu      ] GC(291) User=0.09s Sys=0.00s Real=0.06s
[2024-12-16T10:30:24.703+0700][gc,start    ] GC(292) Pause Young (Normal) (G1 Evacuation Pause)
[2024-12-16T10:30:24.703+0700][gc,task     ] GC(292) Using 2 workers of 2 for evacuation
[2024-12-16T10:30:24.768+0700][gc,mmu      ] GC(292) MMU target violated: 21.0ms (20.0ms/21.0ms)
[2024-12-16T10:30:24.768+0700][gc,phases   ] GC(292)   Pre Evacuate Collection Set: 3.1ms
[2024-12-16T10:30:24.769+0700][gc,phases   ] GC(292)   Merge Heap Roots: 0.6ms
[2024-12-16T10:30:24.769+0700][gc,phases   ] GC(292)   Evacuate Collection Set: 56.2ms
[2024-12-16T10:30:24.769+0700][gc,phases   ] GC(292)   Post Evacuate Collection Set: 4.7ms
[2024-12-16T10:30:24.769+0700][gc,phases   ] GC(292)   Other: 1.5ms
[2024-12-16T10:30:24.769+0700][gc,heap     ] GC(292) Eden regions: 45->0(46)
[2024-12-16T10:30:24.769+0700][gc,heap     ] GC(292) Survivor regions: 6->5(7)
[2024-12-16T10:30:24.769+0700][gc,heap     ] GC(292) Old regions: 170->174
[2024-12-16T10:30:24.769+0700][gc,heap     ] GC(292) Archive regions: 2->2
[2024-12-16T10:30:24.769+0700][gc,heap     ] GC(292) Humongous regions: 129->129
[2024-12-16T10:30:24.769+0700][gc,metaspace] GC(292) Metaspace: 45116K(45632K)->45116K(45632K) NonClass: 39911K(40192K)->39911K(40192K) Class: 5205K(5440K)->5205K(5440K)
[2024-12-16T10:30:24.769+0700][gc          ] GC(292) Pause Young (Normal) (G1 Evacuation Pause) 350M->308M(1024M) 66.247ms
[2024-12-16T10:30:24.769+0700][gc,cpu      ] GC(292) User=0.12s Sys=0.00s Real=0.07s
[2024-12-16T10:31:52.653+0700][gc,start    ] GC(293) Pause Young (Normal) (G1 Evacuation Pause)
[2024-12-16T10:31:52.654+0700][gc,task     ] GC(293) Using 2 workers of 2 for evacuation
[2024-12-16T10:31:52.689+0700][gc,mmu      ] GC(293) MMU target violated: 21.0ms (20.0ms/21.0ms)
[2024-12-16T10:31:52.689+0700][gc,phases   ] GC(293)   Pre Evacuate Collection Set: 2.0ms
[2024-12-16T10:31:52.689+0700][gc,phases   ] GC(293)   Merge Heap Roots: 1.1ms
[2024-12-16T10:31:52.689+0700][gc,phases   ] GC(293)   Evacuate Collection Set: 30.0ms
[2024-12-16T10:31:52.689+0700][gc,phases   ] GC(293)   Post Evacuate Collection Set: 2.4ms
[2024-12-16T10:31:52.690+0700][gc,phases   ] GC(293)   Other: 0.8ms
[2024-12-16T10:31:52.690+0700][gc,heap     ] GC(293) Eden regions: 46->0(47)
[2024-12-16T10:31:52.690+0700][gc,heap     ] GC(293) Survivor regions: 5->4(7)
[2024-12-16T10:31:52.690+0700][gc,heap     ] GC(293) Old regions: 174->176
[2024-12-16T10:31:52.690+0700][gc,heap     ] GC(293) Archive regions: 2->2
[2024-12-16T10:31:52.690+0700][gc,heap     ] GC(293) Humongous regions: 129->129
[2024-12-16T10:31:52.690+0700][gc,metaspace] GC(293) Metaspace: 45116K(45632K)->45116K(45632K) NonClass: 39911K(40192K)->39911K(40192K) Class: 5205K(5440K)->5205K(5440K)
[2024-12-16T10:31:52.690+0700][gc          ] GC(293) Pause Young (Normal) (G1 Evacuation Pause) 354M->309M(1024M) 36.321ms
[2024-12-16T10:31:52.690+0700][gc,cpu      ] GC(293) User=0.07s Sys=0.00s Real=0.04s
[2024-12-16T10:33:22.967+0700][gc,start    ] GC(294) Pause Young (Normal) (G1 Evacuation Pause)
[2024-12-16T10:33:22.968+0700][gc,task     ] GC(294) Using 2 workers of 2 for evacuation
[2024-12-16T10:33:23.017+0700][gc,mmu      ] GC(294) MMU target violated: 21.0ms (20.0ms/21.0ms)
[2024-12-16T10:33:23.017+0700][gc,phases   ] GC(294)   Pre Evacuate Collection Set: 2.8ms
[2024-12-16T10:33:23.017+0700][gc,phases   ] GC(294)   Merge Heap Roots: 0.7ms
[2024-12-16T10:33:23.017+0700][gc,phases   ] GC(294)   Evacuate Collection Set: 43.0ms
[2024-12-16T10:33:23.017+0700][gc,phases   ] GC(294)   Post Evacuate Collection Set: 2.7ms
[2024-12-16T10:33:23.017+0700][gc,phases   ] GC(294)   Other: 1.2ms
[2024-12-16T10:33:23.017+0700][gc,heap     ] GC(294) Eden regions: 47->0(44)
[2024-12-16T10:33:23.017+0700][gc,heap     ] GC(294) Survivor regions: 4->7(7)
[2024-12-16T10:33:23.018+0700][gc,heap     ] GC(294) Old regions: 176->176
[2024-12-16T10:33:23.018+0700][gc,heap     ] GC(294) Archive regions: 2->2
[2024-12-16T10:33:23.018+0700][gc,heap     ] GC(294) Humongous regions: 129->129
[2024-12-16T10:33:23.018+0700][gc,metaspace] GC(294) Metaspace: 45116K(45632K)->45116K(45632K) NonClass: 39911K(40192K)->39911K(40192K) Class: 5205K(5440K)->5205K(5440K)
[2024-12-16T10:33:23.018+0700][gc          ] GC(294) Pause Young (Normal) (G1 Evacuation Pause) 356M->312M(1024M) 50.345ms
[2024-12-16T10:33:23.018+0700][gc,cpu      ] GC(294) User=0.10s Sys=0.00s Real=0.05s
[2024-12-16T10:34:45.878+0700][gc,start    ] GC(295) Pause Young (Normal) (G1 Evacuation Pause)
[2024-12-16T10:34:45.878+0700][gc,task     ] GC(295) Using 2 workers of 2 for evacuation
[2024-12-16T10:34:45.929+0700][gc,mmu      ] GC(295) MMU target violated: 21.0ms (20.0ms/21.0ms)
[2024-12-16T10:34:45.929+0700][gc,phases   ] GC(295)   Pre Evacuate Collection Set: 2.3ms
[2024-12-16T10:34:45.929+0700][gc,phases   ] GC(295)   Merge Heap Roots: 1.2ms
[2024-12-16T10:34:45.929+0700][gc,phases   ] GC(295)   Evacuate Collection Set: 43.4ms
[2024-12-16T10:34:45.929+0700][gc,phases   ] GC(295)   Post Evacuate Collection Set: 3.4ms
[2024-12-16T10:34:45.929+0700][gc,phases   ] GC(295)   Other: 1.5ms
[2024-12-16T10:34:45.929+0700][gc,heap     ] GC(295) Eden regions: 44->0(47)
[2024-12-16T10:34:45.930+0700][gc,heap     ] GC(295) Survivor regions: 7->4(7)
[2024-12-16T10:34:45.930+0700][gc,heap     ] GC(295) Old regions: 176->181
[2024-12-16T10:34:45.930+0700][gc,heap     ] GC(295) Archive regions: 2->2
[2024-12-16T10:34:45.930+0700][gc,heap     ] GC(295) Humongous regions: 129->129
[2024-12-16T10:34:45.930+0700][gc,metaspace] GC(295) Metaspace: 45116K(45632K)->45116K(45632K) NonClass: 39911K(40192K)->39911K(40192K) Class: 5205K(5440K)->5205K(5440K)
[2024-12-16T10:34:45.930+0700][gc          ] GC(295) Pause Young (Normal) (G1 Evacuation Pause) 356M->313M(1024M) 51.606ms
[2024-12-16T10:34:45.930+0700][gc,cpu      ] GC(295) User=0.09s Sys=0.00s Real=0.05s
[2024-12-16T10:36:16.098+0700][gc,start    ] GC(296) Pause Young (Normal) (G1 Evacuation Pause)
[2024-12-16T10:36:16.099+0700][gc,task     ] GC(296) Using 2 workers of 2 for evacuation
[2024-12-16T10:36:16.148+0700][gc,mmu      ] GC(296) MMU target violated: 21.0ms (20.0ms/21.0ms)
[2024-12-16T10:36:16.148+0700][gc,phases   ] GC(296)   Pre Evacuate Collection Set: 2.6ms
[2024-12-16T10:36:16.148+0700][gc,phases   ] GC(296)   Merge Heap Roots: 1.2ms
[2024-12-16T10:36:16.148+0700][gc,phases   ] GC(296)   Evacuate Collection Set: 42.0ms
[2024-12-16T10:36:16.148+0700][gc,phases   ] GC(296)   Post Evacuate Collection Set: 2.6ms
[2024-12-16T10:36:16.148+0700][gc,phases   ] GC(296)   Other: 1.2ms
[2024-12-16T10:36:16.148+0700][gc,heap     ] GC(296) Eden regions: 47->0(44)
[2024-12-16T10:36:16.148+0700][gc,heap     ] GC(296) Survivor regions: 4->7(7)
[2024-12-16T10:36:16.148+0700][gc,heap     ] GC(296) Old regions: 181->181
[2024-12-16T10:36:16.148+0700][gc,heap     ] GC(296) Archive regions: 2->2
[2024-12-16T10:36:16.148+0700][gc,heap     ] GC(296) Humongous regions: 129->129
[2024-12-16T10:36:16.148+0700][gc,metaspace] GC(296) Metaspace: 45116K(45632K)->45116K(45632K) NonClass: 39911K(40192K)->39911K(40192K) Class: 5205K(5440K)->5205K(5440K)
[2024-12-16T10:36:16.148+0700][gc          ] GC(296) Pause Young (Normal) (G1 Evacuation Pause) 360M->316M(1024M) 49.822ms
[2024-12-16T10:36:16.148+0700][gc,cpu      ] GC(296) User=0.09s Sys=0.00s Real=0.05s
[2024-12-16T10:37:39.853+0700][gc,start    ] GC(297) Pause Young (Normal) (G1 Evacuation Pause)
[2024-12-16T10:37:39.853+0700][gc,task     ] GC(297) Using 2 workers of 2 for evacuation
[2024-12-16T10:37:39.901+0700][gc,mmu      ] GC(297) MMU target violated: 21.0ms (20.0ms/21.0ms)
[2024-12-16T10:37:39.901+0700][gc,phases   ] GC(297)   Pre Evacuate Collection Set: 2.6ms
[2024-12-16T10:37:39.901+0700][gc,phases   ] GC(297)   Merge Heap Roots: 0.7ms
[2024-12-16T10:37:39.901+0700][gc,phases   ] GC(297)   Evacuate Collection Set: 41.9ms
[2024-12-16T10:37:39.901+0700][gc,phases   ] GC(297)   Post Evacuate Collection Set: 2.3ms
[2024-12-16T10:37:39.901+0700][gc,phases   ] GC(297)   Other: 1.1ms
[2024-12-16T10:37:39.901+0700][gc,heap     ] GC(297) Eden regions: 44->0(48)
[2024-12-16T10:37:39.901+0700][gc,heap     ] GC(297) Survivor regions: 7->3(7)
[2024-12-16T10:37:39.901+0700][gc,heap     ] GC(297) Old regions: 181->185
[2024-12-16T10:37:39.901+0700][gc,heap     ] GC(297) Archive regions: 2->2
[2024-12-16T10:37:39.901+0700][gc,heap     ] GC(297) Humongous regions: 129->129
[2024-12-16T10:37:39.901+0700][gc,metaspace] GC(297) Metaspace: 45116K(45632K)->45116K(45632K) NonClass: 39911K(40192K)->39911K(40192K) Class: 5205K(5440K)->5205K(5440K)
[2024-12-16T10:37:39.901+0700][gc          ] GC(297) Pause Young (Normal) (G1 Evacuation Pause) 360M->317M(1024M) 48.552ms
[2024-12-16T10:37:39.901+0700][gc,cpu      ] GC(297) User=0.09s Sys=0.01s Real=0.05s
[2024-12-16T10:39:05.901+0700][gc,start    ] GC(298) Pause Young (Normal) (G1 Evacuation Pause)
[2024-12-16T10:39:05.901+0700][gc,task     ] GC(298) Using 2 workers of 2 for evacuation
[2024-12-16T10:39:05.945+0700][gc,mmu      ] GC(298) MMU target violated: 21.0ms (20.0ms/21.0ms)
[2024-12-16T10:39:05.945+0700][gc,phases   ] GC(298)   Pre Evacuate Collection Set: 4.0ms
[2024-12-16T10:39:05.945+0700][gc,phases   ] GC(298)   Merge Heap Roots: 1.1ms
[2024-12-16T10:39:05.945+0700][gc,phases   ] GC(298)   Evacuate Collection Set: 35.9ms
[2024-12-16T10:39:05.945+0700][gc,phases   ] GC(298)   Post Evacuate Collection Set: 2.3ms
[2024-12-16T10:39:05.945+0700][gc,phases   ] GC(298)   Other: 1.1ms
[2024-12-16T10:39:05.945+0700][gc,heap     ] GC(298) Eden regions: 48->0(45)
[2024-12-16T10:39:05.945+0700][gc,heap     ] GC(298) Survivor regions: 3->6(7)
[2024-12-16T10:39:05.945+0700][gc,heap     ] GC(298) Old regions: 185->185
[2024-12-16T10:39:05.945+0700][gc,heap     ] GC(298) Archive regions: 2->2
[2024-12-16T10:39:05.945+0700][gc,heap     ] GC(298) Humongous regions: 129->129
[2024-12-16T10:39:05.945+0700][gc,metaspace] GC(298) Metaspace: 45151K(45696K)->45151K(45696K) NonClass: 39946K(40256K)->39946K(40256K) Class: 5205K(5440K)->5205K(5440K)
[2024-12-16T10:39:05.945+0700][gc          ] GC(298) Pause Young (Normal) (G1 Evacuation Pause) 365M->320M(1024M) 44.428ms
[2024-12-16T10:39:05.945+0700][gc,cpu      ] GC(298) User=0.08s Sys=0.00s Real=0.05s
[2024-12-16T10:40:32.046+0700][gc,start    ] GC(299) Pause Young (Normal) (G1 Evacuation Pause)
[2024-12-16T10:40:32.046+0700][gc,task     ] GC(299) Using 2 workers of 2 for evacuation
[2024-12-16T10:40:32.108+0700][gc,mmu      ] GC(299) MMU target violated: 21.0ms (20.0ms/21.0ms)
[2024-12-16T10:40:32.108+0700][gc,phases   ] GC(299)   Pre Evacuate Collection Set: 2.7ms
[2024-12-16T10:40:32.108+0700][gc,phases   ] GC(299)   Merge Heap Roots: 0.7ms
[2024-12-16T10:40:32.108+0700][gc,phases   ] GC(299)   Evacuate Collection Set: 54.6ms
[2024-12-16T10:40:32.108+0700][gc,phases   ] GC(299)   Post Evacuate Collection Set: 3.0ms
[2024-12-16T10:40:32.108+0700][gc,phases   ] GC(299)   Other: 1.4ms
[2024-12-16T10:40:32.108+0700][gc,heap     ] GC(299) Eden regions: 45->0(44)
[2024-12-16T10:40:32.108+0700][gc,heap     ] GC(299) Survivor regions: 6->7(7)
[2024-12-16T10:40:32.108+0700][gc,heap     ] GC(299) Old regions: 185->187
[2024-12-16T10:40:32.108+0700][gc,heap     ] GC(299) Archive regions: 2->2
[2024-12-16T10:40:32.108+0700][gc,heap     ] GC(299) Humongous regions: 129->129
[2024-12-16T10:40:32.108+0700][gc,metaspace] GC(299) Metaspace: 45151K(45696K)->45151K(45696K) NonClass: 39946K(40256K)->39946K(40256K) Class: 5205K(5440K)->5205K(5440K)
[2024-12-16T10:40:32.108+0700][gc          ] GC(299) Pause Young (Normal) (G1 Evacuation Pause) 365M->323M(1024M) 62.471ms
[2024-12-16T10:40:32.108+0700][gc,cpu      ] GC(299) User=0.12s Sys=0.00s Real=0.06s
[2024-12-16T10:41:55.420+0700][gc,start    ] GC(300) Pause Young (Normal) (G1 Evacuation Pause)
[2024-12-16T10:41:55.420+0700][gc,task     ] GC(300) Using 2 workers of 2 for evacuation
[2024-12-16T10:41:55.473+0700][gc,mmu      ] GC(300) MMU target violated: 21.0ms (20.0ms/21.0ms)
[2024-12-16T10:41:55.473+0700][gc,phases   ] GC(300)   Pre Evacuate Collection Set: 3.7ms
[2024-12-16T10:41:55.473+0700][gc,phases   ] GC(300)   Merge Heap Roots: 0.6ms
[2024-12-16T10:41:55.473+0700][gc,phases   ] GC(300)   Evacuate Collection Set: 43.8ms
[2024-12-16T10:41:55.473+0700][gc,phases   ] GC(300)   Post Evacuate Collection Set: 3.7ms
[2024-12-16T10:41:55.473+0700][gc,phases   ] GC(300)   Other: 1.3ms
[2024-12-16T10:41:55.473+0700][gc,heap     ] GC(300) Eden regions: 44->0(47)
[2024-12-16T10:41:55.473+0700][gc,heap     ] GC(300) Survivor regions: 7->4(7)
[2024-12-16T10:41:55.473+0700][gc,heap     ] GC(300) Old regions: 187->192
[2024-12-16T10:41:55.473+0700][gc,heap     ] GC(300) Archive regions: 2->2
[2024-12-16T10:41:55.473+0700][gc,heap     ] GC(300) Humongous regions: 129->129
[2024-12-16T10:41:55.473+0700][gc,metaspace] GC(300) Metaspace: 45151K(45696K)->45151K(45696K) NonClass: 39946K(40256K)->39946K(40256K) Class: 5205K(5440K)->5205K(5440K)
[2024-12-16T10:41:55.473+0700][gc          ] GC(300) Pause Young (Normal) (G1 Evacuation Pause) 367M->324M(1024M) 52.896ms
[2024-12-16T10:41:55.473+0700][gc,cpu      ] GC(300) User=0.10s Sys=0.00s Real=0.05s
[2024-12-16T10:43:25.284+0700][gc,start    ] GC(301) Pause Young (Normal) (G1 Evacuation Pause)
[2024-12-16T10:43:25.284+0700][gc,task     ] GC(301) Using 2 workers of 2 for evacuation
[2024-12-16T10:43:25.339+0700][gc,mmu      ] GC(301) MMU target violated: 21.0ms (20.0ms/21.0ms)
[2024-12-16T10:43:25.339+0700][gc,phases   ] GC(301)   Pre Evacuate Collection Set: 3.0ms
[2024-12-16T10:43:25.339+0700][gc,phases   ] GC(301)   Merge Heap Roots: 1.2ms
[2024-12-16T10:43:25.339+0700][gc,phases   ] GC(301)   Evacuate Collection Set: 47.9ms
[2024-12-16T10:43:25.339+0700][gc,phases   ] GC(301)   Post Evacuate Collection Set: 2.6ms
[2024-12-16T10:43:25.339+0700][gc,phases   ] GC(301)   Other: 1.2ms
[2024-12-16T10:43:25.339+0700][gc,heap     ] GC(301) Eden regions: 47->0(44)
[2024-12-16T10:43:25.339+0700][gc,heap     ] GC(301) Survivor regions: 4->7(7)
[2024-12-16T10:43:25.339+0700][gc,heap     ] GC(301) Old regions: 192->192
[2024-12-16T10:43:25.339+0700][gc,heap     ] GC(301) Archive regions: 2->2
[2024-12-16T10:43:25.339+0700][gc,heap     ] GC(301) Humongous regions: 129->129
[2024-12-16T10:43:25.339+0700][gc,metaspace] GC(301) Metaspace: 45151K(45696K)->45151K(45696K) NonClass: 39946K(40256K)->39946K(40256K) Class: 5205K(5440K)->5205K(5440K)
[2024-12-16T10:43:25.339+0700][gc          ] GC(301) Pause Young (Normal) (G1 Evacuation Pause) 371M->327M(1024M) 55.891ms
[2024-12-16T10:43:25.340+0700][gc,cpu      ] GC(301) User=0.11s Sys=0.00s Real=0.06s
[2024-12-16T10:44:49.300+0700][gc,start    ] GC(302) Pause Young (Normal) (G1 Evacuation Pause)
[2024-12-16T10:44:49.301+0700][gc,task     ] GC(302) Using 2 workers of 2 for evacuation
[2024-12-16T10:44:49.350+0700][gc,mmu      ] GC(302) MMU target violated: 21.0ms (20.0ms/21.0ms)
[2024-12-16T10:44:49.350+0700][gc,phases   ] GC(302)   Pre Evacuate Collection Set: 4.3ms
[2024-12-16T10:44:49.350+0700][gc,phases   ] GC(302)   Merge Heap Roots: 0.8ms
[2024-12-16T10:44:49.350+0700][gc,phases   ] GC(302)   Evacuate Collection Set: 40.6ms
[2024-12-16T10:44:49.350+0700][gc,phases   ] GC(302)   Post Evacuate Collection Set: 3.0ms
[2024-12-16T10:44:49.350+0700][gc,phases   ] GC(302)   Other: 1.6ms
[2024-12-16T10:44:49.350+0700][gc,heap     ] GC(302) Eden regions: 44->0(48)
[2024-12-16T10:44:49.350+0700][gc,heap     ] GC(302) Survivor regions: 7->3(7)
[2024-12-16T10:44:49.350+0700][gc,heap     ] GC(302) Old regions: 192->196
[2024-12-16T10:44:49.350+0700][gc,heap     ] GC(302) Archive regions: 2->2
[2024-12-16T10:44:49.350+0700][gc,heap     ] GC(302) Humongous regions: 129->129
[2024-12-16T10:44:49.350+0700][gc,metaspace] GC(302) Metaspace: 45151K(45696K)->45151K(45696K) NonClass: 39946K(40256K)->39946K(40256K) Class: 5205K(5440K)->5205K(5440K)
[2024-12-16T10:44:49.351+0700][gc          ] GC(302) Pause Young (Normal) (G1 Evacuation Pause) 371M->328M(1024M) 50.264ms
[2024-12-16T10:44:49.351+0700][gc,cpu      ] GC(302) User=0.09s Sys=0.00s Real=0.05s
[2024-12-16T10:46:20.058+0700][gc,start    ] GC(303) Pause Young (Normal) (G1 Evacuation Pause)
[2024-12-16T10:46:20.058+0700][gc,task     ] GC(303) Using 2 workers of 2 for evacuation
[2024-12-16T10:46:20.109+0700][gc,mmu      ] GC(303) MMU target violated: 21.0ms (20.0ms/21.0ms)
[2024-12-16T10:46:20.110+0700][gc,phases   ] GC(303)   Pre Evacuate Collection Set: 3.5ms
[2024-12-16T10:46:20.110+0700][gc,phases   ] GC(303)   Merge Heap Roots: 0.7ms
[2024-12-16T10:46:20.110+0700][gc,phases   ] GC(303)   Evacuate Collection Set: 43.6ms
[2024-12-16T10:46:20.110+0700][gc,phases   ] GC(303)   Post Evacuate Collection Set: 3.0ms
[2024-12-16T10:46:20.110+0700][gc,phases   ] GC(303)   Other: 1.5ms
[2024-12-16T10:46:20.110+0700][gc,heap     ] GC(303) Eden regions: 48->0(44)
[2024-12-16T10:46:20.110+0700][gc,heap     ] GC(303) Survivor regions: 3->7(7)
[2024-12-16T10:46:20.110+0700][gc,heap     ] GC(303) Old regions: 196->196
[2024-12-16T10:46:20.110+0700][gc,heap     ] GC(303) Archive regions: 2->2
[2024-12-16T10:46:20.110+0700][gc,heap     ] GC(303) Humongous regions: 129->129
[2024-12-16T10:46:20.110+0700][gc,metaspace] GC(303) Metaspace: 45152K(45696K)->45152K(45696K) NonClass: 39946K(40256K)->39946K(40256K) Class: 5205K(5440K)->5205K(5440K)
[2024-12-16T10:46:20.110+0700][gc          ] GC(303) Pause Young (Normal) (G1 Evacuation Pause) 376M->331M(1024M) 52.347ms
[2024-12-16T10:46:20.110+0700][gc,cpu      ] GC(303) User=0.10s Sys=0.00s Real=0.05s
[2024-12-16T10:47:41.541+0700][gc,start    ] GC(304) Pause Young (Normal) (G1 Evacuation Pause)
[2024-12-16T10:47:41.542+0700][gc,task     ] GC(304) Using 2 workers of 2 for evacuation
[2024-12-16T10:47:41.613+0700][gc,mmu      ] GC(304) MMU target violated: 21.0ms (20.0ms/21.0ms)
[2024-12-16T10:47:41.614+0700][gc,phases   ] GC(304)   Pre Evacuate Collection Set: 3.8ms
[2024-12-16T10:47:41.614+0700][gc,phases   ] GC(304)   Merge Heap Roots: 0.8ms
[2024-12-16T10:47:41.614+0700][gc,phases   ] GC(304)   Evacuate Collection Set: 63.0ms
[2024-12-16T10:47:41.614+0700][gc,phases   ] GC(304)   Post Evacuate Collection Set: 3.5ms
[2024-12-16T10:47:41.614+0700][gc,phases   ] GC(304)   Other: 1.4ms
[2024-12-16T10:47:41.614+0700][gc,heap     ] GC(304) Eden regions: 44->0(46)
[2024-12-16T10:47:41.614+0700][gc,heap     ] GC(304) Survivor regions: 7->5(7)
[2024-12-16T10:47:41.614+0700][gc,heap     ] GC(304) Old regions: 196->200
[2024-12-16T10:47:41.614+0700][gc,heap     ] GC(304) Archive regions: 2->2
[2024-12-16T10:47:41.614+0700][gc,heap     ] GC(304) Humongous regions: 129->129
[2024-12-16T10:47:41.614+0700][gc,metaspace] GC(304) Metaspace: 45154K(45696K)->45154K(45696K) NonClass: 39948K(40256K)->39948K(40256K) Class: 5205K(5440K)->5205K(5440K)
[2024-12-16T10:47:41.614+0700][gc          ] GC(304) Pause Young (Normal) (G1 Evacuation Pause) 375M->334M(1024M) 72.586ms
[2024-12-16T10:47:41.614+0700][gc,cpu      ] GC(304) User=0.11s Sys=0.00s Real=0.07s
[2024-12-16T10:49:07.752+0700][gc,start    ] GC(305) Pause Young (Normal) (G1 Evacuation Pause)
[2024-12-16T10:49:07.753+0700][gc,task     ] GC(305) Using 2 workers of 2 for evacuation
[2024-12-16T10:49:07.804+0700][gc,mmu      ] GC(305) MMU target violated: 21.0ms (20.0ms/21.0ms)
[2024-12-16T10:49:07.804+0700][gc,phases   ] GC(305)   Pre Evacuate Collection Set: 3.4ms
[2024-12-16T10:49:07.804+0700][gc,phases   ] GC(305)   Merge Heap Roots: 1.3ms
[2024-12-16T10:49:07.804+0700][gc,phases   ] GC(305)   Evacuate Collection Set: 43.8ms
[2024-12-16T10:49:07.804+0700][gc,phases   ] GC(305)   Post Evacuate Collection Set: 2.6ms
[2024-12-16T10:49:07.805+0700][gc,phases   ] GC(305)   Other: 1.3ms
[2024-12-16T10:49:07.805+0700][gc,heap     ] GC(305) Eden regions: 46->0(47)
[2024-12-16T10:49:07.805+0700][gc,heap     ] GC(305) Survivor regions: 5->4(7)
[2024-12-16T10:49:07.805+0700][gc,heap     ] GC(305) Old regions: 200->203
[2024-12-16T10:49:07.805+0700][gc,heap     ] GC(305) Archive regions: 2->2
[2024-12-16T10:49:07.805+0700][gc,heap     ] GC(305) Humongous regions: 129->129
[2024-12-16T10:49:07.805+0700][gc,metaspace] GC(305) Metaspace: 45155K(45696K)->45155K(45696K) NonClass: 39950K(40256K)->39950K(40256K) Class: 5205K(5440K)->5205K(5440K)
[2024-12-16T10:49:07.805+0700][gc          ] GC(305) Pause Young (Normal) (G1 Evacuation Pause) 380M->335M(1024M) 52.399ms
[2024-12-16T10:49:07.805+0700][gc,cpu      ] GC(305) User=0.10s Sys=0.00s Real=0.06s
[2024-12-16T10:50:36.571+0700][gc,start    ] GC(306) Pause Young (Normal) (G1 Evacuation Pause)
[2024-12-16T10:50:36.571+0700][gc,task     ] GC(306) Using 2 workers of 2 for evacuation
[2024-12-16T10:50:36.624+0700][gc,mmu      ] GC(306) MMU target violated: 21.0ms (20.0ms/21.0ms)
[2024-12-16T10:50:36.624+0700][gc,phases   ] GC(306)   Pre Evacuate Collection Set: 4.0ms
[2024-12-16T10:50:36.624+0700][gc,phases   ] GC(306)   Merge Heap Roots: 1.4ms
[2024-12-16T10:50:36.624+0700][gc,phases   ] GC(306)   Evacuate Collection Set: 42.9ms
[2024-12-16T10:50:36.624+0700][gc,phases   ] GC(306)   Post Evacuate Collection Set: 3.4ms
[2024-12-16T10:50:36.624+0700][gc,phases   ] GC(306)   Other: 1.4ms
[2024-12-16T10:50:36.624+0700][gc,heap     ] GC(306) Eden regions: 47->0(44)
[2024-12-16T10:50:36.624+0700][gc,heap     ] GC(306) Survivor regions: 4->7(7)
[2024-12-16T10:50:36.624+0700][gc,heap     ] GC(306) Old regions: 203->203
[2024-12-16T10:50:36.624+0700][gc,heap     ] GC(306) Archive regions: 2->2
[2024-12-16T10:50:36.624+0700][gc,heap     ] GC(306) Humongous regions: 129->129
[2024-12-16T10:50:36.624+0700][gc,metaspace] GC(306) Metaspace: 45155K(45696K)->45155K(45696K) NonClass: 39950K(40256K)->39950K(40256K) Class: 5205K(5440K)->5205K(5440K)
[2024-12-16T10:50:36.624+0700][gc          ] GC(306) Pause Young (Normal) (G1 Evacuation Pause) 382M->338M(1024M) 53.142ms
[2024-12-16T10:50:36.624+0700][gc,cpu      ] GC(306) User=0.09s Sys=0.00s Real=0.06s
[2024-12-16T10:51:58.099+0700][gc,start    ] GC(307) Pause Young (Normal) (G1 Evacuation Pause)
[2024-12-16T10:51:58.099+0700][gc,task     ] GC(307) Using 2 workers of 2 for evacuation
[2024-12-16T10:51:58.149+0700][gc,mmu      ] GC(307) MMU target violated: 21.0ms (20.0ms/21.0ms)
[2024-12-16T10:51:58.149+0700][gc,phases   ] GC(307)   Pre Evacuate Collection Set: 2.6ms
[2024-12-16T10:51:58.149+0700][gc,phases   ] GC(307)   Merge Heap Roots: 0.5ms
[2024-12-16T10:51:58.149+0700][gc,phases   ] GC(307)   Evacuate Collection Set: 44.3ms
[2024-12-16T10:51:58.149+0700][gc,phases   ] GC(307)   Post Evacuate Collection Set: 2.0ms
[2024-12-16T10:51:58.149+0700][gc,phases   ] GC(307)   Other: 1.0ms
[2024-12-16T10:51:58.149+0700][gc,heap     ] GC(307) Eden regions: 44->0(48)
[2024-12-16T10:51:58.149+0700][gc,heap     ] GC(307) Survivor regions: 7->3(7)
[2024-12-16T10:51:58.149+0700][gc,heap     ] GC(307) Old regions: 203->207
[2024-12-16T10:51:58.149+0700][gc,heap     ] GC(307) Archive regions: 2->2
[2024-12-16T10:51:58.149+0700][gc,heap     ] GC(307) Humongous regions: 129->129
[2024-12-16T10:51:58.149+0700][gc,metaspace] GC(307) Metaspace: 45155K(45696K)->45155K(45696K) NonClass: 39950K(40256K)->39950K(40256K) Class: 5205K(5440K)->5205K(5440K)
[2024-12-16T10:51:58.149+0700][gc          ] GC(307) Pause Young (Normal) (G1 Evacuation Pause) 382M->339M(1024M) 50.479ms
[2024-12-16T10:51:58.149+0700][gc,cpu      ] GC(307) User=0.09s Sys=0.00s Real=0.05s
[2024-12-16T10:53:30.764+0700][gc,start    ] GC(308) Pause Young (Normal) (G1 Evacuation Pause)
[2024-12-16T10:53:30.765+0700][gc,task     ] GC(308) Using 2 workers of 2 for evacuation
[2024-12-16T10:53:30.826+0700][gc,mmu      ] GC(308) MMU target violated: 21.0ms (20.0ms/21.0ms)
[2024-12-16T10:53:30.827+0700][gc,phases   ] GC(308)   Pre Evacuate Collection Set: 3.6ms
[2024-12-16T10:53:30.827+0700][gc,phases   ] GC(308)   Merge Heap Roots: 0.9ms
[2024-12-16T10:53:30.827+0700][gc,phases   ] GC(308)   Evacuate Collection Set: 54.0ms
[2024-12-16T10:53:30.827+0700][gc,phases   ] GC(308)   Post Evacuate Collection Set: 2.6ms
[2024-12-16T10:53:30.827+0700][gc,phases   ] GC(308)   Other: 1.5ms
[2024-12-16T10:53:30.827+0700][gc,heap     ] GC(308) Eden regions: 48->0(44)
[2024-12-16T10:53:30.827+0700][gc,heap     ] GC(308) Survivor regions: 3->7(7)
[2024-12-16T10:53:30.827+0700][gc,heap     ] GC(308) Old regions: 207->207
[2024-12-16T10:53:30.827+0700][gc,heap     ] GC(308) Archive regions: 2->2
[2024-12-16T10:53:30.827+0700][gc,heap     ] GC(308) Humongous regions: 129->129
[2024-12-16T10:53:30.827+0700][gc,metaspace] GC(308) Metaspace: 45155K(45696K)->45155K(45696K) NonClass: 39950K(40256K)->39950K(40256K) Class: 5205K(5440K)->5205K(5440K)
[2024-12-16T10:53:30.827+0700][gc          ] GC(308) Pause Young (Normal) (G1 Evacuation Pause) 387M->342M(1024M) 62.488ms
[2024-12-16T10:53:30.827+0700][gc,cpu      ] GC(308) User=0.12s Sys=0.00s Real=0.06s
[2024-12-16T10:54:54.164+0700][gc,start    ] GC(309) Pause Young (Normal) (G1 Evacuation Pause)
[2024-12-16T10:54:54.165+0700][gc,task     ] GC(309) Using 2 workers of 2 for evacuation
[2024-12-16T10:54:54.219+0700][gc,mmu      ] GC(309) MMU target violated: 21.0ms (20.0ms/21.0ms)
[2024-12-16T10:54:54.219+0700][gc,phases   ] GC(309)   Pre Evacuate Collection Set: 4.6ms
[2024-12-16T10:54:54.219+0700][gc,phases   ] GC(309)   Merge Heap Roots: 0.9ms
[2024-12-16T10:54:54.219+0700][gc,phases   ] GC(309)   Evacuate Collection Set: 45.7ms
[2024-12-16T10:54:54.219+0700][gc,phases   ] GC(309)   Post Evacuate Collection Set: 2.4ms
[2024-12-16T10:54:54.219+0700][gc,phases   ] GC(309)   Other: 1.2ms
[2024-12-16T10:54:54.219+0700][gc,heap     ] GC(309) Eden regions: 44->0(48)
[2024-12-16T10:54:54.219+0700][gc,heap     ] GC(309) Survivor regions: 7->3(7)
[2024-12-16T10:54:54.219+0700][gc,heap     ] GC(309) Old regions: 207->211
[2024-12-16T10:54:54.219+0700][gc,heap     ] GC(309) Archive regions: 2->2
[2024-12-16T10:54:54.219+0700][gc,heap     ] GC(309) Humongous regions: 129->129
[2024-12-16T10:54:54.219+0700][gc,metaspace] GC(309) Metaspace: 45155K(45696K)->45155K(45696K) NonClass: 39950K(40256K)->39950K(40256K) Class: 5205K(5440K)->5205K(5440K)
[2024-12-16T10:54:54.219+0700][gc          ] GC(309) Pause Young (Normal) (G1 Evacuation Pause) 386M->343M(1024M) 54.909ms
[2024-12-16T10:54:54.219+0700][gc,cpu      ] GC(309) User=0.10s Sys=0.00s Real=0.05s
[2024-12-16T10:56:26.214+0700][gc,start    ] GC(310) Pause Young (Normal) (G1 Evacuation Pause)
[2024-12-16T10:56:26.214+0700][gc,task     ] GC(310) Using 2 workers of 2 for evacuation
[2024-12-16T10:56:26.258+0700][gc,mmu      ] GC(310) MMU target violated: 21.0ms (20.0ms/21.0ms)
[2024-12-16T10:56:26.258+0700][gc,phases   ] GC(310)   Pre Evacuate Collection Set: 2.3ms
[2024-12-16T10:56:26.259+0700][gc,phases   ] GC(310)   Merge Heap Roots: 0.5ms
[2024-12-16T10:56:26.259+0700][gc,phases   ] GC(310)   Evacuate Collection Set: 38.5ms
[2024-12-16T10:56:26.259+0700][gc,phases   ] GC(310)   Post Evacuate Collection Set: 2.4ms
[2024-12-16T10:56:26.259+0700][gc,phases   ] GC(310)   Other: 1.1ms
[2024-12-16T10:56:26.259+0700][gc,heap     ] GC(310) Eden regions: 48->0(45)
[2024-12-16T10:56:26.259+0700][gc,heap     ] GC(310) Survivor regions: 3->6(7)
[2024-12-16T10:56:26.259+0700][gc,heap     ] GC(310) Old regions: 211->211
[2024-12-16T10:56:26.259+0700][gc,heap     ] GC(310) Archive regions: 2->2
[2024-12-16T10:56:26.259+0700][gc,heap     ] GC(310) Humongous regions: 129->129
[2024-12-16T10:56:26.259+0700][gc,metaspace] GC(310) Metaspace: 45155K(45696K)->45155K(45696K) NonClass: 39950K(40256K)->39950K(40256K) Class: 5205K(5440K)->5205K(5440K)
[2024-12-16T10:56:26.259+0700][gc          ] GC(310) Pause Young (Normal) (G1 Evacuation Pause) 391M->346M(1024M) 44.845ms
[2024-12-16T10:56:26.259+0700][gc,cpu      ] GC(310) User=0.08s Sys=0.00s Real=0.05s
[2024-12-16T10:57:51.876+0700][gc,start    ] GC(311) Pause Young (Normal) (G1 Evacuation Pause)
[2024-12-16T10:57:51.876+0700][gc,task     ] GC(311) Using 2 workers of 2 for evacuation
[2024-12-16T10:57:51.931+0700][gc,mmu      ] GC(311) MMU target violated: 21.0ms (20.0ms/21.0ms)
[2024-12-16T10:57:51.931+0700][gc,phases   ] GC(311)   Pre Evacuate Collection Set: 2.4ms
[2024-12-16T10:57:51.931+0700][gc,phases   ] GC(311)   Merge Heap Roots: 0.7ms
[2024-12-16T10:57:51.931+0700][gc,phases   ] GC(311)   Evacuate Collection Set: 48.8ms
[2024-12-16T10:57:51.931+0700][gc,phases   ] GC(311)   Post Evacuate Collection Set: 2.5ms
[2024-12-16T10:57:51.931+0700][gc,phases   ] GC(311)   Other: 1.4ms
[2024-12-16T10:57:51.931+0700][gc,heap     ] GC(311) Eden regions: 45->0(46)
[2024-12-16T10:57:51.931+0700][gc,heap     ] GC(311) Survivor regions: 6->5(7)
[2024-12-16T10:57:51.931+0700][gc,heap     ] GC(311) Old regions: 211->216
[2024-12-16T10:57:51.931+0700][gc,heap     ] GC(311) Archive regions: 2->2
[2024-12-16T10:57:51.931+0700][gc,heap     ] GC(311) Humongous regions: 129->129
[2024-12-16T10:57:51.931+0700][gc,metaspace] GC(311) Metaspace: 45155K(45696K)->45155K(45696K) NonClass: 39950K(40256K)->39950K(40256K) Class: 5205K(5440K)->5205K(5440K)
[2024-12-16T10:57:51.931+0700][gc          ] GC(311) Pause Young (Normal) (G1 Evacuation Pause) 391M->350M(1024M) 55.654ms
[2024-12-16T10:57:51.931+0700][gc,cpu      ] GC(311) User=0.11s Sys=0.00s Real=0.06s
[2024-12-16T10:59:19.672+0700][gc,start    ] GC(312) Pause Young (Normal) (G1 Evacuation Pause)
[2024-12-16T10:59:19.673+0700][gc,task     ] GC(312) Using 2 workers of 2 for evacuation
[2024-12-16T10:59:19.720+0700][gc,mmu      ] GC(312) MMU target violated: 21.0ms (20.0ms/21.0ms)
[2024-12-16T10:59:19.721+0700][gc,phases   ] GC(312)   Pre Evacuate Collection Set: 3.8ms
[2024-12-16T10:59:19.721+0700][gc,phases   ] GC(312)   Merge Heap Roots: 1.1ms
[2024-12-16T10:59:19.721+0700][gc,phases   ] GC(312)   Evacuate Collection Set: 39.5ms
[2024-12-16T10:59:19.721+0700][gc,phases   ] GC(312)   Post Evacuate Collection Set: 3.0ms
[2024-12-16T10:59:19.721+0700][gc,phases   ] GC(312)   Other: 1.4ms
[2024-12-16T10:59:19.721+0700][gc,heap     ] GC(312) Eden regions: 46->0(47)
[2024-12-16T10:59:19.721+0700][gc,heap     ] GC(312) Survivor regions: 5->4(7)
[2024-12-16T10:59:19.721+0700][gc,heap     ] GC(312) Old regions: 216->218
[2024-12-16T10:59:19.721+0700][gc,heap     ] GC(312) Archive regions: 2->2
[2024-12-16T10:59:19.721+0700][gc,heap     ] GC(312) Humongous regions: 129->129
[2024-12-16T10:59:19.721+0700][gc,metaspace] GC(312) Metaspace: 45155K(45696K)->45155K(45696K) NonClass: 39950K(40256K)->39950K(40256K) Class: 5205K(5440K)->5205K(5440K)
[2024-12-16T10:59:19.721+0700][gc          ] GC(312) Pause Young (Normal) (G1 Evacuation Pause) 396M->351M(1024M) 48.709ms
[2024-12-16T10:59:19.721+0700][gc,cpu      ] GC(312) User=0.09s Sys=0.00s Real=0.05s
[2024-12-16T11:00:50.414+0700][gc,start    ] GC(313) Pause Young (Normal) (G1 Evacuation Pause)
[2024-12-16T11:00:50.415+0700][gc,task     ] GC(313) Using 2 workers of 2 for evacuation
[2024-12-16T11:00:50.466+0700][gc,mmu      ] GC(313) MMU target violated: 21.0ms (20.0ms/21.0ms)
[2024-12-16T11:00:50.466+0700][gc,phases   ] GC(313)   Pre Evacuate Collection Set: 2.9ms
[2024-12-16T11:00:50.466+0700][gc,phases   ] GC(313)   Merge Heap Roots: 1.3ms
[2024-12-16T11:00:50.466+0700][gc,phases   ] GC(313)   Evacuate Collection Set: 44.3ms
[2024-12-16T11:00:50.466+0700][gc,phases   ] GC(313)   Post Evacuate Collection Set: 2.4ms
[2024-12-16T11:00:50.466+0700][gc,phases   ] GC(313)   Other: 1.7ms
[2024-12-16T11:00:50.466+0700][gc,heap     ] GC(313) Eden regions: 47->0(44)
[2024-12-16T11:00:50.466+0700][gc,heap     ] GC(313) Survivor regions: 4->7(7)
[2024-12-16T11:00:50.466+0700][gc,heap     ] GC(313) Old regions: 218->218
[2024-12-16T11:00:50.466+0700][gc,heap     ] GC(313) Archive regions: 2->2
[2024-12-16T11:00:50.466+0700][gc,heap     ] GC(313) Humongous regions: 129->129
[2024-12-16T11:00:50.466+0700][gc,metaspace] GC(313) Metaspace: 45155K(45696K)->45155K(45696K) NonClass: 39950K(40256K)->39950K(40256K) Class: 5205K(5440K)->5205K(5440K)
[2024-12-16T11:00:50.467+0700][gc          ] GC(313) Pause Young (Normal) (G1 Evacuation Pause) 398M->354M(1024M) 52.399ms
[2024-12-16T11:00:50.467+0700][gc,cpu      ] GC(313) User=0.10s Sys=0.01s Real=0.06s
[2024-12-16T11:02:16.848+0700][gc,start    ] GC(314) Pause Young (Normal) (G1 Evacuation Pause)
[2024-12-16T11:02:16.848+0700][gc,task     ] GC(314) Using 2 workers of 2 for evacuation
[2024-12-16T11:02:16.900+0700][gc,mmu      ] GC(314) MMU target violated: 21.0ms (20.0ms/21.0ms)
[2024-12-16T11:02:16.900+0700][gc,phases   ] GC(314)   Pre Evacuate Collection Set: 2.9ms
[2024-12-16T11:02:16.900+0700][gc,phases   ] GC(314)   Merge Heap Roots: 1.0ms
[2024-12-16T11:02:16.900+0700][gc,phases   ] GC(314)   Evacuate Collection Set: 44.7ms
[2024-12-16T11:02:16.900+0700][gc,phases   ] GC(314)   Post Evacuate Collection Set: 2.7ms
[2024-12-16T11:02:16.900+0700][gc,phases   ] GC(314)   Other: 1.3ms
[2024-12-16T11:02:16.900+0700][gc,heap     ] GC(314) Eden regions: 44->0(48)
[2024-12-16T11:02:16.900+0700][gc,heap     ] GC(314) Survivor regions: 7->3(7)
[2024-12-16T11:02:16.900+0700][gc,heap     ] GC(314) Old regions: 218->222
[2024-12-16T11:02:16.900+0700][gc,heap     ] GC(314) Archive regions: 2->2
[2024-12-16T11:02:16.900+0700][gc,heap     ] GC(314) Humongous regions: 129->129
[2024-12-16T11:02:16.900+0700][gc,metaspace] GC(314) Metaspace: 45155K(45696K)->45155K(45696K) NonClass: 39950K(40256K)->39950K(40256K) Class: 5205K(5440K)->5205K(5440K)
[2024-12-16T11:02:16.900+0700][gc          ] GC(314) Pause Young (Normal) (G1 Evacuation Pause) 398M->354M(1024M) 52.664ms
[2024-12-16T11:02:16.900+0700][gc,cpu      ] GC(314) User=0.10s Sys=0.00s Real=0.05s
[2024-12-16T11:03:53.523+0700][gc,start    ] GC(315) Pause Young (Normal) (G1 Evacuation Pause)
[2024-12-16T11:03:53.524+0700][gc,task     ] GC(315) Using 2 workers of 2 for evacuation
[2024-12-16T11:03:53.574+0700][gc,mmu      ] GC(315) MMU target violated: 21.0ms (20.0ms/21.0ms)
[2024-12-16T11:03:53.574+0700][gc,phases   ] GC(315)   Pre Evacuate Collection Set: 3.1ms
[2024-12-16T11:03:53.574+0700][gc,phases   ] GC(315)   Merge Heap Roots: 0.9ms
[2024-12-16T11:03:53.574+0700][gc,phases   ] GC(315)   Evacuate Collection Set: 42.3ms
[2024-12-16T11:03:53.574+0700][gc,phases   ] GC(315)   Post Evacuate Collection Set: 2.9ms
[2024-12-16T11:03:53.574+0700][gc,phases   ] GC(315)   Other: 1.6ms
[2024-12-16T11:03:53.574+0700][gc,heap     ] GC(315) Eden regions: 48->0(45)
[2024-12-16T11:03:53.574+0700][gc,heap     ] GC(315) Survivor regions: 3->6(7)
[2024-12-16T11:03:53.574+0700][gc,heap     ] GC(315) Old regions: 222->222
[2024-12-16T11:03:53.574+0700][gc,heap     ] GC(315) Archive regions: 2->2
[2024-12-16T11:03:53.574+0700][gc,heap     ] GC(315) Humongous regions: 129->129
[2024-12-16T11:03:53.574+0700][gc,metaspace] GC(315) Metaspace: 45155K(45696K)->45155K(45696K) NonClass: 39950K(40256K)->39950K(40256K) Class: 5205K(5440K)->5205K(5440K)
[2024-12-16T11:03:53.574+0700][gc          ] GC(315) Pause Young (Normal) (G1 Evacuation Pause) 402M->357M(1024M) 50.859ms
[2024-12-16T11:03:53.574+0700][gc,cpu      ] GC(315) User=0.10s Sys=0.00s Real=0.05s
[2024-12-16T11:05:24.352+0700][gc,start    ] GC(316) Pause Young (Normal) (G1 Evacuation Pause)
[2024-12-16T11:05:24.353+0700][gc,task     ] GC(316) Using 2 workers of 2 for evacuation
[2024-12-16T11:05:24.420+0700][gc,mmu      ] GC(316) MMU target violated: 21.0ms (20.0ms/21.0ms)
[2024-12-16T11:05:24.420+0700][gc,phases   ] GC(316)   Pre Evacuate Collection Set: 4.1ms
[2024-12-16T11:05:24.421+0700][gc,phases   ] GC(316)   Merge Heap Roots: 0.7ms
[2024-12-16T11:05:24.421+0700][gc,phases   ] GC(316)   Evacuate Collection Set: 58.6ms
[2024-12-16T11:05:24.421+0700][gc,phases   ] GC(316)   Post Evacuate Collection Set: 3.4ms
[2024-12-16T11:05:24.421+0700][gc,phases   ] GC(316)   Other: 1.7ms
[2024-12-16T11:05:24.421+0700][gc,heap     ] GC(316) Eden regions: 45->0(46)
[2024-12-16T11:05:24.421+0700][gc,heap     ] GC(316) Survivor regions: 6->5(7)
[2024-12-16T11:05:24.421+0700][gc,heap     ] GC(316) Old regions: 222->227
[2024-12-16T11:05:24.421+0700][gc,heap     ] GC(316) Archive regions: 2->2
[2024-12-16T11:05:24.421+0700][gc,heap     ] GC(316) Humongous regions: 129->129
[2024-12-16T11:05:24.421+0700][gc,metaspace] GC(316) Metaspace: 45155K(45696K)->45155K(45696K) NonClass: 39950K(40256K)->39950K(40256K) Class: 5205K(5440K)->5205K(5440K)
[2024-12-16T11:05:24.421+0700][gc          ] GC(316) Pause Young (Normal) (G1 Evacuation Pause) 402M->360M(1024M) 68.567ms
[2024-12-16T11:05:24.421+0700][gc,cpu      ] GC(316) User=0.13s Sys=0.00s Real=0.07s
[2024-12-16T11:06:56.737+0700][gc,start    ] GC(317) Pause Young (Normal) (G1 Evacuation Pause)
[2024-12-16T11:06:56.737+0700][gc,task     ] GC(317) Using 2 workers of 2 for evacuation
[2024-12-16T11:06:56.777+0700][gc,mmu      ] GC(317) MMU target violated: 21.0ms (20.0ms/21.0ms)
[2024-12-16T11:06:56.777+0700][gc,phases   ] GC(317)   Pre Evacuate Collection Set: 3.9ms
[2024-12-16T11:06:56.777+0700][gc,phases   ] GC(317)   Merge Heap Roots: 0.6ms
[2024-12-16T11:06:56.777+0700][gc,phases   ] GC(317)   Evacuate Collection Set: 32.2ms
[2024-12-16T11:06:56.777+0700][gc,phases   ] GC(317)   Post Evacuate Collection Set: 2.3ms
[2024-12-16T11:06:56.777+0700][gc,phases   ] GC(317)   Other: 1.3ms
[2024-12-16T11:06:56.777+0700][gc,heap     ] GC(317) Eden regions: 46->0(48)
[2024-12-16T11:06:56.777+0700][gc,heap     ] GC(317) Survivor regions: 5->3(7)
[2024-12-16T11:06:56.777+0700][gc,heap     ] GC(317) Old regions: 227->229
[2024-12-16T11:06:56.777+0700][gc,heap     ] GC(317) Archive regions: 2->2
[2024-12-16T11:06:56.777+0700][gc,heap     ] GC(317) Humongous regions: 129->129
[2024-12-16T11:06:56.777+0700][gc,metaspace] GC(317) Metaspace: 45155K(45696K)->45155K(45696K) NonClass: 39950K(40256K)->39950K(40256K) Class: 5205K(5440K)->5205K(5440K)
[2024-12-16T11:06:56.777+0700][gc          ] GC(317) Pause Young (Normal) (G1 Evacuation Pause) 406M->361M(1024M) 40.455ms
[2024-12-16T11:06:56.777+0700][gc,cpu      ] GC(317) User=0.07s Sys=0.00s Real=0.04s
[2024-12-16T11:08:37.053+0700][gc,start    ] GC(318) Pause Young (Normal) (G1 Evacuation Pause)
[2024-12-16T11:08:37.053+0700][gc,task     ] GC(318) Using 2 workers of 2 for evacuation
[2024-12-16T11:08:37.112+0700][gc,mmu      ] GC(318) MMU target violated: 21.0ms (20.0ms/21.0ms)
[2024-12-16T11:08:37.112+0700][gc,phases   ] GC(318)   Pre Evacuate Collection Set: 3.7ms
[2024-12-16T11:08:37.112+0700][gc,phases   ] GC(318)   Merge Heap Roots: 1.0ms
[2024-12-16T11:08:37.112+0700][gc,phases   ] GC(318)   Evacuate Collection Set: 49.0ms
[2024-12-16T11:08:37.112+0700][gc,phases   ] GC(318)   Post Evacuate Collection Set: 4.4ms
[2024-12-16T11:08:37.112+0700][gc,phases   ] GC(318)   Other: 1.3ms
[2024-12-16T11:08:37.112+0700][gc,heap     ] GC(318) Eden regions: 48->0(44)
[2024-12-16T11:08:37.112+0700][gc,heap     ] GC(318) Survivor regions: 3->7(7)
[2024-12-16T11:08:37.112+0700][gc,heap     ] GC(318) Old regions: 229->230
[2024-12-16T11:08:37.112+0700][gc,heap     ] GC(318) Archive regions: 2->2
[2024-12-16T11:08:37.112+0700][gc,heap     ] GC(318) Humongous regions: 129->129
[2024-12-16T11:08:37.112+0700][gc,metaspace] GC(318) Metaspace: 45225K(45760K)->45225K(45760K) NonClass: 40020K(40320K)->40020K(40320K) Class: 5205K(5440K)->5205K(5440K)
[2024-12-16T11:08:37.113+0700][gc          ] GC(318) Pause Young (Normal) (G1 Evacuation Pause) 409M->366M(1024M) 59.889ms
[2024-12-16T11:08:37.113+0700][gc,cpu      ] GC(318) User=0.11s Sys=0.00s Real=0.06s
[2024-12-16T11:09:59.741+0700][gc,start    ] GC(319) Pause Young (Normal) (G1 Evacuation Pause)
[2024-12-16T11:09:59.742+0700][gc,task     ] GC(319) Using 2 workers of 2 for evacuation
[2024-12-16T11:09:59.822+0700][gc,mmu      ] GC(319) MMU target violated: 21.0ms (20.0ms/21.0ms)
[2024-12-16T11:09:59.822+0700][gc,phases   ] GC(319)   Pre Evacuate Collection Set: 2.8ms
[2024-12-16T11:09:59.822+0700][gc,phases   ] GC(319)   Merge Heap Roots: 1.0ms
[2024-12-16T11:09:59.822+0700][gc,phases   ] GC(319)   Evacuate Collection Set: 72.0ms
[2024-12-16T11:09:59.822+0700][gc,phases   ] GC(319)   Post Evacuate Collection Set: 3.7ms
[2024-12-16T11:09:59.822+0700][gc,phases   ] GC(319)   Other: 1.2ms
[2024-12-16T11:09:59.822+0700][gc,heap     ] GC(319) Eden regions: 44->0(45)
[2024-12-16T11:09:59.822+0700][gc,heap     ] GC(319) Survivor regions: 7->6(7)
[2024-12-16T11:09:59.822+0700][gc,heap     ] GC(319) Old regions: 230->236
[2024-12-16T11:09:59.822+0700][gc,heap     ] GC(319) Archive regions: 2->2
[2024-12-16T11:09:59.822+0700][gc,heap     ] GC(319) Humongous regions: 129->129
[2024-12-16T11:09:59.822+0700][gc,metaspace] GC(319) Metaspace: 45225K(45760K)->45225K(45760K) NonClass: 40020K(40320K)->40020K(40320K) Class: 5205K(5440K)->5205K(5440K)
[2024-12-16T11:09:59.822+0700][gc          ] GC(319) Pause Young (Normal) (G1 Evacuation Pause) 410M->370M(1024M) 81.006ms
[2024-12-16T11:09:59.823+0700][gc,cpu      ] GC(319) User=0.15s Sys=0.01s Real=0.08s
[2024-12-16T11:11:30.790+0700][gc,start    ] GC(320) Pause Young (Normal) (G1 Evacuation Pause)
[2024-12-16T11:11:30.791+0700][gc,task     ] GC(320) Using 2 workers of 2 for evacuation
[2024-12-16T11:11:30.849+0700][gc,mmu      ] GC(320) MMU target violated: 21.0ms (20.0ms/21.0ms)
[2024-12-16T11:11:30.850+0700][gc,phases   ] GC(320)   Pre Evacuate Collection Set: 2.5ms
[2024-12-16T11:11:30.850+0700][gc,phases   ] GC(320)   Merge Heap Roots: 1.4ms
[2024-12-16T11:11:30.850+0700][gc,phases   ] GC(320)   Evacuate Collection Set: 51.9ms
[2024-12-16T11:11:30.850+0700][gc,phases   ] GC(320)   Post Evacuate Collection Set: 2.6ms
[2024-12-16T11:11:30.850+0700][gc,phases   ] GC(320)   Other: 1.2ms
[2024-12-16T11:11:30.850+0700][gc,heap     ] GC(320) Eden regions: 45->0(46)
[2024-12-16T11:11:30.850+0700][gc,heap     ] GC(320) Survivor regions: 6->5(7)
[2024-12-16T11:11:30.850+0700][gc,heap     ] GC(320) Old regions: 236->239
[2024-12-16T11:11:30.850+0700][gc,heap     ] GC(320) Archive regions: 2->2
[2024-12-16T11:11:30.850+0700][gc,heap     ] GC(320) Humongous regions: 129->129
[2024-12-16T11:11:30.850+0700][gc,metaspace] GC(320) Metaspace: 45225K(45760K)->45225K(45760K) NonClass: 40020K(40320K)->40020K(40320K) Class: 5205K(5440K)->5205K(5440K)
[2024-12-16T11:11:30.850+0700][gc          ] GC(320) Pause Young (Normal) (G1 Evacuation Pause) 415M->373M(1024M) 59.500ms
[2024-12-16T11:11:30.850+0700][gc,cpu      ] GC(320) User=0.10s Sys=0.01s Real=0.06s
[2024-12-16T11:13:01.334+0700][gc,start    ] GC(321) Pause Young (Normal) (G1 Evacuation Pause)
[2024-12-16T11:13:01.334+0700][gc,task     ] GC(321) Using 2 workers of 2 for evacuation
[2024-12-16T11:13:01.382+0700][gc,mmu      ] GC(321) MMU target violated: 21.0ms (20.0ms/21.0ms)
[2024-12-16T11:13:01.382+0700][gc,phases   ] GC(321)   Pre Evacuate Collection Set: 2.6ms
[2024-12-16T11:13:01.382+0700][gc,phases   ] GC(321)   Merge Heap Roots: 1.4ms
[2024-12-16T11:13:01.382+0700][gc,phases   ] GC(321)   Evacuate Collection Set: 39.8ms
[2024-12-16T11:13:01.382+0700][gc,phases   ] GC(321)   Post Evacuate Collection Set: 3.3ms
[2024-12-16T11:13:01.382+0700][gc,phases   ] GC(321)   Other: 1.4ms
[2024-12-16T11:13:01.382+0700][gc,heap     ] GC(321) Eden regions: 46->0(48)
[2024-12-16T11:13:01.383+0700][gc,heap     ] GC(321) Survivor regions: 5->3(7)
[2024-12-16T11:13:01.383+0700][gc,heap     ] GC(321) Old regions: 239->242
[2024-12-16T11:13:01.383+0700][gc,heap     ] GC(321) Archive regions: 2->2
[2024-12-16T11:13:01.383+0700][gc,heap     ] GC(321) Humongous regions: 129->129
[2024-12-16T11:13:01.383+0700][gc,metaspace] GC(321) Metaspace: 45225K(45760K)->45225K(45760K) NonClass: 40020K(40320K)->40020K(40320K) Class: 5205K(5440K)->5205K(5440K)
[2024-12-16T11:13:01.383+0700][gc          ] GC(321) Pause Young (Normal) (G1 Evacuation Pause) 419M->374M(1024M) 48.571ms
[2024-12-16T11:13:01.383+0700][gc,cpu      ] GC(321) User=0.07s Sys=0.01s Real=0.05s
[2024-12-16T11:14:37.184+0700][gc,start    ] GC(322) Pause Young (Normal) (G1 Evacuation Pause)
[2024-12-16T11:14:37.184+0700][gc,task     ] GC(322) Using 2 workers of 2 for evacuation
[2024-12-16T11:14:37.230+0700][gc,mmu      ] GC(322) MMU target violated: 21.0ms (20.0ms/21.0ms)
[2024-12-16T11:14:37.230+0700][gc,phases   ] GC(322)   Pre Evacuate Collection Set: 2.4ms
[2024-12-16T11:14:37.230+0700][gc,phases   ] GC(322)   Merge Heap Roots: 1.2ms
[2024-12-16T11:14:37.230+0700][gc,phases   ] GC(322)   Evacuate Collection Set: 38.6ms
[2024-12-16T11:14:37.230+0700][gc,phases   ] GC(322)   Post Evacuate Collection Set: 3.0ms
[2024-12-16T11:14:37.230+0700][gc,phases   ] GC(322)   Other: 1.2ms
[2024-12-16T11:14:37.230+0700][gc,heap     ] GC(322) Eden regions: 48->0(45)
[2024-12-16T11:14:37.230+0700][gc,heap     ] GC(322) Survivor regions: 3->6(7)
[2024-12-16T11:14:37.230+0700][gc,heap     ] GC(322) Old regions: 242->242
[2024-12-16T11:14:37.230+0700][gc,heap     ] GC(322) Archive regions: 2->2
[2024-12-16T11:14:37.230+0700][gc,heap     ] GC(322) Humongous regions: 129->129
[2024-12-16T11:14:37.230+0700][gc,metaspace] GC(322) Metaspace: 45225K(45760K)->45225K(45760K) NonClass: 40020K(40320K)->40020K(40320K) Class: 5205K(5440K)->5205K(5440K)
[2024-12-16T11:14:37.230+0700][gc          ] GC(322) Pause Young (Normal) (G1 Evacuation Pause) 422M->377M(1024M) 46.324ms
[2024-12-16T11:14:37.230+0700][gc,cpu      ] GC(322) User=0.09s Sys=0.00s Real=0.05s
[2024-12-16T11:16:07.428+0700][gc,start    ] GC(323) Pause Young (Normal) (G1 Evacuation Pause)
[2024-12-16T11:16:07.428+0700][gc,task     ] GC(323) Using 2 workers of 2 for evacuation
[2024-12-16T11:16:07.510+0700][gc,mmu      ] GC(323) MMU target violated: 21.0ms (20.0ms/21.0ms)
[2024-12-16T11:16:07.511+0700][gc,phases   ] GC(323)   Pre Evacuate Collection Set: 2.6ms
[2024-12-16T11:16:07.511+0700][gc,phases   ] GC(323)   Merge Heap Roots: 0.6ms
[2024-12-16T11:16:07.511+0700][gc,phases   ] GC(323)   Evacuate Collection Set: 75.0ms
[2024-12-16T11:16:07.511+0700][gc,phases   ] GC(323)   Post Evacuate Collection Set: 3.5ms
[2024-12-16T11:16:07.511+0700][gc,phases   ] GC(323)   Other: 1.5ms
[2024-12-16T11:16:07.511+0700][gc,heap     ] GC(323) Eden regions: 45->0(46)
[2024-12-16T11:16:07.511+0700][gc,heap     ] GC(323) Survivor regions: 6->5(7)
[2024-12-16T11:16:07.511+0700][gc,heap     ] GC(323) Old regions: 242->246
[2024-12-16T11:16:07.511+0700][gc,heap     ] GC(323) Archive regions: 2->2
[2024-12-16T11:16:07.511+0700][gc,heap     ] GC(323) Humongous regions: 129->129
[2024-12-16T11:16:07.511+0700][gc,metaspace] GC(323) Metaspace: 45225K(45760K)->45225K(45760K) NonClass: 40020K(40320K)->40020K(40320K) Class: 5205K(5440K)->5205K(5440K)
[2024-12-16T11:16:07.511+0700][gc          ] GC(323) Pause Young (Normal) (G1 Evacuation Pause) 422M->380M(1024M) 83.450ms
[2024-12-16T11:16:07.512+0700][gc,cpu      ] GC(323) User=0.13s Sys=0.03s Real=0.08s
[2024-12-16T11:17:38.632+0700][gc,start    ] GC(324) Pause Young (Normal) (G1 Evacuation Pause)
[2024-12-16T11:17:38.632+0700][gc,task     ] GC(324) Using 2 workers of 2 for evacuation
[2024-12-16T11:17:38.673+0700][gc,mmu      ] GC(324) MMU target violated: 21.0ms (20.0ms/21.0ms)
[2024-12-16T11:17:38.674+0700][gc,phases   ] GC(324)   Pre Evacuate Collection Set: 3.4ms
[2024-12-16T11:17:38.674+0700][gc,phases   ] GC(324)   Merge Heap Roots: 0.9ms
[2024-12-16T11:17:38.674+0700][gc,phases   ] GC(324)   Evacuate Collection Set: 32.7ms
[2024-12-16T11:17:38.674+0700][gc,phases   ] GC(324)   Post Evacuate Collection Set: 3.4ms
[2024-12-16T11:17:38.674+0700][gc,phases   ] GC(324)   Other: 1.4ms
[2024-12-16T11:17:38.674+0700][gc,heap     ] GC(324) Eden regions: 46->0(48)
[2024-12-16T11:17:38.674+0700][gc,heap     ] GC(324) Survivor regions: 5->3(7)
[2024-12-16T11:17:38.674+0700][gc,heap     ] GC(324) Old regions: 246->249
[2024-12-16T11:17:38.674+0700][gc,heap     ] GC(324) Archive regions: 2->2
[2024-12-16T11:17:38.674+0700][gc,heap     ] GC(324) Humongous regions: 129->129
[2024-12-16T11:17:38.674+0700][gc,metaspace] GC(324) Metaspace: 45250K(45824K)->45250K(45824K) NonClass: 40045K(40384K)->40045K(40384K) Class: 5205K(5440K)->5205K(5440K)
[2024-12-16T11:17:38.674+0700][gc          ] GC(324) Pause Young (Normal) (G1 Evacuation Pause) 426M->381M(1024M) 41.664ms
[2024-12-16T11:17:38.674+0700][gc,cpu      ] GC(324) User=0.07s Sys=0.01s Real=0.04s
[2024-12-16T11:19:12.682+0700][gc,start    ] GC(325) Pause Young (Normal) (G1 Evacuation Pause)
[2024-12-16T11:19:12.682+0700][gc,task     ] GC(325) Using 2 workers of 2 for evacuation
[2024-12-16T11:19:12.732+0700][gc,mmu      ] GC(325) MMU target violated: 21.0ms (20.0ms/21.0ms)
[2024-12-16T11:19:12.732+0700][gc,phases   ] GC(325)   Pre Evacuate Collection Set: 3.5ms
[2024-12-16T11:19:12.732+0700][gc,phases   ] GC(325)   Merge Heap Roots: 0.7ms
[2024-12-16T11:19:12.732+0700][gc,phases   ] GC(325)   Evacuate Collection Set: 42.6ms
[2024-12-16T11:19:12.732+0700][gc,phases   ] GC(325)   Post Evacuate Collection Set: 3.0ms
[2024-12-16T11:19:12.732+0700][gc,phases   ] GC(325)   Other: 1.3ms
[2024-12-16T11:19:12.732+0700][gc,heap     ] GC(325) Eden regions: 48->0(44)
[2024-12-16T11:19:12.732+0700][gc,heap     ] GC(325) Survivor regions: 3->7(7)
[2024-12-16T11:19:12.732+0700][gc,heap     ] GC(325) Old regions: 249->249
[2024-12-16T11:19:12.732+0700][gc,heap     ] GC(325) Archive regions: 2->2
[2024-12-16T11:19:12.732+0700][gc,heap     ] GC(325) Humongous regions: 129->129
[2024-12-16T11:19:12.732+0700][gc,metaspace] GC(325) Metaspace: 45250K(45824K)->45250K(45824K) NonClass: 40045K(40384K)->40045K(40384K) Class: 5205K(5440K)->5205K(5440K)
[2024-12-16T11:19:12.732+0700][gc          ] GC(325) Pause Young (Normal) (G1 Evacuation Pause) 429M->384M(1024M) 50.862ms
[2024-12-16T11:19:12.732+0700][gc,cpu      ] GC(325) User=0.09s Sys=0.00s Real=0.05s
[2024-12-16T11:20:40.946+0700][gc,start    ] GC(326) Pause Young (Normal) (G1 Evacuation Pause)
[2024-12-16T11:20:40.946+0700][gc,task     ] GC(326) Using 2 workers of 2 for evacuation
[2024-12-16T11:20:41.009+0700][gc,mmu      ] GC(326) MMU target violated: 21.0ms (20.0ms/21.0ms)
[2024-12-16T11:20:41.009+0700][gc,phases   ] GC(326)   Pre Evacuate Collection Set: 3.1ms
[2024-12-16T11:20:41.009+0700][gc,phases   ] GC(326)   Merge Heap Roots: 1.0ms
[2024-12-16T11:20:41.009+0700][gc,phases   ] GC(326)   Evacuate Collection Set: 54.7ms
[2024-12-16T11:20:41.009+0700][gc,phases   ] GC(326)   Post Evacuate Collection Set: 3.1ms
[2024-12-16T11:20:41.009+0700][gc,phases   ] GC(326)   Other: 1.3ms
[2024-12-16T11:20:41.009+0700][gc,heap     ] GC(326) Eden regions: 44->0(46)
[2024-12-16T11:20:41.009+0700][gc,heap     ] GC(326) Survivor regions: 7->5(7)
[2024-12-16T11:20:41.009+0700][gc,heap     ] GC(326) Old regions: 249->253
[2024-12-16T11:20:41.009+0700][gc,heap     ] GC(326) Archive regions: 2->2
[2024-12-16T11:20:41.009+0700][gc,heap     ] GC(326) Humongous regions: 129->129
[2024-12-16T11:20:41.009+0700][gc,metaspace] GC(326) Metaspace: 45250K(45824K)->45250K(45824K) NonClass: 40045K(40384K)->40045K(40384K) Class: 5205K(5440K)->5205K(5440K)
[2024-12-16T11:20:41.009+0700][gc          ] GC(326) Pause Young (Normal) (G1 Evacuation Pause) 428M->387M(1024M) 63.095ms
[2024-12-16T11:20:41.009+0700][gc,cpu      ] GC(326) User=0.11s Sys=0.01s Real=0.06s
[2024-12-16T11:22:13.155+0700][gc,start    ] GC(327) Pause Young (Normal) (G1 Evacuation Pause)
[2024-12-16T11:22:13.156+0700][gc,task     ] GC(327) Using 2 workers of 2 for evacuation
[2024-12-16T11:22:13.194+0700][gc,mmu      ] GC(327) MMU target violated: 21.0ms (20.0ms/21.0ms)
[2024-12-16T11:22:13.194+0700][gc,phases   ] GC(327)   Pre Evacuate Collection Set: 2.6ms
[2024-12-16T11:22:13.194+0700][gc,phases   ] GC(327)   Merge Heap Roots: 0.9ms
[2024-12-16T11:22:13.194+0700][gc,phases   ] GC(327)   Evacuate Collection Set: 32.3ms
[2024-12-16T11:22:13.194+0700][gc,phases   ] GC(327)   Post Evacuate Collection Set: 2.0ms
[2024-12-16T11:22:13.194+0700][gc,phases   ] GC(327)   Other: 1.1ms
[2024-12-16T11:22:13.194+0700][gc,heap     ] GC(327) Eden regions: 46->0(48)
[2024-12-16T11:22:13.194+0700][gc,heap     ] GC(327) Survivor regions: 5->3(7)
[2024-12-16T11:22:13.194+0700][gc,heap     ] GC(327) Old regions: 253->255
[2024-12-16T11:22:13.194+0700][gc,heap     ] GC(327) Archive regions: 2->2
[2024-12-16T11:22:13.194+0700][gc,heap     ] GC(327) Humongous regions: 129->129
[2024-12-16T11:22:13.194+0700][gc,metaspace] GC(327) Metaspace: 45252K(45824K)->45252K(45824K) NonClass: 40047K(40384K)->40047K(40384K) Class: 5205K(5440K)->5205K(5440K)
[2024-12-16T11:22:13.194+0700][gc          ] GC(327) Pause Young (Normal) (G1 Evacuation Pause) 433M->387M(1024M) 38.999ms
[2024-12-16T11:22:13.194+0700][gc,cpu      ] GC(327) User=0.07s Sys=0.00s Real=0.04s
[2024-12-16T11:23:48.376+0700][gc,start    ] GC(328) Pause Young (Normal) (G1 Evacuation Pause)
[2024-12-16T11:23:48.376+0700][gc,task     ] GC(328) Using 2 workers of 2 for evacuation
[2024-12-16T11:23:48.412+0700][gc,mmu      ] GC(328) MMU target violated: 21.0ms (20.0ms/21.0ms)
[2024-12-16T11:23:48.412+0700][gc,phases   ] GC(328)   Pre Evacuate Collection Set: 1.9ms
[2024-12-16T11:23:48.412+0700][gc,phases   ] GC(328)   Merge Heap Roots: 1.0ms
[2024-12-16T11:23:48.412+0700][gc,phases   ] GC(328)   Evacuate Collection Set: 31.7ms
[2024-12-16T11:23:48.412+0700][gc,phases   ] GC(328)   Post Evacuate Collection Set: 1.4ms
[2024-12-16T11:23:48.412+0700][gc,phases   ] GC(328)   Other: 0.7ms
[2024-12-16T11:23:48.412+0700][gc,heap     ] GC(328) Eden regions: 48->0(45)
[2024-12-16T11:23:48.412+0700][gc,heap     ] GC(328) Survivor regions: 3->6(7)
[2024-12-16T11:23:48.412+0700][gc,heap     ] GC(328) Old regions: 255->255
[2024-12-16T11:23:48.412+0700][gc,heap     ] GC(328) Archive regions: 2->2
[2024-12-16T11:23:48.412+0700][gc,heap     ] GC(328) Humongous regions: 129->129
[2024-12-16T11:23:48.412+0700][gc,metaspace] GC(328) Metaspace: 45265K(45824K)->45265K(45824K) NonClass: 40060K(40384K)->40060K(40384K) Class: 5205K(5440K)->5205K(5440K)
[2024-12-16T11:23:48.412+0700][gc          ] GC(328) Pause Young (Normal) (G1 Evacuation Pause) 435M->390M(1024M) 36.770ms
[2024-12-16T11:23:48.412+0700][gc,cpu      ] GC(328) User=0.07s Sys=0.00s Real=0.04s
[2024-12-16T11:25:15.559+0700][gc,start    ] GC(329) Pause Young (Normal) (G1 Evacuation Pause)
[2024-12-16T11:25:15.560+0700][gc,task     ] GC(329) Using 2 workers of 2 for evacuation
[2024-12-16T11:25:15.631+0700][gc,mmu      ] GC(329) MMU target violated: 21.0ms (20.0ms/21.0ms)
[2024-12-16T11:25:15.631+0700][gc,phases   ] GC(329)   Pre Evacuate Collection Set: 3.1ms
[2024-12-16T11:25:15.631+0700][gc,phases   ] GC(329)   Merge Heap Roots: 1.1ms
[2024-12-16T11:25:15.631+0700][gc,phases   ] GC(329)   Evacuate Collection Set: 64.5ms
[2024-12-16T11:25:15.631+0700][gc,phases   ] GC(329)   Post Evacuate Collection Set: 2.2ms
[2024-12-16T11:25:15.631+0700][gc,phases   ] GC(329)   Other: 1.3ms
[2024-12-16T11:25:15.631+0700][gc,heap     ] GC(329) Eden regions: 45->0(44)
[2024-12-16T11:25:15.631+0700][gc,heap     ] GC(329) Survivor regions: 6->7(7)
[2024-12-16T11:25:15.631+0700][gc,heap     ] GC(329) Old regions: 255->258
[2024-12-16T11:25:15.631+0700][gc,heap     ] GC(329) Archive regions: 2->2
[2024-12-16T11:25:15.631+0700][gc,heap     ] GC(329) Humongous regions: 129->129
[2024-12-16T11:25:15.631+0700][gc,metaspace] GC(329) Metaspace: 45269K(45824K)->45269K(45824K) NonClass: 40064K(40384K)->40064K(40384K) Class: 5205K(5440K)->5205K(5440K)
[2024-12-16T11:25:15.632+0700][gc          ] GC(329) Pause Young (Normal) (G1 Evacuation Pause) 435M->393M(1024M) 72.074ms
[2024-12-16T11:25:15.632+0700][gc,cpu      ] GC(329) User=0.12s Sys=0.01s Real=0.07s
[2024-12-16T11:26:43.937+0700][gc,start    ] GC(330) Pause Young (Normal) (G1 Evacuation Pause)
[2024-12-16T11:26:43.938+0700][gc,task     ] GC(330) Using 2 workers of 2 for evacuation
[2024-12-16T11:26:43.990+0700][gc,mmu      ] GC(330) MMU target violated: 21.0ms (20.0ms/21.0ms)
[2024-12-16T11:26:43.990+0700][gc,phases   ] GC(330)   Pre Evacuate Collection Set: 3.8ms
[2024-12-16T11:26:43.990+0700][gc,phases   ] GC(330)   Merge Heap Roots: 1.0ms
[2024-12-16T11:26:43.990+0700][gc,phases   ] GC(330)   Evacuate Collection Set: 44.0ms
[2024-12-16T11:26:43.990+0700][gc,phases   ] GC(330)   Post Evacuate Collection Set: 3.1ms
[2024-12-16T11:26:43.990+0700][gc,phases   ] GC(330)   Other: 0.9ms
[2024-12-16T11:26:43.990+0700][gc,heap     ] GC(330) Eden regions: 44->0(48)
[2024-12-16T11:26:43.990+0700][gc,heap     ] GC(330) Survivor regions: 7->3(7)
[2024-12-16T11:26:43.990+0700][gc,heap     ] GC(330) Old regions: 258->262
[2024-12-16T11:26:43.990+0700][gc,heap     ] GC(330) Archive regions: 2->2
[2024-12-16T11:26:43.990+0700][gc,heap     ] GC(330) Humongous regions: 129->129
[2024-12-16T11:26:43.990+0700][gc,metaspace] GC(330) Metaspace: 45271K(45824K)->45271K(45824K) NonClass: 40066K(40384K)->40066K(40384K) Class: 5205K(5440K)->5205K(5440K)
[2024-12-16T11:26:43.990+0700][gc          ] GC(330) Pause Young (Normal) (G1 Evacuation Pause) 437M->394M(1024M) 52.749ms
[2024-12-16T11:26:43.990+0700][gc,cpu      ] GC(330) User=0.09s Sys=0.01s Real=0.05s
[2024-12-16T11:28:20.695+0700][gc,start    ] GC(331) Pause Young (Normal) (G1 Evacuation Pause)
[2024-12-16T11:28:20.695+0700][gc,task     ] GC(331) Using 2 workers of 2 for evacuation
[2024-12-16T11:28:20.737+0700][gc,mmu      ] GC(331) MMU target violated: 21.0ms (20.0ms/21.0ms)
[2024-12-16T11:28:20.737+0700][gc,phases   ] GC(331)   Pre Evacuate Collection Set: 2.9ms
[2024-12-16T11:28:20.737+0700][gc,phases   ] GC(331)   Merge Heap Roots: 1.1ms
[2024-12-16T11:28:20.737+0700][gc,phases   ] GC(331)   Evacuate Collection Set: 35.0ms
[2024-12-16T11:28:20.737+0700][gc,phases   ] GC(331)   Post Evacuate Collection Set: 2.0ms
[2024-12-16T11:28:20.737+0700][gc,phases   ] GC(331)   Other: 1.4ms
[2024-12-16T11:28:20.737+0700][gc,heap     ] GC(331) Eden regions: 48->0(45)
[2024-12-16T11:28:20.737+0700][gc,heap     ] GC(331) Survivor regions: 3->6(7)
[2024-12-16T11:28:20.737+0700][gc,heap     ] GC(331) Old regions: 262->262
[2024-12-16T11:28:20.737+0700][gc,heap     ] GC(331) Archive regions: 2->2
[2024-12-16T11:28:20.737+0700][gc,heap     ] GC(331) Humongous regions: 129->129
[2024-12-16T11:28:20.737+0700][gc,metaspace] GC(331) Metaspace: 45271K(45824K)->45271K(45824K) NonClass: 40066K(40384K)->40066K(40384K) Class: 5205K(5440K)->5205K(5440K)
[2024-12-16T11:28:20.737+0700][gc          ] GC(331) Pause Young (Normal) (G1 Evacuation Pause) 442M->397M(1024M) 42.399ms
[2024-12-16T11:28:20.737+0700][gc,cpu      ] GC(331) User=0.07s Sys=0.00s Real=0.05s
[2024-12-16T11:29:50.809+0700][gc,start    ] GC(332) Pause Young (Normal) (G1 Evacuation Pause)
[2024-12-16T11:29:50.810+0700][gc,task     ] GC(332) Using 2 workers of 2 for evacuation
[2024-12-16T11:29:50.873+0700][gc,mmu      ] GC(332) MMU target violated: 21.0ms (20.0ms/21.0ms)
[2024-12-16T11:29:50.873+0700][gc,phases   ] GC(332)   Pre Evacuate Collection Set: 2.9ms
[2024-12-16T11:29:50.873+0700][gc,phases   ] GC(332)   Merge Heap Roots: 1.0ms
[2024-12-16T11:29:50.873+0700][gc,phases   ] GC(332)   Evacuate Collection Set: 55.4ms
[2024-12-16T11:29:50.873+0700][gc,phases   ] GC(332)   Post Evacuate Collection Set: 3.2ms
[2024-12-16T11:29:50.873+0700][gc,phases   ] GC(332)   Other: 1.6ms
[2024-12-16T11:29:50.873+0700][gc,heap     ] GC(332) Eden regions: 45->0(44)
[2024-12-16T11:29:50.873+0700][gc,heap     ] GC(332) Survivor regions: 6->7(7)
[2024-12-16T11:29:50.873+0700][gc,heap     ] GC(332) Old regions: 262->264
[2024-12-16T11:29:50.873+0700][gc,heap     ] GC(332) Archive regions: 2->2
[2024-12-16T11:29:50.873+0700][gc,heap     ] GC(332) Humongous regions: 129->129
[2024-12-16T11:29:50.873+0700][gc,metaspace] GC(332) Metaspace: 45271K(45824K)->45271K(45824K) NonClass: 40066K(40384K)->40066K(40384K) Class: 5205K(5440K)->5205K(5440K)
[2024-12-16T11:29:50.873+0700][gc          ] GC(332) Pause Young (Normal) (G1 Evacuation Pause) 442M->400M(1024M) 63.960ms
[2024-12-16T11:29:50.873+0700][gc,cpu      ] GC(332) User=0.11s Sys=0.01s Real=0.06s
[2024-12-16T11:31:19.923+0700][gc,start    ] GC(333) Pause Young (Normal) (G1 Evacuation Pause)
[2024-12-16T11:31:19.923+0700][gc,task     ] GC(333) Using 2 workers of 2 for evacuation
[2024-12-16T11:31:19.985+0700][gc,mmu      ] GC(333) MMU target violated: 21.0ms (20.0ms/21.0ms)
[2024-12-16T11:31:19.985+0700][gc,phases   ] GC(333)   Pre Evacuate Collection Set: 4.2ms
[2024-12-16T11:31:19.985+0700][gc,phases   ] GC(333)   Merge Heap Roots: 1.2ms
[2024-12-16T11:31:19.985+0700][gc,phases   ] GC(333)   Evacuate Collection Set: 53.0ms
[2024-12-16T11:31:19.985+0700][gc,phases   ] GC(333)   Post Evacuate Collection Set: 3.0ms
[2024-12-16T11:31:19.985+0700][gc,phases   ] GC(333)   Other: 1.2ms
[2024-12-16T11:31:19.985+0700][gc,heap     ] GC(333) Eden regions: 44->0(45)
[2024-12-16T11:31:19.985+0700][gc,heap     ] GC(333) Survivor regions: 7->6(7)
[2024-12-16T11:31:19.985+0700][gc,heap     ] GC(333) Old regions: 264->269
[2024-12-16T11:31:19.985+0700][gc,heap     ] GC(333) Archive regions: 2->2
[2024-12-16T11:31:19.985+0700][gc,heap     ] GC(333) Humongous regions: 129->129
[2024-12-16T11:31:19.985+0700][gc,metaspace] GC(333) Metaspace: 45273K(45824K)->45273K(45824K) NonClass: 40067K(40384K)->40067K(40384K) Class: 5205K(5440K)->5205K(5440K)
[2024-12-16T11:31:19.985+0700][gc          ] GC(333) Pause Young (Normal) (G1 Evacuation Pause) 444M->403M(1024M) 62.420ms
[2024-12-16T11:31:19.985+0700][gc,cpu      ] GC(333) User=0.10s Sys=0.01s Real=0.07s
[2024-12-16T11:32:49.463+0700][gc,start    ] GC(334) Pause Young (Normal) (G1 Evacuation Pause)
[2024-12-16T11:32:49.464+0700][gc,task     ] GC(334) Using 2 workers of 2 for evacuation
[2024-12-16T11:32:49.496+0700][gc,mmu      ] GC(334) MMU target violated: 21.0ms (20.0ms/21.0ms)
[2024-12-16T11:32:49.496+0700][gc,phases   ] GC(334)   Pre Evacuate Collection Set: 2.5ms
[2024-12-16T11:32:49.496+0700][gc,phases   ] GC(334)   Merge Heap Roots: 0.6ms
[2024-12-16T11:32:49.496+0700][gc,phases   ] GC(334)   Evacuate Collection Set: 27.1ms
[2024-12-16T11:32:49.496+0700][gc,phases   ] GC(334)   Post Evacuate Collection Set: 1.7ms
[2024-12-16T11:32:49.496+0700][gc,phases   ] GC(334)   Other: 1.3ms
[2024-12-16T11:32:49.496+0700][gc,heap     ] GC(334) Eden regions: 45->0(47)
[2024-12-16T11:32:49.496+0700][gc,heap     ] GC(334) Survivor regions: 6->4(7)
[2024-12-16T11:32:49.496+0700][gc,heap     ] GC(334) Old regions: 269->271
[2024-12-16T11:32:49.496+0700][gc,heap     ] GC(334) Archive regions: 2->2
[2024-12-16T11:32:49.496+0700][gc,heap     ] GC(334) Humongous regions: 129->129
[2024-12-16T11:32:49.496+0700][gc,metaspace] GC(334) Metaspace: 45285K(45888K)->45285K(45888K) NonClass: 40080K(40448K)->40080K(40448K) Class: 5205K(5440K)->5205K(5440K)
[2024-12-16T11:32:49.496+0700][gc          ] GC(334) Pause Young (Normal) (G1 Evacuation Pause) 448M->404M(1024M) 33.120ms
[2024-12-16T11:32:49.496+0700][gc,cpu      ] GC(334) User=0.06s Sys=0.00s Real=0.04s
[2024-12-16T11:34:22.687+0700][gc,start    ] GC(335) Pause Young (Normal) (G1 Evacuation Pause)
[2024-12-16T11:34:22.687+0700][gc,task     ] GC(335) Using 2 workers of 2 for evacuation
[2024-12-16T11:34:22.735+0700][gc,mmu      ] GC(335) MMU target violated: 21.0ms (20.0ms/21.0ms)
[2024-12-16T11:34:22.735+0700][gc,phases   ] GC(335)   Pre Evacuate Collection Set: 4.1ms
[2024-12-16T11:34:22.735+0700][gc,phases   ] GC(335)   Merge Heap Roots: 1.0ms
[2024-12-16T11:34:22.735+0700][gc,phases   ] GC(335)   Evacuate Collection Set: 40.3ms
[2024-12-16T11:34:22.735+0700][gc,phases   ] GC(335)   Post Evacuate Collection Set: 2.0ms
[2024-12-16T11:34:22.735+0700][gc,phases   ] GC(335)   Other: 1.0ms
[2024-12-16T11:34:22.735+0700][gc,heap     ] GC(335) Eden regions: 47->0(45)
[2024-12-16T11:34:22.735+0700][gc,heap     ] GC(335) Survivor regions: 4->6(7)
[2024-12-16T11:34:22.735+0700][gc,heap     ] GC(335) Old regions: 271->271
[2024-12-16T11:34:22.735+0700][gc,heap     ] GC(335) Archive regions: 2->2
[2024-12-16T11:34:22.735+0700][gc,heap     ] GC(335) Humongous regions: 129->129
[2024-12-16T11:34:22.735+0700][gc,metaspace] GC(335) Metaspace: 45294K(45888K)->45294K(45888K) NonClass: 40089K(40448K)->40089K(40448K) Class: 5205K(5440K)->5205K(5440K)
[2024-12-16T11:34:22.735+0700][gc          ] GC(335) Pause Young (Normal) (G1 Evacuation Pause) 451M->406M(1024M) 48.412ms
[2024-12-16T11:34:22.735+0700][gc,cpu      ] GC(335) User=0.09s Sys=0.00s Real=0.04s
[2024-12-16T11:35:53.329+0700][gc,start    ] GC(336) Pause Young (Normal) (G1 Evacuation Pause)
[2024-12-16T11:35:53.330+0700][gc,task     ] GC(336) Using 2 workers of 2 for evacuation
[2024-12-16T11:35:53.405+0700][gc,mmu      ] GC(336) MMU target violated: 21.0ms (20.0ms/21.0ms)
[2024-12-16T11:35:53.405+0700][gc,phases   ] GC(336)   Pre Evacuate Collection Set: 3.6ms
[2024-12-16T11:35:53.405+0700][gc,phases   ] GC(336)   Merge Heap Roots: 0.6ms
[2024-12-16T11:35:53.405+0700][gc,phases   ] GC(336)   Evacuate Collection Set: 67.0ms
[2024-12-16T11:35:53.405+0700][gc,phases   ] GC(336)   Post Evacuate Collection Set: 2.9ms
[2024-12-16T11:35:53.405+0700][gc,phases   ] GC(336)   Other: 1.8ms
[2024-12-16T11:35:53.405+0700][gc,heap     ] GC(336) Eden regions: 45->0(46)
[2024-12-16T11:35:53.405+0700][gc,heap     ] GC(336) Survivor regions: 6->5(7)
[2024-12-16T11:35:53.405+0700][gc,heap     ] GC(336) Old regions: 271->275
[2024-12-16T11:35:53.405+0700][gc,heap     ] GC(336) Archive regions: 2->2
[2024-12-16T11:35:53.405+0700][gc,heap     ] GC(336) Humongous regions: 129->129
[2024-12-16T11:35:53.405+0700][gc,metaspace] GC(336) Metaspace: 45294K(45888K)->45294K(45888K) NonClass: 40089K(40448K)->40089K(40448K) Class: 5205K(5440K)->5205K(5440K)
[2024-12-16T11:35:53.405+0700][gc          ] GC(336) Pause Young (Normal) (G1 Evacuation Pause) 451M->409M(1024M) 75.912ms
[2024-12-16T11:35:53.406+0700][gc,cpu      ] GC(336) User=0.11s Sys=0.03s Real=0.08s
[2024-12-16T11:37:24.972+0700][gc,start    ] GC(337) Pause Young (Normal) (G1 Evacuation Pause)
[2024-12-16T11:37:24.972+0700][gc,task     ] GC(337) Using 2 workers of 2 for evacuation
[2024-12-16T11:37:25.013+0700][gc,mmu      ] GC(337) MMU target violated: 21.0ms (20.0ms/21.0ms)
[2024-12-16T11:37:25.014+0700][gc,phases   ] GC(337)   Pre Evacuate Collection Set: 3.7ms
[2024-12-16T11:37:25.014+0700][gc,phases   ] GC(337)   Merge Heap Roots: 0.7ms
[2024-12-16T11:37:25.014+0700][gc,phases   ] GC(337)   Evacuate Collection Set: 34.3ms
[2024-12-16T11:37:25.014+0700][gc,phases   ] GC(337)   Post Evacuate Collection Set: 2.1ms
[2024-12-16T11:37:25.014+0700][gc,phases   ] GC(337)   Other: 1.2ms
[2024-12-16T11:37:25.014+0700][gc,heap     ] GC(337) Eden regions: 46->0(48)
[2024-12-16T11:37:25.014+0700][gc,heap     ] GC(337) Survivor regions: 5->3(7)
[2024-12-16T11:37:25.014+0700][gc,heap     ] GC(337) Old regions: 275->278
[2024-12-16T11:37:25.014+0700][gc,heap     ] GC(337) Archive regions: 2->2
[2024-12-16T11:37:25.014+0700][gc,heap     ] GC(337) Humongous regions: 129->129
[2024-12-16T11:37:25.014+0700][gc,metaspace] GC(337) Metaspace: 45294K(45888K)->45294K(45888K) NonClass: 40089K(40448K)->40089K(40448K) Class: 5205K(5440K)->5205K(5440K)
[2024-12-16T11:37:25.014+0700][gc          ] GC(337) Pause Young (Normal) (G1 Evacuation Pause) 455M->410M(1024M) 41.937ms
[2024-12-16T11:37:25.014+0700][gc,cpu      ] GC(337) User=0.08s Sys=0.00s Real=0.04s
[2024-12-16T11:38:58.299+0700][gc,start    ] GC(338) Pause Young (Normal) (G1 Evacuation Pause)
[2024-12-16T11:38:58.299+0700][gc,task     ] GC(338) Using 2 workers of 2 for evacuation
[2024-12-16T11:38:58.346+0700][gc,mmu      ] GC(338) MMU target violated: 21.0ms (20.0ms/21.0ms)
[2024-12-16T11:38:58.346+0700][gc,phases   ] GC(338)   Pre Evacuate Collection Set: 2.5ms
[2024-12-16T11:38:58.346+0700][gc,phases   ] GC(338)   Merge Heap Roots: 0.8ms
[2024-12-16T11:38:58.346+0700][gc,phases   ] GC(338)   Evacuate Collection Set: 41.1ms
[2024-12-16T11:38:58.346+0700][gc,phases   ] GC(338)   Post Evacuate Collection Set: 2.4ms
[2024-12-16T11:38:58.347+0700][gc,phases   ] GC(338)   Other: 0.8ms
[2024-12-16T11:38:58.347+0700][gc,heap     ] GC(338) Eden regions: 48->0(44)
[2024-12-16T11:38:58.347+0700][gc,heap     ] GC(338) Survivor regions: 3->7(7)
[2024-12-16T11:38:58.347+0700][gc,heap     ] GC(338) Old regions: 278->278
[2024-12-16T11:38:58.347+0700][gc,heap     ] GC(338) Archive regions: 2->2
[2024-12-16T11:38:58.347+0700][gc,heap     ] GC(338) Humongous regions: 129->129
[2024-12-16T11:38:58.347+0700][gc,metaspace] GC(338) Metaspace: 45295K(45888K)->45295K(45888K) NonClass: 40090K(40448K)->40090K(40448K) Class: 5205K(5440K)->5205K(5440K)
[2024-12-16T11:38:58.347+0700][gc          ] GC(338) Pause Young (Normal) (G1 Evacuation Pause) 458M->413M(1024M) 47.657ms
[2024-12-16T11:38:58.347+0700][gc,cpu      ] GC(338) User=0.09s Sys=0.00s Real=0.05s
[2024-12-16T11:40:26.815+0700][gc,start    ] GC(339) Pause Young (Normal) (G1 Evacuation Pause)
[2024-12-16T11:40:26.815+0700][gc,task     ] GC(339) Using 2 workers of 2 for evacuation
[2024-12-16T11:40:26.886+0700][gc,mmu      ] GC(339) MMU target violated: 21.0ms (20.0ms/21.0ms)
[2024-12-16T11:40:26.886+0700][gc,phases   ] GC(339)   Pre Evacuate Collection Set: 3.7ms
[2024-12-16T11:40:26.886+0700][gc,phases   ] GC(339)   Merge Heap Roots: 0.8ms
[2024-12-16T11:40:26.886+0700][gc,phases   ] GC(339)   Evacuate Collection Set: 63.5ms
[2024-12-16T11:40:26.886+0700][gc,phases   ] GC(339)   Post Evacuate Collection Set: 2.0ms
[2024-12-16T11:40:26.886+0700][gc,phases   ] GC(339)   Other: 1.1ms
[2024-12-16T11:40:26.886+0700][gc,heap     ] GC(339) Eden regions: 44->0(46)
[2024-12-16T11:40:26.886+0700][gc,heap     ] GC(339) Survivor regions: 7->5(7)
[2024-12-16T11:40:26.886+0700][gc,heap     ] GC(339) Old regions: 278->283
[2024-12-16T11:40:26.886+0700][gc,heap     ] GC(339) Archive regions: 2->2
[2024-12-16T11:40:26.886+0700][gc,heap     ] GC(339) Humongous regions: 129->129
[2024-12-16T11:40:26.886+0700][gc,metaspace] GC(339) Metaspace: 45305K(45888K)->45305K(45888K) NonClass: 40100K(40448K)->40100K(40448K) Class: 5205K(5440K)->5205K(5440K)
[2024-12-16T11:40:26.886+0700][gc          ] GC(339) Pause Young (Normal) (G1 Evacuation Pause) 457M->417M(1024M) 71.132ms
[2024-12-16T11:40:26.886+0700][gc,cpu      ] GC(339) User=0.12s Sys=0.02s Real=0.08s
[2024-12-16T11:41:59.030+0700][gc,start    ] GC(340) Pause Young (Normal) (G1 Evacuation Pause)
[2024-12-16T11:41:59.030+0700][gc,task     ] GC(340) Using 2 workers of 2 for evacuation
[2024-12-16T11:41:59.068+0700][gc,mmu      ] GC(340) MMU target violated: 21.0ms (20.0ms/21.0ms)
[2024-12-16T11:41:59.068+0700][gc,phases   ] GC(340)   Pre Evacuate Collection Set: 2.3ms
[2024-12-16T11:41:59.068+0700][gc,phases   ] GC(340)   Merge Heap Roots: 1.2ms
[2024-12-16T11:41:59.068+0700][gc,phases   ] GC(340)   Evacuate Collection Set: 31.9ms
[2024-12-16T11:41:59.068+0700][gc,phases   ] GC(340)   Post Evacuate Collection Set: 2.2ms
[2024-12-16T11:41:59.069+0700][gc,phases   ] GC(340)   Other: 1.6ms
[2024-12-16T11:41:59.069+0700][gc,heap     ] GC(340) Eden regions: 46->0(48)
[2024-12-16T11:41:59.069+0700][gc,heap     ] GC(340) Survivor regions: 5->3(7)
[2024-12-16T11:41:59.069+0700][gc,heap     ] GC(340) Old regions: 283->285
[2024-12-16T11:41:59.069+0700][gc,heap     ] GC(340) Archive regions: 2->2
[2024-12-16T11:41:59.069+0700][gc,heap     ] GC(340) Humongous regions: 129->129
[2024-12-16T11:41:59.069+0700][gc,metaspace] GC(340) Metaspace: 45305K(45888K)->45305K(45888K) NonClass: 40100K(40448K)->40100K(40448K) Class: 5205K(5440K)->5205K(5440K)
[2024-12-16T11:41:59.069+0700][gc          ] GC(340) Pause Young (Normal) (G1 Evacuation Pause) 463M->417M(1024M) 39.045ms
[2024-12-16T11:41:59.069+0700][gc,cpu      ] GC(340) User=0.08s Sys=0.00s Real=0.04s
[2024-12-16T11:43:35.946+0700][gc,start    ] GC(341) Pause Young (Normal) (G1 Evacuation Pause)
[2024-12-16T11:43:35.946+0700][gc,task     ] GC(341) Using 2 workers of 2 for evacuation
[2024-12-16T11:43:35.995+0700][gc,mmu      ] GC(341) MMU target violated: 21.0ms (20.0ms/21.0ms)
[2024-12-16T11:43:35.995+0700][gc,phases   ] GC(341)   Pre Evacuate Collection Set: 3.5ms
[2024-12-16T11:43:35.995+0700][gc,phases   ] GC(341)   Merge Heap Roots: 0.8ms
[2024-12-16T11:43:35.995+0700][gc,phases   ] GC(341)   Evacuate Collection Set: 41.4ms
[2024-12-16T11:43:35.995+0700][gc,phases   ] GC(341)   Post Evacuate Collection Set: 3.1ms
[2024-12-16T11:43:35.995+0700][gc,phases   ] GC(341)   Other: 1.2ms
[2024-12-16T11:43:35.995+0700][gc,heap     ] GC(341) Eden regions: 48->0(45)
[2024-12-16T11:43:35.996+0700][gc,heap     ] GC(341) Survivor regions: 3->6(7)
[2024-12-16T11:43:35.996+0700][gc,heap     ] GC(341) Old regions: 285->285
[2024-12-16T11:43:35.996+0700][gc,heap     ] GC(341) Archive regions: 2->2
[2024-12-16T11:43:35.996+0700][gc,heap     ] GC(341) Humongous regions: 129->129
[2024-12-16T11:43:35.996+0700][gc,metaspace] GC(341) Metaspace: 45305K(45888K)->45305K(45888K) NonClass: 40100K(40448K)->40100K(40448K) Class: 5205K(5440K)->5205K(5440K)
[2024-12-16T11:43:35.996+0700][gc          ] GC(341) Pause Young (Normal) (G1 Evacuation Pause) 465M->420M(1024M) 49.881ms
[2024-12-16T11:43:35.996+0700][gc,cpu      ] GC(341) User=0.09s Sys=0.00s Real=0.04s
[2024-12-16T11:45:06.108+0700][gc,start    ] GC(342) Pause Young (Normal) (G1 Evacuation Pause)
[2024-12-16T11:45:06.109+0700][gc,task     ] GC(342) Using 2 workers of 2 for evacuation
[2024-12-16T11:45:06.171+0700][gc,mmu      ] GC(342) MMU target violated: 21.0ms (20.0ms/21.0ms)
[2024-12-16T11:45:06.171+0700][gc,phases   ] GC(342)   Pre Evacuate Collection Set: 3.0ms
[2024-12-16T11:45:06.171+0700][gc,phases   ] GC(342)   Merge Heap Roots: 1.1ms
[2024-12-16T11:45:06.171+0700][gc,phases   ] GC(342)   Evacuate Collection Set: 55.4ms
[2024-12-16T11:45:06.171+0700][gc,phases   ] GC(342)   Post Evacuate Collection Set: 2.3ms
[2024-12-16T11:45:06.171+0700][gc,phases   ] GC(342)   Other: 1.2ms
[2024-12-16T11:45:06.171+0700][gc,heap     ] GC(342) Eden regions: 45->0(46)
[2024-12-16T11:45:06.171+0700][gc,heap     ] GC(342) Survivor regions: 6->5(7)
[2024-12-16T11:45:06.171+0700][gc,heap     ] GC(342) Old regions: 285->289
[2024-12-16T11:45:06.171+0700][gc,heap     ] GC(342) Archive regions: 2->2
[2024-12-16T11:45:06.171+0700][gc,heap     ] GC(342) Humongous regions: 129->129
[2024-12-16T11:45:06.171+0700][gc,metaspace] GC(342) Metaspace: 45305K(45888K)->45305K(45888K) NonClass: 40100K(40448K)->40100K(40448K) Class: 5205K(5440K)->5205K(5440K)
[2024-12-16T11:45:06.171+0700][gc          ] GC(342) Pause Young (Normal) (G1 Evacuation Pause) 465M->423M(1024M) 62.977ms
[2024-12-16T11:45:06.171+0700][gc,cpu      ] GC(342) User=0.11s Sys=0.01s Real=0.06s
[2024-12-16T11:46:37.574+0700][gc,start    ] GC(343) Pause Young (Normal) (G1 Evacuation Pause)
[2024-12-16T11:46:37.574+0700][gc,task     ] GC(343) Using 2 workers of 2 for evacuation
[2024-12-16T11:46:37.612+0700][gc,mmu      ] GC(343) MMU target violated: 21.0ms (20.0ms/21.0ms)
[2024-12-16T11:46:37.612+0700][gc,phases   ] GC(343)   Pre Evacuate Collection Set: 3.4ms
[2024-12-16T11:46:37.612+0700][gc,phases   ] GC(343)   Merge Heap Roots: 0.9ms
[2024-12-16T11:46:37.612+0700][gc,phases   ] GC(343)   Evacuate Collection Set: 30.5ms
[2024-12-16T11:46:37.612+0700][gc,phases   ] GC(343)   Post Evacuate Collection Set: 1.9ms
[2024-12-16T11:46:37.612+0700][gc,phases   ] GC(343)   Other: 1.1ms
[2024-12-16T11:46:37.612+0700][gc,heap     ] GC(343) Eden regions: 46->0(48)
[2024-12-16T11:46:37.612+0700][gc,heap     ] GC(343) Survivor regions: 5->3(7)
[2024-12-16T11:46:37.612+0700][gc,heap     ] GC(343) Old regions: 289->291
[2024-12-16T11:46:37.612+0700][gc,heap     ] GC(343) Archive regions: 2->2
[2024-12-16T11:46:37.612+0700][gc,heap     ] GC(343) Humongous regions: 129->129
[2024-12-16T11:46:37.612+0700][gc,metaspace] GC(343) Metaspace: 45305K(45888K)->45305K(45888K) NonClass: 40100K(40448K)->40100K(40448K) Class: 5205K(5440K)->5205K(5440K)
[2024-12-16T11:46:37.612+0700][gc          ] GC(343) Pause Young (Normal) (G1 Evacuation Pause) 469M->423M(1024M) 37.745ms
[2024-12-16T11:46:37.612+0700][gc,cpu      ] GC(343) User=0.06s Sys=0.01s Real=0.04s
[2024-12-16T11:48:13.526+0700][gc,start    ] GC(344) Pause Young (Normal) (G1 Evacuation Pause)
[2024-12-16T11:48:13.526+0700][gc,task     ] GC(344) Using 2 workers of 2 for evacuation
[2024-12-16T11:48:13.576+0700][gc,mmu      ] GC(344) MMU target violated: 21.0ms (20.0ms/21.0ms)
[2024-12-16T11:48:13.577+0700][gc,phases   ] GC(344)   Pre Evacuate Collection Set: 3.3ms
[2024-12-16T11:48:13.577+0700][gc,phases   ] GC(344)   Merge Heap Roots: 1.4ms
[2024-12-16T11:48:13.577+0700][gc,phases   ] GC(344)   Evacuate Collection Set: 42.0ms
[2024-12-16T11:48:13.577+0700][gc,phases   ] GC(344)   Post Evacuate Collection Set: 2.9ms
[2024-12-16T11:48:13.577+0700][gc,phases   ] GC(344)   Other: 1.4ms
[2024-12-16T11:48:13.577+0700][gc,heap     ] GC(344) Eden regions: 48->0(45)
[2024-12-16T11:48:13.577+0700][gc,heap     ] GC(344) Survivor regions: 3->6(7)
[2024-12-16T11:48:13.577+0700][gc,heap     ] GC(344) Old regions: 291->291
[2024-12-16T11:48:13.577+0700][gc,heap     ] GC(344) Archive regions: 2->2
[2024-12-16T11:48:13.577+0700][gc,heap     ] GC(344) Humongous regions: 129->129
[2024-12-16T11:48:13.577+0700][gc,metaspace] GC(344) Metaspace: 45309K(45888K)->45309K(45888K) NonClass: 40104K(40448K)->40104K(40448K) Class: 5205K(5440K)->5205K(5440K)
[2024-12-16T11:48:13.577+0700][gc          ] GC(344) Pause Young (Normal) (G1 Evacuation Pause) 471M->426M(1024M) 51.151ms
[2024-12-16T11:48:13.577+0700][gc,cpu      ] GC(344) User=0.10s Sys=0.00s Real=0.05s
[2024-12-16T11:49:41.576+0700][gc,start    ] GC(345) Pause Young (Normal) (G1 Evacuation Pause)
[2024-12-16T11:49:41.577+0700][gc,task     ] GC(345) Using 2 workers of 2 for evacuation
[2024-12-16T11:49:41.641+0700][gc,mmu      ] GC(345) MMU target violated: 21.0ms (20.0ms/21.0ms)
[2024-12-16T11:49:41.642+0700][gc,phases   ] GC(345)   Pre Evacuate Collection Set: 2.7ms
[2024-12-16T11:49:41.642+0700][gc,phases   ] GC(345)   Merge Heap Roots: 0.7ms
[2024-12-16T11:49:41.642+0700][gc,phases   ] GC(345)   Evacuate Collection Set: 58.6ms
[2024-12-16T11:49:41.642+0700][gc,phases   ] GC(345)   Post Evacuate Collection Set: 2.6ms
[2024-12-16T11:49:41.642+0700][gc,phases   ] GC(345)   Other: 1.0ms
[2024-12-16T11:49:41.642+0700][gc,heap     ] GC(345) Eden regions: 45->0(46)
[2024-12-16T11:49:41.642+0700][gc,heap     ] GC(345) Survivor regions: 6->5(7)
[2024-12-16T11:49:41.642+0700][gc,heap     ] GC(345) Old regions: 291->296
[2024-12-16T11:49:41.642+0700][gc,heap     ] GC(345) Archive regions: 2->2
[2024-12-16T11:49:41.642+0700][gc,heap     ] GC(345) Humongous regions: 129->129
[2024-12-16T11:49:41.642+0700][gc,metaspace] GC(345) Metaspace: 45330K(45888K)->45330K(45888K) NonClass: 40125K(40448K)->40125K(40448K) Class: 5205K(5440K)->5205K(5440K)
[2024-12-16T11:49:41.642+0700][gc          ] GC(345) Pause Young (Normal) (G1 Evacuation Pause) 471M->429M(1024M) 65.416ms
[2024-12-16T11:49:41.642+0700][gc,cpu      ] GC(345) User=0.11s Sys=0.01s Real=0.06s
[2024-12-16T11:51:14.355+0700][gc,start    ] GC(346) Pause Young (Normal) (G1 Evacuation Pause)
[2024-12-16T11:51:14.355+0700][gc,task     ] GC(346) Using 2 workers of 2 for evacuation
[2024-12-16T11:51:14.403+0700][gc,mmu      ] GC(346) MMU target violated: 21.0ms (20.0ms/21.0ms)
[2024-12-16T11:51:14.403+0700][gc,phases   ] GC(346)   Pre Evacuate Collection Set: 3.2ms
[2024-12-16T11:51:14.403+0700][gc,phases   ] GC(346)   Merge Heap Roots: 1.3ms
[2024-12-16T11:51:14.403+0700][gc,phases   ] GC(346)   Evacuate Collection Set: 39.8ms
[2024-12-16T11:51:14.403+0700][gc,phases   ] GC(346)   Post Evacuate Collection Set: 2.5ms
[2024-12-16T11:51:14.403+0700][gc,phases   ] GC(346)   Other: 2.0ms
[2024-12-16T11:51:14.403+0700][gc,heap     ] GC(346) Eden regions: 46->0(48)
[2024-12-16T11:51:14.403+0700][gc,heap     ] GC(346) Survivor regions: 5->3(7)
[2024-12-16T11:51:14.403+0700][gc,heap     ] GC(346) Old regions: 296->298
[2024-12-16T11:51:14.403+0700][gc,heap     ] GC(346) Archive regions: 2->2
[2024-12-16T11:51:14.403+0700][gc,heap     ] GC(346) Humongous regions: 129->129
[2024-12-16T11:51:14.403+0700][gc,metaspace] GC(346) Metaspace: 45330K(45888K)->45330K(45888K) NonClass: 40125K(40448K)->40125K(40448K) Class: 5205K(5440K)->5205K(5440K)
[2024-12-16T11:51:14.403+0700][gc          ] GC(346) Pause Young (Normal) (G1 Evacuation Pause) 475M->430M(1024M) 48.613ms
[2024-12-16T11:51:14.403+0700][gc,cpu      ] GC(346) User=0.09s Sys=0.00s Real=0.05s
[2024-12-16T11:52:50.816+0700][gc,start    ] GC(347) Pause Young (Normal) (G1 Evacuation Pause)
[2024-12-16T11:52:50.816+0700][gc,task     ] GC(347) Using 2 workers of 2 for evacuation
[2024-12-16T11:52:50.862+0700][gc,mmu      ] GC(347) MMU target violated: 21.0ms (20.0ms/21.0ms)
[2024-12-16T11:52:50.862+0700][gc,phases   ] GC(347)   Pre Evacuate Collection Set: 4.1ms
[2024-12-16T11:52:50.862+0700][gc,phases   ] GC(347)   Merge Heap Roots: 1.9ms
[2024-12-16T11:52:50.862+0700][gc,phases   ] GC(347)   Evacuate Collection Set: 36.6ms
[2024-12-16T11:52:50.862+0700][gc,phases   ] GC(347)   Post Evacuate Collection Set: 2.5ms
[2024-12-16T11:52:50.862+0700][gc,phases   ] GC(347)   Other: 1.5ms
[2024-12-16T11:52:50.862+0700][gc,heap     ] GC(347) Eden regions: 48->0(45)
[2024-12-16T11:52:50.862+0700][gc,heap     ] GC(347) Survivor regions: 3->6(7)
[2024-12-16T11:52:50.862+0700][gc,heap     ] GC(347) Old regions: 298->298
[2024-12-16T11:52:50.862+0700][gc,heap     ] GC(347) Archive regions: 2->2
[2024-12-16T11:52:50.862+0700][gc,heap     ] GC(347) Humongous regions: 129->129
[2024-12-16T11:52:50.862+0700][gc,metaspace] GC(347) Metaspace: 45330K(45888K)->45330K(45888K) NonClass: 40125K(40448K)->40125K(40448K) Class: 5205K(5440K)->5205K(5440K)
[2024-12-16T11:52:50.862+0700][gc          ] GC(347) Pause Young (Normal) (G1 Evacuation Pause) 478M->433M(1024M) 46.541ms
[2024-12-16T11:52:50.862+0700][gc,cpu      ] GC(347) User=0.09s Sys=0.00s Real=0.05s
[2024-12-16T11:54:21.258+0700][gc,start    ] GC(348) Pause Young (Normal) (G1 Evacuation Pause)
[2024-12-16T11:54:21.258+0700][gc,task     ] GC(348) Using 2 workers of 2 for evacuation
[2024-12-16T11:54:21.324+0700][gc,mmu      ] GC(348) MMU target violated: 21.0ms (20.0ms/21.0ms)
[2024-12-16T11:54:21.324+0700][gc,phases   ] GC(348)   Pre Evacuate Collection Set: 2.9ms
[2024-12-16T11:54:21.324+0700][gc,phases   ] GC(348)   Merge Heap Roots: 1.1ms
[2024-12-16T11:54:21.324+0700][gc,phases   ] GC(348)   Evacuate Collection Set: 57.6ms
[2024-12-16T11:54:21.324+0700][gc,phases   ] GC(348)   Post Evacuate Collection Set: 3.9ms
[2024-12-16T11:54:21.324+0700][gc,phases   ] GC(348)   Other: 1.0ms
[2024-12-16T11:54:21.324+0700][gc,heap     ] GC(348) Eden regions: 45->0(46)
[2024-12-16T11:54:21.324+0700][gc,heap     ] GC(348) Survivor regions: 6->5(7)
[2024-12-16T11:54:21.324+0700][gc,heap     ] GC(348) Old regions: 298->303
[2024-12-16T11:54:21.324+0700][gc,heap     ] GC(348) Archive regions: 2->2
[2024-12-16T11:54:21.324+0700][gc,heap     ] GC(348) Humongous regions: 129->129
[2024-12-16T11:54:21.324+0700][gc,metaspace] GC(348) Metaspace: 45332K(45888K)->45332K(45888K) NonClass: 40126K(40448K)->40126K(40448K) Class: 5205K(5440K)->5205K(5440K)
[2024-12-16T11:54:21.324+0700][gc          ] GC(348) Pause Young (Normal) (G1 Evacuation Pause) 478M->436M(1024M) 66.705ms
[2024-12-16T11:54:21.324+0700][gc,cpu      ] GC(348) User=0.12s Sys=0.01s Real=0.07s
[2024-12-16T11:55:53.937+0700][gc,start    ] GC(349) Pause Young (Normal) (G1 Evacuation Pause)
[2024-12-16T11:55:53.937+0700][gc,task     ] GC(349) Using 2 workers of 2 for evacuation
[2024-12-16T11:55:53.980+0700][gc,mmu      ] GC(349) MMU target violated: 21.0ms (20.0ms/21.0ms)
[2024-12-16T11:55:53.980+0700][gc,phases   ] GC(349)   Pre Evacuate Collection Set: 4.4ms
[2024-12-16T11:55:53.980+0700][gc,phases   ] GC(349)   Merge Heap Roots: 0.8ms
[2024-12-16T11:55:53.980+0700][gc,phases   ] GC(349)   Evacuate Collection Set: 35.2ms
[2024-12-16T11:55:53.980+0700][gc,phases   ] GC(349)   Post Evacuate Collection Set: 2.2ms
[2024-12-16T11:55:53.980+0700][gc,phases   ] GC(349)   Other: 1.4ms
[2024-12-16T11:55:53.980+0700][gc,heap     ] GC(349) Eden regions: 46->0(48)
[2024-12-16T11:55:53.980+0700][gc,heap     ] GC(349) Survivor regions: 5->3(7)
[2024-12-16T11:55:53.980+0700][gc,heap     ] GC(349) Old regions: 303->305
[2024-12-16T11:55:53.980+0700][gc,heap     ] GC(349) Archive regions: 2->2
[2024-12-16T11:55:53.980+0700][gc,heap     ] GC(349) Humongous regions: 129->129
[2024-12-16T11:55:53.980+0700][gc,metaspace] GC(349) Metaspace: 45332K(45888K)->45332K(45888K) NonClass: 40126K(40448K)->40126K(40448K) Class: 5205K(5440K)->5205K(5440K)
[2024-12-16T11:55:53.981+0700][gc          ] GC(349) Pause Young (Normal) (G1 Evacuation Pause) 482M->437M(1024M) 43.923ms
[2024-12-16T11:55:53.981+0700][gc,cpu      ] GC(349) User=0.08s Sys=0.01s Real=0.04s
[2024-12-16T11:57:30.480+0700][gc,start    ] GC(350) Pause Young (Normal) (G1 Evacuation Pause)
[2024-12-16T11:57:30.481+0700][gc,task     ] GC(350) Using 2 workers of 2 for evacuation
[2024-12-16T11:57:30.529+0700][gc,mmu      ] GC(350) MMU target violated: 21.0ms (20.0ms/21.0ms)
[2024-12-16T11:57:30.529+0700][gc,phases   ] GC(350)   Pre Evacuate Collection Set: 4.0ms
[2024-12-16T11:57:30.529+0700][gc,phases   ] GC(350)   Merge Heap Roots: 0.9ms
[2024-12-16T11:57:30.529+0700][gc,phases   ] GC(350)   Evacuate Collection Set: 40.3ms
[2024-12-16T11:57:30.529+0700][gc,phases   ] GC(350)   Post Evacuate Collection Set: 2.5ms
[2024-12-16T11:57:30.529+0700][gc,phases   ] GC(350)   Other: 1.2ms
[2024-12-16T11:57:30.529+0700][gc,heap     ] GC(350) Eden regions: 48->0(45)
[2024-12-16T11:57:30.529+0700][gc,heap     ] GC(350) Survivor regions: 3->6(7)
[2024-12-16T11:57:30.529+0700][gc,heap     ] GC(350) Old regions: 305->305
[2024-12-16T11:57:30.529+0700][gc,heap     ] GC(350) Archive regions: 2->2
[2024-12-16T11:57:30.529+0700][gc,heap     ] GC(350) Humongous regions: 129->129
[2024-12-16T11:57:30.529+0700][gc,metaspace] GC(350) Metaspace: 45332K(45888K)->45332K(45888K) NonClass: 40126K(40448K)->40126K(40448K) Class: 5205K(5440K)->5205K(5440K)
[2024-12-16T11:57:30.529+0700][gc          ] GC(350) Pause Young (Normal) (G1 Evacuation Pause) 485M->440M(1024M) 48.849ms
[2024-12-16T11:57:30.529+0700][gc,cpu      ] GC(350) User=0.09s Sys=0.00s Real=0.05s
[2024-12-16T11:59:00.490+0700][gc,start    ] GC(351) Pause Young (Normal) (G1 Evacuation Pause)
[2024-12-16T11:59:00.490+0700][gc,task     ] GC(351) Using 2 workers of 2 for evacuation
[2024-12-16T11:59:00.564+0700][gc,mmu      ] GC(351) MMU target violated: 21.0ms (20.0ms/21.0ms)
[2024-12-16T11:59:00.564+0700][gc,phases   ] GC(351)   Pre Evacuate Collection Set: 3.3ms
[2024-12-16T11:59:00.564+0700][gc,phases   ] GC(351)   Merge Heap Roots: 1.2ms
[2024-12-16T11:59:00.564+0700][gc,phases   ] GC(351)   Evacuate Collection Set: 64.3ms
[2024-12-16T11:59:00.564+0700][gc,phases   ] GC(351)   Post Evacuate Collection Set: 3.8ms
[2024-12-16T11:59:00.564+0700][gc,phases   ] GC(351)   Other: 1.6ms
[2024-12-16T11:59:00.564+0700][gc,heap     ] GC(351) Eden regions: 45->0(46)
[2024-12-16T11:59:00.564+0700][gc,heap     ] GC(351) Survivor regions: 6->5(7)
[2024-12-16T11:59:00.564+0700][gc,heap     ] GC(351) Old regions: 305->310
[2024-12-16T11:59:00.564+0700][gc,heap     ] GC(351) Archive regions: 2->2
[2024-12-16T11:59:00.564+0700][gc,heap     ] GC(351) Humongous regions: 129->129
[2024-12-16T11:59:00.564+0700][gc,metaspace] GC(351) Metaspace: 45332K(45888K)->45332K(45888K) NonClass: 40126K(40448K)->40126K(40448K) Class: 5205K(5440K)->5205K(5440K)
[2024-12-16T11:59:00.564+0700][gc          ] GC(351) Pause Young (Normal) (G1 Evacuation Pause) 485M->443M(1024M) 74.250ms
[2024-12-16T11:59:00.564+0700][gc,cpu      ] GC(351) User=0.12s Sys=0.02s Real=0.08s
[2024-12-16T12:00:33.737+0700][gc,start    ] GC(352) Pause Young (Normal) (G1 Evacuation Pause)
[2024-12-16T12:00:33.737+0700][gc,task     ] GC(352) Using 2 workers of 2 for evacuation
[2024-12-16T12:00:33.782+0700][gc,mmu      ] GC(352) MMU target violated: 21.0ms (20.0ms/21.0ms)
[2024-12-16T12:00:33.782+0700][gc,phases   ] GC(352)   Pre Evacuate Collection Set: 2.9ms
[2024-12-16T12:00:33.782+0700][gc,phases   ] GC(352)   Merge Heap Roots: 1.0ms
[2024-12-16T12:00:33.782+0700][gc,phases   ] GC(352)   Evacuate Collection Set: 37.7ms
[2024-12-16T12:00:33.782+0700][gc,phases   ] GC(352)   Post Evacuate Collection Set: 3.0ms
[2024-12-16T12:00:33.782+0700][gc,phases   ] GC(352)   Other: 1.4ms
[2024-12-16T12:00:33.782+0700][gc,heap     ] GC(352) Eden regions: 46->0(48)
[2024-12-16T12:00:33.782+0700][gc,heap     ] GC(352) Survivor regions: 5->3(7)
[2024-12-16T12:00:33.783+0700][gc,heap     ] GC(352) Old regions: 310->312
[2024-12-16T12:00:33.783+0700][gc,heap     ] GC(352) Archive regions: 2->2
[2024-12-16T12:00:33.783+0700][gc,heap     ] GC(352) Humongous regions: 129->129
[2024-12-16T12:00:33.783+0700][gc,metaspace] GC(352) Metaspace: 45332K(45888K)->45332K(45888K) NonClass: 40126K(40448K)->40126K(40448K) Class: 5205K(5440K)->5205K(5440K)
[2024-12-16T12:00:33.783+0700][gc          ] GC(352) Pause Young (Normal) (G1 Evacuation Pause) 489M->444M(1024M) 45.930ms
[2024-12-16T12:00:33.783+0700][gc,cpu      ] GC(352) User=0.07s Sys=0.01s Real=0.04s
[2024-12-16T12:02:07.371+0700][gc,start    ] GC(353) Pause Young (Normal) (G1 Evacuation Pause)
[2024-12-16T12:02:07.371+0700][gc,task     ] GC(353) Using 2 workers of 2 for evacuation
[2024-12-16T12:02:07.420+0700][gc,mmu      ] GC(353) MMU target violated: 21.0ms (20.0ms/21.0ms)
[2024-12-16T12:02:07.421+0700][gc,phases   ] GC(353)   Pre Evacuate Collection Set: 2.5ms
[2024-12-16T12:02:07.421+0700][gc,phases   ] GC(353)   Merge Heap Roots: 1.6ms
[2024-12-16T12:02:07.421+0700][gc,phases   ] GC(353)   Evacuate Collection Set: 41.8ms
[2024-12-16T12:02:07.421+0700][gc,phases   ] GC(353)   Post Evacuate Collection Set: 2.5ms
[2024-12-16T12:02:07.421+0700][gc,phases   ] GC(353)   Other: 1.6ms
[2024-12-16T12:02:07.421+0700][gc,heap     ] GC(353) Eden regions: 48->0(45)
[2024-12-16T12:02:07.421+0700][gc,heap     ] GC(353) Survivor regions: 3->6(7)
[2024-12-16T12:02:07.421+0700][gc,heap     ] GC(353) Old regions: 312->312
[2024-12-16T12:02:07.421+0700][gc,heap     ] GC(353) Archive regions: 2->2
[2024-12-16T12:02:07.421+0700][gc,heap     ] GC(353) Humongous regions: 129->129
[2024-12-16T12:02:07.421+0700][gc,metaspace] GC(353) Metaspace: 45344K(45888K)->45344K(45888K) NonClass: 40139K(40448K)->40139K(40448K) Class: 5205K(5440K)->5205K(5440K)
[2024-12-16T12:02:07.421+0700][gc          ] GC(353) Pause Young (Normal) (G1 Evacuation Pause) 492M->447M(1024M) 50.226ms
[2024-12-16T12:02:07.421+0700][gc,cpu      ] GC(353) User=0.09s Sys=0.00s Real=0.05s
[2024-12-16T12:03:37.788+0700][gc,start    ] GC(354) Pause Young (Normal) (G1 Evacuation Pause)
[2024-12-16T12:03:37.788+0700][gc,task     ] GC(354) Using 2 workers of 2 for evacuation
[2024-12-16T12:03:37.861+0700][gc,mmu      ] GC(354) MMU target violated: 21.0ms (20.0ms/21.0ms)
[2024-12-16T12:03:37.862+0700][gc,phases   ] GC(354)   Pre Evacuate Collection Set: 2.6ms
[2024-12-16T12:03:37.862+0700][gc,phases   ] GC(354)   Merge Heap Roots: 1.0ms
[2024-12-16T12:03:37.862+0700][gc,phases   ] GC(354)   Evacuate Collection Set: 66.2ms
[2024-12-16T12:03:37.862+0700][gc,phases   ] GC(354)   Post Evacuate Collection Set: 2.8ms
[2024-12-16T12:03:37.862+0700][gc,phases   ] GC(354)   Other: 1.5ms
[2024-12-16T12:03:37.862+0700][gc,heap     ] GC(354) Eden regions: 45->0(44)
[2024-12-16T12:03:37.862+0700][gc,heap     ] GC(354) Survivor regions: 6->7(7)
[2024-12-16T12:03:37.862+0700][gc,heap     ] GC(354) Old regions: 312->314
[2024-12-16T12:03:37.862+0700][gc,heap     ] GC(354) Archive regions: 2->2
[2024-12-16T12:03:37.862+0700][gc,heap     ] GC(354) Humongous regions: 129->129
[2024-12-16T12:03:37.862+0700][gc,metaspace] GC(354) Metaspace: 45344K(45888K)->45344K(45888K) NonClass: 40139K(40448K)->40139K(40448K) Class: 5205K(5440K)->5205K(5440K)
[2024-12-16T12:03:37.862+0700][gc          ] GC(354) Pause Young (Normal) (G1 Evacuation Pause) 492M->450M(1024M) 74.105ms
[2024-12-16T12:03:37.862+0700][gc,cpu      ] GC(354) User=0.13s Sys=0.01s Real=0.07s
[2024-12-16T12:05:02.048+0700][gc,start    ] GC(355) Pause Young (Normal) (G1 Evacuation Pause)
[2024-12-16T12:05:02.048+0700][gc,task     ] GC(355) Using 2 workers of 2 for evacuation
[2024-12-16T12:05:02.099+0700][gc,mmu      ] GC(355) MMU target violated: 21.0ms (20.0ms/21.0ms)
[2024-12-16T12:05:02.100+0700][gc,phases   ] GC(355)   Pre Evacuate Collection Set: 3.8ms
[2024-12-16T12:05:02.100+0700][gc,phases   ] GC(355)   Merge Heap Roots: 1.3ms
[2024-12-16T12:05:02.100+0700][gc,phases   ] GC(355)   Evacuate Collection Set: 43.7ms
[2024-12-16T12:05:02.100+0700][gc,phases   ] GC(355)   Post Evacuate Collection Set: 2.2ms
[2024-12-16T12:05:02.100+0700][gc,phases   ] GC(355)   Other: 0.9ms
[2024-12-16T12:05:02.100+0700][gc,heap     ] GC(355) Eden regions: 44->0(48)
[2024-12-16T12:05:02.100+0700][gc,heap     ] GC(355) Survivor regions: 7->3(7)
[2024-12-16T12:05:02.100+0700][gc,heap     ] GC(355) Old regions: 314->318
[2024-12-16T12:05:02.100+0700][gc,heap     ] GC(355) Archive regions: 2->2
[2024-12-16T12:05:02.100+0700][gc,heap     ] GC(355) Humongous regions: 129->129
[2024-12-16T12:05:02.100+0700][gc,metaspace] GC(355) Metaspace: 45346K(45888K)->45346K(45888K) NonClass: 40140K(40448K)->40140K(40448K) Class: 5205K(5440K)->5205K(5440K)
[2024-12-16T12:05:02.100+0700][gc          ] GC(355) Pause Young (Normal) (G1 Evacuation Pause) 494M->450M(1024M) 51.800ms
[2024-12-16T12:05:02.100+0700][gc,cpu      ] GC(355) User=0.10s Sys=0.00s Real=0.05s
[2024-12-16T12:06:37.947+0700][gc,start    ] GC(356) Pause Young (Normal) (G1 Evacuation Pause)
[2024-12-16T12:06:37.947+0700][gc,task     ] GC(356) Using 2 workers of 2 for evacuation
[2024-12-16T12:06:37.994+0700][gc,mmu      ] GC(356) MMU target violated: 21.0ms (20.0ms/21.0ms)
[2024-12-16T12:06:37.994+0700][gc,phases   ] GC(356)   Pre Evacuate Collection Set: 3.2ms
[2024-12-16T12:06:37.994+0700][gc,phases   ] GC(356)   Merge Heap Roots: 1.4ms
[2024-12-16T12:06:37.994+0700][gc,phases   ] GC(356)   Evacuate Collection Set: 38.1ms
[2024-12-16T12:06:37.994+0700][gc,phases   ] GC(356)   Post Evacuate Collection Set: 3.1ms
[2024-12-16T12:06:37.994+0700][gc,phases   ] GC(356)   Other: 1.8ms
[2024-12-16T12:06:37.994+0700][gc,heap     ] GC(356) Eden regions: 48->0(45)
[2024-12-16T12:06:37.994+0700][gc,heap     ] GC(356) Survivor regions: 3->6(7)
[2024-12-16T12:06:37.994+0700][gc,heap     ] GC(356) Old regions: 318->318
[2024-12-16T12:06:37.994+0700][gc,heap     ] GC(356) Archive regions: 2->2
[2024-12-16T12:06:37.994+0700][gc,heap     ] GC(356) Humongous regions: 129->129
[2024-12-16T12:06:37.994+0700][gc,metaspace] GC(356) Metaspace: 45346K(45888K)->45346K(45888K) NonClass: 40140K(40448K)->40140K(40448K) Class: 5205K(5440K)->5205K(5440K)
[2024-12-16T12:06:37.995+0700][gc          ] GC(356) Pause Young (Normal) (G1 Evacuation Pause) 498M->453M(1024M) 47.675ms
[2024-12-16T12:06:37.995+0700][gc,cpu      ] GC(356) User=0.08s Sys=0.00s Real=0.04s
[2024-12-16T12:08:04.340+0700][gc,start    ] GC(357) Pause Young (Normal) (G1 Evacuation Pause)
[2024-12-16T12:08:04.340+0700][gc,task     ] GC(357) Using 2 workers of 2 for evacuation
[2024-12-16T12:08:04.400+0700][gc,mmu      ] GC(357) MMU target violated: 21.0ms (20.0ms/21.0ms)
[2024-12-16T12:08:04.400+0700][gc,phases   ] GC(357)   Pre Evacuate Collection Set: 3.8ms
[2024-12-16T12:08:04.400+0700][gc,phases   ] GC(357)   Merge Heap Roots: 0.6ms
[2024-12-16T12:08:04.400+0700][gc,phases   ] GC(357)   Evacuate Collection Set: 52.4ms
[2024-12-16T12:08:04.400+0700][gc,phases   ] GC(357)   Post Evacuate Collection Set: 2.1ms
[2024-12-16T12:08:04.400+0700][gc,phases   ] GC(357)   Other: 1.2ms
[2024-12-16T12:08:04.400+0700][gc,heap     ] GC(357) Eden regions: 45->0(44)
[2024-12-16T12:08:04.400+0700][gc,heap     ] GC(357) Survivor regions: 6->7(7)
[2024-12-16T12:08:04.400+0700][gc,heap     ] GC(357) Old regions: 318->321
[2024-12-16T12:08:04.400+0700][gc,heap     ] GC(357) Archive regions: 2->2
[2024-12-16T12:08:04.400+0700][gc,heap     ] GC(357) Humongous regions: 129->129
[2024-12-16T12:08:04.400+0700][gc,metaspace] GC(357) Metaspace: 45346K(45888K)->45346K(45888K) NonClass: 40140K(40448K)->40140K(40448K) Class: 5205K(5440K)->5205K(5440K)
[2024-12-16T12:08:04.400+0700][gc          ] GC(357) Pause Young (Normal) (G1 Evacuation Pause) 498M->456M(1024M) 60.158ms
[2024-12-16T12:08:04.400+0700][gc,cpu      ] GC(357) User=0.12s Sys=0.00s Real=0.06s
[2024-12-16T12:09:23.937+0700][gc,start    ] GC(358) Pause Young (Normal) (G1 Evacuation Pause)
[2024-12-16T12:09:23.937+0700][gc,task     ] GC(358) Using 2 workers of 2 for evacuation
[2024-12-16T12:09:24.008+0700][gc,mmu      ] GC(358) MMU target violated: 21.0ms (20.0ms/21.0ms)
[2024-12-16T12:09:24.009+0700][gc,phases   ] GC(358)   Pre Evacuate Collection Set: 2.3ms
[2024-12-16T12:09:24.009+0700][gc,phases   ] GC(358)   Merge Heap Roots: 1.1ms
[2024-12-16T12:09:24.009+0700][gc,phases   ] GC(358)   Evacuate Collection Set: 64.8ms
[2024-12-16T12:09:24.009+0700][gc,phases   ] GC(358)   Post Evacuate Collection Set: 2.3ms
[2024-12-16T12:09:24.009+0700][gc,phases   ] GC(358)   Other: 1.1ms
[2024-12-16T12:09:24.009+0700][gc,heap     ] GC(358) Eden regions: 44->0(45)
[2024-12-16T12:09:24.009+0700][gc,heap     ] GC(358) Survivor regions: 7->6(7)
[2024-12-16T12:09:24.009+0700][gc,heap     ] GC(358) Old regions: 321->325
[2024-12-16T12:09:24.009+0700][gc,heap     ] GC(358) Archive regions: 2->2
[2024-12-16T12:09:24.009+0700][gc,heap     ] GC(358) Humongous regions: 129->129
[2024-12-16T12:09:24.009+0700][gc,metaspace] GC(358) Metaspace: 45346K(45888K)->45346K(45888K) NonClass: 40140K(40448K)->40140K(40448K) Class: 5205K(5440K)->5205K(5440K)
[2024-12-16T12:09:24.009+0700][gc          ] GC(358) Pause Young (Normal) (G1 Evacuation Pause) 500M->460M(1024M) 71.658ms
[2024-12-16T12:09:24.009+0700][gc,cpu      ] GC(358) User=0.12s Sys=0.02s Real=0.07s
[2024-12-16T12:10:52.938+0700][gc,start    ] GC(359) Pause Young (Normal) (G1 Evacuation Pause)
[2024-12-16T12:10:52.939+0700][gc,task     ] GC(359) Using 2 workers of 2 for evacuation
[2024-12-16T12:10:52.983+0700][gc,mmu      ] GC(359) MMU target violated: 21.0ms (20.0ms/21.0ms)
[2024-12-16T12:10:52.983+0700][gc,phases   ] GC(359)   Pre Evacuate Collection Set: 2.5ms
[2024-12-16T12:10:52.983+0700][gc,phases   ] GC(359)   Merge Heap Roots: 1.4ms
[2024-12-16T12:10:52.983+0700][gc,phases   ] GC(359)   Evacuate Collection Set: 36.9ms
[2024-12-16T12:10:52.983+0700][gc,phases   ] GC(359)   Post Evacuate Collection Set: 3.3ms
[2024-12-16T12:10:52.983+0700][gc,phases   ] GC(359)   Other: 1.3ms
[2024-12-16T12:10:52.983+0700][gc,heap     ] GC(359) Eden regions: 45->0(49)
[2024-12-16T12:10:52.984+0700][gc,heap     ] GC(359) Survivor regions: 6->2(7)
[2024-12-16T12:10:52.984+0700][gc,heap     ] GC(359) Old regions: 325->328
[2024-12-16T12:10:52.984+0700][gc,heap     ] GC(359) Archive regions: 2->2
[2024-12-16T12:10:52.984+0700][gc,heap     ] GC(359) Humongous regions: 129->129
[2024-12-16T12:10:52.984+0700][gc,metaspace] GC(359) Metaspace: 45346K(45888K)->45346K(45888K) NonClass: 40140K(40448K)->40140K(40448K) Class: 5205K(5440K)->5205K(5440K)
[2024-12-16T12:10:52.984+0700][gc          ] GC(359) Pause Young (Normal) (G1 Evacuation Pause) 505M->459M(1024M) 45.176ms
[2024-12-16T12:10:52.984+0700][gc,cpu      ] GC(359) User=0.07s Sys=0.01s Real=0.04s
[2024-12-16T12:12:31.644+0700][gc,start    ] GC(360) Pause Young (Normal) (G1 Evacuation Pause)
[2024-12-16T12:12:31.644+0700][gc,task     ] GC(360) Using 2 workers of 2 for evacuation
[2024-12-16T12:12:31.681+0700][gc,mmu      ] GC(360) MMU target violated: 21.0ms (20.0ms/21.0ms)
[2024-12-16T12:12:31.681+0700][gc,phases   ] GC(360)   Pre Evacuate Collection Set: 2.4ms
[2024-12-16T12:12:31.681+0700][gc,phases   ] GC(360)   Merge Heap Roots: 1.0ms
[2024-12-16T12:12:31.681+0700][gc,phases   ] GC(360)   Evacuate Collection Set: 31.4ms
[2024-12-16T12:12:31.681+0700][gc,phases   ] GC(360)   Post Evacuate Collection Set: 1.8ms
[2024-12-16T12:12:31.681+0700][gc,phases   ] GC(360)   Other: 1.1ms
[2024-12-16T12:12:31.681+0700][gc,heap     ] GC(360) Eden regions: 49->0(45)
[2024-12-16T12:12:31.681+0700][gc,heap     ] GC(360) Survivor regions: 2->6(7)
[2024-12-16T12:12:31.681+0700][gc,heap     ] GC(360) Old regions: 328->328
[2024-12-16T12:12:31.681+0700][gc,heap     ] GC(360) Archive regions: 2->2
[2024-12-16T12:12:31.681+0700][gc,heap     ] GC(360) Humongous regions: 129->129
[2024-12-16T12:12:31.681+0700][gc,metaspace] GC(360) Metaspace: 45346K(45888K)->45346K(45888K) NonClass: 40140K(40448K)->40140K(40448K) Class: 5205K(5440K)->5205K(5440K)
[2024-12-16T12:12:31.682+0700][gc          ] GC(360) Pause Young (Normal) (G1 Evacuation Pause) 508M->462M(1024M) 37.768ms
[2024-12-16T12:12:31.682+0700][gc,cpu      ] GC(360) User=0.07s Sys=0.01s Real=0.04s
[2024-12-16T12:14:01.676+0700][gc,start    ] GC(361) Pause Young (Normal) (G1 Evacuation Pause)
[2024-12-16T12:14:01.676+0700][gc,task     ] GC(361) Using 2 workers of 2 for evacuation
[2024-12-16T12:14:01.726+0700][gc,mmu      ] GC(361) MMU target violated: 21.0ms (20.0ms/21.0ms)
[2024-12-16T12:14:01.726+0700][gc,phases   ] GC(361)   Pre Evacuate Collection Set: 2.3ms
[2024-12-16T12:14:01.726+0700][gc,phases   ] GC(361)   Merge Heap Roots: 1.0ms
[2024-12-16T12:14:01.726+0700][gc,phases   ] GC(361)   Evacuate Collection Set: 43.6ms
[2024-12-16T12:14:01.726+0700][gc,phases   ] GC(361)   Post Evacuate Collection Set: 2.3ms
[2024-12-16T12:14:01.726+0700][gc,phases   ] GC(361)   Other: 1.1ms
[2024-12-16T12:14:01.726+0700][gc,heap     ] GC(361) Eden regions: 45->0(46)
[2024-12-16T12:14:01.726+0700][gc,heap     ] GC(361) Survivor regions: 6->5(7)
[2024-12-16T12:14:01.726+0700][gc,heap     ] GC(361) Old regions: 328->332
[2024-12-16T12:14:01.726+0700][gc,heap     ] GC(361) Archive regions: 2->2
[2024-12-16T12:14:01.726+0700][gc,heap     ] GC(361) Humongous regions: 129->129
[2024-12-16T12:14:01.726+0700][gc,metaspace] GC(361) Metaspace: 45352K(45888K)->45352K(45888K) NonClass: 40146K(40448K)->40146K(40448K) Class: 5205K(5440K)->5205K(5440K)
[2024-12-16T12:14:01.726+0700][gc          ] GC(361) Pause Young (Normal) (G1 Evacuation Pause) 507M->466M(1024M) 50.325ms
[2024-12-16T12:14:01.726+0700][gc,cpu      ] GC(361) User=0.09s Sys=0.01s Real=0.06s
[2024-12-16T12:15:34.786+0700][gc,start    ] GC(362) Pause Young (Normal) (G1 Evacuation Pause)
[2024-12-16T12:15:34.787+0700][gc,task     ] GC(362) Using 2 workers of 2 for evacuation
[2024-12-16T12:15:34.830+0700][gc,mmu      ] GC(362) MMU target violated: 21.0ms (20.0ms/21.0ms)
[2024-12-16T12:15:34.830+0700][gc,phases   ] GC(362)   Pre Evacuate Collection Set: 2.8ms
[2024-12-16T12:15:34.830+0700][gc,phases   ] GC(362)   Merge Heap Roots: 0.9ms
[2024-12-16T12:15:34.830+0700][gc,phases   ] GC(362)   Evacuate Collection Set: 36.6ms
[2024-12-16T12:15:34.830+0700][gc,phases   ] GC(362)   Post Evacuate Collection Set: 2.6ms
[2024-12-16T12:15:34.830+0700][gc,phases   ] GC(362)   Other: 1.3ms
[2024-12-16T12:15:34.830+0700][gc,heap     ] GC(362) Eden regions: 46->0(48)
[2024-12-16T12:15:34.830+0700][gc,heap     ] GC(362) Survivor regions: 5->3(7)
[2024-12-16T12:15:34.830+0700][gc,heap     ] GC(362) Old regions: 332->334
[2024-12-16T12:15:34.830+0700][gc,heap     ] GC(362) Archive regions: 2->2
[2024-12-16T12:15:34.830+0700][gc,heap     ] GC(362) Humongous regions: 129->129
[2024-12-16T12:15:34.830+0700][gc,metaspace] GC(362) Metaspace: 45352K(45888K)->45352K(45888K) NonClass: 40146K(40448K)->40146K(40448K) Class: 5205K(5440K)->5205K(5440K)
[2024-12-16T12:15:34.831+0700][gc          ] GC(362) Pause Young (Normal) (G1 Evacuation Pause) 512M->466M(1024M) 44.123ms
[2024-12-16T12:15:34.831+0700][gc,cpu      ] GC(362) User=0.08s Sys=0.00s Real=0.04s
[2024-12-16T12:17:08.043+0700][gc,start    ] GC(363) Pause Young (Normal) (G1 Evacuation Pause)
[2024-12-16T12:17:08.043+0700][gc,task     ] GC(363) Using 2 workers of 2 for evacuation
[2024-12-16T12:17:08.116+0700][gc,mmu      ] GC(363) MMU target violated: 21.0ms (20.0ms/21.0ms)
[2024-12-16T12:17:08.116+0700][gc,phases   ] GC(363)   Pre Evacuate Collection Set: 3.9ms
[2024-12-16T12:17:08.116+0700][gc,phases   ] GC(363)   Merge Heap Roots: 1.0ms
[2024-12-16T12:17:08.116+0700][gc,phases   ] GC(363)   Evacuate Collection Set: 63.7ms
[2024-12-16T12:17:08.116+0700][gc,phases   ] GC(363)   Post Evacuate Collection Set: 3.1ms
[2024-12-16T12:17:08.116+0700][gc,phases   ] GC(363)   Other: 1.0ms
[2024-12-16T12:17:08.116+0700][gc,heap     ] GC(363) Eden regions: 48->0(44)
[2024-12-16T12:17:08.116+0700][gc,heap     ] GC(363) Survivor regions: 3->7(7)
[2024-12-16T12:17:08.116+0700][gc,heap     ] GC(363) Old regions: 334->334
[2024-12-16T12:17:08.116+0700][gc,heap     ] GC(363) Archive regions: 2->2
[2024-12-16T12:17:08.116+0700][gc,heap     ] GC(363) Humongous regions: 129->129
[2024-12-16T12:17:08.116+0700][gc,metaspace] GC(363) Metaspace: 45353K(45888K)->45353K(45888K) NonClass: 40148K(40448K)->40148K(40448K) Class: 5205K(5440K)->5205K(5440K)
[2024-12-16T12:17:08.116+0700][gc          ] GC(363) Pause Young (Normal) (G1 Evacuation Pause) 514M->469M(1024M) 72.714ms
[2024-12-16T12:17:08.116+0700][gc,cpu      ] GC(363) User=0.14s Sys=0.00s Real=0.08s
[2024-12-16T12:18:36.744+0700][gc,start    ] GC(364) Pause Young (Normal) (G1 Evacuation Pause)
[2024-12-16T12:18:36.744+0700][gc,task     ] GC(364) Using 2 workers of 2 for evacuation
[2024-12-16T12:18:36.820+0700][gc,mmu      ] GC(364) MMU target violated: 21.0ms (20.0ms/21.0ms)
[2024-12-16T12:18:36.820+0700][gc,phases   ] GC(364)   Pre Evacuate Collection Set: 4.8ms
[2024-12-16T12:18:36.820+0700][gc,phases   ] GC(364)   Merge Heap Roots: 0.9ms
[2024-12-16T12:18:36.820+0700][gc,phases   ] GC(364)   Evacuate Collection Set: 66.1ms
[2024-12-16T12:18:36.820+0700][gc,phases   ] GC(364)   Post Evacuate Collection Set: 3.2ms
[2024-12-16T12:18:36.820+0700][gc,phases   ] GC(364)   Other: 2.0ms
[2024-12-16T12:18:36.820+0700][gc,heap     ] GC(364) Eden regions: 44->0(46)
[2024-12-16T12:18:36.820+0700][gc,heap     ] GC(364) Survivor regions: 7->5(7)
[2024-12-16T12:18:36.820+0700][gc,heap     ] GC(364) Old regions: 334->339
[2024-12-16T12:18:36.820+0700][gc,heap     ] GC(364) Archive regions: 2->2
[2024-12-16T12:18:36.820+0700][gc,heap     ] GC(364) Humongous regions: 129->129
[2024-12-16T12:18:36.820+0700][gc,metaspace] GC(364) Metaspace: 45353K(45888K)->45353K(45888K) NonClass: 40148K(40448K)->40148K(40448K) Class: 5205K(5440K)->5205K(5440K)
[2024-12-16T12:18:36.821+0700][gc          ] GC(364) Pause Young (Normal) (G1 Evacuation Pause) 513M->472M(1024M) 76.964ms
[2024-12-16T12:18:36.821+0700][gc,cpu      ] GC(364) User=0.12s Sys=0.02s Real=0.08s
[2024-12-16T12:20:08.148+0700][gc,start    ] GC(365) Pause Young (Normal) (G1 Evacuation Pause)
[2024-12-16T12:20:08.148+0700][gc,task     ] GC(365) Using 2 workers of 2 for evacuation
[2024-12-16T12:20:08.191+0700][gc,mmu      ] GC(365) MMU target violated: 21.0ms (20.0ms/21.0ms)
[2024-12-16T12:20:08.191+0700][gc,phases   ] GC(365)   Pre Evacuate Collection Set: 5.5ms
[2024-12-16T12:20:08.191+0700][gc,phases   ] GC(365)   Merge Heap Roots: 0.8ms
[2024-12-16T12:20:08.191+0700][gc,phases   ] GC(365)   Evacuate Collection Set: 32.5ms
[2024-12-16T12:20:08.191+0700][gc,phases   ] GC(365)   Post Evacuate Collection Set: 3.1ms
[2024-12-16T12:20:08.191+0700][gc,phases   ] GC(365)   Other: 1.2ms
[2024-12-16T12:20:08.191+0700][gc,heap     ] GC(365) Eden regions: 46->0(48)
[2024-12-16T12:20:08.191+0700][gc,heap     ] GC(365) Survivor regions: 5->3(7)
[2024-12-16T12:20:08.191+0700][gc,heap     ] GC(365) Old regions: 339->341
[2024-12-16T12:20:08.191+0700][gc,heap     ] GC(365) Archive regions: 2->2
[2024-12-16T12:20:08.191+0700][gc,heap     ] GC(365) Humongous regions: 129->129
[2024-12-16T12:20:08.191+0700][gc,metaspace] GC(365) Metaspace: 45353K(45888K)->45353K(45888K) NonClass: 40148K(40448K)->40148K(40448K) Class: 5205K(5440K)->5205K(5440K)
[2024-12-16T12:20:08.191+0700][gc          ] GC(365) Pause Young (Normal) (G1 Evacuation Pause) 518M->473M(1024M) 43.245ms
[2024-12-16T12:20:08.192+0700][gc,cpu      ] GC(365) User=0.07s Sys=0.02s Real=0.04s
[2024-12-16T12:21:44.525+0700][gc,start    ] GC(366) Pause Young (Normal) (G1 Evacuation Pause)
[2024-12-16T12:21:44.525+0700][gc,task     ] GC(366) Using 2 workers of 2 for evacuation
[2024-12-16T12:21:44.561+0700][gc,mmu      ] GC(366) MMU target violated: 21.0ms (20.0ms/21.0ms)
[2024-12-16T12:21:44.562+0700][gc,phases   ] GC(366)   Pre Evacuate Collection Set: 2.2ms
[2024-12-16T12:21:44.562+0700][gc,phases   ] GC(366)   Merge Heap Roots: 0.7ms
[2024-12-16T12:21:44.562+0700][gc,phases   ] GC(366)   Evacuate Collection Set: 30.9ms
[2024-12-16T12:21:44.562+0700][gc,phases   ] GC(366)   Post Evacuate Collection Set: 1.9ms
[2024-12-16T12:21:44.562+0700][gc,phases   ] GC(366)   Other: 1.0ms
[2024-12-16T12:21:44.562+0700][gc,heap     ] GC(366) Eden regions: 48->0(45)
[2024-12-16T12:21:44.562+0700][gc,heap     ] GC(366) Survivor regions: 3->6(7)
[2024-12-16T12:21:44.562+0700][gc,heap     ] GC(366) Old regions: 341->341
[2024-12-16T12:21:44.562+0700][gc,heap     ] GC(366) Archive regions: 2->2
[2024-12-16T12:21:44.562+0700][gc,heap     ] GC(366) Humongous regions: 129->129
[2024-12-16T12:21:44.562+0700][gc,metaspace] GC(366) Metaspace: 45353K(45888K)->45353K(45888K) NonClass: 40148K(40448K)->40148K(40448K) Class: 5205K(5440K)->5205K(5440K)
[2024-12-16T12:21:44.562+0700][gc          ] GC(366) Pause Young (Normal) (G1 Evacuation Pause) 521M->476M(1024M) 36.553ms
[2024-12-16T12:21:44.562+0700][gc,cpu      ] GC(366) User=0.07s Sys=0.00s Real=0.03s
[2024-12-16T12:23:14.126+0700][gc,start    ] GC(367) Pause Young (Normal) (G1 Evacuation Pause)
[2024-12-16T12:23:14.126+0700][gc,task     ] GC(367) Using 2 workers of 2 for evacuation
[2024-12-16T12:23:14.188+0700][gc,mmu      ] GC(367) MMU target violated: 21.0ms (20.0ms/21.0ms)
[2024-12-16T12:23:14.188+0700][gc,phases   ] GC(367)   Pre Evacuate Collection Set: 2.8ms
[2024-12-16T12:23:14.188+0700][gc,phases   ] GC(367)   Merge Heap Roots: 0.6ms
[2024-12-16T12:23:14.188+0700][gc,phases   ] GC(367)   Evacuate Collection Set: 54.5ms
[2024-12-16T12:23:14.188+0700][gc,phases   ] GC(367)   Post Evacuate Collection Set: 3.4ms
[2024-12-16T12:23:14.188+0700][gc,phases   ] GC(367)   Other: 1.5ms
[2024-12-16T12:23:14.188+0700][gc,heap     ] GC(367) Eden regions: 45->0(44)
[2024-12-16T12:23:14.188+0700][gc,heap     ] GC(367) Survivor regions: 6->7(7)
[2024-12-16T12:23:14.188+0700][gc,heap     ] GC(367) Old regions: 341->343
[2024-12-16T12:23:14.188+0700][gc,heap     ] GC(367) Archive regions: 2->2
[2024-12-16T12:23:14.188+0700][gc,heap     ] GC(367) Humongous regions: 129->129
[2024-12-16T12:23:14.188+0700][gc,metaspace] GC(367) Metaspace: 45353K(45888K)->45353K(45888K) NonClass: 40148K(40448K)->40148K(40448K) Class: 5205K(5440K)->5205K(5440K)
[2024-12-16T12:23:14.188+0700][gc          ] GC(367) Pause Young (Normal) (G1 Evacuation Pause) 521M->479M(1024M) 62.694ms
[2024-12-16T12:23:14.188+0700][gc,cpu      ] GC(367) User=0.10s Sys=0.01s Real=0.06s
[2024-12-16T12:24:41.409+0700][gc,start    ] GC(368) Pause Young (Normal) (G1 Evacuation Pause)
[2024-12-16T12:24:41.409+0700][gc,task     ] GC(368) Using 2 workers of 2 for evacuation
[2024-12-16T12:24:41.469+0700][gc,mmu      ] GC(368) MMU target violated: 21.0ms (20.0ms/21.0ms)
[2024-12-16T12:24:41.470+0700][gc,phases   ] GC(368)   Pre Evacuate Collection Set: 2.4ms
[2024-12-16T12:24:41.470+0700][gc,phases   ] GC(368)   Merge Heap Roots: 1.2ms
[2024-12-16T12:24:41.470+0700][gc,phases   ] GC(368)   Evacuate Collection Set: 53.4ms
[2024-12-16T12:24:41.470+0700][gc,phases   ] GC(368)   Post Evacuate Collection Set: 2.8ms
[2024-12-16T12:24:41.470+0700][gc,phases   ] GC(368)   Other: 1.2ms
[2024-12-16T12:24:41.470+0700][gc,heap     ] GC(368) Eden regions: 44->0(46)
[2024-12-16T12:24:41.470+0700][gc,heap     ] GC(368) Survivor regions: 7->5(7)
[2024-12-16T12:24:41.470+0700][gc,heap     ] GC(368) Old regions: 343->348
[2024-12-16T12:24:41.470+0700][gc,heap     ] GC(368) Archive regions: 2->2
[2024-12-16T12:24:41.470+0700][gc,heap     ] GC(368) Humongous regions: 129->129
[2024-12-16T12:24:41.470+0700][gc,metaspace] GC(368) Metaspace: 45355K(45888K)->45355K(45888K) NonClass: 40149K(40448K)->40149K(40448K) Class: 5205K(5440K)->5205K(5440K)
[2024-12-16T12:24:41.470+0700][gc          ] GC(368) Pause Young (Normal) (G1 Evacuation Pause) 523M->481M(1024M) 61.217ms
[2024-12-16T12:24:41.470+0700][gc,cpu      ] GC(368) User=0.10s Sys=0.02s Real=0.06s
[2024-12-16T12:26:13.388+0700][gc,start    ] GC(369) Pause Young (Normal) (G1 Evacuation Pause)
[2024-12-16T12:26:13.388+0700][gc,task     ] GC(369) Using 2 workers of 2 for evacuation
[2024-12-16T12:26:13.435+0700][gc,mmu      ] GC(369) MMU target violated: 21.0ms (20.0ms/21.0ms)
[2024-12-16T12:26:13.435+0700][gc,phases   ] GC(369)   Pre Evacuate Collection Set: 2.7ms
[2024-12-16T12:26:13.435+0700][gc,phases   ] GC(369)   Merge Heap Roots: 0.8ms
[2024-12-16T12:26:13.435+0700][gc,phases   ] GC(369)   Evacuate Collection Set: 39.4ms
[2024-12-16T12:26:13.435+0700][gc,phases   ] GC(369)   Post Evacuate Collection Set: 3.2ms
[2024-12-16T12:26:13.435+0700][gc,phases   ] GC(369)   Other: 1.4ms
[2024-12-16T12:26:13.435+0700][gc,heap     ] GC(369) Eden regions: 46->0(48)
[2024-12-16T12:26:13.435+0700][gc,heap     ] GC(369) Survivor regions: 5->3(7)
[2024-12-16T12:26:13.435+0700][gc,heap     ] GC(369) Old regions: 348->350
[2024-12-16T12:26:13.435+0700][gc,heap     ] GC(369) Archive regions: 2->2
[2024-12-16T12:26:13.435+0700][gc,heap     ] GC(369) Humongous regions: 129->129
[2024-12-16T12:26:13.435+0700][gc,metaspace] GC(369) Metaspace: 45355K(45888K)->45355K(45888K) NonClass: 40149K(40448K)->40149K(40448K) Class: 5205K(5440K)->5205K(5440K)
[2024-12-16T12:26:13.435+0700][gc          ] GC(369) Pause Young (Normal) (G1 Evacuation Pause) 527M->482M(1024M) 47.655ms
[2024-12-16T12:26:13.435+0700][gc,cpu      ] GC(369) User=0.09s Sys=0.00s Real=0.04s
[2024-12-16T12:27:50.235+0700][gc,start    ] GC(370) Pause Young (Normal) (G1 Evacuation Pause)
[2024-12-16T12:27:50.236+0700][gc,task     ] GC(370) Using 2 workers of 2 for evacuation
[2024-12-16T12:27:50.281+0700][gc,mmu      ] GC(370) MMU target violated: 21.0ms (20.0ms/21.0ms)
[2024-12-16T12:27:50.282+0700][gc,phases   ] GC(370)   Pre Evacuate Collection Set: 2.7ms
[2024-12-16T12:27:50.282+0700][gc,phases   ] GC(370)   Merge Heap Roots: 0.8ms
[2024-12-16T12:27:50.282+0700][gc,phases   ] GC(370)   Evacuate Collection Set: 38.4ms
[2024-12-16T12:27:50.282+0700][gc,phases   ] GC(370)   Post Evacuate Collection Set: 3.2ms
[2024-12-16T12:27:50.282+0700][gc,phases   ] GC(370)   Other: 1.2ms
[2024-12-16T12:27:50.282+0700][gc,heap     ] GC(370) Eden regions: 48->0(44)
[2024-12-16T12:27:50.282+0700][gc,heap     ] GC(370) Survivor regions: 3->7(7)
[2024-12-16T12:27:50.282+0700][gc,heap     ] GC(370) Old regions: 350->350
[2024-12-16T12:27:50.282+0700][gc,heap     ] GC(370) Archive regions: 2->2
[2024-12-16T12:27:50.282+0700][gc,heap     ] GC(370) Humongous regions: 129->129
[2024-12-16T12:27:50.282+0700][gc,metaspace] GC(370) Metaspace: 45355K(45888K)->45355K(45888K) NonClass: 40149K(40448K)->40149K(40448K) Class: 5205K(5440K)->5205K(5440K)
[2024-12-16T12:27:50.282+0700][gc          ] GC(370) Pause Young (Normal) (G1 Evacuation Pause) 530M->485M(1024M) 46.385ms
[2024-12-16T12:27:50.282+0700][gc,cpu      ] GC(370) User=0.09s Sys=0.00s Real=0.05s
[2024-12-16T12:29:18.937+0700][gc,start    ] GC(371) Pause Young (Normal) (G1 Evacuation Pause)
[2024-12-16T12:29:18.937+0700][gc,task     ] GC(371) Using 2 workers of 2 for evacuation
[2024-12-16T12:29:19.003+0700][gc,mmu      ] GC(371) MMU target violated: 21.0ms (20.0ms/21.0ms)
[2024-12-16T12:29:19.003+0700][gc,phases   ] GC(371)   Pre Evacuate Collection Set: 4.1ms
[2024-12-16T12:29:19.003+0700][gc,phases   ] GC(371)   Merge Heap Roots: 0.6ms
[2024-12-16T12:29:19.003+0700][gc,phases   ] GC(371)   Evacuate Collection Set: 58.3ms
[2024-12-16T12:29:19.003+0700][gc,phases   ] GC(371)   Post Evacuate Collection Set: 2.1ms
[2024-12-16T12:29:19.003+0700][gc,phases   ] GC(371)   Other: 1.4ms
[2024-12-16T12:29:19.003+0700][gc,heap     ] GC(371) Eden regions: 44->0(46)
[2024-12-16T12:29:19.003+0700][gc,heap     ] GC(371) Survivor regions: 7->5(7)
[2024-12-16T12:29:19.003+0700][gc,heap     ] GC(371) Old regions: 350->355
[2024-12-16T12:29:19.003+0700][gc,heap     ] GC(371) Archive regions: 2->2
[2024-12-16T12:29:19.003+0700][gc,heap     ] GC(371) Humongous regions: 129->129
[2024-12-16T12:29:19.003+0700][gc,metaspace] GC(371) Metaspace: 45355K(45888K)->45355K(45888K) NonClass: 40149K(40448K)->40149K(40448K) Class: 5205K(5440K)->5205K(5440K)
[2024-12-16T12:29:19.003+0700][gc          ] GC(371) Pause Young (Normal) (G1 Evacuation Pause) 529M->489M(1024M) 66.487ms
[2024-12-16T12:29:19.003+0700][gc,cpu      ] GC(371) User=0.11s Sys=0.02s Real=0.06s
[2024-12-16T12:30:50.069+0700][gc,start    ] GC(372) Pause Young (Normal) (G1 Evacuation Pause)
[2024-12-16T12:30:50.069+0700][gc,task     ] GC(372) Using 2 workers of 2 for evacuation
[2024-12-16T12:30:50.119+0700][gc,mmu      ] GC(372) MMU target violated: 21.0ms (20.0ms/21.0ms)
[2024-12-16T12:30:50.119+0700][gc,phases   ] GC(372)   Pre Evacuate Collection Set: 5.5ms
[2024-12-16T12:30:50.119+0700][gc,phases   ] GC(372)   Merge Heap Roots: 2.1ms
[2024-12-16T12:30:50.119+0700][gc,phases   ] GC(372)   Evacuate Collection Set: 38.7ms
[2024-12-16T12:30:50.119+0700][gc,phases   ] GC(372)   Post Evacuate Collection Set: 3.3ms
[2024-12-16T12:30:50.119+0700][gc,phases   ] GC(372)   Other: 1.5ms
[2024-12-16T12:30:50.119+0700][gc,heap     ] GC(372) Eden regions: 46->0(47)
[2024-12-16T12:30:50.119+0700][gc,heap     ] GC(372) Survivor regions: 5->4(7)
[2024-12-16T12:30:50.120+0700][gc,heap     ] GC(372) Old regions: 355->357
[2024-12-16T12:30:50.120+0700][gc,heap     ] GC(372) Archive regions: 2->2
[2024-12-16T12:30:50.120+0700][gc,heap     ] GC(372) Humongous regions: 129->129
[2024-12-16T12:30:50.120+0700][gc,metaspace] GC(372) Metaspace: 45355K(45888K)->45355K(45888K) NonClass: 40149K(40448K)->40149K(40448K) Class: 5205K(5440K)->5205K(5440K)
[2024-12-16T12:30:50.120+0700][gc          ] GC(372) Pause Young (Normal) (G1 Evacuation Pause) 535M->490M(1024M) 51.113ms
[2024-12-16T12:30:50.120+0700][gc,cpu      ] GC(372) User=0.08s Sys=0.01s Real=0.05s
[2024-12-16T12:32:22.136+0700][gc,start    ] GC(373) Pause Young (Normal) (G1 Evacuation Pause)
[2024-12-16T12:32:22.137+0700][gc,task     ] GC(373) Using 2 workers of 2 for evacuation
[2024-12-16T12:32:22.181+0700][gc,mmu      ] GC(373) MMU target violated: 21.0ms (20.0ms/21.0ms)
[2024-12-16T12:32:22.182+0700][gc,phases   ] GC(373)   Pre Evacuate Collection Set: 3.9ms
[2024-12-16T12:32:22.182+0700][gc,phases   ] GC(373)   Merge Heap Roots: 1.8ms
[2024-12-16T12:32:22.182+0700][gc,phases   ] GC(373)   Evacuate Collection Set: 36.2ms
[2024-12-16T12:32:22.182+0700][gc,phases   ] GC(373)   Post Evacuate Collection Set: 2.3ms
[2024-12-16T12:32:22.182+0700][gc,phases   ] GC(373)   Other: 1.4ms
[2024-12-16T12:32:22.182+0700][gc,heap     ] GC(373) Eden regions: 47->0(44)
[2024-12-16T12:32:22.182+0700][gc,heap     ] GC(373) Survivor regions: 4->7(7)
[2024-12-16T12:32:22.182+0700][gc,heap     ] GC(373) Old regions: 357->357
[2024-12-16T12:32:22.182+0700][gc,heap     ] GC(373) Archive regions: 2->2
[2024-12-16T12:32:22.182+0700][gc,heap     ] GC(373) Humongous regions: 129->129
[2024-12-16T12:32:22.182+0700][gc,metaspace] GC(373) Metaspace: 45355K(45888K)->45355K(45888K) NonClass: 40149K(40448K)->40149K(40448K) Class: 5205K(5440K)->5205K(5440K)
[2024-12-16T12:32:22.182+0700][gc          ] GC(373) Pause Young (Normal) (G1 Evacuation Pause) 537M->492M(1024M) 45.477ms
[2024-12-16T12:32:22.182+0700][gc,cpu      ] GC(373) User=0.08s Sys=0.00s Real=0.04s
[2024-12-16T12:33:50.311+0700][gc,start    ] GC(374) Pause Young (Normal) (G1 Evacuation Pause)
[2024-12-16T12:33:50.311+0700][gc,task     ] GC(374) Using 2 workers of 2 for evacuation
[2024-12-16T12:33:50.393+0700][gc,mmu      ] GC(374) MMU target violated: 21.0ms (20.0ms/21.0ms)
[2024-12-16T12:33:50.393+0700][gc,phases   ] GC(374)   Pre Evacuate Collection Set: 7.5ms
[2024-12-16T12:33:50.393+0700][gc,phases   ] GC(374)   Merge Heap Roots: 0.9ms
[2024-12-16T12:33:50.393+0700][gc,phases   ] GC(374)   Evacuate Collection Set: 70.8ms
[2024-12-16T12:33:50.393+0700][gc,phases   ] GC(374)   Post Evacuate Collection Set: 2.5ms
[2024-12-16T12:33:50.393+0700][gc,phases   ] GC(374)   Other: 1.3ms
[2024-12-16T12:33:50.393+0700][gc,heap     ] GC(374) Eden regions: 44->0(46)
[2024-12-16T12:33:50.393+0700][gc,heap     ] GC(374) Survivor regions: 7->5(7)
[2024-12-16T12:33:50.393+0700][gc,heap     ] GC(374) Old regions: 357->361
[2024-12-16T12:33:50.393+0700][gc,heap     ] GC(374) Archive regions: 2->2
[2024-12-16T12:33:50.393+0700][gc,heap     ] GC(374) Humongous regions: 129->129
[2024-12-16T12:33:50.393+0700][gc,metaspace] GC(374) Metaspace: 45355K(45888K)->45355K(45888K) NonClass: 40149K(40448K)->40149K(40448K) Class: 5205K(5440K)->5205K(5440K)
[2024-12-16T12:33:50.394+0700][gc          ] GC(374) Pause Young (Normal) (G1 Evacuation Pause) 536M->495M(1024M) 83.025ms
[2024-12-16T12:33:50.394+0700][gc,cpu      ] GC(374) User=0.16s Sys=0.00s Real=0.08s
[2024-12-16T12:35:19.384+0700][gc,start    ] GC(375) Pause Young (Normal) (G1 Evacuation Pause)
[2024-12-16T12:35:19.385+0700][gc,task     ] GC(375) Using 2 workers of 2 for evacuation
[2024-12-16T12:35:19.428+0700][gc,mmu      ] GC(375) MMU target violated: 21.0ms (20.0ms/21.0ms)
[2024-12-16T12:35:19.428+0700][gc,phases   ] GC(375)   Pre Evacuate Collection Set: 2.8ms
[2024-12-16T12:35:19.428+0700][gc,phases   ] GC(375)   Merge Heap Roots: 0.9ms
[2024-12-16T12:35:19.428+0700][gc,phases   ] GC(375)   Evacuate Collection Set: 36.4ms
[2024-12-16T12:35:19.428+0700][gc,phases   ] GC(375)   Post Evacuate Collection Set: 3.1ms
[2024-12-16T12:35:19.428+0700][gc,phases   ] GC(375)   Other: 0.9ms
[2024-12-16T12:35:19.428+0700][gc,heap     ] GC(375) Eden regions: 46->0(48)
[2024-12-16T12:35:19.428+0700][gc,heap     ] GC(375) Survivor regions: 5->3(7)
[2024-12-16T12:35:19.428+0700][gc,heap     ] GC(375) Old regions: 361->364
[2024-12-16T12:35:19.428+0700][gc,heap     ] GC(375) Archive regions: 2->2
[2024-12-16T12:35:19.428+0700][gc,heap     ] GC(375) Humongous regions: 129->129
[2024-12-16T12:35:19.428+0700][gc,metaspace] GC(375) Metaspace: 45357K(45888K)->45357K(45888K) NonClass: 40152K(40448K)->40152K(40448K) Class: 5205K(5440K)->5205K(5440K)
[2024-12-16T12:35:19.428+0700][gc          ] GC(375) Pause Young (Normal) (G1 Evacuation Pause) 541M->496M(1024M) 43.961ms
[2024-12-16T12:35:19.429+0700][gc,cpu      ] GC(375) User=0.07s Sys=0.01s Real=0.04s
[2024-12-16T12:36:55.858+0700][gc,start    ] GC(376) Pause Young (Normal) (G1 Evacuation Pause)
[2024-12-16T12:36:55.858+0700][gc,task     ] GC(376) Using 2 workers of 2 for evacuation
[2024-12-16T12:36:55.904+0700][gc,mmu      ] GC(376) MMU target violated: 21.0ms (20.0ms/21.0ms)
[2024-12-16T12:36:55.905+0700][gc,phases   ] GC(376)   Pre Evacuate Collection Set: 3.2ms
[2024-12-16T12:36:55.905+0700][gc,phases   ] GC(376)   Merge Heap Roots: 1.1ms
[2024-12-16T12:36:55.905+0700][gc,phases   ] GC(376)   Evacuate Collection Set: 38.8ms
[2024-12-16T12:36:55.905+0700][gc,phases   ] GC(376)   Post Evacuate Collection Set: 2.7ms
[2024-12-16T12:36:55.905+0700][gc,phases   ] GC(376)   Other: 1.1ms
[2024-12-16T12:36:55.905+0700][gc,heap     ] GC(376) Eden regions: 48->0(45)
[2024-12-16T12:36:55.905+0700][gc,heap     ] GC(376) Survivor regions: 3->6(7)
[2024-12-16T12:36:55.905+0700][gc,heap     ] GC(376) Old regions: 364->364
[2024-12-16T12:36:55.905+0700][gc,heap     ] GC(376) Archive regions: 2->2
[2024-12-16T12:36:55.905+0700][gc,heap     ] GC(376) Humongous regions: 129->129
[2024-12-16T12:36:55.905+0700][gc,metaspace] GC(376) Metaspace: 45357K(45888K)->45357K(45888K) NonClass: 40152K(40448K)->40152K(40448K) Class: 5205K(5440K)->5205K(5440K)
[2024-12-16T12:36:55.905+0700][gc          ] GC(376) Pause Young (Normal) (G1 Evacuation Pause) 544M->499M(1024M) 46.874ms
[2024-12-16T12:36:55.905+0700][gc,cpu      ] GC(376) User=0.09s Sys=0.00s Real=0.05s
[2024-12-16T12:38:26.827+0700][gc,start    ] GC(377) Pause Young (Normal) (G1 Evacuation Pause)
[2024-12-16T12:38:26.827+0700][gc,task     ] GC(377) Using 2 workers of 2 for evacuation
[2024-12-16T12:38:26.913+0700][gc,mmu      ] GC(377) MMU target violated: 21.0ms (20.0ms/21.0ms)
[2024-12-16T12:38:26.914+0700][gc,phases   ] GC(377)   Pre Evacuate Collection Set: 4.9ms
[2024-12-16T12:38:26.914+0700][gc,phases   ] GC(377)   Merge Heap Roots: 2.0ms
[2024-12-16T12:38:26.914+0700][gc,phases   ] GC(377)   Evacuate Collection Set: 75.5ms
[2024-12-16T12:38:26.914+0700][gc,phases   ] GC(377)   Post Evacuate Collection Set: 2.7ms
[2024-12-16T12:38:26.914+0700][gc,phases   ] GC(377)   Other: 1.6ms
[2024-12-16T12:38:26.914+0700][gc,heap     ] GC(377) Eden regions: 45->0(46)
[2024-12-16T12:38:26.914+0700][gc,heap     ] GC(377) Survivor regions: 6->5(7)
[2024-12-16T12:38:26.914+0700][gc,heap     ] GC(377) Old regions: 364->368
[2024-12-16T12:38:26.914+0700][gc,heap     ] GC(377) Archive regions: 2->2
[2024-12-16T12:38:26.914+0700][gc,heap     ] GC(377) Humongous regions: 129->129
[2024-12-16T12:38:26.914+0700][gc,metaspace] GC(377) Metaspace: 45357K(45888K)->45357K(45888K) NonClass: 40152K(40448K)->40152K(40448K) Class: 5205K(5440K)->5205K(5440K)
[2024-12-16T12:38:26.914+0700][gc          ] GC(377) Pause Young (Normal) (G1 Evacuation Pause) 544M->502M(1024M) 86.872ms
[2024-12-16T12:38:26.914+0700][gc,cpu      ] GC(377) User=0.12s Sys=0.02s Real=0.08s
[2024-12-16T12:39:53.077+0700][gc,start    ] GC(378) Pause Young (Normal) (G1 Evacuation Pause)
[2024-12-16T12:39:53.078+0700][gc,task     ] GC(378) Using 2 workers of 2 for evacuation
[2024-12-16T12:39:53.138+0700][gc,mmu      ] GC(378) MMU target violated: 21.0ms (20.0ms/21.0ms)
[2024-12-16T12:39:53.138+0700][gc,phases   ] GC(378)   Pre Evacuate Collection Set: 3.0ms
[2024-12-16T12:39:53.138+0700][gc,phases   ] GC(378)   Merge Heap Roots: 1.1ms
[2024-12-16T12:39:53.138+0700][gc,phases   ] GC(378)   Evacuate Collection Set: 52.3ms
[2024-12-16T12:39:53.138+0700][gc,phases   ] GC(378)   Post Evacuate Collection Set: 3.5ms
[2024-12-16T12:39:53.138+0700][gc,phases   ] GC(378)   Other: 1.1ms
[2024-12-16T12:39:53.138+0700][gc,heap     ] GC(378) Eden regions: 46->0(47)
[2024-12-16T12:39:53.138+0700][gc,heap     ] GC(378) Survivor regions: 5->4(7)
[2024-12-16T12:39:53.138+0700][gc,heap     ] GC(378) Old regions: 368->371
[2024-12-16T12:39:53.138+0700][gc,heap     ] GC(378) Archive regions: 2->2
[2024-12-16T12:39:53.138+0700][gc,heap     ] GC(378) Humongous regions: 129->129
[2024-12-16T12:39:53.138+0700][gc,metaspace] GC(378) Metaspace: 45358K(45888K)->45358K(45888K) NonClass: 40152K(40448K)->40152K(40448K) Class: 5205K(5440K)->5205K(5440K)
[2024-12-16T12:39:53.138+0700][gc          ] GC(378) Pause Young (Normal) (G1 Evacuation Pause) 548M->503M(1024M) 60.980ms
[2024-12-16T12:39:53.138+0700][gc,cpu      ] GC(378) User=0.11s Sys=0.00s Real=0.06s
[2024-12-16T12:41:25.907+0700][gc,start    ] GC(379) Pause Young (Normal) (G1 Evacuation Pause)
[2024-12-16T12:41:25.907+0700][gc,task     ] GC(379) Using 2 workers of 2 for evacuation
[2024-12-16T12:41:25.958+0700][gc,mmu      ] GC(379) MMU target violated: 21.0ms (20.0ms/21.0ms)
[2024-12-16T12:41:25.958+0700][gc,phases   ] GC(379)   Pre Evacuate Collection Set: 3.2ms
[2024-12-16T12:41:25.958+0700][gc,phases   ] GC(379)   Merge Heap Roots: 1.4ms
[2024-12-16T12:41:25.958+0700][gc,phases   ] GC(379)   Evacuate Collection Set: 43.0ms
[2024-12-16T12:41:25.958+0700][gc,phases   ] GC(379)   Post Evacuate Collection Set: 2.6ms
[2024-12-16T12:41:25.958+0700][gc,phases   ] GC(379)   Other: 1.6ms
[2024-12-16T12:41:25.958+0700][gc,heap     ] GC(379) Eden regions: 47->0(44)
[2024-12-16T12:41:25.958+0700][gc,heap     ] GC(379) Survivor regions: 4->7(7)
[2024-12-16T12:41:25.958+0700][gc,heap     ] GC(379) Old regions: 371->371
[2024-12-16T12:41:25.958+0700][gc,heap     ] GC(379) Archive regions: 2->2
[2024-12-16T12:41:25.958+0700][gc,heap     ] GC(379) Humongous regions: 129->129
[2024-12-16T12:41:25.958+0700][gc,metaspace] GC(379) Metaspace: 45358K(45888K)->45358K(45888K) NonClass: 40152K(40448K)->40152K(40448K) Class: 5205K(5440K)->5205K(5440K)
[2024-12-16T12:41:25.959+0700][gc          ] GC(379) Pause Young (Normal) (G1 Evacuation Pause) 550M->506M(1024M) 51.602ms
[2024-12-16T12:41:25.959+0700][gc,cpu      ] GC(379) User=0.10s Sys=0.00s Real=0.05s
[2024-12-16T12:42:51.647+0700][gc,start    ] GC(380) Pause Young (Normal) (G1 Evacuation Pause)
[2024-12-16T12:42:51.647+0700][gc,task     ] GC(380) Using 2 workers of 2 for evacuation
[2024-12-16T12:42:51.753+0700][gc,mmu      ] GC(380) MMU target violated: 21.0ms (20.0ms/21.0ms)
[2024-12-16T12:42:51.753+0700][gc,phases   ] GC(380)   Pre Evacuate Collection Set: 11.2ms
[2024-12-16T12:42:51.753+0700][gc,phases   ] GC(380)   Merge Heap Roots: 1.4ms
[2024-12-16T12:42:51.753+0700][gc,phases   ] GC(380)   Evacuate Collection Set: 87.2ms
[2024-12-16T12:42:51.753+0700][gc,phases   ] GC(380)   Post Evacuate Collection Set: 4.6ms
[2024-12-16T12:42:51.753+0700][gc,phases   ] GC(380)   Other: 2.0ms
[2024-12-16T12:42:51.753+0700][gc,heap     ] GC(380) Eden regions: 44->0(44)
[2024-12-16T12:42:51.753+0700][gc,heap     ] GC(380) Survivor regions: 7->7(7)
[2024-12-16T12:42:51.753+0700][gc,heap     ] GC(380) Old regions: 371->374
[2024-12-16T12:42:51.753+0700][gc,heap     ] GC(380) Archive regions: 2->2
[2024-12-16T12:42:51.753+0700][gc,heap     ] GC(380) Humongous regions: 129->129
[2024-12-16T12:42:51.753+0700][gc,metaspace] GC(380) Metaspace: 45359K(45888K)->45359K(45888K) NonClass: 40153K(40448K)->40153K(40448K) Class: 5205K(5440K)->5205K(5440K)
[2024-12-16T12:42:51.753+0700][gc          ] GC(380) Pause Young (Normal) (G1 Evacuation Pause) 550M->509M(1024M) 106.234ms
[2024-12-16T12:42:51.753+0700][gc,cpu      ] GC(380) User=0.18s Sys=0.01s Real=0.10s
[2024-12-16T12:44:20.373+0700][gc,start    ] GC(381) Pause Young (Normal) (G1 Evacuation Pause)
[2024-12-16T12:44:20.374+0700][gc,task     ] GC(381) Using 2 workers of 2 for evacuation
[2024-12-16T12:44:20.441+0700][gc,mmu      ] GC(381) MMU target violated: 21.0ms (20.0ms/21.0ms)
[2024-12-16T12:44:20.441+0700][gc,phases   ] GC(381)   Pre Evacuate Collection Set: 3.5ms
[2024-12-16T12:44:20.441+0700][gc,phases   ] GC(381)   Merge Heap Roots: 1.1ms
[2024-12-16T12:44:20.441+0700][gc,phases   ] GC(381)   Evacuate Collection Set: 59.5ms
[2024-12-16T12:44:20.441+0700][gc,phases   ] GC(381)   Post Evacuate Collection Set: 2.3ms
[2024-12-16T12:44:20.441+0700][gc,phases   ] GC(381)   Other: 1.7ms
[2024-12-16T12:44:20.441+0700][gc,heap     ] GC(381) Eden regions: 44->0(46)
[2024-12-16T12:44:20.441+0700][gc,heap     ] GC(381) Survivor regions: 7->5(7)
[2024-12-16T12:44:20.441+0700][gc,heap     ] GC(381) Old regions: 374->378
[2024-12-16T12:44:20.441+0700][gc,heap     ] GC(381) Archive regions: 2->2
[2024-12-16T12:44:20.441+0700][gc,heap     ] GC(381) Humongous regions: 129->129
[2024-12-16T12:44:20.441+0700][gc,metaspace] GC(381) Metaspace: 45359K(45888K)->45359K(45888K) NonClass: 40153K(40448K)->40153K(40448K) Class: 5205K(5440K)->5205K(5440K)
[2024-12-16T12:44:20.441+0700][gc          ] GC(381) Pause Young (Normal) (G1 Evacuation Pause) 553M->512M(1024M) 67.895ms
[2024-12-16T12:44:20.441+0700][gc,cpu      ] GC(381) User=0.12s Sys=0.01s Real=0.07s
[2024-12-16T12:45:54.199+0700][gc,start    ] GC(382) Pause Young (Normal) (G1 Evacuation Pause)
[2024-12-16T12:45:54.199+0700][gc,task     ] GC(382) Using 2 workers of 2 for evacuation
[2024-12-16T12:45:54.259+0700][gc,mmu      ] GC(382) MMU target violated: 21.0ms (20.0ms/21.0ms)
[2024-12-16T12:45:54.259+0700][gc,phases   ] GC(382)   Pre Evacuate Collection Set: 3.1ms
[2024-12-16T12:45:54.259+0700][gc,phases   ] GC(382)   Merge Heap Roots: 0.8ms
[2024-12-16T12:45:54.259+0700][gc,phases   ] GC(382)   Evacuate Collection Set: 52.4ms
[2024-12-16T12:45:54.259+0700][gc,phases   ] GC(382)   Post Evacuate Collection Set: 2.7ms
[2024-12-16T12:45:54.260+0700][gc,phases   ] GC(382)   Other: 1.9ms
[2024-12-16T12:45:54.260+0700][gc,heap     ] GC(382) Eden regions: 46->0(47)
[2024-12-16T12:45:54.260+0700][gc,heap     ] GC(382) Survivor regions: 5->4(7)
[2024-12-16T12:45:54.260+0700][gc,heap     ] GC(382) Old regions: 378->380
[2024-12-16T12:45:54.260+0700][gc,heap     ] GC(382) Archive regions: 2->2
[2024-12-16T12:45:54.260+0700][gc,heap     ] GC(382) Humongous regions: 129->129
[2024-12-16T12:45:54.260+0700][gc,metaspace] GC(382) Metaspace: 45359K(45888K)->45359K(45888K) NonClass: 40153K(40448K)->40153K(40448K) Class: 5205K(5440K)->5205K(5440K)
[2024-12-16T12:45:54.260+0700][gc          ] GC(382) Pause Young (Normal) (G1 Evacuation Pause) 558M->513M(1024M) 60.830ms
[2024-12-16T12:45:54.260+0700][gc,cpu      ] GC(382) User=0.10s Sys=0.01s Real=0.06s
[2024-12-16T12:47:43.106+0700][gc,start    ] GC(383) Pause Young (Normal) (G1 Evacuation Pause)
[2024-12-16T12:47:43.106+0700][gc,task     ] GC(383) Using 2 workers of 2 for evacuation
[2024-12-16T12:47:43.154+0700][gc,mmu      ] GC(383) MMU target violated: 21.0ms (20.0ms/21.0ms)
[2024-12-16T12:47:43.155+0700][gc,phases   ] GC(383)   Pre Evacuate Collection Set: 3.0ms
[2024-12-16T12:47:43.155+0700][gc,phases   ] GC(383)   Merge Heap Roots: 1.4ms
[2024-12-16T12:47:43.155+0700][gc,phases   ] GC(383)   Evacuate Collection Set: 39.7ms
[2024-12-16T12:47:43.155+0700][gc,phases   ] GC(383)   Post Evacuate Collection Set: 3.4ms
[2024-12-16T12:47:43.155+0700][gc,phases   ] GC(383)   Other: 1.2ms
[2024-12-16T12:47:43.155+0700][gc,heap     ] GC(383) Eden regions: 47->0(44)
[2024-12-16T12:47:43.155+0700][gc,heap     ] GC(383) Survivor regions: 4->7(7)
[2024-12-16T12:47:43.155+0700][gc,heap     ] GC(383) Old regions: 380->380
[2024-12-16T12:47:43.155+0700][gc,heap     ] GC(383) Archive regions: 2->2
[2024-12-16T12:47:43.155+0700][gc,heap     ] GC(383) Humongous regions: 129->129
[2024-12-16T12:47:43.155+0700][gc,metaspace] GC(383) Metaspace: 45359K(45888K)->45359K(45888K) NonClass: 40153K(40448K)->40153K(40448K) Class: 5205K(5440K)->5205K(5440K)
[2024-12-16T12:47:43.155+0700][gc          ] GC(383) Pause Young (Normal) (G1 Evacuation Pause) 560M->516M(1024M) 48.701ms
[2024-12-16T12:47:43.155+0700][gc,cpu      ] GC(383) User=0.09s Sys=0.00s Real=0.04s
[2024-12-16T12:49:24.655+0700][gc,start    ] GC(384) Pause Young (Normal) (G1 Evacuation Pause)
[2024-12-16T12:49:24.655+0700][gc,task     ] GC(384) Using 2 workers of 2 for evacuation
[2024-12-16T12:49:24.716+0700][gc,mmu      ] GC(384) MMU target violated: 21.0ms (20.0ms/21.0ms)
[2024-12-16T12:49:24.716+0700][gc,phases   ] GC(384)   Pre Evacuate Collection Set: 2.6ms
[2024-12-16T12:49:24.716+0700][gc,phases   ] GC(384)   Merge Heap Roots: 0.7ms
[2024-12-16T12:49:24.716+0700][gc,phases   ] GC(384)   Evacuate Collection Set: 53.9ms
[2024-12-16T12:49:24.716+0700][gc,phases   ] GC(384)   Post Evacuate Collection Set: 2.7ms
[2024-12-16T12:49:24.716+0700][gc,phases   ] GC(384)   Other: 1.4ms
[2024-12-16T12:49:24.716+0700][gc,heap     ] GC(384) Eden regions: 44->0(46)
[2024-12-16T12:49:24.716+0700][gc,heap     ] GC(384) Survivor regions: 7->5(7)
[2024-12-16T12:49:24.716+0700][gc,heap     ] GC(384) Old regions: 380->384
[2024-12-16T12:49:24.716+0700][gc,heap     ] GC(384) Archive regions: 2->2
[2024-12-16T12:49:24.716+0700][gc,heap     ] GC(384) Humongous regions: 129->129
[2024-12-16T12:49:24.716+0700][gc,metaspace] GC(384) Metaspace: 45359K(45888K)->45359K(45888K) NonClass: 40153K(40448K)->40153K(40448K) Class: 5205K(5440K)->5205K(5440K)
[2024-12-16T12:49:24.716+0700][gc          ] GC(384) Pause Young (Normal) (G1 Evacuation Pause) 560M->518M(1024M) 61.121ms
[2024-12-16T12:49:24.716+0700][gc,cpu      ] GC(384) User=0.10s Sys=0.01s Real=0.07s
[2024-12-16T12:51:11.134+0700][gc,start    ] GC(385) Pause Young (Normal) (G1 Evacuation Pause)
[2024-12-16T12:51:11.134+0700][gc,task     ] GC(385) Using 2 workers of 2 for evacuation
[2024-12-16T12:51:11.171+0700][gc,mmu      ] GC(385) MMU target violated: 21.0ms (20.0ms/21.0ms)
[2024-12-16T12:51:11.171+0700][gc,phases   ] GC(385)   Pre Evacuate Collection Set: 2.6ms
[2024-12-16T12:51:11.171+0700][gc,phases   ] GC(385)   Merge Heap Roots: 1.3ms
[2024-12-16T12:51:11.171+0700][gc,phases   ] GC(385)   Evacuate Collection Set: 30.2ms
[2024-12-16T12:51:11.171+0700][gc,phases   ] GC(385)   Post Evacuate Collection Set: 2.3ms
[2024-12-16T12:51:11.171+0700][gc,phases   ] GC(385)   Other: 1.4ms
[2024-12-16T12:51:11.171+0700][gc,heap     ] GC(385) Eden regions: 46->0(48)
[2024-12-16T12:51:11.171+0700][gc,heap     ] GC(385) Survivor regions: 5->3(7)
[2024-12-16T12:51:11.171+0700][gc,heap     ] GC(385) Old regions: 384->386
[2024-12-16T12:51:11.171+0700][gc,heap     ] GC(385) Archive regions: 2->2
[2024-12-16T12:51:11.171+0700][gc,heap     ] GC(385) Humongous regions: 129->129
[2024-12-16T12:51:11.171+0700][gc,metaspace] GC(385) Metaspace: 45359K(45888K)->45359K(45888K) NonClass: 40153K(40448K)->40153K(40448K) Class: 5205K(5440K)->5205K(5440K)
[2024-12-16T12:51:11.171+0700][gc          ] GC(385) Pause Young (Normal) (G1 Evacuation Pause) 564M->518M(1024M) 37.714ms
[2024-12-16T12:51:11.171+0700][gc,cpu      ] GC(385) User=0.07s Sys=0.00s Real=0.04s
[2024-12-16T12:53:02.661+0700][gc,start    ] GC(386) Pause Young (Normal) (G1 Evacuation Pause)
[2024-12-16T12:53:02.662+0700][gc,task     ] GC(386) Using 2 workers of 2 for evacuation
[2024-12-16T12:53:02.703+0700][gc,mmu      ] GC(386) MMU target violated: 21.0ms (20.0ms/21.0ms)
[2024-12-16T12:53:02.703+0700][gc,phases   ] GC(386)   Pre Evacuate Collection Set: 2.8ms
[2024-12-16T12:53:02.703+0700][gc,phases   ] GC(386)   Merge Heap Roots: 1.1ms
[2024-12-16T12:53:02.703+0700][gc,phases   ] GC(386)   Evacuate Collection Set: 34.2ms
[2024-12-16T12:53:02.703+0700][gc,phases   ] GC(386)   Post Evacuate Collection Set: 2.4ms
[2024-12-16T12:53:02.703+0700][gc,phases   ] GC(386)   Other: 1.1ms
[2024-12-16T12:53:02.703+0700][gc,heap     ] GC(386) Eden regions: 48->0(45)
[2024-12-16T12:53:02.703+0700][gc,heap     ] GC(386) Survivor regions: 3->6(7)
[2024-12-16T12:53:02.703+0700][gc,heap     ] GC(386) Old regions: 386->386
[2024-12-16T12:53:02.703+0700][gc,heap     ] GC(386) Archive regions: 2->2
[2024-12-16T12:53:02.703+0700][gc,heap     ] GC(386) Humongous regions: 129->129
[2024-12-16T12:53:02.703+0700][gc,metaspace] GC(386) Metaspace: 45359K(45888K)->45359K(45888K) NonClass: 40153K(40448K)->40153K(40448K) Class: 5205K(5440K)->5205K(5440K)
[2024-12-16T12:53:02.703+0700][gc          ] GC(386) Pause Young (Normal) (G1 Evacuation Pause) 566M->521M(1024M) 41.837ms
[2024-12-16T12:53:02.703+0700][gc,cpu      ] GC(386) User=0.08s Sys=0.00s Real=0.04s
[2024-12-16T12:54:46.675+0700][gc,start    ] GC(387) Pause Young (Normal) (G1 Evacuation Pause)
[2024-12-16T12:54:46.675+0700][gc,task     ] GC(387) Using 2 workers of 2 for evacuation
[2024-12-16T12:54:46.734+0700][gc,mmu      ] GC(387) MMU target violated: 21.0ms (20.0ms/21.0ms)
[2024-12-16T12:54:46.734+0700][gc,phases   ] GC(387)   Pre Evacuate Collection Set: 8.2ms
[2024-12-16T12:54:46.734+0700][gc,phases   ] GC(387)   Merge Heap Roots: 1.2ms
[2024-12-16T12:54:46.734+0700][gc,phases   ] GC(387)   Evacuate Collection Set: 46.1ms
[2024-12-16T12:54:46.734+0700][gc,phases   ] GC(387)   Post Evacuate Collection Set: 2.5ms
[2024-12-16T12:54:46.734+0700][gc,phases   ] GC(387)   Other: 1.5ms
[2024-12-16T12:54:46.734+0700][gc,heap     ] GC(387) Eden regions: 45->0(45)
[2024-12-16T12:54:46.734+0700][gc,heap     ] GC(387) Survivor regions: 6->6(7)
[2024-12-16T12:54:46.734+0700][gc,heap     ] GC(387) Old regions: 386->388
[2024-12-16T12:54:46.734+0700][gc,heap     ] GC(387) Archive regions: 2->2
[2024-12-16T12:54:46.734+0700][gc,heap     ] GC(387) Humongous regions: 129->129
[2024-12-16T12:54:46.734+0700][gc,metaspace] GC(387) Metaspace: 45359K(45888K)->45359K(45888K) NonClass: 40153K(40448K)->40153K(40448K) Class: 5205K(5440K)->5205K(5440K)
[2024-12-16T12:54:46.734+0700][gc          ] GC(387) Pause Young (Normal) (G1 Evacuation Pause) 566M->523M(1024M) 59.482ms
[2024-12-16T12:54:46.734+0700][gc,cpu      ] GC(387) User=0.11s Sys=0.00s Real=0.06s
[2024-12-16T12:56:31.243+0700][gc,start    ] GC(388) Pause Young (Normal) (G1 Evacuation Pause)
[2024-12-16T12:56:31.243+0700][gc,task     ] GC(388) Using 2 workers of 2 for evacuation
[2024-12-16T12:56:31.316+0700][gc,mmu      ] GC(388) MMU target violated: 21.0ms (20.0ms/21.0ms)
[2024-12-16T12:56:31.316+0700][gc,phases   ] GC(388)   Pre Evacuate Collection Set: 2.6ms
[2024-12-16T12:56:31.316+0700][gc,phases   ] GC(388)   Merge Heap Roots: 1.1ms
[2024-12-16T12:56:31.316+0700][gc,phases   ] GC(388)   Evacuate Collection Set: 66.4ms
[2024-12-16T12:56:31.316+0700][gc,phases   ] GC(388)   Post Evacuate Collection Set: 2.3ms
[2024-12-16T12:56:31.316+0700][gc,phases   ] GC(388)   Other: 1.5ms
[2024-12-16T12:56:31.316+0700][gc,heap     ] GC(388) Eden regions: 45->0(46)
[2024-12-16T12:56:31.316+0700][gc,heap     ] GC(388) Survivor regions: 6->5(7)
[2024-12-16T12:56:31.316+0700][gc,heap     ] GC(388) Old regions: 388->392
[2024-12-16T12:56:31.316+0700][gc,heap     ] GC(388) Archive regions: 2->2
[2024-12-16T12:56:31.316+0700][gc,heap     ] GC(388) Humongous regions: 129->129
[2024-12-16T12:56:31.316+0700][gc,metaspace] GC(388) Metaspace: 45359K(45888K)->45359K(45888K) NonClass: 40153K(40448K)->40153K(40448K) Class: 5205K(5440K)->5205K(5440K)
[2024-12-16T12:56:31.316+0700][gc          ] GC(388) Pause Young (Normal) (G1 Evacuation Pause) 568M->526M(1024M) 73.777ms
[2024-12-16T12:56:31.317+0700][gc,cpu      ] GC(388) User=0.12s Sys=0.02s Real=0.08s
[2024-12-16T12:58:17.476+0700][gc,start    ] GC(389) Pause Young (Normal) (G1 Evacuation Pause)
[2024-12-16T12:58:17.476+0700][gc,task     ] GC(389) Using 2 workers of 2 for evacuation
[2024-12-16T12:58:17.514+0700][gc,mmu      ] GC(389) MMU target violated: 21.0ms (20.0ms/21.0ms)
[2024-12-16T12:58:17.514+0700][gc,phases   ] GC(389)   Pre Evacuate Collection Set: 4.1ms
[2024-12-16T12:58:17.514+0700][gc,phases   ] GC(389)   Merge Heap Roots: 0.7ms
[2024-12-16T12:58:17.514+0700][gc,phases   ] GC(389)   Evacuate Collection Set: 30.3ms
[2024-12-16T12:58:17.514+0700][gc,phases   ] GC(389)   Post Evacuate Collection Set: 2.1ms
[2024-12-16T12:58:17.514+0700][gc,phases   ] GC(389)   Other: 1.5ms
[2024-12-16T12:58:17.514+0700][gc,heap     ] GC(389) Eden regions: 46->0(48)
[2024-12-16T12:58:17.514+0700][gc,heap     ] GC(389) Survivor regions: 5->3(7)
[2024-12-16T12:58:17.514+0700][gc,heap     ] GC(389) Old regions: 392->394
[2024-12-16T12:58:17.514+0700][gc,heap     ] GC(389) Archive regions: 2->2
[2024-12-16T12:58:17.514+0700][gc,heap     ] GC(389) Humongous regions: 129->129
[2024-12-16T12:58:17.514+0700][gc,metaspace] GC(389) Metaspace: 45359K(45888K)->45359K(45888K) NonClass: 40153K(40448K)->40153K(40448K) Class: 5205K(5440K)->5205K(5440K)
[2024-12-16T12:58:17.514+0700][gc          ] GC(389) Pause Young (Normal) (G1 Evacuation Pause) 572M->526M(1024M) 38.522ms
[2024-12-16T12:58:17.514+0700][gc,cpu      ] GC(389) User=0.07s Sys=0.00s Real=0.04s
[2024-12-16T13:00:08.637+0700][gc,start    ] GC(390) Pause Young (Normal) (G1 Evacuation Pause)
[2024-12-16T13:00:08.637+0700][gc,task     ] GC(390) Using 2 workers of 2 for evacuation
[2024-12-16T13:00:08.699+0700][gc,mmu      ] GC(390) MMU target violated: 21.0ms (20.0ms/21.0ms)
[2024-12-16T13:00:08.700+0700][gc,phases   ] GC(390)   Pre Evacuate Collection Set: 3.5ms
[2024-12-16T13:00:08.700+0700][gc,phases   ] GC(390)   Merge Heap Roots: 1.1ms
[2024-12-16T13:00:08.700+0700][gc,phases   ] GC(390)   Evacuate Collection Set: 54.6ms
[2024-12-16T13:00:08.700+0700][gc,phases   ] GC(390)   Post Evacuate Collection Set: 2.4ms
[2024-12-16T13:00:08.700+0700][gc,phases   ] GC(390)   Other: 1.1ms
[2024-12-16T13:00:08.700+0700][gc,heap     ] GC(390) Eden regions: 48->0(45)
[2024-12-16T13:00:08.700+0700][gc,heap     ] GC(390) Survivor regions: 3->6(7)
[2024-12-16T13:00:08.700+0700][gc,heap     ] GC(390) Old regions: 394->394
[2024-12-16T13:00:08.700+0700][gc,heap     ] GC(390) Archive regions: 2->2
[2024-12-16T13:00:08.700+0700][gc,heap     ] GC(390) Humongous regions: 129->129
[2024-12-16T13:00:08.700+0700][gc,metaspace] GC(390) Metaspace: 45359K(45888K)->45359K(45888K) NonClass: 40153K(40448K)->40153K(40448K) Class: 5205K(5440K)->5205K(5440K)
[2024-12-16T13:00:08.700+0700][gc          ] GC(390) Pause Young (Normal) (G1 Evacuation Pause) 574M->529M(1024M) 62.835ms
[2024-12-16T13:00:08.700+0700][gc,cpu      ] GC(390) User=0.12s Sys=0.00s Real=0.06s
[2024-12-16T13:01:52.855+0700][gc,start    ] GC(391) Pause Young (Normal) (G1 Evacuation Pause)
[2024-12-16T13:01:52.856+0700][gc,task     ] GC(391) Using 2 workers of 2 for evacuation
[2024-12-16T13:01:52.913+0700][gc,mmu      ] GC(391) MMU target violated: 21.0ms (20.0ms/21.0ms)
[2024-12-16T13:01:52.913+0700][gc,phases   ] GC(391)   Pre Evacuate Collection Set: 4.2ms
[2024-12-16T13:01:52.913+0700][gc,phases   ] GC(391)   Merge Heap Roots: 0.7ms
[2024-12-16T13:01:52.913+0700][gc,phases   ] GC(391)   Evacuate Collection Set: 48.5ms
[2024-12-16T13:01:52.913+0700][gc,phases   ] GC(391)   Post Evacuate Collection Set: 3.3ms
[2024-12-16T13:01:52.913+0700][gc,phases   ] GC(391)   Other: 1.3ms
[2024-12-16T13:01:52.913+0700][gc,heap     ] GC(391) Eden regions: 45->0(44)
[2024-12-16T13:01:52.913+0700][gc,heap     ] GC(391) Survivor regions: 6->7(7)
[2024-12-16T13:01:52.913+0700][gc,heap     ] GC(391) Old regions: 394->396
[2024-12-16T13:01:52.913+0700][gc,heap     ] GC(391) Archive regions: 2->2
[2024-12-16T13:01:52.913+0700][gc,heap     ] GC(391) Humongous regions: 129->129
[2024-12-16T13:01:52.913+0700][gc,metaspace] GC(391) Metaspace: 45359K(45888K)->45359K(45888K) NonClass: 40153K(40448K)->40153K(40448K) Class: 5205K(5440K)->5205K(5440K)
[2024-12-16T13:01:52.913+0700][gc          ] GC(391) Pause Young (Normal) (G1 Evacuation Pause) 574M->532M(1024M) 57.879ms
[2024-12-16T13:01:52.913+0700][gc,cpu      ] GC(391) User=0.11s Sys=0.00s Real=0.06s
[2024-12-16T13:03:35.334+0700][gc,start    ] GC(392) Pause Young (Normal) (G1 Evacuation Pause)
[2024-12-16T13:03:35.335+0700][gc,task     ] GC(392) Using 2 workers of 2 for evacuation
[2024-12-16T13:03:35.398+0700][gc,mmu      ] GC(392) MMU target violated: 21.0ms (20.0ms/21.0ms)
[2024-12-16T13:03:35.398+0700][gc,phases   ] GC(392)   Pre Evacuate Collection Set: 3.0ms
[2024-12-16T13:03:35.398+0700][gc,phases   ] GC(392)   Merge Heap Roots: 0.6ms
[2024-12-16T13:03:35.398+0700][gc,phases   ] GC(392)   Evacuate Collection Set: 57.0ms
[2024-12-16T13:03:35.398+0700][gc,phases   ] GC(392)   Post Evacuate Collection Set: 2.2ms
[2024-12-16T13:03:35.398+0700][gc,phases   ] GC(392)   Other: 1.6ms
[2024-12-16T13:03:35.398+0700][gc,heap     ] GC(392) Eden regions: 44->0(46)
[2024-12-16T13:03:35.399+0700][gc,heap     ] GC(392) Survivor regions: 7->5(7)
[2024-12-16T13:03:35.399+0700][gc,heap     ] GC(392) Old regions: 396->400
[2024-12-16T13:03:35.399+0700][gc,heap     ] GC(392) Archive regions: 2->2
[2024-12-16T13:03:35.399+0700][gc,heap     ] GC(392) Humongous regions: 129->129
[2024-12-16T13:03:35.399+0700][gc,metaspace] GC(392) Metaspace: 45359K(45888K)->45359K(45888K) NonClass: 40153K(40448K)->40153K(40448K) Class: 5205K(5440K)->5205K(5440K)
[2024-12-16T13:03:35.399+0700][gc          ] GC(392) Pause Young (Normal) (G1 Evacuation Pause) 576M->534M(1024M) 64.535ms
[2024-12-16T13:03:35.399+0700][gc,cpu      ] GC(392) User=0.12s Sys=0.01s Real=0.07s
[2024-12-16T13:05:21.229+0700][gc,start    ] GC(393) Pause Young (Normal) (G1 Evacuation Pause)
[2024-12-16T13:05:21.230+0700][gc,task     ] GC(393) Using 2 workers of 2 for evacuation
[2024-12-16T13:05:21.270+0700][gc,mmu      ] GC(393) MMU target violated: 21.0ms (20.0ms/21.0ms)
[2024-12-16T13:05:21.270+0700][gc,phases   ] GC(393)   Pre Evacuate Collection Set: 4.1ms
[2024-12-16T13:05:21.270+0700][gc,phases   ] GC(393)   Merge Heap Roots: 0.7ms
[2024-12-16T13:05:21.270+0700][gc,phases   ] GC(393)   Evacuate Collection Set: 31.4ms
[2024-12-16T13:05:21.270+0700][gc,phases   ] GC(393)   Post Evacuate Collection Set: 3.6ms
[2024-12-16T13:05:21.270+0700][gc,phases   ] GC(393)   Other: 1.5ms
[2024-12-16T13:05:21.270+0700][gc,heap     ] GC(393) Eden regions: 46->0(48)
[2024-12-16T13:05:21.270+0700][gc,heap     ] GC(393) Survivor regions: 5->3(7)
[2024-12-16T13:05:21.270+0700][gc,heap     ] GC(393) Old regions: 400->402
[2024-12-16T13:05:21.270+0700][gc,heap     ] GC(393) Archive regions: 2->2
[2024-12-16T13:05:21.270+0700][gc,heap     ] GC(393) Humongous regions: 129->129
[2024-12-16T13:05:21.270+0700][gc,metaspace] GC(393) Metaspace: 45366K(45952K)->45366K(45952K) NonClass: 40160K(40512K)->40160K(40512K) Class: 5205K(5440K)->5205K(5440K)
[2024-12-16T13:05:21.271+0700][gc          ] GC(393) Pause Young (Normal) (G1 Evacuation Pause) 580M->534M(1024M) 41.234ms
[2024-12-16T13:05:21.271+0700][gc,cpu      ] GC(393) User=0.07s Sys=0.01s Real=0.04s
[2024-12-16T13:07:12.322+0700][gc,start    ] GC(394) Pause Young (Normal) (G1 Evacuation Pause)
[2024-12-16T13:07:12.322+0700][gc,task     ] GC(394) Using 2 workers of 2 for evacuation
[2024-12-16T13:07:12.365+0700][gc,mmu      ] GC(394) MMU target violated: 21.0ms (20.0ms/21.0ms)
[2024-12-16T13:07:12.366+0700][gc,phases   ] GC(394)   Pre Evacuate Collection Set: 2.5ms
[2024-12-16T13:07:12.366+0700][gc,phases   ] GC(394)   Merge Heap Roots: 0.7ms
[2024-12-16T13:07:12.366+0700][gc,phases   ] GC(394)   Evacuate Collection Set: 37.3ms
[2024-12-16T13:07:12.366+0700][gc,phases   ] GC(394)   Post Evacuate Collection Set: 2.2ms
[2024-12-16T13:07:12.366+0700][gc,phases   ] GC(394)   Other: 1.1ms
[2024-12-16T13:07:12.366+0700][gc,heap     ] GC(394) Eden regions: 48->0(45)
[2024-12-16T13:07:12.366+0700][gc,heap     ] GC(394) Survivor regions: 3->6(7)
[2024-12-16T13:07:12.366+0700][gc,heap     ] GC(394) Old regions: 402->402
[2024-12-16T13:07:12.366+0700][gc,heap     ] GC(394) Archive regions: 2->2
[2024-12-16T13:07:12.366+0700][gc,heap     ] GC(394) Humongous regions: 129->129
[2024-12-16T13:07:12.366+0700][gc,metaspace] GC(394) Metaspace: 45366K(45952K)->45366K(45952K) NonClass: 40160K(40512K)->40160K(40512K) Class: 5205K(5440K)->5205K(5440K)
[2024-12-16T13:07:12.366+0700][gc          ] GC(394) Pause Young (Normal) (G1 Evacuation Pause) 582M->537M(1024M) 43.797ms
[2024-12-16T13:07:12.366+0700][gc,cpu      ] GC(394) User=0.08s Sys=0.00s Real=0.05s
[2024-12-16T13:08:50.162+0700][gc,start    ] GC(395) Pause Young (Normal) (G1 Evacuation Pause)
[2024-12-16T13:08:50.163+0700][gc,task     ] GC(395) Using 2 workers of 2 for evacuation
[2024-12-16T13:08:50.263+0700][gc,mmu      ] GC(395) MMU target violated: 21.0ms (20.0ms/21.0ms)
[2024-12-16T13:08:50.263+0700][gc,phases   ] GC(395)   Pre Evacuate Collection Set: 2.6ms
[2024-12-16T13:08:50.263+0700][gc,phases   ] GC(395)   Merge Heap Roots: 1.0ms
[2024-12-16T13:08:50.263+0700][gc,phases   ] GC(395)   Evacuate Collection Set: 93.1ms
[2024-12-16T13:08:50.263+0700][gc,phases   ] GC(395)   Post Evacuate Collection Set: 2.9ms
[2024-12-16T13:08:50.263+0700][gc,phases   ] GC(395)   Other: 1.1ms
[2024-12-16T13:08:50.263+0700][gc,heap     ] GC(395) Eden regions: 45->0(45)
[2024-12-16T13:08:50.263+0700][gc,heap     ] GC(395) Survivor regions: 6->6(7)
[2024-12-16T13:08:50.263+0700][gc,heap     ] GC(395) Old regions: 402->406
[2024-12-16T13:08:50.263+0700][gc,heap     ] GC(395) Archive regions: 2->2
[2024-12-16T13:08:50.263+0700][gc,heap     ] GC(395) Humongous regions: 129->129
[2024-12-16T13:08:50.263+0700][gc,metaspace] GC(395) Metaspace: 45366K(45952K)->45366K(45952K) NonClass: 40160K(40512K)->40160K(40512K) Class: 5205K(5440K)->5205K(5440K)
[2024-12-16T13:08:50.263+0700][gc          ] GC(395) Pause Young (Normal) (G1 Evacuation Pause) 582M->541M(1024M) 100.856ms
[2024-12-16T13:08:50.264+0700][gc,cpu      ] GC(395) User=0.18s Sys=0.02s Real=0.10s
[2024-12-16T13:10:31.320+0700][gc,start    ] GC(396) Pause Young (Normal) (G1 Evacuation Pause)
[2024-12-16T13:10:31.320+0700][gc,task     ] GC(396) Using 2 workers of 2 for evacuation
[2024-12-16T13:10:31.387+0700][gc,mmu      ] GC(396) MMU target violated: 21.0ms (20.0ms/21.0ms)
[2024-12-16T13:10:31.388+0700][gc,phases   ] GC(396)   Pre Evacuate Collection Set: 4.2ms
[2024-12-16T13:10:31.388+0700][gc,phases   ] GC(396)   Merge Heap Roots: 0.9ms
[2024-12-16T13:10:31.388+0700][gc,phases   ] GC(396)   Evacuate Collection Set: 59.6ms
[2024-12-16T13:10:31.388+0700][gc,phases   ] GC(396)   Post Evacuate Collection Set: 2.2ms
[2024-12-16T13:10:31.388+0700][gc,phases   ] GC(396)   Other: 1.7ms
[2024-12-16T13:10:31.388+0700][gc,heap     ] GC(396) Eden regions: 45->0(46)
[2024-12-16T13:10:31.388+0700][gc,heap     ] GC(396) Survivor regions: 6->5(7)
[2024-12-16T13:10:31.388+0700][gc,heap     ] GC(396) Old regions: 406->409
[2024-12-16T13:10:31.388+0700][gc,heap     ] GC(396) Archive regions: 2->2
[2024-12-16T13:10:31.388+0700][gc,heap     ] GC(396) Humongous regions: 129->129
[2024-12-16T13:10:31.388+0700][gc,metaspace] GC(396) Metaspace: 45366K(45952K)->45366K(45952K) NonClass: 40160K(40512K)->40160K(40512K) Class: 5205K(5440K)->5205K(5440K)
[2024-12-16T13:10:31.388+0700][gc          ] GC(396) Pause Young (Normal) (G1 Evacuation Pause) 586M->543M(1024M) 68.707ms
[2024-12-16T13:10:31.389+0700][gc,cpu      ] GC(396) User=0.12s Sys=0.01s Real=0.07s
[2024-12-16T13:12:17.332+0700][gc,start    ] GC(397) Pause Young (Normal) (G1 Evacuation Pause)
[2024-12-16T13:12:17.333+0700][gc,task     ] GC(397) Using 2 workers of 2 for evacuation
[2024-12-16T13:12:17.378+0700][gc,mmu      ] GC(397) MMU target violated: 21.0ms (20.0ms/21.0ms)
[2024-12-16T13:12:17.378+0700][gc,phases   ] GC(397)   Pre Evacuate Collection Set: 4.1ms
[2024-12-16T13:12:17.378+0700][gc,phases   ] GC(397)   Merge Heap Roots: 0.9ms
[2024-12-16T13:12:17.378+0700][gc,phases   ] GC(397)   Evacuate Collection Set: 37.0ms
[2024-12-16T13:12:17.378+0700][gc,phases   ] GC(397)   Post Evacuate Collection Set: 2.6ms
[2024-12-16T13:12:17.378+0700][gc,phases   ] GC(397)   Other: 1.7ms
[2024-12-16T13:12:17.378+0700][gc,heap     ] GC(397) Eden regions: 46->0(48)
[2024-12-16T13:12:17.378+0700][gc,heap     ] GC(397) Survivor regions: 5->3(7)
[2024-12-16T13:12:17.378+0700][gc,heap     ] GC(397) Old regions: 409->411
[2024-12-16T13:12:17.378+0700][gc,heap     ] GC(397) Archive regions: 2->2
[2024-12-16T13:12:17.378+0700][gc,heap     ] GC(397) Humongous regions: 129->129
[2024-12-16T13:12:17.378+0700][gc,metaspace] GC(397) Metaspace: 45366K(45952K)->45366K(45952K) NonClass: 40160K(40512K)->40160K(40512K) Class: 5205K(5440K)->5205K(5440K)
[2024-12-16T13:12:17.378+0700][gc          ] GC(397) Pause Young (Normal) (G1 Evacuation Pause) 589M->543M(1024M) 46.211ms
[2024-12-16T13:12:17.379+0700][gc,cpu      ] GC(397) User=0.07s Sys=0.01s Real=0.05s
[2024-12-16T13:14:08.854+0700][gc,start    ] GC(398) Pause Young (Normal) (G1 Evacuation Pause)
[2024-12-16T13:14:08.854+0700][gc,task     ] GC(398) Using 2 workers of 2 for evacuation
[2024-12-16T13:14:08.898+0700][gc,mmu      ] GC(398) MMU target violated: 21.0ms (20.0ms/21.0ms)
[2024-12-16T13:14:08.899+0700][gc,phases   ] GC(398)   Pre Evacuate Collection Set: 3.7ms
[2024-12-16T13:14:08.899+0700][gc,phases   ] GC(398)   Merge Heap Roots: 1.6ms
[2024-12-16T13:14:08.899+0700][gc,phases   ] GC(398)   Evacuate Collection Set: 36.5ms
[2024-12-16T13:14:08.899+0700][gc,phases   ] GC(398)   Post Evacuate Collection Set: 2.3ms
[2024-12-16T13:14:08.899+0700][gc,phases   ] GC(398)   Other: 1.1ms
[2024-12-16T13:14:08.899+0700][gc,heap     ] GC(398) Eden regions: 48->0(45)
[2024-12-16T13:14:08.899+0700][gc,heap     ] GC(398) Survivor regions: 3->6(7)
[2024-12-16T13:14:08.899+0700][gc,heap     ] GC(398) Old regions: 411->411
[2024-12-16T13:14:08.899+0700][gc,heap     ] GC(398) Archive regions: 2->2
[2024-12-16T13:14:08.899+0700][gc,heap     ] GC(398) Humongous regions: 129->129
[2024-12-16T13:14:08.899+0700][gc,metaspace] GC(398) Metaspace: 45366K(45952K)->45366K(45952K) NonClass: 40160K(40512K)->40160K(40512K) Class: 5205K(5440K)->5205K(5440K)
[2024-12-16T13:14:08.899+0700][gc          ] GC(398) Pause Young (Normal) (G1 Evacuation Pause) 591M->546M(1024M) 45.258ms
[2024-12-16T13:14:08.899+0700][gc,cpu      ] GC(398) User=0.08s Sys=0.00s Real=0.05s
[2024-12-16T13:15:52.939+0700][gc,start    ] GC(399) Pause Young (Normal) (G1 Evacuation Pause)
[2024-12-16T13:15:52.939+0700][gc,task     ] GC(399) Using 2 workers of 2 for evacuation
[2024-12-16T13:15:52.993+0700][gc,mmu      ] GC(399) MMU target violated: 21.0ms (20.0ms/21.0ms)
[2024-12-16T13:15:52.993+0700][gc,phases   ] GC(399)   Pre Evacuate Collection Set: 2.4ms
[2024-12-16T13:15:52.993+0700][gc,phases   ] GC(399)   Merge Heap Roots: 0.6ms
[2024-12-16T13:15:52.993+0700][gc,phases   ] GC(399)   Evacuate Collection Set: 48.4ms
[2024-12-16T13:15:52.993+0700][gc,phases   ] GC(399)   Post Evacuate Collection Set: 1.9ms
[2024-12-16T13:15:52.993+0700][gc,phases   ] GC(399)   Other: 1.2ms
[2024-12-16T13:15:52.993+0700][gc,heap     ] GC(399) Eden regions: 45->0(46)
[2024-12-16T13:15:52.993+0700][gc,heap     ] GC(399) Survivor regions: 6->5(7)
[2024-12-16T13:15:52.993+0700][gc,heap     ] GC(399) Old regions: 411->415
[2024-12-16T13:15:52.993+0700][gc,heap     ] GC(399) Archive regions: 2->2
[2024-12-16T13:15:52.993+0700][gc,heap     ] GC(399) Humongous regions: 129->129
[2024-12-16T13:15:52.993+0700][gc,metaspace] GC(399) Metaspace: 45366K(45952K)->45366K(45952K) NonClass: 40160K(40512K)->40160K(40512K) Class: 5205K(5440K)->5205K(5440K)
[2024-12-16T13:15:52.993+0700][gc          ] GC(399) Pause Young (Normal) (G1 Evacuation Pause) 591M->549M(1024M) 54.499ms
[2024-12-16T13:15:52.993+0700][gc,cpu      ] GC(399) User=0.10s Sys=0.00s Real=0.05s
[2024-12-16T13:17:38.943+0700][gc,start    ] GC(400) Pause Young (Normal) (G1 Evacuation Pause)
[2024-12-16T13:17:38.943+0700][gc,task     ] GC(400) Using 2 workers of 2 for evacuation
[2024-12-16T13:17:38.980+0700][gc,mmu      ] GC(400) MMU target violated: 21.0ms (20.0ms/21.0ms)
[2024-12-16T13:17:38.980+0700][gc,phases   ] GC(400)   Pre Evacuate Collection Set: 2.4ms
[2024-12-16T13:17:38.980+0700][gc,phases   ] GC(400)   Merge Heap Roots: 1.0ms
[2024-12-16T13:17:38.980+0700][gc,phases   ] GC(400)   Evacuate Collection Set: 29.7ms
[2024-12-16T13:17:38.980+0700][gc,phases   ] GC(400)   Post Evacuate Collection Set: 2.5ms
[2024-12-16T13:17:38.980+0700][gc,phases   ] GC(400)   Other: 1.6ms
[2024-12-16T13:17:38.980+0700][gc,heap     ] GC(400) Eden regions: 46->0(48)
[2024-12-16T13:17:38.980+0700][gc,heap     ] GC(400) Survivor regions: 5->3(7)
[2024-12-16T13:17:38.980+0700][gc,heap     ] GC(400) Old regions: 415->417
[2024-12-16T13:17:38.980+0700][gc,heap     ] GC(400) Archive regions: 2->2
[2024-12-16T13:17:38.980+0700][gc,heap     ] GC(400) Humongous regions: 129->129
[2024-12-16T13:17:38.980+0700][gc,metaspace] GC(400) Metaspace: 45366K(45952K)->45366K(45952K) NonClass: 40160K(40512K)->40160K(40512K) Class: 5205K(5440K)->5205K(5440K)
[2024-12-16T13:17:38.980+0700][gc          ] GC(400) Pause Young (Normal) (G1 Evacuation Pause) 595M->549M(1024M) 37.047ms
[2024-12-16T13:17:38.980+0700][gc,cpu      ] GC(400) User=0.07s Sys=0.00s Real=0.04s
[2024-12-16T13:19:29.929+0700][gc,start    ] GC(401) Pause Young (Normal) (G1 Evacuation Pause)
[2024-12-16T13:19:29.929+0700][gc,task     ] GC(401) Using 2 workers of 2 for evacuation
[2024-12-16T13:19:29.969+0700][gc,mmu      ] GC(401) MMU target violated: 21.0ms (20.0ms/21.0ms)
[2024-12-16T13:19:29.970+0700][gc,phases   ] GC(401)   Pre Evacuate Collection Set: 2.8ms
[2024-12-16T13:19:29.970+0700][gc,phases   ] GC(401)   Merge Heap Roots: 0.8ms
[2024-12-16T13:19:29.970+0700][gc,phases   ] GC(401)   Evacuate Collection Set: 33.5ms
[2024-12-16T13:19:29.970+0700][gc,phases   ] GC(401)   Post Evacuate Collection Set: 2.5ms
[2024-12-16T13:19:29.970+0700][gc,phases   ] GC(401)   Other: 1.3ms
[2024-12-16T13:19:29.970+0700][gc,heap     ] GC(401) Eden regions: 48->0(46)
[2024-12-16T13:19:29.970+0700][gc,heap     ] GC(401) Survivor regions: 3->5(7)
[2024-12-16T13:19:29.970+0700][gc,heap     ] GC(401) Old regions: 417->417
[2024-12-16T13:19:29.970+0700][gc,heap     ] GC(401) Archive regions: 2->2
[2024-12-16T13:19:29.970+0700][gc,heap     ] GC(401) Humongous regions: 129->129
[2024-12-16T13:19:29.970+0700][gc,metaspace] GC(401) Metaspace: 45366K(45952K)->45366K(45952K) NonClass: 40160K(40512K)->40160K(40512K) Class: 5205K(5440K)->5205K(5440K)
[2024-12-16T13:19:29.970+0700][gc          ] GC(401) Pause Young (Normal) (G1 Evacuation Pause) 597M->551M(1024M) 40.876ms
[2024-12-16T13:19:29.970+0700][gc,cpu      ] GC(401) User=0.07s Sys=0.00s Real=0.04s
[2024-12-16T13:21:16.615+0700][gc,start    ] GC(402) Pause Young (Normal) (G1 Evacuation Pause)
[2024-12-16T13:21:16.615+0700][gc,task     ] GC(402) Using 2 workers of 2 for evacuation
[2024-12-16T13:21:16.670+0700][gc,mmu      ] GC(402) MMU target violated: 21.0ms (20.0ms/21.0ms)
[2024-12-16T13:21:16.670+0700][gc,phases   ] GC(402)   Pre Evacuate Collection Set: 2.5ms
[2024-12-16T13:21:16.670+0700][gc,phases   ] GC(402)   Merge Heap Roots: 0.6ms
[2024-12-16T13:21:16.670+0700][gc,phases   ] GC(402)   Evacuate Collection Set: 46.1ms
[2024-12-16T13:21:16.670+0700][gc,phases   ] GC(402)   Post Evacuate Collection Set: 4.7ms
[2024-12-16T13:21:16.670+0700][gc,phases   ] GC(402)   Other: 1.5ms
[2024-12-16T13:21:16.670+0700][gc,heap     ] GC(402) Eden regions: 46->0(45)
[2024-12-16T13:21:16.670+0700][gc,heap     ] GC(402) Survivor regions: 5->6(7)
[2024-12-16T13:21:16.670+0700][gc,heap     ] GC(402) Old regions: 417->419
[2024-12-16T13:21:16.670+0700][gc,heap     ] GC(402) Archive regions: 2->2
[2024-12-16T13:21:16.670+0700][gc,heap     ] GC(402) Humongous regions: 129->129
[2024-12-16T13:21:16.670+0700][gc,metaspace] GC(402) Metaspace: 45366K(45952K)->45366K(45952K) NonClass: 40160K(40512K)->40160K(40512K) Class: 5205K(5440K)->5205K(5440K)
[2024-12-16T13:21:16.670+0700][gc          ] GC(402) Pause Young (Normal) (G1 Evacuation Pause) 597M->554M(1024M) 55.229ms
[2024-12-16T13:21:16.670+0700][gc,cpu      ] GC(402) User=0.11s Sys=0.00s Real=0.06s
[2024-12-16T13:23:00.751+0700][gc,start    ] GC(403) Pause Young (Normal) (G1 Evacuation Pause)
[2024-12-16T13:23:00.752+0700][gc,task     ] GC(403) Using 2 workers of 2 for evacuation
[2024-12-16T13:23:00.810+0700][gc,mmu      ] GC(403) MMU target violated: 21.0ms (20.0ms/21.0ms)
[2024-12-16T13:23:00.810+0700][gc,phases   ] GC(403)   Pre Evacuate Collection Set: 3.1ms
[2024-12-16T13:23:00.810+0700][gc,phases   ] GC(403)   Merge Heap Roots: 1.0ms
[2024-12-16T13:23:00.810+0700][gc,phases   ] GC(403)   Evacuate Collection Set: 50.7ms
[2024-12-16T13:23:00.810+0700][gc,phases   ] GC(403)   Post Evacuate Collection Set: 2.7ms
[2024-12-16T13:23:00.810+0700][gc,phases   ] GC(403)   Other: 1.2ms
[2024-12-16T13:23:00.810+0700][gc,heap     ] GC(403) Eden regions: 45->0(46)
[2024-12-16T13:23:00.810+0700][gc,heap     ] GC(403) Survivor regions: 6->5(7)
[2024-12-16T13:23:00.810+0700][gc,heap     ] GC(403) Old regions: 419->423
[2024-12-16T13:23:00.810+0700][gc,heap     ] GC(403) Archive regions: 2->2
[2024-12-16T13:23:00.810+0700][gc,heap     ] GC(403) Humongous regions: 129->129
[2024-12-16T13:23:00.810+0700][gc,metaspace] GC(403) Metaspace: 45366K(45952K)->45366K(45952K) NonClass: 40160K(40512K)->40160K(40512K) Class: 5205K(5440K)->5205K(5440K)
[2024-12-16T13:23:00.810+0700][gc          ] GC(403) Pause Young (Normal) (G1 Evacuation Pause) 599M->557M(1024M) 58.775ms
[2024-12-16T13:23:00.810+0700][gc,cpu      ] GC(403) User=0.11s Sys=0.00s Real=0.06s
[2024-12-16T13:24:46.968+0700][gc,start    ] GC(404) Pause Young (Normal) (G1 Evacuation Pause)
[2024-12-16T13:24:46.968+0700][gc,task     ] GC(404) Using 2 workers of 2 for evacuation
[2024-12-16T13:24:47.004+0700][gc,mmu      ] GC(404) MMU target violated: 21.0ms (20.0ms/21.0ms)
[2024-12-16T13:24:47.005+0700][gc,phases   ] GC(404)   Pre Evacuate Collection Set: 2.3ms
[2024-12-16T13:24:47.005+0700][gc,phases   ] GC(404)   Merge Heap Roots: 0.9ms
[2024-12-16T13:24:47.005+0700][gc,phases   ] GC(404)   Evacuate Collection Set: 29.5ms
[2024-12-16T13:24:47.005+0700][gc,phases   ] GC(404)   Post Evacuate Collection Set: 2.8ms
[2024-12-16T13:24:47.005+0700][gc,phases   ] GC(404)   Other: 1.2ms
[2024-12-16T13:24:47.005+0700][gc,heap     ] GC(404) Eden regions: 46->0(48)
[2024-12-16T13:24:47.005+0700][gc,heap     ] GC(404) Survivor regions: 5->3(7)
[2024-12-16T13:24:47.005+0700][gc,heap     ] GC(404) Old regions: 423->425
[2024-12-16T13:24:47.005+0700][gc,heap     ] GC(404) Archive regions: 2->2
[2024-12-16T13:24:47.005+0700][gc,heap     ] GC(404) Humongous regions: 129->129
[2024-12-16T13:24:47.005+0700][gc,metaspace] GC(404) Metaspace: 45367K(45952K)->45367K(45952K) NonClass: 40161K(40512K)->40161K(40512K) Class: 5205K(5440K)->5205K(5440K)
[2024-12-16T13:24:47.005+0700][gc          ] GC(404) Pause Young (Normal) (G1 Evacuation Pause) 603M->557M(1024M) 37.020ms
[2024-12-16T13:24:47.005+0700][gc,cpu      ] GC(404) User=0.07s Sys=0.00s Real=0.04s
[2024-12-16T13:26:38.942+0700][gc,start    ] GC(405) Pause Young (Normal) (G1 Evacuation Pause)
[2024-12-16T13:26:38.943+0700][gc,task     ] GC(405) Using 2 workers of 2 for evacuation
[2024-12-16T13:26:38.994+0700][gc,mmu      ] GC(405) MMU target violated: 21.0ms (20.0ms/21.0ms)
[2024-12-16T13:26:38.994+0700][gc,phases   ] GC(405)   Pre Evacuate Collection Set: 3.9ms
[2024-12-16T13:26:38.994+0700][gc,phases   ] GC(405)   Merge Heap Roots: 0.7ms
[2024-12-16T13:26:38.994+0700][gc,phases   ] GC(405)   Evacuate Collection Set: 42.3ms
[2024-12-16T13:26:38.994+0700][gc,phases   ] GC(405)   Post Evacuate Collection Set: 3.3ms
[2024-12-16T13:26:38.994+0700][gc,phases   ] GC(405)   Other: 1.6ms
[2024-12-16T13:26:38.994+0700][gc,heap     ] GC(405) Eden regions: 48->0(45)
[2024-12-16T13:26:38.994+0700][gc,heap     ] GC(405) Survivor regions: 3->6(7)
[2024-12-16T13:26:38.994+0700][gc,heap     ] GC(405) Old regions: 425->425
[2024-12-16T13:26:38.994+0700][gc,heap     ] GC(405) Archive regions: 2->2
[2024-12-16T13:26:38.994+0700][gc,heap     ] GC(405) Humongous regions: 129->129
[2024-12-16T13:26:38.994+0700][gc,metaspace] GC(405) Metaspace: 45367K(45952K)->45367K(45952K) NonClass: 40161K(40512K)->40161K(40512K) Class: 5205K(5440K)->5205K(5440K)
[2024-12-16T13:26:38.994+0700][gc          ] GC(405) Pause Young (Normal) (G1 Evacuation Pause) 605M->560M(1024M) 51.734ms
[2024-12-16T13:26:38.994+0700][gc,cpu      ] GC(405) User=0.09s Sys=0.00s Real=0.05s
[2024-12-16T13:28:22.923+0700][gc,start    ] GC(406) Pause Young (Normal) (G1 Evacuation Pause)
[2024-12-16T13:28:22.924+0700][gc,task     ] GC(406) Using 2 workers of 2 for evacuation
[2024-12-16T13:28:22.988+0700][gc,mmu      ] GC(406) MMU target violated: 21.0ms (20.0ms/21.0ms)
[2024-12-16T13:28:22.988+0700][gc,phases   ] GC(406)   Pre Evacuate Collection Set: 4.8ms
[2024-12-16T13:28:22.988+0700][gc,phases   ] GC(406)   Merge Heap Roots: 0.9ms
[2024-12-16T13:28:22.988+0700][gc,phases   ] GC(406)   Evacuate Collection Set: 54.9ms
[2024-12-16T13:28:22.988+0700][gc,phases   ] GC(406)   Post Evacuate Collection Set: 3.0ms
[2024-12-16T13:28:22.988+0700][gc,phases   ] GC(406)   Other: 1.4ms
[2024-12-16T13:28:22.988+0700][gc,heap     ] GC(406) Eden regions: 45->0(45)
[2024-12-16T13:28:22.988+0700][gc,heap     ] GC(406) Survivor regions: 6->6(7)
[2024-12-16T13:28:22.988+0700][gc,heap     ] GC(406) Old regions: 425->427
[2024-12-16T13:28:22.988+0700][gc,heap     ] GC(406) Archive regions: 2->2
[2024-12-16T13:28:22.988+0700][gc,heap     ] GC(406) Humongous regions: 129->129
[2024-12-16T13:28:22.988+0700][gc,metaspace] GC(406) Metaspace: 45367K(45952K)->45367K(45952K) NonClass: 40161K(40512K)->40161K(40512K) Class: 5205K(5440K)->5205K(5440K)
[2024-12-16T13:28:22.988+0700][gc          ] GC(406) Pause Young (Normal) (G1 Evacuation Pause) 605M->562M(1024M) 64.959ms
[2024-12-16T13:28:22.988+0700][gc,cpu      ] GC(406) User=0.12s Sys=0.00s Real=0.07s
[2024-12-16T13:30:06.946+0700][gc,start    ] GC(407) Pause Young (Normal) (G1 Evacuation Pause)
[2024-12-16T13:30:06.947+0700][gc,task     ] GC(407) Using 2 workers of 2 for evacuation
[2024-12-16T13:30:07.012+0700][gc,mmu      ] GC(407) MMU target violated: 21.0ms (20.0ms/21.0ms)
[2024-12-16T13:30:07.012+0700][gc,phases   ] GC(407)   Pre Evacuate Collection Set: 3.1ms
[2024-12-16T13:30:07.012+0700][gc,phases   ] GC(407)   Merge Heap Roots: 1.0ms
[2024-12-16T13:30:07.012+0700][gc,phases   ] GC(407)   Evacuate Collection Set: 57.3ms
[2024-12-16T13:30:07.012+0700][gc,phases   ] GC(407)   Post Evacuate Collection Set: 3.5ms
[2024-12-16T13:30:07.012+0700][gc,phases   ] GC(407)   Other: 1.6ms
[2024-12-16T13:30:07.012+0700][gc,heap     ] GC(407) Eden regions: 45->0(46)
[2024-12-16T13:30:07.012+0700][gc,heap     ] GC(407) Survivor regions: 6->5(7)
[2024-12-16T13:30:07.012+0700][gc,heap     ] GC(407) Old regions: 427->431
[2024-12-16T13:30:07.012+0700][gc,heap     ] GC(407) Archive regions: 2->2
[2024-12-16T13:30:07.012+0700][gc,heap     ] GC(407) Humongous regions: 129->129
[2024-12-16T13:30:07.013+0700][gc,metaspace] GC(407) Metaspace: 45367K(45952K)->45367K(45952K) NonClass: 40161K(40512K)->40161K(40512K) Class: 5205K(5440K)->5205K(5440K)
[2024-12-16T13:30:07.013+0700][gc          ] GC(407) Pause Young (Normal) (G1 Evacuation Pause) 607M->565M(1024M) 66.440ms
[2024-12-16T13:30:07.013+0700][gc,cpu      ] GC(407) User=0.11s Sys=0.01s Real=0.06s
[2024-12-16T13:31:53.562+0700][gc,start    ] GC(408) Pause Young (Normal) (G1 Evacuation Pause)
[2024-12-16T13:31:53.562+0700][gc,task     ] GC(408) Using 2 workers of 2 for evacuation
[2024-12-16T13:31:53.617+0700][gc,mmu      ] GC(408) MMU target violated: 21.0ms (20.0ms/21.0ms)
[2024-12-16T13:31:53.617+0700][gc,phases   ] GC(408)   Pre Evacuate Collection Set: 3.6ms
[2024-12-16T13:31:53.617+0700][gc,phases   ] GC(408)   Merge Heap Roots: 1.1ms
[2024-12-16T13:31:53.617+0700][gc,phases   ] GC(408)   Evacuate Collection Set: 45.1ms
[2024-12-16T13:31:53.617+0700][gc,phases   ] GC(408)   Post Evacuate Collection Set: 4.5ms
[2024-12-16T13:31:53.617+0700][gc,phases   ] GC(408)   Other: 1.8ms
[2024-12-16T13:31:53.617+0700][gc,heap     ] GC(408) Eden regions: 46->0(48)
[2024-12-16T13:31:53.617+0700][gc,heap     ] GC(408) Survivor regions: 5->3(7)
[2024-12-16T13:31:53.617+0700][gc,heap     ] GC(408) Old regions: 431->433
[2024-12-16T13:31:53.617+0700][gc,heap     ] GC(408) Archive regions: 2->2
[2024-12-16T13:31:53.617+0700][gc,heap     ] GC(408) Humongous regions: 129->129
[2024-12-16T13:31:53.617+0700][gc,metaspace] GC(408) Metaspace: 45367K(45952K)->45367K(45952K) NonClass: 40161K(40512K)->40161K(40512K) Class: 5205K(5440K)->5205K(5440K)
[2024-12-16T13:31:53.618+0700][gc          ] GC(408) Pause Young (Normal) (G1 Evacuation Pause) 611M->565M(1024M) 56.008ms
[2024-12-16T13:31:53.618+0700][gc,cpu      ] GC(408) User=0.10s Sys=0.00s Real=0.06s
[2024-12-16T13:33:44.205+0700][gc,start    ] GC(409) Pause Young (Normal) (G1 Evacuation Pause)
[2024-12-16T13:33:44.205+0700][gc,task     ] GC(409) Using 2 workers of 2 for evacuation
[2024-12-16T13:33:44.250+0700][gc,mmu      ] GC(409) MMU target violated: 21.0ms (20.0ms/21.0ms)
[2024-12-16T13:33:44.250+0700][gc,phases   ] GC(409)   Pre Evacuate Collection Set: 4.4ms
[2024-12-16T13:33:44.250+0700][gc,phases   ] GC(409)   Merge Heap Roots: 1.0ms
[2024-12-16T13:33:44.250+0700][gc,phases   ] GC(409)   Evacuate Collection Set: 36.4ms
[2024-12-16T13:33:44.250+0700][gc,phases   ] GC(409)   Post Evacuate Collection Set: 2.3ms
[2024-12-16T13:33:44.250+0700][gc,phases   ] GC(409)   Other: 1.3ms
[2024-12-16T13:33:44.250+0700][gc,heap     ] GC(409) Eden regions: 48->0(45)
[2024-12-16T13:33:44.250+0700][gc,heap     ] GC(409) Survivor regions: 3->6(7)
[2024-12-16T13:33:44.250+0700][gc,heap     ] GC(409) Old regions: 433->433
[2024-12-16T13:33:44.250+0700][gc,heap     ] GC(409) Archive regions: 2->2
[2024-12-16T13:33:44.250+0700][gc,heap     ] GC(409) Humongous regions: 129->129
[2024-12-16T13:33:44.250+0700][gc,metaspace] GC(409) Metaspace: 45367K(45952K)->45367K(45952K) NonClass: 40161K(40512K)->40161K(40512K) Class: 5205K(5440K)->5205K(5440K)
[2024-12-16T13:33:44.250+0700][gc          ] GC(409) Pause Young (Normal) (G1 Evacuation Pause) 613M->568M(1024M) 45.460ms
[2024-12-16T13:33:44.251+0700][gc,cpu      ] GC(409) User=0.08s Sys=0.00s Real=0.04s
[2024-12-16T13:35:28.682+0700][gc,start    ] GC(410) Pause Young (Normal) (G1 Evacuation Pause)
[2024-12-16T13:35:28.682+0700][gc,task     ] GC(410) Using 2 workers of 2 for evacuation
[2024-12-16T13:35:28.747+0700][gc,mmu      ] GC(410) MMU target violated: 21.0ms (20.0ms/21.0ms)
[2024-12-16T13:35:28.747+0700][gc,phases   ] GC(410)   Pre Evacuate Collection Set: 2.6ms
[2024-12-16T13:35:28.747+0700][gc,phases   ] GC(410)   Merge Heap Roots: 1.0ms
[2024-12-16T13:35:28.747+0700][gc,phases   ] GC(410)   Evacuate Collection Set: 56.6ms
[2024-12-16T13:35:28.747+0700][gc,phases   ] GC(410)   Post Evacuate Collection Set: 3.9ms
[2024-12-16T13:35:28.747+0700][gc,phases   ] GC(410)   Other: 1.4ms
[2024-12-16T13:35:28.747+0700][gc,heap     ] GC(410) Eden regions: 45->0(46)
[2024-12-16T13:35:28.747+0700][gc,heap     ] GC(410) Survivor regions: 6->5(7)
[2024-12-16T13:35:28.747+0700][gc,heap     ] GC(410) Old regions: 433->437
[2024-12-16T13:35:28.747+0700][gc,heap     ] GC(410) Archive regions: 2->2
[2024-12-16T13:35:28.747+0700][gc,heap     ] GC(410) Humongous regions: 129->129
[2024-12-16T13:35:28.747+0700][gc,metaspace] GC(410) Metaspace: 45367K(45952K)->45367K(45952K) NonClass: 40161K(40512K)->40161K(40512K) Class: 5205K(5440K)->5205K(5440K)
[2024-12-16T13:35:28.747+0700][gc          ] GC(410) Pause Young (Normal) (G1 Evacuation Pause) 613M->571M(1024M) 65.482ms
[2024-12-16T13:35:28.748+0700][gc,cpu      ] GC(410) User=0.11s Sys=0.01s Real=0.07s
[2024-12-16T13:37:15.325+0700][gc,start    ] GC(411) Pause Young (Normal) (G1 Evacuation Pause)
[2024-12-16T13:37:15.326+0700][gc,task     ] GC(411) Using 2 workers of 2 for evacuation
[2024-12-16T13:37:15.363+0700][gc,mmu      ] GC(411) MMU target violated: 21.0ms (20.0ms/21.0ms)
[2024-12-16T13:37:15.363+0700][gc,phases   ] GC(411)   Pre Evacuate Collection Set: 2.8ms
[2024-12-16T13:37:15.363+0700][gc,phases   ] GC(411)   Merge Heap Roots: 0.7ms
[2024-12-16T13:37:15.363+0700][gc,phases   ] GC(411)   Evacuate Collection Set: 30.6ms
[2024-12-16T13:37:15.363+0700][gc,phases   ] GC(411)   Post Evacuate Collection Set: 3.0ms
[2024-12-16T13:37:15.363+0700][gc,phases   ] GC(411)   Other: 1.3ms
[2024-12-16T13:37:15.363+0700][gc,heap     ] GC(411) Eden regions: 46->0(48)
[2024-12-16T13:37:15.364+0700][gc,heap     ] GC(411) Survivor regions: 5->3(7)
[2024-12-16T13:37:15.364+0700][gc,heap     ] GC(411) Old regions: 437->439
[2024-12-16T13:37:15.364+0700][gc,heap     ] GC(411) Archive regions: 2->2
[2024-12-16T13:37:15.364+0700][gc,heap     ] GC(411) Humongous regions: 129->129
[2024-12-16T13:37:15.364+0700][gc,metaspace] GC(411) Metaspace: 45367K(45952K)->45367K(45952K) NonClass: 40161K(40512K)->40161K(40512K) Class: 5205K(5440K)->5205K(5440K)
[2024-12-16T13:37:15.364+0700][gc          ] GC(411) Pause Young (Normal) (G1 Evacuation Pause) 617M->571M(1024M) 38.169ms
[2024-12-16T13:37:15.364+0700][gc,cpu      ] GC(411) User=0.07s Sys=0.00s Real=0.03s
[2024-12-16T13:39:06.847+0700][gc,start    ] GC(412) Pause Young (Normal) (G1 Evacuation Pause)
[2024-12-16T13:39:06.847+0700][gc,task     ] GC(412) Using 2 workers of 2 for evacuation
[2024-12-16T13:39:06.885+0700][gc,mmu      ] GC(412) MMU target violated: 21.0ms (20.0ms/21.0ms)
[2024-12-16T13:39:06.885+0700][gc,phases   ] GC(412)   Pre Evacuate Collection Set: 2.7ms
[2024-12-16T13:39:06.885+0700][gc,phases   ] GC(412)   Merge Heap Roots: 0.6ms
[2024-12-16T13:39:06.885+0700][gc,phases   ] GC(412)   Evacuate Collection Set: 31.6ms
[2024-12-16T13:39:06.885+0700][gc,phases   ] GC(412)   Post Evacuate Collection Set: 2.8ms
[2024-12-16T13:39:06.885+0700][gc,phases   ] GC(412)   Other: 1.1ms
[2024-12-16T13:39:06.885+0700][gc,heap     ] GC(412) Eden regions: 48->0(45)
[2024-12-16T13:39:06.885+0700][gc,heap     ] GC(412) Survivor regions: 3->6(7)
[2024-12-16T13:39:06.885+0700][gc,heap     ] GC(412) Old regions: 439->439
[2024-12-16T13:39:06.885+0700][gc,heap     ] GC(412) Archive regions: 2->2
[2024-12-16T13:39:06.885+0700][gc,heap     ] GC(412) Humongous regions: 129->129
[2024-12-16T13:39:06.885+0700][gc,metaspace] GC(412) Metaspace: 45367K(45952K)->45367K(45952K) NonClass: 40161K(40512K)->40161K(40512K) Class: 5205K(5440K)->5205K(5440K)
[2024-12-16T13:39:06.885+0700][gc          ] GC(412) Pause Young (Normal) (G1 Evacuation Pause) 619M->574M(1024M) 38.762ms
[2024-12-16T13:39:06.885+0700][gc,cpu      ] GC(412) User=0.07s Sys=0.00s Real=0.04s
[2024-12-16T13:40:51.005+0700][gc,start    ] GC(413) Pause Young (Normal) (G1 Evacuation Pause)
[2024-12-16T13:40:51.005+0700][gc,task     ] GC(413) Using 2 workers of 2 for evacuation
[2024-12-16T13:40:51.059+0700][gc,mmu      ] GC(413) MMU target violated: 21.0ms (20.0ms/21.0ms)
[2024-12-16T13:40:51.060+0700][gc,phases   ] GC(413)   Pre Evacuate Collection Set: 3.9ms
[2024-12-16T13:40:51.060+0700][gc,phases   ] GC(413)   Merge Heap Roots: 1.0ms
[2024-12-16T13:40:51.060+0700][gc,phases   ] GC(413)   Evacuate Collection Set: 46.3ms
[2024-12-16T13:40:51.060+0700][gc,phases   ] GC(413)   Post Evacuate Collection Set: 2.2ms
[2024-12-16T13:40:51.060+0700][gc,phases   ] GC(413)   Other: 1.4ms
[2024-12-16T13:40:51.060+0700][gc,heap     ] GC(413) Eden regions: 45->0(45)
[2024-12-16T13:40:51.060+0700][gc,heap     ] GC(413) Survivor regions: 6->6(7)
[2024-12-16T13:40:51.060+0700][gc,heap     ] GC(413) Old regions: 439->441
[2024-12-16T13:40:51.060+0700][gc,heap     ] GC(413) Archive regions: 2->2
[2024-12-16T13:40:51.060+0700][gc,heap     ] GC(413) Humongous regions: 129->129
[2024-12-16T13:40:51.060+0700][gc,metaspace] GC(413) Metaspace: 45367K(45952K)->45367K(45952K) NonClass: 40161K(40512K)->40161K(40512K) Class: 5205K(5440K)->5205K(5440K)
[2024-12-16T13:40:51.060+0700][gc          ] GC(413) Pause Young (Normal) (G1 Evacuation Pause) 619M->576M(1024M) 54.866ms
[2024-12-16T13:40:51.060+0700][gc,cpu      ] GC(413) User=0.09s Sys=0.01s Real=0.05s
[2024-12-16T13:42:35.210+0700][gc,start    ] GC(414) Pause Young (Normal) (G1 Evacuation Pause)
[2024-12-16T13:42:35.210+0700][gc,task     ] GC(414) Using 2 workers of 2 for evacuation
[2024-12-16T13:42:35.280+0700][gc,mmu      ] GC(414) MMU target violated: 21.0ms (20.0ms/21.0ms)
[2024-12-16T13:42:35.280+0700][gc,phases   ] GC(414)   Pre Evacuate Collection Set: 3.1ms
[2024-12-16T13:42:35.280+0700][gc,phases   ] GC(414)   Merge Heap Roots: 0.6ms
[2024-12-16T13:42:35.280+0700][gc,phases   ] GC(414)   Evacuate Collection Set: 63.0ms
[2024-12-16T13:42:35.280+0700][gc,phases   ] GC(414)   Post Evacuate Collection Set: 2.1ms
[2024-12-16T13:42:35.280+0700][gc,phases   ] GC(414)   Other: 1.7ms
[2024-12-16T13:42:35.280+0700][gc,heap     ] GC(414) Eden regions: 45->0(46)
[2024-12-16T13:42:35.280+0700][gc,heap     ] GC(414) Survivor regions: 6->5(7)
[2024-12-16T13:42:35.280+0700][gc,heap     ] GC(414) Old regions: 441->445
[2024-12-16T13:42:35.280+0700][gc,heap     ] GC(414) Archive regions: 2->2
[2024-12-16T13:42:35.280+0700][gc,heap     ] GC(414) Humongous regions: 129->129
[2024-12-16T13:42:35.281+0700][gc,metaspace] GC(414) Metaspace: 45367K(45952K)->45367K(45952K) NonClass: 40161K(40512K)->40161K(40512K) Class: 5205K(5440K)->5205K(5440K)
[2024-12-16T13:42:35.281+0700][gc          ] GC(414) Pause Young (Normal) (G1 Evacuation Pause) 621M->579M(1024M) 70.521ms
[2024-12-16T13:42:35.281+0700][gc,cpu      ] GC(414) User=0.12s Sys=0.01s Real=0.07s
[2024-12-16T13:44:20.979+0700][gc,start    ] GC(415) Pause Young (Normal) (G1 Evacuation Pause)
[2024-12-16T13:44:20.980+0700][gc,task     ] GC(415) Using 2 workers of 2 for evacuation
[2024-12-16T13:44:21.018+0700][gc,mmu      ] GC(415) MMU target violated: 21.0ms (20.0ms/21.0ms)
[2024-12-16T13:44:21.018+0700][gc,phases   ] GC(415)   Pre Evacuate Collection Set: 2.5ms
[2024-12-16T13:44:21.018+0700][gc,phases   ] GC(415)   Merge Heap Roots: 1.1ms
[2024-12-16T13:44:21.018+0700][gc,phases   ] GC(415)   Evacuate Collection Set: 31.7ms
[2024-12-16T13:44:21.018+0700][gc,phases   ] GC(415)   Post Evacuate Collection Set: 2.6ms
[2024-12-16T13:44:21.018+0700][gc,phases   ] GC(415)   Other: 1.4ms
[2024-12-16T13:44:21.018+0700][gc,heap     ] GC(415) Eden regions: 46->0(48)
[2024-12-16T13:44:21.018+0700][gc,heap     ] GC(415) Survivor regions: 5->3(7)
[2024-12-16T13:44:21.018+0700][gc,heap     ] GC(415) Old regions: 445->447
[2024-12-16T13:44:21.018+0700][gc,heap     ] GC(415) Archive regions: 2->2
[2024-12-16T13:44:21.018+0700][gc,heap     ] GC(415) Humongous regions: 129->129
[2024-12-16T13:44:21.018+0700][gc,metaspace] GC(415) Metaspace: 45367K(45952K)->45367K(45952K) NonClass: 40161K(40512K)->40161K(40512K) Class: 5205K(5440K)->5205K(5440K)
[2024-12-16T13:44:21.018+0700][gc          ] GC(415) Pause Young (Normal) (G1 Evacuation Pause) 625M->579M(1024M) 39.236ms
[2024-12-16T13:44:21.019+0700][gc,cpu      ] GC(415) User=0.07s Sys=0.00s Real=0.04s
[2024-12-16T13:46:12.474+0700][gc,start    ] GC(416) Pause Young (Normal) (G1 Evacuation Pause)
[2024-12-16T13:46:12.474+0700][gc,task     ] GC(416) Using 2 workers of 2 for evacuation
[2024-12-16T13:46:12.526+0700][gc,mmu      ] GC(416) MMU target violated: 21.0ms (20.0ms/21.0ms)
[2024-12-16T13:46:12.526+0700][gc,phases   ] GC(416)   Pre Evacuate Collection Set: 3.9ms
[2024-12-16T13:46:12.526+0700][gc,phases   ] GC(416)   Merge Heap Roots: 0.8ms
[2024-12-16T13:46:12.526+0700][gc,phases   ] GC(416)   Evacuate Collection Set: 44.5ms
[2024-12-16T13:46:12.526+0700][gc,phases   ] GC(416)   Post Evacuate Collection Set: 1.9ms
[2024-12-16T13:46:12.526+0700][gc,phases   ] GC(416)   Other: 1.3ms
[2024-12-16T13:46:12.526+0700][gc,heap     ] GC(416) Eden regions: 48->0(45)
[2024-12-16T13:46:12.526+0700][gc,heap     ] GC(416) Survivor regions: 3->6(7)
[2024-12-16T13:46:12.526+0700][gc,heap     ] GC(416) Old regions: 447->447
[2024-12-16T13:46:12.526+0700][gc,heap     ] GC(416) Archive regions: 2->2
[2024-12-16T13:46:12.526+0700][gc,heap     ] GC(416) Humongous regions: 129->129
[2024-12-16T13:46:12.526+0700][gc,metaspace] GC(416) Metaspace: 45367K(45952K)->45367K(45952K) NonClass: 40161K(40512K)->40161K(40512K) Class: 5205K(5440K)->5205K(5440K)
[2024-12-16T13:46:12.526+0700][gc          ] GC(416) Pause Young (Normal) (G1 Evacuation Pause) 627M->582M(1024M) 52.487ms
[2024-12-16T13:46:12.526+0700][gc,cpu      ] GC(416) User=0.09s Sys=0.01s Real=0.06s
[2024-12-16T13:47:56.912+0700][gc,start    ] GC(417) Pause Young (Normal) (G1 Evacuation Pause)
[2024-12-16T13:47:56.912+0700][gc,task     ] GC(417) Using 2 workers of 2 for evacuation
[2024-12-16T13:47:56.970+0700][gc,mmu      ] GC(417) MMU target violated: 21.0ms (20.0ms/21.0ms)
[2024-12-16T13:47:56.970+0700][gc,phases   ] GC(417)   Pre Evacuate Collection Set: 2.5ms
[2024-12-16T13:47:56.970+0700][gc,phases   ] GC(417)   Merge Heap Roots: 0.7ms
[2024-12-16T13:47:56.970+0700][gc,phases   ] GC(417)   Evacuate Collection Set: 50.6ms
[2024-12-16T13:47:56.970+0700][gc,phases   ] GC(417)   Post Evacuate Collection Set: 3.4ms
[2024-12-16T13:47:56.970+0700][gc,phases   ] GC(417)   Other: 1.2ms
[2024-12-16T13:47:56.970+0700][gc,heap     ] GC(417) Eden regions: 45->0(44)
[2024-12-16T13:47:56.970+0700][gc,heap     ] GC(417) Survivor regions: 6->7(7)
[2024-12-16T13:47:56.970+0700][gc,heap     ] GC(417) Old regions: 447->449
[2024-12-16T13:47:56.970+0700][gc,heap     ] GC(417) Archive regions: 2->2
[2024-12-16T13:47:56.970+0700][gc,heap     ] GC(417) Humongous regions: 129->129
[2024-12-16T13:47:56.970+0700][gc,metaspace] GC(417) Metaspace: 45367K(45952K)->45367K(45952K) NonClass: 40161K(40512K)->40161K(40512K) Class: 5205K(5440K)->5205K(5440K)
[2024-12-16T13:47:56.971+0700][gc          ] GC(417) Pause Young (Normal) (G1 Evacuation Pause) 627M->585M(1024M) 58.358ms
[2024-12-16T13:47:56.971+0700][gc,cpu      ] GC(417) User=0.09s Sys=0.02s Real=0.06s
[2024-12-16T13:49:38.845+0700][gc,start    ] GC(418) Pause Young (Normal) (G1 Evacuation Pause)
[2024-12-16T13:49:38.845+0700][gc,task     ] GC(418) Using 2 workers of 2 for evacuation
[2024-12-16T13:49:38.910+0700][gc,mmu      ] GC(418) MMU target violated: 21.0ms (20.0ms/21.0ms)
[2024-12-16T13:49:38.910+0700][gc,phases   ] GC(418)   Pre Evacuate Collection Set: 2.7ms
[2024-12-16T13:49:38.911+0700][gc,phases   ] GC(418)   Merge Heap Roots: 0.6ms
[2024-12-16T13:49:38.911+0700][gc,phases   ] GC(418)   Evacuate Collection Set: 58.8ms
[2024-12-16T13:49:38.911+0700][gc,phases   ] GC(418)   Post Evacuate Collection Set: 1.9ms
[2024-12-16T13:49:38.911+0700][gc,phases   ] GC(418)   Other: 1.5ms
[2024-12-16T13:49:38.911+0700][gc,heap     ] GC(418) Eden regions: 44->0(46)
[2024-12-16T13:49:38.911+0700][gc,heap     ] GC(418) Survivor regions: 7->5(7)
[2024-12-16T13:49:38.911+0700][gc,heap     ] GC(418) Old regions: 449->453
[2024-12-16T13:49:38.911+0700][gc,heap     ] GC(418) Archive regions: 2->2
[2024-12-16T13:49:38.911+0700][gc,heap     ] GC(418) Humongous regions: 129->129
[2024-12-16T13:49:38.911+0700][gc,metaspace] GC(418) Metaspace: 45367K(45952K)->45367K(45952K) NonClass: 40161K(40512K)->40161K(40512K) Class: 5205K(5440K)->5205K(5440K)
[2024-12-16T13:49:38.911+0700][gc          ] GC(418) Pause Young (Normal) (G1 Evacuation Pause) 629M->587M(1024M) 65.643ms
[2024-12-16T13:49:38.911+0700][gc,cpu      ] GC(418) User=0.13s Sys=0.00s Real=0.06s
[2024-12-16T13:51:24.467+0700][gc,start    ] GC(419) Pause Young (Normal) (G1 Evacuation Pause)
[2024-12-16T13:51:24.467+0700][gc,task     ] GC(419) Using 2 workers of 2 for evacuation
[2024-12-16T13:51:24.510+0700][gc,mmu      ] GC(419) MMU target violated: 21.0ms (20.0ms/21.0ms)
[2024-12-16T13:51:24.510+0700][gc,phases   ] GC(419)   Pre Evacuate Collection Set: 2.6ms
[2024-12-16T13:51:24.510+0700][gc,phases   ] GC(419)   Merge Heap Roots: 1.2ms
[2024-12-16T13:51:24.510+0700][gc,phases   ] GC(419)   Evacuate Collection Set: 31.9ms
[2024-12-16T13:51:24.510+0700][gc,phases   ] GC(419)   Post Evacuate Collection Set: 6.3ms
[2024-12-16T13:51:24.510+0700][gc,phases   ] GC(419)   Other: 1.2ms
[2024-12-16T13:51:24.510+0700][gc,heap     ] GC(419) Eden regions: 46->0(48)
[2024-12-16T13:51:24.510+0700][gc,heap     ] GC(419) Survivor regions: 5->3(7)
[2024-12-16T13:51:24.510+0700][gc,heap     ] GC(419) Old regions: 453->455
[2024-12-16T13:51:24.510+0700][gc,heap     ] GC(419) Archive regions: 2->2
[2024-12-16T13:51:24.510+0700][gc,heap     ] GC(419) Humongous regions: 129->129
[2024-12-16T13:51:24.510+0700][gc,metaspace] GC(419) Metaspace: 45367K(45952K)->45367K(45952K) NonClass: 40161K(40512K)->40161K(40512K) Class: 5205K(5440K)->5205K(5440K)
[2024-12-16T13:51:24.511+0700][gc          ] GC(419) Pause Young (Normal) (G1 Evacuation Pause) 633M->587M(1024M) 43.327ms
[2024-12-16T13:51:24.511+0700][gc,cpu      ] GC(419) User=0.07s Sys=0.00s Real=0.04s
[2024-12-16T13:53:15.819+0700][gc,start    ] GC(420) Pause Young (Normal) (G1 Evacuation Pause)
[2024-12-16T13:53:15.819+0700][gc,task     ] GC(420) Using 2 workers of 2 for evacuation
[2024-12-16T13:53:15.863+0700][gc,mmu      ] GC(420) MMU target violated: 21.0ms (20.0ms/21.0ms)
[2024-12-16T13:53:15.863+0700][gc,phases   ] GC(420)   Pre Evacuate Collection Set: 2.5ms
[2024-12-16T13:53:15.863+0700][gc,phases   ] GC(420)   Merge Heap Roots: 1.2ms
[2024-12-16T13:53:15.863+0700][gc,phases   ] GC(420)   Evacuate Collection Set: 37.1ms
[2024-12-16T13:53:15.863+0700][gc,phases   ] GC(420)   Post Evacuate Collection Set: 2.8ms
[2024-12-16T13:53:15.864+0700][gc,phases   ] GC(420)   Other: 1.3ms
[2024-12-16T13:53:15.864+0700][gc,heap     ] GC(420) Eden regions: 48->0(45)
[2024-12-16T13:53:15.864+0700][gc,heap     ] GC(420) Survivor regions: 3->6(7)
[2024-12-16T13:53:15.864+0700][gc,heap     ] GC(420) Old regions: 455->455
[2024-12-16T13:53:15.864+0700][gc,heap     ] GC(420) Archive regions: 2->2
[2024-12-16T13:53:15.864+0700][gc,heap     ] GC(420) Humongous regions: 129->129
[2024-12-16T13:53:15.864+0700][gc,metaspace] GC(420) Metaspace: 45367K(45952K)->45367K(45952K) NonClass: 40161K(40512K)->40161K(40512K) Class: 5205K(5440K)->5205K(5440K)
[2024-12-16T13:53:15.864+0700][gc          ] GC(420) Pause Young (Normal) (G1 Evacuation Pause) 635M->590M(1024M) 44.808ms
[2024-12-16T13:53:15.864+0700][gc,cpu      ] GC(420) User=0.08s Sys=0.00s Real=0.04s
[2024-12-16T13:55:00.105+0700][gc,start    ] GC(421) Pause Young (Normal) (G1 Evacuation Pause)
[2024-12-16T13:55:00.105+0700][gc,task     ] GC(421) Using 2 workers of 2 for evacuation
[2024-12-16T13:55:00.162+0700][gc,mmu      ] GC(421) MMU target violated: 21.0ms (20.0ms/21.0ms)
[2024-12-16T13:55:00.162+0700][gc,phases   ] GC(421)   Pre Evacuate Collection Set: 3.7ms
[2024-12-16T13:55:00.162+0700][gc,phases   ] GC(421)   Merge Heap Roots: 0.8ms
[2024-12-16T13:55:00.162+0700][gc,phases   ] GC(421)   Evacuate Collection Set: 48.5ms
[2024-12-16T13:55:00.162+0700][gc,phases   ] GC(421)   Post Evacuate Collection Set: 3.1ms
[2024-12-16T13:55:00.162+0700][gc,phases   ] GC(421)   Other: 1.0ms
[2024-12-16T13:55:00.162+0700][gc,heap     ] GC(421) Eden regions: 45->0(46)
[2024-12-16T13:55:00.162+0700][gc,heap     ] GC(421) Survivor regions: 6->5(7)
[2024-12-16T13:55:00.162+0700][gc,heap     ] GC(421) Old regions: 455->459
[2024-12-16T13:55:00.162+0700][gc,heap     ] GC(421) Archive regions: 2->2
[2024-12-16T13:55:00.162+0700][gc,heap     ] GC(421) Humongous regions: 129->129
[2024-12-16T13:55:00.162+0700][gc,metaspace] GC(421) Metaspace: 45367K(45952K)->45367K(45952K) NonClass: 40161K(40512K)->40161K(40512K) Class: 5205K(5440K)->5205K(5440K)
[2024-12-16T13:55:00.162+0700][gc          ] GC(421) Pause Young (Normal) (G1 Evacuation Pause) 635M->593M(1024M) 57.325ms
[2024-12-16T13:55:00.162+0700][gc,cpu      ] GC(421) User=0.10s Sys=0.00s Real=0.05s
[2024-12-16T13:56:46.578+0700][gc,start    ] GC(422) Pause Young (Normal) (G1 Evacuation Pause)
[2024-12-16T13:56:46.579+0700][gc,task     ] GC(422) Using 2 workers of 2 for evacuation
[2024-12-16T13:56:46.614+0700][gc,mmu      ] GC(422) MMU target violated: 21.0ms (20.0ms/21.0ms)
[2024-12-16T13:56:46.614+0700][gc,phases   ] GC(422)   Pre Evacuate Collection Set: 2.9ms
[2024-12-16T13:56:46.614+0700][gc,phases   ] GC(422)   Merge Heap Roots: 1.0ms
[2024-12-16T13:56:46.614+0700][gc,phases   ] GC(422)   Evacuate Collection Set: 28.6ms
[2024-12-16T13:56:46.614+0700][gc,phases   ] GC(422)   Post Evacuate Collection Set: 2.2ms
[2024-12-16T13:56:46.614+0700][gc,phases   ] GC(422)   Other: 1.1ms
[2024-12-16T13:56:46.614+0700][gc,heap     ] GC(422) Eden regions: 46->0(48)
[2024-12-16T13:56:46.614+0700][gc,heap     ] GC(422) Survivor regions: 5->3(7)
[2024-12-16T13:56:46.614+0700][gc,heap     ] GC(422) Old regions: 459->461
[2024-12-16T13:56:46.614+0700][gc,heap     ] GC(422) Archive regions: 2->2
[2024-12-16T13:56:46.614+0700][gc,heap     ] GC(422) Humongous regions: 129->129
[2024-12-16T13:56:46.614+0700][gc,metaspace] GC(422) Metaspace: 45367K(45952K)->45367K(45952K) NonClass: 40161K(40512K)->40161K(40512K) Class: 5205K(5440K)->5205K(5440K)
[2024-12-16T13:56:46.614+0700][gc          ] GC(422) Pause Young (Normal) (G1 Evacuation Pause) 639M->593M(1024M) 35.868ms
[2024-12-16T13:56:46.614+0700][gc,cpu      ] GC(422) User=0.06s Sys=0.01s Real=0.03s
[2024-12-16T13:58:38.099+0700][gc,start    ] GC(423) Pause Young (Normal) (G1 Evacuation Pause)
[2024-12-16T13:58:38.099+0700][gc,task     ] GC(423) Using 2 workers of 2 for evacuation
[2024-12-16T13:58:38.139+0700][gc,mmu      ] GC(423) MMU target violated: 21.0ms (20.0ms/21.0ms)
[2024-12-16T13:58:38.139+0700][gc,phases   ] GC(423)   Pre Evacuate Collection Set: 2.6ms
[2024-12-16T13:58:38.139+0700][gc,phases   ] GC(423)   Merge Heap Roots: 0.9ms
[2024-12-16T13:58:38.139+0700][gc,phases   ] GC(423)   Evacuate Collection Set: 33.2ms
[2024-12-16T13:58:38.139+0700][gc,phases   ] GC(423)   Post Evacuate Collection Set: 2.2ms
[2024-12-16T13:58:38.139+0700][gc,phases   ] GC(423)   Other: 1.5ms
[2024-12-16T13:58:38.139+0700][gc,heap     ] GC(423) Eden regions: 48->0(45)
[2024-12-16T13:58:38.140+0700][gc,heap     ] GC(423) Survivor regions: 3->6(7)
[2024-12-16T13:58:38.140+0700][gc,heap     ] GC(423) Old regions: 461->461
[2024-12-16T13:58:38.140+0700][gc,heap     ] GC(423) Archive regions: 2->2
[2024-12-16T13:58:38.140+0700][gc,heap     ] GC(423) Humongous regions: 129->129
[2024-12-16T13:58:38.140+0700][gc,metaspace] GC(423) Metaspace: 45367K(45952K)->45367K(45952K) NonClass: 40161K(40512K)->40161K(40512K) Class: 5205K(5440K)->5205K(5440K)
[2024-12-16T13:58:38.140+0700][gc          ] GC(423) Pause Young (Normal) (G1 Evacuation Pause) 641M->596M(1024M) 40.639ms
[2024-12-16T13:58:38.140+0700][gc,cpu      ] GC(423) User=0.07s Sys=0.00s Real=0.04s
[2024-12-16T14:00:22.243+0700][gc,start    ] GC(424) Pause Young (Normal) (G1 Evacuation Pause)
[2024-12-16T14:00:22.243+0700][gc,task     ] GC(424) Using 2 workers of 2 for evacuation
[2024-12-16T14:00:22.305+0700][gc,mmu      ] GC(424) MMU target violated: 21.0ms (20.0ms/21.0ms)
[2024-12-16T14:00:22.305+0700][gc,phases   ] GC(424)   Pre Evacuate Collection Set: 3.3ms
[2024-12-16T14:00:22.305+0700][gc,phases   ] GC(424)   Merge Heap Roots: 0.6ms
[2024-12-16T14:00:22.305+0700][gc,phases   ] GC(424)   Evacuate Collection Set: 53.9ms
[2024-12-16T14:00:22.305+0700][gc,phases   ] GC(424)   Post Evacuate Collection Set: 3.5ms
[2024-12-16T14:00:22.305+0700][gc,phases   ] GC(424)   Other: 1.9ms
[2024-12-16T14:00:22.305+0700][gc,heap     ] GC(424) Eden regions: 45->0(44)
[2024-12-16T14:00:22.306+0700][gc,heap     ] GC(424) Survivor regions: 6->7(7)
[2024-12-16T14:00:22.306+0700][gc,heap     ] GC(424) Old regions: 461->463
[2024-12-16T14:00:22.306+0700][gc,heap     ] GC(424) Archive regions: 2->2
[2024-12-16T14:00:22.306+0700][gc,heap     ] GC(424) Humongous regions: 129->129
[2024-12-16T14:00:22.306+0700][gc,metaspace] GC(424) Metaspace: 45367K(45952K)->45367K(45952K) NonClass: 40161K(40512K)->40161K(40512K) Class: 5205K(5440K)->5205K(5440K)
[2024-12-16T14:00:22.306+0700][gc          ] GC(424) Pause Young (Normal) (G1 Evacuation Pause) 641M->599M(1024M) 63.140ms
[2024-12-16T14:00:22.306+0700][gc,cpu      ] GC(424) User=0.11s Sys=0.01s Real=0.07s
[2024-12-16T14:02:03.896+0700][gc,start    ] GC(425) Pause Young (Normal) (G1 Evacuation Pause)
[2024-12-16T14:02:03.896+0700][gc,task     ] GC(425) Using 2 workers of 2 for evacuation
[2024-12-16T14:02:03.972+0700][gc,mmu      ] GC(425) MMU target violated: 21.0ms (20.0ms/21.0ms)
[2024-12-16T14:02:03.972+0700][gc,phases   ] GC(425)   Pre Evacuate Collection Set: 9.1ms
[2024-12-16T14:02:03.972+0700][gc,phases   ] GC(425)   Merge Heap Roots: 0.6ms
[2024-12-16T14:02:03.972+0700][gc,phases   ] GC(425)   Evacuate Collection Set: 62.4ms
[2024-12-16T14:02:03.972+0700][gc,phases   ] GC(425)   Post Evacuate Collection Set: 2.7ms
[2024-12-16T14:02:03.972+0700][gc,phases   ] GC(425)   Other: 1.8ms
[2024-12-16T14:02:03.972+0700][gc,heap     ] GC(425) Eden regions: 44->0(46)
[2024-12-16T14:02:03.972+0700][gc,heap     ] GC(425) Survivor regions: 7->5(7)
[2024-12-16T14:02:03.972+0700][gc,heap     ] GC(425) Old regions: 463->467
[2024-12-16T14:02:03.972+0700][gc,heap     ] GC(425) Archive regions: 2->2
[2024-12-16T14:02:03.972+0700][gc,heap     ] GC(425) Humongous regions: 129->129
[2024-12-16T14:02:03.972+0700][gc,metaspace] GC(425) Metaspace: 45367K(45952K)->45367K(45952K) NonClass: 40161K(40512K)->40161K(40512K) Class: 5205K(5440K)->5205K(5440K)
[2024-12-16T14:02:03.972+0700][gc          ] GC(425) Pause Young (Normal) (G1 Evacuation Pause) 643M->601M(1024M) 76.836ms
[2024-12-16T14:02:03.973+0700][gc,cpu      ] GC(425) User=0.12s Sys=0.03s Real=0.08s
[2024-12-16T14:03:50.790+0700][gc,start    ] GC(426) Pause Young (Normal) (G1 Evacuation Pause)
[2024-12-16T14:03:50.790+0700][gc,task     ] GC(426) Using 2 workers of 2 for evacuation
[2024-12-16T14:03:50.829+0700][gc,mmu      ] GC(426) MMU target violated: 21.0ms (20.0ms/21.0ms)
[2024-12-16T14:03:50.829+0700][gc,phases   ] GC(426)   Pre Evacuate Collection Set: 3.4ms
[2024-12-16T14:03:50.829+0700][gc,phases   ] GC(426)   Merge Heap Roots: 0.6ms
[2024-12-16T14:03:50.829+0700][gc,phases   ] GC(426)   Evacuate Collection Set: 30.2ms
[2024-12-16T14:03:50.829+0700][gc,phases   ] GC(426)   Post Evacuate Collection Set: 4.0ms
[2024-12-16T14:03:50.829+0700][gc,phases   ] GC(426)   Other: 1.6ms
[2024-12-16T14:03:50.829+0700][gc,heap     ] GC(426) Eden regions: 46->0(48)
[2024-12-16T14:03:50.829+0700][gc,heap     ] GC(426) Survivor regions: 5->3(7)
[2024-12-16T14:03:50.829+0700][gc,heap     ] GC(426) Old regions: 467->469
[2024-12-16T14:03:50.829+0700][gc,heap     ] GC(426) Archive regions: 2->2
[2024-12-16T14:03:50.829+0700][gc,heap     ] GC(426) Humongous regions: 129->129
[2024-12-16T14:03:50.829+0700][gc,metaspace] GC(426) Metaspace: 45367K(45952K)->45367K(45952K) NonClass: 40161K(40512K)->40161K(40512K) Class: 5205K(5440K)->5205K(5440K)
[2024-12-16T14:03:50.829+0700][gc          ] GC(426) Pause Young (Normal) (G1 Evacuation Pause) 647M->601M(1024M) 39.546ms
[2024-12-16T14:03:50.829+0700][gc,cpu      ] GC(426) User=0.07s Sys=0.00s Real=0.04s
[2024-12-16T14:05:42.192+0700][gc,start    ] GC(427) Pause Young (Normal) (G1 Evacuation Pause)
[2024-12-16T14:05:42.193+0700][gc,task     ] GC(427) Using 2 workers of 2 for evacuation
[2024-12-16T14:05:42.236+0700][gc,mmu      ] GC(427) MMU target violated: 21.0ms (20.0ms/21.0ms)
[2024-12-16T14:05:42.236+0700][gc,phases   ] GC(427)   Pre Evacuate Collection Set: 2.8ms
[2024-12-16T14:05:42.236+0700][gc,phases   ] GC(427)   Merge Heap Roots: 1.2ms
[2024-12-16T14:05:42.237+0700][gc,phases   ] GC(427)   Evacuate Collection Set: 36.3ms
[2024-12-16T14:05:42.237+0700][gc,phases   ] GC(427)   Post Evacuate Collection Set: 2.6ms
[2024-12-16T14:05:42.237+0700][gc,phases   ] GC(427)   Other: 1.3ms
[2024-12-16T14:05:42.237+0700][gc,heap     ] GC(427) Eden regions: 48->0(45)
[2024-12-16T14:05:42.237+0700][gc,heap     ] GC(427) Survivor regions: 3->6(7)
[2024-12-16T14:05:42.237+0700][gc,heap     ] GC(427) Old regions: 469->469
[2024-12-16T14:05:42.237+0700][gc,heap     ] GC(427) Archive regions: 2->2
[2024-12-16T14:05:42.237+0700][gc,heap     ] GC(427) Humongous regions: 129->129
[2024-12-16T14:05:42.237+0700][gc,metaspace] GC(427) Metaspace: 45367K(45952K)->45367K(45952K) NonClass: 40161K(40512K)->40161K(40512K) Class: 5205K(5440K)->5205K(5440K)
[2024-12-16T14:05:42.237+0700][gc          ] GC(427) Pause Young (Normal) (G1 Evacuation Pause) 649M->604M(1024M) 44.270ms
[2024-12-16T14:05:42.237+0700][gc,cpu      ] GC(427) User=0.08s Sys=0.01s Real=0.05s
[2024-12-16T14:07:26.347+0700][gc,start    ] GC(428) Pause Young (Normal) (G1 Evacuation Pause)
[2024-12-16T14:07:26.347+0700][gc,task     ] GC(428) Using 2 workers of 2 for evacuation
[2024-12-16T14:07:26.409+0700][gc,mmu      ] GC(428) MMU target violated: 21.0ms (20.0ms/21.0ms)
[2024-12-16T14:07:26.410+0700][gc,phases   ] GC(428)   Pre Evacuate Collection Set: 2.6ms
[2024-12-16T14:07:26.410+0700][gc,phases   ] GC(428)   Merge Heap Roots: 0.9ms
[2024-12-16T14:07:26.410+0700][gc,phases   ] GC(428)   Evacuate Collection Set: 56.0ms
[2024-12-16T14:07:26.410+0700][gc,phases   ] GC(428)   Post Evacuate Collection Set: 2.4ms
[2024-12-16T14:07:26.410+0700][gc,phases   ] GC(428)   Other: 1.3ms
[2024-12-16T14:07:26.410+0700][gc,heap     ] GC(428) Eden regions: 45->0(45)
[2024-12-16T14:07:26.410+0700][gc,heap     ] GC(428) Survivor regions: 6->6(7)
[2024-12-16T14:07:26.410+0700][gc,heap     ] GC(428) Old regions: 469->471
[2024-12-16T14:07:26.410+0700][gc,heap     ] GC(428) Archive regions: 2->2
[2024-12-16T14:07:26.410+0700][gc,heap     ] GC(428) Humongous regions: 129->129
[2024-12-16T14:07:26.410+0700][gc,metaspace] GC(428) Metaspace: 45367K(45952K)->45367K(45952K) NonClass: 40161K(40512K)->40161K(40512K) Class: 5205K(5440K)->5205K(5440K)
[2024-12-16T14:07:26.410+0700][gc          ] GC(428) Pause Young (Normal) (G1 Evacuation Pause) 649M->606M(1024M) 63.161ms
[2024-12-16T14:07:26.410+0700][gc,cpu      ] GC(428) User=0.12s Sys=0.00s Real=0.06s
[2024-12-16T14:09:03.514+0700][gc,start    ] GC(429) Pause Young (Normal) (G1 Evacuation Pause)
[2024-12-16T14:09:03.514+0700][gc,task     ] GC(429) Using 2 workers of 2 for evacuation
[2024-12-16T14:09:03.599+0700][gc,mmu      ] GC(429) MMU target violated: 21.0ms (20.0ms/21.0ms)
[2024-12-16T14:09:03.599+0700][gc,phases   ] GC(429)   Pre Evacuate Collection Set: 2.4ms
[2024-12-16T14:09:03.599+0700][gc,phases   ] GC(429)   Merge Heap Roots: 0.5ms
[2024-12-16T14:09:03.599+0700][gc,phases   ] GC(429)   Evacuate Collection Set: 79.1ms
[2024-12-16T14:09:03.599+0700][gc,phases   ] GC(429)   Post Evacuate Collection Set: 2.5ms
[2024-12-16T14:09:03.599+0700][gc,phases   ] GC(429)   Other: 1.3ms
[2024-12-16T14:09:03.599+0700][gc,heap     ] GC(429) Eden regions: 45->0(45)
[2024-12-16T14:09:03.599+0700][gc,heap     ] GC(429) Survivor regions: 6->6(7)
[2024-12-16T14:09:03.599+0700][gc,heap     ] GC(429) Old regions: 471->475
[2024-12-16T14:09:03.599+0700][gc,heap     ] GC(429) Archive regions: 2->2
[2024-12-16T14:09:03.599+0700][gc,heap     ] GC(429) Humongous regions: 129->129
[2024-12-16T14:09:03.599+0700][gc,metaspace] GC(429) Metaspace: 45367K(45952K)->45367K(45952K) NonClass: 40161K(40512K)->40161K(40512K) Class: 5205K(5440K)->5205K(5440K)
[2024-12-16T14:09:03.600+0700][gc          ] GC(429) Pause Young (Normal) (G1 Evacuation Pause) 651M->610M(1024M) 85.755ms
[2024-12-16T14:09:03.600+0700][gc,cpu      ] GC(429) User=0.14s Sys=0.02s Real=0.09s
[2024-12-16T14:10:39.989+0700][gc,start    ] GC(430) Pause Young (Normal) (G1 Evacuation Pause)
[2024-12-16T14:10:39.990+0700][gc,task     ] GC(430) Using 2 workers of 2 for evacuation
[2024-12-16T14:10:40.060+0700][gc,mmu      ] GC(430) MMU target violated: 21.0ms (20.0ms/21.0ms)
[2024-12-16T14:10:40.060+0700][gc,phases   ] GC(430)   Pre Evacuate Collection Set: 5.8ms
[2024-12-16T14:10:40.060+0700][gc,phases   ] GC(430)   Merge Heap Roots: 1.8ms
[2024-12-16T14:10:40.060+0700][gc,phases   ] GC(430)   Evacuate Collection Set: 59.0ms
[2024-12-16T14:10:40.060+0700][gc,phases   ] GC(430)   Post Evacuate Collection Set: 3.2ms
[2024-12-16T14:10:40.060+0700][gc,phases   ] GC(430)   Other: 1.7ms
[2024-12-16T14:10:40.060+0700][gc,heap     ] GC(430) Eden regions: 45->0(44)
[2024-12-16T14:10:40.060+0700][gc,heap     ] GC(430) Survivor regions: 6->7(7)
[2024-12-16T14:10:40.060+0700][gc,heap     ] GC(430) Old regions: 475->478
[2024-12-16T14:10:40.060+0700][gc,heap     ] GC(430) Archive regions: 2->2
[2024-12-16T14:10:40.060+0700][gc,heap     ] GC(430) Humongous regions: 129->129
[2024-12-16T14:10:40.060+0700][gc,metaspace] GC(430) Metaspace: 45367K(45952K)->45367K(45952K) NonClass: 40161K(40512K)->40161K(40512K) Class: 5205K(5440K)->5205K(5440K)
[2024-12-16T14:10:40.061+0700][gc          ] GC(430) Pause Young (Normal) (G1 Evacuation Pause) 655M->614M(1024M) 71.269ms
[2024-12-16T14:10:40.061+0700][gc,cpu      ] GC(430) User=0.13s Sys=0.01s Real=0.07s
[2024-12-16T14:12:21.827+0700][gc,start    ] GC(431) Pause Young (Normal) (G1 Evacuation Pause)
[2024-12-16T14:12:21.827+0700][gc,task     ] GC(431) Using 2 workers of 2 for evacuation
[2024-12-16T14:12:21.876+0700][gc,mmu      ] GC(431) MMU target violated: 21.0ms (20.0ms/21.0ms)
[2024-12-16T14:12:21.876+0700][gc,phases   ] GC(431)   Pre Evacuate Collection Set: 2.7ms
[2024-12-16T14:12:21.877+0700][gc,phases   ] GC(431)   Merge Heap Roots: 0.8ms
[2024-12-16T14:12:21.877+0700][gc,phases   ] GC(431)   Evacuate Collection Set: 42.2ms
[2024-12-16T14:12:21.877+0700][gc,phases   ] GC(431)   Post Evacuate Collection Set: 3.3ms
[2024-12-16T14:12:21.877+0700][gc,phases   ] GC(431)   Other: 1.2ms
[2024-12-16T14:12:21.877+0700][gc,heap     ] GC(431) Eden regions: 44->0(48)
[2024-12-16T14:12:21.877+0700][gc,heap     ] GC(431) Survivor regions: 7->3(7)
[2024-12-16T14:12:21.877+0700][gc,heap     ] GC(431) Old regions: 478->481
[2024-12-16T14:12:21.877+0700][gc,heap     ] GC(431) Archive regions: 2->2
[2024-12-16T14:12:21.877+0700][gc,heap     ] GC(431) Humongous regions: 129->129
[2024-12-16T14:12:21.877+0700][gc,metaspace] GC(431) Metaspace: 45367K(45952K)->45367K(45952K) NonClass: 40161K(40512K)->40161K(40512K) Class: 5205K(5440K)->5205K(5440K)
[2024-12-16T14:12:21.877+0700][gc          ] GC(431) Pause Young (Normal) (G1 Evacuation Pause) 658M->613M(1024M) 50.307ms
[2024-12-16T14:12:21.877+0700][gc,cpu      ] GC(431) User=0.09s Sys=0.00s Real=0.05s
[2024-12-16T14:14:12.863+0700][gc,start    ] GC(432) Pause Young (Normal) (G1 Evacuation Pause)
[2024-12-16T14:14:12.863+0700][gc,task     ] GC(432) Using 2 workers of 2 for evacuation
[2024-12-16T14:14:12.905+0700][gc,mmu      ] GC(432) MMU target violated: 21.0ms (20.0ms/21.0ms)
[2024-12-16T14:14:12.906+0700][gc,phases   ] GC(432)   Pre Evacuate Collection Set: 4.0ms
[2024-12-16T14:14:12.906+0700][gc,phases   ] GC(432)   Merge Heap Roots: 1.2ms
[2024-12-16T14:14:12.906+0700][gc,phases   ] GC(432)   Evacuate Collection Set: 33.8ms
[2024-12-16T14:14:12.906+0700][gc,phases   ] GC(432)   Post Evacuate Collection Set: 2.3ms
[2024-12-16T14:14:12.906+0700][gc,phases   ] GC(432)   Other: 1.4ms
[2024-12-16T14:14:12.906+0700][gc,heap     ] GC(432) Eden regions: 48->0(45)
[2024-12-16T14:14:12.906+0700][gc,heap     ] GC(432) Survivor regions: 3->6(7)
[2024-12-16T14:14:12.906+0700][gc,heap     ] GC(432) Old regions: 481->481
[2024-12-16T14:14:12.906+0700][gc,heap     ] GC(432) Archive regions: 2->2
[2024-12-16T14:14:12.906+0700][gc,heap     ] GC(432) Humongous regions: 129->129
[2024-12-16T14:14:12.906+0700][gc,metaspace] GC(432) Metaspace: 45367K(45952K)->45367K(45952K) NonClass: 40161K(40512K)->40161K(40512K) Class: 5205K(5440K)->5205K(5440K)
[2024-12-16T14:14:12.906+0700][gc          ] GC(432) Pause Young (Normal) (G1 Evacuation Pause) 661M->616M(1024M) 42.972ms
[2024-12-16T14:14:12.906+0700][gc,cpu      ] GC(432) User=0.07s Sys=0.00s Real=0.05s
[2024-12-16T14:15:57.717+0700][gc,start    ] GC(433) Pause Young (Normal) (G1 Evacuation Pause)
[2024-12-16T14:15:57.717+0700][gc,task     ] GC(433) Using 2 workers of 2 for evacuation
[2024-12-16T14:15:57.781+0700][gc,mmu      ] GC(433) MMU target violated: 21.0ms (20.0ms/21.0ms)
[2024-12-16T14:15:57.781+0700][gc,phases   ] GC(433)   Pre Evacuate Collection Set: 3.8ms
[2024-12-16T14:15:57.781+0700][gc,phases   ] GC(433)   Merge Heap Roots: 0.6ms
[2024-12-16T14:15:57.781+0700][gc,phases   ] GC(433)   Evacuate Collection Set: 55.9ms
[2024-12-16T14:15:57.781+0700][gc,phases   ] GC(433)   Post Evacuate Collection Set: 3.0ms
[2024-12-16T14:15:57.782+0700][gc,phases   ] GC(433)   Other: 1.4ms
[2024-12-16T14:15:57.782+0700][gc,heap     ] GC(433) Eden regions: 45->0(46)
[2024-12-16T14:15:57.782+0700][gc,heap     ] GC(433) Survivor regions: 6->5(7)
[2024-12-16T14:15:57.782+0700][gc,heap     ] GC(433) Old regions: 481->485
[2024-12-16T14:15:57.782+0700][gc,heap     ] GC(433) Archive regions: 2->2
[2024-12-16T14:15:57.782+0700][gc,heap     ] GC(433) Humongous regions: 129->129
[2024-12-16T14:15:57.782+0700][gc,metaspace] GC(433) Metaspace: 45367K(45952K)->45367K(45952K) NonClass: 40161K(40512K)->40161K(40512K) Class: 5205K(5440K)->5205K(5440K)
[2024-12-16T14:15:57.782+0700][gc          ] GC(433) Pause Young (Normal) (G1 Evacuation Pause) 661M->619M(1024M) 64.626ms
[2024-12-16T14:15:57.782+0700][gc,cpu      ] GC(433) User=0.10s Sys=0.01s Real=0.06s
[2024-12-16T14:17:44.056+0700][gc,start    ] GC(434) Pause Young (Normal) (G1 Evacuation Pause)
[2024-12-16T14:17:44.056+0700][gc,task     ] GC(434) Using 2 workers of 2 for evacuation
[2024-12-16T14:17:44.098+0700][gc,mmu      ] GC(434) MMU target violated: 21.0ms (20.0ms/21.0ms)
[2024-12-16T14:17:44.098+0700][gc,phases   ] GC(434)   Pre Evacuate Collection Set: 4.4ms
[2024-12-16T14:17:44.098+0700][gc,phases   ] GC(434)   Merge Heap Roots: 0.7ms
[2024-12-16T14:17:44.098+0700][gc,phases   ] GC(434)   Evacuate Collection Set: 33.8ms
[2024-12-16T14:17:44.098+0700][gc,phases   ] GC(434)   Post Evacuate Collection Set: 2.4ms
[2024-12-16T14:17:44.098+0700][gc,phases   ] GC(434)   Other: 1.6ms
[2024-12-16T14:17:44.098+0700][gc,heap     ] GC(434) Eden regions: 46->0(48)
[2024-12-16T14:17:44.098+0700][gc,heap     ] GC(434) Survivor regions: 5->3(7)
[2024-12-16T14:17:44.098+0700][gc,heap     ] GC(434) Old regions: 485->487
[2024-12-16T14:17:44.098+0700][gc,heap     ] GC(434) Archive regions: 2->2
[2024-12-16T14:17:44.098+0700][gc,heap     ] GC(434) Humongous regions: 129->129
[2024-12-16T14:17:44.098+0700][gc,metaspace] GC(434) Metaspace: 45367K(45952K)->45367K(45952K) NonClass: 40161K(40512K)->40161K(40512K) Class: 5205K(5440K)->5205K(5440K)
[2024-12-16T14:17:44.098+0700][gc          ] GC(434) Pause Young (Normal) (G1 Evacuation Pause) 665M->619M(1024M) 42.675ms
[2024-12-16T14:17:44.099+0700][gc,cpu      ] GC(434) User=0.07s Sys=0.00s Real=0.05s
[2024-12-16T14:19:35.583+0700][gc,start    ] GC(435) Pause Young (Normal) (G1 Evacuation Pause)
[2024-12-16T14:19:35.583+0700][gc,task     ] GC(435) Using 2 workers of 2 for evacuation
[2024-12-16T14:19:35.626+0700][gc,mmu      ] GC(435) MMU target violated: 21.0ms (20.0ms/21.0ms)
[2024-12-16T14:19:35.626+0700][gc,phases   ] GC(435)   Pre Evacuate Collection Set: 2.8ms
[2024-12-16T14:19:35.626+0700][gc,phases   ] GC(435)   Merge Heap Roots: 1.2ms
[2024-12-16T14:19:35.626+0700][gc,phases   ] GC(435)   Evacuate Collection Set: 35.7ms
[2024-12-16T14:19:35.626+0700][gc,phases   ] GC(435)   Post Evacuate Collection Set: 2.1ms
[2024-12-16T14:19:35.626+0700][gc,phases   ] GC(435)   Other: 1.5ms
[2024-12-16T14:19:35.626+0700][gc,heap     ] GC(435) Eden regions: 48->0(45)
[2024-12-16T14:19:35.626+0700][gc,heap     ] GC(435) Survivor regions: 3->6(7)
[2024-12-16T14:19:35.626+0700][gc,heap     ] GC(435) Old regions: 487->487
[2024-12-16T14:19:35.627+0700][gc,heap     ] GC(435) Archive regions: 2->2
[2024-12-16T14:19:35.627+0700][gc,heap     ] GC(435) Humongous regions: 129->129
[2024-12-16T14:19:35.627+0700][gc,metaspace] GC(435) Metaspace: 45367K(45952K)->45367K(45952K) NonClass: 40161K(40512K)->40161K(40512K) Class: 5205K(5440K)->5205K(5440K)
[2024-12-16T14:19:35.627+0700][gc          ] GC(435) Pause Young (Normal) (G1 Evacuation Pause) 667M->622M(1024M) 43.578ms
[2024-12-16T14:19:35.627+0700][gc,cpu      ] GC(435) User=0.08s Sys=0.00s Real=0.05s
[2024-12-16T14:21:20.281+0700][gc,start    ] GC(436) Pause Young (Normal) (G1 Evacuation Pause)
[2024-12-16T14:21:20.281+0700][gc,task     ] GC(436) Using 2 workers of 2 for evacuation
[2024-12-16T14:21:20.343+0700][gc,mmu      ] GC(436) MMU target violated: 21.0ms (20.0ms/21.0ms)
[2024-12-16T14:21:20.343+0700][gc,phases   ] GC(436)   Pre Evacuate Collection Set: 2.7ms
[2024-12-16T14:21:20.343+0700][gc,phases   ] GC(436)   Merge Heap Roots: 0.8ms
[2024-12-16T14:21:20.343+0700][gc,phases   ] GC(436)   Evacuate Collection Set: 55.3ms
[2024-12-16T14:21:20.343+0700][gc,phases   ] GC(436)   Post Evacuate Collection Set: 2.6ms
[2024-12-16T14:21:20.343+0700][gc,phases   ] GC(436)   Other: 1.2ms
[2024-12-16T14:21:20.344+0700][gc,heap     ] GC(436) Eden regions: 45->0(45)
[2024-12-16T14:21:20.344+0700][gc,heap     ] GC(436) Survivor regions: 6->6(7)
[2024-12-16T14:21:20.344+0700][gc,heap     ] GC(436) Old regions: 487->489
[2024-12-16T14:21:20.344+0700][gc,heap     ] GC(436) Archive regions: 2->2
[2024-12-16T14:21:20.344+0700][gc,heap     ] GC(436) Humongous regions: 129->129
[2024-12-16T14:21:20.344+0700][gc,metaspace] GC(436) Metaspace: 45367K(45952K)->45367K(45952K) NonClass: 40161K(40512K)->40161K(40512K) Class: 5205K(5440K)->5205K(5440K)
[2024-12-16T14:21:20.344+0700][gc          ] GC(436) Pause Young (Normal) (G1 Evacuation Pause) 667M->624M(1024M) 62.860ms
[2024-12-16T14:21:20.344+0700][gc,cpu      ] GC(436) User=0.12s Sys=0.00s Real=0.06s
[2024-12-16T14:23:04.405+0700][gc,start    ] GC(437) Pause Young (Normal) (G1 Evacuation Pause)
[2024-12-16T14:23:04.405+0700][gc,task     ] GC(437) Using 2 workers of 2 for evacuation
[2024-12-16T14:23:04.474+0700][gc,mmu      ] GC(437) MMU target violated: 21.0ms (20.0ms/21.0ms)
[2024-12-16T14:23:04.474+0700][gc,phases   ] GC(437)   Pre Evacuate Collection Set: 2.8ms
[2024-12-16T14:23:04.474+0700][gc,phases   ] GC(437)   Merge Heap Roots: 0.6ms
[2024-12-16T14:23:04.474+0700][gc,phases   ] GC(437)   Evacuate Collection Set: 61.2ms
[2024-12-16T14:23:04.474+0700][gc,phases   ] GC(437)   Post Evacuate Collection Set: 3.5ms
[2024-12-16T14:23:04.474+0700][gc,phases   ] GC(437)   Other: 1.6ms
[2024-12-16T14:23:04.474+0700][gc,heap     ] GC(437) Eden regions: 45->0(46)
[2024-12-16T14:23:04.474+0700][gc,heap     ] GC(437) Survivor regions: 6->5(7)
[2024-12-16T14:23:04.475+0700][gc,heap     ] GC(437) Old regions: 489->493
[2024-12-16T14:23:04.475+0700][gc,heap     ] GC(437) Archive regions: 2->2
[2024-12-16T14:23:04.475+0700][gc,heap     ] GC(437) Humongous regions: 129->129
[2024-12-16T14:23:04.475+0700][gc,metaspace] GC(437) Metaspace: 45367K(45952K)->45367K(45952K) NonClass: 40161K(40512K)->40161K(40512K) Class: 5205K(5440K)->5205K(5440K)
[2024-12-16T14:23:04.475+0700][gc          ] GC(437) Pause Young (Normal) (G1 Evacuation Pause) 669M->627M(1024M) 69.975ms
[2024-12-16T14:23:04.475+0700][gc,cpu      ] GC(437) User=0.12s Sys=0.01s Real=0.06s
[2024-12-16T14:24:51.018+0700][gc,start    ] GC(438) Pause Young (Normal) (G1 Evacuation Pause)
[2024-12-16T14:24:51.018+0700][gc,task     ] GC(438) Using 2 workers of 2 for evacuation
[2024-12-16T14:24:51.055+0700][gc,mmu      ] GC(438) MMU target violated: 21.0ms (20.0ms/21.0ms)
[2024-12-16T14:24:51.055+0700][gc,phases   ] GC(438)   Pre Evacuate Collection Set: 3.2ms
[2024-12-16T14:24:51.055+0700][gc,phases   ] GC(438)   Merge Heap Roots: 0.6ms
[2024-12-16T14:24:51.055+0700][gc,phases   ] GC(438)   Evacuate Collection Set: 30.4ms
[2024-12-16T14:24:51.055+0700][gc,phases   ] GC(438)   Post Evacuate Collection Set: 2.0ms
[2024-12-16T14:24:51.055+0700][gc,phases   ] GC(438)   Other: 1.4ms
[2024-12-16T14:24:51.055+0700][gc,heap     ] GC(438) Eden regions: 46->0(48)
[2024-12-16T14:24:51.055+0700][gc,heap     ] GC(438) Survivor regions: 5->3(7)
[2024-12-16T14:24:51.055+0700][gc,heap     ] GC(438) Old regions: 493->495
[2024-12-16T14:24:51.055+0700][gc,heap     ] GC(438) Archive regions: 2->2
[2024-12-16T14:24:51.055+0700][gc,heap     ] GC(438) Humongous regions: 129->129
[2024-12-16T14:24:51.055+0700][gc,metaspace] GC(438) Metaspace: 45368K(45952K)->45368K(45952K) NonClass: 40162K(40512K)->40162K(40512K) Class: 5205K(5440K)->5205K(5440K)
[2024-12-16T14:24:51.055+0700][gc          ] GC(438) Pause Young (Normal) (G1 Evacuation Pause) 673M->627M(1024M) 37.612ms
[2024-12-16T14:24:51.055+0700][gc,cpu      ] GC(438) User=0.07s Sys=0.00s Real=0.03s
[2024-12-16T14:26:42.289+0700][gc,start    ] GC(439) Pause Young (Normal) (G1 Evacuation Pause)
[2024-12-16T14:26:42.289+0700][gc,task     ] GC(439) Using 2 workers of 2 for evacuation
[2024-12-16T14:26:42.330+0700][gc,mmu      ] GC(439) MMU target violated: 21.0ms (20.0ms/21.0ms)
[2024-12-16T14:26:42.330+0700][gc,phases   ] GC(439)   Pre Evacuate Collection Set: 3.8ms
[2024-12-16T14:26:42.330+0700][gc,phases   ] GC(439)   Merge Heap Roots: 1.0ms
[2024-12-16T14:26:42.330+0700][gc,phases   ] GC(439)   Evacuate Collection Set: 32.1ms
[2024-12-16T14:26:42.330+0700][gc,phases   ] GC(439)   Post Evacuate Collection Set: 2.8ms
[2024-12-16T14:26:42.330+0700][gc,phases   ] GC(439)   Other: 1.3ms
[2024-12-16T14:26:42.330+0700][gc,heap     ] GC(439) Eden regions: 48->0(45)
[2024-12-16T14:26:42.330+0700][gc,heap     ] GC(439) Survivor regions: 3->6(7)
[2024-12-16T14:26:42.330+0700][gc,heap     ] GC(439) Old regions: 495->495
[2024-12-16T14:26:42.330+0700][gc,heap     ] GC(439) Archive regions: 2->2
[2024-12-16T14:26:42.330+0700][gc,heap     ] GC(439) Humongous regions: 129->129
[2024-12-16T14:26:42.330+0700][gc,metaspace] GC(439) Metaspace: 45368K(45952K)->45368K(45952K) NonClass: 40162K(40512K)->40162K(40512K) Class: 5205K(5440K)->5205K(5440K)
[2024-12-16T14:26:42.330+0700][gc          ] GC(439) Pause Young (Normal) (G1 Evacuation Pause) 675M->630M(1024M) 40.985ms
[2024-12-16T14:26:42.330+0700][gc,cpu      ] GC(439) User=0.07s Sys=0.00s Real=0.04s
[2024-12-16T14:28:26.704+0700][gc,start    ] GC(440) Pause Young (Normal) (G1 Evacuation Pause)
[2024-12-16T14:28:26.704+0700][gc,task     ] GC(440) Using 2 workers of 2 for evacuation
[2024-12-16T14:28:26.765+0700][gc,mmu      ] GC(440) MMU target violated: 21.0ms (20.0ms/21.0ms)
[2024-12-16T14:28:26.765+0700][gc,phases   ] GC(440)   Pre Evacuate Collection Set: 4.0ms
[2024-12-16T14:28:26.765+0700][gc,phases   ] GC(440)   Merge Heap Roots: 1.4ms
[2024-12-16T14:28:26.765+0700][gc,phases   ] GC(440)   Evacuate Collection Set: 51.2ms
[2024-12-16T14:28:26.765+0700][gc,phases   ] GC(440)   Post Evacuate Collection Set: 3.4ms
[2024-12-16T14:28:26.765+0700][gc,phases   ] GC(440)   Other: 1.5ms
[2024-12-16T14:28:26.765+0700][gc,heap     ] GC(440) Eden regions: 45->0(44)
[2024-12-16T14:28:26.765+0700][gc,heap     ] GC(440) Survivor regions: 6->7(7)
[2024-12-16T14:28:26.765+0700][gc,heap     ] GC(440) Old regions: 495->497
[2024-12-16T14:28:26.765+0700][gc,heap     ] GC(440) Archive regions: 2->2
[2024-12-16T14:28:26.765+0700][gc,heap     ] GC(440) Humongous regions: 129->129
[2024-12-16T14:28:26.765+0700][gc,metaspace] GC(440) Metaspace: 45368K(45952K)->45368K(45952K) NonClass: 40162K(40512K)->40162K(40512K) Class: 5205K(5440K)->5205K(5440K)
[2024-12-16T14:28:26.765+0700][gc          ] GC(440) Pause Young (Normal) (G1 Evacuation Pause) 675M->633M(1024M) 61.367ms
[2024-12-16T14:28:26.765+0700][gc,cpu      ] GC(440) User=0.10s Sys=0.00s Real=0.07s
[2024-12-16T14:29:55.681+0700][gc,start    ] GC(441) Pause Young (Normal) (G1 Evacuation Pause)
[2024-12-16T14:29:55.682+0700][gc,task     ] GC(441) Using 2 workers of 2 for evacuation
[2024-12-16T14:29:55.740+0700][gc,mmu      ] GC(441) MMU target violated: 21.0ms (20.0ms/21.0ms)
[2024-12-16T14:29:55.740+0700][gc,phases   ] GC(441)   Pre Evacuate Collection Set: 3.0ms
[2024-12-16T14:29:55.740+0700][gc,phases   ] GC(441)   Merge Heap Roots: 0.6ms
[2024-12-16T14:29:55.740+0700][gc,phases   ] GC(441)   Evacuate Collection Set: 51.8ms
[2024-12-16T14:29:55.740+0700][gc,phases   ] GC(441)   Post Evacuate Collection Set: 2.4ms
[2024-12-16T14:29:55.740+0700][gc,phases   ] GC(441)   Other: 1.4ms
[2024-12-16T14:29:55.740+0700][gc,heap     ] GC(441) Eden regions: 44->0(46)
[2024-12-16T14:29:55.740+0700][gc,heap     ] GC(441) Survivor regions: 7->5(7)
[2024-12-16T14:29:55.740+0700][gc,heap     ] GC(441) Old regions: 497->501
[2024-12-16T14:29:55.740+0700][gc,heap     ] GC(441) Archive regions: 2->2
[2024-12-16T14:29:55.740+0700][gc,heap     ] GC(441) Humongous regions: 129->129
[2024-12-16T14:29:55.740+0700][gc,metaspace] GC(441) Metaspace: 45368K(45952K)->45368K(45952K) NonClass: 40162K(40512K)->40162K(40512K) Class: 5205K(5440K)->5205K(5440K)
[2024-12-16T14:29:55.741+0700][gc          ] GC(441) Pause Young (Normal) (G1 Evacuation Pause) 677M->635M(1024M) 59.301ms
[2024-12-16T14:29:55.741+0700][gc,cpu      ] GC(441) User=0.10s Sys=0.02s Real=0.06s
[2024-12-16T14:31:28.109+0700][gc,start    ] GC(442) Pause Young (Normal) (G1 Evacuation Pause)
[2024-12-16T14:31:28.109+0700][gc,task     ] GC(442) Using 2 workers of 2 for evacuation
[2024-12-16T14:31:28.154+0700][gc,mmu      ] GC(442) MMU target violated: 21.0ms (20.0ms/21.0ms)
[2024-12-16T14:31:28.154+0700][gc,phases   ] GC(442)   Pre Evacuate Collection Set: 3.0ms
[2024-12-16T14:31:28.154+0700][gc,phases   ] GC(442)   Merge Heap Roots: 1.0ms
[2024-12-16T14:31:28.154+0700][gc,phases   ] GC(442)   Evacuate Collection Set: 37.5ms
[2024-12-16T14:31:28.154+0700][gc,phases   ] GC(442)   Post Evacuate Collection Set: 3.0ms
[2024-12-16T14:31:28.154+0700][gc,phases   ] GC(442)   Other: 1.3ms
[2024-12-16T14:31:28.154+0700][gc,heap     ] GC(442) Eden regions: 46->0(48)
[2024-12-16T14:31:28.154+0700][gc,heap     ] GC(442) Survivor regions: 5->3(7)
[2024-12-16T14:31:28.154+0700][gc,heap     ] GC(442) Old regions: 501->504
[2024-12-16T14:31:28.154+0700][gc,heap     ] GC(442) Archive regions: 2->2
[2024-12-16T14:31:28.154+0700][gc,heap     ] GC(442) Humongous regions: 129->129
[2024-12-16T14:31:28.155+0700][gc,metaspace] GC(442) Metaspace: 45368K(45952K)->45368K(45952K) NonClass: 40162K(40512K)->40162K(40512K) Class: 5205K(5440K)->5205K(5440K)
[2024-12-16T14:31:28.155+0700][gc          ] GC(442) Pause Young (Normal) (G1 Evacuation Pause) 681M->636M(1024M) 45.840ms
[2024-12-16T14:31:28.155+0700][gc,cpu      ] GC(442) User=0.09s Sys=0.00s Real=0.04s
[2024-12-16T14:33:05.324+0700][gc,start    ] GC(443) Pause Young (Normal) (G1 Evacuation Pause)
[2024-12-16T14:33:05.324+0700][gc,task     ] GC(443) Using 2 workers of 2 for evacuation
[2024-12-16T14:33:05.370+0700][gc,mmu      ] GC(443) MMU target violated: 21.0ms (20.0ms/21.0ms)
[2024-12-16T14:33:05.370+0700][gc,phases   ] GC(443)   Pre Evacuate Collection Set: 2.5ms
[2024-12-16T14:33:05.371+0700][gc,phases   ] GC(443)   Merge Heap Roots: 0.7ms
[2024-12-16T14:33:05.371+0700][gc,phases   ] GC(443)   Evacuate Collection Set: 40.3ms
[2024-12-16T14:33:05.371+0700][gc,phases   ] GC(443)   Post Evacuate Collection Set: 2.6ms
[2024-12-16T14:33:05.371+0700][gc,phases   ] GC(443)   Other: 1.2ms
[2024-12-16T14:33:05.371+0700][gc,heap     ] GC(443) Eden regions: 48->0(44)
[2024-12-16T14:33:05.371+0700][gc,heap     ] GC(443) Survivor regions: 3->7(7)
[2024-12-16T14:33:05.371+0700][gc,heap     ] GC(443) Old regions: 504->504
[2024-12-16T14:33:05.371+0700][gc,heap     ] GC(443) Archive regions: 2->2
[2024-12-16T14:33:05.371+0700][gc,heap     ] GC(443) Humongous regions: 129->129
[2024-12-16T14:33:05.371+0700][gc,metaspace] GC(443) Metaspace: 45368K(45952K)->45368K(45952K) NonClass: 40162K(40512K)->40162K(40512K) Class: 5205K(5440K)->5205K(5440K)
[2024-12-16T14:33:05.371+0700][gc          ] GC(443) Pause Young (Normal) (G1 Evacuation Pause) 684M->639M(1024M) 47.314ms
[2024-12-16T14:33:05.371+0700][gc,cpu      ] GC(443) User=0.09s Sys=0.00s Real=0.05s
[2024-12-16T14:34:30.768+0700][gc,start    ] GC(444) Pause Young (Normal) (G1 Evacuation Pause)
[2024-12-16T14:34:30.769+0700][gc,task     ] GC(444) Using 2 workers of 2 for evacuation
[2024-12-16T14:34:30.828+0700][gc,mmu      ] GC(444) MMU target violated: 21.0ms (20.0ms/21.0ms)
[2024-12-16T14:34:30.828+0700][gc,phases   ] GC(444)   Pre Evacuate Collection Set: 3.6ms
[2024-12-16T14:34:30.828+0700][gc,phases   ] GC(444)   Merge Heap Roots: 0.6ms
[2024-12-16T14:34:30.828+0700][gc,phases   ] GC(444)   Evacuate Collection Set: 52.7ms
[2024-12-16T14:34:30.828+0700][gc,phases   ] GC(444)   Post Evacuate Collection Set: 2.2ms
[2024-12-16T14:34:30.828+0700][gc,phases   ] GC(444)   Other: 1.1ms
[2024-12-16T14:34:30.828+0700][gc,heap     ] GC(444) Eden regions: 44->0(45)
[2024-12-16T14:34:30.828+0700][gc,heap     ] GC(444) Survivor regions: 7->6(7)
[2024-12-16T14:34:30.828+0700][gc,heap     ] GC(444) Old regions: 504->508
[2024-12-16T14:34:30.828+0700][gc,heap     ] GC(444) Archive regions: 2->2
[2024-12-16T14:34:30.828+0700][gc,heap     ] GC(444) Humongous regions: 129->129
[2024-12-16T14:34:30.828+0700][gc,metaspace] GC(444) Metaspace: 45378K(45952K)->45378K(45952K) NonClass: 40172K(40512K)->40172K(40512K) Class: 5205K(5440K)->5205K(5440K)
[2024-12-16T14:34:30.829+0700][gc          ] GC(444) Pause Young (Normal) (G1 Evacuation Pause) 683M->643M(1024M) 60.184ms
[2024-12-16T14:34:30.829+0700][gc,cpu      ] GC(444) User=0.11s Sys=0.00s Real=0.06s
[2024-12-16T14:36:01.510+0700][gc,start    ] GC(445) Pause Young (Normal) (G1 Evacuation Pause)
[2024-12-16T14:36:01.510+0700][gc,task     ] GC(445) Using 2 workers of 2 for evacuation
[2024-12-16T14:36:01.554+0700][gc,mmu      ] GC(445) MMU target violated: 21.0ms (20.0ms/21.0ms)
[2024-12-16T14:36:01.554+0700][gc,phases   ] GC(445)   Pre Evacuate Collection Set: 2.8ms
[2024-12-16T14:36:01.554+0700][gc,phases   ] GC(445)   Merge Heap Roots: 1.2ms
[2024-12-16T14:36:01.554+0700][gc,phases   ] GC(445)   Evacuate Collection Set: 37.1ms
[2024-12-16T14:36:01.554+0700][gc,phases   ] GC(445)   Post Evacuate Collection Set: 2.6ms
[2024-12-16T14:36:01.554+0700][gc,phases   ] GC(445)   Other: 1.2ms
[2024-12-16T14:36:01.554+0700][gc,heap     ] GC(445) Eden regions: 45->0(48)
[2024-12-16T14:36:01.554+0700][gc,heap     ] GC(445) Survivor regions: 6->3(7)
[2024-12-16T14:36:01.554+0700][gc,heap     ] GC(445) Old regions: 508->511
[2024-12-16T14:36:01.554+0700][gc,heap     ] GC(445) Archive regions: 2->2
[2024-12-16T14:36:01.554+0700][gc,heap     ] GC(445) Humongous regions: 129->129
[2024-12-16T14:36:01.554+0700][gc,metaspace] GC(445) Metaspace: 45378K(45952K)->45378K(45952K) NonClass: 40172K(40512K)->40172K(40512K) Class: 5205K(5440K)->5205K(5440K)
[2024-12-16T14:36:01.554+0700][gc          ] GC(445) Pause Young (Normal) (G1 Evacuation Pause) 688M->643M(1024M) 44.966ms
[2024-12-16T14:36:01.555+0700][gc,cpu      ] GC(445) User=0.08s Sys=0.00s Real=0.04s
[2024-12-16T14:37:38.927+0700][gc,start    ] GC(446) Pause Young (Normal) (G1 Evacuation Pause)
[2024-12-16T14:37:38.928+0700][gc,task     ] GC(446) Using 2 workers of 2 for evacuation
[2024-12-16T14:37:38.976+0700][gc,mmu      ] GC(446) MMU target violated: 21.0ms (20.0ms/21.0ms)
[2024-12-16T14:37:38.976+0700][gc,phases   ] GC(446)   Pre Evacuate Collection Set: 2.8ms
[2024-12-16T14:37:38.976+0700][gc,phases   ] GC(446)   Merge Heap Roots: 1.1ms
[2024-12-16T14:37:38.976+0700][gc,phases   ] GC(446)   Evacuate Collection Set: 39.6ms
[2024-12-16T14:37:38.976+0700][gc,phases   ] GC(446)   Post Evacuate Collection Set: 4.2ms
[2024-12-16T14:37:38.976+0700][gc,phases   ] GC(446)   Other: 1.3ms
[2024-12-16T14:37:38.976+0700][gc,heap     ] GC(446) Eden regions: 48->0(45)
[2024-12-16T14:37:38.976+0700][gc,heap     ] GC(446) Survivor regions: 3->6(7)
[2024-12-16T14:37:38.976+0700][gc,heap     ] GC(446) Old regions: 511->511
[2024-12-16T14:37:38.976+0700][gc,heap     ] GC(446) Archive regions: 2->2
[2024-12-16T14:37:38.976+0700][gc,heap     ] GC(446) Humongous regions: 129->129
[2024-12-16T14:37:38.976+0700][gc,metaspace] GC(446) Metaspace: 45378K(45952K)->45378K(45952K) NonClass: 40172K(40512K)->40172K(40512K) Class: 5205K(5440K)->5205K(5440K)
[2024-12-16T14:37:38.977+0700][gc          ] GC(446) Pause Young (Normal) (G1 Evacuation Pause) 691M->646M(1024M) 49.426ms
[2024-12-16T14:37:38.977+0700][gc,cpu      ] GC(446) User=0.08s Sys=0.01s Real=0.05s
[2024-12-16T14:39:06.801+0700][gc,start    ] GC(447) Pause Young (Normal) (G1 Evacuation Pause)
[2024-12-16T14:39:06.801+0700][gc,task     ] GC(447) Using 2 workers of 2 for evacuation
[2024-12-16T14:39:06.872+0700][gc,mmu      ] GC(447) MMU target violated: 21.0ms (20.0ms/21.0ms)
[2024-12-16T14:39:06.872+0700][gc,phases   ] GC(447)   Pre Evacuate Collection Set: 4.0ms
[2024-12-16T14:39:06.872+0700][gc,phases   ] GC(447)   Merge Heap Roots: 0.8ms
[2024-12-16T14:39:06.872+0700][gc,phases   ] GC(447)   Evacuate Collection Set: 62.1ms
[2024-12-16T14:39:06.872+0700][gc,phases   ] GC(447)   Post Evacuate Collection Set: 3.4ms
[2024-12-16T14:39:06.872+0700][gc,phases   ] GC(447)   Other: 1.4ms
[2024-12-16T14:39:06.872+0700][gc,heap     ] GC(447) Eden regions: 45->0(46)
[2024-12-16T14:39:06.872+0700][gc,heap     ] GC(447) Survivor regions: 6->5(7)
[2024-12-16T14:39:06.872+0700][gc,heap     ] GC(447) Old regions: 511->515
[2024-12-16T14:39:06.872+0700][gc,heap     ] GC(447) Archive regions: 2->2
[2024-12-16T14:39:06.872+0700][gc,heap     ] GC(447) Humongous regions: 129->129
[2024-12-16T14:39:06.872+0700][gc,metaspace] GC(447) Metaspace: 45378K(45952K)->45378K(45952K) NonClass: 40172K(40512K)->40172K(40512K) Class: 5205K(5440K)->5205K(5440K)
[2024-12-16T14:39:06.872+0700][gc          ] GC(447) Pause Young (Normal) (G1 Evacuation Pause) 691M->649M(1024M) 71.807ms
[2024-12-16T14:39:06.873+0700][gc,cpu      ] GC(447) User=0.11s Sys=0.02s Real=0.07s
[2024-12-16T14:40:39.284+0700][gc,start    ] GC(448) Pause Young (Normal) (G1 Evacuation Pause)
[2024-12-16T14:40:39.285+0700][gc,task     ] GC(448) Using 2 workers of 2 for evacuation
[2024-12-16T14:40:39.329+0700][gc,mmu      ] GC(448) MMU target violated: 21.0ms (20.0ms/21.0ms)
[2024-12-16T14:40:39.329+0700][gc,phases   ] GC(448)   Pre Evacuate Collection Set: 2.5ms
[2024-12-16T14:40:39.329+0700][gc,phases   ] GC(448)   Merge Heap Roots: 1.0ms
[2024-12-16T14:40:39.329+0700][gc,phases   ] GC(448)   Evacuate Collection Set: 36.8ms
[2024-12-16T14:40:39.329+0700][gc,phases   ] GC(448)   Post Evacuate Collection Set: 3.2ms
[2024-12-16T14:40:39.329+0700][gc,phases   ] GC(448)   Other: 1.5ms
[2024-12-16T14:40:39.329+0700][gc,heap     ] GC(448) Eden regions: 46->0(48)
[2024-12-16T14:40:39.329+0700][gc,heap     ] GC(448) Survivor regions: 5->3(7)
[2024-12-16T14:40:39.329+0700][gc,heap     ] GC(448) Old regions: 515->518
[2024-12-16T14:40:39.329+0700][gc,heap     ] GC(448) Archive regions: 2->2
[2024-12-16T14:40:39.329+0700][gc,heap     ] GC(448) Humongous regions: 129->129
[2024-12-16T14:40:39.329+0700][gc,metaspace] GC(448) Metaspace: 45378K(45952K)->45378K(45952K) NonClass: 40172K(40512K)->40172K(40512K) Class: 5205K(5440K)->5205K(5440K)
[2024-12-16T14:40:39.329+0700][gc          ] GC(448) Pause Young (Normal) (G1 Evacuation Pause) 695M->650M(1024M) 44.848ms
[2024-12-16T14:40:39.329+0700][gc,cpu      ] GC(448) User=0.07s Sys=0.02s Real=0.04s
[2024-12-16T14:42:17.062+0700][gc,start    ] GC(449) Pause Young (Normal) (G1 Evacuation Pause)
[2024-12-16T14:42:17.063+0700][gc,task     ] GC(449) Using 2 workers of 2 for evacuation
[2024-12-16T14:42:17.101+0700][gc,mmu      ] GC(449) MMU target violated: 21.0ms (20.0ms/21.0ms)
[2024-12-16T14:42:17.101+0700][gc,phases   ] GC(449)   Pre Evacuate Collection Set: 2.2ms
[2024-12-16T14:42:17.101+0700][gc,phases   ] GC(449)   Merge Heap Roots: 0.7ms
[2024-12-16T14:42:17.101+0700][gc,phases   ] GC(449)   Evacuate Collection Set: 33.4ms
[2024-12-16T14:42:17.101+0700][gc,phases   ] GC(449)   Post Evacuate Collection Set: 1.8ms
[2024-12-16T14:42:17.101+0700][gc,phases   ] GC(449)   Other: 1.2ms
[2024-12-16T14:42:17.101+0700][gc,heap     ] GC(449) Eden regions: 48->0(45)
[2024-12-16T14:42:17.101+0700][gc,heap     ] GC(449) Survivor regions: 3->6(7)
[2024-12-16T14:42:17.101+0700][gc,heap     ] GC(449) Old regions: 518->518
[2024-12-16T14:42:17.101+0700][gc,heap     ] GC(449) Archive regions: 2->2
[2024-12-16T14:42:17.101+0700][gc,heap     ] GC(449) Humongous regions: 129->129
[2024-12-16T14:42:17.101+0700][gc,metaspace] GC(449) Metaspace: 45378K(45952K)->45378K(45952K) NonClass: 40172K(40512K)->40172K(40512K) Class: 5205K(5440K)->5205K(5440K)
[2024-12-16T14:42:17.102+0700][gc          ] GC(449) Pause Young (Normal) (G1 Evacuation Pause) 698M->653M(1024M) 39.309ms
[2024-12-16T14:42:17.102+0700][gc,cpu      ] GC(449) User=0.08s Sys=0.00s Real=0.04s
[2024-12-16T14:43:48.248+0700][gc,start    ] GC(450) Pause Young (Normal) (G1 Evacuation Pause)
[2024-12-16T14:43:48.248+0700][gc,task     ] GC(450) Using 2 workers of 2 for evacuation
[2024-12-16T14:43:48.316+0700][gc,mmu      ] GC(450) MMU target violated: 21.0ms (20.0ms/21.0ms)
[2024-12-16T14:43:48.316+0700][gc,phases   ] GC(450)   Pre Evacuate Collection Set: 2.5ms
[2024-12-16T14:43:48.316+0700][gc,phases   ] GC(450)   Merge Heap Roots: 0.6ms
[2024-12-16T14:43:48.316+0700][gc,phases   ] GC(450)   Evacuate Collection Set: 61.5ms
[2024-12-16T14:43:48.316+0700][gc,phases   ] GC(450)   Post Evacuate Collection Set: 2.8ms
[2024-12-16T14:43:48.316+0700][gc,phases   ] GC(450)   Other: 1.4ms
[2024-12-16T14:43:48.316+0700][gc,heap     ] GC(450) Eden regions: 45->0(46)
[2024-12-16T14:43:48.316+0700][gc,heap     ] GC(450) Survivor regions: 6->5(7)
[2024-12-16T14:43:48.316+0700][gc,heap     ] GC(450) Old regions: 518->523
[2024-12-16T14:43:48.316+0700][gc,heap     ] GC(450) Archive regions: 2->2
[2024-12-16T14:43:48.316+0700][gc,heap     ] GC(450) Humongous regions: 129->129
[2024-12-16T14:43:48.316+0700][gc,metaspace] GC(450) Metaspace: 45378K(45952K)->45378K(45952K) NonClass: 40172K(40512K)->40172K(40512K) Class: 5205K(5440K)->5205K(5440K)
[2024-12-16T14:43:48.317+0700][gc          ] GC(450) Pause Young (Normal) (G1 Evacuation Pause) 698M->656M(1024M) 68.877ms
[2024-12-16T14:43:48.317+0700][gc,cpu      ] GC(450) User=0.11s Sys=0.02s Real=0.07s
[2024-12-16T14:45:21.277+0700][gc,start    ] GC(451) Pause Young (Normal) (G1 Evacuation Pause)
[2024-12-16T14:45:21.277+0700][gc,task     ] GC(451) Using 2 workers of 2 for evacuation
[2024-12-16T14:45:21.315+0700][gc,mmu      ] GC(451) MMU target violated: 21.0ms (20.0ms/21.0ms)
[2024-12-16T14:45:21.316+0700][gc,phases   ] GC(451)   Pre Evacuate Collection Set: 2.3ms
[2024-12-16T14:45:21.316+0700][gc,phases   ] GC(451)   Merge Heap Roots: 0.8ms
[2024-12-16T14:45:21.316+0700][gc,phases   ] GC(451)   Evacuate Collection Set: 31.9ms
[2024-12-16T14:45:21.316+0700][gc,phases   ] GC(451)   Post Evacuate Collection Set: 2.8ms
[2024-12-16T14:45:21.316+0700][gc,phases   ] GC(451)   Other: 1.3ms
[2024-12-16T14:45:21.316+0700][gc,heap     ] GC(451) Eden regions: 46->0(48)
[2024-12-16T14:45:21.316+0700][gc,heap     ] GC(451) Survivor regions: 5->3(7)
[2024-12-16T14:45:21.316+0700][gc,heap     ] GC(451) Old regions: 523->525
[2024-12-16T14:45:21.316+0700][gc,heap     ] GC(451) Archive regions: 2->2
[2024-12-16T14:45:21.316+0700][gc,heap     ] GC(451) Humongous regions: 129->129
[2024-12-16T14:45:21.316+0700][gc,metaspace] GC(451) Metaspace: 45378K(45952K)->45378K(45952K) NonClass: 40172K(40512K)->40172K(40512K) Class: 5205K(5440K)->5205K(5440K)
[2024-12-16T14:45:21.316+0700][gc          ] GC(451) Pause Young (Normal) (G1 Evacuation Pause) 702M->657M(1024M) 39.030ms
[2024-12-16T14:45:21.316+0700][gc,cpu      ] GC(451) User=0.06s Sys=0.01s Real=0.03s
[2024-12-16T14:46:56.847+0700][gc,start    ] GC(452) Pause Young (Normal) (G1 Evacuation Pause)
[2024-12-16T14:46:56.847+0700][gc,task     ] GC(452) Using 2 workers of 2 for evacuation
[2024-12-16T14:46:56.905+0700][gc,mmu      ] GC(452) MMU target violated: 21.0ms (20.0ms/21.0ms)
[2024-12-16T14:46:56.905+0700][gc,phases   ] GC(452)   Pre Evacuate Collection Set: 3.7ms
[2024-12-16T14:46:56.905+0700][gc,phases   ] GC(452)   Merge Heap Roots: 1.2ms
[2024-12-16T14:46:56.905+0700][gc,phases   ] GC(452)   Evacuate Collection Set: 48.2ms
[2024-12-16T14:46:56.905+0700][gc,phases   ] GC(452)   Post Evacuate Collection Set: 3.7ms
[2024-12-16T14:46:56.905+0700][gc,phases   ] GC(452)   Other: 1.2ms
[2024-12-16T14:46:56.905+0700][gc,heap     ] GC(452) Eden regions: 48->0(45)
[2024-12-16T14:46:56.905+0700][gc,heap     ] GC(452) Survivor regions: 3->6(7)
[2024-12-16T14:46:56.905+0700][gc,heap     ] GC(452) Old regions: 525->525
[2024-12-16T14:46:56.905+0700][gc,heap     ] GC(452) Archive regions: 2->2
[2024-12-16T14:46:56.905+0700][gc,heap     ] GC(452) Humongous regions: 129->129
[2024-12-16T14:46:56.905+0700][gc,metaspace] GC(452) Metaspace: 45396K(45952K)->45396K(45952K) NonClass: 40190K(40512K)->40190K(40512K) Class: 5205K(5440K)->5205K(5440K)
[2024-12-16T14:46:56.905+0700][gc          ] GC(452) Pause Young (Normal) (G1 Evacuation Pause) 705M->660M(1024M) 58.242ms
[2024-12-16T14:46:56.906+0700][gc,cpu      ] GC(452) User=0.09s Sys=0.00s Real=0.06s
[2024-12-16T14:48:28.778+0700][gc,start    ] GC(453) Pause Young (Normal) (G1 Evacuation Pause)
[2024-12-16T14:48:28.778+0700][gc,task     ] GC(453) Using 2 workers of 2 for evacuation
[2024-12-16T14:48:28.841+0700][gc,mmu      ] GC(453) MMU target violated: 21.0ms (20.0ms/21.0ms)
[2024-12-16T14:48:28.841+0700][gc,phases   ] GC(453)   Pre Evacuate Collection Set: 3.6ms
[2024-12-16T14:48:28.841+0700][gc,phases   ] GC(453)   Merge Heap Roots: 0.6ms
[2024-12-16T14:48:28.841+0700][gc,phases   ] GC(453)   Evacuate Collection Set: 56.7ms
[2024-12-16T14:48:28.841+0700][gc,phases   ] GC(453)   Post Evacuate Collection Set: 2.0ms
[2024-12-16T14:48:28.841+0700][gc,phases   ] GC(453)   Other: 1.1ms
[2024-12-16T14:48:28.841+0700][gc,heap     ] GC(453) Eden regions: 45->0(46)
[2024-12-16T14:48:28.841+0700][gc,heap     ] GC(453) Survivor regions: 6->5(7)
[2024-12-16T14:48:28.841+0700][gc,heap     ] GC(453) Old regions: 525->529
[2024-12-16T14:48:28.841+0700][gc,heap     ] GC(453) Archive regions: 2->2
[2024-12-16T14:48:28.841+0700][gc,heap     ] GC(453) Humongous regions: 129->129
[2024-12-16T14:48:28.842+0700][gc,metaspace] GC(453) Metaspace: 45396K(45952K)->45396K(45952K) NonClass: 40190K(40512K)->40190K(40512K) Class: 5205K(5440K)->5205K(5440K)
[2024-12-16T14:48:28.842+0700][gc          ] GC(453) Pause Young (Normal) (G1 Evacuation Pause) 705M->663M(1024M) 64.048ms
[2024-12-16T14:48:28.842+0700][gc,cpu      ] GC(453) User=0.13s Sys=0.00s Real=0.06s
[2024-12-16T14:50:00.012+0700][gc,start    ] GC(454) Pause Young (Normal) (G1 Evacuation Pause)
[2024-12-16T14:50:00.012+0700][gc,task     ] GC(454) Using 2 workers of 2 for evacuation
[2024-12-16T14:50:00.059+0700][gc,mmu      ] GC(454) MMU target violated: 21.0ms (20.0ms/21.0ms)
[2024-12-16T14:50:00.060+0700][gc,phases   ] GC(454)   Pre Evacuate Collection Set: 4.6ms
[2024-12-16T14:50:00.060+0700][gc,phases   ] GC(454)   Merge Heap Roots: 1.1ms
[2024-12-16T14:50:00.060+0700][gc,phases   ] GC(454)   Evacuate Collection Set: 38.3ms
[2024-12-16T14:50:00.060+0700][gc,phases   ] GC(454)   Post Evacuate Collection Set: 2.6ms
[2024-12-16T14:50:00.060+0700][gc,phases   ] GC(454)   Other: 1.3ms
[2024-12-16T14:50:00.060+0700][gc,heap     ] GC(454) Eden regions: 46->0(48)
[2024-12-16T14:50:00.060+0700][gc,heap     ] GC(454) Survivor regions: 5->3(7)
[2024-12-16T14:50:00.060+0700][gc,heap     ] GC(454) Old regions: 529->531
[2024-12-16T14:50:00.060+0700][gc,heap     ] GC(454) Archive regions: 2->2
[2024-12-16T14:50:00.060+0700][gc,heap     ] GC(454) Humongous regions: 129->129
[2024-12-16T14:50:00.060+0700][gc,metaspace] GC(454) Metaspace: 45430K(45952K)->45430K(45952K) NonClass: 40224K(40512K)->40224K(40512K) Class: 5205K(5440K)->5205K(5440K)
[2024-12-16T14:50:00.060+0700][gc          ] GC(454) Pause Young (Normal) (G1 Evacuation Pause) 709M->663M(1024M) 47.895ms
[2024-12-16T14:50:00.060+0700][gc,cpu      ] GC(454) User=0.07s Sys=0.02s Real=0.05s
[2024-12-16T14:50:48.073+0700][gc,heap,exit] Heap
[2024-12-16T14:50:48.074+0700][gc,heap,exit]  garbage-first heap   total 1048576K, used 714247K [0x00000000c0000000, 0x0000000100000000)
[2024-12-16T14:50:48.074+0700][gc,heap,exit]   region size 1024K, 38 young (38912K), 3 survivors (3072K)
[2024-12-16T14:50:48.074+0700][gc,heap,exit]  Metaspace       used 46246K, committed 46784K, reserved 1114112K
[2024-12-16T14:50:48.074+0700][gc,heap,exit]   class space    used 5365K, committed 5568K, reserved 1048576K
