[2024-12-16T22:08:00.816+0700][gc] Using G1
[2024-12-16T22:08:00.831+0700][gc,init] Version: 17.0.13+11-Ubuntu-2ubuntu122.04 (release)
[2024-12-16T22:08:00.831+0700][gc,init] CPUs: 2 total, 2 available
[2024-12-16T22:08:00.831+0700][gc,init] Memory: 3911M
[2024-12-16T22:08:00.831+0700][gc,init] Large Page Support: Disabled
[2024-12-16T22:08:00.831+0700][gc,init] NUMA Support: Disabled
[2024-12-16T22:08:00.831+0700][gc,init] Compressed Oops: Enabled (32-bit)
[2024-12-16T22:08:00.831+0700][gc,init] Heap Region Size: 1M
[2024-12-16T22:08:00.831+0700][gc,init] Heap Min Capacity: 1G
[2024-12-16T22:08:00.831+0700][gc,init] Heap Initial Capacity: 1G
[2024-12-16T22:08:00.831+0700][gc,init] Heap Max Capacity: 1G
[2024-12-16T22:08:00.831+0700][gc,init] Pre-touch: Disabled
[2024-12-16T22:08:00.831+0700][gc,init] Parallel Workers: 2
[2024-12-16T22:08:00.831+0700][gc,init] Concurrent Workers: 1
[2024-12-16T22:08:00.831+0700][gc,init] Concurrent Refinement Workers: 2
[2024-12-16T22:08:00.831+0700][gc,init] Periodic GC: Disabled
[2024-12-16T22:08:00.855+0700][gc,metaspace] CDS archive(s) mapped at: [0x00007f1dc3000000-0x00007f1dc3bc9000-0x00007f1dc3bc9000), size 12357632, SharedBaseAddress: 0x00007f1dc3000000, ArchiveRelocationMode: 1.
[2024-12-16T22:08:00.855+0700][gc,metaspace] Compressed class space mapped at: 0x00007f1dc4000000-0x00007f1e04000000, reserved size: 1073741824
[2024-12-16T22:08:00.855+0700][gc,metaspace] Narrow klass base: 0x00007f1dc3000000, Narrow klass shift: 0, Narrow klass range: 0x100000000
[2024-12-16T22:08:02.922+0700][gc,start    ] GC(0) Pause Young (Normal) (G1 Evacuation Pause)
[2024-12-16T22:08:02.922+0700][gc,task     ] GC(0) Using 2 workers of 2 for evacuation
[2024-12-16T22:08:02.959+0700][gc,mmu      ] GC(0) MMU target violated: 21.0ms (20.0ms/21.0ms)
[2024-12-16T22:08:02.959+0700][gc,phases   ] GC(0)   Pre Evacuate Collection Set: 2.1ms
[2024-12-16T22:08:02.959+0700][gc,phases   ] GC(0)   Merge Heap Roots: 0.2ms
[2024-12-16T22:08:02.959+0700][gc,phases   ] GC(0)   Evacuate Collection Set: 33.4ms
[2024-12-16T22:08:02.959+0700][gc,phases   ] GC(0)   Post Evacuate Collection Set: 1.0ms
[2024-12-16T22:08:02.959+0700][gc,phases   ] GC(0)   Other: 0.7ms
[2024-12-16T22:08:02.959+0700][gc,heap     ] GC(0) Eden regions: 51->0(44)
[2024-12-16T22:08:02.959+0700][gc,heap     ] GC(0) Survivor regions: 0->7(7)
[2024-12-16T22:08:02.959+0700][gc,heap     ] GC(0) Old regions: 0->2
[2024-12-16T22:08:02.959+0700][gc,heap     ] GC(0) Archive regions: 2->2
[2024-12-16T22:08:02.959+0700][gc,heap     ] GC(0) Humongous regions: 0->0
[2024-12-16T22:08:02.959+0700][gc,metaspace] GC(0) Metaspace: 17874K(18112K)->17874K(18112K) NonClass: 15699K(15808K)->15699K(15808K) Class: 2174K(2304K)->2174K(2304K)
[2024-12-16T22:08:02.959+0700][gc          ] GC(0) Pause Young (Normal) (G1 Evacuation Pause) 51M->8M(1024M) 37.496ms
[2024-12-16T22:08:02.959+0700][gc,cpu      ] GC(0) User=0.06s Sys=0.01s Real=0.04s
[2024-12-16T22:08:03.423+0700][gc,start    ] GC(1) Pause Young (Concurrent Start) (Metadata GC Threshold)
[2024-12-16T22:08:03.423+0700][gc,task     ] GC(1) Using 2 workers of 2 for evacuation
[2024-12-16T22:08:03.446+0700][gc,mmu      ] GC(1) MMU target violated: 21.0ms (20.0ms/21.0ms)
[2024-12-16T22:08:03.446+0700][gc,phases   ] GC(1)   Pre Evacuate Collection Set: 0.5ms
[2024-12-16T22:08:03.446+0700][gc,phases   ] GC(1)   Merge Heap Roots: 0.1ms
[2024-12-16T22:08:03.446+0700][gc,phases   ] GC(1)   Evacuate Collection Set: 20.9ms
[2024-12-16T22:08:03.446+0700][gc,phases   ] GC(1)   Post Evacuate Collection Set: 0.9ms
[2024-12-16T22:08:03.446+0700][gc,phases   ] GC(1)   Other: 0.6ms
[2024-12-16T22:08:03.446+0700][gc,heap     ] GC(1) Eden regions: 13->0(50)
[2024-12-16T22:08:03.446+0700][gc,heap     ] GC(1) Survivor regions: 7->1(7)
[2024-12-16T22:08:03.446+0700][gc,heap     ] GC(1) Old regions: 2->9
[2024-12-16T22:08:03.446+0700][gc,heap     ] GC(1) Archive regions: 2->2
[2024-12-16T22:08:03.446+0700][gc,heap     ] GC(1) Humongous regions: 0->0
[2024-12-16T22:08:03.446+0700][gc,metaspace] GC(1) Metaspace: 21345K(21504K)->21345K(21504K) NonClass: 18741K(18816K)->18741K(18816K) Class: 2604K(2688K)->2604K(2688K)
[2024-12-16T22:08:03.446+0700][gc          ] GC(1) Pause Young (Concurrent Start) (Metadata GC Threshold) 21M->10M(1024M) 23.085ms
[2024-12-16T22:08:03.446+0700][gc,cpu      ] GC(1) User=0.03s Sys=0.01s Real=0.03s
[2024-12-16T22:08:03.446+0700][gc          ] GC(2) Concurrent Mark Cycle
[2024-12-16T22:08:03.446+0700][gc,marking  ] GC(2) Concurrent Clear Claimed Marks
[2024-12-16T22:08:03.446+0700][gc,marking  ] GC(2) Concurrent Clear Claimed Marks 0.043ms
[2024-12-16T22:08:03.446+0700][gc,marking  ] GC(2) Concurrent Scan Root Regions
[2024-12-16T22:08:03.452+0700][gc,marking  ] GC(2) Concurrent Scan Root Regions 5.718ms
[2024-12-16T22:08:03.452+0700][gc,marking  ] GC(2) Concurrent Mark
[2024-12-16T22:08:03.452+0700][gc,marking  ] GC(2) Concurrent Mark From Roots
[2024-12-16T22:08:03.452+0700][gc,task     ] GC(2) Using 1 workers of 1 for marking
[2024-12-16T22:08:03.459+0700][gc,marking  ] GC(2) Concurrent Mark From Roots 6.794ms
[2024-12-16T22:08:03.459+0700][gc,marking  ] GC(2) Concurrent Preclean
[2024-12-16T22:08:03.459+0700][gc,marking  ] GC(2) Concurrent Preclean 0.058ms
[2024-12-16T22:08:03.466+0700][gc,start    ] GC(2) Pause Remark
[2024-12-16T22:08:03.476+0700][gc          ] GC(2) Pause Remark 10M->10M(1024M) 9.511ms
[2024-12-16T22:08:03.476+0700][gc,cpu      ] GC(2) User=0.01s Sys=0.00s Real=0.00s
[2024-12-16T22:08:03.476+0700][gc,marking  ] GC(2) Concurrent Mark 23.763ms
[2024-12-16T22:08:03.476+0700][gc,marking  ] GC(2) Concurrent Rebuild Remembered Sets
[2024-12-16T22:08:03.487+0700][gc,marking  ] GC(2) Concurrent Rebuild Remembered Sets 11.382ms
[2024-12-16T22:08:03.488+0700][gc,start    ] GC(2) Pause Cleanup
[2024-12-16T22:08:03.488+0700][gc          ] GC(2) Pause Cleanup 10M->10M(1024M) 0.399ms
[2024-12-16T22:08:03.488+0700][gc,cpu      ] GC(2) User=0.00s Sys=0.00s Real=0.00s
[2024-12-16T22:08:03.488+0700][gc,marking  ] GC(2) Concurrent Cleanup for Next Mark
[2024-12-16T22:08:03.607+0700][gc,marking  ] GC(2) Concurrent Cleanup for Next Mark 118.829ms
[2024-12-16T22:08:03.607+0700][gc          ] GC(2) Concurrent Mark Cycle 160.988ms
[2024-12-16T22:08:05.982+0700][gc,start    ] GC(3) Pause Young (Normal) (G1 Evacuation Pause)
[2024-12-16T22:08:05.982+0700][gc,task     ] GC(3) Using 2 workers of 2 for evacuation
[2024-12-16T22:08:06.000+0700][gc,phases   ] GC(3)   Pre Evacuate Collection Set: 0.5ms
[2024-12-16T22:08:06.000+0700][gc,phases   ] GC(3)   Merge Heap Roots: 0.1ms
[2024-12-16T22:08:06.000+0700][gc,phases   ] GC(3)   Evacuate Collection Set: 15.8ms
[2024-12-16T22:08:06.000+0700][gc,phases   ] GC(3)   Post Evacuate Collection Set: 0.8ms
[2024-12-16T22:08:06.000+0700][gc,phases   ] GC(3)   Other: 0.4ms
[2024-12-16T22:08:06.000+0700][gc,heap     ] GC(3) Eden regions: 50->0(45)
[2024-12-16T22:08:06.000+0700][gc,heap     ] GC(3) Survivor regions: 1->6(7)
[2024-12-16T22:08:06.000+0700][gc,heap     ] GC(3) Old regions: 9->9
[2024-12-16T22:08:06.000+0700][gc,heap     ] GC(3) Archive regions: 2->2
[2024-12-16T22:08:06.000+0700][gc,heap     ] GC(3) Humongous regions: 129->129
[2024-12-16T22:08:06.000+0700][gc,metaspace] GC(3) Metaspace: 29895K(30144K)->29895K(30144K) NonClass: 26513K(26624K)->26513K(26624K) Class: 3381K(3520K)->3381K(3520K)
[2024-12-16T22:08:06.000+0700][gc          ] GC(3) Pause Young (Normal) (G1 Evacuation Pause) 189M->143M(1024M) 17.527ms
[2024-12-16T22:08:06.000+0700][gc,cpu      ] GC(3) User=0.03s Sys=0.00s Real=0.02s
[2024-12-16T22:08:06.879+0700][gc,start    ] GC(4) Pause Young (Concurrent Start) (Metadata GC Threshold)
[2024-12-16T22:08:06.879+0700][gc,task     ] GC(4) Using 2 workers of 2 for evacuation
[2024-12-16T22:08:06.912+0700][gc,mmu      ] GC(4) MMU target violated: 21.0ms (20.0ms/21.0ms)
[2024-12-16T22:08:06.913+0700][gc,phases   ] GC(4)   Pre Evacuate Collection Set: 0.4ms
[2024-12-16T22:08:06.913+0700][gc,phases   ] GC(4)   Merge Heap Roots: 0.2ms
[2024-12-16T22:08:06.913+0700][gc,phases   ] GC(4)   Evacuate Collection Set: 31.5ms
[2024-12-16T22:08:06.913+0700][gc,phases   ] GC(4)   Post Evacuate Collection Set: 1.4ms
[2024-12-16T22:08:06.913+0700][gc,phases   ] GC(4)   Other: 0.5ms
[2024-12-16T22:08:06.913+0700][gc,heap     ] GC(4) Eden regions: 25->0(48)
[2024-12-16T22:08:06.913+0700][gc,heap     ] GC(4) Survivor regions: 6->3(7)
[2024-12-16T22:08:06.913+0700][gc,heap     ] GC(4) Old regions: 9->14
[2024-12-16T22:08:06.913+0700][gc,heap     ] GC(4) Archive regions: 2->2
[2024-12-16T22:08:06.913+0700][gc,heap     ] GC(4) Humongous regions: 129->129
[2024-12-16T22:08:06.913+0700][gc,metaspace] GC(4) Metaspace: 35740K(35968K)->35740K(35968K) NonClass: 31831K(31936K)->31831K(31936K) Class: 3908K(4032K)->3908K(4032K)
[2024-12-16T22:08:06.913+0700][gc          ] GC(4) Pause Young (Concurrent Start) (Metadata GC Threshold) 167M->145M(1024M) 34.138ms
[2024-12-16T22:08:06.913+0700][gc,cpu      ] GC(4) User=0.06s Sys=0.00s Real=0.03s
[2024-12-16T22:08:06.914+0700][gc          ] GC(5) Concurrent Mark Cycle
[2024-12-16T22:08:06.914+0700][gc,marking  ] GC(5) Concurrent Clear Claimed Marks
[2024-12-16T22:08:06.914+0700][gc,marking  ] GC(5) Concurrent Clear Claimed Marks 0.044ms
[2024-12-16T22:08:06.914+0700][gc,marking  ] GC(5) Concurrent Scan Root Regions
[2024-12-16T22:08:06.933+0700][gc,marking  ] GC(5) Concurrent Scan Root Regions 18.611ms
[2024-12-16T22:08:06.933+0700][gc,marking  ] GC(5) Concurrent Mark
[2024-12-16T22:08:06.933+0700][gc,marking  ] GC(5) Concurrent Mark From Roots
[2024-12-16T22:08:06.933+0700][gc,task     ] GC(5) Using 1 workers of 1 for marking
[2024-12-16T22:08:06.975+0700][gc,marking  ] GC(5) Concurrent Mark From Roots 41.637ms
[2024-12-16T22:08:06.975+0700][gc,marking  ] GC(5) Concurrent Preclean
[2024-12-16T22:08:06.975+0700][gc,marking  ] GC(5) Concurrent Preclean 0.105ms
[2024-12-16T22:08:06.975+0700][gc,start    ] GC(5) Pause Remark
[2024-12-16T22:08:06.985+0700][gc          ] GC(5) Pause Remark 146M->146M(1024M) 9.633ms
[2024-12-16T22:08:06.985+0700][gc,cpu      ] GC(5) User=0.02s Sys=0.00s Real=0.02s
[2024-12-16T22:08:06.985+0700][gc,marking  ] GC(5) Concurrent Mark 51.852ms
[2024-12-16T22:08:06.985+0700][gc,marking  ] GC(5) Concurrent Rebuild Remembered Sets
[2024-12-16T22:08:07.013+0700][gc,marking  ] GC(5) Concurrent Rebuild Remembered Sets 28.171ms
[2024-12-16T22:08:07.013+0700][gc,start    ] GC(5) Pause Cleanup
[2024-12-16T22:08:07.013+0700][gc          ] GC(5) Pause Cleanup 147M->147M(1024M) 0.263ms
[2024-12-16T22:08:07.013+0700][gc,cpu      ] GC(5) User=0.00s Sys=0.00s Real=0.00s
[2024-12-16T22:08:07.013+0700][gc,marking  ] GC(5) Concurrent Cleanup for Next Mark
[2024-12-16T22:08:07.055+0700][gc,marking  ] GC(5) Concurrent Cleanup for Next Mark 41.294ms
[2024-12-16T22:08:07.055+0700][gc          ] GC(5) Concurrent Mark Cycle 140.686ms
[2024-12-16T22:08:14.340+0700][gc,start    ] GC(6) Pause Young (Prepare Mixed) (G1 Evacuation Pause)
[2024-12-16T22:08:14.341+0700][gc,task     ] GC(6) Using 2 workers of 2 for evacuation
[2024-12-16T22:08:14.374+0700][gc,mmu      ] GC(6) MMU target violated: 21.0ms (20.0ms/21.0ms)
[2024-12-16T22:08:14.374+0700][gc,phases   ] GC(6)   Pre Evacuate Collection Set: 3.5ms
[2024-12-16T22:08:14.374+0700][gc,phases   ] GC(6)   Merge Heap Roots: 0.2ms
[2024-12-16T22:08:14.374+0700][gc,phases   ] GC(6)   Evacuate Collection Set: 27.7ms
[2024-12-16T22:08:14.374+0700][gc,phases   ] GC(6)   Post Evacuate Collection Set: 1.8ms
[2024-12-16T22:08:14.374+0700][gc,phases   ] GC(6)   Other: 0.4ms
[2024-12-16T22:08:14.374+0700][gc,heap     ] GC(6) Eden regions: 48->0(46)
[2024-12-16T22:08:14.374+0700][gc,heap     ] GC(6) Survivor regions: 3->5(7)
[2024-12-16T22:08:14.374+0700][gc,heap     ] GC(6) Old regions: 14->14
[2024-12-16T22:08:14.374+0700][gc,heap     ] GC(6) Archive regions: 2->2
[2024-12-16T22:08:14.374+0700][gc,heap     ] GC(6) Humongous regions: 177->129
[2024-12-16T22:08:14.374+0700][gc,metaspace] GC(6) Metaspace: 40989K(41472K)->40989K(41472K) NonClass: 36223K(36480K)->36223K(36480K) Class: 4766K(4992K)->4766K(4992K)
[2024-12-16T22:08:14.374+0700][gc          ] GC(6) Pause Young (Prepare Mixed) (G1 Evacuation Pause) 241M->147M(1024M) 33.608ms
[2024-12-16T22:08:14.374+0700][gc,cpu      ] GC(6) User=0.03s Sys=0.00s Real=0.03s
[2024-12-16T22:09:30.242+0700][gc,start    ] GC(7) Pause Young (Mixed) (G1 Evacuation Pause)
[2024-12-16T22:09:30.242+0700][gc,task     ] GC(7) Using 2 workers of 2 for evacuation
[2024-12-16T22:09:30.312+0700][gc,mmu      ] GC(7) MMU target violated: 21.0ms (20.0ms/21.0ms)
[2024-12-16T22:09:30.312+0700][gc,phases   ] GC(7)   Pre Evacuate Collection Set: 2.6ms
[2024-12-16T22:09:30.312+0700][gc,phases   ] GC(7)   Merge Heap Roots: 0.4ms
[2024-12-16T22:09:30.312+0700][gc,phases   ] GC(7)   Evacuate Collection Set: 64.0ms
[2024-12-16T22:09:30.312+0700][gc,phases   ] GC(7)   Post Evacuate Collection Set: 2.3ms
[2024-12-16T22:09:30.312+0700][gc,phases   ] GC(7)   Other: 1.2ms
[2024-12-16T22:09:30.312+0700][gc,heap     ] GC(7) Eden regions: 46->0(44)
[2024-12-16T22:09:30.312+0700][gc,heap     ] GC(7) Survivor regions: 5->7(7)
[2024-12-16T22:09:30.312+0700][gc,heap     ] GC(7) Old regions: 14->15
[2024-12-16T22:09:30.312+0700][gc,heap     ] GC(7) Archive regions: 2->2
[2024-12-16T22:09:30.312+0700][gc,heap     ] GC(7) Humongous regions: 129->129
[2024-12-16T22:09:30.312+0700][gc,metaspace] GC(7) Metaspace: 43522K(44096K)->43522K(44096K) NonClass: 38351K(38656K)->38351K(38656K) Class: 5171K(5440K)->5171K(5440K)
[2024-12-16T22:09:30.313+0700][gc          ] GC(7) Pause Young (Mixed) (G1 Evacuation Pause) 193M->151M(1024M) 70.480ms
[2024-12-16T22:09:30.313+0700][gc,cpu      ] GC(7) User=0.14s Sys=0.00s Real=0.07s
[2024-12-16T22:11:03.452+0700][gc,start    ] GC(8) Pause Young (Normal) (G1 Evacuation Pause)
[2024-12-16T22:11:03.452+0700][gc,task     ] GC(8) Using 2 workers of 2 for evacuation
[2024-12-16T22:11:03.510+0700][gc,mmu      ] GC(8) MMU target violated: 21.0ms (20.0ms/21.0ms)
[2024-12-16T22:11:03.510+0700][gc,phases   ] GC(8)   Pre Evacuate Collection Set: 4.2ms
[2024-12-16T22:11:03.510+0700][gc,phases   ] GC(8)   Merge Heap Roots: 0.4ms
[2024-12-16T22:11:03.510+0700][gc,phases   ] GC(8)   Evacuate Collection Set: 49.5ms
[2024-12-16T22:11:03.510+0700][gc,phases   ] GC(8)   Post Evacuate Collection Set: 2.5ms
[2024-12-16T22:11:03.510+0700][gc,phases   ] GC(8)   Other: 1.3ms
[2024-12-16T22:11:03.510+0700][gc,heap     ] GC(8) Eden regions: 44->0(47)
[2024-12-16T22:11:03.510+0700][gc,heap     ] GC(8) Survivor regions: 7->4(7)
[2024-12-16T22:11:03.510+0700][gc,heap     ] GC(8) Old regions: 15->19
[2024-12-16T22:11:03.510+0700][gc,heap     ] GC(8) Archive regions: 2->2
[2024-12-16T22:11:03.510+0700][gc,heap     ] GC(8) Humongous regions: 129->129
[2024-12-16T22:11:03.510+0700][gc,metaspace] GC(8) Metaspace: 43611K(44160K)->43611K(44160K) NonClass: 38435K(38720K)->38435K(38720K) Class: 5176K(5440K)->5176K(5440K)
[2024-12-16T22:11:03.510+0700][gc          ] GC(8) Pause Young (Normal) (G1 Evacuation Pause) 195M->152M(1024M) 57.909ms
[2024-12-16T22:11:03.510+0700][gc,cpu      ] GC(8) User=0.10s Sys=0.00s Real=0.06s
[2024-12-16T22:12:40.547+0700][gc,start    ] GC(9) Pause Young (Normal) (G1 Evacuation Pause)
[2024-12-16T22:12:40.547+0700][gc,task     ] GC(9) Using 2 workers of 2 for evacuation
[2024-12-16T22:12:40.579+0700][gc,mmu      ] GC(9) MMU target violated: 21.0ms (20.0ms/21.0ms)
[2024-12-16T22:12:40.579+0700][gc,phases   ] GC(9)   Pre Evacuate Collection Set: 2.9ms
[2024-12-16T22:12:40.579+0700][gc,phases   ] GC(9)   Merge Heap Roots: 0.4ms
[2024-12-16T22:12:40.579+0700][gc,phases   ] GC(9)   Evacuate Collection Set: 25.3ms
[2024-12-16T22:12:40.579+0700][gc,phases   ] GC(9)   Post Evacuate Collection Set: 2.3ms
[2024-12-16T22:12:40.579+0700][gc,phases   ] GC(9)   Other: 1.3ms
[2024-12-16T22:12:40.579+0700][gc,heap     ] GC(9) Eden regions: 47->0(48)
[2024-12-16T22:12:40.579+0700][gc,heap     ] GC(9) Survivor regions: 4->3(7)
[2024-12-16T22:12:40.579+0700][gc,heap     ] GC(9) Old regions: 19->20
[2024-12-16T22:12:40.579+0700][gc,heap     ] GC(9) Archive regions: 2->2
[2024-12-16T22:12:40.579+0700][gc,heap     ] GC(9) Humongous regions: 129->129
[2024-12-16T22:12:40.579+0700][gc,metaspace] GC(9) Metaspace: 43675K(44288K)->43675K(44288K) NonClass: 38499K(38848K)->38499K(38848K) Class: 5176K(5440K)->5176K(5440K)
[2024-12-16T22:12:40.579+0700][gc          ] GC(9) Pause Young (Normal) (G1 Evacuation Pause) 199M->152M(1024M) 32.402ms
[2024-12-16T22:12:40.580+0700][gc,cpu      ] GC(9) User=0.06s Sys=0.01s Real=0.03s
[2024-12-16T22:14:27.215+0700][gc,start    ] GC(10) Pause Young (Normal) (G1 Evacuation Pause)
[2024-12-16T22:14:27.215+0700][gc,task     ] GC(10) Using 2 workers of 2 for evacuation
[2024-12-16T22:14:27.249+0700][gc,mmu      ] GC(10) MMU target violated: 21.0ms (20.0ms/21.0ms)
[2024-12-16T22:14:27.249+0700][gc,phases   ] GC(10)   Pre Evacuate Collection Set: 2.5ms
[2024-12-16T22:14:27.249+0700][gc,phases   ] GC(10)   Merge Heap Roots: 0.4ms
[2024-12-16T22:14:27.249+0700][gc,phases   ] GC(10)   Evacuate Collection Set: 28.3ms
[2024-12-16T22:14:27.249+0700][gc,phases   ] GC(10)   Post Evacuate Collection Set: 2.0ms
[2024-12-16T22:14:27.249+0700][gc,phases   ] GC(10)   Other: 1.0ms
[2024-12-16T22:14:27.249+0700][gc,heap     ] GC(10) Eden regions: 48->0(46)
[2024-12-16T22:14:27.249+0700][gc,heap     ] GC(10) Survivor regions: 3->5(7)
[2024-12-16T22:14:27.249+0700][gc,heap     ] GC(10) Old regions: 20->20
[2024-12-16T22:14:27.249+0700][gc,heap     ] GC(10) Archive regions: 2->2
[2024-12-16T22:14:27.249+0700][gc,heap     ] GC(10) Humongous regions: 129->129
[2024-12-16T22:14:27.249+0700][gc,metaspace] GC(10) Metaspace: 43736K(44288K)->43736K(44288K) NonClass: 38560K(38848K)->38560K(38848K) Class: 5176K(5440K)->5176K(5440K)
[2024-12-16T22:14:27.249+0700][gc          ] GC(10) Pause Young (Normal) (G1 Evacuation Pause) 200M->154M(1024M) 34.256ms
[2024-12-16T22:14:27.249+0700][gc,cpu      ] GC(10) User=0.06s Sys=0.00s Real=0.04s
[2024-12-16T22:16:11.319+0700][gc,start    ] GC(11) Pause Young (Normal) (G1 Evacuation Pause)
[2024-12-16T22:16:11.319+0700][gc,task     ] GC(11) Using 2 workers of 2 for evacuation
[2024-12-16T22:16:11.373+0700][gc,mmu      ] GC(11) MMU target violated: 21.0ms (20.0ms/21.0ms)
[2024-12-16T22:16:11.373+0700][gc,phases   ] GC(11)   Pre Evacuate Collection Set: 2.6ms
[2024-12-16T22:16:11.373+0700][gc,phases   ] GC(11)   Merge Heap Roots: 0.5ms
[2024-12-16T22:16:11.373+0700][gc,phases   ] GC(11)   Evacuate Collection Set: 47.8ms
[2024-12-16T22:16:11.373+0700][gc,phases   ] GC(11)   Post Evacuate Collection Set: 3.2ms
[2024-12-16T22:16:11.373+0700][gc,phases   ] GC(11)   Other: 1.0ms
[2024-12-16T22:16:11.373+0700][gc,heap     ] GC(11) Eden regions: 46->0(45)
[2024-12-16T22:16:11.374+0700][gc,heap     ] GC(11) Survivor regions: 5->6(7)
[2024-12-16T22:16:11.374+0700][gc,heap     ] GC(11) Old regions: 20->22
[2024-12-16T22:16:11.374+0700][gc,heap     ] GC(11) Archive regions: 2->2
[2024-12-16T22:16:11.374+0700][gc,heap     ] GC(11) Humongous regions: 129->129
[2024-12-16T22:16:11.374+0700][gc,metaspace] GC(11) Metaspace: 43770K(44352K)->43770K(44352K) NonClass: 38594K(38912K)->38594K(38912K) Class: 5176K(5440K)->5176K(5440K)
[2024-12-16T22:16:11.374+0700][gc          ] GC(11) Pause Young (Normal) (G1 Evacuation Pause) 200M->157M(1024M) 54.988ms
[2024-12-16T22:16:11.374+0700][gc,cpu      ] GC(11) User=0.11s Sys=0.00s Real=0.05s
[2024-12-16T22:17:53.640+0700][gc,start    ] GC(12) Pause Young (Normal) (G1 Evacuation Pause)
[2024-12-16T22:17:53.641+0700][gc,task     ] GC(12) Using 2 workers of 2 for evacuation
[2024-12-16T22:17:53.706+0700][gc,mmu      ] GC(12) MMU target violated: 21.0ms (20.0ms/21.0ms)
[2024-12-16T22:17:53.706+0700][gc,phases   ] GC(12)   Pre Evacuate Collection Set: 5.1ms
[2024-12-16T22:17:53.706+0700][gc,phases   ] GC(12)   Merge Heap Roots: 0.7ms
[2024-12-16T22:17:53.706+0700][gc,phases   ] GC(12)   Evacuate Collection Set: 57.0ms
[2024-12-16T22:17:53.706+0700][gc,phases   ] GC(12)   Post Evacuate Collection Set: 2.2ms
[2024-12-16T22:17:53.706+0700][gc,phases   ] GC(12)   Other: 1.3ms
[2024-12-16T22:17:53.706+0700][gc,heap     ] GC(12) Eden regions: 45->0(46)
[2024-12-16T22:17:53.706+0700][gc,heap     ] GC(12) Survivor regions: 6->5(7)
[2024-12-16T22:17:53.706+0700][gc,heap     ] GC(12) Old regions: 22->26
[2024-12-16T22:17:53.706+0700][gc,heap     ] GC(12) Archive regions: 2->2
[2024-12-16T22:17:53.707+0700][gc,heap     ] GC(12) Humongous regions: 129->129
[2024-12-16T22:17:53.707+0700][gc,metaspace] GC(12) Metaspace: 43789K(44352K)->43789K(44352K) NonClass: 38613K(38912K)->38613K(38912K) Class: 5176K(5440K)->5176K(5440K)
[2024-12-16T22:17:53.707+0700][gc          ] GC(12) Pause Young (Normal) (G1 Evacuation Pause) 202M->160M(1024M) 66.306ms
[2024-12-16T22:17:53.707+0700][gc,cpu      ] GC(12) User=0.12s Sys=0.00s Real=0.07s
[2024-12-16T22:19:36.192+0700][gc,start    ] GC(13) Pause Young (Normal) (G1 Evacuation Pause)
[2024-12-16T22:19:36.192+0700][gc,task     ] GC(13) Using 2 workers of 2 for evacuation
[2024-12-16T22:19:36.238+0700][gc,mmu      ] GC(13) MMU target violated: 21.0ms (20.0ms/21.0ms)
[2024-12-16T22:19:36.238+0700][gc,phases   ] GC(13)   Pre Evacuate Collection Set: 2.9ms
[2024-12-16T22:19:36.238+0700][gc,phases   ] GC(13)   Merge Heap Roots: 0.6ms
[2024-12-16T22:19:36.238+0700][gc,phases   ] GC(13)   Evacuate Collection Set: 39.2ms
[2024-12-16T22:19:36.238+0700][gc,phases   ] GC(13)   Post Evacuate Collection Set: 2.7ms
[2024-12-16T22:19:36.239+0700][gc,phases   ] GC(13)   Other: 1.3ms
[2024-12-16T22:19:36.239+0700][gc,heap     ] GC(13) Eden regions: 46->0(48)
[2024-12-16T22:19:36.239+0700][gc,heap     ] GC(13) Survivor regions: 5->3(7)
[2024-12-16T22:19:36.239+0700][gc,heap     ] GC(13) Old regions: 26->28
[2024-12-16T22:19:36.239+0700][gc,heap     ] GC(13) Archive regions: 2->2
[2024-12-16T22:19:36.239+0700][gc,heap     ] GC(13) Humongous regions: 129->129
[2024-12-16T22:19:36.239+0700][gc,metaspace] GC(13) Metaspace: 43869K(44480K)->43869K(44480K) NonClass: 38674K(39040K)->38674K(39040K) Class: 5195K(5440K)->5195K(5440K)
[2024-12-16T22:19:36.239+0700][gc          ] GC(13) Pause Young (Normal) (G1 Evacuation Pause) 206M->160M(1024M) 46.553ms
[2024-12-16T22:19:36.239+0700][gc,cpu      ] GC(13) User=0.07s Sys=0.01s Real=0.05s
[2024-12-16T22:21:26.217+0700][gc,start    ] GC(14) Pause Young (Normal) (G1 Evacuation Pause)
[2024-12-16T22:21:26.217+0700][gc,task     ] GC(14) Using 2 workers of 2 for evacuation
[2024-12-16T22:21:26.262+0700][gc,mmu      ] GC(14) MMU target violated: 21.0ms (20.0ms/21.0ms)
[2024-12-16T22:21:26.262+0700][gc,phases   ] GC(14)   Pre Evacuate Collection Set: 4.8ms
[2024-12-16T22:21:26.262+0700][gc,phases   ] GC(14)   Merge Heap Roots: 0.5ms
[2024-12-16T22:21:26.262+0700][gc,phases   ] GC(14)   Evacuate Collection Set: 36.8ms
[2024-12-16T22:21:26.262+0700][gc,phases   ] GC(14)   Post Evacuate Collection Set: 2.4ms
[2024-12-16T22:21:26.262+0700][gc,phases   ] GC(14)   Other: 1.3ms
[2024-12-16T22:21:26.262+0700][gc,heap     ] GC(14) Eden regions: 48->0(45)
[2024-12-16T22:21:26.262+0700][gc,heap     ] GC(14) Survivor regions: 3->6(7)
[2024-12-16T22:21:26.262+0700][gc,heap     ] GC(14) Old regions: 28->28
[2024-12-16T22:21:26.262+0700][gc,heap     ] GC(14) Archive regions: 2->2
[2024-12-16T22:21:26.262+0700][gc,heap     ] GC(14) Humongous regions: 129->129
[2024-12-16T22:21:26.262+0700][gc,metaspace] GC(14) Metaspace: 43884K(44480K)->43884K(44480K) NonClass: 38688K(39040K)->38688K(39040K) Class: 5195K(5440K)->5195K(5440K)
[2024-12-16T22:21:26.262+0700][gc          ] GC(14) Pause Young (Normal) (G1 Evacuation Pause) 208M->162M(1024M) 45.572ms
[2024-12-16T22:21:26.262+0700][gc,cpu      ] GC(14) User=0.08s Sys=0.00s Real=0.04s
[2024-12-16T22:23:08.729+0700][gc,start    ] GC(15) Pause Young (Normal) (G1 Evacuation Pause)
[2024-12-16T22:23:08.730+0700][gc,task     ] GC(15) Using 2 workers of 2 for evacuation
[2024-12-16T22:23:08.786+0700][gc,mmu      ] GC(15) MMU target violated: 21.0ms (20.0ms/21.0ms)
[2024-12-16T22:23:08.786+0700][gc,phases   ] GC(15)   Pre Evacuate Collection Set: 2.7ms
[2024-12-16T22:23:08.786+0700][gc,phases   ] GC(15)   Merge Heap Roots: 0.7ms
[2024-12-16T22:23:08.786+0700][gc,phases   ] GC(15)   Evacuate Collection Set: 50.3ms
[2024-12-16T22:23:08.786+0700][gc,phases   ] GC(15)   Post Evacuate Collection Set: 2.2ms
[2024-12-16T22:23:08.786+0700][gc,phases   ] GC(15)   Other: 1.3ms
[2024-12-16T22:23:08.786+0700][gc,heap     ] GC(15) Eden regions: 45->0(45)
[2024-12-16T22:23:08.786+0700][gc,heap     ] GC(15) Survivor regions: 6->6(7)
[2024-12-16T22:23:08.786+0700][gc,heap     ] GC(15) Old regions: 28->30
[2024-12-16T22:23:08.786+0700][gc,heap     ] GC(15) Archive regions: 2->2
[2024-12-16T22:23:08.786+0700][gc,heap     ] GC(15) Humongous regions: 129->129
[2024-12-16T22:23:08.787+0700][gc,metaspace] GC(15) Metaspace: 43897K(44480K)->43897K(44480K) NonClass: 38702K(39040K)->38702K(39040K) Class: 5195K(5440K)->5195K(5440K)
[2024-12-16T22:23:08.787+0700][gc          ] GC(15) Pause Young (Normal) (G1 Evacuation Pause) 207M->165M(1024M) 57.214ms
[2024-12-16T22:23:08.787+0700][gc,cpu      ] GC(15) User=0.10s Sys=0.00s Real=0.06s
[2024-12-16T22:24:51.193+0700][gc,start    ] GC(16) Pause Young (Normal) (G1 Evacuation Pause)
[2024-12-16T22:24:51.193+0700][gc,task     ] GC(16) Using 2 workers of 2 for evacuation
[2024-12-16T22:24:51.257+0700][gc,mmu      ] GC(16) MMU target violated: 21.0ms (20.0ms/21.0ms)
[2024-12-16T22:24:51.257+0700][gc,phases   ] GC(16)   Pre Evacuate Collection Set: 3.2ms
[2024-12-16T22:24:51.257+0700][gc,phases   ] GC(16)   Merge Heap Roots: 0.8ms
[2024-12-16T22:24:51.257+0700][gc,phases   ] GC(16)   Evacuate Collection Set: 57.2ms
[2024-12-16T22:24:51.257+0700][gc,phases   ] GC(16)   Post Evacuate Collection Set: 2.0ms
[2024-12-16T22:24:51.257+0700][gc,phases   ] GC(16)   Other: 1.3ms
[2024-12-16T22:24:51.257+0700][gc,heap     ] GC(16) Eden regions: 45->0(46)
[2024-12-16T22:24:51.257+0700][gc,heap     ] GC(16) Survivor regions: 6->5(7)
[2024-12-16T22:24:51.257+0700][gc,heap     ] GC(16) Old regions: 30->34
[2024-12-16T22:24:51.257+0700][gc,heap     ] GC(16) Archive regions: 2->2
[2024-12-16T22:24:51.257+0700][gc,heap     ] GC(16) Humongous regions: 129->129
[2024-12-16T22:24:51.257+0700][gc,metaspace] GC(16) Metaspace: 43933K(44480K)->43933K(44480K) NonClass: 38738K(39040K)->38738K(39040K) Class: 5195K(5440K)->5195K(5440K)
[2024-12-16T22:24:51.257+0700][gc          ] GC(16) Pause Young (Normal) (G1 Evacuation Pause) 210M->168M(1024M) 64.382ms
[2024-12-16T22:24:51.257+0700][gc,cpu      ] GC(16) User=0.13s Sys=0.00s Real=0.07s
[2024-12-16T22:26:35.645+0700][gc,start    ] GC(17) Pause Young (Normal) (G1 Evacuation Pause)
[2024-12-16T22:26:35.645+0700][gc,task     ] GC(17) Using 2 workers of 2 for evacuation
[2024-12-16T22:26:35.684+0700][gc,mmu      ] GC(17) MMU target violated: 21.0ms (20.0ms/21.0ms)
[2024-12-16T22:26:35.684+0700][gc,phases   ] GC(17)   Pre Evacuate Collection Set: 3.9ms
[2024-12-16T22:26:35.684+0700][gc,phases   ] GC(17)   Merge Heap Roots: 0.4ms
[2024-12-16T22:26:35.684+0700][gc,phases   ] GC(17)   Evacuate Collection Set: 29.8ms
[2024-12-16T22:26:35.684+0700][gc,phases   ] GC(17)   Post Evacuate Collection Set: 3.5ms
[2024-12-16T22:26:35.684+0700][gc,phases   ] GC(17)   Other: 1.0ms
[2024-12-16T22:26:35.684+0700][gc,heap     ] GC(17) Eden regions: 46->0(48)
[2024-12-16T22:26:35.684+0700][gc,heap     ] GC(17) Survivor regions: 5->3(7)
[2024-12-16T22:26:35.684+0700][gc,heap     ] GC(17) Old regions: 34->36
[2024-12-16T22:26:35.684+0700][gc,heap     ] GC(17) Archive regions: 2->2
[2024-12-16T22:26:35.684+0700][gc,heap     ] GC(17) Humongous regions: 129->129
[2024-12-16T22:26:35.684+0700][gc,metaspace] GC(17) Metaspace: 43938K(44480K)->43938K(44480K) NonClass: 38743K(39040K)->38743K(39040K) Class: 5195K(5440K)->5195K(5440K)
[2024-12-16T22:26:35.684+0700][gc          ] GC(17) Pause Young (Normal) (G1 Evacuation Pause) 214M->168M(1024M) 38.929ms
[2024-12-16T22:26:35.684+0700][gc,cpu      ] GC(17) User=0.07s Sys=0.01s Real=0.04s
[2024-12-16T22:28:23.949+0700][gc,start    ] GC(18) Pause Young (Normal) (G1 Evacuation Pause)
[2024-12-16T22:28:23.950+0700][gc,task     ] GC(18) Using 2 workers of 2 for evacuation
[2024-12-16T22:28:23.996+0700][gc,mmu      ] GC(18) MMU target violated: 21.0ms (20.0ms/21.0ms)
[2024-12-16T22:28:23.997+0700][gc,phases   ] GC(18)   Pre Evacuate Collection Set: 3.9ms
[2024-12-16T22:28:23.997+0700][gc,phases   ] GC(18)   Merge Heap Roots: 0.6ms
[2024-12-16T22:28:23.997+0700][gc,phases   ] GC(18)   Evacuate Collection Set: 38.5ms
[2024-12-16T22:28:23.997+0700][gc,phases   ] GC(18)   Post Evacuate Collection Set: 3.3ms
[2024-12-16T22:28:23.997+0700][gc,phases   ] GC(18)   Other: 1.5ms
[2024-12-16T22:28:23.997+0700][gc,heap     ] GC(18) Eden regions: 48->0(46)
[2024-12-16T22:28:23.997+0700][gc,heap     ] GC(18) Survivor regions: 3->5(7)
[2024-12-16T22:28:23.997+0700][gc,heap     ] GC(18) Old regions: 36->36
[2024-12-16T22:28:23.997+0700][gc,heap     ] GC(18) Archive regions: 2->2
[2024-12-16T22:28:23.997+0700][gc,heap     ] GC(18) Humongous regions: 129->129
[2024-12-16T22:28:23.997+0700][gc,metaspace] GC(18) Metaspace: 43950K(44544K)->43950K(44544K) NonClass: 38755K(39104K)->38755K(39104K) Class: 5195K(5440K)->5195K(5440K)
[2024-12-16T22:28:23.997+0700][gc          ] GC(18) Pause Young (Normal) (G1 Evacuation Pause) 216M->170M(1024M) 47.636ms
[2024-12-16T22:28:23.997+0700][gc,cpu      ] GC(18) User=0.09s Sys=0.00s Real=0.05s
[2024-12-16T22:30:05.131+0700][gc,start    ] GC(19) Pause Young (Normal) (G1 Evacuation Pause)
[2024-12-16T22:30:05.131+0700][gc,task     ] GC(19) Using 2 workers of 2 for evacuation
[2024-12-16T22:30:05.191+0700][gc,mmu      ] GC(19) MMU target violated: 21.0ms (20.0ms/21.0ms)
[2024-12-16T22:30:05.192+0700][gc,phases   ] GC(19)   Pre Evacuate Collection Set: 11.9ms
[2024-12-16T22:30:05.192+0700][gc,phases   ] GC(19)   Merge Heap Roots: 0.8ms
[2024-12-16T22:30:05.192+0700][gc,phases   ] GC(19)   Evacuate Collection Set: 45.4ms
[2024-12-16T22:30:05.192+0700][gc,phases   ] GC(19)   Post Evacuate Collection Set: 2.1ms
[2024-12-16T22:30:05.192+0700][gc,phases   ] GC(19)   Other: 1.5ms
[2024-12-16T22:30:05.192+0700][gc,heap     ] GC(19) Eden regions: 46->0(45)
[2024-12-16T22:30:05.192+0700][gc,heap     ] GC(19) Survivor regions: 5->6(7)
[2024-12-16T22:30:05.192+0700][gc,heap     ] GC(19) Old regions: 36->38
[2024-12-16T22:30:05.192+0700][gc,heap     ] GC(19) Archive regions: 2->2
[2024-12-16T22:30:05.192+0700][gc,heap     ] GC(19) Humongous regions: 129->129
[2024-12-16T22:30:05.192+0700][gc,metaspace] GC(19) Metaspace: 43982K(44544K)->43982K(44544K) NonClass: 38786K(39104K)->38786K(39104K) Class: 5195K(5440K)->5195K(5440K)
[2024-12-16T22:30:05.192+0700][gc          ] GC(19) Pause Young (Normal) (G1 Evacuation Pause) 216M->173M(1024M) 61.155ms
[2024-12-16T22:30:05.192+0700][gc,cpu      ] GC(19) User=0.12s Sys=0.00s Real=0.06s
[2024-12-16T22:31:46.947+0700][gc,start    ] GC(20) Pause Young (Normal) (G1 Evacuation Pause)
[2024-12-16T22:31:46.948+0700][gc,task     ] GC(20) Using 2 workers of 2 for evacuation
[2024-12-16T22:31:47.016+0700][gc,mmu      ] GC(20) MMU target violated: 21.0ms (20.0ms/21.0ms)
[2024-12-16T22:31:47.016+0700][gc,phases   ] GC(20)   Pre Evacuate Collection Set: 3.5ms
[2024-12-16T22:31:47.016+0700][gc,phases   ] GC(20)   Merge Heap Roots: 0.9ms
[2024-12-16T22:31:47.016+0700][gc,phases   ] GC(20)   Evacuate Collection Set: 59.6ms
[2024-12-16T22:31:47.016+0700][gc,phases   ] GC(20)   Post Evacuate Collection Set: 3.6ms
[2024-12-16T22:31:47.016+0700][gc,phases   ] GC(20)   Other: 1.5ms
[2024-12-16T22:31:47.016+0700][gc,heap     ] GC(20) Eden regions: 45->0(44)
[2024-12-16T22:31:47.016+0700][gc,heap     ] GC(20) Survivor regions: 6->7(7)
[2024-12-16T22:31:47.016+0700][gc,heap     ] GC(20) Old regions: 38->40
[2024-12-16T22:31:47.016+0700][gc,heap     ] GC(20) Archive regions: 2->2
[2024-12-16T22:31:47.016+0700][gc,heap     ] GC(20) Humongous regions: 129->129
[2024-12-16T22:31:47.016+0700][gc,metaspace] GC(20) Metaspace: 44003K(44608K)->44003K(44608K) NonClass: 38807K(39168K)->38807K(39168K) Class: 5195K(5440K)->5195K(5440K)
[2024-12-16T22:31:47.016+0700][gc          ] GC(20) Pause Young (Normal) (G1 Evacuation Pause) 218M->176M(1024M) 69.163ms
[2024-12-16T22:31:47.016+0700][gc,cpu      ] GC(20) User=0.12s Sys=0.01s Real=0.07s
[2024-12-16T22:33:26.589+0700][gc,start    ] GC(21) Pause Young (Normal) (G1 Evacuation Pause)
[2024-12-16T22:33:26.589+0700][gc,task     ] GC(21) Using 2 workers of 2 for evacuation
[2024-12-16T22:33:26.637+0700][gc,mmu      ] GC(21) MMU target violated: 21.0ms (20.0ms/21.0ms)
[2024-12-16T22:33:26.637+0700][gc,phases   ] GC(21)   Pre Evacuate Collection Set: 2.6ms
[2024-12-16T22:33:26.637+0700][gc,phases   ] GC(21)   Merge Heap Roots: 0.4ms
[2024-12-16T22:33:26.637+0700][gc,phases   ] GC(21)   Evacuate Collection Set: 39.9ms
[2024-12-16T22:33:26.637+0700][gc,phases   ] GC(21)   Post Evacuate Collection Set: 4.0ms
[2024-12-16T22:33:26.637+0700][gc,phases   ] GC(21)   Other: 1.4ms
[2024-12-16T22:33:26.637+0700][gc,heap     ] GC(21) Eden regions: 44->0(48)
[2024-12-16T22:33:26.637+0700][gc,heap     ] GC(21) Survivor regions: 7->3(7)
[2024-12-16T22:33:26.637+0700][gc,heap     ] GC(21) Old regions: 40->44
[2024-12-16T22:33:26.637+0700][gc,heap     ] GC(21) Archive regions: 2->2
[2024-12-16T22:33:26.637+0700][gc,heap     ] GC(21) Humongous regions: 129->129
[2024-12-16T22:33:26.637+0700][gc,metaspace] GC(21) Metaspace: 44015K(44608K)->44015K(44608K) NonClass: 38819K(39168K)->38819K(39168K) Class: 5195K(5440K)->5195K(5440K)
[2024-12-16T22:33:26.637+0700][gc          ] GC(21) Pause Young (Normal) (G1 Evacuation Pause) 220M->175M(1024M) 48.380ms
[2024-12-16T22:33:26.638+0700][gc,cpu      ] GC(21) User=0.09s Sys=0.00s Real=0.05s
[2024-12-16T22:35:16.038+0700][gc,start    ] GC(22) Pause Young (Normal) (G1 Evacuation Pause)
[2024-12-16T22:35:16.038+0700][gc,task     ] GC(22) Using 2 workers of 2 for evacuation
[2024-12-16T22:35:16.076+0700][gc,mmu      ] GC(22) MMU target violated: 21.0ms (20.0ms/21.0ms)
[2024-12-16T22:35:16.076+0700][gc,phases   ] GC(22)   Pre Evacuate Collection Set: 3.7ms
[2024-12-16T22:35:16.076+0700][gc,phases   ] GC(22)   Merge Heap Roots: 0.5ms
[2024-12-16T22:35:16.076+0700][gc,phases   ] GC(22)   Evacuate Collection Set: 30.5ms
[2024-12-16T22:35:16.076+0700][gc,phases   ] GC(22)   Post Evacuate Collection Set: 2.4ms
[2024-12-16T22:35:16.076+0700][gc,phases   ] GC(22)   Other: 1.4ms
[2024-12-16T22:35:16.076+0700][gc,heap     ] GC(22) Eden regions: 48->0(46)
[2024-12-16T22:35:16.076+0700][gc,heap     ] GC(22) Survivor regions: 3->5(7)
[2024-12-16T22:35:16.076+0700][gc,heap     ] GC(22) Old regions: 44->44
[2024-12-16T22:35:16.076+0700][gc,heap     ] GC(22) Archive regions: 2->2
[2024-12-16T22:35:16.076+0700][gc,heap     ] GC(22) Humongous regions: 129->129
[2024-12-16T22:35:16.076+0700][gc,metaspace] GC(22) Metaspace: 44021K(44608K)->44021K(44608K) NonClass: 38826K(39168K)->38826K(39168K) Class: 5195K(5440K)->5195K(5440K)
[2024-12-16T22:35:16.076+0700][gc          ] GC(22) Pause Young (Normal) (G1 Evacuation Pause) 223M->178M(1024M) 38.532ms
[2024-12-16T22:35:16.076+0700][gc,cpu      ] GC(22) User=0.06s Sys=0.00s Real=0.04s
[2024-12-16T22:37:00.008+0700][gc,start    ] GC(23) Pause Young (Normal) (G1 Evacuation Pause)
[2024-12-16T22:37:00.008+0700][gc,task     ] GC(23) Using 2 workers of 2 for evacuation
[2024-12-16T22:37:00.068+0700][gc,mmu      ] GC(23) MMU target violated: 21.0ms (20.0ms/21.0ms)
[2024-12-16T22:37:00.068+0700][gc,phases   ] GC(23)   Pre Evacuate Collection Set: 2.9ms
[2024-12-16T22:37:00.068+0700][gc,phases   ] GC(23)   Merge Heap Roots: 0.6ms
[2024-12-16T22:37:00.068+0700][gc,phases   ] GC(23)   Evacuate Collection Set: 52.0ms
[2024-12-16T22:37:00.068+0700][gc,phases   ] GC(23)   Post Evacuate Collection Set: 3.6ms
[2024-12-16T22:37:00.068+0700][gc,phases   ] GC(23)   Other: 1.6ms
[2024-12-16T22:37:00.068+0700][gc,heap     ] GC(23) Eden regions: 46->0(45)
[2024-12-16T22:37:00.068+0700][gc,heap     ] GC(23) Survivor regions: 5->6(7)
[2024-12-16T22:37:00.068+0700][gc,heap     ] GC(23) Old regions: 44->46
[2024-12-16T22:37:00.068+0700][gc,heap     ] GC(23) Archive regions: 2->2
[2024-12-16T22:37:00.068+0700][gc,heap     ] GC(23) Humongous regions: 129->129
[2024-12-16T22:37:00.068+0700][gc,metaspace] GC(23) Metaspace: 44044K(44672K)->44044K(44672K) NonClass: 38848K(39232K)->38848K(39232K) Class: 5195K(5440K)->5195K(5440K)
[2024-12-16T22:37:00.068+0700][gc          ] GC(23) Pause Young (Normal) (G1 Evacuation Pause) 224M->180M(1024M) 60.697ms
[2024-12-16T22:37:00.068+0700][gc,cpu      ] GC(23) User=0.11s Sys=0.01s Real=0.06s
[2024-12-16T22:38:36.440+0700][gc,start    ] GC(24) Pause Young (Normal) (G1 Evacuation Pause)
[2024-12-16T22:38:36.440+0700][gc,task     ] GC(24) Using 2 workers of 2 for evacuation
[2024-12-16T22:38:36.492+0700][gc,mmu      ] GC(24) MMU target violated: 21.0ms (20.0ms/21.0ms)
[2024-12-16T22:38:36.492+0700][gc,phases   ] GC(24)   Pre Evacuate Collection Set: 2.4ms
[2024-12-16T22:38:36.492+0700][gc,phases   ] GC(24)   Merge Heap Roots: 0.6ms
[2024-12-16T22:38:36.492+0700][gc,phases   ] GC(24)   Evacuate Collection Set: 45.8ms
[2024-12-16T22:38:36.492+0700][gc,phases   ] GC(24)   Post Evacuate Collection Set: 2.3ms
[2024-12-16T22:38:36.492+0700][gc,phases   ] GC(24)   Other: 1.0ms
[2024-12-16T22:38:36.492+0700][gc,heap     ] GC(24) Eden regions: 45->0(47)
[2024-12-16T22:38:36.492+0700][gc,heap     ] GC(24) Survivor regions: 6->4(7)
[2024-12-16T22:38:36.492+0700][gc,heap     ] GC(24) Old regions: 46->49
[2024-12-16T22:38:36.492+0700][gc,heap     ] GC(24) Archive regions: 2->2
[2024-12-16T22:38:36.492+0700][gc,heap     ] GC(24) Humongous regions: 129->129
[2024-12-16T22:38:36.492+0700][gc,metaspace] GC(24) Metaspace: 44095K(44672K)->44095K(44672K) NonClass: 38899K(39232K)->38899K(39232K) Class: 5195K(5440K)->5195K(5440K)
[2024-12-16T22:38:36.492+0700][gc          ] GC(24) Pause Young (Normal) (G1 Evacuation Pause) 225M->182M(1024M) 52.306ms
[2024-12-16T22:38:36.492+0700][gc,cpu      ] GC(24) User=0.10s Sys=0.00s Real=0.05s
[2024-12-16T22:40:22.988+0700][gc,start    ] GC(25) Pause Young (Normal) (G1 Evacuation Pause)
[2024-12-16T22:40:22.988+0700][gc,task     ] GC(25) Using 2 workers of 2 for evacuation
[2024-12-16T22:40:23.027+0700][gc,mmu      ] GC(25) MMU target violated: 21.0ms (20.0ms/21.0ms)
[2024-12-16T22:40:23.027+0700][gc,phases   ] GC(25)   Pre Evacuate Collection Set: 4.1ms
[2024-12-16T22:40:23.027+0700][gc,phases   ] GC(25)   Merge Heap Roots: 0.5ms
[2024-12-16T22:40:23.027+0700][gc,phases   ] GC(25)   Evacuate Collection Set: 30.6ms
[2024-12-16T22:40:23.027+0700][gc,phases   ] GC(25)   Post Evacuate Collection Set: 3.3ms
[2024-12-16T22:40:23.027+0700][gc,phases   ] GC(25)   Other: 1.5ms
[2024-12-16T22:40:23.027+0700][gc,heap     ] GC(25) Eden regions: 47->0(48)
[2024-12-16T22:40:23.027+0700][gc,heap     ] GC(25) Survivor regions: 4->3(7)
[2024-12-16T22:40:23.027+0700][gc,heap     ] GC(25) Old regions: 49->51
[2024-12-16T22:40:23.027+0700][gc,heap     ] GC(25) Archive regions: 2->2
[2024-12-16T22:40:23.027+0700][gc,heap     ] GC(25) Humongous regions: 129->129
[2024-12-16T22:40:23.027+0700][gc,metaspace] GC(25) Metaspace: 44107K(44672K)->44107K(44672K) NonClass: 38911K(39232K)->38911K(39232K) Class: 5195K(5440K)->5195K(5440K)
[2024-12-16T22:40:23.027+0700][gc          ] GC(25) Pause Young (Normal) (G1 Evacuation Pause) 229M->183M(1024M) 39.858ms
[2024-12-16T22:40:23.027+0700][gc,cpu      ] GC(25) User=0.07s Sys=0.01s Real=0.04s
[2024-12-16T22:42:12.944+0700][gc,start    ] GC(26) Pause Young (Normal) (G1 Evacuation Pause)
[2024-12-16T22:42:12.944+0700][gc,task     ] GC(26) Using 2 workers of 2 for evacuation
[2024-12-16T22:42:12.986+0700][gc,mmu      ] GC(26) MMU target violated: 21.0ms (20.0ms/21.0ms)
[2024-12-16T22:42:12.986+0700][gc,phases   ] GC(26)   Pre Evacuate Collection Set: 5.1ms
[2024-12-16T22:42:12.986+0700][gc,phases   ] GC(26)   Merge Heap Roots: 0.4ms
[2024-12-16T22:42:12.986+0700][gc,phases   ] GC(26)   Evacuate Collection Set: 33.5ms
[2024-12-16T22:42:12.986+0700][gc,phases   ] GC(26)   Post Evacuate Collection Set: 2.8ms
[2024-12-16T22:42:12.986+0700][gc,phases   ] GC(26)   Other: 1.2ms
[2024-12-16T22:42:12.986+0700][gc,heap     ] GC(26) Eden regions: 48->0(45)
[2024-12-16T22:42:12.986+0700][gc,heap     ] GC(26) Survivor regions: 3->6(7)
[2024-12-16T22:42:12.986+0700][gc,heap     ] GC(26) Old regions: 51->51
[2024-12-16T22:42:12.987+0700][gc,heap     ] GC(26) Archive regions: 2->2
[2024-12-16T22:42:12.987+0700][gc,heap     ] GC(26) Humongous regions: 129->129
[2024-12-16T22:42:12.987+0700][gc,metaspace] GC(26) Metaspace: 44118K(44736K)->44118K(44736K) NonClass: 38922K(39296K)->38922K(39296K) Class: 5195K(5440K)->5195K(5440K)
[2024-12-16T22:42:12.987+0700][gc          ] GC(26) Pause Young (Normal) (G1 Evacuation Pause) 231M->186M(1024M) 42.958ms
[2024-12-16T22:42:12.987+0700][gc,cpu      ] GC(26) User=0.07s Sys=0.01s Real=0.05s
[2024-12-16T22:43:54.917+0700][gc,start    ] GC(27) Pause Young (Normal) (G1 Evacuation Pause)
[2024-12-16T22:43:54.918+0700][gc,task     ] GC(27) Using 2 workers of 2 for evacuation
[2024-12-16T22:43:54.975+0700][gc,mmu      ] GC(27) MMU target violated: 21.0ms (20.0ms/21.0ms)
[2024-12-16T22:43:54.975+0700][gc,phases   ] GC(27)   Pre Evacuate Collection Set: 3.8ms
[2024-12-16T22:43:54.975+0700][gc,phases   ] GC(27)   Merge Heap Roots: 0.4ms
[2024-12-16T22:43:54.975+0700][gc,phases   ] GC(27)   Evacuate Collection Set: 50.0ms
[2024-12-16T22:43:54.975+0700][gc,phases   ] GC(27)   Post Evacuate Collection Set: 2.6ms
[2024-12-16T22:43:54.975+0700][gc,phases   ] GC(27)   Other: 1.2ms
[2024-12-16T22:43:54.975+0700][gc,heap     ] GC(27) Eden regions: 45->0(45)
[2024-12-16T22:43:54.975+0700][gc,heap     ] GC(27) Survivor regions: 6->6(7)
[2024-12-16T22:43:54.975+0700][gc,heap     ] GC(27) Old regions: 51->53
[2024-12-16T22:43:54.975+0700][gc,heap     ] GC(27) Archive regions: 2->2
[2024-12-16T22:43:54.975+0700][gc,heap     ] GC(27) Humongous regions: 129->129
[2024-12-16T22:43:54.975+0700][gc,metaspace] GC(27) Metaspace: 44119K(44736K)->44119K(44736K) NonClass: 38923K(39296K)->38923K(39296K) Class: 5195K(5440K)->5195K(5440K)
[2024-12-16T22:43:54.975+0700][gc          ] GC(27) Pause Young (Normal) (G1 Evacuation Pause) 231M->188M(1024M) 58.050ms
[2024-12-16T22:43:54.975+0700][gc,cpu      ] GC(27) User=0.10s Sys=0.00s Real=0.05s
[2024-12-16T22:45:37.772+0700][gc,start    ] GC(28) Pause Young (Normal) (G1 Evacuation Pause)
[2024-12-16T22:45:37.772+0700][gc,task     ] GC(28) Using 2 workers of 2 for evacuation
[2024-12-16T22:45:37.852+0700][gc,mmu      ] GC(28) MMU target violated: 21.0ms (20.0ms/21.0ms)
[2024-12-16T22:45:37.852+0700][gc,phases   ] GC(28)   Pre Evacuate Collection Set: 3.5ms
[2024-12-16T22:45:37.852+0700][gc,phases   ] GC(28)   Merge Heap Roots: 0.5ms
[2024-12-16T22:45:37.852+0700][gc,phases   ] GC(28)   Evacuate Collection Set: 69.0ms
[2024-12-16T22:45:37.852+0700][gc,phases   ] GC(28)   Post Evacuate Collection Set: 6.3ms
[2024-12-16T22:45:37.852+0700][gc,phases   ] GC(28)   Other: 1.3ms
[2024-12-16T22:45:37.852+0700][gc,heap     ] GC(28) Eden regions: 45->0(46)
[2024-12-16T22:45:37.852+0700][gc,heap     ] GC(28) Survivor regions: 6->5(7)
[2024-12-16T22:45:37.853+0700][gc,heap     ] GC(28) Old regions: 53->57
[2024-12-16T22:45:37.853+0700][gc,heap     ] GC(28) Archive regions: 2->2
[2024-12-16T22:45:37.853+0700][gc,heap     ] GC(28) Humongous regions: 129->129
[2024-12-16T22:45:37.853+0700][gc,metaspace] GC(28) Metaspace: 44119K(44736K)->44119K(44736K) NonClass: 38923K(39296K)->38923K(39296K) Class: 5195K(5440K)->5195K(5440K)
[2024-12-16T22:45:37.853+0700][gc          ] GC(28) Pause Young (Normal) (G1 Evacuation Pause) 233M->191M(1024M) 80.491ms
[2024-12-16T22:45:37.853+0700][gc,cpu      ] GC(28) User=0.15s Sys=0.01s Real=0.08s
[2024-12-16T22:47:22.285+0700][gc,start    ] GC(29) Pause Young (Normal) (G1 Evacuation Pause)
[2024-12-16T22:47:22.285+0700][gc,task     ] GC(29) Using 2 workers of 2 for evacuation
[2024-12-16T22:47:22.342+0700][gc,mmu      ] GC(29) MMU target violated: 21.0ms (20.0ms/21.0ms)
[2024-12-16T22:47:22.342+0700][gc,phases   ] GC(29)   Pre Evacuate Collection Set: 3.9ms
[2024-12-16T22:47:22.342+0700][gc,phases   ] GC(29)   Merge Heap Roots: 0.7ms
[2024-12-16T22:47:22.342+0700][gc,phases   ] GC(29)   Evacuate Collection Set: 47.9ms
[2024-12-16T22:47:22.342+0700][gc,phases   ] GC(29)   Post Evacuate Collection Set: 3.8ms
[2024-12-16T22:47:22.342+0700][gc,phases   ] GC(29)   Other: 1.0ms
[2024-12-16T22:47:22.342+0700][gc,heap     ] GC(29) Eden regions: 46->0(48)
[2024-12-16T22:47:22.343+0700][gc,heap     ] GC(29) Survivor regions: 5->3(7)
[2024-12-16T22:47:22.343+0700][gc,heap     ] GC(29) Old regions: 57->59
[2024-12-16T22:47:22.343+0700][gc,heap     ] GC(29) Archive regions: 2->2
[2024-12-16T22:47:22.343+0700][gc,heap     ] GC(29) Humongous regions: 129->129
[2024-12-16T22:47:22.343+0700][gc,metaspace] GC(29) Metaspace: 44124K(44736K)->44124K(44736K) NonClass: 38928K(39296K)->38928K(39296K) Class: 5195K(5440K)->5195K(5440K)
[2024-12-16T22:47:22.343+0700][gc          ] GC(29) Pause Young (Normal) (G1 Evacuation Pause) 237M->191M(1024M) 57.594ms
[2024-12-16T22:47:22.343+0700][gc,cpu      ] GC(29) User=0.10s Sys=0.00s Real=0.05s
[2024-12-16T22:49:07.537+0700][gc,start    ] GC(30) Pause Young (Normal) (G1 Evacuation Pause)
[2024-12-16T22:49:07.537+0700][gc,task     ] GC(30) Using 2 workers of 2 for evacuation
[2024-12-16T22:49:07.575+0700][gc,mmu      ] GC(30) MMU target violated: 21.0ms (20.0ms/21.0ms)
[2024-12-16T22:49:07.576+0700][gc,phases   ] GC(30)   Pre Evacuate Collection Set: 3.1ms
[2024-12-16T22:49:07.576+0700][gc,phases   ] GC(30)   Merge Heap Roots: 0.7ms
[2024-12-16T22:49:07.576+0700][gc,phases   ] GC(30)   Evacuate Collection Set: 31.3ms
[2024-12-16T22:49:07.576+0700][gc,phases   ] GC(30)   Post Evacuate Collection Set: 2.5ms
[2024-12-16T22:49:07.576+0700][gc,phases   ] GC(30)   Other: 1.1ms
[2024-12-16T22:49:07.576+0700][gc,heap     ] GC(30) Eden regions: 48->0(46)
[2024-12-16T22:49:07.576+0700][gc,heap     ] GC(30) Survivor regions: 3->5(7)
[2024-12-16T22:49:07.576+0700][gc,heap     ] GC(30) Old regions: 59->59
[2024-12-16T22:49:07.576+0700][gc,heap     ] GC(30) Archive regions: 2->2
[2024-12-16T22:49:07.576+0700][gc,heap     ] GC(30) Humongous regions: 129->129
[2024-12-16T22:49:07.576+0700][gc,metaspace] GC(30) Metaspace: 44179K(44736K)->44179K(44736K) NonClass: 38983K(39296K)->38983K(39296K) Class: 5195K(5440K)->5195K(5440K)
[2024-12-16T22:49:07.576+0700][gc          ] GC(30) Pause Young (Normal) (G1 Evacuation Pause) 239M->193M(1024M) 38.525ms
[2024-12-16T22:49:07.576+0700][gc,cpu      ] GC(30) User=0.08s Sys=0.00s Real=0.03s
[2024-12-16T22:50:52.052+0700][gc,start    ] GC(31) Pause Young (Normal) (G1 Evacuation Pause)
[2024-12-16T22:50:52.052+0700][gc,task     ] GC(31) Using 2 workers of 2 for evacuation
[2024-12-16T22:50:52.104+0700][gc,mmu      ] GC(31) MMU target violated: 21.0ms (20.0ms/21.0ms)
[2024-12-16T22:50:52.104+0700][gc,phases   ] GC(31)   Pre Evacuate Collection Set: 4.7ms
[2024-12-16T22:50:52.104+0700][gc,phases   ] GC(31)   Merge Heap Roots: 0.5ms
[2024-12-16T22:50:52.104+0700][gc,phases   ] GC(31)   Evacuate Collection Set: 43.0ms
[2024-12-16T22:50:52.104+0700][gc,phases   ] GC(31)   Post Evacuate Collection Set: 3.4ms
[2024-12-16T22:50:52.104+0700][gc,phases   ] GC(31)   Other: 1.0ms
[2024-12-16T22:50:52.104+0700][gc,heap     ] GC(31) Eden regions: 46->0(45)
[2024-12-16T22:50:52.104+0700][gc,heap     ] GC(31) Survivor regions: 5->6(7)
[2024-12-16T22:50:52.104+0700][gc,heap     ] GC(31) Old regions: 59->61
[2024-12-16T22:50:52.104+0700][gc,heap     ] GC(31) Archive regions: 2->2
[2024-12-16T22:50:52.104+0700][gc,heap     ] GC(31) Humongous regions: 129->129
[2024-12-16T22:50:52.104+0700][gc,metaspace] GC(31) Metaspace: 44191K(44800K)->44191K(44800K) NonClass: 38995K(39360K)->38995K(39360K) Class: 5195K(5440K)->5195K(5440K)
[2024-12-16T22:50:52.104+0700][gc          ] GC(31) Pause Young (Normal) (G1 Evacuation Pause) 239M->196M(1024M) 52.727ms
[2024-12-16T22:50:52.104+0700][gc,cpu      ] GC(31) User=0.10s Sys=0.00s Real=0.06s
[2024-12-16T22:52:34.885+0700][gc,start    ] GC(32) Pause Young (Normal) (G1 Evacuation Pause)
[2024-12-16T22:52:34.885+0700][gc,task     ] GC(32) Using 2 workers of 2 for evacuation
[2024-12-16T22:52:34.950+0700][gc,mmu      ] GC(32) MMU target violated: 21.0ms (20.0ms/21.0ms)
[2024-12-16T22:52:34.950+0700][gc,phases   ] GC(32)   Pre Evacuate Collection Set: 4.0ms
[2024-12-16T22:52:34.950+0700][gc,phases   ] GC(32)   Merge Heap Roots: 0.6ms
[2024-12-16T22:52:34.950+0700][gc,phases   ] GC(32)   Evacuate Collection Set: 57.5ms
[2024-12-16T22:52:34.950+0700][gc,phases   ] GC(32)   Post Evacuate Collection Set: 2.2ms
[2024-12-16T22:52:34.950+0700][gc,phases   ] GC(32)   Other: 1.3ms
[2024-12-16T22:52:34.950+0700][gc,heap     ] GC(32) Eden regions: 45->0(46)
[2024-12-16T22:52:34.950+0700][gc,heap     ] GC(32) Survivor regions: 6->5(7)
[2024-12-16T22:52:34.950+0700][gc,heap     ] GC(32) Old regions: 61->65
[2024-12-16T22:52:34.950+0700][gc,heap     ] GC(32) Archive regions: 2->2
[2024-12-16T22:52:34.950+0700][gc,heap     ] GC(32) Humongous regions: 129->129
[2024-12-16T22:52:34.950+0700][gc,metaspace] GC(32) Metaspace: 44199K(44800K)->44199K(44800K) NonClass: 39004K(39360K)->39004K(39360K) Class: 5195K(5440K)->5195K(5440K)
[2024-12-16T22:52:34.950+0700][gc          ] GC(32) Pause Young (Normal) (G1 Evacuation Pause) 241M->199M(1024M) 65.511ms
[2024-12-16T22:52:34.950+0700][gc,cpu      ] GC(32) User=0.11s Sys=0.02s Real=0.06s
[2024-12-16T22:54:19.372+0700][gc,start    ] GC(33) Pause Young (Normal) (G1 Evacuation Pause)
[2024-12-16T22:54:19.372+0700][gc,task     ] GC(33) Using 2 workers of 2 for evacuation
[2024-12-16T22:54:19.411+0700][gc,mmu      ] GC(33) MMU target violated: 21.0ms (20.0ms/21.0ms)
[2024-12-16T22:54:19.412+0700][gc,phases   ] GC(33)   Pre Evacuate Collection Set: 4.6ms
[2024-12-16T22:54:19.412+0700][gc,phases   ] GC(33)   Merge Heap Roots: 0.8ms
[2024-12-16T22:54:19.412+0700][gc,phases   ] GC(33)   Evacuate Collection Set: 31.0ms
[2024-12-16T22:54:19.412+0700][gc,phases   ] GC(33)   Post Evacuate Collection Set: 2.4ms
[2024-12-16T22:54:19.412+0700][gc,phases   ] GC(33)   Other: 1.5ms
[2024-12-16T22:54:19.412+0700][gc,heap     ] GC(33) Eden regions: 46->0(48)
[2024-12-16T22:54:19.412+0700][gc,heap     ] GC(33) Survivor regions: 5->3(7)
[2024-12-16T22:54:19.412+0700][gc,heap     ] GC(33) Old regions: 65->67
[2024-12-16T22:54:19.412+0700][gc,heap     ] GC(33) Archive regions: 2->2
[2024-12-16T22:54:19.412+0700][gc,heap     ] GC(33) Humongous regions: 129->129
[2024-12-16T22:54:19.412+0700][gc,metaspace] GC(33) Metaspace: 44206K(44800K)->44206K(44800K) NonClass: 39011K(39360K)->39011K(39360K) Class: 5195K(5440K)->5195K(5440K)
[2024-12-16T22:54:19.412+0700][gc          ] GC(33) Pause Young (Normal) (G1 Evacuation Pause) 245M->199M(1024M) 40.148ms
[2024-12-16T22:54:19.412+0700][gc,cpu      ] GC(33) User=0.05s Sys=0.02s Real=0.04s
[2024-12-16T22:56:08.241+0700][gc,start    ] GC(34) Pause Young (Normal) (G1 Evacuation Pause)
[2024-12-16T22:56:08.241+0700][gc,task     ] GC(34) Using 2 workers of 2 for evacuation
[2024-12-16T22:56:08.271+0700][gc,mmu      ] GC(34) MMU target violated: 21.0ms (20.0ms/21.0ms)
[2024-12-16T22:56:08.271+0700][gc,phases   ] GC(34)   Pre Evacuate Collection Set: 1.9ms
[2024-12-16T22:56:08.271+0700][gc,phases   ] GC(34)   Merge Heap Roots: 0.3ms
[2024-12-16T22:56:08.271+0700][gc,phases   ] GC(34)   Evacuate Collection Set: 24.4ms
[2024-12-16T22:56:08.271+0700][gc,phases   ] GC(34)   Post Evacuate Collection Set: 3.0ms
[2024-12-16T22:56:08.271+0700][gc,phases   ] GC(34)   Other: 0.7ms
[2024-12-16T22:56:08.271+0700][gc,heap     ] GC(34) Eden regions: 48->0(45)
[2024-12-16T22:56:08.271+0700][gc,heap     ] GC(34) Survivor regions: 3->6(7)
[2024-12-16T22:56:08.271+0700][gc,heap     ] GC(34) Old regions: 67->67
[2024-12-16T22:56:08.271+0700][gc,heap     ] GC(34) Archive regions: 2->2
[2024-12-16T22:56:08.271+0700][gc,heap     ] GC(34) Humongous regions: 129->129
[2024-12-16T22:56:08.271+0700][gc,metaspace] GC(34) Metaspace: 44207K(44800K)->44207K(44800K) NonClass: 39011K(39360K)->39011K(39360K) Class: 5195K(5440K)->5195K(5440K)
[2024-12-16T22:56:08.271+0700][gc          ] GC(34) Pause Young (Normal) (G1 Evacuation Pause) 247M->202M(1024M) 30.496ms
[2024-12-16T22:56:08.272+0700][gc,cpu      ] GC(34) User=0.05s Sys=0.00s Real=0.03s
[2024-12-16T22:57:44.228+0700][gc,start    ] GC(35) Pause Young (Normal) (G1 Evacuation Pause)
[2024-12-16T22:57:44.228+0700][gc,task     ] GC(35) Using 2 workers of 2 for evacuation
[2024-12-16T22:57:44.286+0700][gc,mmu      ] GC(35) MMU target violated: 21.0ms (20.0ms/21.0ms)
[2024-12-16T22:57:44.287+0700][gc,phases   ] GC(35)   Pre Evacuate Collection Set: 2.6ms
[2024-12-16T22:57:44.287+0700][gc,phases   ] GC(35)   Merge Heap Roots: 0.5ms
[2024-12-16T22:57:44.287+0700][gc,phases   ] GC(35)   Evacuate Collection Set: 52.4ms
[2024-12-16T22:57:44.287+0700][gc,phases   ] GC(35)   Post Evacuate Collection Set: 2.1ms
[2024-12-16T22:57:44.287+0700][gc,phases   ] GC(35)   Other: 1.3ms
[2024-12-16T22:57:44.287+0700][gc,heap     ] GC(35) Eden regions: 45->0(45)
[2024-12-16T22:57:44.287+0700][gc,heap     ] GC(35) Survivor regions: 6->6(7)
[2024-12-16T22:57:44.287+0700][gc,heap     ] GC(35) Old regions: 67->69
[2024-12-16T22:57:44.287+0700][gc,heap     ] GC(35) Archive regions: 2->2
[2024-12-16T22:57:44.287+0700][gc,heap     ] GC(35) Humongous regions: 129->129
[2024-12-16T22:57:44.287+0700][gc,metaspace] GC(35) Metaspace: 44269K(44864K)->44269K(44864K) NonClass: 39066K(39424K)->39066K(39424K) Class: 5202K(5440K)->5202K(5440K)
[2024-12-16T22:57:44.287+0700][gc          ] GC(35) Pause Young (Normal) (G1 Evacuation Pause) 247M->204M(1024M) 58.739ms
[2024-12-16T22:57:44.287+0700][gc,cpu      ] GC(35) User=0.11s Sys=0.01s Real=0.06s
[2024-12-16T22:59:20.225+0700][gc,start    ] GC(36) Pause Young (Normal) (G1 Evacuation Pause)
[2024-12-16T22:59:20.225+0700][gc,task     ] GC(36) Using 2 workers of 2 for evacuation
[2024-12-16T22:59:20.294+0700][gc,mmu      ] GC(36) MMU target violated: 21.0ms (20.0ms/21.0ms)
[2024-12-16T22:59:20.294+0700][gc,phases   ] GC(36)   Pre Evacuate Collection Set: 10.4ms
[2024-12-16T22:59:20.294+0700][gc,phases   ] GC(36)   Merge Heap Roots: 1.7ms
[2024-12-16T22:59:20.294+0700][gc,phases   ] GC(36)   Evacuate Collection Set: 53.7ms
[2024-12-16T22:59:20.294+0700][gc,phases   ] GC(36)   Post Evacuate Collection Set: 2.4ms
[2024-12-16T22:59:20.294+0700][gc,phases   ] GC(36)   Other: 1.2ms
[2024-12-16T22:59:20.294+0700][gc,heap     ] GC(36) Eden regions: 45->0(44)
[2024-12-16T22:59:20.294+0700][gc,heap     ] GC(36) Survivor regions: 6->7(7)
[2024-12-16T22:59:20.295+0700][gc,heap     ] GC(36) Old regions: 69->71
[2024-12-16T22:59:20.295+0700][gc,heap     ] GC(36) Archive regions: 2->2
[2024-12-16T22:59:20.295+0700][gc,heap     ] GC(36) Humongous regions: 129->129
[2024-12-16T22:59:20.295+0700][gc,metaspace] GC(36) Metaspace: 44300K(44864K)->44300K(44864K) NonClass: 39095K(39424K)->39095K(39424K) Class: 5205K(5440K)->5205K(5440K)
[2024-12-16T22:59:20.295+0700][gc          ] GC(36) Pause Young (Normal) (G1 Evacuation Pause) 249M->207M(1024M) 69.357ms
[2024-12-16T22:59:20.295+0700][gc,cpu      ] GC(36) User=0.12s Sys=0.01s Real=0.06s
[2024-12-16T23:00:54.365+0700][gc,start    ] GC(37) Pause Young (Normal) (G1 Evacuation Pause)
[2024-12-16T23:00:54.365+0700][gc,task     ] GC(37) Using 2 workers of 2 for evacuation
[2024-12-16T23:00:54.422+0700][gc,mmu      ] GC(37) MMU target violated: 21.0ms (20.0ms/21.0ms)
[2024-12-16T23:00:54.422+0700][gc,phases   ] GC(37)   Pre Evacuate Collection Set: 2.6ms
[2024-12-16T23:00:54.422+0700][gc,phases   ] GC(37)   Merge Heap Roots: 0.5ms
[2024-12-16T23:00:54.422+0700][gc,phases   ] GC(37)   Evacuate Collection Set: 49.4ms
[2024-12-16T23:00:54.422+0700][gc,phases   ] GC(37)   Post Evacuate Collection Set: 4.1ms
[2024-12-16T23:00:54.422+0700][gc,phases   ] GC(37)   Other: 1.3ms
[2024-12-16T23:00:54.422+0700][gc,heap     ] GC(37) Eden regions: 44->0(48)
[2024-12-16T23:00:54.422+0700][gc,heap     ] GC(37) Survivor regions: 7->3(7)
[2024-12-16T23:00:54.422+0700][gc,heap     ] GC(37) Old regions: 71->75
[2024-12-16T23:00:54.422+0700][gc,heap     ] GC(37) Archive regions: 2->2
[2024-12-16T23:00:54.422+0700][gc,heap     ] GC(37) Humongous regions: 129->129
[2024-12-16T23:00:54.422+0700][gc,metaspace] GC(37) Metaspace: 44312K(44864K)->44312K(44864K) NonClass: 39107K(39424K)->39107K(39424K) Class: 5205K(5440K)->5205K(5440K)
[2024-12-16T23:00:54.422+0700][gc          ] GC(37) Pause Young (Normal) (G1 Evacuation Pause) 251M->207M(1024M) 57.844ms
[2024-12-16T23:00:54.422+0700][gc,cpu      ] GC(37) User=0.08s Sys=0.03s Real=0.05s
[2024-12-16T23:02:40.726+0700][gc,start    ] GC(38) Pause Young (Normal) (G1 Evacuation Pause)
[2024-12-16T23:02:40.726+0700][gc,task     ] GC(38) Using 2 workers of 2 for evacuation
[2024-12-16T23:02:40.770+0700][gc,mmu      ] GC(38) MMU target violated: 21.0ms (20.0ms/21.0ms)
[2024-12-16T23:02:40.770+0700][gc,phases   ] GC(38)   Pre Evacuate Collection Set: 2.7ms
[2024-12-16T23:02:40.770+0700][gc,phases   ] GC(38)   Merge Heap Roots: 1.0ms
[2024-12-16T23:02:40.770+0700][gc,phases   ] GC(38)   Evacuate Collection Set: 36.4ms
[2024-12-16T23:02:40.770+0700][gc,phases   ] GC(38)   Post Evacuate Collection Set: 3.0ms
[2024-12-16T23:02:40.770+0700][gc,phases   ] GC(38)   Other: 1.4ms
[2024-12-16T23:02:40.770+0700][gc,heap     ] GC(38) Eden regions: 48->0(45)
[2024-12-16T23:02:40.770+0700][gc,heap     ] GC(38) Survivor regions: 3->6(7)
[2024-12-16T23:02:40.770+0700][gc,heap     ] GC(38) Old regions: 75->75
[2024-12-16T23:02:40.770+0700][gc,heap     ] GC(38) Archive regions: 2->2
[2024-12-16T23:02:40.770+0700][gc,heap     ] GC(38) Humongous regions: 129->129
[2024-12-16T23:02:40.770+0700][gc,metaspace] GC(38) Metaspace: 44339K(44864K)->44339K(44864K) NonClass: 39134K(39424K)->39134K(39424K) Class: 5205K(5440K)->5205K(5440K)
[2024-12-16T23:02:40.770+0700][gc          ] GC(38) Pause Young (Normal) (G1 Evacuation Pause) 255M->210M(1024M) 44.460ms
[2024-12-16T23:02:40.771+0700][gc,cpu      ] GC(38) User=0.09s Sys=0.00s Real=0.04s
[2024-12-16T23:04:16.688+0700][gc,start    ] GC(39) Pause Young (Normal) (G1 Evacuation Pause)
[2024-12-16T23:04:16.688+0700][gc,task     ] GC(39) Using 2 workers of 2 for evacuation
[2024-12-16T23:04:16.741+0700][gc,mmu      ] GC(39) MMU target violated: 21.0ms (20.0ms/21.0ms)
[2024-12-16T23:04:16.742+0700][gc,phases   ] GC(39)   Pre Evacuate Collection Set: 4.1ms
[2024-12-16T23:04:16.742+0700][gc,phases   ] GC(39)   Merge Heap Roots: 0.5ms
[2024-12-16T23:04:16.742+0700][gc,phases   ] GC(39)   Evacuate Collection Set: 45.4ms
[2024-12-16T23:04:16.742+0700][gc,phases   ] GC(39)   Post Evacuate Collection Set: 2.9ms
[2024-12-16T23:04:16.742+0700][gc,phases   ] GC(39)   Other: 1.3ms
[2024-12-16T23:04:16.742+0700][gc,heap     ] GC(39) Eden regions: 45->0(45)
[2024-12-16T23:04:16.742+0700][gc,heap     ] GC(39) Survivor regions: 6->6(7)
[2024-12-16T23:04:16.742+0700][gc,heap     ] GC(39) Old regions: 75->77
[2024-12-16T23:04:16.742+0700][gc,heap     ] GC(39) Archive regions: 2->2
[2024-12-16T23:04:16.742+0700][gc,heap     ] GC(39) Humongous regions: 129->129
[2024-12-16T23:04:16.742+0700][gc,metaspace] GC(39) Metaspace: 44418K(44992K)->44418K(44992K) NonClass: 39212K(39552K)->39212K(39552K) Class: 5205K(5440K)->5205K(5440K)
[2024-12-16T23:04:16.742+0700][gc          ] GC(39) Pause Young (Normal) (G1 Evacuation Pause) 255M->212M(1024M) 54.315ms
[2024-12-16T23:04:16.742+0700][gc,cpu      ] GC(39) User=0.10s Sys=0.00s Real=0.05s
[2024-12-16T23:05:56.985+0700][gc,start    ] GC(40) Pause Young (Normal) (G1 Evacuation Pause)
[2024-12-16T23:05:56.985+0700][gc,task     ] GC(40) Using 2 workers of 2 for evacuation
[2024-12-16T23:05:57.044+0700][gc,mmu      ] GC(40) MMU target violated: 21.0ms (20.0ms/21.0ms)
[2024-12-16T23:05:57.044+0700][gc,phases   ] GC(40)   Pre Evacuate Collection Set: 2.8ms
[2024-12-16T23:05:57.044+0700][gc,phases   ] GC(40)   Merge Heap Roots: 0.8ms
[2024-12-16T23:05:57.044+0700][gc,phases   ] GC(40)   Evacuate Collection Set: 52.0ms
[2024-12-16T23:05:57.044+0700][gc,phases   ] GC(40)   Post Evacuate Collection Set: 2.6ms
[2024-12-16T23:05:57.044+0700][gc,phases   ] GC(40)   Other: 1.4ms
[2024-12-16T23:05:57.044+0700][gc,heap     ] GC(40) Eden regions: 45->0(44)
[2024-12-16T23:05:57.044+0700][gc,heap     ] GC(40) Survivor regions: 6->7(7)
[2024-12-16T23:05:57.044+0700][gc,heap     ] GC(40) Old regions: 77->80
[2024-12-16T23:05:57.044+0700][gc,heap     ] GC(40) Archive regions: 2->2
[2024-12-16T23:05:57.044+0700][gc,heap     ] GC(40) Humongous regions: 129->129
[2024-12-16T23:05:57.045+0700][gc,metaspace] GC(40) Metaspace: 44448K(45056K)->44448K(45056K) NonClass: 39242K(39616K)->39242K(39616K) Class: 5205K(5440K)->5205K(5440K)
[2024-12-16T23:05:57.045+0700][gc          ] GC(40) Pause Young (Normal) (G1 Evacuation Pause) 257M->215M(1024M) 59.541ms
[2024-12-16T23:05:57.045+0700][gc,cpu      ] GC(40) User=0.09s Sys=0.02s Real=0.06s
[2024-12-16T23:07:34.572+0700][gc,start    ] GC(41) Pause Young (Normal) (G1 Evacuation Pause)
[2024-12-16T23:07:34.573+0700][gc,task     ] GC(41) Using 2 workers of 2 for evacuation
[2024-12-16T23:07:34.654+0700][gc,mmu      ] GC(41) MMU target violated: 21.0ms (20.0ms/21.0ms)
[2024-12-16T23:07:34.654+0700][gc,phases   ] GC(41)   Pre Evacuate Collection Set: 4.4ms
[2024-12-16T23:07:34.654+0700][gc,phases   ] GC(41)   Merge Heap Roots: 0.8ms
[2024-12-16T23:07:34.654+0700][gc,phases   ] GC(41)   Evacuate Collection Set: 71.8ms
[2024-12-16T23:07:34.654+0700][gc,phases   ] GC(41)   Post Evacuate Collection Set: 3.5ms
[2024-12-16T23:07:34.654+0700][gc,phases   ] GC(41)   Other: 1.2ms
[2024-12-16T23:07:34.654+0700][gc,heap     ] GC(41) Eden regions: 44->0(46)
[2024-12-16T23:07:34.654+0700][gc,heap     ] GC(41) Survivor regions: 7->5(7)
[2024-12-16T23:07:34.654+0700][gc,heap     ] GC(41) Old regions: 80->83
[2024-12-16T23:07:34.654+0700][gc,heap     ] GC(41) Archive regions: 2->2
[2024-12-16T23:07:34.654+0700][gc,heap     ] GC(41) Humongous regions: 129->129
[2024-12-16T23:07:34.654+0700][gc,metaspace] GC(41) Metaspace: 44453K(45056K)->44453K(45056K) NonClass: 39247K(39616K)->39247K(39616K) Class: 5205K(5440K)->5205K(5440K)
[2024-12-16T23:07:34.654+0700][gc          ] GC(41) Pause Young (Normal) (G1 Evacuation Pause) 259M->217M(1024M) 81.576ms
[2024-12-16T23:07:34.654+0700][gc,cpu      ] GC(41) User=0.15s Sys=0.00s Real=0.08s
[2024-12-16T23:09:05.707+0700][gc,start    ] GC(42) Pause Young (Normal) (G1 Evacuation Pause)
[2024-12-16T23:09:05.708+0700][gc,task     ] GC(42) Using 2 workers of 2 for evacuation
[2024-12-16T23:09:05.768+0700][gc,mmu      ] GC(42) MMU target violated: 21.0ms (20.0ms/21.0ms)
[2024-12-16T23:09:05.768+0700][gc,phases   ] GC(42)   Pre Evacuate Collection Set: 2.9ms
[2024-12-16T23:09:05.768+0700][gc,phases   ] GC(42)   Merge Heap Roots: 1.1ms
[2024-12-16T23:09:05.768+0700][gc,phases   ] GC(42)   Evacuate Collection Set: 53.4ms
[2024-12-16T23:09:05.768+0700][gc,phases   ] GC(42)   Post Evacuate Collection Set: 2.7ms
[2024-12-16T23:09:05.768+0700][gc,phases   ] GC(42)   Other: 1.3ms
[2024-12-16T23:09:05.768+0700][gc,heap     ] GC(42) Eden regions: 46->0(46)
[2024-12-16T23:09:05.768+0700][gc,heap     ] GC(42) Survivor regions: 5->5(7)
[2024-12-16T23:09:05.768+0700][gc,heap     ] GC(42) Old regions: 83->85
[2024-12-16T23:09:05.768+0700][gc,heap     ] GC(42) Archive regions: 2->2
[2024-12-16T23:09:05.768+0700][gc,heap     ] GC(42) Humongous regions: 129->129
[2024-12-16T23:09:05.768+0700][gc,metaspace] GC(42) Metaspace: 44486K(45120K)->44486K(45120K) NonClass: 39277K(39680K)->39277K(39680K) Class: 5208K(5440K)->5208K(5440K)
[2024-12-16T23:09:05.769+0700][gc          ] GC(42) Pause Young (Normal) (G1 Evacuation Pause) 263M->219M(1024M) 61.302ms
[2024-12-16T23:09:05.769+0700][gc,cpu      ] GC(42) User=0.11s Sys=0.00s Real=0.06s
[2024-12-16T23:10:50.408+0700][gc,start    ] GC(43) Pause Young (Normal) (G1 Evacuation Pause)
[2024-12-16T23:10:50.408+0700][gc,task     ] GC(43) Using 2 workers of 2 for evacuation
[2024-12-16T23:10:50.460+0700][gc,mmu      ] GC(43) MMU target violated: 21.0ms (20.0ms/21.0ms)
[2024-12-16T23:10:50.461+0700][gc,phases   ] GC(43)   Pre Evacuate Collection Set: 4.2ms
[2024-12-16T23:10:50.461+0700][gc,phases   ] GC(43)   Merge Heap Roots: 0.9ms
[2024-12-16T23:10:50.461+0700][gc,phases   ] GC(43)   Evacuate Collection Set: 43.9ms
[2024-12-16T23:10:50.461+0700][gc,phases   ] GC(43)   Post Evacuate Collection Set: 2.5ms
[2024-12-16T23:10:50.461+0700][gc,phases   ] GC(43)   Other: 1.3ms
[2024-12-16T23:10:50.461+0700][gc,heap     ] GC(43) Eden regions: 46->0(48)
[2024-12-16T23:10:50.461+0700][gc,heap     ] GC(43) Survivor regions: 5->3(7)
[2024-12-16T23:10:50.461+0700][gc,heap     ] GC(43) Old regions: 85->88
[2024-12-16T23:10:50.461+0700][gc,heap     ] GC(43) Archive regions: 2->2
[2024-12-16T23:10:50.461+0700][gc,heap     ] GC(43) Humongous regions: 129->129
[2024-12-16T23:10:50.461+0700][gc,metaspace] GC(43) Metaspace: 44488K(45120K)->44488K(45120K) NonClass: 39280K(39680K)->39280K(39680K) Class: 5208K(5440K)->5208K(5440K)
[2024-12-16T23:10:50.461+0700][gc          ] GC(43) Pause Young (Normal) (G1 Evacuation Pause) 265M->220M(1024M) 53.205ms
[2024-12-16T23:10:50.461+0700][gc,cpu      ] GC(43) User=0.08s Sys=0.02s Real=0.05s
[2024-12-16T23:12:36.295+0700][gc,start    ] GC(44) Pause Young (Normal) (G1 Evacuation Pause)
[2024-12-16T23:12:36.295+0700][gc,task     ] GC(44) Using 2 workers of 2 for evacuation
[2024-12-16T23:12:36.333+0700][gc,mmu      ] GC(44) MMU target violated: 21.0ms (20.0ms/21.0ms)
[2024-12-16T23:12:36.333+0700][gc,phases   ] GC(44)   Pre Evacuate Collection Set: 2.8ms
[2024-12-16T23:12:36.333+0700][gc,phases   ] GC(44)   Merge Heap Roots: 0.7ms
[2024-12-16T23:12:36.333+0700][gc,phases   ] GC(44)   Evacuate Collection Set: 32.2ms
[2024-12-16T23:12:36.333+0700][gc,phases   ] GC(44)   Post Evacuate Collection Set: 2.2ms
[2024-12-16T23:12:36.333+0700][gc,phases   ] GC(44)   Other: 1.2ms
[2024-12-16T23:12:36.334+0700][gc,heap     ] GC(44) Eden regions: 48->0(46)
[2024-12-16T23:12:36.334+0700][gc,heap     ] GC(44) Survivor regions: 3->5(7)
[2024-12-16T23:12:36.334+0700][gc,heap     ] GC(44) Old regions: 88->88
[2024-12-16T23:12:36.334+0700][gc,heap     ] GC(44) Archive regions: 2->2
[2024-12-16T23:12:36.334+0700][gc,heap     ] GC(44) Humongous regions: 129->129
[2024-12-16T23:12:36.334+0700][gc,metaspace] GC(44) Metaspace: 44570K(45184K)->44570K(45184K) NonClass: 39361K(39744K)->39361K(39744K) Class: 5208K(5440K)->5208K(5440K)
[2024-12-16T23:12:36.334+0700][gc          ] GC(44) Pause Young (Normal) (G1 Evacuation Pause) 268M->222M(1024M) 38.992ms
[2024-12-16T23:12:36.334+0700][gc,cpu      ] GC(44) User=0.07s Sys=0.00s Real=0.04s
[2024-12-16T23:14:18.978+0700][gc,start    ] GC(45) Pause Young (Normal) (G1 Evacuation Pause)
[2024-12-16T23:14:18.979+0700][gc,task     ] GC(45) Using 2 workers of 2 for evacuation
[2024-12-16T23:14:19.032+0700][gc,mmu      ] GC(45) MMU target violated: 21.0ms (20.0ms/21.0ms)
[2024-12-16T23:14:19.033+0700][gc,phases   ] GC(45)   Pre Evacuate Collection Set: 3.0ms
[2024-12-16T23:14:19.033+0700][gc,phases   ] GC(45)   Merge Heap Roots: 0.7ms
[2024-12-16T23:14:19.033+0700][gc,phases   ] GC(45)   Evacuate Collection Set: 46.7ms
[2024-12-16T23:14:19.033+0700][gc,phases   ] GC(45)   Post Evacuate Collection Set: 2.6ms
[2024-12-16T23:14:19.033+0700][gc,phases   ] GC(45)   Other: 1.4ms
[2024-12-16T23:14:19.033+0700][gc,heap     ] GC(45) Eden regions: 46->0(46)
[2024-12-16T23:14:19.033+0700][gc,heap     ] GC(45) Survivor regions: 5->5(7)
[2024-12-16T23:14:19.033+0700][gc,heap     ] GC(45) Old regions: 88->91
[2024-12-16T23:14:19.033+0700][gc,heap     ] GC(45) Archive regions: 2->2
[2024-12-16T23:14:19.033+0700][gc,heap     ] GC(45) Humongous regions: 129->129
[2024-12-16T23:14:19.033+0700][gc,metaspace] GC(45) Metaspace: 44593K(45184K)->44593K(45184K) NonClass: 39384K(39744K)->39384K(39744K) Class: 5208K(5440K)->5208K(5440K)
[2024-12-16T23:14:19.033+0700][gc          ] GC(45) Pause Young (Normal) (G1 Evacuation Pause) 268M->225M(1024M) 54.478ms
[2024-12-16T23:14:19.033+0700][gc,cpu      ] GC(45) User=0.09s Sys=0.01s Real=0.05s
[2024-12-16T23:15:59.486+0700][gc,start    ] GC(46) Pause Young (Normal) (G1 Evacuation Pause)
[2024-12-16T23:15:59.486+0700][gc,task     ] GC(46) Using 2 workers of 2 for evacuation
[2024-12-16T23:15:59.530+0700][gc,mmu      ] GC(46) MMU target violated: 21.0ms (20.0ms/21.0ms)
[2024-12-16T23:15:59.530+0700][gc,phases   ] GC(46)   Pre Evacuate Collection Set: 3.0ms
[2024-12-16T23:15:59.531+0700][gc,phases   ] GC(46)   Merge Heap Roots: 0.9ms
[2024-12-16T23:15:59.531+0700][gc,phases   ] GC(46)   Evacuate Collection Set: 35.9ms
[2024-12-16T23:15:59.531+0700][gc,phases   ] GC(46)   Post Evacuate Collection Set: 3.6ms
[2024-12-16T23:15:59.531+0700][gc,phases   ] GC(46)   Other: 1.4ms
[2024-12-16T23:15:59.531+0700][gc,heap     ] GC(46) Eden regions: 46->0(48)
[2024-12-16T23:15:59.531+0700][gc,heap     ] GC(46) Survivor regions: 5->3(7)
[2024-12-16T23:15:59.531+0700][gc,heap     ] GC(46) Old regions: 91->93
[2024-12-16T23:15:59.531+0700][gc,heap     ] GC(46) Archive regions: 2->2
[2024-12-16T23:15:59.531+0700][gc,heap     ] GC(46) Humongous regions: 129->129
[2024-12-16T23:15:59.531+0700][gc,metaspace] GC(46) Metaspace: 44607K(45184K)->44607K(45184K) NonClass: 39398K(39744K)->39398K(39744K) Class: 5208K(5440K)->5208K(5440K)
[2024-12-16T23:15:59.531+0700][gc          ] GC(46) Pause Young (Normal) (G1 Evacuation Pause) 271M->225M(1024M) 45.036ms
[2024-12-16T23:15:59.531+0700][gc,cpu      ] GC(46) User=0.07s Sys=0.01s Real=0.04s
[2024-12-16T23:17:49.001+0700][gc,start    ] GC(47) Pause Young (Normal) (G1 Evacuation Pause)
[2024-12-16T23:17:49.001+0700][gc,task     ] GC(47) Using 2 workers of 2 for evacuation
[2024-12-16T23:17:49.053+0700][gc,mmu      ] GC(47) MMU target violated: 21.0ms (20.0ms/21.0ms)
[2024-12-16T23:17:49.054+0700][gc,phases   ] GC(47)   Pre Evacuate Collection Set: 2.7ms
[2024-12-16T23:17:49.054+0700][gc,phases   ] GC(47)   Merge Heap Roots: 0.9ms
[2024-12-16T23:17:49.054+0700][gc,phases   ] GC(47)   Evacuate Collection Set: 43.1ms
[2024-12-16T23:17:49.054+0700][gc,phases   ] GC(47)   Post Evacuate Collection Set: 4.7ms
[2024-12-16T23:17:49.054+0700][gc,phases   ] GC(47)   Other: 1.6ms
[2024-12-16T23:17:49.054+0700][gc,heap     ] GC(47) Eden regions: 48->0(45)
[2024-12-16T23:17:49.054+0700][gc,heap     ] GC(47) Survivor regions: 3->6(7)
[2024-12-16T23:17:49.054+0700][gc,heap     ] GC(47) Old regions: 93->93
[2024-12-16T23:17:49.054+0700][gc,heap     ] GC(47) Archive regions: 2->2
[2024-12-16T23:17:49.054+0700][gc,heap     ] GC(47) Humongous regions: 129->129
[2024-12-16T23:17:49.054+0700][gc,metaspace] GC(47) Metaspace: 44607K(45184K)->44607K(45184K) NonClass: 39398K(39744K)->39398K(39744K) Class: 5208K(5440K)->5208K(5440K)
[2024-12-16T23:17:49.054+0700][gc          ] GC(47) Pause Young (Normal) (G1 Evacuation Pause) 273M->228M(1024M) 52.951ms
[2024-12-16T23:17:49.054+0700][gc,cpu      ] GC(47) User=0.09s Sys=0.00s Real=0.05s
[2024-12-16T23:19:31.895+0700][gc,start    ] GC(48) Pause Young (Normal) (G1 Evacuation Pause)
[2024-12-16T23:19:31.895+0700][gc,task     ] GC(48) Using 2 workers of 2 for evacuation
[2024-12-16T23:19:31.954+0700][gc,mmu      ] GC(48) MMU target violated: 21.0ms (20.0ms/21.0ms)
[2024-12-16T23:19:31.954+0700][gc,phases   ] GC(48)   Pre Evacuate Collection Set: 2.6ms
[2024-12-16T23:19:31.954+0700][gc,phases   ] GC(48)   Merge Heap Roots: 0.5ms
[2024-12-16T23:19:31.954+0700][gc,phases   ] GC(48)   Evacuate Collection Set: 52.9ms
[2024-12-16T23:19:31.954+0700][gc,phases   ] GC(48)   Post Evacuate Collection Set: 2.7ms
[2024-12-16T23:19:31.954+0700][gc,phases   ] GC(48)   Other: 1.4ms
[2024-12-16T23:19:31.954+0700][gc,heap     ] GC(48) Eden regions: 45->0(44)
[2024-12-16T23:19:31.954+0700][gc,heap     ] GC(48) Survivor regions: 6->7(7)
[2024-12-16T23:19:31.954+0700][gc,heap     ] GC(48) Old regions: 93->95
[2024-12-16T23:19:31.954+0700][gc,heap     ] GC(48) Archive regions: 2->2
[2024-12-16T23:19:31.955+0700][gc,heap     ] GC(48) Humongous regions: 129->129
[2024-12-16T23:19:31.955+0700][gc,metaspace] GC(48) Metaspace: 44608K(45184K)->44608K(45184K) NonClass: 39399K(39744K)->39399K(39744K) Class: 5208K(5440K)->5208K(5440K)
[2024-12-16T23:19:31.955+0700][gc          ] GC(48) Pause Young (Normal) (G1 Evacuation Pause) 273M->231M(1024M) 59.991ms
[2024-12-16T23:19:31.955+0700][gc,cpu      ] GC(48) User=0.12s Sys=0.00s Real=0.06s
[2024-12-16T23:21:12.242+0700][gc,start    ] GC(49) Pause Young (Normal) (G1 Evacuation Pause)
[2024-12-16T23:21:12.242+0700][gc,task     ] GC(49) Using 2 workers of 2 for evacuation
[2024-12-16T23:21:12.302+0700][gc,mmu      ] GC(49) MMU target violated: 21.0ms (20.0ms/21.0ms)
[2024-12-16T23:21:12.302+0700][gc,phases   ] GC(49)   Pre Evacuate Collection Set: 3.5ms
[2024-12-16T23:21:12.302+0700][gc,phases   ] GC(49)   Merge Heap Roots: 0.5ms
[2024-12-16T23:21:12.302+0700][gc,phases   ] GC(49)   Evacuate Collection Set: 53.2ms
[2024-12-16T23:21:12.302+0700][gc,phases   ] GC(49)   Post Evacuate Collection Set: 2.4ms
[2024-12-16T23:21:12.302+0700][gc,phases   ] GC(49)   Other: 1.2ms
[2024-12-16T23:21:12.302+0700][gc,heap     ] GC(49) Eden regions: 44->0(46)
[2024-12-16T23:21:12.302+0700][gc,heap     ] GC(49) Survivor regions: 7->5(7)
[2024-12-16T23:21:12.303+0700][gc,heap     ] GC(49) Old regions: 95->99
[2024-12-16T23:21:12.303+0700][gc,heap     ] GC(49) Archive regions: 2->2
[2024-12-16T23:21:12.303+0700][gc,heap     ] GC(49) Humongous regions: 129->129
[2024-12-16T23:21:12.303+0700][gc,metaspace] GC(49) Metaspace: 44609K(45184K)->44609K(45184K) NonClass: 39400K(39744K)->39400K(39744K) Class: 5208K(5440K)->5208K(5440K)
[2024-12-16T23:21:12.303+0700][gc          ] GC(49) Pause Young (Normal) (G1 Evacuation Pause) 275M->233M(1024M) 60.893ms
[2024-12-16T23:21:12.303+0700][gc,cpu      ] GC(49) User=0.11s Sys=0.00s Real=0.06s
[2024-12-16T23:22:57.288+0700][gc,start    ] GC(50) Pause Young (Normal) (G1 Evacuation Pause)
[2024-12-16T23:22:57.289+0700][gc,task     ] GC(50) Using 2 workers of 2 for evacuation
[2024-12-16T23:22:57.330+0700][gc,mmu      ] GC(50) MMU target violated: 21.0ms (20.0ms/21.0ms)
[2024-12-16T23:22:57.330+0700][gc,phases   ] GC(50)   Pre Evacuate Collection Set: 3.7ms
[2024-12-16T23:22:57.330+0700][gc,phases   ] GC(50)   Merge Heap Roots: 0.8ms
[2024-12-16T23:22:57.330+0700][gc,phases   ] GC(50)   Evacuate Collection Set: 33.4ms
[2024-12-16T23:22:57.330+0700][gc,phases   ] GC(50)   Post Evacuate Collection Set: 3.2ms
[2024-12-16T23:22:57.330+0700][gc,phases   ] GC(50)   Other: 1.1ms
[2024-12-16T23:22:57.330+0700][gc,heap     ] GC(50) Eden regions: 46->0(48)
[2024-12-16T23:22:57.330+0700][gc,heap     ] GC(50) Survivor regions: 5->3(7)
[2024-12-16T23:22:57.330+0700][gc,heap     ] GC(50) Old regions: 99->102
[2024-12-16T23:22:57.330+0700][gc,heap     ] GC(50) Archive regions: 2->2
[2024-12-16T23:22:57.330+0700][gc,heap     ] GC(50) Humongous regions: 129->129
[2024-12-16T23:22:57.330+0700][gc,metaspace] GC(50) Metaspace: 44610K(45184K)->44610K(45184K) NonClass: 39401K(39744K)->39401K(39744K) Class: 5208K(5440K)->5208K(5440K)
[2024-12-16T23:22:57.331+0700][gc          ] GC(50) Pause Young (Normal) (G1 Evacuation Pause) 279M->234M(1024M) 42.326ms
[2024-12-16T23:22:57.331+0700][gc,cpu      ] GC(50) User=0.07s Sys=0.01s Real=0.04s
[2024-12-16T23:24:47.114+0700][gc,start    ] GC(51) Pause Young (Normal) (G1 Evacuation Pause)
[2024-12-16T23:24:47.114+0700][gc,task     ] GC(51) Using 2 workers of 2 for evacuation
[2024-12-16T23:24:47.153+0700][gc,mmu      ] GC(51) MMU target violated: 21.0ms (20.0ms/21.0ms)
[2024-12-16T23:24:47.153+0700][gc,phases   ] GC(51)   Pre Evacuate Collection Set: 2.8ms
[2024-12-16T23:24:47.153+0700][gc,phases   ] GC(51)   Merge Heap Roots: 0.6ms
[2024-12-16T23:24:47.153+0700][gc,phases   ] GC(51)   Evacuate Collection Set: 32.8ms
[2024-12-16T23:24:47.153+0700][gc,phases   ] GC(51)   Post Evacuate Collection Set: 2.6ms
[2024-12-16T23:24:47.153+0700][gc,phases   ] GC(51)   Other: 1.2ms
[2024-12-16T23:24:47.153+0700][gc,heap     ] GC(51) Eden regions: 48->0(45)
[2024-12-16T23:24:47.153+0700][gc,heap     ] GC(51) Survivor regions: 3->6(7)
[2024-12-16T23:24:47.153+0700][gc,heap     ] GC(51) Old regions: 102->102
[2024-12-16T23:24:47.153+0700][gc,heap     ] GC(51) Archive regions: 2->2
[2024-12-16T23:24:47.153+0700][gc,heap     ] GC(51) Humongous regions: 129->129
[2024-12-16T23:24:47.153+0700][gc,metaspace] GC(51) Metaspace: 44610K(45184K)->44610K(45184K) NonClass: 39401K(39744K)->39401K(39744K) Class: 5208K(5440K)->5208K(5440K)
[2024-12-16T23:24:47.153+0700][gc          ] GC(51) Pause Young (Normal) (G1 Evacuation Pause) 282M->236M(1024M) 39.954ms
[2024-12-16T23:24:47.153+0700][gc,cpu      ] GC(51) User=0.08s Sys=0.00s Real=0.04s
[2024-12-16T23:26:30.235+0700][gc,start    ] GC(52) Pause Young (Normal) (G1 Evacuation Pause)
[2024-12-16T23:26:30.236+0700][gc,task     ] GC(52) Using 2 workers of 2 for evacuation
[2024-12-16T23:26:30.296+0700][gc,mmu      ] GC(52) MMU target violated: 21.0ms (20.0ms/21.0ms)
[2024-12-16T23:26:30.297+0700][gc,phases   ] GC(52)   Pre Evacuate Collection Set: 2.9ms
[2024-12-16T23:26:30.297+0700][gc,phases   ] GC(52)   Merge Heap Roots: 0.8ms
[2024-12-16T23:26:30.297+0700][gc,phases   ] GC(52)   Evacuate Collection Set: 52.8ms
[2024-12-16T23:26:30.297+0700][gc,phases   ] GC(52)   Post Evacuate Collection Set: 3.7ms
[2024-12-16T23:26:30.297+0700][gc,phases   ] GC(52)   Other: 1.4ms
[2024-12-16T23:26:30.297+0700][gc,heap     ] GC(52) Eden regions: 45->0(45)
[2024-12-16T23:26:30.297+0700][gc,heap     ] GC(52) Survivor regions: 6->6(7)
[2024-12-16T23:26:30.297+0700][gc,heap     ] GC(52) Old regions: 102->104
[2024-12-16T23:26:30.297+0700][gc,heap     ] GC(52) Archive regions: 2->2
[2024-12-16T23:26:30.297+0700][gc,heap     ] GC(52) Humongous regions: 129->129
[2024-12-16T23:26:30.297+0700][gc,metaspace] GC(52) Metaspace: 44610K(45184K)->44610K(45184K) NonClass: 39401K(39744K)->39401K(39744K) Class: 5208K(5440K)->5208K(5440K)
[2024-12-16T23:26:30.297+0700][gc          ] GC(52) Pause Young (Normal) (G1 Evacuation Pause) 281M->239M(1024M) 61.659ms
[2024-12-16T23:26:30.297+0700][gc,cpu      ] GC(52) User=0.10s Sys=0.02s Real=0.07s
[2024-12-16T23:28:13.194+0700][gc,start    ] GC(53) Pause Young (Normal) (G1 Evacuation Pause)
[2024-12-16T23:28:13.194+0700][gc,task     ] GC(53) Using 2 workers of 2 for evacuation
[2024-12-16T23:28:13.250+0700][gc,mmu      ] GC(53) MMU target violated: 21.0ms (20.0ms/21.0ms)
[2024-12-16T23:28:13.250+0700][gc,phases   ] GC(53)   Pre Evacuate Collection Set: 2.5ms
[2024-12-16T23:28:13.250+0700][gc,phases   ] GC(53)   Merge Heap Roots: 0.5ms
[2024-12-16T23:28:13.250+0700][gc,phases   ] GC(53)   Evacuate Collection Set: 49.8ms
[2024-12-16T23:28:13.250+0700][gc,phases   ] GC(53)   Post Evacuate Collection Set: 2.5ms
[2024-12-16T23:28:13.250+0700][gc,phases   ] GC(53)   Other: 1.7ms
[2024-12-16T23:28:13.250+0700][gc,heap     ] GC(53) Eden regions: 45->0(46)
[2024-12-16T23:28:13.250+0700][gc,heap     ] GC(53) Survivor regions: 6->5(7)
[2024-12-16T23:28:13.250+0700][gc,heap     ] GC(53) Old regions: 104->108
[2024-12-16T23:28:13.250+0700][gc,heap     ] GC(53) Archive regions: 2->2
[2024-12-16T23:28:13.250+0700][gc,heap     ] GC(53) Humongous regions: 129->129
[2024-12-16T23:28:13.250+0700][gc,metaspace] GC(53) Metaspace: 44622K(45248K)->44622K(45248K) NonClass: 39413K(39808K)->39413K(39808K) Class: 5208K(5440K)->5208K(5440K)
[2024-12-16T23:28:13.250+0700][gc          ] GC(53) Pause Young (Normal) (G1 Evacuation Pause) 284M->242M(1024M) 56.388ms
[2024-12-16T23:28:13.250+0700][gc,cpu      ] GC(53) User=0.10s Sys=0.01s Real=0.06s
[2024-12-16T23:29:57.689+0700][gc,start    ] GC(54) Pause Young (Normal) (G1 Evacuation Pause)
[2024-12-16T23:29:57.689+0700][gc,task     ] GC(54) Using 2 workers of 2 for evacuation
[2024-12-16T23:29:57.728+0700][gc,mmu      ] GC(54) MMU target violated: 21.0ms (20.0ms/21.0ms)
[2024-12-16T23:29:57.728+0700][gc,phases   ] GC(54)   Pre Evacuate Collection Set: 2.7ms
[2024-12-16T23:29:57.728+0700][gc,phases   ] GC(54)   Merge Heap Roots: 0.6ms
[2024-12-16T23:29:57.728+0700][gc,phases   ] GC(54)   Evacuate Collection Set: 31.8ms
[2024-12-16T23:29:57.728+0700][gc,phases   ] GC(54)   Post Evacuate Collection Set: 3.0ms
[2024-12-16T23:29:57.728+0700][gc,phases   ] GC(54)   Other: 1.2ms
[2024-12-16T23:29:57.728+0700][gc,heap     ] GC(54) Eden regions: 46->0(48)
[2024-12-16T23:29:57.728+0700][gc,heap     ] GC(54) Survivor regions: 5->3(7)
[2024-12-16T23:29:57.728+0700][gc,heap     ] GC(54) Old regions: 108->110
[2024-12-16T23:29:57.728+0700][gc,heap     ] GC(54) Archive regions: 2->2
[2024-12-16T23:29:57.728+0700][gc,heap     ] GC(54) Humongous regions: 129->129
[2024-12-16T23:29:57.728+0700][gc,metaspace] GC(54) Metaspace: 44639K(45248K)->44639K(45248K) NonClass: 39430K(39808K)->39430K(39808K) Class: 5208K(5440K)->5208K(5440K)
[2024-12-16T23:29:57.728+0700][gc          ] GC(54) Pause Young (Normal) (G1 Evacuation Pause) 288M->242M(1024M) 39.265ms
[2024-12-16T23:29:57.728+0700][gc,cpu      ] GC(54) User=0.07s Sys=0.00s Real=0.04s
[2024-12-16T23:31:47.707+0700][gc,start    ] GC(55) Pause Young (Normal) (G1 Evacuation Pause)
[2024-12-16T23:31:47.707+0700][gc,task     ] GC(55) Using 2 workers of 2 for evacuation
[2024-12-16T23:31:47.755+0700][gc,mmu      ] GC(55) MMU target violated: 21.0ms (20.0ms/21.0ms)
[2024-12-16T23:31:47.755+0700][gc,phases   ] GC(55)   Pre Evacuate Collection Set: 2.8ms
[2024-12-16T23:31:47.755+0700][gc,phases   ] GC(55)   Merge Heap Roots: 0.8ms
[2024-12-16T23:31:47.755+0700][gc,phases   ] GC(55)   Evacuate Collection Set: 39.6ms
[2024-12-16T23:31:47.755+0700][gc,phases   ] GC(55)   Post Evacuate Collection Set: 4.2ms
[2024-12-16T23:31:47.755+0700][gc,phases   ] GC(55)   Other: 1.5ms
[2024-12-16T23:31:47.755+0700][gc,heap     ] GC(55) Eden regions: 48->0(45)
[2024-12-16T23:31:47.756+0700][gc,heap     ] GC(55) Survivor regions: 3->6(7)
[2024-12-16T23:31:47.756+0700][gc,heap     ] GC(55) Old regions: 110->110
[2024-12-16T23:31:47.756+0700][gc,heap     ] GC(55) Archive regions: 2->2
[2024-12-16T23:31:47.756+0700][gc,heap     ] GC(55) Humongous regions: 129->129
[2024-12-16T23:31:47.756+0700][gc,metaspace] GC(55) Metaspace: 44639K(45248K)->44639K(45248K) NonClass: 39430K(39808K)->39430K(39808K) Class: 5208K(5440K)->5208K(5440K)
[2024-12-16T23:31:47.756+0700][gc          ] GC(55) Pause Young (Normal) (G1 Evacuation Pause) 290M->244M(1024M) 48.970ms
[2024-12-16T23:31:47.756+0700][gc,cpu      ] GC(55) User=0.09s Sys=0.00s Real=0.04s
[2024-12-16T23:33:30.265+0700][gc,start    ] GC(56) Pause Young (Normal) (G1 Evacuation Pause)
[2024-12-16T23:33:30.265+0700][gc,task     ] GC(56) Using 2 workers of 2 for evacuation
[2024-12-16T23:33:30.322+0700][gc,mmu      ] GC(56) MMU target violated: 21.0ms (20.0ms/21.0ms)
[2024-12-16T23:33:30.323+0700][gc,phases   ] GC(56)   Pre Evacuate Collection Set: 3.5ms
[2024-12-16T23:33:30.323+0700][gc,phases   ] GC(56)   Merge Heap Roots: 0.5ms
[2024-12-16T23:33:30.323+0700][gc,phases   ] GC(56)   Evacuate Collection Set: 50.9ms
[2024-12-16T23:33:30.323+0700][gc,phases   ] GC(56)   Post Evacuate Collection Set: 2.0ms
[2024-12-16T23:33:30.323+0700][gc,phases   ] GC(56)   Other: 1.3ms
[2024-12-16T23:33:30.323+0700][gc,heap     ] GC(56) Eden regions: 45->0(45)
[2024-12-16T23:33:30.323+0700][gc,heap     ] GC(56) Survivor regions: 6->6(7)
[2024-12-16T23:33:30.323+0700][gc,heap     ] GC(56) Old regions: 110->112
[2024-12-16T23:33:30.323+0700][gc,heap     ] GC(56) Archive regions: 2->2
[2024-12-16T23:33:30.323+0700][gc,heap     ] GC(56) Humongous regions: 129->129
[2024-12-16T23:33:30.323+0700][gc,metaspace] GC(56) Metaspace: 44641K(45248K)->44641K(45248K) NonClass: 39432K(39808K)->39432K(39808K) Class: 5208K(5440K)->5208K(5440K)
[2024-12-16T23:33:30.323+0700][gc          ] GC(56) Pause Young (Normal) (G1 Evacuation Pause) 289M->247M(1024M) 58.167ms
[2024-12-16T23:33:30.323+0700][gc,cpu      ] GC(56) User=0.10s Sys=0.01s Real=0.05s
[2024-12-16T23:35:12.870+0700][gc,start    ] GC(57) Pause Young (Normal) (G1 Evacuation Pause)
[2024-12-16T23:35:12.870+0700][gc,task     ] GC(57) Using 2 workers of 2 for evacuation
[2024-12-16T23:35:12.932+0700][gc,mmu      ] GC(57) MMU target violated: 21.0ms (20.0ms/21.0ms)
[2024-12-16T23:35:12.932+0700][gc,phases   ] GC(57)   Pre Evacuate Collection Set: 4.6ms
[2024-12-16T23:35:12.933+0700][gc,phases   ] GC(57)   Merge Heap Roots: 1.0ms
[2024-12-16T23:35:12.933+0700][gc,phases   ] GC(57)   Evacuate Collection Set: 53.2ms
[2024-12-16T23:35:12.933+0700][gc,phases   ] GC(57)   Post Evacuate Collection Set: 3.1ms
[2024-12-16T23:35:12.933+0700][gc,phases   ] GC(57)   Other: 1.2ms
[2024-12-16T23:35:12.933+0700][gc,heap     ] GC(57) Eden regions: 45->0(46)
[2024-12-16T23:35:12.933+0700][gc,heap     ] GC(57) Survivor regions: 6->5(7)
[2024-12-16T23:35:12.933+0700][gc,heap     ] GC(57) Old regions: 112->116
[2024-12-16T23:35:12.933+0700][gc,heap     ] GC(57) Archive regions: 2->2
[2024-12-16T23:35:12.933+0700][gc,heap     ] GC(57) Humongous regions: 129->129
[2024-12-16T23:35:12.933+0700][gc,metaspace] GC(57) Metaspace: 44646K(45248K)->44646K(45248K) NonClass: 39438K(39808K)->39438K(39808K) Class: 5208K(5440K)->5208K(5440K)
[2024-12-16T23:35:12.933+0700][gc          ] GC(57) Pause Young (Normal) (G1 Evacuation Pause) 292M->250M(1024M) 63.215ms
[2024-12-16T23:35:12.933+0700][gc,cpu      ] GC(57) User=0.11s Sys=0.01s Real=0.06s
[2024-12-16T23:36:57.921+0700][gc,start    ] GC(58) Pause Young (Normal) (G1 Evacuation Pause)
[2024-12-16T23:36:57.922+0700][gc,task     ] GC(58) Using 2 workers of 2 for evacuation
[2024-12-16T23:36:57.958+0700][gc,mmu      ] GC(58) MMU target violated: 21.0ms (20.0ms/21.0ms)
[2024-12-16T23:36:57.958+0700][gc,phases   ] GC(58)   Pre Evacuate Collection Set: 2.6ms
[2024-12-16T23:36:57.958+0700][gc,phases   ] GC(58)   Merge Heap Roots: 0.9ms
[2024-12-16T23:36:57.958+0700][gc,phases   ] GC(58)   Evacuate Collection Set: 28.9ms
[2024-12-16T23:36:57.958+0700][gc,phases   ] GC(58)   Post Evacuate Collection Set: 3.1ms
[2024-12-16T23:36:57.958+0700][gc,phases   ] GC(58)   Other: 1.4ms
[2024-12-16T23:36:57.958+0700][gc,heap     ] GC(58) Eden regions: 46->0(48)
[2024-12-16T23:36:57.958+0700][gc,heap     ] GC(58) Survivor regions: 5->3(7)
[2024-12-16T23:36:57.958+0700][gc,heap     ] GC(58) Old regions: 116->118
[2024-12-16T23:36:57.958+0700][gc,heap     ] GC(58) Archive regions: 2->2
[2024-12-16T23:36:57.958+0700][gc,heap     ] GC(58) Humongous regions: 129->129
[2024-12-16T23:36:57.958+0700][gc,metaspace] GC(58) Metaspace: 44648K(45248K)->44648K(45248K) NonClass: 39439K(39808K)->39439K(39808K) Class: 5208K(5440K)->5208K(5440K)
[2024-12-16T23:36:57.958+0700][gc          ] GC(58) Pause Young (Normal) (G1 Evacuation Pause) 296M->250M(1024M) 36.897ms
[2024-12-16T23:36:57.958+0700][gc,cpu      ] GC(58) User=0.06s Sys=0.01s Real=0.04s
[2024-12-16T23:38:42.384+0700][gc,start    ] GC(59) Pause Young (Normal) (G1 Evacuation Pause)
[2024-12-16T23:38:42.385+0700][gc,task     ] GC(59) Using 2 workers of 2 for evacuation
[2024-12-16T23:38:42.426+0700][gc,mmu      ] GC(59) MMU target violated: 21.0ms (20.0ms/21.0ms)
[2024-12-16T23:38:42.426+0700][gc,phases   ] GC(59)   Pre Evacuate Collection Set: 2.8ms
[2024-12-16T23:38:42.426+0700][gc,phases   ] GC(59)   Merge Heap Roots: 0.5ms
[2024-12-16T23:38:42.426+0700][gc,phases   ] GC(59)   Evacuate Collection Set: 35.3ms
[2024-12-16T23:38:42.426+0700][gc,phases   ] GC(59)   Post Evacuate Collection Set: 2.5ms
[2024-12-16T23:38:42.426+0700][gc,phases   ] GC(59)   Other: 1.2ms
[2024-12-16T23:38:42.426+0700][gc,heap     ] GC(59) Eden regions: 48->0(45)
[2024-12-16T23:38:42.426+0700][gc,heap     ] GC(59) Survivor regions: 3->6(7)
[2024-12-16T23:38:42.426+0700][gc,heap     ] GC(59) Old regions: 118->118
[2024-12-16T23:38:42.426+0700][gc,heap     ] GC(59) Archive regions: 2->2
[2024-12-16T23:38:42.426+0700][gc,heap     ] GC(59) Humongous regions: 129->129
[2024-12-16T23:38:42.426+0700][gc,metaspace] GC(59) Metaspace: 44672K(45248K)->44672K(45248K) NonClass: 39463K(39808K)->39463K(39808K) Class: 5208K(5440K)->5208K(5440K)
[2024-12-16T23:38:42.426+0700][gc          ] GC(59) Pause Young (Normal) (G1 Evacuation Pause) 298M->252M(1024M) 42.203ms
[2024-12-16T23:38:42.427+0700][gc,cpu      ] GC(59) User=0.08s Sys=0.00s Real=0.04s
[2024-12-16T23:40:25.264+0700][gc,start    ] GC(60) Pause Young (Normal) (G1 Evacuation Pause)
[2024-12-16T23:40:25.264+0700][gc,task     ] GC(60) Using 2 workers of 2 for evacuation
[2024-12-16T23:40:25.330+0700][gc,mmu      ] GC(60) MMU target violated: 21.0ms (20.0ms/21.0ms)
[2024-12-16T23:40:25.330+0700][gc,phases   ] GC(60)   Pre Evacuate Collection Set: 8.9ms
[2024-12-16T23:40:25.330+0700][gc,phases   ] GC(60)   Merge Heap Roots: 0.8ms
[2024-12-16T23:40:25.330+0700][gc,phases   ] GC(60)   Evacuate Collection Set: 52.8ms
[2024-12-16T23:40:25.330+0700][gc,phases   ] GC(60)   Post Evacuate Collection Set: 3.0ms
[2024-12-16T23:40:25.330+0700][gc,phases   ] GC(60)   Other: 1.6ms
[2024-12-16T23:40:25.330+0700][gc,heap     ] GC(60) Eden regions: 45->0(45)
[2024-12-16T23:40:25.330+0700][gc,heap     ] GC(60) Survivor regions: 6->6(7)
[2024-12-16T23:40:25.330+0700][gc,heap     ] GC(60) Old regions: 118->120
[2024-12-16T23:40:25.330+0700][gc,heap     ] GC(60) Archive regions: 2->2
[2024-12-16T23:40:25.330+0700][gc,heap     ] GC(60) Humongous regions: 129->129
[2024-12-16T23:40:25.331+0700][gc,metaspace] GC(60) Metaspace: 44673K(45248K)->44673K(45248K) NonClass: 39464K(39808K)->39464K(39808K) Class: 5208K(5440K)->5208K(5440K)
[2024-12-16T23:40:25.331+0700][gc          ] GC(60) Pause Young (Normal) (G1 Evacuation Pause) 297M->255M(1024M) 66.873ms
[2024-12-16T23:40:25.331+0700][gc,cpu      ] GC(60) User=0.11s Sys=0.01s Real=0.07s
[2024-12-16T23:42:07.824+0700][gc,start    ] GC(61) Pause Young (Normal) (G1 Evacuation Pause)
[2024-12-16T23:42:07.825+0700][gc,task     ] GC(61) Using 2 workers of 2 for evacuation
[2024-12-16T23:42:07.889+0700][gc,mmu      ] GC(61) MMU target violated: 21.0ms (20.0ms/21.0ms)
[2024-12-16T23:42:07.889+0700][gc,phases   ] GC(61)   Pre Evacuate Collection Set: 2.8ms
[2024-12-16T23:42:07.889+0700][gc,phases   ] GC(61)   Merge Heap Roots: 0.6ms
[2024-12-16T23:42:07.889+0700][gc,phases   ] GC(61)   Evacuate Collection Set: 57.7ms
[2024-12-16T23:42:07.889+0700][gc,phases   ] GC(61)   Post Evacuate Collection Set: 2.8ms
[2024-12-16T23:42:07.889+0700][gc,phases   ] GC(61)   Other: 1.3ms
[2024-12-16T23:42:07.889+0700][gc,heap     ] GC(61) Eden regions: 45->0(46)
[2024-12-16T23:42:07.889+0700][gc,heap     ] GC(61) Survivor regions: 6->5(7)
[2024-12-16T23:42:07.889+0700][gc,heap     ] GC(61) Old regions: 120->124
[2024-12-16T23:42:07.889+0700][gc,heap     ] GC(61) Archive regions: 2->2
[2024-12-16T23:42:07.889+0700][gc,heap     ] GC(61) Humongous regions: 129->129
[2024-12-16T23:42:07.889+0700][gc,metaspace] GC(61) Metaspace: 44674K(45248K)->44674K(45248K) NonClass: 39465K(39808K)->39465K(39808K) Class: 5208K(5440K)->5208K(5440K)
[2024-12-16T23:42:07.890+0700][gc          ] GC(61) Pause Young (Normal) (G1 Evacuation Pause) 300M->258M(1024M) 65.056ms
[2024-12-16T23:42:07.890+0700][gc,cpu      ] GC(61) User=0.11s Sys=0.01s Real=0.06s
[2024-12-16T23:43:51.975+0700][gc,start    ] GC(62) Pause Young (Normal) (G1 Evacuation Pause)
[2024-12-16T23:43:51.975+0700][gc,task     ] GC(62) Using 2 workers of 2 for evacuation
[2024-12-16T23:43:52.020+0700][gc,mmu      ] GC(62) MMU target violated: 21.0ms (20.0ms/21.0ms)
[2024-12-16T23:43:52.020+0700][gc,phases   ] GC(62)   Pre Evacuate Collection Set: 5.4ms
[2024-12-16T23:43:52.020+0700][gc,phases   ] GC(62)   Merge Heap Roots: 0.5ms
[2024-12-16T23:43:52.020+0700][gc,phases   ] GC(62)   Evacuate Collection Set: 36.0ms
[2024-12-16T23:43:52.020+0700][gc,phases   ] GC(62)   Post Evacuate Collection Set: 2.3ms
[2024-12-16T23:43:52.020+0700][gc,phases   ] GC(62)   Other: 1.3ms
[2024-12-16T23:43:52.021+0700][gc,heap     ] GC(62) Eden regions: 46->0(48)
[2024-12-16T23:43:52.021+0700][gc,heap     ] GC(62) Survivor regions: 5->3(7)
[2024-12-16T23:43:52.021+0700][gc,heap     ] GC(62) Old regions: 124->126
[2024-12-16T23:43:52.021+0700][gc,heap     ] GC(62) Archive regions: 2->2
[2024-12-16T23:43:52.021+0700][gc,heap     ] GC(62) Humongous regions: 129->129
[2024-12-16T23:43:52.021+0700][gc,metaspace] GC(62) Metaspace: 44690K(45248K)->44690K(45248K) NonClass: 39482K(39808K)->39482K(39808K) Class: 5208K(5440K)->5208K(5440K)
[2024-12-16T23:43:52.021+0700][gc          ] GC(62) Pause Young (Normal) (G1 Evacuation Pause) 304M->258M(1024M) 45.384ms
[2024-12-16T23:43:52.021+0700][gc,cpu      ] GC(62) User=0.07s Sys=0.01s Real=0.05s
[2024-12-16T23:45:42.242+0700][gc,start    ] GC(63) Pause Young (Normal) (G1 Evacuation Pause)
[2024-12-16T23:45:42.242+0700][gc,task     ] GC(63) Using 2 workers of 2 for evacuation
[2024-12-16T23:45:42.282+0700][gc,mmu      ] GC(63) MMU target violated: 21.0ms (20.0ms/21.0ms)
[2024-12-16T23:45:42.282+0700][gc,phases   ] GC(63)   Pre Evacuate Collection Set: 3.2ms
[2024-12-16T23:45:42.282+0700][gc,phases   ] GC(63)   Merge Heap Roots: 0.7ms
[2024-12-16T23:45:42.282+0700][gc,phases   ] GC(63)   Evacuate Collection Set: 32.6ms
[2024-12-16T23:45:42.282+0700][gc,phases   ] GC(63)   Post Evacuate Collection Set: 2.3ms
[2024-12-16T23:45:42.282+0700][gc,phases   ] GC(63)   Other: 1.2ms
[2024-12-16T23:45:42.282+0700][gc,heap     ] GC(63) Eden regions: 48->0(45)
[2024-12-16T23:45:42.282+0700][gc,heap     ] GC(63) Survivor regions: 3->6(7)
[2024-12-16T23:45:42.282+0700][gc,heap     ] GC(63) Old regions: 126->126
[2024-12-16T23:45:42.282+0700][gc,heap     ] GC(63) Archive regions: 2->2
[2024-12-16T23:45:42.282+0700][gc,heap     ] GC(63) Humongous regions: 129->129
[2024-12-16T23:45:42.282+0700][gc,metaspace] GC(63) Metaspace: 44691K(45248K)->44691K(45248K) NonClass: 39482K(39808K)->39482K(39808K) Class: 5208K(5440K)->5208K(5440K)
[2024-12-16T23:45:42.282+0700][gc          ] GC(63) Pause Young (Normal) (G1 Evacuation Pause) 306M->261M(1024M) 40.078ms
[2024-12-16T23:45:42.282+0700][gc,cpu      ] GC(63) User=0.07s Sys=0.00s Real=0.04s
[2024-12-16T23:47:25.159+0700][gc,start    ] GC(64) Pause Young (Normal) (G1 Evacuation Pause)
[2024-12-16T23:47:25.159+0700][gc,task     ] GC(64) Using 2 workers of 2 for evacuation
[2024-12-16T23:47:25.217+0700][gc,mmu      ] GC(64) MMU target violated: 21.0ms (20.0ms/21.0ms)
[2024-12-16T23:47:25.217+0700][gc,phases   ] GC(64)   Pre Evacuate Collection Set: 2.7ms
[2024-12-16T23:47:25.217+0700][gc,phases   ] GC(64)   Merge Heap Roots: 0.5ms
[2024-12-16T23:47:25.217+0700][gc,phases   ] GC(64)   Evacuate Collection Set: 51.6ms
[2024-12-16T23:47:25.217+0700][gc,phases   ] GC(64)   Post Evacuate Collection Set: 2.2ms
[2024-12-16T23:47:25.217+0700][gc,phases   ] GC(64)   Other: 1.3ms
[2024-12-16T23:47:25.217+0700][gc,heap     ] GC(64) Eden regions: 45->0(44)
[2024-12-16T23:47:25.217+0700][gc,heap     ] GC(64) Survivor regions: 6->7(7)
[2024-12-16T23:47:25.217+0700][gc,heap     ] GC(64) Old regions: 126->128
[2024-12-16T23:47:25.217+0700][gc,heap     ] GC(64) Archive regions: 2->2
[2024-12-16T23:47:25.217+0700][gc,heap     ] GC(64) Humongous regions: 129->129
[2024-12-16T23:47:25.217+0700][gc,metaspace] GC(64) Metaspace: 44695K(45248K)->44695K(45248K) NonClass: 39486K(39808K)->39486K(39808K) Class: 5208K(5440K)->5208K(5440K)
[2024-12-16T23:47:25.217+0700][gc          ] GC(64) Pause Young (Normal) (G1 Evacuation Pause) 306M->263M(1024M) 58.372ms
[2024-12-16T23:47:25.217+0700][gc,cpu      ] GC(64) User=0.10s Sys=0.01s Real=0.06s
[2024-12-16T23:49:05.151+0700][gc,start    ] GC(65) Pause Young (Normal) (G1 Evacuation Pause)
[2024-12-16T23:49:05.151+0700][gc,task     ] GC(65) Using 2 workers of 2 for evacuation
[2024-12-16T23:49:05.213+0700][gc,mmu      ] GC(65) MMU target violated: 21.0ms (20.0ms/21.0ms)
[2024-12-16T23:49:05.213+0700][gc,phases   ] GC(65)   Pre Evacuate Collection Set: 3.0ms
[2024-12-16T23:49:05.213+0700][gc,phases   ] GC(65)   Merge Heap Roots: 0.6ms
[2024-12-16T23:49:05.213+0700][gc,phases   ] GC(65)   Evacuate Collection Set: 55.9ms
[2024-12-16T23:49:05.213+0700][gc,phases   ] GC(65)   Post Evacuate Collection Set: 2.4ms
[2024-12-16T23:49:05.213+0700][gc,phases   ] GC(65)   Other: 1.1ms
[2024-12-16T23:49:05.213+0700][gc,heap     ] GC(65) Eden regions: 44->0(46)
[2024-12-16T23:49:05.213+0700][gc,heap     ] GC(65) Survivor regions: 7->5(7)
[2024-12-16T23:49:05.213+0700][gc,heap     ] GC(65) Old regions: 128->132
[2024-12-16T23:49:05.213+0700][gc,heap     ] GC(65) Archive regions: 2->2
[2024-12-16T23:49:05.213+0700][gc,heap     ] GC(65) Humongous regions: 129->129
[2024-12-16T23:49:05.213+0700][gc,metaspace] GC(65) Metaspace: 44700K(45248K)->44700K(45248K) NonClass: 39491K(39808K)->39491K(39808K) Class: 5208K(5440K)->5208K(5440K)
[2024-12-16T23:49:05.214+0700][gc          ] GC(65) Pause Young (Normal) (G1 Evacuation Pause) 307M->265M(1024M) 63.020ms
[2024-12-16T23:49:05.214+0700][gc,cpu      ] GC(65) User=0.11s Sys=0.01s Real=0.06s
[2024-12-16T23:50:50.171+0700][gc,start    ] GC(66) Pause Young (Normal) (G1 Evacuation Pause)
[2024-12-16T23:50:50.171+0700][gc,task     ] GC(66) Using 2 workers of 2 for evacuation
[2024-12-16T23:50:50.210+0700][gc,mmu      ] GC(66) MMU target violated: 21.0ms (20.0ms/21.0ms)
[2024-12-16T23:50:50.210+0700][gc,phases   ] GC(66)   Pre Evacuate Collection Set: 2.8ms
[2024-12-16T23:50:50.210+0700][gc,phases   ] GC(66)   Merge Heap Roots: 0.6ms
[2024-12-16T23:50:50.210+0700][gc,phases   ] GC(66)   Evacuate Collection Set: 31.5ms
[2024-12-16T23:50:50.210+0700][gc,phases   ] GC(66)   Post Evacuate Collection Set: 3.0ms
[2024-12-16T23:50:50.210+0700][gc,phases   ] GC(66)   Other: 1.5ms
[2024-12-16T23:50:50.210+0700][gc,heap     ] GC(66) Eden regions: 46->0(48)
[2024-12-16T23:50:50.210+0700][gc,heap     ] GC(66) Survivor regions: 5->3(7)
[2024-12-16T23:50:50.210+0700][gc,heap     ] GC(66) Old regions: 132->134
[2024-12-16T23:50:50.210+0700][gc,heap     ] GC(66) Archive regions: 2->2
[2024-12-16T23:50:50.210+0700][gc,heap     ] GC(66) Humongous regions: 129->129
[2024-12-16T23:50:50.210+0700][gc,metaspace] GC(66) Metaspace: 44701K(45248K)->44701K(45248K) NonClass: 39492K(39808K)->39492K(39808K) Class: 5208K(5440K)->5208K(5440K)
[2024-12-16T23:50:50.210+0700][gc          ] GC(66) Pause Young (Normal) (G1 Evacuation Pause) 311M->266M(1024M) 39.311ms
[2024-12-16T23:50:50.210+0700][gc,cpu      ] GC(66) User=0.06s Sys=0.00s Real=0.04s
[2024-12-16T23:52:39.734+0700][gc,start    ] GC(67) Pause Young (Normal) (G1 Evacuation Pause)
[2024-12-16T23:52:39.734+0700][gc,task     ] GC(67) Using 2 workers of 2 for evacuation
[2024-12-16T23:52:39.785+0700][gc,mmu      ] GC(67) MMU target violated: 21.0ms (20.0ms/21.0ms)
[2024-12-16T23:52:39.785+0700][gc,phases   ] GC(67)   Pre Evacuate Collection Set: 2.7ms
[2024-12-16T23:52:39.785+0700][gc,phases   ] GC(67)   Merge Heap Roots: 0.6ms
[2024-12-16T23:52:39.785+0700][gc,phases   ] GC(67)   Evacuate Collection Set: 43.0ms
[2024-12-16T23:52:39.785+0700][gc,phases   ] GC(67)   Post Evacuate Collection Set: 3.8ms
[2024-12-16T23:52:39.785+0700][gc,phases   ] GC(67)   Other: 1.6ms
[2024-12-16T23:52:39.785+0700][gc,heap     ] GC(67) Eden regions: 48->0(45)
[2024-12-16T23:52:39.785+0700][gc,heap     ] GC(67) Survivor regions: 3->6(7)
[2024-12-16T23:52:39.785+0700][gc,heap     ] GC(67) Old regions: 134->134
[2024-12-16T23:52:39.785+0700][gc,heap     ] GC(67) Archive regions: 2->2
[2024-12-16T23:52:39.786+0700][gc,heap     ] GC(67) Humongous regions: 129->129
[2024-12-16T23:52:39.786+0700][gc,metaspace] GC(67) Metaspace: 44701K(45248K)->44701K(45248K) NonClass: 39492K(39808K)->39492K(39808K) Class: 5208K(5440K)->5208K(5440K)
[2024-12-16T23:52:39.786+0700][gc          ] GC(67) Pause Young (Normal) (G1 Evacuation Pause) 314M->268M(1024M) 52.049ms
[2024-12-16T23:52:39.786+0700][gc,cpu      ] GC(67) User=0.09s Sys=0.00s Real=0.06s
[2024-12-16T23:54:22.835+0700][gc,start    ] GC(68) Pause Young (Normal) (G1 Evacuation Pause)
[2024-12-16T23:54:22.835+0700][gc,task     ] GC(68) Using 2 workers of 2 for evacuation
[2024-12-16T23:54:22.901+0700][gc,mmu      ] GC(68) MMU target violated: 21.0ms (20.0ms/21.0ms)
[2024-12-16T23:54:22.902+0700][gc,phases   ] GC(68)   Pre Evacuate Collection Set: 1.2ms
[2024-12-16T23:54:22.902+0700][gc,phases   ] GC(68)   Merge Heap Roots: 0.5ms
[2024-12-16T23:54:22.902+0700][gc,phases   ] GC(68)   Evacuate Collection Set: 61.7ms
[2024-12-16T23:54:22.902+0700][gc,phases   ] GC(68)   Post Evacuate Collection Set: 2.4ms
[2024-12-16T23:54:22.902+0700][gc,phases   ] GC(68)   Other: 1.2ms
[2024-12-16T23:54:22.902+0700][gc,heap     ] GC(68) Eden regions: 45->0(45)
[2024-12-16T23:54:22.902+0700][gc,heap     ] GC(68) Survivor regions: 6->6(7)
[2024-12-16T23:54:22.902+0700][gc,heap     ] GC(68) Old regions: 134->136
[2024-12-16T23:54:22.902+0700][gc,heap     ] GC(68) Archive regions: 2->2
[2024-12-16T23:54:22.902+0700][gc,heap     ] GC(68) Humongous regions: 129->129
[2024-12-16T23:54:22.902+0700][gc,metaspace] GC(68) Metaspace: 44701K(45248K)->44701K(45248K) NonClass: 39492K(39808K)->39492K(39808K) Class: 5208K(5440K)->5208K(5440K)
[2024-12-16T23:54:22.902+0700][gc          ] GC(68) Pause Young (Normal) (G1 Evacuation Pause) 313M->271M(1024M) 67.020ms
[2024-12-16T23:54:22.902+0700][gc,cpu      ] GC(68) User=0.11s Sys=0.02s Real=0.07s
[2024-12-16T23:56:05.951+0700][gc,start    ] GC(69) Pause Young (Normal) (G1 Evacuation Pause)
[2024-12-16T23:56:05.951+0700][gc,task     ] GC(69) Using 2 workers of 2 for evacuation
[2024-12-16T23:56:06.015+0700][gc,mmu      ] GC(69) MMU target violated: 21.0ms (20.0ms/21.0ms)
[2024-12-16T23:56:06.016+0700][gc,phases   ] GC(69)   Pre Evacuate Collection Set: 4.7ms
[2024-12-16T23:56:06.016+0700][gc,phases   ] GC(69)   Merge Heap Roots: 0.9ms
[2024-12-16T23:56:06.016+0700][gc,phases   ] GC(69)   Evacuate Collection Set: 55.9ms
[2024-12-16T23:56:06.016+0700][gc,phases   ] GC(69)   Post Evacuate Collection Set: 2.3ms
[2024-12-16T23:56:06.016+0700][gc,phases   ] GC(69)   Other: 1.5ms
[2024-12-16T23:56:06.016+0700][gc,heap     ] GC(69) Eden regions: 45->0(46)
[2024-12-16T23:56:06.016+0700][gc,heap     ] GC(69) Survivor regions: 6->5(7)
[2024-12-16T23:56:06.016+0700][gc,heap     ] GC(69) Old regions: 136->140
[2024-12-16T23:56:06.016+0700][gc,heap     ] GC(69) Archive regions: 2->2
[2024-12-16T23:56:06.016+0700][gc,heap     ] GC(69) Humongous regions: 129->129
[2024-12-16T23:56:06.016+0700][gc,metaspace] GC(69) Metaspace: 44701K(45248K)->44701K(45248K) NonClass: 39492K(39808K)->39492K(39808K) Class: 5208K(5440K)->5208K(5440K)
[2024-12-16T23:56:06.016+0700][gc          ] GC(69) Pause Young (Normal) (G1 Evacuation Pause) 316M->274M(1024M) 65.312ms
[2024-12-16T23:56:06.016+0700][gc,cpu      ] GC(69) User=0.11s Sys=0.01s Real=0.07s
[2024-12-16T23:57:50.520+0700][gc,start    ] GC(70) Pause Young (Normal) (G1 Evacuation Pause)
[2024-12-16T23:57:50.520+0700][gc,task     ] GC(70) Using 2 workers of 2 for evacuation
[2024-12-16T23:57:50.557+0700][gc,mmu      ] GC(70) MMU target violated: 21.0ms (20.0ms/21.0ms)
[2024-12-16T23:57:50.557+0700][gc,phases   ] GC(70)   Pre Evacuate Collection Set: 4.2ms
[2024-12-16T23:57:50.557+0700][gc,phases   ] GC(70)   Merge Heap Roots: 0.8ms
[2024-12-16T23:57:50.557+0700][gc,phases   ] GC(70)   Evacuate Collection Set: 28.3ms
[2024-12-16T23:57:50.557+0700][gc,phases   ] GC(70)   Post Evacuate Collection Set: 3.1ms
[2024-12-16T23:57:50.557+0700][gc,phases   ] GC(70)   Other: 1.4ms
[2024-12-16T23:57:50.557+0700][gc,heap     ] GC(70) Eden regions: 46->0(48)
[2024-12-16T23:57:50.557+0700][gc,heap     ] GC(70) Survivor regions: 5->3(7)
[2024-12-16T23:57:50.557+0700][gc,heap     ] GC(70) Old regions: 140->142
[2024-12-16T23:57:50.557+0700][gc,heap     ] GC(70) Archive regions: 2->2
[2024-12-16T23:57:50.557+0700][gc,heap     ] GC(70) Humongous regions: 129->129
[2024-12-16T23:57:50.557+0700][gc,metaspace] GC(70) Metaspace: 44703K(45248K)->44703K(45248K) NonClass: 39494K(39808K)->39494K(39808K) Class: 5208K(5440K)->5208K(5440K)
[2024-12-16T23:57:50.557+0700][gc          ] GC(70) Pause Young (Normal) (G1 Evacuation Pause) 320M->274M(1024M) 37.706ms
[2024-12-16T23:57:50.558+0700][gc,cpu      ] GC(70) User=0.06s Sys=0.01s Real=0.04s
[2024-12-16T23:59:35.494+0700][gc,start    ] GC(71) Pause Young (Normal) (G1 Evacuation Pause)
[2024-12-16T23:59:35.494+0700][gc,task     ] GC(71) Using 2 workers of 2 for evacuation
[2024-12-16T23:59:35.534+0700][gc,mmu      ] GC(71) MMU target violated: 21.0ms (20.0ms/21.0ms)
[2024-12-16T23:59:35.534+0700][gc,phases   ] GC(71)   Pre Evacuate Collection Set: 3.4ms
[2024-12-16T23:59:35.534+0700][gc,phases   ] GC(71)   Merge Heap Roots: 0.8ms
[2024-12-16T23:59:35.534+0700][gc,phases   ] GC(71)   Evacuate Collection Set: 32.0ms
[2024-12-16T23:59:35.534+0700][gc,phases   ] GC(71)   Post Evacuate Collection Set: 2.6ms
[2024-12-16T23:59:35.534+0700][gc,phases   ] GC(71)   Other: 1.5ms
[2024-12-16T23:59:35.534+0700][gc,heap     ] GC(71) Eden regions: 48->0(45)
[2024-12-16T23:59:35.534+0700][gc,heap     ] GC(71) Survivor regions: 3->6(7)
[2024-12-16T23:59:35.534+0700][gc,heap     ] GC(71) Old regions: 142->142
[2024-12-16T23:59:35.534+0700][gc,heap     ] GC(71) Archive regions: 2->2
[2024-12-16T23:59:35.534+0700][gc,heap     ] GC(71) Humongous regions: 129->129
[2024-12-16T23:59:35.534+0700][gc,metaspace] GC(71) Metaspace: 44727K(45312K)->44727K(45312K) NonClass: 39518K(39872K)->39518K(39872K) Class: 5208K(5440K)->5208K(5440K)
[2024-12-16T23:59:35.534+0700][gc          ] GC(71) Pause Young (Normal) (G1 Evacuation Pause) 322M->276M(1024M) 40.321ms
[2024-12-16T23:59:35.534+0700][gc,cpu      ] GC(71) User=0.08s Sys=0.00s Real=0.04s
[2024-12-17T00:01:18.805+0700][gc,start    ] GC(72) Pause Young (Normal) (G1 Evacuation Pause)
[2024-12-17T00:01:18.805+0700][gc,task     ] GC(72) Using 2 workers of 2 for evacuation
[2024-12-17T00:01:18.862+0700][gc,mmu      ] GC(72) MMU target violated: 21.0ms (20.0ms/21.0ms)
[2024-12-17T00:01:18.862+0700][gc,phases   ] GC(72)   Pre Evacuate Collection Set: 4.1ms
[2024-12-17T00:01:18.862+0700][gc,phases   ] GC(72)   Merge Heap Roots: 0.9ms
[2024-12-17T00:01:18.862+0700][gc,phases   ] GC(72)   Evacuate Collection Set: 47.7ms
[2024-12-17T00:01:18.862+0700][gc,phases   ] GC(72)   Post Evacuate Collection Set: 3.4ms
[2024-12-17T00:01:18.862+0700][gc,phases   ] GC(72)   Other: 1.1ms
[2024-12-17T00:01:18.862+0700][gc,heap     ] GC(72) Eden regions: 45->0(45)
[2024-12-17T00:01:18.862+0700][gc,heap     ] GC(72) Survivor regions: 6->6(7)
[2024-12-17T00:01:18.862+0700][gc,heap     ] GC(72) Old regions: 142->144
[2024-12-17T00:01:18.862+0700][gc,heap     ] GC(72) Archive regions: 2->2
[2024-12-17T00:01:18.862+0700][gc,heap     ] GC(72) Humongous regions: 129->129
[2024-12-17T00:01:18.862+0700][gc,metaspace] GC(72) Metaspace: 44727K(45312K)->44727K(45312K) NonClass: 39518K(39872K)->39518K(39872K) Class: 5208K(5440K)->5208K(5440K)
[2024-12-17T00:01:18.862+0700][gc          ] GC(72) Pause Young (Normal) (G1 Evacuation Pause) 321M->279M(1024M) 57.265ms
[2024-12-17T00:01:18.862+0700][gc,cpu      ] GC(72) User=0.10s Sys=0.01s Real=0.05s
[2024-12-17T00:03:01.022+0700][gc,start    ] GC(73) Pause Young (Normal) (G1 Evacuation Pause)
[2024-12-17T00:03:01.022+0700][gc,task     ] GC(73) Using 2 workers of 2 for evacuation
[2024-12-17T00:03:01.086+0700][gc,mmu      ] GC(73) MMU target violated: 21.0ms (20.0ms/21.0ms)
[2024-12-17T00:03:01.086+0700][gc,phases   ] GC(73)   Pre Evacuate Collection Set: 2.8ms
[2024-12-17T00:03:01.086+0700][gc,phases   ] GC(73)   Merge Heap Roots: 0.5ms
[2024-12-17T00:03:01.086+0700][gc,phases   ] GC(73)   Evacuate Collection Set: 57.5ms
[2024-12-17T00:03:01.086+0700][gc,phases   ] GC(73)   Post Evacuate Collection Set: 2.5ms
[2024-12-17T00:03:01.086+0700][gc,phases   ] GC(73)   Other: 1.5ms
[2024-12-17T00:03:01.086+0700][gc,heap     ] GC(73) Eden regions: 45->0(46)
[2024-12-17T00:03:01.086+0700][gc,heap     ] GC(73) Survivor regions: 6->5(7)
[2024-12-17T00:03:01.086+0700][gc,heap     ] GC(73) Old regions: 144->148
[2024-12-17T00:03:01.086+0700][gc,heap     ] GC(73) Archive regions: 2->2
[2024-12-17T00:03:01.086+0700][gc,heap     ] GC(73) Humongous regions: 129->129
[2024-12-17T00:03:01.087+0700][gc,metaspace] GC(73) Metaspace: 44729K(45312K)->44729K(45312K) NonClass: 39520K(39872K)->39520K(39872K) Class: 5208K(5440K)->5208K(5440K)
[2024-12-17T00:03:01.087+0700][gc          ] GC(73) Pause Young (Normal) (G1 Evacuation Pause) 324M->282M(1024M) 64.559ms
[2024-12-17T00:03:01.087+0700][gc,cpu      ] GC(73) User=0.11s Sys=0.01s Real=0.07s
[2024-12-17T00:04:45.181+0700][gc,start    ] GC(74) Pause Young (Normal) (G1 Evacuation Pause)
[2024-12-17T00:04:45.181+0700][gc,task     ] GC(74) Using 2 workers of 2 for evacuation
[2024-12-17T00:04:45.221+0700][gc,mmu      ] GC(74) MMU target violated: 21.0ms (20.0ms/21.0ms)
[2024-12-17T00:04:45.221+0700][gc,phases   ] GC(74)   Pre Evacuate Collection Set: 2.9ms
[2024-12-17T00:04:45.221+0700][gc,phases   ] GC(74)   Merge Heap Roots: 0.6ms
[2024-12-17T00:04:45.221+0700][gc,phases   ] GC(74)   Evacuate Collection Set: 31.9ms
[2024-12-17T00:04:45.221+0700][gc,phases   ] GC(74)   Post Evacuate Collection Set: 3.5ms
[2024-12-17T00:04:45.221+0700][gc,phases   ] GC(74)   Other: 1.4ms
[2024-12-17T00:04:45.221+0700][gc,heap     ] GC(74) Eden regions: 46->0(48)
[2024-12-17T00:04:45.221+0700][gc,heap     ] GC(74) Survivor regions: 5->3(7)
[2024-12-17T00:04:45.221+0700][gc,heap     ] GC(74) Old regions: 148->150
[2024-12-17T00:04:45.221+0700][gc,heap     ] GC(74) Archive regions: 2->2
[2024-12-17T00:04:45.221+0700][gc,heap     ] GC(74) Humongous regions: 129->129
[2024-12-17T00:04:45.221+0700][gc,metaspace] GC(74) Metaspace: 44731K(45312K)->44731K(45312K) NonClass: 39522K(39872K)->39522K(39872K) Class: 5208K(5440K)->5208K(5440K)
[2024-12-17T00:04:45.221+0700][gc          ] GC(74) Pause Young (Normal) (G1 Evacuation Pause) 328M->282M(1024M) 40.091ms
[2024-12-17T00:04:45.221+0700][gc,cpu      ] GC(74) User=0.07s Sys=0.00s Real=0.04s
[2024-12-17T00:06:35.439+0700][gc,start    ] GC(75) Pause Young (Normal) (G1 Evacuation Pause)
[2024-12-17T00:06:35.440+0700][gc,task     ] GC(75) Using 2 workers of 2 for evacuation
[2024-12-17T00:06:35.481+0700][gc,mmu      ] GC(75) MMU target violated: 21.0ms (20.0ms/21.0ms)
[2024-12-17T00:06:35.482+0700][gc,phases   ] GC(75)   Pre Evacuate Collection Set: 2.7ms
[2024-12-17T00:06:35.482+0700][gc,phases   ] GC(75)   Merge Heap Roots: 0.6ms
[2024-12-17T00:06:35.482+0700][gc,phases   ] GC(75)   Evacuate Collection Set: 35.2ms
[2024-12-17T00:06:35.482+0700][gc,phases   ] GC(75)   Post Evacuate Collection Set: 2.9ms
[2024-12-17T00:06:35.482+0700][gc,phases   ] GC(75)   Other: 1.4ms
[2024-12-17T00:06:35.482+0700][gc,heap     ] GC(75) Eden regions: 48->0(45)
[2024-12-17T00:06:35.482+0700][gc,heap     ] GC(75) Survivor regions: 3->6(7)
[2024-12-17T00:06:35.482+0700][gc,heap     ] GC(75) Old regions: 150->150
[2024-12-17T00:06:35.482+0700][gc,heap     ] GC(75) Archive regions: 2->2
[2024-12-17T00:06:35.482+0700][gc,heap     ] GC(75) Humongous regions: 129->129
[2024-12-17T00:06:35.482+0700][gc,metaspace] GC(75) Metaspace: 44731K(45312K)->44731K(45312K) NonClass: 39522K(39872K)->39522K(39872K) Class: 5208K(5440K)->5208K(5440K)
[2024-12-17T00:06:35.482+0700][gc          ] GC(75) Pause Young (Normal) (G1 Evacuation Pause) 330M->284M(1024M) 42.607ms
[2024-12-17T00:06:35.482+0700][gc,cpu      ] GC(75) User=0.08s Sys=0.00s Real=0.04s
[2024-12-17T00:08:10.919+0700][gc,start    ] GC(76) Pause Young (Normal) (G1 Evacuation Pause)
[2024-12-17T00:08:10.919+0700][gc,task     ] GC(76) Using 2 workers of 2 for evacuation
[2024-12-17T00:08:10.980+0700][gc,mmu      ] GC(76) MMU target violated: 21.0ms (20.0ms/21.0ms)
[2024-12-17T00:08:10.981+0700][gc,phases   ] GC(76)   Pre Evacuate Collection Set: 2.6ms
[2024-12-17T00:08:10.981+0700][gc,phases   ] GC(76)   Merge Heap Roots: 0.8ms
[2024-12-17T00:08:10.981+0700][gc,phases   ] GC(76)   Evacuate Collection Set: 54.3ms
[2024-12-17T00:08:10.981+0700][gc,phases   ] GC(76)   Post Evacuate Collection Set: 3.6ms
[2024-12-17T00:08:10.981+0700][gc,phases   ] GC(76)   Other: 1.3ms
[2024-12-17T00:08:10.981+0700][gc,heap     ] GC(76) Eden regions: 45->0(44)
[2024-12-17T00:08:10.981+0700][gc,heap     ] GC(76) Survivor regions: 6->7(7)
[2024-12-17T00:08:10.981+0700][gc,heap     ] GC(76) Old regions: 150->152
[2024-12-17T00:08:10.981+0700][gc,heap     ] GC(76) Archive regions: 2->2
[2024-12-17T00:08:10.981+0700][gc,heap     ] GC(76) Humongous regions: 129->129
[2024-12-17T00:08:10.981+0700][gc,metaspace] GC(76) Metaspace: 44748K(45312K)->44748K(45312K) NonClass: 39540K(39872K)->39540K(39872K) Class: 5208K(5440K)->5208K(5440K)
[2024-12-17T00:08:10.981+0700][gc          ] GC(76) Pause Young (Normal) (G1 Evacuation Pause) 329M->288M(1024M) 62.531ms
[2024-12-17T00:08:10.981+0700][gc,cpu      ] GC(76) User=0.11s Sys=0.00s Real=0.06s
[2024-12-17T00:09:48.755+0700][gc,start    ] GC(77) Pause Young (Normal) (G1 Evacuation Pause)
[2024-12-17T00:09:48.756+0700][gc,task     ] GC(77) Using 2 workers of 2 for evacuation
[2024-12-17T00:09:48.854+0700][gc,mmu      ] GC(77) MMU target violated: 21.0ms (20.0ms/21.0ms)
[2024-12-17T00:09:48.854+0700][gc,phases   ] GC(77)   Pre Evacuate Collection Set: 4.9ms
[2024-12-17T00:09:48.854+0700][gc,phases   ] GC(77)   Merge Heap Roots: 1.0ms
[2024-12-17T00:09:48.854+0700][gc,phases   ] GC(77)   Evacuate Collection Set: 88.6ms
[2024-12-17T00:09:48.854+0700][gc,phases   ] GC(77)   Post Evacuate Collection Set: 3.2ms
[2024-12-17T00:09:48.854+0700][gc,phases   ] GC(77)   Other: 1.3ms
[2024-12-17T00:09:48.854+0700][gc,heap     ] GC(77) Eden regions: 44->0(46)
[2024-12-17T00:09:48.854+0700][gc,heap     ] GC(77) Survivor regions: 7->5(7)
[2024-12-17T00:09:48.854+0700][gc,heap     ] GC(77) Old regions: 152->157
[2024-12-17T00:09:48.854+0700][gc,heap     ] GC(77) Archive regions: 2->2
[2024-12-17T00:09:48.854+0700][gc,heap     ] GC(77) Humongous regions: 129->129
[2024-12-17T00:09:48.854+0700][gc,metaspace] GC(77) Metaspace: 44749K(45312K)->44749K(45312K) NonClass: 39540K(39872K)->39540K(39872K) Class: 5208K(5440K)->5208K(5440K)
[2024-12-17T00:09:48.854+0700][gc          ] GC(77) Pause Young (Normal) (G1 Evacuation Pause) 332M->290M(1024M) 98.944ms
[2024-12-17T00:09:48.855+0700][gc,cpu      ] GC(77) User=0.15s Sys=0.04s Real=0.10s
[2024-12-17T00:10:53.123+0700][gc,heap,exit] Heap
[2024-12-17T00:10:53.123+0700][gc,heap,exit]  garbage-first heap   total 1048576K, used 338042K [0x00000000c0000000, 0x0000000100000000)
[2024-12-17T00:10:53.123+0700][gc,heap,exit]   region size 1024K, 45 young (46080K), 5 survivors (5120K)
[2024-12-17T00:10:53.123+0700][gc,heap,exit]  Metaspace       used 45639K, committed 46208K, reserved 1114112K
[2024-12-17T00:10:53.123+0700][gc,heap,exit]   class space    used 5388K, committed 5632K, reserved 1048576K
