[2024-12-16T14:50:49.495+0700][gc] Using G1
[2024-12-16T14:50:49.522+0700][gc,init] Version: 17.0.13+11-Ubuntu-2ubuntu122.04 (release)
[2024-12-16T14:50:49.522+0700][gc,init] CPUs: 2 total, 2 available
[2024-12-16T14:50:49.523+0700][gc,init] Memory: 3911M
[2024-12-16T14:50:49.523+0700][gc,init] Large Page Support: Disabled
[2024-12-16T14:50:49.523+0700][gc,init] NUMA Support: Disabled
[2024-12-16T14:50:49.523+0700][gc,init] Compressed Oops: Enabled (32-bit)
[2024-12-16T14:50:49.523+0700][gc,init] Heap Region Size: 1M
[2024-12-16T14:50:49.523+0700][gc,init] Heap Min Capacity: 1G
[2024-12-16T14:50:49.523+0700][gc,init] Heap Initial Capacity: 1G
[2024-12-16T14:50:49.523+0700][gc,init] Heap Max Capacity: 1G
[2024-12-16T14:50:49.523+0700][gc,init] Pre-touch: Disabled
[2024-12-16T14:50:49.523+0700][gc,init] Parallel Workers: 2
[2024-12-16T14:50:49.523+0700][gc,init] Concurrent Workers: 1
[2024-12-16T14:50:49.523+0700][gc,init] Concurrent Refinement Workers: 2
[2024-12-16T14:50:49.523+0700][gc,init] Periodic GC: Disabled
[2024-12-16T14:50:49.553+0700][gc,metaspace] CDS archive(s) mapped at: [0x00007fdb23000000-0x00007fdb23bc9000-0x00007fdb23bc9000), size 12357632, SharedBaseAddress: 0x00007fdb23000000, ArchiveRelocationMode: 1.
[2024-12-16T14:50:49.553+0700][gc,metaspace] Compressed class space mapped at: 0x00007fdb24000000-0x00007fdb64000000, reserved size: 1073741824
[2024-12-16T14:50:49.553+0700][gc,metaspace] Narrow klass base: 0x00007fdb23000000, Narrow klass shift: 0, Narrow klass range: 0x100000000
[2024-12-16T14:50:52.076+0700][gc,start    ] GC(0) Pause Young (Normal) (G1 Evacuation Pause)
[2024-12-16T14:50:52.076+0700][gc,task     ] GC(0) Using 2 workers of 2 for evacuation
[2024-12-16T14:50:52.102+0700][gc,mmu      ] GC(0) MMU target violated: 21.0ms (20.0ms/21.0ms)
[2024-12-16T14:50:52.102+0700][gc,phases   ] GC(0)   Pre Evacuate Collection Set: 0.5ms
[2024-12-16T14:50:52.102+0700][gc,phases   ] GC(0)   Merge Heap Roots: 0.3ms
[2024-12-16T14:50:52.102+0700][gc,phases   ] GC(0)   Evacuate Collection Set: 22.8ms
[2024-12-16T14:50:52.102+0700][gc,phases   ] GC(0)   Post Evacuate Collection Set: 1.4ms
[2024-12-16T14:50:52.102+0700][gc,phases   ] GC(0)   Other: 0.9ms
[2024-12-16T14:50:52.102+0700][gc,heap     ] GC(0) Eden regions: 51->0(44)
[2024-12-16T14:50:52.102+0700][gc,heap     ] GC(0) Survivor regions: 0->7(7)
[2024-12-16T14:50:52.102+0700][gc,heap     ] GC(0) Old regions: 0->1
[2024-12-16T14:50:52.102+0700][gc,heap     ] GC(0) Archive regions: 2->2
[2024-12-16T14:50:52.102+0700][gc,heap     ] GC(0) Humongous regions: 0->0
[2024-12-16T14:50:52.102+0700][gc,metaspace] GC(0) Metaspace: 17766K(18048K)->17766K(18048K) NonClass: 15613K(15744K)->15613K(15744K) Class: 2152K(2304K)->2152K(2304K)
[2024-12-16T14:50:52.102+0700][gc          ] GC(0) Pause Young (Normal) (G1 Evacuation Pause) 51M->8M(1024M) 26.303ms
[2024-12-16T14:50:52.102+0700][gc,cpu      ] GC(0) User=0.02s Sys=0.02s Real=0.03s
[2024-12-16T14:50:52.794+0700][gc,start    ] GC(1) Pause Young (Concurrent Start) (Metadata GC Threshold)
[2024-12-16T14:50:52.794+0700][gc,task     ] GC(1) Using 2 workers of 2 for evacuation
[2024-12-16T14:50:52.813+0700][gc,phases   ] GC(1)   Pre Evacuate Collection Set: 0.3ms
[2024-12-16T14:50:52.815+0700][gc,phases   ] GC(1)   Merge Heap Roots: 0.1ms
[2024-12-16T14:50:52.815+0700][gc,phases   ] GC(1)   Evacuate Collection Set: 17.7ms
[2024-12-16T14:50:52.815+0700][gc,phases   ] GC(1)   Post Evacuate Collection Set: 0.7ms
[2024-12-16T14:50:52.815+0700][gc,phases   ] GC(1)   Other: 0.5ms
[2024-12-16T14:50:52.815+0700][gc,heap     ] GC(1) Eden regions: 14->0(50)
[2024-12-16T14:50:52.815+0700][gc,heap     ] GC(1) Survivor regions: 7->1(7)
[2024-12-16T14:50:52.815+0700][gc,heap     ] GC(1) Old regions: 1->8
[2024-12-16T14:50:52.815+0700][gc,heap     ] GC(1) Archive regions: 2->2
[2024-12-16T14:50:52.815+0700][gc,heap     ] GC(1) Humongous regions: 0->0
[2024-12-16T14:50:52.815+0700][gc,metaspace] GC(1) Metaspace: 21347K(21504K)->21347K(21504K) NonClass: 18741K(18816K)->18741K(18816K) Class: 2605K(2688K)->2605K(2688K)
[2024-12-16T14:50:52.815+0700][gc          ] GC(1) Pause Young (Concurrent Start) (Metadata GC Threshold) 22M->9M(1024M) 20.877ms
[2024-12-16T14:50:52.815+0700][gc,cpu      ] GC(1) User=0.01s Sys=0.03s Real=0.02s
[2024-12-16T14:50:52.815+0700][gc          ] GC(2) Concurrent Mark Cycle
[2024-12-16T14:50:52.815+0700][gc,marking  ] GC(2) Concurrent Clear Claimed Marks
[2024-12-16T14:50:52.815+0700][gc,marking  ] GC(2) Concurrent Clear Claimed Marks 0.031ms
[2024-12-16T14:50:52.815+0700][gc,marking  ] GC(2) Concurrent Scan Root Regions
[2024-12-16T14:50:52.836+0700][gc,marking  ] GC(2) Concurrent Scan Root Regions 20.981ms
[2024-12-16T14:50:52.836+0700][gc,marking  ] GC(2) Concurrent Mark
[2024-12-16T14:50:52.836+0700][gc,marking  ] GC(2) Concurrent Mark From Roots
[2024-12-16T14:50:52.836+0700][gc,task     ] GC(2) Using 1 workers of 1 for marking
[2024-12-16T14:50:52.844+0700][gc,marking  ] GC(2) Concurrent Mark From Roots 7.895ms
[2024-12-16T14:50:52.844+0700][gc,marking  ] GC(2) Concurrent Preclean
[2024-12-16T14:50:52.844+0700][gc,marking  ] GC(2) Concurrent Preclean 0.054ms
[2024-12-16T14:50:52.844+0700][gc,start    ] GC(2) Pause Remark
[2024-12-16T14:50:52.849+0700][gc          ] GC(2) Pause Remark 10M->10M(1024M) 4.792ms
[2024-12-16T14:50:52.849+0700][gc,cpu      ] GC(2) User=0.01s Sys=0.00s Real=0.00s
[2024-12-16T14:50:52.849+0700][gc,marking  ] GC(2) Concurrent Mark 13.000ms
[2024-12-16T14:50:52.849+0700][gc,marking  ] GC(2) Concurrent Rebuild Remembered Sets
[2024-12-16T14:50:52.849+0700][gc,marking  ] GC(2) Concurrent Rebuild Remembered Sets 0.008ms
[2024-12-16T14:50:52.849+0700][gc,start    ] GC(2) Pause Cleanup
[2024-12-16T14:50:52.849+0700][gc          ] GC(2) Pause Cleanup 10M->10M(1024M) 0.030ms
[2024-12-16T14:50:52.849+0700][gc,cpu      ] GC(2) User=0.00s Sys=0.00s Real=0.00s
[2024-12-16T14:50:52.849+0700][gc,marking  ] GC(2) Concurrent Cleanup for Next Mark
[2024-12-16T14:50:52.901+0700][gc,marking  ] GC(2) Concurrent Cleanup for Next Mark 51.684ms
[2024-12-16T14:50:52.901+0700][gc          ] GC(2) Concurrent Mark Cycle 86.247ms
[2024-12-16T14:50:55.480+0700][gc,start    ] GC(3) Pause Young (Normal) (G1 Evacuation Pause)
[2024-12-16T14:50:55.480+0700][gc,task     ] GC(3) Using 2 workers of 2 for evacuation
[2024-12-16T14:50:55.506+0700][gc,mmu      ] GC(3) MMU target violated: 21.0ms (20.0ms/21.0ms)
[2024-12-16T14:50:55.506+0700][gc,phases   ] GC(3)   Pre Evacuate Collection Set: 1.2ms
[2024-12-16T14:50:55.506+0700][gc,phases   ] GC(3)   Merge Heap Roots: 0.1ms
[2024-12-16T14:50:55.506+0700][gc,phases   ] GC(3)   Evacuate Collection Set: 23.6ms
[2024-12-16T14:50:55.506+0700][gc,phases   ] GC(3)   Post Evacuate Collection Set: 0.9ms
[2024-12-16T14:50:55.506+0700][gc,phases   ] GC(3)   Other: 0.4ms
[2024-12-16T14:50:55.506+0700][gc,heap     ] GC(3) Eden regions: 50->0(45)
[2024-12-16T14:50:55.506+0700][gc,heap     ] GC(3) Survivor regions: 1->6(7)
[2024-12-16T14:50:55.506+0700][gc,heap     ] GC(3) Old regions: 8->8
[2024-12-16T14:50:55.506+0700][gc,heap     ] GC(3) Archive regions: 2->2
[2024-12-16T14:50:55.506+0700][gc,heap     ] GC(3) Humongous regions: 129->129
[2024-12-16T14:50:55.506+0700][gc,metaspace] GC(3) Metaspace: 30201K(30464K)->30201K(30464K) NonClass: 26797K(26944K)->26797K(26944K) Class: 3403K(3520K)->3403K(3520K)
[2024-12-16T14:50:55.506+0700][gc          ] GC(3) Pause Young (Normal) (G1 Evacuation Pause) 188M->143M(1024M) 26.218ms
[2024-12-16T14:50:55.506+0700][gc,cpu      ] GC(3) User=0.03s Sys=0.00s Real=0.03s
[2024-12-16T14:50:56.153+0700][gc,start    ] GC(4) Pause Young (Concurrent Start) (Metadata GC Threshold)
[2024-12-16T14:50:56.153+0700][gc,task     ] GC(4) Using 2 workers of 2 for evacuation
[2024-12-16T14:50:56.180+0700][gc,mmu      ] GC(4) MMU target violated: 21.0ms (20.0ms/21.0ms)
[2024-12-16T14:50:56.180+0700][gc,phases   ] GC(4)   Pre Evacuate Collection Set: 1.0ms
[2024-12-16T14:50:56.180+0700][gc,phases   ] GC(4)   Merge Heap Roots: 0.1ms
[2024-12-16T14:50:56.180+0700][gc,phases   ] GC(4)   Evacuate Collection Set: 24.8ms
[2024-12-16T14:50:56.180+0700][gc,phases   ] GC(4)   Post Evacuate Collection Set: 0.7ms
[2024-12-16T14:50:56.180+0700][gc,phases   ] GC(4)   Other: 0.4ms
[2024-12-16T14:50:56.180+0700][gc,heap     ] GC(4) Eden regions: 24->0(48)
[2024-12-16T14:50:56.180+0700][gc,heap     ] GC(4) Survivor regions: 6->3(7)
[2024-12-16T14:50:56.180+0700][gc,heap     ] GC(4) Old regions: 8->13
[2024-12-16T14:50:56.180+0700][gc,heap     ] GC(4) Archive regions: 2->2
[2024-12-16T14:50:56.180+0700][gc,heap     ] GC(4) Humongous regions: 129->129
[2024-12-16T14:50:56.180+0700][gc,metaspace] GC(4) Metaspace: 35886K(36160K)->35886K(36160K) NonClass: 31976K(32128K)->31976K(32128K) Class: 3910K(4032K)->3910K(4032K)
[2024-12-16T14:50:56.180+0700][gc          ] GC(4) Pause Young (Concurrent Start) (Metadata GC Threshold) 167M->145M(1024M) 27.080ms
[2024-12-16T14:50:56.180+0700][gc,cpu      ] GC(4) User=0.02s Sys=0.01s Real=0.03s
[2024-12-16T14:50:56.181+0700][gc          ] GC(5) Concurrent Mark Cycle
[2024-12-16T14:50:56.181+0700][gc,marking  ] GC(5) Concurrent Clear Claimed Marks
[2024-12-16T14:50:56.181+0700][gc,marking  ] GC(5) Concurrent Clear Claimed Marks 0.032ms
[2024-12-16T14:50:56.181+0700][gc,marking  ] GC(5) Concurrent Scan Root Regions
[2024-12-16T14:50:56.194+0700][gc,marking  ] GC(5) Concurrent Scan Root Regions 13.701ms
[2024-12-16T14:50:56.194+0700][gc,marking  ] GC(5) Concurrent Mark
[2024-12-16T14:50:56.194+0700][gc,marking  ] GC(5) Concurrent Mark From Roots
[2024-12-16T14:50:56.194+0700][gc,task     ] GC(5) Using 1 workers of 1 for marking
[2024-12-16T14:50:56.264+0700][gc,marking  ] GC(5) Concurrent Mark From Roots 69.121ms
[2024-12-16T14:50:56.264+0700][gc,marking  ] GC(5) Concurrent Preclean
[2024-12-16T14:50:56.264+0700][gc,marking  ] GC(5) Concurrent Preclean 0.091ms
[2024-12-16T14:50:56.268+0700][gc,start    ] GC(5) Pause Remark
[2024-12-16T14:50:56.275+0700][gc          ] GC(5) Pause Remark 147M->147M(1024M) 6.482ms
[2024-12-16T14:50:56.275+0700][gc,cpu      ] GC(5) User=0.01s Sys=0.00s Real=0.00s
[2024-12-16T14:50:56.275+0700][gc,marking  ] GC(5) Concurrent Mark 80.232ms
[2024-12-16T14:50:56.275+0700][gc,marking  ] GC(5) Concurrent Rebuild Remembered Sets
[2024-12-16T14:50:56.322+0700][gc,marking  ] GC(5) Concurrent Rebuild Remembered Sets 47.594ms
[2024-12-16T14:50:56.328+0700][gc,start    ] GC(5) Pause Cleanup
[2024-12-16T14:50:56.328+0700][gc          ] GC(5) Pause Cleanup 147M->147M(1024M) 0.226ms
[2024-12-16T14:50:56.328+0700][gc,cpu      ] GC(5) User=0.00s Sys=0.00s Real=0.00s
[2024-12-16T14:50:56.329+0700][gc,marking  ] GC(5) Concurrent Cleanup for Next Mark
[2024-12-16T14:50:56.422+0700][gc,marking  ] GC(5) Concurrent Cleanup for Next Mark 92.949ms
[2024-12-16T14:50:56.422+0700][gc          ] GC(5) Concurrent Mark Cycle 241.485ms
[2024-12-16T14:51:16.834+0700][gc,start    ] GC(6) Pause Young (Prepare Mixed) (G1 Evacuation Pause)
[2024-12-16T14:51:16.834+0700][gc,task     ] GC(6) Using 2 workers of 2 for evacuation
[2024-12-16T14:51:16.881+0700][gc,mmu      ] GC(6) MMU target violated: 21.0ms (20.0ms/21.0ms)
[2024-12-16T14:51:16.881+0700][gc,phases   ] GC(6)   Pre Evacuate Collection Set: 2.4ms
[2024-12-16T14:51:16.881+0700][gc,phases   ] GC(6)   Merge Heap Roots: 0.6ms
[2024-12-16T14:51:16.881+0700][gc,phases   ] GC(6)   Evacuate Collection Set: 39.0ms
[2024-12-16T14:51:16.881+0700][gc,phases   ] GC(6)   Post Evacuate Collection Set: 4.1ms
[2024-12-16T14:51:16.881+0700][gc,phases   ] GC(6)   Other: 1.0ms
[2024-12-16T14:51:16.881+0700][gc,heap     ] GC(6) Eden regions: 48->0(45)
[2024-12-16T14:51:16.881+0700][gc,heap     ] GC(6) Survivor regions: 3->6(7)
[2024-12-16T14:51:16.881+0700][gc,heap     ] GC(6) Old regions: 13->13
[2024-12-16T14:51:16.881+0700][gc,heap     ] GC(6) Archive regions: 2->2
[2024-12-16T14:51:16.881+0700][gc,heap     ] GC(6) Humongous regions: 171->129
[2024-12-16T14:51:16.881+0700][gc,metaspace] GC(6) Metaspace: 41437K(42048K)->41437K(42048K) NonClass: 36631K(36992K)->36631K(36992K) Class: 4806K(5056K)->4806K(5056K)
[2024-12-16T14:51:16.881+0700][gc          ] GC(6) Pause Young (Prepare Mixed) (G1 Evacuation Pause) 235M->147M(1024M) 47.121ms
[2024-12-16T14:51:16.881+0700][gc,cpu      ] GC(6) User=0.09s Sys=0.00s Real=0.05s
[2024-12-16T14:52:38.568+0700][gc,start    ] GC(7) Pause Young (Mixed) (G1 Evacuation Pause)
[2024-12-16T14:52:38.568+0700][gc,task     ] GC(7) Using 2 workers of 2 for evacuation
[2024-12-16T14:52:38.620+0700][gc,mmu      ] GC(7) MMU target violated: 21.0ms (20.0ms/21.0ms)
[2024-12-16T14:52:38.621+0700][gc,phases   ] GC(7)   Pre Evacuate Collection Set: 4.3ms
[2024-12-16T14:52:38.621+0700][gc,phases   ] GC(7)   Merge Heap Roots: 0.7ms
[2024-12-16T14:52:38.621+0700][gc,phases   ] GC(7)   Evacuate Collection Set: 43.9ms
[2024-12-16T14:52:38.621+0700][gc,phases   ] GC(7)   Post Evacuate Collection Set: 2.9ms
[2024-12-16T14:52:38.621+0700][gc,phases   ] GC(7)   Other: 1.2ms
[2024-12-16T14:52:38.621+0700][gc,heap     ] GC(7) Eden regions: 45->0(46)
[2024-12-16T14:52:38.621+0700][gc,heap     ] GC(7) Survivor regions: 6->5(7)
[2024-12-16T14:52:38.621+0700][gc,heap     ] GC(7) Old regions: 13->15
[2024-12-16T14:52:38.621+0700][gc,heap     ] GC(7) Archive regions: 2->2
[2024-12-16T14:52:38.621+0700][gc,heap     ] GC(7) Humongous regions: 129->129
[2024-12-16T14:52:38.621+0700][gc,metaspace] GC(7) Metaspace: 42161K(42688K)->42161K(42688K) NonClass: 37310K(37632K)->37310K(37632K) Class: 4850K(5056K)->4850K(5056K)
[2024-12-16T14:52:38.621+0700][gc          ] GC(7) Pause Young (Mixed) (G1 Evacuation Pause) 192M->149M(1024M) 52.995ms
[2024-12-16T14:52:38.621+0700][gc,cpu      ] GC(7) User=0.09s Sys=0.01s Real=0.05s
[2024-12-16T14:54:08.464+0700][gc,start    ] GC(8) Pause Young (Normal) (G1 Evacuation Pause)
[2024-12-16T14:54:08.465+0700][gc,task     ] GC(8) Using 2 workers of 2 for evacuation
[2024-12-16T14:54:08.508+0700][gc,mmu      ] GC(8) MMU target violated: 21.0ms (20.0ms/21.0ms)
[2024-12-16T14:54:08.508+0700][gc,phases   ] GC(8)   Pre Evacuate Collection Set: 2.8ms
[2024-12-16T14:54:08.508+0700][gc,phases   ] GC(8)   Merge Heap Roots: 0.6ms
[2024-12-16T14:54:08.508+0700][gc,phases   ] GC(8)   Evacuate Collection Set: 37.2ms
[2024-12-16T14:54:08.508+0700][gc,phases   ] GC(8)   Post Evacuate Collection Set: 2.5ms
[2024-12-16T14:54:08.508+0700][gc,phases   ] GC(8)   Other: 1.2ms
[2024-12-16T14:54:08.508+0700][gc,heap     ] GC(8) Eden regions: 46->0(48)
[2024-12-16T14:54:08.509+0700][gc,heap     ] GC(8) Survivor regions: 5->3(7)
[2024-12-16T14:54:08.509+0700][gc,heap     ] GC(8) Old regions: 15->17
[2024-12-16T14:54:08.509+0700][gc,heap     ] GC(8) Archive regions: 2->2
[2024-12-16T14:54:08.509+0700][gc,heap     ] GC(8) Humongous regions: 129->129
[2024-12-16T14:54:08.509+0700][gc,metaspace] GC(8) Metaspace: 42240K(42752K)->42240K(42752K) NonClass: 37389K(37696K)->37389K(37696K) Class: 4850K(5056K)->4850K(5056K)
[2024-12-16T14:54:08.509+0700][gc          ] GC(8) Pause Young (Normal) (G1 Evacuation Pause) 195M->149M(1024M) 44.225ms
[2024-12-16T14:54:08.509+0700][gc,cpu      ] GC(8) User=0.08s Sys=0.01s Real=0.04s
[2024-12-16T14:55:43.336+0700][gc,start    ] GC(9) Pause Young (Normal) (G1 Evacuation Pause)
[2024-12-16T14:55:43.336+0700][gc,task     ] GC(9) Using 2 workers of 2 for evacuation
[2024-12-16T14:55:43.397+0700][gc,mmu      ] GC(9) MMU target violated: 21.0ms (20.0ms/21.0ms)
[2024-12-16T14:55:43.398+0700][gc,phases   ] GC(9)   Pre Evacuate Collection Set: 5.8ms
[2024-12-16T14:55:43.398+0700][gc,phases   ] GC(9)   Merge Heap Roots: 0.5ms
[2024-12-16T14:55:43.398+0700][gc,phases   ] GC(9)   Evacuate Collection Set: 52.4ms
[2024-12-16T14:55:43.398+0700][gc,phases   ] GC(9)   Post Evacuate Collection Set: 2.1ms
[2024-12-16T14:55:43.398+0700][gc,phases   ] GC(9)   Other: 1.3ms
[2024-12-16T14:55:43.398+0700][gc,heap     ] GC(9) Eden regions: 48->0(45)
[2024-12-16T14:55:43.398+0700][gc,heap     ] GC(9) Survivor regions: 3->6(7)
[2024-12-16T14:55:43.398+0700][gc,heap     ] GC(9) Old regions: 17->17
[2024-12-16T14:55:43.398+0700][gc,heap     ] GC(9) Archive regions: 2->2
[2024-12-16T14:55:43.398+0700][gc,heap     ] GC(9) Humongous regions: 129->129
[2024-12-16T14:55:43.398+0700][gc,metaspace] GC(9) Metaspace: 42314K(42880K)->42314K(42880K) NonClass: 37462K(37824K)->37462K(37824K) Class: 4851K(5056K)->4851K(5056K)
[2024-12-16T14:55:43.398+0700][gc          ] GC(9) Pause Young (Normal) (G1 Evacuation Pause) 197M->152M(1024M) 61.929ms
[2024-12-16T14:55:43.398+0700][gc,cpu      ] GC(9) User=0.12s Sys=0.01s Real=0.06s
[2024-12-16T14:57:13.966+0700][gc,start    ] GC(10) Pause Young (Normal) (G1 Evacuation Pause)
[2024-12-16T14:57:13.967+0700][gc,task     ] GC(10) Using 2 workers of 2 for evacuation
[2024-12-16T14:57:14.005+0700][gc,mmu      ] GC(10) MMU target violated: 21.0ms (20.0ms/21.0ms)
[2024-12-16T14:57:14.005+0700][gc,phases   ] GC(10)   Pre Evacuate Collection Set: 3.0ms
[2024-12-16T14:57:14.005+0700][gc,phases   ] GC(10)   Merge Heap Roots: 0.4ms
[2024-12-16T14:57:14.005+0700][gc,phases   ] GC(10)   Evacuate Collection Set: 31.4ms
[2024-12-16T14:57:14.005+0700][gc,phases   ] GC(10)   Post Evacuate Collection Set: 3.1ms
[2024-12-16T14:57:14.005+0700][gc,phases   ] GC(10)   Other: 1.7ms
[2024-12-16T14:57:14.005+0700][gc,heap     ] GC(10) Eden regions: 45->0(48)
[2024-12-16T14:57:14.005+0700][gc,heap     ] GC(10) Survivor regions: 6->3(7)
[2024-12-16T14:57:14.005+0700][gc,heap     ] GC(10) Old regions: 17->21
[2024-12-16T14:57:14.005+0700][gc,heap     ] GC(10) Archive regions: 2->2
[2024-12-16T14:57:14.005+0700][gc,heap     ] GC(10) Humongous regions: 129->129
[2024-12-16T14:57:14.005+0700][gc,metaspace] GC(10) Metaspace: 42378K(42880K)->42378K(42880K) NonClass: 37525K(37824K)->37525K(37824K) Class: 4852K(5056K)->4852K(5056K)
[2024-12-16T14:57:14.005+0700][gc          ] GC(10) Pause Young (Normal) (G1 Evacuation Pause) 197M->152M(1024M) 39.558ms
[2024-12-16T14:57:14.006+0700][gc,cpu      ] GC(10) User=0.06s Sys=0.02s Real=0.04s
[2024-12-16T14:58:51.834+0700][gc,start    ] GC(11) Pause Young (Normal) (G1 Evacuation Pause)
[2024-12-16T14:58:51.835+0700][gc,task     ] GC(11) Using 2 workers of 2 for evacuation
[2024-12-16T14:58:51.885+0700][gc,mmu      ] GC(11) MMU target violated: 21.0ms (20.0ms/21.0ms)
[2024-12-16T14:58:51.885+0700][gc,phases   ] GC(11)   Pre Evacuate Collection Set: 3.2ms
[2024-12-16T14:58:51.885+0700][gc,phases   ] GC(11)   Merge Heap Roots: 0.6ms
[2024-12-16T14:58:51.885+0700][gc,phases   ] GC(11)   Evacuate Collection Set: 43.4ms
[2024-12-16T14:58:51.885+0700][gc,phases   ] GC(11)   Post Evacuate Collection Set: 2.5ms
[2024-12-16T14:58:51.885+0700][gc,phases   ] GC(11)   Other: 1.2ms
[2024-12-16T14:58:51.885+0700][gc,heap     ] GC(11) Eden regions: 48->0(45)
[2024-12-16T14:58:51.885+0700][gc,heap     ] GC(11) Survivor regions: 3->6(7)
[2024-12-16T14:58:51.885+0700][gc,heap     ] GC(11) Old regions: 21->21
[2024-12-16T14:58:51.885+0700][gc,heap     ] GC(11) Archive regions: 2->2
[2024-12-16T14:58:51.885+0700][gc,heap     ] GC(11) Humongous regions: 129->129
[2024-12-16T14:58:51.885+0700][gc,metaspace] GC(11) Metaspace: 42433K(42944K)->42433K(42944K) NonClass: 37580K(37888K)->37580K(37888K) Class: 4852K(5056K)->4852K(5056K)
[2024-12-16T14:58:51.885+0700][gc          ] GC(11) Pause Young (Normal) (G1 Evacuation Pause) 200M->155M(1024M) 50.882ms
[2024-12-16T14:58:51.885+0700][gc,cpu      ] GC(11) User=0.09s Sys=0.00s Real=0.06s
[2024-12-16T15:00:23.420+0700][gc,start    ] GC(12) Pause Young (Normal) (G1 Evacuation Pause)
[2024-12-16T15:00:23.420+0700][gc,task     ] GC(12) Using 2 workers of 2 for evacuation
[2024-12-16T15:00:23.474+0700][gc,mmu      ] GC(12) MMU target violated: 21.0ms (20.0ms/21.0ms)
[2024-12-16T15:00:23.474+0700][gc,phases   ] GC(12)   Pre Evacuate Collection Set: 2.5ms
[2024-12-16T15:00:23.474+0700][gc,phases   ] GC(12)   Merge Heap Roots: 0.6ms
[2024-12-16T15:00:23.474+0700][gc,phases   ] GC(12)   Evacuate Collection Set: 47.5ms
[2024-12-16T15:00:23.474+0700][gc,phases   ] GC(12)   Post Evacuate Collection Set: 2.7ms
[2024-12-16T15:00:23.474+0700][gc,phases   ] GC(12)   Other: 1.3ms
[2024-12-16T15:00:23.474+0700][gc,heap     ] GC(12) Eden regions: 45->0(46)
[2024-12-16T15:00:23.474+0700][gc,heap     ] GC(12) Survivor regions: 6->5(7)
[2024-12-16T15:00:23.474+0700][gc,heap     ] GC(12) Old regions: 21->25
[2024-12-16T15:00:23.474+0700][gc,heap     ] GC(12) Archive regions: 2->2
[2024-12-16T15:00:23.474+0700][gc,heap     ] GC(12) Humongous regions: 129->129
[2024-12-16T15:00:23.474+0700][gc,metaspace] GC(12) Metaspace: 42456K(42944K)->42456K(42944K) NonClass: 37603K(37888K)->37603K(37888K) Class: 4852K(5056K)->4852K(5056K)
[2024-12-16T15:00:23.474+0700][gc          ] GC(12) Pause Young (Normal) (G1 Evacuation Pause) 200M->159M(1024M) 54.664ms
[2024-12-16T15:00:23.474+0700][gc,cpu      ] GC(12) User=0.10s Sys=0.00s Real=0.05s
[2024-12-16T15:01:56.070+0700][gc,start    ] GC(13) Pause Young (Normal) (G1 Evacuation Pause)
[2024-12-16T15:01:56.070+0700][gc,task     ] GC(13) Using 2 workers of 2 for evacuation
[2024-12-16T15:01:56.108+0700][gc,mmu      ] GC(13) MMU target violated: 21.0ms (20.0ms/21.0ms)
[2024-12-16T15:01:56.108+0700][gc,phases   ] GC(13)   Pre Evacuate Collection Set: 2.9ms
[2024-12-16T15:01:56.108+0700][gc,phases   ] GC(13)   Merge Heap Roots: 0.4ms
[2024-12-16T15:01:56.108+0700][gc,phases   ] GC(13)   Evacuate Collection Set: 32.2ms
[2024-12-16T15:01:56.108+0700][gc,phases   ] GC(13)   Post Evacuate Collection Set: 2.0ms
[2024-12-16T15:01:56.108+0700][gc,phases   ] GC(13)   Other: 1.4ms
[2024-12-16T15:01:56.108+0700][gc,heap     ] GC(13) Eden regions: 46->0(48)
[2024-12-16T15:01:56.108+0700][gc,heap     ] GC(13) Survivor regions: 5->3(7)
[2024-12-16T15:01:56.108+0700][gc,heap     ] GC(13) Old regions: 25->27
[2024-12-16T15:01:56.108+0700][gc,heap     ] GC(13) Archive regions: 2->2
[2024-12-16T15:01:56.108+0700][gc,heap     ] GC(13) Humongous regions: 129->129
[2024-12-16T15:01:56.108+0700][gc,metaspace] GC(13) Metaspace: 42530K(43072K)->42530K(43072K) NonClass: 37666K(37952K)->37666K(37952K) Class: 4864K(5120K)->4864K(5120K)
[2024-12-16T15:01:56.108+0700][gc          ] GC(13) Pause Young (Normal) (G1 Evacuation Pause) 205M->159M(1024M) 38.885ms
[2024-12-16T15:01:56.108+0700][gc,cpu      ] GC(13) User=0.07s Sys=0.00s Real=0.04s
[2024-12-16T15:03:34.560+0700][gc,start    ] GC(14) Pause Young (Normal) (G1 Evacuation Pause)
[2024-12-16T15:03:34.560+0700][gc,task     ] GC(14) Using 2 workers of 2 for evacuation
[2024-12-16T15:03:34.608+0700][gc,mmu      ] GC(14) MMU target violated: 21.0ms (20.0ms/21.0ms)
[2024-12-16T15:03:34.608+0700][gc,phases   ] GC(14)   Pre Evacuate Collection Set: 2.7ms
[2024-12-16T15:03:34.608+0700][gc,phases   ] GC(14)   Merge Heap Roots: 0.7ms
[2024-12-16T15:03:34.608+0700][gc,phases   ] GC(14)   Evacuate Collection Set: 40.9ms
[2024-12-16T15:03:34.608+0700][gc,phases   ] GC(14)   Post Evacuate Collection Set: 3.0ms
[2024-12-16T15:03:34.608+0700][gc,phases   ] GC(14)   Other: 1.1ms
[2024-12-16T15:03:34.608+0700][gc,heap     ] GC(14) Eden regions: 48->0(45)
[2024-12-16T15:03:34.608+0700][gc,heap     ] GC(14) Survivor regions: 3->6(7)
[2024-12-16T15:03:34.608+0700][gc,heap     ] GC(14) Old regions: 27->27
[2024-12-16T15:03:34.608+0700][gc,heap     ] GC(14) Archive regions: 2->2
[2024-12-16T15:03:34.608+0700][gc,heap     ] GC(14) Humongous regions: 129->129
[2024-12-16T15:03:34.608+0700][gc,metaspace] GC(14) Metaspace: 42547K(43072K)->42547K(43072K) NonClass: 37683K(37952K)->37683K(37952K) Class: 4864K(5120K)->4864K(5120K)
[2024-12-16T15:03:34.609+0700][gc          ] GC(14) Pause Young (Normal) (G1 Evacuation Pause) 207M->162M(1024M) 48.618ms
[2024-12-16T15:03:34.609+0700][gc,cpu      ] GC(14) User=0.09s Sys=0.00s Real=0.05s
[2024-12-16T15:05:07.554+0700][gc,start    ] GC(15) Pause Young (Normal) (G1 Evacuation Pause)
[2024-12-16T15:05:07.554+0700][gc,task     ] GC(15) Using 2 workers of 2 for evacuation
[2024-12-16T15:05:07.621+0700][gc,mmu      ] GC(15) MMU target violated: 21.0ms (20.0ms/21.0ms)
[2024-12-16T15:05:07.621+0700][gc,phases   ] GC(15)   Pre Evacuate Collection Set: 3.6ms
[2024-12-16T15:05:07.621+0700][gc,phases   ] GC(15)   Merge Heap Roots: 0.7ms
[2024-12-16T15:05:07.621+0700][gc,phases   ] GC(15)   Evacuate Collection Set: 59.8ms
[2024-12-16T15:05:07.621+0700][gc,phases   ] GC(15)   Post Evacuate Collection Set: 2.2ms
[2024-12-16T15:05:07.621+0700][gc,phases   ] GC(15)   Other: 1.0ms
[2024-12-16T15:05:07.621+0700][gc,heap     ] GC(15) Eden regions: 45->0(46)
[2024-12-16T15:05:07.621+0700][gc,heap     ] GC(15) Survivor regions: 6->5(7)
[2024-12-16T15:05:07.621+0700][gc,heap     ] GC(15) Old regions: 27->31
[2024-12-16T15:05:07.621+0700][gc,heap     ] GC(15) Archive regions: 2->2
[2024-12-16T15:05:07.621+0700][gc,heap     ] GC(15) Humongous regions: 129->129
[2024-12-16T15:05:07.621+0700][gc,metaspace] GC(15) Metaspace: 42562K(43136K)->42562K(43136K) NonClass: 37698K(38016K)->37698K(38016K) Class: 4864K(5120K)->4864K(5120K)
[2024-12-16T15:05:07.622+0700][gc          ] GC(15) Pause Young (Normal) (G1 Evacuation Pause) 207M->165M(1024M) 67.404ms
[2024-12-16T15:05:07.622+0700][gc,cpu      ] GC(15) User=0.13s Sys=0.00s Real=0.07s
[2024-12-16T15:06:40.524+0700][gc,start    ] GC(16) Pause Young (Normal) (G1 Evacuation Pause)
[2024-12-16T15:06:40.524+0700][gc,task     ] GC(16) Using 2 workers of 2 for evacuation
[2024-12-16T15:06:40.565+0700][gc,mmu      ] GC(16) MMU target violated: 21.0ms (20.0ms/21.0ms)
[2024-12-16T15:06:40.565+0700][gc,phases   ] GC(16)   Pre Evacuate Collection Set: 4.1ms
[2024-12-16T15:06:40.565+0700][gc,phases   ] GC(16)   Merge Heap Roots: 0.5ms
[2024-12-16T15:06:40.565+0700][gc,phases   ] GC(16)   Evacuate Collection Set: 32.5ms
[2024-12-16T15:06:40.565+0700][gc,phases   ] GC(16)   Post Evacuate Collection Set: 3.5ms
[2024-12-16T15:06:40.565+0700][gc,phases   ] GC(16)   Other: 1.2ms
[2024-12-16T15:06:40.566+0700][gc,heap     ] GC(16) Eden regions: 46->0(48)
[2024-12-16T15:06:40.566+0700][gc,heap     ] GC(16) Survivor regions: 5->3(7)
[2024-12-16T15:06:40.566+0700][gc,heap     ] GC(16) Old regions: 31->34
[2024-12-16T15:06:40.566+0700][gc,heap     ] GC(16) Archive regions: 2->2
[2024-12-16T15:06:40.566+0700][gc,heap     ] GC(16) Humongous regions: 129->129
[2024-12-16T15:06:40.566+0700][gc,metaspace] GC(16) Metaspace: 42593K(43200K)->42593K(43200K) NonClass: 37729K(38080K)->37729K(38080K) Class: 4864K(5120K)->4864K(5120K)
[2024-12-16T15:06:40.566+0700][gc          ] GC(16) Pause Young (Normal) (G1 Evacuation Pause) 211M->166M(1024M) 41.735ms
[2024-12-16T15:06:40.566+0700][gc,cpu      ] GC(16) User=0.07s Sys=0.00s Real=0.05s
[2024-12-16T15:08:20.178+0700][gc,start    ] GC(17) Pause Young (Normal) (G1 Evacuation Pause)
[2024-12-16T15:08:20.179+0700][gc,task     ] GC(17) Using 2 workers of 2 for evacuation
[2024-12-16T15:08:20.223+0700][gc,mmu      ] GC(17) MMU target violated: 21.0ms (20.0ms/21.0ms)
[2024-12-16T15:08:20.223+0700][gc,phases   ] GC(17)   Pre Evacuate Collection Set: 2.3ms
[2024-12-16T15:08:20.223+0700][gc,phases   ] GC(17)   Merge Heap Roots: 0.4ms
[2024-12-16T15:08:20.223+0700][gc,phases   ] GC(17)   Evacuate Collection Set: 38.8ms
[2024-12-16T15:08:20.223+0700][gc,phases   ] GC(17)   Post Evacuate Collection Set: 2.2ms
[2024-12-16T15:08:20.223+0700][gc,phases   ] GC(17)   Other: 1.1ms
[2024-12-16T15:08:20.223+0700][gc,heap     ] GC(17) Eden regions: 48->0(44)
[2024-12-16T15:08:20.223+0700][gc,heap     ] GC(17) Survivor regions: 3->7(7)
[2024-12-16T15:08:20.223+0700][gc,heap     ] GC(17) Old regions: 34->34
[2024-12-16T15:08:20.223+0700][gc,heap     ] GC(17) Archive regions: 2->2
[2024-12-16T15:08:20.223+0700][gc,heap     ] GC(17) Humongous regions: 129->129
[2024-12-16T15:08:20.223+0700][gc,metaspace] GC(17) Metaspace: 42606K(43200K)->42606K(43200K) NonClass: 37742K(38080K)->37742K(38080K) Class: 4864K(5120K)->4864K(5120K)
[2024-12-16T15:08:20.223+0700][gc          ] GC(17) Pause Young (Normal) (G1 Evacuation Pause) 214M->169M(1024M) 44.792ms
[2024-12-16T15:08:20.223+0700][gc,cpu      ] GC(17) User=0.08s Sys=0.00s Real=0.04s
[2024-12-16T15:09:50.377+0700][gc,start    ] GC(18) Pause Young (Normal) (G1 Evacuation Pause)
[2024-12-16T15:09:50.377+0700][gc,task     ] GC(18) Using 2 workers of 2 for evacuation
[2024-12-16T15:09:50.447+0700][gc,mmu      ] GC(18) MMU target violated: 21.0ms (20.0ms/21.0ms)
[2024-12-16T15:09:50.447+0700][gc,phases   ] GC(18)   Pre Evacuate Collection Set: 2.4ms
[2024-12-16T15:09:50.447+0700][gc,phases   ] GC(18)   Merge Heap Roots: 0.7ms
[2024-12-16T15:09:50.447+0700][gc,phases   ] GC(18)   Evacuate Collection Set: 63.5ms
[2024-12-16T15:09:50.447+0700][gc,phases   ] GC(18)   Post Evacuate Collection Set: 2.6ms
[2024-12-16T15:09:50.448+0700][gc,phases   ] GC(18)   Other: 1.2ms
[2024-12-16T15:09:50.448+0700][gc,heap     ] GC(18) Eden regions: 44->0(46)
[2024-12-16T15:09:50.448+0700][gc,heap     ] GC(18) Survivor regions: 7->5(7)
[2024-12-16T15:09:50.448+0700][gc,heap     ] GC(18) Old regions: 34->38
[2024-12-16T15:09:50.448+0700][gc,heap     ] GC(18) Archive regions: 2->2
[2024-12-16T15:09:50.448+0700][gc,heap     ] GC(18) Humongous regions: 129->129
[2024-12-16T15:09:50.448+0700][gc,metaspace] GC(18) Metaspace: 42638K(43264K)->42638K(43264K) NonClass: 37774K(38144K)->37774K(38144K) Class: 4864K(5120K)->4864K(5120K)
[2024-12-16T15:09:50.448+0700][gc          ] GC(18) Pause Young (Normal) (G1 Evacuation Pause) 213M->172M(1024M) 70.662ms
[2024-12-16T15:09:50.448+0700][gc,cpu      ] GC(18) User=0.13s Sys=0.00s Real=0.07s
[2024-12-16T15:11:19.880+0700][gc,start    ] GC(19) Pause Young (Normal) (G1 Evacuation Pause)
[2024-12-16T15:11:19.880+0700][gc,task     ] GC(19) Using 2 workers of 2 for evacuation
[2024-12-16T15:11:19.931+0700][gc,mmu      ] GC(19) MMU target violated: 21.0ms (20.0ms/21.0ms)
[2024-12-16T15:11:19.931+0700][gc,phases   ] GC(19)   Pre Evacuate Collection Set: 4.0ms
[2024-12-16T15:11:19.931+0700][gc,phases   ] GC(19)   Merge Heap Roots: 0.7ms
[2024-12-16T15:11:19.931+0700][gc,phases   ] GC(19)   Evacuate Collection Set: 43.5ms
[2024-12-16T15:11:19.931+0700][gc,phases   ] GC(19)   Post Evacuate Collection Set: 2.0ms
[2024-12-16T15:11:19.931+0700][gc,phases   ] GC(19)   Other: 1.2ms
[2024-12-16T15:11:19.931+0700][gc,heap     ] GC(19) Eden regions: 46->0(48)
[2024-12-16T15:11:19.931+0700][gc,heap     ] GC(19) Survivor regions: 5->3(7)
[2024-12-16T15:11:19.931+0700][gc,heap     ] GC(19) Old regions: 38->41
[2024-12-16T15:11:19.931+0700][gc,heap     ] GC(19) Archive regions: 2->2
[2024-12-16T15:11:19.931+0700][gc,heap     ] GC(19) Humongous regions: 129->129
[2024-12-16T15:11:19.931+0700][gc,metaspace] GC(19) Metaspace: 42811K(43328K)->42811K(43328K) NonClass: 37917K(38208K)->37917K(38208K) Class: 4894K(5120K)->4894K(5120K)
[2024-12-16T15:11:19.931+0700][gc          ] GC(19) Pause Young (Normal) (G1 Evacuation Pause) 218M->173M(1024M) 51.278ms
[2024-12-16T15:11:19.931+0700][gc,cpu      ] GC(19) User=0.09s Sys=0.00s Real=0.05s
[2024-12-16T15:12:56.604+0700][gc,start    ] GC(20) Pause Young (Normal) (G1 Evacuation Pause)
[2024-12-16T15:12:56.604+0700][gc,task     ] GC(20) Using 2 workers of 2 for evacuation
[2024-12-16T15:12:56.650+0700][gc,mmu      ] GC(20) MMU target violated: 21.0ms (20.0ms/21.0ms)
[2024-12-16T15:12:56.650+0700][gc,phases   ] GC(20)   Pre Evacuate Collection Set: 2.6ms
[2024-12-16T15:12:56.650+0700][gc,phases   ] GC(20)   Merge Heap Roots: 0.8ms
[2024-12-16T15:12:56.650+0700][gc,phases   ] GC(20)   Evacuate Collection Set: 39.9ms
[2024-12-16T15:12:56.650+0700][gc,phases   ] GC(20)   Post Evacuate Collection Set: 1.9ms
[2024-12-16T15:12:56.650+0700][gc,phases   ] GC(20)   Other: 1.2ms
[2024-12-16T15:12:56.650+0700][gc,heap     ] GC(20) Eden regions: 48->0(44)
[2024-12-16T15:12:56.650+0700][gc,heap     ] GC(20) Survivor regions: 3->7(7)
[2024-12-16T15:12:56.650+0700][gc,heap     ] GC(20) Old regions: 41->41
[2024-12-16T15:12:56.650+0700][gc,heap     ] GC(20) Archive regions: 2->2
[2024-12-16T15:12:56.650+0700][gc,heap     ] GC(20) Humongous regions: 129->129
[2024-12-16T15:12:56.650+0700][gc,metaspace] GC(20) Metaspace: 42829K(43392K)->42829K(43392K) NonClass: 37935K(38272K)->37935K(38272K) Class: 4894K(5120K)->4894K(5120K)
[2024-12-16T15:12:56.650+0700][gc          ] GC(20) Pause Young (Normal) (G1 Evacuation Pause) 221M->176M(1024M) 46.372ms
[2024-12-16T15:12:56.650+0700][gc,cpu      ] GC(20) User=0.08s Sys=0.01s Real=0.05s
[2024-12-16T15:14:25.134+0700][gc,start    ] GC(21) Pause Young (Normal) (G1 Evacuation Pause)
[2024-12-16T15:14:25.135+0700][gc,task     ] GC(21) Using 2 workers of 2 for evacuation
[2024-12-16T15:14:25.193+0700][gc,mmu      ] GC(21) MMU target violated: 21.0ms (20.0ms/21.0ms)
[2024-12-16T15:14:25.193+0700][gc,phases   ] GC(21)   Pre Evacuate Collection Set: 3.0ms
[2024-12-16T15:14:25.193+0700][gc,phases   ] GC(21)   Merge Heap Roots: 0.5ms
[2024-12-16T15:14:25.193+0700][gc,phases   ] GC(21)   Evacuate Collection Set: 52.2ms
[2024-12-16T15:14:25.193+0700][gc,phases   ] GC(21)   Post Evacuate Collection Set: 1.8ms
[2024-12-16T15:14:25.193+0700][gc,phases   ] GC(21)   Other: 1.3ms
[2024-12-16T15:14:25.193+0700][gc,heap     ] GC(21) Eden regions: 44->0(46)
[2024-12-16T15:14:25.193+0700][gc,heap     ] GC(21) Survivor regions: 7->5(7)
[2024-12-16T15:14:25.193+0700][gc,heap     ] GC(21) Old regions: 41->45
[2024-12-16T15:14:25.193+0700][gc,heap     ] GC(21) Archive regions: 2->2
[2024-12-16T15:14:25.193+0700][gc,heap     ] GC(21) Humongous regions: 129->129
[2024-12-16T15:14:25.193+0700][gc,metaspace] GC(21) Metaspace: 42840K(43392K)->42840K(43392K) NonClass: 37945K(38272K)->37945K(38272K) Class: 4894K(5120K)->4894K(5120K)
[2024-12-16T15:14:25.193+0700][gc          ] GC(21) Pause Young (Normal) (G1 Evacuation Pause) 220M->179M(1024M) 58.800ms
[2024-12-16T15:14:25.193+0700][gc,cpu      ] GC(21) User=0.11s Sys=0.00s Real=0.06s
[2024-12-16T15:16:10.224+0700][gc,start    ] GC(22) Pause Young (Normal) (G1 Evacuation Pause)
[2024-12-16T15:16:10.225+0700][gc,task     ] GC(22) Using 2 workers of 2 for evacuation
[2024-12-16T15:16:10.262+0700][gc,mmu      ] GC(22) MMU target violated: 21.0ms (20.0ms/21.0ms)
[2024-12-16T15:16:10.262+0700][gc,phases   ] GC(22)   Pre Evacuate Collection Set: 2.7ms
[2024-12-16T15:16:10.262+0700][gc,phases   ] GC(22)   Merge Heap Roots: 0.9ms
[2024-12-16T15:16:10.262+0700][gc,phases   ] GC(22)   Evacuate Collection Set: 30.8ms
[2024-12-16T15:16:10.262+0700][gc,phases   ] GC(22)   Post Evacuate Collection Set: 2.4ms
[2024-12-16T15:16:10.262+0700][gc,phases   ] GC(22)   Other: 1.6ms
[2024-12-16T15:16:10.262+0700][gc,heap     ] GC(22) Eden regions: 46->0(48)
[2024-12-16T15:16:10.262+0700][gc,heap     ] GC(22) Survivor regions: 5->3(7)
[2024-12-16T15:16:10.262+0700][gc,heap     ] GC(22) Old regions: 45->47
[2024-12-16T15:16:10.262+0700][gc,heap     ] GC(22) Archive regions: 2->2
[2024-12-16T15:16:10.262+0700][gc,heap     ] GC(22) Humongous regions: 129->129
[2024-12-16T15:16:10.262+0700][gc,metaspace] GC(22) Metaspace: 42872K(43392K)->42872K(43392K) NonClass: 37978K(38272K)->37978K(38272K) Class: 4894K(5120K)->4894K(5120K)
[2024-12-16T15:16:10.262+0700][gc          ] GC(22) Pause Young (Normal) (G1 Evacuation Pause) 225M->179M(1024M) 38.242ms
[2024-12-16T15:16:10.262+0700][gc,cpu      ] GC(22) User=0.06s Sys=0.00s Real=0.03s
[2024-12-16T15:18:01.390+0700][gc,start    ] GC(23) Pause Young (Normal) (G1 Evacuation Pause)
[2024-12-16T15:18:01.391+0700][gc,task     ] GC(23) Using 2 workers of 2 for evacuation
[2024-12-16T15:18:01.439+0700][gc,mmu      ] GC(23) MMU target violated: 21.0ms (20.0ms/21.0ms)
[2024-12-16T15:18:01.439+0700][gc,phases   ] GC(23)   Pre Evacuate Collection Set: 2.8ms
[2024-12-16T15:18:01.439+0700][gc,phases   ] GC(23)   Merge Heap Roots: 0.6ms
[2024-12-16T15:18:01.439+0700][gc,phases   ] GC(23)   Evacuate Collection Set: 40.0ms
[2024-12-16T15:18:01.439+0700][gc,phases   ] GC(23)   Post Evacuate Collection Set: 4.2ms
[2024-12-16T15:18:01.439+0700][gc,phases   ] GC(23)   Other: 1.7ms
[2024-12-16T15:18:01.439+0700][gc,heap     ] GC(23) Eden regions: 48->0(45)
[2024-12-16T15:18:01.439+0700][gc,heap     ] GC(23) Survivor regions: 3->6(7)
[2024-12-16T15:18:01.439+0700][gc,heap     ] GC(23) Old regions: 47->47
[2024-12-16T15:18:01.439+0700][gc,heap     ] GC(23) Archive regions: 2->2
[2024-12-16T15:18:01.439+0700][gc,heap     ] GC(23) Humongous regions: 129->129
[2024-12-16T15:18:01.439+0700][gc,metaspace] GC(23) Metaspace: 42884K(43392K)->42884K(43392K) NonClass: 37990K(38272K)->37990K(38272K) Class: 4894K(5120K)->4894K(5120K)
[2024-12-16T15:18:01.440+0700][gc          ] GC(23) Pause Young (Normal) (G1 Evacuation Pause) 227M->182M(1024M) 49.127ms
[2024-12-16T15:18:01.440+0700][gc,cpu      ] GC(23) User=0.09s Sys=0.00s Real=0.05s
[2024-12-16T15:19:44.925+0700][gc,start    ] GC(24) Pause Young (Normal) (G1 Evacuation Pause)
[2024-12-16T15:19:44.926+0700][gc,task     ] GC(24) Using 2 workers of 2 for evacuation
[2024-12-16T15:19:44.988+0700][gc,mmu      ] GC(24) MMU target violated: 21.0ms (20.0ms/21.0ms)
[2024-12-16T15:19:44.988+0700][gc,phases   ] GC(24)   Pre Evacuate Collection Set: 3.8ms
[2024-12-16T15:19:44.989+0700][gc,phases   ] GC(24)   Merge Heap Roots: 0.4ms
[2024-12-16T15:19:44.989+0700][gc,phases   ] GC(24)   Evacuate Collection Set: 54.5ms
[2024-12-16T15:19:44.989+0700][gc,phases   ] GC(24)   Post Evacuate Collection Set: 3.1ms
[2024-12-16T15:19:44.989+0700][gc,phases   ] GC(24)   Other: 1.5ms
[2024-12-16T15:19:44.989+0700][gc,heap     ] GC(24) Eden regions: 45->0(45)
[2024-12-16T15:19:44.989+0700][gc,heap     ] GC(24) Survivor regions: 6->6(7)
[2024-12-16T15:19:44.989+0700][gc,heap     ] GC(24) Old regions: 47->49
[2024-12-16T15:19:44.989+0700][gc,heap     ] GC(24) Archive regions: 2->2
[2024-12-16T15:19:44.989+0700][gc,heap     ] GC(24) Humongous regions: 129->129
[2024-12-16T15:19:44.989+0700][gc,metaspace] GC(24) Metaspace: 42909K(43392K)->42909K(43392K) NonClass: 38014K(38272K)->38014K(38272K) Class: 4894K(5120K)->4894K(5120K)
[2024-12-16T15:19:44.989+0700][gc          ] GC(24) Pause Young (Normal) (G1 Evacuation Pause) 227M->184M(1024M) 63.390ms
[2024-12-16T15:19:44.989+0700][gc,cpu      ] GC(24) User=0.11s Sys=0.01s Real=0.06s
[2024-12-16T15:21:25.337+0700][gc,start    ] GC(25) Pause Young (Normal) (G1 Evacuation Pause)
[2024-12-16T15:21:25.337+0700][gc,task     ] GC(25) Using 2 workers of 2 for evacuation
[2024-12-16T15:21:25.397+0700][gc,mmu      ] GC(25) MMU target violated: 21.0ms (20.0ms/21.0ms)
[2024-12-16T15:21:25.398+0700][gc,phases   ] GC(25)   Pre Evacuate Collection Set: 2.7ms
[2024-12-16T15:21:25.398+0700][gc,phases   ] GC(25)   Merge Heap Roots: 0.7ms
[2024-12-16T15:21:25.398+0700][gc,phases   ] GC(25)   Evacuate Collection Set: 54.0ms
[2024-12-16T15:21:25.398+0700][gc,phases   ] GC(25)   Post Evacuate Collection Set: 2.4ms
[2024-12-16T15:21:25.398+0700][gc,phases   ] GC(25)   Other: 1.3ms
[2024-12-16T15:21:25.398+0700][gc,heap     ] GC(25) Eden regions: 45->0(45)
[2024-12-16T15:21:25.398+0700][gc,heap     ] GC(25) Survivor regions: 6->6(7)
[2024-12-16T15:21:25.398+0700][gc,heap     ] GC(25) Old regions: 49->53
[2024-12-16T15:21:25.398+0700][gc,heap     ] GC(25) Archive regions: 2->2
[2024-12-16T15:21:25.398+0700][gc,heap     ] GC(25) Humongous regions: 129->129
[2024-12-16T15:21:25.398+0700][gc,metaspace] GC(25) Metaspace: 42949K(43456K)->42949K(43456K) NonClass: 38047K(38336K)->38047K(38336K) Class: 4901K(5120K)->4901K(5120K)
[2024-12-16T15:21:25.398+0700][gc          ] GC(25) Pause Young (Normal) (G1 Evacuation Pause) 229M->188M(1024M) 61.011ms
[2024-12-16T15:21:25.398+0700][gc,cpu      ] GC(25) User=0.11s Sys=0.00s Real=0.06s
[2024-12-16T15:23:08.469+0700][gc,start    ] GC(26) Pause Young (Normal) (G1 Evacuation Pause)
[2024-12-16T15:23:08.469+0700][gc,task     ] GC(26) Using 2 workers of 2 for evacuation
[2024-12-16T15:23:08.505+0700][gc,mmu      ] GC(26) MMU target violated: 21.0ms (20.0ms/21.0ms)
[2024-12-16T15:23:08.505+0700][gc,phases   ] GC(26)   Pre Evacuate Collection Set: 2.3ms
[2024-12-16T15:23:08.505+0700][gc,phases   ] GC(26)   Merge Heap Roots: 0.5ms
[2024-12-16T15:23:08.505+0700][gc,phases   ] GC(26)   Evacuate Collection Set: 30.0ms
[2024-12-16T15:23:08.505+0700][gc,phases   ] GC(26)   Post Evacuate Collection Set: 2.8ms
[2024-12-16T15:23:08.505+0700][gc,phases   ] GC(26)   Other: 1.5ms
[2024-12-16T15:23:08.506+0700][gc,heap     ] GC(26) Eden regions: 45->0(48)
[2024-12-16T15:23:08.506+0700][gc,heap     ] GC(26) Survivor regions: 6->3(7)
[2024-12-16T15:23:08.506+0700][gc,heap     ] GC(26) Old regions: 53->56
[2024-12-16T15:23:08.506+0700][gc,heap     ] GC(26) Archive regions: 2->2
[2024-12-16T15:23:08.506+0700][gc,heap     ] GC(26) Humongous regions: 129->129
[2024-12-16T15:23:08.506+0700][gc,metaspace] GC(26) Metaspace: 42955K(43456K)->42955K(43456K) NonClass: 38053K(38336K)->38053K(38336K) Class: 4901K(5120K)->4901K(5120K)
[2024-12-16T15:23:08.506+0700][gc          ] GC(26) Pause Young (Normal) (G1 Evacuation Pause) 233M->188M(1024M) 37.005ms
[2024-12-16T15:23:08.506+0700][gc,cpu      ] GC(26) User=0.07s Sys=0.00s Real=0.04s
[2024-12-16T15:24:56.263+0700][gc,start    ] GC(27) Pause Young (Normal) (G1 Evacuation Pause)
[2024-12-16T15:24:56.263+0700][gc,task     ] GC(27) Using 2 workers of 2 for evacuation
[2024-12-16T15:24:56.307+0700][gc,mmu      ] GC(27) MMU target violated: 21.0ms (20.0ms/21.0ms)
[2024-12-16T15:24:56.307+0700][gc,phases   ] GC(27)   Pre Evacuate Collection Set: 3.1ms
[2024-12-16T15:24:56.307+0700][gc,phases   ] GC(27)   Merge Heap Roots: 1.1ms
[2024-12-16T15:24:56.307+0700][gc,phases   ] GC(27)   Evacuate Collection Set: 36.5ms
[2024-12-16T15:24:56.307+0700][gc,phases   ] GC(27)   Post Evacuate Collection Set: 2.3ms
[2024-12-16T15:24:56.307+0700][gc,phases   ] GC(27)   Other: 1.4ms
[2024-12-16T15:24:56.307+0700][gc,heap     ] GC(27) Eden regions: 48->0(45)
[2024-12-16T15:24:56.307+0700][gc,heap     ] GC(27) Survivor regions: 3->6(7)
[2024-12-16T15:24:56.307+0700][gc,heap     ] GC(27) Old regions: 56->56
[2024-12-16T15:24:56.307+0700][gc,heap     ] GC(27) Archive regions: 2->2
[2024-12-16T15:24:56.307+0700][gc,heap     ] GC(27) Humongous regions: 129->129
[2024-12-16T15:24:56.307+0700][gc,metaspace] GC(27) Metaspace: 42970K(43456K)->42970K(43456K) NonClass: 38068K(38336K)->38068K(38336K) Class: 4901K(5120K)->4901K(5120K)
[2024-12-16T15:24:56.307+0700][gc          ] GC(27) Pause Young (Normal) (G1 Evacuation Pause) 236M->191M(1024M) 44.521ms
[2024-12-16T15:24:56.308+0700][gc,cpu      ] GC(27) User=0.08s Sys=0.00s Real=0.05s
[2024-12-16T15:26:39.045+0700][gc,start    ] GC(28) Pause Young (Normal) (G1 Evacuation Pause)
[2024-12-16T15:26:39.045+0700][gc,task     ] GC(28) Using 2 workers of 2 for evacuation
[2024-12-16T15:26:39.102+0700][gc,mmu      ] GC(28) MMU target violated: 21.0ms (20.0ms/21.0ms)
[2024-12-16T15:26:39.103+0700][gc,phases   ] GC(28)   Pre Evacuate Collection Set: 2.5ms
[2024-12-16T15:26:39.103+0700][gc,phases   ] GC(28)   Merge Heap Roots: 0.5ms
[2024-12-16T15:26:39.103+0700][gc,phases   ] GC(28)   Evacuate Collection Set: 51.8ms
[2024-12-16T15:26:39.103+0700][gc,phases   ] GC(28)   Post Evacuate Collection Set: 2.1ms
[2024-12-16T15:26:39.103+0700][gc,phases   ] GC(28)   Other: 1.3ms
[2024-12-16T15:26:39.103+0700][gc,heap     ] GC(28) Eden regions: 45->0(46)
[2024-12-16T15:26:39.103+0700][gc,heap     ] GC(28) Survivor regions: 6->5(7)
[2024-12-16T15:26:39.103+0700][gc,heap     ] GC(28) Old regions: 56->60
[2024-12-16T15:26:39.103+0700][gc,heap     ] GC(28) Archive regions: 2->2
[2024-12-16T15:26:39.103+0700][gc,heap     ] GC(28) Humongous regions: 129->129
[2024-12-16T15:26:39.103+0700][gc,metaspace] GC(28) Metaspace: 42971K(43456K)->42971K(43456K) NonClass: 38069K(38336K)->38069K(38336K) Class: 4901K(5120K)->4901K(5120K)
[2024-12-16T15:26:39.103+0700][gc          ] GC(28) Pause Young (Normal) (G1 Evacuation Pause) 236M->193M(1024M) 58.198ms
[2024-12-16T15:26:39.103+0700][gc,cpu      ] GC(28) User=0.11s Sys=0.01s Real=0.05s
[2024-12-16T15:28:22.478+0700][gc,start    ] GC(29) Pause Young (Normal) (G1 Evacuation Pause)
[2024-12-16T15:28:22.479+0700][gc,task     ] GC(29) Using 2 workers of 2 for evacuation
[2024-12-16T15:28:22.518+0700][gc,mmu      ] GC(29) MMU target violated: 21.0ms (20.0ms/21.0ms)
[2024-12-16T15:28:22.518+0700][gc,phases   ] GC(29)   Pre Evacuate Collection Set: 2.6ms
[2024-12-16T15:28:22.518+0700][gc,phases   ] GC(29)   Merge Heap Roots: 0.8ms
[2024-12-16T15:28:22.518+0700][gc,phases   ] GC(29)   Evacuate Collection Set: 32.5ms
[2024-12-16T15:28:22.518+0700][gc,phases   ] GC(29)   Post Evacuate Collection Set: 2.6ms
[2024-12-16T15:28:22.518+0700][gc,phases   ] GC(29)   Other: 1.4ms
[2024-12-16T15:28:22.518+0700][gc,heap     ] GC(29) Eden regions: 46->0(48)
[2024-12-16T15:28:22.518+0700][gc,heap     ] GC(29) Survivor regions: 5->3(7)
[2024-12-16T15:28:22.518+0700][gc,heap     ] GC(29) Old regions: 60->62
[2024-12-16T15:28:22.518+0700][gc,heap     ] GC(29) Archive regions: 2->2
[2024-12-16T15:28:22.518+0700][gc,heap     ] GC(29) Humongous regions: 129->129
[2024-12-16T15:28:22.518+0700][gc,metaspace] GC(29) Metaspace: 42971K(43456K)->42971K(43456K) NonClass: 38069K(38336K)->38069K(38336K) Class: 4901K(5120K)->4901K(5120K)
[2024-12-16T15:28:22.518+0700][gc          ] GC(29) Pause Young (Normal) (G1 Evacuation Pause) 239M->194M(1024M) 39.867ms
[2024-12-16T15:28:22.518+0700][gc,cpu      ] GC(29) User=0.07s Sys=0.01s Real=0.04s
[2024-12-16T15:30:10.511+0700][gc,start    ] GC(30) Pause Young (Normal) (G1 Evacuation Pause)
[2024-12-16T15:30:10.512+0700][gc,task     ] GC(30) Using 2 workers of 2 for evacuation
[2024-12-16T15:30:10.555+0700][gc,mmu      ] GC(30) MMU target violated: 21.0ms (20.0ms/21.0ms)
[2024-12-16T15:30:10.555+0700][gc,phases   ] GC(30)   Pre Evacuate Collection Set: 3.9ms
[2024-12-16T15:30:10.555+0700][gc,phases   ] GC(30)   Merge Heap Roots: 0.6ms
[2024-12-16T15:30:10.555+0700][gc,phases   ] GC(30)   Evacuate Collection Set: 36.1ms
[2024-12-16T15:30:10.555+0700][gc,phases   ] GC(30)   Post Evacuate Collection Set: 2.2ms
[2024-12-16T15:30:10.555+0700][gc,phases   ] GC(30)   Other: 1.1ms
[2024-12-16T15:30:10.555+0700][gc,heap     ] GC(30) Eden regions: 48->0(45)
[2024-12-16T15:30:10.555+0700][gc,heap     ] GC(30) Survivor regions: 3->6(7)
[2024-12-16T15:30:10.555+0700][gc,heap     ] GC(30) Old regions: 62->62
[2024-12-16T15:30:10.555+0700][gc,heap     ] GC(30) Archive regions: 2->2
[2024-12-16T15:30:10.555+0700][gc,heap     ] GC(30) Humongous regions: 129->129
[2024-12-16T15:30:10.555+0700][gc,metaspace] GC(30) Metaspace: 42972K(43456K)->42972K(43456K) NonClass: 38070K(38336K)->38070K(38336K) Class: 4901K(5120K)->4901K(5120K)
[2024-12-16T15:30:10.555+0700][gc          ] GC(30) Pause Young (Normal) (G1 Evacuation Pause) 242M->197M(1024M) 43.949ms
[2024-12-16T15:30:10.555+0700][gc,cpu      ] GC(30) User=0.08s Sys=0.00s Real=0.04s
[2024-12-16T15:31:52.606+0700][gc,start    ] GC(31) Pause Young (Normal) (G1 Evacuation Pause)
[2024-12-16T15:31:52.606+0700][gc,task     ] GC(31) Using 2 workers of 2 for evacuation
[2024-12-16T15:31:52.670+0700][gc,mmu      ] GC(31) MMU target violated: 21.0ms (20.0ms/21.0ms)
[2024-12-16T15:31:52.670+0700][gc,phases   ] GC(31)   Pre Evacuate Collection Set: 2.7ms
[2024-12-16T15:31:52.670+0700][gc,phases   ] GC(31)   Merge Heap Roots: 0.8ms
[2024-12-16T15:31:52.670+0700][gc,phases   ] GC(31)   Evacuate Collection Set: 57.0ms
[2024-12-16T15:31:52.670+0700][gc,phases   ] GC(31)   Post Evacuate Collection Set: 2.7ms
[2024-12-16T15:31:52.670+0700][gc,phases   ] GC(31)   Other: 1.4ms
[2024-12-16T15:31:52.670+0700][gc,heap     ] GC(31) Eden regions: 45->0(46)
[2024-12-16T15:31:52.670+0700][gc,heap     ] GC(31) Survivor regions: 6->5(7)
[2024-12-16T15:31:52.670+0700][gc,heap     ] GC(31) Old regions: 62->66
[2024-12-16T15:31:52.670+0700][gc,heap     ] GC(31) Archive regions: 2->2
[2024-12-16T15:31:52.670+0700][gc,heap     ] GC(31) Humongous regions: 129->129
[2024-12-16T15:31:52.670+0700][gc,metaspace] GC(31) Metaspace: 42986K(43456K)->42986K(43456K) NonClass: 38084K(38336K)->38084K(38336K) Class: 4901K(5120K)->4901K(5120K)
[2024-12-16T15:31:52.670+0700][gc          ] GC(31) Pause Young (Normal) (G1 Evacuation Pause) 242M->200M(1024M) 64.521ms
[2024-12-16T15:31:52.670+0700][gc,cpu      ] GC(31) User=0.12s Sys=0.00s Real=0.06s
[2024-12-16T15:33:36.151+0700][gc,start    ] GC(32) Pause Young (Normal) (G1 Evacuation Pause)
[2024-12-16T15:33:36.151+0700][gc,task     ] GC(32) Using 2 workers of 2 for evacuation
[2024-12-16T15:33:36.190+0700][gc,mmu      ] GC(32) MMU target violated: 21.0ms (20.0ms/21.0ms)
[2024-12-16T15:33:36.190+0700][gc,phases   ] GC(32)   Pre Evacuate Collection Set: 3.0ms
[2024-12-16T15:33:36.190+0700][gc,phases   ] GC(32)   Merge Heap Roots: 0.7ms
[2024-12-16T15:33:36.190+0700][gc,phases   ] GC(32)   Evacuate Collection Set: 32.8ms
[2024-12-16T15:33:36.190+0700][gc,phases   ] GC(32)   Post Evacuate Collection Set: 2.0ms
[2024-12-16T15:33:36.190+0700][gc,phases   ] GC(32)   Other: 1.1ms
[2024-12-16T15:33:36.190+0700][gc,heap     ] GC(32) Eden regions: 46->0(48)
[2024-12-16T15:33:36.190+0700][gc,heap     ] GC(32) Survivor regions: 5->3(7)
[2024-12-16T15:33:36.190+0700][gc,heap     ] GC(32) Old regions: 66->68
[2024-12-16T15:33:36.190+0700][gc,heap     ] GC(32) Archive regions: 2->2
[2024-12-16T15:33:36.190+0700][gc,heap     ] GC(32) Humongous regions: 129->129
[2024-12-16T15:33:36.190+0700][gc,metaspace] GC(32) Metaspace: 43003K(43584K)->43003K(43584K) NonClass: 38101K(38464K)->38101K(38464K) Class: 4901K(5120K)->4901K(5120K)
[2024-12-16T15:33:36.190+0700][gc          ] GC(32) Pause Young (Normal) (G1 Evacuation Pause) 246M->200M(1024M) 39.740ms
[2024-12-16T15:33:36.190+0700][gc,cpu      ] GC(32) User=0.07s Sys=0.01s Real=0.04s
[2024-12-16T15:35:24.215+0700][gc,start    ] GC(33) Pause Young (Normal) (G1 Evacuation Pause)
[2024-12-16T15:35:24.215+0700][gc,task     ] GC(33) Using 2 workers of 2 for evacuation
[2024-12-16T15:35:24.255+0700][gc,mmu      ] GC(33) MMU target violated: 21.0ms (20.0ms/21.0ms)
[2024-12-16T15:35:24.255+0700][gc,phases   ] GC(33)   Pre Evacuate Collection Set: 2.4ms
[2024-12-16T15:35:24.255+0700][gc,phases   ] GC(33)   Merge Heap Roots: 0.7ms
[2024-12-16T15:35:24.255+0700][gc,phases   ] GC(33)   Evacuate Collection Set: 34.1ms
[2024-12-16T15:35:24.255+0700][gc,phases   ] GC(33)   Post Evacuate Collection Set: 2.0ms
[2024-12-16T15:35:24.255+0700][gc,phases   ] GC(33)   Other: 0.9ms
[2024-12-16T15:35:24.255+0700][gc,heap     ] GC(33) Eden regions: 48->0(45)
[2024-12-16T15:35:24.255+0700][gc,heap     ] GC(33) Survivor regions: 3->6(7)
[2024-12-16T15:35:24.255+0700][gc,heap     ] GC(33) Old regions: 68->68
[2024-12-16T15:35:24.255+0700][gc,heap     ] GC(33) Archive regions: 2->2
[2024-12-16T15:35:24.255+0700][gc,heap     ] GC(33) Humongous regions: 129->129
[2024-12-16T15:35:24.255+0700][gc,metaspace] GC(33) Metaspace: 43031K(43584K)->43031K(43584K) NonClass: 38129K(38464K)->38129K(38464K) Class: 4901K(5120K)->4901K(5120K)
[2024-12-16T15:35:24.255+0700][gc          ] GC(33) Pause Young (Normal) (G1 Evacuation Pause) 248M->203M(1024M) 40.116ms
[2024-12-16T15:35:24.255+0700][gc,cpu      ] GC(33) User=0.07s Sys=0.00s Real=0.04s
[2024-12-16T15:37:05.712+0700][gc,start    ] GC(34) Pause Young (Normal) (G1 Evacuation Pause)
[2024-12-16T15:37:05.712+0700][gc,task     ] GC(34) Using 2 workers of 2 for evacuation
[2024-12-16T15:37:05.770+0700][gc,mmu      ] GC(34) MMU target violated: 21.0ms (20.0ms/21.0ms)
[2024-12-16T15:37:05.770+0700][gc,phases   ] GC(34)   Pre Evacuate Collection Set: 2.7ms
[2024-12-16T15:37:05.770+0700][gc,phases   ] GC(34)   Merge Heap Roots: 0.7ms
[2024-12-16T15:37:05.770+0700][gc,phases   ] GC(34)   Evacuate Collection Set: 50.9ms
[2024-12-16T15:37:05.770+0700][gc,phases   ] GC(34)   Post Evacuate Collection Set: 2.8ms
[2024-12-16T15:37:05.770+0700][gc,phases   ] GC(34)   Other: 1.4ms
[2024-12-16T15:37:05.770+0700][gc,heap     ] GC(34) Eden regions: 45->0(44)
[2024-12-16T15:37:05.770+0700][gc,heap     ] GC(34) Survivor regions: 6->7(7)
[2024-12-16T15:37:05.770+0700][gc,heap     ] GC(34) Old regions: 68->71
[2024-12-16T15:37:05.770+0700][gc,heap     ] GC(34) Archive regions: 2->2
[2024-12-16T15:37:05.770+0700][gc,heap     ] GC(34) Humongous regions: 129->129
[2024-12-16T15:37:05.770+0700][gc,metaspace] GC(34) Metaspace: 43038K(43584K)->43038K(43584K) NonClass: 38137K(38464K)->38137K(38464K) Class: 4901K(5120K)->4901K(5120K)
[2024-12-16T15:37:05.770+0700][gc          ] GC(34) Pause Young (Normal) (G1 Evacuation Pause) 248M->206M(1024M) 58.554ms
[2024-12-16T15:37:05.770+0700][gc,cpu      ] GC(34) User=0.11s Sys=0.01s Real=0.06s
[2024-12-16T15:38:45.091+0700][gc,start    ] GC(35) Pause Young (Normal) (G1 Evacuation Pause)
[2024-12-16T15:38:45.092+0700][gc,task     ] GC(35) Using 2 workers of 2 for evacuation
[2024-12-16T15:38:45.174+0700][gc,mmu      ] GC(35) MMU target violated: 21.0ms (20.0ms/21.0ms)
[2024-12-16T15:38:45.175+0700][gc,phases   ] GC(35)   Pre Evacuate Collection Set: 3.6ms
[2024-12-16T15:38:45.175+0700][gc,phases   ] GC(35)   Merge Heap Roots: 0.7ms
[2024-12-16T15:38:45.175+0700][gc,phases   ] GC(35)   Evacuate Collection Set: 76.0ms
[2024-12-16T15:38:45.175+0700][gc,phases   ] GC(35)   Post Evacuate Collection Set: 2.1ms
[2024-12-16T15:38:45.175+0700][gc,phases   ] GC(35)   Other: 1.5ms
[2024-12-16T15:38:45.175+0700][gc,heap     ] GC(35) Eden regions: 44->0(46)
[2024-12-16T15:38:45.175+0700][gc,heap     ] GC(35) Survivor regions: 7->5(7)
[2024-12-16T15:38:45.175+0700][gc,heap     ] GC(35) Old regions: 71->75
[2024-12-16T15:38:45.175+0700][gc,heap     ] GC(35) Archive regions: 2->2
[2024-12-16T15:38:45.175+0700][gc,heap     ] GC(35) Humongous regions: 129->129
[2024-12-16T15:38:45.175+0700][gc,metaspace] GC(35) Metaspace: 43039K(43584K)->43039K(43584K) NonClass: 38137K(38464K)->38137K(38464K) Class: 4901K(5120K)->4901K(5120K)
[2024-12-16T15:38:45.175+0700][gc          ] GC(35) Pause Young (Normal) (G1 Evacuation Pause) 250M->209M(1024M) 83.689ms
[2024-12-16T15:38:45.175+0700][gc,cpu      ] GC(35) User=0.16s Sys=0.00s Real=0.08s
[2024-12-16T15:40:28.268+0700][gc,start    ] GC(36) Pause Young (Normal) (G1 Evacuation Pause)
[2024-12-16T15:40:28.268+0700][gc,task     ] GC(36) Using 2 workers of 2 for evacuation
[2024-12-16T15:40:28.314+0700][gc,mmu      ] GC(36) MMU target violated: 21.0ms (20.0ms/21.0ms)
[2024-12-16T15:40:28.314+0700][gc,phases   ] GC(36)   Pre Evacuate Collection Set: 2.7ms
[2024-12-16T15:40:28.314+0700][gc,phases   ] GC(36)   Merge Heap Roots: 0.5ms
[2024-12-16T15:40:28.314+0700][gc,phases   ] GC(36)   Evacuate Collection Set: 39.0ms
[2024-12-16T15:40:28.314+0700][gc,phases   ] GC(36)   Post Evacuate Collection Set: 3.1ms
[2024-12-16T15:40:28.314+0700][gc,phases   ] GC(36)   Other: 1.4ms
[2024-12-16T15:40:28.314+0700][gc,heap     ] GC(36) Eden regions: 46->0(47)
[2024-12-16T15:40:28.314+0700][gc,heap     ] GC(36) Survivor regions: 5->4(7)
[2024-12-16T15:40:28.314+0700][gc,heap     ] GC(36) Old regions: 75->77
[2024-12-16T15:40:28.314+0700][gc,heap     ] GC(36) Archive regions: 2->2
[2024-12-16T15:40:28.314+0700][gc,heap     ] GC(36) Humongous regions: 129->129
[2024-12-16T15:40:28.314+0700][gc,metaspace] GC(36) Metaspace: 43039K(43584K)->43039K(43584K) NonClass: 38137K(38464K)->38137K(38464K) Class: 4901K(5120K)->4901K(5120K)
[2024-12-16T15:40:28.314+0700][gc          ] GC(36) Pause Young (Normal) (G1 Evacuation Pause) 255M->209M(1024M) 46.771ms
[2024-12-16T15:40:28.315+0700][gc,cpu      ] GC(36) User=0.06s Sys=0.02s Real=0.04s
[2024-12-16T15:42:13.936+0700][gc,start    ] GC(37) Pause Young (Normal) (G1 Evacuation Pause)
[2024-12-16T15:42:13.936+0700][gc,task     ] GC(37) Using 2 workers of 2 for evacuation
[2024-12-16T15:42:13.982+0700][gc,mmu      ] GC(37) MMU target violated: 21.0ms (20.0ms/21.0ms)
[2024-12-16T15:42:13.983+0700][gc,phases   ] GC(37)   Pre Evacuate Collection Set: 2.5ms
[2024-12-16T15:42:13.983+0700][gc,phases   ] GC(37)   Merge Heap Roots: 0.5ms
[2024-12-16T15:42:13.983+0700][gc,phases   ] GC(37)   Evacuate Collection Set: 40.5ms
[2024-12-16T15:42:13.983+0700][gc,phases   ] GC(37)   Post Evacuate Collection Set: 2.3ms
[2024-12-16T15:42:13.983+0700][gc,phases   ] GC(37)   Other: 1.2ms
[2024-12-16T15:42:13.983+0700][gc,heap     ] GC(37) Eden regions: 47->0(45)
[2024-12-16T15:42:13.983+0700][gc,heap     ] GC(37) Survivor regions: 4->6(7)
[2024-12-16T15:42:13.983+0700][gc,heap     ] GC(37) Old regions: 77->77
[2024-12-16T15:42:13.983+0700][gc,heap     ] GC(37) Archive regions: 2->2
[2024-12-16T15:42:13.983+0700][gc,heap     ] GC(37) Humongous regions: 129->129
[2024-12-16T15:42:13.983+0700][gc,metaspace] GC(37) Metaspace: 43053K(43584K)->43053K(43584K) NonClass: 38151K(38464K)->38151K(38464K) Class: 4901K(5120K)->4901K(5120K)
[2024-12-16T15:42:13.983+0700][gc          ] GC(37) Pause Young (Normal) (G1 Evacuation Pause) 256M->212M(1024M) 47.261ms
[2024-12-16T15:42:13.983+0700][gc,cpu      ] GC(37) User=0.08s Sys=0.01s Real=0.05s
[2024-12-16T15:43:55.640+0700][gc,start    ] GC(38) Pause Young (Normal) (G1 Evacuation Pause)
[2024-12-16T15:43:55.640+0700][gc,task     ] GC(38) Using 2 workers of 2 for evacuation
[2024-12-16T15:43:55.679+0700][gc,mmu      ] GC(38) MMU target violated: 21.0ms (20.0ms/21.0ms)
[2024-12-16T15:43:55.679+0700][gc,phases   ] GC(38)   Pre Evacuate Collection Set: 1.6ms
[2024-12-16T15:43:55.679+0700][gc,phases   ] GC(38)   Merge Heap Roots: 0.6ms
[2024-12-16T15:43:55.679+0700][gc,phases   ] GC(38)   Evacuate Collection Set: 34.2ms
[2024-12-16T15:43:55.679+0700][gc,phases   ] GC(38)   Post Evacuate Collection Set: 2.2ms
[2024-12-16T15:43:55.679+0700][gc,phases   ] GC(38)   Other: 0.9ms
[2024-12-16T15:43:55.679+0700][gc,heap     ] GC(38) Eden regions: 45->0(46)
[2024-12-16T15:43:55.679+0700][gc,heap     ] GC(38) Survivor regions: 6->5(7)
[2024-12-16T15:43:55.679+0700][gc,heap     ] GC(38) Old regions: 77->81
[2024-12-16T15:43:55.679+0700][gc,heap     ] GC(38) Archive regions: 2->2
[2024-12-16T15:43:55.679+0700][gc,heap     ] GC(38) Humongous regions: 129->129
[2024-12-16T15:43:55.679+0700][gc,metaspace] GC(38) Metaspace: 43053K(43584K)->43053K(43584K) NonClass: 38152K(38464K)->38152K(38464K) Class: 4901K(5120K)->4901K(5120K)
[2024-12-16T15:43:55.679+0700][gc          ] GC(38) Pause Young (Normal) (G1 Evacuation Pause) 257M->215M(1024M) 39.493ms
[2024-12-16T15:43:55.679+0700][gc,cpu      ] GC(38) User=0.07s Sys=0.01s Real=0.04s
[2024-12-16T15:45:42.982+0700][gc,start    ] GC(39) Pause Young (Normal) (G1 Evacuation Pause)
[2024-12-16T15:45:42.982+0700][gc,task     ] GC(39) Using 2 workers of 2 for evacuation
[2024-12-16T15:45:43.029+0700][gc,mmu      ] GC(39) MMU target violated: 21.0ms (20.0ms/21.0ms)
[2024-12-16T15:45:43.029+0700][gc,phases   ] GC(39)   Pre Evacuate Collection Set: 3.6ms
[2024-12-16T15:45:43.029+0700][gc,phases   ] GC(39)   Merge Heap Roots: 0.9ms
[2024-12-16T15:45:43.029+0700][gc,phases   ] GC(39)   Evacuate Collection Set: 37.4ms
[2024-12-16T15:45:43.029+0700][gc,phases   ] GC(39)   Post Evacuate Collection Set: 4.5ms
[2024-12-16T15:45:43.029+0700][gc,phases   ] GC(39)   Other: 1.3ms
[2024-12-16T15:45:43.030+0700][gc,heap     ] GC(39) Eden regions: 46->0(48)
[2024-12-16T15:45:43.030+0700][gc,heap     ] GC(39) Survivor regions: 5->3(7)
[2024-12-16T15:45:43.030+0700][gc,heap     ] GC(39) Old regions: 81->83
[2024-12-16T15:45:43.030+0700][gc,heap     ] GC(39) Archive regions: 2->2
[2024-12-16T15:45:43.030+0700][gc,heap     ] GC(39) Humongous regions: 129->129
[2024-12-16T15:45:43.030+0700][gc,metaspace] GC(39) Metaspace: 43055K(43584K)->43055K(43584K) NonClass: 38153K(38464K)->38153K(38464K) Class: 4901K(5120K)->4901K(5120K)
[2024-12-16T15:45:43.030+0700][gc          ] GC(39) Pause Young (Normal) (G1 Evacuation Pause) 261M->215M(1024M) 47.880ms
[2024-12-16T15:45:43.030+0700][gc,cpu      ] GC(39) User=0.09s Sys=0.01s Real=0.05s
[2024-12-16T15:47:36.310+0700][gc,start    ] GC(40) Pause Young (Normal) (G1 Evacuation Pause)
[2024-12-16T15:47:36.310+0700][gc,task     ] GC(40) Using 2 workers of 2 for evacuation
[2024-12-16T15:47:36.355+0700][gc,mmu      ] GC(40) MMU target violated: 21.0ms (20.0ms/21.0ms)
[2024-12-16T15:47:36.356+0700][gc,phases   ] GC(40)   Pre Evacuate Collection Set: 2.8ms
[2024-12-16T15:47:36.356+0700][gc,phases   ] GC(40)   Merge Heap Roots: 0.8ms
[2024-12-16T15:47:36.356+0700][gc,phases   ] GC(40)   Evacuate Collection Set: 38.6ms
[2024-12-16T15:47:36.356+0700][gc,phases   ] GC(40)   Post Evacuate Collection Set: 2.8ms
[2024-12-16T15:47:36.356+0700][gc,phases   ] GC(40)   Other: 1.2ms
[2024-12-16T15:47:36.356+0700][gc,heap     ] GC(40) Eden regions: 48->0(45)
[2024-12-16T15:47:36.356+0700][gc,heap     ] GC(40) Survivor regions: 3->6(7)
[2024-12-16T15:47:36.356+0700][gc,heap     ] GC(40) Old regions: 83->83
[2024-12-16T15:47:36.356+0700][gc,heap     ] GC(40) Archive regions: 2->2
[2024-12-16T15:47:36.356+0700][gc,heap     ] GC(40) Humongous regions: 129->129
[2024-12-16T15:47:36.356+0700][gc,metaspace] GC(40) Metaspace: 43065K(43584K)->43065K(43584K) NonClass: 38163K(38464K)->38163K(38464K) Class: 4901K(5120K)->4901K(5120K)
[2024-12-16T15:47:36.356+0700][gc          ] GC(40) Pause Young (Normal) (G1 Evacuation Pause) 263M->218M(1024M) 46.268ms
[2024-12-16T15:47:36.356+0700][gc,cpu      ] GC(40) User=0.08s Sys=0.00s Real=0.04s
[2024-12-16T15:49:22.276+0700][gc,start    ] GC(41) Pause Young (Normal) (G1 Evacuation Pause)
[2024-12-16T15:49:22.276+0700][gc,task     ] GC(41) Using 2 workers of 2 for evacuation
[2024-12-16T15:49:22.336+0700][gc,mmu      ] GC(41) MMU target violated: 21.0ms (20.0ms/21.0ms)
[2024-12-16T15:49:22.337+0700][gc,phases   ] GC(41)   Pre Evacuate Collection Set: 3.9ms
[2024-12-16T15:49:22.337+0700][gc,phases   ] GC(41)   Merge Heap Roots: 0.5ms
[2024-12-16T15:49:22.337+0700][gc,phases   ] GC(41)   Evacuate Collection Set: 51.8ms
[2024-12-16T15:49:22.337+0700][gc,phases   ] GC(41)   Post Evacuate Collection Set: 3.6ms
[2024-12-16T15:49:22.337+0700][gc,phases   ] GC(41)   Other: 1.4ms
[2024-12-16T15:49:22.337+0700][gc,heap     ] GC(41) Eden regions: 45->0(46)
[2024-12-16T15:49:22.337+0700][gc,heap     ] GC(41) Survivor regions: 6->5(7)
[2024-12-16T15:49:22.337+0700][gc,heap     ] GC(41) Old regions: 83->87
[2024-12-16T15:49:22.337+0700][gc,heap     ] GC(41) Archive regions: 2->2
[2024-12-16T15:49:22.337+0700][gc,heap     ] GC(41) Humongous regions: 129->129
[2024-12-16T15:49:22.337+0700][gc,metaspace] GC(41) Metaspace: 43068K(43648K)->43068K(43648K) NonClass: 38166K(38528K)->38166K(38528K) Class: 4901K(5120K)->4901K(5120K)
[2024-12-16T15:49:22.337+0700][gc          ] GC(41) Pause Young (Normal) (G1 Evacuation Pause) 263M->221M(1024M) 61.209ms
[2024-12-16T15:49:22.337+0700][gc,cpu      ] GC(41) User=0.10s Sys=0.02s Real=0.07s
[2024-12-16T15:51:03.264+0700][gc,start    ] GC(42) Pause Young (Normal) (G1 Evacuation Pause)
[2024-12-16T15:51:03.265+0700][gc,task     ] GC(42) Using 2 workers of 2 for evacuation
[2024-12-16T15:51:03.313+0700][gc,mmu      ] GC(42) MMU target violated: 21.0ms (20.0ms/21.0ms)
[2024-12-16T15:51:03.313+0700][gc,phases   ] GC(42)   Pre Evacuate Collection Set: 2.3ms
[2024-12-16T15:51:03.313+0700][gc,phases   ] GC(42)   Merge Heap Roots: 0.7ms
[2024-12-16T15:51:03.313+0700][gc,phases   ] GC(42)   Evacuate Collection Set: 41.5ms
[2024-12-16T15:51:03.313+0700][gc,phases   ] GC(42)   Post Evacuate Collection Set: 3.2ms
[2024-12-16T15:51:03.313+0700][gc,phases   ] GC(42)   Other: 1.0ms
[2024-12-16T15:51:03.313+0700][gc,heap     ] GC(42) Eden regions: 46->0(47)
[2024-12-16T15:51:03.313+0700][gc,heap     ] GC(42) Survivor regions: 5->4(7)
[2024-12-16T15:51:03.313+0700][gc,heap     ] GC(42) Old regions: 87->89
[2024-12-16T15:51:03.313+0700][gc,heap     ] GC(42) Archive regions: 2->2
[2024-12-16T15:51:03.313+0700][gc,heap     ] GC(42) Humongous regions: 129->129
[2024-12-16T15:51:03.313+0700][gc,metaspace] GC(42) Metaspace: 43086K(43648K)->43086K(43648K) NonClass: 38180K(38528K)->38180K(38528K) Class: 4906K(5120K)->4906K(5120K)
[2024-12-16T15:51:03.313+0700][gc          ] GC(42) Pause Young (Normal) (G1 Evacuation Pause) 267M->222M(1024M) 48.752ms
[2024-12-16T15:51:03.313+0700][gc,cpu      ] GC(42) User=0.09s Sys=0.00s Real=0.04s
[2024-12-16T15:52:54.617+0700][gc,start    ] GC(43) Pause Young (Normal) (G1 Evacuation Pause)
[2024-12-16T15:52:54.617+0700][gc,task     ] GC(43) Using 2 workers of 2 for evacuation
[2024-12-16T15:52:54.659+0700][gc,mmu      ] GC(43) MMU target violated: 21.0ms (20.0ms/21.0ms)
[2024-12-16T15:52:54.659+0700][gc,phases   ] GC(43)   Pre Evacuate Collection Set: 4.2ms
[2024-12-16T15:52:54.659+0700][gc,phases   ] GC(43)   Merge Heap Roots: 0.5ms
[2024-12-16T15:52:54.659+0700][gc,phases   ] GC(43)   Evacuate Collection Set: 33.6ms
[2024-12-16T15:52:54.659+0700][gc,phases   ] GC(43)   Post Evacuate Collection Set: 3.1ms
[2024-12-16T15:52:54.659+0700][gc,phases   ] GC(43)   Other: 1.3ms
[2024-12-16T15:52:54.659+0700][gc,heap     ] GC(43) Eden regions: 47->0(48)
[2024-12-16T15:52:54.659+0700][gc,heap     ] GC(43) Survivor regions: 4->3(7)
[2024-12-16T15:52:54.659+0700][gc,heap     ] GC(43) Old regions: 89->92
[2024-12-16T15:52:54.659+0700][gc,heap     ] GC(43) Archive regions: 2->2
[2024-12-16T15:52:54.659+0700][gc,heap     ] GC(43) Humongous regions: 129->129
[2024-12-16T15:52:54.659+0700][gc,metaspace] GC(43) Metaspace: 43087K(43648K)->43087K(43648K) NonClass: 38180K(38528K)->38180K(38528K) Class: 4906K(5120K)->4906K(5120K)
[2024-12-16T15:52:54.660+0700][gc          ] GC(43) Pause Young (Normal) (G1 Evacuation Pause) 269M->224M(1024M) 42.620ms
[2024-12-16T15:52:54.660+0700][gc,cpu      ] GC(43) User=0.07s Sys=0.01s Real=0.04s
[2024-12-16T15:54:46.723+0700][gc,start    ] GC(44) Pause Young (Normal) (G1 Evacuation Pause)
[2024-12-16T15:54:46.723+0700][gc,task     ] GC(44) Using 2 workers of 2 for evacuation
[2024-12-16T15:54:46.770+0700][gc,mmu      ] GC(44) MMU target violated: 21.0ms (20.0ms/21.0ms)
[2024-12-16T15:54:46.770+0700][gc,phases   ] GC(44)   Pre Evacuate Collection Set: 3.2ms
[2024-12-16T15:54:46.770+0700][gc,phases   ] GC(44)   Merge Heap Roots: 1.1ms
[2024-12-16T15:54:46.770+0700][gc,phases   ] GC(44)   Evacuate Collection Set: 39.4ms
[2024-12-16T15:54:46.770+0700][gc,phases   ] GC(44)   Post Evacuate Collection Set: 2.4ms
[2024-12-16T15:54:46.770+0700][gc,phases   ] GC(44)   Other: 1.4ms
[2024-12-16T15:54:46.770+0700][gc,heap     ] GC(44) Eden regions: 48->0(45)
[2024-12-16T15:54:46.770+0700][gc,heap     ] GC(44) Survivor regions: 3->6(7)
[2024-12-16T15:54:46.770+0700][gc,heap     ] GC(44) Old regions: 92->92
[2024-12-16T15:54:46.770+0700][gc,heap     ] GC(44) Archive regions: 2->2
[2024-12-16T15:54:46.770+0700][gc,heap     ] GC(44) Humongous regions: 129->129
[2024-12-16T15:54:46.770+0700][gc,metaspace] GC(44) Metaspace: 43103K(43648K)->43103K(43648K) NonClass: 38197K(38528K)->38197K(38528K) Class: 4906K(5120K)->4906K(5120K)
[2024-12-16T15:54:46.770+0700][gc          ] GC(44) Pause Young (Normal) (G1 Evacuation Pause) 272M->227M(1024M) 47.421ms
[2024-12-16T15:54:46.771+0700][gc,cpu      ] GC(44) User=0.08s Sys=0.00s Real=0.05s
[2024-12-16T15:56:32.277+0700][gc,start    ] GC(45) Pause Young (Normal) (G1 Evacuation Pause)
[2024-12-16T15:56:32.278+0700][gc,task     ] GC(45) Using 2 workers of 2 for evacuation
[2024-12-16T15:56:32.354+0700][gc,mmu      ] GC(45) MMU target violated: 21.0ms (20.0ms/21.0ms)
[2024-12-16T15:56:32.354+0700][gc,phases   ] GC(45)   Pre Evacuate Collection Set: 3.7ms
[2024-12-16T15:56:32.354+0700][gc,phases   ] GC(45)   Merge Heap Roots: 1.0ms
[2024-12-16T15:56:32.354+0700][gc,phases   ] GC(45)   Evacuate Collection Set: 68.3ms
[2024-12-16T15:56:32.354+0700][gc,phases   ] GC(45)   Post Evacuate Collection Set: 2.4ms
[2024-12-16T15:56:32.354+0700][gc,phases   ] GC(45)   Other: 1.5ms
[2024-12-16T15:56:32.354+0700][gc,heap     ] GC(45) Eden regions: 45->0(46)
[2024-12-16T15:56:32.354+0700][gc,heap     ] GC(45) Survivor regions: 6->5(7)
[2024-12-16T15:56:32.354+0700][gc,heap     ] GC(45) Old regions: 92->96
[2024-12-16T15:56:32.354+0700][gc,heap     ] GC(45) Archive regions: 2->2
[2024-12-16T15:56:32.354+0700][gc,heap     ] GC(45) Humongous regions: 129->129
[2024-12-16T15:56:32.354+0700][gc,metaspace] GC(45) Metaspace: 43108K(43648K)->43108K(43648K) NonClass: 38202K(38528K)->38202K(38528K) Class: 4906K(5120K)->4906K(5120K)
[2024-12-16T15:56:32.354+0700][gc          ] GC(45) Pause Young (Normal) (G1 Evacuation Pause) 272M->229M(1024M) 76.777ms
[2024-12-16T15:56:32.354+0700][gc,cpu      ] GC(45) User=0.11s Sys=0.04s Real=0.07s
[2024-12-16T15:58:20.738+0700][gc,start    ] GC(46) Pause Young (Normal) (G1 Evacuation Pause)
[2024-12-16T15:58:20.738+0700][gc,task     ] GC(46) Using 2 workers of 2 for evacuation
[2024-12-16T15:58:20.785+0700][gc,mmu      ] GC(46) MMU target violated: 21.0ms (20.0ms/21.0ms)
[2024-12-16T15:58:20.785+0700][gc,phases   ] GC(46)   Pre Evacuate Collection Set: 2.8ms
[2024-12-16T15:58:20.785+0700][gc,phases   ] GC(46)   Merge Heap Roots: 0.5ms
[2024-12-16T15:58:20.785+0700][gc,phases   ] GC(46)   Evacuate Collection Set: 38.4ms
[2024-12-16T15:58:20.785+0700][gc,phases   ] GC(46)   Post Evacuate Collection Set: 4.1ms
[2024-12-16T15:58:20.785+0700][gc,phases   ] GC(46)   Other: 1.5ms
[2024-12-16T15:58:20.785+0700][gc,heap     ] GC(46) Eden regions: 46->0(48)
[2024-12-16T15:58:20.785+0700][gc,heap     ] GC(46) Survivor regions: 5->3(7)
[2024-12-16T15:58:20.785+0700][gc,heap     ] GC(46) Old regions: 96->98
[2024-12-16T15:58:20.785+0700][gc,heap     ] GC(46) Archive regions: 2->2
[2024-12-16T15:58:20.785+0700][gc,heap     ] GC(46) Humongous regions: 129->129
[2024-12-16T15:58:20.785+0700][gc,metaspace] GC(46) Metaspace: 43108K(43648K)->43108K(43648K) NonClass: 38202K(38528K)->38202K(38528K) Class: 4906K(5120K)->4906K(5120K)
[2024-12-16T15:58:20.785+0700][gc          ] GC(46) Pause Young (Normal) (G1 Evacuation Pause) 275M->230M(1024M) 47.371ms
[2024-12-16T15:58:20.785+0700][gc,cpu      ] GC(46) User=0.08s Sys=0.01s Real=0.05s
[2024-12-16T16:00:13.340+0700][gc,start    ] GC(47) Pause Young (Normal) (G1 Evacuation Pause)
[2024-12-16T16:00:13.341+0700][gc,task     ] GC(47) Using 2 workers of 2 for evacuation
[2024-12-16T16:00:13.383+0700][gc,mmu      ] GC(47) MMU target violated: 21.0ms (20.0ms/21.0ms)
[2024-12-16T16:00:13.384+0700][gc,phases   ] GC(47)   Pre Evacuate Collection Set: 3.5ms
[2024-12-16T16:00:13.384+0700][gc,phases   ] GC(47)   Merge Heap Roots: 0.5ms
[2024-12-16T16:00:13.384+0700][gc,phases   ] GC(47)   Evacuate Collection Set: 36.1ms
[2024-12-16T16:00:13.384+0700][gc,phases   ] GC(47)   Post Evacuate Collection Set: 2.2ms
[2024-12-16T16:00:13.384+0700][gc,phases   ] GC(47)   Other: 1.1ms
[2024-12-16T16:00:13.384+0700][gc,heap     ] GC(47) Eden regions: 48->0(45)
[2024-12-16T16:00:13.384+0700][gc,heap     ] GC(47) Survivor regions: 3->6(7)
[2024-12-16T16:00:13.384+0700][gc,heap     ] GC(47) Old regions: 98->98
[2024-12-16T16:00:13.384+0700][gc,heap     ] GC(47) Archive regions: 2->2
[2024-12-16T16:00:13.384+0700][gc,heap     ] GC(47) Humongous regions: 129->129
[2024-12-16T16:00:13.384+0700][gc,metaspace] GC(47) Metaspace: 43109K(43648K)->43109K(43648K) NonClass: 38202K(38528K)->38202K(38528K) Class: 4906K(5120K)->4906K(5120K)
[2024-12-16T16:00:13.384+0700][gc          ] GC(47) Pause Young (Normal) (G1 Evacuation Pause) 278M->233M(1024M) 43.470ms
[2024-12-16T16:00:13.384+0700][gc,cpu      ] GC(47) User=0.08s Sys=0.00s Real=0.04s
[2024-12-16T16:01:59.004+0700][gc,start    ] GC(48) Pause Young (Normal) (G1 Evacuation Pause)
[2024-12-16T16:01:59.004+0700][gc,task     ] GC(48) Using 2 workers of 2 for evacuation
[2024-12-16T16:01:59.060+0700][gc,mmu      ] GC(48) MMU target violated: 21.0ms (20.0ms/21.0ms)
[2024-12-16T16:01:59.060+0700][gc,phases   ] GC(48)   Pre Evacuate Collection Set: 2.6ms
[2024-12-16T16:01:59.060+0700][gc,phases   ] GC(48)   Merge Heap Roots: 0.8ms
[2024-12-16T16:01:59.060+0700][gc,phases   ] GC(48)   Evacuate Collection Set: 49.8ms
[2024-12-16T16:01:59.060+0700][gc,phases   ] GC(48)   Post Evacuate Collection Set: 2.6ms
[2024-12-16T16:01:59.060+0700][gc,phases   ] GC(48)   Other: 1.1ms
[2024-12-16T16:01:59.060+0700][gc,heap     ] GC(48) Eden regions: 45->0(46)
[2024-12-16T16:01:59.060+0700][gc,heap     ] GC(48) Survivor regions: 6->5(7)
[2024-12-16T16:01:59.060+0700][gc,heap     ] GC(48) Old regions: 98->102
[2024-12-16T16:01:59.060+0700][gc,heap     ] GC(48) Archive regions: 2->2
[2024-12-16T16:01:59.060+0700][gc,heap     ] GC(48) Humongous regions: 129->129
[2024-12-16T16:01:59.061+0700][gc,metaspace] GC(48) Metaspace: 43109K(43648K)->43109K(43648K) NonClass: 38202K(38528K)->38202K(38528K) Class: 4906K(5120K)->4906K(5120K)
[2024-12-16T16:01:59.061+0700][gc          ] GC(48) Pause Young (Normal) (G1 Evacuation Pause) 278M->236M(1024M) 57.013ms
[2024-12-16T16:01:59.061+0700][gc,cpu      ] GC(48) User=0.10s Sys=0.01s Real=0.06s
[2024-12-16T16:03:47.304+0700][gc,start    ] GC(49) Pause Young (Normal) (G1 Evacuation Pause)
[2024-12-16T16:03:47.304+0700][gc,task     ] GC(49) Using 2 workers of 2 for evacuation
[2024-12-16T16:03:47.339+0700][gc,mmu      ] GC(49) MMU target violated: 21.0ms (20.0ms/21.0ms)
[2024-12-16T16:03:47.339+0700][gc,phases   ] GC(49)   Pre Evacuate Collection Set: 2.5ms
[2024-12-16T16:03:47.339+0700][gc,phases   ] GC(49)   Merge Heap Roots: 0.7ms
[2024-12-16T16:03:47.339+0700][gc,phases   ] GC(49)   Evacuate Collection Set: 28.1ms
[2024-12-16T16:03:47.339+0700][gc,phases   ] GC(49)   Post Evacuate Collection Set: 3.4ms
[2024-12-16T16:03:47.339+0700][gc,phases   ] GC(49)   Other: 1.2ms
[2024-12-16T16:03:47.339+0700][gc,heap     ] GC(49) Eden regions: 46->0(48)
[2024-12-16T16:03:47.339+0700][gc,heap     ] GC(49) Survivor regions: 5->3(7)
[2024-12-16T16:03:47.339+0700][gc,heap     ] GC(49) Old regions: 102->104
[2024-12-16T16:03:47.340+0700][gc,heap     ] GC(49) Archive regions: 2->2
[2024-12-16T16:03:47.340+0700][gc,heap     ] GC(49) Humongous regions: 129->129
[2024-12-16T16:03:47.340+0700][gc,metaspace] GC(49) Metaspace: 43109K(43648K)->43109K(43648K) NonClass: 38202K(38528K)->38202K(38528K) Class: 4906K(5120K)->4906K(5120K)
[2024-12-16T16:03:47.340+0700][gc          ] GC(49) Pause Young (Normal) (G1 Evacuation Pause) 282M->236M(1024M) 36.110ms
[2024-12-16T16:03:47.340+0700][gc,cpu      ] GC(49) User=0.06s Sys=0.00s Real=0.04s
[2024-12-16T16:05:39.870+0700][gc,start    ] GC(50) Pause Young (Normal) (G1 Evacuation Pause)
[2024-12-16T16:05:39.870+0700][gc,task     ] GC(50) Using 2 workers of 2 for evacuation
[2024-12-16T16:05:39.928+0700][gc,mmu      ] GC(50) MMU target violated: 21.0ms (20.0ms/21.0ms)
[2024-12-16T16:05:39.928+0700][gc,phases   ] GC(50)   Pre Evacuate Collection Set: 3.9ms
[2024-12-16T16:05:39.928+0700][gc,phases   ] GC(50)   Merge Heap Roots: 0.7ms
[2024-12-16T16:05:39.928+0700][gc,phases   ] GC(50)   Evacuate Collection Set: 50.1ms
[2024-12-16T16:05:39.928+0700][gc,phases   ] GC(50)   Post Evacuate Collection Set: 2.8ms
[2024-12-16T16:05:39.928+0700][gc,phases   ] GC(50)   Other: 1.2ms
[2024-12-16T16:05:39.928+0700][gc,heap     ] GC(50) Eden regions: 48->0(45)
[2024-12-16T16:05:39.928+0700][gc,heap     ] GC(50) Survivor regions: 3->6(7)
[2024-12-16T16:05:39.928+0700][gc,heap     ] GC(50) Old regions: 104->104
[2024-12-16T16:05:39.928+0700][gc,heap     ] GC(50) Archive regions: 2->2
[2024-12-16T16:05:39.928+0700][gc,heap     ] GC(50) Humongous regions: 129->129
[2024-12-16T16:05:39.928+0700][gc,metaspace] GC(50) Metaspace: 43110K(43648K)->43110K(43648K) NonClass: 38204K(38528K)->38204K(38528K) Class: 4906K(5120K)->4906K(5120K)
[2024-12-16T16:05:39.929+0700][gc          ] GC(50) Pause Young (Normal) (G1 Evacuation Pause) 284M->239M(1024M) 58.592ms
[2024-12-16T16:05:39.929+0700][gc,cpu      ] GC(50) User=0.11s Sys=0.00s Real=0.06s
[2024-12-16T16:07:25.412+0700][gc,start    ] GC(51) Pause Young (Normal) (G1 Evacuation Pause)
[2024-12-16T16:07:25.412+0700][gc,task     ] GC(51) Using 2 workers of 2 for evacuation
[2024-12-16T16:07:25.467+0700][gc,mmu      ] GC(51) MMU target violated: 21.0ms (20.0ms/21.0ms)
[2024-12-16T16:07:25.467+0700][gc,phases   ] GC(51)   Pre Evacuate Collection Set: 2.8ms
[2024-12-16T16:07:25.467+0700][gc,phases   ] GC(51)   Merge Heap Roots: 0.4ms
[2024-12-16T16:07:25.467+0700][gc,phases   ] GC(51)   Evacuate Collection Set: 48.9ms
[2024-12-16T16:07:25.467+0700][gc,phases   ] GC(51)   Post Evacuate Collection Set: 2.2ms
[2024-12-16T16:07:25.467+0700][gc,phases   ] GC(51)   Other: 1.2ms
[2024-12-16T16:07:25.467+0700][gc,heap     ] GC(51) Eden regions: 45->0(44)
[2024-12-16T16:07:25.467+0700][gc,heap     ] GC(51) Survivor regions: 6->7(7)
[2024-12-16T16:07:25.467+0700][gc,heap     ] GC(51) Old regions: 104->106
[2024-12-16T16:07:25.467+0700][gc,heap     ] GC(51) Archive regions: 2->2
[2024-12-16T16:07:25.467+0700][gc,heap     ] GC(51) Humongous regions: 129->129
[2024-12-16T16:07:25.467+0700][gc,metaspace] GC(51) Metaspace: 43110K(43648K)->43110K(43648K) NonClass: 38204K(38528K)->38204K(38528K) Class: 4906K(5120K)->4906K(5120K)
[2024-12-16T16:07:25.467+0700][gc          ] GC(51) Pause Young (Normal) (G1 Evacuation Pause) 284M->241M(1024M) 55.498ms
[2024-12-16T16:07:25.467+0700][gc,cpu      ] GC(51) User=0.11s Sys=0.00s Real=0.06s
[2024-12-16T16:09:08.867+0700][gc,start    ] GC(52) Pause Young (Normal) (G1 Evacuation Pause)
[2024-12-16T16:09:08.868+0700][gc,task     ] GC(52) Using 2 workers of 2 for evacuation
[2024-12-16T16:09:08.929+0700][gc,mmu      ] GC(52) MMU target violated: 21.0ms (20.0ms/21.0ms)
[2024-12-16T16:09:08.929+0700][gc,phases   ] GC(52)   Pre Evacuate Collection Set: 2.6ms
[2024-12-16T16:09:08.929+0700][gc,phases   ] GC(52)   Merge Heap Roots: 0.8ms
[2024-12-16T16:09:08.929+0700][gc,phases   ] GC(52)   Evacuate Collection Set: 53.2ms
[2024-12-16T16:09:08.929+0700][gc,phases   ] GC(52)   Post Evacuate Collection Set: 3.9ms
[2024-12-16T16:09:08.929+0700][gc,phases   ] GC(52)   Other: 1.5ms
[2024-12-16T16:09:08.929+0700][gc,heap     ] GC(52) Eden regions: 44->0(46)
[2024-12-16T16:09:08.929+0700][gc,heap     ] GC(52) Survivor regions: 7->5(7)
[2024-12-16T16:09:08.929+0700][gc,heap     ] GC(52) Old regions: 106->110
[2024-12-16T16:09:08.929+0700][gc,heap     ] GC(52) Archive regions: 2->2
[2024-12-16T16:09:08.929+0700][gc,heap     ] GC(52) Humongous regions: 129->129
[2024-12-16T16:09:08.929+0700][gc,metaspace] GC(52) Metaspace: 43110K(43648K)->43110K(43648K) NonClass: 38204K(38528K)->38204K(38528K) Class: 4906K(5120K)->4906K(5120K)
[2024-12-16T16:09:08.929+0700][gc          ] GC(52) Pause Young (Normal) (G1 Evacuation Pause) 285M->244M(1024M) 61.992ms
[2024-12-16T16:09:08.929+0700][gc,cpu      ] GC(52) User=0.11s Sys=0.01s Real=0.06s
[2024-12-16T16:10:54.214+0700][gc,start    ] GC(53) Pause Young (Normal) (G1 Evacuation Pause)
[2024-12-16T16:10:54.215+0700][gc,task     ] GC(53) Using 2 workers of 2 for evacuation
[2024-12-16T16:10:54.262+0700][gc,mmu      ] GC(53) MMU target violated: 21.0ms (20.0ms/21.0ms)
[2024-12-16T16:10:54.262+0700][gc,phases   ] GC(53)   Pre Evacuate Collection Set: 2.8ms
[2024-12-16T16:10:54.262+0700][gc,phases   ] GC(53)   Merge Heap Roots: 1.1ms
[2024-12-16T16:10:54.262+0700][gc,phases   ] GC(53)   Evacuate Collection Set: 39.4ms
[2024-12-16T16:10:54.262+0700][gc,phases   ] GC(53)   Post Evacuate Collection Set: 3.4ms
[2024-12-16T16:10:54.262+0700][gc,phases   ] GC(53)   Other: 1.5ms
[2024-12-16T16:10:54.262+0700][gc,heap     ] GC(53) Eden regions: 46->0(47)
[2024-12-16T16:10:54.262+0700][gc,heap     ] GC(53) Survivor regions: 5->4(7)
[2024-12-16T16:10:54.262+0700][gc,heap     ] GC(53) Old regions: 110->112
[2024-12-16T16:10:54.262+0700][gc,heap     ] GC(53) Archive regions: 2->2
[2024-12-16T16:10:54.262+0700][gc,heap     ] GC(53) Humongous regions: 129->129
[2024-12-16T16:10:54.262+0700][gc,metaspace] GC(53) Metaspace: 43110K(43648K)->43110K(43648K) NonClass: 38204K(38528K)->38204K(38528K) Class: 4906K(5120K)->4906K(5120K)
[2024-12-16T16:10:54.262+0700][gc          ] GC(53) Pause Young (Normal) (G1 Evacuation Pause) 290M->245M(1024M) 48.040ms
[2024-12-16T16:10:54.262+0700][gc,cpu      ] GC(53) User=0.09s Sys=0.00s Real=0.05s
[2024-12-16T16:12:44.320+0700][gc,start    ] GC(54) Pause Young (Normal) (G1 Evacuation Pause)
[2024-12-16T16:12:44.320+0700][gc,task     ] GC(54) Using 2 workers of 2 for evacuation
[2024-12-16T16:12:44.378+0700][gc,mmu      ] GC(54) MMU target violated: 21.0ms (20.0ms/21.0ms)
[2024-12-16T16:12:44.378+0700][gc,phases   ] GC(54)   Pre Evacuate Collection Set: 2.9ms
[2024-12-16T16:12:44.378+0700][gc,phases   ] GC(54)   Merge Heap Roots: 1.4ms
[2024-12-16T16:12:44.378+0700][gc,phases   ] GC(54)   Evacuate Collection Set: 48.3ms
[2024-12-16T16:12:44.378+0700][gc,phases   ] GC(54)   Post Evacuate Collection Set: 4.5ms
[2024-12-16T16:12:44.378+0700][gc,phases   ] GC(54)   Other: 1.5ms
[2024-12-16T16:12:44.378+0700][gc,heap     ] GC(54) Eden regions: 47->0(44)
[2024-12-16T16:12:44.378+0700][gc,heap     ] GC(54) Survivor regions: 4->7(7)
[2024-12-16T16:12:44.378+0700][gc,heap     ] GC(54) Old regions: 112->112
[2024-12-16T16:12:44.378+0700][gc,heap     ] GC(54) Archive regions: 2->2
[2024-12-16T16:12:44.378+0700][gc,heap     ] GC(54) Humongous regions: 129->129
[2024-12-16T16:12:44.378+0700][gc,metaspace] GC(54) Metaspace: 43110K(43648K)->43110K(43648K) NonClass: 38204K(38528K)->38204K(38528K) Class: 4906K(5120K)->4906K(5120K)
[2024-12-16T16:12:44.378+0700][gc          ] GC(54) Pause Young (Normal) (G1 Evacuation Pause) 292M->248M(1024M) 58.519ms
[2024-12-16T16:12:44.379+0700][gc,cpu      ] GC(54) User=0.10s Sys=0.00s Real=0.06s
[2024-12-16T16:14:28.125+0700][gc,start    ] GC(55) Pause Young (Normal) (G1 Evacuation Pause)
[2024-12-16T16:14:28.126+0700][gc,task     ] GC(55) Using 2 workers of 2 for evacuation
[2024-12-16T16:14:28.183+0700][gc,mmu      ] GC(55) MMU target violated: 21.0ms (20.0ms/21.0ms)
[2024-12-16T16:14:28.183+0700][gc,phases   ] GC(55)   Pre Evacuate Collection Set: 2.6ms
[2024-12-16T16:14:28.184+0700][gc,phases   ] GC(55)   Merge Heap Roots: 0.5ms
[2024-12-16T16:14:28.184+0700][gc,phases   ] GC(55)   Evacuate Collection Set: 52.2ms
[2024-12-16T16:14:28.184+0700][gc,phases   ] GC(55)   Post Evacuate Collection Set: 1.9ms
[2024-12-16T16:14:28.184+0700][gc,phases   ] GC(55)   Other: 0.9ms
[2024-12-16T16:14:28.184+0700][gc,heap     ] GC(55) Eden regions: 44->0(46)
[2024-12-16T16:14:28.184+0700][gc,heap     ] GC(55) Survivor regions: 7->5(7)
[2024-12-16T16:14:28.184+0700][gc,heap     ] GC(55) Old regions: 112->117
[2024-12-16T16:14:28.184+0700][gc,heap     ] GC(55) Archive regions: 2->2
[2024-12-16T16:14:28.184+0700][gc,heap     ] GC(55) Humongous regions: 129->129
[2024-12-16T16:14:28.184+0700][gc,metaspace] GC(55) Metaspace: 43110K(43648K)->43110K(43648K) NonClass: 38204K(38528K)->38204K(38528K) Class: 4906K(5120K)->4906K(5120K)
[2024-12-16T16:14:28.184+0700][gc          ] GC(55) Pause Young (Normal) (G1 Evacuation Pause) 292M->251M(1024M) 58.284ms
[2024-12-16T16:14:28.184+0700][gc,cpu      ] GC(55) User=0.10s Sys=0.01s Real=0.05s
[2024-12-16T16:16:16.774+0700][gc,start    ] GC(56) Pause Young (Normal) (G1 Evacuation Pause)
[2024-12-16T16:16:16.774+0700][gc,task     ] GC(56) Using 2 workers of 2 for evacuation
[2024-12-16T16:16:16.812+0700][gc,mmu      ] GC(56) MMU target violated: 21.0ms (20.0ms/21.0ms)
[2024-12-16T16:16:16.812+0700][gc,phases   ] GC(56)   Pre Evacuate Collection Set: 2.8ms
[2024-12-16T16:16:16.813+0700][gc,phases   ] GC(56)   Merge Heap Roots: 0.5ms
[2024-12-16T16:16:16.813+0700][gc,phases   ] GC(56)   Evacuate Collection Set: 31.3ms
[2024-12-16T16:16:16.813+0700][gc,phases   ] GC(56)   Post Evacuate Collection Set: 3.1ms
[2024-12-16T16:16:16.813+0700][gc,phases   ] GC(56)   Other: 1.2ms
[2024-12-16T16:16:16.813+0700][gc,heap     ] GC(56) Eden regions: 46->0(48)
[2024-12-16T16:16:16.813+0700][gc,heap     ] GC(56) Survivor regions: 5->3(7)
[2024-12-16T16:16:16.813+0700][gc,heap     ] GC(56) Old regions: 117->119
[2024-12-16T16:16:16.813+0700][gc,heap     ] GC(56) Archive regions: 2->2
[2024-12-16T16:16:16.813+0700][gc,heap     ] GC(56) Humongous regions: 129->129
[2024-12-16T16:16:16.813+0700][gc,metaspace] GC(56) Metaspace: 43110K(43648K)->43110K(43648K) NonClass: 38204K(38528K)->38204K(38528K) Class: 4906K(5120K)->4906K(5120K)
[2024-12-16T16:16:16.813+0700][gc          ] GC(56) Pause Young (Normal) (G1 Evacuation Pause) 297M->251M(1024M) 38.895ms
[2024-12-16T16:16:16.813+0700][gc,cpu      ] GC(56) User=0.07s Sys=0.00s Real=0.04s
[2024-12-16T16:18:10.252+0700][gc,start    ] GC(57) Pause Young (Normal) (G1 Evacuation Pause)
[2024-12-16T16:18:10.252+0700][gc,task     ] GC(57) Using 2 workers of 2 for evacuation
[2024-12-16T16:18:10.294+0700][gc,mmu      ] GC(57) MMU target violated: 21.0ms (20.0ms/21.0ms)
[2024-12-16T16:18:10.294+0700][gc,phases   ] GC(57)   Pre Evacuate Collection Set: 2.8ms
[2024-12-16T16:18:10.294+0700][gc,phases   ] GC(57)   Merge Heap Roots: 0.5ms
[2024-12-16T16:18:10.294+0700][gc,phases   ] GC(57)   Evacuate Collection Set: 35.2ms
[2024-12-16T16:18:10.294+0700][gc,phases   ] GC(57)   Post Evacuate Collection Set: 2.7ms
[2024-12-16T16:18:10.294+0700][gc,phases   ] GC(57)   Other: 1.1ms
[2024-12-16T16:18:10.294+0700][gc,heap     ] GC(57) Eden regions: 48->0(45)
[2024-12-16T16:18:10.294+0700][gc,heap     ] GC(57) Survivor regions: 3->6(7)
[2024-12-16T16:18:10.294+0700][gc,heap     ] GC(57) Old regions: 119->119
[2024-12-16T16:18:10.294+0700][gc,heap     ] GC(57) Archive regions: 2->2
[2024-12-16T16:18:10.294+0700][gc,heap     ] GC(57) Humongous regions: 129->129
[2024-12-16T16:18:10.294+0700][gc,metaspace] GC(57) Metaspace: 43112K(43648K)->43112K(43648K) NonClass: 38206K(38528K)->38206K(38528K) Class: 4906K(5120K)->4906K(5120K)
[2024-12-16T16:18:10.294+0700][gc          ] GC(57) Pause Young (Normal) (G1 Evacuation Pause) 299M->253M(1024M) 42.245ms
[2024-12-16T16:18:10.294+0700][gc,cpu      ] GC(57) User=0.07s Sys=0.00s Real=0.04s
[2024-12-16T16:19:56.147+0700][gc,start    ] GC(58) Pause Young (Normal) (G1 Evacuation Pause)
[2024-12-16T16:19:56.147+0700][gc,task     ] GC(58) Using 2 workers of 2 for evacuation
[2024-12-16T16:19:56.204+0700][gc,mmu      ] GC(58) MMU target violated: 21.0ms (20.0ms/21.0ms)
[2024-12-16T16:19:56.204+0700][gc,phases   ] GC(58)   Pre Evacuate Collection Set: 2.6ms
[2024-12-16T16:19:56.204+0700][gc,phases   ] GC(58)   Merge Heap Roots: 0.4ms
[2024-12-16T16:19:56.204+0700][gc,phases   ] GC(58)   Evacuate Collection Set: 50.7ms
[2024-12-16T16:19:56.204+0700][gc,phases   ] GC(58)   Post Evacuate Collection Set: 2.3ms
[2024-12-16T16:19:56.204+0700][gc,phases   ] GC(58)   Other: 1.3ms
[2024-12-16T16:19:56.204+0700][gc,heap     ] GC(58) Eden regions: 45->0(44)
[2024-12-16T16:19:56.204+0700][gc,heap     ] GC(58) Survivor regions: 6->7(7)
[2024-12-16T16:19:56.204+0700][gc,heap     ] GC(58) Old regions: 119->121
[2024-12-16T16:19:56.204+0700][gc,heap     ] GC(58) Archive regions: 2->2
[2024-12-16T16:19:56.204+0700][gc,heap     ] GC(58) Humongous regions: 129->129
[2024-12-16T16:19:56.204+0700][gc,metaspace] GC(58) Metaspace: 43112K(43648K)->43112K(43648K) NonClass: 38206K(38528K)->38206K(38528K) Class: 4906K(5120K)->4906K(5120K)
[2024-12-16T16:19:56.204+0700][gc          ] GC(58) Pause Young (Normal) (G1 Evacuation Pause) 298M->256M(1024M) 57.261ms
[2024-12-16T16:19:56.204+0700][gc,cpu      ] GC(58) User=0.11s Sys=0.00s Real=0.06s
[2024-12-16T16:21:39.221+0700][gc,start    ] GC(59) Pause Young (Normal) (G1 Evacuation Pause)
[2024-12-16T16:21:39.221+0700][gc,task     ] GC(59) Using 2 workers of 2 for evacuation
[2024-12-16T16:21:39.292+0700][gc,mmu      ] GC(59) MMU target violated: 21.0ms (20.0ms/21.0ms)
[2024-12-16T16:21:39.292+0700][gc,phases   ] GC(59)   Pre Evacuate Collection Set: 4.0ms
[2024-12-16T16:21:39.292+0700][gc,phases   ] GC(59)   Merge Heap Roots: 0.5ms
[2024-12-16T16:21:39.292+0700][gc,phases   ] GC(59)   Evacuate Collection Set: 61.6ms
[2024-12-16T16:21:39.292+0700][gc,phases   ] GC(59)   Post Evacuate Collection Set: 4.2ms
[2024-12-16T16:21:39.292+0700][gc,phases   ] GC(59)   Other: 1.6ms
[2024-12-16T16:21:39.292+0700][gc,heap     ] GC(59) Eden regions: 44->0(46)
[2024-12-16T16:21:39.292+0700][gc,heap     ] GC(59) Survivor regions: 7->5(7)
[2024-12-16T16:21:39.292+0700][gc,heap     ] GC(59) Old regions: 121->125
[2024-12-16T16:21:39.292+0700][gc,heap     ] GC(59) Archive regions: 2->2
[2024-12-16T16:21:39.292+0700][gc,heap     ] GC(59) Humongous regions: 129->129
[2024-12-16T16:21:39.292+0700][gc,metaspace] GC(59) Metaspace: 43112K(43648K)->43112K(43648K) NonClass: 38206K(38528K)->38206K(38528K) Class: 4906K(5120K)->4906K(5120K)
[2024-12-16T16:21:39.292+0700][gc          ] GC(59) Pause Young (Normal) (G1 Evacuation Pause) 300M->259M(1024M) 71.848ms
[2024-12-16T16:21:39.292+0700][gc,cpu      ] GC(59) User=0.12s Sys=0.01s Real=0.07s
[2024-12-16T16:23:26.999+0700][gc,start    ] GC(60) Pause Young (Normal) (G1 Evacuation Pause)
[2024-12-16T16:23:26.999+0700][gc,task     ] GC(60) Using 2 workers of 2 for evacuation
[2024-12-16T16:23:27.040+0700][gc,mmu      ] GC(60) MMU target violated: 21.0ms (20.0ms/21.0ms)
[2024-12-16T16:23:27.040+0700][gc,phases   ] GC(60)   Pre Evacuate Collection Set: 2.9ms
[2024-12-16T16:23:27.040+0700][gc,phases   ] GC(60)   Merge Heap Roots: 0.5ms
[2024-12-16T16:23:27.040+0700][gc,phases   ] GC(60)   Evacuate Collection Set: 33.2ms
[2024-12-16T16:23:27.040+0700][gc,phases   ] GC(60)   Post Evacuate Collection Set: 3.7ms
[2024-12-16T16:23:27.040+0700][gc,phases   ] GC(60)   Other: 1.4ms
[2024-12-16T16:23:27.040+0700][gc,heap     ] GC(60) Eden regions: 46->0(48)
[2024-12-16T16:23:27.040+0700][gc,heap     ] GC(60) Survivor regions: 5->3(7)
[2024-12-16T16:23:27.040+0700][gc,heap     ] GC(60) Old regions: 125->127
[2024-12-16T16:23:27.040+0700][gc,heap     ] GC(60) Archive regions: 2->2
[2024-12-16T16:23:27.040+0700][gc,heap     ] GC(60) Humongous regions: 129->129
[2024-12-16T16:23:27.040+0700][gc,metaspace] GC(60) Metaspace: 43112K(43648K)->43112K(43648K) NonClass: 38206K(38528K)->38206K(38528K) Class: 4906K(5120K)->4906K(5120K)
[2024-12-16T16:23:27.041+0700][gc          ] GC(60) Pause Young (Normal) (G1 Evacuation Pause) 305M->259M(1024M) 41.719ms
[2024-12-16T16:23:27.041+0700][gc,cpu      ] GC(60) User=0.07s Sys=0.01s Real=0.04s
[2024-12-16T16:25:20.702+0700][gc,start    ] GC(61) Pause Young (Normal) (G1 Evacuation Pause)
[2024-12-16T16:25:20.702+0700][gc,task     ] GC(61) Using 2 workers of 2 for evacuation
[2024-12-16T16:25:20.744+0700][gc,mmu      ] GC(61) MMU target violated: 21.0ms (20.0ms/21.0ms)
[2024-12-16T16:25:20.744+0700][gc,phases   ] GC(61)   Pre Evacuate Collection Set: 3.3ms
[2024-12-16T16:25:20.744+0700][gc,phases   ] GC(61)   Merge Heap Roots: 0.7ms
[2024-12-16T16:25:20.744+0700][gc,phases   ] GC(61)   Evacuate Collection Set: 33.7ms
[2024-12-16T16:25:20.744+0700][gc,phases   ] GC(61)   Post Evacuate Collection Set: 3.4ms
[2024-12-16T16:25:20.744+0700][gc,phases   ] GC(61)   Other: 1.3ms
[2024-12-16T16:25:20.744+0700][gc,heap     ] GC(61) Eden regions: 48->0(45)
[2024-12-16T16:25:20.744+0700][gc,heap     ] GC(61) Survivor regions: 3->6(7)
[2024-12-16T16:25:20.744+0700][gc,heap     ] GC(61) Old regions: 127->127
[2024-12-16T16:25:20.744+0700][gc,heap     ] GC(61) Archive regions: 2->2
[2024-12-16T16:25:20.744+0700][gc,heap     ] GC(61) Humongous regions: 129->129
[2024-12-16T16:25:20.744+0700][gc,metaspace] GC(61) Metaspace: 43113K(43648K)->43113K(43648K) NonClass: 38207K(38528K)->38207K(38528K) Class: 4906K(5120K)->4906K(5120K)
[2024-12-16T16:25:20.744+0700][gc          ] GC(61) Pause Young (Normal) (G1 Evacuation Pause) 307M->262M(1024M) 42.385ms
[2024-12-16T16:25:20.744+0700][gc,cpu      ] GC(61) User=0.08s Sys=0.00s Real=0.05s
[2024-12-16T16:27:06.834+0700][gc,start    ] GC(62) Pause Young (Normal) (G1 Evacuation Pause)
[2024-12-16T16:27:06.834+0700][gc,task     ] GC(62) Using 2 workers of 2 for evacuation
[2024-12-16T16:27:06.905+0700][gc,mmu      ] GC(62) MMU target violated: 21.0ms (20.0ms/21.0ms)
[2024-12-16T16:27:06.905+0700][gc,phases   ] GC(62)   Pre Evacuate Collection Set: 2.9ms
[2024-12-16T16:27:06.905+0700][gc,phases   ] GC(62)   Merge Heap Roots: 0.6ms
[2024-12-16T16:27:06.905+0700][gc,phases   ] GC(62)   Evacuate Collection Set: 64.0ms
[2024-12-16T16:27:06.905+0700][gc,phases   ] GC(62)   Post Evacuate Collection Set: 2.8ms
[2024-12-16T16:27:06.905+0700][gc,phases   ] GC(62)   Other: 1.3ms
[2024-12-16T16:27:06.906+0700][gc,heap     ] GC(62) Eden regions: 45->0(46)
[2024-12-16T16:27:06.906+0700][gc,heap     ] GC(62) Survivor regions: 6->5(7)
[2024-12-16T16:27:06.906+0700][gc,heap     ] GC(62) Old regions: 127->131
[2024-12-16T16:27:06.906+0700][gc,heap     ] GC(62) Archive regions: 2->2
[2024-12-16T16:27:06.906+0700][gc,heap     ] GC(62) Humongous regions: 129->129
[2024-12-16T16:27:06.906+0700][gc,metaspace] GC(62) Metaspace: 43126K(43648K)->43126K(43648K) NonClass: 38220K(38528K)->38220K(38528K) Class: 4906K(5120K)->4906K(5120K)
[2024-12-16T16:27:06.906+0700][gc          ] GC(62) Pause Young (Normal) (G1 Evacuation Pause) 307M->265M(1024M) 71.539ms
[2024-12-16T16:27:06.906+0700][gc,cpu      ] GC(62) User=0.13s Sys=0.00s Real=0.08s
[2024-12-16T16:28:54.917+0700][gc,start    ] GC(63) Pause Young (Normal) (G1 Evacuation Pause)
[2024-12-16T16:28:54.917+0700][gc,task     ] GC(63) Using 2 workers of 2 for evacuation
[2024-12-16T16:28:54.960+0700][gc,mmu      ] GC(63) MMU target violated: 21.0ms (20.0ms/21.0ms)
[2024-12-16T16:28:54.960+0700][gc,phases   ] GC(63)   Pre Evacuate Collection Set: 2.8ms
[2024-12-16T16:28:54.960+0700][gc,phases   ] GC(63)   Merge Heap Roots: 0.6ms
[2024-12-16T16:28:54.960+0700][gc,phases   ] GC(63)   Evacuate Collection Set: 36.1ms
[2024-12-16T16:28:54.960+0700][gc,phases   ] GC(63)   Post Evacuate Collection Set: 2.4ms
[2024-12-16T16:28:54.960+0700][gc,phases   ] GC(63)   Other: 1.4ms
[2024-12-16T16:28:54.960+0700][gc,heap     ] GC(63) Eden regions: 46->0(48)
[2024-12-16T16:28:54.960+0700][gc,heap     ] GC(63) Survivor regions: 5->3(7)
[2024-12-16T16:28:54.960+0700][gc,heap     ] GC(63) Old regions: 131->133
[2024-12-16T16:28:54.960+0700][gc,heap     ] GC(63) Archive regions: 2->2
[2024-12-16T16:28:54.960+0700][gc,heap     ] GC(63) Humongous regions: 129->129
[2024-12-16T16:28:54.960+0700][gc,metaspace] GC(63) Metaspace: 43126K(43648K)->43126K(43648K) NonClass: 38220K(38528K)->38220K(38528K) Class: 4906K(5120K)->4906K(5120K)
[2024-12-16T16:28:54.960+0700][gc          ] GC(63) Pause Young (Normal) (G1 Evacuation Pause) 311M->265M(1024M) 43.328ms
[2024-12-16T16:28:54.960+0700][gc,cpu      ] GC(63) User=0.07s Sys=0.01s Real=0.04s
[2024-12-16T16:30:47.497+0700][gc,start    ] GC(64) Pause Young (Normal) (G1 Evacuation Pause)
[2024-12-16T16:30:47.497+0700][gc,task     ] GC(64) Using 2 workers of 2 for evacuation
[2024-12-16T16:30:47.555+0700][gc,mmu      ] GC(64) MMU target violated: 21.0ms (20.0ms/21.0ms)
[2024-12-16T16:30:47.556+0700][gc,phases   ] GC(64)   Pre Evacuate Collection Set: 3.7ms
[2024-12-16T16:30:47.556+0700][gc,phases   ] GC(64)   Merge Heap Roots: 0.7ms
[2024-12-16T16:30:47.556+0700][gc,phases   ] GC(64)   Evacuate Collection Set: 50.7ms
[2024-12-16T16:30:47.556+0700][gc,phases   ] GC(64)   Post Evacuate Collection Set: 3.0ms
[2024-12-16T16:30:47.556+0700][gc,phases   ] GC(64)   Other: 1.2ms
[2024-12-16T16:30:47.556+0700][gc,heap     ] GC(64) Eden regions: 48->0(45)
[2024-12-16T16:30:47.556+0700][gc,heap     ] GC(64) Survivor regions: 3->6(7)
[2024-12-16T16:30:47.556+0700][gc,heap     ] GC(64) Old regions: 133->133
[2024-12-16T16:30:47.556+0700][gc,heap     ] GC(64) Archive regions: 2->2
[2024-12-16T16:30:47.556+0700][gc,heap     ] GC(64) Humongous regions: 129->129
[2024-12-16T16:30:47.556+0700][gc,metaspace] GC(64) Metaspace: 43126K(43648K)->43126K(43648K) NonClass: 38220K(38528K)->38220K(38528K) Class: 4906K(5120K)->4906K(5120K)
[2024-12-16T16:30:47.556+0700][gc          ] GC(64) Pause Young (Normal) (G1 Evacuation Pause) 313M->268M(1024M) 59.254ms
[2024-12-16T16:30:47.556+0700][gc,cpu      ] GC(64) User=0.11s Sys=0.00s Real=0.05s
[2024-12-16T16:32:33.826+0700][gc,start    ] GC(65) Pause Young (Normal) (G1 Evacuation Pause)
[2024-12-16T16:32:33.826+0700][gc,task     ] GC(65) Using 2 workers of 2 for evacuation
[2024-12-16T16:32:33.884+0700][gc,mmu      ] GC(65) MMU target violated: 21.0ms (20.0ms/21.0ms)
[2024-12-16T16:32:33.884+0700][gc,phases   ] GC(65)   Pre Evacuate Collection Set: 2.8ms
[2024-12-16T16:32:33.885+0700][gc,phases   ] GC(65)   Merge Heap Roots: 0.5ms
[2024-12-16T16:32:33.885+0700][gc,phases   ] GC(65)   Evacuate Collection Set: 51.2ms
[2024-12-16T16:32:33.885+0700][gc,phases   ] GC(65)   Post Evacuate Collection Set: 2.7ms
[2024-12-16T16:32:33.885+0700][gc,phases   ] GC(65)   Other: 1.7ms
[2024-12-16T16:32:33.885+0700][gc,heap     ] GC(65) Eden regions: 45->0(44)
[2024-12-16T16:32:33.885+0700][gc,heap     ] GC(65) Survivor regions: 6->7(7)
[2024-12-16T16:32:33.885+0700][gc,heap     ] GC(65) Old regions: 133->135
[2024-12-16T16:32:33.885+0700][gc,heap     ] GC(65) Archive regions: 2->2
[2024-12-16T16:32:33.885+0700][gc,heap     ] GC(65) Humongous regions: 129->129
[2024-12-16T16:32:33.885+0700][gc,metaspace] GC(65) Metaspace: 43128K(43648K)->43128K(43648K) NonClass: 38222K(38528K)->38222K(38528K) Class: 4906K(5120K)->4906K(5120K)
[2024-12-16T16:32:33.885+0700][gc          ] GC(65) Pause Young (Normal) (G1 Evacuation Pause) 313M->271M(1024M) 58.904ms
[2024-12-16T16:32:33.885+0700][gc,cpu      ] GC(65) User=0.11s Sys=0.00s Real=0.06s
[2024-12-16T16:34:17.837+0700][gc,start    ] GC(66) Pause Young (Normal) (G1 Evacuation Pause)
[2024-12-16T16:34:17.838+0700][gc,task     ] GC(66) Using 2 workers of 2 for evacuation
[2024-12-16T16:34:17.899+0700][gc,mmu      ] GC(66) MMU target violated: 21.0ms (20.0ms/21.0ms)
[2024-12-16T16:34:17.900+0700][gc,phases   ] GC(66)   Pre Evacuate Collection Set: 2.6ms
[2024-12-16T16:34:17.900+0700][gc,phases   ] GC(66)   Merge Heap Roots: 0.6ms
[2024-12-16T16:34:17.900+0700][gc,phases   ] GC(66)   Evacuate Collection Set: 56.0ms
[2024-12-16T16:34:17.900+0700][gc,phases   ] GC(66)   Post Evacuate Collection Set: 2.3ms
[2024-12-16T16:34:17.900+0700][gc,phases   ] GC(66)   Other: 1.0ms
[2024-12-16T16:34:17.900+0700][gc,heap     ] GC(66) Eden regions: 44->0(46)
[2024-12-16T16:34:17.900+0700][gc,heap     ] GC(66) Survivor regions: 7->5(7)
[2024-12-16T16:34:17.900+0700][gc,heap     ] GC(66) Old regions: 135->139
[2024-12-16T16:34:17.900+0700][gc,heap     ] GC(66) Archive regions: 2->2
[2024-12-16T16:34:17.900+0700][gc,heap     ] GC(66) Humongous regions: 129->129
[2024-12-16T16:34:17.900+0700][gc,metaspace] GC(66) Metaspace: 43128K(43648K)->43128K(43648K) NonClass: 38222K(38528K)->38222K(38528K) Class: 4906K(5120K)->4906K(5120K)
[2024-12-16T16:34:17.900+0700][gc          ] GC(66) Pause Young (Normal) (G1 Evacuation Pause) 315M->273M(1024M) 62.671ms
[2024-12-16T16:34:17.900+0700][gc,cpu      ] GC(66) User=0.10s Sys=0.02s Real=0.06s
[2024-12-16T16:36:06.316+0700][gc,start    ] GC(67) Pause Young (Normal) (G1 Evacuation Pause)
[2024-12-16T16:36:06.317+0700][gc,task     ] GC(67) Using 2 workers of 2 for evacuation
[2024-12-16T16:36:06.357+0700][gc,mmu      ] GC(67) MMU target violated: 21.0ms (20.0ms/21.0ms)
[2024-12-16T16:36:06.358+0700][gc,phases   ] GC(67)   Pre Evacuate Collection Set: 4.1ms
[2024-12-16T16:36:06.358+0700][gc,phases   ] GC(67)   Merge Heap Roots: 0.9ms
[2024-12-16T16:36:06.358+0700][gc,phases   ] GC(67)   Evacuate Collection Set: 32.7ms
[2024-12-16T16:36:06.358+0700][gc,phases   ] GC(67)   Post Evacuate Collection Set: 2.5ms
[2024-12-16T16:36:06.358+0700][gc,phases   ] GC(67)   Other: 1.2ms
[2024-12-16T16:36:06.358+0700][gc,heap     ] GC(67) Eden regions: 46->0(48)
[2024-12-16T16:36:06.358+0700][gc,heap     ] GC(67) Survivor regions: 5->3(7)
[2024-12-16T16:36:06.358+0700][gc,heap     ] GC(67) Old regions: 139->141
[2024-12-16T16:36:06.358+0700][gc,heap     ] GC(67) Archive regions: 2->2
[2024-12-16T16:36:06.358+0700][gc,heap     ] GC(67) Humongous regions: 129->129
[2024-12-16T16:36:06.358+0700][gc,metaspace] GC(67) Metaspace: 43129K(43648K)->43129K(43648K) NonClass: 38223K(38528K)->38223K(38528K) Class: 4906K(5120K)->4906K(5120K)
[2024-12-16T16:36:06.358+0700][gc          ] GC(67) Pause Young (Normal) (G1 Evacuation Pause) 319M->273M(1024M) 41.487ms
[2024-12-16T16:36:06.358+0700][gc,cpu      ] GC(67) User=0.06s Sys=0.00s Real=0.04s
[2024-12-16T16:37:59.255+0700][gc,start    ] GC(68) Pause Young (Normal) (G1 Evacuation Pause)
[2024-12-16T16:37:59.255+0700][gc,task     ] GC(68) Using 2 workers of 2 for evacuation
[2024-12-16T16:37:59.303+0700][gc,mmu      ] GC(68) MMU target violated: 21.0ms (20.0ms/21.0ms)
[2024-12-16T16:37:59.303+0700][gc,phases   ] GC(68)   Pre Evacuate Collection Set: 4.2ms
[2024-12-16T16:37:59.303+0700][gc,phases   ] GC(68)   Merge Heap Roots: 0.5ms
[2024-12-16T16:37:59.303+0700][gc,phases   ] GC(68)   Evacuate Collection Set: 39.8ms
[2024-12-16T16:37:59.303+0700][gc,phases   ] GC(68)   Post Evacuate Collection Set: 2.6ms
[2024-12-16T16:37:59.303+0700][gc,phases   ] GC(68)   Other: 1.4ms
[2024-12-16T16:37:59.303+0700][gc,heap     ] GC(68) Eden regions: 48->0(45)
[2024-12-16T16:37:59.303+0700][gc,heap     ] GC(68) Survivor regions: 3->6(7)
[2024-12-16T16:37:59.304+0700][gc,heap     ] GC(68) Old regions: 141->141
[2024-12-16T16:37:59.304+0700][gc,heap     ] GC(68) Archive regions: 2->2
[2024-12-16T16:37:59.304+0700][gc,heap     ] GC(68) Humongous regions: 129->129
[2024-12-16T16:37:59.304+0700][gc,metaspace] GC(68) Metaspace: 43130K(43648K)->43130K(43648K) NonClass: 38224K(38528K)->38224K(38528K) Class: 4906K(5120K)->4906K(5120K)
[2024-12-16T16:37:59.304+0700][gc          ] GC(68) Pause Young (Normal) (G1 Evacuation Pause) 321M->276M(1024M) 48.545ms
[2024-12-16T16:37:59.304+0700][gc,cpu      ] GC(68) User=0.09s Sys=0.01s Real=0.05s
[2024-12-16T16:39:45.663+0700][gc,start    ] GC(69) Pause Young (Normal) (G1 Evacuation Pause)
[2024-12-16T16:39:45.663+0700][gc,task     ] GC(69) Using 2 workers of 2 for evacuation
[2024-12-16T16:39:45.728+0700][gc,mmu      ] GC(69) MMU target violated: 21.0ms (20.0ms/21.0ms)
[2024-12-16T16:39:45.728+0700][gc,phases   ] GC(69)   Pre Evacuate Collection Set: 2.7ms
[2024-12-16T16:39:45.728+0700][gc,phases   ] GC(69)   Merge Heap Roots: 0.8ms
[2024-12-16T16:39:45.728+0700][gc,phases   ] GC(69)   Evacuate Collection Set: 53.6ms
[2024-12-16T16:39:45.728+0700][gc,phases   ] GC(69)   Post Evacuate Collection Set: 7.0ms
[2024-12-16T16:39:45.728+0700][gc,phases   ] GC(69)   Other: 1.3ms
[2024-12-16T16:39:45.728+0700][gc,heap     ] GC(69) Eden regions: 45->0(46)
[2024-12-16T16:39:45.728+0700][gc,heap     ] GC(69) Survivor regions: 6->5(7)
[2024-12-16T16:39:45.728+0700][gc,heap     ] GC(69) Old regions: 141->145
[2024-12-16T16:39:45.728+0700][gc,heap     ] GC(69) Archive regions: 2->2
[2024-12-16T16:39:45.728+0700][gc,heap     ] GC(69) Humongous regions: 129->129
[2024-12-16T16:39:45.729+0700][gc,metaspace] GC(69) Metaspace: 43130K(43648K)->43130K(43648K) NonClass: 38224K(38528K)->38224K(38528K) Class: 4906K(5120K)->4906K(5120K)
[2024-12-16T16:39:45.729+0700][gc          ] GC(69) Pause Young (Normal) (G1 Evacuation Pause) 321M->279M(1024M) 65.462ms
[2024-12-16T16:39:45.729+0700][gc,cpu      ] GC(69) User=0.13s Sys=0.00s Real=0.07s
[2024-12-16T16:41:33.672+0700][gc,start    ] GC(70) Pause Young (Normal) (G1 Evacuation Pause)
[2024-12-16T16:41:33.673+0700][gc,task     ] GC(70) Using 2 workers of 2 for evacuation
[2024-12-16T16:41:33.712+0700][gc,mmu      ] GC(70) MMU target violated: 21.0ms (20.0ms/21.0ms)
[2024-12-16T16:41:33.712+0700][gc,phases   ] GC(70)   Pre Evacuate Collection Set: 4.1ms
[2024-12-16T16:41:33.713+0700][gc,phases   ] GC(70)   Merge Heap Roots: 0.8ms
[2024-12-16T16:41:33.713+0700][gc,phases   ] GC(70)   Evacuate Collection Set: 31.5ms
[2024-12-16T16:41:33.713+0700][gc,phases   ] GC(70)   Post Evacuate Collection Set: 2.5ms
[2024-12-16T16:41:33.713+0700][gc,phases   ] GC(70)   Other: 1.3ms
[2024-12-16T16:41:33.713+0700][gc,heap     ] GC(70) Eden regions: 46->0(48)
[2024-12-16T16:41:33.713+0700][gc,heap     ] GC(70) Survivor regions: 5->3(7)
[2024-12-16T16:41:33.713+0700][gc,heap     ] GC(70) Old regions: 145->147
[2024-12-16T16:41:33.713+0700][gc,heap     ] GC(70) Archive regions: 2->2
[2024-12-16T16:41:33.713+0700][gc,heap     ] GC(70) Humongous regions: 129->129
[2024-12-16T16:41:33.713+0700][gc,metaspace] GC(70) Metaspace: 43130K(43648K)->43130K(43648K) NonClass: 38224K(38528K)->38224K(38528K) Class: 4906K(5120K)->4906K(5120K)
[2024-12-16T16:41:33.713+0700][gc          ] GC(70) Pause Young (Normal) (G1 Evacuation Pause) 325M->279M(1024M) 40.699ms
[2024-12-16T16:41:33.713+0700][gc,cpu      ] GC(70) User=0.07s Sys=0.00s Real=0.04s
[2024-12-16T16:43:26.834+0700][gc,start    ] GC(71) Pause Young (Normal) (G1 Evacuation Pause)
[2024-12-16T16:43:26.834+0700][gc,task     ] GC(71) Using 2 workers of 2 for evacuation
[2024-12-16T16:43:26.877+0700][gc,mmu      ] GC(71) MMU target violated: 21.0ms (20.0ms/21.0ms)
[2024-12-16T16:43:26.877+0700][gc,phases   ] GC(71)   Pre Evacuate Collection Set: 2.7ms
[2024-12-16T16:43:26.877+0700][gc,phases   ] GC(71)   Merge Heap Roots: 1.0ms
[2024-12-16T16:43:26.877+0700][gc,phases   ] GC(71)   Evacuate Collection Set: 35.7ms
[2024-12-16T16:43:26.877+0700][gc,phases   ] GC(71)   Post Evacuate Collection Set: 2.5ms
[2024-12-16T16:43:26.877+0700][gc,phases   ] GC(71)   Other: 1.3ms
[2024-12-16T16:43:26.877+0700][gc,heap     ] GC(71) Eden regions: 48->0(45)
[2024-12-16T16:43:26.877+0700][gc,heap     ] GC(71) Survivor regions: 3->6(7)
[2024-12-16T16:43:26.877+0700][gc,heap     ] GC(71) Old regions: 147->147
[2024-12-16T16:43:26.877+0700][gc,heap     ] GC(71) Archive regions: 2->2
[2024-12-16T16:43:26.877+0700][gc,heap     ] GC(71) Humongous regions: 129->129
[2024-12-16T16:43:26.877+0700][gc,metaspace] GC(71) Metaspace: 43132K(43648K)->43132K(43648K) NonClass: 38226K(38528K)->38226K(38528K) Class: 4906K(5120K)->4906K(5120K)
[2024-12-16T16:43:26.877+0700][gc          ] GC(71) Pause Young (Normal) (G1 Evacuation Pause) 327M->282M(1024M) 43.209ms
[2024-12-16T16:43:26.877+0700][gc,cpu      ] GC(71) User=0.08s Sys=0.00s Real=0.05s
[2024-12-16T16:45:12.587+0700][gc,start    ] GC(72) Pause Young (Normal) (G1 Evacuation Pause)
[2024-12-16T16:45:12.588+0700][gc,task     ] GC(72) Using 2 workers of 2 for evacuation
[2024-12-16T16:45:12.645+0700][gc,mmu      ] GC(72) MMU target violated: 21.0ms (20.0ms/21.0ms)
[2024-12-16T16:45:12.646+0700][gc,phases   ] GC(72)   Pre Evacuate Collection Set: 2.7ms
[2024-12-16T16:45:12.646+0700][gc,phases   ] GC(72)   Merge Heap Roots: 1.2ms
[2024-12-16T16:45:12.646+0700][gc,phases   ] GC(72)   Evacuate Collection Set: 51.0ms
[2024-12-16T16:45:12.646+0700][gc,phases   ] GC(72)   Post Evacuate Collection Set: 2.2ms
[2024-12-16T16:45:12.646+0700][gc,phases   ] GC(72)   Other: 1.2ms
[2024-12-16T16:45:12.646+0700][gc,heap     ] GC(72) Eden regions: 45->0(46)
[2024-12-16T16:45:12.646+0700][gc,heap     ] GC(72) Survivor regions: 6->5(7)
[2024-12-16T16:45:12.646+0700][gc,heap     ] GC(72) Old regions: 147->151
[2024-12-16T16:45:12.646+0700][gc,heap     ] GC(72) Archive regions: 2->2
[2024-12-16T16:45:12.646+0700][gc,heap     ] GC(72) Humongous regions: 129->129
[2024-12-16T16:45:12.646+0700][gc,metaspace] GC(72) Metaspace: 43132K(43648K)->43132K(43648K) NonClass: 38226K(38528K)->38226K(38528K) Class: 4906K(5120K)->4906K(5120K)
[2024-12-16T16:45:12.646+0700][gc          ] GC(72) Pause Young (Normal) (G1 Evacuation Pause) 327M->285M(1024M) 58.400ms
[2024-12-16T16:45:12.646+0700][gc,cpu      ] GC(72) User=0.10s Sys=0.01s Real=0.06s
[2024-12-16T16:47:01.035+0700][gc,start    ] GC(73) Pause Young (Normal) (G1 Evacuation Pause)
[2024-12-16T16:47:01.035+0700][gc,task     ] GC(73) Using 2 workers of 2 for evacuation
[2024-12-16T16:47:01.072+0700][gc,mmu      ] GC(73) MMU target violated: 21.0ms (20.0ms/21.0ms)
[2024-12-16T16:47:01.072+0700][gc,phases   ] GC(73)   Pre Evacuate Collection Set: 2.8ms
[2024-12-16T16:47:01.072+0700][gc,phases   ] GC(73)   Merge Heap Roots: 0.5ms
[2024-12-16T16:47:01.072+0700][gc,phases   ] GC(73)   Evacuate Collection Set: 29.4ms
[2024-12-16T16:47:01.072+0700][gc,phases   ] GC(73)   Post Evacuate Collection Set: 4.0ms
[2024-12-16T16:47:01.072+0700][gc,phases   ] GC(73)   Other: 1.3ms
[2024-12-16T16:47:01.072+0700][gc,heap     ] GC(73) Eden regions: 46->0(48)
[2024-12-16T16:47:01.072+0700][gc,heap     ] GC(73) Survivor regions: 5->3(7)
[2024-12-16T16:47:01.072+0700][gc,heap     ] GC(73) Old regions: 151->154
[2024-12-16T16:47:01.072+0700][gc,heap     ] GC(73) Archive regions: 2->2
[2024-12-16T16:47:01.072+0700][gc,heap     ] GC(73) Humongous regions: 129->129
[2024-12-16T16:47:01.072+0700][gc,metaspace] GC(73) Metaspace: 43134K(43648K)->43134K(43648K) NonClass: 38228K(38528K)->38228K(38528K) Class: 4906K(5120K)->4906K(5120K)
[2024-12-16T16:47:01.073+0700][gc          ] GC(73) Pause Young (Normal) (G1 Evacuation Pause) 331M->286M(1024M) 38.046ms
[2024-12-16T16:47:01.073+0700][gc,cpu      ] GC(73) User=0.07s Sys=0.00s Real=0.04s
[2024-12-16T16:48:54.560+0700][gc,start    ] GC(74) Pause Young (Normal) (G1 Evacuation Pause)
[2024-12-16T16:48:54.561+0700][gc,task     ] GC(74) Using 2 workers of 2 for evacuation
[2024-12-16T16:48:54.606+0700][gc,mmu      ] GC(74) MMU target violated: 21.0ms (20.0ms/21.0ms)
[2024-12-16T16:48:54.606+0700][gc,phases   ] GC(74)   Pre Evacuate Collection Set: 3.7ms
[2024-12-16T16:48:54.606+0700][gc,phases   ] GC(74)   Merge Heap Roots: 0.7ms
[2024-12-16T16:48:54.606+0700][gc,phases   ] GC(74)   Evacuate Collection Set: 36.6ms
[2024-12-16T16:48:54.606+0700][gc,phases   ] GC(74)   Post Evacuate Collection Set: 3.2ms
[2024-12-16T16:48:54.606+0700][gc,phases   ] GC(74)   Other: 2.0ms
[2024-12-16T16:48:54.606+0700][gc,heap     ] GC(74) Eden regions: 48->0(45)
[2024-12-16T16:48:54.606+0700][gc,heap     ] GC(74) Survivor regions: 3->6(7)
[2024-12-16T16:48:54.606+0700][gc,heap     ] GC(74) Old regions: 154->154
[2024-12-16T16:48:54.606+0700][gc,heap     ] GC(74) Archive regions: 2->2
[2024-12-16T16:48:54.606+0700][gc,heap     ] GC(74) Humongous regions: 129->129
[2024-12-16T16:48:54.606+0700][gc,metaspace] GC(74) Metaspace: 43134K(43648K)->43134K(43648K) NonClass: 38228K(38528K)->38228K(38528K) Class: 4906K(5120K)->4906K(5120K)
[2024-12-16T16:48:54.606+0700][gc          ] GC(74) Pause Young (Normal) (G1 Evacuation Pause) 334M->288M(1024M) 45.930ms
[2024-12-16T16:48:54.606+0700][gc,cpu      ] GC(74) User=0.08s Sys=0.00s Real=0.05s
[2024-12-16T16:50:40.559+0700][gc,start    ] GC(75) Pause Young (Normal) (G1 Evacuation Pause)
[2024-12-16T16:50:40.559+0700][gc,task     ] GC(75) Using 2 workers of 2 for evacuation
[2024-12-16T16:50:40.608+0700][gc,mmu      ] GC(75) MMU target violated: 21.0ms (20.0ms/21.0ms)
[2024-12-16T16:50:40.608+0700][gc,phases   ] GC(75)   Pre Evacuate Collection Set: 2.5ms
[2024-12-16T16:50:40.608+0700][gc,phases   ] GC(75)   Merge Heap Roots: 0.5ms
[2024-12-16T16:50:40.608+0700][gc,phases   ] GC(75)   Evacuate Collection Set: 43.8ms
[2024-12-16T16:50:40.608+0700][gc,phases   ] GC(75)   Post Evacuate Collection Set: 2.1ms
[2024-12-16T16:50:40.608+0700][gc,phases   ] GC(75)   Other: 1.2ms
[2024-12-16T16:50:40.608+0700][gc,heap     ] GC(75) Eden regions: 45->0(45)
[2024-12-16T16:50:40.608+0700][gc,heap     ] GC(75) Survivor regions: 6->6(7)
[2024-12-16T16:50:40.608+0700][gc,heap     ] GC(75) Old regions: 154->156
[2024-12-16T16:50:40.608+0700][gc,heap     ] GC(75) Archive regions: 2->2
[2024-12-16T16:50:40.608+0700][gc,heap     ] GC(75) Humongous regions: 129->129
[2024-12-16T16:50:40.608+0700][gc,metaspace] GC(75) Metaspace: 43136K(43648K)->43136K(43648K) NonClass: 38230K(38528K)->38230K(38528K) Class: 4906K(5120K)->4906K(5120K)
[2024-12-16T16:50:40.609+0700][gc          ] GC(75) Pause Young (Normal) (G1 Evacuation Pause) 333M->291M(1024M) 50.030ms
[2024-12-16T16:50:40.609+0700][gc,cpu      ] GC(75) User=0.08s Sys=0.02s Real=0.05s
[2024-12-16T16:52:20.024+0700][gc,start    ] GC(76) Pause Young (Normal) (G1 Evacuation Pause)
[2024-12-16T16:52:20.025+0700][gc,task     ] GC(76) Using 2 workers of 2 for evacuation
[2024-12-16T16:52:20.092+0700][gc,mmu      ] GC(76) MMU target violated: 21.0ms (20.0ms/21.0ms)
[2024-12-16T16:52:20.092+0700][gc,phases   ] GC(76)   Pre Evacuate Collection Set: 1.3ms
[2024-12-16T16:52:20.092+0700][gc,phases   ] GC(76)   Merge Heap Roots: 0.8ms
[2024-12-16T16:52:20.092+0700][gc,phases   ] GC(76)   Evacuate Collection Set: 61.7ms
[2024-12-16T16:52:20.092+0700][gc,phases   ] GC(76)   Post Evacuate Collection Set: 2.5ms
[2024-12-16T16:52:20.092+0700][gc,phases   ] GC(76)   Other: 1.4ms
[2024-12-16T16:52:20.092+0700][gc,heap     ] GC(76) Eden regions: 45->0(45)
[2024-12-16T16:52:20.092+0700][gc,heap     ] GC(76) Survivor regions: 6->6(7)
[2024-12-16T16:52:20.092+0700][gc,heap     ] GC(76) Old regions: 156->160
[2024-12-16T16:52:20.092+0700][gc,heap     ] GC(76) Archive regions: 2->2
[2024-12-16T16:52:20.092+0700][gc,heap     ] GC(76) Humongous regions: 129->129
[2024-12-16T16:52:20.092+0700][gc,metaspace] GC(76) Metaspace: 43140K(43648K)->43140K(43648K) NonClass: 38234K(38528K)->38234K(38528K) Class: 4906K(5120K)->4906K(5120K)
[2024-12-16T16:52:20.092+0700][gc          ] GC(76) Pause Young (Normal) (G1 Evacuation Pause) 336M->294M(1024M) 67.932ms
[2024-12-16T16:52:20.092+0700][gc,cpu      ] GC(76) User=0.13s Sys=0.00s Real=0.06s
[2024-12-16T16:54:05.584+0700][gc,start    ] GC(77) Pause Young (Normal) (G1 Evacuation Pause)
[2024-12-16T16:54:05.585+0700][gc,task     ] GC(77) Using 2 workers of 2 for evacuation
[2024-12-16T16:54:05.618+0700][gc,mmu      ] GC(77) MMU target violated: 21.0ms (20.0ms/21.0ms)
[2024-12-16T16:54:05.618+0700][gc,phases   ] GC(77)   Pre Evacuate Collection Set: 2.6ms
[2024-12-16T16:54:05.618+0700][gc,phases   ] GC(77)   Merge Heap Roots: 1.1ms
[2024-12-16T16:54:05.618+0700][gc,phases   ] GC(77)   Evacuate Collection Set: 26.1ms
[2024-12-16T16:54:05.618+0700][gc,phases   ] GC(77)   Post Evacuate Collection Set: 2.9ms
[2024-12-16T16:54:05.618+0700][gc,phases   ] GC(77)   Other: 1.2ms
[2024-12-16T16:54:05.618+0700][gc,heap     ] GC(77) Eden regions: 45->0(49)
[2024-12-16T16:54:05.618+0700][gc,heap     ] GC(77) Survivor regions: 6->2(7)
[2024-12-16T16:54:05.618+0700][gc,heap     ] GC(77) Old regions: 160->162
[2024-12-16T16:54:05.618+0700][gc,heap     ] GC(77) Archive regions: 2->2
[2024-12-16T16:54:05.618+0700][gc,heap     ] GC(77) Humongous regions: 129->129
[2024-12-16T16:54:05.618+0700][gc,metaspace] GC(77) Metaspace: 43141K(43648K)->43141K(43648K) NonClass: 38235K(38528K)->38235K(38528K) Class: 4906K(5120K)->4906K(5120K)
[2024-12-16T16:54:05.618+0700][gc          ] GC(77) Pause Young (Normal) (G1 Evacuation Pause) 339M->293M(1024M) 33.919ms
[2024-12-16T16:54:05.618+0700][gc,cpu      ] GC(77) User=0.06s Sys=0.00s Real=0.03s
[2024-12-16T16:55:59.119+0700][gc,start    ] GC(78) Pause Young (Normal) (G1 Evacuation Pause)
[2024-12-16T16:55:59.119+0700][gc,task     ] GC(78) Using 2 workers of 2 for evacuation
[2024-12-16T16:55:59.158+0700][gc,mmu      ] GC(78) MMU target violated: 21.0ms (20.0ms/21.0ms)
[2024-12-16T16:55:59.158+0700][gc,phases   ] GC(78)   Pre Evacuate Collection Set: 2.7ms
[2024-12-16T16:55:59.158+0700][gc,phases   ] GC(78)   Merge Heap Roots: 0.5ms
[2024-12-16T16:55:59.158+0700][gc,phases   ] GC(78)   Evacuate Collection Set: 31.6ms
[2024-12-16T16:55:59.158+0700][gc,phases   ] GC(78)   Post Evacuate Collection Set: 2.8ms
[2024-12-16T16:55:59.158+0700][gc,phases   ] GC(78)   Other: 1.1ms
[2024-12-16T16:55:59.158+0700][gc,heap     ] GC(78) Eden regions: 49->0(46)
[2024-12-16T16:55:59.158+0700][gc,heap     ] GC(78) Survivor regions: 2->5(7)
[2024-12-16T16:55:59.158+0700][gc,heap     ] GC(78) Old regions: 162->162
[2024-12-16T16:55:59.158+0700][gc,heap     ] GC(78) Archive regions: 2->2
[2024-12-16T16:55:59.158+0700][gc,heap     ] GC(78) Humongous regions: 129->129
[2024-12-16T16:55:59.158+0700][gc,metaspace] GC(78) Metaspace: 43143K(43648K)->43143K(43648K) NonClass: 38236K(38528K)->38236K(38528K) Class: 4906K(5120K)->4906K(5120K)
[2024-12-16T16:55:59.158+0700][gc          ] GC(78) Pause Young (Normal) (G1 Evacuation Pause) 342M->296M(1024M) 38.843ms
[2024-12-16T16:55:59.158+0700][gc,cpu      ] GC(78) User=0.07s Sys=0.00s Real=0.04s
[2024-12-16T16:57:47.611+0700][gc,start    ] GC(79) Pause Young (Normal) (G1 Evacuation Pause)
[2024-12-16T16:57:47.611+0700][gc,task     ] GC(79) Using 2 workers of 2 for evacuation
[2024-12-16T16:57:47.665+0700][gc,mmu      ] GC(79) MMU target violated: 21.0ms (20.0ms/21.0ms)
[2024-12-16T16:57:47.666+0700][gc,phases   ] GC(79)   Pre Evacuate Collection Set: 3.8ms
[2024-12-16T16:57:47.666+0700][gc,phases   ] GC(79)   Merge Heap Roots: 0.7ms
[2024-12-16T16:57:47.666+0700][gc,phases   ] GC(79)   Evacuate Collection Set: 45.9ms
[2024-12-16T16:57:47.666+0700][gc,phases   ] GC(79)   Post Evacuate Collection Set: 3.2ms
[2024-12-16T16:57:47.666+0700][gc,phases   ] GC(79)   Other: 1.8ms
[2024-12-16T16:57:47.666+0700][gc,heap     ] GC(79) Eden regions: 46->0(46)
[2024-12-16T16:57:47.666+0700][gc,heap     ] GC(79) Survivor regions: 5->5(7)
[2024-12-16T16:57:47.666+0700][gc,heap     ] GC(79) Old regions: 162->165
[2024-12-16T16:57:47.666+0700][gc,heap     ] GC(79) Archive regions: 2->2
[2024-12-16T16:57:47.666+0700][gc,heap     ] GC(79) Humongous regions: 129->129
[2024-12-16T16:57:47.666+0700][gc,metaspace] GC(79) Metaspace: 43143K(43648K)->43143K(43648K) NonClass: 38237K(38528K)->38237K(38528K) Class: 4906K(5120K)->4906K(5120K)
[2024-12-16T16:57:47.666+0700][gc          ] GC(79) Pause Young (Normal) (G1 Evacuation Pause) 342M->299M(1024M) 55.357ms
[2024-12-16T16:57:47.666+0700][gc,cpu      ] GC(79) User=0.09s Sys=0.00s Real=0.06s
[2024-12-16T16:59:36.064+0700][gc,start    ] GC(80) Pause Young (Normal) (G1 Evacuation Pause)
[2024-12-16T16:59:36.065+0700][gc,task     ] GC(80) Using 2 workers of 2 for evacuation
[2024-12-16T16:59:36.101+0700][gc,mmu      ] GC(80) MMU target violated: 21.0ms (20.0ms/21.0ms)
[2024-12-16T16:59:36.101+0700][gc,phases   ] GC(80)   Pre Evacuate Collection Set: 2.3ms
[2024-12-16T16:59:36.101+0700][gc,phases   ] GC(80)   Merge Heap Roots: 0.7ms
[2024-12-16T16:59:36.101+0700][gc,phases   ] GC(80)   Evacuate Collection Set: 29.8ms
[2024-12-16T16:59:36.101+0700][gc,phases   ] GC(80)   Post Evacuate Collection Set: 2.4ms
[2024-12-16T16:59:36.101+0700][gc,phases   ] GC(80)   Other: 1.3ms
[2024-12-16T16:59:36.101+0700][gc,heap     ] GC(80) Eden regions: 46->0(48)
[2024-12-16T16:59:36.101+0700][gc,heap     ] GC(80) Survivor regions: 5->3(7)
[2024-12-16T16:59:36.101+0700][gc,heap     ] GC(80) Old regions: 165->167
[2024-12-16T16:59:36.101+0700][gc,heap     ] GC(80) Archive regions: 2->2
[2024-12-16T16:59:36.101+0700][gc,heap     ] GC(80) Humongous regions: 129->129
[2024-12-16T16:59:36.101+0700][gc,metaspace] GC(80) Metaspace: 43158K(43712K)->43158K(43712K) NonClass: 38252K(38592K)->38252K(38592K) Class: 4906K(5120K)->4906K(5120K)
[2024-12-16T16:59:36.101+0700][gc          ] GC(80) Pause Young (Normal) (G1 Evacuation Pause) 345M->299M(1024M) 36.583ms
[2024-12-16T16:59:36.101+0700][gc,cpu      ] GC(80) User=0.07s Sys=0.00s Real=0.03s
[2024-12-16T17:01:29.054+0700][gc,start    ] GC(81) Pause Young (Normal) (G1 Evacuation Pause)
[2024-12-16T17:01:29.054+0700][gc,task     ] GC(81) Using 2 workers of 2 for evacuation
[2024-12-16T17:01:29.100+0700][gc,mmu      ] GC(81) MMU target violated: 21.0ms (20.0ms/21.0ms)
[2024-12-16T17:01:29.100+0700][gc,phases   ] GC(81)   Pre Evacuate Collection Set: 2.8ms
[2024-12-16T17:01:29.100+0700][gc,phases   ] GC(81)   Merge Heap Roots: 0.5ms
[2024-12-16T17:01:29.100+0700][gc,phases   ] GC(81)   Evacuate Collection Set: 39.7ms
[2024-12-16T17:01:29.100+0700][gc,phases   ] GC(81)   Post Evacuate Collection Set: 2.2ms
[2024-12-16T17:01:29.100+0700][gc,phases   ] GC(81)   Other: 1.2ms
[2024-12-16T17:01:29.100+0700][gc,heap     ] GC(81) Eden regions: 48->0(45)
[2024-12-16T17:01:29.100+0700][gc,heap     ] GC(81) Survivor regions: 3->6(7)
[2024-12-16T17:01:29.100+0700][gc,heap     ] GC(81) Old regions: 167->167
[2024-12-16T17:01:29.100+0700][gc,heap     ] GC(81) Archive regions: 2->2
[2024-12-16T17:01:29.100+0700][gc,heap     ] GC(81) Humongous regions: 129->129
[2024-12-16T17:01:29.100+0700][gc,metaspace] GC(81) Metaspace: 43161K(43712K)->43161K(43712K) NonClass: 38255K(38592K)->38255K(38592K) Class: 4906K(5120K)->4906K(5120K)
[2024-12-16T17:01:29.100+0700][gc          ] GC(81) Pause Young (Normal) (G1 Evacuation Pause) 347M->302M(1024M) 46.437ms
[2024-12-16T17:01:29.100+0700][gc,cpu      ] GC(81) User=0.08s Sys=0.00s Real=0.05s
[2024-12-16T17:03:15.724+0700][gc,start    ] GC(82) Pause Young (Normal) (G1 Evacuation Pause)
[2024-12-16T17:03:15.725+0700][gc,task     ] GC(82) Using 2 workers of 2 for evacuation
[2024-12-16T17:03:15.801+0700][gc,mmu      ] GC(82) MMU target violated: 21.0ms (20.0ms/21.0ms)
[2024-12-16T17:03:15.801+0700][gc,phases   ] GC(82)   Pre Evacuate Collection Set: 2.6ms
[2024-12-16T17:03:15.801+0700][gc,phases   ] GC(82)   Merge Heap Roots: 0.7ms
[2024-12-16T17:03:15.801+0700][gc,phases   ] GC(82)   Evacuate Collection Set: 67.2ms
[2024-12-16T17:03:15.801+0700][gc,phases   ] GC(82)   Post Evacuate Collection Set: 5.3ms
[2024-12-16T17:03:15.801+0700][gc,phases   ] GC(82)   Other: 1.5ms
[2024-12-16T17:03:15.801+0700][gc,heap     ] GC(82) Eden regions: 45->0(44)
[2024-12-16T17:03:15.801+0700][gc,heap     ] GC(82) Survivor regions: 6->7(7)
[2024-12-16T17:03:15.801+0700][gc,heap     ] GC(82) Old regions: 167->169
[2024-12-16T17:03:15.801+0700][gc,heap     ] GC(82) Archive regions: 2->2
[2024-12-16T17:03:15.801+0700][gc,heap     ] GC(82) Humongous regions: 129->129
[2024-12-16T17:03:15.801+0700][gc,metaspace] GC(82) Metaspace: 43161K(43712K)->43161K(43712K) NonClass: 38255K(38592K)->38255K(38592K) Class: 4906K(5120K)->4906K(5120K)
[2024-12-16T17:03:15.801+0700][gc          ] GC(82) Pause Young (Normal) (G1 Evacuation Pause) 347M->305M(1024M) 77.095ms
[2024-12-16T17:03:15.801+0700][gc,cpu      ] GC(82) User=0.12s Sys=0.01s Real=0.07s
[2024-12-16T17:04:59.522+0700][gc,start    ] GC(83) Pause Young (Normal) (G1 Evacuation Pause)
[2024-12-16T17:04:59.523+0700][gc,task     ] GC(83) Using 2 workers of 2 for evacuation
[2024-12-16T17:04:59.583+0700][gc,mmu      ] GC(83) MMU target violated: 21.0ms (20.0ms/21.0ms)
[2024-12-16T17:04:59.583+0700][gc,phases   ] GC(83)   Pre Evacuate Collection Set: 2.6ms
[2024-12-16T17:04:59.583+0700][gc,phases   ] GC(83)   Merge Heap Roots: 0.5ms
[2024-12-16T17:04:59.583+0700][gc,phases   ] GC(83)   Evacuate Collection Set: 54.4ms
[2024-12-16T17:04:59.583+0700][gc,phases   ] GC(83)   Post Evacuate Collection Set: 2.2ms
[2024-12-16T17:04:59.583+0700][gc,phases   ] GC(83)   Other: 1.5ms
[2024-12-16T17:04:59.583+0700][gc,heap     ] GC(83) Eden regions: 44->0(45)
[2024-12-16T17:04:59.583+0700][gc,heap     ] GC(83) Survivor regions: 7->6(7)
[2024-12-16T17:04:59.583+0700][gc,heap     ] GC(83) Old regions: 169->173
[2024-12-16T17:04:59.583+0700][gc,heap     ] GC(83) Archive regions: 2->2
[2024-12-16T17:04:59.583+0700][gc,heap     ] GC(83) Humongous regions: 129->129
[2024-12-16T17:04:59.583+0700][gc,metaspace] GC(83) Metaspace: 43161K(43712K)->43161K(43712K) NonClass: 38255K(38592K)->38255K(38592K) Class: 4906K(5120K)->4906K(5120K)
[2024-12-16T17:04:59.583+0700][gc          ] GC(83) Pause Young (Normal) (G1 Evacuation Pause) 349M->308M(1024M) 61.175ms
[2024-12-16T17:04:59.583+0700][gc,cpu      ] GC(83) User=0.11s Sys=0.01s Real=0.06s
[2024-12-16T17:06:45.393+0700][gc,start    ] GC(84) Pause Young (Normal) (G1 Evacuation Pause)
[2024-12-16T17:06:45.393+0700][gc,task     ] GC(84) Using 2 workers of 2 for evacuation
[2024-12-16T17:06:45.429+0700][gc,mmu      ] GC(84) MMU target violated: 21.0ms (20.0ms/21.0ms)
[2024-12-16T17:06:45.429+0700][gc,phases   ] GC(84)   Pre Evacuate Collection Set: 2.6ms
[2024-12-16T17:06:45.429+0700][gc,phases   ] GC(84)   Merge Heap Roots: 0.5ms
[2024-12-16T17:06:45.429+0700][gc,phases   ] GC(84)   Evacuate Collection Set: 29.7ms
[2024-12-16T17:06:45.429+0700][gc,phases   ] GC(84)   Post Evacuate Collection Set: 2.5ms
[2024-12-16T17:06:45.429+0700][gc,phases   ] GC(84)   Other: 1.1ms
[2024-12-16T17:06:45.429+0700][gc,heap     ] GC(84) Eden regions: 45->0(48)
[2024-12-16T17:06:45.429+0700][gc,heap     ] GC(84) Survivor regions: 6->3(7)
[2024-12-16T17:06:45.429+0700][gc,heap     ] GC(84) Old regions: 173->175
[2024-12-16T17:06:45.429+0700][gc,heap     ] GC(84) Archive regions: 2->2
[2024-12-16T17:06:45.429+0700][gc,heap     ] GC(84) Humongous regions: 129->129
[2024-12-16T17:06:45.429+0700][gc,metaspace] GC(84) Metaspace: 43161K(43712K)->43161K(43712K) NonClass: 38255K(38592K)->38255K(38592K) Class: 4906K(5120K)->4906K(5120K)
[2024-12-16T17:06:45.429+0700][gc          ] GC(84) Pause Young (Normal) (G1 Evacuation Pause) 353M->307M(1024M) 36.386ms
[2024-12-16T17:06:45.430+0700][gc,cpu      ] GC(84) User=0.06s Sys=0.00s Real=0.04s
[2024-12-16T17:08:38.472+0700][gc,start    ] GC(85) Pause Young (Normal) (G1 Evacuation Pause)
[2024-12-16T17:08:38.473+0700][gc,task     ] GC(85) Using 2 workers of 2 for evacuation
[2024-12-16T17:08:38.516+0700][gc,mmu      ] GC(85) MMU target violated: 21.0ms (20.0ms/21.0ms)
[2024-12-16T17:08:38.516+0700][gc,phases   ] GC(85)   Pre Evacuate Collection Set: 3.0ms
[2024-12-16T17:08:38.516+0700][gc,phases   ] GC(85)   Merge Heap Roots: 0.5ms
[2024-12-16T17:08:38.516+0700][gc,phases   ] GC(85)   Evacuate Collection Set: 36.3ms
[2024-12-16T17:08:38.516+0700][gc,phases   ] GC(85)   Post Evacuate Collection Set: 3.1ms
[2024-12-16T17:08:38.516+0700][gc,phases   ] GC(85)   Other: 1.2ms
[2024-12-16T17:08:38.516+0700][gc,heap     ] GC(85) Eden regions: 48->0(45)
[2024-12-16T17:08:38.516+0700][gc,heap     ] GC(85) Survivor regions: 3->6(7)
[2024-12-16T17:08:38.516+0700][gc,heap     ] GC(85) Old regions: 175->175
[2024-12-16T17:08:38.516+0700][gc,heap     ] GC(85) Archive regions: 2->2
[2024-12-16T17:08:38.516+0700][gc,heap     ] GC(85) Humongous regions: 129->129
[2024-12-16T17:08:38.516+0700][gc,metaspace] GC(85) Metaspace: 43161K(43712K)->43161K(43712K) NonClass: 38255K(38592K)->38255K(38592K) Class: 4906K(5120K)->4906K(5120K)
[2024-12-16T17:08:38.517+0700][gc          ] GC(85) Pause Young (Normal) (G1 Evacuation Pause) 355M->310M(1024M) 44.220ms
[2024-12-16T17:08:38.517+0700][gc,cpu      ] GC(85) User=0.08s Sys=0.00s Real=0.05s
[2024-12-16T17:10:21.979+0700][gc,start    ] GC(86) Pause Young (Normal) (G1 Evacuation Pause)
[2024-12-16T17:10:21.980+0700][gc,task     ] GC(86) Using 2 workers of 2 for evacuation
[2024-12-16T17:10:22.060+0700][gc,mmu      ] GC(86) MMU target violated: 21.0ms (20.0ms/21.0ms)
[2024-12-16T17:10:22.060+0700][gc,phases   ] GC(86)   Pre Evacuate Collection Set: 3.7ms
[2024-12-16T17:10:22.060+0700][gc,phases   ] GC(86)   Merge Heap Roots: 0.8ms
[2024-12-16T17:10:22.060+0700][gc,phases   ] GC(86)   Evacuate Collection Set: 72.5ms
[2024-12-16T17:10:22.061+0700][gc,phases   ] GC(86)   Post Evacuate Collection Set: 3.2ms
[2024-12-16T17:10:22.061+0700][gc,phases   ] GC(86)   Other: 0.9ms
[2024-12-16T17:10:22.061+0700][gc,heap     ] GC(86) Eden regions: 45->0(45)
[2024-12-16T17:10:22.061+0700][gc,heap     ] GC(86) Survivor regions: 6->6(7)
[2024-12-16T17:10:22.061+0700][gc,heap     ] GC(86) Old regions: 175->179
[2024-12-16T17:10:22.061+0700][gc,heap     ] GC(86) Archive regions: 2->2
[2024-12-16T17:10:22.061+0700][gc,heap     ] GC(86) Humongous regions: 129->129
[2024-12-16T17:10:22.061+0700][gc,metaspace] GC(86) Metaspace: 43162K(43712K)->43162K(43712K) NonClass: 38256K(38592K)->38256K(38592K) Class: 4906K(5120K)->4906K(5120K)
[2024-12-16T17:10:22.061+0700][gc          ] GC(86) Pause Young (Normal) (G1 Evacuation Pause) 355M->314M(1024M) 81.496ms
[2024-12-16T17:10:22.061+0700][gc,cpu      ] GC(86) User=0.15s Sys=0.01s Real=0.08s
[2024-12-16T17:12:08.300+0700][gc,start    ] GC(87) Pause Young (Normal) (G1 Evacuation Pause)
[2024-12-16T17:12:08.301+0700][gc,task     ] GC(87) Using 2 workers of 2 for evacuation
[2024-12-16T17:12:08.349+0700][gc,mmu      ] GC(87) MMU target violated: 21.0ms (20.0ms/21.0ms)
[2024-12-16T17:12:08.349+0700][gc,phases   ] GC(87)   Pre Evacuate Collection Set: 3.2ms
[2024-12-16T17:12:08.349+0700][gc,phases   ] GC(87)   Merge Heap Roots: 1.2ms
[2024-12-16T17:12:08.349+0700][gc,phases   ] GC(87)   Evacuate Collection Set: 38.9ms
[2024-12-16T17:12:08.349+0700][gc,phases   ] GC(87)   Post Evacuate Collection Set: 3.8ms
[2024-12-16T17:12:08.349+0700][gc,phases   ] GC(87)   Other: 1.9ms
[2024-12-16T17:12:08.349+0700][gc,heap     ] GC(87) Eden regions: 45->0(48)
[2024-12-16T17:12:08.349+0700][gc,heap     ] GC(87) Survivor regions: 6->3(7)
[2024-12-16T17:12:08.349+0700][gc,heap     ] GC(87) Old regions: 179->182
[2024-12-16T17:12:08.349+0700][gc,heap     ] GC(87) Archive regions: 2->2
[2024-12-16T17:12:08.349+0700][gc,heap     ] GC(87) Humongous regions: 129->129
[2024-12-16T17:12:08.349+0700][gc,metaspace] GC(87) Metaspace: 43162K(43712K)->43162K(43712K) NonClass: 38256K(38592K)->38256K(38592K) Class: 4906K(5120K)->4906K(5120K)
[2024-12-16T17:12:08.349+0700][gc          ] GC(87) Pause Young (Normal) (G1 Evacuation Pause) 359M->314M(1024M) 48.994ms
[2024-12-16T17:12:08.349+0700][gc,cpu      ] GC(87) User=0.06s Sys=0.03s Real=0.05s
[2024-12-16T17:14:01.329+0700][gc,start    ] GC(88) Pause Young (Normal) (G1 Evacuation Pause)
[2024-12-16T17:14:01.329+0700][gc,task     ] GC(88) Using 2 workers of 2 for evacuation
[2024-12-16T17:14:01.367+0700][gc,mmu      ] GC(88) MMU target violated: 21.0ms (20.0ms/21.0ms)
[2024-12-16T17:14:01.367+0700][gc,phases   ] GC(88)   Pre Evacuate Collection Set: 3.3ms
[2024-12-16T17:14:01.367+0700][gc,phases   ] GC(88)   Merge Heap Roots: 0.5ms
[2024-12-16T17:14:01.367+0700][gc,phases   ] GC(88)   Evacuate Collection Set: 30.6ms
[2024-12-16T17:14:01.367+0700][gc,phases   ] GC(88)   Post Evacuate Collection Set: 2.9ms
[2024-12-16T17:14:01.367+0700][gc,phases   ] GC(88)   Other: 1.1ms
[2024-12-16T17:14:01.367+0700][gc,heap     ] GC(88) Eden regions: 48->0(45)
[2024-12-16T17:14:01.367+0700][gc,heap     ] GC(88) Survivor regions: 3->6(7)
[2024-12-16T17:14:01.367+0700][gc,heap     ] GC(88) Old regions: 182->182
[2024-12-16T17:14:01.367+0700][gc,heap     ] GC(88) Archive regions: 2->2
[2024-12-16T17:14:01.367+0700][gc,heap     ] GC(88) Humongous regions: 129->129
[2024-12-16T17:14:01.367+0700][gc,metaspace] GC(88) Metaspace: 43162K(43712K)->43162K(43712K) NonClass: 38256K(38592K)->38256K(38592K) Class: 4906K(5120K)->4906K(5120K)
[2024-12-16T17:14:01.367+0700][gc          ] GC(88) Pause Young (Normal) (G1 Evacuation Pause) 362M->317M(1024M) 38.624ms
[2024-12-16T17:14:01.367+0700][gc,cpu      ] GC(88) User=0.07s Sys=0.01s Real=0.04s
[2024-12-16T17:15:47.273+0700][gc,start    ] GC(89) Pause Young (Normal) (G1 Evacuation Pause)
[2024-12-16T17:15:47.273+0700][gc,task     ] GC(89) Using 2 workers of 2 for evacuation
[2024-12-16T17:15:47.328+0700][gc,mmu      ] GC(89) MMU target violated: 21.0ms (20.0ms/21.0ms)
[2024-12-16T17:15:47.328+0700][gc,phases   ] GC(89)   Pre Evacuate Collection Set: 1.8ms
[2024-12-16T17:15:47.328+0700][gc,phases   ] GC(89)   Merge Heap Roots: 0.7ms
[2024-12-16T17:15:47.328+0700][gc,phases   ] GC(89)   Evacuate Collection Set: 49.9ms
[2024-12-16T17:15:47.328+0700][gc,phases   ] GC(89)   Post Evacuate Collection Set: 2.4ms
[2024-12-16T17:15:47.328+0700][gc,phases   ] GC(89)   Other: 1.1ms
[2024-12-16T17:15:47.328+0700][gc,heap     ] GC(89) Eden regions: 45->0(45)
[2024-12-16T17:15:47.328+0700][gc,heap     ] GC(89) Survivor regions: 6->6(7)
[2024-12-16T17:15:47.328+0700][gc,heap     ] GC(89) Old regions: 182->184
[2024-12-16T17:15:47.328+0700][gc,heap     ] GC(89) Archive regions: 2->2
[2024-12-16T17:15:47.328+0700][gc,heap     ] GC(89) Humongous regions: 129->129
[2024-12-16T17:15:47.328+0700][gc,metaspace] GC(89) Metaspace: 43162K(43712K)->43162K(43712K) NonClass: 38256K(38592K)->38256K(38592K) Class: 4906K(5120K)->4906K(5120K)
[2024-12-16T17:15:47.328+0700][gc          ] GC(89) Pause Young (Normal) (G1 Evacuation Pause) 362M->319M(1024M) 55.966ms
[2024-12-16T17:15:47.329+0700][gc,cpu      ] GC(89) User=0.10s Sys=0.01s Real=0.06s
[2024-12-16T17:17:33.639+0700][gc,start    ] GC(90) Pause Young (Normal) (G1 Evacuation Pause)
[2024-12-16T17:17:33.639+0700][gc,task     ] GC(90) Using 2 workers of 2 for evacuation
[2024-12-16T17:17:33.734+0700][gc,mmu      ] GC(90) MMU target violated: 21.0ms (20.0ms/21.0ms)
[2024-12-16T17:17:33.734+0700][gc,phases   ] GC(90)   Pre Evacuate Collection Set: 6.7ms
[2024-12-16T17:17:33.734+0700][gc,phases   ] GC(90)   Merge Heap Roots: 1.4ms
[2024-12-16T17:17:33.734+0700][gc,phases   ] GC(90)   Evacuate Collection Set: 81.9ms
[2024-12-16T17:17:33.734+0700][gc,phases   ] GC(90)   Post Evacuate Collection Set: 3.8ms
[2024-12-16T17:17:33.734+0700][gc,phases   ] GC(90)   Other: 1.9ms
[2024-12-16T17:17:33.734+0700][gc,heap     ] GC(90) Eden regions: 45->0(46)
[2024-12-16T17:17:33.734+0700][gc,heap     ] GC(90) Survivor regions: 6->5(7)
[2024-12-16T17:17:33.734+0700][gc,heap     ] GC(90) Old regions: 184->188
[2024-12-16T17:17:33.734+0700][gc,heap     ] GC(90) Archive regions: 2->2
[2024-12-16T17:17:33.734+0700][gc,heap     ] GC(90) Humongous regions: 129->129
[2024-12-16T17:17:33.734+0700][gc,metaspace] GC(90) Metaspace: 43163K(43712K)->43163K(43712K) NonClass: 38257K(38592K)->38257K(38592K) Class: 4906K(5120K)->4906K(5120K)
[2024-12-16T17:17:33.734+0700][gc          ] GC(90) Pause Young (Normal) (G1 Evacuation Pause) 364M->322M(1024M) 95.701ms
[2024-12-16T17:17:33.734+0700][gc,cpu      ] GC(90) User=0.16s Sys=0.01s Real=0.09s
[2024-12-16T17:19:22.248+0700][gc,start    ] GC(91) Pause Young (Normal) (G1 Evacuation Pause)
[2024-12-16T17:19:22.248+0700][gc,task     ] GC(91) Using 2 workers of 2 for evacuation
[2024-12-16T17:19:22.308+0700][gc,mmu      ] GC(91) MMU target violated: 21.0ms (20.0ms/21.0ms)
[2024-12-16T17:19:22.308+0700][gc,phases   ] GC(91)   Pre Evacuate Collection Set: 5.7ms
[2024-12-16T17:19:22.308+0700][gc,phases   ] GC(91)   Merge Heap Roots: 1.0ms
[2024-12-16T17:19:22.308+0700][gc,phases   ] GC(91)   Evacuate Collection Set: 46.8ms
[2024-12-16T17:19:22.308+0700][gc,phases   ] GC(91)   Post Evacuate Collection Set: 5.0ms
[2024-12-16T17:19:22.308+0700][gc,phases   ] GC(91)   Other: 2.5ms
[2024-12-16T17:19:22.309+0700][gc,heap     ] GC(91) Eden regions: 46->0(48)
[2024-12-16T17:19:22.309+0700][gc,heap     ] GC(91) Survivor regions: 5->3(7)
[2024-12-16T17:19:22.309+0700][gc,heap     ] GC(91) Old regions: 188->190
[2024-12-16T17:19:22.309+0700][gc,heap     ] GC(91) Archive regions: 2->2
[2024-12-16T17:19:22.309+0700][gc,heap     ] GC(91) Humongous regions: 129->129
[2024-12-16T17:19:22.309+0700][gc,metaspace] GC(91) Metaspace: 43163K(43712K)->43163K(43712K) NonClass: 38257K(38592K)->38257K(38592K) Class: 4906K(5120K)->4906K(5120K)
[2024-12-16T17:19:22.309+0700][gc          ] GC(91) Pause Young (Normal) (G1 Evacuation Pause) 368M->322M(1024M) 61.062ms
[2024-12-16T17:19:22.309+0700][gc,cpu      ] GC(91) User=0.11s Sys=0.00s Real=0.06s
[2024-12-16T17:21:14.847+0700][gc,start    ] GC(92) Pause Young (Normal) (G1 Evacuation Pause)
[2024-12-16T17:21:14.847+0700][gc,task     ] GC(92) Using 2 workers of 2 for evacuation
[2024-12-16T17:21:14.899+0700][gc,mmu      ] GC(92) MMU target violated: 21.0ms (20.0ms/21.0ms)
[2024-12-16T17:21:14.899+0700][gc,phases   ] GC(92)   Pre Evacuate Collection Set: 5.9ms
[2024-12-16T17:21:14.899+0700][gc,phases   ] GC(92)   Merge Heap Roots: 0.5ms
[2024-12-16T17:21:14.899+0700][gc,phases   ] GC(92)   Evacuate Collection Set: 41.6ms
[2024-12-16T17:21:14.899+0700][gc,phases   ] GC(92)   Post Evacuate Collection Set: 2.6ms
[2024-12-16T17:21:14.899+0700][gc,phases   ] GC(92)   Other: 1.6ms
[2024-12-16T17:21:14.899+0700][gc,heap     ] GC(92) Eden regions: 48->0(45)
[2024-12-16T17:21:14.899+0700][gc,heap     ] GC(92) Survivor regions: 3->6(7)
[2024-12-16T17:21:14.899+0700][gc,heap     ] GC(92) Old regions: 190->190
[2024-12-16T17:21:14.899+0700][gc,heap     ] GC(92) Archive regions: 2->2
[2024-12-16T17:21:14.899+0700][gc,heap     ] GC(92) Humongous regions: 129->129
[2024-12-16T17:21:14.899+0700][gc,metaspace] GC(92) Metaspace: 43163K(43712K)->43163K(43712K) NonClass: 38257K(38592K)->38257K(38592K) Class: 4906K(5120K)->4906K(5120K)
[2024-12-16T17:21:14.899+0700][gc          ] GC(92) Pause Young (Normal) (G1 Evacuation Pause) 370M->325M(1024M) 52.021ms
[2024-12-16T17:21:14.899+0700][gc,cpu      ] GC(92) User=0.09s Sys=0.01s Real=0.05s
[2024-12-16T17:23:01.182+0700][gc,start    ] GC(93) Pause Young (Normal) (G1 Evacuation Pause)
[2024-12-16T17:23:01.183+0700][gc,task     ] GC(93) Using 2 workers of 2 for evacuation
[2024-12-16T17:23:01.240+0700][gc,mmu      ] GC(93) MMU target violated: 21.0ms (20.0ms/21.0ms)
[2024-12-16T17:23:01.241+0700][gc,phases   ] GC(93)   Pre Evacuate Collection Set: 2.9ms
[2024-12-16T17:23:01.241+0700][gc,phases   ] GC(93)   Merge Heap Roots: 0.5ms
[2024-12-16T17:23:01.241+0700][gc,phases   ] GC(93)   Evacuate Collection Set: 51.1ms
[2024-12-16T17:23:01.241+0700][gc,phases   ] GC(93)   Post Evacuate Collection Set: 2.5ms
[2024-12-16T17:23:01.241+0700][gc,phases   ] GC(93)   Other: 1.3ms
[2024-12-16T17:23:01.241+0700][gc,heap     ] GC(93) Eden regions: 45->0(46)
[2024-12-16T17:23:01.241+0700][gc,heap     ] GC(93) Survivor regions: 6->5(7)
[2024-12-16T17:23:01.241+0700][gc,heap     ] GC(93) Old regions: 190->194
[2024-12-16T17:23:01.241+0700][gc,heap     ] GC(93) Archive regions: 2->2
[2024-12-16T17:23:01.241+0700][gc,heap     ] GC(93) Humongous regions: 129->129
[2024-12-16T17:23:01.241+0700][gc,metaspace] GC(93) Metaspace: 43164K(43712K)->43164K(43712K) NonClass: 38257K(38592K)->38257K(38592K) Class: 4906K(5120K)->4906K(5120K)
[2024-12-16T17:23:01.241+0700][gc          ] GC(93) Pause Young (Normal) (G1 Evacuation Pause) 370M->328M(1024M) 58.402ms
[2024-12-16T17:23:01.241+0700][gc,cpu      ] GC(93) User=0.10s Sys=0.01s Real=0.06s
[2024-12-16T17:24:49.648+0700][gc,start    ] GC(94) Pause Young (Normal) (G1 Evacuation Pause)
[2024-12-16T17:24:49.648+0700][gc,task     ] GC(94) Using 2 workers of 2 for evacuation
[2024-12-16T17:24:49.683+0700][gc,mmu      ] GC(94) MMU target violated: 21.0ms (20.0ms/21.0ms)
[2024-12-16T17:24:49.683+0700][gc,phases   ] GC(94)   Pre Evacuate Collection Set: 2.5ms
[2024-12-16T17:24:49.683+0700][gc,phases   ] GC(94)   Merge Heap Roots: 0.5ms
[2024-12-16T17:24:49.683+0700][gc,phases   ] GC(94)   Evacuate Collection Set: 29.1ms
[2024-12-16T17:24:49.684+0700][gc,phases   ] GC(94)   Post Evacuate Collection Set: 2.4ms
[2024-12-16T17:24:49.684+0700][gc,phases   ] GC(94)   Other: 1.3ms
[2024-12-16T17:24:49.684+0700][gc,heap     ] GC(94) Eden regions: 46->0(48)
[2024-12-16T17:24:49.684+0700][gc,heap     ] GC(94) Survivor regions: 5->3(7)
[2024-12-16T17:24:49.684+0700][gc,heap     ] GC(94) Old regions: 194->196
[2024-12-16T17:24:49.684+0700][gc,heap     ] GC(94) Archive regions: 2->2
[2024-12-16T17:24:49.684+0700][gc,heap     ] GC(94) Humongous regions: 129->129
[2024-12-16T17:24:49.684+0700][gc,metaspace] GC(94) Metaspace: 43164K(43712K)->43164K(43712K) NonClass: 38257K(38592K)->38257K(38592K) Class: 4906K(5120K)->4906K(5120K)
[2024-12-16T17:24:49.684+0700][gc          ] GC(94) Pause Young (Normal) (G1 Evacuation Pause) 374M->328M(1024M) 35.799ms
[2024-12-16T17:24:49.684+0700][gc,cpu      ] GC(94) User=0.06s Sys=0.00s Real=0.03s
[2024-12-16T17:26:42.573+0700][gc,start    ] GC(95) Pause Young (Normal) (G1 Evacuation Pause)
[2024-12-16T17:26:42.574+0700][gc,task     ] GC(95) Using 2 workers of 2 for evacuation
[2024-12-16T17:26:42.620+0700][gc,mmu      ] GC(95) MMU target violated: 21.0ms (20.0ms/21.0ms)
[2024-12-16T17:26:42.620+0700][gc,phases   ] GC(95)   Pre Evacuate Collection Set: 3.8ms
[2024-12-16T17:26:42.620+0700][gc,phases   ] GC(95)   Merge Heap Roots: 0.5ms
[2024-12-16T17:26:42.620+0700][gc,phases   ] GC(95)   Evacuate Collection Set: 38.5ms
[2024-12-16T17:26:42.620+0700][gc,phases   ] GC(95)   Post Evacuate Collection Set: 2.8ms
[2024-12-16T17:26:42.620+0700][gc,phases   ] GC(95)   Other: 1.3ms
[2024-12-16T17:26:42.620+0700][gc,heap     ] GC(95) Eden regions: 48->0(45)
[2024-12-16T17:26:42.620+0700][gc,heap     ] GC(95) Survivor regions: 3->6(7)
[2024-12-16T17:26:42.620+0700][gc,heap     ] GC(95) Old regions: 196->196
[2024-12-16T17:26:42.620+0700][gc,heap     ] GC(95) Archive regions: 2->2
[2024-12-16T17:26:42.620+0700][gc,heap     ] GC(95) Humongous regions: 129->129
[2024-12-16T17:26:42.620+0700][gc,metaspace] GC(95) Metaspace: 43165K(43712K)->43165K(43712K) NonClass: 38259K(38592K)->38259K(38592K) Class: 4906K(5120K)->4906K(5120K)
[2024-12-16T17:26:42.620+0700][gc          ] GC(95) Pause Young (Normal) (G1 Evacuation Pause) 376M->331M(1024M) 46.969ms
[2024-12-16T17:26:42.620+0700][gc,cpu      ] GC(95) User=0.09s Sys=0.00s Real=0.05s
[2024-12-16T17:28:29.070+0700][gc,start    ] GC(96) Pause Young (Normal) (G1 Evacuation Pause)
[2024-12-16T17:28:29.071+0700][gc,task     ] GC(96) Using 2 workers of 2 for evacuation
[2024-12-16T17:28:29.127+0700][gc,mmu      ] GC(96) MMU target violated: 21.0ms (20.0ms/21.0ms)
[2024-12-16T17:28:29.127+0700][gc,phases   ] GC(96)   Pre Evacuate Collection Set: 2.7ms
[2024-12-16T17:28:29.127+0700][gc,phases   ] GC(96)   Merge Heap Roots: 0.8ms
[2024-12-16T17:28:29.127+0700][gc,phases   ] GC(96)   Evacuate Collection Set: 49.4ms
[2024-12-16T17:28:29.127+0700][gc,phases   ] GC(96)   Post Evacuate Collection Set: 3.0ms
[2024-12-16T17:28:29.127+0700][gc,phases   ] GC(96)   Other: 1.1ms
[2024-12-16T17:28:29.127+0700][gc,heap     ] GC(96) Eden regions: 45->0(44)
[2024-12-16T17:28:29.127+0700][gc,heap     ] GC(96) Survivor regions: 6->7(7)
[2024-12-16T17:28:29.127+0700][gc,heap     ] GC(96) Old regions: 196->198
[2024-12-16T17:28:29.127+0700][gc,heap     ] GC(96) Archive regions: 2->2
[2024-12-16T17:28:29.127+0700][gc,heap     ] GC(96) Humongous regions: 129->129
[2024-12-16T17:28:29.127+0700][gc,metaspace] GC(96) Metaspace: 43165K(43712K)->43165K(43712K) NonClass: 38259K(38592K)->38259K(38592K) Class: 4906K(5120K)->4906K(5120K)
[2024-12-16T17:28:29.127+0700][gc          ] GC(96) Pause Young (Normal) (G1 Evacuation Pause) 376M->334M(1024M) 57.037ms
[2024-12-16T17:28:29.127+0700][gc,cpu      ] GC(96) User=0.11s Sys=0.00s Real=0.06s
[2024-12-16T17:30:12.616+0700][gc,start    ] GC(97) Pause Young (Normal) (G1 Evacuation Pause)
[2024-12-16T17:30:12.616+0700][gc,task     ] GC(97) Using 2 workers of 2 for evacuation
[2024-12-16T17:30:12.682+0700][gc,mmu      ] GC(97) MMU target violated: 21.0ms (20.0ms/21.0ms)
[2024-12-16T17:30:12.682+0700][gc,phases   ] GC(97)   Pre Evacuate Collection Set: 2.6ms
[2024-12-16T17:30:12.682+0700][gc,phases   ] GC(97)   Merge Heap Roots: 0.5ms
[2024-12-16T17:30:12.682+0700][gc,phases   ] GC(97)   Evacuate Collection Set: 59.8ms
[2024-12-16T17:30:12.682+0700][gc,phases   ] GC(97)   Post Evacuate Collection Set: 2.6ms
[2024-12-16T17:30:12.682+0700][gc,phases   ] GC(97)   Other: 1.0ms
[2024-12-16T17:30:12.682+0700][gc,heap     ] GC(97) Eden regions: 44->0(45)
[2024-12-16T17:30:12.682+0700][gc,heap     ] GC(97) Survivor regions: 7->6(7)
[2024-12-16T17:30:12.682+0700][gc,heap     ] GC(97) Old regions: 198->202
[2024-12-16T17:30:12.682+0700][gc,heap     ] GC(97) Archive regions: 2->2
[2024-12-16T17:30:12.682+0700][gc,heap     ] GC(97) Humongous regions: 129->129
[2024-12-16T17:30:12.682+0700][gc,metaspace] GC(97) Metaspace: 43165K(43712K)->43165K(43712K) NonClass: 38259K(38592K)->38259K(38592K) Class: 4906K(5120K)->4906K(5120K)
[2024-12-16T17:30:12.682+0700][gc          ] GC(97) Pause Young (Normal) (G1 Evacuation Pause) 378M->337M(1024M) 66.499ms
[2024-12-16T17:30:12.682+0700][gc,cpu      ] GC(97) User=0.13s Sys=0.00s Real=0.07s
[2024-12-16T17:31:58.568+0700][gc,start    ] GC(98) Pause Young (Normal) (G1 Evacuation Pause)
[2024-12-16T17:31:58.568+0700][gc,task     ] GC(98) Using 2 workers of 2 for evacuation
[2024-12-16T17:31:58.605+0700][gc,mmu      ] GC(98) MMU target violated: 21.0ms (20.0ms/21.0ms)
[2024-12-16T17:31:58.605+0700][gc,phases   ] GC(98)   Pre Evacuate Collection Set: 2.4ms
[2024-12-16T17:31:58.605+0700][gc,phases   ] GC(98)   Merge Heap Roots: 1.0ms
[2024-12-16T17:31:58.605+0700][gc,phases   ] GC(98)   Evacuate Collection Set: 30.2ms
[2024-12-16T17:31:58.605+0700][gc,phases   ] GC(98)   Post Evacuate Collection Set: 3.1ms
[2024-12-16T17:31:58.605+0700][gc,phases   ] GC(98)   Other: 1.4ms
[2024-12-16T17:31:58.605+0700][gc,heap     ] GC(98) Eden regions: 45->0(47)
[2024-12-16T17:31:58.605+0700][gc,heap     ] GC(98) Survivor regions: 6->4(7)
[2024-12-16T17:31:58.605+0700][gc,heap     ] GC(98) Old regions: 202->204
[2024-12-16T17:31:58.605+0700][gc,heap     ] GC(98) Archive regions: 2->2
[2024-12-16T17:31:58.605+0700][gc,heap     ] GC(98) Humongous regions: 129->129
[2024-12-16T17:31:58.606+0700][gc,metaspace] GC(98) Metaspace: 43165K(43712K)->43165K(43712K) NonClass: 38259K(38592K)->38259K(38592K) Class: 4906K(5120K)->4906K(5120K)
[2024-12-16T17:31:58.606+0700][gc          ] GC(98) Pause Young (Normal) (G1 Evacuation Pause) 382M->337M(1024M) 38.125ms
[2024-12-16T17:31:58.606+0700][gc,cpu      ] GC(98) User=0.07s Sys=0.00s Real=0.04s
[2024-12-16T17:33:50.108+0700][gc,start    ] GC(99) Pause Young (Normal) (G1 Evacuation Pause)
[2024-12-16T17:33:50.108+0700][gc,task     ] GC(99) Using 2 workers of 2 for evacuation
[2024-12-16T17:33:50.154+0700][gc,mmu      ] GC(99) MMU target violated: 21.0ms (20.0ms/21.0ms)
[2024-12-16T17:33:50.154+0700][gc,phases   ] GC(99)   Pre Evacuate Collection Set: 2.9ms
[2024-12-16T17:33:50.154+0700][gc,phases   ] GC(99)   Merge Heap Roots: 0.9ms
[2024-12-16T17:33:50.154+0700][gc,phases   ] GC(99)   Evacuate Collection Set: 38.1ms
[2024-12-16T17:33:50.154+0700][gc,phases   ] GC(99)   Post Evacuate Collection Set: 3.1ms
[2024-12-16T17:33:50.154+0700][gc,phases   ] GC(99)   Other: 1.5ms
[2024-12-16T17:33:50.154+0700][gc,heap     ] GC(99) Eden regions: 47->0(45)
[2024-12-16T17:33:50.154+0700][gc,heap     ] GC(99) Survivor regions: 4->6(7)
[2024-12-16T17:33:50.154+0700][gc,heap     ] GC(99) Old regions: 204->204
[2024-12-16T17:33:50.154+0700][gc,heap     ] GC(99) Archive regions: 2->2
[2024-12-16T17:33:50.154+0700][gc,heap     ] GC(99) Humongous regions: 129->129
[2024-12-16T17:33:50.154+0700][gc,metaspace] GC(99) Metaspace: 43165K(43712K)->43165K(43712K) NonClass: 38259K(38592K)->38259K(38592K) Class: 4906K(5120K)->4906K(5120K)
[2024-12-16T17:33:50.154+0700][gc          ] GC(99) Pause Young (Normal) (G1 Evacuation Pause) 384M->339M(1024M) 46.549ms
[2024-12-16T17:33:50.154+0700][gc,cpu      ] GC(99) User=0.08s Sys=0.00s Real=0.04s
[2024-12-16T17:35:35.632+0700][gc,start    ] GC(100) Pause Young (Normal) (G1 Evacuation Pause)
[2024-12-16T17:35:35.632+0700][gc,task     ] GC(100) Using 2 workers of 2 for evacuation
[2024-12-16T17:35:35.698+0700][gc,mmu      ] GC(100) MMU target violated: 21.0ms (20.0ms/21.0ms)
[2024-12-16T17:35:35.698+0700][gc,phases   ] GC(100)   Pre Evacuate Collection Set: 4.6ms
[2024-12-16T17:35:35.698+0700][gc,phases   ] GC(100)   Merge Heap Roots: 0.5ms
[2024-12-16T17:35:35.698+0700][gc,phases   ] GC(100)   Evacuate Collection Set: 56.1ms
[2024-12-16T17:35:35.698+0700][gc,phases   ] GC(100)   Post Evacuate Collection Set: 4.0ms
[2024-12-16T17:35:35.698+0700][gc,phases   ] GC(100)   Other: 1.5ms
[2024-12-16T17:35:35.698+0700][gc,heap     ] GC(100) Eden regions: 45->0(46)
[2024-12-16T17:35:35.698+0700][gc,heap     ] GC(100) Survivor regions: 6->5(7)
[2024-12-16T17:35:35.698+0700][gc,heap     ] GC(100) Old regions: 204->208
[2024-12-16T17:35:35.698+0700][gc,heap     ] GC(100) Archive regions: 2->2
[2024-12-16T17:35:35.698+0700][gc,heap     ] GC(100) Humongous regions: 129->129
[2024-12-16T17:35:35.698+0700][gc,metaspace] GC(100) Metaspace: 43165K(43712K)->43165K(43712K) NonClass: 38259K(38592K)->38259K(38592K) Class: 4906K(5120K)->4906K(5120K)
[2024-12-16T17:35:35.698+0700][gc          ] GC(100) Pause Young (Normal) (G1 Evacuation Pause) 384M->342M(1024M) 66.819ms
[2024-12-16T17:35:35.698+0700][gc,cpu      ] GC(100) User=0.12s Sys=0.01s Real=0.07s
[2024-12-16T17:37:24.160+0700][gc,start    ] GC(101) Pause Young (Normal) (G1 Evacuation Pause)
[2024-12-16T17:37:24.160+0700][gc,task     ] GC(101) Using 2 workers of 2 for evacuation
[2024-12-16T17:37:24.200+0700][gc,mmu      ] GC(101) MMU target violated: 21.0ms (20.0ms/21.0ms)
[2024-12-16T17:37:24.200+0700][gc,phases   ] GC(101)   Pre Evacuate Collection Set: 2.6ms
[2024-12-16T17:37:24.200+0700][gc,phases   ] GC(101)   Merge Heap Roots: 1.1ms
[2024-12-16T17:37:24.200+0700][gc,phases   ] GC(101)   Evacuate Collection Set: 32.4ms
[2024-12-16T17:37:24.200+0700][gc,phases   ] GC(101)   Post Evacuate Collection Set: 3.2ms
[2024-12-16T17:37:24.200+0700][gc,phases   ] GC(101)   Other: 1.1ms
[2024-12-16T17:37:24.200+0700][gc,heap     ] GC(101) Eden regions: 46->0(48)
[2024-12-16T17:37:24.200+0700][gc,heap     ] GC(101) Survivor regions: 5->3(7)
[2024-12-16T17:37:24.200+0700][gc,heap     ] GC(101) Old regions: 208->210
[2024-12-16T17:37:24.200+0700][gc,heap     ] GC(101) Archive regions: 2->2
[2024-12-16T17:37:24.200+0700][gc,heap     ] GC(101) Humongous regions: 129->129
[2024-12-16T17:37:24.200+0700][gc,metaspace] GC(101) Metaspace: 43169K(43712K)->43169K(43712K) NonClass: 38262K(38592K)->38262K(38592K) Class: 4906K(5120K)->4906K(5120K)
[2024-12-16T17:37:24.200+0700][gc          ] GC(101) Pause Young (Normal) (G1 Evacuation Pause) 388M->342M(1024M) 40.447ms
[2024-12-16T17:37:24.200+0700][gc,cpu      ] GC(101) User=0.07s Sys=0.00s Real=0.04s
[2024-12-16T17:39:18.146+0700][gc,start    ] GC(102) Pause Young (Normal) (G1 Evacuation Pause)
[2024-12-16T17:39:18.146+0700][gc,task     ] GC(102) Using 2 workers of 2 for evacuation
[2024-12-16T17:39:18.189+0700][gc,mmu      ] GC(102) MMU target violated: 21.0ms (20.0ms/21.0ms)
[2024-12-16T17:39:18.189+0700][gc,phases   ] GC(102)   Pre Evacuate Collection Set: 3.2ms
[2024-12-16T17:39:18.189+0700][gc,phases   ] GC(102)   Merge Heap Roots: 1.5ms
[2024-12-16T17:39:18.189+0700][gc,phases   ] GC(102)   Evacuate Collection Set: 35.0ms
[2024-12-16T17:39:18.190+0700][gc,phases   ] GC(102)   Post Evacuate Collection Set: 3.0ms
[2024-12-16T17:39:18.190+0700][gc,phases   ] GC(102)   Other: 1.4ms
[2024-12-16T17:39:18.190+0700][gc,heap     ] GC(102) Eden regions: 48->0(45)
[2024-12-16T17:39:18.190+0700][gc,heap     ] GC(102) Survivor regions: 3->6(7)
[2024-12-16T17:39:18.190+0700][gc,heap     ] GC(102) Old regions: 210->210
[2024-12-16T17:39:18.190+0700][gc,heap     ] GC(102) Archive regions: 2->2
[2024-12-16T17:39:18.190+0700][gc,heap     ] GC(102) Humongous regions: 129->129
[2024-12-16T17:39:18.190+0700][gc,metaspace] GC(102) Metaspace: 43169K(43712K)->43169K(43712K) NonClass: 38262K(38592K)->38262K(38592K) Class: 4906K(5120K)->4906K(5120K)
[2024-12-16T17:39:18.190+0700][gc          ] GC(102) Pause Young (Normal) (G1 Evacuation Pause) 390M->345M(1024M) 44.044ms
[2024-12-16T17:39:18.190+0700][gc,cpu      ] GC(102) User=0.08s Sys=0.00s Real=0.04s
[2024-12-16T17:41:04.158+0700][gc,start    ] GC(103) Pause Young (Normal) (G1 Evacuation Pause)
[2024-12-16T17:41:04.158+0700][gc,task     ] GC(103) Using 2 workers of 2 for evacuation
[2024-12-16T17:41:04.220+0700][gc,mmu      ] GC(103) MMU target violated: 21.0ms (20.0ms/21.0ms)
[2024-12-16T17:41:04.220+0700][gc,phases   ] GC(103)   Pre Evacuate Collection Set: 3.3ms
[2024-12-16T17:41:04.220+0700][gc,phases   ] GC(103)   Merge Heap Roots: 1.2ms
[2024-12-16T17:41:04.220+0700][gc,phases   ] GC(103)   Evacuate Collection Set: 54.1ms
[2024-12-16T17:41:04.220+0700][gc,phases   ] GC(103)   Post Evacuate Collection Set: 2.5ms
[2024-12-16T17:41:04.220+0700][gc,phases   ] GC(103)   Other: 1.6ms
[2024-12-16T17:41:04.220+0700][gc,heap     ] GC(103) Eden regions: 45->0(44)
[2024-12-16T17:41:04.220+0700][gc,heap     ] GC(103) Survivor regions: 6->7(7)
[2024-12-16T17:41:04.220+0700][gc,heap     ] GC(103) Old regions: 210->212
[2024-12-16T17:41:04.220+0700][gc,heap     ] GC(103) Archive regions: 2->2
[2024-12-16T17:41:04.220+0700][gc,heap     ] GC(103) Humongous regions: 129->129
[2024-12-16T17:41:04.220+0700][gc,metaspace] GC(103) Metaspace: 43170K(43712K)->43170K(43712K) NonClass: 38263K(38592K)->38263K(38592K) Class: 4906K(5120K)->4906K(5120K)
[2024-12-16T17:41:04.221+0700][gc          ] GC(103) Pause Young (Normal) (G1 Evacuation Pause) 390M->348M(1024M) 62.654ms
[2024-12-16T17:41:04.221+0700][gc,cpu      ] GC(103) User=0.11s Sys=0.01s Real=0.06s
[2024-12-16T17:42:47.686+0700][gc,start    ] GC(104) Pause Young (Normal) (G1 Evacuation Pause)
[2024-12-16T17:42:47.686+0700][gc,task     ] GC(104) Using 2 workers of 2 for evacuation
[2024-12-16T17:42:47.754+0700][gc,mmu      ] GC(104) MMU target violated: 21.0ms (20.0ms/21.0ms)
[2024-12-16T17:42:47.754+0700][gc,phases   ] GC(104)   Pre Evacuate Collection Set: 3.6ms
[2024-12-16T17:42:47.754+0700][gc,phases   ] GC(104)   Merge Heap Roots: 1.1ms
[2024-12-16T17:42:47.754+0700][gc,phases   ] GC(104)   Evacuate Collection Set: 58.7ms
[2024-12-16T17:42:47.754+0700][gc,phases   ] GC(104)   Post Evacuate Collection Set: 3.4ms
[2024-12-16T17:42:47.754+0700][gc,phases   ] GC(104)   Other: 1.7ms
[2024-12-16T17:42:47.754+0700][gc,heap     ] GC(104) Eden regions: 44->0(46)
[2024-12-16T17:42:47.754+0700][gc,heap     ] GC(104) Survivor regions: 7->5(7)
[2024-12-16T17:42:47.754+0700][gc,heap     ] GC(104) Old regions: 212->216
[2024-12-16T17:42:47.754+0700][gc,heap     ] GC(104) Archive regions: 2->2
[2024-12-16T17:42:47.754+0700][gc,heap     ] GC(104) Humongous regions: 129->129
[2024-12-16T17:42:47.754+0700][gc,metaspace] GC(104) Metaspace: 43170K(43712K)->43170K(43712K) NonClass: 38263K(38592K)->38263K(38592K) Class: 4906K(5120K)->4906K(5120K)
[2024-12-16T17:42:47.754+0700][gc          ] GC(104) Pause Young (Normal) (G1 Evacuation Pause) 392M->350M(1024M) 68.396ms
[2024-12-16T17:42:47.754+0700][gc,cpu      ] GC(104) User=0.13s Sys=0.00s Real=0.06s
[2024-12-16T17:44:36.687+0700][gc,start    ] GC(105) Pause Young (Normal) (G1 Evacuation Pause)
[2024-12-16T17:44:36.687+0700][gc,task     ] GC(105) Using 2 workers of 2 for evacuation
[2024-12-16T17:44:36.730+0700][gc,mmu      ] GC(105) MMU target violated: 21.0ms (20.0ms/21.0ms)
[2024-12-16T17:44:36.730+0700][gc,phases   ] GC(105)   Pre Evacuate Collection Set: 2.7ms
[2024-12-16T17:44:36.730+0700][gc,phases   ] GC(105)   Merge Heap Roots: 0.9ms
[2024-12-16T17:44:36.730+0700][gc,phases   ] GC(105)   Evacuate Collection Set: 35.9ms
[2024-12-16T17:44:36.730+0700][gc,phases   ] GC(105)   Post Evacuate Collection Set: 2.8ms
[2024-12-16T17:44:36.730+0700][gc,phases   ] GC(105)   Other: 1.1ms
[2024-12-16T17:44:36.731+0700][gc,heap     ] GC(105) Eden regions: 46->0(47)
[2024-12-16T17:44:36.731+0700][gc,heap     ] GC(105) Survivor regions: 5->4(7)
[2024-12-16T17:44:36.731+0700][gc,heap     ] GC(105) Old regions: 216->219
[2024-12-16T17:44:36.731+0700][gc,heap     ] GC(105) Archive regions: 2->2
[2024-12-16T17:44:36.731+0700][gc,heap     ] GC(105) Humongous regions: 129->129
[2024-12-16T17:44:36.731+0700][gc,metaspace] GC(105) Metaspace: 43170K(43712K)->43170K(43712K) NonClass: 38264K(38592K)->38264K(38592K) Class: 4906K(5120K)->4906K(5120K)
[2024-12-16T17:44:36.731+0700][gc          ] GC(105) Pause Young (Normal) (G1 Evacuation Pause) 396M->351M(1024M) 43.510ms
[2024-12-16T17:44:36.731+0700][gc,cpu      ] GC(105) User=0.08s Sys=0.00s Real=0.04s
[2024-12-16T17:46:27.045+0700][gc,start    ] GC(106) Pause Young (Normal) (G1 Evacuation Pause)
[2024-12-16T17:46:27.046+0700][gc,task     ] GC(106) Using 2 workers of 2 for evacuation
[2024-12-16T17:46:27.092+0700][gc,mmu      ] GC(106) MMU target violated: 21.0ms (20.0ms/21.0ms)
[2024-12-16T17:46:27.093+0700][gc,phases   ] GC(106)   Pre Evacuate Collection Set: 2.5ms
[2024-12-16T17:46:27.093+0700][gc,phases   ] GC(106)   Merge Heap Roots: 0.6ms
[2024-12-16T17:46:27.093+0700][gc,phases   ] GC(106)   Evacuate Collection Set: 40.2ms
[2024-12-16T17:46:27.093+0700][gc,phases   ] GC(106)   Post Evacuate Collection Set: 2.9ms
[2024-12-16T17:46:27.093+0700][gc,phases   ] GC(106)   Other: 1.3ms
[2024-12-16T17:46:27.093+0700][gc,heap     ] GC(106) Eden regions: 47->0(45)
[2024-12-16T17:46:27.093+0700][gc,heap     ] GC(106) Survivor regions: 4->6(7)
[2024-12-16T17:46:27.093+0700][gc,heap     ] GC(106) Old regions: 219->219
[2024-12-16T17:46:27.093+0700][gc,heap     ] GC(106) Archive regions: 2->2
[2024-12-16T17:46:27.093+0700][gc,heap     ] GC(106) Humongous regions: 129->129
[2024-12-16T17:46:27.093+0700][gc,metaspace] GC(106) Metaspace: 43170K(43712K)->43170K(43712K) NonClass: 38264K(38592K)->38264K(38592K) Class: 4906K(5120K)->4906K(5120K)
[2024-12-16T17:46:27.093+0700][gc          ] GC(106) Pause Young (Normal) (G1 Evacuation Pause) 398M->354M(1024M) 47.465ms
[2024-12-16T17:46:27.093+0700][gc,cpu      ] GC(106) User=0.08s Sys=0.00s Real=0.04s
[2024-12-16T17:48:13.196+0700][gc,start    ] GC(107) Pause Young (Normal) (G1 Evacuation Pause)
[2024-12-16T17:48:13.197+0700][gc,task     ] GC(107) Using 2 workers of 2 for evacuation
[2024-12-16T17:48:13.258+0700][gc,mmu      ] GC(107) MMU target violated: 21.0ms (20.0ms/21.0ms)
[2024-12-16T17:48:13.258+0700][gc,phases   ] GC(107)   Pre Evacuate Collection Set: 2.7ms
[2024-12-16T17:48:13.258+0700][gc,phases   ] GC(107)   Merge Heap Roots: 0.6ms
[2024-12-16T17:48:13.258+0700][gc,phases   ] GC(107)   Evacuate Collection Set: 54.3ms
[2024-12-16T17:48:13.258+0700][gc,phases   ] GC(107)   Post Evacuate Collection Set: 2.8ms
[2024-12-16T17:48:13.258+0700][gc,phases   ] GC(107)   Other: 1.4ms
[2024-12-16T17:48:13.258+0700][gc,heap     ] GC(107) Eden regions: 45->0(46)
[2024-12-16T17:48:13.258+0700][gc,heap     ] GC(107) Survivor regions: 6->5(7)
[2024-12-16T17:48:13.258+0700][gc,heap     ] GC(107) Old regions: 219->223
[2024-12-16T17:48:13.258+0700][gc,heap     ] GC(107) Archive regions: 2->2
[2024-12-16T17:48:13.258+0700][gc,heap     ] GC(107) Humongous regions: 129->129
[2024-12-16T17:48:13.258+0700][gc,metaspace] GC(107) Metaspace: 43170K(43712K)->43170K(43712K) NonClass: 38264K(38592K)->38264K(38592K) Class: 4906K(5120K)->4906K(5120K)
[2024-12-16T17:48:13.258+0700][gc          ] GC(107) Pause Young (Normal) (G1 Evacuation Pause) 399M->357M(1024M) 61.843ms
[2024-12-16T17:48:13.258+0700][gc,cpu      ] GC(107) User=0.12s Sys=0.00s Real=0.06s
[2024-12-16T17:50:01.733+0700][gc,start    ] GC(108) Pause Young (Normal) (G1 Evacuation Pause)
[2024-12-16T17:50:01.733+0700][gc,task     ] GC(108) Using 2 workers of 2 for evacuation
[2024-12-16T17:50:01.779+0700][gc,mmu      ] GC(108) MMU target violated: 21.0ms (20.0ms/21.0ms)
[2024-12-16T17:50:01.779+0700][gc,phases   ] GC(108)   Pre Evacuate Collection Set: 2.9ms
[2024-12-16T17:50:01.779+0700][gc,phases   ] GC(108)   Merge Heap Roots: 0.8ms
[2024-12-16T17:50:01.779+0700][gc,phases   ] GC(108)   Evacuate Collection Set: 37.9ms
[2024-12-16T17:50:01.779+0700][gc,phases   ] GC(108)   Post Evacuate Collection Set: 3.4ms
[2024-12-16T17:50:01.779+0700][gc,phases   ] GC(108)   Other: 1.6ms
[2024-12-16T17:50:01.779+0700][gc,heap     ] GC(108) Eden regions: 46->0(48)
[2024-12-16T17:50:01.779+0700][gc,heap     ] GC(108) Survivor regions: 5->3(7)
[2024-12-16T17:50:01.779+0700][gc,heap     ] GC(108) Old regions: 223->225
[2024-12-16T17:50:01.779+0700][gc,heap     ] GC(108) Archive regions: 2->2
[2024-12-16T17:50:01.779+0700][gc,heap     ] GC(108) Humongous regions: 129->129
[2024-12-16T17:50:01.779+0700][gc,metaspace] GC(108) Metaspace: 43170K(43712K)->43170K(43712K) NonClass: 38264K(38592K)->38264K(38592K) Class: 4906K(5120K)->4906K(5120K)
[2024-12-16T17:50:01.779+0700][gc          ] GC(108) Pause Young (Normal) (G1 Evacuation Pause) 403M->357M(1024M) 46.436ms
[2024-12-16T17:50:01.779+0700][gc,cpu      ] GC(108) User=0.07s Sys=0.00s Real=0.05s
[2024-12-16T17:51:48.267+0700][gc,start    ] GC(109) Pause Young (Normal) (G1 Evacuation Pause)
[2024-12-16T17:51:48.267+0700][gc,task     ] GC(109) Using 2 workers of 2 for evacuation
[2024-12-16T17:51:48.328+0700][gc,mmu      ] GC(109) MMU target violated: 21.0ms (20.0ms/21.0ms)
[2024-12-16T17:51:48.328+0700][gc,phases   ] GC(109)   Pre Evacuate Collection Set: 2.7ms
[2024-12-16T17:51:48.328+0700][gc,phases   ] GC(109)   Merge Heap Roots: 0.6ms
[2024-12-16T17:51:48.328+0700][gc,phases   ] GC(109)   Evacuate Collection Set: 53.4ms
[2024-12-16T17:51:48.328+0700][gc,phases   ] GC(109)   Post Evacuate Collection Set: 2.8ms
[2024-12-16T17:51:48.328+0700][gc,phases   ] GC(109)   Other: 1.3ms
[2024-12-16T17:51:48.328+0700][gc,heap     ] GC(109) Eden regions: 48->0(44)
[2024-12-16T17:51:48.328+0700][gc,heap     ] GC(109) Survivor regions: 3->7(7)
[2024-12-16T17:51:48.328+0700][gc,heap     ] GC(109) Old regions: 225->225
[2024-12-16T17:51:48.328+0700][gc,heap     ] GC(109) Archive regions: 2->2
[2024-12-16T17:51:48.328+0700][gc,heap     ] GC(109) Humongous regions: 129->129
[2024-12-16T17:51:48.328+0700][gc,metaspace] GC(109) Metaspace: 43171K(43712K)->43171K(43712K) NonClass: 38264K(38592K)->38264K(38592K) Class: 4906K(5120K)->4906K(5120K)
[2024-12-16T17:51:48.328+0700][gc          ] GC(109) Pause Young (Normal) (G1 Evacuation Pause) 405M->361M(1024M) 60.965ms
[2024-12-16T17:51:48.328+0700][gc,cpu      ] GC(109) User=0.11s Sys=0.00s Real=0.06s
[2024-12-16T17:53:32.124+0700][gc,start    ] GC(110) Pause Young (Normal) (G1 Evacuation Pause)
[2024-12-16T17:53:32.125+0700][gc,task     ] GC(110) Using 2 workers of 2 for evacuation
[2024-12-16T17:53:32.177+0700][gc,mmu      ] GC(110) MMU target violated: 21.0ms (20.0ms/21.0ms)
[2024-12-16T17:53:32.178+0700][gc,phases   ] GC(110)   Pre Evacuate Collection Set: 2.9ms
[2024-12-16T17:53:32.178+0700][gc,phases   ] GC(110)   Merge Heap Roots: 0.9ms
[2024-12-16T17:53:32.178+0700][gc,phases   ] GC(110)   Evacuate Collection Set: 46.3ms
[2024-12-16T17:53:32.178+0700][gc,phases   ] GC(110)   Post Evacuate Collection Set: 2.2ms
[2024-12-16T17:53:32.178+0700][gc,phases   ] GC(110)   Other: 1.2ms
[2024-12-16T17:53:32.178+0700][gc,heap     ] GC(110) Eden regions: 44->0(47)
[2024-12-16T17:53:32.178+0700][gc,heap     ] GC(110) Survivor regions: 7->4(7)
[2024-12-16T17:53:32.178+0700][gc,heap     ] GC(110) Old regions: 225->229
[2024-12-16T17:53:32.178+0700][gc,heap     ] GC(110) Archive regions: 2->2
[2024-12-16T17:53:32.178+0700][gc,heap     ] GC(110) Humongous regions: 129->129
[2024-12-16T17:53:32.178+0700][gc,metaspace] GC(110) Metaspace: 43171K(43712K)->43171K(43712K) NonClass: 38264K(38592K)->38264K(38592K) Class: 4906K(5120K)->4906K(5120K)
[2024-12-16T17:53:32.178+0700][gc          ] GC(110) Pause Young (Normal) (G1 Evacuation Pause) 405M->362M(1024M) 53.500ms
[2024-12-16T17:53:32.178+0700][gc,cpu      ] GC(110) User=0.08s Sys=0.02s Real=0.05s
[2024-12-16T17:55:21.499+0700][gc,start    ] GC(111) Pause Young (Concurrent Start) (G1 Evacuation Pause)
[2024-12-16T17:55:21.499+0700][gc,task     ] GC(111) Using 2 workers of 2 for evacuation
[2024-12-16T17:55:21.557+0700][gc,mmu      ] GC(111) MMU target violated: 21.0ms (20.0ms/21.0ms)
[2024-12-16T17:55:21.557+0700][gc,phases   ] GC(111)   Pre Evacuate Collection Set: 2.9ms
[2024-12-16T17:55:21.557+0700][gc,phases   ] GC(111)   Merge Heap Roots: 0.9ms
[2024-12-16T17:55:21.557+0700][gc,phases   ] GC(111)   Evacuate Collection Set: 49.5ms
[2024-12-16T17:55:21.557+0700][gc,phases   ] GC(111)   Post Evacuate Collection Set: 3.8ms
[2024-12-16T17:55:21.557+0700][gc,phases   ] GC(111)   Other: 1.8ms
[2024-12-16T17:55:21.557+0700][gc,heap     ] GC(111) Eden regions: 47->0(44)
[2024-12-16T17:55:21.557+0700][gc,heap     ] GC(111) Survivor regions: 4->7(7)
[2024-12-16T17:55:21.557+0700][gc,heap     ] GC(111) Old regions: 229->229
[2024-12-16T17:55:21.557+0700][gc,heap     ] GC(111) Archive regions: 2->2
[2024-12-16T17:55:21.557+0700][gc,heap     ] GC(111) Humongous regions: 129->129
[2024-12-16T17:55:21.558+0700][gc,metaspace] GC(111) Metaspace: 43171K(43712K)->43171K(43712K) NonClass: 38265K(38592K)->38265K(38592K) Class: 4906K(5120K)->4906K(5120K)
[2024-12-16T17:55:21.558+0700][gc          ] GC(111) Pause Young (Concurrent Start) (G1 Evacuation Pause) 409M->365M(1024M) 59.065ms
[2024-12-16T17:55:21.558+0700][gc,cpu      ] GC(111) User=0.10s Sys=0.00s Real=0.06s
[2024-12-16T17:55:21.558+0700][gc          ] GC(112) Concurrent Mark Cycle
[2024-12-16T17:55:21.558+0700][gc,marking  ] GC(112) Concurrent Clear Claimed Marks
[2024-12-16T17:55:21.558+0700][gc,marking  ] GC(112) Concurrent Clear Claimed Marks 0.279ms
[2024-12-16T17:55:21.558+0700][gc,marking  ] GC(112) Concurrent Scan Root Regions
[2024-12-16T17:55:21.577+0700][gc,marking  ] GC(112) Concurrent Scan Root Regions 18.304ms
[2024-12-16T17:55:21.577+0700][gc,marking  ] GC(112) Concurrent Mark
[2024-12-16T17:55:21.577+0700][gc,marking  ] GC(112) Concurrent Mark From Roots
[2024-12-16T17:55:21.577+0700][gc,task     ] GC(112) Using 1 workers of 1 for marking
[2024-12-16T17:55:21.677+0700][gc,marking  ] GC(112) Concurrent Mark From Roots 100.219ms
[2024-12-16T17:55:21.677+0700][gc,marking  ] GC(112) Concurrent Preclean
[2024-12-16T17:55:21.678+0700][gc,marking  ] GC(112) Concurrent Preclean 0.492ms
[2024-12-16T17:55:21.678+0700][gc,start    ] GC(112) Pause Remark
[2024-12-16T17:55:21.729+0700][gc,mmu      ] GC(112) MMU target violated: 21.0ms (20.0ms/21.0ms)
[2024-12-16T17:55:21.729+0700][gc          ] GC(112) Pause Remark 365M->284M(1024M) 50.624ms
[2024-12-16T17:55:21.729+0700][gc,cpu      ] GC(112) User=0.09s Sys=0.00s Real=0.05s
[2024-12-16T17:55:21.730+0700][gc,marking  ] GC(112) Concurrent Mark 153.246ms
[2024-12-16T17:55:21.730+0700][gc,marking  ] GC(112) Concurrent Rebuild Remembered Sets
[2024-12-16T17:55:21.753+0700][gc,marking  ] GC(112) Concurrent Rebuild Remembered Sets 22.482ms
[2024-12-16T17:55:21.754+0700][gc,start    ] GC(112) Pause Cleanup
[2024-12-16T17:55:21.754+0700][gc          ] GC(112) Pause Cleanup 284M->284M(1024M) 0.624ms
[2024-12-16T17:55:21.754+0700][gc,cpu      ] GC(112) User=0.00s Sys=0.00s Real=0.00s
[2024-12-16T17:55:21.754+0700][gc,marking  ] GC(112) Concurrent Cleanup for Next Mark
[2024-12-16T17:55:21.770+0700][gc,marking  ] GC(112) Concurrent Cleanup for Next Mark 15.722ms
[2024-12-16T17:55:21.770+0700][gc          ] GC(112) Concurrent Mark Cycle 211.964ms
[2024-12-16T17:57:04.378+0700][gc,start    ] GC(113) Pause Young (Prepare Mixed) (G1 Evacuation Pause)
[2024-12-16T17:57:04.378+0700][gc,task     ] GC(113) Using 2 workers of 2 for evacuation
[2024-12-16T17:57:04.423+0700][gc,mmu      ] GC(113) MMU target violated: 21.0ms (20.0ms/21.0ms)
[2024-12-16T17:57:04.424+0700][gc,phases   ] GC(113)   Pre Evacuate Collection Set: 3.9ms
[2024-12-16T17:57:04.424+0700][gc,phases   ] GC(113)   Merge Heap Roots: 1.1ms
[2024-12-16T17:57:04.424+0700][gc,phases   ] GC(113)   Evacuate Collection Set: 36.5ms
[2024-12-16T17:57:04.424+0700][gc,phases   ] GC(113)   Post Evacuate Collection Set: 3.2ms
[2024-12-16T17:57:04.424+0700][gc,phases   ] GC(113)   Other: 1.3ms
[2024-12-16T17:57:04.424+0700][gc,heap     ] GC(113) Eden regions: 44->0(48)
[2024-12-16T17:57:04.424+0700][gc,heap     ] GC(113) Survivor regions: 7->3(7)
[2024-12-16T17:57:04.424+0700][gc,heap     ] GC(113) Old regions: 148->152
[2024-12-16T17:57:04.424+0700][gc,heap     ] GC(113) Archive regions: 2->2
[2024-12-16T17:57:04.424+0700][gc,heap     ] GC(113) Humongous regions: 129->129
[2024-12-16T17:57:04.424+0700][gc,metaspace] GC(113) Metaspace: 43122K(43712K)->43122K(43712K) NonClass: 38228K(38592K)->38228K(38592K) Class: 4894K(5120K)->4894K(5120K)
[2024-12-16T17:57:04.424+0700][gc          ] GC(113) Pause Young (Prepare Mixed) (G1 Evacuation Pause) 328M->284M(1024M) 46.138ms
[2024-12-16T17:57:04.424+0700][gc,cpu      ] GC(113) User=0.09s Sys=0.00s Real=0.05s
[2024-12-16T17:58:57.214+0700][gc,start    ] GC(114) Pause Young (Mixed) (G1 Evacuation Pause)
[2024-12-16T17:58:57.215+0700][gc,task     ] GC(114) Using 2 workers of 2 for evacuation
[2024-12-16T17:58:57.259+0700][gc,mmu      ] GC(114) MMU target violated: 21.0ms (20.0ms/21.0ms)
[2024-12-16T17:58:57.259+0700][gc,phases   ] GC(114)   Pre Evacuate Collection Set: 3.0ms
[2024-12-16T17:58:57.259+0700][gc,phases   ] GC(114)   Merge Heap Roots: 0.7ms
[2024-12-16T17:58:57.259+0700][gc,phases   ] GC(114)   Evacuate Collection Set: 37.7ms
[2024-12-16T17:58:57.259+0700][gc,phases   ] GC(114)   Post Evacuate Collection Set: 2.5ms
[2024-12-16T17:58:57.259+0700][gc,phases   ] GC(114)   Other: 1.5ms
[2024-12-16T17:58:57.259+0700][gc,heap     ] GC(114) Eden regions: 48->0(45)
[2024-12-16T17:58:57.259+0700][gc,heap     ] GC(114) Survivor regions: 3->6(7)
[2024-12-16T17:58:57.259+0700][gc,heap     ] GC(114) Old regions: 152->142
[2024-12-16T17:58:57.260+0700][gc,heap     ] GC(114) Archive regions: 2->2
[2024-12-16T17:58:57.260+0700][gc,heap     ] GC(114) Humongous regions: 129->129
[2024-12-16T17:58:57.260+0700][gc,metaspace] GC(114) Metaspace: 43122K(43712K)->43122K(43712K) NonClass: 38228K(38592K)->38228K(38592K) Class: 4894K(5120K)->4894K(5120K)
[2024-12-16T17:58:57.260+0700][gc          ] GC(114) Pause Young (Mixed) (G1 Evacuation Pause) 332M->277M(1024M) 45.546ms
[2024-12-16T17:58:57.260+0700][gc,cpu      ] GC(114) User=0.09s Sys=0.00s Real=0.05s
[2024-12-16T18:00:42.815+0700][gc,start    ] GC(115) Pause Young (Mixed) (G1 Evacuation Pause)
[2024-12-16T18:00:42.815+0700][gc,task     ] GC(115) Using 2 workers of 2 for evacuation
[2024-12-16T18:00:42.864+0700][gc,mmu      ] GC(115) MMU target violated: 21.0ms (20.0ms/21.0ms)
[2024-12-16T18:00:42.865+0700][gc,phases   ] GC(115)   Pre Evacuate Collection Set: 2.5ms
[2024-12-16T18:00:42.865+0700][gc,phases   ] GC(115)   Merge Heap Roots: 0.4ms
[2024-12-16T18:00:42.865+0700][gc,phases   ] GC(115)   Evacuate Collection Set: 42.2ms
[2024-12-16T18:00:42.865+0700][gc,phases   ] GC(115)   Post Evacuate Collection Set: 3.6ms
[2024-12-16T18:00:42.865+0700][gc,phases   ] GC(115)   Other: 1.2ms
[2024-12-16T18:00:42.865+0700][gc,heap     ] GC(115) Eden regions: 45->0(46)
[2024-12-16T18:00:42.865+0700][gc,heap     ] GC(115) Survivor regions: 6->5(7)
[2024-12-16T18:00:42.865+0700][gc,heap     ] GC(115) Old regions: 142->136
[2024-12-16T18:00:42.865+0700][gc,heap     ] GC(115) Archive regions: 2->2
[2024-12-16T18:00:42.865+0700][gc,heap     ] GC(115) Humongous regions: 129->129
[2024-12-16T18:00:42.865+0700][gc,metaspace] GC(115) Metaspace: 43122K(43712K)->43122K(43712K) NonClass: 38228K(38592K)->38228K(38592K) Class: 4894K(5120K)->4894K(5120K)
[2024-12-16T18:00:42.865+0700][gc          ] GC(115) Pause Young (Mixed) (G1 Evacuation Pause) 322M->269M(1024M) 50.156ms
[2024-12-16T18:00:42.865+0700][gc,cpu      ] GC(115) User=0.10s Sys=0.00s Real=0.06s
[2024-12-16T18:02:31.062+0700][gc,start    ] GC(116) Pause Young (Mixed) (G1 Evacuation Pause)
[2024-12-16T18:02:31.062+0700][gc,task     ] GC(116) Using 2 workers of 2 for evacuation
[2024-12-16T18:02:31.103+0700][gc,mmu      ] GC(116) MMU target violated: 21.0ms (20.0ms/21.0ms)
[2024-12-16T18:02:31.103+0700][gc,phases   ] GC(116)   Pre Evacuate Collection Set: 2.7ms
[2024-12-16T18:02:31.103+0700][gc,phases   ] GC(116)   Merge Heap Roots: 0.6ms
[2024-12-16T18:02:31.103+0700][gc,phases   ] GC(116)   Evacuate Collection Set: 30.2ms
[2024-12-16T18:02:31.103+0700][gc,phases   ] GC(116)   Post Evacuate Collection Set: 7.1ms
[2024-12-16T18:02:31.103+0700][gc,phases   ] GC(116)   Other: 1.1ms
[2024-12-16T18:02:31.104+0700][gc,heap     ] GC(116) Eden regions: 46->0(48)
[2024-12-16T18:02:31.104+0700][gc,heap     ] GC(116) Survivor regions: 5->3(7)
[2024-12-16T18:02:31.104+0700][gc,heap     ] GC(116) Old regions: 136->128
[2024-12-16T18:02:31.104+0700][gc,heap     ] GC(116) Archive regions: 2->2
[2024-12-16T18:02:31.104+0700][gc,heap     ] GC(116) Humongous regions: 129->129
[2024-12-16T18:02:31.104+0700][gc,metaspace] GC(116) Metaspace: 43124K(43712K)->43124K(43712K) NonClass: 38230K(38592K)->38230K(38592K) Class: 4894K(5120K)->4894K(5120K)
[2024-12-16T18:02:31.104+0700][gc          ] GC(116) Pause Young (Mixed) (G1 Evacuation Pause) 315M->260M(1024M) 41.784ms
[2024-12-16T18:02:31.104+0700][gc,cpu      ] GC(116) User=0.08s Sys=0.00s Real=0.04s
[2024-12-16T18:04:24.839+0700][gc,start    ] GC(117) Pause Young (Mixed) (G1 Evacuation Pause)
[2024-12-16T18:04:24.839+0700][gc,task     ] GC(117) Using 2 workers of 2 for evacuation
[2024-12-16T18:04:24.881+0700][gc,mmu      ] GC(117) MMU target violated: 21.0ms (20.0ms/21.0ms)
[2024-12-16T18:04:24.881+0700][gc,phases   ] GC(117)   Pre Evacuate Collection Set: 2.8ms
[2024-12-16T18:04:24.881+0700][gc,phases   ] GC(117)   Merge Heap Roots: 0.6ms
[2024-12-16T18:04:24.881+0700][gc,phases   ] GC(117)   Evacuate Collection Set: 35.8ms
[2024-12-16T18:04:24.881+0700][gc,phases   ] GC(117)   Post Evacuate Collection Set: 2.5ms
[2024-12-16T18:04:24.881+0700][gc,phases   ] GC(117)   Other: 1.2ms
[2024-12-16T18:04:24.882+0700][gc,heap     ] GC(117) Eden regions: 48->0(45)
[2024-12-16T18:04:24.882+0700][gc,heap     ] GC(117) Survivor regions: 3->6(7)
[2024-12-16T18:04:24.882+0700][gc,heap     ] GC(117) Old regions: 128->119
[2024-12-16T18:04:24.882+0700][gc,heap     ] GC(117) Archive regions: 2->2
[2024-12-16T18:04:24.882+0700][gc,heap     ] GC(117) Humongous regions: 129->129
[2024-12-16T18:04:24.882+0700][gc,metaspace] GC(117) Metaspace: 43124K(43712K)->43124K(43712K) NonClass: 38230K(38592K)->38230K(38592K) Class: 4894K(5120K)->4894K(5120K)
[2024-12-16T18:04:24.882+0700][gc          ] GC(117) Pause Young (Mixed) (G1 Evacuation Pause) 308M->254M(1024M) 42.749ms
[2024-12-16T18:04:24.882+0700][gc,cpu      ] GC(117) User=0.08s Sys=0.00s Real=0.04s
[2024-12-16T18:06:11.310+0700][gc,start    ] GC(118) Pause Young (Mixed) (G1 Evacuation Pause)
[2024-12-16T18:06:11.311+0700][gc,task     ] GC(118) Using 2 workers of 2 for evacuation
[2024-12-16T18:06:11.377+0700][gc,mmu      ] GC(118) MMU target violated: 21.0ms (20.0ms/21.0ms)
[2024-12-16T18:06:11.377+0700][gc,phases   ] GC(118)   Pre Evacuate Collection Set: 3.1ms
[2024-12-16T18:06:11.377+0700][gc,phases   ] GC(118)   Merge Heap Roots: 0.5ms
[2024-12-16T18:06:11.377+0700][gc,phases   ] GC(118)   Evacuate Collection Set: 58.4ms
[2024-12-16T18:06:11.377+0700][gc,phases   ] GC(118)   Post Evacuate Collection Set: 3.3ms
[2024-12-16T18:06:11.377+0700][gc,phases   ] GC(118)   Other: 1.3ms
[2024-12-16T18:06:11.377+0700][gc,heap     ] GC(118) Eden regions: 45->0(44)
[2024-12-16T18:06:11.377+0700][gc,heap     ] GC(118) Survivor regions: 6->7(7)
[2024-12-16T18:06:11.377+0700][gc,heap     ] GC(118) Old regions: 119->111
[2024-12-16T18:06:11.377+0700][gc,heap     ] GC(118) Archive regions: 2->2
[2024-12-16T18:06:11.377+0700][gc,heap     ] GC(118) Humongous regions: 129->129
[2024-12-16T18:06:11.377+0700][gc,metaspace] GC(118) Metaspace: 43124K(43712K)->43124K(43712K) NonClass: 38230K(38592K)->38230K(38592K) Class: 4894K(5120K)->4894K(5120K)
[2024-12-16T18:06:11.377+0700][gc          ] GC(118) Pause Young (Mixed) (G1 Evacuation Pause) 299M->246M(1024M) 66.631ms
[2024-12-16T18:06:11.377+0700][gc,cpu      ] GC(118) User=0.13s Sys=0.00s Real=0.07s
[2024-12-16T18:07:54.734+0700][gc,start    ] GC(119) Pause Young (Mixed) (G1 Evacuation Pause)
[2024-12-16T18:07:54.734+0700][gc,task     ] GC(119) Using 2 workers of 2 for evacuation
[2024-12-16T18:07:54.799+0700][gc,mmu      ] GC(119) MMU target violated: 21.0ms (20.0ms/21.0ms)
[2024-12-16T18:07:54.799+0700][gc,phases   ] GC(119)   Pre Evacuate Collection Set: 2.7ms
[2024-12-16T18:07:54.799+0700][gc,phases   ] GC(119)   Merge Heap Roots: 1.0ms
[2024-12-16T18:07:54.799+0700][gc,phases   ] GC(119)   Evacuate Collection Set: 57.8ms
[2024-12-16T18:07:54.799+0700][gc,phases   ] GC(119)   Post Evacuate Collection Set: 2.5ms
[2024-12-16T18:07:54.799+0700][gc,phases   ] GC(119)   Other: 1.5ms
[2024-12-16T18:07:54.799+0700][gc,heap     ] GC(119) Eden regions: 44->0(46)
[2024-12-16T18:07:54.799+0700][gc,heap     ] GC(119) Survivor regions: 7->5(7)
[2024-12-16T18:07:54.799+0700][gc,heap     ] GC(119) Old regions: 111->105
[2024-12-16T18:07:54.799+0700][gc,heap     ] GC(119) Archive regions: 2->2
[2024-12-16T18:07:54.799+0700][gc,heap     ] GC(119) Humongous regions: 129->129
[2024-12-16T18:07:54.799+0700][gc,metaspace] GC(119) Metaspace: 43124K(43712K)->43124K(43712K) NonClass: 38230K(38592K)->38230K(38592K) Class: 4894K(5120K)->4894K(5120K)
[2024-12-16T18:07:54.799+0700][gc          ] GC(119) Pause Young (Mixed) (G1 Evacuation Pause) 290M->239M(1024M) 65.418ms
[2024-12-16T18:07:54.799+0700][gc,cpu      ] GC(119) User=0.12s Sys=0.00s Real=0.07s
[2024-12-16T18:09:40.703+0700][gc,start    ] GC(120) Pause Young (Mixed) (G1 Evacuation Pause)
[2024-12-16T18:09:40.703+0700][gc,task     ] GC(120) Using 2 workers of 2 for evacuation
[2024-12-16T18:09:40.743+0700][gc,mmu      ] GC(120) MMU target violated: 21.0ms (20.0ms/21.0ms)
[2024-12-16T18:09:40.743+0700][gc,phases   ] GC(120)   Pre Evacuate Collection Set: 2.7ms
[2024-12-16T18:09:40.743+0700][gc,phases   ] GC(120)   Merge Heap Roots: 0.9ms
[2024-12-16T18:09:40.743+0700][gc,phases   ] GC(120)   Evacuate Collection Set: 33.1ms
[2024-12-16T18:09:40.743+0700][gc,phases   ] GC(120)   Post Evacuate Collection Set: 2.8ms
[2024-12-16T18:09:40.743+0700][gc,phases   ] GC(120)   Other: 1.3ms
[2024-12-16T18:09:40.743+0700][gc,heap     ] GC(120) Eden regions: 46->0(47)
[2024-12-16T18:09:40.743+0700][gc,heap     ] GC(120) Survivor regions: 5->4(7)
[2024-12-16T18:09:40.743+0700][gc,heap     ] GC(120) Old regions: 105->97
[2024-12-16T18:09:40.743+0700][gc,heap     ] GC(120) Archive regions: 2->2
[2024-12-16T18:09:40.743+0700][gc,heap     ] GC(120) Humongous regions: 129->129
[2024-12-16T18:09:40.744+0700][gc,metaspace] GC(120) Metaspace: 43132K(43712K)->43132K(43712K) NonClass: 38238K(38592K)->38238K(38592K) Class: 4894K(5120K)->4894K(5120K)
[2024-12-16T18:09:40.744+0700][gc          ] GC(120) Pause Young (Mixed) (G1 Evacuation Pause) 285M->230M(1024M) 40.988ms
[2024-12-16T18:09:40.744+0700][gc,cpu      ] GC(120) User=0.07s Sys=0.00s Real=0.04s
[2024-12-16T18:11:30.717+0700][gc,start    ] GC(121) Pause Young (Mixed) (G1 Evacuation Pause)
[2024-12-16T18:11:30.717+0700][gc,task     ] GC(121) Using 2 workers of 2 for evacuation
[2024-12-16T18:11:30.764+0700][gc,mmu      ] GC(121) MMU target violated: 21.0ms (20.0ms/21.0ms)
[2024-12-16T18:11:30.764+0700][gc,phases   ] GC(121)   Pre Evacuate Collection Set: 2.7ms
[2024-12-16T18:11:30.764+0700][gc,phases   ] GC(121)   Merge Heap Roots: 0.6ms
[2024-12-16T18:11:30.764+0700][gc,phases   ] GC(121)   Evacuate Collection Set: 40.6ms
[2024-12-16T18:11:30.764+0700][gc,phases   ] GC(121)   Post Evacuate Collection Set: 2.6ms
[2024-12-16T18:11:30.764+0700][gc,phases   ] GC(121)   Other: 1.2ms
[2024-12-16T18:11:30.764+0700][gc,heap     ] GC(121) Eden regions: 47->0(44)
[2024-12-16T18:11:30.764+0700][gc,heap     ] GC(121) Survivor regions: 4->7(7)
[2024-12-16T18:11:30.764+0700][gc,heap     ] GC(121) Old regions: 97->89
[2024-12-16T18:11:30.764+0700][gc,heap     ] GC(121) Archive regions: 2->2
[2024-12-16T18:11:30.764+0700][gc,heap     ] GC(121) Humongous regions: 129->129
[2024-12-16T18:11:30.764+0700][gc,metaspace] GC(121) Metaspace: 43134K(43712K)->43134K(43712K) NonClass: 38240K(38592K)->38240K(38592K) Class: 4894K(5120K)->4894K(5120K)
[2024-12-16T18:11:30.764+0700][gc          ] GC(121) Pause Young (Mixed) (G1 Evacuation Pause) 277M->225M(1024M) 47.767ms
[2024-12-16T18:11:30.764+0700][gc,cpu      ] GC(121) User=0.09s Sys=0.00s Real=0.05s
[2024-12-16T18:13:14.617+0700][gc,start    ] GC(122) Pause Young (Normal) (G1 Evacuation Pause)
[2024-12-16T18:13:14.617+0700][gc,task     ] GC(122) Using 2 workers of 2 for evacuation
[2024-12-16T18:13:14.678+0700][gc,mmu      ] GC(122) MMU target violated: 21.0ms (20.0ms/21.0ms)
[2024-12-16T18:13:14.678+0700][gc,phases   ] GC(122)   Pre Evacuate Collection Set: 2.6ms
[2024-12-16T18:13:14.678+0700][gc,phases   ] GC(122)   Merge Heap Roots: 0.8ms
[2024-12-16T18:13:14.678+0700][gc,phases   ] GC(122)   Evacuate Collection Set: 54.1ms
[2024-12-16T18:13:14.678+0700][gc,phases   ] GC(122)   Post Evacuate Collection Set: 3.0ms
[2024-12-16T18:13:14.678+0700][gc,phases   ] GC(122)   Other: 1.2ms
[2024-12-16T18:13:14.678+0700][gc,heap     ] GC(122) Eden regions: 44->0(46)
[2024-12-16T18:13:14.678+0700][gc,heap     ] GC(122) Survivor regions: 7->5(7)
[2024-12-16T18:13:14.679+0700][gc,heap     ] GC(122) Old regions: 89->94
[2024-12-16T18:13:14.679+0700][gc,heap     ] GC(122) Archive regions: 2->2
[2024-12-16T18:13:14.679+0700][gc,heap     ] GC(122) Humongous regions: 129->129
[2024-12-16T18:13:14.679+0700][gc,metaspace] GC(122) Metaspace: 43134K(43712K)->43134K(43712K) NonClass: 38240K(38592K)->38240K(38592K) Class: 4894K(5120K)->4894K(5120K)
[2024-12-16T18:13:14.679+0700][gc          ] GC(122) Pause Young (Normal) (G1 Evacuation Pause) 269M->228M(1024M) 61.896ms
[2024-12-16T18:13:14.679+0700][gc,cpu      ] GC(122) User=0.12s Sys=0.00s Real=0.06s
[2024-12-16T18:15:02.426+0700][gc,start    ] GC(123) Pause Young (Normal) (G1 Evacuation Pause)
[2024-12-16T18:15:02.426+0700][gc,task     ] GC(123) Using 2 workers of 2 for evacuation
[2024-12-16T18:15:02.463+0700][gc,mmu      ] GC(123) MMU target violated: 21.0ms (20.0ms/21.0ms)
[2024-12-16T18:15:02.463+0700][gc,phases   ] GC(123)   Pre Evacuate Collection Set: 3.3ms
[2024-12-16T18:15:02.463+0700][gc,phases   ] GC(123)   Merge Heap Roots: 0.8ms
[2024-12-16T18:15:02.463+0700][gc,phases   ] GC(123)   Evacuate Collection Set: 29.0ms
[2024-12-16T18:15:02.463+0700][gc,phases   ] GC(123)   Post Evacuate Collection Set: 2.5ms
[2024-12-16T18:15:02.463+0700][gc,phases   ] GC(123)   Other: 1.3ms
[2024-12-16T18:15:02.463+0700][gc,heap     ] GC(123) Eden regions: 46->0(48)
[2024-12-16T18:15:02.463+0700][gc,heap     ] GC(123) Survivor regions: 5->3(7)
[2024-12-16T18:15:02.463+0700][gc,heap     ] GC(123) Old regions: 94->96
[2024-12-16T18:15:02.463+0700][gc,heap     ] GC(123) Archive regions: 2->2
[2024-12-16T18:15:02.463+0700][gc,heap     ] GC(123) Humongous regions: 129->129
[2024-12-16T18:15:02.463+0700][gc,metaspace] GC(123) Metaspace: 43134K(43712K)->43134K(43712K) NonClass: 38240K(38592K)->38240K(38592K) Class: 4894K(5120K)->4894K(5120K)
[2024-12-16T18:15:02.463+0700][gc          ] GC(123) Pause Young (Normal) (G1 Evacuation Pause) 274M->228M(1024M) 36.998ms
[2024-12-16T18:15:02.463+0700][gc,cpu      ] GC(123) User=0.06s Sys=0.00s Real=0.03s
[2024-12-16T18:16:56.222+0700][gc,start    ] GC(124) Pause Young (Normal) (G1 Evacuation Pause)
[2024-12-16T18:16:56.222+0700][gc,task     ] GC(124) Using 2 workers of 2 for evacuation
[2024-12-16T18:16:56.262+0700][gc,mmu      ] GC(124) MMU target violated: 21.0ms (20.0ms/21.0ms)
[2024-12-16T18:16:56.262+0700][gc,phases   ] GC(124)   Pre Evacuate Collection Set: 2.8ms
[2024-12-16T18:16:56.262+0700][gc,phases   ] GC(124)   Merge Heap Roots: 0.9ms
[2024-12-16T18:16:56.262+0700][gc,phases   ] GC(124)   Evacuate Collection Set: 32.7ms
[2024-12-16T18:16:56.262+0700][gc,phases   ] GC(124)   Post Evacuate Collection Set: 2.7ms
[2024-12-16T18:16:56.262+0700][gc,phases   ] GC(124)   Other: 1.2ms
[2024-12-16T18:16:56.262+0700][gc,heap     ] GC(124) Eden regions: 48->0(45)
[2024-12-16T18:16:56.262+0700][gc,heap     ] GC(124) Survivor regions: 3->6(7)
[2024-12-16T18:16:56.262+0700][gc,heap     ] GC(124) Old regions: 96->96
[2024-12-16T18:16:56.262+0700][gc,heap     ] GC(124) Archive regions: 2->2
[2024-12-16T18:16:56.262+0700][gc,heap     ] GC(124) Humongous regions: 129->129
[2024-12-16T18:16:56.262+0700][gc,metaspace] GC(124) Metaspace: 43134K(43712K)->43134K(43712K) NonClass: 38240K(38592K)->38240K(38592K) Class: 4894K(5120K)->4894K(5120K)
[2024-12-16T18:16:56.262+0700][gc          ] GC(124) Pause Young (Normal) (G1 Evacuation Pause) 276M->231M(1024M) 40.377ms
[2024-12-16T18:16:56.262+0700][gc,cpu      ] GC(124) User=0.07s Sys=0.00s Real=0.04s
[2024-12-16T18:18:42.224+0700][gc,start    ] GC(125) Pause Young (Normal) (G1 Evacuation Pause)
[2024-12-16T18:18:42.224+0700][gc,task     ] GC(125) Using 2 workers of 2 for evacuation
[2024-12-16T18:18:42.289+0700][gc,mmu      ] GC(125) MMU target violated: 21.0ms (20.0ms/21.0ms)
[2024-12-16T18:18:42.289+0700][gc,phases   ] GC(125)   Pre Evacuate Collection Set: 2.9ms
[2024-12-16T18:18:42.289+0700][gc,phases   ] GC(125)   Merge Heap Roots: 0.6ms
[2024-12-16T18:18:42.289+0700][gc,phases   ] GC(125)   Evacuate Collection Set: 57.1ms
[2024-12-16T18:18:42.289+0700][gc,phases   ] GC(125)   Post Evacuate Collection Set: 3.8ms
[2024-12-16T18:18:42.289+0700][gc,phases   ] GC(125)   Other: 1.3ms
[2024-12-16T18:18:42.289+0700][gc,heap     ] GC(125) Eden regions: 45->0(44)
[2024-12-16T18:18:42.289+0700][gc,heap     ] GC(125) Survivor regions: 6->7(7)
[2024-12-16T18:18:42.289+0700][gc,heap     ] GC(125) Old regions: 96->98
[2024-12-16T18:18:42.289+0700][gc,heap     ] GC(125) Archive regions: 2->2
[2024-12-16T18:18:42.289+0700][gc,heap     ] GC(125) Humongous regions: 129->129
[2024-12-16T18:18:42.289+0700][gc,metaspace] GC(125) Metaspace: 43134K(43712K)->43134K(43712K) NonClass: 38240K(38592K)->38240K(38592K) Class: 4894K(5120K)->4894K(5120K)
[2024-12-16T18:18:42.289+0700][gc          ] GC(125) Pause Young (Normal) (G1 Evacuation Pause) 276M->234M(1024M) 65.655ms
[2024-12-16T18:18:42.289+0700][gc,cpu      ] GC(125) User=0.12s Sys=0.00s Real=0.07s
[2024-12-16T18:20:26.152+0700][gc,start    ] GC(126) Pause Young (Normal) (G1 Evacuation Pause)
[2024-12-16T18:20:26.152+0700][gc,task     ] GC(126) Using 2 workers of 2 for evacuation
[2024-12-16T18:20:26.209+0700][gc,mmu      ] GC(126) MMU target violated: 21.0ms (20.0ms/21.0ms)
[2024-12-16T18:20:26.209+0700][gc,phases   ] GC(126)   Pre Evacuate Collection Set: 4.0ms
[2024-12-16T18:20:26.209+0700][gc,phases   ] GC(126)   Merge Heap Roots: 0.9ms
[2024-12-16T18:20:26.209+0700][gc,phases   ] GC(126)   Evacuate Collection Set: 48.3ms
[2024-12-16T18:20:26.209+0700][gc,phases   ] GC(126)   Post Evacuate Collection Set: 3.0ms
[2024-12-16T18:20:26.209+0700][gc,phases   ] GC(126)   Other: 1.2ms
[2024-12-16T18:20:26.209+0700][gc,heap     ] GC(126) Eden regions: 44->0(46)
[2024-12-16T18:20:26.209+0700][gc,heap     ] GC(126) Survivor regions: 7->5(7)
[2024-12-16T18:20:26.209+0700][gc,heap     ] GC(126) Old regions: 98->102
[2024-12-16T18:20:26.209+0700][gc,heap     ] GC(126) Archive regions: 2->2
[2024-12-16T18:20:26.209+0700][gc,heap     ] GC(126) Humongous regions: 129->129
[2024-12-16T18:20:26.209+0700][gc,metaspace] GC(126) Metaspace: 43134K(43712K)->43134K(43712K) NonClass: 38240K(38592K)->38240K(38592K) Class: 4894K(5120K)->4894K(5120K)
[2024-12-16T18:20:26.209+0700][gc          ] GC(126) Pause Young (Normal) (G1 Evacuation Pause) 278M->236M(1024M) 57.232ms
[2024-12-16T18:20:26.209+0700][gc,cpu      ] GC(126) User=0.10s Sys=0.00s Real=0.06s
[2024-12-16T18:22:14.200+0700][gc,start    ] GC(127) Pause Young (Normal) (G1 Evacuation Pause)
[2024-12-16T18:22:14.201+0700][gc,task     ] GC(127) Using 2 workers of 2 for evacuation
[2024-12-16T18:22:14.241+0700][gc,mmu      ] GC(127) MMU target violated: 21.0ms (20.0ms/21.0ms)
[2024-12-16T18:22:14.241+0700][gc,phases   ] GC(127)   Pre Evacuate Collection Set: 3.9ms
[2024-12-16T18:22:14.241+0700][gc,phases   ] GC(127)   Merge Heap Roots: 1.0ms
[2024-12-16T18:22:14.241+0700][gc,phases   ] GC(127)   Evacuate Collection Set: 30.7ms
[2024-12-16T18:22:14.241+0700][gc,phases   ] GC(127)   Post Evacuate Collection Set: 3.7ms
[2024-12-16T18:22:14.241+0700][gc,phases   ] GC(127)   Other: 1.6ms
[2024-12-16T18:22:14.241+0700][gc,heap     ] GC(127) Eden regions: 46->0(48)
[2024-12-16T18:22:14.241+0700][gc,heap     ] GC(127) Survivor regions: 5->3(7)
[2024-12-16T18:22:14.241+0700][gc,heap     ] GC(127) Old regions: 102->104
[2024-12-16T18:22:14.241+0700][gc,heap     ] GC(127) Archive regions: 2->2
[2024-12-16T18:22:14.241+0700][gc,heap     ] GC(127) Humongous regions: 129->129
[2024-12-16T18:22:14.241+0700][gc,metaspace] GC(127) Metaspace: 43134K(43712K)->43134K(43712K) NonClass: 38240K(38592K)->38240K(38592K) Class: 4894K(5120K)->4894K(5120K)
[2024-12-16T18:22:14.241+0700][gc          ] GC(127) Pause Young (Normal) (G1 Evacuation Pause) 282M->236M(1024M) 40.651ms
[2024-12-16T18:22:14.241+0700][gc,cpu      ] GC(127) User=0.06s Sys=0.00s Real=0.04s
[2024-12-16T18:24:07.201+0700][gc,start    ] GC(128) Pause Young (Normal) (G1 Evacuation Pause)
[2024-12-16T18:24:07.201+0700][gc,task     ] GC(128) Using 2 workers of 2 for evacuation
[2024-12-16T18:24:07.245+0700][gc,mmu      ] GC(128) MMU target violated: 21.0ms (20.0ms/21.0ms)
[2024-12-16T18:24:07.245+0700][gc,phases   ] GC(128)   Pre Evacuate Collection Set: 3.1ms
[2024-12-16T18:24:07.245+0700][gc,phases   ] GC(128)   Merge Heap Roots: 0.9ms
[2024-12-16T18:24:07.245+0700][gc,phases   ] GC(128)   Evacuate Collection Set: 36.6ms
[2024-12-16T18:24:07.245+0700][gc,phases   ] GC(128)   Post Evacuate Collection Set: 2.6ms
[2024-12-16T18:24:07.245+0700][gc,phases   ] GC(128)   Other: 1.4ms
[2024-12-16T18:24:07.245+0700][gc,heap     ] GC(128) Eden regions: 48->0(45)
[2024-12-16T18:24:07.245+0700][gc,heap     ] GC(128) Survivor regions: 3->6(7)
[2024-12-16T18:24:07.245+0700][gc,heap     ] GC(128) Old regions: 104->104
[2024-12-16T18:24:07.245+0700][gc,heap     ] GC(128) Archive regions: 2->2
[2024-12-16T18:24:07.245+0700][gc,heap     ] GC(128) Humongous regions: 129->129
[2024-12-16T18:24:07.245+0700][gc,metaspace] GC(128) Metaspace: 43134K(43712K)->43134K(43712K) NonClass: 38240K(38592K)->38240K(38592K) Class: 4894K(5120K)->4894K(5120K)
[2024-12-16T18:24:07.246+0700][gc          ] GC(128) Pause Young (Normal) (G1 Evacuation Pause) 284M->239M(1024M) 44.464ms
[2024-12-16T18:24:07.246+0700][gc,cpu      ] GC(128) User=0.08s Sys=0.00s Real=0.05s
[2024-12-16T18:25:53.158+0700][gc,start    ] GC(129) Pause Young (Normal) (G1 Evacuation Pause)
[2024-12-16T18:25:53.158+0700][gc,task     ] GC(129) Using 2 workers of 2 for evacuation
[2024-12-16T18:25:53.214+0700][gc,mmu      ] GC(129) MMU target violated: 21.0ms (20.0ms/21.0ms)
[2024-12-16T18:25:53.214+0700][gc,phases   ] GC(129)   Pre Evacuate Collection Set: 3.2ms
[2024-12-16T18:25:53.214+0700][gc,phases   ] GC(129)   Merge Heap Roots: 0.6ms
[2024-12-16T18:25:53.214+0700][gc,phases   ] GC(129)   Evacuate Collection Set: 47.9ms
[2024-12-16T18:25:53.214+0700][gc,phases   ] GC(129)   Post Evacuate Collection Set: 3.3ms
[2024-12-16T18:25:53.214+0700][gc,phases   ] GC(129)   Other: 1.3ms
[2024-12-16T18:25:53.214+0700][gc,heap     ] GC(129) Eden regions: 45->0(46)
[2024-12-16T18:25:53.214+0700][gc,heap     ] GC(129) Survivor regions: 6->5(7)
[2024-12-16T18:25:53.214+0700][gc,heap     ] GC(129) Old regions: 104->108
[2024-12-16T18:25:53.214+0700][gc,heap     ] GC(129) Archive regions: 2->2
[2024-12-16T18:25:53.214+0700][gc,heap     ] GC(129) Humongous regions: 129->129
[2024-12-16T18:25:53.214+0700][gc,metaspace] GC(129) Metaspace: 43136K(43712K)->43136K(43712K) NonClass: 38242K(38592K)->38242K(38592K) Class: 4894K(5120K)->4894K(5120K)
[2024-12-16T18:25:53.214+0700][gc          ] GC(129) Pause Young (Normal) (G1 Evacuation Pause) 284M->242M(1024M) 56.152ms
[2024-12-16T18:25:53.214+0700][gc,cpu      ] GC(129) User=0.10s Sys=0.00s Real=0.05s
[2024-12-16T18:27:41.600+0700][gc,start    ] GC(130) Pause Young (Normal) (G1 Evacuation Pause)
[2024-12-16T18:27:41.600+0700][gc,task     ] GC(130) Using 2 workers of 2 for evacuation
[2024-12-16T18:27:41.642+0700][gc,mmu      ] GC(130) MMU target violated: 21.0ms (20.0ms/21.0ms)
[2024-12-16T18:27:41.642+0700][gc,phases   ] GC(130)   Pre Evacuate Collection Set: 2.7ms
[2024-12-16T18:27:41.642+0700][gc,phases   ] GC(130)   Merge Heap Roots: 0.8ms
[2024-12-16T18:27:41.642+0700][gc,phases   ] GC(130)   Evacuate Collection Set: 34.7ms
[2024-12-16T18:27:41.642+0700][gc,phases   ] GC(130)   Post Evacuate Collection Set: 2.6ms
[2024-12-16T18:27:41.642+0700][gc,phases   ] GC(130)   Other: 1.4ms
[2024-12-16T18:27:41.642+0700][gc,heap     ] GC(130) Eden regions: 46->0(48)
[2024-12-16T18:27:41.642+0700][gc,heap     ] GC(130) Survivor regions: 5->3(7)
[2024-12-16T18:27:41.642+0700][gc,heap     ] GC(130) Old regions: 108->110
[2024-12-16T18:27:41.642+0700][gc,heap     ] GC(130) Archive regions: 2->2
[2024-12-16T18:27:41.642+0700][gc,heap     ] GC(130) Humongous regions: 129->129
[2024-12-16T18:27:41.642+0700][gc,metaspace] GC(130) Metaspace: 43136K(43712K)->43136K(43712K) NonClass: 38242K(38592K)->38242K(38592K) Class: 4894K(5120K)->4894K(5120K)
[2024-12-16T18:27:41.642+0700][gc          ] GC(130) Pause Young (Normal) (G1 Evacuation Pause) 288M->242M(1024M) 42.159ms
[2024-12-16T18:27:41.642+0700][gc,cpu      ] GC(130) User=0.08s Sys=0.00s Real=0.04s
[2024-12-16T18:29:34.516+0700][gc,start    ] GC(131) Pause Young (Normal) (G1 Evacuation Pause)
[2024-12-16T18:29:34.516+0700][gc,task     ] GC(131) Using 2 workers of 2 for evacuation
[2024-12-16T18:29:34.558+0700][gc,mmu      ] GC(131) MMU target violated: 21.0ms (20.0ms/21.0ms)
[2024-12-16T18:29:34.558+0700][gc,phases   ] GC(131)   Pre Evacuate Collection Set: 4.1ms
[2024-12-16T18:29:34.558+0700][gc,phases   ] GC(131)   Merge Heap Roots: 0.5ms
[2024-12-16T18:29:34.558+0700][gc,phases   ] GC(131)   Evacuate Collection Set: 33.9ms
[2024-12-16T18:29:34.558+0700][gc,phases   ] GC(131)   Post Evacuate Collection Set: 2.8ms
[2024-12-16T18:29:34.558+0700][gc,phases   ] GC(131)   Other: 1.5ms
[2024-12-16T18:29:34.558+0700][gc,heap     ] GC(131) Eden regions: 48->0(45)
[2024-12-16T18:29:34.558+0700][gc,heap     ] GC(131) Survivor regions: 3->6(7)
[2024-12-16T18:29:34.558+0700][gc,heap     ] GC(131) Old regions: 110->110
[2024-12-16T18:29:34.558+0700][gc,heap     ] GC(131) Archive regions: 2->2
[2024-12-16T18:29:34.558+0700][gc,heap     ] GC(131) Humongous regions: 129->129
[2024-12-16T18:29:34.558+0700][gc,metaspace] GC(131) Metaspace: 43136K(43712K)->43136K(43712K) NonClass: 38242K(38592K)->38242K(38592K) Class: 4894K(5120K)->4894K(5120K)
[2024-12-16T18:29:34.558+0700][gc          ] GC(131) Pause Young (Normal) (G1 Evacuation Pause) 290M->245M(1024M) 42.777ms
[2024-12-16T18:29:34.558+0700][gc,cpu      ] GC(131) User=0.08s Sys=0.00s Real=0.05s
[2024-12-16T18:31:20.530+0700][gc,start    ] GC(132) Pause Young (Normal) (G1 Evacuation Pause)
[2024-12-16T18:31:20.530+0700][gc,task     ] GC(132) Using 2 workers of 2 for evacuation
[2024-12-16T18:31:20.589+0700][gc,mmu      ] GC(132) MMU target violated: 21.0ms (20.0ms/21.0ms)
[2024-12-16T18:31:20.589+0700][gc,phases   ] GC(132)   Pre Evacuate Collection Set: 2.5ms
[2024-12-16T18:31:20.589+0700][gc,phases   ] GC(132)   Merge Heap Roots: 0.5ms
[2024-12-16T18:31:20.589+0700][gc,phases   ] GC(132)   Evacuate Collection Set: 52.5ms
[2024-12-16T18:31:20.589+0700][gc,phases   ] GC(132)   Post Evacuate Collection Set: 2.7ms
[2024-12-16T18:31:20.589+0700][gc,phases   ] GC(132)   Other: 1.1ms
[2024-12-16T18:31:20.589+0700][gc,heap     ] GC(132) Eden regions: 45->0(44)
[2024-12-16T18:31:20.589+0700][gc,heap     ] GC(132) Survivor regions: 6->7(7)
[2024-12-16T18:31:20.589+0700][gc,heap     ] GC(132) Old regions: 110->112
[2024-12-16T18:31:20.589+0700][gc,heap     ] GC(132) Archive regions: 2->2
[2024-12-16T18:31:20.589+0700][gc,heap     ] GC(132) Humongous regions: 129->129
[2024-12-16T18:31:20.589+0700][gc,metaspace] GC(132) Metaspace: 43136K(43712K)->43136K(43712K) NonClass: 38242K(38592K)->38242K(38592K) Class: 4894K(5120K)->4894K(5120K)
[2024-12-16T18:31:20.590+0700][gc          ] GC(132) Pause Young (Normal) (G1 Evacuation Pause) 290M->248M(1024M) 59.510ms
[2024-12-16T18:31:20.590+0700][gc,cpu      ] GC(132) User=0.11s Sys=0.00s Real=0.06s
[2024-12-16T18:33:04.461+0700][gc,start    ] GC(133) Pause Young (Normal) (G1 Evacuation Pause)
[2024-12-16T18:33:04.461+0700][gc,task     ] GC(133) Using 2 workers of 2 for evacuation
[2024-12-16T18:33:04.528+0700][gc,mmu      ] GC(133) MMU target violated: 21.0ms (20.0ms/21.0ms)
[2024-12-16T18:33:04.529+0700][gc,phases   ] GC(133)   Pre Evacuate Collection Set: 3.1ms
[2024-12-16T18:33:04.529+0700][gc,phases   ] GC(133)   Merge Heap Roots: 0.9ms
[2024-12-16T18:33:04.529+0700][gc,phases   ] GC(133)   Evacuate Collection Set: 59.3ms
[2024-12-16T18:33:04.529+0700][gc,phases   ] GC(133)   Post Evacuate Collection Set: 3.7ms
[2024-12-16T18:33:04.529+0700][gc,phases   ] GC(133)   Other: 1.4ms
[2024-12-16T18:33:04.529+0700][gc,heap     ] GC(133) Eden regions: 44->0(45)
[2024-12-16T18:33:04.529+0700][gc,heap     ] GC(133) Survivor regions: 7->6(7)
[2024-12-16T18:33:04.529+0700][gc,heap     ] GC(133) Old regions: 112->116
[2024-12-16T18:33:04.529+0700][gc,heap     ] GC(133) Archive regions: 2->2
[2024-12-16T18:33:04.529+0700][gc,heap     ] GC(133) Humongous regions: 129->129
[2024-12-16T18:33:04.529+0700][gc,metaspace] GC(133) Metaspace: 43136K(43712K)->43136K(43712K) NonClass: 38242K(38592K)->38242K(38592K) Class: 4894K(5120K)->4894K(5120K)
[2024-12-16T18:33:04.529+0700][gc          ] GC(133) Pause Young (Normal) (G1 Evacuation Pause) 292M->251M(1024M) 68.371ms
[2024-12-16T18:33:04.530+0700][gc,cpu      ] GC(133) User=0.13s Sys=0.00s Real=0.07s
[2024-12-16T18:34:50.485+0700][gc,start    ] GC(134) Pause Young (Normal) (G1 Evacuation Pause)
[2024-12-16T18:34:50.485+0700][gc,task     ] GC(134) Using 2 workers of 2 for evacuation
[2024-12-16T18:34:50.531+0700][gc,mmu      ] GC(134) MMU target violated: 21.0ms (20.0ms/21.0ms)
[2024-12-16T18:34:50.531+0700][gc,phases   ] GC(134)   Pre Evacuate Collection Set: 3.0ms
[2024-12-16T18:34:50.531+0700][gc,phases   ] GC(134)   Merge Heap Roots: 1.0ms
[2024-12-16T18:34:50.531+0700][gc,phases   ] GC(134)   Evacuate Collection Set: 38.8ms
[2024-12-16T18:34:50.531+0700][gc,phases   ] GC(134)   Post Evacuate Collection Set: 3.1ms
[2024-12-16T18:34:50.531+0700][gc,phases   ] GC(134)   Other: 1.2ms
[2024-12-16T18:34:50.531+0700][gc,heap     ] GC(134) Eden regions: 45->0(48)
[2024-12-16T18:34:50.531+0700][gc,heap     ] GC(134) Survivor regions: 6->3(7)
[2024-12-16T18:34:50.531+0700][gc,heap     ] GC(134) Old regions: 116->119
[2024-12-16T18:34:50.531+0700][gc,heap     ] GC(134) Archive regions: 2->2
[2024-12-16T18:34:50.531+0700][gc,heap     ] GC(134) Humongous regions: 129->129
[2024-12-16T18:34:50.531+0700][gc,metaspace] GC(134) Metaspace: 43136K(43712K)->43136K(43712K) NonClass: 38242K(38592K)->38242K(38592K) Class: 4894K(5120K)->4894K(5120K)
[2024-12-16T18:34:50.532+0700][gc          ] GC(134) Pause Young (Normal) (G1 Evacuation Pause) 296M->251M(1024M) 47.008ms
[2024-12-16T18:34:50.532+0700][gc,cpu      ] GC(134) User=0.08s Sys=0.00s Real=0.04s
[2024-12-16T18:36:43.027+0700][gc,start    ] GC(135) Pause Young (Normal) (G1 Evacuation Pause)
[2024-12-16T18:36:43.027+0700][gc,task     ] GC(135) Using 2 workers of 2 for evacuation
[2024-12-16T18:36:43.072+0700][gc,mmu      ] GC(135) MMU target violated: 21.0ms (20.0ms/21.0ms)
[2024-12-16T18:36:43.072+0700][gc,phases   ] GC(135)   Pre Evacuate Collection Set: 2.8ms
[2024-12-16T18:36:43.072+0700][gc,phases   ] GC(135)   Merge Heap Roots: 1.3ms
[2024-12-16T18:36:43.072+0700][gc,phases   ] GC(135)   Evacuate Collection Set: 37.1ms
[2024-12-16T18:36:43.072+0700][gc,phases   ] GC(135)   Post Evacuate Collection Set: 3.6ms
[2024-12-16T18:36:43.073+0700][gc,phases   ] GC(135)   Other: 1.3ms
[2024-12-16T18:36:43.073+0700][gc,heap     ] GC(135) Eden regions: 48->0(45)
[2024-12-16T18:36:43.073+0700][gc,heap     ] GC(135) Survivor regions: 3->6(7)
[2024-12-16T18:36:43.073+0700][gc,heap     ] GC(135) Old regions: 119->119
[2024-12-16T18:36:43.073+0700][gc,heap     ] GC(135) Archive regions: 2->2
[2024-12-16T18:36:43.073+0700][gc,heap     ] GC(135) Humongous regions: 129->129
[2024-12-16T18:36:43.073+0700][gc,metaspace] GC(135) Metaspace: 43136K(43712K)->43136K(43712K) NonClass: 38242K(38592K)->38242K(38592K) Class: 4894K(5120K)->4894K(5120K)
[2024-12-16T18:36:43.073+0700][gc          ] GC(135) Pause Young (Normal) (G1 Evacuation Pause) 299M->254M(1024M) 46.146ms
[2024-12-16T18:36:43.073+0700][gc,cpu      ] GC(135) User=0.09s Sys=0.00s Real=0.04s
[2024-12-16T18:38:29.026+0700][gc,start    ] GC(136) Pause Young (Normal) (G1 Evacuation Pause)
[2024-12-16T18:38:29.026+0700][gc,task     ] GC(136) Using 2 workers of 2 for evacuation
[2024-12-16T18:38:29.091+0700][gc,mmu      ] GC(136) MMU target violated: 21.0ms (20.0ms/21.0ms)
[2024-12-16T18:38:29.091+0700][gc,phases   ] GC(136)   Pre Evacuate Collection Set: 2.2ms
[2024-12-16T18:38:29.091+0700][gc,phases   ] GC(136)   Merge Heap Roots: 0.4ms
[2024-12-16T18:38:29.091+0700][gc,phases   ] GC(136)   Evacuate Collection Set: 58.8ms
[2024-12-16T18:38:29.091+0700][gc,phases   ] GC(136)   Post Evacuate Collection Set: 2.7ms
[2024-12-16T18:38:29.091+0700][gc,phases   ] GC(136)   Other: 1.3ms
[2024-12-16T18:38:29.091+0700][gc,heap     ] GC(136) Eden regions: 45->0(46)
[2024-12-16T18:38:29.091+0700][gc,heap     ] GC(136) Survivor regions: 6->5(7)
[2024-12-16T18:38:29.091+0700][gc,heap     ] GC(136) Old regions: 119->123
[2024-12-16T18:38:29.091+0700][gc,heap     ] GC(136) Archive regions: 2->2
[2024-12-16T18:38:29.091+0700][gc,heap     ] GC(136) Humongous regions: 129->129
[2024-12-16T18:38:29.091+0700][gc,metaspace] GC(136) Metaspace: 43136K(43712K)->43136K(43712K) NonClass: 38242K(38592K)->38242K(38592K) Class: 4894K(5120K)->4894K(5120K)
[2024-12-16T18:38:29.091+0700][gc          ] GC(136) Pause Young (Normal) (G1 Evacuation Pause) 299M->257M(1024M) 65.453ms
[2024-12-16T18:38:29.091+0700][gc,cpu      ] GC(136) User=0.12s Sys=0.01s Real=0.06s
[2024-12-16T18:40:17.160+0700][gc,start    ] GC(137) Pause Young (Normal) (G1 Evacuation Pause)
[2024-12-16T18:40:17.160+0700][gc,task     ] GC(137) Using 2 workers of 2 for evacuation
[2024-12-16T18:40:17.196+0700][gc,mmu      ] GC(137) MMU target violated: 21.0ms (20.0ms/21.0ms)
[2024-12-16T18:40:17.196+0700][gc,phases   ] GC(137)   Pre Evacuate Collection Set: 2.5ms
[2024-12-16T18:40:17.196+0700][gc,phases   ] GC(137)   Merge Heap Roots: 1.0ms
[2024-12-16T18:40:17.196+0700][gc,phases   ] GC(137)   Evacuate Collection Set: 28.5ms
[2024-12-16T18:40:17.196+0700][gc,phases   ] GC(137)   Post Evacuate Collection Set: 3.3ms
[2024-12-16T18:40:17.196+0700][gc,phases   ] GC(137)   Other: 1.2ms
[2024-12-16T18:40:17.196+0700][gc,heap     ] GC(137) Eden regions: 46->0(48)
[2024-12-16T18:40:17.196+0700][gc,heap     ] GC(137) Survivor regions: 5->3(7)
[2024-12-16T18:40:17.196+0700][gc,heap     ] GC(137) Old regions: 123->125
[2024-12-16T18:40:17.196+0700][gc,heap     ] GC(137) Archive regions: 2->2
[2024-12-16T18:40:17.196+0700][gc,heap     ] GC(137) Humongous regions: 129->129
[2024-12-16T18:40:17.197+0700][gc,metaspace] GC(137) Metaspace: 43136K(43712K)->43136K(43712K) NonClass: 38242K(38592K)->38242K(38592K) Class: 4894K(5120K)->4894K(5120K)
[2024-12-16T18:40:17.197+0700][gc          ] GC(137) Pause Young (Normal) (G1 Evacuation Pause) 303M->257M(1024M) 36.547ms
[2024-12-16T18:40:17.197+0700][gc,cpu      ] GC(137) User=0.06s Sys=0.00s Real=0.04s
[2024-12-16T18:42:11.170+0700][gc,start    ] GC(138) Pause Young (Normal) (G1 Evacuation Pause)
[2024-12-16T18:42:11.170+0700][gc,task     ] GC(138) Using 2 workers of 2 for evacuation
[2024-12-16T18:42:11.223+0700][gc,mmu      ] GC(138) MMU target violated: 21.0ms (20.0ms/21.0ms)
[2024-12-16T18:42:11.224+0700][gc,phases   ] GC(138)   Pre Evacuate Collection Set: 3.3ms
[2024-12-16T18:42:11.224+0700][gc,phases   ] GC(138)   Merge Heap Roots: 0.8ms
[2024-12-16T18:42:11.224+0700][gc,phases   ] GC(138)   Evacuate Collection Set: 45.6ms
[2024-12-16T18:42:11.224+0700][gc,phases   ] GC(138)   Post Evacuate Collection Set: 3.1ms
[2024-12-16T18:42:11.224+0700][gc,phases   ] GC(138)   Other: 1.6ms
[2024-12-16T18:42:11.224+0700][gc,heap     ] GC(138) Eden regions: 48->0(45)
[2024-12-16T18:42:11.224+0700][gc,heap     ] GC(138) Survivor regions: 3->6(7)
[2024-12-16T18:42:11.224+0700][gc,heap     ] GC(138) Old regions: 125->125
[2024-12-16T18:42:11.224+0700][gc,heap     ] GC(138) Archive regions: 2->2
[2024-12-16T18:42:11.224+0700][gc,heap     ] GC(138) Humongous regions: 129->129
[2024-12-16T18:42:11.224+0700][gc,metaspace] GC(138) Metaspace: 43137K(43712K)->43137K(43712K) NonClass: 38243K(38592K)->38243K(38592K) Class: 4894K(5120K)->4894K(5120K)
[2024-12-16T18:42:11.224+0700][gc          ] GC(138) Pause Young (Normal) (G1 Evacuation Pause) 305M->260M(1024M) 54.440ms
[2024-12-16T18:42:11.224+0700][gc,cpu      ] GC(138) User=0.10s Sys=0.00s Real=0.06s
[2024-12-16T18:43:57.303+0700][gc,start    ] GC(139) Pause Young (Normal) (G1 Evacuation Pause)
[2024-12-16T18:43:57.303+0700][gc,task     ] GC(139) Using 2 workers of 2 for evacuation
[2024-12-16T18:43:57.362+0700][gc,mmu      ] GC(139) MMU target violated: 21.0ms (20.0ms/21.0ms)
[2024-12-16T18:43:57.362+0700][gc,phases   ] GC(139)   Pre Evacuate Collection Set: 4.6ms
[2024-12-16T18:43:57.362+0700][gc,phases   ] GC(139)   Merge Heap Roots: 0.5ms
[2024-12-16T18:43:57.362+0700][gc,phases   ] GC(139)   Evacuate Collection Set: 50.4ms
[2024-12-16T18:43:57.362+0700][gc,phases   ] GC(139)   Post Evacuate Collection Set: 2.9ms
[2024-12-16T18:43:57.362+0700][gc,phases   ] GC(139)   Other: 1.5ms
[2024-12-16T18:43:57.362+0700][gc,heap     ] GC(139) Eden regions: 45->0(46)
[2024-12-16T18:43:57.362+0700][gc,heap     ] GC(139) Survivor regions: 6->5(7)
[2024-12-16T18:43:57.362+0700][gc,heap     ] GC(139) Old regions: 125->129
[2024-12-16T18:43:57.362+0700][gc,heap     ] GC(139) Archive regions: 2->2
[2024-12-16T18:43:57.363+0700][gc,heap     ] GC(139) Humongous regions: 129->129
[2024-12-16T18:43:57.363+0700][gc,metaspace] GC(139) Metaspace: 43137K(43712K)->43137K(43712K) NonClass: 38243K(38592K)->38243K(38592K) Class: 4894K(5120K)->4894K(5120K)
[2024-12-16T18:43:57.363+0700][gc          ] GC(139) Pause Young (Normal) (G1 Evacuation Pause) 305M->263M(1024M) 59.818ms
[2024-12-16T18:43:57.363+0700][gc,cpu      ] GC(139) User=0.11s Sys=0.00s Real=0.06s
[2024-12-16T18:45:44.798+0700][gc,start    ] GC(140) Pause Young (Normal) (G1 Evacuation Pause)
[2024-12-16T18:45:44.798+0700][gc,task     ] GC(140) Using 2 workers of 2 for evacuation
[2024-12-16T18:45:44.844+0700][gc,mmu      ] GC(140) MMU target violated: 21.0ms (20.0ms/21.0ms)
[2024-12-16T18:45:44.844+0700][gc,phases   ] GC(140)   Pre Evacuate Collection Set: 3.5ms
[2024-12-16T18:45:44.844+0700][gc,phases   ] GC(140)   Merge Heap Roots: 0.7ms
[2024-12-16T18:45:44.844+0700][gc,phases   ] GC(140)   Evacuate Collection Set: 38.1ms
[2024-12-16T18:45:44.844+0700][gc,phases   ] GC(140)   Post Evacuate Collection Set: 3.2ms
[2024-12-16T18:45:44.844+0700][gc,phases   ] GC(140)   Other: 1.3ms
[2024-12-16T18:45:44.844+0700][gc,heap     ] GC(140) Eden regions: 46->0(48)
[2024-12-16T18:45:44.844+0700][gc,heap     ] GC(140) Survivor regions: 5->3(7)
[2024-12-16T18:45:44.844+0700][gc,heap     ] GC(140) Old regions: 129->131
[2024-12-16T18:45:44.844+0700][gc,heap     ] GC(140) Archive regions: 2->2
[2024-12-16T18:45:44.844+0700][gc,heap     ] GC(140) Humongous regions: 129->129
[2024-12-16T18:45:44.844+0700][gc,metaspace] GC(140) Metaspace: 43137K(43712K)->43137K(43712K) NonClass: 38243K(38592K)->38243K(38592K) Class: 4894K(5120K)->4894K(5120K)
[2024-12-16T18:45:44.844+0700][gc          ] GC(140) Pause Young (Normal) (G1 Evacuation Pause) 309M->263M(1024M) 46.821ms
[2024-12-16T18:45:44.844+0700][gc,cpu      ] GC(140) User=0.08s Sys=0.00s Real=0.05s
[2024-12-16T18:47:38.676+0700][gc,start    ] GC(141) Pause Young (Normal) (G1 Evacuation Pause)
[2024-12-16T18:47:38.677+0700][gc,task     ] GC(141) Using 2 workers of 2 for evacuation
[2024-12-16T18:47:38.731+0700][gc,mmu      ] GC(141) MMU target violated: 21.0ms (20.0ms/21.0ms)
[2024-12-16T18:47:38.732+0700][gc,phases   ] GC(141)   Pre Evacuate Collection Set: 5.1ms
[2024-12-16T18:47:38.732+0700][gc,phases   ] GC(141)   Merge Heap Roots: 1.1ms
[2024-12-16T18:47:38.732+0700][gc,phases   ] GC(141)   Evacuate Collection Set: 44.0ms
[2024-12-16T18:47:38.732+0700][gc,phases   ] GC(141)   Post Evacuate Collection Set: 4.2ms
[2024-12-16T18:47:38.732+0700][gc,phases   ] GC(141)   Other: 1.6ms
[2024-12-16T18:47:38.732+0700][gc,heap     ] GC(141) Eden regions: 48->0(45)
[2024-12-16T18:47:38.732+0700][gc,heap     ] GC(141) Survivor regions: 3->6(7)
[2024-12-16T18:47:38.732+0700][gc,heap     ] GC(141) Old regions: 131->131
[2024-12-16T18:47:38.732+0700][gc,heap     ] GC(141) Archive regions: 2->2
[2024-12-16T18:47:38.732+0700][gc,heap     ] GC(141) Humongous regions: 129->129
[2024-12-16T18:47:38.732+0700][gc,metaspace] GC(141) Metaspace: 43138K(43712K)->43138K(43712K) NonClass: 38244K(38592K)->38244K(38592K) Class: 4894K(5120K)->4894K(5120K)
[2024-12-16T18:47:38.732+0700][gc          ] GC(141) Pause Young (Normal) (G1 Evacuation Pause) 311M->266M(1024M) 56.147ms
[2024-12-16T18:47:38.732+0700][gc,cpu      ] GC(141) User=0.10s Sys=0.00s Real=0.05s
[2024-12-16T18:49:25.284+0700][gc,start    ] GC(142) Pause Young (Normal) (G1 Evacuation Pause)
[2024-12-16T18:49:25.284+0700][gc,task     ] GC(142) Using 2 workers of 2 for evacuation
[2024-12-16T18:49:25.349+0700][gc,mmu      ] GC(142) MMU target violated: 21.0ms (20.0ms/21.0ms)
[2024-12-16T18:49:25.349+0700][gc,phases   ] GC(142)   Pre Evacuate Collection Set: 3.2ms
[2024-12-16T18:49:25.349+0700][gc,phases   ] GC(142)   Merge Heap Roots: 0.9ms
[2024-12-16T18:49:25.349+0700][gc,phases   ] GC(142)   Evacuate Collection Set: 56.2ms
[2024-12-16T18:49:25.349+0700][gc,phases   ] GC(142)   Post Evacuate Collection Set: 3.5ms
[2024-12-16T18:49:25.349+0700][gc,phases   ] GC(142)   Other: 1.7ms
[2024-12-16T18:49:25.350+0700][gc,heap     ] GC(142) Eden regions: 45->0(45)
[2024-12-16T18:49:25.350+0700][gc,heap     ] GC(142) Survivor regions: 6->6(7)
[2024-12-16T18:49:25.350+0700][gc,heap     ] GC(142) Old regions: 131->133
[2024-12-16T18:49:25.350+0700][gc,heap     ] GC(142) Archive regions: 2->2
[2024-12-16T18:49:25.350+0700][gc,heap     ] GC(142) Humongous regions: 129->129
[2024-12-16T18:49:25.350+0700][gc,metaspace] GC(142) Metaspace: 43138K(43712K)->43138K(43712K) NonClass: 38244K(38592K)->38244K(38592K) Class: 4894K(5120K)->4894K(5120K)
[2024-12-16T18:49:25.350+0700][gc          ] GC(142) Pause Young (Normal) (G1 Evacuation Pause) 311M->268M(1024M) 65.506ms
[2024-12-16T18:49:25.350+0700][gc,cpu      ] GC(142) User=0.12s Sys=0.00s Real=0.06s
[2024-12-16T18:51:04.352+0700][gc,start    ] GC(143) Pause Young (Normal) (G1 Evacuation Pause)
[2024-12-16T18:51:04.352+0700][gc,task     ] GC(143) Using 2 workers of 2 for evacuation
[2024-12-16T18:51:04.417+0700][gc,mmu      ] GC(143) MMU target violated: 21.0ms (20.0ms/21.0ms)
[2024-12-16T18:51:04.418+0700][gc,phases   ] GC(143)   Pre Evacuate Collection Set: 2.4ms
[2024-12-16T18:51:04.418+0700][gc,phases   ] GC(143)   Merge Heap Roots: 0.6ms
[2024-12-16T18:51:04.418+0700][gc,phases   ] GC(143)   Evacuate Collection Set: 59.5ms
[2024-12-16T18:51:04.418+0700][gc,phases   ] GC(143)   Post Evacuate Collection Set: 2.4ms
[2024-12-16T18:51:04.418+0700][gc,phases   ] GC(143)   Other: 1.2ms
[2024-12-16T18:51:04.418+0700][gc,heap     ] GC(143) Eden regions: 45->0(44)
[2024-12-16T18:51:04.418+0700][gc,heap     ] GC(143) Survivor regions: 6->7(7)
[2024-12-16T18:51:04.418+0700][gc,heap     ] GC(143) Old regions: 133->137
[2024-12-16T18:51:04.418+0700][gc,heap     ] GC(143) Archive regions: 2->2
[2024-12-16T18:51:04.418+0700][gc,heap     ] GC(143) Humongous regions: 129->129
[2024-12-16T18:51:04.418+0700][gc,metaspace] GC(143) Metaspace: 43138K(43712K)->43138K(43712K) NonClass: 38244K(38592K)->38244K(38592K) Class: 4894K(5120K)->4894K(5120K)
[2024-12-16T18:51:04.418+0700][gc          ] GC(143) Pause Young (Normal) (G1 Evacuation Pause) 313M->273M(1024M) 66.344ms
[2024-12-16T18:51:04.418+0700][gc,cpu      ] GC(143) User=0.13s Sys=0.00s Real=0.07s
[2024-12-16T18:52:47.893+0700][gc,start    ] GC(144) Pause Young (Normal) (G1 Evacuation Pause)
[2024-12-16T18:52:47.893+0700][gc,task     ] GC(144) Using 2 workers of 2 for evacuation
[2024-12-16T18:52:47.941+0700][gc,mmu      ] GC(144) MMU target violated: 21.0ms (20.0ms/21.0ms)
[2024-12-16T18:52:47.942+0700][gc,phases   ] GC(144)   Pre Evacuate Collection Set: 3.1ms
[2024-12-16T18:52:47.942+0700][gc,phases   ] GC(144)   Merge Heap Roots: 0.8ms
[2024-12-16T18:52:47.942+0700][gc,phases   ] GC(144)   Evacuate Collection Set: 41.7ms
[2024-12-16T18:52:47.942+0700][gc,phases   ] GC(144)   Post Evacuate Collection Set: 2.9ms
[2024-12-16T18:52:47.942+0700][gc,phases   ] GC(144)   Other: 0.9ms
[2024-12-16T18:52:47.942+0700][gc,heap     ] GC(144) Eden regions: 44->0(49)
[2024-12-16T18:52:47.942+0700][gc,heap     ] GC(144) Survivor regions: 7->2(7)
[2024-12-16T18:52:47.942+0700][gc,heap     ] GC(144) Old regions: 137->140
[2024-12-16T18:52:47.942+0700][gc,heap     ] GC(144) Archive regions: 2->2
[2024-12-16T18:52:47.942+0700][gc,heap     ] GC(144) Humongous regions: 129->129
[2024-12-16T18:52:47.942+0700][gc,metaspace] GC(144) Metaspace: 43138K(43712K)->43138K(43712K) NonClass: 38244K(38592K)->38244K(38592K) Class: 4894K(5120K)->4894K(5120K)
[2024-12-16T18:52:47.942+0700][gc          ] GC(144) Pause Young (Normal) (G1 Evacuation Pause) 317M->271M(1024M) 49.428ms
[2024-12-16T18:52:47.942+0700][gc,cpu      ] GC(144) User=0.09s Sys=0.00s Real=0.05s
[2024-12-16T18:54:43.729+0700][gc,start    ] GC(145) Pause Young (Normal) (G1 Evacuation Pause)
[2024-12-16T18:54:43.730+0700][gc,task     ] GC(145) Using 2 workers of 2 for evacuation
[2024-12-16T18:54:43.770+0700][gc,mmu      ] GC(145) MMU target violated: 21.0ms (20.0ms/21.0ms)
[2024-12-16T18:54:43.770+0700][gc,phases   ] GC(145)   Pre Evacuate Collection Set: 3.7ms
[2024-12-16T18:54:43.770+0700][gc,phases   ] GC(145)   Merge Heap Roots: 0.8ms
[2024-12-16T18:54:43.770+0700][gc,phases   ] GC(145)   Evacuate Collection Set: 31.1ms
[2024-12-16T18:54:43.770+0700][gc,phases   ] GC(145)   Post Evacuate Collection Set: 3.7ms
[2024-12-16T18:54:43.770+0700][gc,phases   ] GC(145)   Other: 1.4ms
[2024-12-16T18:54:43.770+0700][gc,heap     ] GC(145) Eden regions: 49->0(46)
[2024-12-16T18:54:43.770+0700][gc,heap     ] GC(145) Survivor regions: 2->5(7)
[2024-12-16T18:54:43.770+0700][gc,heap     ] GC(145) Old regions: 140->140
[2024-12-16T18:54:43.770+0700][gc,heap     ] GC(145) Archive regions: 2->2
[2024-12-16T18:54:43.770+0700][gc,heap     ] GC(145) Humongous regions: 129->129
[2024-12-16T18:54:43.770+0700][gc,metaspace] GC(145) Metaspace: 43138K(43712K)->43138K(43712K) NonClass: 38244K(38592K)->38244K(38592K) Class: 4894K(5120K)->4894K(5120K)
[2024-12-16T18:54:43.770+0700][gc          ] GC(145) Pause Young (Normal) (G1 Evacuation Pause) 320M->274M(1024M) 40.638ms
[2024-12-16T18:54:43.770+0700][gc,cpu      ] GC(145) User=0.07s Sys=0.00s Real=0.04s
[2024-12-16T18:56:29.777+0700][gc,start    ] GC(146) Pause Young (Normal) (G1 Evacuation Pause)
[2024-12-16T18:56:29.777+0700][gc,task     ] GC(146) Using 2 workers of 2 for evacuation
[2024-12-16T18:56:29.828+0700][gc,mmu      ] GC(146) MMU target violated: 21.0ms (20.0ms/21.0ms)
[2024-12-16T18:56:29.828+0700][gc,phases   ] GC(146)   Pre Evacuate Collection Set: 2.8ms
[2024-12-16T18:56:29.828+0700][gc,phases   ] GC(146)   Merge Heap Roots: 1.0ms
[2024-12-16T18:56:29.828+0700][gc,phases   ] GC(146)   Evacuate Collection Set: 43.6ms
[2024-12-16T18:56:29.828+0700][gc,phases   ] GC(146)   Post Evacuate Collection Set: 2.6ms
[2024-12-16T18:56:29.828+0700][gc,phases   ] GC(146)   Other: 1.4ms
[2024-12-16T18:56:29.828+0700][gc,heap     ] GC(146) Eden regions: 46->0(44)
[2024-12-16T18:56:29.828+0700][gc,heap     ] GC(146) Survivor regions: 5->7(7)
[2024-12-16T18:56:29.828+0700][gc,heap     ] GC(146) Old regions: 140->141
[2024-12-16T18:56:29.828+0700][gc,heap     ] GC(146) Archive regions: 2->2
[2024-12-16T18:56:29.828+0700][gc,heap     ] GC(146) Humongous regions: 129->129
[2024-12-16T18:56:29.828+0700][gc,metaspace] GC(146) Metaspace: 43138K(43712K)->43138K(43712K) NonClass: 38244K(38592K)->38244K(38592K) Class: 4894K(5120K)->4894K(5120K)
[2024-12-16T18:56:29.828+0700][gc          ] GC(146) Pause Young (Normal) (G1 Evacuation Pause) 320M->277M(1024M) 51.547ms
[2024-12-16T18:56:29.828+0700][gc,cpu      ] GC(146) User=0.10s Sys=0.00s Real=0.05s
[2024-12-16T18:58:13.765+0700][gc,start    ] GC(147) Pause Young (Normal) (G1 Evacuation Pause)
[2024-12-16T18:58:13.765+0700][gc,task     ] GC(147) Using 2 workers of 2 for evacuation
[2024-12-16T18:58:13.828+0700][gc,mmu      ] GC(147) MMU target violated: 21.0ms (20.0ms/21.0ms)
[2024-12-16T18:58:13.828+0700][gc,phases   ] GC(147)   Pre Evacuate Collection Set: 3.8ms
[2024-12-16T18:58:13.828+0700][gc,phases   ] GC(147)   Merge Heap Roots: 0.9ms
[2024-12-16T18:58:13.828+0700][gc,phases   ] GC(147)   Evacuate Collection Set: 54.7ms
[2024-12-16T18:58:13.828+0700][gc,phases   ] GC(147)   Post Evacuate Collection Set: 2.5ms
[2024-12-16T18:58:13.828+0700][gc,phases   ] GC(147)   Other: 1.3ms
[2024-12-16T18:58:13.828+0700][gc,heap     ] GC(147) Eden regions: 44->0(46)
[2024-12-16T18:58:13.828+0700][gc,heap     ] GC(147) Survivor regions: 7->5(7)
[2024-12-16T18:58:13.828+0700][gc,heap     ] GC(147) Old regions: 141->146
[2024-12-16T18:58:13.828+0700][gc,heap     ] GC(147) Archive regions: 2->2
[2024-12-16T18:58:13.828+0700][gc,heap     ] GC(147) Humongous regions: 129->129
[2024-12-16T18:58:13.828+0700][gc,metaspace] GC(147) Metaspace: 43138K(43712K)->43138K(43712K) NonClass: 38244K(38592K)->38244K(38592K) Class: 4894K(5120K)->4894K(5120K)
[2024-12-16T18:58:13.829+0700][gc          ] GC(147) Pause Young (Normal) (G1 Evacuation Pause) 321M->280M(1024M) 63.322ms
[2024-12-16T18:58:13.829+0700][gc,cpu      ] GC(147) User=0.12s Sys=0.00s Real=0.06s
[2024-12-16T19:00:02.306+0700][gc,start    ] GC(148) Pause Young (Normal) (G1 Evacuation Pause)
[2024-12-16T19:00:02.306+0700][gc,task     ] GC(148) Using 2 workers of 2 for evacuation
[2024-12-16T19:00:02.377+0700][gc,mmu      ] GC(148) MMU target violated: 21.0ms (20.0ms/21.0ms)
[2024-12-16T19:00:02.377+0700][gc,phases   ] GC(148)   Pre Evacuate Collection Set: 4.7ms
[2024-12-16T19:00:02.377+0700][gc,phases   ] GC(148)   Merge Heap Roots: 1.2ms
[2024-12-16T19:00:02.377+0700][gc,phases   ] GC(148)   Evacuate Collection Set: 60.4ms
[2024-12-16T19:00:02.377+0700][gc,phases   ] GC(148)   Post Evacuate Collection Set: 4.0ms
[2024-12-16T19:00:02.377+0700][gc,phases   ] GC(148)   Other: 1.5ms
[2024-12-16T19:00:02.377+0700][gc,heap     ] GC(148) Eden regions: 46->0(47)
[2024-12-16T19:00:02.377+0700][gc,heap     ] GC(148) Survivor regions: 5->4(7)
[2024-12-16T19:00:02.377+0700][gc,heap     ] GC(148) Old regions: 146->148
[2024-12-16T19:00:02.377+0700][gc,heap     ] GC(148) Archive regions: 2->2
[2024-12-16T19:00:02.377+0700][gc,heap     ] GC(148) Humongous regions: 129->129
[2024-12-16T19:00:02.378+0700][gc,metaspace] GC(148) Metaspace: 43138K(43712K)->43138K(43712K) NonClass: 38244K(38592K)->38244K(38592K) Class: 4894K(5120K)->4894K(5120K)
[2024-12-16T19:00:02.378+0700][gc          ] GC(148) Pause Young (Normal) (G1 Evacuation Pause) 326M->280M(1024M) 71.741ms
[2024-12-16T19:00:02.378+0700][gc,cpu      ] GC(148) User=0.13s Sys=0.00s Real=0.07s
[2024-12-16T19:01:52.662+0700][gc,start    ] GC(149) Pause Young (Normal) (G1 Evacuation Pause)
[2024-12-16T19:01:52.662+0700][gc,task     ] GC(149) Using 2 workers of 2 for evacuation
[2024-12-16T19:01:52.719+0700][gc,mmu      ] GC(149) MMU target violated: 21.0ms (20.0ms/21.0ms)
[2024-12-16T19:01:52.719+0700][gc,phases   ] GC(149)   Pre Evacuate Collection Set: 3.8ms
[2024-12-16T19:01:52.719+0700][gc,phases   ] GC(149)   Merge Heap Roots: 1.2ms
[2024-12-16T19:01:52.719+0700][gc,phases   ] GC(149)   Evacuate Collection Set: 47.2ms
[2024-12-16T19:01:52.719+0700][gc,phases   ] GC(149)   Post Evacuate Collection Set: 3.8ms
[2024-12-16T19:01:52.719+0700][gc,phases   ] GC(149)   Other: 1.4ms
[2024-12-16T19:01:52.719+0700][gc,heap     ] GC(149) Eden regions: 47->0(45)
[2024-12-16T19:01:52.719+0700][gc,heap     ] GC(149) Survivor regions: 4->6(7)
[2024-12-16T19:01:52.719+0700][gc,heap     ] GC(149) Old regions: 148->148
[2024-12-16T19:01:52.719+0700][gc,heap     ] GC(149) Archive regions: 2->2
[2024-12-16T19:01:52.719+0700][gc,heap     ] GC(149) Humongous regions: 129->129
[2024-12-16T19:01:52.719+0700][gc,metaspace] GC(149) Metaspace: 43154K(43712K)->43154K(43712K) NonClass: 38260K(38592K)->38260K(38592K) Class: 4894K(5120K)->4894K(5120K)
[2024-12-16T19:01:52.719+0700][gc          ] GC(149) Pause Young (Normal) (G1 Evacuation Pause) 327M->283M(1024M) 57.319ms
[2024-12-16T19:01:52.719+0700][gc,cpu      ] GC(149) User=0.11s Sys=0.00s Real=0.06s
[2024-12-16T19:03:38.824+0700][gc,start    ] GC(150) Pause Young (Normal) (G1 Evacuation Pause)
[2024-12-16T19:03:38.825+0700][gc,task     ] GC(150) Using 2 workers of 2 for evacuation
[2024-12-16T19:03:38.893+0700][gc,mmu      ] GC(150) MMU target violated: 21.0ms (20.0ms/21.0ms)
[2024-12-16T19:03:38.894+0700][gc,phases   ] GC(150)   Pre Evacuate Collection Set: 4.1ms
[2024-12-16T19:03:38.894+0700][gc,phases   ] GC(150)   Merge Heap Roots: 0.7ms
[2024-12-16T19:03:38.894+0700][gc,phases   ] GC(150)   Evacuate Collection Set: 59.3ms
[2024-12-16T19:03:38.894+0700][gc,phases   ] GC(150)   Post Evacuate Collection Set: 4.0ms
[2024-12-16T19:03:38.894+0700][gc,phases   ] GC(150)   Other: 1.6ms
[2024-12-16T19:03:38.894+0700][gc,heap     ] GC(150) Eden regions: 45->0(46)
[2024-12-16T19:03:38.894+0700][gc,heap     ] GC(150) Survivor regions: 6->5(7)
[2024-12-16T19:03:38.894+0700][gc,heap     ] GC(150) Old regions: 148->152
[2024-12-16T19:03:38.894+0700][gc,heap     ] GC(150) Archive regions: 2->2
[2024-12-16T19:03:38.894+0700][gc,heap     ] GC(150) Humongous regions: 129->129
[2024-12-16T19:03:38.894+0700][gc,metaspace] GC(150) Metaspace: 43155K(43712K)->43155K(43712K) NonClass: 38261K(38592K)->38261K(38592K) Class: 4894K(5120K)->4894K(5120K)
[2024-12-16T19:03:38.894+0700][gc          ] GC(150) Pause Young (Normal) (G1 Evacuation Pause) 328M->286M(1024M) 69.610ms
[2024-12-16T19:03:38.894+0700][gc,cpu      ] GC(150) User=0.13s Sys=0.00s Real=0.06s
[2024-12-16T19:05:27.244+0700][gc,start    ] GC(151) Pause Young (Normal) (G1 Evacuation Pause)
[2024-12-16T19:05:27.244+0700][gc,task     ] GC(151) Using 2 workers of 2 for evacuation
[2024-12-16T19:05:27.284+0700][gc,mmu      ] GC(151) MMU target violated: 21.0ms (20.0ms/21.0ms)
[2024-12-16T19:05:27.284+0700][gc,phases   ] GC(151)   Pre Evacuate Collection Set: 2.7ms
[2024-12-16T19:05:27.284+0700][gc,phases   ] GC(151)   Merge Heap Roots: 0.5ms
[2024-12-16T19:05:27.284+0700][gc,phases   ] GC(151)   Evacuate Collection Set: 31.9ms
[2024-12-16T19:05:27.284+0700][gc,phases   ] GC(151)   Post Evacuate Collection Set: 3.5ms
[2024-12-16T19:05:27.284+0700][gc,phases   ] GC(151)   Other: 1.2ms
[2024-12-16T19:05:27.284+0700][gc,heap     ] GC(151) Eden regions: 46->0(48)
[2024-12-16T19:05:27.284+0700][gc,heap     ] GC(151) Survivor regions: 5->3(7)
[2024-12-16T19:05:27.284+0700][gc,heap     ] GC(151) Old regions: 152->154
[2024-12-16T19:05:27.284+0700][gc,heap     ] GC(151) Archive regions: 2->2
[2024-12-16T19:05:27.284+0700][gc,heap     ] GC(151) Humongous regions: 129->129
[2024-12-16T19:05:27.284+0700][gc,metaspace] GC(151) Metaspace: 43161K(43712K)->43161K(43712K) NonClass: 38267K(38592K)->38267K(38592K) Class: 4894K(5120K)->4894K(5120K)
[2024-12-16T19:05:27.284+0700][gc          ] GC(151) Pause Young (Normal) (G1 Evacuation Pause) 332M->286M(1024M) 39.832ms
[2024-12-16T19:05:27.284+0700][gc,cpu      ] GC(151) User=0.07s Sys=0.01s Real=0.04s
[2024-12-16T19:07:20.681+0700][gc,start    ] GC(152) Pause Young (Normal) (G1 Evacuation Pause)
[2024-12-16T19:07:20.681+0700][gc,task     ] GC(152) Using 2 workers of 2 for evacuation
[2024-12-16T19:07:20.722+0700][gc,mmu      ] GC(152) MMU target violated: 21.0ms (20.0ms/21.0ms)
[2024-12-16T19:07:20.722+0700][gc,phases   ] GC(152)   Pre Evacuate Collection Set: 2.5ms
[2024-12-16T19:07:20.722+0700][gc,phases   ] GC(152)   Merge Heap Roots: 0.6ms
[2024-12-16T19:07:20.722+0700][gc,phases   ] GC(152)   Evacuate Collection Set: 34.7ms
[2024-12-16T19:07:20.722+0700][gc,phases   ] GC(152)   Post Evacuate Collection Set: 2.7ms
[2024-12-16T19:07:20.722+0700][gc,phases   ] GC(152)   Other: 1.2ms
[2024-12-16T19:07:20.722+0700][gc,heap     ] GC(152) Eden regions: 48->0(45)
[2024-12-16T19:07:20.722+0700][gc,heap     ] GC(152) Survivor regions: 3->6(7)
[2024-12-16T19:07:20.722+0700][gc,heap     ] GC(152) Old regions: 154->154
[2024-12-16T19:07:20.722+0700][gc,heap     ] GC(152) Archive regions: 2->2
[2024-12-16T19:07:20.722+0700][gc,heap     ] GC(152) Humongous regions: 129->129
[2024-12-16T19:07:20.722+0700][gc,metaspace] GC(152) Metaspace: 43168K(43712K)->43168K(43712K) NonClass: 38274K(38592K)->38274K(38592K) Class: 4894K(5120K)->4894K(5120K)
[2024-12-16T19:07:20.723+0700][gc          ] GC(152) Pause Young (Normal) (G1 Evacuation Pause) 334M->289M(1024M) 41.870ms
[2024-12-16T19:07:20.723+0700][gc,cpu      ] GC(152) User=0.08s Sys=0.00s Real=0.04s
[2024-12-16T19:09:06.835+0700][gc,start    ] GC(153) Pause Young (Normal) (G1 Evacuation Pause)
[2024-12-16T19:09:06.835+0700][gc,task     ] GC(153) Using 2 workers of 2 for evacuation
[2024-12-16T19:09:06.896+0700][gc,mmu      ] GC(153) MMU target violated: 21.0ms (20.0ms/21.0ms)
[2024-12-16T19:09:06.897+0700][gc,phases   ] GC(153)   Pre Evacuate Collection Set: 2.7ms
[2024-12-16T19:09:06.897+0700][gc,phases   ] GC(153)   Merge Heap Roots: 0.8ms
[2024-12-16T19:09:06.897+0700][gc,phases   ] GC(153)   Evacuate Collection Set: 53.7ms
[2024-12-16T19:09:06.897+0700][gc,phases   ] GC(153)   Post Evacuate Collection Set: 3.1ms
[2024-12-16T19:09:06.897+0700][gc,phases   ] GC(153)   Other: 1.4ms
[2024-12-16T19:09:06.897+0700][gc,heap     ] GC(153) Eden regions: 45->0(46)
[2024-12-16T19:09:06.897+0700][gc,heap     ] GC(153) Survivor regions: 6->5(7)
[2024-12-16T19:09:06.897+0700][gc,heap     ] GC(153) Old regions: 154->158
[2024-12-16T19:09:06.897+0700][gc,heap     ] GC(153) Archive regions: 2->2
[2024-12-16T19:09:06.897+0700][gc,heap     ] GC(153) Humongous regions: 129->129
[2024-12-16T19:09:06.897+0700][gc,metaspace] GC(153) Metaspace: 43168K(43712K)->43168K(43712K) NonClass: 38274K(38592K)->38274K(38592K) Class: 4894K(5120K)->4894K(5120K)
[2024-12-16T19:09:06.897+0700][gc          ] GC(153) Pause Young (Normal) (G1 Evacuation Pause) 334M->292M(1024M) 61.839ms
[2024-12-16T19:09:06.897+0700][gc,cpu      ] GC(153) User=0.11s Sys=0.00s Real=0.07s
[2024-12-16T19:10:53.111+0700][gc,start    ] GC(154) Pause Young (Normal) (G1 Evacuation Pause)
[2024-12-16T19:10:53.112+0700][gc,task     ] GC(154) Using 2 workers of 2 for evacuation
[2024-12-16T19:10:53.149+0700][gc,mmu      ] GC(154) MMU target violated: 21.0ms (20.0ms/21.0ms)
[2024-12-16T19:10:53.149+0700][gc,phases   ] GC(154)   Pre Evacuate Collection Set: 3.2ms
[2024-12-16T19:10:53.149+0700][gc,phases   ] GC(154)   Merge Heap Roots: 0.8ms
[2024-12-16T19:10:53.149+0700][gc,phases   ] GC(154)   Evacuate Collection Set: 30.3ms
[2024-12-16T19:10:53.149+0700][gc,phases   ] GC(154)   Post Evacuate Collection Set: 2.4ms
[2024-12-16T19:10:53.149+0700][gc,phases   ] GC(154)   Other: 1.4ms
[2024-12-16T19:10:53.149+0700][gc,heap     ] GC(154) Eden regions: 46->0(48)
[2024-12-16T19:10:53.149+0700][gc,heap     ] GC(154) Survivor regions: 5->3(7)
[2024-12-16T19:10:53.149+0700][gc,heap     ] GC(154) Old regions: 158->160
[2024-12-16T19:10:53.149+0700][gc,heap     ] GC(154) Archive regions: 2->2
[2024-12-16T19:10:53.149+0700][gc,heap     ] GC(154) Humongous regions: 129->129
[2024-12-16T19:10:53.149+0700][gc,metaspace] GC(154) Metaspace: 43170K(43712K)->43170K(43712K) NonClass: 38276K(38592K)->38276K(38592K) Class: 4894K(5120K)->4894K(5120K)
[2024-12-16T19:10:53.149+0700][gc          ] GC(154) Pause Young (Normal) (G1 Evacuation Pause) 338M->292M(1024M) 38.045ms
[2024-12-16T19:10:53.149+0700][gc,cpu      ] GC(154) User=0.06s Sys=0.01s Real=0.04s
[2024-12-16T19:12:45.955+0700][gc,start    ] GC(155) Pause Young (Normal) (G1 Evacuation Pause)
[2024-12-16T19:12:45.955+0700][gc,task     ] GC(155) Using 2 workers of 2 for evacuation
[2024-12-16T19:12:45.997+0700][gc,mmu      ] GC(155) MMU target violated: 21.0ms (20.0ms/21.0ms)
[2024-12-16T19:12:45.998+0700][gc,phases   ] GC(155)   Pre Evacuate Collection Set: 2.8ms
[2024-12-16T19:12:45.998+0700][gc,phases   ] GC(155)   Merge Heap Roots: 0.7ms
[2024-12-16T19:12:45.998+0700][gc,phases   ] GC(155)   Evacuate Collection Set: 35.6ms
[2024-12-16T19:12:45.998+0700][gc,phases   ] GC(155)   Post Evacuate Collection Set: 2.8ms
[2024-12-16T19:12:45.998+0700][gc,phases   ] GC(155)   Other: 1.1ms
[2024-12-16T19:12:45.998+0700][gc,heap     ] GC(155) Eden regions: 48->0(45)
[2024-12-16T19:12:45.998+0700][gc,heap     ] GC(155) Survivor regions: 3->6(7)
[2024-12-16T19:12:45.998+0700][gc,heap     ] GC(155) Old regions: 160->160
[2024-12-16T19:12:45.998+0700][gc,heap     ] GC(155) Archive regions: 2->2
[2024-12-16T19:12:45.998+0700][gc,heap     ] GC(155) Humongous regions: 129->129
[2024-12-16T19:12:45.998+0700][gc,metaspace] GC(155) Metaspace: 43170K(43712K)->43170K(43712K) NonClass: 38276K(38592K)->38276K(38592K) Class: 4894K(5120K)->4894K(5120K)
[2024-12-16T19:12:45.998+0700][gc          ] GC(155) Pause Young (Normal) (G1 Evacuation Pause) 340M->295M(1024M) 43.081ms
[2024-12-16T19:12:45.998+0700][gc,cpu      ] GC(155) User=0.08s Sys=0.00s Real=0.05s
[2024-12-16T19:14:31.906+0700][gc,start    ] GC(156) Pause Young (Normal) (G1 Evacuation Pause)
[2024-12-16T19:14:31.907+0700][gc,task     ] GC(156) Using 2 workers of 2 for evacuation
[2024-12-16T19:14:31.966+0700][gc,mmu      ] GC(156) MMU target violated: 21.0ms (20.0ms/21.0ms)
[2024-12-16T19:14:31.966+0700][gc,phases   ] GC(156)   Pre Evacuate Collection Set: 7.1ms
[2024-12-16T19:14:31.966+0700][gc,phases   ] GC(156)   Merge Heap Roots: 0.6ms
[2024-12-16T19:14:31.966+0700][gc,phases   ] GC(156)   Evacuate Collection Set: 48.5ms
[2024-12-16T19:14:31.966+0700][gc,phases   ] GC(156)   Post Evacuate Collection Set: 2.8ms
[2024-12-16T19:14:31.967+0700][gc,phases   ] GC(156)   Other: 1.5ms
[2024-12-16T19:14:31.967+0700][gc,heap     ] GC(156) Eden regions: 45->0(45)
[2024-12-16T19:14:31.967+0700][gc,heap     ] GC(156) Survivor regions: 6->6(7)
[2024-12-16T19:14:31.967+0700][gc,heap     ] GC(156) Old regions: 160->163
[2024-12-16T19:14:31.967+0700][gc,heap     ] GC(156) Archive regions: 2->2
[2024-12-16T19:14:31.967+0700][gc,heap     ] GC(156) Humongous regions: 129->129
[2024-12-16T19:14:31.967+0700][gc,metaspace] GC(156) Metaspace: 43170K(43712K)->43170K(43712K) NonClass: 38276K(38592K)->38276K(38592K) Class: 4894K(5120K)->4894K(5120K)
[2024-12-16T19:14:31.967+0700][gc          ] GC(156) Pause Young (Normal) (G1 Evacuation Pause) 340M->298M(1024M) 60.474ms
[2024-12-16T19:14:31.967+0700][gc,cpu      ] GC(156) User=0.12s Sys=0.00s Real=0.06s
[2024-12-16T19:16:18.252+0700][gc,start    ] GC(157) Pause Young (Normal) (G1 Evacuation Pause)
[2024-12-16T19:16:18.252+0700][gc,task     ] GC(157) Using 2 workers of 2 for evacuation
[2024-12-16T19:16:18.313+0700][gc,mmu      ] GC(157) MMU target violated: 21.0ms (20.0ms/21.0ms)
[2024-12-16T19:16:18.313+0700][gc,phases   ] GC(157)   Pre Evacuate Collection Set: 2.8ms
[2024-12-16T19:16:18.313+0700][gc,phases   ] GC(157)   Merge Heap Roots: 0.8ms
[2024-12-16T19:16:18.313+0700][gc,phases   ] GC(157)   Evacuate Collection Set: 53.6ms
[2024-12-16T19:16:18.313+0700][gc,phases   ] GC(157)   Post Evacuate Collection Set: 3.2ms
[2024-12-16T19:16:18.313+0700][gc,phases   ] GC(157)   Other: 1.3ms
[2024-12-16T19:16:18.314+0700][gc,heap     ] GC(157) Eden regions: 45->0(46)
[2024-12-16T19:16:18.314+0700][gc,heap     ] GC(157) Survivor regions: 6->5(7)
[2024-12-16T19:16:18.314+0700][gc,heap     ] GC(157) Old regions: 163->167
[2024-12-16T19:16:18.314+0700][gc,heap     ] GC(157) Archive regions: 2->2
[2024-12-16T19:16:18.314+0700][gc,heap     ] GC(157) Humongous regions: 129->129
[2024-12-16T19:16:18.314+0700][gc,metaspace] GC(157) Metaspace: 43172K(43712K)->43172K(43712K) NonClass: 38278K(38592K)->38278K(38592K) Class: 4894K(5120K)->4894K(5120K)
[2024-12-16T19:16:18.314+0700][gc          ] GC(157) Pause Young (Normal) (G1 Evacuation Pause) 343M->301M(1024M) 61.702ms
[2024-12-16T19:16:18.314+0700][gc,cpu      ] GC(157) User=0.11s Sys=0.00s Real=0.06s
[2024-12-16T19:18:06.539+0700][gc,start    ] GC(158) Pause Young (Normal) (G1 Evacuation Pause)
[2024-12-16T19:18:06.539+0700][gc,task     ] GC(158) Using 2 workers of 2 for evacuation
[2024-12-16T19:18:06.579+0700][gc,mmu      ] GC(158) MMU target violated: 21.0ms (20.0ms/21.0ms)
[2024-12-16T19:18:06.579+0700][gc,phases   ] GC(158)   Pre Evacuate Collection Set: 2.7ms
[2024-12-16T19:18:06.579+0700][gc,phases   ] GC(158)   Merge Heap Roots: 0.8ms
[2024-12-16T19:18:06.579+0700][gc,phases   ] GC(158)   Evacuate Collection Set: 32.1ms
[2024-12-16T19:18:06.579+0700][gc,phases   ] GC(158)   Post Evacuate Collection Set: 3.3ms
[2024-12-16T19:18:06.579+0700][gc,phases   ] GC(158)   Other: 1.2ms
[2024-12-16T19:18:06.579+0700][gc,heap     ] GC(158) Eden regions: 46->0(48)
[2024-12-16T19:18:06.579+0700][gc,heap     ] GC(158) Survivor regions: 5->3(7)
[2024-12-16T19:18:06.579+0700][gc,heap     ] GC(158) Old regions: 167->169
[2024-12-16T19:18:06.579+0700][gc,heap     ] GC(158) Archive regions: 2->2
[2024-12-16T19:18:06.579+0700][gc,heap     ] GC(158) Humongous regions: 129->129
[2024-12-16T19:18:06.579+0700][gc,metaspace] GC(158) Metaspace: 43172K(43712K)->43172K(43712K) NonClass: 38278K(38592K)->38278K(38592K) Class: 4894K(5120K)->4894K(5120K)
[2024-12-16T19:18:06.579+0700][gc          ] GC(158) Pause Young (Normal) (G1 Evacuation Pause) 347M->301M(1024M) 40.011ms
[2024-12-16T19:18:06.579+0700][gc,cpu      ] GC(158) User=0.08s Sys=0.00s Real=0.04s
[2024-12-16T19:19:59.187+0700][gc,start    ] GC(159) Pause Young (Normal) (G1 Evacuation Pause)
[2024-12-16T19:19:59.188+0700][gc,task     ] GC(159) Using 2 workers of 2 for evacuation
[2024-12-16T19:19:59.231+0700][gc,mmu      ] GC(159) MMU target violated: 21.0ms (20.0ms/21.0ms)
[2024-12-16T19:19:59.232+0700][gc,phases   ] GC(159)   Pre Evacuate Collection Set: 2.7ms
[2024-12-16T19:19:59.232+0700][gc,phases   ] GC(159)   Merge Heap Roots: 0.7ms
[2024-12-16T19:19:59.232+0700][gc,phases   ] GC(159)   Evacuate Collection Set: 36.2ms
[2024-12-16T19:19:59.232+0700][gc,phases   ] GC(159)   Post Evacuate Collection Set: 3.6ms
[2024-12-16T19:19:59.232+0700][gc,phases   ] GC(159)   Other: 1.5ms
[2024-12-16T19:19:59.232+0700][gc,heap     ] GC(159) Eden regions: 48->0(45)
[2024-12-16T19:19:59.232+0700][gc,heap     ] GC(159) Survivor regions: 3->6(7)
[2024-12-16T19:19:59.232+0700][gc,heap     ] GC(159) Old regions: 169->169
[2024-12-16T19:19:59.232+0700][gc,heap     ] GC(159) Archive regions: 2->2
[2024-12-16T19:19:59.232+0700][gc,heap     ] GC(159) Humongous regions: 129->129
[2024-12-16T19:19:59.232+0700][gc,metaspace] GC(159) Metaspace: 43174K(43712K)->43174K(43712K) NonClass: 38280K(38592K)->38280K(38592K) Class: 4894K(5120K)->4894K(5120K)
[2024-12-16T19:19:59.232+0700][gc          ] GC(159) Pause Young (Normal) (G1 Evacuation Pause) 349M->304M(1024M) 44.717ms
[2024-12-16T19:19:59.232+0700][gc,cpu      ] GC(159) User=0.08s Sys=0.00s Real=0.04s
[2024-12-16T19:21:45.095+0700][gc,start    ] GC(160) Pause Young (Normal) (G1 Evacuation Pause)
[2024-12-16T19:21:45.095+0700][gc,task     ] GC(160) Using 2 workers of 2 for evacuation
[2024-12-16T19:21:45.165+0700][gc,mmu      ] GC(160) MMU target violated: 21.0ms (20.0ms/21.0ms)
[2024-12-16T19:21:45.166+0700][gc,phases   ] GC(160)   Pre Evacuate Collection Set: 2.9ms
[2024-12-16T19:21:45.166+0700][gc,phases   ] GC(160)   Merge Heap Roots: 0.9ms
[2024-12-16T19:21:45.166+0700][gc,phases   ] GC(160)   Evacuate Collection Set: 62.0ms
[2024-12-16T19:21:45.166+0700][gc,phases   ] GC(160)   Post Evacuate Collection Set: 4.0ms
[2024-12-16T19:21:45.166+0700][gc,phases   ] GC(160)   Other: 1.5ms
[2024-12-16T19:21:45.166+0700][gc,heap     ] GC(160) Eden regions: 45->0(46)
[2024-12-16T19:21:45.166+0700][gc,heap     ] GC(160) Survivor regions: 6->5(7)
[2024-12-16T19:21:45.166+0700][gc,heap     ] GC(160) Old regions: 169->173
[2024-12-16T19:21:45.166+0700][gc,heap     ] GC(160) Archive regions: 2->2
[2024-12-16T19:21:45.166+0700][gc,heap     ] GC(160) Humongous regions: 129->129
[2024-12-16T19:21:45.166+0700][gc,metaspace] GC(160) Metaspace: 43174K(43712K)->43174K(43712K) NonClass: 38280K(38592K)->38280K(38592K) Class: 4894K(5120K)->4894K(5120K)
[2024-12-16T19:21:45.166+0700][gc          ] GC(160) Pause Young (Normal) (G1 Evacuation Pause) 349M->307M(1024M) 71.308ms
[2024-12-16T19:21:45.166+0700][gc,cpu      ] GC(160) User=0.13s Sys=0.00s Real=0.08s
[2024-12-16T19:23:33.187+0700][gc,start    ] GC(161) Pause Young (Normal) (G1 Evacuation Pause)
[2024-12-16T19:23:33.187+0700][gc,task     ] GC(161) Using 2 workers of 2 for evacuation
[2024-12-16T19:23:33.225+0700][gc,mmu      ] GC(161) MMU target violated: 21.0ms (20.0ms/21.0ms)
[2024-12-16T19:23:33.225+0700][gc,phases   ] GC(161)   Pre Evacuate Collection Set: 3.0ms
[2024-12-16T19:23:33.225+0700][gc,phases   ] GC(161)   Merge Heap Roots: 0.6ms
[2024-12-16T19:23:33.225+0700][gc,phases   ] GC(161)   Evacuate Collection Set: 30.9ms
[2024-12-16T19:23:33.225+0700][gc,phases   ] GC(161)   Post Evacuate Collection Set: 2.9ms
[2024-12-16T19:23:33.225+0700][gc,phases   ] GC(161)   Other: 1.4ms
[2024-12-16T19:23:33.225+0700][gc,heap     ] GC(161) Eden regions: 46->0(48)
[2024-12-16T19:23:33.225+0700][gc,heap     ] GC(161) Survivor regions: 5->3(7)
[2024-12-16T19:23:33.225+0700][gc,heap     ] GC(161) Old regions: 173->175
[2024-12-16T19:23:33.225+0700][gc,heap     ] GC(161) Archive regions: 2->2
[2024-12-16T19:23:33.225+0700][gc,heap     ] GC(161) Humongous regions: 129->129
[2024-12-16T19:23:33.225+0700][gc,metaspace] GC(161) Metaspace: 43174K(43712K)->43174K(43712K) NonClass: 38280K(38592K)->38280K(38592K) Class: 4894K(5120K)->4894K(5120K)
[2024-12-16T19:23:33.226+0700][gc          ] GC(161) Pause Young (Normal) (G1 Evacuation Pause) 353M->307M(1024M) 38.985ms
[2024-12-16T19:23:33.226+0700][gc,cpu      ] GC(161) User=0.07s Sys=0.00s Real=0.04s
[2024-12-16T19:25:26.834+0700][gc,start    ] GC(162) Pause Young (Normal) (G1 Evacuation Pause)
[2024-12-16T19:25:26.834+0700][gc,task     ] GC(162) Using 2 workers of 2 for evacuation
[2024-12-16T19:25:26.877+0700][gc,mmu      ] GC(162) MMU target violated: 21.0ms (20.0ms/21.0ms)
[2024-12-16T19:25:26.877+0700][gc,phases   ] GC(162)   Pre Evacuate Collection Set: 3.6ms
[2024-12-16T19:25:26.877+0700][gc,phases   ] GC(162)   Merge Heap Roots: 0.9ms
[2024-12-16T19:25:26.877+0700][gc,phases   ] GC(162)   Evacuate Collection Set: 35.8ms
[2024-12-16T19:25:26.877+0700][gc,phases   ] GC(162)   Post Evacuate Collection Set: 2.4ms
[2024-12-16T19:25:26.877+0700][gc,phases   ] GC(162)   Other: 1.0ms
[2024-12-16T19:25:26.878+0700][gc,heap     ] GC(162) Eden regions: 48->0(45)
[2024-12-16T19:25:26.878+0700][gc,heap     ] GC(162) Survivor regions: 3->6(7)
[2024-12-16T19:25:26.878+0700][gc,heap     ] GC(162) Old regions: 175->175
[2024-12-16T19:25:26.878+0700][gc,heap     ] GC(162) Archive regions: 2->2
[2024-12-16T19:25:26.878+0700][gc,heap     ] GC(162) Humongous regions: 129->129
[2024-12-16T19:25:26.878+0700][gc,metaspace] GC(162) Metaspace: 43175K(43712K)->43175K(43712K) NonClass: 38281K(38592K)->38281K(38592K) Class: 4894K(5120K)->4894K(5120K)
[2024-12-16T19:25:26.878+0700][gc          ] GC(162) Pause Young (Normal) (G1 Evacuation Pause) 355M->310M(1024M) 43.870ms
[2024-12-16T19:25:26.878+0700][gc,cpu      ] GC(162) User=0.08s Sys=0.00s Real=0.05s
[2024-12-16T19:27:12.987+0700][gc,start    ] GC(163) Pause Young (Normal) (G1 Evacuation Pause)
[2024-12-16T19:27:12.987+0700][gc,task     ] GC(163) Using 2 workers of 2 for evacuation
[2024-12-16T19:27:13.042+0700][gc,mmu      ] GC(163) MMU target violated: 21.0ms (20.0ms/21.0ms)
[2024-12-16T19:27:13.042+0700][gc,phases   ] GC(163)   Pre Evacuate Collection Set: 2.9ms
[2024-12-16T19:27:13.042+0700][gc,phases   ] GC(163)   Merge Heap Roots: 0.6ms
[2024-12-16T19:27:13.042+0700][gc,phases   ] GC(163)   Evacuate Collection Set: 46.8ms
[2024-12-16T19:27:13.042+0700][gc,phases   ] GC(163)   Post Evacuate Collection Set: 3.2ms
[2024-12-16T19:27:13.042+0700][gc,phases   ] GC(163)   Other: 1.7ms
[2024-12-16T19:27:13.042+0700][gc,heap     ] GC(163) Eden regions: 45->0(44)
[2024-12-16T19:27:13.042+0700][gc,heap     ] GC(163) Survivor regions: 6->7(7)
[2024-12-16T19:27:13.042+0700][gc,heap     ] GC(163) Old regions: 175->177
[2024-12-16T19:27:13.042+0700][gc,heap     ] GC(163) Archive regions: 2->2
[2024-12-16T19:27:13.042+0700][gc,heap     ] GC(163) Humongous regions: 129->129
[2024-12-16T19:27:13.042+0700][gc,metaspace] GC(163) Metaspace: 43175K(43712K)->43175K(43712K) NonClass: 38281K(38592K)->38281K(38592K) Class: 4894K(5120K)->4894K(5120K)
[2024-12-16T19:27:13.042+0700][gc          ] GC(163) Pause Young (Normal) (G1 Evacuation Pause) 355M->312M(1024M) 54.947ms
[2024-12-16T19:27:13.042+0700][gc,cpu      ] GC(163) User=0.11s Sys=0.00s Real=0.05s
[2024-12-16T19:28:56.834+0700][gc,start    ] GC(164) Pause Young (Normal) (G1 Evacuation Pause)
[2024-12-16T19:28:56.834+0700][gc,task     ] GC(164) Using 2 workers of 2 for evacuation
[2024-12-16T19:28:56.897+0700][gc,mmu      ] GC(164) MMU target violated: 21.0ms (20.0ms/21.0ms)
[2024-12-16T19:28:56.897+0700][gc,phases   ] GC(164)   Pre Evacuate Collection Set: 6.5ms
[2024-12-16T19:28:56.897+0700][gc,phases   ] GC(164)   Merge Heap Roots: 0.8ms
[2024-12-16T19:28:56.897+0700][gc,phases   ] GC(164)   Evacuate Collection Set: 52.0ms
[2024-12-16T19:28:56.897+0700][gc,phases   ] GC(164)   Post Evacuate Collection Set: 2.8ms
[2024-12-16T19:28:56.897+0700][gc,phases   ] GC(164)   Other: 1.5ms
[2024-12-16T19:28:56.897+0700][gc,heap     ] GC(164) Eden regions: 44->0(45)
[2024-12-16T19:28:56.897+0700][gc,heap     ] GC(164) Survivor regions: 7->6(7)
[2024-12-16T19:28:56.897+0700][gc,heap     ] GC(164) Old regions: 177->181
[2024-12-16T19:28:56.897+0700][gc,heap     ] GC(164) Archive regions: 2->2
[2024-12-16T19:28:56.897+0700][gc,heap     ] GC(164) Humongous regions: 129->129
[2024-12-16T19:28:56.897+0700][gc,metaspace] GC(164) Metaspace: 43175K(43712K)->43175K(43712K) NonClass: 38281K(38592K)->38281K(38592K) Class: 4894K(5120K)->4894K(5120K)
[2024-12-16T19:28:56.897+0700][gc          ] GC(164) Pause Young (Normal) (G1 Evacuation Pause) 356M->316M(1024M) 63.425ms
[2024-12-16T19:28:56.897+0700][gc,cpu      ] GC(164) User=0.12s Sys=0.00s Real=0.07s
[2024-12-16T19:30:42.254+0700][gc,start    ] GC(165) Pause Young (Normal) (G1 Evacuation Pause)
[2024-12-16T19:30:42.254+0700][gc,task     ] GC(165) Using 2 workers of 2 for evacuation
[2024-12-16T19:30:42.293+0700][gc,mmu      ] GC(165) MMU target violated: 21.0ms (20.0ms/21.0ms)
[2024-12-16T19:30:42.293+0700][gc,phases   ] GC(165)   Pre Evacuate Collection Set: 3.3ms
[2024-12-16T19:30:42.293+0700][gc,phases   ] GC(165)   Merge Heap Roots: 0.8ms
[2024-12-16T19:30:42.293+0700][gc,phases   ] GC(165)   Evacuate Collection Set: 31.1ms
[2024-12-16T19:30:42.293+0700][gc,phases   ] GC(165)   Post Evacuate Collection Set: 3.1ms
[2024-12-16T19:30:42.293+0700][gc,phases   ] GC(165)   Other: 1.2ms
[2024-12-16T19:30:42.293+0700][gc,heap     ] GC(165) Eden regions: 45->0(47)
[2024-12-16T19:30:42.293+0700][gc,heap     ] GC(165) Survivor regions: 6->4(7)
[2024-12-16T19:30:42.293+0700][gc,heap     ] GC(165) Old regions: 181->183
[2024-12-16T19:30:42.293+0700][gc,heap     ] GC(165) Archive regions: 2->2
[2024-12-16T19:30:42.293+0700][gc,heap     ] GC(165) Humongous regions: 129->129
[2024-12-16T19:30:42.293+0700][gc,metaspace] GC(165) Metaspace: 43175K(43712K)->43175K(43712K) NonClass: 38281K(38592K)->38281K(38592K) Class: 4894K(5120K)->4894K(5120K)
[2024-12-16T19:30:42.294+0700][gc          ] GC(165) Pause Young (Normal) (G1 Evacuation Pause) 361M->316M(1024M) 39.504ms
[2024-12-16T19:30:42.294+0700][gc,cpu      ] GC(165) User=0.07s Sys=0.00s Real=0.04s
[2024-12-16T19:32:25.112+0700][gc,start    ] GC(166) Pause Young (Normal) (G1 Evacuation Pause)
[2024-12-16T19:32:25.112+0700][gc,task     ] GC(166) Using 2 workers of 2 for evacuation
[2024-12-16T19:32:25.156+0700][gc,mmu      ] GC(166) MMU target violated: 21.0ms (20.0ms/21.0ms)
[2024-12-16T19:32:25.156+0700][gc,phases   ] GC(166)   Pre Evacuate Collection Set: 3.3ms
[2024-12-16T19:32:25.156+0700][gc,phases   ] GC(166)   Merge Heap Roots: 0.7ms
[2024-12-16T19:32:25.156+0700][gc,phases   ] GC(166)   Evacuate Collection Set: 36.9ms
[2024-12-16T19:32:25.156+0700][gc,phases   ] GC(166)   Post Evacuate Collection Set: 2.4ms
[2024-12-16T19:32:25.156+0700][gc,phases   ] GC(166)   Other: 1.5ms
[2024-12-16T19:32:25.156+0700][gc,heap     ] GC(166) Eden regions: 47->0(45)
[2024-12-16T19:32:25.156+0700][gc,heap     ] GC(166) Survivor regions: 4->6(7)
[2024-12-16T19:32:25.156+0700][gc,heap     ] GC(166) Old regions: 183->183
[2024-12-16T19:32:25.156+0700][gc,heap     ] GC(166) Archive regions: 2->2
[2024-12-16T19:32:25.156+0700][gc,heap     ] GC(166) Humongous regions: 129->129
[2024-12-16T19:32:25.156+0700][gc,metaspace] GC(166) Metaspace: 43175K(43712K)->43175K(43712K) NonClass: 38281K(38592K)->38281K(38592K) Class: 4894K(5120K)->4894K(5120K)
[2024-12-16T19:32:25.156+0700][gc          ] GC(166) Pause Young (Normal) (G1 Evacuation Pause) 363M->318M(1024M) 44.749ms
[2024-12-16T19:32:25.157+0700][gc,cpu      ] GC(166) User=0.09s Sys=0.00s Real=0.05s
[2024-12-16T19:33:56.001+0700][gc,start    ] GC(167) Pause Young (Normal) (G1 Evacuation Pause)
[2024-12-16T19:33:56.001+0700][gc,task     ] GC(167) Using 2 workers of 2 for evacuation
[2024-12-16T19:33:56.065+0700][gc,mmu      ] GC(167) MMU target violated: 21.0ms (20.0ms/21.0ms)
[2024-12-16T19:33:56.065+0700][gc,phases   ] GC(167)   Pre Evacuate Collection Set: 4.0ms
[2024-12-16T19:33:56.065+0700][gc,phases   ] GC(167)   Merge Heap Roots: 0.9ms
[2024-12-16T19:33:56.065+0700][gc,phases   ] GC(167)   Evacuate Collection Set: 55.1ms
[2024-12-16T19:33:56.065+0700][gc,phases   ] GC(167)   Post Evacuate Collection Set: 3.6ms
[2024-12-16T19:33:56.066+0700][gc,phases   ] GC(167)   Other: 1.2ms
[2024-12-16T19:33:56.066+0700][gc,heap     ] GC(167) Eden regions: 45->0(46)
[2024-12-16T19:33:56.066+0700][gc,heap     ] GC(167) Survivor regions: 6->5(7)
[2024-12-16T19:33:56.066+0700][gc,heap     ] GC(167) Old regions: 183->187
[2024-12-16T19:33:56.066+0700][gc,heap     ] GC(167) Archive regions: 2->2
[2024-12-16T19:33:56.066+0700][gc,heap     ] GC(167) Humongous regions: 129->129
[2024-12-16T19:33:56.066+0700][gc,metaspace] GC(167) Metaspace: 43183K(43712K)->43183K(43712K) NonClass: 38289K(38592K)->38289K(38592K) Class: 4894K(5120K)->4894K(5120K)
[2024-12-16T19:33:56.066+0700][gc          ] GC(167) Pause Young (Normal) (G1 Evacuation Pause) 363M->321M(1024M) 64.936ms
[2024-12-16T19:33:56.066+0700][gc,cpu      ] GC(167) User=0.12s Sys=0.00s Real=0.07s
[2024-12-16T19:35:28.579+0700][gc,start    ] GC(168) Pause Young (Normal) (G1 Evacuation Pause)
[2024-12-16T19:35:28.579+0700][gc,task     ] GC(168) Using 2 workers of 2 for evacuation
[2024-12-16T19:35:28.623+0700][gc,mmu      ] GC(168) MMU target violated: 21.0ms (20.0ms/21.0ms)
[2024-12-16T19:35:28.623+0700][gc,phases   ] GC(168)   Pre Evacuate Collection Set: 4.6ms
[2024-12-16T19:35:28.623+0700][gc,phases   ] GC(168)   Merge Heap Roots: 0.9ms
[2024-12-16T19:35:28.623+0700][gc,phases   ] GC(168)   Evacuate Collection Set: 35.4ms
[2024-12-16T19:35:28.623+0700][gc,phases   ] GC(168)   Post Evacuate Collection Set: 2.4ms
[2024-12-16T19:35:28.623+0700][gc,phases   ] GC(168)   Other: 1.3ms
[2024-12-16T19:35:28.623+0700][gc,heap     ] GC(168) Eden regions: 46->0(48)
[2024-12-16T19:35:28.623+0700][gc,heap     ] GC(168) Survivor regions: 5->3(7)
[2024-12-16T19:35:28.624+0700][gc,heap     ] GC(168) Old regions: 187->190
[2024-12-16T19:35:28.624+0700][gc,heap     ] GC(168) Archive regions: 2->2
[2024-12-16T19:35:28.624+0700][gc,heap     ] GC(168) Humongous regions: 129->129
[2024-12-16T19:35:28.624+0700][gc,metaspace] GC(168) Metaspace: 43183K(43712K)->43183K(43712K) NonClass: 38289K(38592K)->38289K(38592K) Class: 4894K(5120K)->4894K(5120K)
[2024-12-16T19:35:28.624+0700][gc          ] GC(168) Pause Young (Normal) (G1 Evacuation Pause) 367M->322M(1024M) 44.700ms
[2024-12-16T19:35:28.624+0700][gc,cpu      ] GC(168) User=0.08s Sys=0.00s Real=0.04s
[2024-12-16T19:37:07.559+0700][gc,start    ] GC(169) Pause Young (Normal) (G1 Evacuation Pause)
[2024-12-16T19:37:07.559+0700][gc,task     ] GC(169) Using 2 workers of 2 for evacuation
[2024-12-16T19:37:07.611+0700][gc,mmu      ] GC(169) MMU target violated: 21.0ms (20.0ms/21.0ms)
[2024-12-16T19:37:07.612+0700][gc,phases   ] GC(169)   Pre Evacuate Collection Set: 3.0ms
[2024-12-16T19:37:07.612+0700][gc,phases   ] GC(169)   Merge Heap Roots: 0.9ms
[2024-12-16T19:37:07.612+0700][gc,phases   ] GC(169)   Evacuate Collection Set: 45.7ms
[2024-12-16T19:37:07.612+0700][gc,phases   ] GC(169)   Post Evacuate Collection Set: 2.6ms
[2024-12-16T19:37:07.612+0700][gc,phases   ] GC(169)   Other: 1.2ms
[2024-12-16T19:37:07.612+0700][gc,heap     ] GC(169) Eden regions: 48->0(44)
[2024-12-16T19:37:07.612+0700][gc,heap     ] GC(169) Survivor regions: 3->7(7)
[2024-12-16T19:37:07.612+0700][gc,heap     ] GC(169) Old regions: 190->190
[2024-12-16T19:37:07.612+0700][gc,heap     ] GC(169) Archive regions: 2->2
[2024-12-16T19:37:07.612+0700][gc,heap     ] GC(169) Humongous regions: 129->129
[2024-12-16T19:37:07.612+0700][gc,metaspace] GC(169) Metaspace: 43183K(43712K)->43183K(43712K) NonClass: 38289K(38592K)->38289K(38592K) Class: 4894K(5120K)->4894K(5120K)
[2024-12-16T19:37:07.612+0700][gc          ] GC(169) Pause Young (Normal) (G1 Evacuation Pause) 370M->325M(1024M) 53.347ms
[2024-12-16T19:37:07.612+0700][gc,cpu      ] GC(169) User=0.10s Sys=0.00s Real=0.05s
[2024-12-16T19:38:38.075+0700][gc,start    ] GC(170) Pause Young (Normal) (G1 Evacuation Pause)
[2024-12-16T19:38:38.075+0700][gc,task     ] GC(170) Using 2 workers of 2 for evacuation
[2024-12-16T19:38:38.140+0700][gc,mmu      ] GC(170) MMU target violated: 21.0ms (20.0ms/21.0ms)
[2024-12-16T19:38:38.141+0700][gc,phases   ] GC(170)   Pre Evacuate Collection Set: 2.9ms
[2024-12-16T19:38:38.141+0700][gc,phases   ] GC(170)   Merge Heap Roots: 0.5ms
[2024-12-16T19:38:38.141+0700][gc,phases   ] GC(170)   Evacuate Collection Set: 58.3ms
[2024-12-16T19:38:38.141+0700][gc,phases   ] GC(170)   Post Evacuate Collection Set: 2.9ms
[2024-12-16T19:38:38.141+0700][gc,phases   ] GC(170)   Other: 1.4ms
[2024-12-16T19:38:38.141+0700][gc,heap     ] GC(170) Eden regions: 44->0(46)
[2024-12-16T19:38:38.141+0700][gc,heap     ] GC(170) Survivor regions: 7->5(7)
[2024-12-16T19:38:38.141+0700][gc,heap     ] GC(170) Old regions: 190->194
[2024-12-16T19:38:38.141+0700][gc,heap     ] GC(170) Archive regions: 2->2
[2024-12-16T19:38:38.141+0700][gc,heap     ] GC(170) Humongous regions: 129->129
[2024-12-16T19:38:38.141+0700][gc,metaspace] GC(170) Metaspace: 43183K(43712K)->43183K(43712K) NonClass: 38289K(38592K)->38289K(38592K) Class: 4894K(5120K)->4894K(5120K)
[2024-12-16T19:38:38.141+0700][gc          ] GC(170) Pause Young (Normal) (G1 Evacuation Pause) 369M->328M(1024M) 66.116ms
[2024-12-16T19:38:38.141+0700][gc,cpu      ] GC(170) User=0.13s Sys=0.00s Real=0.07s
[2024-12-16T19:40:12.455+0700][gc,start    ] GC(171) Pause Young (Normal) (G1 Evacuation Pause)
[2024-12-16T19:40:12.455+0700][gc,task     ] GC(171) Using 2 workers of 2 for evacuation
[2024-12-16T19:40:12.496+0700][gc,mmu      ] GC(171) MMU target violated: 21.0ms (20.0ms/21.0ms)
[2024-12-16T19:40:12.496+0700][gc,phases   ] GC(171)   Pre Evacuate Collection Set: 2.9ms
[2024-12-16T19:40:12.496+0700][gc,phases   ] GC(171)   Merge Heap Roots: 0.8ms
[2024-12-16T19:40:12.496+0700][gc,phases   ] GC(171)   Evacuate Collection Set: 34.9ms
[2024-12-16T19:40:12.496+0700][gc,phases   ] GC(171)   Post Evacuate Collection Set: 2.1ms
[2024-12-16T19:40:12.496+0700][gc,phases   ] GC(171)   Other: 1.3ms
[2024-12-16T19:40:12.496+0700][gc,heap     ] GC(171) Eden regions: 46->0(48)
[2024-12-16T19:40:12.496+0700][gc,heap     ] GC(171) Survivor regions: 5->3(7)
[2024-12-16T19:40:12.496+0700][gc,heap     ] GC(171) Old regions: 194->196
[2024-12-16T19:40:12.496+0700][gc,heap     ] GC(171) Archive regions: 2->2
[2024-12-16T19:40:12.496+0700][gc,heap     ] GC(171) Humongous regions: 129->129
[2024-12-16T19:40:12.496+0700][gc,metaspace] GC(171) Metaspace: 43183K(43712K)->43183K(43712K) NonClass: 38289K(38592K)->38289K(38592K) Class: 4894K(5120K)->4894K(5120K)
[2024-12-16T19:40:12.496+0700][gc          ] GC(171) Pause Young (Normal) (G1 Evacuation Pause) 374M->328M(1024M) 41.844ms
[2024-12-16T19:40:12.496+0700][gc,cpu      ] GC(171) User=0.07s Sys=0.00s Real=0.05s
[2024-12-16T19:41:48.936+0700][gc,start    ] GC(172) Pause Young (Normal) (G1 Evacuation Pause)
[2024-12-16T19:41:48.936+0700][gc,task     ] GC(172) Using 2 workers of 2 for evacuation
[2024-12-16T19:41:48.987+0700][gc,mmu      ] GC(172) MMU target violated: 21.0ms (20.0ms/21.0ms)
[2024-12-16T19:41:48.987+0700][gc,phases   ] GC(172)   Pre Evacuate Collection Set: 2.3ms
[2024-12-16T19:41:48.987+0700][gc,phases   ] GC(172)   Merge Heap Roots: 0.5ms
[2024-12-16T19:41:48.987+0700][gc,phases   ] GC(172)   Evacuate Collection Set: 45.1ms
[2024-12-16T19:41:48.987+0700][gc,phases   ] GC(172)   Post Evacuate Collection Set: 2.5ms
[2024-12-16T19:41:48.987+0700][gc,phases   ] GC(172)   Other: 1.0ms
[2024-12-16T19:41:48.987+0700][gc,heap     ] GC(172) Eden regions: 48->0(44)
[2024-12-16T19:41:48.987+0700][gc,heap     ] GC(172) Survivor regions: 3->7(7)
[2024-12-16T19:41:48.987+0700][gc,heap     ] GC(172) Old regions: 196->196
[2024-12-16T19:41:48.987+0700][gc,heap     ] GC(172) Archive regions: 2->2
[2024-12-16T19:41:48.987+0700][gc,heap     ] GC(172) Humongous regions: 129->129
[2024-12-16T19:41:48.987+0700][gc,metaspace] GC(172) Metaspace: 43191K(43712K)->43191K(43712K) NonClass: 38297K(38592K)->38297K(38592K) Class: 4894K(5120K)->4894K(5120K)
[2024-12-16T19:41:48.987+0700][gc          ] GC(172) Pause Young (Normal) (G1 Evacuation Pause) 376M->332M(1024M) 51.611ms
[2024-12-16T19:41:48.987+0700][gc,cpu      ] GC(172) User=0.09s Sys=0.00s Real=0.06s
[2024-12-16T19:43:18.722+0700][gc,start    ] GC(173) Pause Young (Normal) (G1 Evacuation Pause)
[2024-12-16T19:43:18.722+0700][gc,task     ] GC(173) Using 2 workers of 2 for evacuation
[2024-12-16T19:43:18.792+0700][gc,mmu      ] GC(173) MMU target violated: 21.0ms (20.0ms/21.0ms)
[2024-12-16T19:43:18.793+0700][gc,phases   ] GC(173)   Pre Evacuate Collection Set: 1.6ms
[2024-12-16T19:43:18.793+0700][gc,phases   ] GC(173)   Merge Heap Roots: 0.6ms
[2024-12-16T19:43:18.793+0700][gc,phases   ] GC(173)   Evacuate Collection Set: 63.3ms
[2024-12-16T19:43:18.793+0700][gc,phases   ] GC(173)   Post Evacuate Collection Set: 4.9ms
[2024-12-16T19:43:18.793+0700][gc,phases   ] GC(173)   Other: 1.3ms
[2024-12-16T19:43:18.793+0700][gc,heap     ] GC(173) Eden regions: 44->0(46)
[2024-12-16T19:43:18.793+0700][gc,heap     ] GC(173) Survivor regions: 7->5(7)
[2024-12-16T19:43:18.793+0700][gc,heap     ] GC(173) Old regions: 196->201
[2024-12-16T19:43:18.793+0700][gc,heap     ] GC(173) Archive regions: 2->2
[2024-12-16T19:43:18.793+0700][gc,heap     ] GC(173) Humongous regions: 129->129
[2024-12-16T19:43:18.793+0700][gc,metaspace] GC(173) Metaspace: 43196K(43712K)->43196K(43712K) NonClass: 38302K(38592K)->38302K(38592K) Class: 4894K(5120K)->4894K(5120K)
[2024-12-16T19:43:18.793+0700][gc          ] GC(173) Pause Young (Normal) (G1 Evacuation Pause) 376M->334M(1024M) 71.691ms
[2024-12-16T19:43:18.793+0700][gc,cpu      ] GC(173) User=0.13s Sys=0.01s Real=0.07s
[2024-12-16T19:44:52.339+0700][gc,start    ] GC(174) Pause Young (Normal) (G1 Evacuation Pause)
[2024-12-16T19:44:52.340+0700][gc,task     ] GC(174) Using 2 workers of 2 for evacuation
[2024-12-16T19:44:52.387+0700][gc,mmu      ] GC(174) MMU target violated: 21.0ms (20.0ms/21.0ms)
[2024-12-16T19:44:52.388+0700][gc,phases   ] GC(174)   Pre Evacuate Collection Set: 3.3ms
[2024-12-16T19:44:52.388+0700][gc,phases   ] GC(174)   Merge Heap Roots: 1.0ms
[2024-12-16T19:44:52.388+0700][gc,phases   ] GC(174)   Evacuate Collection Set: 40.2ms
[2024-12-16T19:44:52.388+0700][gc,phases   ] GC(174)   Post Evacuate Collection Set: 2.6ms
[2024-12-16T19:44:52.388+0700][gc,phases   ] GC(174)   Other: 1.8ms
[2024-12-16T19:44:52.388+0700][gc,heap     ] GC(174) Eden regions: 46->0(47)
[2024-12-16T19:44:52.388+0700][gc,heap     ] GC(174) Survivor regions: 5->4(7)
[2024-12-16T19:44:52.388+0700][gc,heap     ] GC(174) Old regions: 201->203
[2024-12-16T19:44:52.388+0700][gc,heap     ] GC(174) Archive regions: 2->2
[2024-12-16T19:44:52.388+0700][gc,heap     ] GC(174) Humongous regions: 129->129
[2024-12-16T19:44:52.388+0700][gc,metaspace] GC(174) Metaspace: 43196K(43712K)->43196K(43712K) NonClass: 38302K(38592K)->38302K(38592K) Class: 4894K(5120K)->4894K(5120K)
[2024-12-16T19:44:52.388+0700][gc          ] GC(174) Pause Young (Normal) (G1 Evacuation Pause) 380M->336M(1024M) 48.679ms
[2024-12-16T19:44:52.388+0700][gc,cpu      ] GC(174) User=0.09s Sys=0.00s Real=0.05s
[2024-12-16T19:46:25.479+0700][gc,start    ] GC(175) Pause Young (Normal) (G1 Evacuation Pause)
[2024-12-16T19:46:25.479+0700][gc,task     ] GC(175) Using 2 workers of 2 for evacuation
[2024-12-16T19:46:25.528+0700][gc,mmu      ] GC(175) MMU target violated: 21.0ms (20.0ms/21.0ms)
[2024-12-16T19:46:25.528+0700][gc,phases   ] GC(175)   Pre Evacuate Collection Set: 4.3ms
[2024-12-16T19:46:25.528+0700][gc,phases   ] GC(175)   Merge Heap Roots: 0.9ms
[2024-12-16T19:46:25.528+0700][gc,phases   ] GC(175)   Evacuate Collection Set: 39.9ms
[2024-12-16T19:46:25.528+0700][gc,phases   ] GC(175)   Post Evacuate Collection Set: 2.6ms
[2024-12-16T19:46:25.528+0700][gc,phases   ] GC(175)   Other: 1.3ms
[2024-12-16T19:46:25.528+0700][gc,heap     ] GC(175) Eden regions: 47->0(44)
[2024-12-16T19:46:25.528+0700][gc,heap     ] GC(175) Survivor regions: 4->7(7)
[2024-12-16T19:46:25.528+0700][gc,heap     ] GC(175) Old regions: 203->203
[2024-12-16T19:46:25.528+0700][gc,heap     ] GC(175) Archive regions: 2->2
[2024-12-16T19:46:25.528+0700][gc,heap     ] GC(175) Humongous regions: 129->129
[2024-12-16T19:46:25.528+0700][gc,metaspace] GC(175) Metaspace: 43226K(43712K)->43226K(43712K) NonClass: 38331K(38592K)->38331K(38592K) Class: 4894K(5120K)->4894K(5120K)
[2024-12-16T19:46:25.528+0700][gc          ] GC(175) Pause Young (Normal) (G1 Evacuation Pause) 383M->338M(1024M) 49.128ms
[2024-12-16T19:46:25.528+0700][gc,cpu      ] GC(175) User=0.09s Sys=0.00s Real=0.05s
[2024-12-16T19:47:55.779+0700][gc,start    ] GC(176) Pause Young (Normal) (G1 Evacuation Pause)
[2024-12-16T19:47:55.780+0700][gc,task     ] GC(176) Using 2 workers of 2 for evacuation
[2024-12-16T19:47:55.844+0700][gc,mmu      ] GC(176) MMU target violated: 21.0ms (20.0ms/21.0ms)
[2024-12-16T19:47:55.844+0700][gc,phases   ] GC(176)   Pre Evacuate Collection Set: 3.1ms
[2024-12-16T19:47:55.844+0700][gc,phases   ] GC(176)   Merge Heap Roots: 0.6ms
[2024-12-16T19:47:55.844+0700][gc,phases   ] GC(176)   Evacuate Collection Set: 57.3ms
[2024-12-16T19:47:55.844+0700][gc,phases   ] GC(176)   Post Evacuate Collection Set: 2.6ms
[2024-12-16T19:47:55.844+0700][gc,phases   ] GC(176)   Other: 1.3ms
[2024-12-16T19:47:55.844+0700][gc,heap     ] GC(176) Eden regions: 44->0(46)
[2024-12-16T19:47:55.844+0700][gc,heap     ] GC(176) Survivor regions: 7->5(7)
[2024-12-16T19:47:55.844+0700][gc,heap     ] GC(176) Old regions: 203->208
[2024-12-16T19:47:55.844+0700][gc,heap     ] GC(176) Archive regions: 2->2
[2024-12-16T19:47:55.844+0700][gc,heap     ] GC(176) Humongous regions: 129->129
[2024-12-16T19:47:55.844+0700][gc,metaspace] GC(176) Metaspace: 43226K(43712K)->43226K(43712K) NonClass: 38331K(38592K)->38331K(38592K) Class: 4894K(5120K)->4894K(5120K)
[2024-12-16T19:47:55.844+0700][gc          ] GC(176) Pause Young (Normal) (G1 Evacuation Pause) 382M->342M(1024M) 65.104ms
[2024-12-16T19:47:55.845+0700][gc,cpu      ] GC(176) User=0.13s Sys=0.00s Real=0.07s
[2024-12-16T19:49:28.626+0700][gc,start    ] GC(177) Pause Young (Normal) (G1 Evacuation Pause)
[2024-12-16T19:49:28.626+0700][gc,task     ] GC(177) Using 2 workers of 2 for evacuation
[2024-12-16T19:49:28.666+0700][gc,mmu      ] GC(177) MMU target violated: 21.0ms (20.0ms/21.0ms)
[2024-12-16T19:49:28.666+0700][gc,phases   ] GC(177)   Pre Evacuate Collection Set: 2.5ms
[2024-12-16T19:49:28.666+0700][gc,phases   ] GC(177)   Merge Heap Roots: 0.7ms
[2024-12-16T19:49:28.666+0700][gc,phases   ] GC(177)   Evacuate Collection Set: 33.3ms
[2024-12-16T19:49:28.666+0700][gc,phases   ] GC(177)   Post Evacuate Collection Set: 3.0ms
[2024-12-16T19:49:28.666+0700][gc,phases   ] GC(177)   Other: 1.2ms
[2024-12-16T19:49:28.666+0700][gc,heap     ] GC(177) Eden regions: 46->0(48)
[2024-12-16T19:49:28.666+0700][gc,heap     ] GC(177) Survivor regions: 5->3(7)
[2024-12-16T19:49:28.666+0700][gc,heap     ] GC(177) Old regions: 208->210
[2024-12-16T19:49:28.666+0700][gc,heap     ] GC(177) Archive regions: 2->2
[2024-12-16T19:49:28.666+0700][gc,heap     ] GC(177) Humongous regions: 129->129
[2024-12-16T19:49:28.666+0700][gc,metaspace] GC(177) Metaspace: 43226K(43712K)->43226K(43712K) NonClass: 38331K(38592K)->38331K(38592K) Class: 4894K(5120K)->4894K(5120K)
[2024-12-16T19:49:28.666+0700][gc          ] GC(177) Pause Young (Normal) (G1 Evacuation Pause) 388M->342M(1024M) 40.670ms
[2024-12-16T19:49:28.667+0700][gc,cpu      ] GC(177) User=0.07s Sys=0.00s Real=0.04s
[2024-12-16T19:51:01.497+0700][gc,start    ] GC(178) Pause Young (Normal) (G1 Evacuation Pause)
[2024-12-16T19:51:01.497+0700][gc,task     ] GC(178) Using 2 workers of 2 for evacuation
[2024-12-16T19:51:01.551+0700][gc,mmu      ] GC(178) MMU target violated: 21.0ms (20.0ms/21.0ms)
[2024-12-16T19:51:01.552+0700][gc,phases   ] GC(178)   Pre Evacuate Collection Set: 2.3ms
[2024-12-16T19:51:01.552+0700][gc,phases   ] GC(178)   Merge Heap Roots: 0.8ms
[2024-12-16T19:51:01.552+0700][gc,phases   ] GC(178)   Evacuate Collection Set: 48.5ms
[2024-12-16T19:51:01.552+0700][gc,phases   ] GC(178)   Post Evacuate Collection Set: 2.6ms
[2024-12-16T19:51:01.552+0700][gc,phases   ] GC(178)   Other: 1.2ms
[2024-12-16T19:51:01.552+0700][gc,heap     ] GC(178) Eden regions: 48->0(44)
[2024-12-16T19:51:01.552+0700][gc,heap     ] GC(178) Survivor regions: 3->7(7)
[2024-12-16T19:51:01.552+0700][gc,heap     ] GC(178) Old regions: 210->211
[2024-12-16T19:51:01.552+0700][gc,heap     ] GC(178) Archive regions: 2->2
[2024-12-16T19:51:01.552+0700][gc,heap     ] GC(178) Humongous regions: 129->129
[2024-12-16T19:51:01.552+0700][gc,metaspace] GC(178) Metaspace: 43226K(43712K)->43226K(43712K) NonClass: 38332K(38592K)->38332K(38592K) Class: 4894K(5120K)->4894K(5120K)
[2024-12-16T19:51:01.552+0700][gc          ] GC(178) Pause Young (Normal) (G1 Evacuation Pause) 390M->347M(1024M) 55.755ms
[2024-12-16T19:51:01.552+0700][gc,cpu      ] GC(178) User=0.10s Sys=0.00s Real=0.05s
[2024-12-16T19:52:30.987+0700][gc,start    ] GC(179) Pause Young (Normal) (G1 Evacuation Pause)
[2024-12-16T19:52:30.988+0700][gc,task     ] GC(179) Using 2 workers of 2 for evacuation
[2024-12-16T19:52:31.059+0700][gc,mmu      ] GC(179) MMU target violated: 21.0ms (20.0ms/21.0ms)
[2024-12-16T19:52:31.059+0700][gc,phases   ] GC(179)   Pre Evacuate Collection Set: 4.4ms
[2024-12-16T19:52:31.059+0700][gc,phases   ] GC(179)   Merge Heap Roots: 0.6ms
[2024-12-16T19:52:31.059+0700][gc,phases   ] GC(179)   Evacuate Collection Set: 61.5ms
[2024-12-16T19:52:31.059+0700][gc,phases   ] GC(179)   Post Evacuate Collection Set: 4.1ms
[2024-12-16T19:52:31.059+0700][gc,phases   ] GC(179)   Other: 1.5ms
[2024-12-16T19:52:31.059+0700][gc,heap     ] GC(179) Eden regions: 44->0(46)
[2024-12-16T19:52:31.059+0700][gc,heap     ] GC(179) Survivor regions: 7->5(7)
[2024-12-16T19:52:31.059+0700][gc,heap     ] GC(179) Old regions: 211->216
[2024-12-16T19:52:31.059+0700][gc,heap     ] GC(179) Archive regions: 2->2
[2024-12-16T19:52:31.059+0700][gc,heap     ] GC(179) Humongous regions: 129->129
[2024-12-16T19:52:31.059+0700][gc,metaspace] GC(179) Metaspace: 43226K(43712K)->43226K(43712K) NonClass: 38332K(38592K)->38332K(38592K) Class: 4894K(5120K)->4894K(5120K)
[2024-12-16T19:52:31.059+0700][gc          ] GC(179) Pause Young (Normal) (G1 Evacuation Pause) 391M->350M(1024M) 72.020ms
[2024-12-16T19:52:31.059+0700][gc,cpu      ] GC(179) User=0.13s Sys=0.00s Real=0.07s
[2024-12-16T19:54:05.293+0700][gc,start    ] GC(180) Pause Young (Normal) (G1 Evacuation Pause)
[2024-12-16T19:54:05.294+0700][gc,task     ] GC(180) Using 2 workers of 2 for evacuation
[2024-12-16T19:54:05.344+0700][gc,mmu      ] GC(180) MMU target violated: 21.0ms (20.0ms/21.0ms)
[2024-12-16T19:54:05.344+0700][gc,phases   ] GC(180)   Pre Evacuate Collection Set: 4.0ms
[2024-12-16T19:54:05.344+0700][gc,phases   ] GC(180)   Merge Heap Roots: 0.9ms
[2024-12-16T19:54:05.344+0700][gc,phases   ] GC(180)   Evacuate Collection Set: 41.3ms
[2024-12-16T19:54:05.344+0700][gc,phases   ] GC(180)   Post Evacuate Collection Set: 3.7ms
[2024-12-16T19:54:05.344+0700][gc,phases   ] GC(180)   Other: 1.5ms
[2024-12-16T19:54:05.345+0700][gc,heap     ] GC(180) Eden regions: 46->0(48)
[2024-12-16T19:54:05.345+0700][gc,heap     ] GC(180) Survivor regions: 5->3(7)
[2024-12-16T19:54:05.345+0700][gc,heap     ] GC(180) Old regions: 216->218
[2024-12-16T19:54:05.345+0700][gc,heap     ] GC(180) Archive regions: 2->2
[2024-12-16T19:54:05.345+0700][gc,heap     ] GC(180) Humongous regions: 129->129
[2024-12-16T19:54:05.345+0700][gc,metaspace] GC(180) Metaspace: 43226K(43712K)->43226K(43712K) NonClass: 38332K(38592K)->38332K(38592K) Class: 4894K(5120K)->4894K(5120K)
[2024-12-16T19:54:05.345+0700][gc          ] GC(180) Pause Young (Normal) (G1 Evacuation Pause) 396M->350M(1024M) 51.405ms
[2024-12-16T19:54:05.345+0700][gc,cpu      ] GC(180) User=0.09s Sys=0.01s Real=0.06s
[2024-12-16T19:55:37.584+0700][gc,start    ] GC(181) Pause Young (Normal) (G1 Evacuation Pause)
[2024-12-16T19:55:37.585+0700][gc,task     ] GC(181) Using 2 workers of 2 for evacuation
[2024-12-16T19:55:37.635+0700][gc,mmu      ] GC(181) MMU target violated: 21.0ms (20.0ms/21.0ms)
[2024-12-16T19:55:37.635+0700][gc,phases   ] GC(181)   Pre Evacuate Collection Set: 2.8ms
[2024-12-16T19:55:37.635+0700][gc,phases   ] GC(181)   Merge Heap Roots: 1.3ms
[2024-12-16T19:55:37.635+0700][gc,phases   ] GC(181)   Evacuate Collection Set: 43.4ms
[2024-12-16T19:55:37.635+0700][gc,phases   ] GC(181)   Post Evacuate Collection Set: 2.4ms
[2024-12-16T19:55:37.636+0700][gc,phases   ] GC(181)   Other: 1.3ms
[2024-12-16T19:55:37.636+0700][gc,heap     ] GC(181) Eden regions: 48->0(44)
[2024-12-16T19:55:37.636+0700][gc,heap     ] GC(181) Survivor regions: 3->7(7)
[2024-12-16T19:55:37.636+0700][gc,heap     ] GC(181) Old regions: 218->218
[2024-12-16T19:55:37.636+0700][gc,heap     ] GC(181) Archive regions: 2->2
[2024-12-16T19:55:37.636+0700][gc,heap     ] GC(181) Humongous regions: 129->129
[2024-12-16T19:55:37.636+0700][gc,metaspace] GC(181) Metaspace: 43233K(43712K)->43233K(43712K) NonClass: 38339K(38592K)->38339K(38592K) Class: 4894K(5120K)->4894K(5120K)
[2024-12-16T19:55:37.636+0700][gc          ] GC(181) Pause Young (Normal) (G1 Evacuation Pause) 398M->354M(1024M) 51.433ms
[2024-12-16T19:55:37.636+0700][gc,cpu      ] GC(181) User=0.09s Sys=0.00s Real=0.04s
[2024-12-16T19:57:08.175+0700][gc,start    ] GC(182) Pause Young (Normal) (G1 Evacuation Pause)
[2024-12-16T19:57:08.175+0700][gc,task     ] GC(182) Using 2 workers of 2 for evacuation
[2024-12-16T19:57:08.242+0700][gc,mmu      ] GC(182) MMU target violated: 21.0ms (20.0ms/21.0ms)
[2024-12-16T19:57:08.242+0700][gc,phases   ] GC(182)   Pre Evacuate Collection Set: 2.7ms
[2024-12-16T19:57:08.242+0700][gc,phases   ] GC(182)   Merge Heap Roots: 0.6ms
[2024-12-16T19:57:08.242+0700][gc,phases   ] GC(182)   Evacuate Collection Set: 61.0ms
[2024-12-16T19:57:08.242+0700][gc,phases   ] GC(182)   Post Evacuate Collection Set: 2.0ms
[2024-12-16T19:57:08.242+0700][gc,phases   ] GC(182)   Other: 1.3ms
[2024-12-16T19:57:08.242+0700][gc,heap     ] GC(182) Eden regions: 44->0(46)
[2024-12-16T19:57:08.242+0700][gc,heap     ] GC(182) Survivor regions: 7->5(7)
[2024-12-16T19:57:08.242+0700][gc,heap     ] GC(182) Old regions: 218->223
[2024-12-16T19:57:08.242+0700][gc,heap     ] GC(182) Archive regions: 2->2
[2024-12-16T19:57:08.242+0700][gc,heap     ] GC(182) Humongous regions: 129->129
[2024-12-16T19:57:08.242+0700][gc,metaspace] GC(182) Metaspace: 43233K(43712K)->43233K(43712K) NonClass: 38339K(38592K)->38339K(38592K) Class: 4894K(5120K)->4894K(5120K)
[2024-12-16T19:57:08.242+0700][gc          ] GC(182) Pause Young (Normal) (G1 Evacuation Pause) 398M->357M(1024M) 67.595ms
[2024-12-16T19:57:08.242+0700][gc,cpu      ] GC(182) User=0.13s Sys=0.00s Real=0.07s
[2024-12-16T19:58:41.657+0700][gc,start    ] GC(183) Pause Young (Normal) (G1 Evacuation Pause)
[2024-12-16T19:58:41.657+0700][gc,task     ] GC(183) Using 2 workers of 2 for evacuation
[2024-12-16T19:58:41.706+0700][gc,mmu      ] GC(183) MMU target violated: 21.0ms (20.0ms/21.0ms)
[2024-12-16T19:58:41.706+0700][gc,phases   ] GC(183)   Pre Evacuate Collection Set: 4.2ms
[2024-12-16T19:58:41.706+0700][gc,phases   ] GC(183)   Merge Heap Roots: 0.6ms
[2024-12-16T19:58:41.706+0700][gc,phases   ] GC(183)   Evacuate Collection Set: 35.2ms
[2024-12-16T19:58:41.706+0700][gc,phases   ] GC(183)   Post Evacuate Collection Set: 8.2ms
[2024-12-16T19:58:41.706+0700][gc,phases   ] GC(183)   Other: 1.5ms
[2024-12-16T19:58:41.706+0700][gc,heap     ] GC(183) Eden regions: 46->0(48)
[2024-12-16T19:58:41.706+0700][gc,heap     ] GC(183) Survivor regions: 5->3(7)
[2024-12-16T19:58:41.706+0700][gc,heap     ] GC(183) Old regions: 223->226
[2024-12-16T19:58:41.706+0700][gc,heap     ] GC(183) Archive regions: 2->2
[2024-12-16T19:58:41.706+0700][gc,heap     ] GC(183) Humongous regions: 129->129
[2024-12-16T19:58:41.706+0700][gc,metaspace] GC(183) Metaspace: 43233K(43712K)->43233K(43712K) NonClass: 38339K(38592K)->38339K(38592K) Class: 4894K(5120K)->4894K(5120K)
[2024-12-16T19:58:41.706+0700][gc          ] GC(183) Pause Young (Normal) (G1 Evacuation Pause) 403M->358M(1024M) 49.448ms
[2024-12-16T19:58:41.706+0700][gc,cpu      ] GC(183) User=0.09s Sys=0.00s Real=0.05s
[2024-12-16T20:00:19.616+0700][gc,start    ] GC(184) Pause Young (Normal) (G1 Evacuation Pause)
[2024-12-16T20:00:19.616+0700][gc,task     ] GC(184) Using 2 workers of 2 for evacuation
[2024-12-16T20:00:19.670+0700][gc,mmu      ] GC(184) MMU target violated: 21.0ms (20.0ms/21.0ms)
[2024-12-16T20:00:19.670+0700][gc,phases   ] GC(184)   Pre Evacuate Collection Set: 3.5ms
[2024-12-16T20:00:19.670+0700][gc,phases   ] GC(184)   Merge Heap Roots: 0.6ms
[2024-12-16T20:00:19.670+0700][gc,phases   ] GC(184)   Evacuate Collection Set: 46.9ms
[2024-12-16T20:00:19.670+0700][gc,phases   ] GC(184)   Post Evacuate Collection Set: 2.3ms
[2024-12-16T20:00:19.670+0700][gc,phases   ] GC(184)   Other: 1.2ms
[2024-12-16T20:00:19.670+0700][gc,heap     ] GC(184) Eden regions: 48->0(44)
[2024-12-16T20:00:19.670+0700][gc,heap     ] GC(184) Survivor regions: 3->7(7)
[2024-12-16T20:00:19.670+0700][gc,heap     ] GC(184) Old regions: 226->226
[2024-12-16T20:00:19.670+0700][gc,heap     ] GC(184) Archive regions: 2->2
[2024-12-16T20:00:19.670+0700][gc,heap     ] GC(184) Humongous regions: 129->129
[2024-12-16T20:00:19.671+0700][gc,metaspace] GC(184) Metaspace: 43233K(43712K)->43233K(43712K) NonClass: 38339K(38592K)->38339K(38592K) Class: 4894K(5120K)->4894K(5120K)
[2024-12-16T20:00:19.671+0700][gc          ] GC(184) Pause Young (Normal) (G1 Evacuation Pause) 406M->361M(1024M) 54.613ms
[2024-12-16T20:00:19.671+0700][gc,cpu      ] GC(184) User=0.10s Sys=0.00s Real=0.06s
[2024-12-16T20:01:49.644+0700][gc,start    ] GC(185) Pause Young (Normal) (G1 Evacuation Pause)
[2024-12-16T20:01:49.644+0700][gc,task     ] GC(185) Using 2 workers of 2 for evacuation
[2024-12-16T20:01:49.711+0700][gc,mmu      ] GC(185) MMU target violated: 21.0ms (20.0ms/21.0ms)
[2024-12-16T20:01:49.712+0700][gc,phases   ] GC(185)   Pre Evacuate Collection Set: 2.6ms
[2024-12-16T20:01:49.712+0700][gc,phases   ] GC(185)   Merge Heap Roots: 0.9ms
[2024-12-16T20:01:49.712+0700][gc,phases   ] GC(185)   Evacuate Collection Set: 59.9ms
[2024-12-16T20:01:49.712+0700][gc,phases   ] GC(185)   Post Evacuate Collection Set: 3.4ms
[2024-12-16T20:01:49.712+0700][gc,phases   ] GC(185)   Other: 1.6ms
[2024-12-16T20:01:49.712+0700][gc,heap     ] GC(185) Eden regions: 44->0(46)
[2024-12-16T20:01:49.712+0700][gc,heap     ] GC(185) Survivor regions: 7->5(7)
[2024-12-16T20:01:49.712+0700][gc,heap     ] GC(185) Old regions: 226->230
[2024-12-16T20:01:49.712+0700][gc,heap     ] GC(185) Archive regions: 2->2
[2024-12-16T20:01:49.712+0700][gc,heap     ] GC(185) Humongous regions: 129->129
[2024-12-16T20:01:49.712+0700][gc,metaspace] GC(185) Metaspace: 43233K(43712K)->43233K(43712K) NonClass: 38339K(38592K)->38339K(38592K) Class: 4894K(5120K)->4894K(5120K)
[2024-12-16T20:01:49.712+0700][gc          ] GC(185) Pause Young (Normal) (G1 Evacuation Pause) 405M->364M(1024M) 68.298ms
[2024-12-16T20:01:49.712+0700][gc,cpu      ] GC(185) User=0.12s Sys=0.01s Real=0.07s
[2024-12-16T20:03:19.194+0700][gc,start    ] GC(186) Pause Young (Concurrent Start) (G1 Evacuation Pause)
[2024-12-16T20:03:19.195+0700][gc,task     ] GC(186) Using 2 workers of 2 for evacuation
[2024-12-16T20:03:19.241+0700][gc,mmu      ] GC(186) MMU target violated: 21.0ms (20.0ms/21.0ms)
[2024-12-16T20:03:19.241+0700][gc,phases   ] GC(186)   Pre Evacuate Collection Set: 4.2ms
[2024-12-16T20:03:19.241+0700][gc,phases   ] GC(186)   Merge Heap Roots: 0.8ms
[2024-12-16T20:03:19.241+0700][gc,phases   ] GC(186)   Evacuate Collection Set: 38.1ms
[2024-12-16T20:03:19.241+0700][gc,phases   ] GC(186)   Post Evacuate Collection Set: 2.1ms
[2024-12-16T20:03:19.241+0700][gc,phases   ] GC(186)   Other: 1.7ms
[2024-12-16T20:03:19.241+0700][gc,heap     ] GC(186) Eden regions: 46->0(48)
[2024-12-16T20:03:19.241+0700][gc,heap     ] GC(186) Survivor regions: 5->3(7)
[2024-12-16T20:03:19.241+0700][gc,heap     ] GC(186) Old regions: 230->233
[2024-12-16T20:03:19.241+0700][gc,heap     ] GC(186) Archive regions: 2->2
[2024-12-16T20:03:19.241+0700][gc,heap     ] GC(186) Humongous regions: 129->129
[2024-12-16T20:03:19.241+0700][gc,metaspace] GC(186) Metaspace: 43245K(43712K)->43245K(43712K) NonClass: 38350K(38592K)->38350K(38592K) Class: 4894K(5120K)->4894K(5120K)
[2024-12-16T20:03:19.241+0700][gc          ] GC(186) Pause Young (Concurrent Start) (G1 Evacuation Pause) 410M->365M(1024M) 46.783ms
[2024-12-16T20:03:19.241+0700][gc,cpu      ] GC(186) User=0.08s Sys=0.01s Real=0.05s
[2024-12-16T20:03:19.242+0700][gc          ] GC(187) Concurrent Mark Cycle
[2024-12-16T20:03:19.242+0700][gc,marking  ] GC(187) Concurrent Clear Claimed Marks
[2024-12-16T20:03:19.242+0700][gc,marking  ] GC(187) Concurrent Clear Claimed Marks 0.138ms
[2024-12-16T20:03:19.242+0700][gc,marking  ] GC(187) Concurrent Scan Root Regions
[2024-12-16T20:03:19.272+0700][gc,marking  ] GC(187) Concurrent Scan Root Regions 30.557ms
[2024-12-16T20:03:19.272+0700][gc,marking  ] GC(187) Concurrent Mark
[2024-12-16T20:03:19.272+0700][gc,marking  ] GC(187) Concurrent Mark From Roots
[2024-12-16T20:03:19.272+0700][gc,task     ] GC(187) Using 1 workers of 1 for marking
[2024-12-16T20:03:19.361+0700][gc,marking  ] GC(187) Concurrent Mark From Roots 88.906ms
[2024-12-16T20:03:19.361+0700][gc,marking  ] GC(187) Concurrent Preclean
[2024-12-16T20:03:19.362+0700][gc,marking  ] GC(187) Concurrent Preclean 0.280ms
[2024-12-16T20:03:19.362+0700][gc,start    ] GC(187) Pause Remark
[2024-12-16T20:03:19.383+0700][gc,mmu      ] GC(187) MMU target violated: 21.0ms (20.0ms/21.0ms)
[2024-12-16T20:03:19.383+0700][gc          ] GC(187) Pause Remark 366M->274M(1024M) 21.324ms
[2024-12-16T20:03:19.383+0700][gc,cpu      ] GC(187) User=0.04s Sys=0.00s Real=0.02s
[2024-12-16T20:03:19.383+0700][gc,marking  ] GC(187) Concurrent Mark 111.018ms
[2024-12-16T20:03:19.383+0700][gc,marking  ] GC(187) Concurrent Rebuild Remembered Sets
[2024-12-16T20:03:19.409+0700][gc,marking  ] GC(187) Concurrent Rebuild Remembered Sets 25.859ms
[2024-12-16T20:03:19.410+0700][gc,start    ] GC(187) Pause Cleanup
[2024-12-16T20:03:19.410+0700][gc          ] GC(187) Pause Cleanup 274M->274M(1024M) 0.488ms
[2024-12-16T20:03:19.410+0700][gc,cpu      ] GC(187) User=0.00s Sys=0.00s Real=0.00s
[2024-12-16T20:03:19.410+0700][gc,marking  ] GC(187) Concurrent Cleanup for Next Mark
[2024-12-16T20:03:19.439+0700][gc,marking  ] GC(187) Concurrent Cleanup for Next Mark 28.794ms
[2024-12-16T20:03:19.439+0700][gc          ] GC(187) Concurrent Mark Cycle 197.511ms
[2024-12-16T20:04:57.601+0700][gc,start    ] GC(188) Pause Young (Prepare Mixed) (G1 Evacuation Pause)
[2024-12-16T20:04:57.601+0700][gc,task     ] GC(188) Using 2 workers of 2 for evacuation
[2024-12-16T20:04:57.652+0700][gc,mmu      ] GC(188) MMU target violated: 21.0ms (20.0ms/21.0ms)
[2024-12-16T20:04:57.653+0700][gc,phases   ] GC(188)   Pre Evacuate Collection Set: 2.7ms
[2024-12-16T20:04:57.653+0700][gc,phases   ] GC(188)   Merge Heap Roots: 0.8ms
[2024-12-16T20:04:57.653+0700][gc,phases   ] GC(188)   Evacuate Collection Set: 43.0ms
[2024-12-16T20:04:57.653+0700][gc,phases   ] GC(188)   Post Evacuate Collection Set: 4.2ms
[2024-12-16T20:04:57.653+0700][gc,phases   ] GC(188)   Other: 1.5ms
[2024-12-16T20:04:57.653+0700][gc,heap     ] GC(188) Eden regions: 48->0(44)
[2024-12-16T20:04:57.653+0700][gc,heap     ] GC(188) Survivor regions: 3->7(7)
[2024-12-16T20:04:57.653+0700][gc,heap     ] GC(188) Old regions: 141->141
[2024-12-16T20:04:57.653+0700][gc,heap     ] GC(188) Archive regions: 2->2
[2024-12-16T20:04:57.653+0700][gc,heap     ] GC(188) Humongous regions: 129->129
[2024-12-16T20:04:57.653+0700][gc,metaspace] GC(188) Metaspace: 43245K(43712K)->43245K(43712K) NonClass: 38350K(38592K)->38350K(38592K) Class: 4894K(5120K)->4894K(5120K)
[2024-12-16T20:04:57.653+0700][gc          ] GC(188) Pause Young (Prepare Mixed) (G1 Evacuation Pause) 321M->276M(1024M) 52.222ms
[2024-12-16T20:04:57.653+0700][gc,cpu      ] GC(188) User=0.09s Sys=0.00s Real=0.05s
[2024-12-16T20:06:27.845+0700][gc,start    ] GC(189) Pause Young (Mixed) (G1 Evacuation Pause)
[2024-12-16T20:06:27.845+0700][gc,task     ] GC(189) Using 2 workers of 2 for evacuation
[2024-12-16T20:06:27.902+0700][gc,mmu      ] GC(189) MMU target violated: 21.0ms (20.0ms/21.0ms)
[2024-12-16T20:06:27.902+0700][gc,phases   ] GC(189)   Pre Evacuate Collection Set: 2.4ms
[2024-12-16T20:06:27.902+0700][gc,phases   ] GC(189)   Merge Heap Roots: 0.6ms
[2024-12-16T20:06:27.902+0700][gc,phases   ] GC(189)   Evacuate Collection Set: 50.9ms
[2024-12-16T20:06:27.902+0700][gc,phases   ] GC(189)   Post Evacuate Collection Set: 1.9ms
[2024-12-16T20:06:27.902+0700][gc,phases   ] GC(189)   Other: 1.1ms
[2024-12-16T20:06:27.902+0700][gc,heap     ] GC(189) Eden regions: 44->0(46)
[2024-12-16T20:06:27.902+0700][gc,heap     ] GC(189) Survivor regions: 7->5(7)
[2024-12-16T20:06:27.902+0700][gc,heap     ] GC(189) Old regions: 141->136
[2024-12-16T20:06:27.902+0700][gc,heap     ] GC(189) Archive regions: 2->2
[2024-12-16T20:06:27.902+0700][gc,heap     ] GC(189) Humongous regions: 129->129
[2024-12-16T20:06:27.902+0700][gc,metaspace] GC(189) Metaspace: 43246K(43712K)->43246K(43712K) NonClass: 38351K(38592K)->38351K(38592K) Class: 4894K(5120K)->4894K(5120K)
[2024-12-16T20:06:27.902+0700][gc          ] GC(189) Pause Young (Mixed) (G1 Evacuation Pause) 320M->270M(1024M) 56.983ms
[2024-12-16T20:06:27.902+0700][gc,cpu      ] GC(189) User=0.11s Sys=0.00s Real=0.05s
[2024-12-16T20:08:01.301+0700][gc,start    ] GC(190) Pause Young (Mixed) (G1 Evacuation Pause)
[2024-12-16T20:08:01.302+0700][gc,task     ] GC(190) Using 2 workers of 2 for evacuation
[2024-12-16T20:08:01.350+0700][gc,mmu      ] GC(190) MMU target violated: 21.0ms (20.0ms/21.0ms)
[2024-12-16T20:08:01.350+0700][gc,phases   ] GC(190)   Pre Evacuate Collection Set: 3.5ms
[2024-12-16T20:08:01.350+0700][gc,phases   ] GC(190)   Merge Heap Roots: 1.3ms
[2024-12-16T20:08:01.350+0700][gc,phases   ] GC(190)   Evacuate Collection Set: 39.8ms
[2024-12-16T20:08:01.350+0700][gc,phases   ] GC(190)   Post Evacuate Collection Set: 2.8ms
[2024-12-16T20:08:01.350+0700][gc,phases   ] GC(190)   Other: 1.4ms
[2024-12-16T20:08:01.350+0700][gc,heap     ] GC(190) Eden regions: 46->0(48)
[2024-12-16T20:08:01.350+0700][gc,heap     ] GC(190) Survivor regions: 5->3(7)
[2024-12-16T20:08:01.350+0700][gc,heap     ] GC(190) Old regions: 136->130
[2024-12-16T20:08:01.350+0700][gc,heap     ] GC(190) Archive regions: 2->2
[2024-12-16T20:08:01.350+0700][gc,heap     ] GC(190) Humongous regions: 129->129
[2024-12-16T20:08:01.350+0700][gc,metaspace] GC(190) Metaspace: 43246K(43712K)->43246K(43712K) NonClass: 38351K(38592K)->38351K(38592K) Class: 4894K(5120K)->4894K(5120K)
[2024-12-16T20:08:01.350+0700][gc          ] GC(190) Pause Young (Mixed) (G1 Evacuation Pause) 316M->262M(1024M) 48.644ms
[2024-12-16T20:08:01.350+0700][gc,cpu      ] GC(190) User=0.09s Sys=0.00s Real=0.05s
[2024-12-16T20:09:36.834+0700][gc,start    ] GC(191) Pause Young (Mixed) (G1 Evacuation Pause)
[2024-12-16T20:09:36.834+0700][gc,task     ] GC(191) Using 2 workers of 2 for evacuation
[2024-12-16T20:09:36.890+0700][gc,mmu      ] GC(191) MMU target violated: 21.0ms (20.0ms/21.0ms)
[2024-12-16T20:09:36.890+0700][gc,phases   ] GC(191)   Pre Evacuate Collection Set: 2.5ms
[2024-12-16T20:09:36.890+0700][gc,phases   ] GC(191)   Merge Heap Roots: 0.7ms
[2024-12-16T20:09:36.890+0700][gc,phases   ] GC(191)   Evacuate Collection Set: 48.7ms
[2024-12-16T20:09:36.890+0700][gc,phases   ] GC(191)   Post Evacuate Collection Set: 3.0ms
[2024-12-16T20:09:36.890+0700][gc,phases   ] GC(191)   Other: 1.2ms
[2024-12-16T20:09:36.890+0700][gc,heap     ] GC(191) Eden regions: 48->0(44)
[2024-12-16T20:09:36.890+0700][gc,heap     ] GC(191) Survivor regions: 3->7(7)
[2024-12-16T20:09:36.890+0700][gc,heap     ] GC(191) Old regions: 130->121
[2024-12-16T20:09:36.890+0700][gc,heap     ] GC(191) Archive regions: 2->2
[2024-12-16T20:09:36.890+0700][gc,heap     ] GC(191) Humongous regions: 129->129
[2024-12-16T20:09:36.890+0700][gc,metaspace] GC(191) Metaspace: 43250K(43712K)->43250K(43712K) NonClass: 38356K(38592K)->38356K(38592K) Class: 4894K(5120K)->4894K(5120K)
[2024-12-16T20:09:36.890+0700][gc          ] GC(191) Pause Young (Mixed) (G1 Evacuation Pause) 310M->257M(1024M) 56.241ms
[2024-12-16T20:09:36.890+0700][gc,cpu      ] GC(191) User=0.11s Sys=0.00s Real=0.06s
[2024-12-16T20:11:03.653+0700][gc,start    ] GC(192) Pause Young (Mixed) (G1 Evacuation Pause)
[2024-12-16T20:11:03.653+0700][gc,task     ] GC(192) Using 2 workers of 2 for evacuation
[2024-12-16T20:11:03.719+0700][gc,mmu      ] GC(192) MMU target violated: 21.0ms (20.0ms/21.0ms)
[2024-12-16T20:11:03.719+0700][gc,phases   ] GC(192)   Pre Evacuate Collection Set: 4.1ms
[2024-12-16T20:11:03.719+0700][gc,phases   ] GC(192)   Merge Heap Roots: 0.6ms
[2024-12-16T20:11:03.719+0700][gc,phases   ] GC(192)   Evacuate Collection Set: 56.7ms
[2024-12-16T20:11:03.719+0700][gc,phases   ] GC(192)   Post Evacuate Collection Set: 3.5ms
[2024-12-16T20:11:03.719+0700][gc,phases   ] GC(192)   Other: 0.9ms
[2024-12-16T20:11:03.719+0700][gc,heap     ] GC(192) Eden regions: 44->0(46)
[2024-12-16T20:11:03.719+0700][gc,heap     ] GC(192) Survivor regions: 7->5(7)
[2024-12-16T20:11:03.719+0700][gc,heap     ] GC(192) Old regions: 121->117
[2024-12-16T20:11:03.719+0700][gc,heap     ] GC(192) Archive regions: 2->2
[2024-12-16T20:11:03.719+0700][gc,heap     ] GC(192) Humongous regions: 129->129
[2024-12-16T20:11:03.719+0700][gc,metaspace] GC(192) Metaspace: 43259K(43776K)->43259K(43776K) NonClass: 38365K(38656K)->38365K(38656K) Class: 4894K(5120K)->4894K(5120K)
[2024-12-16T20:11:03.719+0700][gc          ] GC(192) Pause Young (Mixed) (G1 Evacuation Pause) 301M->251M(1024M) 65.859ms
[2024-12-16T20:11:03.719+0700][gc,cpu      ] GC(192) User=0.12s Sys=0.00s Real=0.07s
[2024-12-16T20:12:37.766+0700][gc,start    ] GC(193) Pause Young (Mixed) (G1 Evacuation Pause)
[2024-12-16T20:12:37.767+0700][gc,task     ] GC(193) Using 2 workers of 2 for evacuation
[2024-12-16T20:12:37.807+0700][gc,mmu      ] GC(193) MMU target violated: 21.0ms (20.0ms/21.0ms)
[2024-12-16T20:12:37.807+0700][gc,phases   ] GC(193)   Pre Evacuate Collection Set: 2.8ms
[2024-12-16T20:12:37.807+0700][gc,phases   ] GC(193)   Merge Heap Roots: 1.3ms
[2024-12-16T20:12:37.807+0700][gc,phases   ] GC(193)   Evacuate Collection Set: 33.2ms
[2024-12-16T20:12:37.807+0700][gc,phases   ] GC(193)   Post Evacuate Collection Set: 2.1ms
[2024-12-16T20:12:37.807+0700][gc,phases   ] GC(193)   Other: 1.4ms
[2024-12-16T20:12:37.807+0700][gc,heap     ] GC(193) Eden regions: 46->0(47)
[2024-12-16T20:12:37.807+0700][gc,heap     ] GC(193) Survivor regions: 5->4(7)
[2024-12-16T20:12:37.807+0700][gc,heap     ] GC(193) Old regions: 117->110
[2024-12-16T20:12:37.807+0700][gc,heap     ] GC(193) Archive regions: 2->2
[2024-12-16T20:12:37.807+0700][gc,heap     ] GC(193) Humongous regions: 129->129
[2024-12-16T20:12:37.807+0700][gc,metaspace] GC(193) Metaspace: 43259K(43776K)->43259K(43776K) NonClass: 38365K(38656K)->38365K(38656K) Class: 4894K(5120K)->4894K(5120K)
[2024-12-16T20:12:37.807+0700][gc          ] GC(193) Pause Young (Mixed) (G1 Evacuation Pause) 297M->243M(1024M) 40.672ms
[2024-12-16T20:12:37.807+0700][gc,cpu      ] GC(193) User=0.08s Sys=0.00s Real=0.04s
[2024-12-16T20:14:14.183+0700][gc,start    ] GC(194) Pause Young (Mixed) (G1 Evacuation Pause)
[2024-12-16T20:14:14.184+0700][gc,task     ] GC(194) Using 2 workers of 2 for evacuation
[2024-12-16T20:14:14.245+0700][gc,mmu      ] GC(194) MMU target violated: 21.0ms (20.0ms/21.0ms)
[2024-12-16T20:14:14.246+0700][gc,phases   ] GC(194)   Pre Evacuate Collection Set: 2.8ms
[2024-12-16T20:14:14.246+0700][gc,phases   ] GC(194)   Merge Heap Roots: 1.4ms
[2024-12-16T20:14:14.246+0700][gc,phases   ] GC(194)   Evacuate Collection Set: 54.0ms
[2024-12-16T20:14:14.246+0700][gc,phases   ] GC(194)   Post Evacuate Collection Set: 3.3ms
[2024-12-16T20:14:14.246+0700][gc,phases   ] GC(194)   Other: 1.5ms
[2024-12-16T20:14:14.246+0700][gc,heap     ] GC(194) Eden regions: 47->0(44)
[2024-12-16T20:14:14.246+0700][gc,heap     ] GC(194) Survivor regions: 4->7(7)
[2024-12-16T20:14:14.246+0700][gc,heap     ] GC(194) Old regions: 110->102
[2024-12-16T20:14:14.246+0700][gc,heap     ] GC(194) Archive regions: 2->2
[2024-12-16T20:14:14.246+0700][gc,heap     ] GC(194) Humongous regions: 129->129
[2024-12-16T20:14:14.246+0700][gc,metaspace] GC(194) Metaspace: 43259K(43776K)->43259K(43776K) NonClass: 38365K(38656K)->38365K(38656K) Class: 4894K(5120K)->4894K(5120K)
[2024-12-16T20:14:14.246+0700][gc          ] GC(194) Pause Young (Mixed) (G1 Evacuation Pause) 290M->237M(1024M) 62.922ms
[2024-12-16T20:14:14.246+0700][gc,cpu      ] GC(194) User=0.12s Sys=0.00s Real=0.07s
[2024-12-16T20:15:44.050+0700][gc,start    ] GC(195) Pause Young (Mixed) (G1 Evacuation Pause)
[2024-12-16T20:15:44.050+0700][gc,task     ] GC(195) Using 2 workers of 2 for evacuation
[2024-12-16T20:15:44.118+0700][gc,mmu      ] GC(195) MMU target violated: 21.0ms (20.0ms/21.0ms)
[2024-12-16T20:15:44.118+0700][gc,phases   ] GC(195)   Pre Evacuate Collection Set: 2.6ms
[2024-12-16T20:15:44.118+0700][gc,phases   ] GC(195)   Merge Heap Roots: 1.6ms
[2024-12-16T20:15:44.118+0700][gc,phases   ] GC(195)   Evacuate Collection Set: 60.0ms
[2024-12-16T20:15:44.118+0700][gc,phases   ] GC(195)   Post Evacuate Collection Set: 3.0ms
[2024-12-16T20:15:44.118+0700][gc,phases   ] GC(195)   Other: 1.3ms
[2024-12-16T20:15:44.118+0700][gc,heap     ] GC(195) Eden regions: 44->0(46)
[2024-12-16T20:15:44.118+0700][gc,heap     ] GC(195) Survivor regions: 7->5(7)
[2024-12-16T20:15:44.118+0700][gc,heap     ] GC(195) Old regions: 102->97
[2024-12-16T20:15:44.118+0700][gc,heap     ] GC(195) Archive regions: 2->2
[2024-12-16T20:15:44.118+0700][gc,heap     ] GC(195) Humongous regions: 129->129
[2024-12-16T20:15:44.118+0700][gc,metaspace] GC(195) Metaspace: 43259K(43776K)->43259K(43776K) NonClass: 38365K(38656K)->38365K(38656K) Class: 4894K(5120K)->4894K(5120K)
[2024-12-16T20:15:44.118+0700][gc          ] GC(195) Pause Young (Mixed) (G1 Evacuation Pause) 281M->231M(1024M) 68.453ms
[2024-12-16T20:15:44.118+0700][gc,cpu      ] GC(195) User=0.13s Sys=0.00s Real=0.07s
[2024-12-16T20:17:14.508+0700][gc,start    ] GC(196) Pause Young (Mixed) (G1 Evacuation Pause)
[2024-12-16T20:17:14.509+0700][gc,task     ] GC(196) Using 2 workers of 2 for evacuation
[2024-12-16T20:17:14.557+0700][gc,mmu      ] GC(196) MMU target violated: 21.0ms (20.0ms/21.0ms)
[2024-12-16T20:17:14.558+0700][gc,phases   ] GC(196)   Pre Evacuate Collection Set: 2.5ms
[2024-12-16T20:17:14.558+0700][gc,phases   ] GC(196)   Merge Heap Roots: 0.9ms
[2024-12-16T20:17:14.558+0700][gc,phases   ] GC(196)   Evacuate Collection Set: 41.8ms
[2024-12-16T20:17:14.558+0700][gc,phases   ] GC(196)   Post Evacuate Collection Set: 3.3ms
[2024-12-16T20:17:14.558+0700][gc,phases   ] GC(196)   Other: 1.1ms
[2024-12-16T20:17:14.558+0700][gc,heap     ] GC(196) Eden regions: 46->0(47)
[2024-12-16T20:17:14.558+0700][gc,heap     ] GC(196) Survivor regions: 5->4(7)
[2024-12-16T20:17:14.558+0700][gc,heap     ] GC(196) Old regions: 97->95
[2024-12-16T20:17:14.558+0700][gc,heap     ] GC(196) Archive regions: 2->2
[2024-12-16T20:17:14.558+0700][gc,heap     ] GC(196) Humongous regions: 129->129
[2024-12-16T20:17:14.558+0700][gc,metaspace] GC(196) Metaspace: 43277K(43840K)->43277K(43840K) NonClass: 38382K(38720K)->38382K(38720K) Class: 4894K(5120K)->4894K(5120K)
[2024-12-16T20:17:14.558+0700][gc          ] GC(196) Pause Young (Mixed) (G1 Evacuation Pause) 277M->227M(1024M) 49.511ms
[2024-12-16T20:17:14.558+0700][gc,cpu      ] GC(196) User=0.09s Sys=0.00s Real=0.05s
[2024-12-16T20:18:51.014+0700][gc,start    ] GC(197) Pause Young (Normal) (G1 Evacuation Pause)
[2024-12-16T20:18:51.014+0700][gc,task     ] GC(197) Using 2 workers of 2 for evacuation
[2024-12-16T20:18:51.061+0700][gc,mmu      ] GC(197) MMU target violated: 21.0ms (20.0ms/21.0ms)
[2024-12-16T20:18:51.061+0700][gc,phases   ] GC(197)   Pre Evacuate Collection Set: 2.9ms
[2024-12-16T20:18:51.061+0700][gc,phases   ] GC(197)   Merge Heap Roots: 0.9ms
[2024-12-16T20:18:51.061+0700][gc,phases   ] GC(197)   Evacuate Collection Set: 39.1ms
[2024-12-16T20:18:51.061+0700][gc,phases   ] GC(197)   Post Evacuate Collection Set: 2.8ms
[2024-12-16T20:18:51.061+0700][gc,phases   ] GC(197)   Other: 1.4ms
[2024-12-16T20:18:51.061+0700][gc,heap     ] GC(197) Eden regions: 47->0(44)
[2024-12-16T20:18:51.061+0700][gc,heap     ] GC(197) Survivor regions: 4->7(7)
[2024-12-16T20:18:51.061+0700][gc,heap     ] GC(197) Old regions: 95->95
[2024-12-16T20:18:51.061+0700][gc,heap     ] GC(197) Archive regions: 2->2
[2024-12-16T20:18:51.061+0700][gc,heap     ] GC(197) Humongous regions: 129->129
[2024-12-16T20:18:51.061+0700][gc,metaspace] GC(197) Metaspace: 43277K(43840K)->43277K(43840K) NonClass: 38382K(38720K)->38382K(38720K) Class: 4894K(5120K)->4894K(5120K)
[2024-12-16T20:18:51.061+0700][gc          ] GC(197) Pause Young (Normal) (G1 Evacuation Pause) 274M->230M(1024M) 47.058ms
[2024-12-16T20:18:51.061+0700][gc,cpu      ] GC(197) User=0.09s Sys=0.00s Real=0.05s
[2024-12-16T20:20:20.976+0700][gc,start    ] GC(198) Pause Young (Normal) (G1 Evacuation Pause)
[2024-12-16T20:20:20.976+0700][gc,task     ] GC(198) Using 2 workers of 2 for evacuation
[2024-12-16T20:20:21.039+0700][gc,mmu      ] GC(198) MMU target violated: 21.0ms (20.0ms/21.0ms)
[2024-12-16T20:20:21.040+0700][gc,phases   ] GC(198)   Pre Evacuate Collection Set: 3.9ms
[2024-12-16T20:20:21.040+0700][gc,phases   ] GC(198)   Merge Heap Roots: 0.9ms
[2024-12-16T20:20:21.040+0700][gc,phases   ] GC(198)   Evacuate Collection Set: 55.7ms
[2024-12-16T20:20:21.040+0700][gc,phases   ] GC(198)   Post Evacuate Collection Set: 2.6ms
[2024-12-16T20:20:21.040+0700][gc,phases   ] GC(198)   Other: 1.4ms
[2024-12-16T20:20:21.040+0700][gc,heap     ] GC(198) Eden regions: 44->0(46)
[2024-12-16T20:20:21.040+0700][gc,heap     ] GC(198) Survivor regions: 7->5(7)
[2024-12-16T20:20:21.040+0700][gc,heap     ] GC(198) Old regions: 95->99
[2024-12-16T20:20:21.040+0700][gc,heap     ] GC(198) Archive regions: 2->2
[2024-12-16T20:20:21.040+0700][gc,heap     ] GC(198) Humongous regions: 129->129
[2024-12-16T20:20:21.040+0700][gc,metaspace] GC(198) Metaspace: 43277K(43840K)->43277K(43840K) NonClass: 38382K(38720K)->38382K(38720K) Class: 4894K(5120K)->4894K(5120K)
[2024-12-16T20:20:21.040+0700][gc          ] GC(198) Pause Young (Normal) (G1 Evacuation Pause) 274M->233M(1024M) 64.370ms
[2024-12-16T20:20:21.040+0700][gc,cpu      ] GC(198) User=0.12s Sys=0.00s Real=0.07s
[2024-12-16T20:21:54.874+0700][gc,start    ] GC(199) Pause Young (Normal) (G1 Evacuation Pause)
[2024-12-16T20:21:54.874+0700][gc,task     ] GC(199) Using 2 workers of 2 for evacuation
[2024-12-16T20:21:54.922+0700][gc,mmu      ] GC(199) MMU target violated: 21.0ms (20.0ms/21.0ms)
[2024-12-16T20:21:54.922+0700][gc,phases   ] GC(199)   Pre Evacuate Collection Set: 2.4ms
[2024-12-16T20:21:54.922+0700][gc,phases   ] GC(199)   Merge Heap Roots: 1.1ms
[2024-12-16T20:21:54.922+0700][gc,phases   ] GC(199)   Evacuate Collection Set: 39.6ms
[2024-12-16T20:21:54.922+0700][gc,phases   ] GC(199)   Post Evacuate Collection Set: 3.7ms
[2024-12-16T20:21:54.922+0700][gc,phases   ] GC(199)   Other: 1.1ms
[2024-12-16T20:21:54.922+0700][gc,heap     ] GC(199) Eden regions: 46->0(48)
[2024-12-16T20:21:54.922+0700][gc,heap     ] GC(199) Survivor regions: 5->3(7)
[2024-12-16T20:21:54.922+0700][gc,heap     ] GC(199) Old regions: 99->102
[2024-12-16T20:21:54.922+0700][gc,heap     ] GC(199) Archive regions: 2->2
[2024-12-16T20:21:54.922+0700][gc,heap     ] GC(199) Humongous regions: 129->129
[2024-12-16T20:21:54.922+0700][gc,metaspace] GC(199) Metaspace: 43277K(43840K)->43277K(43840K) NonClass: 38382K(38720K)->38382K(38720K) Class: 4894K(5120K)->4894K(5120K)
[2024-12-16T20:21:54.922+0700][gc          ] GC(199) Pause Young (Normal) (G1 Evacuation Pause) 279M->234M(1024M) 47.928ms
[2024-12-16T20:21:54.922+0700][gc,cpu      ] GC(199) User=0.09s Sys=0.00s Real=0.05s
[2024-12-16T20:23:33.388+0700][gc,start    ] GC(200) Pause Young (Normal) (G1 Evacuation Pause)
[2024-12-16T20:23:33.388+0700][gc,task     ] GC(200) Using 2 workers of 2 for evacuation
[2024-12-16T20:23:33.435+0700][gc,mmu      ] GC(200) MMU target violated: 21.0ms (20.0ms/21.0ms)
[2024-12-16T20:23:33.435+0700][gc,phases   ] GC(200)   Pre Evacuate Collection Set: 2.8ms
[2024-12-16T20:23:33.435+0700][gc,phases   ] GC(200)   Merge Heap Roots: 0.9ms
[2024-12-16T20:23:33.435+0700][gc,phases   ] GC(200)   Evacuate Collection Set: 38.9ms
[2024-12-16T20:23:33.435+0700][gc,phases   ] GC(200)   Post Evacuate Collection Set: 3.6ms
[2024-12-16T20:23:33.435+0700][gc,phases   ] GC(200)   Other: 1.6ms
[2024-12-16T20:23:33.435+0700][gc,heap     ] GC(200) Eden regions: 48->0(44)
[2024-12-16T20:23:33.435+0700][gc,heap     ] GC(200) Survivor regions: 3->7(7)
[2024-12-16T20:23:33.435+0700][gc,heap     ] GC(200) Old regions: 102->102
[2024-12-16T20:23:33.435+0700][gc,heap     ] GC(200) Archive regions: 2->2
[2024-12-16T20:23:33.435+0700][gc,heap     ] GC(200) Humongous regions: 129->129
[2024-12-16T20:23:33.435+0700][gc,metaspace] GC(200) Metaspace: 43277K(43840K)->43277K(43840K) NonClass: 38382K(38720K)->38382K(38720K) Class: 4894K(5120K)->4894K(5120K)
[2024-12-16T20:23:33.436+0700][gc          ] GC(200) Pause Young (Normal) (G1 Evacuation Pause) 282M->237M(1024M) 47.813ms
[2024-12-16T20:23:33.436+0700][gc,cpu      ] GC(200) User=0.09s Sys=0.01s Real=0.04s
[2024-12-16T20:25:02.862+0700][gc,start    ] GC(201) Pause Young (Normal) (G1 Evacuation Pause)
[2024-12-16T20:25:02.863+0700][gc,task     ] GC(201) Using 2 workers of 2 for evacuation
[2024-12-16T20:25:02.926+0700][gc,mmu      ] GC(201) MMU target violated: 21.0ms (20.0ms/21.0ms)
[2024-12-16T20:25:02.926+0700][gc,phases   ] GC(201)   Pre Evacuate Collection Set: 4.1ms
[2024-12-16T20:25:02.926+0700][gc,phases   ] GC(201)   Merge Heap Roots: 0.6ms
[2024-12-16T20:25:02.926+0700][gc,phases   ] GC(201)   Evacuate Collection Set: 55.8ms
[2024-12-16T20:25:02.926+0700][gc,phases   ] GC(201)   Post Evacuate Collection Set: 2.2ms
[2024-12-16T20:25:02.926+0700][gc,phases   ] GC(201)   Other: 1.4ms
[2024-12-16T20:25:02.926+0700][gc,heap     ] GC(201) Eden regions: 44->0(45)
[2024-12-16T20:25:02.926+0700][gc,heap     ] GC(201) Survivor regions: 7->6(7)
[2024-12-16T20:25:02.926+0700][gc,heap     ] GC(201) Old regions: 102->106
[2024-12-16T20:25:02.926+0700][gc,heap     ] GC(201) Archive regions: 2->2
[2024-12-16T20:25:02.926+0700][gc,heap     ] GC(201) Humongous regions: 129->129
[2024-12-16T20:25:02.926+0700][gc,metaspace] GC(201) Metaspace: 43277K(43840K)->43277K(43840K) NonClass: 38382K(38720K)->38382K(38720K) Class: 4894K(5120K)->4894K(5120K)
[2024-12-16T20:25:02.926+0700][gc          ] GC(201) Pause Young (Normal) (G1 Evacuation Pause) 281M->241M(1024M) 64.091ms
[2024-12-16T20:25:02.926+0700][gc,cpu      ] GC(201) User=0.12s Sys=0.00s Real=0.07s
[2024-12-16T20:26:29.521+0700][gc,start    ] GC(202) Pause Young (Normal) (G1 Evacuation Pause)
[2024-12-16T20:26:29.521+0700][gc,task     ] GC(202) Using 2 workers of 2 for evacuation
[2024-12-16T20:26:29.560+0700][gc,mmu      ] GC(202) MMU target violated: 21.0ms (20.0ms/21.0ms)
[2024-12-16T20:26:29.560+0700][gc,phases   ] GC(202)   Pre Evacuate Collection Set: 2.4ms
[2024-12-16T20:26:29.560+0700][gc,phases   ] GC(202)   Merge Heap Roots: 0.7ms
[2024-12-16T20:26:29.560+0700][gc,phases   ] GC(202)   Evacuate Collection Set: 32.3ms
[2024-12-16T20:26:29.560+0700][gc,phases   ] GC(202)   Post Evacuate Collection Set: 3.1ms
[2024-12-16T20:26:29.560+0700][gc,phases   ] GC(202)   Other: 1.4ms
[2024-12-16T20:26:29.560+0700][gc,heap     ] GC(202) Eden regions: 45->0(47)
[2024-12-16T20:26:29.560+0700][gc,heap     ] GC(202) Survivor regions: 6->4(7)
[2024-12-16T20:26:29.560+0700][gc,heap     ] GC(202) Old regions: 106->109
[2024-12-16T20:26:29.560+0700][gc,heap     ] GC(202) Archive regions: 2->2
[2024-12-16T20:26:29.560+0700][gc,heap     ] GC(202) Humongous regions: 129->129
[2024-12-16T20:26:29.560+0700][gc,metaspace] GC(202) Metaspace: 43279K(43840K)->43279K(43840K) NonClass: 38384K(38720K)->38384K(38720K) Class: 4894K(5120K)->4894K(5120K)
[2024-12-16T20:26:29.560+0700][gc          ] GC(202) Pause Young (Normal) (G1 Evacuation Pause) 286M->241M(1024M) 39.892ms
[2024-12-16T20:26:29.560+0700][gc,cpu      ] GC(202) User=0.07s Sys=0.00s Real=0.04s
[2024-12-16T20:28:01.833+0700][gc,start    ] GC(203) Pause Young (Normal) (G1 Evacuation Pause)
[2024-12-16T20:28:01.834+0700][gc,task     ] GC(203) Using 2 workers of 2 for evacuation
[2024-12-16T20:28:01.889+0700][gc,mmu      ] GC(203) MMU target violated: 21.0ms (20.0ms/21.0ms)
[2024-12-16T20:28:01.889+0700][gc,phases   ] GC(203)   Pre Evacuate Collection Set: 3.7ms
[2024-12-16T20:28:01.889+0700][gc,phases   ] GC(203)   Merge Heap Roots: 0.7ms
[2024-12-16T20:28:01.889+0700][gc,phases   ] GC(203)   Evacuate Collection Set: 47.8ms
[2024-12-16T20:28:01.889+0700][gc,phases   ] GC(203)   Post Evacuate Collection Set: 2.5ms
[2024-12-16T20:28:01.889+0700][gc,phases   ] GC(203)   Other: 1.1ms
[2024-12-16T20:28:01.889+0700][gc,heap     ] GC(203) Eden regions: 47->0(44)
[2024-12-16T20:28:01.889+0700][gc,heap     ] GC(203) Survivor regions: 4->7(7)
[2024-12-16T20:28:01.889+0700][gc,heap     ] GC(203) Old regions: 109->109
[2024-12-16T20:28:01.889+0700][gc,heap     ] GC(203) Archive regions: 2->2
[2024-12-16T20:28:01.889+0700][gc,heap     ] GC(203) Humongous regions: 129->129
[2024-12-16T20:28:01.889+0700][gc,metaspace] GC(203) Metaspace: 43281K(43840K)->43281K(43840K) NonClass: 38386K(38720K)->38386K(38720K) Class: 4894K(5120K)->4894K(5120K)
[2024-12-16T20:28:01.889+0700][gc          ] GC(203) Pause Young (Normal) (G1 Evacuation Pause) 288M->245M(1024M) 55.845ms
[2024-12-16T20:28:01.889+0700][gc,cpu      ] GC(203) User=0.10s Sys=0.00s Real=0.06s
[2024-12-16T20:29:26.882+0700][gc,start    ] GC(204) Pause Young (Normal) (G1 Evacuation Pause)
[2024-12-16T20:29:26.882+0700][gc,task     ] GC(204) Using 2 workers of 2 for evacuation
[2024-12-16T20:29:26.931+0700][gc,mmu      ] GC(204) MMU target violated: 21.0ms (20.0ms/21.0ms)
[2024-12-16T20:29:26.931+0700][gc,phases   ] GC(204)   Pre Evacuate Collection Set: 3.2ms
[2024-12-16T20:29:26.931+0700][gc,phases   ] GC(204)   Merge Heap Roots: 0.6ms
[2024-12-16T20:29:26.931+0700][gc,phases   ] GC(204)   Evacuate Collection Set: 41.3ms
[2024-12-16T20:29:26.931+0700][gc,phases   ] GC(204)   Post Evacuate Collection Set: 3.2ms
[2024-12-16T20:29:26.931+0700][gc,phases   ] GC(204)   Other: 1.3ms
[2024-12-16T20:29:26.931+0700][gc,heap     ] GC(204) Eden regions: 44->0(47)
[2024-12-16T20:29:26.931+0700][gc,heap     ] GC(204) Survivor regions: 7->4(7)
[2024-12-16T20:29:26.931+0700][gc,heap     ] GC(204) Old regions: 109->113
[2024-12-16T20:29:26.931+0700][gc,heap     ] GC(204) Archive regions: 2->2
[2024-12-16T20:29:26.931+0700][gc,heap     ] GC(204) Humongous regions: 129->129
[2024-12-16T20:29:26.931+0700][gc,metaspace] GC(204) Metaspace: 43282K(43840K)->43282K(43840K) NonClass: 38387K(38720K)->38387K(38720K) Class: 4894K(5120K)->4894K(5120K)
[2024-12-16T20:29:26.931+0700][gc          ] GC(204) Pause Young (Normal) (G1 Evacuation Pause) 289M->246M(1024M) 49.450ms
[2024-12-16T20:29:26.931+0700][gc,cpu      ] GC(204) User=0.09s Sys=0.00s Real=0.05s
[2024-12-16T20:30:57.790+0700][gc,start    ] GC(205) Pause Young (Normal) (G1 Evacuation Pause)
[2024-12-16T20:30:57.790+0700][gc,task     ] GC(205) Using 2 workers of 2 for evacuation
[2024-12-16T20:30:57.834+0700][gc,mmu      ] GC(205) MMU target violated: 21.0ms (20.0ms/21.0ms)
[2024-12-16T20:30:57.834+0700][gc,phases   ] GC(205)   Pre Evacuate Collection Set: 2.7ms
[2024-12-16T20:30:57.834+0700][gc,phases   ] GC(205)   Merge Heap Roots: 0.5ms
[2024-12-16T20:30:57.834+0700][gc,phases   ] GC(205)   Evacuate Collection Set: 37.5ms
[2024-12-16T20:30:57.834+0700][gc,phases   ] GC(205)   Post Evacuate Collection Set: 2.3ms
[2024-12-16T20:30:57.834+0700][gc,phases   ] GC(205)   Other: 1.2ms
[2024-12-16T20:30:57.834+0700][gc,heap     ] GC(205) Eden regions: 47->0(44)
[2024-12-16T20:30:57.834+0700][gc,heap     ] GC(205) Survivor regions: 4->7(7)
[2024-12-16T20:30:57.834+0700][gc,heap     ] GC(205) Old regions: 113->113
[2024-12-16T20:30:57.834+0700][gc,heap     ] GC(205) Archive regions: 2->2
[2024-12-16T20:30:57.834+0700][gc,heap     ] GC(205) Humongous regions: 129->129
[2024-12-16T20:30:57.834+0700][gc,metaspace] GC(205) Metaspace: 43287K(43840K)->43287K(43840K) NonClass: 38389K(38720K)->38389K(38720K) Class: 4897K(5120K)->4897K(5120K)
[2024-12-16T20:30:57.834+0700][gc          ] GC(205) Pause Young (Normal) (G1 Evacuation Pause) 293M->249M(1024M) 44.020ms
[2024-12-16T20:30:57.834+0700][gc,cpu      ] GC(205) User=0.08s Sys=0.00s Real=0.04s
[2024-12-16T20:32:22.610+0700][gc,start    ] GC(206) Pause Young (Normal) (G1 Evacuation Pause)
[2024-12-16T20:32:22.610+0700][gc,task     ] GC(206) Using 2 workers of 2 for evacuation
[2024-12-16T20:32:22.659+0700][gc,mmu      ] GC(206) MMU target violated: 21.0ms (20.0ms/21.0ms)
[2024-12-16T20:32:22.659+0700][gc,phases   ] GC(206)   Pre Evacuate Collection Set: 0.7ms
[2024-12-16T20:32:22.659+0700][gc,phases   ] GC(206)   Merge Heap Roots: 1.0ms
[2024-12-16T20:32:22.659+0700][gc,phases   ] GC(206)   Evacuate Collection Set: 44.2ms
[2024-12-16T20:32:22.659+0700][gc,phases   ] GC(206)   Post Evacuate Collection Set: 2.8ms
[2024-12-16T20:32:22.659+0700][gc,phases   ] GC(206)   Other: 0.7ms
[2024-12-16T20:32:22.659+0700][gc,heap     ] GC(206) Eden regions: 44->0(48)
[2024-12-16T20:32:22.659+0700][gc,heap     ] GC(206) Survivor regions: 7->3(7)
[2024-12-16T20:32:22.659+0700][gc,heap     ] GC(206) Old regions: 113->118
[2024-12-16T20:32:22.659+0700][gc,heap     ] GC(206) Archive regions: 2->2
[2024-12-16T20:32:22.659+0700][gc,heap     ] GC(206) Humongous regions: 129->129
[2024-12-16T20:32:22.659+0700][gc,metaspace] GC(206) Metaspace: 43287K(43840K)->43287K(43840K) NonClass: 38389K(38720K)->38389K(38720K) Class: 4897K(5120K)->4897K(5120K)
[2024-12-16T20:32:22.660+0700][gc          ] GC(206) Pause Young (Normal) (G1 Evacuation Pause) 293M->250M(1024M) 49.565ms
[2024-12-16T20:32:22.660+0700][gc,cpu      ] GC(206) User=0.09s Sys=0.00s Real=0.05s
[2024-12-16T20:33:56.572+0700][gc,start    ] GC(207) Pause Young (Normal) (G1 Evacuation Pause)
[2024-12-16T20:33:56.573+0700][gc,task     ] GC(207) Using 2 workers of 2 for evacuation
[2024-12-16T20:33:56.621+0700][gc,mmu      ] GC(207) MMU target violated: 21.0ms (20.0ms/21.0ms)
[2024-12-16T20:33:56.621+0700][gc,phases   ] GC(207)   Pre Evacuate Collection Set: 4.1ms
[2024-12-16T20:33:56.621+0700][gc,phases   ] GC(207)   Merge Heap Roots: 1.2ms
[2024-12-16T20:33:56.621+0700][gc,phases   ] GC(207)   Evacuate Collection Set: 40.2ms
[2024-12-16T20:33:56.621+0700][gc,phases   ] GC(207)   Post Evacuate Collection Set: 2.5ms
[2024-12-16T20:33:56.622+0700][gc,phases   ] GC(207)   Other: 1.4ms
[2024-12-16T20:33:56.622+0700][gc,heap     ] GC(207) Eden regions: 48->0(44)
[2024-12-16T20:33:56.622+0700][gc,heap     ] GC(207) Survivor regions: 3->7(7)
[2024-12-16T20:33:56.622+0700][gc,heap     ] GC(207) Old regions: 118->118
[2024-12-16T20:33:56.622+0700][gc,heap     ] GC(207) Archive regions: 2->2
[2024-12-16T20:33:56.622+0700][gc,heap     ] GC(207) Humongous regions: 129->129
[2024-12-16T20:33:56.622+0700][gc,metaspace] GC(207) Metaspace: 43287K(43840K)->43287K(43840K) NonClass: 38389K(38720K)->38389K(38720K) Class: 4897K(5120K)->4897K(5120K)
[2024-12-16T20:33:56.622+0700][gc          ] GC(207) Pause Young (Normal) (G1 Evacuation Pause) 298M->253M(1024M) 49.461ms
[2024-12-16T20:33:56.622+0700][gc,cpu      ] GC(207) User=0.09s Sys=0.00s Real=0.05s
[2024-12-16T20:35:22.139+0700][gc,start    ] GC(208) Pause Young (Normal) (G1 Evacuation Pause)
[2024-12-16T20:35:22.139+0700][gc,task     ] GC(208) Using 2 workers of 2 for evacuation
[2024-12-16T20:35:22.226+0700][gc,mmu      ] GC(208) MMU target violated: 21.0ms (20.0ms/21.0ms)
[2024-12-16T20:35:22.226+0700][gc,phases   ] GC(208)   Pre Evacuate Collection Set: 3.6ms
[2024-12-16T20:35:22.226+0700][gc,phases   ] GC(208)   Merge Heap Roots: 1.0ms
[2024-12-16T20:35:22.226+0700][gc,phases   ] GC(208)   Evacuate Collection Set: 77.9ms
[2024-12-16T20:35:22.226+0700][gc,phases   ] GC(208)   Post Evacuate Collection Set: 3.5ms
[2024-12-16T20:35:22.226+0700][gc,phases   ] GC(208)   Other: 1.7ms
[2024-12-16T20:35:22.226+0700][gc,heap     ] GC(208) Eden regions: 44->0(46)
[2024-12-16T20:35:22.226+0700][gc,heap     ] GC(208) Survivor regions: 7->5(7)
[2024-12-16T20:35:22.226+0700][gc,heap     ] GC(208) Old regions: 118->122
[2024-12-16T20:35:22.226+0700][gc,heap     ] GC(208) Archive regions: 2->2
[2024-12-16T20:35:22.226+0700][gc,heap     ] GC(208) Humongous regions: 129->129
[2024-12-16T20:35:22.226+0700][gc,metaspace] GC(208) Metaspace: 43287K(43840K)->43287K(43840K) NonClass: 38389K(38720K)->38389K(38720K) Class: 4897K(5120K)->4897K(5120K)
[2024-12-16T20:35:22.227+0700][gc          ] GC(208) Pause Young (Normal) (G1 Evacuation Pause) 297M->256M(1024M) 87.714ms
[2024-12-16T20:35:22.227+0700][gc,cpu      ] GC(208) User=0.16s Sys=0.00s Real=0.09s
[2024-12-16T20:36:51.478+0700][gc,start    ] GC(209) Pause Young (Normal) (G1 Evacuation Pause)
[2024-12-16T20:36:51.478+0700][gc,task     ] GC(209) Using 2 workers of 2 for evacuation
[2024-12-16T20:36:51.528+0700][gc,mmu      ] GC(209) MMU target violated: 21.0ms (20.0ms/21.0ms)
[2024-12-16T20:36:51.528+0700][gc,phases   ] GC(209)   Pre Evacuate Collection Set: 10.1ms
[2024-12-16T20:36:51.528+0700][gc,phases   ] GC(209)   Merge Heap Roots: 1.9ms
[2024-12-16T20:36:51.528+0700][gc,phases   ] GC(209)   Evacuate Collection Set: 33.8ms
[2024-12-16T20:36:51.528+0700][gc,phases   ] GC(209)   Post Evacuate Collection Set: 3.5ms
[2024-12-16T20:36:51.528+0700][gc,phases   ] GC(209)   Other: 1.4ms
[2024-12-16T20:36:51.528+0700][gc,heap     ] GC(209) Eden regions: 46->0(47)
[2024-12-16T20:36:51.528+0700][gc,heap     ] GC(209) Survivor regions: 5->4(7)
[2024-12-16T20:36:51.528+0700][gc,heap     ] GC(209) Old regions: 122->124
[2024-12-16T20:36:51.528+0700][gc,heap     ] GC(209) Archive regions: 2->2
[2024-12-16T20:36:51.528+0700][gc,heap     ] GC(209) Humongous regions: 129->129
[2024-12-16T20:36:51.528+0700][gc,metaspace] GC(209) Metaspace: 43287K(43840K)->43287K(43840K) NonClass: 38390K(38720K)->38390K(38720K) Class: 4897K(5120K)->4897K(5120K)
[2024-12-16T20:36:51.528+0700][gc          ] GC(209) Pause Young (Normal) (G1 Evacuation Pause) 302M->257M(1024M) 50.619ms
[2024-12-16T20:36:51.528+0700][gc,cpu      ] GC(209) User=0.09s Sys=0.00s Real=0.05s
[2024-12-16T20:38:23.584+0700][gc,start    ] GC(210) Pause Young (Normal) (G1 Evacuation Pause)
[2024-12-16T20:38:23.584+0700][gc,task     ] GC(210) Using 2 workers of 2 for evacuation
[2024-12-16T20:38:23.648+0700][gc,mmu      ] GC(210) MMU target violated: 21.0ms (20.0ms/21.0ms)
[2024-12-16T20:38:23.648+0700][gc,phases   ] GC(210)   Pre Evacuate Collection Set: 4.5ms
[2024-12-16T20:38:23.648+0700][gc,phases   ] GC(210)   Merge Heap Roots: 0.7ms
[2024-12-16T20:38:23.648+0700][gc,phases   ] GC(210)   Evacuate Collection Set: 47.8ms
[2024-12-16T20:38:23.648+0700][gc,phases   ] GC(210)   Post Evacuate Collection Set: 9.9ms
[2024-12-16T20:38:23.648+0700][gc,phases   ] GC(210)   Other: 1.5ms
[2024-12-16T20:38:23.648+0700][gc,heap     ] GC(210) Eden regions: 47->0(44)
[2024-12-16T20:38:23.648+0700][gc,heap     ] GC(210) Survivor regions: 4->7(7)
[2024-12-16T20:38:23.648+0700][gc,heap     ] GC(210) Old regions: 124->124
[2024-12-16T20:38:23.648+0700][gc,heap     ] GC(210) Archive regions: 2->2
[2024-12-16T20:38:23.648+0700][gc,heap     ] GC(210) Humongous regions: 129->129
[2024-12-16T20:38:23.648+0700][gc,metaspace] GC(210) Metaspace: 43287K(43840K)->43287K(43840K) NonClass: 38390K(38720K)->38390K(38720K) Class: 4897K(5120K)->4897K(5120K)
[2024-12-16T20:38:23.648+0700][gc          ] GC(210) Pause Young (Normal) (G1 Evacuation Pause) 304M->260M(1024M) 64.492ms
[2024-12-16T20:38:23.649+0700][gc,cpu      ] GC(210) User=0.11s Sys=0.00s Real=0.07s
[2024-12-16T20:39:48.935+0700][gc,start    ] GC(211) Pause Young (Normal) (G1 Evacuation Pause)
[2024-12-16T20:39:48.935+0700][gc,task     ] GC(211) Using 2 workers of 2 for evacuation
[2024-12-16T20:39:49.002+0700][gc,mmu      ] GC(211) MMU target violated: 21.0ms (20.0ms/21.0ms)
[2024-12-16T20:39:49.002+0700][gc,phases   ] GC(211)   Pre Evacuate Collection Set: 10.8ms
[2024-12-16T20:39:49.002+0700][gc,phases   ] GC(211)   Merge Heap Roots: 1.5ms
[2024-12-16T20:39:49.002+0700][gc,phases   ] GC(211)   Evacuate Collection Set: 50.8ms
[2024-12-16T20:39:49.002+0700][gc,phases   ] GC(211)   Post Evacuate Collection Set: 2.9ms
[2024-12-16T20:39:49.002+0700][gc,phases   ] GC(211)   Other: 1.4ms
[2024-12-16T20:39:49.002+0700][gc,heap     ] GC(211) Eden regions: 44->0(47)
[2024-12-16T20:39:49.002+0700][gc,heap     ] GC(211) Survivor regions: 7->4(7)
[2024-12-16T20:39:49.002+0700][gc,heap     ] GC(211) Old regions: 124->129
[2024-12-16T20:39:49.002+0700][gc,heap     ] GC(211) Archive regions: 2->2
[2024-12-16T20:39:49.002+0700][gc,heap     ] GC(211) Humongous regions: 129->129
[2024-12-16T20:39:49.002+0700][gc,metaspace] GC(211) Metaspace: 43287K(43840K)->43287K(43840K) NonClass: 38390K(38720K)->38390K(38720K) Class: 4897K(5120K)->4897K(5120K)
[2024-12-16T20:39:49.002+0700][gc          ] GC(211) Pause Young (Normal) (G1 Evacuation Pause) 304M->261M(1024M) 67.409ms
[2024-12-16T20:39:49.002+0700][gc,cpu      ] GC(211) User=0.12s Sys=0.00s Real=0.07s
[2024-12-16T20:41:20.124+0700][gc,start    ] GC(212) Pause Young (Normal) (G1 Evacuation Pause)
[2024-12-16T20:41:20.125+0700][gc,task     ] GC(212) Using 2 workers of 2 for evacuation
[2024-12-16T20:41:20.174+0700][gc,mmu      ] GC(212) MMU target violated: 21.0ms (20.0ms/21.0ms)
[2024-12-16T20:41:20.174+0700][gc,phases   ] GC(212)   Pre Evacuate Collection Set: 4.0ms
[2024-12-16T20:41:20.174+0700][gc,phases   ] GC(212)   Merge Heap Roots: 1.0ms
[2024-12-16T20:41:20.174+0700][gc,phases   ] GC(212)   Evacuate Collection Set: 41.2ms
[2024-12-16T20:41:20.174+0700][gc,phases   ] GC(212)   Post Evacuate Collection Set: 2.3ms
[2024-12-16T20:41:20.174+0700][gc,phases   ] GC(212)   Other: 1.3ms
[2024-12-16T20:41:20.174+0700][gc,heap     ] GC(212) Eden regions: 47->0(44)
[2024-12-16T20:41:20.174+0700][gc,heap     ] GC(212) Survivor regions: 4->7(7)
[2024-12-16T20:41:20.174+0700][gc,heap     ] GC(212) Old regions: 129->129
[2024-12-16T20:41:20.174+0700][gc,heap     ] GC(212) Archive regions: 2->2
[2024-12-16T20:41:20.174+0700][gc,heap     ] GC(212) Humongous regions: 129->129
[2024-12-16T20:41:20.174+0700][gc,metaspace] GC(212) Metaspace: 43287K(43840K)->43287K(43840K) NonClass: 38390K(38720K)->38390K(38720K) Class: 4897K(5120K)->4897K(5120K)
[2024-12-16T20:41:20.174+0700][gc          ] GC(212) Pause Young (Normal) (G1 Evacuation Pause) 308M->265M(1024M) 49.883ms
[2024-12-16T20:41:20.174+0700][gc,cpu      ] GC(212) User=0.09s Sys=0.00s Real=0.04s
[2024-12-16T20:42:45.459+0700][gc,start    ] GC(213) Pause Young (Normal) (G1 Evacuation Pause)
[2024-12-16T20:42:45.460+0700][gc,task     ] GC(213) Using 2 workers of 2 for evacuation
[2024-12-16T20:42:45.514+0700][gc,mmu      ] GC(213) MMU target violated: 21.0ms (20.0ms/21.0ms)
[2024-12-16T20:42:45.514+0700][gc,phases   ] GC(213)   Pre Evacuate Collection Set: 3.6ms
[2024-12-16T20:42:45.514+0700][gc,phases   ] GC(213)   Merge Heap Roots: 0.7ms
[2024-12-16T20:42:45.514+0700][gc,phases   ] GC(213)   Evacuate Collection Set: 45.5ms
[2024-12-16T20:42:45.514+0700][gc,phases   ] GC(213)   Post Evacuate Collection Set: 3.6ms
[2024-12-16T20:42:45.514+0700][gc,phases   ] GC(213)   Other: 1.4ms
[2024-12-16T20:42:45.514+0700][gc,heap     ] GC(213) Eden regions: 44->0(47)
[2024-12-16T20:42:45.514+0700][gc,heap     ] GC(213) Survivor regions: 7->4(7)
[2024-12-16T20:42:45.514+0700][gc,heap     ] GC(213) Old regions: 129->133
[2024-12-16T20:42:45.514+0700][gc,heap     ] GC(213) Archive regions: 2->2
[2024-12-16T20:42:45.514+0700][gc,heap     ] GC(213) Humongous regions: 129->129
[2024-12-16T20:42:45.514+0700][gc,metaspace] GC(213) Metaspace: 43287K(43840K)->43287K(43840K) NonClass: 38390K(38720K)->38390K(38720K) Class: 4897K(5120K)->4897K(5120K)
[2024-12-16T20:42:45.514+0700][gc          ] GC(213) Pause Young (Normal) (G1 Evacuation Pause) 309M->266M(1024M) 54.810ms
[2024-12-16T20:42:45.514+0700][gc,cpu      ] GC(213) User=0.10s Sys=0.00s Real=0.05s
[2024-12-16T20:44:17.342+0700][gc,start    ] GC(214) Pause Young (Normal) (G1 Evacuation Pause)
[2024-12-16T20:44:17.342+0700][gc,task     ] GC(214) Using 2 workers of 2 for evacuation
[2024-12-16T20:44:17.385+0700][gc,mmu      ] GC(214) MMU target violated: 21.0ms (20.0ms/21.0ms)
[2024-12-16T20:44:17.385+0700][gc,phases   ] GC(214)   Pre Evacuate Collection Set: 2.5ms
[2024-12-16T20:44:17.385+0700][gc,phases   ] GC(214)   Merge Heap Roots: 0.9ms
[2024-12-16T20:44:17.385+0700][gc,phases   ] GC(214)   Evacuate Collection Set: 37.2ms
[2024-12-16T20:44:17.385+0700][gc,phases   ] GC(214)   Post Evacuate Collection Set: 2.3ms
[2024-12-16T20:44:17.386+0700][gc,phases   ] GC(214)   Other: 1.2ms
[2024-12-16T20:44:17.386+0700][gc,heap     ] GC(214) Eden regions: 47->0(44)
[2024-12-16T20:44:17.386+0700][gc,heap     ] GC(214) Survivor regions: 4->7(7)
[2024-12-16T20:44:17.386+0700][gc,heap     ] GC(214) Old regions: 133->133
[2024-12-16T20:44:17.386+0700][gc,heap     ] GC(214) Archive regions: 2->2
[2024-12-16T20:44:17.386+0700][gc,heap     ] GC(214) Humongous regions: 129->129
[2024-12-16T20:44:17.386+0700][gc,metaspace] GC(214) Metaspace: 43290K(43840K)->43290K(43840K) NonClass: 38393K(38720K)->38393K(38720K) Class: 4897K(5120K)->4897K(5120K)
[2024-12-16T20:44:17.386+0700][gc          ] GC(214) Pause Young (Normal) (G1 Evacuation Pause) 313M->269M(1024M) 44.127ms
[2024-12-16T20:44:17.386+0700][gc,cpu      ] GC(214) User=0.08s Sys=0.00s Real=0.05s
[2024-12-16T20:45:43.199+0700][gc,start    ] GC(215) Pause Young (Normal) (G1 Evacuation Pause)
[2024-12-16T20:45:43.199+0700][gc,task     ] GC(215) Using 2 workers of 2 for evacuation
[2024-12-16T20:45:43.253+0700][gc,mmu      ] GC(215) MMU target violated: 21.0ms (20.0ms/21.0ms)
[2024-12-16T20:45:43.254+0700][gc,phases   ] GC(215)   Pre Evacuate Collection Set: 2.6ms
[2024-12-16T20:45:43.254+0700][gc,phases   ] GC(215)   Merge Heap Roots: 0.5ms
[2024-12-16T20:45:43.254+0700][gc,phases   ] GC(215)   Evacuate Collection Set: 45.8ms
[2024-12-16T20:45:43.254+0700][gc,phases   ] GC(215)   Post Evacuate Collection Set: 4.6ms
[2024-12-16T20:45:43.254+0700][gc,phases   ] GC(215)   Other: 1.6ms
[2024-12-16T20:45:43.254+0700][gc,heap     ] GC(215) Eden regions: 44->0(48)
[2024-12-16T20:45:43.254+0700][gc,heap     ] GC(215) Survivor regions: 7->3(7)
[2024-12-16T20:45:43.254+0700][gc,heap     ] GC(215) Old regions: 133->138
[2024-12-16T20:45:43.254+0700][gc,heap     ] GC(215) Archive regions: 2->2
[2024-12-16T20:45:43.254+0700][gc,heap     ] GC(215) Humongous regions: 129->129
[2024-12-16T20:45:43.254+0700][gc,metaspace] GC(215) Metaspace: 43290K(43840K)->43290K(43840K) NonClass: 38393K(38720K)->38393K(38720K) Class: 4897K(5120K)->4897K(5120K)
[2024-12-16T20:45:43.254+0700][gc          ] GC(215) Pause Young (Normal) (G1 Evacuation Pause) 313M->270M(1024M) 55.369ms
[2024-12-16T20:45:43.255+0700][gc,cpu      ] GC(215) User=0.10s Sys=0.00s Real=0.05s
[2024-12-16T20:47:16.950+0700][gc,start    ] GC(216) Pause Young (Normal) (G1 Evacuation Pause)
[2024-12-16T20:47:16.951+0700][gc,task     ] GC(216) Using 2 workers of 2 for evacuation
[2024-12-16T20:47:17.008+0700][gc,mmu      ] GC(216) MMU target violated: 21.0ms (20.0ms/21.0ms)
[2024-12-16T20:47:17.008+0700][gc,phases   ] GC(216)   Pre Evacuate Collection Set: 3.0ms
[2024-12-16T20:47:17.008+0700][gc,phases   ] GC(216)   Merge Heap Roots: 1.5ms
[2024-12-16T20:47:17.008+0700][gc,phases   ] GC(216)   Evacuate Collection Set: 48.2ms
[2024-12-16T20:47:17.008+0700][gc,phases   ] GC(216)   Post Evacuate Collection Set: 3.7ms
[2024-12-16T20:47:17.008+0700][gc,phases   ] GC(216)   Other: 1.4ms
[2024-12-16T20:47:17.008+0700][gc,heap     ] GC(216) Eden regions: 48->0(44)
[2024-12-16T20:47:17.008+0700][gc,heap     ] GC(216) Survivor regions: 3->7(7)
[2024-12-16T20:47:17.008+0700][gc,heap     ] GC(216) Old regions: 138->138
[2024-12-16T20:47:17.008+0700][gc,heap     ] GC(216) Archive regions: 2->2
[2024-12-16T20:47:17.008+0700][gc,heap     ] GC(216) Humongous regions: 129->129
[2024-12-16T20:47:17.008+0700][gc,metaspace] GC(216) Metaspace: 43290K(43840K)->43290K(43840K) NonClass: 38393K(38720K)->38393K(38720K) Class: 4897K(5120K)->4897K(5120K)
[2024-12-16T20:47:17.008+0700][gc          ] GC(216) Pause Young (Normal) (G1 Evacuation Pause) 318M->273M(1024M) 57.920ms
[2024-12-16T20:47:17.008+0700][gc,cpu      ] GC(216) User=0.10s Sys=0.00s Real=0.06s
[2024-12-16T20:48:42.506+0700][gc,start    ] GC(217) Pause Young (Normal) (G1 Evacuation Pause)
[2024-12-16T20:48:42.506+0700][gc,task     ] GC(217) Using 2 workers of 2 for evacuation
[2024-12-16T20:48:42.556+0700][gc,mmu      ] GC(217) MMU target violated: 21.0ms (20.0ms/21.0ms)
[2024-12-16T20:48:42.557+0700][gc,phases   ] GC(217)   Pre Evacuate Collection Set: 3.0ms
[2024-12-16T20:48:42.557+0700][gc,phases   ] GC(217)   Merge Heap Roots: 1.1ms
[2024-12-16T20:48:42.557+0700][gc,phases   ] GC(217)   Evacuate Collection Set: 41.7ms
[2024-12-16T20:48:42.557+0700][gc,phases   ] GC(217)   Post Evacuate Collection Set: 3.8ms
[2024-12-16T20:48:42.557+0700][gc,phases   ] GC(217)   Other: 1.5ms
[2024-12-16T20:48:42.557+0700][gc,heap     ] GC(217) Eden regions: 44->0(48)
[2024-12-16T20:48:42.557+0700][gc,heap     ] GC(217) Survivor regions: 7->3(7)
[2024-12-16T20:48:42.557+0700][gc,heap     ] GC(217) Old regions: 138->142
[2024-12-16T20:48:42.557+0700][gc,heap     ] GC(217) Archive regions: 2->2
[2024-12-16T20:48:42.557+0700][gc,heap     ] GC(217) Humongous regions: 129->129
[2024-12-16T20:48:42.557+0700][gc,metaspace] GC(217) Metaspace: 43290K(43840K)->43290K(43840K) NonClass: 38393K(38720K)->38393K(38720K) Class: 4897K(5120K)->4897K(5120K)
[2024-12-16T20:48:42.557+0700][gc          ] GC(217) Pause Young (Normal) (G1 Evacuation Pause) 317M->273M(1024M) 51.069ms
[2024-12-16T20:48:42.557+0700][gc,cpu      ] GC(217) User=0.09s Sys=0.00s Real=0.05s
[2024-12-16T20:50:16.004+0700][gc,start    ] GC(218) Pause Young (Normal) (G1 Evacuation Pause)
[2024-12-16T20:50:16.005+0700][gc,task     ] GC(218) Using 2 workers of 2 for evacuation
[2024-12-16T20:50:16.049+0700][gc,mmu      ] GC(218) MMU target violated: 21.0ms (20.0ms/21.0ms)
[2024-12-16T20:50:16.049+0700][gc,phases   ] GC(218)   Pre Evacuate Collection Set: 1.8ms
[2024-12-16T20:50:16.049+0700][gc,phases   ] GC(218)   Merge Heap Roots: 0.9ms
[2024-12-16T20:50:16.050+0700][gc,phases   ] GC(218)   Evacuate Collection Set: 38.6ms
[2024-12-16T20:50:16.050+0700][gc,phases   ] GC(218)   Post Evacuate Collection Set: 3.0ms
[2024-12-16T20:50:16.050+0700][gc,phases   ] GC(218)   Other: 1.1ms
[2024-12-16T20:50:16.050+0700][gc,heap     ] GC(218) Eden regions: 48->0(45)
[2024-12-16T20:50:16.050+0700][gc,heap     ] GC(218) Survivor regions: 3->6(7)
[2024-12-16T20:50:16.050+0700][gc,heap     ] GC(218) Old regions: 142->142
[2024-12-16T20:50:16.050+0700][gc,heap     ] GC(218) Archive regions: 2->2
[2024-12-16T20:50:16.050+0700][gc,heap     ] GC(218) Humongous regions: 129->129
[2024-12-16T20:50:16.050+0700][gc,metaspace] GC(218) Metaspace: 43290K(43840K)->43290K(43840K) NonClass: 38393K(38720K)->38393K(38720K) Class: 4897K(5120K)->4897K(5120K)
[2024-12-16T20:50:16.050+0700][gc          ] GC(218) Pause Young (Normal) (G1 Evacuation Pause) 321M->277M(1024M) 45.357ms
[2024-12-16T20:50:16.050+0700][gc,cpu      ] GC(218) User=0.09s Sys=0.00s Real=0.04s
[2024-12-16T20:51:36.818+0700][gc,start    ] GC(219) Pause Young (Normal) (G1 Evacuation Pause)
[2024-12-16T20:51:36.818+0700][gc,task     ] GC(219) Using 2 workers of 2 for evacuation
[2024-12-16T20:51:36.898+0700][gc,mmu      ] GC(219) MMU target violated: 21.0ms (20.0ms/21.0ms)
[2024-12-16T20:51:36.899+0700][gc,phases   ] GC(219)   Pre Evacuate Collection Set: 3.3ms
[2024-12-16T20:51:36.899+0700][gc,phases   ] GC(219)   Merge Heap Roots: 0.7ms
[2024-12-16T20:51:36.899+0700][gc,phases   ] GC(219)   Evacuate Collection Set: 71.1ms
[2024-12-16T20:51:36.899+0700][gc,phases   ] GC(219)   Post Evacuate Collection Set: 4.4ms
[2024-12-16T20:51:36.899+0700][gc,phases   ] GC(219)   Other: 1.5ms
[2024-12-16T20:51:36.899+0700][gc,heap     ] GC(219) Eden regions: 45->0(45)
[2024-12-16T20:51:36.899+0700][gc,heap     ] GC(219) Survivor regions: 6->6(7)
[2024-12-16T20:51:36.899+0700][gc,heap     ] GC(219) Old regions: 142->146
[2024-12-16T20:51:36.899+0700][gc,heap     ] GC(219) Archive regions: 2->2
[2024-12-16T20:51:36.899+0700][gc,heap     ] GC(219) Humongous regions: 129->129
[2024-12-16T20:51:36.899+0700][gc,metaspace] GC(219) Metaspace: 43305K(43840K)->43305K(43840K) NonClass: 38408K(38720K)->38408K(38720K) Class: 4897K(5120K)->4897K(5120K)
[2024-12-16T20:51:36.899+0700][gc          ] GC(219) Pause Young (Normal) (G1 Evacuation Pause) 322M->281M(1024M) 81.032ms
[2024-12-16T20:51:36.899+0700][gc,cpu      ] GC(219) User=0.15s Sys=0.00s Real=0.08s
[2024-12-16T20:53:02.113+0700][gc,start    ] GC(220) Pause Young (Normal) (G1 Evacuation Pause)
[2024-12-16T20:53:02.114+0700][gc,task     ] GC(220) Using 2 workers of 2 for evacuation
[2024-12-16T20:53:02.152+0700][gc,mmu      ] GC(220) MMU target violated: 21.0ms (20.0ms/21.0ms)
[2024-12-16T20:53:02.152+0700][gc,phases   ] GC(220)   Pre Evacuate Collection Set: 3.1ms
[2024-12-16T20:53:02.152+0700][gc,phases   ] GC(220)   Merge Heap Roots: 1.2ms
[2024-12-16T20:53:02.152+0700][gc,phases   ] GC(220)   Evacuate Collection Set: 30.8ms
[2024-12-16T20:53:02.152+0700][gc,phases   ] GC(220)   Post Evacuate Collection Set: 2.4ms
[2024-12-16T20:53:02.152+0700][gc,phases   ] GC(220)   Other: 1.4ms
[2024-12-16T20:53:02.152+0700][gc,heap     ] GC(220) Eden regions: 45->0(48)
[2024-12-16T20:53:02.152+0700][gc,heap     ] GC(220) Survivor regions: 6->3(7)
[2024-12-16T20:53:02.152+0700][gc,heap     ] GC(220) Old regions: 146->149
[2024-12-16T20:53:02.152+0700][gc,heap     ] GC(220) Archive regions: 2->2
[2024-12-16T20:53:02.152+0700][gc,heap     ] GC(220) Humongous regions: 129->129
[2024-12-16T20:53:02.152+0700][gc,metaspace] GC(220) Metaspace: 43342K(43904K)->43342K(43904K) NonClass: 38445K(38784K)->38445K(38784K) Class: 4897K(5120K)->4897K(5120K)
[2024-12-16T20:53:02.152+0700][gc          ] GC(220) Pause Young (Normal) (G1 Evacuation Pause) 326M->281M(1024M) 38.953ms
[2024-12-16T20:53:02.152+0700][gc,cpu      ] GC(220) User=0.07s Sys=0.01s Real=0.04s
[2024-12-16T20:54:36.451+0700][gc,start    ] GC(221) Pause Young (Normal) (G1 Evacuation Pause)
[2024-12-16T20:54:36.452+0700][gc,task     ] GC(221) Using 2 workers of 2 for evacuation
[2024-12-16T20:54:36.500+0700][gc,mmu      ] GC(221) MMU target violated: 21.0ms (20.0ms/21.0ms)
[2024-12-16T20:54:36.500+0700][gc,phases   ] GC(221)   Pre Evacuate Collection Set: 4.2ms
[2024-12-16T20:54:36.500+0700][gc,phases   ] GC(221)   Merge Heap Roots: 1.2ms
[2024-12-16T20:54:36.500+0700][gc,phases   ] GC(221)   Evacuate Collection Set: 38.9ms
[2024-12-16T20:54:36.500+0700][gc,phases   ] GC(221)   Post Evacuate Collection Set: 3.0ms
[2024-12-16T20:54:36.500+0700][gc,phases   ] GC(221)   Other: 1.5ms
[2024-12-16T20:54:36.500+0700][gc,heap     ] GC(221) Eden regions: 48->0(45)
[2024-12-16T20:54:36.500+0700][gc,heap     ] GC(221) Survivor regions: 3->6(7)
[2024-12-16T20:54:36.500+0700][gc,heap     ] GC(221) Old regions: 149->149
[2024-12-16T20:54:36.500+0700][gc,heap     ] GC(221) Archive regions: 2->2
[2024-12-16T20:54:36.500+0700][gc,heap     ] GC(221) Humongous regions: 129->129
[2024-12-16T20:54:36.500+0700][gc,metaspace] GC(221) Metaspace: 43342K(43904K)->43342K(43904K) NonClass: 38445K(38784K)->38445K(38784K) Class: 4897K(5120K)->4897K(5120K)
[2024-12-16T20:54:36.500+0700][gc          ] GC(221) Pause Young (Normal) (G1 Evacuation Pause) 329M->284M(1024M) 48.715ms
[2024-12-16T20:54:36.500+0700][gc,cpu      ] GC(221) User=0.09s Sys=0.00s Real=0.05s
[2024-12-16T20:56:02.683+0700][gc,start    ] GC(222) Pause Young (Normal) (G1 Evacuation Pause)
[2024-12-16T20:56:02.683+0700][gc,task     ] GC(222) Using 2 workers of 2 for evacuation
[2024-12-16T20:56:02.740+0700][gc,mmu      ] GC(222) MMU target violated: 21.0ms (20.0ms/21.0ms)
[2024-12-16T20:56:02.740+0700][gc,phases   ] GC(222)   Pre Evacuate Collection Set: 2.8ms
[2024-12-16T20:56:02.740+0700][gc,phases   ] GC(222)   Merge Heap Roots: 1.3ms
[2024-12-16T20:56:02.740+0700][gc,phases   ] GC(222)   Evacuate Collection Set: 49.1ms
[2024-12-16T20:56:02.740+0700][gc,phases   ] GC(222)   Post Evacuate Collection Set: 2.9ms
[2024-12-16T20:56:02.740+0700][gc,phases   ] GC(222)   Other: 1.4ms
[2024-12-16T20:56:02.741+0700][gc,heap     ] GC(222) Eden regions: 45->0(47)
[2024-12-16T20:56:02.741+0700][gc,heap     ] GC(222) Survivor regions: 6->4(7)
[2024-12-16T20:56:02.741+0700][gc,heap     ] GC(222) Old regions: 149->152
[2024-12-16T20:56:02.741+0700][gc,heap     ] GC(222) Archive regions: 2->2
[2024-12-16T20:56:02.741+0700][gc,heap     ] GC(222) Humongous regions: 129->129
[2024-12-16T20:56:02.741+0700][gc,metaspace] GC(222) Metaspace: 43342K(43904K)->43342K(43904K) NonClass: 38445K(38784K)->38445K(38784K) Class: 4897K(5120K)->4897K(5120K)
[2024-12-16T20:56:02.741+0700][gc          ] GC(222) Pause Young (Normal) (G1 Evacuation Pause) 329M->285M(1024M) 57.714ms
[2024-12-16T20:56:02.741+0700][gc,cpu      ] GC(222) User=0.11s Sys=0.00s Real=0.06s
[2024-12-16T20:57:34.546+0700][gc,start    ] GC(223) Pause Young (Normal) (G1 Evacuation Pause)
[2024-12-16T20:57:34.546+0700][gc,task     ] GC(223) Using 2 workers of 2 for evacuation
[2024-12-16T20:57:34.599+0700][gc,mmu      ] GC(223) MMU target violated: 21.0ms (20.0ms/21.0ms)
[2024-12-16T20:57:34.599+0700][gc,phases   ] GC(223)   Pre Evacuate Collection Set: 3.5ms
[2024-12-16T20:57:34.599+0700][gc,phases   ] GC(223)   Merge Heap Roots: 0.8ms
[2024-12-16T20:57:34.599+0700][gc,phases   ] GC(223)   Evacuate Collection Set: 45.2ms
[2024-12-16T20:57:34.599+0700][gc,phases   ] GC(223)   Post Evacuate Collection Set: 2.7ms
[2024-12-16T20:57:34.599+0700][gc,phases   ] GC(223)   Other: 1.4ms
[2024-12-16T20:57:34.599+0700][gc,heap     ] GC(223) Eden regions: 47->0(44)
[2024-12-16T20:57:34.599+0700][gc,heap     ] GC(223) Survivor regions: 4->7(7)
[2024-12-16T20:57:34.599+0700][gc,heap     ] GC(223) Old regions: 152->152
[2024-12-16T20:57:34.599+0700][gc,heap     ] GC(223) Archive regions: 2->2
[2024-12-16T20:57:34.599+0700][gc,heap     ] GC(223) Humongous regions: 129->129
[2024-12-16T20:57:34.599+0700][gc,metaspace] GC(223) Metaspace: 43342K(43904K)->43342K(43904K) NonClass: 38445K(38784K)->38445K(38784K) Class: 4897K(5120K)->4897K(5120K)
[2024-12-16T20:57:34.599+0700][gc          ] GC(223) Pause Young (Normal) (G1 Evacuation Pause) 332M->288M(1024M) 53.731ms
[2024-12-16T20:57:34.599+0700][gc,cpu      ] GC(223) User=0.10s Sys=0.00s Real=0.05s
[2024-12-16T20:59:00.546+0700][gc,start    ] GC(224) Pause Young (Normal) (G1 Evacuation Pause)
[2024-12-16T20:59:00.547+0700][gc,task     ] GC(224) Using 2 workers of 2 for evacuation
[2024-12-16T20:59:00.607+0700][gc,mmu      ] GC(224) MMU target violated: 21.0ms (20.0ms/21.0ms)
[2024-12-16T20:59:00.607+0700][gc,phases   ] GC(224)   Pre Evacuate Collection Set: 3.0ms
[2024-12-16T20:59:00.607+0700][gc,phases   ] GC(224)   Merge Heap Roots: 0.7ms
[2024-12-16T20:59:00.607+0700][gc,phases   ] GC(224)   Evacuate Collection Set: 52.4ms
[2024-12-16T20:59:00.607+0700][gc,phases   ] GC(224)   Post Evacuate Collection Set: 3.7ms
[2024-12-16T20:59:00.607+0700][gc,phases   ] GC(224)   Other: 1.3ms
[2024-12-16T20:59:00.607+0700][gc,heap     ] GC(224) Eden regions: 44->0(48)
[2024-12-16T20:59:00.607+0700][gc,heap     ] GC(224) Survivor regions: 7->3(7)
[2024-12-16T20:59:00.607+0700][gc,heap     ] GC(224) Old regions: 152->157
[2024-12-16T20:59:00.608+0700][gc,heap     ] GC(224) Archive regions: 2->2
[2024-12-16T20:59:00.608+0700][gc,heap     ] GC(224) Humongous regions: 129->129
[2024-12-16T20:59:00.608+0700][gc,metaspace] GC(224) Metaspace: 43342K(43904K)->43342K(43904K) NonClass: 38445K(38784K)->38445K(38784K) Class: 4897K(5120K)->4897K(5120K)
[2024-12-16T20:59:00.608+0700][gc          ] GC(224) Pause Young (Normal) (G1 Evacuation Pause) 332M->289M(1024M) 61.194ms
[2024-12-16T20:59:00.608+0700][gc,cpu      ] GC(224) User=0.11s Sys=0.00s Real=0.06s
[2024-12-16T21:00:33.866+0700][gc,start    ] GC(225) Pause Young (Normal) (G1 Evacuation Pause)
[2024-12-16T21:00:33.866+0700][gc,task     ] GC(225) Using 2 workers of 2 for evacuation
[2024-12-16T21:00:33.917+0700][gc,mmu      ] GC(225) MMU target violated: 21.0ms (20.0ms/21.0ms)
[2024-12-16T21:00:33.917+0700][gc,phases   ] GC(225)   Pre Evacuate Collection Set: 3.2ms
[2024-12-16T21:00:33.917+0700][gc,phases   ] GC(225)   Merge Heap Roots: 1.5ms
[2024-12-16T21:00:33.917+0700][gc,phases   ] GC(225)   Evacuate Collection Set: 42.3ms
[2024-12-16T21:00:33.917+0700][gc,phases   ] GC(225)   Post Evacuate Collection Set: 3.3ms
[2024-12-16T21:00:33.917+0700][gc,phases   ] GC(225)   Other: 1.5ms
[2024-12-16T21:00:33.917+0700][gc,heap     ] GC(225) Eden regions: 48->0(44)
[2024-12-16T21:00:33.917+0700][gc,heap     ] GC(225) Survivor regions: 3->7(7)
[2024-12-16T21:00:33.917+0700][gc,heap     ] GC(225) Old regions: 157->157
[2024-12-16T21:00:33.917+0700][gc,heap     ] GC(225) Archive regions: 2->2
[2024-12-16T21:00:33.917+0700][gc,heap     ] GC(225) Humongous regions: 129->129
[2024-12-16T21:00:33.917+0700][gc,metaspace] GC(225) Metaspace: 43342K(43904K)->43342K(43904K) NonClass: 38445K(38784K)->38445K(38784K) Class: 4897K(5120K)->4897K(5120K)
[2024-12-16T21:00:33.918+0700][gc          ] GC(225) Pause Young (Normal) (G1 Evacuation Pause) 337M->293M(1024M) 52.079ms
[2024-12-16T21:00:33.918+0700][gc,cpu      ] GC(225) User=0.10s Sys=0.00s Real=0.05s
[2024-12-16T21:02:00.093+0700][gc,start    ] GC(226) Pause Young (Normal) (G1 Evacuation Pause)
[2024-12-16T21:02:00.097+0700][gc,task     ] GC(226) Using 2 workers of 2 for evacuation
[2024-12-16T21:02:00.146+0700][gc,mmu      ] GC(226) MMU target violated: 21.0ms (20.0ms/21.0ms)
[2024-12-16T21:02:00.146+0700][gc,phases   ] GC(226)   Pre Evacuate Collection Set: 2.7ms
[2024-12-16T21:02:00.146+0700][gc,phases   ] GC(226)   Merge Heap Roots: 0.8ms
[2024-12-16T21:02:00.146+0700][gc,phases   ] GC(226)   Evacuate Collection Set: 42.2ms
[2024-12-16T21:02:00.146+0700][gc,phases   ] GC(226)   Post Evacuate Collection Set: 2.2ms
[2024-12-16T21:02:00.146+0700][gc,phases   ] GC(226)   Other: 4.8ms
[2024-12-16T21:02:00.146+0700][gc,heap     ] GC(226) Eden regions: 44->0(48)
[2024-12-16T21:02:00.146+0700][gc,heap     ] GC(226) Survivor regions: 7->3(7)
[2024-12-16T21:02:00.146+0700][gc,heap     ] GC(226) Old regions: 157->162
[2024-12-16T21:02:00.146+0700][gc,heap     ] GC(226) Archive regions: 2->2
[2024-12-16T21:02:00.146+0700][gc,heap     ] GC(226) Humongous regions: 129->129
[2024-12-16T21:02:00.146+0700][gc,metaspace] GC(226) Metaspace: 43342K(43904K)->43342K(43904K) NonClass: 38445K(38784K)->38445K(38784K) Class: 4897K(5120K)->4897K(5120K)
[2024-12-16T21:02:00.146+0700][gc          ] GC(226) Pause Young (Normal) (G1 Evacuation Pause) 337M->294M(1024M) 52.857ms
[2024-12-16T21:02:00.146+0700][gc,cpu      ] GC(226) User=0.09s Sys=0.00s Real=0.06s
[2024-12-16T21:03:32.809+0700][gc,start    ] GC(227) Pause Young (Normal) (G1 Evacuation Pause)
[2024-12-16T21:03:32.810+0700][gc,task     ] GC(227) Using 2 workers of 2 for evacuation
[2024-12-16T21:03:32.855+0700][gc,mmu      ] GC(227) MMU target violated: 21.0ms (20.0ms/21.0ms)
[2024-12-16T21:03:32.855+0700][gc,phases   ] GC(227)   Pre Evacuate Collection Set: 2.2ms
[2024-12-16T21:03:32.855+0700][gc,phases   ] GC(227)   Merge Heap Roots: 0.8ms
[2024-12-16T21:03:32.855+0700][gc,phases   ] GC(227)   Evacuate Collection Set: 33.6ms
[2024-12-16T21:03:32.855+0700][gc,phases   ] GC(227)   Post Evacuate Collection Set: 8.2ms
[2024-12-16T21:03:32.855+0700][gc,phases   ] GC(227)   Other: 1.3ms
[2024-12-16T21:03:32.855+0700][gc,heap     ] GC(227) Eden regions: 48->0(45)
[2024-12-16T21:03:32.855+0700][gc,heap     ] GC(227) Survivor regions: 3->6(7)
[2024-12-16T21:03:32.855+0700][gc,heap     ] GC(227) Old regions: 162->162
[2024-12-16T21:03:32.855+0700][gc,heap     ] GC(227) Archive regions: 2->2
[2024-12-16T21:03:32.855+0700][gc,heap     ] GC(227) Humongous regions: 129->129
[2024-12-16T21:03:32.855+0700][gc,metaspace] GC(227) Metaspace: 43352K(43904K)->43352K(43904K) NonClass: 38455K(38784K)->38455K(38784K) Class: 4897K(5120K)->4897K(5120K)
[2024-12-16T21:03:32.855+0700][gc          ] GC(227) Pause Young (Normal) (G1 Evacuation Pause) 342M->297M(1024M) 45.974ms
[2024-12-16T21:03:32.855+0700][gc,cpu      ] GC(227) User=0.09s Sys=0.00s Real=0.04s
[2024-12-16T21:05:01.549+0700][gc,start    ] GC(228) Pause Young (Normal) (G1 Evacuation Pause)
[2024-12-16T21:05:01.549+0700][gc,task     ] GC(228) Using 2 workers of 2 for evacuation
[2024-12-16T21:05:01.617+0700][gc,mmu      ] GC(228) MMU target violated: 21.0ms (20.0ms/21.0ms)
[2024-12-16T21:05:01.617+0700][gc,phases   ] GC(228)   Pre Evacuate Collection Set: 3.7ms
[2024-12-16T21:05:01.617+0700][gc,phases   ] GC(228)   Merge Heap Roots: 0.6ms
[2024-12-16T21:05:01.617+0700][gc,phases   ] GC(228)   Evacuate Collection Set: 59.1ms
[2024-12-16T21:05:01.617+0700][gc,phases   ] GC(228)   Post Evacuate Collection Set: 3.5ms
[2024-12-16T21:05:01.617+0700][gc,phases   ] GC(228)   Other: 1.2ms
[2024-12-16T21:05:01.617+0700][gc,heap     ] GC(228) Eden regions: 45->0(45)
[2024-12-16T21:05:01.617+0700][gc,heap     ] GC(228) Survivor regions: 6->6(7)
[2024-12-16T21:05:01.617+0700][gc,heap     ] GC(228) Old regions: 162->166
[2024-12-16T21:05:01.617+0700][gc,heap     ] GC(228) Archive regions: 2->2
[2024-12-16T21:05:01.617+0700][gc,heap     ] GC(228) Humongous regions: 129->129
[2024-12-16T21:05:01.617+0700][gc,metaspace] GC(228) Metaspace: 43352K(43904K)->43352K(43904K) NonClass: 38455K(38784K)->38455K(38784K) Class: 4897K(5120K)->4897K(5120K)
[2024-12-16T21:05:01.617+0700][gc          ] GC(228) Pause Young (Normal) (G1 Evacuation Pause) 342M->301M(1024M) 68.090ms
[2024-12-16T21:05:01.617+0700][gc,cpu      ] GC(228) User=0.12s Sys=0.00s Real=0.07s
[2024-12-16T21:06:26.020+0700][gc,start    ] GC(229) Pause Young (Normal) (G1 Evacuation Pause)
[2024-12-16T21:06:26.021+0700][gc,task     ] GC(229) Using 2 workers of 2 for evacuation
[2024-12-16T21:06:26.069+0700][gc,mmu      ] GC(229) MMU target violated: 21.0ms (20.0ms/21.0ms)
[2024-12-16T21:06:26.069+0700][gc,phases   ] GC(229)   Pre Evacuate Collection Set: 2.3ms
[2024-12-16T21:06:26.069+0700][gc,phases   ] GC(229)   Merge Heap Roots: 1.1ms
[2024-12-16T21:06:26.069+0700][gc,phases   ] GC(229)   Evacuate Collection Set: 41.8ms
[2024-12-16T21:06:26.070+0700][gc,phases   ] GC(229)   Post Evacuate Collection Set: 3.0ms
[2024-12-16T21:06:26.070+0700][gc,phases   ] GC(229)   Other: 1.1ms
[2024-12-16T21:06:26.070+0700][gc,heap     ] GC(229) Eden regions: 45->0(47)
[2024-12-16T21:06:26.070+0700][gc,heap     ] GC(229) Survivor regions: 6->4(7)
[2024-12-16T21:06:26.070+0700][gc,heap     ] GC(229) Old regions: 166->168
[2024-12-16T21:06:26.070+0700][gc,heap     ] GC(229) Archive regions: 2->2
[2024-12-16T21:06:26.070+0700][gc,heap     ] GC(229) Humongous regions: 129->129
[2024-12-16T21:06:26.070+0700][gc,metaspace] GC(229) Metaspace: 43361K(43904K)->43361K(43904K) NonClass: 38463K(38784K)->38463K(38784K) Class: 4897K(5120K)->4897K(5120K)
[2024-12-16T21:06:26.070+0700][gc          ] GC(229) Pause Young (Normal) (G1 Evacuation Pause) 346M->301M(1024M) 49.236ms
[2024-12-16T21:06:26.070+0700][gc,cpu      ] GC(229) User=0.08s Sys=0.01s Real=0.05s
[2024-12-16T21:07:58.009+0700][gc,start    ] GC(230) Pause Young (Normal) (G1 Evacuation Pause)
[2024-12-16T21:07:58.009+0700][gc,task     ] GC(230) Using 2 workers of 2 for evacuation
[2024-12-16T21:07:58.069+0700][gc,mmu      ] GC(230) MMU target violated: 21.0ms (20.0ms/21.0ms)
[2024-12-16T21:07:58.070+0700][gc,phases   ] GC(230)   Pre Evacuate Collection Set: 9.2ms
[2024-12-16T21:07:58.070+0700][gc,phases   ] GC(230)   Merge Heap Roots: 1.4ms
[2024-12-16T21:07:58.070+0700][gc,phases   ] GC(230)   Evacuate Collection Set: 46.4ms
[2024-12-16T21:07:58.070+0700][gc,phases   ] GC(230)   Post Evacuate Collection Set: 2.9ms
[2024-12-16T21:07:58.070+0700][gc,phases   ] GC(230)   Other: 1.2ms
[2024-12-16T21:07:58.070+0700][gc,heap     ] GC(230) Eden regions: 47->0(44)
[2024-12-16T21:07:58.070+0700][gc,heap     ] GC(230) Survivor regions: 4->7(7)
[2024-12-16T21:07:58.070+0700][gc,heap     ] GC(230) Old regions: 168->168
[2024-12-16T21:07:58.070+0700][gc,heap     ] GC(230) Archive regions: 2->2
[2024-12-16T21:07:58.070+0700][gc,heap     ] GC(230) Humongous regions: 129->129
[2024-12-16T21:07:58.070+0700][gc,metaspace] GC(230) Metaspace: 43361K(43904K)->43361K(43904K) NonClass: 38463K(38784K)->38463K(38784K) Class: 4897K(5120K)->4897K(5120K)
[2024-12-16T21:07:58.070+0700][gc          ] GC(230) Pause Young (Normal) (G1 Evacuation Pause) 348M->304M(1024M) 61.226ms
[2024-12-16T21:07:58.070+0700][gc,cpu      ] GC(230) User=0.11s Sys=0.00s Real=0.06s
[2024-12-16T21:09:20.436+0700][gc,start    ] GC(231) Pause Young (Normal) (G1 Evacuation Pause)
[2024-12-16T21:09:20.437+0700][gc,task     ] GC(231) Using 2 workers of 2 for evacuation
[2024-12-16T21:09:20.486+0700][gc,mmu      ] GC(231) MMU target violated: 21.0ms (20.0ms/21.0ms)
[2024-12-16T21:09:20.486+0700][gc,phases   ] GC(231)   Pre Evacuate Collection Set: 2.3ms
[2024-12-16T21:09:20.486+0700][gc,phases   ] GC(231)   Merge Heap Roots: 0.8ms
[2024-12-16T21:09:20.486+0700][gc,phases   ] GC(231)   Evacuate Collection Set: 43.4ms
[2024-12-16T21:09:20.486+0700][gc,phases   ] GC(231)   Post Evacuate Collection Set: 2.4ms
[2024-12-16T21:09:20.486+0700][gc,phases   ] GC(231)   Other: 1.1ms
[2024-12-16T21:09:20.486+0700][gc,heap     ] GC(231) Eden regions: 44->0(48)
[2024-12-16T21:09:20.486+0700][gc,heap     ] GC(231) Survivor regions: 7->3(7)
[2024-12-16T21:09:20.486+0700][gc,heap     ] GC(231) Old regions: 168->173
[2024-12-16T21:09:20.486+0700][gc,heap     ] GC(231) Archive regions: 2->2
[2024-12-16T21:09:20.486+0700][gc,heap     ] GC(231) Humongous regions: 129->129
[2024-12-16T21:09:20.486+0700][gc,metaspace] GC(231) Metaspace: 43371K(43904K)->43371K(43904K) NonClass: 38473K(38784K)->38473K(38784K) Class: 4897K(5120K)->4897K(5120K)
[2024-12-16T21:09:20.486+0700][gc          ] GC(231) Pause Young (Normal) (G1 Evacuation Pause) 348M->305M(1024M) 50.034ms
[2024-12-16T21:09:20.487+0700][gc,cpu      ] GC(231) User=0.09s Sys=0.01s Real=0.05s
[2024-12-16T21:10:52.671+0700][gc,start    ] GC(232) Pause Young (Normal) (G1 Evacuation Pause)
[2024-12-16T21:10:52.671+0700][gc,task     ] GC(232) Using 2 workers of 2 for evacuation
[2024-12-16T21:10:52.723+0700][gc,mmu      ] GC(232) MMU target violated: 21.0ms (20.0ms/21.0ms)
[2024-12-16T21:10:52.723+0700][gc,phases   ] GC(232)   Pre Evacuate Collection Set: 2.9ms
[2024-12-16T21:10:52.723+0700][gc,phases   ] GC(232)   Merge Heap Roots: 0.8ms
[2024-12-16T21:10:52.723+0700][gc,phases   ] GC(232)   Evacuate Collection Set: 44.6ms
[2024-12-16T21:10:52.723+0700][gc,phases   ] GC(232)   Post Evacuate Collection Set: 2.8ms
[2024-12-16T21:10:52.723+0700][gc,phases   ] GC(232)   Other: 1.6ms
[2024-12-16T21:10:52.723+0700][gc,heap     ] GC(232) Eden regions: 48->0(44)
[2024-12-16T21:10:52.723+0700][gc,heap     ] GC(232) Survivor regions: 3->7(7)
[2024-12-16T21:10:52.723+0700][gc,heap     ] GC(232) Old regions: 173->173
[2024-12-16T21:10:52.723+0700][gc,heap     ] GC(232) Archive regions: 2->2
[2024-12-16T21:10:52.723+0700][gc,heap     ] GC(232) Humongous regions: 129->129
[2024-12-16T21:10:52.723+0700][gc,metaspace] GC(232) Metaspace: 43371K(43904K)->43371K(43904K) NonClass: 38473K(38784K)->38473K(38784K) Class: 4897K(5120K)->4897K(5120K)
[2024-12-16T21:10:52.723+0700][gc          ] GC(232) Pause Young (Normal) (G1 Evacuation Pause) 353M->309M(1024M) 52.577ms
[2024-12-16T21:10:52.723+0700][gc,cpu      ] GC(232) User=0.10s Sys=0.00s Real=0.05s
[2024-12-16T21:12:15.882+0700][gc,start    ] GC(233) Pause Young (Normal) (G1 Evacuation Pause)
[2024-12-16T21:12:15.882+0700][gc,task     ] GC(233) Using 2 workers of 2 for evacuation
[2024-12-16T21:12:15.940+0700][gc,mmu      ] GC(233) MMU target violated: 21.0ms (20.0ms/21.0ms)
[2024-12-16T21:12:15.940+0700][gc,phases   ] GC(233)   Pre Evacuate Collection Set: 3.4ms
[2024-12-16T21:12:15.940+0700][gc,phases   ] GC(233)   Merge Heap Roots: 0.8ms
[2024-12-16T21:12:15.940+0700][gc,phases   ] GC(233)   Evacuate Collection Set: 49.6ms
[2024-12-16T21:12:15.940+0700][gc,phases   ] GC(233)   Post Evacuate Collection Set: 3.7ms
[2024-12-16T21:12:15.940+0700][gc,phases   ] GC(233)   Other: 1.2ms
[2024-12-16T21:12:15.940+0700][gc,heap     ] GC(233) Eden regions: 44->0(48)
[2024-12-16T21:12:15.940+0700][gc,heap     ] GC(233) Survivor regions: 7->3(7)
[2024-12-16T21:12:15.940+0700][gc,heap     ] GC(233) Old regions: 173->177
[2024-12-16T21:12:15.940+0700][gc,heap     ] GC(233) Archive regions: 2->2
[2024-12-16T21:12:15.940+0700][gc,heap     ] GC(233) Humongous regions: 129->129
[2024-12-16T21:12:15.940+0700][gc,metaspace] GC(233) Metaspace: 43375K(43904K)->43375K(43904K) NonClass: 38478K(38784K)->38478K(38784K) Class: 4897K(5120K)->4897K(5120K)
[2024-12-16T21:12:15.940+0700][gc          ] GC(233) Pause Young (Normal) (G1 Evacuation Pause) 353M->309M(1024M) 58.863ms
[2024-12-16T21:12:15.941+0700][gc,cpu      ] GC(233) User=0.11s Sys=0.00s Real=0.06s
[2024-12-16T21:13:55.309+0700][gc,start    ] GC(234) Pause Young (Normal) (G1 Evacuation Pause)
[2024-12-16T21:13:55.309+0700][gc,task     ] GC(234) Using 2 workers of 2 for evacuation
[2024-12-16T21:13:55.355+0700][gc,mmu      ] GC(234) MMU target violated: 21.0ms (20.0ms/21.0ms)
[2024-12-16T21:13:55.356+0700][gc,phases   ] GC(234)   Pre Evacuate Collection Set: 2.8ms
[2024-12-16T21:13:55.356+0700][gc,phases   ] GC(234)   Merge Heap Roots: 0.8ms
[2024-12-16T21:13:55.356+0700][gc,phases   ] GC(234)   Evacuate Collection Set: 39.1ms
[2024-12-16T21:13:55.356+0700][gc,phases   ] GC(234)   Post Evacuate Collection Set: 3.1ms
[2024-12-16T21:13:55.356+0700][gc,phases   ] GC(234)   Other: 1.3ms
[2024-12-16T21:13:55.356+0700][gc,heap     ] GC(234) Eden regions: 48->0(44)
[2024-12-16T21:13:55.356+0700][gc,heap     ] GC(234) Survivor regions: 3->7(7)
[2024-12-16T21:13:55.356+0700][gc,heap     ] GC(234) Old regions: 177->177
[2024-12-16T21:13:55.356+0700][gc,heap     ] GC(234) Archive regions: 2->2
[2024-12-16T21:13:55.356+0700][gc,heap     ] GC(234) Humongous regions: 129->129
[2024-12-16T21:13:55.356+0700][gc,metaspace] GC(234) Metaspace: 43403K(43904K)->43403K(43904K) NonClass: 38506K(38784K)->38506K(38784K) Class: 4897K(5120K)->4897K(5120K)
[2024-12-16T21:13:55.356+0700][gc          ] GC(234) Pause Young (Normal) (G1 Evacuation Pause) 357M->313M(1024M) 47.259ms
[2024-12-16T21:13:55.356+0700][gc,cpu      ] GC(234) User=0.08s Sys=0.00s Real=0.05s
[2024-12-16T21:15:31.548+0700][gc,start    ] GC(235) Pause Young (Normal) (G1 Evacuation Pause)
[2024-12-16T21:15:31.549+0700][gc,task     ] GC(235) Using 2 workers of 2 for evacuation
[2024-12-16T21:15:31.612+0700][gc,mmu      ] GC(235) MMU target violated: 21.0ms (20.0ms/21.0ms)
[2024-12-16T21:15:31.612+0700][gc,phases   ] GC(235)   Pre Evacuate Collection Set: 4.3ms
[2024-12-16T21:15:31.612+0700][gc,phases   ] GC(235)   Merge Heap Roots: 0.7ms
[2024-12-16T21:15:31.612+0700][gc,phases   ] GC(235)   Evacuate Collection Set: 54.4ms
[2024-12-16T21:15:31.612+0700][gc,phases   ] GC(235)   Post Evacuate Collection Set: 3.6ms
[2024-12-16T21:15:31.612+0700][gc,phases   ] GC(235)   Other: 1.4ms
[2024-12-16T21:15:31.612+0700][gc,heap     ] GC(235) Eden regions: 44->0(46)
[2024-12-16T21:15:31.612+0700][gc,heap     ] GC(235) Survivor regions: 7->5(7)
[2024-12-16T21:15:31.612+0700][gc,heap     ] GC(235) Old regions: 177->182
[2024-12-16T21:15:31.612+0700][gc,heap     ] GC(235) Archive regions: 2->2
[2024-12-16T21:15:31.612+0700][gc,heap     ] GC(235) Humongous regions: 129->129
[2024-12-16T21:15:31.612+0700][gc,metaspace] GC(235) Metaspace: 43427K(43968K)->43427K(43968K) NonClass: 38529K(38848K)->38529K(38848K) Class: 4897K(5120K)->4897K(5120K)
[2024-12-16T21:15:31.613+0700][gc          ] GC(235) Pause Young (Normal) (G1 Evacuation Pause) 357M->316M(1024M) 64.232ms
[2024-12-16T21:15:31.613+0700][gc,cpu      ] GC(235) User=0.12s Sys=0.00s Real=0.06s
[2024-12-16T21:17:13.737+0700][gc,start    ] GC(236) Pause Young (Normal) (G1 Evacuation Pause)
[2024-12-16T21:17:13.737+0700][gc,task     ] GC(236) Using 2 workers of 2 for evacuation
[2024-12-16T21:17:13.782+0700][gc,mmu      ] GC(236) MMU target violated: 21.0ms (20.0ms/21.0ms)
[2024-12-16T21:17:13.782+0700][gc,phases   ] GC(236)   Pre Evacuate Collection Set: 4.0ms
[2024-12-16T21:17:13.782+0700][gc,phases   ] GC(236)   Merge Heap Roots: 0.6ms
[2024-12-16T21:17:13.782+0700][gc,phases   ] GC(236)   Evacuate Collection Set: 36.8ms
[2024-12-16T21:17:13.782+0700][gc,phases   ] GC(236)   Post Evacuate Collection Set: 3.0ms
[2024-12-16T21:17:13.782+0700][gc,phases   ] GC(236)   Other: 1.3ms
[2024-12-16T21:17:13.782+0700][gc,heap     ] GC(236) Eden regions: 46->0(47)
[2024-12-16T21:17:13.782+0700][gc,heap     ] GC(236) Survivor regions: 5->4(7)
[2024-12-16T21:17:13.782+0700][gc,heap     ] GC(236) Old regions: 182->184
[2024-12-16T21:17:13.782+0700][gc,heap     ] GC(236) Archive regions: 2->2
[2024-12-16T21:17:13.783+0700][gc,heap     ] GC(236) Humongous regions: 129->129
[2024-12-16T21:17:13.783+0700][gc,metaspace] GC(236) Metaspace: 43427K(43968K)->43427K(43968K) NonClass: 38529K(38848K)->38529K(38848K) Class: 4897K(5120K)->4897K(5120K)
[2024-12-16T21:17:13.783+0700][gc          ] GC(236) Pause Young (Normal) (G1 Evacuation Pause) 362M->317M(1024M) 45.778ms
[2024-12-16T21:17:13.783+0700][gc,cpu      ] GC(236) User=0.08s Sys=0.00s Real=0.04s
[2024-12-16T21:18:55.794+0700][gc,start    ] GC(237) Pause Young (Normal) (G1 Evacuation Pause)
[2024-12-16T21:18:55.794+0700][gc,task     ] GC(237) Using 2 workers of 2 for evacuation
[2024-12-16T21:18:55.851+0700][gc,mmu      ] GC(237) MMU target violated: 21.0ms (20.0ms/21.0ms)
[2024-12-16T21:18:55.851+0700][gc,phases   ] GC(237)   Pre Evacuate Collection Set: 2.8ms
[2024-12-16T21:18:55.851+0700][gc,phases   ] GC(237)   Merge Heap Roots: 0.7ms
[2024-12-16T21:18:55.851+0700][gc,phases   ] GC(237)   Evacuate Collection Set: 50.4ms
[2024-12-16T21:18:55.851+0700][gc,phases   ] GC(237)   Post Evacuate Collection Set: 2.4ms
[2024-12-16T21:18:55.851+0700][gc,phases   ] GC(237)   Other: 1.3ms
[2024-12-16T21:18:55.851+0700][gc,heap     ] GC(237) Eden regions: 47->0(44)
[2024-12-16T21:18:55.851+0700][gc,heap     ] GC(237) Survivor regions: 4->7(7)
[2024-12-16T21:18:55.851+0700][gc,heap     ] GC(237) Old regions: 184->184
[2024-12-16T21:18:55.851+0700][gc,heap     ] GC(237) Archive regions: 2->2
[2024-12-16T21:18:55.851+0700][gc,heap     ] GC(237) Humongous regions: 129->129
[2024-12-16T21:18:55.851+0700][gc,metaspace] GC(237) Metaspace: 43446K(43968K)->43446K(43968K) NonClass: 38548K(38848K)->38548K(38848K) Class: 4897K(5120K)->4897K(5120K)
[2024-12-16T21:18:55.851+0700][gc          ] GC(237) Pause Young (Normal) (G1 Evacuation Pause) 364M->320M(1024M) 57.434ms
[2024-12-16T21:18:55.851+0700][gc,cpu      ] GC(237) User=0.12s Sys=0.00s Real=0.06s
[2024-12-16T21:20:32.563+0700][gc,start    ] GC(238) Pause Young (Normal) (G1 Evacuation Pause)
[2024-12-16T21:20:32.564+0700][gc,task     ] GC(238) Using 2 workers of 2 for evacuation
[2024-12-16T21:20:32.616+0700][gc,mmu      ] GC(238) MMU target violated: 21.0ms (20.0ms/21.0ms)
[2024-12-16T21:20:32.616+0700][gc,phases   ] GC(238)   Pre Evacuate Collection Set: 5.1ms
[2024-12-16T21:20:32.616+0700][gc,phases   ] GC(238)   Merge Heap Roots: 0.6ms
[2024-12-16T21:20:32.616+0700][gc,phases   ] GC(238)   Evacuate Collection Set: 42.6ms
[2024-12-16T21:20:32.616+0700][gc,phases   ] GC(238)   Post Evacuate Collection Set: 3.3ms
[2024-12-16T21:20:32.616+0700][gc,phases   ] GC(238)   Other: 1.3ms
[2024-12-16T21:20:32.616+0700][gc,heap     ] GC(238) Eden regions: 44->0(48)
[2024-12-16T21:20:32.616+0700][gc,heap     ] GC(238) Survivor regions: 7->3(7)
[2024-12-16T21:20:32.616+0700][gc,heap     ] GC(238) Old regions: 184->189
[2024-12-16T21:20:32.616+0700][gc,heap     ] GC(238) Archive regions: 2->2
[2024-12-16T21:20:32.616+0700][gc,heap     ] GC(238) Humongous regions: 129->129
[2024-12-16T21:20:32.616+0700][gc,metaspace] GC(238) Metaspace: 43446K(43968K)->43446K(43968K) NonClass: 38548K(38848K)->38548K(38848K) Class: 4897K(5120K)->4897K(5120K)
[2024-12-16T21:20:32.616+0700][gc          ] GC(238) Pause Young (Normal) (G1 Evacuation Pause) 364M->320M(1024M) 52.875ms
[2024-12-16T21:20:32.616+0700][gc,cpu      ] GC(238) User=0.09s Sys=0.00s Real=0.06s
[2024-12-16T21:22:18.992+0700][gc,start    ] GC(239) Pause Young (Normal) (G1 Evacuation Pause)
[2024-12-16T21:22:18.992+0700][gc,task     ] GC(239) Using 2 workers of 2 for evacuation
[2024-12-16T21:22:19.045+0700][gc,mmu      ] GC(239) MMU target violated: 21.0ms (20.0ms/21.0ms)
[2024-12-16T21:22:19.045+0700][gc,phases   ] GC(239)   Pre Evacuate Collection Set: 2.6ms
[2024-12-16T21:22:19.045+0700][gc,phases   ] GC(239)   Merge Heap Roots: 0.9ms
[2024-12-16T21:22:19.045+0700][gc,phases   ] GC(239)   Evacuate Collection Set: 44.3ms
[2024-12-16T21:22:19.045+0700][gc,phases   ] GC(239)   Post Evacuate Collection Set: 4.4ms
[2024-12-16T21:22:19.045+0700][gc,phases   ] GC(239)   Other: 1.6ms
[2024-12-16T21:22:19.046+0700][gc,heap     ] GC(239) Eden regions: 48->0(44)
[2024-12-16T21:22:19.046+0700][gc,heap     ] GC(239) Survivor regions: 3->7(7)
[2024-12-16T21:22:19.046+0700][gc,heap     ] GC(239) Old regions: 189->189
[2024-12-16T21:22:19.046+0700][gc,heap     ] GC(239) Archive regions: 2->2
[2024-12-16T21:22:19.046+0700][gc,heap     ] GC(239) Humongous regions: 129->129
[2024-12-16T21:22:19.046+0700][gc,metaspace] GC(239) Metaspace: 43446K(43968K)->43446K(43968K) NonClass: 38548K(38848K)->38548K(38848K) Class: 4897K(5120K)->4897K(5120K)
[2024-12-16T21:22:19.046+0700][gc          ] GC(239) Pause Young (Normal) (G1 Evacuation Pause) 368M->324M(1024M) 53.886ms
[2024-12-16T21:22:19.046+0700][gc,cpu      ] GC(239) User=0.09s Sys=0.00s Real=0.06s
[2024-12-16T21:23:56.430+0700][gc,start    ] GC(240) Pause Young (Normal) (G1 Evacuation Pause)
[2024-12-16T21:23:56.430+0700][gc,task     ] GC(240) Using 2 workers of 2 for evacuation
[2024-12-16T21:23:56.490+0700][gc,mmu      ] GC(240) MMU target violated: 21.0ms (20.0ms/21.0ms)
[2024-12-16T21:23:56.490+0700][gc,phases   ] GC(240)   Pre Evacuate Collection Set: 3.4ms
[2024-12-16T21:23:56.490+0700][gc,phases   ] GC(240)   Merge Heap Roots: 0.9ms
[2024-12-16T21:23:56.490+0700][gc,phases   ] GC(240)   Evacuate Collection Set: 52.5ms
[2024-12-16T21:23:56.490+0700][gc,phases   ] GC(240)   Post Evacuate Collection Set: 2.8ms
[2024-12-16T21:23:56.491+0700][gc,phases   ] GC(240)   Other: 1.4ms
[2024-12-16T21:23:56.491+0700][gc,heap     ] GC(240) Eden regions: 44->0(46)
[2024-12-16T21:23:56.491+0700][gc,heap     ] GC(240) Survivor regions: 7->5(7)
[2024-12-16T21:23:56.491+0700][gc,heap     ] GC(240) Old regions: 189->193
[2024-12-16T21:23:56.491+0700][gc,heap     ] GC(240) Archive regions: 2->2
[2024-12-16T21:23:56.491+0700][gc,heap     ] GC(240) Humongous regions: 129->129
[2024-12-16T21:23:56.491+0700][gc,metaspace] GC(240) Metaspace: 43446K(43968K)->43446K(43968K) NonClass: 38548K(38848K)->38548K(38848K) Class: 4897K(5120K)->4897K(5120K)
[2024-12-16T21:23:56.491+0700][gc          ] GC(240) Pause Young (Normal) (G1 Evacuation Pause) 368M->327M(1024M) 60.997ms
[2024-12-16T21:23:56.491+0700][gc,cpu      ] GC(240) User=0.12s Sys=0.00s Real=0.06s
[2024-12-16T21:25:33.737+0700][gc,start    ] GC(241) Pause Young (Normal) (G1 Evacuation Pause)
[2024-12-16T21:25:33.737+0700][gc,task     ] GC(241) Using 2 workers of 2 for evacuation
[2024-12-16T21:25:33.784+0700][gc,mmu      ] GC(241) MMU target violated: 21.0ms (20.0ms/21.0ms)
[2024-12-16T21:25:33.785+0700][gc,phases   ] GC(241)   Pre Evacuate Collection Set: 2.7ms
[2024-12-16T21:25:33.785+0700][gc,phases   ] GC(241)   Merge Heap Roots: 0.8ms
[2024-12-16T21:25:33.785+0700][gc,phases   ] GC(241)   Evacuate Collection Set: 39.3ms
[2024-12-16T21:25:33.785+0700][gc,phases   ] GC(241)   Post Evacuate Collection Set: 3.9ms
[2024-12-16T21:25:33.785+0700][gc,phases   ] GC(241)   Other: 1.2ms
[2024-12-16T21:25:33.785+0700][gc,heap     ] GC(241) Eden regions: 46->0(47)
[2024-12-16T21:25:33.785+0700][gc,heap     ] GC(241) Survivor regions: 5->4(7)
[2024-12-16T21:25:33.785+0700][gc,heap     ] GC(241) Old regions: 193->195
[2024-12-16T21:25:33.785+0700][gc,heap     ] GC(241) Archive regions: 2->2
[2024-12-16T21:25:33.785+0700][gc,heap     ] GC(241) Humongous regions: 129->129
[2024-12-16T21:25:33.785+0700][gc,metaspace] GC(241) Metaspace: 43461K(43968K)->43461K(43968K) NonClass: 38563K(38848K)->38563K(38848K) Class: 4897K(5120K)->4897K(5120K)
[2024-12-16T21:25:33.785+0700][gc          ] GC(241) Pause Young (Normal) (G1 Evacuation Pause) 373M->328M(1024M) 47.824ms
[2024-12-16T21:25:33.785+0700][gc,cpu      ] GC(241) User=0.09s Sys=0.00s Real=0.05s
[2024-12-16T21:27:17.609+0700][gc,start    ] GC(242) Pause Young (Normal) (G1 Evacuation Pause)
[2024-12-16T21:27:17.609+0700][gc,task     ] GC(242) Using 2 workers of 2 for evacuation
[2024-12-16T21:27:17.661+0700][gc,mmu      ] GC(242) MMU target violated: 21.0ms (20.0ms/21.0ms)
[2024-12-16T21:27:17.661+0700][gc,phases   ] GC(242)   Pre Evacuate Collection Set: 2.8ms
[2024-12-16T21:27:17.661+0700][gc,phases   ] GC(242)   Merge Heap Roots: 0.7ms
[2024-12-16T21:27:17.661+0700][gc,phases   ] GC(242)   Evacuate Collection Set: 45.0ms
[2024-12-16T21:27:17.661+0700][gc,phases   ] GC(242)   Post Evacuate Collection Set: 2.7ms
[2024-12-16T21:27:17.661+0700][gc,phases   ] GC(242)   Other: 1.3ms
[2024-12-16T21:27:17.661+0700][gc,heap     ] GC(242) Eden regions: 47->0(44)
[2024-12-16T21:27:17.661+0700][gc,heap     ] GC(242) Survivor regions: 4->7(7)
[2024-12-16T21:27:17.661+0700][gc,heap     ] GC(242) Old regions: 195->195
[2024-12-16T21:27:17.661+0700][gc,heap     ] GC(242) Archive regions: 2->2
[2024-12-16T21:27:17.661+0700][gc,heap     ] GC(242) Humongous regions: 129->129
[2024-12-16T21:27:17.661+0700][gc,metaspace] GC(242) Metaspace: 43461K(43968K)->43461K(43968K) NonClass: 38563K(38848K)->38563K(38848K) Class: 4897K(5120K)->4897K(5120K)
[2024-12-16T21:27:17.661+0700][gc          ] GC(242) Pause Young (Normal) (G1 Evacuation Pause) 375M->331M(1024M) 52.634ms
[2024-12-16T21:27:17.662+0700][gc,cpu      ] GC(242) User=0.10s Sys=0.00s Real=0.05s
[2024-12-16T21:28:55.077+0700][gc,start    ] GC(243) Pause Young (Normal) (G1 Evacuation Pause)
[2024-12-16T21:28:55.077+0700][gc,task     ] GC(243) Using 2 workers of 2 for evacuation
[2024-12-16T21:28:55.125+0700][gc,mmu      ] GC(243) MMU target violated: 21.0ms (20.0ms/21.0ms)
[2024-12-16T21:28:55.125+0700][gc,phases   ] GC(243)   Pre Evacuate Collection Set: 4.0ms
[2024-12-16T21:28:55.125+0700][gc,phases   ] GC(243)   Merge Heap Roots: 0.8ms
[2024-12-16T21:28:55.125+0700][gc,phases   ] GC(243)   Evacuate Collection Set: 39.8ms
[2024-12-16T21:28:55.125+0700][gc,phases   ] GC(243)   Post Evacuate Collection Set: 2.4ms
[2024-12-16T21:28:55.125+0700][gc,phases   ] GC(243)   Other: 1.5ms
[2024-12-16T21:28:55.125+0700][gc,heap     ] GC(243) Eden regions: 44->0(47)
[2024-12-16T21:28:55.125+0700][gc,heap     ] GC(243) Survivor regions: 7->4(7)
[2024-12-16T21:28:55.125+0700][gc,heap     ] GC(243) Old regions: 195->200
[2024-12-16T21:28:55.125+0700][gc,heap     ] GC(243) Archive regions: 2->2
[2024-12-16T21:28:55.125+0700][gc,heap     ] GC(243) Humongous regions: 129->129
[2024-12-16T21:28:55.125+0700][gc,metaspace] GC(243) Metaspace: 43461K(43968K)->43461K(43968K) NonClass: 38563K(38848K)->38563K(38848K) Class: 4897K(5120K)->4897K(5120K)
[2024-12-16T21:28:55.125+0700][gc          ] GC(243) Pause Young (Normal) (G1 Evacuation Pause) 375M->332M(1024M) 48.418ms
[2024-12-16T21:28:55.125+0700][gc,cpu      ] GC(243) User=0.09s Sys=0.00s Real=0.05s
[2024-12-16T21:30:38.952+0700][gc,start    ] GC(244) Pause Young (Normal) (G1 Evacuation Pause)
[2024-12-16T21:30:38.953+0700][gc,task     ] GC(244) Using 2 workers of 2 for evacuation
[2024-12-16T21:30:39.005+0700][gc,mmu      ] GC(244) MMU target violated: 21.0ms (20.0ms/21.0ms)
[2024-12-16T21:30:39.005+0700][gc,phases   ] GC(244)   Pre Evacuate Collection Set: 4.1ms
[2024-12-16T21:30:39.005+0700][gc,phases   ] GC(244)   Merge Heap Roots: 0.8ms
[2024-12-16T21:30:39.005+0700][gc,phases   ] GC(244)   Evacuate Collection Set: 43.7ms
[2024-12-16T21:30:39.005+0700][gc,phases   ] GC(244)   Post Evacuate Collection Set: 3.2ms
[2024-12-16T21:30:39.005+0700][gc,phases   ] GC(244)   Other: 1.4ms
[2024-12-16T21:30:39.005+0700][gc,heap     ] GC(244) Eden regions: 47->0(44)
[2024-12-16T21:30:39.005+0700][gc,heap     ] GC(244) Survivor regions: 4->7(7)
[2024-12-16T21:30:39.006+0700][gc,heap     ] GC(244) Old regions: 200->200
[2024-12-16T21:30:39.006+0700][gc,heap     ] GC(244) Archive regions: 2->2
[2024-12-16T21:30:39.006+0700][gc,heap     ] GC(244) Humongous regions: 129->129
[2024-12-16T21:30:39.006+0700][gc,metaspace] GC(244) Metaspace: 43461K(43968K)->43461K(43968K) NonClass: 38563K(38848K)->38563K(38848K) Class: 4897K(5120K)->4897K(5120K)
[2024-12-16T21:30:39.006+0700][gc          ] GC(244) Pause Young (Normal) (G1 Evacuation Pause) 379M->335M(1024M) 53.292ms
[2024-12-16T21:30:39.006+0700][gc,cpu      ] GC(244) User=0.10s Sys=0.00s Real=0.06s
[2024-12-16T21:32:16.356+0700][gc,start    ] GC(245) Pause Young (Normal) (G1 Evacuation Pause)
[2024-12-16T21:32:16.356+0700][gc,task     ] GC(245) Using 2 workers of 2 for evacuation
[2024-12-16T21:32:16.416+0700][gc,mmu      ] GC(245) MMU target violated: 21.0ms (20.0ms/21.0ms)
[2024-12-16T21:32:16.416+0700][gc,phases   ] GC(245)   Pre Evacuate Collection Set: 2.7ms
[2024-12-16T21:32:16.416+0700][gc,phases   ] GC(245)   Merge Heap Roots: 0.7ms
[2024-12-16T21:32:16.416+0700][gc,phases   ] GC(245)   Evacuate Collection Set: 52.9ms
[2024-12-16T21:32:16.416+0700][gc,phases   ] GC(245)   Post Evacuate Collection Set: 2.6ms
[2024-12-16T21:32:16.416+0700][gc,phases   ] GC(245)   Other: 1.4ms
[2024-12-16T21:32:16.416+0700][gc,heap     ] GC(245) Eden regions: 44->0(45)
[2024-12-16T21:32:16.416+0700][gc,heap     ] GC(245) Survivor regions: 7->6(7)
[2024-12-16T21:32:16.416+0700][gc,heap     ] GC(245) Old regions: 200->204
[2024-12-16T21:32:16.416+0700][gc,heap     ] GC(245) Archive regions: 2->2
[2024-12-16T21:32:16.416+0700][gc,heap     ] GC(245) Humongous regions: 129->129
[2024-12-16T21:32:16.416+0700][gc,metaspace] GC(245) Metaspace: 43461K(43968K)->43461K(43968K) NonClass: 38563K(38848K)->38563K(38848K) Class: 4897K(5120K)->4897K(5120K)
[2024-12-16T21:32:16.416+0700][gc          ] GC(245) Pause Young (Normal) (G1 Evacuation Pause) 379M->339M(1024M) 60.537ms
[2024-12-16T21:32:16.416+0700][gc,cpu      ] GC(245) User=0.11s Sys=0.00s Real=0.07s
[2024-12-16T21:33:55.519+0700][gc,start    ] GC(246) Pause Young (Normal) (G1 Evacuation Pause)
[2024-12-16T21:33:55.520+0700][gc,task     ] GC(246) Using 2 workers of 2 for evacuation
[2024-12-16T21:33:55.561+0700][gc,mmu      ] GC(246) MMU target violated: 21.0ms (20.0ms/21.0ms)
[2024-12-16T21:33:55.561+0700][gc,phases   ] GC(246)   Pre Evacuate Collection Set: 2.7ms
[2024-12-16T21:33:55.561+0700][gc,phases   ] GC(246)   Merge Heap Roots: 0.7ms
[2024-12-16T21:33:55.561+0700][gc,phases   ] GC(246)   Evacuate Collection Set: 33.5ms
[2024-12-16T21:33:55.561+0700][gc,phases   ] GC(246)   Post Evacuate Collection Set: 4.0ms
[2024-12-16T21:33:55.561+0700][gc,phases   ] GC(246)   Other: 1.4ms
[2024-12-16T21:33:55.561+0700][gc,heap     ] GC(246) Eden regions: 45->0(47)
[2024-12-16T21:33:55.561+0700][gc,heap     ] GC(246) Survivor regions: 6->4(7)
[2024-12-16T21:33:55.561+0700][gc,heap     ] GC(246) Old regions: 204->206
[2024-12-16T21:33:55.561+0700][gc,heap     ] GC(246) Archive regions: 2->2
[2024-12-16T21:33:55.561+0700][gc,heap     ] GC(246) Humongous regions: 129->129
[2024-12-16T21:33:55.562+0700][gc,metaspace] GC(246) Metaspace: 43461K(43968K)->43461K(43968K) NonClass: 38563K(38848K)->38563K(38848K) Class: 4897K(5120K)->4897K(5120K)
[2024-12-16T21:33:55.562+0700][gc          ] GC(246) Pause Young (Normal) (G1 Evacuation Pause) 384M->339M(1024M) 42.310ms
[2024-12-16T21:33:55.562+0700][gc,cpu      ] GC(246) User=0.08s Sys=0.00s Real=0.04s
[2024-12-16T21:35:39.306+0700][gc,start    ] GC(247) Pause Young (Normal) (G1 Evacuation Pause)
[2024-12-16T21:35:39.307+0700][gc,task     ] GC(247) Using 2 workers of 2 for evacuation
[2024-12-16T21:35:39.365+0700][gc,mmu      ] GC(247) MMU target violated: 21.0ms (20.0ms/21.0ms)
[2024-12-16T21:35:39.365+0700][gc,phases   ] GC(247)   Pre Evacuate Collection Set: 7.9ms
[2024-12-16T21:35:39.365+0700][gc,phases   ] GC(247)   Merge Heap Roots: 1.0ms
[2024-12-16T21:35:39.365+0700][gc,phases   ] GC(247)   Evacuate Collection Set: 45.2ms
[2024-12-16T21:35:39.365+0700][gc,phases   ] GC(247)   Post Evacuate Collection Set: 3.8ms
[2024-12-16T21:35:39.365+0700][gc,phases   ] GC(247)   Other: 1.8ms
[2024-12-16T21:35:39.365+0700][gc,heap     ] GC(247) Eden regions: 47->0(44)
[2024-12-16T21:35:39.365+0700][gc,heap     ] GC(247) Survivor regions: 4->7(7)
[2024-12-16T21:35:39.365+0700][gc,heap     ] GC(247) Old regions: 206->206
[2024-12-16T21:35:39.365+0700][gc,heap     ] GC(247) Archive regions: 2->2
[2024-12-16T21:35:39.365+0700][gc,heap     ] GC(247) Humongous regions: 129->129
[2024-12-16T21:35:39.365+0700][gc,metaspace] GC(247) Metaspace: 43461K(43968K)->43461K(43968K) NonClass: 38563K(38848K)->38563K(38848K) Class: 4897K(5120K)->4897K(5120K)
[2024-12-16T21:35:39.366+0700][gc          ] GC(247) Pause Young (Normal) (G1 Evacuation Pause) 386M->342M(1024M) 59.290ms
[2024-12-16T21:35:39.366+0700][gc,cpu      ] GC(247) User=0.11s Sys=0.00s Real=0.06s
[2024-12-16T21:37:16.748+0700][gc,start    ] GC(248) Pause Young (Normal) (G1 Evacuation Pause)
[2024-12-16T21:37:16.749+0700][gc,task     ] GC(248) Using 2 workers of 2 for evacuation
[2024-12-16T21:37:16.801+0700][gc,mmu      ] GC(248) MMU target violated: 21.0ms (20.0ms/21.0ms)
[2024-12-16T21:37:16.801+0700][gc,phases   ] GC(248)   Pre Evacuate Collection Set: 3.3ms
[2024-12-16T21:37:16.801+0700][gc,phases   ] GC(248)   Merge Heap Roots: 1.1ms
[2024-12-16T21:37:16.801+0700][gc,phases   ] GC(248)   Evacuate Collection Set: 44.7ms
[2024-12-16T21:37:16.801+0700][gc,phases   ] GC(248)   Post Evacuate Collection Set: 2.6ms
[2024-12-16T21:37:16.801+0700][gc,phases   ] GC(248)   Other: 5.6ms
[2024-12-16T21:37:16.801+0700][gc,heap     ] GC(248) Eden regions: 44->0(48)
[2024-12-16T21:37:16.801+0700][gc,heap     ] GC(248) Survivor regions: 7->3(7)
[2024-12-16T21:37:16.801+0700][gc,heap     ] GC(248) Old regions: 206->211
[2024-12-16T21:37:16.801+0700][gc,heap     ] GC(248) Archive regions: 2->2
[2024-12-16T21:37:16.801+0700][gc,heap     ] GC(248) Humongous regions: 129->129
[2024-12-16T21:37:16.801+0700][gc,metaspace] GC(248) Metaspace: 43461K(43968K)->43461K(43968K) NonClass: 38563K(38848K)->38563K(38848K) Class: 4897K(5120K)->4897K(5120K)
[2024-12-16T21:37:16.801+0700][gc          ] GC(248) Pause Young (Normal) (G1 Evacuation Pause) 386M->343M(1024M) 53.041ms
[2024-12-16T21:37:16.801+0700][gc,cpu      ] GC(248) User=0.10s Sys=0.01s Real=0.05s
[2024-12-16T21:38:59.286+0700][gc,start    ] GC(249) Pause Young (Normal) (G1 Evacuation Pause)
[2024-12-16T21:38:59.287+0700][gc,task     ] GC(249) Using 2 workers of 2 for evacuation
[2024-12-16T21:38:59.336+0700][gc,mmu      ] GC(249) MMU target violated: 21.0ms (20.0ms/21.0ms)
[2024-12-16T21:38:59.336+0700][gc,phases   ] GC(249)   Pre Evacuate Collection Set: 2.8ms
[2024-12-16T21:38:59.336+0700][gc,phases   ] GC(249)   Merge Heap Roots: 1.0ms
[2024-12-16T21:38:59.336+0700][gc,phases   ] GC(249)   Evacuate Collection Set: 41.2ms
[2024-12-16T21:38:59.336+0700][gc,phases   ] GC(249)   Post Evacuate Collection Set: 3.8ms
[2024-12-16T21:38:59.336+0700][gc,phases   ] GC(249)   Other: 1.5ms
[2024-12-16T21:38:59.336+0700][gc,heap     ] GC(249) Eden regions: 48->0(44)
[2024-12-16T21:38:59.336+0700][gc,heap     ] GC(249) Survivor regions: 3->7(7)
[2024-12-16T21:38:59.336+0700][gc,heap     ] GC(249) Old regions: 211->211
[2024-12-16T21:38:59.336+0700][gc,heap     ] GC(249) Archive regions: 2->2
[2024-12-16T21:38:59.336+0700][gc,heap     ] GC(249) Humongous regions: 129->129
[2024-12-16T21:38:59.336+0700][gc,metaspace] GC(249) Metaspace: 43463K(43968K)->43463K(43968K) NonClass: 38565K(38848K)->38565K(38848K) Class: 4897K(5120K)->4897K(5120K)
[2024-12-16T21:38:59.336+0700][gc          ] GC(249) Pause Young (Normal) (G1 Evacuation Pause) 391M->346M(1024M) 50.324ms
[2024-12-16T21:38:59.337+0700][gc,cpu      ] GC(249) User=0.09s Sys=0.00s Real=0.05s
[2024-12-16T21:40:36.752+0700][gc,start    ] GC(250) Pause Young (Normal) (G1 Evacuation Pause)
[2024-12-16T21:40:36.752+0700][gc,task     ] GC(250) Using 2 workers of 2 for evacuation
[2024-12-16T21:40:36.850+0700][gc,mmu      ] GC(250) MMU target violated: 21.0ms (20.0ms/21.0ms)
[2024-12-16T21:40:36.850+0700][gc,phases   ] GC(250)   Pre Evacuate Collection Set: 3.7ms
[2024-12-16T21:40:36.850+0700][gc,phases   ] GC(250)   Merge Heap Roots: 0.8ms
[2024-12-16T21:40:36.850+0700][gc,phases   ] GC(250)   Evacuate Collection Set: 89.5ms
[2024-12-16T21:40:36.850+0700][gc,phases   ] GC(250)   Post Evacuate Collection Set: 3.0ms
[2024-12-16T21:40:36.850+0700][gc,phases   ] GC(250)   Other: 1.6ms
[2024-12-16T21:40:36.850+0700][gc,heap     ] GC(250) Eden regions: 44->0(45)
[2024-12-16T21:40:36.850+0700][gc,heap     ] GC(250) Survivor regions: 7->6(7)
[2024-12-16T21:40:36.850+0700][gc,heap     ] GC(250) Old regions: 211->215
[2024-12-16T21:40:36.850+0700][gc,heap     ] GC(250) Archive regions: 2->2
[2024-12-16T21:40:36.850+0700][gc,heap     ] GC(250) Humongous regions: 129->129
[2024-12-16T21:40:36.850+0700][gc,metaspace] GC(250) Metaspace: 43463K(43968K)->43463K(43968K) NonClass: 38565K(38848K)->38565K(38848K) Class: 4897K(5120K)->4897K(5120K)
[2024-12-16T21:40:36.850+0700][gc          ] GC(250) Pause Young (Normal) (G1 Evacuation Pause) 390M->350M(1024M) 98.524ms
[2024-12-16T21:40:36.850+0700][gc,cpu      ] GC(250) User=0.18s Sys=0.00s Real=0.10s
[2024-12-16T21:42:16.243+0700][gc,start    ] GC(251) Pause Young (Normal) (G1 Evacuation Pause)
[2024-12-16T21:42:16.243+0700][gc,task     ] GC(251) Using 2 workers of 2 for evacuation
[2024-12-16T21:42:16.284+0700][gc,mmu      ] GC(251) MMU target violated: 21.0ms (20.0ms/21.0ms)
[2024-12-16T21:42:16.284+0700][gc,phases   ] GC(251)   Pre Evacuate Collection Set: 2.7ms
[2024-12-16T21:42:16.284+0700][gc,phases   ] GC(251)   Merge Heap Roots: 0.8ms
[2024-12-16T21:42:16.284+0700][gc,phases   ] GC(251)   Evacuate Collection Set: 34.2ms
[2024-12-16T21:42:16.284+0700][gc,phases   ] GC(251)   Post Evacuate Collection Set: 2.7ms
[2024-12-16T21:42:16.284+0700][gc,phases   ] GC(251)   Other: 1.3ms
[2024-12-16T21:42:16.284+0700][gc,heap     ] GC(251) Eden regions: 45->0(47)
[2024-12-16T21:42:16.284+0700][gc,heap     ] GC(251) Survivor regions: 6->4(7)
[2024-12-16T21:42:16.284+0700][gc,heap     ] GC(251) Old regions: 215->217
[2024-12-16T21:42:16.284+0700][gc,heap     ] GC(251) Archive regions: 2->2
[2024-12-16T21:42:16.284+0700][gc,heap     ] GC(251) Humongous regions: 129->129
[2024-12-16T21:42:16.284+0700][gc,metaspace] GC(251) Metaspace: 43463K(43968K)->43463K(43968K) NonClass: 38565K(38848K)->38565K(38848K) Class: 4897K(5120K)->4897K(5120K)
[2024-12-16T21:42:16.284+0700][gc          ] GC(251) Pause Young (Normal) (G1 Evacuation Pause) 395M->350M(1024M) 41.820ms
[2024-12-16T21:42:16.284+0700][gc,cpu      ] GC(251) User=0.08s Sys=0.00s Real=0.05s
[2024-12-16T21:44:00.015+0700][gc,start    ] GC(252) Pause Young (Normal) (G1 Evacuation Pause)
[2024-12-16T21:44:00.015+0700][gc,task     ] GC(252) Using 2 workers of 2 for evacuation
[2024-12-16T21:44:00.067+0700][gc,mmu      ] GC(252) MMU target violated: 21.0ms (20.0ms/21.0ms)
[2024-12-16T21:44:00.068+0700][gc,phases   ] GC(252)   Pre Evacuate Collection Set: 4.2ms
[2024-12-16T21:44:00.068+0700][gc,phases   ] GC(252)   Merge Heap Roots: 0.6ms
[2024-12-16T21:44:00.068+0700][gc,phases   ] GC(252)   Evacuate Collection Set: 44.3ms
[2024-12-16T21:44:00.068+0700][gc,phases   ] GC(252)   Post Evacuate Collection Set: 2.3ms
[2024-12-16T21:44:00.068+0700][gc,phases   ] GC(252)   Other: 1.2ms
[2024-12-16T21:44:00.068+0700][gc,heap     ] GC(252) Eden regions: 47->0(44)
[2024-12-16T21:44:00.068+0700][gc,heap     ] GC(252) Survivor regions: 4->7(7)
[2024-12-16T21:44:00.068+0700][gc,heap     ] GC(252) Old regions: 217->217
[2024-12-16T21:44:00.068+0700][gc,heap     ] GC(252) Archive regions: 2->2
[2024-12-16T21:44:00.068+0700][gc,heap     ] GC(252) Humongous regions: 129->129
[2024-12-16T21:44:00.068+0700][gc,metaspace] GC(252) Metaspace: 43463K(43968K)->43463K(43968K) NonClass: 38565K(38848K)->38565K(38848K) Class: 4897K(5120K)->4897K(5120K)
[2024-12-16T21:44:00.068+0700][gc          ] GC(252) Pause Young (Normal) (G1 Evacuation Pause) 397M->353M(1024M) 52.599ms
[2024-12-16T21:44:00.068+0700][gc,cpu      ] GC(252) User=0.10s Sys=0.00s Real=0.06s
[2024-12-16T21:45:36.837+0700][gc,start    ] GC(253) Pause Young (Normal) (G1 Evacuation Pause)
[2024-12-16T21:45:36.837+0700][gc,task     ] GC(253) Using 2 workers of 2 for evacuation
[2024-12-16T21:45:36.887+0700][gc,mmu      ] GC(253) MMU target violated: 21.0ms (20.0ms/21.0ms)
[2024-12-16T21:45:36.887+0700][gc,phases   ] GC(253)   Pre Evacuate Collection Set: 4.0ms
[2024-12-16T21:45:36.887+0700][gc,phases   ] GC(253)   Merge Heap Roots: 0.9ms
[2024-12-16T21:45:36.887+0700][gc,phases   ] GC(253)   Evacuate Collection Set: 40.8ms
[2024-12-16T21:45:36.887+0700][gc,phases   ] GC(253)   Post Evacuate Collection Set: 3.2ms
[2024-12-16T21:45:36.887+0700][gc,phases   ] GC(253)   Other: 1.3ms
[2024-12-16T21:45:36.887+0700][gc,heap     ] GC(253) Eden regions: 44->0(48)
[2024-12-16T21:45:36.887+0700][gc,heap     ] GC(253) Survivor regions: 7->3(7)
[2024-12-16T21:45:36.887+0700][gc,heap     ] GC(253) Old regions: 217->222
[2024-12-16T21:45:36.887+0700][gc,heap     ] GC(253) Archive regions: 2->2
[2024-12-16T21:45:36.887+0700][gc,heap     ] GC(253) Humongous regions: 129->129
[2024-12-16T21:45:36.887+0700][gc,metaspace] GC(253) Metaspace: 43463K(43968K)->43463K(43968K) NonClass: 38565K(38848K)->38565K(38848K) Class: 4897K(5120K)->4897K(5120K)
[2024-12-16T21:45:36.887+0700][gc          ] GC(253) Pause Young (Normal) (G1 Evacuation Pause) 397M->354M(1024M) 50.425ms
[2024-12-16T21:45:36.887+0700][gc,cpu      ] GC(253) User=0.09s Sys=0.00s Real=0.05s
[2024-12-16T21:47:23.727+0700][gc,start    ] GC(254) Pause Young (Normal) (G1 Evacuation Pause)
[2024-12-16T21:47:23.727+0700][gc,task     ] GC(254) Using 2 workers of 2 for evacuation
[2024-12-16T21:47:23.774+0700][gc,mmu      ] GC(254) MMU target violated: 21.0ms (20.0ms/21.0ms)
[2024-12-16T21:47:23.774+0700][gc,phases   ] GC(254)   Pre Evacuate Collection Set: 2.7ms
[2024-12-16T21:47:23.774+0700][gc,phases   ] GC(254)   Merge Heap Roots: 0.6ms
[2024-12-16T21:47:23.774+0700][gc,phases   ] GC(254)   Evacuate Collection Set: 40.9ms
[2024-12-16T21:47:23.774+0700][gc,phases   ] GC(254)   Post Evacuate Collection Set: 2.6ms
[2024-12-16T21:47:23.774+0700][gc,phases   ] GC(254)   Other: 1.3ms
[2024-12-16T21:47:23.774+0700][gc,heap     ] GC(254) Eden regions: 48->0(44)
[2024-12-16T21:47:23.774+0700][gc,heap     ] GC(254) Survivor regions: 3->7(7)
[2024-12-16T21:47:23.774+0700][gc,heap     ] GC(254) Old regions: 222->222
[2024-12-16T21:47:23.774+0700][gc,heap     ] GC(254) Archive regions: 2->2
[2024-12-16T21:47:23.774+0700][gc,heap     ] GC(254) Humongous regions: 129->129
[2024-12-16T21:47:23.774+0700][gc,metaspace] GC(254) Metaspace: 43463K(43968K)->43463K(43968K) NonClass: 38565K(38848K)->38565K(38848K) Class: 4897K(5120K)->4897K(5120K)
[2024-12-16T21:47:23.775+0700][gc          ] GC(254) Pause Young (Normal) (G1 Evacuation Pause) 402M->357M(1024M) 48.044ms
[2024-12-16T21:47:23.775+0700][gc,cpu      ] GC(254) User=0.09s Sys=0.00s Real=0.04s
[2024-12-16T21:49:01.043+0700][gc,start    ] GC(255) Pause Young (Normal) (G1 Evacuation Pause)
[2024-12-16T21:49:01.043+0700][gc,task     ] GC(255) Using 2 workers of 2 for evacuation
[2024-12-16T21:49:01.106+0700][gc,mmu      ] GC(255) MMU target violated: 21.0ms (20.0ms/21.0ms)
[2024-12-16T21:49:01.106+0700][gc,phases   ] GC(255)   Pre Evacuate Collection Set: 2.7ms
[2024-12-16T21:49:01.106+0700][gc,phases   ] GC(255)   Merge Heap Roots: 0.6ms
[2024-12-16T21:49:01.106+0700][gc,phases   ] GC(255)   Evacuate Collection Set: 54.8ms
[2024-12-16T21:49:01.106+0700][gc,phases   ] GC(255)   Post Evacuate Collection Set: 3.9ms
[2024-12-16T21:49:01.106+0700][gc,phases   ] GC(255)   Other: 1.4ms
[2024-12-16T21:49:01.106+0700][gc,heap     ] GC(255) Eden regions: 44->0(45)
[2024-12-16T21:49:01.106+0700][gc,heap     ] GC(255) Survivor regions: 7->6(7)
[2024-12-16T21:49:01.106+0700][gc,heap     ] GC(255) Old regions: 222->226
[2024-12-16T21:49:01.106+0700][gc,heap     ] GC(255) Archive regions: 2->2
[2024-12-16T21:49:01.106+0700][gc,heap     ] GC(255) Humongous regions: 129->129
[2024-12-16T21:49:01.106+0700][gc,metaspace] GC(255) Metaspace: 43463K(43968K)->43463K(43968K) NonClass: 38565K(38848K)->38565K(38848K) Class: 4897K(5120K)->4897K(5120K)
[2024-12-16T21:49:01.106+0700][gc          ] GC(255) Pause Young (Normal) (G1 Evacuation Pause) 401M->361M(1024M) 63.367ms
[2024-12-16T21:49:01.106+0700][gc,cpu      ] GC(255) User=0.11s Sys=0.00s Real=0.07s
[2024-12-16T21:50:40.599+0700][gc,start    ] GC(256) Pause Young (Normal) (G1 Evacuation Pause)
[2024-12-16T21:50:40.599+0700][gc,task     ] GC(256) Using 2 workers of 2 for evacuation
[2024-12-16T21:50:40.638+0700][gc,mmu      ] GC(256) MMU target violated: 21.0ms (20.0ms/21.0ms)
[2024-12-16T21:50:40.638+0700][gc,phases   ] GC(256)   Pre Evacuate Collection Set: 2.8ms
[2024-12-16T21:50:40.638+0700][gc,phases   ] GC(256)   Merge Heap Roots: 0.6ms
[2024-12-16T21:50:40.638+0700][gc,phases   ] GC(256)   Evacuate Collection Set: 32.6ms
[2024-12-16T21:50:40.638+0700][gc,phases   ] GC(256)   Post Evacuate Collection Set: 2.5ms
[2024-12-16T21:50:40.638+0700][gc,phases   ] GC(256)   Other: 1.3ms
[2024-12-16T21:50:40.638+0700][gc,heap     ] GC(256) Eden regions: 45->0(47)
[2024-12-16T21:50:40.638+0700][gc,heap     ] GC(256) Survivor regions: 6->4(7)
[2024-12-16T21:50:40.638+0700][gc,heap     ] GC(256) Old regions: 226->228
[2024-12-16T21:50:40.638+0700][gc,heap     ] GC(256) Archive regions: 2->2
[2024-12-16T21:50:40.638+0700][gc,heap     ] GC(256) Humongous regions: 129->129
[2024-12-16T21:50:40.638+0700][gc,metaspace] GC(256) Metaspace: 43463K(43968K)->43463K(43968K) NonClass: 38565K(38848K)->38565K(38848K) Class: 4897K(5120K)->4897K(5120K)
[2024-12-16T21:50:40.639+0700][gc          ] GC(256) Pause Young (Normal) (G1 Evacuation Pause) 406M->361M(1024M) 39.997ms
[2024-12-16T21:50:40.639+0700][gc,cpu      ] GC(256) User=0.08s Sys=0.00s Real=0.04s
[2024-12-16T21:52:18.589+0700][gc,start    ] GC(257) Pause Young (Normal) (G1 Evacuation Pause)
[2024-12-16T21:52:18.589+0700][gc,task     ] GC(257) Using 2 workers of 2 for evacuation
[2024-12-16T21:52:18.641+0700][gc,mmu      ] GC(257) MMU target violated: 21.0ms (20.0ms/21.0ms)
[2024-12-16T21:52:18.641+0700][gc,phases   ] GC(257)   Pre Evacuate Collection Set: 3.5ms
[2024-12-16T21:52:18.641+0700][gc,phases   ] GC(257)   Merge Heap Roots: 0.8ms
[2024-12-16T21:52:18.641+0700][gc,phases   ] GC(257)   Evacuate Collection Set: 44.1ms
[2024-12-16T21:52:18.641+0700][gc,phases   ] GC(257)   Post Evacuate Collection Set: 2.8ms
[2024-12-16T21:52:18.641+0700][gc,phases   ] GC(257)   Other: 1.3ms
[2024-12-16T21:52:18.641+0700][gc,heap     ] GC(257) Eden regions: 47->0(44)
[2024-12-16T21:52:18.641+0700][gc,heap     ] GC(257) Survivor regions: 4->7(7)
[2024-12-16T21:52:18.641+0700][gc,heap     ] GC(257) Old regions: 228->228
[2024-12-16T21:52:18.641+0700][gc,heap     ] GC(257) Archive regions: 2->2
[2024-12-16T21:52:18.641+0700][gc,heap     ] GC(257) Humongous regions: 129->129
[2024-12-16T21:52:18.641+0700][gc,metaspace] GC(257) Metaspace: 43465K(43968K)->43465K(43968K) NonClass: 38567K(38848K)->38567K(38848K) Class: 4897K(5120K)->4897K(5120K)
[2024-12-16T21:52:18.641+0700][gc          ] GC(257) Pause Young (Normal) (G1 Evacuation Pause) 408M->364M(1024M) 52.431ms
[2024-12-16T21:52:18.641+0700][gc,cpu      ] GC(257) User=0.10s Sys=0.00s Real=0.05s
[2024-12-16T21:53:56.006+0700][gc,start    ] GC(258) Pause Young (Normal) (G1 Evacuation Pause)
[2024-12-16T21:53:56.006+0700][gc,task     ] GC(258) Using 2 workers of 2 for evacuation
[2024-12-16T21:53:56.049+0700][gc,mmu      ] GC(258) MMU target violated: 21.0ms (20.0ms/21.0ms)
[2024-12-16T21:53:56.049+0700][gc,phases   ] GC(258)   Pre Evacuate Collection Set: 3.4ms
[2024-12-16T21:53:56.049+0700][gc,phases   ] GC(258)   Merge Heap Roots: 1.0ms
[2024-12-16T21:53:56.049+0700][gc,phases   ] GC(258)   Evacuate Collection Set: 34.9ms
[2024-12-16T21:53:56.049+0700][gc,phases   ] GC(258)   Post Evacuate Collection Set: 3.1ms
[2024-12-16T21:53:56.049+0700][gc,phases   ] GC(258)   Other: 1.6ms
[2024-12-16T21:53:56.050+0700][gc,heap     ] GC(258) Eden regions: 44->0(49)
[2024-12-16T21:53:56.050+0700][gc,heap     ] GC(258) Survivor regions: 7->2(7)
[2024-12-16T21:53:56.050+0700][gc,heap     ] GC(258) Old regions: 228->232
[2024-12-16T21:53:56.050+0700][gc,heap     ] GC(258) Archive regions: 2->2
[2024-12-16T21:53:56.050+0700][gc,heap     ] GC(258) Humongous regions: 129->129
[2024-12-16T21:53:56.050+0700][gc,metaspace] GC(258) Metaspace: 43465K(43968K)->43465K(43968K) NonClass: 38567K(38848K)->38567K(38848K) Class: 4897K(5120K)->4897K(5120K)
[2024-12-16T21:53:56.050+0700][gc          ] GC(258) Pause Young (Normal) (G1 Evacuation Pause) 408M->363M(1024M) 44.045ms
[2024-12-16T21:53:56.050+0700][gc,cpu      ] GC(258) User=0.08s Sys=0.00s Real=0.04s
[2024-12-16T21:55:41.963+0700][gc,start    ] GC(259) Pause Young (Normal) (G1 Evacuation Pause)
[2024-12-16T21:55:41.964+0700][gc,task     ] GC(259) Using 2 workers of 2 for evacuation
[2024-12-16T21:55:42.006+0700][gc,mmu      ] GC(259) MMU target violated: 21.0ms (20.0ms/21.0ms)
[2024-12-16T21:55:42.006+0700][gc,phases   ] GC(259)   Pre Evacuate Collection Set: 2.9ms
[2024-12-16T21:55:42.006+0700][gc,phases   ] GC(259)   Merge Heap Roots: 1.0ms
[2024-12-16T21:55:42.006+0700][gc,phases   ] GC(259)   Evacuate Collection Set: 34.3ms
[2024-12-16T21:55:42.006+0700][gc,phases   ] GC(259)   Post Evacuate Collection Set: 3.5ms
[2024-12-16T21:55:42.006+0700][gc,phases   ] GC(259)   Other: 1.3ms
[2024-12-16T21:55:42.006+0700][gc,heap     ] GC(259) Eden regions: 49->0(45)
[2024-12-16T21:55:42.006+0700][gc,heap     ] GC(259) Survivor regions: 2->6(7)
[2024-12-16T21:55:42.006+0700][gc,heap     ] GC(259) Old regions: 232->232
[2024-12-16T21:55:42.006+0700][gc,heap     ] GC(259) Archive regions: 2->2
[2024-12-16T21:55:42.006+0700][gc,heap     ] GC(259) Humongous regions: 129->129
[2024-12-16T21:55:42.006+0700][gc,metaspace] GC(259) Metaspace: 43465K(43968K)->43465K(43968K) NonClass: 38567K(38848K)->38567K(38848K) Class: 4897K(5120K)->4897K(5120K)
[2024-12-16T21:55:42.006+0700][gc          ] GC(259) Pause Young (Normal) (G1 Evacuation Pause) 412M->367M(1024M) 43.001ms
[2024-12-16T21:55:42.007+0700][gc,cpu      ] GC(259) User=0.08s Sys=0.00s Real=0.05s
[2024-12-16T21:57:21.906+0700][gc,start    ] GC(260) Pause Young (Normal) (G1 Evacuation Pause)
[2024-12-16T21:57:21.906+0700][gc,task     ] GC(260) Using 2 workers of 2 for evacuation
[2024-12-16T21:57:21.961+0700][gc,mmu      ] GC(260) MMU target violated: 21.0ms (20.0ms/21.0ms)
[2024-12-16T21:57:21.961+0700][gc,phases   ] GC(260)   Pre Evacuate Collection Set: 2.9ms
[2024-12-16T21:57:21.961+0700][gc,phases   ] GC(260)   Merge Heap Roots: 0.6ms
[2024-12-16T21:57:21.961+0700][gc,phases   ] GC(260)   Evacuate Collection Set: 48.0ms
[2024-12-16T21:57:21.961+0700][gc,phases   ] GC(260)   Post Evacuate Collection Set: 3.1ms
[2024-12-16T21:57:21.962+0700][gc,phases   ] GC(260)   Other: 1.3ms
[2024-12-16T21:57:21.962+0700][gc,heap     ] GC(260) Eden regions: 45->0(46)
[2024-12-16T21:57:21.962+0700][gc,heap     ] GC(260) Survivor regions: 6->5(7)
[2024-12-16T21:57:21.962+0700][gc,heap     ] GC(260) Old regions: 232->236
[2024-12-16T21:57:21.962+0700][gc,heap     ] GC(260) Archive regions: 2->2
[2024-12-16T21:57:21.962+0700][gc,heap     ] GC(260) Humongous regions: 129->129
[2024-12-16T21:57:21.962+0700][gc,metaspace] GC(260) Metaspace: 43466K(43968K)->43466K(43968K) NonClass: 38568K(38848K)->38568K(38848K) Class: 4897K(5120K)->4897K(5120K)
[2024-12-16T21:57:21.962+0700][gc          ] GC(260) Pause Young (Normal) (G1 Evacuation Pause) 412M->370M(1024M) 55.896ms
[2024-12-16T21:57:21.962+0700][gc,cpu      ] GC(260) User=0.11s Sys=0.00s Real=0.05s
[2024-12-16T21:59:03.224+0700][gc,start    ] GC(261) Pause Young (Normal) (G1 Evacuation Pause)
[2024-12-16T21:59:03.224+0700][gc,task     ] GC(261) Using 2 workers of 2 for evacuation
[2024-12-16T21:59:03.267+0700][gc,mmu      ] GC(261) MMU target violated: 21.0ms (20.0ms/21.0ms)
[2024-12-16T21:59:03.267+0700][gc,phases   ] GC(261)   Pre Evacuate Collection Set: 2.8ms
[2024-12-16T21:59:03.267+0700][gc,phases   ] GC(261)   Merge Heap Roots: 0.9ms
[2024-12-16T21:59:03.267+0700][gc,phases   ] GC(261)   Evacuate Collection Set: 35.7ms
[2024-12-16T21:59:03.267+0700][gc,phases   ] GC(261)   Post Evacuate Collection Set: 3.0ms
[2024-12-16T21:59:03.267+0700][gc,phases   ] GC(261)   Other: 1.5ms
[2024-12-16T21:59:03.267+0700][gc,heap     ] GC(261) Eden regions: 46->0(47)
[2024-12-16T21:59:03.267+0700][gc,heap     ] GC(261) Survivor regions: 5->4(7)
[2024-12-16T21:59:03.267+0700][gc,heap     ] GC(261) Old regions: 236->238
[2024-12-16T21:59:03.267+0700][gc,heap     ] GC(261) Archive regions: 2->2
[2024-12-16T21:59:03.267+0700][gc,heap     ] GC(261) Humongous regions: 129->129
[2024-12-16T21:59:03.267+0700][gc,metaspace] GC(261) Metaspace: 43466K(43968K)->43466K(43968K) NonClass: 38568K(38848K)->38568K(38848K) Class: 4897K(5120K)->4897K(5120K)
[2024-12-16T21:59:03.268+0700][gc          ] GC(261) Pause Young (Normal) (G1 Evacuation Pause) 416M->371M(1024M) 43.805ms
[2024-12-16T21:59:03.268+0700][gc,cpu      ] GC(261) User=0.07s Sys=0.01s Real=0.05s
[2024-12-16T22:00:46.187+0700][gc,start    ] GC(262) Pause Young (Normal) (G1 Evacuation Pause)
[2024-12-16T22:00:46.187+0700][gc,task     ] GC(262) Using 2 workers of 2 for evacuation
[2024-12-16T22:00:46.237+0700][gc,mmu      ] GC(262) MMU target violated: 21.0ms (20.0ms/21.0ms)
[2024-12-16T22:00:46.237+0700][gc,phases   ] GC(262)   Pre Evacuate Collection Set: 2.6ms
[2024-12-16T22:00:46.237+0700][gc,phases   ] GC(262)   Merge Heap Roots: 0.6ms
[2024-12-16T22:00:46.237+0700][gc,phases   ] GC(262)   Evacuate Collection Set: 42.4ms
[2024-12-16T22:00:46.237+0700][gc,phases   ] GC(262)   Post Evacuate Collection Set: 3.4ms
[2024-12-16T22:00:46.237+0700][gc,phases   ] GC(262)   Other: 1.2ms
[2024-12-16T22:00:46.237+0700][gc,heap     ] GC(262) Eden regions: 47->0(44)
[2024-12-16T22:00:46.237+0700][gc,heap     ] GC(262) Survivor regions: 4->7(7)
[2024-12-16T22:00:46.237+0700][gc,heap     ] GC(262) Old regions: 238->238
[2024-12-16T22:00:46.237+0700][gc,heap     ] GC(262) Archive regions: 2->2
[2024-12-16T22:00:46.237+0700][gc,heap     ] GC(262) Humongous regions: 129->129
[2024-12-16T22:00:46.237+0700][gc,metaspace] GC(262) Metaspace: 43528K(44032K)->43528K(44032K) NonClass: 38630K(38912K)->38630K(38912K) Class: 4897K(5120K)->4897K(5120K)
[2024-12-16T22:00:46.237+0700][gc          ] GC(262) Pause Young (Normal) (G1 Evacuation Pause) 418M->374M(1024M) 50.309ms
[2024-12-16T22:00:46.237+0700][gc,cpu      ] GC(262) User=0.09s Sys=0.00s Real=0.05s
[2024-12-16T22:02:24.159+0700][gc,start    ] GC(263) Pause Young (Normal) (G1 Evacuation Pause)
[2024-12-16T22:02:24.160+0700][gc,task     ] GC(263) Using 2 workers of 2 for evacuation
[2024-12-16T22:02:24.225+0700][gc,mmu      ] GC(263) MMU target violated: 21.0ms (20.0ms/21.0ms)
[2024-12-16T22:02:24.226+0700][gc,phases   ] GC(263)   Pre Evacuate Collection Set: 3.4ms
[2024-12-16T22:02:24.226+0700][gc,phases   ] GC(263)   Merge Heap Roots: 0.7ms
[2024-12-16T22:02:24.226+0700][gc,phases   ] GC(263)   Evacuate Collection Set: 58.4ms
[2024-12-16T22:02:24.226+0700][gc,phases   ] GC(263)   Post Evacuate Collection Set: 2.8ms
[2024-12-16T22:02:24.226+0700][gc,phases   ] GC(263)   Other: 1.4ms
[2024-12-16T22:02:24.226+0700][gc,heap     ] GC(263) Eden regions: 44->0(46)
[2024-12-16T22:02:24.226+0700][gc,heap     ] GC(263) Survivor regions: 7->5(7)
[2024-12-16T22:02:24.226+0700][gc,heap     ] GC(263) Old regions: 238->243
[2024-12-16T22:02:24.226+0700][gc,heap     ] GC(263) Archive regions: 2->2
[2024-12-16T22:02:24.226+0700][gc,heap     ] GC(263) Humongous regions: 129->129
[2024-12-16T22:02:24.226+0700][gc,metaspace] GC(263) Metaspace: 43551K(44096K)->43551K(44096K) NonClass: 38653K(38976K)->38653K(38976K) Class: 4897K(5120K)->4897K(5120K)
[2024-12-16T22:02:24.226+0700][gc          ] GC(263) Pause Young (Normal) (G1 Evacuation Pause) 418M->377M(1024M) 66.847ms
[2024-12-16T22:02:24.226+0700][gc,cpu      ] GC(263) User=0.12s Sys=0.01s Real=0.07s
[2024-12-16T22:04:11.127+0700][gc,start    ] GC(264) Pause Young (Normal) (G1 Evacuation Pause)
[2024-12-16T22:04:11.127+0700][gc,task     ] GC(264) Using 2 workers of 2 for evacuation
[2024-12-16T22:04:11.179+0700][gc,mmu      ] GC(264) MMU target violated: 21.0ms (20.0ms/21.0ms)
[2024-12-16T22:04:11.179+0700][gc,phases   ] GC(264)   Pre Evacuate Collection Set: 2.1ms
[2024-12-16T22:04:11.179+0700][gc,phases   ] GC(264)   Merge Heap Roots: 0.9ms
[2024-12-16T22:04:11.179+0700][gc,phases   ] GC(264)   Evacuate Collection Set: 46.0ms
[2024-12-16T22:04:11.179+0700][gc,phases   ] GC(264)   Post Evacuate Collection Set: 2.7ms
[2024-12-16T22:04:11.179+0700][gc,phases   ] GC(264)   Other: 1.1ms
[2024-12-16T22:04:11.179+0700][gc,heap     ] GC(264) Eden regions: 46->0(48)
[2024-12-16T22:04:11.179+0700][gc,heap     ] GC(264) Survivor regions: 5->3(7)
[2024-12-16T22:04:11.179+0700][gc,heap     ] GC(264) Old regions: 243->245
[2024-12-16T22:04:11.179+0700][gc,heap     ] GC(264) Archive regions: 2->2
[2024-12-16T22:04:11.179+0700][gc,heap     ] GC(264) Humongous regions: 129->129
[2024-12-16T22:04:11.179+0700][gc,metaspace] GC(264) Metaspace: 43559K(44096K)->43559K(44096K) NonClass: 38661K(38976K)->38661K(38976K) Class: 4897K(5120K)->4897K(5120K)
[2024-12-16T22:04:11.179+0700][gc          ] GC(264) Pause Young (Normal) (G1 Evacuation Pause) 423M->377M(1024M) 52.540ms
[2024-12-16T22:04:11.180+0700][gc,cpu      ] GC(264) User=0.09s Sys=0.01s Real=0.05s
[2024-12-16T22:05:59.679+0700][gc,start    ] GC(265) Pause Young (Normal) (G1 Evacuation Pause)
[2024-12-16T22:05:59.679+0700][gc,task     ] GC(265) Using 2 workers of 2 for evacuation
[2024-12-16T22:05:59.748+0700][gc,mmu      ] GC(265) MMU target violated: 21.0ms (20.0ms/21.0ms)
[2024-12-16T22:05:59.749+0700][gc,phases   ] GC(265)   Pre Evacuate Collection Set: 2.7ms
[2024-12-16T22:05:59.749+0700][gc,phases   ] GC(265)   Merge Heap Roots: 1.0ms
[2024-12-16T22:05:59.749+0700][gc,phases   ] GC(265)   Evacuate Collection Set: 61.5ms
[2024-12-16T22:05:59.749+0700][gc,phases   ] GC(265)   Post Evacuate Collection Set: 3.3ms
[2024-12-16T22:05:59.749+0700][gc,phases   ] GC(265)   Other: 1.6ms
[2024-12-16T22:05:59.749+0700][gc,heap     ] GC(265) Eden regions: 48->0(45)
[2024-12-16T22:05:59.749+0700][gc,heap     ] GC(265) Survivor regions: 3->6(7)
[2024-12-16T22:05:59.749+0700][gc,heap     ] GC(265) Old regions: 245->245
[2024-12-16T22:05:59.749+0700][gc,heap     ] GC(265) Archive regions: 2->2
[2024-12-16T22:05:59.749+0700][gc,heap     ] GC(265) Humongous regions: 129->129
[2024-12-16T22:05:59.749+0700][gc,metaspace] GC(265) Metaspace: 43569K(44096K)->43569K(44096K) NonClass: 38671K(38976K)->38671K(38976K) Class: 4897K(5120K)->4897K(5120K)
[2024-12-16T22:05:59.749+0700][gc          ] GC(265) Pause Young (Normal) (G1 Evacuation Pause) 425M->380M(1024M) 70.029ms
[2024-12-16T22:05:59.749+0700][gc,cpu      ] GC(265) User=0.13s Sys=0.00s Real=0.07s
[2024-12-16T22:07:41.539+0700][gc,start    ] GC(266) Pause Young (Normal) (G1 Evacuation Pause)
[2024-12-16T22:07:41.539+0700][gc,task     ] GC(266) Using 2 workers of 2 for evacuation
[2024-12-16T22:07:41.606+0700][gc,mmu      ] GC(266) MMU target violated: 21.0ms (20.0ms/21.0ms)
[2024-12-16T22:07:41.606+0700][gc,phases   ] GC(266)   Pre Evacuate Collection Set: 2.9ms
[2024-12-16T22:07:41.606+0700][gc,phases   ] GC(266)   Merge Heap Roots: 0.9ms
[2024-12-16T22:07:41.606+0700][gc,phases   ] GC(266)   Evacuate Collection Set: 58.9ms
[2024-12-16T22:07:41.606+0700][gc,phases   ] GC(266)   Post Evacuate Collection Set: 3.1ms
[2024-12-16T22:07:41.606+0700][gc,phases   ] GC(266)   Other: 1.6ms
[2024-12-16T22:07:41.606+0700][gc,heap     ] GC(266) Eden regions: 45->0(46)
[2024-12-16T22:07:41.606+0700][gc,heap     ] GC(266) Survivor regions: 6->5(7)
[2024-12-16T22:07:41.606+0700][gc,heap     ] GC(266) Old regions: 245->249
[2024-12-16T22:07:41.606+0700][gc,heap     ] GC(266) Archive regions: 2->2
[2024-12-16T22:07:41.606+0700][gc,heap     ] GC(266) Humongous regions: 129->129
[2024-12-16T22:07:41.606+0700][gc,metaspace] GC(266) Metaspace: 43577K(44096K)->43577K(44096K) NonClass: 38679K(38976K)->38679K(38976K) Class: 4897K(5120K)->4897K(5120K)
[2024-12-16T22:07:41.606+0700][gc          ] GC(266) Pause Young (Normal) (G1 Evacuation Pause) 425M->382M(1024M) 67.489ms
[2024-12-16T22:07:41.606+0700][gc,cpu      ] GC(266) User=0.10s Sys=0.03s Real=0.07s
[2024-12-16T22:07:59.635+0700][gc,heap,exit] Heap
[2024-12-16T22:07:59.635+0700][gc,heap,exit]  garbage-first heap   total 1048576K, used 411092K [0x00000000c0000000, 0x0000000100000000)
[2024-12-16T22:07:59.635+0700][gc,heap,exit]   region size 1024K, 24 young (24576K), 5 survivors (5120K)
[2024-12-16T22:07:59.635+0700][gc,heap,exit]  Metaspace       used 44474K, committed 45056K, reserved 1114112K
[2024-12-16T22:07:59.635+0700][gc,heap,exit]   class space    used 5071K, committed 5312K, reserved 1048576K
