[2024-12-17T00:10:54.465+0700][gc] Using G1
[2024-12-17T00:10:54.485+0700][gc,init] Version: 17.0.13+11-Ubuntu-2ubuntu122.04 (release)
[2024-12-17T00:10:54.486+0700][gc,init] CPUs: 2 total, 2 available
[2024-12-17T00:10:54.486+0700][gc,init] Memory: 3911M
[2024-12-17T00:10:54.486+0700][gc,init] Large Page Support: Disabled
[2024-12-17T00:10:54.486+0700][gc,init] NUMA Support: Disabled
[2024-12-17T00:10:54.486+0700][gc,init] Compressed Oops: Enabled (32-bit)
[2024-12-17T00:10:54.486+0700][gc,init] Heap Region Size: 1M
[2024-12-17T00:10:54.486+0700][gc,init] Heap Min Capacity: 1G
[2024-12-17T00:10:54.486+0700][gc,init] Heap Initial Capacity: 1G
[2024-12-17T00:10:54.486+0700][gc,init] Heap Max Capacity: 1G
[2024-12-17T00:10:54.486+0700][gc,init] Pre-touch: Disabled
[2024-12-17T00:10:54.486+0700][gc,init] Parallel Workers: 2
[2024-12-17T00:10:54.486+0700][gc,init] Concurrent Workers: 1
[2024-12-17T00:10:54.486+0700][gc,init] Concurrent Refinement Workers: 2
[2024-12-17T00:10:54.486+0700][gc,init] Periodic GC: Disabled
[2024-12-17T00:10:54.513+0700][gc,metaspace] CDS archive(s) mapped at: [0x00007f2dab000000-0x00007f2dabbc9000-0x00007f2dabbc9000), size 12357632, SharedBaseAddress: 0x00007f2dab000000, ArchiveRelocationMode: 1.
[2024-12-17T00:10:54.513+0700][gc,metaspace] Compressed class space mapped at: 0x00007f2dac000000-0x00007f2dec000000, reserved size: 1073741824
[2024-12-17T00:10:54.513+0700][gc,metaspace] Narrow klass base: 0x00007f2dab000000, Narrow klass shift: 0, Narrow klass range: 0x100000000
[2024-12-17T00:10:56.589+0700][gc,start    ] GC(0) Pause Young (Normal) (G1 Evacuation Pause)
[2024-12-17T00:10:56.589+0700][gc,task     ] GC(0) Using 2 workers of 2 for evacuation
[2024-12-17T00:10:56.629+0700][gc,mmu      ] GC(0) MMU target violated: 21.0ms (20.0ms/21.0ms)
[2024-12-17T00:10:56.629+0700][gc,phases   ] GC(0)   Pre Evacuate Collection Set: 0.6ms
[2024-12-17T00:10:56.629+0700][gc,phases   ] GC(0)   Merge Heap Roots: 0.2ms
[2024-12-17T00:10:56.629+0700][gc,phases   ] GC(0)   Evacuate Collection Set: 37.4ms
[2024-12-17T00:10:56.629+0700][gc,phases   ] GC(0)   Post Evacuate Collection Set: 1.3ms
[2024-12-17T00:10:56.629+0700][gc,phases   ] GC(0)   Other: 0.9ms
[2024-12-17T00:10:56.629+0700][gc,heap     ] GC(0) Eden regions: 51->0(44)
[2024-12-17T00:10:56.629+0700][gc,heap     ] GC(0) Survivor regions: 0->7(7)
[2024-12-17T00:10:56.629+0700][gc,heap     ] GC(0) Old regions: 0->1
[2024-12-17T00:10:56.629+0700][gc,heap     ] GC(0) Archive regions: 2->2
[2024-12-17T00:10:56.629+0700][gc,heap     ] GC(0) Humongous regions: 0->0
[2024-12-17T00:10:56.630+0700][gc,metaspace] GC(0) Metaspace: 17726K(17984K)->17726K(17984K) NonClass: 15584K(15744K)->15584K(15744K) Class: 2141K(2240K)->2141K(2240K)
[2024-12-17T00:10:56.630+0700][gc          ] GC(0) Pause Young (Normal) (G1 Evacuation Pause) 51M->8M(1024M) 40.669ms
[2024-12-17T00:10:56.630+0700][gc,cpu      ] GC(0) User=0.06s Sys=0.02s Real=0.04s
[2024-12-17T00:10:57.113+0700][gc,start    ] GC(1) Pause Young (Concurrent Start) (Metadata GC Threshold)
[2024-12-17T00:10:57.113+0700][gc,task     ] GC(1) Using 2 workers of 2 for evacuation
[2024-12-17T00:10:57.147+0700][gc,mmu      ] GC(1) MMU target violated: 21.0ms (20.0ms/21.0ms)
[2024-12-17T00:10:57.148+0700][gc,phases   ] GC(1)   Pre Evacuate Collection Set: 0.4ms
[2024-12-17T00:10:57.148+0700][gc,phases   ] GC(1)   Merge Heap Roots: 0.1ms
[2024-12-17T00:10:57.148+0700][gc,phases   ] GC(1)   Evacuate Collection Set: 31.1ms
[2024-12-17T00:10:57.148+0700][gc,phases   ] GC(1)   Post Evacuate Collection Set: 1.9ms
[2024-12-17T00:10:57.148+0700][gc,phases   ] GC(1)   Other: 0.8ms
[2024-12-17T00:10:57.148+0700][gc,heap     ] GC(1) Eden regions: 14->0(50)
[2024-12-17T00:10:57.148+0700][gc,heap     ] GC(1) Survivor regions: 7->1(7)
[2024-12-17T00:10:57.148+0700][gc,heap     ] GC(1) Old regions: 1->8
[2024-12-17T00:10:57.148+0700][gc,heap     ] GC(1) Archive regions: 2->2
[2024-12-17T00:10:57.148+0700][gc,heap     ] GC(1) Humongous regions: 0->0
[2024-12-17T00:10:57.148+0700][gc,metaspace] GC(1) Metaspace: 21319K(21504K)->21319K(21504K) NonClass: 18717K(18816K)->18717K(18816K) Class: 2601K(2688K)->2601K(2688K)
[2024-12-17T00:10:57.148+0700][gc          ] GC(1) Pause Young (Concurrent Start) (Metadata GC Threshold) 22M->9M(1024M) 34.614ms
[2024-12-17T00:10:57.148+0700][gc,cpu      ] GC(1) User=0.05s Sys=0.01s Real=0.04s
[2024-12-17T00:10:57.148+0700][gc          ] GC(2) Concurrent Mark Cycle
[2024-12-17T00:10:57.148+0700][gc,marking  ] GC(2) Concurrent Clear Claimed Marks
[2024-12-17T00:10:57.149+0700][gc,marking  ] GC(2) Concurrent Clear Claimed Marks 0.078ms
[2024-12-17T00:10:57.149+0700][gc,marking  ] GC(2) Concurrent Scan Root Regions
[2024-12-17T00:10:57.165+0700][gc,marking  ] GC(2) Concurrent Scan Root Regions 16.067ms
[2024-12-17T00:10:57.165+0700][gc,marking  ] GC(2) Concurrent Mark
[2024-12-17T00:10:57.165+0700][gc,marking  ] GC(2) Concurrent Mark From Roots
[2024-12-17T00:10:57.165+0700][gc,task     ] GC(2) Using 1 workers of 1 for marking
[2024-12-17T00:10:57.173+0700][gc,marking  ] GC(2) Concurrent Mark From Roots 8.145ms
[2024-12-17T00:10:57.173+0700][gc,marking  ] GC(2) Concurrent Preclean
[2024-12-17T00:10:57.173+0700][gc,marking  ] GC(2) Concurrent Preclean 0.071ms
[2024-12-17T00:10:57.173+0700][gc,start    ] GC(2) Pause Remark
[2024-12-17T00:10:57.179+0700][gc          ] GC(2) Pause Remark 9M->9M(1024M) 5.958ms
[2024-12-17T00:10:57.179+0700][gc,cpu      ] GC(2) User=0.00s Sys=0.00s Real=0.01s
[2024-12-17T00:10:57.179+0700][gc,marking  ] GC(2) Concurrent Mark 14.547ms
[2024-12-17T00:10:57.179+0700][gc,marking  ] GC(2) Concurrent Rebuild Remembered Sets
[2024-12-17T00:10:57.191+0700][gc,marking  ] GC(2) Concurrent Rebuild Remembered Sets 11.522ms
[2024-12-17T00:10:57.191+0700][gc,start    ] GC(2) Pause Cleanup
[2024-12-17T00:10:57.192+0700][gc          ] GC(2) Pause Cleanup 10M->10M(1024M) 0.345ms
[2024-12-17T00:10:57.192+0700][gc,cpu      ] GC(2) User=0.00s Sys=0.00s Real=0.00s
[2024-12-17T00:10:57.192+0700][gc,marking  ] GC(2) Concurrent Cleanup for Next Mark
[2024-12-17T00:10:57.271+0700][gc,marking  ] GC(2) Concurrent Cleanup for Next Mark 78.921ms
[2024-12-17T00:10:57.271+0700][gc          ] GC(2) Concurrent Mark Cycle 122.414ms
[2024-12-17T00:10:59.147+0700][gc,start    ] GC(3) Pause Young (Normal) (G1 Evacuation Pause)
[2024-12-17T00:10:59.148+0700][gc,task     ] GC(3) Using 2 workers of 2 for evacuation
[2024-12-17T00:10:59.160+0700][gc,phases   ] GC(3)   Pre Evacuate Collection Set: 0.4ms
[2024-12-17T00:10:59.160+0700][gc,phases   ] GC(3)   Merge Heap Roots: 0.1ms
[2024-12-17T00:10:59.160+0700][gc,phases   ] GC(3)   Evacuate Collection Set: 11.2ms
[2024-12-17T00:10:59.160+0700][gc,phases   ] GC(3)   Post Evacuate Collection Set: 1.0ms
[2024-12-17T00:10:59.160+0700][gc,phases   ] GC(3)   Other: 0.2ms
[2024-12-17T00:10:59.160+0700][gc,heap     ] GC(3) Eden regions: 50->0(46)
[2024-12-17T00:10:59.160+0700][gc,heap     ] GC(3) Survivor regions: 1->5(7)
[2024-12-17T00:10:59.160+0700][gc,heap     ] GC(3) Old regions: 8->8
[2024-12-17T00:10:59.160+0700][gc,heap     ] GC(3) Archive regions: 2->2
[2024-12-17T00:10:59.160+0700][gc,heap     ] GC(3) Humongous regions: 129->129
[2024-12-17T00:10:59.160+0700][gc,metaspace] GC(3) Metaspace: 29929K(30208K)->29929K(30208K) NonClass: 26545K(26688K)->26545K(26688K) Class: 3384K(3520K)->3384K(3520K)
[2024-12-17T00:10:59.160+0700][gc          ] GC(3) Pause Young (Normal) (G1 Evacuation Pause) 188M->142M(1024M) 12.996ms
[2024-12-17T00:10:59.160+0700][gc,cpu      ] GC(3) User=0.02s Sys=0.01s Real=0.01s
[2024-12-17T00:10:59.799+0700][gc,start    ] GC(4) Pause Young (Concurrent Start) (Metadata GC Threshold)
[2024-12-17T00:10:59.799+0700][gc,task     ] GC(4) Using 2 workers of 2 for evacuation
[2024-12-17T00:10:59.880+0700][gc,mmu      ] GC(4) MMU target violated: 21.0ms (20.0ms/21.0ms)
[2024-12-17T00:10:59.880+0700][gc,phases   ] GC(4)   Pre Evacuate Collection Set: 0.6ms
[2024-12-17T00:10:59.880+0700][gc,phases   ] GC(4)   Merge Heap Roots: 0.1ms
[2024-12-17T00:10:59.880+0700][gc,phases   ] GC(4)   Evacuate Collection Set: 78.5ms
[2024-12-17T00:10:59.880+0700][gc,phases   ] GC(4)   Post Evacuate Collection Set: 1.2ms
[2024-12-17T00:10:59.880+0700][gc,phases   ] GC(4)   Other: 0.6ms
[2024-12-17T00:10:59.880+0700][gc,heap     ] GC(4) Eden regions: 24->0(48)
[2024-12-17T00:10:59.880+0700][gc,heap     ] GC(4) Survivor regions: 5->3(7)
[2024-12-17T00:10:59.880+0700][gc,heap     ] GC(4) Old regions: 8->13
[2024-12-17T00:10:59.880+0700][gc,heap     ] GC(4) Archive regions: 2->2
[2024-12-17T00:10:59.880+0700][gc,heap     ] GC(4) Humongous regions: 129->129
[2024-12-17T00:10:59.880+0700][gc,metaspace] GC(4) Metaspace: 35726K(35968K)->35726K(35968K) NonClass: 31818K(31936K)->31818K(31936K) Class: 3908K(4032K)->3908K(4032K)
[2024-12-17T00:10:59.880+0700][gc          ] GC(4) Pause Young (Concurrent Start) (Metadata GC Threshold) 166M->145M(1024M) 81.380ms
[2024-12-17T00:10:59.880+0700][gc,cpu      ] GC(4) User=0.08s Sys=0.01s Real=0.08s
[2024-12-17T00:10:59.880+0700][gc          ] GC(5) Concurrent Mark Cycle
[2024-12-17T00:10:59.880+0700][gc,marking  ] GC(5) Concurrent Clear Claimed Marks
[2024-12-17T00:10:59.880+0700][gc,marking  ] GC(5) Concurrent Clear Claimed Marks 0.054ms
[2024-12-17T00:10:59.880+0700][gc,marking  ] GC(5) Concurrent Scan Root Regions
[2024-12-17T00:10:59.898+0700][gc,marking  ] GC(5) Concurrent Scan Root Regions 17.412ms
[2024-12-17T00:10:59.898+0700][gc,marking  ] GC(5) Concurrent Mark
[2024-12-17T00:10:59.898+0700][gc,marking  ] GC(5) Concurrent Mark From Roots
[2024-12-17T00:10:59.898+0700][gc,task     ] GC(5) Using 1 workers of 1 for marking
[2024-12-17T00:10:59.925+0700][gc,marking  ] GC(5) Concurrent Mark From Roots 27.421ms
[2024-12-17T00:10:59.925+0700][gc,marking  ] GC(5) Concurrent Preclean
[2024-12-17T00:10:59.925+0700][gc,marking  ] GC(5) Concurrent Preclean 0.077ms
[2024-12-17T00:10:59.926+0700][gc,start    ] GC(5) Pause Remark
[2024-12-17T00:10:59.930+0700][gc          ] GC(5) Pause Remark 147M->147M(1024M) 4.857ms
[2024-12-17T00:10:59.930+0700][gc,cpu      ] GC(5) User=0.01s Sys=0.00s Real=0.00s
[2024-12-17T00:10:59.930+0700][gc,marking  ] GC(5) Concurrent Mark 32.600ms
[2024-12-17T00:10:59.930+0700][gc,marking  ] GC(5) Concurrent Rebuild Remembered Sets
[2024-12-17T00:10:59.952+0700][gc,marking  ] GC(5) Concurrent Rebuild Remembered Sets 21.075ms
[2024-12-17T00:10:59.952+0700][gc,start    ] GC(5) Pause Cleanup
[2024-12-17T00:10:59.952+0700][gc          ] GC(5) Pause Cleanup 147M->147M(1024M) 0.217ms
[2024-12-17T00:10:59.952+0700][gc,cpu      ] GC(5) User=0.00s Sys=0.00s Real=0.00s
[2024-12-17T00:10:59.952+0700][gc,marking  ] GC(5) Concurrent Cleanup for Next Mark
[2024-12-17T00:10:59.988+0700][gc,marking  ] GC(5) Concurrent Cleanup for Next Mark 36.317ms
[2024-12-17T00:10:59.988+0700][gc          ] GC(5) Concurrent Mark Cycle 108.036ms
[2024-12-17T00:11:01.531+0700][gc,start    ] GC(6) Pause Young (Normal) (G1 Evacuation Pause)
[2024-12-17T00:11:01.531+0700][gc,task     ] GC(6) Using 2 workers of 2 for evacuation
[2024-12-17T00:11:01.547+0700][gc,phases   ] GC(6)   Pre Evacuate Collection Set: 0.3ms
[2024-12-17T00:11:01.548+0700][gc,phases   ] GC(6)   Merge Heap Roots: 0.2ms
[2024-12-17T00:11:01.548+0700][gc,phases   ] GC(6)   Evacuate Collection Set: 14.9ms
[2024-12-17T00:11:01.548+0700][gc,phases   ] GC(6)   Post Evacuate Collection Set: 1.0ms
[2024-12-17T00:11:01.548+0700][gc,phases   ] GC(6)   Other: 0.4ms
[2024-12-17T00:11:01.548+0700][gc,heap     ] GC(6) Eden regions: 48->0(46)
[2024-12-17T00:11:01.548+0700][gc,heap     ] GC(6) Survivor regions: 3->5(7)
[2024-12-17T00:11:01.548+0700][gc,heap     ] GC(6) Old regions: 13->13
[2024-12-17T00:11:01.548+0700][gc,heap     ] GC(6) Archive regions: 2->2
[2024-12-17T00:11:01.548+0700][gc,heap     ] GC(6) Humongous regions: 159->135
[2024-12-17T00:11:01.548+0700][gc,metaspace] GC(6) Metaspace: 40265K(40768K)->40265K(40768K) NonClass: 35622K(35904K)->35622K(35904K) Class: 4642K(4864K)->4642K(4864K)
[2024-12-17T00:11:01.548+0700][gc          ] GC(6) Pause Young (Normal) (G1 Evacuation Pause) 223M->153M(1024M) 16.718ms
[2024-12-17T00:11:01.548+0700][gc,cpu      ] GC(6) User=0.04s Sys=0.00s Real=0.02s
[2024-12-17T00:12:17.357+0700][gc,start    ] GC(7) Pause Young (Normal) (G1 Evacuation Pause)
[2024-12-17T00:12:17.358+0700][gc,task     ] GC(7) Using 2 workers of 2 for evacuation
[2024-12-17T00:12:17.425+0700][gc,mmu      ] GC(7) MMU target violated: 21.0ms (20.0ms/21.0ms)
[2024-12-17T00:12:17.425+0700][gc,phases   ] GC(7)   Pre Evacuate Collection Set: 3.4ms
[2024-12-17T00:12:17.425+0700][gc,phases   ] GC(7)   Merge Heap Roots: 0.5ms
[2024-12-17T00:12:17.425+0700][gc,phases   ] GC(7)   Evacuate Collection Set: 58.8ms
[2024-12-17T00:12:17.425+0700][gc,phases   ] GC(7)   Post Evacuate Collection Set: 3.8ms
[2024-12-17T00:12:17.425+0700][gc,phases   ] GC(7)   Other: 1.3ms
[2024-12-17T00:12:17.425+0700][gc,heap     ] GC(7) Eden regions: 46->0(44)
[2024-12-17T00:12:17.425+0700][gc,heap     ] GC(7) Survivor regions: 5->7(7)
[2024-12-17T00:12:17.425+0700][gc,heap     ] GC(7) Old regions: 13->15
[2024-12-17T00:12:17.425+0700][gc,heap     ] GC(7) Archive regions: 2->2
[2024-12-17T00:12:17.425+0700][gc,heap     ] GC(7) Humongous regions: 171->129
[2024-12-17T00:12:17.425+0700][gc,metaspace] GC(7) Metaspace: 43421K(43968K)->43421K(43968K) NonClass: 38272K(38592K)->38272K(38592K) Class: 5148K(5376K)->5148K(5376K)
[2024-12-17T00:12:17.425+0700][gc          ] GC(7) Pause Young (Normal) (G1 Evacuation Pause) 235M->151M(1024M) 67.614ms
[2024-12-17T00:12:17.425+0700][gc,cpu      ] GC(7) User=0.11s Sys=0.02s Real=0.07s
[2024-12-17T00:13:54.941+0700][gc,start    ] GC(8) Pause Young (Normal) (G1 Evacuation Pause)
[2024-12-17T00:13:54.942+0700][gc,task     ] GC(8) Using 2 workers of 2 for evacuation
[2024-12-17T00:13:55.004+0700][gc,mmu      ] GC(8) MMU target violated: 21.0ms (20.0ms/21.0ms)
[2024-12-17T00:13:55.004+0700][gc,phases   ] GC(8)   Pre Evacuate Collection Set: 3.4ms
[2024-12-17T00:13:55.004+0700][gc,phases   ] GC(8)   Merge Heap Roots: 1.0ms
[2024-12-17T00:13:55.004+0700][gc,phases   ] GC(8)   Evacuate Collection Set: 55.0ms
[2024-12-17T00:13:55.004+0700][gc,phases   ] GC(8)   Post Evacuate Collection Set: 2.2ms
[2024-12-17T00:13:55.004+0700][gc,phases   ] GC(8)   Other: 1.8ms
[2024-12-17T00:13:55.004+0700][gc,heap     ] GC(8) Eden regions: 44->0(47)
[2024-12-17T00:13:55.004+0700][gc,heap     ] GC(8) Survivor regions: 7->4(7)
[2024-12-17T00:13:55.004+0700][gc,heap     ] GC(8) Old regions: 15->18
[2024-12-17T00:13:55.004+0700][gc,heap     ] GC(8) Archive regions: 2->2
[2024-12-17T00:13:55.004+0700][gc,heap     ] GC(8) Humongous regions: 129->129
[2024-12-17T00:13:55.004+0700][gc,metaspace] GC(8) Metaspace: 43575K(44096K)->43575K(44096K) NonClass: 38421K(38720K)->38421K(38720K) Class: 5153K(5376K)->5153K(5376K)
[2024-12-17T00:13:55.004+0700][gc          ] GC(8) Pause Young (Normal) (G1 Evacuation Pause) 195M->151M(1024M) 63.246ms
[2024-12-17T00:13:55.004+0700][gc,cpu      ] GC(8) User=0.12s Sys=0.00s Real=0.07s
[2024-12-17T00:15:35.196+0700][gc,start    ] GC(9) Pause Young (Normal) (G1 Evacuation Pause)
[2024-12-17T00:15:35.197+0700][gc,task     ] GC(9) Using 2 workers of 2 for evacuation
[2024-12-17T00:15:35.252+0700][gc,mmu      ] GC(9) MMU target violated: 21.0ms (20.0ms/21.0ms)
[2024-12-17T00:15:35.253+0700][gc,phases   ] GC(9)   Pre Evacuate Collection Set: 6.8ms
[2024-12-17T00:15:35.253+0700][gc,phases   ] GC(9)   Merge Heap Roots: 0.8ms
[2024-12-17T00:15:35.253+0700][gc,phases   ] GC(9)   Evacuate Collection Set: 44.8ms
[2024-12-17T00:15:35.253+0700][gc,phases   ] GC(9)   Post Evacuate Collection Set: 3.0ms
[2024-12-17T00:15:35.253+0700][gc,phases   ] GC(9)   Other: 1.2ms
[2024-12-17T00:15:35.253+0700][gc,heap     ] GC(9) Eden regions: 47->0(45)
[2024-12-17T00:15:35.253+0700][gc,heap     ] GC(9) Survivor regions: 4->6(7)
[2024-12-17T00:15:35.253+0700][gc,heap     ] GC(9) Old regions: 18->18
[2024-12-17T00:15:35.253+0700][gc,heap     ] GC(9) Archive regions: 2->2
[2024-12-17T00:15:35.253+0700][gc,heap     ] GC(9) Humongous regions: 129->129
[2024-12-17T00:15:35.253+0700][gc,metaspace] GC(9) Metaspace: 43695K(44288K)->43695K(44288K) NonClass: 38525K(38848K)->38525K(38848K) Class: 5170K(5440K)->5170K(5440K)
[2024-12-17T00:15:35.253+0700][gc          ] GC(9) Pause Young (Normal) (G1 Evacuation Pause) 198M->153M(1024M) 56.692ms
[2024-12-17T00:15:35.253+0700][gc,cpu      ] GC(9) User=0.10s Sys=0.00s Real=0.05s
[2024-12-17T00:17:16.054+0700][gc,start    ] GC(10) Pause Young (Normal) (G1 Evacuation Pause)
[2024-12-17T00:17:16.054+0700][gc,task     ] GC(10) Using 2 workers of 2 for evacuation
[2024-12-17T00:17:16.094+0700][gc,mmu      ] GC(10) MMU target violated: 21.0ms (20.0ms/21.0ms)
[2024-12-17T00:17:16.094+0700][gc,phases   ] GC(10)   Pre Evacuate Collection Set: 5.0ms
[2024-12-17T00:17:16.094+0700][gc,phases   ] GC(10)   Merge Heap Roots: 0.7ms
[2024-12-17T00:17:16.094+0700][gc,phases   ] GC(10)   Evacuate Collection Set: 31.5ms
[2024-12-17T00:17:16.094+0700][gc,phases   ] GC(10)   Post Evacuate Collection Set: 2.6ms
[2024-12-17T00:17:16.094+0700][gc,phases   ] GC(10)   Other: 1.0ms
[2024-12-17T00:17:16.094+0700][gc,heap     ] GC(10) Eden regions: 45->0(48)
[2024-12-17T00:17:16.094+0700][gc,heap     ] GC(10) Survivor regions: 6->3(7)
[2024-12-17T00:17:16.094+0700][gc,heap     ] GC(10) Old regions: 18->21
[2024-12-17T00:17:16.094+0700][gc,heap     ] GC(10) Archive regions: 2->2
[2024-12-17T00:17:16.094+0700][gc,heap     ] GC(10) Humongous regions: 129->129
[2024-12-17T00:17:16.095+0700][gc,metaspace] GC(10) Metaspace: 43772K(44352K)->43772K(44352K) NonClass: 38601K(38912K)->38601K(38912K) Class: 5170K(5440K)->5170K(5440K)
[2024-12-17T00:17:16.095+0700][gc          ] GC(10) Pause Young (Normal) (G1 Evacuation Pause) 198M->153M(1024M) 41.031ms
[2024-12-17T00:17:16.095+0700][gc,cpu      ] GC(10) User=0.07s Sys=0.00s Real=0.04s
[2024-12-17T00:19:06.637+0700][gc,start    ] GC(11) Pause Young (Normal) (G1 Evacuation Pause)
[2024-12-17T00:19:06.637+0700][gc,task     ] GC(11) Using 2 workers of 2 for evacuation
[2024-12-17T00:19:06.682+0700][gc,mmu      ] GC(11) MMU target violated: 21.0ms (20.0ms/21.0ms)
[2024-12-17T00:19:06.682+0700][gc,phases   ] GC(11)   Pre Evacuate Collection Set: 4.8ms
[2024-12-17T00:19:06.682+0700][gc,phases   ] GC(11)   Merge Heap Roots: 0.5ms
[2024-12-17T00:19:06.682+0700][gc,phases   ] GC(11)   Evacuate Collection Set: 36.3ms
[2024-12-17T00:19:06.682+0700][gc,phases   ] GC(11)   Post Evacuate Collection Set: 3.3ms
[2024-12-17T00:19:06.682+0700][gc,phases   ] GC(11)   Other: 1.1ms
[2024-12-17T00:19:06.682+0700][gc,heap     ] GC(11) Eden regions: 48->0(45)
[2024-12-17T00:19:06.682+0700][gc,heap     ] GC(11) Survivor regions: 3->6(7)
[2024-12-17T00:19:06.682+0700][gc,heap     ] GC(11) Old regions: 21->21
[2024-12-17T00:19:06.682+0700][gc,heap     ] GC(11) Archive regions: 2->2
[2024-12-17T00:19:06.682+0700][gc,heap     ] GC(11) Humongous regions: 129->129
[2024-12-17T00:19:06.682+0700][gc,metaspace] GC(11) Metaspace: 43790K(44416K)->43790K(44416K) NonClass: 38620K(38976K)->38620K(38976K) Class: 5170K(5440K)->5170K(5440K)
[2024-12-17T00:19:06.683+0700][gc          ] GC(11) Pause Young (Normal) (G1 Evacuation Pause) 201M->156M(1024M) 45.823ms
[2024-12-17T00:19:06.683+0700][gc,cpu      ] GC(11) User=0.09s Sys=0.00s Real=0.04s
[2024-12-17T00:20:50.565+0700][gc,start    ] GC(12) Pause Young (Normal) (G1 Evacuation Pause)
[2024-12-17T00:20:50.565+0700][gc,task     ] GC(12) Using 2 workers of 2 for evacuation
[2024-12-17T00:20:50.619+0700][gc,mmu      ] GC(12) MMU target violated: 21.0ms (20.0ms/21.0ms)
[2024-12-17T00:20:50.620+0700][gc,phases   ] GC(12)   Pre Evacuate Collection Set: 3.3ms
[2024-12-17T00:20:50.620+0700][gc,phases   ] GC(12)   Merge Heap Roots: 0.4ms
[2024-12-17T00:20:50.620+0700][gc,phases   ] GC(12)   Evacuate Collection Set: 47.7ms
[2024-12-17T00:20:50.620+0700][gc,phases   ] GC(12)   Post Evacuate Collection Set: 2.8ms
[2024-12-17T00:20:50.620+0700][gc,phases   ] GC(12)   Other: 1.1ms
[2024-12-17T00:20:50.620+0700][gc,heap     ] GC(12) Eden regions: 45->0(46)
[2024-12-17T00:20:50.620+0700][gc,heap     ] GC(12) Survivor regions: 6->5(7)
[2024-12-17T00:20:50.620+0700][gc,heap     ] GC(12) Old regions: 21->25
[2024-12-17T00:20:50.620+0700][gc,heap     ] GC(12) Archive regions: 2->2
[2024-12-17T00:20:50.620+0700][gc,heap     ] GC(12) Humongous regions: 129->129
[2024-12-17T00:20:50.620+0700][gc,metaspace] GC(12) Metaspace: 43809K(44416K)->43809K(44416K) NonClass: 38638K(38976K)->38638K(38976K) Class: 5170K(5440K)->5170K(5440K)
[2024-12-17T00:20:50.620+0700][gc          ] GC(12) Pause Young (Normal) (G1 Evacuation Pause) 201M->159M(1024M) 55.506ms
[2024-12-17T00:20:50.620+0700][gc,cpu      ] GC(12) User=0.10s Sys=0.00s Real=0.05s
[2024-12-17T00:22:33.195+0700][gc,start    ] GC(13) Pause Young (Normal) (G1 Evacuation Pause)
[2024-12-17T00:22:33.196+0700][gc,task     ] GC(13) Using 2 workers of 2 for evacuation
[2024-12-17T00:22:33.246+0700][gc,mmu      ] GC(13) MMU target violated: 21.0ms (20.0ms/21.0ms)
[2024-12-17T00:22:33.246+0700][gc,phases   ] GC(13)   Pre Evacuate Collection Set: 2.7ms
[2024-12-17T00:22:33.246+0700][gc,phases   ] GC(13)   Merge Heap Roots: 0.8ms
[2024-12-17T00:22:33.246+0700][gc,phases   ] GC(13)   Evacuate Collection Set: 44.5ms
[2024-12-17T00:22:33.246+0700][gc,phases   ] GC(13)   Post Evacuate Collection Set: 1.9ms
[2024-12-17T00:22:33.246+0700][gc,phases   ] GC(13)   Other: 1.1ms
[2024-12-17T00:22:33.246+0700][gc,heap     ] GC(13) Eden regions: 46->0(46)
[2024-12-17T00:22:33.246+0700][gc,heap     ] GC(13) Survivor regions: 5->5(7)
[2024-12-17T00:22:33.246+0700][gc,heap     ] GC(13) Old regions: 25->27
[2024-12-17T00:22:33.246+0700][gc,heap     ] GC(13) Archive regions: 2->2
[2024-12-17T00:22:33.246+0700][gc,heap     ] GC(13) Humongous regions: 129->129
[2024-12-17T00:22:33.246+0700][gc,metaspace] GC(13) Metaspace: 43897K(44480K)->43897K(44480K) NonClass: 38708K(39040K)->38708K(39040K) Class: 5188K(5440K)->5188K(5440K)
[2024-12-17T00:22:33.246+0700][gc          ] GC(13) Pause Young (Normal) (G1 Evacuation Pause) 205M->161M(1024M) 50.841ms
[2024-12-17T00:22:33.246+0700][gc,cpu      ] GC(13) User=0.08s Sys=0.00s Real=0.06s
[2024-12-17T00:24:16.050+0700][gc,start    ] GC(14) Pause Young (Normal) (G1 Evacuation Pause)
[2024-12-17T00:24:16.051+0700][gc,task     ] GC(14) Using 2 workers of 2 for evacuation
[2024-12-17T00:24:16.090+0700][gc,mmu      ] GC(14) MMU target violated: 21.0ms (20.0ms/21.0ms)
[2024-12-17T00:24:16.090+0700][gc,phases   ] GC(14)   Pre Evacuate Collection Set: 3.3ms
[2024-12-17T00:24:16.090+0700][gc,phases   ] GC(14)   Merge Heap Roots: 0.9ms
[2024-12-17T00:24:16.090+0700][gc,phases   ] GC(14)   Evacuate Collection Set: 32.3ms
[2024-12-17T00:24:16.090+0700][gc,phases   ] GC(14)   Post Evacuate Collection Set: 2.2ms
[2024-12-17T00:24:16.090+0700][gc,phases   ] GC(14)   Other: 1.5ms
[2024-12-17T00:24:16.090+0700][gc,heap     ] GC(14) Eden regions: 46->0(48)
[2024-12-17T00:24:16.090+0700][gc,heap     ] GC(14) Survivor regions: 5->3(7)
[2024-12-17T00:24:16.090+0700][gc,heap     ] GC(14) Old regions: 27->29
[2024-12-17T00:24:16.090+0700][gc,heap     ] GC(14) Archive regions: 2->2
[2024-12-17T00:24:16.090+0700][gc,heap     ] GC(14) Humongous regions: 129->129
[2024-12-17T00:24:16.090+0700][gc,metaspace] GC(14) Metaspace: 43929K(44480K)->43929K(44480K) NonClass: 38740K(39040K)->38740K(39040K) Class: 5189K(5440K)->5189K(5440K)
[2024-12-17T00:24:16.090+0700][gc          ] GC(14) Pause Young (Normal) (G1 Evacuation Pause) 207M->161M(1024M) 40.007ms
[2024-12-17T00:24:16.090+0700][gc,cpu      ] GC(14) User=0.08s Sys=0.00s Real=0.04s
[2024-12-17T00:26:07.628+0700][gc,start    ] GC(15) Pause Young (Normal) (G1 Evacuation Pause)
[2024-12-17T00:26:07.628+0700][gc,task     ] GC(15) Using 2 workers of 2 for evacuation
[2024-12-17T00:26:07.673+0700][gc,mmu      ] GC(15) MMU target violated: 21.0ms (20.0ms/21.0ms)
[2024-12-17T00:26:07.674+0700][gc,phases   ] GC(15)   Pre Evacuate Collection Set: 2.5ms
[2024-12-17T00:26:07.674+0700][gc,phases   ] GC(15)   Merge Heap Roots: 0.7ms
[2024-12-17T00:26:07.674+0700][gc,phases   ] GC(15)   Evacuate Collection Set: 38.3ms
[2024-12-17T00:26:07.674+0700][gc,phases   ] GC(15)   Post Evacuate Collection Set: 3.2ms
[2024-12-17T00:26:07.674+0700][gc,phases   ] GC(15)   Other: 1.2ms
[2024-12-17T00:26:07.674+0700][gc,heap     ] GC(15) Eden regions: 48->0(45)
[2024-12-17T00:26:07.674+0700][gc,heap     ] GC(15) Survivor regions: 3->6(7)
[2024-12-17T00:26:07.674+0700][gc,heap     ] GC(15) Old regions: 29->29
[2024-12-17T00:26:07.674+0700][gc,heap     ] GC(15) Archive regions: 2->2
[2024-12-17T00:26:07.674+0700][gc,heap     ] GC(15) Humongous regions: 129->129
[2024-12-17T00:26:07.674+0700][gc,metaspace] GC(15) Metaspace: 43948K(44544K)->43948K(44544K) NonClass: 38759K(39104K)->38759K(39104K) Class: 5189K(5440K)->5189K(5440K)
[2024-12-17T00:26:07.674+0700][gc          ] GC(15) Pause Young (Normal) (G1 Evacuation Pause) 209M->164M(1024M) 45.853ms
[2024-12-17T00:26:07.674+0700][gc,cpu      ] GC(15) User=0.07s Sys=0.01s Real=0.04s
[2024-12-17T00:27:51.652+0700][gc,start    ] GC(16) Pause Young (Normal) (G1 Evacuation Pause)
[2024-12-17T00:27:51.653+0700][gc,task     ] GC(16) Using 2 workers of 2 for evacuation
[2024-12-17T00:27:51.715+0700][gc,mmu      ] GC(16) MMU target violated: 21.0ms (20.0ms/21.0ms)
[2024-12-17T00:27:51.715+0700][gc,phases   ] GC(16)   Pre Evacuate Collection Set: 2.7ms
[2024-12-17T00:27:51.715+0700][gc,phases   ] GC(16)   Merge Heap Roots: 0.6ms
[2024-12-17T00:27:51.715+0700][gc,phases   ] GC(16)   Evacuate Collection Set: 56.0ms
[2024-12-17T00:27:51.715+0700][gc,phases   ] GC(16)   Post Evacuate Collection Set: 3.0ms
[2024-12-17T00:27:51.715+0700][gc,phases   ] GC(16)   Other: 0.8ms
[2024-12-17T00:27:51.716+0700][gc,heap     ] GC(16) Eden regions: 45->0(46)
[2024-12-17T00:27:51.716+0700][gc,heap     ] GC(16) Survivor regions: 6->5(7)
[2024-12-17T00:27:51.716+0700][gc,heap     ] GC(16) Old regions: 29->33
[2024-12-17T00:27:51.716+0700][gc,heap     ] GC(16) Archive regions: 2->2
[2024-12-17T00:27:51.716+0700][gc,heap     ] GC(16) Humongous regions: 129->129
[2024-12-17T00:27:51.716+0700][gc,metaspace] GC(16) Metaspace: 44000K(44608K)->44000K(44608K) NonClass: 38810K(39168K)->38810K(39168K) Class: 5190K(5440K)->5190K(5440K)
[2024-12-17T00:27:51.716+0700][gc          ] GC(16) Pause Young (Normal) (G1 Evacuation Pause) 209M->167M(1024M) 63.154ms
[2024-12-17T00:27:51.716+0700][gc,cpu      ] GC(16) User=0.11s Sys=0.01s Real=0.06s
[2024-12-17T00:29:30.435+0700][gc,start    ] GC(17) Pause Young (Normal) (G1 Evacuation Pause)
[2024-12-17T00:29:30.435+0700][gc,task     ] GC(17) Using 2 workers of 2 for evacuation
[2024-12-17T00:29:30.470+0700][gc,mmu      ] GC(17) MMU target violated: 21.0ms (20.0ms/21.0ms)
[2024-12-17T00:29:30.470+0700][gc,phases   ] GC(17)   Pre Evacuate Collection Set: 2.8ms
[2024-12-17T00:29:30.470+0700][gc,phases   ] GC(17)   Merge Heap Roots: 0.5ms
[2024-12-17T00:29:30.470+0700][gc,phases   ] GC(17)   Evacuate Collection Set: 28.3ms
[2024-12-17T00:29:30.470+0700][gc,phases   ] GC(17)   Post Evacuate Collection Set: 2.2ms
[2024-12-17T00:29:30.470+0700][gc,phases   ] GC(17)   Other: 0.9ms
[2024-12-17T00:29:30.470+0700][gc,heap     ] GC(17) Eden regions: 46->0(48)
[2024-12-17T00:29:30.470+0700][gc,heap     ] GC(17) Survivor regions: 5->3(7)
[2024-12-17T00:29:30.470+0700][gc,heap     ] GC(17) Old regions: 33->35
[2024-12-17T00:29:30.470+0700][gc,heap     ] GC(17) Archive regions: 2->2
[2024-12-17T00:29:30.470+0700][gc,heap     ] GC(17) Humongous regions: 129->129
[2024-12-17T00:29:30.470+0700][gc,metaspace] GC(17) Metaspace: 44045K(44608K)->44045K(44608K) NonClass: 38855K(39168K)->38855K(39168K) Class: 5190K(5440K)->5190K(5440K)
[2024-12-17T00:29:30.470+0700][gc          ] GC(17) Pause Young (Normal) (G1 Evacuation Pause) 213M->167M(1024M) 34.755ms
[2024-12-17T00:29:30.470+0700][gc,cpu      ] GC(17) User=0.07s Sys=0.00s Real=0.04s
[2024-12-17T00:31:19.873+0700][gc,start    ] GC(18) Pause Young (Normal) (G1 Evacuation Pause)
[2024-12-17T00:31:19.874+0700][gc,task     ] GC(18) Using 2 workers of 2 for evacuation
[2024-12-17T00:31:19.915+0700][gc,mmu      ] GC(18) MMU target violated: 21.0ms (20.0ms/21.0ms)
[2024-12-17T00:31:19.915+0700][gc,phases   ] GC(18)   Pre Evacuate Collection Set: 3.8ms
[2024-12-17T00:31:19.915+0700][gc,phases   ] GC(18)   Merge Heap Roots: 0.7ms
[2024-12-17T00:31:19.915+0700][gc,phases   ] GC(18)   Evacuate Collection Set: 33.4ms
[2024-12-17T00:31:19.915+0700][gc,phases   ] GC(18)   Post Evacuate Collection Set: 3.3ms
[2024-12-17T00:31:19.915+0700][gc,phases   ] GC(18)   Other: 1.0ms
[2024-12-17T00:31:19.915+0700][gc,heap     ] GC(18) Eden regions: 48->0(45)
[2024-12-17T00:31:19.915+0700][gc,heap     ] GC(18) Survivor regions: 3->6(7)
[2024-12-17T00:31:19.915+0700][gc,heap     ] GC(18) Old regions: 35->35
[2024-12-17T00:31:19.915+0700][gc,heap     ] GC(18) Archive regions: 2->2
[2024-12-17T00:31:19.915+0700][gc,heap     ] GC(18) Humongous regions: 129->129
[2024-12-17T00:31:19.915+0700][gc,metaspace] GC(18) Metaspace: 44062K(44608K)->44062K(44608K) NonClass: 38872K(39168K)->38872K(39168K) Class: 5190K(5440K)->5190K(5440K)
[2024-12-17T00:31:19.916+0700][gc          ] GC(18) Pause Young (Normal) (G1 Evacuation Pause) 215M->170M(1024M) 42.222ms
[2024-12-17T00:31:19.916+0700][gc,cpu      ] GC(18) User=0.07s Sys=0.00s Real=0.04s
[2024-12-17T00:33:03.948+0700][gc,start    ] GC(19) Pause Young (Normal) (G1 Evacuation Pause)
[2024-12-17T00:33:03.949+0700][gc,task     ] GC(19) Using 2 workers of 2 for evacuation
[2024-12-17T00:33:04.005+0700][gc,mmu      ] GC(19) MMU target violated: 21.0ms (20.0ms/21.0ms)
[2024-12-17T00:33:04.005+0700][gc,phases   ] GC(19)   Pre Evacuate Collection Set: 4.1ms
[2024-12-17T00:33:04.005+0700][gc,phases   ] GC(19)   Merge Heap Roots: 0.6ms
[2024-12-17T00:33:04.005+0700][gc,phases   ] GC(19)   Evacuate Collection Set: 48.0ms
[2024-12-17T00:33:04.005+0700][gc,phases   ] GC(19)   Post Evacuate Collection Set: 3.4ms
[2024-12-17T00:33:04.006+0700][gc,phases   ] GC(19)   Other: 1.7ms
[2024-12-17T00:33:04.006+0700][gc,heap     ] GC(19) Eden regions: 45->0(45)
[2024-12-17T00:33:04.006+0700][gc,heap     ] GC(19) Survivor regions: 6->6(7)
[2024-12-17T00:33:04.006+0700][gc,heap     ] GC(19) Old regions: 35->37
[2024-12-17T00:33:04.006+0700][gc,heap     ] GC(19) Archive regions: 2->2
[2024-12-17T00:33:04.006+0700][gc,heap     ] GC(19) Humongous regions: 129->129
[2024-12-17T00:33:04.006+0700][gc,metaspace] GC(19) Metaspace: 44070K(44608K)->44070K(44608K) NonClass: 38880K(39168K)->38880K(39168K) Class: 5190K(5440K)->5190K(5440K)
[2024-12-17T00:33:04.006+0700][gc          ] GC(19) Pause Young (Normal) (G1 Evacuation Pause) 215M->172M(1024M) 57.454ms
[2024-12-17T00:33:04.006+0700][gc,cpu      ] GC(19) User=0.09s Sys=0.00s Real=0.06s
[2024-12-17T00:34:44.242+0700][gc,start    ] GC(20) Pause Young (Normal) (G1 Evacuation Pause)
[2024-12-17T00:34:44.242+0700][gc,task     ] GC(20) Using 2 workers of 2 for evacuation
[2024-12-17T00:34:44.309+0700][gc,mmu      ] GC(20) MMU target violated: 21.0ms (20.0ms/21.0ms)
[2024-12-17T00:34:44.309+0700][gc,phases   ] GC(20)   Pre Evacuate Collection Set: 3.4ms
[2024-12-17T00:34:44.309+0700][gc,phases   ] GC(20)   Merge Heap Roots: 0.4ms
[2024-12-17T00:34:44.309+0700][gc,phases   ] GC(20)   Evacuate Collection Set: 59.2ms
[2024-12-17T00:34:44.309+0700][gc,phases   ] GC(20)   Post Evacuate Collection Set: 3.3ms
[2024-12-17T00:34:44.309+0700][gc,phases   ] GC(20)   Other: 1.3ms
[2024-12-17T00:34:44.309+0700][gc,heap     ] GC(20) Eden regions: 45->0(46)
[2024-12-17T00:34:44.309+0700][gc,heap     ] GC(20) Survivor regions: 6->5(7)
[2024-12-17T00:34:44.309+0700][gc,heap     ] GC(20) Old regions: 37->41
[2024-12-17T00:34:44.309+0700][gc,heap     ] GC(20) Archive regions: 2->2
[2024-12-17T00:34:44.309+0700][gc,heap     ] GC(20) Humongous regions: 129->129
[2024-12-17T00:34:44.309+0700][gc,metaspace] GC(20) Metaspace: 44088K(44672K)->44088K(44672K) NonClass: 38898K(39232K)->38898K(39232K) Class: 5190K(5440K)->5190K(5440K)
[2024-12-17T00:34:44.309+0700][gc          ] GC(20) Pause Young (Normal) (G1 Evacuation Pause) 217M->175M(1024M) 67.576ms
[2024-12-17T00:34:44.309+0700][gc,cpu      ] GC(20) User=0.13s Sys=0.00s Real=0.07s
[2024-12-17T00:36:29.917+0700][gc,start    ] GC(21) Pause Young (Normal) (G1 Evacuation Pause)
[2024-12-17T00:36:29.917+0700][gc,task     ] GC(21) Using 2 workers of 2 for evacuation
[2024-12-17T00:36:29.953+0700][gc,mmu      ] GC(21) MMU target violated: 21.0ms (20.0ms/21.0ms)
[2024-12-17T00:36:29.953+0700][gc,phases   ] GC(21)   Pre Evacuate Collection Set: 2.6ms
[2024-12-17T00:36:29.953+0700][gc,phases   ] GC(21)   Merge Heap Roots: 0.6ms
[2024-12-17T00:36:29.953+0700][gc,phases   ] GC(21)   Evacuate Collection Set: 29.0ms
[2024-12-17T00:36:29.953+0700][gc,phases   ] GC(21)   Post Evacuate Collection Set: 3.0ms
[2024-12-17T00:36:29.953+0700][gc,phases   ] GC(21)   Other: 1.0ms
[2024-12-17T00:36:29.953+0700][gc,heap     ] GC(21) Eden regions: 46->0(48)
[2024-12-17T00:36:29.953+0700][gc,heap     ] GC(21) Survivor regions: 5->3(7)
[2024-12-17T00:36:29.953+0700][gc,heap     ] GC(21) Old regions: 41->43
[2024-12-17T00:36:29.953+0700][gc,heap     ] GC(21) Archive regions: 2->2
[2024-12-17T00:36:29.953+0700][gc,heap     ] GC(21) Humongous regions: 129->129
[2024-12-17T00:36:29.953+0700][gc,metaspace] GC(21) Metaspace: 44116K(44736K)->44116K(44736K) NonClass: 38926K(39296K)->38926K(39296K) Class: 5190K(5440K)->5190K(5440K)
[2024-12-17T00:36:29.953+0700][gc          ] GC(21) Pause Young (Normal) (G1 Evacuation Pause) 221M->175M(1024M) 36.304ms
[2024-12-17T00:36:29.953+0700][gc,cpu      ] GC(21) User=0.07s Sys=0.00s Real=0.03s
[2024-12-17T00:38:21.076+0700][gc,start    ] GC(22) Pause Young (Normal) (G1 Evacuation Pause)
[2024-12-17T00:38:21.077+0700][gc,task     ] GC(22) Using 2 workers of 2 for evacuation
[2024-12-17T00:38:21.120+0700][gc,mmu      ] GC(22) MMU target violated: 21.0ms (20.0ms/21.0ms)
[2024-12-17T00:38:21.120+0700][gc,phases   ] GC(22)   Pre Evacuate Collection Set: 2.7ms
[2024-12-17T00:38:21.120+0700][gc,phases   ] GC(22)   Merge Heap Roots: 0.5ms
[2024-12-17T00:38:21.120+0700][gc,phases   ] GC(22)   Evacuate Collection Set: 35.3ms
[2024-12-17T00:38:21.120+0700][gc,phases   ] GC(22)   Post Evacuate Collection Set: 3.8ms
[2024-12-17T00:38:21.120+0700][gc,phases   ] GC(22)   Other: 1.2ms
[2024-12-17T00:38:21.120+0700][gc,heap     ] GC(22) Eden regions: 48->0(45)
[2024-12-17T00:38:21.120+0700][gc,heap     ] GC(22) Survivor regions: 3->6(7)
[2024-12-17T00:38:21.120+0700][gc,heap     ] GC(22) Old regions: 43->43
[2024-12-17T00:38:21.120+0700][gc,heap     ] GC(22) Archive regions: 2->2
[2024-12-17T00:38:21.120+0700][gc,heap     ] GC(22) Humongous regions: 129->129
[2024-12-17T00:38:21.120+0700][gc,metaspace] GC(22) Metaspace: 44120K(44736K)->44120K(44736K) NonClass: 38930K(39296K)->38930K(39296K) Class: 5190K(5440K)->5190K(5440K)
[2024-12-17T00:38:21.120+0700][gc          ] GC(22) Pause Young (Normal) (G1 Evacuation Pause) 223M->178M(1024M) 43.478ms
[2024-12-17T00:38:21.120+0700][gc,cpu      ] GC(22) User=0.07s Sys=0.01s Real=0.04s
[2024-12-17T00:39:59.942+0700][gc,start    ] GC(23) Pause Young (Normal) (G1 Evacuation Pause)
[2024-12-17T00:39:59.942+0700][gc,task     ] GC(23) Using 2 workers of 2 for evacuation
[2024-12-17T00:39:59.992+0700][gc,mmu      ] GC(23) MMU target violated: 21.0ms (20.0ms/21.0ms)
[2024-12-17T00:39:59.992+0700][gc,phases   ] GC(23)   Pre Evacuate Collection Set: 3.4ms
[2024-12-17T00:39:59.992+0700][gc,phases   ] GC(23)   Merge Heap Roots: 0.4ms
[2024-12-17T00:39:59.992+0700][gc,phases   ] GC(23)   Evacuate Collection Set: 43.4ms
[2024-12-17T00:39:59.992+0700][gc,phases   ] GC(23)   Post Evacuate Collection Set: 2.0ms
[2024-12-17T00:39:59.992+0700][gc,phases   ] GC(23)   Other: 0.9ms
[2024-12-17T00:39:59.992+0700][gc,heap     ] GC(23) Eden regions: 45->0(45)
[2024-12-17T00:39:59.992+0700][gc,heap     ] GC(23) Survivor regions: 6->6(7)
[2024-12-17T00:39:59.992+0700][gc,heap     ] GC(23) Old regions: 43->45
[2024-12-17T00:39:59.992+0700][gc,heap     ] GC(23) Archive regions: 2->2
[2024-12-17T00:39:59.992+0700][gc,heap     ] GC(23) Humongous regions: 129->129
[2024-12-17T00:39:59.992+0700][gc,metaspace] GC(23) Metaspace: 44149K(44800K)->44149K(44800K) NonClass: 38959K(39360K)->38959K(39360K) Class: 5190K(5440K)->5190K(5440K)
[2024-12-17T00:39:59.992+0700][gc          ] GC(23) Pause Young (Normal) (G1 Evacuation Pause) 223M->180M(1024M) 50.120ms
[2024-12-17T00:39:59.992+0700][gc,cpu      ] GC(23) User=0.09s Sys=0.01s Real=0.05s
[2024-12-17T00:41:43.519+0700][gc,start    ] GC(24) Pause Young (Normal) (G1 Evacuation Pause)
[2024-12-17T00:41:43.519+0700][gc,task     ] GC(24) Using 2 workers of 2 for evacuation
[2024-12-17T00:41:43.586+0700][gc,mmu      ] GC(24) MMU target violated: 21.0ms (20.0ms/21.0ms)
[2024-12-17T00:41:43.586+0700][gc,phases   ] GC(24)   Pre Evacuate Collection Set: 2.6ms
[2024-12-17T00:41:43.586+0700][gc,phases   ] GC(24)   Merge Heap Roots: 0.7ms
[2024-12-17T00:41:43.586+0700][gc,phases   ] GC(24)   Evacuate Collection Set: 61.0ms
[2024-12-17T00:41:43.586+0700][gc,phases   ] GC(24)   Post Evacuate Collection Set: 2.5ms
[2024-12-17T00:41:43.586+0700][gc,phases   ] GC(24)   Other: 1.2ms
[2024-12-17T00:41:43.586+0700][gc,heap     ] GC(24) Eden regions: 45->0(46)
[2024-12-17T00:41:43.586+0700][gc,heap     ] GC(24) Survivor regions: 6->5(7)
[2024-12-17T00:41:43.586+0700][gc,heap     ] GC(24) Old regions: 45->49
[2024-12-17T00:41:43.586+0700][gc,heap     ] GC(24) Archive regions: 2->2
[2024-12-17T00:41:43.587+0700][gc,heap     ] GC(24) Humongous regions: 129->129
[2024-12-17T00:41:43.587+0700][gc,metaspace] GC(24) Metaspace: 44155K(44800K)->44155K(44800K) NonClass: 38965K(39360K)->38965K(39360K) Class: 5190K(5440K)->5190K(5440K)
[2024-12-17T00:41:43.587+0700][gc          ] GC(24) Pause Young (Normal) (G1 Evacuation Pause) 225M->183M(1024M) 68.055ms
[2024-12-17T00:41:43.587+0700][gc,cpu      ] GC(24) User=0.13s Sys=0.00s Real=0.07s
[2024-12-17T00:43:28.474+0700][gc,start    ] GC(25) Pause Young (Normal) (G1 Evacuation Pause)
[2024-12-17T00:43:28.475+0700][gc,task     ] GC(25) Using 2 workers of 2 for evacuation
[2024-12-17T00:43:28.516+0700][gc,mmu      ] GC(25) MMU target violated: 21.0ms (20.0ms/21.0ms)
[2024-12-17T00:43:28.516+0700][gc,phases   ] GC(25)   Pre Evacuate Collection Set: 3.3ms
[2024-12-17T00:43:28.516+0700][gc,phases   ] GC(25)   Merge Heap Roots: 0.6ms
[2024-12-17T00:43:28.516+0700][gc,phases   ] GC(25)   Evacuate Collection Set: 33.7ms
[2024-12-17T00:43:28.516+0700][gc,phases   ] GC(25)   Post Evacuate Collection Set: 3.5ms
[2024-12-17T00:43:28.516+0700][gc,phases   ] GC(25)   Other: 1.3ms
[2024-12-17T00:43:28.517+0700][gc,heap     ] GC(25) Eden regions: 46->0(48)
[2024-12-17T00:43:28.517+0700][gc,heap     ] GC(25) Survivor regions: 5->3(7)
[2024-12-17T00:43:28.517+0700][gc,heap     ] GC(25) Old regions: 49->51
[2024-12-17T00:43:28.517+0700][gc,heap     ] GC(25) Archive regions: 2->2
[2024-12-17T00:43:28.517+0700][gc,heap     ] GC(25) Humongous regions: 129->129
[2024-12-17T00:43:28.517+0700][gc,metaspace] GC(25) Metaspace: 44171K(44800K)->44171K(44800K) NonClass: 38981K(39360K)->38981K(39360K) Class: 5190K(5440K)->5190K(5440K)
[2024-12-17T00:43:28.517+0700][gc          ] GC(25) Pause Young (Normal) (G1 Evacuation Pause) 229M->183M(1024M) 42.644ms
[2024-12-17T00:43:28.517+0700][gc,cpu      ] GC(25) User=0.07s Sys=0.00s Real=0.05s
[2024-12-17T00:45:16.202+0700][gc,start    ] GC(26) Pause Young (Normal) (G1 Evacuation Pause)
[2024-12-17T00:45:16.202+0700][gc,task     ] GC(26) Using 2 workers of 2 for evacuation
[2024-12-17T00:45:16.252+0700][gc,mmu      ] GC(26) MMU target violated: 21.0ms (20.0ms/21.0ms)
[2024-12-17T00:45:16.252+0700][gc,phases   ] GC(26)   Pre Evacuate Collection Set: 3.4ms
[2024-12-17T00:45:16.252+0700][gc,phases   ] GC(26)   Merge Heap Roots: 0.6ms
[2024-12-17T00:45:16.252+0700][gc,phases   ] GC(26)   Evacuate Collection Set: 42.2ms
[2024-12-17T00:45:16.252+0700][gc,phases   ] GC(26)   Post Evacuate Collection Set: 3.0ms
[2024-12-17T00:45:16.252+0700][gc,phases   ] GC(26)   Other: 1.5ms
[2024-12-17T00:45:16.252+0700][gc,heap     ] GC(26) Eden regions: 48->0(45)
[2024-12-17T00:45:16.252+0700][gc,heap     ] GC(26) Survivor regions: 3->6(7)
[2024-12-17T00:45:16.252+0700][gc,heap     ] GC(26) Old regions: 51->51
[2024-12-17T00:45:16.252+0700][gc,heap     ] GC(26) Archive regions: 2->2
[2024-12-17T00:45:16.252+0700][gc,heap     ] GC(26) Humongous regions: 129->129
[2024-12-17T00:45:16.252+0700][gc,metaspace] GC(26) Metaspace: 44226K(44864K)->44226K(44864K) NonClass: 39036K(39424K)->39036K(39424K) Class: 5190K(5440K)->5190K(5440K)
[2024-12-17T00:45:16.252+0700][gc          ] GC(26) Pause Young (Normal) (G1 Evacuation Pause) 231M->186M(1024M) 50.694ms
[2024-12-17T00:45:16.253+0700][gc,cpu      ] GC(26) User=0.10s Sys=0.00s Real=0.05s
[2024-12-17T00:46:57.221+0700][gc,start    ] GC(27) Pause Young (Normal) (G1 Evacuation Pause)
[2024-12-17T00:46:57.221+0700][gc,task     ] GC(27) Using 2 workers of 2 for evacuation
[2024-12-17T00:46:57.291+0700][gc,mmu      ] GC(27) MMU target violated: 21.0ms (20.0ms/21.0ms)
[2024-12-17T00:46:57.291+0700][gc,phases   ] GC(27)   Pre Evacuate Collection Set: 2.7ms
[2024-12-17T00:46:57.291+0700][gc,phases   ] GC(27)   Merge Heap Roots: 0.8ms
[2024-12-17T00:46:57.291+0700][gc,phases   ] GC(27)   Evacuate Collection Set: 63.2ms
[2024-12-17T00:46:57.291+0700][gc,phases   ] GC(27)   Post Evacuate Collection Set: 2.8ms
[2024-12-17T00:46:57.291+0700][gc,phases   ] GC(27)   Other: 1.3ms
[2024-12-17T00:46:57.291+0700][gc,heap     ] GC(27) Eden regions: 45->0(45)
[2024-12-17T00:46:57.291+0700][gc,heap     ] GC(27) Survivor regions: 6->6(7)
[2024-12-17T00:46:57.291+0700][gc,heap     ] GC(27) Old regions: 51->53
[2024-12-17T00:46:57.291+0700][gc,heap     ] GC(27) Archive regions: 2->2
[2024-12-17T00:46:57.291+0700][gc,heap     ] GC(27) Humongous regions: 129->129
[2024-12-17T00:46:57.291+0700][gc,metaspace] GC(27) Metaspace: 44283K(44864K)->44283K(44864K) NonClass: 39093K(39424K)->39093K(39424K) Class: 5190K(5440K)->5190K(5440K)
[2024-12-17T00:46:57.291+0700][gc          ] GC(27) Pause Young (Normal) (G1 Evacuation Pause) 231M->188M(1024M) 70.780ms
[2024-12-17T00:46:57.292+0700][gc,cpu      ] GC(27) User=0.10s Sys=0.00s Real=0.07s
[2024-12-17T00:48:36.975+0700][gc,start    ] GC(28) Pause Young (Normal) (G1 Evacuation Pause)
[2024-12-17T00:48:36.975+0700][gc,task     ] GC(28) Using 2 workers of 2 for evacuation
[2024-12-17T00:48:37.037+0700][gc,mmu      ] GC(28) MMU target violated: 21.0ms (20.0ms/21.0ms)
[2024-12-17T00:48:37.037+0700][gc,phases   ] GC(28)   Pre Evacuate Collection Set: 2.7ms
[2024-12-17T00:48:37.037+0700][gc,phases   ] GC(28)   Merge Heap Roots: 0.4ms
[2024-12-17T00:48:37.037+0700][gc,phases   ] GC(28)   Evacuate Collection Set: 54.6ms
[2024-12-17T00:48:37.037+0700][gc,phases   ] GC(28)   Post Evacuate Collection Set: 3.2ms
[2024-12-17T00:48:37.037+0700][gc,phases   ] GC(28)   Other: 1.0ms
[2024-12-17T00:48:37.037+0700][gc,heap     ] GC(28) Eden regions: 45->0(46)
[2024-12-17T00:48:37.037+0700][gc,heap     ] GC(28) Survivor regions: 6->5(7)
[2024-12-17T00:48:37.037+0700][gc,heap     ] GC(28) Old regions: 53->57
[2024-12-17T00:48:37.037+0700][gc,heap     ] GC(28) Archive regions: 2->2
[2024-12-17T00:48:37.037+0700][gc,heap     ] GC(28) Humongous regions: 129->129
[2024-12-17T00:48:37.037+0700][gc,metaspace] GC(28) Metaspace: 44322K(44928K)->44322K(44928K) NonClass: 39132K(39488K)->39132K(39488K) Class: 5190K(5440K)->5190K(5440K)
[2024-12-17T00:48:37.037+0700][gc          ] GC(28) Pause Young (Normal) (G1 Evacuation Pause) 233M->191M(1024M) 62.052ms
[2024-12-17T00:48:37.037+0700][gc,cpu      ] GC(28) User=0.12s Sys=0.00s Real=0.07s
[2024-12-17T00:50:20.436+0700][gc,start    ] GC(29) Pause Young (Normal) (G1 Evacuation Pause)
[2024-12-17T00:50:20.436+0700][gc,task     ] GC(29) Using 2 workers of 2 for evacuation
[2024-12-17T00:50:20.478+0700][gc,mmu      ] GC(29) MMU target violated: 21.0ms (20.0ms/21.0ms)
[2024-12-17T00:50:20.478+0700][gc,phases   ] GC(29)   Pre Evacuate Collection Set: 3.9ms
[2024-12-17T00:50:20.478+0700][gc,phases   ] GC(29)   Merge Heap Roots: 0.8ms
[2024-12-17T00:50:20.478+0700][gc,phases   ] GC(29)   Evacuate Collection Set: 33.9ms
[2024-12-17T00:50:20.478+0700][gc,phases   ] GC(29)   Post Evacuate Collection Set: 2.4ms
[2024-12-17T00:50:20.478+0700][gc,phases   ] GC(29)   Other: 1.3ms
[2024-12-17T00:50:20.478+0700][gc,heap     ] GC(29) Eden regions: 46->0(48)
[2024-12-17T00:50:20.478+0700][gc,heap     ] GC(29) Survivor regions: 5->3(7)
[2024-12-17T00:50:20.478+0700][gc,heap     ] GC(29) Old regions: 57->59
[2024-12-17T00:50:20.478+0700][gc,heap     ] GC(29) Archive regions: 2->2
[2024-12-17T00:50:20.478+0700][gc,heap     ] GC(29) Humongous regions: 129->129
[2024-12-17T00:50:20.478+0700][gc,metaspace] GC(29) Metaspace: 44342K(44928K)->44342K(44928K) NonClass: 39152K(39488K)->39152K(39488K) Class: 5190K(5440K)->5190K(5440K)
[2024-12-17T00:50:20.478+0700][gc          ] GC(29) Pause Young (Normal) (G1 Evacuation Pause) 237M->191M(1024M) 42.426ms
[2024-12-17T00:50:20.478+0700][gc,cpu      ] GC(29) User=0.06s Sys=0.00s Real=0.05s
[2024-12-17T00:52:07.672+0700][gc,start    ] GC(30) Pause Young (Normal) (G1 Evacuation Pause)
[2024-12-17T00:52:07.672+0700][gc,task     ] GC(30) Using 2 workers of 2 for evacuation
[2024-12-17T00:52:07.720+0700][gc,mmu      ] GC(30) MMU target violated: 21.0ms (20.0ms/21.0ms)
[2024-12-17T00:52:07.720+0700][gc,phases   ] GC(30)   Pre Evacuate Collection Set: 3.9ms
[2024-12-17T00:52:07.720+0700][gc,phases   ] GC(30)   Merge Heap Roots: 0.5ms
[2024-12-17T00:52:07.720+0700][gc,phases   ] GC(30)   Evacuate Collection Set: 40.9ms
[2024-12-17T00:52:07.720+0700][gc,phases   ] GC(30)   Post Evacuate Collection Set: 2.1ms
[2024-12-17T00:52:07.720+0700][gc,phases   ] GC(30)   Other: 1.2ms
[2024-12-17T00:52:07.720+0700][gc,heap     ] GC(30) Eden regions: 48->0(45)
[2024-12-17T00:52:07.720+0700][gc,heap     ] GC(30) Survivor regions: 3->6(7)
[2024-12-17T00:52:07.720+0700][gc,heap     ] GC(30) Old regions: 59->59
[2024-12-17T00:52:07.720+0700][gc,heap     ] GC(30) Archive regions: 2->2
[2024-12-17T00:52:07.720+0700][gc,heap     ] GC(30) Humongous regions: 129->129
[2024-12-17T00:52:07.720+0700][gc,metaspace] GC(30) Metaspace: 44393K(44992K)->44393K(44992K) NonClass: 39203K(39552K)->39203K(39552K) Class: 5190K(5440K)->5190K(5440K)
[2024-12-17T00:52:07.720+0700][gc          ] GC(30) Pause Young (Normal) (G1 Evacuation Pause) 239M->194M(1024M) 48.756ms
[2024-12-17T00:52:07.720+0700][gc,cpu      ] GC(30) User=0.09s Sys=0.00s Real=0.05s
[2024-12-17T00:53:51.404+0700][gc,start    ] GC(31) Pause Young (Normal) (G1 Evacuation Pause)
[2024-12-17T00:53:51.405+0700][gc,task     ] GC(31) Using 2 workers of 2 for evacuation
[2024-12-17T00:53:51.471+0700][gc,mmu      ] GC(31) MMU target violated: 21.0ms (20.0ms/21.0ms)
[2024-12-17T00:53:51.471+0700][gc,phases   ] GC(31)   Pre Evacuate Collection Set: 3.6ms
[2024-12-17T00:53:51.471+0700][gc,phases   ] GC(31)   Merge Heap Roots: 0.7ms
[2024-12-17T00:53:51.471+0700][gc,phases   ] GC(31)   Evacuate Collection Set: 56.1ms
[2024-12-17T00:53:51.471+0700][gc,phases   ] GC(31)   Post Evacuate Collection Set: 5.2ms
[2024-12-17T00:53:51.471+0700][gc,phases   ] GC(31)   Other: 1.4ms
[2024-12-17T00:53:51.471+0700][gc,heap     ] GC(31) Eden regions: 45->0(44)
[2024-12-17T00:53:51.471+0700][gc,heap     ] GC(31) Survivor regions: 6->7(7)
[2024-12-17T00:53:51.471+0700][gc,heap     ] GC(31) Old regions: 59->61
[2024-12-17T00:53:51.471+0700][gc,heap     ] GC(31) Archive regions: 2->2
[2024-12-17T00:53:51.471+0700][gc,heap     ] GC(31) Humongous regions: 129->129
[2024-12-17T00:53:51.471+0700][gc,metaspace] GC(31) Metaspace: 44410K(44992K)->44410K(44992K) NonClass: 39219K(39552K)->39219K(39552K) Class: 5190K(5440K)->5190K(5440K)
[2024-12-17T00:53:51.471+0700][gc          ] GC(31) Pause Young (Normal) (G1 Evacuation Pause) 239M->197M(1024M) 67.074ms
[2024-12-17T00:53:51.472+0700][gc,cpu      ] GC(31) User=0.11s Sys=0.01s Real=0.06s
[2024-12-17T00:55:33.427+0700][gc,start    ] GC(32) Pause Young (Normal) (G1 Evacuation Pause)
[2024-12-17T00:55:33.427+0700][gc,task     ] GC(32) Using 2 workers of 2 for evacuation
[2024-12-17T00:55:33.491+0700][gc,mmu      ] GC(32) MMU target violated: 21.0ms (20.0ms/21.0ms)
[2024-12-17T00:55:33.491+0700][gc,phases   ] GC(32)   Pre Evacuate Collection Set: 2.7ms
[2024-12-17T00:55:33.491+0700][gc,phases   ] GC(32)   Merge Heap Roots: 0.5ms
[2024-12-17T00:55:33.491+0700][gc,phases   ] GC(32)   Evacuate Collection Set: 57.2ms
[2024-12-17T00:55:33.491+0700][gc,phases   ] GC(32)   Post Evacuate Collection Set: 3.0ms
[2024-12-17T00:55:33.491+0700][gc,phases   ] GC(32)   Other: 1.1ms
[2024-12-17T00:55:33.491+0700][gc,heap     ] GC(32) Eden regions: 44->0(46)
[2024-12-17T00:55:33.491+0700][gc,heap     ] GC(32) Survivor regions: 7->5(7)
[2024-12-17T00:55:33.491+0700][gc,heap     ] GC(32) Old regions: 61->65
[2024-12-17T00:55:33.491+0700][gc,heap     ] GC(32) Archive regions: 2->2
[2024-12-17T00:55:33.491+0700][gc,heap     ] GC(32) Humongous regions: 129->129
[2024-12-17T00:55:33.491+0700][gc,metaspace] GC(32) Metaspace: 44424K(44992K)->44424K(44992K) NonClass: 39233K(39552K)->39233K(39552K) Class: 5190K(5440K)->5190K(5440K)
[2024-12-17T00:55:33.492+0700][gc          ] GC(32) Pause Young (Normal) (G1 Evacuation Pause) 241M->199M(1024M) 64.730ms
[2024-12-17T00:55:33.492+0700][gc,cpu      ] GC(32) User=0.10s Sys=0.03s Real=0.06s
[2024-12-17T00:57:19.473+0700][gc,start    ] GC(33) Pause Young (Normal) (G1 Evacuation Pause)
[2024-12-17T00:57:19.474+0700][gc,task     ] GC(33) Using 2 workers of 2 for evacuation
[2024-12-17T00:57:19.516+0700][gc,mmu      ] GC(33) MMU target violated: 21.0ms (20.0ms/21.0ms)
[2024-12-17T00:57:19.516+0700][gc,phases   ] GC(33)   Pre Evacuate Collection Set: 3.7ms
[2024-12-17T00:57:19.516+0700][gc,phases   ] GC(33)   Merge Heap Roots: 0.8ms
[2024-12-17T00:57:19.516+0700][gc,phases   ] GC(33)   Evacuate Collection Set: 33.5ms
[2024-12-17T00:57:19.516+0700][gc,phases   ] GC(33)   Post Evacuate Collection Set: 3.6ms
[2024-12-17T00:57:19.516+0700][gc,phases   ] GC(33)   Other: 1.4ms
[2024-12-17T00:57:19.516+0700][gc,heap     ] GC(33) Eden regions: 46->0(48)
[2024-12-17T00:57:19.516+0700][gc,heap     ] GC(33) Survivor regions: 5->3(7)
[2024-12-17T00:57:19.516+0700][gc,heap     ] GC(33) Old regions: 65->67
[2024-12-17T00:57:19.516+0700][gc,heap     ] GC(33) Archive regions: 2->2
[2024-12-17T00:57:19.516+0700][gc,heap     ] GC(33) Humongous regions: 129->129
[2024-12-17T00:57:19.516+0700][gc,metaspace] GC(33) Metaspace: 44425K(44992K)->44425K(44992K) NonClass: 39235K(39552K)->39235K(39552K) Class: 5190K(5440K)->5190K(5440K)
[2024-12-17T00:57:19.516+0700][gc          ] GC(33) Pause Young (Normal) (G1 Evacuation Pause) 245M->199M(1024M) 42.902ms
[2024-12-17T00:57:19.516+0700][gc,cpu      ] GC(33) User=0.07s Sys=0.01s Real=0.05s
[2024-12-17T00:59:10.997+0700][gc,start    ] GC(34) Pause Young (Normal) (G1 Evacuation Pause)
[2024-12-17T00:59:10.997+0700][gc,task     ] GC(34) Using 2 workers of 2 for evacuation
[2024-12-17T00:59:11.041+0700][gc,mmu      ] GC(34) MMU target violated: 21.0ms (20.0ms/21.0ms)
[2024-12-17T00:59:11.041+0700][gc,phases   ] GC(34)   Pre Evacuate Collection Set: 4.1ms
[2024-12-17T00:59:11.041+0700][gc,phases   ] GC(34)   Merge Heap Roots: 0.5ms
[2024-12-17T00:59:11.041+0700][gc,phases   ] GC(34)   Evacuate Collection Set: 36.8ms
[2024-12-17T00:59:11.041+0700][gc,phases   ] GC(34)   Post Evacuate Collection Set: 2.4ms
[2024-12-17T00:59:11.041+0700][gc,phases   ] GC(34)   Other: 1.2ms
[2024-12-17T00:59:11.041+0700][gc,heap     ] GC(34) Eden regions: 48->0(45)
[2024-12-17T00:59:11.041+0700][gc,heap     ] GC(34) Survivor regions: 3->6(7)
[2024-12-17T00:59:11.041+0700][gc,heap     ] GC(34) Old regions: 67->67
[2024-12-17T00:59:11.041+0700][gc,heap     ] GC(34) Archive regions: 2->2
[2024-12-17T00:59:11.041+0700][gc,heap     ] GC(34) Humongous regions: 129->129
[2024-12-17T00:59:11.041+0700][gc,metaspace] GC(34) Metaspace: 44426K(44992K)->44426K(44992K) NonClass: 39236K(39552K)->39236K(39552K) Class: 5190K(5440K)->5190K(5440K)
[2024-12-17T00:59:11.041+0700][gc          ] GC(34) Pause Young (Normal) (G1 Evacuation Pause) 247M->202M(1024M) 44.996ms
[2024-12-17T00:59:11.042+0700][gc,cpu      ] GC(34) User=0.09s Sys=0.00s Real=0.04s
[2024-12-17T01:00:53.936+0700][gc,start    ] GC(35) Pause Young (Normal) (G1 Evacuation Pause)
[2024-12-17T01:00:53.936+0700][gc,task     ] GC(35) Using 2 workers of 2 for evacuation
[2024-12-17T01:00:53.998+0700][gc,mmu      ] GC(35) MMU target violated: 21.0ms (20.0ms/21.0ms)
[2024-12-17T01:00:53.998+0700][gc,phases   ] GC(35)   Pre Evacuate Collection Set: 4.1ms
[2024-12-17T01:00:53.998+0700][gc,phases   ] GC(35)   Merge Heap Roots: 0.6ms
[2024-12-17T01:00:53.998+0700][gc,phases   ] GC(35)   Evacuate Collection Set: 53.2ms
[2024-12-17T01:00:53.998+0700][gc,phases   ] GC(35)   Post Evacuate Collection Set: 3.3ms
[2024-12-17T01:00:53.998+0700][gc,phases   ] GC(35)   Other: 1.4ms
[2024-12-17T01:00:53.998+0700][gc,heap     ] GC(35) Eden regions: 45->0(46)
[2024-12-17T01:00:53.998+0700][gc,heap     ] GC(35) Survivor regions: 6->5(7)
[2024-12-17T01:00:53.998+0700][gc,heap     ] GC(35) Old regions: 67->71
[2024-12-17T01:00:53.998+0700][gc,heap     ] GC(35) Archive regions: 2->2
[2024-12-17T01:00:53.998+0700][gc,heap     ] GC(35) Humongous regions: 129->129
[2024-12-17T01:00:53.998+0700][gc,metaspace] GC(35) Metaspace: 44447K(45056K)->44447K(45056K) NonClass: 39257K(39616K)->39257K(39616K) Class: 5190K(5440K)->5190K(5440K)
[2024-12-17T01:00:53.998+0700][gc          ] GC(35) Pause Young (Normal) (G1 Evacuation Pause) 247M->205M(1024M) 62.608ms
[2024-12-17T01:00:53.998+0700][gc,cpu      ] GC(35) User=0.10s Sys=0.02s Real=0.07s
[2024-12-17T01:02:36.870+0700][gc,start    ] GC(36) Pause Young (Normal) (G1 Evacuation Pause)
[2024-12-17T01:02:36.870+0700][gc,task     ] GC(36) Using 2 workers of 2 for evacuation
[2024-12-17T01:02:36.912+0700][gc,mmu      ] GC(36) MMU target violated: 21.0ms (20.0ms/21.0ms)
[2024-12-17T01:02:36.913+0700][gc,phases   ] GC(36)   Pre Evacuate Collection Set: 2.8ms
[2024-12-17T01:02:36.913+0700][gc,phases   ] GC(36)   Merge Heap Roots: 0.6ms
[2024-12-17T01:02:36.913+0700][gc,phases   ] GC(36)   Evacuate Collection Set: 35.0ms
[2024-12-17T01:02:36.913+0700][gc,phases   ] GC(36)   Post Evacuate Collection Set: 3.1ms
[2024-12-17T01:02:36.913+0700][gc,phases   ] GC(36)   Other: 1.5ms
[2024-12-17T01:02:36.913+0700][gc,heap     ] GC(36) Eden regions: 46->0(48)
[2024-12-17T01:02:36.913+0700][gc,heap     ] GC(36) Survivor regions: 5->3(7)
[2024-12-17T01:02:36.913+0700][gc,heap     ] GC(36) Old regions: 71->73
[2024-12-17T01:02:36.913+0700][gc,heap     ] GC(36) Archive regions: 2->2
[2024-12-17T01:02:36.913+0700][gc,heap     ] GC(36) Humongous regions: 129->129
[2024-12-17T01:02:36.913+0700][gc,metaspace] GC(36) Metaspace: 44487K(45056K)->44487K(45056K) NonClass: 39297K(39616K)->39297K(39616K) Class: 5190K(5440K)->5190K(5440K)
[2024-12-17T01:02:36.913+0700][gc          ] GC(36) Pause Young (Normal) (G1 Evacuation Pause) 251M->205M(1024M) 42.767ms
[2024-12-17T01:02:36.913+0700][gc,cpu      ] GC(36) User=0.06s Sys=0.02s Real=0.04s
[2024-12-17T01:04:26.148+0700][gc,start    ] GC(37) Pause Young (Normal) (G1 Evacuation Pause)
[2024-12-17T01:04:26.148+0700][gc,task     ] GC(37) Using 2 workers of 2 for evacuation
[2024-12-17T01:04:26.193+0700][gc,mmu      ] GC(37) MMU target violated: 21.0ms (20.0ms/21.0ms)
[2024-12-17T01:04:26.194+0700][gc,phases   ] GC(37)   Pre Evacuate Collection Set: 3.9ms
[2024-12-17T01:04:26.194+0700][gc,phases   ] GC(37)   Merge Heap Roots: 0.5ms
[2024-12-17T01:04:26.194+0700][gc,phases   ] GC(37)   Evacuate Collection Set: 37.1ms
[2024-12-17T01:04:26.194+0700][gc,phases   ] GC(37)   Post Evacuate Collection Set: 3.1ms
[2024-12-17T01:04:26.194+0700][gc,phases   ] GC(37)   Other: 1.4ms
[2024-12-17T01:04:26.194+0700][gc,heap     ] GC(37) Eden regions: 48->0(45)
[2024-12-17T01:04:26.194+0700][gc,heap     ] GC(37) Survivor regions: 3->6(7)
[2024-12-17T01:04:26.194+0700][gc,heap     ] GC(37) Old regions: 73->73
[2024-12-17T01:04:26.194+0700][gc,heap     ] GC(37) Archive regions: 2->2
[2024-12-17T01:04:26.194+0700][gc,heap     ] GC(37) Humongous regions: 129->129
[2024-12-17T01:04:26.194+0700][gc,metaspace] GC(37) Metaspace: 44502K(45056K)->44502K(45056K) NonClass: 39312K(39616K)->39312K(39616K) Class: 5190K(5440K)->5190K(5440K)
[2024-12-17T01:04:26.194+0700][gc          ] GC(37) Pause Young (Normal) (G1 Evacuation Pause) 253M->208M(1024M) 45.930ms
[2024-12-17T01:04:26.194+0700][gc,cpu      ] GC(37) User=0.08s Sys=0.00s Real=0.04s
[2024-12-17T01:06:10.209+0700][gc,start    ] GC(38) Pause Young (Normal) (G1 Evacuation Pause)
[2024-12-17T01:06:10.209+0700][gc,task     ] GC(38) Using 2 workers of 2 for evacuation
[2024-12-17T01:06:10.263+0700][gc,mmu      ] GC(38) MMU target violated: 21.0ms (20.0ms/21.0ms)
[2024-12-17T01:06:10.263+0700][gc,phases   ] GC(38)   Pre Evacuate Collection Set: 2.8ms
[2024-12-17T01:06:10.263+0700][gc,phases   ] GC(38)   Merge Heap Roots: 0.6ms
[2024-12-17T01:06:10.263+0700][gc,phases   ] GC(38)   Evacuate Collection Set: 46.8ms
[2024-12-17T01:06:10.263+0700][gc,phases   ] GC(38)   Post Evacuate Collection Set: 2.5ms
[2024-12-17T01:06:10.263+0700][gc,phases   ] GC(38)   Other: 1.4ms
[2024-12-17T01:06:10.263+0700][gc,heap     ] GC(38) Eden regions: 45->0(45)
[2024-12-17T01:06:10.263+0700][gc,heap     ] GC(38) Survivor regions: 6->6(7)
[2024-12-17T01:06:10.263+0700][gc,heap     ] GC(38) Old regions: 73->75
[2024-12-17T01:06:10.263+0700][gc,heap     ] GC(38) Archive regions: 2->2
[2024-12-17T01:06:10.263+0700][gc,heap     ] GC(38) Humongous regions: 129->129
[2024-12-17T01:06:10.263+0700][gc,metaspace] GC(38) Metaspace: 44503K(45056K)->44503K(45056K) NonClass: 39313K(39616K)->39313K(39616K) Class: 5190K(5440K)->5190K(5440K)
[2024-12-17T01:06:10.263+0700][gc          ] GC(38) Pause Young (Normal) (G1 Evacuation Pause) 253M->210M(1024M) 54.246ms
[2024-12-17T01:06:10.263+0700][gc,cpu      ] GC(38) User=0.11s Sys=0.00s Real=0.05s
[2024-12-17T01:07:52.623+0700][gc,start    ] GC(39) Pause Young (Normal) (G1 Evacuation Pause)
[2024-12-17T01:07:52.623+0700][gc,task     ] GC(39) Using 2 workers of 2 for evacuation
[2024-12-17T01:07:52.750+0700][gc,mmu      ] GC(39) MMU target violated: 21.0ms (20.0ms/21.0ms)
[2024-12-17T01:07:52.750+0700][gc,phases   ] GC(39)   Pre Evacuate Collection Set: 7.5ms
[2024-12-17T01:07:52.750+0700][gc,phases   ] GC(39)   Merge Heap Roots: 1.2ms
[2024-12-17T01:07:52.750+0700][gc,phases   ] GC(39)   Evacuate Collection Set: 110.7ms
[2024-12-17T01:07:52.750+0700][gc,phases   ] GC(39)   Post Evacuate Collection Set: 6.1ms
[2024-12-17T01:07:52.750+0700][gc,phases   ] GC(39)   Other: 2.2ms
[2024-12-17T01:07:52.750+0700][gc,heap     ] GC(39) Eden regions: 45->0(46)
[2024-12-17T01:07:52.750+0700][gc,heap     ] GC(39) Survivor regions: 6->5(7)
[2024-12-17T01:07:52.750+0700][gc,heap     ] GC(39) Old regions: 75->79
[2024-12-17T01:07:52.750+0700][gc,heap     ] GC(39) Archive regions: 2->2
[2024-12-17T01:07:52.750+0700][gc,heap     ] GC(39) Humongous regions: 129->129
[2024-12-17T01:07:52.750+0700][gc,metaspace] GC(39) Metaspace: 44503K(45056K)->44503K(45056K) NonClass: 39313K(39616K)->39313K(39616K) Class: 5190K(5440K)->5190K(5440K)
[2024-12-17T01:07:52.750+0700][gc          ] GC(39) Pause Young (Normal) (G1 Evacuation Pause) 255M->213M(1024M) 127.575ms
[2024-12-17T01:07:52.750+0700][gc,cpu      ] GC(39) User=0.20s Sys=0.04s Real=0.13s
[2024-12-17T01:09:37.690+0700][gc,start    ] GC(40) Pause Young (Normal) (G1 Evacuation Pause)
[2024-12-17T01:09:37.690+0700][gc,task     ] GC(40) Using 2 workers of 2 for evacuation
[2024-12-17T01:09:37.773+0700][gc,mmu      ] GC(40) MMU target violated: 21.0ms (20.0ms/21.0ms)
[2024-12-17T01:09:37.773+0700][gc,phases   ] GC(40)   Pre Evacuate Collection Set: 9.1ms
[2024-12-17T01:09:37.773+0700][gc,phases   ] GC(40)   Merge Heap Roots: 1.4ms
[2024-12-17T01:09:37.773+0700][gc,phases   ] GC(40)   Evacuate Collection Set: 65.5ms
[2024-12-17T01:09:37.773+0700][gc,phases   ] GC(40)   Post Evacuate Collection Set: 6.1ms
[2024-12-17T01:09:37.773+0700][gc,phases   ] GC(40)   Other: 1.5ms
[2024-12-17T01:09:37.774+0700][gc,heap     ] GC(40) Eden regions: 46->0(48)
[2024-12-17T01:09:37.774+0700][gc,heap     ] GC(40) Survivor regions: 5->3(7)
[2024-12-17T01:09:37.774+0700][gc,heap     ] GC(40) Old regions: 79->81
[2024-12-17T01:09:37.774+0700][gc,heap     ] GC(40) Archive regions: 2->2
[2024-12-17T01:09:37.774+0700][gc,heap     ] GC(40) Humongous regions: 129->129
[2024-12-17T01:09:37.774+0700][gc,metaspace] GC(40) Metaspace: 44525K(45120K)->44525K(45120K) NonClass: 39335K(39680K)->39335K(39680K) Class: 5190K(5440K)->5190K(5440K)
[2024-12-17T01:09:37.774+0700][gc          ] GC(40) Pause Young (Normal) (G1 Evacuation Pause) 259M->213M(1024M) 83.830ms
[2024-12-17T01:09:37.774+0700][gc,cpu      ] GC(40) User=0.15s Sys=0.00s Real=0.08s
[2024-12-17T01:11:22.239+0700][gc,start    ] GC(41) Pause Young (Normal) (G1 Evacuation Pause)
[2024-12-17T01:11:22.240+0700][gc,task     ] GC(41) Using 2 workers of 2 for evacuation
[2024-12-17T01:11:22.294+0700][gc,mmu      ] GC(41) MMU target violated: 21.0ms (20.0ms/21.0ms)
[2024-12-17T01:11:22.295+0700][gc,phases   ] GC(41)   Pre Evacuate Collection Set: 3.2ms
[2024-12-17T01:11:22.295+0700][gc,phases   ] GC(41)   Merge Heap Roots: 0.8ms
[2024-12-17T01:11:22.295+0700][gc,phases   ] GC(41)   Evacuate Collection Set: 47.5ms
[2024-12-17T01:11:22.295+0700][gc,phases   ] GC(41)   Post Evacuate Collection Set: 2.4ms
[2024-12-17T01:11:22.295+0700][gc,phases   ] GC(41)   Other: 1.6ms
[2024-12-17T01:11:22.295+0700][gc,heap     ] GC(41) Eden regions: 48->0(44)
[2024-12-17T01:11:22.295+0700][gc,heap     ] GC(41) Survivor regions: 3->7(7)
[2024-12-17T01:11:22.295+0700][gc,heap     ] GC(41) Old regions: 81->81
[2024-12-17T01:11:22.295+0700][gc,heap     ] GC(41) Archive regions: 2->2
[2024-12-17T01:11:22.295+0700][gc,heap     ] GC(41) Humongous regions: 129->129
[2024-12-17T01:11:22.295+0700][gc,metaspace] GC(41) Metaspace: 44541K(45120K)->44541K(45120K) NonClass: 39347K(39680K)->39347K(39680K) Class: 5193K(5440K)->5193K(5440K)
[2024-12-17T01:11:22.295+0700][gc          ] GC(41) Pause Young (Normal) (G1 Evacuation Pause) 261M->217M(1024M) 55.370ms
[2024-12-17T01:11:22.295+0700][gc,cpu      ] GC(41) User=0.11s Sys=0.00s Real=0.05s
[2024-12-17T01:12:59.972+0700][gc,start    ] GC(42) Pause Young (Normal) (G1 Evacuation Pause)
[2024-12-17T01:12:59.973+0700][gc,task     ] GC(42) Using 2 workers of 2 for evacuation
[2024-12-17T01:13:00.041+0700][gc,mmu      ] GC(42) MMU target violated: 21.0ms (20.0ms/21.0ms)
[2024-12-17T01:13:00.041+0700][gc,phases   ] GC(42)   Pre Evacuate Collection Set: 2.8ms
[2024-12-17T01:13:00.041+0700][gc,phases   ] GC(42)   Merge Heap Roots: 1.2ms
[2024-12-17T01:13:00.041+0700][gc,phases   ] GC(42)   Evacuate Collection Set: 60.8ms
[2024-12-17T01:13:00.041+0700][gc,phases   ] GC(42)   Post Evacuate Collection Set: 3.0ms
[2024-12-17T01:13:00.041+0700][gc,phases   ] GC(42)   Other: 1.3ms
[2024-12-17T01:13:00.041+0700][gc,heap     ] GC(42) Eden regions: 44->0(47)
[2024-12-17T01:13:00.041+0700][gc,heap     ] GC(42) Survivor regions: 7->4(7)
[2024-12-17T01:13:00.041+0700][gc,heap     ] GC(42) Old regions: 81->86
[2024-12-17T01:13:00.042+0700][gc,heap     ] GC(42) Archive regions: 2->2
[2024-12-17T01:13:00.042+0700][gc,heap     ] GC(42) Humongous regions: 129->129
[2024-12-17T01:13:00.042+0700][gc,metaspace] GC(42) Metaspace: 44554K(45120K)->44554K(45120K) NonClass: 39361K(39680K)->39361K(39680K) Class: 5193K(5440K)->5193K(5440K)
[2024-12-17T01:13:00.042+0700][gc          ] GC(42) Pause Young (Normal) (G1 Evacuation Pause) 261M->219M(1024M) 69.195ms
[2024-12-17T01:13:00.042+0700][gc,cpu      ] GC(42) User=0.12s Sys=0.01s Real=0.07s
[2024-12-17T01:14:49.321+0700][gc,start    ] GC(43) Pause Young (Normal) (G1 Evacuation Pause)
[2024-12-17T01:14:49.321+0700][gc,task     ] GC(43) Using 2 workers of 2 for evacuation
[2024-12-17T01:14:49.372+0700][gc,mmu      ] GC(43) MMU target violated: 21.0ms (20.0ms/21.0ms)
[2024-12-17T01:14:49.372+0700][gc,phases   ] GC(43)   Pre Evacuate Collection Set: 2.8ms
[2024-12-17T01:14:49.372+0700][gc,phases   ] GC(43)   Merge Heap Roots: 0.6ms
[2024-12-17T01:14:49.372+0700][gc,phases   ] GC(43)   Evacuate Collection Set: 44.9ms
[2024-12-17T01:14:49.372+0700][gc,phases   ] GC(43)   Post Evacuate Collection Set: 2.2ms
[2024-12-17T01:14:49.372+0700][gc,phases   ] GC(43)   Other: 1.2ms
[2024-12-17T01:14:49.372+0700][gc,heap     ] GC(43) Eden regions: 47->0(44)
[2024-12-17T01:14:49.372+0700][gc,heap     ] GC(43) Survivor regions: 4->7(7)
[2024-12-17T01:14:49.372+0700][gc,heap     ] GC(43) Old regions: 86->86
[2024-12-17T01:14:49.372+0700][gc,heap     ] GC(43) Archive regions: 2->2
[2024-12-17T01:14:49.372+0700][gc,heap     ] GC(43) Humongous regions: 129->129
[2024-12-17T01:14:49.372+0700][gc,metaspace] GC(43) Metaspace: 44569K(45120K)->44569K(45120K) NonClass: 39375K(39680K)->39375K(39680K) Class: 5193K(5440K)->5193K(5440K)
[2024-12-17T01:14:49.373+0700][gc          ] GC(43) Pause Young (Normal) (G1 Evacuation Pause) 266M->221M(1024M) 51.765ms
[2024-12-17T01:14:49.373+0700][gc,cpu      ] GC(43) User=0.10s Sys=0.00s Real=0.05s
[2024-12-17T01:16:29.824+0700][gc,start    ] GC(44) Pause Young (Normal) (G1 Evacuation Pause)
[2024-12-17T01:16:29.824+0700][gc,task     ] GC(44) Using 2 workers of 2 for evacuation
[2024-12-17T01:16:29.863+0700][gc,mmu      ] GC(44) MMU target violated: 21.0ms (20.0ms/21.0ms)
[2024-12-17T01:16:29.863+0700][gc,phases   ] GC(44)   Pre Evacuate Collection Set: 2.4ms
[2024-12-17T01:16:29.863+0700][gc,phases   ] GC(44)   Merge Heap Roots: 0.8ms
[2024-12-17T01:16:29.863+0700][gc,phases   ] GC(44)   Evacuate Collection Set: 33.6ms
[2024-12-17T01:16:29.863+0700][gc,phases   ] GC(44)   Post Evacuate Collection Set: 2.1ms
[2024-12-17T01:16:29.863+0700][gc,phases   ] GC(44)   Other: 1.0ms
[2024-12-17T01:16:29.863+0700][gc,heap     ] GC(44) Eden regions: 44->0(48)
[2024-12-17T01:16:29.863+0700][gc,heap     ] GC(44) Survivor regions: 7->3(7)
[2024-12-17T01:16:29.863+0700][gc,heap     ] GC(44) Old regions: 86->90
[2024-12-17T01:16:29.863+0700][gc,heap     ] GC(44) Archive regions: 2->2
[2024-12-17T01:16:29.863+0700][gc,heap     ] GC(44) Humongous regions: 129->129
[2024-12-17T01:16:29.863+0700][gc,metaspace] GC(44) Metaspace: 44590K(45120K)->44590K(45120K) NonClass: 39396K(39680K)->39396K(39680K) Class: 5193K(5440K)->5193K(5440K)
[2024-12-17T01:16:29.864+0700][gc          ] GC(44) Pause Young (Normal) (G1 Evacuation Pause) 265M->221M(1024M) 39.967ms
[2024-12-17T01:16:29.864+0700][gc,cpu      ] GC(44) User=0.05s Sys=0.02s Real=0.04s
[2024-12-17T01:18:18.143+0700][gc,start    ] GC(45) Pause Young (Normal) (G1 Evacuation Pause)
[2024-12-17T01:18:18.143+0700][gc,task     ] GC(45) Using 2 workers of 2 for evacuation
[2024-12-17T01:18:18.190+0700][gc,mmu      ] GC(45) MMU target violated: 21.0ms (20.0ms/21.0ms)
[2024-12-17T01:18:18.190+0700][gc,phases   ] GC(45)   Pre Evacuate Collection Set: 2.7ms
[2024-12-17T01:18:18.190+0700][gc,phases   ] GC(45)   Merge Heap Roots: 1.3ms
[2024-12-17T01:18:18.190+0700][gc,phases   ] GC(45)   Evacuate Collection Set: 39.5ms
[2024-12-17T01:18:18.190+0700][gc,phases   ] GC(45)   Post Evacuate Collection Set: 2.6ms
[2024-12-17T01:18:18.190+0700][gc,phases   ] GC(45)   Other: 1.3ms
[2024-12-17T01:18:18.190+0700][gc,heap     ] GC(45) Eden regions: 48->0(45)
[2024-12-17T01:18:18.190+0700][gc,heap     ] GC(45) Survivor regions: 3->6(7)
[2024-12-17T01:18:18.190+0700][gc,heap     ] GC(45) Old regions: 90->90
[2024-12-17T01:18:18.190+0700][gc,heap     ] GC(45) Archive regions: 2->2
[2024-12-17T01:18:18.190+0700][gc,heap     ] GC(45) Humongous regions: 129->129
[2024-12-17T01:18:18.190+0700][gc,metaspace] GC(45) Metaspace: 44592K(45120K)->44592K(45120K) NonClass: 39399K(39680K)->39399K(39680K) Class: 5193K(5440K)->5193K(5440K)
[2024-12-17T01:18:18.191+0700][gc          ] GC(45) Pause Young (Normal) (G1 Evacuation Pause) 269M->224M(1024M) 47.449ms
[2024-12-17T01:18:18.191+0700][gc,cpu      ] GC(45) User=0.08s Sys=0.00s Real=0.05s
[2024-12-17T01:20:02.814+0700][gc,start    ] GC(46) Pause Young (Normal) (G1 Evacuation Pause)
[2024-12-17T01:20:02.814+0700][gc,task     ] GC(46) Using 2 workers of 2 for evacuation
[2024-12-17T01:20:02.877+0700][gc,mmu      ] GC(46) MMU target violated: 21.0ms (20.0ms/21.0ms)
[2024-12-17T01:20:02.878+0700][gc,phases   ] GC(46)   Pre Evacuate Collection Set: 3.2ms
[2024-12-17T01:20:02.878+0700][gc,phases   ] GC(46)   Merge Heap Roots: 0.6ms
[2024-12-17T01:20:02.878+0700][gc,phases   ] GC(46)   Evacuate Collection Set: 56.0ms
[2024-12-17T01:20:02.878+0700][gc,phases   ] GC(46)   Post Evacuate Collection Set: 2.7ms
[2024-12-17T01:20:02.878+0700][gc,phases   ] GC(46)   Other: 1.3ms
[2024-12-17T01:20:02.878+0700][gc,heap     ] GC(46) Eden regions: 45->0(45)
[2024-12-17T01:20:02.878+0700][gc,heap     ] GC(46) Survivor regions: 6->6(7)
[2024-12-17T01:20:02.878+0700][gc,heap     ] GC(46) Old regions: 90->92
[2024-12-17T01:20:02.878+0700][gc,heap     ] GC(46) Archive regions: 2->2
[2024-12-17T01:20:02.878+0700][gc,heap     ] GC(46) Humongous regions: 129->129
[2024-12-17T01:20:02.878+0700][gc,metaspace] GC(46) Metaspace: 44592K(45120K)->44592K(45120K) NonClass: 39399K(39680K)->39399K(39680K) Class: 5193K(5440K)->5193K(5440K)
[2024-12-17T01:20:02.878+0700][gc          ] GC(46) Pause Young (Normal) (G1 Evacuation Pause) 269M->226M(1024M) 63.984ms
[2024-12-17T01:20:02.878+0700][gc,cpu      ] GC(46) User=0.10s Sys=0.01s Real=0.07s
[2024-12-17T01:21:44.134+0700][gc,start    ] GC(47) Pause Young (Normal) (G1 Evacuation Pause)
[2024-12-17T01:21:44.134+0700][gc,task     ] GC(47) Using 2 workers of 2 for evacuation
[2024-12-17T01:21:44.199+0700][gc,mmu      ] GC(47) MMU target violated: 21.0ms (20.0ms/21.0ms)
[2024-12-17T01:21:44.200+0700][gc,phases   ] GC(47)   Pre Evacuate Collection Set: 2.5ms
[2024-12-17T01:21:44.200+0700][gc,phases   ] GC(47)   Merge Heap Roots: 0.5ms
[2024-12-17T01:21:44.200+0700][gc,phases   ] GC(47)   Evacuate Collection Set: 57.1ms
[2024-12-17T01:21:44.200+0700][gc,phases   ] GC(47)   Post Evacuate Collection Set: 4.6ms
[2024-12-17T01:21:44.200+0700][gc,phases   ] GC(47)   Other: 1.4ms
[2024-12-17T01:21:44.200+0700][gc,heap     ] GC(47) Eden regions: 45->0(46)
[2024-12-17T01:21:44.200+0700][gc,heap     ] GC(47) Survivor regions: 6->5(7)
[2024-12-17T01:21:44.200+0700][gc,heap     ] GC(47) Old regions: 92->96
[2024-12-17T01:21:44.200+0700][gc,heap     ] GC(47) Archive regions: 2->2
[2024-12-17T01:21:44.200+0700][gc,heap     ] GC(47) Humongous regions: 129->129
[2024-12-17T01:21:44.200+0700][gc,metaspace] GC(47) Metaspace: 44619K(45184K)->44619K(45184K) NonClass: 39425K(39744K)->39425K(39744K) Class: 5193K(5440K)->5193K(5440K)
[2024-12-17T01:21:44.200+0700][gc          ] GC(47) Pause Young (Normal) (G1 Evacuation Pause) 271M->229M(1024M) 66.346ms
[2024-12-17T01:21:44.200+0700][gc,cpu      ] GC(47) User=0.13s Sys=0.00s Real=0.07s
[2024-12-17T01:23:25.807+0700][gc,start    ] GC(48) Pause Young (Normal) (G1 Evacuation Pause)
[2024-12-17T01:23:25.807+0700][gc,task     ] GC(48) Using 2 workers of 2 for evacuation
[2024-12-17T01:23:25.854+0700][gc,mmu      ] GC(48) MMU target violated: 21.0ms (20.0ms/21.0ms)
[2024-12-17T01:23:25.854+0700][gc,phases   ] GC(48)   Pre Evacuate Collection Set: 2.6ms
[2024-12-17T01:23:25.854+0700][gc,phases   ] GC(48)   Merge Heap Roots: 0.7ms
[2024-12-17T01:23:25.854+0700][gc,phases   ] GC(48)   Evacuate Collection Set: 40.8ms
[2024-12-17T01:23:25.854+0700][gc,phases   ] GC(48)   Post Evacuate Collection Set: 2.5ms
[2024-12-17T01:23:25.854+0700][gc,phases   ] GC(48)   Other: 1.1ms
[2024-12-17T01:23:25.854+0700][gc,heap     ] GC(48) Eden regions: 46->0(48)
[2024-12-17T01:23:25.854+0700][gc,heap     ] GC(48) Survivor regions: 5->3(7)
[2024-12-17T01:23:25.854+0700][gc,heap     ] GC(48) Old regions: 96->98
[2024-12-17T01:23:25.854+0700][gc,heap     ] GC(48) Archive regions: 2->2
[2024-12-17T01:23:25.854+0700][gc,heap     ] GC(48) Humongous regions: 129->129
[2024-12-17T01:23:25.854+0700][gc,metaspace] GC(48) Metaspace: 44659K(45248K)->44659K(45248K) NonClass: 39466K(39808K)->39466K(39808K) Class: 5193K(5440K)->5193K(5440K)
[2024-12-17T01:23:25.854+0700][gc          ] GC(48) Pause Young (Normal) (G1 Evacuation Pause) 275M->230M(1024M) 47.575ms
[2024-12-17T01:23:25.854+0700][gc,cpu      ] GC(48) User=0.09s Sys=0.00s Real=0.04s
[2024-12-17T01:25:15.436+0700][gc,start    ] GC(49) Pause Young (Normal) (G1 Evacuation Pause)
[2024-12-17T01:25:15.436+0700][gc,task     ] GC(49) Using 2 workers of 2 for evacuation
[2024-12-17T01:25:15.480+0700][gc,mmu      ] GC(49) MMU target violated: 21.0ms (20.0ms/21.0ms)
[2024-12-17T01:25:15.480+0700][gc,phases   ] GC(49)   Pre Evacuate Collection Set: 2.6ms
[2024-12-17T01:25:15.480+0700][gc,phases   ] GC(49)   Merge Heap Roots: 1.0ms
[2024-12-17T01:25:15.480+0700][gc,phases   ] GC(49)   Evacuate Collection Set: 36.6ms
[2024-12-17T01:25:15.480+0700][gc,phases   ] GC(49)   Post Evacuate Collection Set: 3.6ms
[2024-12-17T01:25:15.481+0700][gc,phases   ] GC(49)   Other: 1.2ms
[2024-12-17T01:25:15.481+0700][gc,heap     ] GC(49) Eden regions: 48->0(45)
[2024-12-17T01:25:15.481+0700][gc,heap     ] GC(49) Survivor regions: 3->6(7)
[2024-12-17T01:25:15.481+0700][gc,heap     ] GC(49) Old regions: 98->98
[2024-12-17T01:25:15.481+0700][gc,heap     ] GC(49) Archive regions: 2->2
[2024-12-17T01:25:15.481+0700][gc,heap     ] GC(49) Humongous regions: 129->129
[2024-12-17T01:25:15.481+0700][gc,metaspace] GC(49) Metaspace: 44673K(45248K)->44673K(45248K) NonClass: 39479K(39808K)->39479K(39808K) Class: 5193K(5440K)->5193K(5440K)
[2024-12-17T01:25:15.481+0700][gc          ] GC(49) Pause Young (Normal) (G1 Evacuation Pause) 278M->232M(1024M) 45.014ms
[2024-12-17T01:25:15.481+0700][gc,cpu      ] GC(49) User=0.08s Sys=0.00s Real=0.05s
[2024-12-17T01:26:59.994+0700][gc,start    ] GC(50) Pause Young (Normal) (G1 Evacuation Pause)
[2024-12-17T01:26:59.994+0700][gc,task     ] GC(50) Using 2 workers of 2 for evacuation
[2024-12-17T01:27:00.054+0700][gc,mmu      ] GC(50) MMU target violated: 21.0ms (20.0ms/21.0ms)
[2024-12-17T01:27:00.054+0700][gc,phases   ] GC(50)   Pre Evacuate Collection Set: 3.1ms
[2024-12-17T01:27:00.054+0700][gc,phases   ] GC(50)   Merge Heap Roots: 5.6ms
[2024-12-17T01:27:00.054+0700][gc,phases   ] GC(50)   Evacuate Collection Set: 48.1ms
[2024-12-17T01:27:00.054+0700][gc,phases   ] GC(50)   Post Evacuate Collection Set: 2.2ms
[2024-12-17T01:27:00.054+0700][gc,phases   ] GC(50)   Other: 1.4ms
[2024-12-17T01:27:00.054+0700][gc,heap     ] GC(50) Eden regions: 45->0(45)
[2024-12-17T01:27:00.054+0700][gc,heap     ] GC(50) Survivor regions: 6->6(7)
[2024-12-17T01:27:00.054+0700][gc,heap     ] GC(50) Old regions: 98->100
[2024-12-17T01:27:00.054+0700][gc,heap     ] GC(50) Archive regions: 2->2
[2024-12-17T01:27:00.054+0700][gc,heap     ] GC(50) Humongous regions: 129->129
[2024-12-17T01:27:00.054+0700][gc,metaspace] GC(50) Metaspace: 44689K(45312K)->44689K(45312K) NonClass: 39495K(39872K)->39495K(39872K) Class: 5193K(5440K)->5193K(5440K)
[2024-12-17T01:27:00.054+0700][gc          ] GC(50) Pause Young (Normal) (G1 Evacuation Pause) 277M->235M(1024M) 60.537ms
[2024-12-17T01:27:00.054+0700][gc,cpu      ] GC(50) User=0.11s Sys=0.01s Real=0.06s
[2024-12-17T01:28:44.935+0700][gc,start    ] GC(51) Pause Young (Normal) (G1 Evacuation Pause)
[2024-12-17T01:28:44.935+0700][gc,task     ] GC(51) Using 2 workers of 2 for evacuation
[2024-12-17T01:28:45.021+0700][gc,mmu      ] GC(51) MMU target violated: 21.0ms (20.0ms/21.0ms)
[2024-12-17T01:28:45.021+0700][gc,phases   ] GC(51)   Pre Evacuate Collection Set: 4.7ms
[2024-12-17T01:28:45.021+0700][gc,phases   ] GC(51)   Merge Heap Roots: 0.7ms
[2024-12-17T01:28:45.021+0700][gc,phases   ] GC(51)   Evacuate Collection Set: 75.9ms
[2024-12-17T01:28:45.021+0700][gc,phases   ] GC(51)   Post Evacuate Collection Set: 3.7ms
[2024-12-17T01:28:45.021+0700][gc,phases   ] GC(51)   Other: 1.5ms
[2024-12-17T01:28:45.021+0700][gc,heap     ] GC(51) Eden regions: 45->0(46)
[2024-12-17T01:28:45.021+0700][gc,heap     ] GC(51) Survivor regions: 6->5(7)
[2024-12-17T01:28:45.021+0700][gc,heap     ] GC(51) Old regions: 100->104
[2024-12-17T01:28:45.021+0700][gc,heap     ] GC(51) Archive regions: 2->2
[2024-12-17T01:28:45.021+0700][gc,heap     ] GC(51) Humongous regions: 129->129
[2024-12-17T01:28:45.022+0700][gc,metaspace] GC(51) Metaspace: 44689K(45312K)->44689K(45312K) NonClass: 39495K(39872K)->39495K(39872K) Class: 5193K(5440K)->5193K(5440K)
[2024-12-17T01:28:45.022+0700][gc          ] GC(51) Pause Young (Normal) (G1 Evacuation Pause) 280M->238M(1024M) 86.472ms
[2024-12-17T01:28:45.022+0700][gc,cpu      ] GC(51) User=0.16s Sys=0.00s Real=0.09s
[2024-12-17T01:30:28.974+0700][gc,start    ] GC(52) Pause Young (Normal) (G1 Evacuation Pause)
[2024-12-17T01:30:28.974+0700][gc,task     ] GC(52) Using 2 workers of 2 for evacuation
[2024-12-17T01:30:29.022+0700][gc,mmu      ] GC(52) MMU target violated: 21.0ms (20.0ms/21.0ms)
[2024-12-17T01:30:29.022+0700][gc,phases   ] GC(52)   Pre Evacuate Collection Set: 3.1ms
[2024-12-17T01:30:29.022+0700][gc,phases   ] GC(52)   Merge Heap Roots: 0.5ms
[2024-12-17T01:30:29.022+0700][gc,phases   ] GC(52)   Evacuate Collection Set: 39.7ms
[2024-12-17T01:30:29.023+0700][gc,phases   ] GC(52)   Post Evacuate Collection Set: 3.7ms
[2024-12-17T01:30:29.023+0700][gc,phases   ] GC(52)   Other: 1.8ms
[2024-12-17T01:30:29.023+0700][gc,heap     ] GC(52) Eden regions: 46->0(48)
[2024-12-17T01:30:29.023+0700][gc,heap     ] GC(52) Survivor regions: 5->3(7)
[2024-12-17T01:30:29.023+0700][gc,heap     ] GC(52) Old regions: 104->106
[2024-12-17T01:30:29.023+0700][gc,heap     ] GC(52) Archive regions: 2->2
[2024-12-17T01:30:29.023+0700][gc,heap     ] GC(52) Humongous regions: 129->129
[2024-12-17T01:30:29.023+0700][gc,metaspace] GC(52) Metaspace: 44694K(45312K)->44694K(45312K) NonClass: 39501K(39872K)->39501K(39872K) Class: 5193K(5440K)->5193K(5440K)
[2024-12-17T01:30:29.023+0700][gc          ] GC(52) Pause Young (Normal) (G1 Evacuation Pause) 284M->238M(1024M) 49.035ms
[2024-12-17T01:30:29.023+0700][gc,cpu      ] GC(52) User=0.08s Sys=0.00s Real=0.05s
[2024-12-17T01:32:18.915+0700][gc,start    ] GC(53) Pause Young (Normal) (G1 Evacuation Pause)
[2024-12-17T01:32:18.916+0700][gc,task     ] GC(53) Using 2 workers of 2 for evacuation
[2024-12-17T01:32:18.964+0700][gc,mmu      ] GC(53) MMU target violated: 21.0ms (20.0ms/21.0ms)
[2024-12-17T01:32:18.965+0700][gc,phases   ] GC(53)   Pre Evacuate Collection Set: 2.9ms
[2024-12-17T01:32:18.965+0700][gc,phases   ] GC(53)   Merge Heap Roots: 0.5ms
[2024-12-17T01:32:18.965+0700][gc,phases   ] GC(53)   Evacuate Collection Set: 42.3ms
[2024-12-17T01:32:18.965+0700][gc,phases   ] GC(53)   Post Evacuate Collection Set: 2.6ms
[2024-12-17T01:32:18.965+0700][gc,phases   ] GC(53)   Other: 1.2ms
[2024-12-17T01:32:18.965+0700][gc,heap     ] GC(53) Eden regions: 48->0(45)
[2024-12-17T01:32:18.965+0700][gc,heap     ] GC(53) Survivor regions: 3->6(7)
[2024-12-17T01:32:18.965+0700][gc,heap     ] GC(53) Old regions: 106->106
[2024-12-17T01:32:18.965+0700][gc,heap     ] GC(53) Archive regions: 2->2
[2024-12-17T01:32:18.965+0700][gc,heap     ] GC(53) Humongous regions: 129->129
[2024-12-17T01:32:18.965+0700][gc,metaspace] GC(53) Metaspace: 44699K(45312K)->44699K(45312K) NonClass: 39505K(39872K)->39505K(39872K) Class: 5193K(5440K)->5193K(5440K)
[2024-12-17T01:32:18.965+0700][gc          ] GC(53) Pause Young (Normal) (G1 Evacuation Pause) 286M->241M(1024M) 49.502ms
[2024-12-17T01:32:18.965+0700][gc,cpu      ] GC(53) User=0.10s Sys=0.00s Real=0.06s
[2024-12-17T01:34:03.359+0700][gc,start    ] GC(54) Pause Young (Normal) (G1 Evacuation Pause)
[2024-12-17T01:34:03.359+0700][gc,task     ] GC(54) Using 2 workers of 2 for evacuation
[2024-12-17T01:34:03.421+0700][gc,mmu      ] GC(54) MMU target violated: 21.0ms (20.0ms/21.0ms)
[2024-12-17T01:34:03.422+0700][gc,phases   ] GC(54)   Pre Evacuate Collection Set: 2.8ms
[2024-12-17T01:34:03.422+0700][gc,phases   ] GC(54)   Merge Heap Roots: 0.9ms
[2024-12-17T01:34:03.422+0700][gc,phases   ] GC(54)   Evacuate Collection Set: 55.2ms
[2024-12-17T01:34:03.422+0700][gc,phases   ] GC(54)   Post Evacuate Collection Set: 2.9ms
[2024-12-17T01:34:03.422+0700][gc,phases   ] GC(54)   Other: 1.4ms
[2024-12-17T01:34:03.422+0700][gc,heap     ] GC(54) Eden regions: 45->0(44)
[2024-12-17T01:34:03.422+0700][gc,heap     ] GC(54) Survivor regions: 6->7(7)
[2024-12-17T01:34:03.422+0700][gc,heap     ] GC(54) Old regions: 106->108
[2024-12-17T01:34:03.422+0700][gc,heap     ] GC(54) Archive regions: 2->2
[2024-12-17T01:34:03.422+0700][gc,heap     ] GC(54) Humongous regions: 129->129
[2024-12-17T01:34:03.422+0700][gc,metaspace] GC(54) Metaspace: 44699K(45312K)->44699K(45312K) NonClass: 39505K(39872K)->39505K(39872K) Class: 5193K(5440K)->5193K(5440K)
[2024-12-17T01:34:03.422+0700][gc          ] GC(54) Pause Young (Normal) (G1 Evacuation Pause) 286M->244M(1024M) 63.227ms
[2024-12-17T01:34:03.422+0700][gc,cpu      ] GC(54) User=0.12s Sys=0.00s Real=0.06s
[2024-12-17T01:35:45.496+0700][gc,start    ] GC(55) Pause Young (Normal) (G1 Evacuation Pause)
[2024-12-17T01:35:45.497+0700][gc,task     ] GC(55) Using 2 workers of 2 for evacuation
[2024-12-17T01:35:45.563+0700][gc,mmu      ] GC(55) MMU target violated: 21.0ms (20.0ms/21.0ms)
[2024-12-17T01:35:45.563+0700][gc,phases   ] GC(55)   Pre Evacuate Collection Set: 2.4ms
[2024-12-17T01:35:45.563+0700][gc,phases   ] GC(55)   Merge Heap Roots: 0.7ms
[2024-12-17T01:35:45.563+0700][gc,phases   ] GC(55)   Evacuate Collection Set: 60.1ms
[2024-12-17T01:35:45.563+0700][gc,phases   ] GC(55)   Post Evacuate Collection Set: 2.8ms
[2024-12-17T01:35:45.564+0700][gc,phases   ] GC(55)   Other: 1.2ms
[2024-12-17T01:35:45.564+0700][gc,heap     ] GC(55) Eden regions: 44->0(46)
[2024-12-17T01:35:45.564+0700][gc,heap     ] GC(55) Survivor regions: 7->5(7)
[2024-12-17T01:35:45.564+0700][gc,heap     ] GC(55) Old regions: 108->112
[2024-12-17T01:35:45.564+0700][gc,heap     ] GC(55) Archive regions: 2->2
[2024-12-17T01:35:45.564+0700][gc,heap     ] GC(55) Humongous regions: 129->129
[2024-12-17T01:35:45.564+0700][gc,metaspace] GC(55) Metaspace: 44702K(45312K)->44702K(45312K) NonClass: 39508K(39872K)->39508K(39872K) Class: 5193K(5440K)->5193K(5440K)
[2024-12-17T01:35:45.564+0700][gc          ] GC(55) Pause Young (Normal) (G1 Evacuation Pause) 288M->246M(1024M) 67.228ms
[2024-12-17T01:35:45.564+0700][gc,cpu      ] GC(55) User=0.12s Sys=0.01s Real=0.06s
[2024-12-17T01:37:32.075+0700][gc,start    ] GC(56) Pause Young (Normal) (G1 Evacuation Pause)
[2024-12-17T01:37:32.075+0700][gc,task     ] GC(56) Using 2 workers of 2 for evacuation
[2024-12-17T01:37:32.124+0700][gc,mmu      ] GC(56) MMU target violated: 21.0ms (20.0ms/21.0ms)
[2024-12-17T01:37:32.124+0700][gc,phases   ] GC(56)   Pre Evacuate Collection Set: 4.3ms
[2024-12-17T01:37:32.124+0700][gc,phases   ] GC(56)   Merge Heap Roots: 0.8ms
[2024-12-17T01:37:32.124+0700][gc,phases   ] GC(56)   Evacuate Collection Set: 38.8ms
[2024-12-17T01:37:32.124+0700][gc,phases   ] GC(56)   Post Evacuate Collection Set: 3.9ms
[2024-12-17T01:37:32.124+0700][gc,phases   ] GC(56)   Other: 1.9ms
[2024-12-17T01:37:32.124+0700][gc,heap     ] GC(56) Eden regions: 46->0(48)
[2024-12-17T01:37:32.124+0700][gc,heap     ] GC(56) Survivor regions: 5->3(7)
[2024-12-17T01:37:32.124+0700][gc,heap     ] GC(56) Old regions: 112->114
[2024-12-17T01:37:32.124+0700][gc,heap     ] GC(56) Archive regions: 2->2
[2024-12-17T01:37:32.124+0700][gc,heap     ] GC(56) Humongous regions: 129->129
[2024-12-17T01:37:32.124+0700][gc,metaspace] GC(56) Metaspace: 44704K(45312K)->44704K(45312K) NonClass: 39510K(39872K)->39510K(39872K) Class: 5193K(5440K)->5193K(5440K)
[2024-12-17T01:37:32.125+0700][gc          ] GC(56) Pause Young (Normal) (G1 Evacuation Pause) 292M->246M(1024M) 49.546ms
[2024-12-17T01:37:32.125+0700][gc,cpu      ] GC(56) User=0.07s Sys=0.01s Real=0.06s
[2024-12-17T01:39:21.575+0700][gc,start    ] GC(57) Pause Young (Normal) (G1 Evacuation Pause)
[2024-12-17T01:39:21.575+0700][gc,task     ] GC(57) Using 2 workers of 2 for evacuation
[2024-12-17T01:39:21.623+0700][gc,mmu      ] GC(57) MMU target violated: 21.0ms (20.0ms/21.0ms)
[2024-12-17T01:39:21.623+0700][gc,phases   ] GC(57)   Pre Evacuate Collection Set: 2.8ms
[2024-12-17T01:39:21.623+0700][gc,phases   ] GC(57)   Merge Heap Roots: 0.5ms
[2024-12-17T01:39:21.623+0700][gc,phases   ] GC(57)   Evacuate Collection Set: 42.1ms
[2024-12-17T01:39:21.623+0700][gc,phases   ] GC(57)   Post Evacuate Collection Set: 1.9ms
[2024-12-17T01:39:21.623+0700][gc,phases   ] GC(57)   Other: 1.1ms
[2024-12-17T01:39:21.623+0700][gc,heap     ] GC(57) Eden regions: 48->0(45)
[2024-12-17T01:39:21.623+0700][gc,heap     ] GC(57) Survivor regions: 3->6(7)
[2024-12-17T01:39:21.623+0700][gc,heap     ] GC(57) Old regions: 114->114
[2024-12-17T01:39:21.623+0700][gc,heap     ] GC(57) Archive regions: 2->2
[2024-12-17T01:39:21.623+0700][gc,heap     ] GC(57) Humongous regions: 129->129
[2024-12-17T01:39:21.623+0700][gc,metaspace] GC(57) Metaspace: 44717K(45312K)->44717K(45312K) NonClass: 39523K(39872K)->39523K(39872K) Class: 5193K(5440K)->5193K(5440K)
[2024-12-17T01:39:21.623+0700][gc          ] GC(57) Pause Young (Normal) (G1 Evacuation Pause) 294M->249M(1024M) 48.278ms
[2024-12-17T01:39:21.623+0700][gc,cpu      ] GC(57) User=0.09s Sys=0.00s Real=0.05s
[2024-12-17T01:41:05.523+0700][gc,start    ] GC(58) Pause Young (Normal) (G1 Evacuation Pause)
[2024-12-17T01:41:05.523+0700][gc,task     ] GC(58) Using 2 workers of 2 for evacuation
[2024-12-17T01:41:05.594+0700][gc,mmu      ] GC(58) MMU target violated: 21.0ms (20.0ms/21.0ms)
[2024-12-17T01:41:05.594+0700][gc,phases   ] GC(58)   Pre Evacuate Collection Set: 2.7ms
[2024-12-17T01:41:05.594+0700][gc,phases   ] GC(58)   Merge Heap Roots: 0.9ms
[2024-12-17T01:41:05.594+0700][gc,phases   ] GC(58)   Evacuate Collection Set: 63.0ms
[2024-12-17T01:41:05.594+0700][gc,phases   ] GC(58)   Post Evacuate Collection Set: 3.7ms
[2024-12-17T01:41:05.595+0700][gc,phases   ] GC(58)   Other: 1.5ms
[2024-12-17T01:41:05.595+0700][gc,heap     ] GC(58) Eden regions: 45->0(44)
[2024-12-17T01:41:05.595+0700][gc,heap     ] GC(58) Survivor regions: 6->7(7)
[2024-12-17T01:41:05.595+0700][gc,heap     ] GC(58) Old regions: 114->116
[2024-12-17T01:41:05.595+0700][gc,heap     ] GC(58) Archive regions: 2->2
[2024-12-17T01:41:05.595+0700][gc,heap     ] GC(58) Humongous regions: 129->129
[2024-12-17T01:41:05.595+0700][gc,metaspace] GC(58) Metaspace: 44726K(45312K)->44726K(45312K) NonClass: 39532K(39872K)->39532K(39872K) Class: 5193K(5440K)->5193K(5440K)
[2024-12-17T01:41:05.595+0700][gc          ] GC(58) Pause Young (Normal) (G1 Evacuation Pause) 294M->252M(1024M) 71.765ms
[2024-12-17T01:41:05.595+0700][gc,cpu      ] GC(58) User=0.13s Sys=0.01s Real=0.07s
[2024-12-17T01:42:46.494+0700][gc,start    ] GC(59) Pause Young (Normal) (G1 Evacuation Pause)
[2024-12-17T01:42:46.494+0700][gc,task     ] GC(59) Using 2 workers of 2 for evacuation
[2024-12-17T01:42:46.542+0700][gc,mmu      ] GC(59) MMU target violated: 21.0ms (20.0ms/21.0ms)
[2024-12-17T01:42:46.542+0700][gc,phases   ] GC(59)   Pre Evacuate Collection Set: 2.8ms
[2024-12-17T01:42:46.542+0700][gc,phases   ] GC(59)   Merge Heap Roots: 0.8ms
[2024-12-17T01:42:46.542+0700][gc,phases   ] GC(59)   Evacuate Collection Set: 41.3ms
[2024-12-17T01:42:46.542+0700][gc,phases   ] GC(59)   Post Evacuate Collection Set: 2.5ms
[2024-12-17T01:42:46.542+0700][gc,phases   ] GC(59)   Other: 1.4ms
[2024-12-17T01:42:46.542+0700][gc,heap     ] GC(59) Eden regions: 44->0(48)
[2024-12-17T01:42:46.542+0700][gc,heap     ] GC(59) Survivor regions: 7->3(7)
[2024-12-17T01:42:46.542+0700][gc,heap     ] GC(59) Old regions: 116->120
[2024-12-17T01:42:46.542+0700][gc,heap     ] GC(59) Archive regions: 2->2
[2024-12-17T01:42:46.542+0700][gc,heap     ] GC(59) Humongous regions: 129->129
[2024-12-17T01:42:46.542+0700][gc,metaspace] GC(59) Metaspace: 44726K(45312K)->44726K(45312K) NonClass: 39532K(39872K)->39532K(39872K) Class: 5193K(5440K)->5193K(5440K)
[2024-12-17T01:42:46.542+0700][gc          ] GC(59) Pause Young (Normal) (G1 Evacuation Pause) 296M->252M(1024M) 48.557ms
[2024-12-17T01:42:46.542+0700][gc,cpu      ] GC(59) User=0.08s Sys=0.02s Real=0.05s
[2024-12-17T01:44:38.873+0700][gc,start    ] GC(60) Pause Young (Normal) (G1 Evacuation Pause)
[2024-12-17T01:44:38.874+0700][gc,task     ] GC(60) Using 2 workers of 2 for evacuation
[2024-12-17T01:44:38.916+0700][gc,mmu      ] GC(60) MMU target violated: 21.0ms (20.0ms/21.0ms)
[2024-12-17T01:44:38.917+0700][gc,phases   ] GC(60)   Pre Evacuate Collection Set: 3.0ms
[2024-12-17T01:44:38.917+0700][gc,phases   ] GC(60)   Merge Heap Roots: 0.6ms
[2024-12-17T01:44:38.917+0700][gc,phases   ] GC(60)   Evacuate Collection Set: 35.5ms
[2024-12-17T01:44:38.917+0700][gc,phases   ] GC(60)   Post Evacuate Collection Set: 3.2ms
[2024-12-17T01:44:38.917+0700][gc,phases   ] GC(60)   Other: 1.2ms
[2024-12-17T01:44:38.917+0700][gc,heap     ] GC(60) Eden regions: 48->0(46)
[2024-12-17T01:44:38.917+0700][gc,heap     ] GC(60) Survivor regions: 3->5(7)
[2024-12-17T01:44:38.917+0700][gc,heap     ] GC(60) Old regions: 120->120
[2024-12-17T01:44:38.917+0700][gc,heap     ] GC(60) Archive regions: 2->2
[2024-12-17T01:44:38.917+0700][gc,heap     ] GC(60) Humongous regions: 129->129
[2024-12-17T01:44:38.917+0700][gc,metaspace] GC(60) Metaspace: 44726K(45312K)->44726K(45312K) NonClass: 39532K(39872K)->39532K(39872K) Class: 5193K(5440K)->5193K(5440K)
[2024-12-17T01:44:38.917+0700][gc          ] GC(60) Pause Young (Normal) (G1 Evacuation Pause) 300M->254M(1024M) 43.433ms
[2024-12-17T01:44:38.917+0700][gc,cpu      ] GC(60) User=0.08s Sys=0.00s Real=0.05s
[2024-12-17T01:46:25.820+0700][gc,start    ] GC(61) Pause Young (Normal) (G1 Evacuation Pause)
[2024-12-17T01:46:25.820+0700][gc,task     ] GC(61) Using 2 workers of 2 for evacuation
[2024-12-17T01:46:25.884+0700][gc,mmu      ] GC(61) MMU target violated: 21.0ms (20.0ms/21.0ms)
[2024-12-17T01:46:25.884+0700][gc,phases   ] GC(61)   Pre Evacuate Collection Set: 3.6ms
[2024-12-17T01:46:25.884+0700][gc,phases   ] GC(61)   Merge Heap Roots: 0.7ms
[2024-12-17T01:46:25.884+0700][gc,phases   ] GC(61)   Evacuate Collection Set: 56.8ms
[2024-12-17T01:46:25.884+0700][gc,phases   ] GC(61)   Post Evacuate Collection Set: 2.5ms
[2024-12-17T01:46:25.884+0700][gc,phases   ] GC(61)   Other: 0.9ms
[2024-12-17T01:46:25.884+0700][gc,heap     ] GC(61) Eden regions: 46->0(45)
[2024-12-17T01:46:25.884+0700][gc,heap     ] GC(61) Survivor regions: 5->6(7)
[2024-12-17T01:46:25.884+0700][gc,heap     ] GC(61) Old regions: 120->122
[2024-12-17T01:46:25.884+0700][gc,heap     ] GC(61) Archive regions: 2->2
[2024-12-17T01:46:25.884+0700][gc,heap     ] GC(61) Humongous regions: 129->129
[2024-12-17T01:46:25.884+0700][gc,metaspace] GC(61) Metaspace: 44727K(45312K)->44727K(45312K) NonClass: 39533K(39872K)->39533K(39872K) Class: 5193K(5440K)->5193K(5440K)
[2024-12-17T01:46:25.884+0700][gc          ] GC(61) Pause Young (Normal) (G1 Evacuation Pause) 300M->257M(1024M) 64.645ms
[2024-12-17T01:46:25.884+0700][gc,cpu      ] GC(61) User=0.11s Sys=0.01s Real=0.07s
[2024-12-17T01:48:06.529+0700][gc,start    ] GC(62) Pause Young (Normal) (G1 Evacuation Pause)
[2024-12-17T01:48:06.529+0700][gc,task     ] GC(62) Using 2 workers of 2 for evacuation
[2024-12-17T01:48:06.594+0700][gc,mmu      ] GC(62) MMU target violated: 21.0ms (20.0ms/21.0ms)
[2024-12-17T01:48:06.594+0700][gc,phases   ] GC(62)   Pre Evacuate Collection Set: 2.5ms
[2024-12-17T01:48:06.594+0700][gc,phases   ] GC(62)   Merge Heap Roots: 0.6ms
[2024-12-17T01:48:06.594+0700][gc,phases   ] GC(62)   Evacuate Collection Set: 58.3ms
[2024-12-17T01:48:06.594+0700][gc,phases   ] GC(62)   Post Evacuate Collection Set: 3.0ms
[2024-12-17T01:48:06.594+0700][gc,phases   ] GC(62)   Other: 1.1ms
[2024-12-17T01:48:06.594+0700][gc,heap     ] GC(62) Eden regions: 45->0(46)
[2024-12-17T01:48:06.594+0700][gc,heap     ] GC(62) Survivor regions: 6->5(7)
[2024-12-17T01:48:06.594+0700][gc,heap     ] GC(62) Old regions: 122->126
[2024-12-17T01:48:06.594+0700][gc,heap     ] GC(62) Archive regions: 2->2
[2024-12-17T01:48:06.594+0700][gc,heap     ] GC(62) Humongous regions: 129->129
[2024-12-17T01:48:06.594+0700][gc,metaspace] GC(62) Metaspace: 44754K(45376K)->44754K(45376K) NonClass: 39561K(39936K)->39561K(39936K) Class: 5193K(5440K)->5193K(5440K)
[2024-12-17T01:48:06.594+0700][gc          ] GC(62) Pause Young (Normal) (G1 Evacuation Pause) 302M->260M(1024M) 65.456ms
[2024-12-17T01:48:06.594+0700][gc,cpu      ] GC(62) User=0.11s Sys=0.03s Real=0.06s
[2024-12-17T01:49:52.201+0700][gc,start    ] GC(63) Pause Young (Normal) (G1 Evacuation Pause)
[2024-12-17T01:49:52.201+0700][gc,task     ] GC(63) Using 2 workers of 2 for evacuation
[2024-12-17T01:49:52.247+0700][gc,mmu      ] GC(63) MMU target violated: 21.0ms (20.0ms/21.0ms)
[2024-12-17T01:49:52.247+0700][gc,phases   ] GC(63)   Pre Evacuate Collection Set: 2.6ms
[2024-12-17T01:49:52.247+0700][gc,phases   ] GC(63)   Merge Heap Roots: 0.9ms
[2024-12-17T01:49:52.247+0700][gc,phases   ] GC(63)   Evacuate Collection Set: 37.5ms
[2024-12-17T01:49:52.247+0700][gc,phases   ] GC(63)   Post Evacuate Collection Set: 4.0ms
[2024-12-17T01:49:52.247+0700][gc,phases   ] GC(63)   Other: 1.5ms
[2024-12-17T01:49:52.247+0700][gc,heap     ] GC(63) Eden regions: 46->0(48)
[2024-12-17T01:49:52.247+0700][gc,heap     ] GC(63) Survivor regions: 5->3(7)
[2024-12-17T01:49:52.247+0700][gc,heap     ] GC(63) Old regions: 126->129
[2024-12-17T01:49:52.247+0700][gc,heap     ] GC(63) Archive regions: 2->2
[2024-12-17T01:49:52.247+0700][gc,heap     ] GC(63) Humongous regions: 129->129
[2024-12-17T01:49:52.247+0700][gc,metaspace] GC(63) Metaspace: 44755K(45376K)->44755K(45376K) NonClass: 39562K(39936K)->39562K(39936K) Class: 5193K(5440K)->5193K(5440K)
[2024-12-17T01:49:52.248+0700][gc          ] GC(63) Pause Young (Normal) (G1 Evacuation Pause) 306M->261M(1024M) 46.527ms
[2024-12-17T01:49:52.248+0700][gc,cpu      ] GC(63) User=0.08s Sys=0.01s Real=0.05s
[2024-12-17T01:51:44.167+0700][gc,start    ] GC(64) Pause Young (Normal) (G1 Evacuation Pause)
[2024-12-17T01:51:44.167+0700][gc,task     ] GC(64) Using 2 workers of 2 for evacuation
[2024-12-17T01:51:44.216+0700][gc,mmu      ] GC(64) MMU target violated: 21.0ms (20.0ms/21.0ms)
[2024-12-17T01:51:44.216+0700][gc,phases   ] GC(64)   Pre Evacuate Collection Set: 3.3ms
[2024-12-17T01:51:44.216+0700][gc,phases   ] GC(64)   Merge Heap Roots: 0.5ms
[2024-12-17T01:51:44.216+0700][gc,phases   ] GC(64)   Evacuate Collection Set: 35.3ms
[2024-12-17T01:51:44.216+0700][gc,phases   ] GC(64)   Post Evacuate Collection Set: 8.7ms
[2024-12-17T01:51:44.216+0700][gc,phases   ] GC(64)   Other: 1.4ms
[2024-12-17T01:51:44.216+0700][gc,heap     ] GC(64) Eden regions: 48->0(45)
[2024-12-17T01:51:44.216+0700][gc,heap     ] GC(64) Survivor regions: 3->6(7)
[2024-12-17T01:51:44.216+0700][gc,heap     ] GC(64) Old regions: 129->129
[2024-12-17T01:51:44.216+0700][gc,heap     ] GC(64) Archive regions: 2->2
[2024-12-17T01:51:44.216+0700][gc,heap     ] GC(64) Humongous regions: 129->129
[2024-12-17T01:51:44.216+0700][gc,metaspace] GC(64) Metaspace: 44755K(45376K)->44755K(45376K) NonClass: 39562K(39936K)->39562K(39936K) Class: 5193K(5440K)->5193K(5440K)
[2024-12-17T01:51:44.216+0700][gc          ] GC(64) Pause Young (Normal) (G1 Evacuation Pause) 309M->263M(1024M) 49.142ms
[2024-12-17T01:51:44.216+0700][gc,cpu      ] GC(64) User=0.09s Sys=0.00s Real=0.05s
[2024-12-17T01:53:28.440+0700][gc,start    ] GC(65) Pause Young (Normal) (G1 Evacuation Pause)
[2024-12-17T01:53:28.440+0700][gc,task     ] GC(65) Using 2 workers of 2 for evacuation
[2024-12-17T01:53:28.504+0700][gc,mmu      ] GC(65) MMU target violated: 21.0ms (20.0ms/21.0ms)
[2024-12-17T01:53:28.504+0700][gc,phases   ] GC(65)   Pre Evacuate Collection Set: 2.7ms
[2024-12-17T01:53:28.504+0700][gc,phases   ] GC(65)   Merge Heap Roots: 0.8ms
[2024-12-17T01:53:28.504+0700][gc,phases   ] GC(65)   Evacuate Collection Set: 57.8ms
[2024-12-17T01:53:28.504+0700][gc,phases   ] GC(65)   Post Evacuate Collection Set: 2.3ms
[2024-12-17T01:53:28.504+0700][gc,phases   ] GC(65)   Other: 0.9ms
[2024-12-17T01:53:28.504+0700][gc,heap     ] GC(65) Eden regions: 45->0(44)
[2024-12-17T01:53:28.504+0700][gc,heap     ] GC(65) Survivor regions: 6->7(7)
[2024-12-17T01:53:28.504+0700][gc,heap     ] GC(65) Old regions: 129->131
[2024-12-17T01:53:28.504+0700][gc,heap     ] GC(65) Archive regions: 2->2
[2024-12-17T01:53:28.504+0700][gc,heap     ] GC(65) Humongous regions: 129->129
[2024-12-17T01:53:28.504+0700][gc,metaspace] GC(65) Metaspace: 44756K(45376K)->44756K(45376K) NonClass: 39563K(39936K)->39563K(39936K) Class: 5193K(5440K)->5193K(5440K)
[2024-12-17T01:53:28.504+0700][gc          ] GC(65) Pause Young (Normal) (G1 Evacuation Pause) 308M->266M(1024M) 64.554ms
[2024-12-17T01:53:28.504+0700][gc,cpu      ] GC(65) User=0.12s Sys=0.01s Real=0.07s
[2024-12-17T01:55:10.687+0700][gc,start    ] GC(66) Pause Young (Normal) (G1 Evacuation Pause)
[2024-12-17T01:55:10.687+0700][gc,task     ] GC(66) Using 2 workers of 2 for evacuation
[2024-12-17T01:55:10.761+0700][gc,mmu      ] GC(66) MMU target violated: 21.0ms (20.0ms/21.0ms)
[2024-12-17T01:55:10.761+0700][gc,phases   ] GC(66)   Pre Evacuate Collection Set: 4.3ms
[2024-12-17T01:55:10.761+0700][gc,phases   ] GC(66)   Merge Heap Roots: 0.6ms
[2024-12-17T01:55:10.761+0700][gc,phases   ] GC(66)   Evacuate Collection Set: 65.9ms
[2024-12-17T01:55:10.761+0700][gc,phases   ] GC(66)   Post Evacuate Collection Set: 2.4ms
[2024-12-17T01:55:10.761+0700][gc,phases   ] GC(66)   Other: 1.4ms
[2024-12-17T01:55:10.762+0700][gc,heap     ] GC(66) Eden regions: 44->0(45)
[2024-12-17T01:55:10.762+0700][gc,heap     ] GC(66) Survivor regions: 7->6(7)
[2024-12-17T01:55:10.762+0700][gc,heap     ] GC(66) Old regions: 131->135
[2024-12-17T01:55:10.762+0700][gc,heap     ] GC(66) Archive regions: 2->2
[2024-12-17T01:55:10.762+0700][gc,heap     ] GC(66) Humongous regions: 129->129
[2024-12-17T01:55:10.762+0700][gc,metaspace] GC(66) Metaspace: 44757K(45376K)->44757K(45376K) NonClass: 39563K(39936K)->39563K(39936K) Class: 5193K(5440K)->5193K(5440K)
[2024-12-17T01:55:10.762+0700][gc          ] GC(66) Pause Young (Normal) (G1 Evacuation Pause) 310M->269M(1024M) 74.747ms
[2024-12-17T01:55:10.762+0700][gc,cpu      ] GC(66) User=0.12s Sys=0.03s Real=0.07s
[2024-12-17T01:56:52.831+0700][gc,start    ] GC(67) Pause Young (Normal) (G1 Evacuation Pause)
[2024-12-17T01:56:52.831+0700][gc,task     ] GC(67) Using 2 workers of 2 for evacuation
[2024-12-17T01:56:52.874+0700][gc,mmu      ] GC(67) MMU target violated: 21.0ms (20.0ms/21.0ms)
[2024-12-17T01:56:52.874+0700][gc,phases   ] GC(67)   Pre Evacuate Collection Set: 2.4ms
[2024-12-17T01:56:52.874+0700][gc,phases   ] GC(67)   Merge Heap Roots: 1.4ms
[2024-12-17T01:56:52.874+0700][gc,phases   ] GC(67)   Evacuate Collection Set: 35.9ms
[2024-12-17T01:56:52.874+0700][gc,phases   ] GC(67)   Post Evacuate Collection Set: 3.0ms
[2024-12-17T01:56:52.874+0700][gc,phases   ] GC(67)   Other: 1.0ms
[2024-12-17T01:56:52.874+0700][gc,heap     ] GC(67) Eden regions: 45->0(48)
[2024-12-17T01:56:52.874+0700][gc,heap     ] GC(67) Survivor regions: 6->3(7)
[2024-12-17T01:56:52.874+0700][gc,heap     ] GC(67) Old regions: 135->137
[2024-12-17T01:56:52.874+0700][gc,heap     ] GC(67) Archive regions: 2->2
[2024-12-17T01:56:52.874+0700][gc,heap     ] GC(67) Humongous regions: 129->129
[2024-12-17T01:56:52.874+0700][gc,metaspace] GC(67) Metaspace: 44770K(45376K)->44770K(45376K) NonClass: 39576K(39936K)->39576K(39936K) Class: 5193K(5440K)->5193K(5440K)
[2024-12-17T01:56:52.875+0700][gc          ] GC(67) Pause Young (Normal) (G1 Evacuation Pause) 314M->269M(1024M) 43.806ms
[2024-12-17T01:56:52.875+0700][gc,cpu      ] GC(67) User=0.07s Sys=0.01s Real=0.04s
[2024-12-17T01:58:44.772+0700][gc,start    ] GC(68) Pause Young (Normal) (G1 Evacuation Pause)
[2024-12-17T01:58:44.773+0700][gc,task     ] GC(68) Using 2 workers of 2 for evacuation
[2024-12-17T01:58:44.825+0700][gc,mmu      ] GC(68) MMU target violated: 21.0ms (20.0ms/21.0ms)
[2024-12-17T01:58:44.825+0700][gc,phases   ] GC(68)   Pre Evacuate Collection Set: 3.9ms
[2024-12-17T01:58:44.825+0700][gc,phases   ] GC(68)   Merge Heap Roots: 0.9ms
[2024-12-17T01:58:44.825+0700][gc,phases   ] GC(68)   Evacuate Collection Set: 42.6ms
[2024-12-17T01:58:44.825+0700][gc,phases   ] GC(68)   Post Evacuate Collection Set: 4.7ms
[2024-12-17T01:58:44.825+0700][gc,phases   ] GC(68)   Other: 1.4ms
[2024-12-17T01:58:44.825+0700][gc,heap     ] GC(68) Eden regions: 48->0(45)
[2024-12-17T01:58:44.825+0700][gc,heap     ] GC(68) Survivor regions: 3->6(7)
[2024-12-17T01:58:44.825+0700][gc,heap     ] GC(68) Old regions: 137->137
[2024-12-17T01:58:44.825+0700][gc,heap     ] GC(68) Archive regions: 2->2
[2024-12-17T01:58:44.825+0700][gc,heap     ] GC(68) Humongous regions: 129->129
[2024-12-17T01:58:44.826+0700][gc,metaspace] GC(68) Metaspace: 44770K(45376K)->44770K(45376K) NonClass: 39576K(39936K)->39576K(39936K) Class: 5193K(5440K)->5193K(5440K)
[2024-12-17T01:58:44.826+0700][gc          ] GC(68) Pause Young (Normal) (G1 Evacuation Pause) 317M->272M(1024M) 53.358ms
[2024-12-17T01:58:44.826+0700][gc,cpu      ] GC(68) User=0.09s Sys=0.00s Real=0.06s
[2024-12-17T02:00:25.790+0700][gc,start    ] GC(69) Pause Young (Normal) (G1 Evacuation Pause)
[2024-12-17T02:00:25.790+0700][gc,task     ] GC(69) Using 2 workers of 2 for evacuation
[2024-12-17T02:00:25.840+0700][gc,mmu      ] GC(69) MMU target violated: 21.0ms (20.0ms/21.0ms)
[2024-12-17T02:00:25.841+0700][gc,phases   ] GC(69)   Pre Evacuate Collection Set: 2.4ms
[2024-12-17T02:00:25.841+0700][gc,phases   ] GC(69)   Merge Heap Roots: 0.5ms
[2024-12-17T02:00:25.841+0700][gc,phases   ] GC(69)   Evacuate Collection Set: 45.5ms
[2024-12-17T02:00:25.841+0700][gc,phases   ] GC(69)   Post Evacuate Collection Set: 1.6ms
[2024-12-17T02:00:25.841+0700][gc,phases   ] GC(69)   Other: 1.2ms
[2024-12-17T02:00:25.841+0700][gc,heap     ] GC(69) Eden regions: 45->0(46)
[2024-12-17T02:00:25.841+0700][gc,heap     ] GC(69) Survivor regions: 6->5(7)
[2024-12-17T02:00:25.841+0700][gc,heap     ] GC(69) Old regions: 137->141
[2024-12-17T02:00:25.841+0700][gc,heap     ] GC(69) Archive regions: 2->2
[2024-12-17T02:00:25.841+0700][gc,heap     ] GC(69) Humongous regions: 129->129
[2024-12-17T02:00:25.841+0700][gc,metaspace] GC(69) Metaspace: 44788K(45376K)->44788K(45376K) NonClass: 39595K(39936K)->39595K(39936K) Class: 5193K(5440K)->5193K(5440K)
[2024-12-17T02:00:25.841+0700][gc          ] GC(69) Pause Young (Normal) (G1 Evacuation Pause) 317M->275M(1024M) 51.131ms
[2024-12-17T02:00:25.841+0700][gc,cpu      ] GC(69) User=0.09s Sys=0.00s Real=0.05s
[2024-12-17T02:02:11.833+0700][gc,start    ] GC(70) Pause Young (Normal) (G1 Evacuation Pause)
[2024-12-17T02:02:11.834+0700][gc,task     ] GC(70) Using 2 workers of 2 for evacuation
[2024-12-17T02:02:11.869+0700][gc,mmu      ] GC(70) MMU target violated: 21.0ms (20.0ms/21.0ms)
[2024-12-17T02:02:11.869+0700][gc,phases   ] GC(70)   Pre Evacuate Collection Set: 2.7ms
[2024-12-17T02:02:11.869+0700][gc,phases   ] GC(70)   Merge Heap Roots: 0.6ms
[2024-12-17T02:02:11.869+0700][gc,phases   ] GC(70)   Evacuate Collection Set: 30.0ms
[2024-12-17T02:02:11.869+0700][gc,phases   ] GC(70)   Post Evacuate Collection Set: 2.1ms
[2024-12-17T02:02:11.869+0700][gc,phases   ] GC(70)   Other: 0.8ms
[2024-12-17T02:02:11.870+0700][gc,heap     ] GC(70) Eden regions: 46->0(48)
[2024-12-17T02:02:11.870+0700][gc,heap     ] GC(70) Survivor regions: 5->3(7)
[2024-12-17T02:02:11.870+0700][gc,heap     ] GC(70) Old regions: 141->143
[2024-12-17T02:02:11.870+0700][gc,heap     ] GC(70) Archive regions: 2->2
[2024-12-17T02:02:11.870+0700][gc,heap     ] GC(70) Humongous regions: 129->129
[2024-12-17T02:02:11.870+0700][gc,metaspace] GC(70) Metaspace: 44789K(45376K)->44789K(45376K) NonClass: 39595K(39936K)->39595K(39936K) Class: 5193K(5440K)->5193K(5440K)
[2024-12-17T02:02:11.870+0700][gc          ] GC(70) Pause Young (Normal) (G1 Evacuation Pause) 321M->275M(1024M) 36.211ms
[2024-12-17T02:02:11.870+0700][gc,cpu      ] GC(70) User=0.07s Sys=0.00s Real=0.04s
[2024-12-17T02:04:03.664+0700][gc,start    ] GC(71) Pause Young (Normal) (G1 Evacuation Pause)
[2024-12-17T02:04:03.664+0700][gc,task     ] GC(71) Using 2 workers of 2 for evacuation
[2024-12-17T02:04:03.709+0700][gc,mmu      ] GC(71) MMU target violated: 21.0ms (20.0ms/21.0ms)
[2024-12-17T02:04:03.709+0700][gc,phases   ] GC(71)   Pre Evacuate Collection Set: 4.0ms
[2024-12-17T02:04:03.709+0700][gc,phases   ] GC(71)   Merge Heap Roots: 0.8ms
[2024-12-17T02:04:03.709+0700][gc,phases   ] GC(71)   Evacuate Collection Set: 31.3ms
[2024-12-17T02:04:03.709+0700][gc,phases   ] GC(71)   Post Evacuate Collection Set: 8.4ms
[2024-12-17T02:04:03.709+0700][gc,phases   ] GC(71)   Other: 1.2ms
[2024-12-17T02:04:03.709+0700][gc,heap     ] GC(71) Eden regions: 48->0(45)
[2024-12-17T02:04:03.709+0700][gc,heap     ] GC(71) Survivor regions: 3->6(7)
[2024-12-17T02:04:03.709+0700][gc,heap     ] GC(71) Old regions: 143->143
[2024-12-17T02:04:03.709+0700][gc,heap     ] GC(71) Archive regions: 2->2
[2024-12-17T02:04:03.709+0700][gc,heap     ] GC(71) Humongous regions: 129->129
[2024-12-17T02:04:03.710+0700][gc,metaspace] GC(71) Metaspace: 44790K(45376K)->44790K(45376K) NonClass: 39596K(39936K)->39596K(39936K) Class: 5193K(5440K)->5193K(5440K)
[2024-12-17T02:04:03.710+0700][gc          ] GC(71) Pause Young (Normal) (G1 Evacuation Pause) 323M->278M(1024M) 46.007ms
[2024-12-17T02:04:03.710+0700][gc,cpu      ] GC(71) User=0.08s Sys=0.01s Real=0.05s
[2024-12-17T02:05:47.801+0700][gc,start    ] GC(72) Pause Young (Normal) (G1 Evacuation Pause)
[2024-12-17T02:05:47.802+0700][gc,task     ] GC(72) Using 2 workers of 2 for evacuation
[2024-12-17T02:05:47.858+0700][gc,mmu      ] GC(72) MMU target violated: 21.0ms (20.0ms/21.0ms)
[2024-12-17T02:05:47.858+0700][gc,phases   ] GC(72)   Pre Evacuate Collection Set: 1.9ms
[2024-12-17T02:05:47.858+0700][gc,phases   ] GC(72)   Merge Heap Roots: 0.9ms
[2024-12-17T02:05:47.858+0700][gc,phases   ] GC(72)   Evacuate Collection Set: 48.9ms
[2024-12-17T02:05:47.858+0700][gc,phases   ] GC(72)   Post Evacuate Collection Set: 3.9ms
[2024-12-17T02:05:47.858+0700][gc,phases   ] GC(72)   Other: 1.4ms
[2024-12-17T02:05:47.858+0700][gc,heap     ] GC(72) Eden regions: 45->0(45)
[2024-12-17T02:05:47.858+0700][gc,heap     ] GC(72) Survivor regions: 6->6(7)
[2024-12-17T02:05:47.858+0700][gc,heap     ] GC(72) Old regions: 143->145
[2024-12-17T02:05:47.858+0700][gc,heap     ] GC(72) Archive regions: 2->2
[2024-12-17T02:05:47.858+0700][gc,heap     ] GC(72) Humongous regions: 129->129
[2024-12-17T02:05:47.858+0700][gc,metaspace] GC(72) Metaspace: 44790K(45376K)->44790K(45376K) NonClass: 39596K(39936K)->39596K(39936K) Class: 5193K(5440K)->5193K(5440K)
[2024-12-17T02:05:47.858+0700][gc          ] GC(72) Pause Young (Normal) (G1 Evacuation Pause) 323M->280M(1024M) 56.873ms
[2024-12-17T02:05:47.858+0700][gc,cpu      ] GC(72) User=0.10s Sys=0.01s Real=0.06s
[2024-12-17T02:07:30.496+0700][gc,start    ] GC(73) Pause Young (Normal) (G1 Evacuation Pause)
[2024-12-17T02:07:30.496+0700][gc,task     ] GC(73) Using 2 workers of 2 for evacuation
[2024-12-17T02:07:30.562+0700][gc,mmu      ] GC(73) MMU target violated: 21.0ms (20.0ms/21.0ms)
[2024-12-17T02:07:30.562+0700][gc,phases   ] GC(73)   Pre Evacuate Collection Set: 2.5ms
[2024-12-17T02:07:30.562+0700][gc,phases   ] GC(73)   Merge Heap Roots: 0.7ms
[2024-12-17T02:07:30.562+0700][gc,phases   ] GC(73)   Evacuate Collection Set: 59.4ms
[2024-12-17T02:07:30.562+0700][gc,phases   ] GC(73)   Post Evacuate Collection Set: 2.7ms
[2024-12-17T02:07:30.562+0700][gc,phases   ] GC(73)   Other: 1.3ms
[2024-12-17T02:07:30.563+0700][gc,heap     ] GC(73) Eden regions: 45->0(46)
[2024-12-17T02:07:30.563+0700][gc,heap     ] GC(73) Survivor regions: 6->5(7)
[2024-12-17T02:07:30.563+0700][gc,heap     ] GC(73) Old regions: 145->149
[2024-12-17T02:07:30.563+0700][gc,heap     ] GC(73) Archive regions: 2->2
[2024-12-17T02:07:30.563+0700][gc,heap     ] GC(73) Humongous regions: 129->129
[2024-12-17T02:07:30.563+0700][gc,metaspace] GC(73) Metaspace: 44794K(45376K)->44794K(45376K) NonClass: 39600K(39936K)->39600K(39936K) Class: 5193K(5440K)->5193K(5440K)
[2024-12-17T02:07:30.563+0700][gc          ] GC(73) Pause Young (Normal) (G1 Evacuation Pause) 325M->283M(1024M) 66.558ms
[2024-12-17T02:07:30.563+0700][gc,cpu      ] GC(73) User=0.11s Sys=0.02s Real=0.06s
[2024-12-17T02:09:14.847+0700][gc,start    ] GC(74) Pause Young (Normal) (G1 Evacuation Pause)
[2024-12-17T02:09:14.847+0700][gc,task     ] GC(74) Using 2 workers of 2 for evacuation
[2024-12-17T02:09:14.895+0700][gc,mmu      ] GC(74) MMU target violated: 21.0ms (20.0ms/21.0ms)
[2024-12-17T02:09:14.895+0700][gc,phases   ] GC(74)   Pre Evacuate Collection Set: 2.7ms
[2024-12-17T02:09:14.895+0700][gc,phases   ] GC(74)   Merge Heap Roots: 0.9ms
[2024-12-17T02:09:14.895+0700][gc,phases   ] GC(74)   Evacuate Collection Set: 39.6ms
[2024-12-17T02:09:14.895+0700][gc,phases   ] GC(74)   Post Evacuate Collection Set: 3.6ms
[2024-12-17T02:09:14.895+0700][gc,phases   ] GC(74)   Other: 1.3ms
[2024-12-17T02:09:14.895+0700][gc,heap     ] GC(74) Eden regions: 46->0(48)
[2024-12-17T02:09:14.895+0700][gc,heap     ] GC(74) Survivor regions: 5->3(7)
[2024-12-17T02:09:14.895+0700][gc,heap     ] GC(74) Old regions: 149->152
[2024-12-17T02:09:14.895+0700][gc,heap     ] GC(74) Archive regions: 2->2
[2024-12-17T02:09:14.895+0700][gc,heap     ] GC(74) Humongous regions: 129->129
[2024-12-17T02:09:14.895+0700][gc,metaspace] GC(74) Metaspace: 44797K(45376K)->44797K(45376K) NonClass: 39603K(39936K)->39603K(39936K) Class: 5193K(5440K)->5193K(5440K)
[2024-12-17T02:09:14.895+0700][gc          ] GC(74) Pause Young (Normal) (G1 Evacuation Pause) 329M->284M(1024M) 48.111ms
[2024-12-17T02:09:14.895+0700][gc,cpu      ] GC(74) User=0.08s Sys=0.00s Real=0.04s
[2024-12-17T02:11:00.501+0700][gc,start    ] GC(75) Pause Young (Normal) (G1 Evacuation Pause)
[2024-12-17T02:11:00.501+0700][gc,task     ] GC(75) Using 2 workers of 2 for evacuation
[2024-12-17T02:11:00.548+0700][gc,mmu      ] GC(75) MMU target violated: 21.0ms (20.0ms/21.0ms)
[2024-12-17T02:11:00.548+0700][gc,phases   ] GC(75)   Pre Evacuate Collection Set: 3.5ms
[2024-12-17T02:11:00.548+0700][gc,phases   ] GC(75)   Merge Heap Roots: 0.8ms
[2024-12-17T02:11:00.548+0700][gc,phases   ] GC(75)   Evacuate Collection Set: 39.4ms
[2024-12-17T02:11:00.548+0700][gc,phases   ] GC(75)   Post Evacuate Collection Set: 2.8ms
[2024-12-17T02:11:00.548+0700][gc,phases   ] GC(75)   Other: 1.2ms
[2024-12-17T02:11:00.548+0700][gc,heap     ] GC(75) Eden regions: 48->0(44)
[2024-12-17T02:11:00.548+0700][gc,heap     ] GC(75) Survivor regions: 3->7(7)
[2024-12-17T02:11:00.548+0700][gc,heap     ] GC(75) Old regions: 152->152
[2024-12-17T02:11:00.548+0700][gc,heap     ] GC(75) Archive regions: 2->2
[2024-12-17T02:11:00.548+0700][gc,heap     ] GC(75) Humongous regions: 129->129
[2024-12-17T02:11:00.548+0700][gc,metaspace] GC(75) Metaspace: 44807K(45376K)->44807K(45376K) NonClass: 39614K(39936K)->39614K(39936K) Class: 5193K(5440K)->5193K(5440K)
[2024-12-17T02:11:00.548+0700][gc          ] GC(75) Pause Young (Normal) (G1 Evacuation Pause) 332M->288M(1024M) 47.692ms
[2024-12-17T02:11:00.548+0700][gc,cpu      ] GC(75) User=0.08s Sys=0.00s Real=0.05s
[2024-12-17T02:12:39.740+0700][gc,start    ] GC(76) Pause Young (Normal) (G1 Evacuation Pause)
[2024-12-17T02:12:39.740+0700][gc,task     ] GC(76) Using 2 workers of 2 for evacuation
[2024-12-17T02:12:39.799+0700][gc,mmu      ] GC(76) MMU target violated: 21.0ms (20.0ms/21.0ms)
[2024-12-17T02:12:39.800+0700][gc,phases   ] GC(76)   Pre Evacuate Collection Set: 2.4ms
[2024-12-17T02:12:39.800+0700][gc,phases   ] GC(76)   Merge Heap Roots: 0.6ms
[2024-12-17T02:12:39.800+0700][gc,phases   ] GC(76)   Evacuate Collection Set: 52.5ms
[2024-12-17T02:12:39.800+0700][gc,phases   ] GC(76)   Post Evacuate Collection Set: 3.4ms
[2024-12-17T02:12:39.800+0700][gc,phases   ] GC(76)   Other: 1.1ms
[2024-12-17T02:12:39.800+0700][gc,heap     ] GC(76) Eden regions: 44->0(47)
[2024-12-17T02:12:39.800+0700][gc,heap     ] GC(76) Survivor regions: 7->4(7)
[2024-12-17T02:12:39.800+0700][gc,heap     ] GC(76) Old regions: 152->156
[2024-12-17T02:12:39.800+0700][gc,heap     ] GC(76) Archive regions: 2->2
[2024-12-17T02:12:39.800+0700][gc,heap     ] GC(76) Humongous regions: 129->129
[2024-12-17T02:12:39.800+0700][gc,metaspace] GC(76) Metaspace: 44808K(45376K)->44808K(45376K) NonClass: 39614K(39936K)->39614K(39936K) Class: 5193K(5440K)->5193K(5440K)
[2024-12-17T02:12:39.800+0700][gc          ] GC(76) Pause Young (Normal) (G1 Evacuation Pause) 332M->289M(1024M) 60.151ms
[2024-12-17T02:12:39.800+0700][gc,cpu      ] GC(76) User=0.10s Sys=0.02s Real=0.06s
[2024-12-17T02:14:29.269+0700][gc,start    ] GC(77) Pause Young (Normal) (G1 Evacuation Pause)
[2024-12-17T02:14:29.269+0700][gc,task     ] GC(77) Using 2 workers of 2 for evacuation
[2024-12-17T02:14:29.319+0700][gc,mmu      ] GC(77) MMU target violated: 21.0ms (20.0ms/21.0ms)
[2024-12-17T02:14:29.319+0700][gc,phases   ] GC(77)   Pre Evacuate Collection Set: 2.5ms
[2024-12-17T02:14:29.319+0700][gc,phases   ] GC(77)   Merge Heap Roots: 0.8ms
[2024-12-17T02:14:29.319+0700][gc,phases   ] GC(77)   Evacuate Collection Set: 41.3ms
[2024-12-17T02:14:29.319+0700][gc,phases   ] GC(77)   Post Evacuate Collection Set: 4.7ms
[2024-12-17T02:14:29.319+0700][gc,phases   ] GC(77)   Other: 1.0ms
[2024-12-17T02:14:29.319+0700][gc,heap     ] GC(77) Eden regions: 47->0(44)
[2024-12-17T02:14:29.319+0700][gc,heap     ] GC(77) Survivor regions: 4->7(7)
[2024-12-17T02:14:29.319+0700][gc,heap     ] GC(77) Old regions: 156->156
[2024-12-17T02:14:29.319+0700][gc,heap     ] GC(77) Archive regions: 2->2
[2024-12-17T02:14:29.319+0700][gc,heap     ] GC(77) Humongous regions: 129->129
[2024-12-17T02:14:29.319+0700][gc,metaspace] GC(77) Metaspace: 44809K(45376K)->44809K(45376K) NonClass: 39615K(39936K)->39615K(39936K) Class: 5193K(5440K)->5193K(5440K)
[2024-12-17T02:14:29.319+0700][gc          ] GC(77) Pause Young (Normal) (G1 Evacuation Pause) 336M->292M(1024M) 50.500ms
[2024-12-17T02:14:29.319+0700][gc,cpu      ] GC(77) User=0.10s Sys=0.00s Real=0.05s
[2024-12-17T02:16:11.200+0700][gc,start    ] GC(78) Pause Young (Normal) (G1 Evacuation Pause)
[2024-12-17T02:16:11.201+0700][gc,task     ] GC(78) Using 2 workers of 2 for evacuation
[2024-12-17T02:16:11.284+0700][gc,mmu      ] GC(78) MMU target violated: 21.0ms (20.0ms/21.0ms)
[2024-12-17T02:16:11.284+0700][gc,phases   ] GC(78)   Pre Evacuate Collection Set: 7.6ms
[2024-12-17T02:16:11.284+0700][gc,phases   ] GC(78)   Merge Heap Roots: 1.5ms
[2024-12-17T02:16:11.284+0700][gc,phases   ] GC(78)   Evacuate Collection Set: 67.5ms
[2024-12-17T02:16:11.284+0700][gc,phases   ] GC(78)   Post Evacuate Collection Set: 5.7ms
[2024-12-17T02:16:11.284+0700][gc,phases   ] GC(78)   Other: 2.2ms
[2024-12-17T02:16:11.284+0700][gc,heap     ] GC(78) Eden regions: 44->0(48)
[2024-12-17T02:16:11.284+0700][gc,heap     ] GC(78) Survivor regions: 7->3(7)
[2024-12-17T02:16:11.284+0700][gc,heap     ] GC(78) Old regions: 156->160
[2024-12-17T02:16:11.284+0700][gc,heap     ] GC(78) Archive regions: 2->2
[2024-12-17T02:16:11.284+0700][gc,heap     ] GC(78) Humongous regions: 129->129
[2024-12-17T02:16:11.284+0700][gc,metaspace] GC(78) Metaspace: 44809K(45376K)->44809K(45376K) NonClass: 39615K(39936K)->39615K(39936K) Class: 5193K(5440K)->5193K(5440K)
[2024-12-17T02:16:11.284+0700][gc          ] GC(78) Pause Young (Normal) (G1 Evacuation Pause) 336M->291M(1024M) 84.112ms
[2024-12-17T02:16:11.284+0700][gc,cpu      ] GC(78) User=0.15s Sys=0.01s Real=0.09s
[2024-12-17T02:18:02.707+0700][gc,start    ] GC(79) Pause Young (Normal) (G1 Evacuation Pause)
[2024-12-17T02:18:02.708+0700][gc,task     ] GC(79) Using 2 workers of 2 for evacuation
[2024-12-17T02:18:02.785+0700][gc,mmu      ] GC(79) MMU target violated: 21.0ms (20.0ms/21.0ms)
[2024-12-17T02:18:02.786+0700][gc,phases   ] GC(79)   Pre Evacuate Collection Set: 18.4ms
[2024-12-17T02:18:02.786+0700][gc,phases   ] GC(79)   Merge Heap Roots: 3.8ms
[2024-12-17T02:18:02.786+0700][gc,phases   ] GC(79)   Evacuate Collection Set: 49.6ms
[2024-12-17T02:18:02.786+0700][gc,phases   ] GC(79)   Post Evacuate Collection Set: 4.6ms
[2024-12-17T02:18:02.786+0700][gc,phases   ] GC(79)   Other: 2.5ms
[2024-12-17T02:18:02.786+0700][gc,heap     ] GC(79) Eden regions: 48->0(45)
[2024-12-17T02:18:02.786+0700][gc,heap     ] GC(79) Survivor regions: 3->6(7)
[2024-12-17T02:18:02.786+0700][gc,heap     ] GC(79) Old regions: 160->160
[2024-12-17T02:18:02.786+0700][gc,heap     ] GC(79) Archive regions: 2->2
[2024-12-17T02:18:02.786+0700][gc,heap     ] GC(79) Humongous regions: 129->129
[2024-12-17T02:18:02.786+0700][gc,metaspace] GC(79) Metaspace: 44811K(45376K)->44811K(45376K) NonClass: 39617K(39936K)->39617K(39936K) Class: 5193K(5440K)->5193K(5440K)
[2024-12-17T02:18:02.786+0700][gc          ] GC(79) Pause Young (Normal) (G1 Evacuation Pause) 339M->295M(1024M) 78.508ms
[2024-12-17T02:18:02.786+0700][gc,cpu      ] GC(79) User=0.14s Sys=0.00s Real=0.08s
[2024-12-17T02:19:47.681+0700][gc,start    ] GC(80) Pause Young (Normal) (G1 Evacuation Pause)
[2024-12-17T02:19:47.681+0700][gc,task     ] GC(80) Using 2 workers of 2 for evacuation
[2024-12-17T02:19:47.739+0700][gc,mmu      ] GC(80) MMU target violated: 21.0ms (20.0ms/21.0ms)
[2024-12-17T02:19:47.739+0700][gc,phases   ] GC(80)   Pre Evacuate Collection Set: 3.5ms
[2024-12-17T02:19:47.739+0700][gc,phases   ] GC(80)   Merge Heap Roots: 0.5ms
[2024-12-17T02:19:47.739+0700][gc,phases   ] GC(80)   Evacuate Collection Set: 50.6ms
[2024-12-17T02:19:47.739+0700][gc,phases   ] GC(80)   Post Evacuate Collection Set: 3.3ms
[2024-12-17T02:19:47.740+0700][gc,phases   ] GC(80)   Other: 1.1ms
[2024-12-17T02:19:47.740+0700][gc,heap     ] GC(80) Eden regions: 45->0(45)
[2024-12-17T02:19:47.740+0700][gc,heap     ] GC(80) Survivor regions: 6->6(7)
[2024-12-17T02:19:47.740+0700][gc,heap     ] GC(80) Old regions: 160->162
[2024-12-17T02:19:47.740+0700][gc,heap     ] GC(80) Archive regions: 2->2
[2024-12-17T02:19:47.740+0700][gc,heap     ] GC(80) Humongous regions: 129->129
[2024-12-17T02:19:47.740+0700][gc,metaspace] GC(80) Metaspace: 44827K(45440K)->44827K(45440K) NonClass: 39634K(40000K)->39634K(40000K) Class: 5193K(5440K)->5193K(5440K)
[2024-12-17T02:19:47.740+0700][gc          ] GC(80) Pause Young (Normal) (G1 Evacuation Pause) 340M->297M(1024M) 58.928ms
[2024-12-17T02:19:47.740+0700][gc,cpu      ] GC(80) User=0.12s Sys=0.00s Real=0.06s
[2024-12-17T02:21:31.596+0700][gc,start    ] GC(81) Pause Young (Normal) (G1 Evacuation Pause)
[2024-12-17T02:21:31.596+0700][gc,task     ] GC(81) Using 2 workers of 2 for evacuation
[2024-12-17T02:21:31.667+0700][gc,mmu      ] GC(81) MMU target violated: 21.0ms (20.0ms/21.0ms)
[2024-12-17T02:21:31.668+0700][gc,phases   ] GC(81)   Pre Evacuate Collection Set: 4.4ms
[2024-12-17T02:21:31.668+0700][gc,phases   ] GC(81)   Merge Heap Roots: 0.5ms
[2024-12-17T02:21:31.668+0700][gc,phases   ] GC(81)   Evacuate Collection Set: 62.4ms
[2024-12-17T02:21:31.668+0700][gc,phases   ] GC(81)   Post Evacuate Collection Set: 2.8ms
[2024-12-17T02:21:31.668+0700][gc,phases   ] GC(81)   Other: 2.0ms
[2024-12-17T02:21:31.668+0700][gc,heap     ] GC(81) Eden regions: 45->0(46)
[2024-12-17T02:21:31.668+0700][gc,heap     ] GC(81) Survivor regions: 6->5(7)
[2024-12-17T02:21:31.668+0700][gc,heap     ] GC(81) Old regions: 162->166
[2024-12-17T02:21:31.668+0700][gc,heap     ] GC(81) Archive regions: 2->2
[2024-12-17T02:21:31.668+0700][gc,heap     ] GC(81) Humongous regions: 129->129
[2024-12-17T02:21:31.668+0700][gc,metaspace] GC(81) Metaspace: 44827K(45440K)->44827K(45440K) NonClass: 39634K(40000K)->39634K(40000K) Class: 5193K(5440K)->5193K(5440K)
[2024-12-17T02:21:31.668+0700][gc          ] GC(81) Pause Young (Normal) (G1 Evacuation Pause) 342M->300M(1024M) 71.903ms
[2024-12-17T02:21:31.668+0700][gc,cpu      ] GC(81) User=0.11s Sys=0.02s Real=0.08s
[2024-12-17T02:23:14.551+0700][gc,start    ] GC(82) Pause Young (Normal) (G1 Evacuation Pause)
[2024-12-17T02:23:14.551+0700][gc,task     ] GC(82) Using 2 workers of 2 for evacuation
[2024-12-17T02:23:14.598+0700][gc,mmu      ] GC(82) MMU target violated: 21.0ms (20.0ms/21.0ms)
[2024-12-17T02:23:14.598+0700][gc,phases   ] GC(82)   Pre Evacuate Collection Set: 3.9ms
[2024-12-17T02:23:14.598+0700][gc,phases   ] GC(82)   Merge Heap Roots: 0.8ms
[2024-12-17T02:23:14.598+0700][gc,phases   ] GC(82)   Evacuate Collection Set: 38.9ms
[2024-12-17T02:23:14.598+0700][gc,phases   ] GC(82)   Post Evacuate Collection Set: 2.9ms
[2024-12-17T02:23:14.599+0700][gc,phases   ] GC(82)   Other: 1.3ms
[2024-12-17T02:23:14.599+0700][gc,heap     ] GC(82) Eden regions: 46->0(47)
[2024-12-17T02:23:14.599+0700][gc,heap     ] GC(82) Survivor regions: 5->4(7)
[2024-12-17T02:23:14.599+0700][gc,heap     ] GC(82) Old regions: 166->168
[2024-12-17T02:23:14.599+0700][gc,heap     ] GC(82) Archive regions: 2->2
[2024-12-17T02:23:14.599+0700][gc,heap     ] GC(82) Humongous regions: 129->129
[2024-12-17T02:23:14.599+0700][gc,metaspace] GC(82) Metaspace: 44833K(45440K)->44833K(45440K) NonClass: 39640K(40000K)->39640K(40000K) Class: 5193K(5440K)->5193K(5440K)
[2024-12-17T02:23:14.599+0700][gc          ] GC(82) Pause Young (Normal) (G1 Evacuation Pause) 346M->301M(1024M) 47.726ms
[2024-12-17T02:23:14.599+0700][gc,cpu      ] GC(82) User=0.09s Sys=0.01s Real=0.05s
[2024-12-17T02:25:00.744+0700][gc,start    ] GC(83) Pause Young (Normal) (G1 Evacuation Pause)
[2024-12-17T02:25:00.744+0700][gc,task     ] GC(83) Using 2 workers of 2 for evacuation
[2024-12-17T02:25:00.794+0700][gc,mmu      ] GC(83) MMU target violated: 21.0ms (20.0ms/21.0ms)
[2024-12-17T02:25:00.794+0700][gc,phases   ] GC(83)   Pre Evacuate Collection Set: 3.3ms
[2024-12-17T02:25:00.794+0700][gc,phases   ] GC(83)   Merge Heap Roots: 1.1ms
[2024-12-17T02:25:00.794+0700][gc,phases   ] GC(83)   Evacuate Collection Set: 41.2ms
[2024-12-17T02:25:00.794+0700][gc,phases   ] GC(83)   Post Evacuate Collection Set: 3.3ms
[2024-12-17T02:25:00.794+0700][gc,phases   ] GC(83)   Other: 1.5ms
[2024-12-17T02:25:00.794+0700][gc,heap     ] GC(83) Eden regions: 47->0(44)
[2024-12-17T02:25:00.794+0700][gc,heap     ] GC(83) Survivor regions: 4->7(7)
[2024-12-17T02:25:00.794+0700][gc,heap     ] GC(83) Old regions: 168->168
[2024-12-17T02:25:00.794+0700][gc,heap     ] GC(83) Archive regions: 2->2
[2024-12-17T02:25:00.794+0700][gc,heap     ] GC(83) Humongous regions: 129->129
[2024-12-17T02:25:00.794+0700][gc,metaspace] GC(83) Metaspace: 44868K(45440K)->44868K(45440K) NonClass: 39674K(40000K)->39674K(40000K) Class: 5193K(5440K)->5193K(5440K)
[2024-12-17T02:25:00.794+0700][gc          ] GC(83) Pause Young (Normal) (G1 Evacuation Pause) 348M->303M(1024M) 50.249ms
[2024-12-17T02:25:00.794+0700][gc,cpu      ] GC(83) User=0.09s Sys=0.00s Real=0.04s
[2024-12-17T02:26:42.007+0700][gc,start    ] GC(84) Pause Young (Normal) (G1 Evacuation Pause)
[2024-12-17T02:26:42.008+0700][gc,task     ] GC(84) Using 2 workers of 2 for evacuation
[2024-12-17T02:26:42.110+0700][gc,mmu      ] GC(84) MMU target violated: 21.0ms (20.0ms/21.0ms)
[2024-12-17T02:26:42.111+0700][gc,phases   ] GC(84)   Pre Evacuate Collection Set: 5.3ms
[2024-12-17T02:26:42.111+0700][gc,phases   ] GC(84)   Merge Heap Roots: 1.6ms
[2024-12-17T02:26:42.111+0700][gc,phases   ] GC(84)   Evacuate Collection Set: 90.7ms
[2024-12-17T02:26:42.111+0700][gc,phases   ] GC(84)   Post Evacuate Collection Set: 4.4ms
[2024-12-17T02:26:42.111+0700][gc,phases   ] GC(84)   Other: 2.0ms
[2024-12-17T02:26:42.111+0700][gc,heap     ] GC(84) Eden regions: 44->0(45)
[2024-12-17T02:26:42.111+0700][gc,heap     ] GC(84) Survivor regions: 7->6(7)
[2024-12-17T02:26:42.111+0700][gc,heap     ] GC(84) Old regions: 168->171
[2024-12-17T02:26:42.111+0700][gc,heap     ] GC(84) Archive regions: 2->2
[2024-12-17T02:26:42.111+0700][gc,heap     ] GC(84) Humongous regions: 129->129
[2024-12-17T02:26:42.111+0700][gc,metaspace] GC(84) Metaspace: 44877K(45504K)->44877K(45504K) NonClass: 39683K(40064K)->39683K(40064K) Class: 5193K(5440K)->5193K(5440K)
[2024-12-17T02:26:42.111+0700][gc          ] GC(84) Pause Young (Normal) (G1 Evacuation Pause) 347M->306M(1024M) 103.820ms
[2024-12-17T02:26:42.111+0700][gc,cpu      ] GC(84) User=0.20s Sys=0.00s Real=0.10s
[2024-12-17T02:28:26.594+0700][gc,start    ] GC(85) Pause Young (Normal) (G1 Evacuation Pause)
[2024-12-17T02:28:26.594+0700][gc,task     ] GC(85) Using 2 workers of 2 for evacuation
[2024-12-17T02:28:26.664+0700][gc,mmu      ] GC(85) MMU target violated: 21.0ms (20.0ms/21.0ms)
[2024-12-17T02:28:26.665+0700][gc,phases   ] GC(85)   Pre Evacuate Collection Set: 4.4ms
[2024-12-17T02:28:26.665+0700][gc,phases   ] GC(85)   Merge Heap Roots: 1.2ms
[2024-12-17T02:28:26.665+0700][gc,phases   ] GC(85)   Evacuate Collection Set: 59.1ms
[2024-12-17T02:28:26.665+0700][gc,phases   ] GC(85)   Post Evacuate Collection Set: 4.8ms
[2024-12-17T02:28:26.665+0700][gc,phases   ] GC(85)   Other: 1.9ms
[2024-12-17T02:28:26.665+0700][gc,heap     ] GC(85) Eden regions: 45->0(46)
[2024-12-17T02:28:26.665+0700][gc,heap     ] GC(85) Survivor regions: 6->5(7)
[2024-12-17T02:28:26.665+0700][gc,heap     ] GC(85) Old regions: 171->175
[2024-12-17T02:28:26.665+0700][gc,heap     ] GC(85) Archive regions: 2->2
[2024-12-17T02:28:26.665+0700][gc,heap     ] GC(85) Humongous regions: 129->129
[2024-12-17T02:28:26.665+0700][gc,metaspace] GC(85) Metaspace: 44877K(45504K)->44877K(45504K) NonClass: 39683K(40064K)->39683K(40064K) Class: 5193K(5440K)->5193K(5440K)
[2024-12-17T02:28:26.665+0700][gc          ] GC(85) Pause Young (Normal) (G1 Evacuation Pause) 351M->309M(1024M) 71.318ms
[2024-12-17T02:28:26.665+0700][gc,cpu      ] GC(85) User=0.13s Sys=0.00s Real=0.08s
[2024-12-17T02:30:13.150+0700][gc,start    ] GC(86) Pause Young (Normal) (G1 Evacuation Pause)
[2024-12-17T02:30:13.150+0700][gc,task     ] GC(86) Using 2 workers of 2 for evacuation
[2024-12-17T02:30:13.199+0700][gc,mmu      ] GC(86) MMU target violated: 21.0ms (20.0ms/21.0ms)
[2024-12-17T02:30:13.200+0700][gc,phases   ] GC(86)   Pre Evacuate Collection Set: 3.7ms
[2024-12-17T02:30:13.200+0700][gc,phases   ] GC(86)   Merge Heap Roots: 1.3ms
[2024-12-17T02:30:13.200+0700][gc,phases   ] GC(86)   Evacuate Collection Set: 39.8ms
[2024-12-17T02:30:13.200+0700][gc,phases   ] GC(86)   Post Evacuate Collection Set: 3.9ms
[2024-12-17T02:30:13.200+0700][gc,phases   ] GC(86)   Other: 1.3ms
[2024-12-17T02:30:13.200+0700][gc,heap     ] GC(86) Eden regions: 46->0(48)
[2024-12-17T02:30:13.200+0700][gc,heap     ] GC(86) Survivor regions: 5->3(7)
[2024-12-17T02:30:13.200+0700][gc,heap     ] GC(86) Old regions: 175->177
[2024-12-17T02:30:13.200+0700][gc,heap     ] GC(86) Archive regions: 2->2
[2024-12-17T02:30:13.200+0700][gc,heap     ] GC(86) Humongous regions: 129->129
[2024-12-17T02:30:13.200+0700][gc,metaspace] GC(86) Metaspace: 44877K(45504K)->44877K(45504K) NonClass: 39683K(40064K)->39683K(40064K) Class: 5193K(5440K)->5193K(5440K)
[2024-12-17T02:30:13.200+0700][gc          ] GC(86) Pause Young (Normal) (G1 Evacuation Pause) 355M->309M(1024M) 50.087ms
[2024-12-17T02:30:13.200+0700][gc,cpu      ] GC(86) User=0.09s Sys=0.01s Real=0.05s
[2024-12-17T02:32:00.435+0700][gc,start    ] GC(87) Pause Young (Normal) (G1 Evacuation Pause)
[2024-12-17T02:32:00.436+0700][gc,task     ] GC(87) Using 2 workers of 2 for evacuation
[2024-12-17T02:32:00.481+0700][gc,mmu      ] GC(87) MMU target violated: 21.0ms (20.0ms/21.0ms)
[2024-12-17T02:32:00.481+0700][gc,phases   ] GC(87)   Pre Evacuate Collection Set: 3.6ms
[2024-12-17T02:32:00.481+0700][gc,phases   ] GC(87)   Merge Heap Roots: 1.1ms
[2024-12-17T02:32:00.481+0700][gc,phases   ] GC(87)   Evacuate Collection Set: 37.7ms
[2024-12-17T02:32:00.481+0700][gc,phases   ] GC(87)   Post Evacuate Collection Set: 2.0ms
[2024-12-17T02:32:00.481+0700][gc,phases   ] GC(87)   Other: 1.2ms
[2024-12-17T02:32:00.481+0700][gc,heap     ] GC(87) Eden regions: 48->0(45)
[2024-12-17T02:32:00.481+0700][gc,heap     ] GC(87) Survivor regions: 3->6(7)
[2024-12-17T02:32:00.481+0700][gc,heap     ] GC(87) Old regions: 177->177
[2024-12-17T02:32:00.481+0700][gc,heap     ] GC(87) Archive regions: 2->2
[2024-12-17T02:32:00.481+0700][gc,heap     ] GC(87) Humongous regions: 129->129
[2024-12-17T02:32:00.481+0700][gc,metaspace] GC(87) Metaspace: 44920K(45504K)->44920K(45504K) NonClass: 39727K(40064K)->39727K(40064K) Class: 5193K(5440K)->5193K(5440K)
[2024-12-17T02:32:00.481+0700][gc          ] GC(87) Pause Young (Normal) (G1 Evacuation Pause) 357M->312M(1024M) 45.587ms
[2024-12-17T02:32:00.481+0700][gc,cpu      ] GC(87) User=0.08s Sys=0.00s Real=0.05s
[2024-12-17T02:33:44.100+0700][gc,start    ] GC(88) Pause Young (Normal) (G1 Evacuation Pause)
[2024-12-17T02:33:44.101+0700][gc,task     ] GC(88) Using 2 workers of 2 for evacuation
[2024-12-17T02:33:44.168+0700][gc,mmu      ] GC(88) MMU target violated: 21.0ms (20.0ms/21.0ms)
[2024-12-17T02:33:44.169+0700][gc,phases   ] GC(88)   Pre Evacuate Collection Set: 2.7ms
[2024-12-17T02:33:44.169+0700][gc,phases   ] GC(88)   Merge Heap Roots: 0.7ms
[2024-12-17T02:33:44.169+0700][gc,phases   ] GC(88)   Evacuate Collection Set: 59.2ms
[2024-12-17T02:33:44.169+0700][gc,phases   ] GC(88)   Post Evacuate Collection Set: 4.1ms
[2024-12-17T02:33:44.169+0700][gc,phases   ] GC(88)   Other: 2.0ms
[2024-12-17T02:33:44.169+0700][gc,heap     ] GC(88) Eden regions: 45->0(44)
[2024-12-17T02:33:44.169+0700][gc,heap     ] GC(88) Survivor regions: 6->7(7)
[2024-12-17T02:33:44.169+0700][gc,heap     ] GC(88) Old regions: 177->179
[2024-12-17T02:33:44.169+0700][gc,heap     ] GC(88) Archive regions: 2->2
[2024-12-17T02:33:44.169+0700][gc,heap     ] GC(88) Humongous regions: 129->129
[2024-12-17T02:33:44.169+0700][gc,metaspace] GC(88) Metaspace: 44928K(45504K)->44928K(45504K) NonClass: 39735K(40064K)->39735K(40064K) Class: 5193K(5440K)->5193K(5440K)
[2024-12-17T02:33:44.169+0700][gc          ] GC(88) Pause Young (Normal) (G1 Evacuation Pause) 357M->315M(1024M) 68.756ms
[2024-12-17T02:33:44.169+0700][gc,cpu      ] GC(88) User=0.10s Sys=0.02s Real=0.07s
[2024-12-17T02:35:26.132+0700][gc,start    ] GC(89) Pause Young (Normal) (G1 Evacuation Pause)
[2024-12-17T02:35:26.132+0700][gc,task     ] GC(89) Using 2 workers of 2 for evacuation
[2024-12-17T02:35:26.193+0700][gc,mmu      ] GC(89) MMU target violated: 21.0ms (20.0ms/21.0ms)
[2024-12-17T02:35:26.193+0700][gc,phases   ] GC(89)   Pre Evacuate Collection Set: 4.2ms
[2024-12-17T02:35:26.193+0700][gc,phases   ] GC(89)   Merge Heap Roots: 0.6ms
[2024-12-17T02:35:26.193+0700][gc,phases   ] GC(89)   Evacuate Collection Set: 53.1ms
[2024-12-17T02:35:26.193+0700][gc,phases   ] GC(89)   Post Evacuate Collection Set: 2.6ms
[2024-12-17T02:35:26.193+0700][gc,phases   ] GC(89)   Other: 1.5ms
[2024-12-17T02:35:26.193+0700][gc,heap     ] GC(89) Eden regions: 44->0(46)
[2024-12-17T02:35:26.193+0700][gc,heap     ] GC(89) Survivor regions: 7->5(7)
[2024-12-17T02:35:26.193+0700][gc,heap     ] GC(89) Old regions: 179->183
[2024-12-17T02:35:26.193+0700][gc,heap     ] GC(89) Archive regions: 2->2
[2024-12-17T02:35:26.193+0700][gc,heap     ] GC(89) Humongous regions: 129->129
[2024-12-17T02:35:26.193+0700][gc,metaspace] GC(89) Metaspace: 44928K(45504K)->44928K(45504K) NonClass: 39735K(40064K)->39735K(40064K) Class: 5193K(5440K)->5193K(5440K)
[2024-12-17T02:35:26.194+0700][gc          ] GC(89) Pause Young (Normal) (G1 Evacuation Pause) 359M->317M(1024M) 62.007ms
[2024-12-17T02:35:26.194+0700][gc,cpu      ] GC(89) User=0.11s Sys=0.01s Real=0.06s
[2024-12-17T02:37:24.345+0700][gc,start    ] GC(90) Pause Young (Normal) (G1 Evacuation Pause)
[2024-12-17T02:37:24.346+0700][gc,task     ] GC(90) Using 2 workers of 2 for evacuation
[2024-12-17T02:37:24.385+0700][gc,mmu      ] GC(90) MMU target violated: 21.0ms (20.0ms/21.0ms)
[2024-12-17T02:37:24.385+0700][gc,phases   ] GC(90)   Pre Evacuate Collection Set: 3.8ms
[2024-12-17T02:37:24.385+0700][gc,phases   ] GC(90)   Merge Heap Roots: 0.5ms
[2024-12-17T02:37:24.385+0700][gc,phases   ] GC(90)   Evacuate Collection Set: 32.2ms
[2024-12-17T02:37:24.385+0700][gc,phases   ] GC(90)   Post Evacuate Collection Set: 2.6ms
[2024-12-17T02:37:24.386+0700][gc,phases   ] GC(90)   Other: 1.3ms
[2024-12-17T02:37:24.386+0700][gc,heap     ] GC(90) Eden regions: 46->0(48)
[2024-12-17T02:37:24.386+0700][gc,heap     ] GC(90) Survivor regions: 5->3(7)
[2024-12-17T02:37:24.386+0700][gc,heap     ] GC(90) Old regions: 183->185
[2024-12-17T02:37:24.386+0700][gc,heap     ] GC(90) Archive regions: 2->2
[2024-12-17T02:37:24.386+0700][gc,heap     ] GC(90) Humongous regions: 129->129
[2024-12-17T02:37:24.386+0700][gc,metaspace] GC(90) Metaspace: 44966K(45568K)->44966K(45568K) NonClass: 39772K(40128K)->39772K(40128K) Class: 5193K(5440K)->5193K(5440K)
[2024-12-17T02:37:24.386+0700][gc          ] GC(90) Pause Young (Normal) (G1 Evacuation Pause) 363M->317M(1024M) 40.269ms
[2024-12-17T02:37:24.386+0700][gc,cpu      ] GC(90) User=0.05s Sys=0.02s Real=0.04s
[2024-12-17T02:39:16.361+0700][gc,start    ] GC(91) Pause Young (Normal) (G1 Evacuation Pause)
[2024-12-17T02:39:16.361+0700][gc,task     ] GC(91) Using 2 workers of 2 for evacuation
[2024-12-17T02:39:16.403+0700][gc,mmu      ] GC(91) MMU target violated: 21.0ms (20.0ms/21.0ms)
[2024-12-17T02:39:16.403+0700][gc,phases   ] GC(91)   Pre Evacuate Collection Set: 3.7ms
[2024-12-17T02:39:16.403+0700][gc,phases   ] GC(91)   Merge Heap Roots: 0.6ms
[2024-12-17T02:39:16.403+0700][gc,phases   ] GC(91)   Evacuate Collection Set: 35.3ms
[2024-12-17T02:39:16.403+0700][gc,phases   ] GC(91)   Post Evacuate Collection Set: 2.0ms
[2024-12-17T02:39:16.403+0700][gc,phases   ] GC(91)   Other: 1.2ms
[2024-12-17T02:39:16.403+0700][gc,heap     ] GC(91) Eden regions: 48->0(45)
[2024-12-17T02:39:16.403+0700][gc,heap     ] GC(91) Survivor regions: 3->6(7)
[2024-12-17T02:39:16.403+0700][gc,heap     ] GC(91) Old regions: 185->185
[2024-12-17T02:39:16.403+0700][gc,heap     ] GC(91) Archive regions: 2->2
[2024-12-17T02:39:16.403+0700][gc,heap     ] GC(91) Humongous regions: 129->129
[2024-12-17T02:39:16.403+0700][gc,metaspace] GC(91) Metaspace: 44966K(45568K)->44966K(45568K) NonClass: 39772K(40128K)->39772K(40128K) Class: 5193K(5440K)->5193K(5440K)
[2024-12-17T02:39:16.403+0700][gc          ] GC(91) Pause Young (Normal) (G1 Evacuation Pause) 365M->320M(1024M) 42.609ms
[2024-12-17T02:39:16.403+0700][gc,cpu      ] GC(91) User=0.08s Sys=0.00s Real=0.04s
[2024-12-17T02:41:07.853+0700][gc,start    ] GC(92) Pause Young (Normal) (G1 Evacuation Pause)
[2024-12-17T02:41:07.853+0700][gc,task     ] GC(92) Using 2 workers of 2 for evacuation
[2024-12-17T02:41:07.926+0700][gc,mmu      ] GC(92) MMU target violated: 21.0ms (20.0ms/21.0ms)
[2024-12-17T02:41:07.927+0700][gc,phases   ] GC(92)   Pre Evacuate Collection Set: 3.6ms
[2024-12-17T02:41:07.927+0700][gc,phases   ] GC(92)   Merge Heap Roots: 0.6ms
[2024-12-17T02:41:07.927+0700][gc,phases   ] GC(92)   Evacuate Collection Set: 65.6ms
[2024-12-17T02:41:07.927+0700][gc,phases   ] GC(92)   Post Evacuate Collection Set: 2.9ms
[2024-12-17T02:41:07.927+0700][gc,phases   ] GC(92)   Other: 1.6ms
[2024-12-17T02:41:07.927+0700][gc,heap     ] GC(92) Eden regions: 45->0(44)
[2024-12-17T02:41:07.927+0700][gc,heap     ] GC(92) Survivor regions: 6->7(7)
[2024-12-17T02:41:07.927+0700][gc,heap     ] GC(92) Old regions: 185->187
[2024-12-17T02:41:07.927+0700][gc,heap     ] GC(92) Archive regions: 2->2
[2024-12-17T02:41:07.927+0700][gc,heap     ] GC(92) Humongous regions: 129->129
[2024-12-17T02:41:07.927+0700][gc,metaspace] GC(92) Metaspace: 45016K(45568K)->45016K(45568K) NonClass: 39822K(40128K)->39822K(40128K) Class: 5193K(5440K)->5193K(5440K)
[2024-12-17T02:41:07.927+0700][gc          ] GC(92) Pause Young (Normal) (G1 Evacuation Pause) 365M->322M(1024M) 74.145ms
[2024-12-17T02:41:07.927+0700][gc,cpu      ] GC(92) User=0.14s Sys=0.00s Real=0.08s
[2024-12-17T02:42:47.052+0700][gc,start    ] GC(93) Pause Young (Normal) (G1 Evacuation Pause)
[2024-12-17T02:42:47.052+0700][gc,task     ] GC(93) Using 2 workers of 2 for evacuation
[2024-12-17T02:42:47.145+0700][gc,mmu      ] GC(93) MMU target violated: 21.0ms (20.0ms/21.0ms)
[2024-12-17T02:42:47.145+0700][gc,phases   ] GC(93)   Pre Evacuate Collection Set: 3.7ms
[2024-12-17T02:42:47.145+0700][gc,phases   ] GC(93)   Merge Heap Roots: 0.7ms
[2024-12-17T02:42:47.145+0700][gc,phases   ] GC(93)   Evacuate Collection Set: 84.6ms
[2024-12-17T02:42:47.145+0700][gc,phases   ] GC(93)   Post Evacuate Collection Set: 2.9ms
[2024-12-17T02:42:47.145+0700][gc,phases   ] GC(93)   Other: 1.3ms
[2024-12-17T02:42:47.145+0700][gc,heap     ] GC(93) Eden regions: 44->0(46)
[2024-12-17T02:42:47.145+0700][gc,heap     ] GC(93) Survivor regions: 7->5(7)
[2024-12-17T02:42:47.145+0700][gc,heap     ] GC(93) Old regions: 187->191
[2024-12-17T02:42:47.145+0700][gc,heap     ] GC(93) Archive regions: 2->2
[2024-12-17T02:42:47.145+0700][gc,heap     ] GC(93) Humongous regions: 129->129
[2024-12-17T02:42:47.145+0700][gc,metaspace] GC(93) Metaspace: 45074K(45632K)->45074K(45632K) NonClass: 39880K(40192K)->39880K(40192K) Class: 5193K(5440K)->5193K(5440K)
[2024-12-17T02:42:47.145+0700][gc          ] GC(93) Pause Young (Normal) (G1 Evacuation Pause) 366M->325M(1024M) 93.146ms
[2024-12-17T02:42:47.145+0700][gc,cpu      ] GC(93) User=0.17s Sys=0.00s Real=0.10s
[2024-12-17T02:44:34.177+0700][gc,start    ] GC(94) Pause Young (Normal) (G1 Evacuation Pause)
[2024-12-17T02:44:34.177+0700][gc,task     ] GC(94) Using 2 workers of 2 for evacuation
[2024-12-17T02:44:34.222+0700][gc,mmu      ] GC(94) MMU target violated: 21.0ms (20.0ms/21.0ms)
[2024-12-17T02:44:34.222+0700][gc,phases   ] GC(94)   Pre Evacuate Collection Set: 2.9ms
[2024-12-17T02:44:34.222+0700][gc,phases   ] GC(94)   Merge Heap Roots: 0.7ms
[2024-12-17T02:44:34.222+0700][gc,phases   ] GC(94)   Evacuate Collection Set: 37.8ms
[2024-12-17T02:44:34.222+0700][gc,phases   ] GC(94)   Post Evacuate Collection Set: 2.6ms
[2024-12-17T02:44:34.222+0700][gc,phases   ] GC(94)   Other: 1.4ms
[2024-12-17T02:44:34.222+0700][gc,heap     ] GC(94) Eden regions: 46->0(48)
[2024-12-17T02:44:34.222+0700][gc,heap     ] GC(94) Survivor regions: 5->3(7)
[2024-12-17T02:44:34.222+0700][gc,heap     ] GC(94) Old regions: 191->193
[2024-12-17T02:44:34.222+0700][gc,heap     ] GC(94) Archive regions: 2->2
[2024-12-17T02:44:34.222+0700][gc,heap     ] GC(94) Humongous regions: 129->129
[2024-12-17T02:44:34.222+0700][gc,metaspace] GC(94) Metaspace: 45074K(45632K)->45074K(45632K) NonClass: 39880K(40192K)->39880K(40192K) Class: 5193K(5440K)->5193K(5440K)
[2024-12-17T02:44:34.222+0700][gc          ] GC(94) Pause Young (Normal) (G1 Evacuation Pause) 371M->325M(1024M) 45.249ms
[2024-12-17T02:44:34.222+0700][gc,cpu      ] GC(94) User=0.07s Sys=0.00s Real=0.04s
[2024-12-17T02:46:25.435+0700][gc,start    ] GC(95) Pause Young (Normal) (G1 Evacuation Pause)
[2024-12-17T02:46:25.436+0700][gc,task     ] GC(95) Using 2 workers of 2 for evacuation
[2024-12-17T02:46:25.479+0700][gc,mmu      ] GC(95) MMU target violated: 21.0ms (20.0ms/21.0ms)
[2024-12-17T02:46:25.479+0700][gc,phases   ] GC(95)   Pre Evacuate Collection Set: 2.6ms
[2024-12-17T02:46:25.479+0700][gc,phases   ] GC(95)   Merge Heap Roots: 0.6ms
[2024-12-17T02:46:25.479+0700][gc,phases   ] GC(95)   Evacuate Collection Set: 36.7ms
[2024-12-17T02:46:25.479+0700][gc,phases   ] GC(95)   Post Evacuate Collection Set: 3.2ms
[2024-12-17T02:46:25.479+0700][gc,phases   ] GC(95)   Other: 1.0ms
[2024-12-17T02:46:25.479+0700][gc,heap     ] GC(95) Eden regions: 48->0(45)
[2024-12-17T02:46:25.479+0700][gc,heap     ] GC(95) Survivor regions: 3->6(7)
[2024-12-17T02:46:25.479+0700][gc,heap     ] GC(95) Old regions: 193->193
[2024-12-17T02:46:25.479+0700][gc,heap     ] GC(95) Archive regions: 2->2
[2024-12-17T02:46:25.480+0700][gc,heap     ] GC(95) Humongous regions: 129->129
[2024-12-17T02:46:25.480+0700][gc,metaspace] GC(95) Metaspace: 45074K(45632K)->45074K(45632K) NonClass: 39881K(40192K)->39881K(40192K) Class: 5193K(5440K)->5193K(5440K)
[2024-12-17T02:46:25.480+0700][gc          ] GC(95) Pause Young (Normal) (G1 Evacuation Pause) 373M->328M(1024M) 44.210ms
[2024-12-17T02:46:25.480+0700][gc,cpu      ] GC(95) User=0.08s Sys=0.00s Real=0.05s
[2024-12-17T02:48:10.248+0700][gc,start    ] GC(96) Pause Young (Normal) (G1 Evacuation Pause)
[2024-12-17T02:48:10.248+0700][gc,task     ] GC(96) Using 2 workers of 2 for evacuation
[2024-12-17T02:48:10.306+0700][gc,mmu      ] GC(96) MMU target violated: 21.0ms (20.0ms/21.0ms)
[2024-12-17T02:48:10.306+0700][gc,phases   ] GC(96)   Pre Evacuate Collection Set: 3.4ms
[2024-12-17T02:48:10.307+0700][gc,phases   ] GC(96)   Merge Heap Roots: 0.6ms
[2024-12-17T02:48:10.307+0700][gc,phases   ] GC(96)   Evacuate Collection Set: 50.8ms
[2024-12-17T02:48:10.307+0700][gc,phases   ] GC(96)   Post Evacuate Collection Set: 2.9ms
[2024-12-17T02:48:10.307+0700][gc,phases   ] GC(96)   Other: 1.3ms
[2024-12-17T02:48:10.307+0700][gc,heap     ] GC(96) Eden regions: 45->0(44)
[2024-12-17T02:48:10.307+0700][gc,heap     ] GC(96) Survivor regions: 6->7(7)
[2024-12-17T02:48:10.307+0700][gc,heap     ] GC(96) Old regions: 193->195
[2024-12-17T02:48:10.307+0700][gc,heap     ] GC(96) Archive regions: 2->2
[2024-12-17T02:48:10.307+0700][gc,heap     ] GC(96) Humongous regions: 129->129
[2024-12-17T02:48:10.307+0700][gc,metaspace] GC(96) Metaspace: 45074K(45632K)->45074K(45632K) NonClass: 39881K(40192K)->39881K(40192K) Class: 5193K(5440K)->5193K(5440K)
[2024-12-17T02:48:10.307+0700][gc          ] GC(96) Pause Young (Normal) (G1 Evacuation Pause) 373M->331M(1024M) 59.008ms
[2024-12-17T02:48:10.307+0700][gc,cpu      ] GC(96) User=0.10s Sys=0.02s Real=0.06s
[2024-12-17T02:49:52.192+0700][gc,start    ] GC(97) Pause Young (Normal) (G1 Evacuation Pause)
[2024-12-17T02:49:52.192+0700][gc,task     ] GC(97) Using 2 workers of 2 for evacuation
[2024-12-17T02:49:52.277+0700][gc,mmu      ] GC(97) MMU target violated: 21.0ms (20.0ms/21.0ms)
[2024-12-17T02:49:52.277+0700][gc,phases   ] GC(97)   Pre Evacuate Collection Set: 3.5ms
[2024-12-17T02:49:52.277+0700][gc,phases   ] GC(97)   Merge Heap Roots: 0.7ms
[2024-12-17T02:49:52.277+0700][gc,phases   ] GC(97)   Evacuate Collection Set: 78.3ms
[2024-12-17T02:49:52.277+0700][gc,phases   ] GC(97)   Post Evacuate Collection Set: 2.3ms
[2024-12-17T02:49:52.278+0700][gc,phases   ] GC(97)   Other: 1.3ms
[2024-12-17T02:49:52.278+0700][gc,heap     ] GC(97) Eden regions: 44->0(46)
[2024-12-17T02:49:52.278+0700][gc,heap     ] GC(97) Survivor regions: 7->5(7)
[2024-12-17T02:49:52.278+0700][gc,heap     ] GC(97) Old regions: 195->199
[2024-12-17T02:49:52.278+0700][gc,heap     ] GC(97) Archive regions: 2->2
[2024-12-17T02:49:52.278+0700][gc,heap     ] GC(97) Humongous regions: 129->129
[2024-12-17T02:49:52.278+0700][gc,metaspace] GC(97) Metaspace: 45074K(45632K)->45074K(45632K) NonClass: 39881K(40192K)->39881K(40192K) Class: 5193K(5440K)->5193K(5440K)
[2024-12-17T02:49:52.278+0700][gc          ] GC(97) Pause Young (Normal) (G1 Evacuation Pause) 375M->333M(1024M) 86.091ms
[2024-12-17T02:49:52.278+0700][gc,cpu      ] GC(97) User=0.14s Sys=0.03s Real=0.09s
[2024-12-17T02:51:36.856+0700][gc,start    ] GC(98) Pause Young (Normal) (G1 Evacuation Pause)
[2024-12-17T02:51:36.857+0700][gc,task     ] GC(98) Using 2 workers of 2 for evacuation
[2024-12-17T02:51:36.898+0700][gc,mmu      ] GC(98) MMU target violated: 21.0ms (20.0ms/21.0ms)
[2024-12-17T02:51:36.898+0700][gc,phases   ] GC(98)   Pre Evacuate Collection Set: 3.9ms
[2024-12-17T02:51:36.898+0700][gc,phases   ] GC(98)   Merge Heap Roots: 1.1ms
[2024-12-17T02:51:36.898+0700][gc,phases   ] GC(98)   Evacuate Collection Set: 33.0ms
[2024-12-17T02:51:36.898+0700][gc,phases   ] GC(98)   Post Evacuate Collection Set: 2.5ms
[2024-12-17T02:51:36.898+0700][gc,phases   ] GC(98)   Other: 1.3ms
[2024-12-17T02:51:36.898+0700][gc,heap     ] GC(98) Eden regions: 46->0(48)
[2024-12-17T02:51:36.898+0700][gc,heap     ] GC(98) Survivor regions: 5->3(7)
[2024-12-17T02:51:36.898+0700][gc,heap     ] GC(98) Old regions: 199->201
[2024-12-17T02:51:36.898+0700][gc,heap     ] GC(98) Archive regions: 2->2
[2024-12-17T02:51:36.898+0700][gc,heap     ] GC(98) Humongous regions: 129->129
[2024-12-17T02:51:36.898+0700][gc,metaspace] GC(98) Metaspace: 45075K(45632K)->45075K(45632K) NonClass: 39881K(40192K)->39881K(40192K) Class: 5193K(5440K)->5193K(5440K)
[2024-12-17T02:51:36.898+0700][gc          ] GC(98) Pause Young (Normal) (G1 Evacuation Pause) 379M->333M(1024M) 41.710ms
[2024-12-17T02:51:36.898+0700][gc,cpu      ] GC(98) User=0.06s Sys=0.01s Real=0.04s
[2024-12-17T02:53:27.135+0700][gc,start    ] GC(99) Pause Young (Normal) (G1 Evacuation Pause)
[2024-12-17T02:53:27.136+0700][gc,task     ] GC(99) Using 2 workers of 2 for evacuation
[2024-12-17T02:53:27.184+0700][gc,mmu      ] GC(99) MMU target violated: 21.0ms (20.0ms/21.0ms)
[2024-12-17T02:53:27.184+0700][gc,phases   ] GC(99)   Pre Evacuate Collection Set: 3.8ms
[2024-12-17T02:53:27.184+0700][gc,phases   ] GC(99)   Merge Heap Roots: 0.8ms
[2024-12-17T02:53:27.184+0700][gc,phases   ] GC(99)   Evacuate Collection Set: 39.6ms
[2024-12-17T02:53:27.184+0700][gc,phases   ] GC(99)   Post Evacuate Collection Set: 3.3ms
[2024-12-17T02:53:27.184+0700][gc,phases   ] GC(99)   Other: 1.4ms
[2024-12-17T02:53:27.184+0700][gc,heap     ] GC(99) Eden regions: 48->0(45)
[2024-12-17T02:53:27.184+0700][gc,heap     ] GC(99) Survivor regions: 3->6(7)
[2024-12-17T02:53:27.184+0700][gc,heap     ] GC(99) Old regions: 201->201
[2024-12-17T02:53:27.184+0700][gc,heap     ] GC(99) Archive regions: 2->2
[2024-12-17T02:53:27.184+0700][gc,heap     ] GC(99) Humongous regions: 129->129
[2024-12-17T02:53:27.184+0700][gc,metaspace] GC(99) Metaspace: 45075K(45632K)->45075K(45632K) NonClass: 39881K(40192K)->39881K(40192K) Class: 5193K(5440K)->5193K(5440K)
[2024-12-17T02:53:27.184+0700][gc          ] GC(99) Pause Young (Normal) (G1 Evacuation Pause) 381M->336M(1024M) 49.039ms
[2024-12-17T02:53:27.184+0700][gc,cpu      ] GC(99) User=0.09s Sys=0.00s Real=0.06s
[2024-12-17T02:55:11.306+0700][gc,start    ] GC(100) Pause Young (Normal) (G1 Evacuation Pause)
[2024-12-17T02:55:11.306+0700][gc,task     ] GC(100) Using 2 workers of 2 for evacuation
[2024-12-17T02:55:11.376+0700][gc,mmu      ] GC(100) MMU target violated: 21.0ms (20.0ms/21.0ms)
[2024-12-17T02:55:11.376+0700][gc,phases   ] GC(100)   Pre Evacuate Collection Set: 2.6ms
[2024-12-17T02:55:11.376+0700][gc,phases   ] GC(100)   Merge Heap Roots: 0.5ms
[2024-12-17T02:55:11.376+0700][gc,phases   ] GC(100)   Evacuate Collection Set: 63.6ms
[2024-12-17T02:55:11.376+0700][gc,phases   ] GC(100)   Post Evacuate Collection Set: 2.6ms
[2024-12-17T02:55:11.376+0700][gc,phases   ] GC(100)   Other: 1.3ms
[2024-12-17T02:55:11.376+0700][gc,heap     ] GC(100) Eden regions: 45->0(46)
[2024-12-17T02:55:11.376+0700][gc,heap     ] GC(100) Survivor regions: 6->5(7)
[2024-12-17T02:55:11.376+0700][gc,heap     ] GC(100) Old regions: 201->205
[2024-12-17T02:55:11.376+0700][gc,heap     ] GC(100) Archive regions: 2->2
[2024-12-17T02:55:11.376+0700][gc,heap     ] GC(100) Humongous regions: 129->129
[2024-12-17T02:55:11.376+0700][gc,metaspace] GC(100) Metaspace: 45075K(45632K)->45075K(45632K) NonClass: 39881K(40192K)->39881K(40192K) Class: 5193K(5440K)->5193K(5440K)
[2024-12-17T02:55:11.376+0700][gc          ] GC(100) Pause Young (Normal) (G1 Evacuation Pause) 381M->339M(1024M) 70.617ms
[2024-12-17T02:55:11.376+0700][gc,cpu      ] GC(100) User=0.12s Sys=0.02s Real=0.07s
[2024-12-17T02:56:57.832+0700][gc,start    ] GC(101) Pause Young (Normal) (G1 Evacuation Pause)
[2024-12-17T02:56:57.832+0700][gc,task     ] GC(101) Using 2 workers of 2 for evacuation
[2024-12-17T02:56:57.870+0700][gc,mmu      ] GC(101) MMU target violated: 21.0ms (20.0ms/21.0ms)
[2024-12-17T02:56:57.870+0700][gc,phases   ] GC(101)   Pre Evacuate Collection Set: 4.2ms
[2024-12-17T02:56:57.870+0700][gc,phases   ] GC(101)   Merge Heap Roots: 0.6ms
[2024-12-17T02:56:57.870+0700][gc,phases   ] GC(101)   Evacuate Collection Set: 29.9ms
[2024-12-17T02:56:57.870+0700][gc,phases   ] GC(101)   Post Evacuate Collection Set: 2.7ms
[2024-12-17T02:56:57.870+0700][gc,phases   ] GC(101)   Other: 1.2ms
[2024-12-17T02:56:57.870+0700][gc,heap     ] GC(101) Eden regions: 46->0(48)
[2024-12-17T02:56:57.870+0700][gc,heap     ] GC(101) Survivor regions: 5->3(7)
[2024-12-17T02:56:57.870+0700][gc,heap     ] GC(101) Old regions: 205->207
[2024-12-17T02:56:57.870+0700][gc,heap     ] GC(101) Archive regions: 2->2
[2024-12-17T02:56:57.870+0700][gc,heap     ] GC(101) Humongous regions: 129->129
[2024-12-17T02:56:57.870+0700][gc,metaspace] GC(101) Metaspace: 45075K(45632K)->45075K(45632K) NonClass: 39881K(40192K)->39881K(40192K) Class: 5193K(5440K)->5193K(5440K)
[2024-12-17T02:56:57.870+0700][gc          ] GC(101) Pause Young (Normal) (G1 Evacuation Pause) 385M->339M(1024M) 38.650ms
[2024-12-17T02:56:57.870+0700][gc,cpu      ] GC(101) User=0.06s Sys=0.01s Real=0.04s
[2024-12-17T02:58:48.239+0700][gc,start    ] GC(102) Pause Young (Normal) (G1 Evacuation Pause)
[2024-12-17T02:58:48.239+0700][gc,task     ] GC(102) Using 2 workers of 2 for evacuation
[2024-12-17T02:58:48.278+0700][gc,mmu      ] GC(102) MMU target violated: 21.0ms (20.0ms/21.0ms)
[2024-12-17T02:58:48.278+0700][gc,phases   ] GC(102)   Pre Evacuate Collection Set: 2.7ms
[2024-12-17T02:58:48.278+0700][gc,phases   ] GC(102)   Merge Heap Roots: 0.9ms
[2024-12-17T02:58:48.278+0700][gc,phases   ] GC(102)   Evacuate Collection Set: 32.3ms
[2024-12-17T02:58:48.278+0700][gc,phases   ] GC(102)   Post Evacuate Collection Set: 2.6ms
[2024-12-17T02:58:48.278+0700][gc,phases   ] GC(102)   Other: 1.1ms
[2024-12-17T02:58:48.278+0700][gc,heap     ] GC(102) Eden regions: 48->0(45)
[2024-12-17T02:58:48.278+0700][gc,heap     ] GC(102) Survivor regions: 3->6(7)
[2024-12-17T02:58:48.278+0700][gc,heap     ] GC(102) Old regions: 207->207
[2024-12-17T02:58:48.278+0700][gc,heap     ] GC(102) Archive regions: 2->2
[2024-12-17T02:58:48.278+0700][gc,heap     ] GC(102) Humongous regions: 129->129
[2024-12-17T02:58:48.278+0700][gc,metaspace] GC(102) Metaspace: 45075K(45632K)->45075K(45632K) NonClass: 39881K(40192K)->39881K(40192K) Class: 5193K(5440K)->5193K(5440K)
[2024-12-17T02:58:48.278+0700][gc          ] GC(102) Pause Young (Normal) (G1 Evacuation Pause) 387M->341M(1024M) 39.716ms
[2024-12-17T02:58:48.278+0700][gc,cpu      ] GC(102) User=0.08s Sys=0.00s Real=0.04s
[2024-12-17T03:00:31.153+0700][gc,start    ] GC(103) Pause Young (Normal) (G1 Evacuation Pause)
[2024-12-17T03:00:31.153+0700][gc,task     ] GC(103) Using 2 workers of 2 for evacuation
[2024-12-17T03:00:31.209+0700][gc,mmu      ] GC(103) MMU target violated: 21.0ms (20.0ms/21.0ms)
[2024-12-17T03:00:31.209+0700][gc,phases   ] GC(103)   Pre Evacuate Collection Set: 4.1ms
[2024-12-17T03:00:31.209+0700][gc,phases   ] GC(103)   Merge Heap Roots: 0.6ms
[2024-12-17T03:00:31.209+0700][gc,phases   ] GC(103)   Evacuate Collection Set: 47.7ms
[2024-12-17T03:00:31.209+0700][gc,phases   ] GC(103)   Post Evacuate Collection Set: 2.4ms
[2024-12-17T03:00:31.209+0700][gc,phases   ] GC(103)   Other: 1.2ms
[2024-12-17T03:00:31.209+0700][gc,heap     ] GC(103) Eden regions: 45->0(45)
[2024-12-17T03:00:31.209+0700][gc,heap     ] GC(103) Survivor regions: 6->6(7)
[2024-12-17T03:00:31.209+0700][gc,heap     ] GC(103) Old regions: 207->209
[2024-12-17T03:00:31.209+0700][gc,heap     ] GC(103) Archive regions: 2->2
[2024-12-17T03:00:31.209+0700][gc,heap     ] GC(103) Humongous regions: 129->129
[2024-12-17T03:00:31.209+0700][gc,metaspace] GC(103) Metaspace: 45075K(45632K)->45075K(45632K) NonClass: 39881K(40192K)->39881K(40192K) Class: 5193K(5440K)->5193K(5440K)
[2024-12-17T03:00:31.209+0700][gc          ] GC(103) Pause Young (Normal) (G1 Evacuation Pause) 386M->344M(1024M) 56.257ms
[2024-12-17T03:00:31.209+0700][gc,cpu      ] GC(103) User=0.09s Sys=0.01s Real=0.06s
[2024-12-17T03:02:13.964+0700][gc,start    ] GC(104) Pause Young (Normal) (G1 Evacuation Pause)
[2024-12-17T03:02:13.964+0700][gc,task     ] GC(104) Using 2 workers of 2 for evacuation
[2024-12-17T03:02:14.030+0700][gc,mmu      ] GC(104) MMU target violated: 21.0ms (20.0ms/21.0ms)
[2024-12-17T03:02:14.030+0700][gc,phases   ] GC(104)   Pre Evacuate Collection Set: 8.3ms
[2024-12-17T03:02:14.030+0700][gc,phases   ] GC(104)   Merge Heap Roots: 1.3ms
[2024-12-17T03:02:14.030+0700][gc,phases   ] GC(104)   Evacuate Collection Set: 52.7ms
[2024-12-17T03:02:14.030+0700][gc,phases   ] GC(104)   Post Evacuate Collection Set: 2.9ms
[2024-12-17T03:02:14.030+0700][gc,phases   ] GC(104)   Other: 1.5ms
[2024-12-17T03:02:14.030+0700][gc,heap     ] GC(104) Eden regions: 45->0(46)
[2024-12-17T03:02:14.030+0700][gc,heap     ] GC(104) Survivor regions: 6->5(7)
[2024-12-17T03:02:14.030+0700][gc,heap     ] GC(104) Old regions: 209->213
[2024-12-17T03:02:14.030+0700][gc,heap     ] GC(104) Archive regions: 2->2
[2024-12-17T03:02:14.030+0700][gc,heap     ] GC(104) Humongous regions: 129->129
[2024-12-17T03:02:14.030+0700][gc,metaspace] GC(104) Metaspace: 45076K(45632K)->45076K(45632K) NonClass: 39882K(40192K)->39882K(40192K) Class: 5193K(5440K)->5193K(5440K)
[2024-12-17T03:02:14.030+0700][gc          ] GC(104) Pause Young (Normal) (G1 Evacuation Pause) 389M->347M(1024M) 66.631ms
[2024-12-17T03:02:14.031+0700][gc,cpu      ] GC(104) User=0.12s Sys=0.01s Real=0.07s
[2024-12-17T03:03:57.050+0700][gc,start    ] GC(105) Pause Young (Normal) (G1 Evacuation Pause)
[2024-12-17T03:03:57.051+0700][gc,task     ] GC(105) Using 2 workers of 2 for evacuation
[2024-12-17T03:03:57.093+0700][gc,mmu      ] GC(105) MMU target violated: 21.0ms (20.0ms/21.0ms)
[2024-12-17T03:03:57.093+0700][gc,phases   ] GC(105)   Pre Evacuate Collection Set: 3.2ms
[2024-12-17T03:03:57.093+0700][gc,phases   ] GC(105)   Merge Heap Roots: 1.1ms
[2024-12-17T03:03:57.093+0700][gc,phases   ] GC(105)   Evacuate Collection Set: 34.8ms
[2024-12-17T03:03:57.093+0700][gc,phases   ] GC(105)   Post Evacuate Collection Set: 3.1ms
[2024-12-17T03:03:57.094+0700][gc,phases   ] GC(105)   Other: 1.2ms
[2024-12-17T03:03:57.094+0700][gc,heap     ] GC(105) Eden regions: 46->0(48)
[2024-12-17T03:03:57.094+0700][gc,heap     ] GC(105) Survivor regions: 5->3(7)
[2024-12-17T03:03:57.094+0700][gc,heap     ] GC(105) Old regions: 213->215
[2024-12-17T03:03:57.094+0700][gc,heap     ] GC(105) Archive regions: 2->2
[2024-12-17T03:03:57.094+0700][gc,heap     ] GC(105) Humongous regions: 129->129
[2024-12-17T03:03:57.094+0700][gc,metaspace] GC(105) Metaspace: 45076K(45632K)->45076K(45632K) NonClass: 39882K(40192K)->39882K(40192K) Class: 5193K(5440K)->5193K(5440K)
[2024-12-17T03:03:57.094+0700][gc          ] GC(105) Pause Young (Normal) (G1 Evacuation Pause) 393M->347M(1024M) 43.392ms
[2024-12-17T03:03:57.094+0700][gc,cpu      ] GC(105) User=0.08s Sys=0.00s Real=0.04s
[2024-12-17T03:05:48.428+0700][gc,start    ] GC(106) Pause Young (Normal) (G1 Evacuation Pause)
[2024-12-17T03:05:48.428+0700][gc,task     ] GC(106) Using 2 workers of 2 for evacuation
[2024-12-17T03:05:48.476+0700][gc,mmu      ] GC(106) MMU target violated: 21.0ms (20.0ms/21.0ms)
[2024-12-17T03:05:48.476+0700][gc,phases   ] GC(106)   Pre Evacuate Collection Set: 4.1ms
[2024-12-17T03:05:48.476+0700][gc,phases   ] GC(106)   Merge Heap Roots: 0.6ms
[2024-12-17T03:05:48.476+0700][gc,phases   ] GC(106)   Evacuate Collection Set: 38.5ms
[2024-12-17T03:05:48.476+0700][gc,phases   ] GC(106)   Post Evacuate Collection Set: 3.9ms
[2024-12-17T03:05:48.477+0700][gc,phases   ] GC(106)   Other: 1.7ms
[2024-12-17T03:05:48.477+0700][gc,heap     ] GC(106) Eden regions: 48->0(45)
[2024-12-17T03:05:48.477+0700][gc,heap     ] GC(106) Survivor regions: 3->6(7)
[2024-12-17T03:05:48.477+0700][gc,heap     ] GC(106) Old regions: 215->215
[2024-12-17T03:05:48.477+0700][gc,heap     ] GC(106) Archive regions: 2->2
[2024-12-17T03:05:48.477+0700][gc,heap     ] GC(106) Humongous regions: 129->129
[2024-12-17T03:05:48.477+0700][gc,metaspace] GC(106) Metaspace: 45076K(45632K)->45076K(45632K) NonClass: 39882K(40192K)->39882K(40192K) Class: 5193K(5440K)->5193K(5440K)
[2024-12-17T03:05:48.477+0700][gc          ] GC(106) Pause Young (Normal) (G1 Evacuation Pause) 395M->350M(1024M) 48.966ms
[2024-12-17T03:05:48.477+0700][gc,cpu      ] GC(106) User=0.08s Sys=0.00s Real=0.05s
[2024-12-17T03:07:32.844+0700][gc,start    ] GC(107) Pause Young (Normal) (G1 Evacuation Pause)
[2024-12-17T03:07:32.844+0700][gc,task     ] GC(107) Using 2 workers of 2 for evacuation
[2024-12-17T03:07:32.909+0700][gc,mmu      ] GC(107) MMU target violated: 21.0ms (20.0ms/21.0ms)
[2024-12-17T03:07:32.909+0700][gc,phases   ] GC(107)   Pre Evacuate Collection Set: 3.1ms
[2024-12-17T03:07:32.909+0700][gc,phases   ] GC(107)   Merge Heap Roots: 0.7ms
[2024-12-17T03:07:32.909+0700][gc,phases   ] GC(107)   Evacuate Collection Set: 56.3ms
[2024-12-17T03:07:32.909+0700][gc,phases   ] GC(107)   Post Evacuate Collection Set: 3.4ms
[2024-12-17T03:07:32.909+0700][gc,phases   ] GC(107)   Other: 1.5ms
[2024-12-17T03:07:32.909+0700][gc,heap     ] GC(107) Eden regions: 45->0(44)
[2024-12-17T03:07:32.909+0700][gc,heap     ] GC(107) Survivor regions: 6->7(7)
[2024-12-17T03:07:32.909+0700][gc,heap     ] GC(107) Old regions: 215->217
[2024-12-17T03:07:32.909+0700][gc,heap     ] GC(107) Archive regions: 2->2
[2024-12-17T03:07:32.909+0700][gc,heap     ] GC(107) Humongous regions: 129->129
[2024-12-17T03:07:32.909+0700][gc,metaspace] GC(107) Metaspace: 45076K(45632K)->45076K(45632K) NonClass: 39882K(40192K)->39882K(40192K) Class: 5193K(5440K)->5193K(5440K)
[2024-12-17T03:07:32.909+0700][gc          ] GC(107) Pause Young (Normal) (G1 Evacuation Pause) 395M->353M(1024M) 64.997ms
[2024-12-17T03:07:32.909+0700][gc,cpu      ] GC(107) User=0.11s Sys=0.02s Real=0.06s
[2024-12-17T03:09:15.436+0700][gc,start    ] GC(108) Pause Young (Normal) (G1 Evacuation Pause)
[2024-12-17T03:09:15.437+0700][gc,task     ] GC(108) Using 2 workers of 2 for evacuation
[2024-12-17T03:09:15.510+0700][gc,mmu      ] GC(108) MMU target violated: 21.0ms (20.0ms/21.0ms)
[2024-12-17T03:09:15.510+0700][gc,phases   ] GC(108)   Pre Evacuate Collection Set: 2.9ms
[2024-12-17T03:09:15.510+0700][gc,phases   ] GC(108)   Merge Heap Roots: 0.7ms
[2024-12-17T03:09:15.510+0700][gc,phases   ] GC(108)   Evacuate Collection Set: 66.3ms
[2024-12-17T03:09:15.510+0700][gc,phases   ] GC(108)   Post Evacuate Collection Set: 2.6ms
[2024-12-17T03:09:15.510+0700][gc,phases   ] GC(108)   Other: 1.5ms
[2024-12-17T03:09:15.510+0700][gc,heap     ] GC(108) Eden regions: 44->0(46)
[2024-12-17T03:09:15.510+0700][gc,heap     ] GC(108) Survivor regions: 7->5(7)
[2024-12-17T03:09:15.510+0700][gc,heap     ] GC(108) Old regions: 217->221
[2024-12-17T03:09:15.510+0700][gc,heap     ] GC(108) Archive regions: 2->2
[2024-12-17T03:09:15.510+0700][gc,heap     ] GC(108) Humongous regions: 129->129
[2024-12-17T03:09:15.510+0700][gc,metaspace] GC(108) Metaspace: 45076K(45632K)->45076K(45632K) NonClass: 39882K(40192K)->39882K(40192K) Class: 5193K(5440K)->5193K(5440K)
[2024-12-17T03:09:15.510+0700][gc          ] GC(108) Pause Young (Normal) (G1 Evacuation Pause) 397M->355M(1024M) 73.849ms
[2024-12-17T03:09:15.510+0700][gc,cpu      ] GC(108) User=0.13s Sys=0.01s Real=0.07s
[2024-12-17T03:10:59.467+0700][gc,start    ] GC(109) Pause Young (Normal) (G1 Evacuation Pause)
[2024-12-17T03:10:59.467+0700][gc,task     ] GC(109) Using 2 workers of 2 for evacuation
[2024-12-17T03:10:59.513+0700][gc,mmu      ] GC(109) MMU target violated: 21.0ms (20.0ms/21.0ms)
[2024-12-17T03:10:59.513+0700][gc,phases   ] GC(109)   Pre Evacuate Collection Set: 4.2ms
[2024-12-17T03:10:59.513+0700][gc,phases   ] GC(109)   Merge Heap Roots: 0.8ms
[2024-12-17T03:10:59.513+0700][gc,phases   ] GC(109)   Evacuate Collection Set: 37.8ms
[2024-12-17T03:10:59.513+0700][gc,phases   ] GC(109)   Post Evacuate Collection Set: 2.7ms
[2024-12-17T03:10:59.513+0700][gc,phases   ] GC(109)   Other: 1.1ms
[2024-12-17T03:10:59.513+0700][gc,heap     ] GC(109) Eden regions: 46->0(47)
[2024-12-17T03:10:59.513+0700][gc,heap     ] GC(109) Survivor regions: 5->4(7)
[2024-12-17T03:10:59.513+0700][gc,heap     ] GC(109) Old regions: 221->223
[2024-12-17T03:10:59.513+0700][gc,heap     ] GC(109) Archive regions: 2->2
[2024-12-17T03:10:59.513+0700][gc,heap     ] GC(109) Humongous regions: 129->129
[2024-12-17T03:10:59.513+0700][gc,metaspace] GC(109) Metaspace: 45076K(45632K)->45076K(45632K) NonClass: 39883K(40192K)->39883K(40192K) Class: 5193K(5440K)->5193K(5440K)
[2024-12-17T03:10:59.513+0700][gc          ] GC(109) Pause Young (Normal) (G1 Evacuation Pause) 401M->356M(1024M) 46.552ms
[2024-12-17T03:10:59.513+0700][gc,cpu      ] GC(109) User=0.08s Sys=0.00s Real=0.04s
[2024-12-17T03:12:42.507+0700][gc,start    ] GC(110) Pause Young (Normal) (G1 Evacuation Pause)
[2024-12-17T03:12:42.507+0700][gc,task     ] GC(110) Using 2 workers of 2 for evacuation
[2024-12-17T03:12:42.557+0700][gc,mmu      ] GC(110) MMU target violated: 21.0ms (20.0ms/21.0ms)
[2024-12-17T03:12:42.558+0700][gc,phases   ] GC(110)   Pre Evacuate Collection Set: 2.7ms
[2024-12-17T03:12:42.558+0700][gc,phases   ] GC(110)   Merge Heap Roots: 1.1ms
[2024-12-17T03:12:42.558+0700][gc,phases   ] GC(110)   Evacuate Collection Set: 43.9ms
[2024-12-17T03:12:42.558+0700][gc,phases   ] GC(110)   Post Evacuate Collection Set: 2.2ms
[2024-12-17T03:12:42.558+0700][gc,phases   ] GC(110)   Other: 1.3ms
[2024-12-17T03:12:42.558+0700][gc,heap     ] GC(110) Eden regions: 47->0(45)
[2024-12-17T03:12:42.558+0700][gc,heap     ] GC(110) Survivor regions: 4->6(7)
[2024-12-17T03:12:42.558+0700][gc,heap     ] GC(110) Old regions: 223->223
[2024-12-17T03:12:42.558+0700][gc,heap     ] GC(110) Archive regions: 2->2
[2024-12-17T03:12:42.558+0700][gc,heap     ] GC(110) Humongous regions: 129->129
[2024-12-17T03:12:42.558+0700][gc,metaspace] GC(110) Metaspace: 45077K(45632K)->45077K(45632K) NonClass: 39883K(40192K)->39883K(40192K) Class: 5193K(5440K)->5193K(5440K)
[2024-12-17T03:12:42.558+0700][gc          ] GC(110) Pause Young (Normal) (G1 Evacuation Pause) 403M->358M(1024M) 51.319ms
[2024-12-17T03:12:42.558+0700][gc,cpu      ] GC(110) User=0.10s Sys=0.00s Real=0.05s
[2024-12-17T03:14:26.368+0700][gc,start    ] GC(111) Pause Young (Normal) (G1 Evacuation Pause)
[2024-12-17T03:14:26.369+0700][gc,task     ] GC(111) Using 2 workers of 2 for evacuation
[2024-12-17T03:14:26.421+0700][gc,mmu      ] GC(111) MMU target violated: 21.0ms (20.0ms/21.0ms)
[2024-12-17T03:14:26.421+0700][gc,phases   ] GC(111)   Pre Evacuate Collection Set: 2.4ms
[2024-12-17T03:14:26.421+0700][gc,phases   ] GC(111)   Merge Heap Roots: 0.6ms
[2024-12-17T03:14:26.421+0700][gc,phases   ] GC(111)   Evacuate Collection Set: 46.9ms
[2024-12-17T03:14:26.421+0700][gc,phases   ] GC(111)   Post Evacuate Collection Set: 2.0ms
[2024-12-17T03:14:26.421+0700][gc,phases   ] GC(111)   Other: 1.4ms
[2024-12-17T03:14:26.421+0700][gc,heap     ] GC(111) Eden regions: 45->0(46)
[2024-12-17T03:14:26.421+0700][gc,heap     ] GC(111) Survivor regions: 6->5(7)
[2024-12-17T03:14:26.421+0700][gc,heap     ] GC(111) Old regions: 223->226
[2024-12-17T03:14:26.421+0700][gc,heap     ] GC(111) Archive regions: 2->2
[2024-12-17T03:14:26.421+0700][gc,heap     ] GC(111) Humongous regions: 129->129
[2024-12-17T03:14:26.421+0700][gc,metaspace] GC(111) Metaspace: 45077K(45632K)->45077K(45632K) NonClass: 39883K(40192K)->39883K(40192K) Class: 5193K(5440K)->5193K(5440K)
[2024-12-17T03:14:26.421+0700][gc          ] GC(111) Pause Young (Normal) (G1 Evacuation Pause) 403M->359M(1024M) 53.082ms
[2024-12-17T03:14:26.421+0700][gc,cpu      ] GC(111) User=0.09s Sys=0.01s Real=0.05s
[2024-12-17T03:16:10.430+0700][gc,start    ] GC(112) Pause Young (Normal) (G1 Evacuation Pause)
[2024-12-17T03:16:10.430+0700][gc,task     ] GC(112) Using 2 workers of 2 for evacuation
[2024-12-17T03:16:10.478+0700][gc,mmu      ] GC(112) MMU target violated: 21.0ms (20.0ms/21.0ms)
[2024-12-17T03:16:10.478+0700][gc,phases   ] GC(112)   Pre Evacuate Collection Set: 3.0ms
[2024-12-17T03:16:10.478+0700][gc,phases   ] GC(112)   Merge Heap Roots: 0.7ms
[2024-12-17T03:16:10.478+0700][gc,phases   ] GC(112)   Evacuate Collection Set: 41.0ms
[2024-12-17T03:16:10.478+0700][gc,phases   ] GC(112)   Post Evacuate Collection Set: 2.7ms
[2024-12-17T03:16:10.478+0700][gc,phases   ] GC(112)   Other: 1.5ms
[2024-12-17T03:16:10.478+0700][gc,heap     ] GC(112) Eden regions: 46->0(46)
[2024-12-17T03:16:10.478+0700][gc,heap     ] GC(112) Survivor regions: 5->5(7)
[2024-12-17T03:16:10.478+0700][gc,heap     ] GC(112) Old regions: 226->227
[2024-12-17T03:16:10.478+0700][gc,heap     ] GC(112) Archive regions: 2->2
[2024-12-17T03:16:10.478+0700][gc,heap     ] GC(112) Humongous regions: 129->129
[2024-12-17T03:16:10.478+0700][gc,metaspace] GC(112) Metaspace: 45077K(45632K)->45077K(45632K) NonClass: 39884K(40192K)->39884K(40192K) Class: 5193K(5440K)->5193K(5440K)
[2024-12-17T03:16:10.479+0700][gc          ] GC(112) Pause Young (Normal) (G1 Evacuation Pause) 405M->361M(1024M) 48.837ms
[2024-12-17T03:16:10.479+0700][gc,cpu      ] GC(112) User=0.09s Sys=0.00s Real=0.05s
[2024-12-17T03:17:55.066+0700][gc,start    ] GC(113) Pause Young (Normal) (G1 Evacuation Pause)
[2024-12-17T03:17:55.067+0700][gc,task     ] GC(113) Using 2 workers of 2 for evacuation
[2024-12-17T03:17:55.102+0700][gc,mmu      ] GC(113) MMU target violated: 21.0ms (20.0ms/21.0ms)
[2024-12-17T03:17:55.102+0700][gc,phases   ] GC(113)   Pre Evacuate Collection Set: 2.6ms
[2024-12-17T03:17:55.102+0700][gc,phases   ] GC(113)   Merge Heap Roots: 0.5ms
[2024-12-17T03:17:55.102+0700][gc,phases   ] GC(113)   Evacuate Collection Set: 30.1ms
[2024-12-17T03:17:55.102+0700][gc,phases   ] GC(113)   Post Evacuate Collection Set: 2.2ms
[2024-12-17T03:17:55.102+0700][gc,phases   ] GC(113)   Other: 0.8ms
[2024-12-17T03:17:55.102+0700][gc,heap     ] GC(113) Eden regions: 46->0(48)
[2024-12-17T03:17:55.102+0700][gc,heap     ] GC(113) Survivor regions: 5->3(7)
[2024-12-17T03:17:55.102+0700][gc,heap     ] GC(113) Old regions: 227->229
[2024-12-17T03:17:55.102+0700][gc,heap     ] GC(113) Archive regions: 2->2
[2024-12-17T03:17:55.102+0700][gc,heap     ] GC(113) Humongous regions: 129->129
[2024-12-17T03:17:55.103+0700][gc,metaspace] GC(113) Metaspace: 45078K(45632K)->45078K(45632K) NonClass: 39884K(40192K)->39884K(40192K) Class: 5194K(5440K)->5194K(5440K)
[2024-12-17T03:17:55.103+0700][gc          ] GC(113) Pause Young (Normal) (G1 Evacuation Pause) 407M->361M(1024M) 36.209ms
[2024-12-17T03:17:55.103+0700][gc,cpu      ] GC(113) User=0.05s Sys=0.01s Real=0.03s
[2024-12-17T03:19:46.400+0700][gc,start    ] GC(114) Pause Young (Concurrent Start) (G1 Evacuation Pause)
[2024-12-17T03:19:46.400+0700][gc,task     ] GC(114) Using 2 workers of 2 for evacuation
[2024-12-17T03:19:46.453+0700][gc,mmu      ] GC(114) MMU target violated: 21.0ms (20.0ms/21.0ms)
[2024-12-17T03:19:46.453+0700][gc,phases   ] GC(114)   Pre Evacuate Collection Set: 4.2ms
[2024-12-17T03:19:46.453+0700][gc,phases   ] GC(114)   Merge Heap Roots: 0.6ms
[2024-12-17T03:19:46.453+0700][gc,phases   ] GC(114)   Evacuate Collection Set: 43.8ms
[2024-12-17T03:19:46.453+0700][gc,phases   ] GC(114)   Post Evacuate Collection Set: 3.7ms
[2024-12-17T03:19:46.453+0700][gc,phases   ] GC(114)   Other: 1.9ms
[2024-12-17T03:19:46.453+0700][gc,heap     ] GC(114) Eden regions: 48->0(45)
[2024-12-17T03:19:46.453+0700][gc,heap     ] GC(114) Survivor regions: 3->6(7)
[2024-12-17T03:19:46.453+0700][gc,heap     ] GC(114) Old regions: 229->229
[2024-12-17T03:19:46.453+0700][gc,heap     ] GC(114) Archive regions: 2->2
[2024-12-17T03:19:46.453+0700][gc,heap     ] GC(114) Humongous regions: 129->129
[2024-12-17T03:19:46.454+0700][gc,metaspace] GC(114) Metaspace: 45078K(45632K)->45078K(45632K) NonClass: 39884K(40192K)->39884K(40192K) Class: 5194K(5440K)->5194K(5440K)
[2024-12-17T03:19:46.454+0700][gc          ] GC(114) Pause Young (Concurrent Start) (G1 Evacuation Pause) 409M->364M(1024M) 54.130ms
[2024-12-17T03:19:46.454+0700][gc,cpu      ] GC(114) User=0.10s Sys=0.00s Real=0.05s
[2024-12-17T03:19:46.454+0700][gc          ] GC(115) Concurrent Mark Cycle
[2024-12-17T03:19:46.454+0700][gc,marking  ] GC(115) Concurrent Clear Claimed Marks
[2024-12-17T03:19:46.454+0700][gc,marking  ] GC(115) Concurrent Clear Claimed Marks 0.209ms
[2024-12-17T03:19:46.454+0700][gc,marking  ] GC(115) Concurrent Scan Root Regions
[2024-12-17T03:19:46.469+0700][gc,marking  ] GC(115) Concurrent Scan Root Regions 14.536ms
[2024-12-17T03:19:46.469+0700][gc,marking  ] GC(115) Concurrent Mark
[2024-12-17T03:19:46.469+0700][gc,marking  ] GC(115) Concurrent Mark From Roots
[2024-12-17T03:19:46.469+0700][gc,task     ] GC(115) Using 1 workers of 1 for marking
[2024-12-17T03:19:46.578+0700][gc,marking  ] GC(115) Concurrent Mark From Roots 109.244ms
[2024-12-17T03:19:46.578+0700][gc,marking  ] GC(115) Concurrent Preclean
[2024-12-17T03:19:46.579+0700][gc,marking  ] GC(115) Concurrent Preclean 0.595ms
[2024-12-17T03:19:46.579+0700][gc,start    ] GC(115) Pause Remark
[2024-12-17T03:19:46.634+0700][gc,mmu      ] GC(115) MMU target violated: 21.0ms (20.0ms/21.0ms)
[2024-12-17T03:19:46.634+0700][gc          ] GC(115) Pause Remark 364M->309M(1024M) 54.891ms
[2024-12-17T03:19:46.634+0700][gc,cpu      ] GC(115) User=0.10s Sys=0.00s Real=0.05s
[2024-12-17T03:19:46.634+0700][gc,marking  ] GC(115) Concurrent Mark 165.373ms
[2024-12-17T03:19:46.634+0700][gc,marking  ] GC(115) Concurrent Rebuild Remembered Sets
[2024-12-17T03:19:46.683+0700][gc,marking  ] GC(115) Concurrent Rebuild Remembered Sets 48.449ms
[2024-12-17T03:19:46.683+0700][gc,start    ] GC(115) Pause Cleanup
[2024-12-17T03:19:46.683+0700][gc          ] GC(115) Pause Cleanup 310M->310M(1024M) 0.555ms
[2024-12-17T03:19:46.683+0700][gc,cpu      ] GC(115) User=0.00s Sys=0.00s Real=0.00s
[2024-12-17T03:19:46.683+0700][gc,marking  ] GC(115) Concurrent Cleanup for Next Mark
[2024-12-17T03:19:46.720+0700][gc,marking  ] GC(115) Concurrent Cleanup for Next Mark 36.581ms
[2024-12-17T03:19:46.720+0700][gc          ] GC(115) Concurrent Mark Cycle 266.309ms
[2024-12-17T03:21:29.563+0700][gc,start    ] GC(116) Pause Young (Prepare Mixed) (G1 Evacuation Pause)
[2024-12-17T03:21:29.564+0700][gc,task     ] GC(116) Using 2 workers of 2 for evacuation
[2024-12-17T03:21:29.620+0700][gc,mmu      ] GC(116) MMU target violated: 21.0ms (20.0ms/21.0ms)
[2024-12-17T03:21:29.620+0700][gc,phases   ] GC(116)   Pre Evacuate Collection Set: 2.7ms
[2024-12-17T03:21:29.620+0700][gc,phases   ] GC(116)   Merge Heap Roots: 0.7ms
[2024-12-17T03:21:29.620+0700][gc,phases   ] GC(116)   Evacuate Collection Set: 49.2ms
[2024-12-17T03:21:29.620+0700][gc,phases   ] GC(116)   Post Evacuate Collection Set: 3.2ms
[2024-12-17T03:21:29.620+0700][gc,phases   ] GC(116)   Other: 1.3ms
[2024-12-17T03:21:29.620+0700][gc,heap     ] GC(116) Eden regions: 45->0(44)
[2024-12-17T03:21:29.620+0700][gc,heap     ] GC(116) Survivor regions: 6->7(7)
[2024-12-17T03:21:29.620+0700][gc,heap     ] GC(116) Old regions: 174->176
[2024-12-17T03:21:29.620+0700][gc,heap     ] GC(116) Archive regions: 2->2
[2024-12-17T03:21:29.620+0700][gc,heap     ] GC(116) Humongous regions: 129->129
[2024-12-17T03:21:29.620+0700][gc,metaspace] GC(116) Metaspace: 45032K(45632K)->45032K(45632K) NonClass: 39849K(40192K)->39849K(40192K) Class: 5182K(5440K)->5182K(5440K)
[2024-12-17T03:21:29.621+0700][gc          ] GC(116) Pause Young (Prepare Mixed) (G1 Evacuation Pause) 354M->312M(1024M) 57.175ms
[2024-12-17T03:21:29.621+0700][gc,cpu      ] GC(116) User=0.10s Sys=0.00s Real=0.06s
[2024-12-17T03:23:01.336+0700][gc,start    ] GC(117) Pause Young (Mixed) (G1 Evacuation Pause)
[2024-12-17T03:23:01.336+0700][gc,task     ] GC(117) Using 2 workers of 2 for evacuation
[2024-12-17T03:23:01.390+0700][gc,mmu      ] GC(117) MMU target violated: 21.0ms (20.0ms/21.0ms)
[2024-12-17T03:23:01.390+0700][gc,phases   ] GC(117)   Pre Evacuate Collection Set: 3.1ms
[2024-12-17T03:23:01.390+0700][gc,phases   ] GC(117)   Merge Heap Roots: 0.8ms
[2024-12-17T03:23:01.390+0700][gc,phases   ] GC(117)   Evacuate Collection Set: 47.4ms
[2024-12-17T03:23:01.390+0700][gc,phases   ] GC(117)   Post Evacuate Collection Set: 2.1ms
[2024-12-17T03:23:01.390+0700][gc,phases   ] GC(117)   Other: 1.2ms
[2024-12-17T03:23:01.390+0700][gc,heap     ] GC(117) Eden regions: 44->0(46)
[2024-12-17T03:23:01.390+0700][gc,heap     ] GC(117) Survivor regions: 7->5(7)
[2024-12-17T03:23:01.390+0700][gc,heap     ] GC(117) Old regions: 176->167
[2024-12-17T03:23:01.390+0700][gc,heap     ] GC(117) Archive regions: 2->2
[2024-12-17T03:23:01.390+0700][gc,heap     ] GC(117) Humongous regions: 129->129
[2024-12-17T03:23:01.390+0700][gc,metaspace] GC(117) Metaspace: 45192K(45696K)->45192K(45696K) NonClass: 39972K(40256K)->39972K(40256K) Class: 5219K(5440K)->5219K(5440K)
[2024-12-17T03:23:01.390+0700][gc          ] GC(117) Pause Young (Mixed) (G1 Evacuation Pause) 356M->301M(1024M) 54.580ms
[2024-12-17T03:23:01.390+0700][gc,cpu      ] GC(117) User=0.09s Sys=0.00s Real=0.06s
[2024-12-17T03:24:41.159+0700][gc,start    ] GC(118) Pause Young (Mixed) (G1 Evacuation Pause)
[2024-12-17T03:24:41.159+0700][gc,task     ] GC(118) Using 2 workers of 2 for evacuation
[2024-12-17T03:24:41.226+0700][gc,mmu      ] GC(118) MMU target violated: 21.0ms (20.0ms/21.0ms)
[2024-12-17T03:24:41.226+0700][gc,phases   ] GC(118)   Pre Evacuate Collection Set: 6.7ms
[2024-12-17T03:24:41.226+0700][gc,phases   ] GC(118)   Merge Heap Roots: 0.8ms
[2024-12-17T03:24:41.226+0700][gc,phases   ] GC(118)   Evacuate Collection Set: 54.0ms
[2024-12-17T03:24:41.226+0700][gc,phases   ] GC(118)   Post Evacuate Collection Set: 4.2ms
[2024-12-17T03:24:41.226+0700][gc,phases   ] GC(118)   Other: 2.1ms
[2024-12-17T03:24:41.226+0700][gc,heap     ] GC(118) Eden regions: 46->0(47)
[2024-12-17T03:24:41.226+0700][gc,heap     ] GC(118) Survivor regions: 5->4(7)
[2024-12-17T03:24:41.226+0700][gc,heap     ] GC(118) Old regions: 167->156
[2024-12-17T03:24:41.226+0700][gc,heap     ] GC(118) Archive regions: 2->2
[2024-12-17T03:24:41.226+0700][gc,heap     ] GC(118) Humongous regions: 129->129
[2024-12-17T03:24:41.226+0700][gc,metaspace] GC(118) Metaspace: 45192K(45696K)->45192K(45696K) NonClass: 39972K(40256K)->39972K(40256K) Class: 5219K(5440K)->5219K(5440K)
[2024-12-17T03:24:41.226+0700][gc          ] GC(118) Pause Young (Mixed) (G1 Evacuation Pause) 347M->289M(1024M) 67.222ms
[2024-12-17T03:24:41.226+0700][gc,cpu      ] GC(118) User=0.13s Sys=0.00s Real=0.07s
[2024-12-17T03:26:23.333+0700][gc,start    ] GC(119) Pause Young (Mixed) (G1 Evacuation Pause)
[2024-12-17T03:26:23.333+0700][gc,task     ] GC(119) Using 2 workers of 2 for evacuation
[2024-12-17T03:26:23.395+0700][gc,mmu      ] GC(119) MMU target violated: 21.0ms (20.0ms/21.0ms)
[2024-12-17T03:26:23.395+0700][gc,phases   ] GC(119)   Pre Evacuate Collection Set: 5.2ms
[2024-12-17T03:26:23.395+0700][gc,phases   ] GC(119)   Merge Heap Roots: 0.8ms
[2024-12-17T03:26:23.395+0700][gc,phases   ] GC(119)   Evacuate Collection Set: 51.7ms
[2024-12-17T03:26:23.395+0700][gc,phases   ] GC(119)   Post Evacuate Collection Set: 3.2ms
[2024-12-17T03:26:23.395+0700][gc,phases   ] GC(119)   Other: 2.0ms
[2024-12-17T03:26:23.395+0700][gc,heap     ] GC(119) Eden regions: 47->0(44)
[2024-12-17T03:26:23.395+0700][gc,heap     ] GC(119) Survivor regions: 4->7(7)
[2024-12-17T03:26:23.395+0700][gc,heap     ] GC(119) Old regions: 156->143
[2024-12-17T03:26:23.395+0700][gc,heap     ] GC(119) Archive regions: 2->2
[2024-12-17T03:26:23.395+0700][gc,heap     ] GC(119) Humongous regions: 129->129
[2024-12-17T03:26:23.395+0700][gc,metaspace] GC(119) Metaspace: 45197K(45760K)->45197K(45760K) NonClass: 39978K(40320K)->39978K(40320K) Class: 5219K(5440K)->5219K(5440K)
[2024-12-17T03:26:23.396+0700][gc          ] GC(119) Pause Young (Mixed) (G1 Evacuation Pause) 336M->279M(1024M) 62.763ms
[2024-12-17T03:26:23.396+0700][gc,cpu      ] GC(119) User=0.12s Sys=0.00s Real=0.06s
[2024-12-17T03:27:59.220+0700][gc,start    ] GC(120) Pause Young (Mixed) (G1 Evacuation Pause)
[2024-12-17T03:27:59.220+0700][gc,task     ] GC(120) Using 2 workers of 2 for evacuation
[2024-12-17T03:27:59.281+0700][gc,mmu      ] GC(120) MMU target violated: 21.0ms (20.0ms/21.0ms)
[2024-12-17T03:27:59.281+0700][gc,phases   ] GC(120)   Pre Evacuate Collection Set: 3.2ms
[2024-12-17T03:27:59.281+0700][gc,phases   ] GC(120)   Merge Heap Roots: 0.9ms
[2024-12-17T03:27:59.281+0700][gc,phases   ] GC(120)   Evacuate Collection Set: 51.4ms
[2024-12-17T03:27:59.281+0700][gc,phases   ] GC(120)   Post Evacuate Collection Set: 5.3ms
[2024-12-17T03:27:59.281+0700][gc,phases   ] GC(120)   Other: 1.5ms
[2024-12-17T03:27:59.281+0700][gc,heap     ] GC(120) Eden regions: 44->0(48)
[2024-12-17T03:27:59.281+0700][gc,heap     ] GC(120) Survivor regions: 7->3(7)
[2024-12-17T03:27:59.281+0700][gc,heap     ] GC(120) Old regions: 143->135
[2024-12-17T03:27:59.281+0700][gc,heap     ] GC(120) Archive regions: 2->2
[2024-12-17T03:27:59.281+0700][gc,heap     ] GC(120) Humongous regions: 129->129
[2024-12-17T03:27:59.281+0700][gc,metaspace] GC(120) Metaspace: 45197K(45760K)->45197K(45760K) NonClass: 39978K(40320K)->39978K(40320K) Class: 5219K(5440K)->5219K(5440K)
[2024-12-17T03:27:59.282+0700][gc          ] GC(120) Pause Young (Mixed) (G1 Evacuation Pause) 323M->267M(1024M) 62.033ms
[2024-12-17T03:27:59.282+0700][gc,cpu      ] GC(120) User=0.11s Sys=0.00s Real=0.06s
[2024-12-17T03:29:38.682+0700][gc,start    ] GC(121) Pause Young (Mixed) (G1 Evacuation Pause)
[2024-12-17T03:29:38.682+0700][gc,task     ] GC(121) Using 2 workers of 2 for evacuation
[2024-12-17T03:29:38.741+0700][gc,mmu      ] GC(121) MMU target violated: 21.0ms (20.0ms/21.0ms)
[2024-12-17T03:29:38.741+0700][gc,phases   ] GC(121)   Pre Evacuate Collection Set: 3.6ms
[2024-12-17T03:29:38.741+0700][gc,phases   ] GC(121)   Merge Heap Roots: 1.6ms
[2024-12-17T03:29:38.741+0700][gc,phases   ] GC(121)   Evacuate Collection Set: 50.2ms
[2024-12-17T03:29:38.741+0700][gc,phases   ] GC(121)   Post Evacuate Collection Set: 2.9ms
[2024-12-17T03:29:38.741+0700][gc,phases   ] GC(121)   Other: 1.5ms
[2024-12-17T03:29:38.741+0700][gc,heap     ] GC(121) Eden regions: 48->0(44)
[2024-12-17T03:29:38.741+0700][gc,heap     ] GC(121) Survivor regions: 3->7(7)
[2024-12-17T03:29:38.741+0700][gc,heap     ] GC(121) Old regions: 135->122
[2024-12-17T03:29:38.741+0700][gc,heap     ] GC(121) Archive regions: 2->2
[2024-12-17T03:29:38.741+0700][gc,heap     ] GC(121) Humongous regions: 129->129
[2024-12-17T03:29:38.741+0700][gc,metaspace] GC(121) Metaspace: 45198K(45760K)->45198K(45760K) NonClass: 39979K(40320K)->39979K(40320K) Class: 5219K(5440K)->5219K(5440K)
[2024-12-17T03:29:38.741+0700][gc          ] GC(121) Pause Young (Mixed) (G1 Evacuation Pause) 315M->258M(1024M) 59.470ms
[2024-12-17T03:29:38.741+0700][gc,cpu      ] GC(121) User=0.11s Sys=0.00s Real=0.06s
[2024-12-17T03:31:16.795+0700][gc,start    ] GC(122) Pause Young (Mixed) (G1 Evacuation Pause)
[2024-12-17T03:31:16.795+0700][gc,task     ] GC(122) Using 2 workers of 2 for evacuation
[2024-12-17T03:31:16.862+0700][gc,mmu      ] GC(122) MMU target violated: 21.0ms (20.0ms/21.0ms)
[2024-12-17T03:31:16.862+0700][gc,phases   ] GC(122)   Pre Evacuate Collection Set: 3.1ms
[2024-12-17T03:31:16.862+0700][gc,phases   ] GC(122)   Merge Heap Roots: 1.3ms
[2024-12-17T03:31:16.862+0700][gc,phases   ] GC(122)   Evacuate Collection Set: 59.0ms
[2024-12-17T03:31:16.862+0700][gc,phases   ] GC(122)   Post Evacuate Collection Set: 2.8ms
[2024-12-17T03:31:16.862+0700][gc,phases   ] GC(122)   Other: 1.2ms
[2024-12-17T03:31:16.862+0700][gc,heap     ] GC(122) Eden regions: 44->0(47)
[2024-12-17T03:31:16.862+0700][gc,heap     ] GC(122) Survivor regions: 7->4(7)
[2024-12-17T03:31:16.862+0700][gc,heap     ] GC(122) Old regions: 122->115
[2024-12-17T03:31:16.862+0700][gc,heap     ] GC(122) Archive regions: 2->2
[2024-12-17T03:31:16.862+0700][gc,heap     ] GC(122) Humongous regions: 129->129
[2024-12-17T03:31:16.863+0700][gc,metaspace] GC(122) Metaspace: 45211K(45760K)->45211K(45760K) NonClass: 39990K(40320K)->39990K(40320K) Class: 5221K(5440K)->5221K(5440K)
[2024-12-17T03:31:16.863+0700][gc          ] GC(122) Pause Young (Mixed) (G1 Evacuation Pause) 302M->248M(1024M) 67.475ms
[2024-12-17T03:31:16.863+0700][gc,cpu      ] GC(122) User=0.12s Sys=0.00s Real=0.07s
[2024-12-17T03:33:06.056+0700][gc,start    ] GC(123) Pause Young (Mixed) (G1 Evacuation Pause)
[2024-12-17T03:33:06.057+0700][gc,task     ] GC(123) Using 2 workers of 2 for evacuation
[2024-12-17T03:33:06.113+0700][gc,mmu      ] GC(123) MMU target violated: 21.0ms (20.0ms/21.0ms)
[2024-12-17T03:33:06.114+0700][gc,phases   ] GC(123)   Pre Evacuate Collection Set: 2.9ms
[2024-12-17T03:33:06.114+0700][gc,phases   ] GC(123)   Merge Heap Roots: 0.8ms
[2024-12-17T03:33:06.114+0700][gc,phases   ] GC(123)   Evacuate Collection Set: 50.0ms
[2024-12-17T03:33:06.114+0700][gc,phases   ] GC(123)   Post Evacuate Collection Set: 2.6ms
[2024-12-17T03:33:06.114+0700][gc,phases   ] GC(123)   Other: 1.4ms
[2024-12-17T03:33:06.114+0700][gc,heap     ] GC(123) Eden regions: 47->0(46)
[2024-12-17T03:33:06.114+0700][gc,heap     ] GC(123) Survivor regions: 4->5(7)
[2024-12-17T03:33:06.114+0700][gc,heap     ] GC(123) Old regions: 115->104
[2024-12-17T03:33:06.114+0700][gc,heap     ] GC(123) Archive regions: 2->2
[2024-12-17T03:33:06.114+0700][gc,heap     ] GC(123) Humongous regions: 129->129
[2024-12-17T03:33:06.114+0700][gc,metaspace] GC(123) Metaspace: 45211K(45760K)->45211K(45760K) NonClass: 39990K(40320K)->39990K(40320K) Class: 5221K(5440K)->5221K(5440K)
[2024-12-17T03:33:06.114+0700][gc          ] GC(123) Pause Young (Mixed) (G1 Evacuation Pause) 295M->238M(1024M) 57.537ms
[2024-12-17T03:33:06.114+0700][gc,cpu      ] GC(123) User=0.12s Sys=0.00s Real=0.05s
[2024-12-17T03:34:49.562+0700][gc,start    ] GC(124) Pause Young (Mixed) (G1 Evacuation Pause)
[2024-12-17T03:34:49.562+0700][gc,task     ] GC(124) Using 2 workers of 2 for evacuation
[2024-12-17T03:34:49.604+0700][gc,mmu      ] GC(124) MMU target violated: 21.0ms (20.0ms/21.0ms)
[2024-12-17T03:34:49.604+0700][gc,phases   ] GC(124)   Pre Evacuate Collection Set: 2.6ms
[2024-12-17T03:34:49.604+0700][gc,phases   ] GC(124)   Merge Heap Roots: 1.1ms
[2024-12-17T03:34:49.604+0700][gc,phases   ] GC(124)   Evacuate Collection Set: 34.5ms
[2024-12-17T03:34:49.604+0700][gc,phases   ] GC(124)   Post Evacuate Collection Set: 2.9ms
[2024-12-17T03:34:49.604+0700][gc,phases   ] GC(124)   Other: 1.2ms
[2024-12-17T03:34:49.604+0700][gc,heap     ] GC(124) Eden regions: 46->0(48)
[2024-12-17T03:34:49.604+0700][gc,heap     ] GC(124) Survivor regions: 5->3(7)
[2024-12-17T03:34:49.604+0700][gc,heap     ] GC(124) Old regions: 104->94
[2024-12-17T03:34:49.604+0700][gc,heap     ] GC(124) Archive regions: 2->2
[2024-12-17T03:34:49.604+0700][gc,heap     ] GC(124) Humongous regions: 129->129
[2024-12-17T03:34:49.604+0700][gc,metaspace] GC(124) Metaspace: 45217K(45760K)->45217K(45760K) NonClass: 39996K(40320K)->39996K(40320K) Class: 5221K(5440K)->5221K(5440K)
[2024-12-17T03:34:49.604+0700][gc          ] GC(124) Pause Young (Mixed) (G1 Evacuation Pause) 284M->226M(1024M) 42.413ms
[2024-12-17T03:34:49.604+0700][gc,cpu      ] GC(124) User=0.08s Sys=0.00s Real=0.05s
[2024-12-17T03:36:34.047+0700][gc,start    ] GC(125) Pause Young (Normal) (G1 Evacuation Pause)
[2024-12-17T03:36:34.047+0700][gc,task     ] GC(125) Using 2 workers of 2 for evacuation
[2024-12-17T03:36:34.090+0700][gc,mmu      ] GC(125) MMU target violated: 21.0ms (20.0ms/21.0ms)
[2024-12-17T03:36:34.090+0700][gc,phases   ] GC(125)   Pre Evacuate Collection Set: 2.4ms
[2024-12-17T03:36:34.090+0700][gc,phases   ] GC(125)   Merge Heap Roots: 1.0ms
[2024-12-17T03:36:34.090+0700][gc,phases   ] GC(125)   Evacuate Collection Set: 36.2ms
[2024-12-17T03:36:34.090+0700][gc,phases   ] GC(125)   Post Evacuate Collection Set: 2.6ms
[2024-12-17T03:36:34.090+0700][gc,phases   ] GC(125)   Other: 1.1ms
[2024-12-17T03:36:34.090+0700][gc,heap     ] GC(125) Eden regions: 48->0(45)
[2024-12-17T03:36:34.090+0700][gc,heap     ] GC(125) Survivor regions: 3->6(7)
[2024-12-17T03:36:34.090+0700][gc,heap     ] GC(125) Old regions: 94->94
[2024-12-17T03:36:34.090+0700][gc,heap     ] GC(125) Archive regions: 2->2
[2024-12-17T03:36:34.090+0700][gc,heap     ] GC(125) Humongous regions: 129->129
[2024-12-17T03:36:34.090+0700][gc,metaspace] GC(125) Metaspace: 45220K(45760K)->45220K(45760K) NonClass: 39999K(40320K)->39999K(40320K) Class: 5221K(5440K)->5221K(5440K)
[2024-12-17T03:36:34.090+0700][gc          ] GC(125) Pause Young (Normal) (G1 Evacuation Pause) 274M->229M(1024M) 43.358ms
[2024-12-17T03:36:34.090+0700][gc,cpu      ] GC(125) User=0.09s Sys=0.00s Real=0.04s
[2024-12-17T03:38:11.917+0700][gc,start    ] GC(126) Pause Young (Normal) (G1 Evacuation Pause)
[2024-12-17T03:38:11.917+0700][gc,task     ] GC(126) Using 2 workers of 2 for evacuation
[2024-12-17T03:38:12.002+0700][gc,mmu      ] GC(126) MMU target violated: 21.0ms (20.0ms/21.0ms)
[2024-12-17T03:38:12.003+0700][gc,phases   ] GC(126)   Pre Evacuate Collection Set: 4.2ms
[2024-12-17T03:38:12.003+0700][gc,phases   ] GC(126)   Merge Heap Roots: 0.9ms
[2024-12-17T03:38:12.003+0700][gc,phases   ] GC(126)   Evacuate Collection Set: 74.9ms
[2024-12-17T03:38:12.003+0700][gc,phases   ] GC(126)   Post Evacuate Collection Set: 4.6ms
[2024-12-17T03:38:12.003+0700][gc,phases   ] GC(126)   Other: 1.6ms
[2024-12-17T03:38:12.003+0700][gc,heap     ] GC(126) Eden regions: 45->0(45)
[2024-12-17T03:38:12.003+0700][gc,heap     ] GC(126) Survivor regions: 6->6(7)
[2024-12-17T03:38:12.003+0700][gc,heap     ] GC(126) Old regions: 94->98
[2024-12-17T03:38:12.003+0700][gc,heap     ] GC(126) Archive regions: 2->2
[2024-12-17T03:38:12.003+0700][gc,heap     ] GC(126) Humongous regions: 129->129
[2024-12-17T03:38:12.003+0700][gc,metaspace] GC(126) Metaspace: 45221K(45760K)->45221K(45760K) NonClass: 39999K(40320K)->39999K(40320K) Class: 5221K(5440K)->5221K(5440K)
[2024-12-17T03:38:12.003+0700][gc          ] GC(126) Pause Young (Normal) (G1 Evacuation Pause) 274M->232M(1024M) 86.549ms
[2024-12-17T03:38:12.004+0700][gc,cpu      ] GC(126) User=0.16s Sys=0.00s Real=0.08s
[2024-12-17T03:39:49.371+0700][gc,start    ] GC(127) Pause Young (Normal) (G1 Evacuation Pause)
[2024-12-17T03:39:49.371+0700][gc,task     ] GC(127) Using 2 workers of 2 for evacuation
[2024-12-17T03:39:49.428+0700][gc,mmu      ] GC(127) MMU target violated: 21.0ms (20.0ms/21.0ms)
[2024-12-17T03:39:49.428+0700][gc,phases   ] GC(127)   Pre Evacuate Collection Set: 3.3ms
[2024-12-17T03:39:49.428+0700][gc,phases   ] GC(127)   Merge Heap Roots: 0.8ms
[2024-12-17T03:39:49.428+0700][gc,phases   ] GC(127)   Evacuate Collection Set: 49.8ms
[2024-12-17T03:39:49.428+0700][gc,phases   ] GC(127)   Post Evacuate Collection Set: 2.8ms
[2024-12-17T03:39:49.428+0700][gc,phases   ] GC(127)   Other: 1.3ms
[2024-12-17T03:39:49.429+0700][gc,heap     ] GC(127) Eden regions: 45->0(47)
[2024-12-17T03:39:49.429+0700][gc,heap     ] GC(127) Survivor regions: 6->4(7)
[2024-12-17T03:39:49.429+0700][gc,heap     ] GC(127) Old regions: 98->100
[2024-12-17T03:39:49.429+0700][gc,heap     ] GC(127) Archive regions: 2->2
[2024-12-17T03:39:49.429+0700][gc,heap     ] GC(127) Humongous regions: 129->129
[2024-12-17T03:39:49.429+0700][gc,metaspace] GC(127) Metaspace: 45221K(45760K)->45221K(45760K) NonClass: 39999K(40320K)->39999K(40320K) Class: 5221K(5440K)->5221K(5440K)
[2024-12-17T03:39:49.429+0700][gc          ] GC(127) Pause Young (Normal) (G1 Evacuation Pause) 277M->233M(1024M) 57.933ms
[2024-12-17T03:39:49.429+0700][gc,cpu      ] GC(127) User=0.11s Sys=0.00s Real=0.06s
[2024-12-17T03:41:31.674+0700][gc,start    ] GC(128) Pause Young (Normal) (G1 Evacuation Pause)
[2024-12-17T03:41:31.675+0700][gc,task     ] GC(128) Using 2 workers of 2 for evacuation
[2024-12-17T03:41:31.720+0700][gc,mmu      ] GC(128) MMU target violated: 21.0ms (20.0ms/21.0ms)
[2024-12-17T03:41:31.720+0700][gc,phases   ] GC(128)   Pre Evacuate Collection Set: 2.7ms
[2024-12-17T03:41:31.720+0700][gc,phases   ] GC(128)   Merge Heap Roots: 0.6ms
[2024-12-17T03:41:31.720+0700][gc,phases   ] GC(128)   Evacuate Collection Set: 39.3ms
[2024-12-17T03:41:31.720+0700][gc,phases   ] GC(128)   Post Evacuate Collection Set: 2.4ms
[2024-12-17T03:41:31.721+0700][gc,phases   ] GC(128)   Other: 1.3ms
[2024-12-17T03:41:31.721+0700][gc,heap     ] GC(128) Eden regions: 47->0(44)
[2024-12-17T03:41:31.721+0700][gc,heap     ] GC(128) Survivor regions: 4->7(7)
[2024-12-17T03:41:31.721+0700][gc,heap     ] GC(128) Old regions: 100->100
[2024-12-17T03:41:31.721+0700][gc,heap     ] GC(128) Archive regions: 2->2
[2024-12-17T03:41:31.721+0700][gc,heap     ] GC(128) Humongous regions: 129->129
[2024-12-17T03:41:31.721+0700][gc,metaspace] GC(128) Metaspace: 45230K(45824K)->45230K(45824K) NonClass: 40005K(40320K)->40005K(40320K) Class: 5225K(5504K)->5225K(5504K)
[2024-12-17T03:41:31.721+0700][gc          ] GC(128) Pause Young (Normal) (G1 Evacuation Pause) 280M->236M(1024M) 46.312ms
[2024-12-17T03:41:31.721+0700][gc,cpu      ] GC(128) User=0.09s Sys=0.00s Real=0.05s
[2024-12-17T03:43:08.819+0700][gc,start    ] GC(129) Pause Young (Normal) (G1 Evacuation Pause)
[2024-12-17T03:43:08.819+0700][gc,task     ] GC(129) Using 2 workers of 2 for evacuation
[2024-12-17T03:43:08.870+0700][gc,mmu      ] GC(129) MMU target violated: 21.0ms (20.0ms/21.0ms)
[2024-12-17T03:43:08.871+0700][gc,phases   ] GC(129)   Pre Evacuate Collection Set: 1.4ms
[2024-12-17T03:43:08.871+0700][gc,phases   ] GC(129)   Merge Heap Roots: 0.3ms
[2024-12-17T03:43:08.871+0700][gc,phases   ] GC(129)   Evacuate Collection Set: 46.7ms
[2024-12-17T03:43:08.871+0700][gc,phases   ] GC(129)   Post Evacuate Collection Set: 1.7ms
[2024-12-17T03:43:08.871+0700][gc,phases   ] GC(129)   Other: 0.7ms
[2024-12-17T03:43:08.871+0700][gc,heap     ] GC(129) Eden regions: 44->0(46)
[2024-12-17T03:43:08.871+0700][gc,heap     ] GC(129) Survivor regions: 7->5(7)
[2024-12-17T03:43:08.871+0700][gc,heap     ] GC(129) Old regions: 100->105
[2024-12-17T03:43:08.871+0700][gc,heap     ] GC(129) Archive regions: 2->2
[2024-12-17T03:43:08.871+0700][gc,heap     ] GC(129) Humongous regions: 129->129
[2024-12-17T03:43:08.871+0700][gc,metaspace] GC(129) Metaspace: 45265K(45824K)->45265K(45824K) NonClass: 40040K(40320K)->40040K(40320K) Class: 5225K(5504K)->5225K(5504K)
[2024-12-17T03:43:08.871+0700][gc          ] GC(129) Pause Young (Normal) (G1 Evacuation Pause) 280M->238M(1024M) 51.584ms
[2024-12-17T03:43:08.871+0700][gc,cpu      ] GC(129) User=0.06s Sys=0.00s Real=0.05s
[2024-12-17T03:44:52.111+0700][gc,start    ] GC(130) Pause Young (Normal) (G1 Evacuation Pause)
[2024-12-17T03:44:52.111+0700][gc,task     ] GC(130) Using 2 workers of 2 for evacuation
[2024-12-17T03:44:52.152+0700][gc,mmu      ] GC(130) MMU target violated: 21.0ms (20.0ms/21.0ms)
[2024-12-17T03:44:52.152+0700][gc,phases   ] GC(130)   Pre Evacuate Collection Set: 2.7ms
[2024-12-17T03:44:52.152+0700][gc,phases   ] GC(130)   Merge Heap Roots: 0.9ms
[2024-12-17T03:44:52.152+0700][gc,phases   ] GC(130)   Evacuate Collection Set: 34.5ms
[2024-12-17T03:44:52.152+0700][gc,phases   ] GC(130)   Post Evacuate Collection Set: 2.5ms
[2024-12-17T03:44:52.152+0700][gc,phases   ] GC(130)   Other: 1.2ms
[2024-12-17T03:44:52.152+0700][gc,heap     ] GC(130) Eden regions: 46->0(48)
[2024-12-17T03:44:52.152+0700][gc,heap     ] GC(130) Survivor regions: 5->3(7)
[2024-12-17T03:44:52.152+0700][gc,heap     ] GC(130) Old regions: 105->107
[2024-12-17T03:44:52.152+0700][gc,heap     ] GC(130) Archive regions: 2->2
[2024-12-17T03:44:52.152+0700][gc,heap     ] GC(130) Humongous regions: 129->129
[2024-12-17T03:44:52.152+0700][gc,metaspace] GC(130) Metaspace: 45268K(45888K)->45268K(45888K) NonClass: 40043K(40384K)->40043K(40384K) Class: 5225K(5504K)->5225K(5504K)
[2024-12-17T03:44:52.153+0700][gc          ] GC(130) Pause Young (Normal) (G1 Evacuation Pause) 284M->239M(1024M) 41.775ms
[2024-12-17T03:44:52.153+0700][gc,cpu      ] GC(130) User=0.08s Sys=0.00s Real=0.04s
[2024-12-17T03:46:43.132+0700][gc,start    ] GC(131) Pause Young (Normal) (G1 Evacuation Pause)
[2024-12-17T03:46:43.132+0700][gc,task     ] GC(131) Using 2 workers of 2 for evacuation
[2024-12-17T03:46:43.190+0700][gc,mmu      ] GC(131) MMU target violated: 21.0ms (20.0ms/21.0ms)
[2024-12-17T03:46:43.190+0700][gc,phases   ] GC(131)   Pre Evacuate Collection Set: 2.6ms
[2024-12-17T03:46:43.190+0700][gc,phases   ] GC(131)   Merge Heap Roots: 1.0ms
[2024-12-17T03:46:43.190+0700][gc,phases   ] GC(131)   Evacuate Collection Set: 48.8ms
[2024-12-17T03:46:43.190+0700][gc,phases   ] GC(131)   Post Evacuate Collection Set: 4.9ms
[2024-12-17T03:46:43.190+0700][gc,phases   ] GC(131)   Other: 1.4ms
[2024-12-17T03:46:43.190+0700][gc,heap     ] GC(131) Eden regions: 48->0(45)
[2024-12-17T03:46:43.190+0700][gc,heap     ] GC(131) Survivor regions: 3->6(7)
[2024-12-17T03:46:43.190+0700][gc,heap     ] GC(131) Old regions: 107->107
[2024-12-17T03:46:43.190+0700][gc,heap     ] GC(131) Archive regions: 2->2
[2024-12-17T03:46:43.190+0700][gc,heap     ] GC(131) Humongous regions: 129->129
[2024-12-17T03:46:43.190+0700][gc,metaspace] GC(131) Metaspace: 45268K(45888K)->45268K(45888K) NonClass: 40043K(40384K)->40043K(40384K) Class: 5225K(5504K)->5225K(5504K)
[2024-12-17T03:46:43.190+0700][gc          ] GC(131) Pause Young (Normal) (G1 Evacuation Pause) 287M->242M(1024M) 58.821ms
[2024-12-17T03:46:43.190+0700][gc,cpu      ] GC(131) User=0.10s Sys=0.00s Real=0.06s
[2024-12-17T03:48:23.686+0700][gc,start    ] GC(132) Pause Young (Normal) (G1 Evacuation Pause)
[2024-12-17T03:48:23.687+0700][gc,task     ] GC(132) Using 2 workers of 2 for evacuation
[2024-12-17T03:48:23.741+0700][gc,mmu      ] GC(132) MMU target violated: 21.0ms (20.0ms/21.0ms)
[2024-12-17T03:48:23.741+0700][gc,phases   ] GC(132)   Pre Evacuate Collection Set: 2.5ms
[2024-12-17T03:48:23.741+0700][gc,phases   ] GC(132)   Merge Heap Roots: 0.5ms
[2024-12-17T03:48:23.742+0700][gc,phases   ] GC(132)   Evacuate Collection Set: 49.0ms
[2024-12-17T03:48:23.742+0700][gc,phases   ] GC(132)   Post Evacuate Collection Set: 2.0ms
[2024-12-17T03:48:23.742+0700][gc,phases   ] GC(132)   Other: 1.4ms
[2024-12-17T03:48:23.742+0700][gc,heap     ] GC(132) Eden regions: 45->0(46)
[2024-12-17T03:48:23.742+0700][gc,heap     ] GC(132) Survivor regions: 6->5(7)
[2024-12-17T03:48:23.742+0700][gc,heap     ] GC(132) Old regions: 107->111
[2024-12-17T03:48:23.742+0700][gc,heap     ] GC(132) Archive regions: 2->2
[2024-12-17T03:48:23.742+0700][gc,heap     ] GC(132) Humongous regions: 129->129
[2024-12-17T03:48:23.742+0700][gc,metaspace] GC(132) Metaspace: 45270K(45888K)->45270K(45888K) NonClass: 40045K(40384K)->40045K(40384K) Class: 5225K(5504K)->5225K(5504K)
[2024-12-17T03:48:23.742+0700][gc          ] GC(132) Pause Young (Normal) (G1 Evacuation Pause) 287M->244M(1024M) 55.400ms
[2024-12-17T03:48:23.742+0700][gc,cpu      ] GC(132) User=0.11s Sys=0.00s Real=0.05s
[2024-12-17T03:50:10.243+0700][gc,start    ] GC(133) Pause Young (Normal) (G1 Evacuation Pause)
[2024-12-17T03:50:10.243+0700][gc,task     ] GC(133) Using 2 workers of 2 for evacuation
[2024-12-17T03:50:10.281+0700][gc,mmu      ] GC(133) MMU target violated: 21.0ms (20.0ms/21.0ms)
[2024-12-17T03:50:10.282+0700][gc,phases   ] GC(133)   Pre Evacuate Collection Set: 2.6ms
[2024-12-17T03:50:10.282+0700][gc,phases   ] GC(133)   Merge Heap Roots: 0.6ms
[2024-12-17T03:50:10.282+0700][gc,phases   ] GC(133)   Evacuate Collection Set: 32.1ms
[2024-12-17T03:50:10.282+0700][gc,phases   ] GC(133)   Post Evacuate Collection Set: 2.3ms
[2024-12-17T03:50:10.282+0700][gc,phases   ] GC(133)   Other: 1.4ms
[2024-12-17T03:50:10.282+0700][gc,heap     ] GC(133) Eden regions: 46->0(48)
[2024-12-17T03:50:10.282+0700][gc,heap     ] GC(133) Survivor regions: 5->3(7)
[2024-12-17T03:50:10.282+0700][gc,heap     ] GC(133) Old regions: 111->113
[2024-12-17T03:50:10.282+0700][gc,heap     ] GC(133) Archive regions: 2->2
[2024-12-17T03:50:10.282+0700][gc,heap     ] GC(133) Humongous regions: 129->129
[2024-12-17T03:50:10.282+0700][gc,metaspace] GC(133) Metaspace: 45270K(45888K)->45270K(45888K) NonClass: 40045K(40384K)->40045K(40384K) Class: 5225K(5504K)->5225K(5504K)
[2024-12-17T03:50:10.282+0700][gc          ] GC(133) Pause Young (Normal) (G1 Evacuation Pause) 290M->245M(1024M) 38.939ms
[2024-12-17T03:50:10.282+0700][gc,cpu      ] GC(133) User=0.07s Sys=0.00s Real=0.04s
[2024-12-17T03:51:58.762+0700][gc,start    ] GC(134) Pause Young (Normal) (G1 Evacuation Pause)
[2024-12-17T03:51:58.763+0700][gc,task     ] GC(134) Using 2 workers of 2 for evacuation
[2024-12-17T03:51:58.810+0700][gc,mmu      ] GC(134) MMU target violated: 21.0ms (20.0ms/21.0ms)
[2024-12-17T03:51:58.810+0700][gc,phases   ] GC(134)   Pre Evacuate Collection Set: 3.2ms
[2024-12-17T03:51:58.810+0700][gc,phases   ] GC(134)   Merge Heap Roots: 0.5ms
[2024-12-17T03:51:58.810+0700][gc,phases   ] GC(134)   Evacuate Collection Set: 41.2ms
[2024-12-17T03:51:58.810+0700][gc,phases   ] GC(134)   Post Evacuate Collection Set: 2.4ms
[2024-12-17T03:51:58.810+0700][gc,phases   ] GC(134)   Other: 1.1ms
[2024-12-17T03:51:58.810+0700][gc,heap     ] GC(134) Eden regions: 48->0(45)
[2024-12-17T03:51:58.810+0700][gc,heap     ] GC(134) Survivor regions: 3->6(7)
[2024-12-17T03:51:58.810+0700][gc,heap     ] GC(134) Old regions: 113->113
[2024-12-17T03:51:58.810+0700][gc,heap     ] GC(134) Archive regions: 2->2
[2024-12-17T03:51:58.810+0700][gc,heap     ] GC(134) Humongous regions: 129->129
[2024-12-17T03:51:58.810+0700][gc,metaspace] GC(134) Metaspace: 45293K(45888K)->45293K(45888K) NonClass: 40068K(40384K)->40068K(40384K) Class: 5225K(5504K)->5225K(5504K)
[2024-12-17T03:51:58.811+0700][gc          ] GC(134) Pause Young (Normal) (G1 Evacuation Pause) 293M->248M(1024M) 48.180ms
[2024-12-17T03:51:58.811+0700][gc,cpu      ] GC(134) User=0.09s Sys=0.00s Real=0.05s
[2024-12-17T03:53:39.744+0700][gc,start    ] GC(135) Pause Young (Normal) (G1 Evacuation Pause)
[2024-12-17T03:53:39.744+0700][gc,task     ] GC(135) Using 2 workers of 2 for evacuation
[2024-12-17T03:53:39.800+0700][gc,mmu      ] GC(135) MMU target violated: 21.0ms (20.0ms/21.0ms)
[2024-12-17T03:53:39.801+0700][gc,phases   ] GC(135)   Pre Evacuate Collection Set: 4.1ms
[2024-12-17T03:53:39.801+0700][gc,phases   ] GC(135)   Merge Heap Roots: 0.5ms
[2024-12-17T03:53:39.801+0700][gc,phases   ] GC(135)   Evacuate Collection Set: 47.8ms
[2024-12-17T03:53:39.801+0700][gc,phases   ] GC(135)   Post Evacuate Collection Set: 3.5ms
[2024-12-17T03:53:39.801+0700][gc,phases   ] GC(135)   Other: 1.2ms
[2024-12-17T03:53:39.801+0700][gc,heap     ] GC(135) Eden regions: 45->0(45)
[2024-12-17T03:53:39.801+0700][gc,heap     ] GC(135) Survivor regions: 6->6(7)
[2024-12-17T03:53:39.801+0700][gc,heap     ] GC(135) Old regions: 113->115
[2024-12-17T03:53:39.801+0700][gc,heap     ] GC(135) Archive regions: 2->2
[2024-12-17T03:53:39.801+0700][gc,heap     ] GC(135) Humongous regions: 129->129
[2024-12-17T03:53:39.801+0700][gc,metaspace] GC(135) Metaspace: 45294K(45888K)->45294K(45888K) NonClass: 40069K(40384K)->40069K(40384K) Class: 5225K(5504K)->5225K(5504K)
[2024-12-17T03:53:39.801+0700][gc          ] GC(135) Pause Young (Normal) (G1 Evacuation Pause) 293M->250M(1024M) 57.030ms
[2024-12-17T03:53:39.801+0700][gc,cpu      ] GC(135) User=0.11s Sys=0.00s Real=0.06s
[2024-12-17T03:55:21.365+0700][gc,start    ] GC(136) Pause Young (Normal) (G1 Evacuation Pause)
[2024-12-17T03:55:21.365+0700][gc,task     ] GC(136) Using 2 workers of 2 for evacuation
[2024-12-17T03:55:21.423+0700][gc,mmu      ] GC(136) MMU target violated: 21.0ms (20.0ms/21.0ms)
[2024-12-17T03:55:21.423+0700][gc,phases   ] GC(136)   Pre Evacuate Collection Set: 3.0ms
[2024-12-17T03:55:21.423+0700][gc,phases   ] GC(136)   Merge Heap Roots: 0.6ms
[2024-12-17T03:55:21.423+0700][gc,phases   ] GC(136)   Evacuate Collection Set: 50.7ms
[2024-12-17T03:55:21.423+0700][gc,phases   ] GC(136)   Post Evacuate Collection Set: 3.4ms
[2024-12-17T03:55:21.424+0700][gc,phases   ] GC(136)   Other: 1.4ms
[2024-12-17T03:55:21.424+0700][gc,heap     ] GC(136) Eden regions: 45->0(46)
[2024-12-17T03:55:21.424+0700][gc,heap     ] GC(136) Survivor regions: 6->5(7)
[2024-12-17T03:55:21.424+0700][gc,heap     ] GC(136) Old regions: 115->119
[2024-12-17T03:55:21.424+0700][gc,heap     ] GC(136) Archive regions: 2->2
[2024-12-17T03:55:21.424+0700][gc,heap     ] GC(136) Humongous regions: 129->129
[2024-12-17T03:55:21.424+0700][gc,metaspace] GC(136) Metaspace: 45294K(45888K)->45294K(45888K) NonClass: 40069K(40384K)->40069K(40384K) Class: 5225K(5504K)->5225K(5504K)
[2024-12-17T03:55:21.424+0700][gc          ] GC(136) Pause Young (Normal) (G1 Evacuation Pause) 295M->253M(1024M) 59.170ms
[2024-12-17T03:55:21.424+0700][gc,cpu      ] GC(136) User=0.11s Sys=0.00s Real=0.05s
[2024-12-17T03:57:04.924+0700][gc,start    ] GC(137) Pause Young (Normal) (G1 Evacuation Pause)
[2024-12-17T03:57:04.924+0700][gc,task     ] GC(137) Using 2 workers of 2 for evacuation
[2024-12-17T03:57:04.964+0700][gc,mmu      ] GC(137) MMU target violated: 21.0ms (20.0ms/21.0ms)
[2024-12-17T03:57:04.964+0700][gc,phases   ] GC(137)   Pre Evacuate Collection Set: 2.8ms
[2024-12-17T03:57:04.964+0700][gc,phases   ] GC(137)   Merge Heap Roots: 1.0ms
[2024-12-17T03:57:04.964+0700][gc,phases   ] GC(137)   Evacuate Collection Set: 32.2ms
[2024-12-17T03:57:04.964+0700][gc,phases   ] GC(137)   Post Evacuate Collection Set: 3.2ms
[2024-12-17T03:57:04.964+0700][gc,phases   ] GC(137)   Other: 1.3ms
[2024-12-17T03:57:04.964+0700][gc,heap     ] GC(137) Eden regions: 46->0(48)
[2024-12-17T03:57:04.964+0700][gc,heap     ] GC(137) Survivor regions: 5->3(7)
[2024-12-17T03:57:04.964+0700][gc,heap     ] GC(137) Old regions: 119->121
[2024-12-17T03:57:04.964+0700][gc,heap     ] GC(137) Archive regions: 2->2
[2024-12-17T03:57:04.964+0700][gc,heap     ] GC(137) Humongous regions: 129->129
[2024-12-17T03:57:04.964+0700][gc,metaspace] GC(137) Metaspace: 45296K(45888K)->45296K(45888K) NonClass: 40071K(40384K)->40071K(40384K) Class: 5225K(5504K)->5225K(5504K)
[2024-12-17T03:57:04.964+0700][gc          ] GC(137) Pause Young (Normal) (G1 Evacuation Pause) 299M->253M(1024M) 40.410ms
[2024-12-17T03:57:04.964+0700][gc,cpu      ] GC(137) User=0.07s Sys=0.00s Real=0.05s
[2024-12-17T03:58:52.917+0700][gc,start    ] GC(138) Pause Young (Normal) (G1 Evacuation Pause)
[2024-12-17T03:58:52.918+0700][gc,task     ] GC(138) Using 2 workers of 2 for evacuation
[2024-12-17T03:58:52.970+0700][gc,mmu      ] GC(138) MMU target violated: 21.0ms (20.0ms/21.0ms)
[2024-12-17T03:58:52.970+0700][gc,phases   ] GC(138)   Pre Evacuate Collection Set: 2.7ms
[2024-12-17T03:58:52.970+0700][gc,phases   ] GC(138)   Merge Heap Roots: 1.1ms
[2024-12-17T03:58:52.970+0700][gc,phases   ] GC(138)   Evacuate Collection Set: 44.4ms
[2024-12-17T03:58:52.970+0700][gc,phases   ] GC(138)   Post Evacuate Collection Set: 3.3ms
[2024-12-17T03:58:52.970+0700][gc,phases   ] GC(138)   Other: 1.4ms
[2024-12-17T03:58:52.970+0700][gc,heap     ] GC(138) Eden regions: 48->0(45)
[2024-12-17T03:58:52.970+0700][gc,heap     ] GC(138) Survivor regions: 3->6(7)
[2024-12-17T03:58:52.970+0700][gc,heap     ] GC(138) Old regions: 121->121
[2024-12-17T03:58:52.970+0700][gc,heap     ] GC(138) Archive regions: 2->2
[2024-12-17T03:58:52.970+0700][gc,heap     ] GC(138) Humongous regions: 129->129
[2024-12-17T03:58:52.970+0700][gc,metaspace] GC(138) Metaspace: 45296K(45888K)->45296K(45888K) NonClass: 40071K(40384K)->40071K(40384K) Class: 5225K(5504K)->5225K(5504K)
[2024-12-17T03:58:52.970+0700][gc          ] GC(138) Pause Young (Normal) (G1 Evacuation Pause) 301M->256M(1024M) 53.057ms
[2024-12-17T03:58:52.970+0700][gc,cpu      ] GC(138) User=0.10s Sys=0.00s Real=0.05s
[2024-12-17T04:00:36.931+0700][gc,start    ] GC(139) Pause Young (Normal) (G1 Evacuation Pause)
[2024-12-17T04:00:36.932+0700][gc,task     ] GC(139) Using 2 workers of 2 for evacuation
[2024-12-17T04:00:36.990+0700][gc,mmu      ] GC(139) MMU target violated: 21.0ms (20.0ms/21.0ms)
[2024-12-17T04:00:36.990+0700][gc,phases   ] GC(139)   Pre Evacuate Collection Set: 4.1ms
[2024-12-17T04:00:36.990+0700][gc,phases   ] GC(139)   Merge Heap Roots: 1.0ms
[2024-12-17T04:00:36.990+0700][gc,phases   ] GC(139)   Evacuate Collection Set: 49.9ms
[2024-12-17T04:00:36.990+0700][gc,phases   ] GC(139)   Post Evacuate Collection Set: 2.5ms
[2024-12-17T04:00:36.990+0700][gc,phases   ] GC(139)   Other: 1.5ms
[2024-12-17T04:00:36.990+0700][gc,heap     ] GC(139) Eden regions: 45->0(45)
[2024-12-17T04:00:36.990+0700][gc,heap     ] GC(139) Survivor regions: 6->6(7)
[2024-12-17T04:00:36.990+0700][gc,heap     ] GC(139) Old regions: 121->123
[2024-12-17T04:00:36.990+0700][gc,heap     ] GC(139) Archive regions: 2->2
[2024-12-17T04:00:36.990+0700][gc,heap     ] GC(139) Humongous regions: 129->129
[2024-12-17T04:00:36.990+0700][gc,metaspace] GC(139) Metaspace: 45296K(45888K)->45296K(45888K) NonClass: 40071K(40384K)->40071K(40384K) Class: 5225K(5504K)->5225K(5504K)
[2024-12-17T04:00:36.991+0700][gc          ] GC(139) Pause Young (Normal) (G1 Evacuation Pause) 301M->258M(1024M) 59.147ms
[2024-12-17T04:00:36.991+0700][gc,cpu      ] GC(139) User=0.11s Sys=0.00s Real=0.06s
[2024-12-17T04:02:21.393+0700][gc,start    ] GC(140) Pause Young (Normal) (G1 Evacuation Pause)
[2024-12-17T04:02:21.394+0700][gc,task     ] GC(140) Using 2 workers of 2 for evacuation
[2024-12-17T04:02:21.460+0700][gc,mmu      ] GC(140) MMU target violated: 21.0ms (20.0ms/21.0ms)
[2024-12-17T04:02:21.461+0700][gc,phases   ] GC(140)   Pre Evacuate Collection Set: 3.7ms
[2024-12-17T04:02:21.461+0700][gc,phases   ] GC(140)   Merge Heap Roots: 0.9ms
[2024-12-17T04:02:21.461+0700][gc,phases   ] GC(140)   Evacuate Collection Set: 58.2ms
[2024-12-17T04:02:21.461+0700][gc,phases   ] GC(140)   Post Evacuate Collection Set: 3.5ms
[2024-12-17T04:02:21.461+0700][gc,phases   ] GC(140)   Other: 1.4ms
[2024-12-17T04:02:21.461+0700][gc,heap     ] GC(140) Eden regions: 45->0(46)
[2024-12-17T04:02:21.461+0700][gc,heap     ] GC(140) Survivor regions: 6->5(7)
[2024-12-17T04:02:21.461+0700][gc,heap     ] GC(140) Old regions: 123->127
[2024-12-17T04:02:21.461+0700][gc,heap     ] GC(140) Archive regions: 2->2
[2024-12-17T04:02:21.461+0700][gc,heap     ] GC(140) Humongous regions: 129->129
[2024-12-17T04:02:21.461+0700][gc,metaspace] GC(140) Metaspace: 45296K(45888K)->45296K(45888K) NonClass: 40071K(40384K)->40071K(40384K) Class: 5225K(5504K)->5225K(5504K)
[2024-12-17T04:02:21.461+0700][gc          ] GC(140) Pause Young (Normal) (G1 Evacuation Pause) 303M->261M(1024M) 67.522ms
[2024-12-17T04:02:21.461+0700][gc,cpu      ] GC(140) User=0.12s Sys=0.00s Real=0.07s
[2024-12-17T04:04:07.920+0700][gc,start    ] GC(141) Pause Young (Normal) (G1 Evacuation Pause)
[2024-12-17T04:04:07.920+0700][gc,task     ] GC(141) Using 2 workers of 2 for evacuation
[2024-12-17T04:04:07.960+0700][gc,mmu      ] GC(141) MMU target violated: 21.0ms (20.0ms/21.0ms)
[2024-12-17T04:04:07.960+0700][gc,phases   ] GC(141)   Pre Evacuate Collection Set: 2.7ms
[2024-12-17T04:04:07.960+0700][gc,phases   ] GC(141)   Merge Heap Roots: 0.6ms
[2024-12-17T04:04:07.960+0700][gc,phases   ] GC(141)   Evacuate Collection Set: 32.4ms
[2024-12-17T04:04:07.960+0700][gc,phases   ] GC(141)   Post Evacuate Collection Set: 3.3ms
[2024-12-17T04:04:07.960+0700][gc,phases   ] GC(141)   Other: 1.6ms
[2024-12-17T04:04:07.960+0700][gc,heap     ] GC(141) Eden regions: 46->0(48)
[2024-12-17T04:04:07.960+0700][gc,heap     ] GC(141) Survivor regions: 5->3(7)
[2024-12-17T04:04:07.960+0700][gc,heap     ] GC(141) Old regions: 127->129
[2024-12-17T04:04:07.960+0700][gc,heap     ] GC(141) Archive regions: 2->2
[2024-12-17T04:04:07.960+0700][gc,heap     ] GC(141) Humongous regions: 129->129
[2024-12-17T04:04:07.960+0700][gc,metaspace] GC(141) Metaspace: 45296K(45888K)->45296K(45888K) NonClass: 40071K(40384K)->40071K(40384K) Class: 5225K(5504K)->5225K(5504K)
[2024-12-17T04:04:07.960+0700][gc          ] GC(141) Pause Young (Normal) (G1 Evacuation Pause) 307M->261M(1024M) 40.636ms
[2024-12-17T04:04:07.960+0700][gc,cpu      ] GC(141) User=0.08s Sys=0.00s Real=0.04s
[2024-12-17T04:05:57.682+0700][gc,start    ] GC(142) Pause Young (Normal) (G1 Evacuation Pause)
[2024-12-17T04:05:57.682+0700][gc,task     ] GC(142) Using 2 workers of 2 for evacuation
[2024-12-17T04:05:57.740+0700][gc,mmu      ] GC(142) MMU target violated: 21.0ms (20.0ms/21.0ms)
[2024-12-17T04:05:57.740+0700][gc,phases   ] GC(142)   Pre Evacuate Collection Set: 5.9ms
[2024-12-17T04:05:57.740+0700][gc,phases   ] GC(142)   Merge Heap Roots: 1.0ms
[2024-12-17T04:05:57.740+0700][gc,phases   ] GC(142)   Evacuate Collection Set: 47.1ms
[2024-12-17T04:05:57.740+0700][gc,phases   ] GC(142)   Post Evacuate Collection Set: 3.4ms
[2024-12-17T04:05:57.740+0700][gc,phases   ] GC(142)   Other: 2.2ms
[2024-12-17T04:05:57.740+0700][gc,heap     ] GC(142) Eden regions: 48->0(45)
[2024-12-17T04:05:57.740+0700][gc,heap     ] GC(142) Survivor regions: 3->6(7)
[2024-12-17T04:05:57.740+0700][gc,heap     ] GC(142) Old regions: 129->129
[2024-12-17T04:05:57.740+0700][gc,heap     ] GC(142) Archive regions: 2->2
[2024-12-17T04:05:57.740+0700][gc,heap     ] GC(142) Humongous regions: 129->129
[2024-12-17T04:05:57.740+0700][gc,metaspace] GC(142) Metaspace: 45296K(45888K)->45296K(45888K) NonClass: 40071K(40384K)->40071K(40384K) Class: 5225K(5504K)->5225K(5504K)
[2024-12-17T04:05:57.741+0700][gc          ] GC(142) Pause Young (Normal) (G1 Evacuation Pause) 309M->264M(1024M) 58.947ms
[2024-12-17T04:05:57.741+0700][gc,cpu      ] GC(142) User=0.12s Sys=0.00s Real=0.06s
[2024-12-17T04:07:38.376+0700][gc,start    ] GC(143) Pause Young (Normal) (G1 Evacuation Pause)
[2024-12-17T04:07:38.376+0700][gc,task     ] GC(143) Using 2 workers of 2 for evacuation
[2024-12-17T04:07:38.445+0700][gc,mmu      ] GC(143) MMU target violated: 21.0ms (20.0ms/21.0ms)
[2024-12-17T04:07:38.446+0700][gc,phases   ] GC(143)   Pre Evacuate Collection Set: 3.7ms
[2024-12-17T04:07:38.446+0700][gc,phases   ] GC(143)   Merge Heap Roots: 1.7ms
[2024-12-17T04:07:38.446+0700][gc,phases   ] GC(143)   Evacuate Collection Set: 60.3ms
[2024-12-17T04:07:38.446+0700][gc,phases   ] GC(143)   Post Evacuate Collection Set: 3.5ms
[2024-12-17T04:07:38.446+0700][gc,phases   ] GC(143)   Other: 1.3ms
[2024-12-17T04:07:38.446+0700][gc,heap     ] GC(143) Eden regions: 45->0(44)
[2024-12-17T04:07:38.446+0700][gc,heap     ] GC(143) Survivor regions: 6->7(7)
[2024-12-17T04:07:38.446+0700][gc,heap     ] GC(143) Old regions: 129->131
[2024-12-17T04:07:38.446+0700][gc,heap     ] GC(143) Archive regions: 2->2
[2024-12-17T04:07:38.446+0700][gc,heap     ] GC(143) Humongous regions: 129->129
[2024-12-17T04:07:38.446+0700][gc,metaspace] GC(143) Metaspace: 45296K(45888K)->45296K(45888K) NonClass: 40071K(40384K)->40071K(40384K) Class: 5225K(5504K)->5225K(5504K)
[2024-12-17T04:07:38.446+0700][gc          ] GC(143) Pause Young (Normal) (G1 Evacuation Pause) 309M->267M(1024M) 70.254ms
[2024-12-17T04:07:38.446+0700][gc,cpu      ] GC(143) User=0.13s Sys=0.00s Real=0.08s
[2024-12-17T04:09:20.128+0700][gc,start    ] GC(144) Pause Young (Normal) (G1 Evacuation Pause)
[2024-12-17T04:09:20.128+0700][gc,task     ] GC(144) Using 2 workers of 2 for evacuation
[2024-12-17T04:09:20.188+0700][gc,mmu      ] GC(144) MMU target violated: 21.0ms (20.0ms/21.0ms)
[2024-12-17T04:09:20.188+0700][gc,phases   ] GC(144)   Pre Evacuate Collection Set: 5.1ms
[2024-12-17T04:09:20.188+0700][gc,phases   ] GC(144)   Merge Heap Roots: 0.6ms
[2024-12-17T04:09:20.188+0700][gc,phases   ] GC(144)   Evacuate Collection Set: 50.1ms
[2024-12-17T04:09:20.188+0700][gc,phases   ] GC(144)   Post Evacuate Collection Set: 3.5ms
[2024-12-17T04:09:20.188+0700][gc,phases   ] GC(144)   Other: 1.0ms
[2024-12-17T04:09:20.188+0700][gc,heap     ] GC(144) Eden regions: 44->0(46)
[2024-12-17T04:09:20.188+0700][gc,heap     ] GC(144) Survivor regions: 7->5(7)
[2024-12-17T04:09:20.188+0700][gc,heap     ] GC(144) Old regions: 131->135
[2024-12-17T04:09:20.188+0700][gc,heap     ] GC(144) Archive regions: 2->2
[2024-12-17T04:09:20.188+0700][gc,heap     ] GC(144) Humongous regions: 129->129
[2024-12-17T04:09:20.188+0700][gc,metaspace] GC(144) Metaspace: 45296K(45888K)->45296K(45888K) NonClass: 40071K(40384K)->40071K(40384K) Class: 5225K(5504K)->5225K(5504K)
[2024-12-17T04:09:20.188+0700][gc          ] GC(144) Pause Young (Normal) (G1 Evacuation Pause) 311M->269M(1024M) 60.365ms
[2024-12-17T04:09:20.188+0700][gc,cpu      ] GC(144) User=0.11s Sys=0.00s Real=0.06s
[2024-12-17T04:11:02.009+0700][gc,start    ] GC(145) Pause Young (Normal) (G1 Evacuation Pause)
[2024-12-17T04:11:02.009+0700][gc,task     ] GC(145) Using 2 workers of 2 for evacuation
[2024-12-17T04:11:02.054+0700][gc,mmu      ] GC(145) MMU target violated: 21.0ms (20.0ms/21.0ms)
[2024-12-17T04:11:02.054+0700][gc,phases   ] GC(145)   Pre Evacuate Collection Set: 3.2ms
[2024-12-17T04:11:02.054+0700][gc,phases   ] GC(145)   Merge Heap Roots: 1.4ms
[2024-12-17T04:11:02.054+0700][gc,phases   ] GC(145)   Evacuate Collection Set: 37.0ms
[2024-12-17T04:11:02.054+0700][gc,phases   ] GC(145)   Post Evacuate Collection Set: 2.8ms
[2024-12-17T04:11:02.054+0700][gc,phases   ] GC(145)   Other: 1.3ms
[2024-12-17T04:11:02.054+0700][gc,heap     ] GC(145) Eden regions: 46->0(47)
[2024-12-17T04:11:02.054+0700][gc,heap     ] GC(145) Survivor regions: 5->4(7)
[2024-12-17T04:11:02.054+0700][gc,heap     ] GC(145) Old regions: 135->137
[2024-12-17T04:11:02.054+0700][gc,heap     ] GC(145) Archive regions: 2->2
[2024-12-17T04:11:02.054+0700][gc,heap     ] GC(145) Humongous regions: 129->129
[2024-12-17T04:11:02.054+0700][gc,metaspace] GC(145) Metaspace: 45296K(45888K)->45296K(45888K) NonClass: 40071K(40384K)->40071K(40384K) Class: 5225K(5504K)->5225K(5504K)
[2024-12-17T04:11:02.054+0700][gc          ] GC(145) Pause Young (Normal) (G1 Evacuation Pause) 315M->270M(1024M) 45.813ms
[2024-12-17T04:11:02.054+0700][gc,cpu      ] GC(145) User=0.08s Sys=0.00s Real=0.04s
[2024-12-17T04:12:47.074+0700][gc,start    ] GC(146) Pause Young (Normal) (G1 Evacuation Pause)
[2024-12-17T04:12:47.074+0700][gc,task     ] GC(146) Using 2 workers of 2 for evacuation
[2024-12-17T04:12:47.120+0700][gc,mmu      ] GC(146) MMU target violated: 21.0ms (20.0ms/21.0ms)
[2024-12-17T04:12:47.120+0700][gc,phases   ] GC(146)   Pre Evacuate Collection Set: 2.7ms
[2024-12-17T04:12:47.120+0700][gc,phases   ] GC(146)   Merge Heap Roots: 0.6ms
[2024-12-17T04:12:47.120+0700][gc,phases   ] GC(146)   Evacuate Collection Set: 39.9ms
[2024-12-17T04:12:47.120+0700][gc,phases   ] GC(146)   Post Evacuate Collection Set: 2.4ms
[2024-12-17T04:12:47.120+0700][gc,phases   ] GC(146)   Other: 1.4ms
[2024-12-17T04:12:47.120+0700][gc,heap     ] GC(146) Eden regions: 47->0(47)
[2024-12-17T04:12:47.120+0700][gc,heap     ] GC(146) Survivor regions: 4->4(7)
[2024-12-17T04:12:47.121+0700][gc,heap     ] GC(146) Old regions: 137->140
[2024-12-17T04:12:47.121+0700][gc,heap     ] GC(146) Archive regions: 2->2
[2024-12-17T04:12:47.121+0700][gc,heap     ] GC(146) Humongous regions: 129->129
[2024-12-17T04:12:47.121+0700][gc,metaspace] GC(146) Metaspace: 45298K(45888K)->45298K(45888K) NonClass: 40073K(40384K)->40073K(40384K) Class: 5225K(5504K)->5225K(5504K)
[2024-12-17T04:12:47.121+0700][gc          ] GC(146) Pause Young (Normal) (G1 Evacuation Pause) 317M->272M(1024M) 47.073ms
[2024-12-17T04:12:47.121+0700][gc,cpu      ] GC(146) User=0.09s Sys=0.00s Real=0.05s
[2024-12-17T04:14:36.238+0700][gc,start    ] GC(147) Pause Young (Normal) (G1 Evacuation Pause)
[2024-12-17T04:14:36.239+0700][gc,task     ] GC(147) Using 2 workers of 2 for evacuation
[2024-12-17T04:14:36.292+0700][gc,mmu      ] GC(147) MMU target violated: 21.0ms (20.0ms/21.0ms)
[2024-12-17T04:14:36.293+0700][gc,phases   ] GC(147)   Pre Evacuate Collection Set: 3.6ms
[2024-12-17T04:14:36.293+0700][gc,phases   ] GC(147)   Merge Heap Roots: 0.6ms
[2024-12-17T04:14:36.293+0700][gc,phases   ] GC(147)   Evacuate Collection Set: 45.8ms
[2024-12-17T04:14:36.293+0700][gc,phases   ] GC(147)   Post Evacuate Collection Set: 3.3ms
[2024-12-17T04:14:36.293+0700][gc,phases   ] GC(147)   Other: 1.5ms
[2024-12-17T04:14:36.293+0700][gc,heap     ] GC(147) Eden regions: 47->0(46)
[2024-12-17T04:14:36.293+0700][gc,heap     ] GC(147) Survivor regions: 4->5(7)
[2024-12-17T04:14:36.293+0700][gc,heap     ] GC(147) Old regions: 140->142
[2024-12-17T04:14:36.293+0700][gc,heap     ] GC(147) Archive regions: 2->2
[2024-12-17T04:14:36.293+0700][gc,heap     ] GC(147) Humongous regions: 129->129
[2024-12-17T04:14:36.293+0700][gc,metaspace] GC(147) Metaspace: 45298K(45888K)->45298K(45888K) NonClass: 40073K(40384K)->40073K(40384K) Class: 5225K(5504K)->5225K(5504K)
[2024-12-17T04:14:36.293+0700][gc          ] GC(147) Pause Young (Normal) (G1 Evacuation Pause) 319M->276M(1024M) 54.720ms
[2024-12-17T04:14:36.293+0700][gc,cpu      ] GC(147) User=0.10s Sys=0.00s Real=0.05s
[2024-12-17T04:16:22.682+0700][gc,start    ] GC(148) Pause Young (Normal) (G1 Evacuation Pause)
[2024-12-17T04:16:22.683+0700][gc,task     ] GC(148) Using 2 workers of 2 for evacuation
[2024-12-17T04:16:22.718+0700][gc,mmu      ] GC(148) MMU target violated: 21.0ms (20.0ms/21.0ms)
[2024-12-17T04:16:22.718+0700][gc,phases   ] GC(148)   Pre Evacuate Collection Set: 2.7ms
[2024-12-17T04:16:22.718+0700][gc,phases   ] GC(148)   Merge Heap Roots: 0.6ms
[2024-12-17T04:16:22.718+0700][gc,phases   ] GC(148)   Evacuate Collection Set: 28.4ms
[2024-12-17T04:16:22.718+0700][gc,phases   ] GC(148)   Post Evacuate Collection Set: 2.8ms
[2024-12-17T04:16:22.718+0700][gc,phases   ] GC(148)   Other: 1.3ms
[2024-12-17T04:16:22.718+0700][gc,heap     ] GC(148) Eden regions: 46->0(48)
[2024-12-17T04:16:22.718+0700][gc,heap     ] GC(148) Survivor regions: 5->3(7)
[2024-12-17T04:16:22.718+0700][gc,heap     ] GC(148) Old regions: 142->144
[2024-12-17T04:16:22.718+0700][gc,heap     ] GC(148) Archive regions: 2->2
[2024-12-17T04:16:22.718+0700][gc,heap     ] GC(148) Humongous regions: 129->129
[2024-12-17T04:16:22.718+0700][gc,metaspace] GC(148) Metaspace: 45298K(45888K)->45298K(45888K) NonClass: 40073K(40384K)->40073K(40384K) Class: 5225K(5504K)->5225K(5504K)
[2024-12-17T04:16:22.718+0700][gc          ] GC(148) Pause Young (Normal) (G1 Evacuation Pause) 322M->276M(1024M) 35.625ms
[2024-12-17T04:16:22.718+0700][gc,cpu      ] GC(148) User=0.07s Sys=0.00s Real=0.04s
[2024-12-17T04:18:14.278+0700][gc,start    ] GC(149) Pause Young (Normal) (G1 Evacuation Pause)
[2024-12-17T04:18:14.278+0700][gc,task     ] GC(149) Using 2 workers of 2 for evacuation
[2024-12-17T04:18:14.325+0700][gc,mmu      ] GC(149) MMU target violated: 21.0ms (20.0ms/21.0ms)
[2024-12-17T04:18:14.325+0700][gc,phases   ] GC(149)   Pre Evacuate Collection Set: 3.4ms
[2024-12-17T04:18:14.325+0700][gc,phases   ] GC(149)   Merge Heap Roots: 0.6ms
[2024-12-17T04:18:14.325+0700][gc,phases   ] GC(149)   Evacuate Collection Set: 39.2ms
[2024-12-17T04:18:14.325+0700][gc,phases   ] GC(149)   Post Evacuate Collection Set: 3.6ms
[2024-12-17T04:18:14.325+0700][gc,phases   ] GC(149)   Other: 1.3ms
[2024-12-17T04:18:14.325+0700][gc,heap     ] GC(149) Eden regions: 48->0(45)
[2024-12-17T04:18:14.325+0700][gc,heap     ] GC(149) Survivor regions: 3->6(7)
[2024-12-17T04:18:14.325+0700][gc,heap     ] GC(149) Old regions: 144->144
[2024-12-17T04:18:14.325+0700][gc,heap     ] GC(149) Archive regions: 2->2
[2024-12-17T04:18:14.326+0700][gc,heap     ] GC(149) Humongous regions: 129->129
[2024-12-17T04:18:14.326+0700][gc,metaspace] GC(149) Metaspace: 45298K(45888K)->45298K(45888K) NonClass: 40073K(40384K)->40073K(40384K) Class: 5225K(5504K)->5225K(5504K)
[2024-12-17T04:18:14.326+0700][gc          ] GC(149) Pause Young (Normal) (G1 Evacuation Pause) 324M->278M(1024M) 48.066ms
[2024-12-17T04:18:14.326+0700][gc,cpu      ] GC(149) User=0.09s Sys=0.00s Real=0.05s
[2024-12-17T04:19:58.561+0700][gc,start    ] GC(150) Pause Young (Normal) (G1 Evacuation Pause)
[2024-12-17T04:19:58.561+0700][gc,task     ] GC(150) Using 2 workers of 2 for evacuation
[2024-12-17T04:19:58.616+0700][gc,mmu      ] GC(150) MMU target violated: 21.0ms (20.0ms/21.0ms)
[2024-12-17T04:19:58.616+0700][gc,phases   ] GC(150)   Pre Evacuate Collection Set: 2.8ms
[2024-12-17T04:19:58.616+0700][gc,phases   ] GC(150)   Merge Heap Roots: 0.8ms
[2024-12-17T04:19:58.616+0700][gc,phases   ] GC(150)   Evacuate Collection Set: 47.4ms
[2024-12-17T04:19:58.616+0700][gc,phases   ] GC(150)   Post Evacuate Collection Set: 3.2ms
[2024-12-17T04:19:58.616+0700][gc,phases   ] GC(150)   Other: 1.4ms
[2024-12-17T04:19:58.616+0700][gc,heap     ] GC(150) Eden regions: 45->0(45)
[2024-12-17T04:19:58.616+0700][gc,heap     ] GC(150) Survivor regions: 6->6(7)
[2024-12-17T04:19:58.616+0700][gc,heap     ] GC(150) Old regions: 144->146
[2024-12-17T04:19:58.616+0700][gc,heap     ] GC(150) Archive regions: 2->2
[2024-12-17T04:19:58.616+0700][gc,heap     ] GC(150) Humongous regions: 129->129
[2024-12-17T04:19:58.616+0700][gc,metaspace] GC(150) Metaspace: 45298K(45888K)->45298K(45888K) NonClass: 40073K(40384K)->40073K(40384K) Class: 5225K(5504K)->5225K(5504K)
[2024-12-17T04:19:58.616+0700][gc          ] GC(150) Pause Young (Normal) (G1 Evacuation Pause) 323M->281M(1024M) 55.724ms
[2024-12-17T04:19:58.616+0700][gc,cpu      ] GC(150) User=0.10s Sys=0.00s Real=0.06s
[2024-12-17T04:21:41.134+0700][gc,start    ] GC(151) Pause Young (Normal) (G1 Evacuation Pause)
[2024-12-17T04:21:41.134+0700][gc,task     ] GC(151) Using 2 workers of 2 for evacuation
[2024-12-17T04:21:41.200+0700][gc,mmu      ] GC(151) MMU target violated: 21.0ms (20.0ms/21.0ms)
[2024-12-17T04:21:41.200+0700][gc,phases   ] GC(151)   Pre Evacuate Collection Set: 2.7ms
[2024-12-17T04:21:41.200+0700][gc,phases   ] GC(151)   Merge Heap Roots: 0.7ms
[2024-12-17T04:21:41.200+0700][gc,phases   ] GC(151)   Evacuate Collection Set: 59.5ms
[2024-12-17T04:21:41.200+0700][gc,phases   ] GC(151)   Post Evacuate Collection Set: 2.2ms
[2024-12-17T04:21:41.200+0700][gc,phases   ] GC(151)   Other: 1.4ms
[2024-12-17T04:21:41.200+0700][gc,heap     ] GC(151) Eden regions: 45->0(46)
[2024-12-17T04:21:41.200+0700][gc,heap     ] GC(151) Survivor regions: 6->5(7)
[2024-12-17T04:21:41.200+0700][gc,heap     ] GC(151) Old regions: 146->150
[2024-12-17T04:21:41.200+0700][gc,heap     ] GC(151) Archive regions: 2->2
[2024-12-17T04:21:41.200+0700][gc,heap     ] GC(151) Humongous regions: 129->129
[2024-12-17T04:21:41.200+0700][gc,metaspace] GC(151) Metaspace: 45299K(45888K)->45299K(45888K) NonClass: 40074K(40384K)->40074K(40384K) Class: 5225K(5504K)->5225K(5504K)
[2024-12-17T04:21:41.200+0700][gc          ] GC(151) Pause Young (Normal) (G1 Evacuation Pause) 326M->283M(1024M) 66.393ms
[2024-12-17T04:21:41.200+0700][gc,cpu      ] GC(151) User=0.12s Sys=0.01s Real=0.07s
[2024-12-17T04:23:22.708+0700][gc,start    ] GC(152) Pause Young (Normal) (G1 Evacuation Pause)
[2024-12-17T04:23:22.709+0700][gc,task     ] GC(152) Using 2 workers of 2 for evacuation
[2024-12-17T04:23:22.754+0700][gc,mmu      ] GC(152) MMU target violated: 21.0ms (20.0ms/21.0ms)
[2024-12-17T04:23:22.754+0700][gc,phases   ] GC(152)   Pre Evacuate Collection Set: 0.7ms
[2024-12-17T04:23:22.754+0700][gc,phases   ] GC(152)   Merge Heap Roots: 0.8ms
[2024-12-17T04:23:22.754+0700][gc,phases   ] GC(152)   Evacuate Collection Set: 39.6ms
[2024-12-17T04:23:22.754+0700][gc,phases   ] GC(152)   Post Evacuate Collection Set: 3.8ms
[2024-12-17T04:23:22.754+0700][gc,phases   ] GC(152)   Other: 0.7ms
[2024-12-17T04:23:22.754+0700][gc,heap     ] GC(152) Eden regions: 46->0(48)
[2024-12-17T04:23:22.754+0700][gc,heap     ] GC(152) Survivor regions: 5->3(7)
[2024-12-17T04:23:22.754+0700][gc,heap     ] GC(152) Old regions: 150->152
[2024-12-17T04:23:22.754+0700][gc,heap     ] GC(152) Archive regions: 2->2
[2024-12-17T04:23:22.754+0700][gc,heap     ] GC(152) Humongous regions: 129->129
[2024-12-17T04:23:22.754+0700][gc,metaspace] GC(152) Metaspace: 45300K(45888K)->45300K(45888K) NonClass: 40075K(40384K)->40075K(40384K) Class: 5225K(5504K)->5225K(5504K)
[2024-12-17T04:23:22.754+0700][gc          ] GC(152) Pause Young (Normal) (G1 Evacuation Pause) 329M->284M(1024M) 45.731ms
[2024-12-17T04:23:22.754+0700][gc,cpu      ] GC(152) User=0.08s Sys=0.00s Real=0.04s
[2024-12-17T04:25:12.712+0700][gc,start    ] GC(153) Pause Young (Normal) (G1 Evacuation Pause)
[2024-12-17T04:25:12.712+0700][gc,task     ] GC(153) Using 2 workers of 2 for evacuation
[2024-12-17T04:25:12.756+0700][gc,mmu      ] GC(153) MMU target violated: 21.0ms (20.0ms/21.0ms)
[2024-12-17T04:25:12.756+0700][gc,phases   ] GC(153)   Pre Evacuate Collection Set: 2.6ms
[2024-12-17T04:25:12.756+0700][gc,phases   ] GC(153)   Merge Heap Roots: 1.1ms
[2024-12-17T04:25:12.756+0700][gc,phases   ] GC(153)   Evacuate Collection Set: 36.1ms
[2024-12-17T04:25:12.756+0700][gc,phases   ] GC(153)   Post Evacuate Collection Set: 3.2ms
[2024-12-17T04:25:12.756+0700][gc,phases   ] GC(153)   Other: 1.0ms
[2024-12-17T04:25:12.756+0700][gc,heap     ] GC(153) Eden regions: 48->0(45)
[2024-12-17T04:25:12.756+0700][gc,heap     ] GC(153) Survivor regions: 3->6(7)
[2024-12-17T04:25:12.756+0700][gc,heap     ] GC(153) Old regions: 152->152
[2024-12-17T04:25:12.756+0700][gc,heap     ] GC(153) Archive regions: 2->2
[2024-12-17T04:25:12.756+0700][gc,heap     ] GC(153) Humongous regions: 129->129
[2024-12-17T04:25:12.756+0700][gc,metaspace] GC(153) Metaspace: 45300K(45888K)->45300K(45888K) NonClass: 40075K(40384K)->40075K(40384K) Class: 5225K(5504K)->5225K(5504K)
[2024-12-17T04:25:12.756+0700][gc          ] GC(153) Pause Young (Normal) (G1 Evacuation Pause) 332M->287M(1024M) 44.041ms
[2024-12-17T04:25:12.756+0700][gc,cpu      ] GC(153) User=0.07s Sys=0.01s Real=0.05s
[2024-12-17T04:26:53.277+0700][gc,start    ] GC(154) Pause Young (Normal) (G1 Evacuation Pause)
[2024-12-17T04:26:53.277+0700][gc,task     ] GC(154) Using 2 workers of 2 for evacuation
[2024-12-17T04:26:53.330+0700][gc,mmu      ] GC(154) MMU target violated: 21.0ms (20.0ms/21.0ms)
[2024-12-17T04:26:53.330+0700][gc,phases   ] GC(154)   Pre Evacuate Collection Set: 3.2ms
[2024-12-17T04:26:53.330+0700][gc,phases   ] GC(154)   Merge Heap Roots: 0.4ms
[2024-12-17T04:26:53.330+0700][gc,phases   ] GC(154)   Evacuate Collection Set: 45.5ms
[2024-12-17T04:26:53.330+0700][gc,phases   ] GC(154)   Post Evacuate Collection Set: 3.2ms
[2024-12-17T04:26:53.330+0700][gc,phases   ] GC(154)   Other: 1.1ms
[2024-12-17T04:26:53.330+0700][gc,heap     ] GC(154) Eden regions: 45->0(45)
[2024-12-17T04:26:53.330+0700][gc,heap     ] GC(154) Survivor regions: 6->6(7)
[2024-12-17T04:26:53.330+0700][gc,heap     ] GC(154) Old regions: 152->154
[2024-12-17T04:26:53.330+0700][gc,heap     ] GC(154) Archive regions: 2->2
[2024-12-17T04:26:53.330+0700][gc,heap     ] GC(154) Humongous regions: 129->129
[2024-12-17T04:26:53.330+0700][gc,metaspace] GC(154) Metaspace: 45307K(45888K)->45307K(45888K) NonClass: 40082K(40384K)->40082K(40384K) Class: 5225K(5504K)->5225K(5504K)
[2024-12-17T04:26:53.330+0700][gc          ] GC(154) Pause Young (Normal) (G1 Evacuation Pause) 332M->289M(1024M) 53.575ms
[2024-12-17T04:26:53.330+0700][gc,cpu      ] GC(154) User=0.09s Sys=0.00s Real=0.05s
[2024-12-17T04:28:30.775+0700][gc,start    ] GC(155) Pause Young (Normal) (G1 Evacuation Pause)
[2024-12-17T04:28:30.775+0700][gc,task     ] GC(155) Using 2 workers of 2 for evacuation
[2024-12-17T04:28:30.821+0700][gc,mmu      ] GC(155) MMU target violated: 21.0ms (20.0ms/21.0ms)
[2024-12-17T04:28:30.822+0700][gc,phases   ] GC(155)   Pre Evacuate Collection Set: 2.8ms
[2024-12-17T04:28:30.822+0700][gc,phases   ] GC(155)   Merge Heap Roots: 0.9ms
[2024-12-17T04:28:30.822+0700][gc,phases   ] GC(155)   Evacuate Collection Set: 40.0ms
[2024-12-17T04:28:30.822+0700][gc,phases   ] GC(155)   Post Evacuate Collection Set: 2.5ms
[2024-12-17T04:28:30.822+0700][gc,phases   ] GC(155)   Other: 1.1ms
[2024-12-17T04:28:30.822+0700][gc,heap     ] GC(155) Eden regions: 45->0(48)
[2024-12-17T04:28:30.822+0700][gc,heap     ] GC(155) Survivor regions: 6->3(7)
[2024-12-17T04:28:30.822+0700][gc,heap     ] GC(155) Old regions: 154->158
[2024-12-17T04:28:30.822+0700][gc,heap     ] GC(155) Archive regions: 2->2
[2024-12-17T04:28:30.822+0700][gc,heap     ] GC(155) Humongous regions: 129->129
[2024-12-17T04:28:30.822+0700][gc,metaspace] GC(155) Metaspace: 45308K(45888K)->45308K(45888K) NonClass: 40083K(40384K)->40083K(40384K) Class: 5225K(5504K)->5225K(5504K)
[2024-12-17T04:28:30.822+0700][gc          ] GC(155) Pause Young (Normal) (G1 Evacuation Pause) 334M->290M(1024M) 47.290ms
[2024-12-17T04:28:30.822+0700][gc,cpu      ] GC(155) User=0.09s Sys=0.00s Real=0.05s
[2024-12-17T04:30:13.270+0700][gc,start    ] GC(156) Pause Young (Normal) (G1 Evacuation Pause)
[2024-12-17T04:30:13.270+0700][gc,task     ] GC(156) Using 2 workers of 2 for evacuation
[2024-12-17T04:30:13.325+0700][gc,mmu      ] GC(156) MMU target violated: 21.0ms (20.0ms/21.0ms)
[2024-12-17T04:30:13.325+0700][gc,phases   ] GC(156)   Pre Evacuate Collection Set: 5.6ms
[2024-12-17T04:30:13.325+0700][gc,phases   ] GC(156)   Merge Heap Roots: 1.2ms
[2024-12-17T04:30:13.325+0700][gc,phases   ] GC(156)   Evacuate Collection Set: 43.7ms
[2024-12-17T04:30:13.325+0700][gc,phases   ] GC(156)   Post Evacuate Collection Set: 3.4ms
[2024-12-17T04:30:13.325+0700][gc,phases   ] GC(156)   Other: 1.3ms
[2024-12-17T04:30:13.325+0700][gc,heap     ] GC(156) Eden regions: 48->0(44)
[2024-12-17T04:30:13.325+0700][gc,heap     ] GC(156) Survivor regions: 3->7(7)
[2024-12-17T04:30:13.325+0700][gc,heap     ] GC(156) Old regions: 158->158
[2024-12-17T04:30:13.325+0700][gc,heap     ] GC(156) Archive regions: 2->2
[2024-12-17T04:30:13.325+0700][gc,heap     ] GC(156) Humongous regions: 129->129
[2024-12-17T04:30:13.325+0700][gc,metaspace] GC(156) Metaspace: 45308K(45888K)->45308K(45888K) NonClass: 40083K(40384K)->40083K(40384K) Class: 5225K(5504K)->5225K(5504K)
[2024-12-17T04:30:13.325+0700][gc          ] GC(156) Pause Young (Normal) (G1 Evacuation Pause) 338M->294M(1024M) 55.089ms
[2024-12-17T04:30:13.325+0700][gc,cpu      ] GC(156) User=0.10s Sys=0.00s Real=0.06s
[2024-12-17T04:31:45.241+0700][gc,start    ] GC(157) Pause Young (Normal) (G1 Evacuation Pause)
[2024-12-17T04:31:45.241+0700][gc,task     ] GC(157) Using 2 workers of 2 for evacuation
[2024-12-17T04:31:45.326+0700][gc,mmu      ] GC(157) MMU target violated: 21.0ms (20.0ms/21.0ms)
[2024-12-17T04:31:45.326+0700][gc,phases   ] GC(157)   Pre Evacuate Collection Set: 4.0ms
[2024-12-17T04:31:45.326+0700][gc,phases   ] GC(157)   Merge Heap Roots: 1.0ms
[2024-12-17T04:31:45.326+0700][gc,phases   ] GC(157)   Evacuate Collection Set: 76.8ms
[2024-12-17T04:31:45.326+0700][gc,phases   ] GC(157)   Post Evacuate Collection Set: 2.8ms
[2024-12-17T04:31:45.326+0700][gc,phases   ] GC(157)   Other: 1.4ms
[2024-12-17T04:31:45.326+0700][gc,heap     ] GC(157) Eden regions: 44->0(45)
[2024-12-17T04:31:45.326+0700][gc,heap     ] GC(157) Survivor regions: 7->6(7)
[2024-12-17T04:31:45.326+0700][gc,heap     ] GC(157) Old regions: 158->163
[2024-12-17T04:31:45.326+0700][gc,heap     ] GC(157) Archive regions: 2->2
[2024-12-17T04:31:45.326+0700][gc,heap     ] GC(157) Humongous regions: 129->129
[2024-12-17T04:31:45.326+0700][gc,metaspace] GC(157) Metaspace: 45310K(45888K)->45310K(45888K) NonClass: 40085K(40384K)->40085K(40384K) Class: 5225K(5504K)->5225K(5504K)
[2024-12-17T04:31:45.327+0700][gc          ] GC(157) Pause Young (Normal) (G1 Evacuation Pause) 338M->297M(1024M) 85.984ms
[2024-12-17T04:31:45.327+0700][gc,cpu      ] GC(157) User=0.16s Sys=0.00s Real=0.09s
[2024-12-17T04:33:26.644+0700][gc,start    ] GC(158) Pause Young (Normal) (G1 Evacuation Pause)
[2024-12-17T04:33:26.645+0700][gc,task     ] GC(158) Using 2 workers of 2 for evacuation
[2024-12-17T04:33:26.709+0700][gc,mmu      ] GC(158) MMU target violated: 21.0ms (20.0ms/21.0ms)
[2024-12-17T04:33:26.709+0700][gc,phases   ] GC(158)   Pre Evacuate Collection Set: 4.1ms
[2024-12-17T04:33:26.709+0700][gc,phases   ] GC(158)   Merge Heap Roots: 0.8ms
[2024-12-17T04:33:26.709+0700][gc,phases   ] GC(158)   Evacuate Collection Set: 56.0ms
[2024-12-17T04:33:26.709+0700][gc,phases   ] GC(158)   Post Evacuate Collection Set: 3.2ms
[2024-12-17T04:33:26.709+0700][gc,phases   ] GC(158)   Other: 1.2ms
[2024-12-17T04:33:26.710+0700][gc,heap     ] GC(158) Eden regions: 45->0(46)
[2024-12-17T04:33:26.710+0700][gc,heap     ] GC(158) Survivor regions: 6->5(7)
[2024-12-17T04:33:26.710+0700][gc,heap     ] GC(158) Old regions: 163->166
[2024-12-17T04:33:26.710+0700][gc,heap     ] GC(158) Archive regions: 2->2
[2024-12-17T04:33:26.710+0700][gc,heap     ] GC(158) Humongous regions: 129->129
[2024-12-17T04:33:26.710+0700][gc,metaspace] GC(158) Metaspace: 45319K(45888K)->45319K(45888K) NonClass: 40094K(40384K)->40094K(40384K) Class: 5225K(5504K)->5225K(5504K)
[2024-12-17T04:33:26.710+0700][gc          ] GC(158) Pause Young (Normal) (G1 Evacuation Pause) 342M->300M(1024M) 65.254ms
[2024-12-17T04:33:26.710+0700][gc,cpu      ] GC(158) User=0.12s Sys=0.00s Real=0.06s
[2024-12-17T04:35:10.436+0700][gc,start    ] GC(159) Pause Young (Normal) (G1 Evacuation Pause)
[2024-12-17T04:35:10.436+0700][gc,task     ] GC(159) Using 2 workers of 2 for evacuation
[2024-12-17T04:35:10.478+0700][gc,mmu      ] GC(159) MMU target violated: 21.0ms (20.0ms/21.0ms)
[2024-12-17T04:35:10.478+0700][gc,phases   ] GC(159)   Pre Evacuate Collection Set: 3.7ms
[2024-12-17T04:35:10.478+0700][gc,phases   ] GC(159)   Merge Heap Roots: 0.8ms
[2024-12-17T04:35:10.478+0700][gc,phases   ] GC(159)   Evacuate Collection Set: 33.9ms
[2024-12-17T04:35:10.478+0700][gc,phases   ] GC(159)   Post Evacuate Collection Set: 2.9ms
[2024-12-17T04:35:10.478+0700][gc,phases   ] GC(159)   Other: 1.4ms
[2024-12-17T04:35:10.478+0700][gc,heap     ] GC(159) Eden regions: 46->0(48)
[2024-12-17T04:35:10.478+0700][gc,heap     ] GC(159) Survivor regions: 5->3(7)
[2024-12-17T04:35:10.478+0700][gc,heap     ] GC(159) Old regions: 166->168
[2024-12-17T04:35:10.478+0700][gc,heap     ] GC(159) Archive regions: 2->2
[2024-12-17T04:35:10.478+0700][gc,heap     ] GC(159) Humongous regions: 129->129
[2024-12-17T04:35:10.478+0700][gc,metaspace] GC(159) Metaspace: 45319K(45888K)->45319K(45888K) NonClass: 40094K(40384K)->40094K(40384K) Class: 5225K(5504K)->5225K(5504K)
[2024-12-17T04:35:10.478+0700][gc          ] GC(159) Pause Young (Normal) (G1 Evacuation Pause) 346M->300M(1024M) 42.680ms
[2024-12-17T04:35:10.478+0700][gc,cpu      ] GC(159) User=0.08s Sys=0.00s Real=0.05s
[2024-12-17T04:36:57.304+0700][gc,start    ] GC(160) Pause Young (Normal) (G1 Evacuation Pause)
[2024-12-17T04:36:57.305+0700][gc,task     ] GC(160) Using 2 workers of 2 for evacuation
[2024-12-17T04:36:57.353+0700][gc,mmu      ] GC(160) MMU target violated: 21.0ms (20.0ms/21.0ms)
[2024-12-17T04:36:57.353+0700][gc,phases   ] GC(160)   Pre Evacuate Collection Set: 2.6ms
[2024-12-17T04:36:57.353+0700][gc,phases   ] GC(160)   Merge Heap Roots: 0.6ms
[2024-12-17T04:36:57.353+0700][gc,phases   ] GC(160)   Evacuate Collection Set: 42.0ms
[2024-12-17T04:36:57.353+0700][gc,phases   ] GC(160)   Post Evacuate Collection Set: 2.8ms
[2024-12-17T04:36:57.353+0700][gc,phases   ] GC(160)   Other: 1.5ms
[2024-12-17T04:36:57.353+0700][gc,heap     ] GC(160) Eden regions: 48->0(44)
[2024-12-17T04:36:57.353+0700][gc,heap     ] GC(160) Survivor regions: 3->7(7)
[2024-12-17T04:36:57.353+0700][gc,heap     ] GC(160) Old regions: 168->168
[2024-12-17T04:36:57.353+0700][gc,heap     ] GC(160) Archive regions: 2->2
[2024-12-17T04:36:57.353+0700][gc,heap     ] GC(160) Humongous regions: 129->129
[2024-12-17T04:36:57.353+0700][gc,metaspace] GC(160) Metaspace: 45319K(45888K)->45319K(45888K) NonClass: 40094K(40384K)->40094K(40384K) Class: 5225K(5504K)->5225K(5504K)
[2024-12-17T04:36:57.353+0700][gc          ] GC(160) Pause Young (Normal) (G1 Evacuation Pause) 348M->304M(1024M) 49.436ms
[2024-12-17T04:36:57.354+0700][gc,cpu      ] GC(160) User=0.09s Sys=0.00s Real=0.05s
[2024-12-17T04:38:34.412+0700][gc,start    ] GC(161) Pause Young (Normal) (G1 Evacuation Pause)
[2024-12-17T04:38:34.412+0700][gc,task     ] GC(161) Using 2 workers of 2 for evacuation
[2024-12-17T04:38:34.471+0700][gc,mmu      ] GC(161) MMU target violated: 21.0ms (20.0ms/21.0ms)
[2024-12-17T04:38:34.472+0700][gc,phases   ] GC(161)   Pre Evacuate Collection Set: 4.1ms
[2024-12-17T04:38:34.472+0700][gc,phases   ] GC(161)   Merge Heap Roots: 0.9ms
[2024-12-17T04:38:34.472+0700][gc,phases   ] GC(161)   Evacuate Collection Set: 51.4ms
[2024-12-17T04:38:34.472+0700][gc,phases   ] GC(161)   Post Evacuate Collection Set: 2.3ms
[2024-12-17T04:38:34.472+0700][gc,phases   ] GC(161)   Other: 1.2ms
[2024-12-17T04:38:34.472+0700][gc,heap     ] GC(161) Eden regions: 44->0(46)
[2024-12-17T04:38:34.472+0700][gc,heap     ] GC(161) Survivor regions: 7->5(7)
[2024-12-17T04:38:34.472+0700][gc,heap     ] GC(161) Old regions: 168->173
[2024-12-17T04:38:34.472+0700][gc,heap     ] GC(161) Archive regions: 2->2
[2024-12-17T04:38:34.472+0700][gc,heap     ] GC(161) Humongous regions: 129->129
[2024-12-17T04:38:34.472+0700][gc,metaspace] GC(161) Metaspace: 45375K(45952K)->45375K(45952K) NonClass: 40150K(40448K)->40150K(40448K) Class: 5225K(5504K)->5225K(5504K)
[2024-12-17T04:38:34.472+0700][gc          ] GC(161) Pause Young (Normal) (G1 Evacuation Pause) 348M->306M(1024M) 59.825ms
[2024-12-17T04:38:34.472+0700][gc,cpu      ] GC(161) User=0.11s Sys=0.00s Real=0.06s
[2024-12-17T04:40:14.788+0700][gc,start    ] GC(162) Pause Young (Normal) (G1 Evacuation Pause)
[2024-12-17T04:40:14.788+0700][gc,task     ] GC(162) Using 2 workers of 2 for evacuation
[2024-12-17T04:40:14.824+0700][gc,mmu      ] GC(162) MMU target violated: 21.0ms (20.0ms/21.0ms)
[2024-12-17T04:40:14.825+0700][gc,phases   ] GC(162)   Pre Evacuate Collection Set: 2.3ms
[2024-12-17T04:40:14.825+0700][gc,phases   ] GC(162)   Merge Heap Roots: 0.9ms
[2024-12-17T04:40:14.825+0700][gc,phases   ] GC(162)   Evacuate Collection Set: 29.5ms
[2024-12-17T04:40:14.825+0700][gc,phases   ] GC(162)   Post Evacuate Collection Set: 2.9ms
[2024-12-17T04:40:14.825+0700][gc,phases   ] GC(162)   Other: 1.2ms
[2024-12-17T04:40:14.825+0700][gc,heap     ] GC(162) Eden regions: 46->0(48)
[2024-12-17T04:40:14.825+0700][gc,heap     ] GC(162) Survivor regions: 5->3(7)
[2024-12-17T04:40:14.825+0700][gc,heap     ] GC(162) Old regions: 173->174
[2024-12-17T04:40:14.825+0700][gc,heap     ] GC(162) Archive regions: 2->2
[2024-12-17T04:40:14.825+0700][gc,heap     ] GC(162) Humongous regions: 129->129
[2024-12-17T04:40:14.825+0700][gc,metaspace] GC(162) Metaspace: 45375K(45952K)->45375K(45952K) NonClass: 40150K(40448K)->40150K(40448K) Class: 5225K(5504K)->5225K(5504K)
[2024-12-17T04:40:14.825+0700][gc          ] GC(162) Pause Young (Normal) (G1 Evacuation Pause) 352M->306M(1024M) 36.758ms
[2024-12-17T04:40:14.825+0700][gc,cpu      ] GC(162) User=0.06s Sys=0.00s Real=0.04s
[2024-12-17T04:41:56.504+0700][gc,start    ] GC(163) Pause Young (Normal) (G1 Evacuation Pause)
[2024-12-17T04:41:56.504+0700][gc,task     ] GC(163) Using 2 workers of 2 for evacuation
[2024-12-17T04:41:56.555+0700][gc,mmu      ] GC(163) MMU target violated: 21.0ms (20.0ms/21.0ms)
[2024-12-17T04:41:56.555+0700][gc,phases   ] GC(163)   Pre Evacuate Collection Set: 4.6ms
[2024-12-17T04:41:56.555+0700][gc,phases   ] GC(163)   Merge Heap Roots: 0.7ms
[2024-12-17T04:41:56.555+0700][gc,phases   ] GC(163)   Evacuate Collection Set: 41.7ms
[2024-12-17T04:41:56.555+0700][gc,phases   ] GC(163)   Post Evacuate Collection Set: 3.5ms
[2024-12-17T04:41:56.555+0700][gc,phases   ] GC(163)   Other: 1.5ms
[2024-12-17T04:41:56.555+0700][gc,heap     ] GC(163) Eden regions: 48->0(44)
[2024-12-17T04:41:56.555+0700][gc,heap     ] GC(163) Survivor regions: 3->7(7)
[2024-12-17T04:41:56.555+0700][gc,heap     ] GC(163) Old regions: 174->174
[2024-12-17T04:41:56.555+0700][gc,heap     ] GC(163) Archive regions: 2->2
[2024-12-17T04:41:56.555+0700][gc,heap     ] GC(163) Humongous regions: 129->129
[2024-12-17T04:41:56.555+0700][gc,metaspace] GC(163) Metaspace: 45389K(45952K)->45389K(45952K) NonClass: 40164K(40448K)->40164K(40448K) Class: 5225K(5504K)->5225K(5504K)
[2024-12-17T04:41:56.555+0700][gc          ] GC(163) Pause Young (Normal) (G1 Evacuation Pause) 354M->310M(1024M) 51.901ms
[2024-12-17T04:41:56.555+0700][gc,cpu      ] GC(163) User=0.09s Sys=0.00s Real=0.05s
[2024-12-17T04:43:32.920+0700][gc,start    ] GC(164) Pause Young (Normal) (G1 Evacuation Pause)
[2024-12-17T04:43:32.920+0700][gc,task     ] GC(164) Using 2 workers of 2 for evacuation
[2024-12-17T04:43:32.986+0700][gc,mmu      ] GC(164) MMU target violated: 21.0ms (20.0ms/21.0ms)
[2024-12-17T04:43:32.986+0700][gc,phases   ] GC(164)   Pre Evacuate Collection Set: 4.2ms
[2024-12-17T04:43:32.986+0700][gc,phases   ] GC(164)   Merge Heap Roots: 1.1ms
[2024-12-17T04:43:32.986+0700][gc,phases   ] GC(164)   Evacuate Collection Set: 57.6ms
[2024-12-17T04:43:32.986+0700][gc,phases   ] GC(164)   Post Evacuate Collection Set: 2.5ms
[2024-12-17T04:43:32.986+0700][gc,phases   ] GC(164)   Other: 1.4ms
[2024-12-17T04:43:32.986+0700][gc,heap     ] GC(164) Eden regions: 44->0(46)
[2024-12-17T04:43:32.986+0700][gc,heap     ] GC(164) Survivor regions: 7->5(7)
[2024-12-17T04:43:32.986+0700][gc,heap     ] GC(164) Old regions: 174->179
[2024-12-17T04:43:32.986+0700][gc,heap     ] GC(164) Archive regions: 2->2
[2024-12-17T04:43:32.986+0700][gc,heap     ] GC(164) Humongous regions: 129->129
[2024-12-17T04:43:32.986+0700][gc,metaspace] GC(164) Metaspace: 45389K(45952K)->45389K(45952K) NonClass: 40164K(40448K)->40164K(40448K) Class: 5225K(5504K)->5225K(5504K)
[2024-12-17T04:43:32.987+0700][gc          ] GC(164) Pause Young (Normal) (G1 Evacuation Pause) 354M->313M(1024M) 66.906ms
[2024-12-17T04:43:32.987+0700][gc,cpu      ] GC(164) User=0.13s Sys=0.00s Real=0.07s
[2024-12-17T04:45:16.894+0700][gc,start    ] GC(165) Pause Young (Normal) (G1 Evacuation Pause)
[2024-12-17T04:45:16.894+0700][gc,task     ] GC(165) Using 2 workers of 2 for evacuation
[2024-12-17T04:45:16.933+0700][gc,mmu      ] GC(165) MMU target violated: 21.0ms (20.0ms/21.0ms)
[2024-12-17T04:45:16.934+0700][gc,phases   ] GC(165)   Pre Evacuate Collection Set: 1.0ms
[2024-12-17T04:45:16.934+0700][gc,phases   ] GC(165)   Merge Heap Roots: 0.8ms
[2024-12-17T04:45:16.934+0700][gc,phases   ] GC(165)   Evacuate Collection Set: 34.6ms
[2024-12-17T04:45:16.934+0700][gc,phases   ] GC(165)   Post Evacuate Collection Set: 2.4ms
[2024-12-17T04:45:16.934+0700][gc,phases   ] GC(165)   Other: 0.6ms
[2024-12-17T04:45:16.934+0700][gc,heap     ] GC(165) Eden regions: 46->0(48)
[2024-12-17T04:45:16.934+0700][gc,heap     ] GC(165) Survivor regions: 5->3(7)
[2024-12-17T04:45:16.934+0700][gc,heap     ] GC(165) Old regions: 179->181
[2024-12-17T04:45:16.934+0700][gc,heap     ] GC(165) Archive regions: 2->2
[2024-12-17T04:45:16.934+0700][gc,heap     ] GC(165) Humongous regions: 129->129
[2024-12-17T04:45:16.934+0700][gc,metaspace] GC(165) Metaspace: 45389K(45952K)->45389K(45952K) NonClass: 40164K(40448K)->40164K(40448K) Class: 5225K(5504K)->5225K(5504K)
[2024-12-17T04:45:16.934+0700][gc          ] GC(165) Pause Young (Normal) (G1 Evacuation Pause) 359M->313M(1024M) 39.493ms
[2024-12-17T04:45:16.934+0700][gc,cpu      ] GC(165) User=0.07s Sys=0.00s Real=0.04s
[2024-12-17T04:47:08.235+0700][gc,start    ] GC(166) Pause Young (Normal) (G1 Evacuation Pause)
[2024-12-17T04:47:08.235+0700][gc,task     ] GC(166) Using 2 workers of 2 for evacuation
[2024-12-17T04:47:08.279+0700][gc,mmu      ] GC(166) MMU target violated: 21.0ms (20.0ms/21.0ms)
[2024-12-17T04:47:08.280+0700][gc,phases   ] GC(166)   Pre Evacuate Collection Set: 2.5ms
[2024-12-17T04:47:08.280+0700][gc,phases   ] GC(166)   Merge Heap Roots: 0.7ms
[2024-12-17T04:47:08.280+0700][gc,phases   ] GC(166)   Evacuate Collection Set: 37.4ms
[2024-12-17T04:47:08.280+0700][gc,phases   ] GC(166)   Post Evacuate Collection Set: 3.2ms
[2024-12-17T04:47:08.280+0700][gc,phases   ] GC(166)   Other: 1.1ms
[2024-12-17T04:47:08.280+0700][gc,heap     ] GC(166) Eden regions: 48->0(45)
[2024-12-17T04:47:08.280+0700][gc,heap     ] GC(166) Survivor regions: 3->6(7)
[2024-12-17T04:47:08.280+0700][gc,heap     ] GC(166) Old regions: 181->181
[2024-12-17T04:47:08.280+0700][gc,heap     ] GC(166) Archive regions: 2->2
[2024-12-17T04:47:08.280+0700][gc,heap     ] GC(166) Humongous regions: 129->129
[2024-12-17T04:47:08.280+0700][gc,metaspace] GC(166) Metaspace: 45389K(45952K)->45389K(45952K) NonClass: 40164K(40448K)->40164K(40448K) Class: 5225K(5504K)->5225K(5504K)
[2024-12-17T04:47:08.280+0700][gc          ] GC(166) Pause Young (Normal) (G1 Evacuation Pause) 361M->316M(1024M) 44.926ms
[2024-12-17T04:47:08.280+0700][gc,cpu      ] GC(166) User=0.08s Sys=0.00s Real=0.05s
[2024-12-17T04:48:49.735+0700][gc,start    ] GC(167) Pause Young (Normal) (G1 Evacuation Pause)
[2024-12-17T04:48:49.735+0700][gc,task     ] GC(167) Using 2 workers of 2 for evacuation
[2024-12-17T04:48:49.804+0700][gc,mmu      ] GC(167) MMU target violated: 21.0ms (20.0ms/21.0ms)
[2024-12-17T04:48:49.805+0700][gc,phases   ] GC(167)   Pre Evacuate Collection Set: 5.7ms
[2024-12-17T04:48:49.805+0700][gc,phases   ] GC(167)   Merge Heap Roots: 1.5ms
[2024-12-17T04:48:49.805+0700][gc,phases   ] GC(167)   Evacuate Collection Set: 57.4ms
[2024-12-17T04:48:49.805+0700][gc,phases   ] GC(167)   Post Evacuate Collection Set: 4.0ms
[2024-12-17T04:48:49.805+0700][gc,phases   ] GC(167)   Other: 1.4ms
[2024-12-17T04:48:49.805+0700][gc,heap     ] GC(167) Eden regions: 45->0(46)
[2024-12-17T04:48:49.805+0700][gc,heap     ] GC(167) Survivor regions: 6->5(7)
[2024-12-17T04:48:49.805+0700][gc,heap     ] GC(167) Old regions: 181->185
[2024-12-17T04:48:49.805+0700][gc,heap     ] GC(167) Archive regions: 2->2
[2024-12-17T04:48:49.805+0700][gc,heap     ] GC(167) Humongous regions: 129->129
[2024-12-17T04:48:49.805+0700][gc,metaspace] GC(167) Metaspace: 45399K(45952K)->45399K(45952K) NonClass: 40174K(40448K)->40174K(40448K) Class: 5225K(5504K)->5225K(5504K)
[2024-12-17T04:48:49.805+0700][gc          ] GC(167) Pause Young (Normal) (G1 Evacuation Pause) 361M->319M(1024M) 69.995ms
[2024-12-17T04:48:49.805+0700][gc,cpu      ] GC(167) User=0.13s Sys=0.00s Real=0.08s
[2024-12-17T04:50:32.615+0700][gc,start    ] GC(168) Pause Young (Normal) (G1 Evacuation Pause)
[2024-12-17T04:50:32.615+0700][gc,task     ] GC(168) Using 2 workers of 2 for evacuation
[2024-12-17T04:50:32.653+0700][gc,mmu      ] GC(168) MMU target violated: 21.0ms (20.0ms/21.0ms)
[2024-12-17T04:50:32.653+0700][gc,phases   ] GC(168)   Pre Evacuate Collection Set: 4.2ms
[2024-12-17T04:50:32.653+0700][gc,phases   ] GC(168)   Merge Heap Roots: 1.1ms
[2024-12-17T04:50:32.653+0700][gc,phases   ] GC(168)   Evacuate Collection Set: 29.2ms
[2024-12-17T04:50:32.653+0700][gc,phases   ] GC(168)   Post Evacuate Collection Set: 2.5ms
[2024-12-17T04:50:32.653+0700][gc,phases   ] GC(168)   Other: 1.0ms
[2024-12-17T04:50:32.653+0700][gc,heap     ] GC(168) Eden regions: 46->0(48)
[2024-12-17T04:50:32.653+0700][gc,heap     ] GC(168) Survivor regions: 5->3(7)
[2024-12-17T04:50:32.653+0700][gc,heap     ] GC(168) Old regions: 185->187
[2024-12-17T04:50:32.653+0700][gc,heap     ] GC(168) Archive regions: 2->2
[2024-12-17T04:50:32.653+0700][gc,heap     ] GC(168) Humongous regions: 129->129
[2024-12-17T04:50:32.653+0700][gc,metaspace] GC(168) Metaspace: 45410K(46016K)->45410K(46016K) NonClass: 40185K(40512K)->40185K(40512K) Class: 5225K(5504K)->5225K(5504K)
[2024-12-17T04:50:32.653+0700][gc          ] GC(168) Pause Young (Normal) (G1 Evacuation Pause) 365M->319M(1024M) 37.995ms
[2024-12-17T04:50:32.653+0700][gc,cpu      ] GC(168) User=0.07s Sys=0.00s Real=0.04s
[2024-12-17T04:52:17.386+0700][gc,start    ] GC(169) Pause Young (Normal) (G1 Evacuation Pause)
[2024-12-17T04:52:17.386+0700][gc,task     ] GC(169) Using 2 workers of 2 for evacuation
[2024-12-17T04:52:17.433+0700][gc,mmu      ] GC(169) MMU target violated: 21.0ms (20.0ms/21.0ms)
[2024-12-17T04:52:17.433+0700][gc,phases   ] GC(169)   Pre Evacuate Collection Set: 3.9ms
[2024-12-17T04:52:17.433+0700][gc,phases   ] GC(169)   Merge Heap Roots: 1.3ms
[2024-12-17T04:52:17.433+0700][gc,phases   ] GC(169)   Evacuate Collection Set: 38.1ms
[2024-12-17T04:52:17.433+0700][gc,phases   ] GC(169)   Post Evacuate Collection Set: 2.9ms
[2024-12-17T04:52:17.433+0700][gc,phases   ] GC(169)   Other: 1.5ms
[2024-12-17T04:52:17.433+0700][gc,heap     ] GC(169) Eden regions: 48->0(45)
[2024-12-17T04:52:17.433+0700][gc,heap     ] GC(169) Survivor regions: 3->6(7)
[2024-12-17T04:52:17.433+0700][gc,heap     ] GC(169) Old regions: 187->187
[2024-12-17T04:52:17.433+0700][gc,heap     ] GC(169) Archive regions: 2->2
[2024-12-17T04:52:17.433+0700][gc,heap     ] GC(169) Humongous regions: 129->129
[2024-12-17T04:52:17.433+0700][gc,metaspace] GC(169) Metaspace: 45410K(46016K)->45410K(46016K) NonClass: 40185K(40512K)->40185K(40512K) Class: 5225K(5504K)->5225K(5504K)
[2024-12-17T04:52:17.433+0700][gc          ] GC(169) Pause Young (Normal) (G1 Evacuation Pause) 367M->322M(1024M) 47.627ms
[2024-12-17T04:52:17.433+0700][gc,cpu      ] GC(169) User=0.09s Sys=0.00s Real=0.04s
[2024-12-17T04:53:54.791+0700][gc,start    ] GC(170) Pause Young (Normal) (G1 Evacuation Pause)
[2024-12-17T04:53:54.791+0700][gc,task     ] GC(170) Using 2 workers of 2 for evacuation
[2024-12-17T04:53:54.854+0700][gc,mmu      ] GC(170) MMU target violated: 21.0ms (20.0ms/21.0ms)
[2024-12-17T04:53:54.854+0700][gc,phases   ] GC(170)   Pre Evacuate Collection Set: 2.7ms
[2024-12-17T04:53:54.855+0700][gc,phases   ] GC(170)   Merge Heap Roots: 0.6ms
[2024-12-17T04:53:54.855+0700][gc,phases   ] GC(170)   Evacuate Collection Set: 56.1ms
[2024-12-17T04:53:54.855+0700][gc,phases   ] GC(170)   Post Evacuate Collection Set: 2.8ms
[2024-12-17T04:53:54.855+0700][gc,phases   ] GC(170)   Other: 1.2ms
[2024-12-17T04:53:54.855+0700][gc,heap     ] GC(170) Eden regions: 45->0(46)
[2024-12-17T04:53:54.855+0700][gc,heap     ] GC(170) Survivor regions: 6->5(7)
[2024-12-17T04:53:54.855+0700][gc,heap     ] GC(170) Old regions: 187->191
[2024-12-17T04:53:54.855+0700][gc,heap     ] GC(170) Archive regions: 2->2
[2024-12-17T04:53:54.855+0700][gc,heap     ] GC(170) Humongous regions: 129->129
[2024-12-17T04:53:54.855+0700][gc,metaspace] GC(170) Metaspace: 45410K(46016K)->45410K(46016K) NonClass: 40185K(40512K)->40185K(40512K) Class: 5225K(5504K)->5225K(5504K)
[2024-12-17T04:53:54.855+0700][gc          ] GC(170) Pause Young (Normal) (G1 Evacuation Pause) 367M->325M(1024M) 63.645ms
[2024-12-17T04:53:54.855+0700][gc,cpu      ] GC(170) User=0.12s Sys=0.00s Real=0.06s
[2024-12-17T04:55:33.865+0700][gc,start    ] GC(171) Pause Young (Normal) (G1 Evacuation Pause)
[2024-12-17T04:55:33.865+0700][gc,task     ] GC(171) Using 2 workers of 2 for evacuation
[2024-12-17T04:55:33.908+0700][gc,mmu      ] GC(171) MMU target violated: 21.0ms (20.0ms/21.0ms)
[2024-12-17T04:55:33.908+0700][gc,phases   ] GC(171)   Pre Evacuate Collection Set: 3.1ms
[2024-12-17T04:55:33.908+0700][gc,phases   ] GC(171)   Merge Heap Roots: 0.9ms
[2024-12-17T04:55:33.908+0700][gc,phases   ] GC(171)   Evacuate Collection Set: 35.0ms
[2024-12-17T04:55:33.908+0700][gc,phases   ] GC(171)   Post Evacuate Collection Set: 3.5ms
[2024-12-17T04:55:33.908+0700][gc,phases   ] GC(171)   Other: 1.3ms
[2024-12-17T04:55:33.908+0700][gc,heap     ] GC(171) Eden regions: 46->0(48)
[2024-12-17T04:55:33.908+0700][gc,heap     ] GC(171) Survivor regions: 5->3(7)
[2024-12-17T04:55:33.908+0700][gc,heap     ] GC(171) Old regions: 191->194
[2024-12-17T04:55:33.908+0700][gc,heap     ] GC(171) Archive regions: 2->2
[2024-12-17T04:55:33.908+0700][gc,heap     ] GC(171) Humongous regions: 129->129
[2024-12-17T04:55:33.909+0700][gc,metaspace] GC(171) Metaspace: 45413K(46016K)->45413K(46016K) NonClass: 40188K(40512K)->40188K(40512K) Class: 5225K(5504K)->5225K(5504K)
[2024-12-17T04:55:33.909+0700][gc          ] GC(171) Pause Young (Normal) (G1 Evacuation Pause) 371M->326M(1024M) 43.785ms
[2024-12-17T04:55:33.909+0700][gc,cpu      ] GC(171) User=0.08s Sys=0.00s Real=0.04s
[2024-12-17T04:57:18.391+0700][gc,start    ] GC(172) Pause Young (Normal) (G1 Evacuation Pause)
[2024-12-17T04:57:18.391+0700][gc,task     ] GC(172) Using 2 workers of 2 for evacuation
[2024-12-17T04:57:18.440+0700][gc,mmu      ] GC(172) MMU target violated: 21.0ms (20.0ms/21.0ms)
[2024-12-17T04:57:18.440+0700][gc,phases   ] GC(172)   Pre Evacuate Collection Set: 2.8ms
[2024-12-17T04:57:18.441+0700][gc,phases   ] GC(172)   Merge Heap Roots: 1.0ms
[2024-12-17T04:57:18.441+0700][gc,phases   ] GC(172)   Evacuate Collection Set: 41.3ms
[2024-12-17T04:57:18.441+0700][gc,phases   ] GC(172)   Post Evacuate Collection Set: 3.4ms
[2024-12-17T04:57:18.441+0700][gc,phases   ] GC(172)   Other: 1.1ms
[2024-12-17T04:57:18.441+0700][gc,heap     ] GC(172) Eden regions: 48->0(44)
[2024-12-17T04:57:18.441+0700][gc,heap     ] GC(172) Survivor regions: 3->7(7)
[2024-12-17T04:57:18.441+0700][gc,heap     ] GC(172) Old regions: 194->194
[2024-12-17T04:57:18.441+0700][gc,heap     ] GC(172) Archive regions: 2->2
[2024-12-17T04:57:18.441+0700][gc,heap     ] GC(172) Humongous regions: 129->129
[2024-12-17T04:57:18.441+0700][gc,metaspace] GC(172) Metaspace: 45413K(46016K)->45413K(46016K) NonClass: 40188K(40512K)->40188K(40512K) Class: 5225K(5504K)->5225K(5504K)
[2024-12-17T04:57:18.441+0700][gc          ] GC(172) Pause Young (Normal) (G1 Evacuation Pause) 374M->329M(1024M) 49.617ms
[2024-12-17T04:57:18.441+0700][gc,cpu      ] GC(172) User=0.09s Sys=0.00s Real=0.05s
[2024-12-17T04:58:54.345+0700][gc,start    ] GC(173) Pause Young (Normal) (G1 Evacuation Pause)
[2024-12-17T04:58:54.345+0700][gc,task     ] GC(173) Using 2 workers of 2 for evacuation
[2024-12-17T04:58:54.401+0700][gc,mmu      ] GC(173) MMU target violated: 21.0ms (20.0ms/21.0ms)
[2024-12-17T04:58:54.401+0700][gc,phases   ] GC(173)   Pre Evacuate Collection Set: 2.7ms
[2024-12-17T04:58:54.401+0700][gc,phases   ] GC(173)   Merge Heap Roots: 0.7ms
[2024-12-17T04:58:54.401+0700][gc,phases   ] GC(173)   Evacuate Collection Set: 48.1ms
[2024-12-17T04:58:54.401+0700][gc,phases   ] GC(173)   Post Evacuate Collection Set: 3.8ms
[2024-12-17T04:58:54.401+0700][gc,phases   ] GC(173)   Other: 1.5ms
[2024-12-17T04:58:54.401+0700][gc,heap     ] GC(173) Eden regions: 44->0(48)
[2024-12-17T04:58:54.401+0700][gc,heap     ] GC(173) Survivor regions: 7->3(7)
[2024-12-17T04:58:54.401+0700][gc,heap     ] GC(173) Old regions: 194->198
[2024-12-17T04:58:54.401+0700][gc,heap     ] GC(173) Archive regions: 2->2
[2024-12-17T04:58:54.401+0700][gc,heap     ] GC(173) Humongous regions: 129->129
[2024-12-17T04:58:54.401+0700][gc,metaspace] GC(173) Metaspace: 45413K(46016K)->45413K(46016K) NonClass: 40188K(40512K)->40188K(40512K) Class: 5225K(5504K)->5225K(5504K)
[2024-12-17T04:58:54.401+0700][gc          ] GC(173) Pause Young (Normal) (G1 Evacuation Pause) 373M->330M(1024M) 56.742ms
[2024-12-17T04:58:54.402+0700][gc,cpu      ] GC(173) User=0.11s Sys=0.00s Real=0.05s
[2024-12-17T05:00:38.488+0700][gc,start    ] GC(174) Pause Young (Normal) (G1 Evacuation Pause)
[2024-12-17T05:00:38.488+0700][gc,task     ] GC(174) Using 2 workers of 2 for evacuation
[2024-12-17T05:00:38.523+0700][gc,mmu      ] GC(174) MMU target violated: 21.0ms (20.0ms/21.0ms)
[2024-12-17T05:00:38.523+0700][gc,phases   ] GC(174)   Pre Evacuate Collection Set: 2.1ms
[2024-12-17T05:00:38.523+0700][gc,phases   ] GC(174)   Merge Heap Roots: 0.8ms
[2024-12-17T05:00:38.523+0700][gc,phases   ] GC(174)   Evacuate Collection Set: 29.2ms
[2024-12-17T05:00:38.523+0700][gc,phases   ] GC(174)   Post Evacuate Collection Set: 2.2ms
[2024-12-17T05:00:38.523+0700][gc,phases   ] GC(174)   Other: 0.9ms
[2024-12-17T05:00:38.523+0700][gc,heap     ] GC(174) Eden regions: 48->0(45)
[2024-12-17T05:00:38.523+0700][gc,heap     ] GC(174) Survivor regions: 3->6(7)
[2024-12-17T05:00:38.523+0700][gc,heap     ] GC(174) Old regions: 198->198
[2024-12-17T05:00:38.523+0700][gc,heap     ] GC(174) Archive regions: 2->2
[2024-12-17T05:00:38.523+0700][gc,heap     ] GC(174) Humongous regions: 129->129
[2024-12-17T05:00:38.523+0700][gc,metaspace] GC(174) Metaspace: 45413K(46016K)->45413K(46016K) NonClass: 40188K(40512K)->40188K(40512K) Class: 5225K(5504K)->5225K(5504K)
[2024-12-17T05:00:38.523+0700][gc          ] GC(174) Pause Young (Normal) (G1 Evacuation Pause) 378M->333M(1024M) 35.181ms
[2024-12-17T05:00:38.523+0700][gc,cpu      ] GC(174) User=0.07s Sys=0.00s Real=0.03s
[2024-12-17T05:02:16.713+0700][gc,start    ] GC(175) Pause Young (Normal) (G1 Evacuation Pause)
[2024-12-17T05:02:16.714+0700][gc,task     ] GC(175) Using 2 workers of 2 for evacuation
[2024-12-17T05:02:16.767+0700][gc,mmu      ] GC(175) MMU target violated: 21.0ms (20.0ms/21.0ms)
[2024-12-17T05:02:16.767+0700][gc,phases   ] GC(175)   Pre Evacuate Collection Set: 2.3ms
[2024-12-17T05:02:16.767+0700][gc,phases   ] GC(175)   Merge Heap Roots: 0.4ms
[2024-12-17T05:02:16.767+0700][gc,phases   ] GC(175)   Evacuate Collection Set: 48.2ms
[2024-12-17T05:02:16.767+0700][gc,phases   ] GC(175)   Post Evacuate Collection Set: 1.8ms
[2024-12-17T05:02:16.767+0700][gc,phases   ] GC(175)   Other: 0.9ms
[2024-12-17T05:02:16.767+0700][gc,heap     ] GC(175) Eden regions: 45->0(46)
[2024-12-17T05:02:16.767+0700][gc,heap     ] GC(175) Survivor regions: 6->5(7)
[2024-12-17T05:02:16.767+0700][gc,heap     ] GC(175) Old regions: 198->202
[2024-12-17T05:02:16.767+0700][gc,heap     ] GC(175) Archive regions: 2->2
[2024-12-17T05:02:16.767+0700][gc,heap     ] GC(175) Humongous regions: 129->129
[2024-12-17T05:02:16.767+0700][gc,metaspace] GC(175) Metaspace: 45413K(46016K)->45413K(46016K) NonClass: 40188K(40512K)->40188K(40512K) Class: 5225K(5504K)->5225K(5504K)
[2024-12-17T05:02:16.767+0700][gc          ] GC(175) Pause Young (Normal) (G1 Evacuation Pause) 378M->336M(1024M) 53.737ms
[2024-12-17T05:02:16.767+0700][gc,cpu      ] GC(175) User=0.10s Sys=0.00s Real=0.06s
[2024-12-17T05:03:56.085+0700][gc,start    ] GC(176) Pause Young (Normal) (G1 Evacuation Pause)
[2024-12-17T05:03:56.086+0700][gc,task     ] GC(176) Using 2 workers of 2 for evacuation
[2024-12-17T05:03:56.129+0700][gc,mmu      ] GC(176) MMU target violated: 21.0ms (20.0ms/21.0ms)
[2024-12-17T05:03:56.129+0700][gc,phases   ] GC(176)   Pre Evacuate Collection Set: 2.7ms
[2024-12-17T05:03:56.129+0700][gc,phases   ] GC(176)   Merge Heap Roots: 0.7ms
[2024-12-17T05:03:56.129+0700][gc,phases   ] GC(176)   Evacuate Collection Set: 36.8ms
[2024-12-17T05:03:56.129+0700][gc,phases   ] GC(176)   Post Evacuate Collection Set: 2.8ms
[2024-12-17T05:03:56.129+0700][gc,phases   ] GC(176)   Other: 1.4ms
[2024-12-17T05:03:56.129+0700][gc,heap     ] GC(176) Eden regions: 46->0(48)
[2024-12-17T05:03:56.129+0700][gc,heap     ] GC(176) Survivor regions: 5->3(7)
[2024-12-17T05:03:56.129+0700][gc,heap     ] GC(176) Old regions: 202->205
[2024-12-17T05:03:56.129+0700][gc,heap     ] GC(176) Archive regions: 2->2
[2024-12-17T05:03:56.129+0700][gc,heap     ] GC(176) Humongous regions: 129->129
[2024-12-17T05:03:56.129+0700][gc,metaspace] GC(176) Metaspace: 45419K(46080K)->45419K(46080K) NonClass: 40194K(40576K)->40194K(40576K) Class: 5225K(5504K)->5225K(5504K)
[2024-12-17T05:03:56.129+0700][gc          ] GC(176) Pause Young (Normal) (G1 Evacuation Pause) 382M->337M(1024M) 44.106ms
[2024-12-17T05:03:56.129+0700][gc,cpu      ] GC(176) User=0.08s Sys=0.00s Real=0.04s
[2024-12-17T05:05:40.354+0700][gc,start    ] GC(177) Pause Young (Normal) (G1 Evacuation Pause)
[2024-12-17T05:05:40.354+0700][gc,task     ] GC(177) Using 2 workers of 2 for evacuation
[2024-12-17T05:05:40.420+0700][gc,mmu      ] GC(177) MMU target violated: 21.0ms (20.0ms/21.0ms)
[2024-12-17T05:05:40.420+0700][gc,phases   ] GC(177)   Pre Evacuate Collection Set: 3.7ms
[2024-12-17T05:05:40.420+0700][gc,phases   ] GC(177)   Merge Heap Roots: 0.7ms
[2024-12-17T05:05:40.420+0700][gc,phases   ] GC(177)   Evacuate Collection Set: 58.2ms
[2024-12-17T05:05:40.420+0700][gc,phases   ] GC(177)   Post Evacuate Collection Set: 2.3ms
[2024-12-17T05:05:40.420+0700][gc,phases   ] GC(177)   Other: 1.2ms
[2024-12-17T05:05:40.420+0700][gc,heap     ] GC(177) Eden regions: 48->0(44)
[2024-12-17T05:05:40.420+0700][gc,heap     ] GC(177) Survivor regions: 3->7(7)
[2024-12-17T05:05:40.420+0700][gc,heap     ] GC(177) Old regions: 205->205
[2024-12-17T05:05:40.420+0700][gc,heap     ] GC(177) Archive regions: 2->2
[2024-12-17T05:05:40.420+0700][gc,heap     ] GC(177) Humongous regions: 129->129
[2024-12-17T05:05:40.420+0700][gc,metaspace] GC(177) Metaspace: 45419K(46080K)->45419K(46080K) NonClass: 40194K(40576K)->40194K(40576K) Class: 5225K(5504K)->5225K(5504K)
[2024-12-17T05:05:40.420+0700][gc          ] GC(177) Pause Young (Normal) (G1 Evacuation Pause) 385M->340M(1024M) 66.188ms
[2024-12-17T05:05:40.420+0700][gc,cpu      ] GC(177) User=0.13s Sys=0.00s Real=0.07s
[2024-12-17T05:07:15.655+0700][gc,start    ] GC(178) Pause Young (Normal) (G1 Evacuation Pause)
[2024-12-17T05:07:15.655+0700][gc,task     ] GC(178) Using 2 workers of 2 for evacuation
[2024-12-17T05:07:15.710+0700][gc,mmu      ] GC(178) MMU target violated: 21.0ms (20.0ms/21.0ms)
[2024-12-17T05:07:15.710+0700][gc,phases   ] GC(178)   Pre Evacuate Collection Set: 2.7ms
[2024-12-17T05:07:15.710+0700][gc,phases   ] GC(178)   Merge Heap Roots: 0.6ms
[2024-12-17T05:07:15.710+0700][gc,phases   ] GC(178)   Evacuate Collection Set: 47.6ms
[2024-12-17T05:07:15.710+0700][gc,phases   ] GC(178)   Post Evacuate Collection Set: 3.1ms
[2024-12-17T05:07:15.710+0700][gc,phases   ] GC(178)   Other: 1.2ms
[2024-12-17T05:07:15.710+0700][gc,heap     ] GC(178) Eden regions: 44->0(48)
[2024-12-17T05:07:15.710+0700][gc,heap     ] GC(178) Survivor regions: 7->3(7)
[2024-12-17T05:07:15.710+0700][gc,heap     ] GC(178) Old regions: 205->209
[2024-12-17T05:07:15.710+0700][gc,heap     ] GC(178) Archive regions: 2->2
[2024-12-17T05:07:15.711+0700][gc,heap     ] GC(178) Humongous regions: 129->129
[2024-12-17T05:07:15.711+0700][gc,metaspace] GC(178) Metaspace: 45419K(46080K)->45419K(46080K) NonClass: 40194K(40576K)->40194K(40576K) Class: 5225K(5504K)->5225K(5504K)
[2024-12-17T05:07:15.711+0700][gc          ] GC(178) Pause Young (Normal) (G1 Evacuation Pause) 384M->341M(1024M) 55.542ms
[2024-12-17T05:07:15.711+0700][gc,cpu      ] GC(178) User=0.10s Sys=0.00s Real=0.06s
[2024-12-17T05:09:00.076+0700][gc,start    ] GC(179) Pause Young (Normal) (G1 Evacuation Pause)
[2024-12-17T05:09:00.077+0700][gc,task     ] GC(179) Using 2 workers of 2 for evacuation
[2024-12-17T05:09:00.122+0700][gc,mmu      ] GC(179) MMU target violated: 21.0ms (20.0ms/21.0ms)
[2024-12-17T05:09:00.122+0700][gc,phases   ] GC(179)   Pre Evacuate Collection Set: 4.1ms
[2024-12-17T05:09:00.122+0700][gc,phases   ] GC(179)   Merge Heap Roots: 0.9ms
[2024-12-17T05:09:00.122+0700][gc,phases   ] GC(179)   Evacuate Collection Set: 37.1ms
[2024-12-17T05:09:00.122+0700][gc,phases   ] GC(179)   Post Evacuate Collection Set: 2.4ms
[2024-12-17T05:09:00.122+0700][gc,phases   ] GC(179)   Other: 1.5ms
[2024-12-17T05:09:00.122+0700][gc,heap     ] GC(179) Eden regions: 48->0(45)
[2024-12-17T05:09:00.122+0700][gc,heap     ] GC(179) Survivor regions: 3->6(7)
[2024-12-17T05:09:00.122+0700][gc,heap     ] GC(179) Old regions: 209->209
[2024-12-17T05:09:00.122+0700][gc,heap     ] GC(179) Archive regions: 2->2
[2024-12-17T05:09:00.122+0700][gc,heap     ] GC(179) Humongous regions: 129->129
[2024-12-17T05:09:00.122+0700][gc,metaspace] GC(179) Metaspace: 45419K(46080K)->45419K(46080K) NonClass: 40194K(40576K)->40194K(40576K) Class: 5225K(5504K)->5225K(5504K)
[2024-12-17T05:09:00.122+0700][gc          ] GC(179) Pause Young (Normal) (G1 Evacuation Pause) 389M->344M(1024M) 45.908ms
[2024-12-17T05:09:00.122+0700][gc,cpu      ] GC(179) User=0.08s Sys=0.00s Real=0.04s
[2024-12-17T05:10:37.344+0700][gc,start    ] GC(180) Pause Young (Normal) (G1 Evacuation Pause)
[2024-12-17T05:10:37.344+0700][gc,task     ] GC(180) Using 2 workers of 2 for evacuation
[2024-12-17T05:10:37.403+0700][gc,mmu      ] GC(180) MMU target violated: 21.0ms (20.0ms/21.0ms)
[2024-12-17T05:10:37.403+0700][gc,phases   ] GC(180)   Pre Evacuate Collection Set: 2.6ms
[2024-12-17T05:10:37.403+0700][gc,phases   ] GC(180)   Merge Heap Roots: 0.6ms
[2024-12-17T05:10:37.403+0700][gc,phases   ] GC(180)   Evacuate Collection Set: 52.2ms
[2024-12-17T05:10:37.403+0700][gc,phases   ] GC(180)   Post Evacuate Collection Set: 2.7ms
[2024-12-17T05:10:37.403+0700][gc,phases   ] GC(180)   Other: 1.4ms
[2024-12-17T05:10:37.403+0700][gc,heap     ] GC(180) Eden regions: 45->0(44)
[2024-12-17T05:10:37.403+0700][gc,heap     ] GC(180) Survivor regions: 6->7(7)
[2024-12-17T05:10:37.403+0700][gc,heap     ] GC(180) Old regions: 209->211
[2024-12-17T05:10:37.403+0700][gc,heap     ] GC(180) Archive regions: 2->2
[2024-12-17T05:10:37.403+0700][gc,heap     ] GC(180) Humongous regions: 129->129
[2024-12-17T05:10:37.403+0700][gc,metaspace] GC(180) Metaspace: 45421K(46080K)->45421K(46080K) NonClass: 40196K(40576K)->40196K(40576K) Class: 5225K(5504K)->5225K(5504K)
[2024-12-17T05:10:37.403+0700][gc          ] GC(180) Pause Young (Normal) (G1 Evacuation Pause) 389M->347M(1024M) 59.464ms
[2024-12-17T05:10:37.403+0700][gc,cpu      ] GC(180) User=0.12s Sys=0.00s Real=0.06s
[2024-12-17T05:12:06.282+0700][gc,start    ] GC(181) Pause Young (Normal) (G1 Evacuation Pause)
[2024-12-17T05:12:06.282+0700][gc,task     ] GC(181) Using 2 workers of 2 for evacuation
[2024-12-17T05:12:06.320+0700][gc,mmu      ] GC(181) MMU target violated: 21.0ms (20.0ms/21.0ms)
[2024-12-17T05:12:06.320+0700][gc,phases   ] GC(181)   Pre Evacuate Collection Set: 2.2ms
[2024-12-17T05:12:06.320+0700][gc,phases   ] GC(181)   Merge Heap Roots: 0.5ms
[2024-12-17T05:12:06.320+0700][gc,phases   ] GC(181)   Evacuate Collection Set: 32.4ms
[2024-12-17T05:12:06.320+0700][gc,phases   ] GC(181)   Post Evacuate Collection Set: 1.8ms
[2024-12-17T05:12:06.320+0700][gc,phases   ] GC(181)   Other: 1.4ms
[2024-12-17T05:12:06.321+0700][gc,heap     ] GC(181) Eden regions: 44->0(47)
[2024-12-17T05:12:06.321+0700][gc,heap     ] GC(181) Survivor regions: 7->4(7)
[2024-12-17T05:12:06.321+0700][gc,heap     ] GC(181) Old regions: 211->215
[2024-12-17T05:12:06.321+0700][gc,heap     ] GC(181) Archive regions: 2->2
[2024-12-17T05:12:06.321+0700][gc,heap     ] GC(181) Humongous regions: 129->129
[2024-12-17T05:12:06.321+0700][gc,metaspace] GC(181) Metaspace: 45421K(46080K)->45421K(46080K) NonClass: 40196K(40576K)->40196K(40576K) Class: 5225K(5504K)->5225K(5504K)
[2024-12-17T05:12:06.321+0700][gc          ] GC(181) Pause Young (Normal) (G1 Evacuation Pause) 391M->348M(1024M) 38.664ms
[2024-12-17T05:12:06.321+0700][gc,cpu      ] GC(181) User=0.08s Sys=0.00s Real=0.04s
[2024-12-17T05:13:48.124+0700][gc,start    ] GC(182) Pause Young (Normal) (G1 Evacuation Pause)
[2024-12-17T05:13:48.124+0700][gc,task     ] GC(182) Using 2 workers of 2 for evacuation
[2024-12-17T05:13:48.161+0700][gc,mmu      ] GC(182) MMU target violated: 21.0ms (20.0ms/21.0ms)
[2024-12-17T05:13:48.161+0700][gc,phases   ] GC(182)   Pre Evacuate Collection Set: 4.2ms
[2024-12-17T05:13:48.162+0700][gc,phases   ] GC(182)   Merge Heap Roots: 0.7ms
[2024-12-17T05:13:48.162+0700][gc,phases   ] GC(182)   Evacuate Collection Set: 28.2ms
[2024-12-17T05:13:48.162+0700][gc,phases   ] GC(182)   Post Evacuate Collection Set: 3.7ms
[2024-12-17T05:13:48.162+0700][gc,phases   ] GC(182)   Other: 1.4ms
[2024-12-17T05:13:48.162+0700][gc,heap     ] GC(182) Eden regions: 47->0(46)
[2024-12-17T05:13:48.162+0700][gc,heap     ] GC(182) Survivor regions: 4->5(7)
[2024-12-17T05:13:48.162+0700][gc,heap     ] GC(182) Old regions: 215->215
[2024-12-17T05:13:48.162+0700][gc,heap     ] GC(182) Archive regions: 2->2
[2024-12-17T05:13:48.162+0700][gc,heap     ] GC(182) Humongous regions: 129->129
[2024-12-17T05:13:48.162+0700][gc,metaspace] GC(182) Metaspace: 45421K(46080K)->45421K(46080K) NonClass: 40196K(40576K)->40196K(40576K) Class: 5225K(5504K)->5225K(5504K)
[2024-12-17T05:13:48.162+0700][gc          ] GC(182) Pause Young (Normal) (G1 Evacuation Pause) 395M->349M(1024M) 38.139ms
[2024-12-17T05:13:48.162+0700][gc,cpu      ] GC(182) User=0.07s Sys=0.00s Real=0.04s
[2024-12-17T05:15:26.547+0700][gc,start    ] GC(183) Pause Young (Normal) (G1 Evacuation Pause)
[2024-12-17T05:15:26.548+0700][gc,task     ] GC(183) Using 2 workers of 2 for evacuation
[2024-12-17T05:15:26.596+0700][gc,mmu      ] GC(183) MMU target violated: 21.0ms (20.0ms/21.0ms)
[2024-12-17T05:15:26.596+0700][gc,phases   ] GC(183)   Pre Evacuate Collection Set: 2.4ms
[2024-12-17T05:15:26.596+0700][gc,phases   ] GC(183)   Merge Heap Roots: 0.8ms
[2024-12-17T05:15:26.596+0700][gc,phases   ] GC(183)   Evacuate Collection Set: 42.3ms
[2024-12-17T05:15:26.596+0700][gc,phases   ] GC(183)   Post Evacuate Collection Set: 2.2ms
[2024-12-17T05:15:26.596+0700][gc,phases   ] GC(183)   Other: 1.4ms
[2024-12-17T05:15:26.596+0700][gc,heap     ] GC(183) Eden regions: 46->0(46)
[2024-12-17T05:15:26.596+0700][gc,heap     ] GC(183) Survivor regions: 5->5(7)
[2024-12-17T05:15:26.596+0700][gc,heap     ] GC(183) Old regions: 215->217
[2024-12-17T05:15:26.596+0700][gc,heap     ] GC(183) Archive regions: 2->2
[2024-12-17T05:15:26.596+0700][gc,heap     ] GC(183) Humongous regions: 129->129
[2024-12-17T05:15:26.597+0700][gc,metaspace] GC(183) Metaspace: 45421K(46080K)->45421K(46080K) NonClass: 40196K(40576K)->40196K(40576K) Class: 5225K(5504K)->5225K(5504K)
[2024-12-17T05:15:26.597+0700][gc          ] GC(183) Pause Young (Normal) (G1 Evacuation Pause) 395M->350M(1024M) 49.197ms
[2024-12-17T05:15:26.597+0700][gc,cpu      ] GC(183) User=0.09s Sys=0.00s Real=0.05s
[2024-12-17T05:17:06.002+0700][gc,start    ] GC(184) Pause Young (Normal) (G1 Evacuation Pause)
[2024-12-17T05:17:06.002+0700][gc,task     ] GC(184) Using 2 workers of 2 for evacuation
[2024-12-17T05:17:06.040+0700][gc,mmu      ] GC(184) MMU target violated: 21.0ms (20.0ms/21.0ms)
[2024-12-17T05:17:06.040+0700][gc,phases   ] GC(184)   Pre Evacuate Collection Set: 3.9ms
[2024-12-17T05:17:06.040+0700][gc,phases   ] GC(184)   Merge Heap Roots: 1.0ms
[2024-12-17T05:17:06.040+0700][gc,phases   ] GC(184)   Evacuate Collection Set: 30.0ms
[2024-12-17T05:17:06.040+0700][gc,phases   ] GC(184)   Post Evacuate Collection Set: 2.4ms
[2024-12-17T05:17:06.040+0700][gc,phases   ] GC(184)   Other: 1.1ms
[2024-12-17T05:17:06.040+0700][gc,heap     ] GC(184) Eden regions: 46->0(48)
[2024-12-17T05:17:06.040+0700][gc,heap     ] GC(184) Survivor regions: 5->3(7)
[2024-12-17T05:17:06.040+0700][gc,heap     ] GC(184) Old regions: 217->219
[2024-12-17T05:17:06.040+0700][gc,heap     ] GC(184) Archive regions: 2->2
[2024-12-17T05:17:06.040+0700][gc,heap     ] GC(184) Humongous regions: 129->129
[2024-12-17T05:17:06.040+0700][gc,metaspace] GC(184) Metaspace: 45421K(46080K)->45421K(46080K) NonClass: 40196K(40576K)->40196K(40576K) Class: 5225K(5504K)->5225K(5504K)
[2024-12-17T05:17:06.040+0700][gc          ] GC(184) Pause Young (Normal) (G1 Evacuation Pause) 396M->351M(1024M) 38.538ms
[2024-12-17T05:17:06.040+0700][gc,cpu      ] GC(184) User=0.07s Sys=0.00s Real=0.04s
[2024-12-17T05:18:50.699+0700][gc,start    ] GC(185) Pause Young (Normal) (G1 Evacuation Pause)
[2024-12-17T05:18:50.700+0700][gc,task     ] GC(185) Using 2 workers of 2 for evacuation
[2024-12-17T05:18:50.748+0700][gc,mmu      ] GC(185) MMU target violated: 21.0ms (20.0ms/21.0ms)
[2024-12-17T05:18:50.748+0700][gc,phases   ] GC(185)   Pre Evacuate Collection Set: 3.1ms
[2024-12-17T05:18:50.748+0700][gc,phases   ] GC(185)   Merge Heap Roots: 0.6ms
[2024-12-17T05:18:50.748+0700][gc,phases   ] GC(185)   Evacuate Collection Set: 41.7ms
[2024-12-17T05:18:50.748+0700][gc,phases   ] GC(185)   Post Evacuate Collection Set: 2.5ms
[2024-12-17T05:18:50.748+0700][gc,phases   ] GC(185)   Other: 1.3ms
[2024-12-17T05:18:50.748+0700][gc,heap     ] GC(185) Eden regions: 48->0(44)
[2024-12-17T05:18:50.748+0700][gc,heap     ] GC(185) Survivor regions: 3->7(7)
[2024-12-17T05:18:50.748+0700][gc,heap     ] GC(185) Old regions: 219->219
[2024-12-17T05:18:50.748+0700][gc,heap     ] GC(185) Archive regions: 2->2
[2024-12-17T05:18:50.748+0700][gc,heap     ] GC(185) Humongous regions: 129->129
[2024-12-17T05:18:50.748+0700][gc,metaspace] GC(185) Metaspace: 45421K(46080K)->45421K(46080K) NonClass: 40196K(40576K)->40196K(40576K) Class: 5225K(5504K)->5225K(5504K)
[2024-12-17T05:18:50.749+0700][gc          ] GC(185) Pause Young (Normal) (G1 Evacuation Pause) 399M->354M(1024M) 49.171ms
[2024-12-17T05:18:50.749+0700][gc,cpu      ] GC(185) User=0.10s Sys=0.00s Real=0.05s
[2024-12-17T05:20:26.148+0700][gc,start    ] GC(186) Pause Young (Normal) (G1 Evacuation Pause)
[2024-12-17T05:20:26.148+0700][gc,task     ] GC(186) Using 2 workers of 2 for evacuation
[2024-12-17T05:20:26.201+0700][gc,mmu      ] GC(186) MMU target violated: 21.0ms (20.0ms/21.0ms)
[2024-12-17T05:20:26.201+0700][gc,phases   ] GC(186)   Pre Evacuate Collection Set: 2.7ms
[2024-12-17T05:20:26.202+0700][gc,phases   ] GC(186)   Merge Heap Roots: 0.8ms
[2024-12-17T05:20:26.202+0700][gc,phases   ] GC(186)   Evacuate Collection Set: 45.0ms
[2024-12-17T05:20:26.202+0700][gc,phases   ] GC(186)   Post Evacuate Collection Set: 4.0ms
[2024-12-17T05:20:26.202+0700][gc,phases   ] GC(186)   Other: 1.4ms
[2024-12-17T05:20:26.202+0700][gc,heap     ] GC(186) Eden regions: 44->0(48)
[2024-12-17T05:20:26.202+0700][gc,heap     ] GC(186) Survivor regions: 7->3(7)
[2024-12-17T05:20:26.202+0700][gc,heap     ] GC(186) Old regions: 219->223
[2024-12-17T05:20:26.202+0700][gc,heap     ] GC(186) Archive regions: 2->2
[2024-12-17T05:20:26.202+0700][gc,heap     ] GC(186) Humongous regions: 129->129
[2024-12-17T05:20:26.202+0700][gc,metaspace] GC(186) Metaspace: 45421K(46080K)->45421K(46080K) NonClass: 40196K(40576K)->40196K(40576K) Class: 5225K(5504K)->5225K(5504K)
[2024-12-17T05:20:26.202+0700][gc          ] GC(186) Pause Young (Normal) (G1 Evacuation Pause) 398M->355M(1024M) 53.906ms
[2024-12-17T05:20:26.202+0700][gc,cpu      ] GC(186) User=0.10s Sys=0.00s Real=0.05s
[2024-12-17T05:22:10.435+0700][gc,start    ] GC(187) Pause Young (Normal) (G1 Evacuation Pause)
[2024-12-17T05:22:10.435+0700][gc,task     ] GC(187) Using 2 workers of 2 for evacuation
[2024-12-17T05:22:10.477+0700][gc,mmu      ] GC(187) MMU target violated: 21.0ms (20.0ms/21.0ms)
[2024-12-17T05:22:10.478+0700][gc,phases   ] GC(187)   Pre Evacuate Collection Set: 2.5ms
[2024-12-17T05:22:10.478+0700][gc,phases   ] GC(187)   Merge Heap Roots: 0.6ms
[2024-12-17T05:22:10.478+0700][gc,phases   ] GC(187)   Evacuate Collection Set: 35.9ms
[2024-12-17T05:22:10.478+0700][gc,phases   ] GC(187)   Post Evacuate Collection Set: 3.1ms
[2024-12-17T05:22:10.478+0700][gc,phases   ] GC(187)   Other: 1.3ms
[2024-12-17T05:22:10.478+0700][gc,heap     ] GC(187) Eden regions: 48->0(45)
[2024-12-17T05:22:10.478+0700][gc,heap     ] GC(187) Survivor regions: 3->6(7)
[2024-12-17T05:22:10.478+0700][gc,heap     ] GC(187) Old regions: 223->223
[2024-12-17T05:22:10.478+0700][gc,heap     ] GC(187) Archive regions: 2->2
[2024-12-17T05:22:10.478+0700][gc,heap     ] GC(187) Humongous regions: 129->129
[2024-12-17T05:22:10.478+0700][gc,metaspace] GC(187) Metaspace: 45421K(46080K)->45421K(46080K) NonClass: 40196K(40576K)->40196K(40576K) Class: 5225K(5504K)->5225K(5504K)
[2024-12-17T05:22:10.478+0700][gc          ] GC(187) Pause Young (Normal) (G1 Evacuation Pause) 403M->358M(1024M) 43.296ms
[2024-12-17T05:22:10.478+0700][gc,cpu      ] GC(187) User=0.08s Sys=0.00s Real=0.05s
[2024-12-17T05:23:48.226+0700][gc,start    ] GC(188) Pause Young (Normal) (G1 Evacuation Pause)
[2024-12-17T05:23:48.226+0700][gc,task     ] GC(188) Using 2 workers of 2 for evacuation
[2024-12-17T05:23:48.290+0700][gc,mmu      ] GC(188) MMU target violated: 21.0ms (20.0ms/21.0ms)
[2024-12-17T05:23:48.290+0700][gc,phases   ] GC(188)   Pre Evacuate Collection Set: 3.4ms
[2024-12-17T05:23:48.290+0700][gc,phases   ] GC(188)   Merge Heap Roots: 1.0ms
[2024-12-17T05:23:48.290+0700][gc,phases   ] GC(188)   Evacuate Collection Set: 56.6ms
[2024-12-17T05:23:48.290+0700][gc,phases   ] GC(188)   Post Evacuate Collection Set: 2.4ms
[2024-12-17T05:23:48.290+0700][gc,phases   ] GC(188)   Other: 1.2ms
[2024-12-17T05:23:48.291+0700][gc,heap     ] GC(188) Eden regions: 45->0(46)
[2024-12-17T05:23:48.291+0700][gc,heap     ] GC(188) Survivor regions: 6->5(7)
[2024-12-17T05:23:48.291+0700][gc,heap     ] GC(188) Old regions: 223->227
[2024-12-17T05:23:48.291+0700][gc,heap     ] GC(188) Archive regions: 2->2
[2024-12-17T05:23:48.291+0700][gc,heap     ] GC(188) Humongous regions: 129->129
[2024-12-17T05:23:48.291+0700][gc,metaspace] GC(188) Metaspace: 45421K(46080K)->45421K(46080K) NonClass: 40196K(40576K)->40196K(40576K) Class: 5225K(5504K)->5225K(5504K)
[2024-12-17T05:23:48.291+0700][gc          ] GC(188) Pause Young (Normal) (G1 Evacuation Pause) 403M->361M(1024M) 64.837ms
[2024-12-17T05:23:48.291+0700][gc,cpu      ] GC(188) User=0.12s Sys=0.00s Real=0.06s
[2024-12-17T05:25:28.263+0700][gc,start    ] GC(189) Pause Young (Normal) (G1 Evacuation Pause)
[2024-12-17T05:25:28.263+0700][gc,task     ] GC(189) Using 2 workers of 2 for evacuation
[2024-12-17T05:25:28.305+0700][gc,mmu      ] GC(189) MMU target violated: 21.0ms (20.0ms/21.0ms)
[2024-12-17T05:25:28.305+0700][gc,phases   ] GC(189)   Pre Evacuate Collection Set: 3.1ms
[2024-12-17T05:25:28.305+0700][gc,phases   ] GC(189)   Merge Heap Roots: 0.7ms
[2024-12-17T05:25:28.305+0700][gc,phases   ] GC(189)   Evacuate Collection Set: 33.8ms
[2024-12-17T05:25:28.305+0700][gc,phases   ] GC(189)   Post Evacuate Collection Set: 3.8ms
[2024-12-17T05:25:28.305+0700][gc,phases   ] GC(189)   Other: 5.7ms
[2024-12-17T05:25:28.305+0700][gc,heap     ] GC(189) Eden regions: 46->0(48)
[2024-12-17T05:25:28.305+0700][gc,heap     ] GC(189) Survivor regions: 5->3(7)
[2024-12-17T05:25:28.305+0700][gc,heap     ] GC(189) Old regions: 227->230
[2024-12-17T05:25:28.305+0700][gc,heap     ] GC(189) Archive regions: 2->2
[2024-12-17T05:25:28.305+0700][gc,heap     ] GC(189) Humongous regions: 129->129
[2024-12-17T05:25:28.305+0700][gc,metaspace] GC(189) Metaspace: 45421K(46080K)->45421K(46080K) NonClass: 40196K(40576K)->40196K(40576K) Class: 5225K(5504K)->5225K(5504K)
[2024-12-17T05:25:28.305+0700][gc          ] GC(189) Pause Young (Normal) (G1 Evacuation Pause) 407M->362M(1024M) 42.790ms
[2024-12-17T05:25:28.306+0700][gc,cpu      ] GC(189) User=0.08s Sys=0.00s Real=0.05s
[2024-12-17T05:27:12.450+0700][gc,start    ] GC(190) Pause Young (Concurrent Start) (G1 Evacuation Pause)
[2024-12-17T05:27:12.451+0700][gc,task     ] GC(190) Using 2 workers of 2 for evacuation
[2024-12-17T05:27:12.564+0700][gc,mmu      ] GC(190) MMU target violated: 21.0ms (20.0ms/21.0ms)
[2024-12-17T05:27:12.564+0700][gc,phases   ] GC(190)   Pre Evacuate Collection Set: 14.7ms
[2024-12-17T05:27:12.564+0700][gc,phases   ] GC(190)   Merge Heap Roots: 1.9ms
[2024-12-17T05:27:12.564+0700][gc,phases   ] GC(190)   Evacuate Collection Set: 86.9ms
[2024-12-17T05:27:12.564+0700][gc,phases   ] GC(190)   Post Evacuate Collection Set: 4.6ms
[2024-12-17T05:27:12.564+0700][gc,phases   ] GC(190)   Other: 6.5ms
[2024-12-17T05:27:12.564+0700][gc,heap     ] GC(190) Eden regions: 48->0(44)
[2024-12-17T05:27:12.564+0700][gc,heap     ] GC(190) Survivor regions: 3->7(7)
[2024-12-17T05:27:12.564+0700][gc,heap     ] GC(190) Old regions: 230->230
[2024-12-17T05:27:12.564+0700][gc,heap     ] GC(190) Archive regions: 2->2
[2024-12-17T05:27:12.564+0700][gc,heap     ] GC(190) Humongous regions: 129->129
[2024-12-17T05:27:12.564+0700][gc,metaspace] GC(190) Metaspace: 45421K(46080K)->45421K(46080K) NonClass: 40196K(40576K)->40196K(40576K) Class: 5225K(5504K)->5225K(5504K)
[2024-12-17T05:27:12.565+0700][gc          ] GC(190) Pause Young (Concurrent Start) (G1 Evacuation Pause) 410M->365M(1024M) 114.123ms
[2024-12-17T05:27:12.565+0700][gc,cpu      ] GC(190) User=0.21s Sys=0.00s Real=0.12s
[2024-12-17T05:27:12.565+0700][gc          ] GC(191) Concurrent Mark Cycle
[2024-12-17T05:27:12.565+0700][gc,marking  ] GC(191) Concurrent Clear Claimed Marks
[2024-12-17T05:27:12.565+0700][gc,marking  ] GC(191) Concurrent Clear Claimed Marks 0.200ms
[2024-12-17T05:27:12.565+0700][gc,marking  ] GC(191) Concurrent Scan Root Regions
[2024-12-17T05:27:12.589+0700][gc,marking  ] GC(191) Concurrent Scan Root Regions 23.551ms
[2024-12-17T05:27:12.589+0700][gc,marking  ] GC(191) Concurrent Mark
[2024-12-17T05:27:12.589+0700][gc,marking  ] GC(191) Concurrent Mark From Roots
[2024-12-17T05:27:12.589+0700][gc,task     ] GC(191) Using 1 workers of 1 for marking
[2024-12-17T05:27:12.703+0700][gc,marking  ] GC(191) Concurrent Mark From Roots 114.312ms
[2024-12-17T05:27:12.703+0700][gc,marking  ] GC(191) Concurrent Preclean
[2024-12-17T05:27:12.704+0700][gc,marking  ] GC(191) Concurrent Preclean 0.326ms
[2024-12-17T05:27:12.704+0700][gc,start    ] GC(191) Pause Remark
[2024-12-17T05:27:12.763+0700][gc,mmu      ] GC(191) MMU target violated: 21.0ms (20.0ms/21.0ms)
[2024-12-17T05:27:12.764+0700][gc          ] GC(191) Pause Remark 366M->324M(1024M) 59.724ms
[2024-12-17T05:27:12.764+0700][gc,cpu      ] GC(191) User=0.11s Sys=0.00s Real=0.06s
[2024-12-17T05:27:12.764+0700][gc,marking  ] GC(191) Concurrent Mark 175.106ms
[2024-12-17T05:27:12.764+0700][gc,marking  ] GC(191) Concurrent Rebuild Remembered Sets
[2024-12-17T05:27:12.815+0700][gc,marking  ] GC(191) Concurrent Rebuild Remembered Sets 50.637ms
[2024-12-17T05:27:12.815+0700][gc,start    ] GC(191) Pause Cleanup
[2024-12-17T05:27:12.816+0700][gc          ] GC(191) Pause Cleanup 324M->324M(1024M) 0.685ms
[2024-12-17T05:27:12.816+0700][gc,cpu      ] GC(191) User=0.00s Sys=0.00s Real=0.00s
[2024-12-17T05:27:12.816+0700][gc,marking  ] GC(191) Concurrent Cleanup for Next Mark
[2024-12-17T05:27:12.865+0700][gc,marking  ] GC(191) Concurrent Cleanup for Next Mark 49.135ms
[2024-12-17T05:27:12.865+0700][gc          ] GC(191) Concurrent Mark Cycle 300.123ms
[2024-12-17T05:28:47.857+0700][gc,start    ] GC(192) Pause Young (Prepare Mixed) (G1 Evacuation Pause)
[2024-12-17T05:28:47.857+0700][gc,task     ] GC(192) Using 2 workers of 2 for evacuation
[2024-12-17T05:28:47.938+0700][gc,mmu      ] GC(192) MMU target violated: 21.0ms (20.0ms/21.0ms)
[2024-12-17T05:28:47.938+0700][gc,phases   ] GC(192)   Pre Evacuate Collection Set: 7.8ms
[2024-12-17T05:28:47.938+0700][gc,phases   ] GC(192)   Merge Heap Roots: 1.8ms
[2024-12-17T05:28:47.938+0700][gc,phases   ] GC(192)   Evacuate Collection Set: 63.4ms
[2024-12-17T05:28:47.938+0700][gc,phases   ] GC(192)   Post Evacuate Collection Set: 6.5ms
[2024-12-17T05:28:47.938+0700][gc,phases   ] GC(192)   Other: 2.0ms
[2024-12-17T05:28:47.938+0700][gc,heap     ] GC(192) Eden regions: 44->0(48)
[2024-12-17T05:28:47.938+0700][gc,heap     ] GC(192) Survivor regions: 7->3(7)
[2024-12-17T05:28:47.938+0700][gc,heap     ] GC(192) Old regions: 188->192
[2024-12-17T05:28:47.938+0700][gc,heap     ] GC(192) Archive regions: 2->2
[2024-12-17T05:28:47.938+0700][gc,heap     ] GC(192) Humongous regions: 129->129
[2024-12-17T05:28:47.938+0700][gc,metaspace] GC(192) Metaspace: 45421K(46080K)->45421K(46080K) NonClass: 40196K(40576K)->40196K(40576K) Class: 5225K(5504K)->5225K(5504K)
[2024-12-17T05:28:47.938+0700][gc          ] GC(192) Pause Young (Prepare Mixed) (G1 Evacuation Pause) 367M->324M(1024M) 81.357ms
[2024-12-17T05:28:47.938+0700][gc,cpu      ] GC(192) User=0.15s Sys=0.00s Real=0.08s
[2024-12-17T05:30:32.036+0700][gc,start    ] GC(193) Pause Young (Mixed) (G1 Evacuation Pause)
[2024-12-17T05:30:32.036+0700][gc,task     ] GC(193) Using 2 workers of 2 for evacuation
[2024-12-17T05:30:32.089+0700][gc,mmu      ] GC(193) MMU target violated: 21.0ms (20.0ms/21.0ms)
[2024-12-17T05:30:32.089+0700][gc,phases   ] GC(193)   Pre Evacuate Collection Set: 3.0ms
[2024-12-17T05:30:32.089+0700][gc,phases   ] GC(193)   Merge Heap Roots: 0.9ms
[2024-12-17T05:30:32.089+0700][gc,phases   ] GC(193)   Evacuate Collection Set: 45.3ms
[2024-12-17T05:30:32.089+0700][gc,phases   ] GC(193)   Post Evacuate Collection Set: 3.6ms
[2024-12-17T05:30:32.089+0700][gc,phases   ] GC(193)   Other: 1.1ms
[2024-12-17T05:30:32.089+0700][gc,heap     ] GC(193) Eden regions: 48->0(45)
[2024-12-17T05:30:32.089+0700][gc,heap     ] GC(193) Survivor regions: 3->6(7)
[2024-12-17T05:30:32.089+0700][gc,heap     ] GC(193) Old regions: 192->177
[2024-12-17T05:30:32.090+0700][gc,heap     ] GC(193) Archive regions: 2->2
[2024-12-17T05:30:32.090+0700][gc,heap     ] GC(193) Humongous regions: 129->129
[2024-12-17T05:30:32.090+0700][gc,metaspace] GC(193) Metaspace: 45421K(46080K)->45421K(46080K) NonClass: 40196K(40576K)->40196K(40576K) Class: 5225K(5504K)->5225K(5504K)
[2024-12-17T05:30:32.090+0700][gc          ] GC(193) Pause Young (Mixed) (G1 Evacuation Pause) 372M->312M(1024M) 53.940ms
[2024-12-17T05:30:32.090+0700][gc,cpu      ] GC(193) User=0.10s Sys=0.00s Real=0.06s
[2024-12-17T05:32:09.751+0700][gc,start    ] GC(194) Pause Young (Mixed) (G1 Evacuation Pause)
[2024-12-17T05:32:09.751+0700][gc,task     ] GC(194) Using 2 workers of 2 for evacuation
[2024-12-17T05:32:09.821+0700][gc,mmu      ] GC(194) MMU target violated: 21.0ms (20.0ms/21.0ms)
[2024-12-17T05:32:09.821+0700][gc,phases   ] GC(194)   Pre Evacuate Collection Set: 4.2ms
[2024-12-17T05:32:09.821+0700][gc,phases   ] GC(194)   Merge Heap Roots: 1.0ms
[2024-12-17T05:32:09.821+0700][gc,phases   ] GC(194)   Evacuate Collection Set: 61.8ms
[2024-12-17T05:32:09.821+0700][gc,phases   ] GC(194)   Post Evacuate Collection Set: 2.5ms
[2024-12-17T05:32:09.821+0700][gc,phases   ] GC(194)   Other: 1.2ms
[2024-12-17T05:32:09.821+0700][gc,heap     ] GC(194) Eden regions: 45->0(44)
[2024-12-17T05:32:09.821+0700][gc,heap     ] GC(194) Survivor regions: 6->7(7)
[2024-12-17T05:32:09.821+0700][gc,heap     ] GC(194) Old regions: 177->164
[2024-12-17T05:32:09.821+0700][gc,heap     ] GC(194) Archive regions: 2->2
[2024-12-17T05:32:09.821+0700][gc,heap     ] GC(194) Humongous regions: 129->129
[2024-12-17T05:32:09.821+0700][gc,metaspace] GC(194) Metaspace: 45421K(46080K)->45421K(46080K) NonClass: 40196K(40576K)->40196K(40576K) Class: 5225K(5504K)->5225K(5504K)
[2024-12-17T05:32:09.821+0700][gc          ] GC(194) Pause Young (Mixed) (G1 Evacuation Pause) 357M->300M(1024M) 70.514ms
[2024-12-17T05:32:09.821+0700][gc,cpu      ] GC(194) User=0.12s Sys=0.00s Real=0.07s
[2024-12-17T05:33:45.136+0700][gc,start    ] GC(195) Pause Young (Mixed) (G1 Evacuation Pause)
[2024-12-17T05:33:45.136+0700][gc,task     ] GC(195) Using 2 workers of 2 for evacuation
[2024-12-17T05:33:45.190+0700][gc,mmu      ] GC(195) MMU target violated: 21.0ms (20.0ms/21.0ms)
[2024-12-17T05:33:45.190+0700][gc,phases   ] GC(195)   Pre Evacuate Collection Set: 2.8ms
[2024-12-17T05:33:45.190+0700][gc,phases   ] GC(195)   Merge Heap Roots: 0.8ms
[2024-12-17T05:33:45.190+0700][gc,phases   ] GC(195)   Evacuate Collection Set: 44.6ms
[2024-12-17T05:33:45.190+0700][gc,phases   ] GC(195)   Post Evacuate Collection Set: 4.5ms
[2024-12-17T05:33:45.190+0700][gc,phases   ] GC(195)   Other: 1.4ms
[2024-12-17T05:33:45.190+0700][gc,heap     ] GC(195) Eden regions: 44->0(48)
[2024-12-17T05:33:45.190+0700][gc,heap     ] GC(195) Survivor regions: 7->3(7)
[2024-12-17T05:33:45.190+0700][gc,heap     ] GC(195) Old regions: 164->154
[2024-12-17T05:33:45.190+0700][gc,heap     ] GC(195) Archive regions: 2->2
[2024-12-17T05:33:45.190+0700][gc,heap     ] GC(195) Humongous regions: 129->129
[2024-12-17T05:33:45.190+0700][gc,metaspace] GC(195) Metaspace: 45421K(46080K)->45421K(46080K) NonClass: 40196K(40576K)->40196K(40576K) Class: 5225K(5504K)->5225K(5504K)
[2024-12-17T05:33:45.190+0700][gc          ] GC(195) Pause Young (Mixed) (G1 Evacuation Pause) 344M->286M(1024M) 54.185ms
[2024-12-17T05:33:45.190+0700][gc,cpu      ] GC(195) User=0.10s Sys=0.00s Real=0.06s
[2024-12-17T05:35:29.278+0700][gc,start    ] GC(196) Pause Young (Mixed) (G1 Evacuation Pause)
[2024-12-17T05:35:29.278+0700][gc,task     ] GC(196) Using 2 workers of 2 for evacuation
[2024-12-17T05:35:29.333+0700][gc,mmu      ] GC(196) MMU target violated: 21.0ms (20.0ms/21.0ms)
[2024-12-17T05:35:29.333+0700][gc,phases   ] GC(196)   Pre Evacuate Collection Set: 3.6ms
[2024-12-17T05:35:29.333+0700][gc,phases   ] GC(196)   Merge Heap Roots: 1.2ms
[2024-12-17T05:35:29.333+0700][gc,phases   ] GC(196)   Evacuate Collection Set: 47.0ms
[2024-12-17T05:35:29.333+0700][gc,phases   ] GC(196)   Post Evacuate Collection Set: 2.7ms
[2024-12-17T05:35:29.333+0700][gc,phases   ] GC(196)   Other: 1.3ms
[2024-12-17T05:35:29.333+0700][gc,heap     ] GC(196) Eden regions: 48->0(45)
[2024-12-17T05:35:29.333+0700][gc,heap     ] GC(196) Survivor regions: 3->6(7)
[2024-12-17T05:35:29.333+0700][gc,heap     ] GC(196) Old regions: 154->139
[2024-12-17T05:35:29.333+0700][gc,heap     ] GC(196) Archive regions: 2->2
[2024-12-17T05:35:29.333+0700][gc,heap     ] GC(196) Humongous regions: 129->129
[2024-12-17T05:35:29.333+0700][gc,metaspace] GC(196) Metaspace: 45421K(46080K)->45421K(46080K) NonClass: 40196K(40576K)->40196K(40576K) Class: 5225K(5504K)->5225K(5504K)
[2024-12-17T05:35:29.333+0700][gc          ] GC(196) Pause Young (Mixed) (G1 Evacuation Pause) 334M->274M(1024M) 55.948ms
[2024-12-17T05:35:29.334+0700][gc,cpu      ] GC(196) User=0.10s Sys=0.00s Real=0.05s
[2024-12-17T05:37:06.547+0700][gc,start    ] GC(197) Pause Young (Mixed) (G1 Evacuation Pause)
[2024-12-17T05:37:06.547+0700][gc,task     ] GC(197) Using 2 workers of 2 for evacuation
[2024-12-17T05:37:06.625+0700][gc,mmu      ] GC(197) MMU target violated: 21.0ms (20.0ms/21.0ms)
[2024-12-17T05:37:06.625+0700][gc,phases   ] GC(197)   Pre Evacuate Collection Set: 4.5ms
[2024-12-17T05:37:06.625+0700][gc,phases   ] GC(197)   Merge Heap Roots: 1.0ms
[2024-12-17T05:37:06.625+0700][gc,phases   ] GC(197)   Evacuate Collection Set: 66.5ms
[2024-12-17T05:37:06.625+0700][gc,phases   ] GC(197)   Post Evacuate Collection Set: 4.6ms
[2024-12-17T05:37:06.625+0700][gc,phases   ] GC(197)   Other: 1.4ms
[2024-12-17T05:37:06.625+0700][gc,heap     ] GC(197) Eden regions: 45->0(45)
[2024-12-17T05:37:06.625+0700][gc,heap     ] GC(197) Survivor regions: 6->6(7)
[2024-12-17T05:37:06.625+0700][gc,heap     ] GC(197) Old regions: 139->129
[2024-12-17T05:37:06.625+0700][gc,heap     ] GC(197) Archive regions: 2->2
[2024-12-17T05:37:06.625+0700][gc,heap     ] GC(197) Humongous regions: 129->129
[2024-12-17T05:37:06.625+0700][gc,metaspace] GC(197) Metaspace: 45421K(46080K)->45421K(46080K) NonClass: 40196K(40576K)->40196K(40576K) Class: 5225K(5504K)->5225K(5504K)
[2024-12-17T05:37:06.625+0700][gc          ] GC(197) Pause Young (Mixed) (G1 Evacuation Pause) 319M->263M(1024M) 78.016ms
[2024-12-17T05:37:06.625+0700][gc,cpu      ] GC(197) User=0.15s Sys=0.00s Real=0.08s
[2024-12-17T05:38:44.718+0700][gc,start    ] GC(198) Pause Young (Mixed) (G1 Evacuation Pause)
[2024-12-17T05:38:44.718+0700][gc,task     ] GC(198) Using 2 workers of 2 for evacuation
[2024-12-17T05:38:44.767+0700][gc,mmu      ] GC(198) MMU target violated: 21.0ms (20.0ms/21.0ms)
[2024-12-17T05:38:44.768+0700][gc,phases   ] GC(198)   Pre Evacuate Collection Set: 3.4ms
[2024-12-17T05:38:44.768+0700][gc,phases   ] GC(198)   Merge Heap Roots: 0.7ms
[2024-12-17T05:38:44.768+0700][gc,phases   ] GC(198)   Evacuate Collection Set: 41.0ms
[2024-12-17T05:38:44.768+0700][gc,phases   ] GC(198)   Post Evacuate Collection Set: 3.7ms
[2024-12-17T05:38:44.768+0700][gc,phases   ] GC(198)   Other: 1.6ms
[2024-12-17T05:38:44.768+0700][gc,heap     ] GC(198) Eden regions: 45->0(47)
[2024-12-17T05:38:44.768+0700][gc,heap     ] GC(198) Survivor regions: 6->4(7)
[2024-12-17T05:38:44.768+0700][gc,heap     ] GC(198) Old regions: 129->116
[2024-12-17T05:38:44.768+0700][gc,heap     ] GC(198) Archive regions: 2->2
[2024-12-17T05:38:44.768+0700][gc,heap     ] GC(198) Humongous regions: 129->129
[2024-12-17T05:38:44.768+0700][gc,metaspace] GC(198) Metaspace: 45421K(46080K)->45421K(46080K) NonClass: 40196K(40576K)->40196K(40576K) Class: 5225K(5504K)->5225K(5504K)
[2024-12-17T05:38:44.768+0700][gc          ] GC(198) Pause Young (Mixed) (G1 Evacuation Pause) 308M->249M(1024M) 50.299ms
[2024-12-17T05:38:44.768+0700][gc,cpu      ] GC(198) User=0.09s Sys=0.00s Real=0.05s
[2024-12-17T05:40:27.242+0700][gc,start    ] GC(199) Pause Young (Mixed) (G1 Evacuation Pause)
[2024-12-17T05:40:27.242+0700][gc,task     ] GC(199) Using 2 workers of 2 for evacuation
[2024-12-17T05:40:27.297+0700][gc,mmu      ] GC(199) MMU target violated: 21.0ms (20.0ms/21.0ms)
[2024-12-17T05:40:27.298+0700][gc,phases   ] GC(199)   Pre Evacuate Collection Set: 3.1ms
[2024-12-17T05:40:27.298+0700][gc,phases   ] GC(199)   Merge Heap Roots: 0.7ms
[2024-12-17T05:40:27.298+0700][gc,phases   ] GC(199)   Evacuate Collection Set: 48.0ms
[2024-12-17T05:40:27.298+0700][gc,phases   ] GC(199)   Post Evacuate Collection Set: 2.6ms
[2024-12-17T05:40:27.298+0700][gc,phases   ] GC(199)   Other: 1.4ms
[2024-12-17T05:40:27.298+0700][gc,heap     ] GC(199) Eden regions: 47->0(44)
[2024-12-17T05:40:27.298+0700][gc,heap     ] GC(199) Survivor regions: 4->7(7)
[2024-12-17T05:40:27.298+0700][gc,heap     ] GC(199) Old regions: 116->102
[2024-12-17T05:40:27.298+0700][gc,heap     ] GC(199) Archive regions: 2->2
[2024-12-17T05:40:27.298+0700][gc,heap     ] GC(199) Humongous regions: 129->129
[2024-12-17T05:40:27.298+0700][gc,metaspace] GC(199) Metaspace: 45421K(46080K)->45421K(46080K) NonClass: 40196K(40576K)->40196K(40576K) Class: 5225K(5504K)->5225K(5504K)
[2024-12-17T05:40:27.298+0700][gc          ] GC(199) Pause Young (Mixed) (G1 Evacuation Pause) 296M->238M(1024M) 55.698ms
[2024-12-17T05:40:27.298+0700][gc,cpu      ] GC(199) User=0.11s Sys=0.00s Real=0.06s
[2024-12-17T05:42:02.643+0700][gc,start    ] GC(200) Pause Young (Mixed) (G1 Evacuation Pause)
[2024-12-17T05:42:02.643+0700][gc,task     ] GC(200) Using 2 workers of 2 for evacuation
[2024-12-17T05:42:02.694+0700][gc,mmu      ] GC(200) MMU target violated: 21.0ms (20.0ms/21.0ms)
[2024-12-17T05:42:02.694+0700][gc,phases   ] GC(200)   Pre Evacuate Collection Set: 2.6ms
[2024-12-17T05:42:02.694+0700][gc,phases   ] GC(200)   Merge Heap Roots: 0.7ms
[2024-12-17T05:42:02.694+0700][gc,phases   ] GC(200)   Evacuate Collection Set: 43.3ms
[2024-12-17T05:42:02.694+0700][gc,phases   ] GC(200)   Post Evacuate Collection Set: 3.5ms
[2024-12-17T05:42:02.694+0700][gc,phases   ] GC(200)   Other: 1.1ms
[2024-12-17T05:42:02.694+0700][gc,heap     ] GC(200) Eden regions: 44->0(48)
[2024-12-17T05:42:02.694+0700][gc,heap     ] GC(200) Survivor regions: 7->3(7)
[2024-12-17T05:42:02.694+0700][gc,heap     ] GC(200) Old regions: 102->95
[2024-12-17T05:42:02.694+0700][gc,heap     ] GC(200) Archive regions: 2->2
[2024-12-17T05:42:02.694+0700][gc,heap     ] GC(200) Humongous regions: 129->129
[2024-12-17T05:42:02.694+0700][gc,metaspace] GC(200) Metaspace: 45422K(46080K)->45422K(46080K) NonClass: 40197K(40576K)->40197K(40576K) Class: 5225K(5504K)->5225K(5504K)
[2024-12-17T05:42:02.694+0700][gc          ] GC(200) Pause Young (Mixed) (G1 Evacuation Pause) 282M->227M(1024M) 51.230ms
[2024-12-17T05:42:02.694+0700][gc,cpu      ] GC(200) User=0.10s Sys=0.00s Real=0.05s
[2024-12-17T05:43:46.761+0700][gc,start    ] GC(201) Pause Young (Normal) (G1 Evacuation Pause)
[2024-12-17T05:43:46.761+0700][gc,task     ] GC(201) Using 2 workers of 2 for evacuation
[2024-12-17T05:43:46.806+0700][gc,mmu      ] GC(201) MMU target violated: 21.0ms (20.0ms/21.0ms)
[2024-12-17T05:43:46.806+0700][gc,phases   ] GC(201)   Pre Evacuate Collection Set: 4.1ms
[2024-12-17T05:43:46.806+0700][gc,phases   ] GC(201)   Merge Heap Roots: 0.6ms
[2024-12-17T05:43:46.806+0700][gc,phases   ] GC(201)   Evacuate Collection Set: 37.2ms
[2024-12-17T05:43:46.806+0700][gc,phases   ] GC(201)   Post Evacuate Collection Set: 2.9ms
[2024-12-17T05:43:46.806+0700][gc,phases   ] GC(201)   Other: 1.2ms
[2024-12-17T05:43:46.806+0700][gc,heap     ] GC(201) Eden regions: 48->0(45)
[2024-12-17T05:43:46.806+0700][gc,heap     ] GC(201) Survivor regions: 3->6(7)
[2024-12-17T05:43:46.806+0700][gc,heap     ] GC(201) Old regions: 95->95
[2024-12-17T05:43:46.806+0700][gc,heap     ] GC(201) Archive regions: 2->2
[2024-12-17T05:43:46.806+0700][gc,heap     ] GC(201) Humongous regions: 129->129
[2024-12-17T05:43:46.807+0700][gc,metaspace] GC(201) Metaspace: 45422K(46080K)->45422K(46080K) NonClass: 40197K(40576K)->40197K(40576K) Class: 5225K(5504K)->5225K(5504K)
[2024-12-17T05:43:46.807+0700][gc          ] GC(201) Pause Young (Normal) (G1 Evacuation Pause) 275M->230M(1024M) 46.137ms
[2024-12-17T05:43:46.807+0700][gc,cpu      ] GC(201) User=0.09s Sys=0.00s Real=0.05s
[2024-12-17T05:45:24.878+0700][gc,start    ] GC(202) Pause Young (Normal) (G1 Evacuation Pause)
[2024-12-17T05:45:24.878+0700][gc,task     ] GC(202) Using 2 workers of 2 for evacuation
[2024-12-17T05:45:24.938+0700][gc,mmu      ] GC(202) MMU target violated: 21.0ms (20.0ms/21.0ms)
[2024-12-17T05:45:24.938+0700][gc,phases   ] GC(202)   Pre Evacuate Collection Set: 3.3ms
[2024-12-17T05:45:24.938+0700][gc,phases   ] GC(202)   Merge Heap Roots: 1.0ms
[2024-12-17T05:45:24.938+0700][gc,phases   ] GC(202)   Evacuate Collection Set: 51.5ms
[2024-12-17T05:45:24.938+0700][gc,phases   ] GC(202)   Post Evacuate Collection Set: 3.3ms
[2024-12-17T05:45:24.938+0700][gc,phases   ] GC(202)   Other: 1.4ms
[2024-12-17T05:45:24.938+0700][gc,heap     ] GC(202) Eden regions: 45->0(46)
[2024-12-17T05:45:24.938+0700][gc,heap     ] GC(202) Survivor regions: 6->5(7)
[2024-12-17T05:45:24.938+0700][gc,heap     ] GC(202) Old regions: 95->100
[2024-12-17T05:45:24.938+0700][gc,heap     ] GC(202) Archive regions: 2->2
[2024-12-17T05:45:24.938+0700][gc,heap     ] GC(202) Humongous regions: 129->129
[2024-12-17T05:45:24.938+0700][gc,metaspace] GC(202) Metaspace: 45422K(46080K)->45422K(46080K) NonClass: 40197K(40576K)->40197K(40576K) Class: 5225K(5504K)->5225K(5504K)
[2024-12-17T05:45:24.938+0700][gc          ] GC(202) Pause Young (Normal) (G1 Evacuation Pause) 275M->234M(1024M) 60.458ms
[2024-12-17T05:45:24.938+0700][gc,cpu      ] GC(202) User=0.11s Sys=0.00s Real=0.06s
[2024-12-17T05:47:03.564+0700][gc,start    ] GC(203) Pause Young (Normal) (G1 Evacuation Pause)
[2024-12-17T05:47:03.564+0700][gc,task     ] GC(203) Using 2 workers of 2 for evacuation
[2024-12-17T05:47:03.620+0700][gc,mmu      ] GC(203) MMU target violated: 21.0ms (20.0ms/21.0ms)
[2024-12-17T05:47:03.620+0700][gc,phases   ] GC(203)   Pre Evacuate Collection Set: 8.9ms
[2024-12-17T05:47:03.620+0700][gc,phases   ] GC(203)   Merge Heap Roots: 1.3ms
[2024-12-17T05:47:03.620+0700][gc,phases   ] GC(203)   Evacuate Collection Set: 41.6ms
[2024-12-17T05:47:03.620+0700][gc,phases   ] GC(203)   Post Evacuate Collection Set: 3.8ms
[2024-12-17T05:47:03.620+0700][gc,phases   ] GC(203)   Other: 1.3ms
[2024-12-17T05:47:03.621+0700][gc,heap     ] GC(203) Eden regions: 46->0(47)
[2024-12-17T05:47:03.621+0700][gc,heap     ] GC(203) Survivor regions: 5->4(7)
[2024-12-17T05:47:03.621+0700][gc,heap     ] GC(203) Old regions: 100->102
[2024-12-17T05:47:03.621+0700][gc,heap     ] GC(203) Archive regions: 2->2
[2024-12-17T05:47:03.621+0700][gc,heap     ] GC(203) Humongous regions: 129->129
[2024-12-17T05:47:03.621+0700][gc,metaspace] GC(203) Metaspace: 45422K(46080K)->45422K(46080K) NonClass: 40197K(40576K)->40197K(40576K) Class: 5225K(5504K)->5225K(5504K)
[2024-12-17T05:47:03.621+0700][gc          ] GC(203) Pause Young (Normal) (G1 Evacuation Pause) 280M->234M(1024M) 57.088ms
[2024-12-17T05:47:03.621+0700][gc,cpu      ] GC(203) User=0.11s Sys=0.01s Real=0.06s
[2024-12-17T05:48:46.217+0700][gc,start    ] GC(204) Pause Young (Normal) (G1 Evacuation Pause)
[2024-12-17T05:48:46.217+0700][gc,task     ] GC(204) Using 2 workers of 2 for evacuation
[2024-12-17T05:48:46.264+0700][gc,mmu      ] GC(204) MMU target violated: 21.0ms (20.0ms/21.0ms)
[2024-12-17T05:48:46.265+0700][gc,phases   ] GC(204)   Pre Evacuate Collection Set: 3.8ms
[2024-12-17T05:48:46.265+0700][gc,phases   ] GC(204)   Merge Heap Roots: 1.1ms
[2024-12-17T05:48:46.265+0700][gc,phases   ] GC(204)   Evacuate Collection Set: 38.5ms
[2024-12-17T05:48:46.265+0700][gc,phases   ] GC(204)   Post Evacuate Collection Set: 3.2ms
[2024-12-17T05:48:46.265+0700][gc,phases   ] GC(204)   Other: 1.3ms
[2024-12-17T05:48:46.265+0700][gc,heap     ] GC(204) Eden regions: 47->0(44)
[2024-12-17T05:48:46.265+0700][gc,heap     ] GC(204) Survivor regions: 4->7(7)
[2024-12-17T05:48:46.265+0700][gc,heap     ] GC(204) Old regions: 102->102
[2024-12-17T05:48:46.265+0700][gc,heap     ] GC(204) Archive regions: 2->2
[2024-12-17T05:48:46.265+0700][gc,heap     ] GC(204) Humongous regions: 129->129
[2024-12-17T05:48:46.265+0700][gc,metaspace] GC(204) Metaspace: 45424K(46080K)->45424K(46080K) NonClass: 40199K(40576K)->40199K(40576K) Class: 5225K(5504K)->5225K(5504K)
[2024-12-17T05:48:46.265+0700][gc          ] GC(204) Pause Young (Normal) (G1 Evacuation Pause) 281M->237M(1024M) 47.864ms
[2024-12-17T05:48:46.265+0700][gc,cpu      ] GC(204) User=0.09s Sys=0.00s Real=0.05s
[2024-12-17T05:50:21.401+0700][gc,start    ] GC(205) Pause Young (Normal) (G1 Evacuation Pause)
[2024-12-17T05:50:21.401+0700][gc,task     ] GC(205) Using 2 workers of 2 for evacuation
[2024-12-17T05:50:21.461+0700][gc,mmu      ] GC(205) MMU target violated: 21.0ms (20.0ms/21.0ms)
[2024-12-17T05:50:21.461+0700][gc,phases   ] GC(205)   Pre Evacuate Collection Set: 8.2ms
[2024-12-17T05:50:21.461+0700][gc,phases   ] GC(205)   Merge Heap Roots: 2.6ms
[2024-12-17T05:50:21.461+0700][gc,phases   ] GC(205)   Evacuate Collection Set: 43.7ms
[2024-12-17T05:50:21.461+0700][gc,phases   ] GC(205)   Post Evacuate Collection Set: 4.3ms
[2024-12-17T05:50:21.461+0700][gc,phases   ] GC(205)   Other: 1.7ms
[2024-12-17T05:50:21.461+0700][gc,heap     ] GC(205) Eden regions: 44->0(48)
[2024-12-17T05:50:21.461+0700][gc,heap     ] GC(205) Survivor regions: 7->3(7)
[2024-12-17T05:50:21.461+0700][gc,heap     ] GC(205) Old regions: 102->106
[2024-12-17T05:50:21.461+0700][gc,heap     ] GC(205) Archive regions: 2->2
[2024-12-17T05:50:21.461+0700][gc,heap     ] GC(205) Humongous regions: 129->129
[2024-12-17T05:50:21.461+0700][gc,metaspace] GC(205) Metaspace: 45424K(46080K)->45424K(46080K) NonClass: 40199K(40576K)->40199K(40576K) Class: 5225K(5504K)->5225K(5504K)
[2024-12-17T05:50:21.461+0700][gc          ] GC(205) Pause Young (Normal) (G1 Evacuation Pause) 281M->237M(1024M) 60.459ms
[2024-12-17T05:50:21.461+0700][gc,cpu      ] GC(205) User=0.11s Sys=0.00s Real=0.06s
[2024-12-17T05:52:05.847+0700][gc,start    ] GC(206) Pause Young (Normal) (G1 Evacuation Pause)
[2024-12-17T05:52:05.847+0700][gc,task     ] GC(206) Using 2 workers of 2 for evacuation
[2024-12-17T05:52:05.893+0700][gc,mmu      ] GC(206) MMU target violated: 21.0ms (20.0ms/21.0ms)
[2024-12-17T05:52:05.893+0700][gc,phases   ] GC(206)   Pre Evacuate Collection Set: 3.5ms
[2024-12-17T05:52:05.893+0700][gc,phases   ] GC(206)   Merge Heap Roots: 1.1ms
[2024-12-17T05:52:05.893+0700][gc,phases   ] GC(206)   Evacuate Collection Set: 37.0ms
[2024-12-17T05:52:05.893+0700][gc,phases   ] GC(206)   Post Evacuate Collection Set: 3.3ms
[2024-12-17T05:52:05.893+0700][gc,phases   ] GC(206)   Other: 1.4ms
[2024-12-17T05:52:05.893+0700][gc,heap     ] GC(206) Eden regions: 48->0(45)
[2024-12-17T05:52:05.893+0700][gc,heap     ] GC(206) Survivor regions: 3->6(7)
[2024-12-17T05:52:05.893+0700][gc,heap     ] GC(206) Old regions: 106->106
[2024-12-17T05:52:05.893+0700][gc,heap     ] GC(206) Archive regions: 2->2
[2024-12-17T05:52:05.893+0700][gc,heap     ] GC(206) Humongous regions: 129->129
[2024-12-17T05:52:05.893+0700][gc,metaspace] GC(206) Metaspace: 45427K(46080K)->45427K(46080K) NonClass: 40202K(40576K)->40202K(40576K) Class: 5225K(5504K)->5225K(5504K)
[2024-12-17T05:52:05.893+0700][gc          ] GC(206) Pause Young (Normal) (G1 Evacuation Pause) 285M->241M(1024M) 46.327ms
[2024-12-17T05:52:05.894+0700][gc,cpu      ] GC(206) User=0.08s Sys=0.00s Real=0.04s
[2024-12-17T05:53:44.129+0700][gc,start    ] GC(207) Pause Young (Normal) (G1 Evacuation Pause)
[2024-12-17T05:53:44.129+0700][gc,task     ] GC(207) Using 2 workers of 2 for evacuation
[2024-12-17T05:53:44.194+0700][gc,mmu      ] GC(207) MMU target violated: 21.0ms (20.0ms/21.0ms)
[2024-12-17T05:53:44.194+0700][gc,phases   ] GC(207)   Pre Evacuate Collection Set: 3.4ms
[2024-12-17T05:53:44.194+0700][gc,phases   ] GC(207)   Merge Heap Roots: 1.0ms
[2024-12-17T05:53:44.194+0700][gc,phases   ] GC(207)   Evacuate Collection Set: 57.9ms
[2024-12-17T05:53:44.194+0700][gc,phases   ] GC(207)   Post Evacuate Collection Set: 2.6ms
[2024-12-17T05:53:44.194+0700][gc,phases   ] GC(207)   Other: 1.1ms
[2024-12-17T05:53:44.194+0700][gc,heap     ] GC(207) Eden regions: 45->0(46)
[2024-12-17T05:53:44.194+0700][gc,heap     ] GC(207) Survivor regions: 6->5(7)
[2024-12-17T05:53:44.194+0700][gc,heap     ] GC(207) Old regions: 106->110
[2024-12-17T05:53:44.194+0700][gc,heap     ] GC(207) Archive regions: 2->2
[2024-12-17T05:53:44.194+0700][gc,heap     ] GC(207) Humongous regions: 129->129
[2024-12-17T05:53:44.195+0700][gc,metaspace] GC(207) Metaspace: 45427K(46080K)->45427K(46080K) NonClass: 40202K(40576K)->40202K(40576K) Class: 5225K(5504K)->5225K(5504K)
[2024-12-17T05:53:44.195+0700][gc          ] GC(207) Pause Young (Normal) (G1 Evacuation Pause) 286M->244M(1024M) 66.106ms
[2024-12-17T05:53:44.195+0700][gc,cpu      ] GC(207) User=0.12s Sys=0.00s Real=0.06s
[2024-12-17T05:55:24.002+0700][gc,start    ] GC(208) Pause Young (Normal) (G1 Evacuation Pause)
[2024-12-17T05:55:24.002+0700][gc,task     ] GC(208) Using 2 workers of 2 for evacuation
[2024-12-17T05:55:24.042+0700][gc,mmu      ] GC(208) MMU target violated: 21.0ms (20.0ms/21.0ms)
[2024-12-17T05:55:24.042+0700][gc,phases   ] GC(208)   Pre Evacuate Collection Set: 2.6ms
[2024-12-17T05:55:24.042+0700][gc,phases   ] GC(208)   Merge Heap Roots: 1.1ms
[2024-12-17T05:55:24.042+0700][gc,phases   ] GC(208)   Evacuate Collection Set: 33.0ms
[2024-12-17T05:55:24.042+0700][gc,phases   ] GC(208)   Post Evacuate Collection Set: 2.8ms
[2024-12-17T05:55:24.042+0700][gc,phases   ] GC(208)   Other: 1.4ms
[2024-12-17T05:55:24.042+0700][gc,heap     ] GC(208) Eden regions: 46->0(47)
[2024-12-17T05:55:24.042+0700][gc,heap     ] GC(208) Survivor regions: 5->4(7)
[2024-12-17T05:55:24.042+0700][gc,heap     ] GC(208) Old regions: 110->113
[2024-12-17T05:55:24.042+0700][gc,heap     ] GC(208) Archive regions: 2->2
[2024-12-17T05:55:24.042+0700][gc,heap     ] GC(208) Humongous regions: 129->129
[2024-12-17T05:55:24.042+0700][gc,metaspace] GC(208) Metaspace: 45427K(46080K)->45427K(46080K) NonClass: 40202K(40576K)->40202K(40576K) Class: 5225K(5504K)->5225K(5504K)
[2024-12-17T05:55:24.042+0700][gc          ] GC(208) Pause Young (Normal) (G1 Evacuation Pause) 290M->245M(1024M) 40.832ms
[2024-12-17T05:55:24.042+0700][gc,cpu      ] GC(208) User=0.07s Sys=0.00s Real=0.04s
[2024-12-17T05:57:05.436+0700][gc,start    ] GC(209) Pause Young (Normal) (G1 Evacuation Pause)
[2024-12-17T05:57:05.437+0700][gc,task     ] GC(209) Using 2 workers of 2 for evacuation
[2024-12-17T05:57:05.492+0700][gc,mmu      ] GC(209) MMU target violated: 21.0ms (20.0ms/21.0ms)
[2024-12-17T05:57:05.493+0700][gc,phases   ] GC(209)   Pre Evacuate Collection Set: 3.8ms
[2024-12-17T05:57:05.493+0700][gc,phases   ] GC(209)   Merge Heap Roots: 0.8ms
[2024-12-17T05:57:05.493+0700][gc,phases   ] GC(209)   Evacuate Collection Set: 45.7ms
[2024-12-17T05:57:05.493+0700][gc,phases   ] GC(209)   Post Evacuate Collection Set: 4.5ms
[2024-12-17T05:57:05.493+0700][gc,phases   ] GC(209)   Other: 2.1ms
[2024-12-17T05:57:05.493+0700][gc,heap     ] GC(209) Eden regions: 47->0(44)
[2024-12-17T05:57:05.493+0700][gc,heap     ] GC(209) Survivor regions: 4->7(7)
[2024-12-17T05:57:05.493+0700][gc,heap     ] GC(209) Old regions: 113->113
[2024-12-17T05:57:05.493+0700][gc,heap     ] GC(209) Archive regions: 2->2
[2024-12-17T05:57:05.493+0700][gc,heap     ] GC(209) Humongous regions: 129->129
[2024-12-17T05:57:05.493+0700][gc,metaspace] GC(209) Metaspace: 45427K(46080K)->45427K(46080K) NonClass: 40202K(40576K)->40202K(40576K) Class: 5225K(5504K)->5225K(5504K)
[2024-12-17T05:57:05.493+0700][gc          ] GC(209) Pause Young (Normal) (G1 Evacuation Pause) 292M->248M(1024M) 56.961ms
[2024-12-17T05:57:05.493+0700][gc,cpu      ] GC(209) User=0.11s Sys=0.00s Real=0.05s
[2024-12-17T05:58:41.081+0700][gc,start    ] GC(210) Pause Young (Normal) (G1 Evacuation Pause)
[2024-12-17T05:58:41.082+0700][gc,task     ] GC(210) Using 2 workers of 2 for evacuation
[2024-12-17T05:58:41.145+0700][gc,mmu      ] GC(210) MMU target violated: 21.0ms (20.0ms/21.0ms)
[2024-12-17T05:58:41.146+0700][gc,phases   ] GC(210)   Pre Evacuate Collection Set: 3.8ms
[2024-12-17T05:58:41.146+0700][gc,phases   ] GC(210)   Merge Heap Roots: 0.9ms
[2024-12-17T05:58:41.146+0700][gc,phases   ] GC(210)   Evacuate Collection Set: 55.6ms
[2024-12-17T05:58:41.146+0700][gc,phases   ] GC(210)   Post Evacuate Collection Set: 3.1ms
[2024-12-17T05:58:41.146+0700][gc,phases   ] GC(210)   Other: 1.4ms
[2024-12-17T05:58:41.146+0700][gc,heap     ] GC(210) Eden regions: 44->0(46)
[2024-12-17T05:58:41.146+0700][gc,heap     ] GC(210) Survivor regions: 7->5(7)
[2024-12-17T05:58:41.146+0700][gc,heap     ] GC(210) Old regions: 113->117
[2024-12-17T05:58:41.146+0700][gc,heap     ] GC(210) Archive regions: 2->2
[2024-12-17T05:58:41.146+0700][gc,heap     ] GC(210) Humongous regions: 129->129
[2024-12-17T05:58:41.146+0700][gc,metaspace] GC(210) Metaspace: 45427K(46080K)->45427K(46080K) NonClass: 40202K(40576K)->40202K(40576K) Class: 5225K(5504K)->5225K(5504K)
[2024-12-17T05:58:41.146+0700][gc          ] GC(210) Pause Young (Normal) (G1 Evacuation Pause) 292M->251M(1024M) 64.745ms
[2024-12-17T05:58:41.146+0700][gc,cpu      ] GC(210) User=0.12s Sys=0.00s Real=0.07s
[2024-12-17T06:00:20.568+0700][gc,start    ] GC(211) Pause Young (Normal) (G1 Evacuation Pause)
[2024-12-17T06:00:20.568+0700][gc,task     ] GC(211) Using 2 workers of 2 for evacuation
[2024-12-17T06:00:20.607+0700][gc,mmu      ] GC(211) MMU target violated: 21.0ms (20.0ms/21.0ms)
[2024-12-17T06:00:20.607+0700][gc,phases   ] GC(211)   Pre Evacuate Collection Set: 3.8ms
[2024-12-17T06:00:20.607+0700][gc,phases   ] GC(211)   Merge Heap Roots: 0.5ms
[2024-12-17T06:00:20.607+0700][gc,phases   ] GC(211)   Evacuate Collection Set: 32.2ms
[2024-12-17T06:00:20.607+0700][gc,phases   ] GC(211)   Post Evacuate Collection Set: 2.1ms
[2024-12-17T06:00:20.608+0700][gc,phases   ] GC(211)   Other: 1.0ms
[2024-12-17T06:00:20.608+0700][gc,heap     ] GC(211) Eden regions: 46->0(47)
[2024-12-17T06:00:20.608+0700][gc,heap     ] GC(211) Survivor regions: 5->4(7)
[2024-12-17T06:00:20.608+0700][gc,heap     ] GC(211) Old regions: 117->119
[2024-12-17T06:00:20.608+0700][gc,heap     ] GC(211) Archive regions: 2->2
[2024-12-17T06:00:20.608+0700][gc,heap     ] GC(211) Humongous regions: 129->129
[2024-12-17T06:00:20.608+0700][gc,metaspace] GC(211) Metaspace: 45427K(46080K)->45427K(46080K) NonClass: 40202K(40576K)->40202K(40576K) Class: 5225K(5504K)->5225K(5504K)
[2024-12-17T06:00:20.608+0700][gc          ] GC(211) Pause Young (Normal) (G1 Evacuation Pause) 297M->252M(1024M) 39.582ms
[2024-12-17T06:00:20.608+0700][gc,cpu      ] GC(211) User=0.07s Sys=0.00s Real=0.04s
[2024-12-17T06:02:02.932+0700][gc,start    ] GC(212) Pause Young (Normal) (G1 Evacuation Pause)
[2024-12-17T06:02:02.933+0700][gc,task     ] GC(212) Using 2 workers of 2 for evacuation
[2024-12-17T06:02:02.987+0700][gc,mmu      ] GC(212) MMU target violated: 21.0ms (20.0ms/21.0ms)
[2024-12-17T06:02:02.987+0700][gc,phases   ] GC(212)   Pre Evacuate Collection Set: 3.0ms
[2024-12-17T06:02:02.987+0700][gc,phases   ] GC(212)   Merge Heap Roots: 0.7ms
[2024-12-17T06:02:02.987+0700][gc,phases   ] GC(212)   Evacuate Collection Set: 46.8ms
[2024-12-17T06:02:02.987+0700][gc,phases   ] GC(212)   Post Evacuate Collection Set: 3.0ms
[2024-12-17T06:02:02.987+0700][gc,phases   ] GC(212)   Other: 1.6ms
[2024-12-17T06:02:02.987+0700][gc,heap     ] GC(212) Eden regions: 47->0(44)
[2024-12-17T06:02:02.987+0700][gc,heap     ] GC(212) Survivor regions: 4->7(7)
[2024-12-17T06:02:02.987+0700][gc,heap     ] GC(212) Old regions: 119->119
[2024-12-17T06:02:02.987+0700][gc,heap     ] GC(212) Archive regions: 2->2
[2024-12-17T06:02:02.987+0700][gc,heap     ] GC(212) Humongous regions: 129->129
[2024-12-17T06:02:02.987+0700][gc,metaspace] GC(212) Metaspace: 45427K(46080K)->45427K(46080K) NonClass: 40202K(40576K)->40202K(40576K) Class: 5225K(5504K)->5225K(5504K)
[2024-12-17T06:02:02.987+0700][gc          ] GC(212) Pause Young (Normal) (G1 Evacuation Pause) 299M->255M(1024M) 55.034ms
[2024-12-17T06:02:02.987+0700][gc,cpu      ] GC(212) User=0.11s Sys=0.01s Real=0.06s
[2024-12-17T06:03:37.364+0700][gc,start    ] GC(213) Pause Young (Normal) (G1 Evacuation Pause)
[2024-12-17T06:03:37.365+0700][gc,task     ] GC(213) Using 2 workers of 2 for evacuation
[2024-12-17T06:03:37.433+0700][gc,mmu      ] GC(213) MMU target violated: 21.0ms (20.0ms/21.0ms)
[2024-12-17T06:03:37.433+0700][gc,phases   ] GC(213)   Pre Evacuate Collection Set: 4.3ms
[2024-12-17T06:03:37.433+0700][gc,phases   ] GC(213)   Merge Heap Roots: 0.7ms
[2024-12-17T06:03:37.433+0700][gc,phases   ] GC(213)   Evacuate Collection Set: 56.9ms
[2024-12-17T06:03:37.433+0700][gc,phases   ] GC(213)   Post Evacuate Collection Set: 5.1ms
[2024-12-17T06:03:37.433+0700][gc,phases   ] GC(213)   Other: 2.0ms
[2024-12-17T06:03:37.433+0700][gc,heap     ] GC(213) Eden regions: 44->0(48)
[2024-12-17T06:03:37.433+0700][gc,heap     ] GC(213) Survivor regions: 7->3(7)
[2024-12-17T06:03:37.433+0700][gc,heap     ] GC(213) Old regions: 119->123
[2024-12-17T06:03:37.433+0700][gc,heap     ] GC(213) Archive regions: 2->2
[2024-12-17T06:03:37.433+0700][gc,heap     ] GC(213) Humongous regions: 129->129
[2024-12-17T06:03:37.433+0700][gc,metaspace] GC(213) Metaspace: 45427K(46080K)->45427K(46080K) NonClass: 40202K(40576K)->40202K(40576K) Class: 5225K(5504K)->5225K(5504K)
[2024-12-17T06:03:37.433+0700][gc          ] GC(213) Pause Young (Normal) (G1 Evacuation Pause) 299M->255M(1024M) 68.916ms
[2024-12-17T06:03:37.433+0700][gc,cpu      ] GC(213) User=0.13s Sys=0.00s Real=0.06s
[2024-12-17T06:05:21.867+0700][gc,start    ] GC(214) Pause Young (Normal) (G1 Evacuation Pause)
[2024-12-17T06:05:21.867+0700][gc,task     ] GC(214) Using 2 workers of 2 for evacuation
[2024-12-17T06:05:21.912+0700][gc,mmu      ] GC(214) MMU target violated: 21.0ms (20.0ms/21.0ms)
[2024-12-17T06:05:21.912+0700][gc,phases   ] GC(214)   Pre Evacuate Collection Set: 4.3ms
[2024-12-17T06:05:21.912+0700][gc,phases   ] GC(214)   Merge Heap Roots: 1.0ms
[2024-12-17T06:05:21.912+0700][gc,phases   ] GC(214)   Evacuate Collection Set: 36.0ms
[2024-12-17T06:05:21.912+0700][gc,phases   ] GC(214)   Post Evacuate Collection Set: 2.9ms
[2024-12-17T06:05:21.912+0700][gc,phases   ] GC(214)   Other: 1.3ms
[2024-12-17T06:05:21.912+0700][gc,heap     ] GC(214) Eden regions: 48->0(45)
[2024-12-17T06:05:21.912+0700][gc,heap     ] GC(214) Survivor regions: 3->6(7)
[2024-12-17T06:05:21.912+0700][gc,heap     ] GC(214) Old regions: 123->123
[2024-12-17T06:05:21.912+0700][gc,heap     ] GC(214) Archive regions: 2->2
[2024-12-17T06:05:21.913+0700][gc,heap     ] GC(214) Humongous regions: 129->129
[2024-12-17T06:05:21.913+0700][gc,metaspace] GC(214) Metaspace: 45427K(46080K)->45427K(46080K) NonClass: 40202K(40576K)->40202K(40576K) Class: 5225K(5504K)->5225K(5504K)
[2024-12-17T06:05:21.913+0700][gc          ] GC(214) Pause Young (Normal) (G1 Evacuation Pause) 303M->258M(1024M) 45.524ms
[2024-12-17T06:05:21.913+0700][gc,cpu      ] GC(214) User=0.07s Sys=0.00s Real=0.04s
[2024-12-17T06:06:59.596+0700][gc,start    ] GC(215) Pause Young (Normal) (G1 Evacuation Pause)
[2024-12-17T06:06:59.596+0700][gc,task     ] GC(215) Using 2 workers of 2 for evacuation
[2024-12-17T06:06:59.661+0700][gc,mmu      ] GC(215) MMU target violated: 21.0ms (20.0ms/21.0ms)
[2024-12-17T06:06:59.661+0700][gc,phases   ] GC(215)   Pre Evacuate Collection Set: 6.6ms
[2024-12-17T06:06:59.661+0700][gc,phases   ] GC(215)   Merge Heap Roots: 1.0ms
[2024-12-17T06:06:59.661+0700][gc,phases   ] GC(215)   Evacuate Collection Set: 54.1ms
[2024-12-17T06:06:59.661+0700][gc,phases   ] GC(215)   Post Evacuate Collection Set: 2.4ms
[2024-12-17T06:06:59.661+0700][gc,phases   ] GC(215)   Other: 1.3ms
[2024-12-17T06:06:59.661+0700][gc,heap     ] GC(215) Eden regions: 45->0(46)
[2024-12-17T06:06:59.661+0700][gc,heap     ] GC(215) Survivor regions: 6->5(7)
[2024-12-17T06:06:59.661+0700][gc,heap     ] GC(215) Old regions: 123->128
[2024-12-17T06:06:59.661+0700][gc,heap     ] GC(215) Archive regions: 2->2
[2024-12-17T06:06:59.661+0700][gc,heap     ] GC(215) Humongous regions: 129->129
[2024-12-17T06:06:59.661+0700][gc,metaspace] GC(215) Metaspace: 45427K(46080K)->45427K(46080K) NonClass: 40202K(40576K)->40202K(40576K) Class: 5225K(5504K)->5225K(5504K)
[2024-12-17T06:06:59.661+0700][gc          ] GC(215) Pause Young (Normal) (G1 Evacuation Pause) 303M->262M(1024M) 65.350ms
[2024-12-17T06:06:59.661+0700][gc,cpu      ] GC(215) User=0.12s Sys=0.00s Real=0.07s
[2024-12-17T06:08:38.799+0700][gc,start    ] GC(216) Pause Young (Normal) (G1 Evacuation Pause)
[2024-12-17T06:08:38.799+0700][gc,task     ] GC(216) Using 2 workers of 2 for evacuation
[2024-12-17T06:08:38.835+0700][gc,mmu      ] GC(216) MMU target violated: 21.0ms (20.0ms/21.0ms)
[2024-12-17T06:08:38.836+0700][gc,phases   ] GC(216)   Pre Evacuate Collection Set: 2.6ms
[2024-12-17T06:08:38.836+0700][gc,phases   ] GC(216)   Merge Heap Roots: 0.5ms
[2024-12-17T06:08:38.836+0700][gc,phases   ] GC(216)   Evacuate Collection Set: 31.0ms
[2024-12-17T06:08:38.836+0700][gc,phases   ] GC(216)   Post Evacuate Collection Set: 1.8ms
[2024-12-17T06:08:38.836+0700][gc,phases   ] GC(216)   Other: 1.8ms
[2024-12-17T06:08:38.836+0700][gc,heap     ] GC(216) Eden regions: 46->0(47)
[2024-12-17T06:08:38.836+0700][gc,heap     ] GC(216) Survivor regions: 5->4(7)
[2024-12-17T06:08:38.836+0700][gc,heap     ] GC(216) Old regions: 128->130
[2024-12-17T06:08:38.836+0700][gc,heap     ] GC(216) Archive regions: 2->2
[2024-12-17T06:08:38.836+0700][gc,heap     ] GC(216) Humongous regions: 129->129
[2024-12-17T06:08:38.836+0700][gc,metaspace] GC(216) Metaspace: 45429K(46080K)->45429K(46080K) NonClass: 40204K(40576K)->40204K(40576K) Class: 5225K(5504K)->5225K(5504K)
[2024-12-17T06:08:38.836+0700][gc          ] GC(216) Pause Young (Normal) (G1 Evacuation Pause) 308M->263M(1024M) 37.085ms
[2024-12-17T06:08:38.836+0700][gc,cpu      ] GC(216) User=0.07s Sys=0.00s Real=0.03s
[2024-12-17T06:10:18.306+0700][gc,start    ] GC(217) Pause Young (Normal) (G1 Evacuation Pause)
[2024-12-17T06:10:18.306+0700][gc,task     ] GC(217) Using 2 workers of 2 for evacuation
[2024-12-17T06:10:18.372+0700][gc,mmu      ] GC(217) MMU target violated: 21.0ms (20.0ms/21.0ms)
[2024-12-17T06:10:18.372+0700][gc,phases   ] GC(217)   Pre Evacuate Collection Set: 2.5ms
[2024-12-17T06:10:18.372+0700][gc,phases   ] GC(217)   Merge Heap Roots: 0.7ms
[2024-12-17T06:10:18.372+0700][gc,phases   ] GC(217)   Evacuate Collection Set: 59.0ms
[2024-12-17T06:10:18.372+0700][gc,phases   ] GC(217)   Post Evacuate Collection Set: 3.3ms
[2024-12-17T06:10:18.372+0700][gc,phases   ] GC(217)   Other: 1.5ms
[2024-12-17T06:10:18.372+0700][gc,heap     ] GC(217) Eden regions: 47->0(44)
[2024-12-17T06:10:18.373+0700][gc,heap     ] GC(217) Survivor regions: 4->7(7)
[2024-12-17T06:10:18.373+0700][gc,heap     ] GC(217) Old regions: 130->130
[2024-12-17T06:10:18.373+0700][gc,heap     ] GC(217) Archive regions: 2->2
[2024-12-17T06:10:18.373+0700][gc,heap     ] GC(217) Humongous regions: 129->129
[2024-12-17T06:10:18.373+0700][gc,metaspace] GC(217) Metaspace: 45429K(46080K)->45429K(46080K) NonClass: 40204K(40576K)->40204K(40576K) Class: 5225K(5504K)->5225K(5504K)
[2024-12-17T06:10:18.373+0700][gc          ] GC(217) Pause Young (Normal) (G1 Evacuation Pause) 310M->266M(1024M) 67.247ms
[2024-12-17T06:10:18.373+0700][gc,cpu      ] GC(217) User=0.12s Sys=0.00s Real=0.06s
[2024-12-17T06:11:47.241+0700][gc,start    ] GC(218) Pause Young (Normal) (G1 Evacuation Pause)
[2024-12-17T06:11:47.242+0700][gc,task     ] GC(218) Using 2 workers of 2 for evacuation
[2024-12-17T06:11:47.340+0700][gc,mmu      ] GC(218) MMU target violated: 21.0ms (20.0ms/21.0ms)
[2024-12-17T06:11:47.340+0700][gc,phases   ] GC(218)   Pre Evacuate Collection Set: 4.4ms
[2024-12-17T06:11:47.340+0700][gc,phases   ] GC(218)   Merge Heap Roots: 1.2ms
[2024-12-17T06:11:47.340+0700][gc,phases   ] GC(218)   Evacuate Collection Set: 89.4ms
[2024-12-17T06:11:47.340+0700][gc,phases   ] GC(218)   Post Evacuate Collection Set: 2.6ms
[2024-12-17T06:11:47.340+0700][gc,phases   ] GC(218)   Other: 1.3ms
[2024-12-17T06:11:47.340+0700][gc,heap     ] GC(218) Eden regions: 44->0(45)
[2024-12-17T06:11:47.340+0700][gc,heap     ] GC(218) Survivor regions: 7->6(7)
[2024-12-17T06:11:47.340+0700][gc,heap     ] GC(218) Old regions: 130->136
[2024-12-17T06:11:47.340+0700][gc,heap     ] GC(218) Archive regions: 2->2
[2024-12-17T06:11:47.340+0700][gc,heap     ] GC(218) Humongous regions: 129->129
[2024-12-17T06:11:47.340+0700][gc,metaspace] GC(218) Metaspace: 45429K(46080K)->45429K(46080K) NonClass: 40204K(40576K)->40204K(40576K) Class: 5225K(5504K)->5225K(5504K)
[2024-12-17T06:11:47.340+0700][gc          ] GC(218) Pause Young (Normal) (G1 Evacuation Pause) 310M->271M(1024M) 99.008ms
[2024-12-17T06:11:47.340+0700][gc,cpu      ] GC(218) User=0.19s Sys=0.00s Real=0.10s
[2024-12-17T06:13:24.721+0700][gc,start    ] GC(219) Pause Young (Normal) (G1 Evacuation Pause)
[2024-12-17T06:13:24.721+0700][gc,task     ] GC(219) Using 2 workers of 2 for evacuation
[2024-12-17T06:13:24.754+0700][gc,mmu      ] GC(219) MMU target violated: 21.0ms (20.0ms/21.0ms)
[2024-12-17T06:13:24.754+0700][gc,phases   ] GC(219)   Pre Evacuate Collection Set: 2.5ms
[2024-12-17T06:13:24.754+0700][gc,phases   ] GC(219)   Merge Heap Roots: 0.6ms
[2024-12-17T06:13:24.754+0700][gc,phases   ] GC(219)   Evacuate Collection Set: 26.5ms
[2024-12-17T06:13:24.754+0700][gc,phases   ] GC(219)   Post Evacuate Collection Set: 2.3ms
[2024-12-17T06:13:24.754+0700][gc,phases   ] GC(219)   Other: 1.4ms
[2024-12-17T06:13:24.754+0700][gc,heap     ] GC(219) Eden regions: 45->0(49)
[2024-12-17T06:13:24.754+0700][gc,heap     ] GC(219) Survivor regions: 6->2(7)
[2024-12-17T06:13:24.754+0700][gc,heap     ] GC(219) Old regions: 136->138
[2024-12-17T06:13:24.754+0700][gc,heap     ] GC(219) Archive regions: 2->2
[2024-12-17T06:13:24.754+0700][gc,heap     ] GC(219) Humongous regions: 129->129
[2024-12-17T06:13:24.754+0700][gc,metaspace] GC(219) Metaspace: 45429K(46080K)->45429K(46080K) NonClass: 40204K(40576K)->40204K(40576K) Class: 5225K(5504K)->5225K(5504K)
[2024-12-17T06:13:24.754+0700][gc          ] GC(219) Pause Young (Normal) (G1 Evacuation Pause) 316M->269M(1024M) 33.296ms
[2024-12-17T06:13:24.754+0700][gc,cpu      ] GC(219) User=0.06s Sys=0.00s Real=0.03s
[2024-12-17T06:15:09.276+0700][gc,start    ] GC(220) Pause Young (Normal) (G1 Evacuation Pause)
[2024-12-17T06:15:09.276+0700][gc,task     ] GC(220) Using 2 workers of 2 for evacuation
[2024-12-17T06:15:09.329+0700][gc,mmu      ] GC(220) MMU target violated: 21.0ms (20.0ms/21.0ms)
[2024-12-17T06:15:09.330+0700][gc,phases   ] GC(220)   Pre Evacuate Collection Set: 2.9ms
[2024-12-17T06:15:09.330+0700][gc,phases   ] GC(220)   Merge Heap Roots: 0.7ms
[2024-12-17T06:15:09.330+0700][gc,phases   ] GC(220)   Evacuate Collection Set: 45.2ms
[2024-12-17T06:15:09.330+0700][gc,phases   ] GC(220)   Post Evacuate Collection Set: 3.5ms
[2024-12-17T06:15:09.330+0700][gc,phases   ] GC(220)   Other: 1.5ms
[2024-12-17T06:15:09.330+0700][gc,heap     ] GC(220) Eden regions: 49->0(45)
[2024-12-17T06:15:09.330+0700][gc,heap     ] GC(220) Survivor regions: 2->6(7)
[2024-12-17T06:15:09.330+0700][gc,heap     ] GC(220) Old regions: 138->138
[2024-12-17T06:15:09.330+0700][gc,heap     ] GC(220) Archive regions: 2->2
[2024-12-17T06:15:09.330+0700][gc,heap     ] GC(220) Humongous regions: 129->129
[2024-12-17T06:15:09.330+0700][gc,metaspace] GC(220) Metaspace: 45429K(46080K)->45429K(46080K) NonClass: 40204K(40576K)->40204K(40576K) Class: 5225K(5504K)->5225K(5504K)
[2024-12-17T06:15:09.330+0700][gc          ] GC(220) Pause Young (Normal) (G1 Evacuation Pause) 318M->273M(1024M) 53.793ms
[2024-12-17T06:15:09.330+0700][gc,cpu      ] GC(220) User=0.10s Sys=0.00s Real=0.05s
[2024-12-17T06:16:46.687+0700][gc,start    ] GC(221) Pause Young (Normal) (G1 Evacuation Pause)
[2024-12-17T06:16:46.688+0700][gc,task     ] GC(221) Using 2 workers of 2 for evacuation
[2024-12-17T06:16:46.739+0700][gc,mmu      ] GC(221) MMU target violated: 21.0ms (20.0ms/21.0ms)
[2024-12-17T06:16:46.740+0700][gc,phases   ] GC(221)   Pre Evacuate Collection Set: 4.4ms
[2024-12-17T06:16:46.740+0700][gc,phases   ] GC(221)   Merge Heap Roots: 0.9ms
[2024-12-17T06:16:46.740+0700][gc,phases   ] GC(221)   Evacuate Collection Set: 43.0ms
[2024-12-17T06:16:46.740+0700][gc,phases   ] GC(221)   Post Evacuate Collection Set: 2.8ms
[2024-12-17T06:16:46.740+0700][gc,phases   ] GC(221)   Other: 1.8ms
[2024-12-17T06:16:46.740+0700][gc,heap     ] GC(221) Eden regions: 45->0(48)
[2024-12-17T06:16:46.740+0700][gc,heap     ] GC(221) Survivor regions: 6->3(7)
[2024-12-17T06:16:46.740+0700][gc,heap     ] GC(221) Old regions: 138->142
[2024-12-17T06:16:46.740+0700][gc,heap     ] GC(221) Archive regions: 2->2
[2024-12-17T06:16:46.740+0700][gc,heap     ] GC(221) Humongous regions: 129->129
[2024-12-17T06:16:46.740+0700][gc,metaspace] GC(221) Metaspace: 45429K(46080K)->45429K(46080K) NonClass: 40204K(40576K)->40204K(40576K) Class: 5225K(5504K)->5225K(5504K)
[2024-12-17T06:16:46.740+0700][gc          ] GC(221) Pause Young (Normal) (G1 Evacuation Pause) 318M->274M(1024M) 52.476ms
[2024-12-17T06:16:46.740+0700][gc,cpu      ] GC(221) User=0.09s Sys=0.00s Real=0.05s
[2024-12-17T06:18:31.215+0700][gc,start    ] GC(222) Pause Young (Normal) (G1 Evacuation Pause)
[2024-12-17T06:18:31.215+0700][gc,task     ] GC(222) Using 2 workers of 2 for evacuation
[2024-12-17T06:18:31.256+0700][gc,mmu      ] GC(222) MMU target violated: 21.0ms (20.0ms/21.0ms)
[2024-12-17T06:18:31.256+0700][gc,phases   ] GC(222)   Pre Evacuate Collection Set: 2.4ms
[2024-12-17T06:18:31.256+0700][gc,phases   ] GC(222)   Merge Heap Roots: 0.9ms
[2024-12-17T06:18:31.256+0700][gc,phases   ] GC(222)   Evacuate Collection Set: 34.8ms
[2024-12-17T06:18:31.256+0700][gc,phases   ] GC(222)   Post Evacuate Collection Set: 2.2ms
[2024-12-17T06:18:31.256+0700][gc,phases   ] GC(222)   Other: 1.1ms
[2024-12-17T06:18:31.256+0700][gc,heap     ] GC(222) Eden regions: 48->0(45)
[2024-12-17T06:18:31.256+0700][gc,heap     ] GC(222) Survivor regions: 3->6(7)
[2024-12-17T06:18:31.256+0700][gc,heap     ] GC(222) Old regions: 142->142
[2024-12-17T06:18:31.256+0700][gc,heap     ] GC(222) Archive regions: 2->2
[2024-12-17T06:18:31.256+0700][gc,heap     ] GC(222) Humongous regions: 129->129
[2024-12-17T06:18:31.256+0700][gc,metaspace] GC(222) Metaspace: 45434K(46080K)->45434K(46080K) NonClass: 40209K(40576K)->40209K(40576K) Class: 5225K(5504K)->5225K(5504K)
[2024-12-17T06:18:31.256+0700][gc          ] GC(222) Pause Young (Normal) (G1 Evacuation Pause) 322M->277M(1024M) 41.430ms
[2024-12-17T06:18:31.256+0700][gc,cpu      ] GC(222) User=0.08s Sys=0.00s Real=0.05s
[2024-12-17T06:20:08.694+0700][gc,start    ] GC(223) Pause Young (Normal) (G1 Evacuation Pause)
[2024-12-17T06:20:08.695+0700][gc,task     ] GC(223) Using 2 workers of 2 for evacuation
[2024-12-17T06:20:08.758+0700][gc,mmu      ] GC(223) MMU target violated: 21.0ms (20.0ms/21.0ms)
[2024-12-17T06:20:08.758+0700][gc,phases   ] GC(223)   Pre Evacuate Collection Set: 3.1ms
[2024-12-17T06:20:08.758+0700][gc,phases   ] GC(223)   Merge Heap Roots: 0.9ms
[2024-12-17T06:20:08.758+0700][gc,phases   ] GC(223)   Evacuate Collection Set: 56.2ms
[2024-12-17T06:20:08.758+0700][gc,phases   ] GC(223)   Post Evacuate Collection Set: 2.6ms
[2024-12-17T06:20:08.758+0700][gc,phases   ] GC(223)   Other: 1.0ms
[2024-12-17T06:20:08.758+0700][gc,heap     ] GC(223) Eden regions: 45->0(46)
[2024-12-17T06:20:08.758+0700][gc,heap     ] GC(223) Survivor regions: 6->5(7)
[2024-12-17T06:20:08.758+0700][gc,heap     ] GC(223) Old regions: 142->146
[2024-12-17T06:20:08.758+0700][gc,heap     ] GC(223) Archive regions: 2->2
[2024-12-17T06:20:08.758+0700][gc,heap     ] GC(223) Humongous regions: 129->129
[2024-12-17T06:20:08.758+0700][gc,metaspace] GC(223) Metaspace: 45434K(46080K)->45434K(46080K) NonClass: 40209K(40576K)->40209K(40576K) Class: 5225K(5504K)->5225K(5504K)
[2024-12-17T06:20:08.758+0700][gc          ] GC(223) Pause Young (Normal) (G1 Evacuation Pause) 322M->280M(1024M) 63.998ms
[2024-12-17T06:20:08.759+0700][gc,cpu      ] GC(223) User=0.12s Sys=0.00s Real=0.07s
[2024-12-17T06:21:48.242+0700][gc,start    ] GC(224) Pause Young (Normal) (G1 Evacuation Pause)
[2024-12-17T06:21:48.242+0700][gc,task     ] GC(224) Using 2 workers of 2 for evacuation
[2024-12-17T06:21:48.279+0700][gc,mmu      ] GC(224) MMU target violated: 21.0ms (20.0ms/21.0ms)
[2024-12-17T06:21:48.279+0700][gc,phases   ] GC(224)   Pre Evacuate Collection Set: 2.7ms
[2024-12-17T06:21:48.279+0700][gc,phases   ] GC(224)   Merge Heap Roots: 0.6ms
[2024-12-17T06:21:48.280+0700][gc,phases   ] GC(224)   Evacuate Collection Set: 31.6ms
[2024-12-17T06:21:48.280+0700][gc,phases   ] GC(224)   Post Evacuate Collection Set: 2.2ms
[2024-12-17T06:21:48.280+0700][gc,phases   ] GC(224)   Other: 1.0ms
[2024-12-17T06:21:48.280+0700][gc,heap     ] GC(224) Eden regions: 46->0(47)
[2024-12-17T06:21:48.280+0700][gc,heap     ] GC(224) Survivor regions: 5->4(7)
[2024-12-17T06:21:48.280+0700][gc,heap     ] GC(224) Old regions: 146->148
[2024-12-17T06:21:48.280+0700][gc,heap     ] GC(224) Archive regions: 2->2
[2024-12-17T06:21:48.280+0700][gc,heap     ] GC(224) Humongous regions: 129->129
[2024-12-17T06:21:48.280+0700][gc,metaspace] GC(224) Metaspace: 45434K(46080K)->45434K(46080K) NonClass: 40209K(40576K)->40209K(40576K) Class: 5225K(5504K)->5225K(5504K)
[2024-12-17T06:21:48.280+0700][gc          ] GC(224) Pause Young (Normal) (G1 Evacuation Pause) 326M->281M(1024M) 38.192ms
[2024-12-17T06:21:48.280+0700][gc,cpu      ] GC(224) User=0.08s Sys=0.00s Real=0.04s
[2024-12-17T06:23:30.435+0700][gc,start    ] GC(225) Pause Young (Normal) (G1 Evacuation Pause)
[2024-12-17T06:23:30.436+0700][gc,task     ] GC(225) Using 2 workers of 2 for evacuation
[2024-12-17T06:23:30.485+0700][gc,mmu      ] GC(225) MMU target violated: 21.0ms (20.0ms/21.0ms)
[2024-12-17T06:23:30.486+0700][gc,phases   ] GC(225)   Pre Evacuate Collection Set: 3.7ms
[2024-12-17T06:23:30.486+0700][gc,phases   ] GC(225)   Merge Heap Roots: 0.9ms
[2024-12-17T06:23:30.486+0700][gc,phases   ] GC(225)   Evacuate Collection Set: 41.7ms
[2024-12-17T06:23:30.486+0700][gc,phases   ] GC(225)   Post Evacuate Collection Set: 3.1ms
[2024-12-17T06:23:30.486+0700][gc,phases   ] GC(225)   Other: 1.2ms
[2024-12-17T06:23:30.486+0700][gc,heap     ] GC(225) Eden regions: 47->0(44)
[2024-12-17T06:23:30.486+0700][gc,heap     ] GC(225) Survivor regions: 4->7(7)
[2024-12-17T06:23:30.486+0700][gc,heap     ] GC(225) Old regions: 148->148
[2024-12-17T06:23:30.486+0700][gc,heap     ] GC(225) Archive regions: 2->2
[2024-12-17T06:23:30.486+0700][gc,heap     ] GC(225) Humongous regions: 129->129
[2024-12-17T06:23:30.486+0700][gc,metaspace] GC(225) Metaspace: 45434K(46080K)->45434K(46080K) NonClass: 40209K(40576K)->40209K(40576K) Class: 5225K(5504K)->5225K(5504K)
[2024-12-17T06:23:30.486+0700][gc          ] GC(225) Pause Young (Normal) (G1 Evacuation Pause) 328M->283M(1024M) 50.561ms
[2024-12-17T06:23:30.486+0700][gc,cpu      ] GC(225) User=0.10s Sys=0.00s Real=0.06s
[2024-12-17T06:25:06.064+0700][gc,start    ] GC(226) Pause Young (Normal) (G1 Evacuation Pause)
[2024-12-17T06:25:06.064+0700][gc,task     ] GC(226) Using 2 workers of 2 for evacuation
[2024-12-17T06:25:06.130+0700][gc,mmu      ] GC(226) MMU target violated: 21.0ms (20.0ms/21.0ms)
[2024-12-17T06:25:06.131+0700][gc,phases   ] GC(226)   Pre Evacuate Collection Set: 5.9ms
[2024-12-17T06:25:06.131+0700][gc,phases   ] GC(226)   Merge Heap Roots: 1.4ms
[2024-12-17T06:25:06.131+0700][gc,phases   ] GC(226)   Evacuate Collection Set: 54.7ms
[2024-12-17T06:25:06.131+0700][gc,phases   ] GC(226)   Post Evacuate Collection Set: 3.6ms
[2024-12-17T06:25:06.131+0700][gc,phases   ] GC(226)   Other: 1.4ms
[2024-12-17T06:25:06.131+0700][gc,heap     ] GC(226) Eden regions: 44->0(48)
[2024-12-17T06:25:06.131+0700][gc,heap     ] GC(226) Survivor regions: 7->3(7)
[2024-12-17T06:25:06.131+0700][gc,heap     ] GC(226) Old regions: 148->152
[2024-12-17T06:25:06.131+0700][gc,heap     ] GC(226) Archive regions: 2->2
[2024-12-17T06:25:06.131+0700][gc,heap     ] GC(226) Humongous regions: 129->129
[2024-12-17T06:25:06.131+0700][gc,metaspace] GC(226) Metaspace: 45434K(46080K)->45434K(46080K) NonClass: 40209K(40576K)->40209K(40576K) Class: 5225K(5504K)->5225K(5504K)
[2024-12-17T06:25:06.131+0700][gc          ] GC(226) Pause Young (Normal) (G1 Evacuation Pause) 327M->284M(1024M) 66.863ms
[2024-12-17T06:25:06.131+0700][gc,cpu      ] GC(226) User=0.12s Sys=0.00s Real=0.06s
[2024-12-17T06:26:50.149+0700][gc,start    ] GC(227) Pause Young (Normal) (G1 Evacuation Pause)
[2024-12-17T06:26:50.150+0700][gc,task     ] GC(227) Using 2 workers of 2 for evacuation
[2024-12-17T06:26:50.204+0700][gc,mmu      ] GC(227) MMU target violated: 21.0ms (20.0ms/21.0ms)
[2024-12-17T06:26:50.204+0700][gc,phases   ] GC(227)   Pre Evacuate Collection Set: 4.3ms
[2024-12-17T06:26:50.204+0700][gc,phases   ] GC(227)   Merge Heap Roots: 1.3ms
[2024-12-17T06:26:50.204+0700][gc,phases   ] GC(227)   Evacuate Collection Set: 43.5ms
[2024-12-17T06:26:50.204+0700][gc,phases   ] GC(227)   Post Evacuate Collection Set: 4.8ms
[2024-12-17T06:26:50.205+0700][gc,phases   ] GC(227)   Other: 1.4ms
[2024-12-17T06:26:50.205+0700][gc,heap     ] GC(227) Eden regions: 48->0(45)
[2024-12-17T06:26:50.205+0700][gc,heap     ] GC(227) Survivor regions: 3->6(7)
[2024-12-17T06:26:50.205+0700][gc,heap     ] GC(227) Old regions: 152->152
[2024-12-17T06:26:50.205+0700][gc,heap     ] GC(227) Archive regions: 2->2
[2024-12-17T06:26:50.205+0700][gc,heap     ] GC(227) Humongous regions: 129->129
[2024-12-17T06:26:50.205+0700][gc,metaspace] GC(227) Metaspace: 45434K(46080K)->45434K(46080K) NonClass: 40209K(40576K)->40209K(40576K) Class: 5225K(5504K)->5225K(5504K)
[2024-12-17T06:26:50.205+0700][gc          ] GC(227) Pause Young (Normal) (G1 Evacuation Pause) 332M->287M(1024M) 55.364ms
[2024-12-17T06:26:50.205+0700][gc,cpu      ] GC(227) User=0.10s Sys=0.00s Real=0.06s
[2024-12-17T06:28:28.301+0700][gc,start    ] GC(228) Pause Young (Normal) (G1 Evacuation Pause)
[2024-12-17T06:28:28.301+0700][gc,task     ] GC(228) Using 2 workers of 2 for evacuation
[2024-12-17T06:28:28.358+0700][gc,mmu      ] GC(228) MMU target violated: 21.0ms (20.0ms/21.0ms)
[2024-12-17T06:28:28.358+0700][gc,phases   ] GC(228)   Pre Evacuate Collection Set: 3.9ms
[2024-12-17T06:28:28.358+0700][gc,phases   ] GC(228)   Merge Heap Roots: 0.5ms
[2024-12-17T06:28:28.358+0700][gc,phases   ] GC(228)   Evacuate Collection Set: 49.3ms
[2024-12-17T06:28:28.358+0700][gc,phases   ] GC(228)   Post Evacuate Collection Set: 2.5ms
[2024-12-17T06:28:28.358+0700][gc,phases   ] GC(228)   Other: 1.2ms
[2024-12-17T06:28:28.358+0700][gc,heap     ] GC(228) Eden regions: 45->0(46)
[2024-12-17T06:28:28.358+0700][gc,heap     ] GC(228) Survivor regions: 6->5(7)
[2024-12-17T06:28:28.358+0700][gc,heap     ] GC(228) Old regions: 152->157
[2024-12-17T06:28:28.358+0700][gc,heap     ] GC(228) Archive regions: 2->2
[2024-12-17T06:28:28.358+0700][gc,heap     ] GC(228) Humongous regions: 129->129
[2024-12-17T06:28:28.358+0700][gc,metaspace] GC(228) Metaspace: 45442K(46080K)->45442K(46080K) NonClass: 40217K(40576K)->40217K(40576K) Class: 5225K(5504K)->5225K(5504K)
[2024-12-17T06:28:28.358+0700][gc          ] GC(228) Pause Young (Normal) (G1 Evacuation Pause) 332M->290M(1024M) 57.756ms
[2024-12-17T06:28:28.358+0700][gc,cpu      ] GC(228) User=0.11s Sys=0.00s Real=0.06s
[2024-12-17T06:30:08.190+0700][gc,start    ] GC(229) Pause Young (Normal) (G1 Evacuation Pause)
[2024-12-17T06:30:08.190+0700][gc,task     ] GC(229) Using 2 workers of 2 for evacuation
[2024-12-17T06:30:08.231+0700][gc,mmu      ] GC(229) MMU target violated: 21.0ms (20.0ms/21.0ms)
[2024-12-17T06:30:08.232+0700][gc,phases   ] GC(229)   Pre Evacuate Collection Set: 4.2ms
[2024-12-17T06:30:08.232+0700][gc,phases   ] GC(229)   Merge Heap Roots: 0.9ms
[2024-12-17T06:30:08.232+0700][gc,phases   ] GC(229)   Evacuate Collection Set: 32.9ms
[2024-12-17T06:30:08.232+0700][gc,phases   ] GC(229)   Post Evacuate Collection Set: 3.1ms
[2024-12-17T06:30:08.232+0700][gc,phases   ] GC(229)   Other: 1.1ms
[2024-12-17T06:30:08.232+0700][gc,heap     ] GC(229) Eden regions: 46->0(47)
[2024-12-17T06:30:08.232+0700][gc,heap     ] GC(229) Survivor regions: 5->4(7)
[2024-12-17T06:30:08.232+0700][gc,heap     ] GC(229) Old regions: 157->159
[2024-12-17T06:30:08.232+0700][gc,heap     ] GC(229) Archive regions: 2->2
[2024-12-17T06:30:08.232+0700][gc,heap     ] GC(229) Humongous regions: 129->129
[2024-12-17T06:30:08.232+0700][gc,metaspace] GC(229) Metaspace: 45442K(46080K)->45442K(46080K) NonClass: 40217K(40576K)->40217K(40576K) Class: 5225K(5504K)->5225K(5504K)
[2024-12-17T06:30:08.232+0700][gc          ] GC(229) Pause Young (Normal) (G1 Evacuation Pause) 336M->292M(1024M) 42.239ms
[2024-12-17T06:30:08.232+0700][gc,cpu      ] GC(229) User=0.08s Sys=0.00s Real=0.04s
[2024-12-17T06:31:50.141+0700][gc,start    ] GC(230) Pause Young (Normal) (G1 Evacuation Pause)
[2024-12-17T06:31:50.141+0700][gc,task     ] GC(230) Using 2 workers of 2 for evacuation
[2024-12-17T06:31:50.196+0700][gc,mmu      ] GC(230) MMU target violated: 21.0ms (20.0ms/21.0ms)
[2024-12-17T06:31:50.196+0700][gc,phases   ] GC(230)   Pre Evacuate Collection Set: 2.4ms
[2024-12-17T06:31:50.196+0700][gc,phases   ] GC(230)   Merge Heap Roots: 0.7ms
[2024-12-17T06:31:50.196+0700][gc,phases   ] GC(230)   Evacuate Collection Set: 49.4ms
[2024-12-17T06:31:50.196+0700][gc,phases   ] GC(230)   Post Evacuate Collection Set: 1.9ms
[2024-12-17T06:31:50.196+0700][gc,phases   ] GC(230)   Other: 0.7ms
[2024-12-17T06:31:50.196+0700][gc,heap     ] GC(230) Eden regions: 47->0(44)
[2024-12-17T06:31:50.196+0700][gc,heap     ] GC(230) Survivor regions: 4->7(7)
[2024-12-17T06:31:50.196+0700][gc,heap     ] GC(230) Old regions: 159->159
[2024-12-17T06:31:50.196+0700][gc,heap     ] GC(230) Archive regions: 2->2
[2024-12-17T06:31:50.196+0700][gc,heap     ] GC(230) Humongous regions: 129->129
[2024-12-17T06:31:50.196+0700][gc,metaspace] GC(230) Metaspace: 45442K(46080K)->45442K(46080K) NonClass: 40217K(40576K)->40217K(40576K) Class: 5225K(5504K)->5225K(5504K)
[2024-12-17T06:31:50.196+0700][gc          ] GC(230) Pause Young (Normal) (G1 Evacuation Pause) 339M->295M(1024M) 55.117ms
[2024-12-17T06:31:50.196+0700][gc,cpu      ] GC(230) User=0.06s Sys=0.00s Real=0.06s
[2024-12-17T06:33:26.208+0700][gc,start    ] GC(231) Pause Young (Normal) (G1 Evacuation Pause)
[2024-12-17T06:33:26.208+0700][gc,task     ] GC(231) Using 2 workers of 2 for evacuation
[2024-12-17T06:33:26.280+0700][gc,mmu      ] GC(231) MMU target violated: 21.0ms (20.0ms/21.0ms)
[2024-12-17T06:33:26.280+0700][gc,phases   ] GC(231)   Pre Evacuate Collection Set: 4.6ms
[2024-12-17T06:33:26.280+0700][gc,phases   ] GC(231)   Merge Heap Roots: 0.8ms
[2024-12-17T06:33:26.280+0700][gc,phases   ] GC(231)   Evacuate Collection Set: 62.7ms
[2024-12-17T06:33:26.280+0700][gc,phases   ] GC(231)   Post Evacuate Collection Set: 2.9ms
[2024-12-17T06:33:26.280+0700][gc,phases   ] GC(231)   Other: 1.3ms
[2024-12-17T06:33:26.280+0700][gc,heap     ] GC(231) Eden regions: 44->0(48)
[2024-12-17T06:33:26.280+0700][gc,heap     ] GC(231) Survivor regions: 7->3(7)
[2024-12-17T06:33:26.280+0700][gc,heap     ] GC(231) Old regions: 159->163
[2024-12-17T06:33:26.280+0700][gc,heap     ] GC(231) Archive regions: 2->2
[2024-12-17T06:33:26.280+0700][gc,heap     ] GC(231) Humongous regions: 129->129
[2024-12-17T06:33:26.280+0700][gc,metaspace] GC(231) Metaspace: 45442K(46080K)->45442K(46080K) NonClass: 40217K(40576K)->40217K(40576K) Class: 5225K(5504K)->5225K(5504K)
[2024-12-17T06:33:26.280+0700][gc          ] GC(231) Pause Young (Normal) (G1 Evacuation Pause) 339M->295M(1024M) 72.308ms
[2024-12-17T06:33:26.281+0700][gc,cpu      ] GC(231) User=0.14s Sys=0.00s Real=0.07s
[2024-12-17T06:35:10.826+0700][gc,start    ] GC(232) Pause Young (Normal) (G1 Evacuation Pause)
[2024-12-17T06:35:10.827+0700][gc,task     ] GC(232) Using 2 workers of 2 for evacuation
[2024-12-17T06:35:10.874+0700][gc,mmu      ] GC(232) MMU target violated: 21.0ms (20.0ms/21.0ms)
[2024-12-17T06:35:10.874+0700][gc,phases   ] GC(232)   Pre Evacuate Collection Set: 2.8ms
[2024-12-17T06:35:10.874+0700][gc,phases   ] GC(232)   Merge Heap Roots: 1.0ms
[2024-12-17T06:35:10.874+0700][gc,phases   ] GC(232)   Evacuate Collection Set: 40.8ms
[2024-12-17T06:35:10.874+0700][gc,phases   ] GC(232)   Post Evacuate Collection Set: 2.1ms
[2024-12-17T06:35:10.874+0700][gc,phases   ] GC(232)   Other: 1.3ms
[2024-12-17T06:35:10.874+0700][gc,heap     ] GC(232) Eden regions: 48->0(45)
[2024-12-17T06:35:10.874+0700][gc,heap     ] GC(232) Survivor regions: 3->6(7)
[2024-12-17T06:35:10.874+0700][gc,heap     ] GC(232) Old regions: 163->163
[2024-12-17T06:35:10.874+0700][gc,heap     ] GC(232) Archive regions: 2->2
[2024-12-17T06:35:10.874+0700][gc,heap     ] GC(232) Humongous regions: 129->129
[2024-12-17T06:35:10.874+0700][gc,metaspace] GC(232) Metaspace: 45447K(46080K)->45447K(46080K) NonClass: 40222K(40576K)->40222K(40576K) Class: 5225K(5504K)->5225K(5504K)
[2024-12-17T06:35:10.874+0700][gc          ] GC(232) Pause Young (Normal) (G1 Evacuation Pause) 343M->298M(1024M) 47.849ms
[2024-12-17T06:35:10.874+0700][gc,cpu      ] GC(232) User=0.08s Sys=0.00s Real=0.04s
[2024-12-17T06:36:48.381+0700][gc,start    ] GC(233) Pause Young (Normal) (G1 Evacuation Pause)
[2024-12-17T06:36:48.381+0700][gc,task     ] GC(233) Using 2 workers of 2 for evacuation
[2024-12-17T06:36:48.434+0700][gc,mmu      ] GC(233) MMU target violated: 21.0ms (20.0ms/21.0ms)
[2024-12-17T06:36:48.434+0700][gc,phases   ] GC(233)   Pre Evacuate Collection Set: 3.1ms
[2024-12-17T06:36:48.434+0700][gc,phases   ] GC(233)   Merge Heap Roots: 0.9ms
[2024-12-17T06:36:48.434+0700][gc,phases   ] GC(233)   Evacuate Collection Set: 46.2ms
[2024-12-17T06:36:48.434+0700][gc,phases   ] GC(233)   Post Evacuate Collection Set: 2.5ms
[2024-12-17T06:36:48.434+0700][gc,phases   ] GC(233)   Other: 1.2ms
[2024-12-17T06:36:48.434+0700][gc,heap     ] GC(233) Eden regions: 45->0(46)
[2024-12-17T06:36:48.434+0700][gc,heap     ] GC(233) Survivor regions: 6->5(7)
[2024-12-17T06:36:48.434+0700][gc,heap     ] GC(233) Old regions: 163->168
[2024-12-17T06:36:48.434+0700][gc,heap     ] GC(233) Archive regions: 2->2
[2024-12-17T06:36:48.434+0700][gc,heap     ] GC(233) Humongous regions: 129->129
[2024-12-17T06:36:48.434+0700][gc,metaspace] GC(233) Metaspace: 45447K(46080K)->45447K(46080K) NonClass: 40222K(40576K)->40222K(40576K) Class: 5225K(5504K)->5225K(5504K)
[2024-12-17T06:36:48.435+0700][gc          ] GC(233) Pause Young (Normal) (G1 Evacuation Pause) 343M->301M(1024M) 53.842ms
[2024-12-17T06:36:48.435+0700][gc,cpu      ] GC(233) User=0.10s Sys=0.00s Real=0.05s
[2024-12-17T06:38:28.132+0700][gc,start    ] GC(234) Pause Young (Normal) (G1 Evacuation Pause)
[2024-12-17T06:38:28.133+0700][gc,task     ] GC(234) Using 2 workers of 2 for evacuation
[2024-12-17T06:38:28.187+0700][gc,mmu      ] GC(234) MMU target violated: 21.0ms (20.0ms/21.0ms)
[2024-12-17T06:38:28.188+0700][gc,phases   ] GC(234)   Pre Evacuate Collection Set: 2.6ms
[2024-12-17T06:38:28.188+0700][gc,phases   ] GC(234)   Merge Heap Roots: 1.1ms
[2024-12-17T06:38:28.188+0700][gc,phases   ] GC(234)   Evacuate Collection Set: 47.5ms
[2024-12-17T06:38:28.188+0700][gc,phases   ] GC(234)   Post Evacuate Collection Set: 3.3ms
[2024-12-17T06:38:28.188+0700][gc,phases   ] GC(234)   Other: 1.1ms
[2024-12-17T06:38:28.188+0700][gc,heap     ] GC(234) Eden regions: 46->0(48)
[2024-12-17T06:38:28.188+0700][gc,heap     ] GC(234) Survivor regions: 5->3(7)
[2024-12-17T06:38:28.188+0700][gc,heap     ] GC(234) Old regions: 168->170
[2024-12-17T06:38:28.188+0700][gc,heap     ] GC(234) Archive regions: 2->2
[2024-12-17T06:38:28.188+0700][gc,heap     ] GC(234) Humongous regions: 129->129
[2024-12-17T06:38:28.188+0700][gc,metaspace] GC(234) Metaspace: 45448K(46080K)->45448K(46080K) NonClass: 40223K(40576K)->40223K(40576K) Class: 5225K(5504K)->5225K(5504K)
[2024-12-17T06:38:28.188+0700][gc          ] GC(234) Pause Young (Normal) (G1 Evacuation Pause) 347M->302M(1024M) 55.666ms
[2024-12-17T06:38:28.188+0700][gc,cpu      ] GC(234) User=0.10s Sys=0.00s Real=0.06s
[2024-12-17T06:40:12.858+0700][gc,start    ] GC(235) Pause Young (Normal) (G1 Evacuation Pause)
[2024-12-17T06:40:12.859+0700][gc,task     ] GC(235) Using 2 workers of 2 for evacuation
[2024-12-17T06:40:12.921+0700][gc,mmu      ] GC(235) MMU target violated: 21.0ms (20.0ms/21.0ms)
[2024-12-17T06:40:12.922+0700][gc,phases   ] GC(235)   Pre Evacuate Collection Set: 2.8ms
[2024-12-17T06:40:12.922+0700][gc,phases   ] GC(235)   Merge Heap Roots: 0.7ms
[2024-12-17T06:40:12.922+0700][gc,phases   ] GC(235)   Evacuate Collection Set: 55.9ms
[2024-12-17T06:40:12.922+0700][gc,phases   ] GC(235)   Post Evacuate Collection Set: 2.9ms
[2024-12-17T06:40:12.922+0700][gc,phases   ] GC(235)   Other: 1.7ms
[2024-12-17T06:40:12.922+0700][gc,heap     ] GC(235) Eden regions: 48->0(44)
[2024-12-17T06:40:12.922+0700][gc,heap     ] GC(235) Survivor regions: 3->7(7)
[2024-12-17T06:40:12.922+0700][gc,heap     ] GC(235) Old regions: 170->170
[2024-12-17T06:40:12.922+0700][gc,heap     ] GC(235) Archive regions: 2->2
[2024-12-17T06:40:12.922+0700][gc,heap     ] GC(235) Humongous regions: 129->129
[2024-12-17T06:40:12.922+0700][gc,metaspace] GC(235) Metaspace: 45448K(46080K)->45448K(46080K) NonClass: 40223K(40576K)->40223K(40576K) Class: 5225K(5504K)->5225K(5504K)
[2024-12-17T06:40:12.922+0700][gc          ] GC(235) Pause Young (Normal) (G1 Evacuation Pause) 350M->306M(1024M) 63.879ms
[2024-12-17T06:40:12.922+0700][gc,cpu      ] GC(235) User=0.13s Sys=0.00s Real=0.06s
[2024-12-17T06:41:48.546+0700][gc,start    ] GC(236) Pause Young (Normal) (G1 Evacuation Pause)
[2024-12-17T06:41:48.546+0700][gc,task     ] GC(236) Using 2 workers of 2 for evacuation
[2024-12-17T06:41:48.602+0700][gc,mmu      ] GC(236) MMU target violated: 21.0ms (20.0ms/21.0ms)
[2024-12-17T06:41:48.603+0700][gc,phases   ] GC(236)   Pre Evacuate Collection Set: 3.5ms
[2024-12-17T06:41:48.603+0700][gc,phases   ] GC(236)   Merge Heap Roots: 0.5ms
[2024-12-17T06:41:48.603+0700][gc,phases   ] GC(236)   Evacuate Collection Set: 47.6ms
[2024-12-17T06:41:48.603+0700][gc,phases   ] GC(236)   Post Evacuate Collection Set: 4.0ms
[2024-12-17T06:41:48.603+0700][gc,phases   ] GC(236)   Other: 1.9ms
[2024-12-17T06:41:48.603+0700][gc,heap     ] GC(236) Eden regions: 44->0(48)
[2024-12-17T06:41:48.603+0700][gc,heap     ] GC(236) Survivor regions: 7->3(7)
[2024-12-17T06:41:48.603+0700][gc,heap     ] GC(236) Old regions: 170->174
[2024-12-17T06:41:48.603+0700][gc,heap     ] GC(236) Archive regions: 2->2
[2024-12-17T06:41:48.603+0700][gc,heap     ] GC(236) Humongous regions: 129->129
[2024-12-17T06:41:48.603+0700][gc,metaspace] GC(236) Metaspace: 45448K(46080K)->45448K(46080K) NonClass: 40223K(40576K)->40223K(40576K) Class: 5225K(5504K)->5225K(5504K)
[2024-12-17T06:41:48.603+0700][gc          ] GC(236) Pause Young (Normal) (G1 Evacuation Pause) 350M->306M(1024M) 57.479ms
[2024-12-17T06:41:48.603+0700][gc,cpu      ] GC(236) User=0.10s Sys=0.00s Real=0.05s
[2024-12-17T06:43:32.138+0700][gc,start    ] GC(237) Pause Young (Normal) (G1 Evacuation Pause)
[2024-12-17T06:43:32.138+0700][gc,task     ] GC(237) Using 2 workers of 2 for evacuation
[2024-12-17T06:43:32.205+0700][gc,mmu      ] GC(237) MMU target violated: 21.0ms (20.0ms/21.0ms)
[2024-12-17T06:43:32.205+0700][gc,phases   ] GC(237)   Pre Evacuate Collection Set: 5.5ms
[2024-12-17T06:43:32.205+0700][gc,phases   ] GC(237)   Merge Heap Roots: 1.1ms
[2024-12-17T06:43:32.205+0700][gc,phases   ] GC(237)   Evacuate Collection Set: 56.0ms
[2024-12-17T06:43:32.205+0700][gc,phases   ] GC(237)   Post Evacuate Collection Set: 3.9ms
[2024-12-17T06:43:32.205+0700][gc,phases   ] GC(237)   Other: 1.4ms
[2024-12-17T06:43:32.205+0700][gc,heap     ] GC(237) Eden regions: 48->0(45)
[2024-12-17T06:43:32.205+0700][gc,heap     ] GC(237) Survivor regions: 3->6(7)
[2024-12-17T06:43:32.205+0700][gc,heap     ] GC(237) Old regions: 174->174
[2024-12-17T06:43:32.205+0700][gc,heap     ] GC(237) Archive regions: 2->2
[2024-12-17T06:43:32.205+0700][gc,heap     ] GC(237) Humongous regions: 129->129
[2024-12-17T06:43:32.205+0700][gc,metaspace] GC(237) Metaspace: 45448K(46080K)->45448K(46080K) NonClass: 40223K(40576K)->40223K(40576K) Class: 5225K(5504K)->5225K(5504K)
[2024-12-17T06:43:32.206+0700][gc          ] GC(237) Pause Young (Normal) (G1 Evacuation Pause) 354M->309M(1024M) 67.845ms
[2024-12-17T06:43:32.206+0700][gc,cpu      ] GC(237) User=0.13s Sys=0.00s Real=0.07s
[2024-12-17T06:45:10.168+0700][gc,start    ] GC(238) Pause Young (Normal) (G1 Evacuation Pause)
[2024-12-17T06:45:10.168+0700][gc,task     ] GC(238) Using 2 workers of 2 for evacuation
[2024-12-17T06:45:10.248+0700][gc,mmu      ] GC(238) MMU target violated: 21.0ms (20.0ms/21.0ms)
[2024-12-17T06:45:10.249+0700][gc,phases   ] GC(238)   Pre Evacuate Collection Set: 5.0ms
[2024-12-17T06:45:10.249+0700][gc,phases   ] GC(238)   Merge Heap Roots: 1.3ms
[2024-12-17T06:45:10.249+0700][gc,phases   ] GC(238)   Evacuate Collection Set: 68.3ms
[2024-12-17T06:45:10.249+0700][gc,phases   ] GC(238)   Post Evacuate Collection Set: 4.5ms
[2024-12-17T06:45:10.249+0700][gc,phases   ] GC(238)   Other: 2.1ms
[2024-12-17T06:45:10.249+0700][gc,heap     ] GC(238) Eden regions: 45->0(46)
[2024-12-17T06:45:10.249+0700][gc,heap     ] GC(238) Survivor regions: 6->5(7)
[2024-12-17T06:45:10.249+0700][gc,heap     ] GC(238) Old regions: 174->179
[2024-12-17T06:45:10.249+0700][gc,heap     ] GC(238) Archive regions: 2->2
[2024-12-17T06:45:10.249+0700][gc,heap     ] GC(238) Humongous regions: 129->129
[2024-12-17T06:45:10.249+0700][gc,metaspace] GC(238) Metaspace: 45448K(46080K)->45448K(46080K) NonClass: 40223K(40576K)->40223K(40576K) Class: 5225K(5504K)->5225K(5504K)
[2024-12-17T06:45:10.249+0700][gc          ] GC(238) Pause Young (Normal) (G1 Evacuation Pause) 354M->312M(1024M) 80.881ms
[2024-12-17T06:45:10.249+0700][gc,cpu      ] GC(238) User=0.16s Sys=0.00s Real=0.08s
[2024-12-17T06:46:49.400+0700][gc,start    ] GC(239) Pause Young (Normal) (G1 Evacuation Pause)
[2024-12-17T06:46:49.400+0700][gc,task     ] GC(239) Using 2 workers of 2 for evacuation
[2024-12-17T06:46:49.446+0700][gc,mmu      ] GC(239) MMU target violated: 21.0ms (20.0ms/21.0ms)
[2024-12-17T06:46:49.446+0700][gc,phases   ] GC(239)   Pre Evacuate Collection Set: 2.9ms
[2024-12-17T06:46:49.446+0700][gc,phases   ] GC(239)   Merge Heap Roots: 1.1ms
[2024-12-17T06:46:49.446+0700][gc,phases   ] GC(239)   Evacuate Collection Set: 37.5ms
[2024-12-17T06:46:49.446+0700][gc,phases   ] GC(239)   Post Evacuate Collection Set: 3.3ms
[2024-12-17T06:46:49.446+0700][gc,phases   ] GC(239)   Other: 1.6ms
[2024-12-17T06:46:49.446+0700][gc,heap     ] GC(239) Eden regions: 46->0(48)
[2024-12-17T06:46:49.446+0700][gc,heap     ] GC(239) Survivor regions: 5->3(7)
[2024-12-17T06:46:49.446+0700][gc,heap     ] GC(239) Old regions: 179->181
[2024-12-17T06:46:49.446+0700][gc,heap     ] GC(239) Archive regions: 2->2
[2024-12-17T06:46:49.446+0700][gc,heap     ] GC(239) Humongous regions: 129->129
[2024-12-17T06:46:49.446+0700][gc,metaspace] GC(239) Metaspace: 45449K(46080K)->45449K(46080K) NonClass: 40224K(40576K)->40224K(40576K) Class: 5225K(5504K)->5225K(5504K)
[2024-12-17T06:46:49.446+0700][gc          ] GC(239) Pause Young (Normal) (G1 Evacuation Pause) 358M->313M(1024M) 46.340ms
[2024-12-17T06:46:49.446+0700][gc,cpu      ] GC(239) User=0.09s Sys=0.00s Real=0.05s
[2024-12-17T06:48:34.075+0700][gc,start    ] GC(240) Pause Young (Normal) (G1 Evacuation Pause)
[2024-12-17T06:48:34.075+0700][gc,task     ] GC(240) Using 2 workers of 2 for evacuation
[2024-12-17T06:48:34.122+0700][gc,mmu      ] GC(240) MMU target violated: 21.0ms (20.0ms/21.0ms)
[2024-12-17T06:48:34.123+0700][gc,phases   ] GC(240)   Pre Evacuate Collection Set: 2.6ms
[2024-12-17T06:48:34.123+0700][gc,phases   ] GC(240)   Merge Heap Roots: 0.7ms
[2024-12-17T06:48:34.123+0700][gc,phases   ] GC(240)   Evacuate Collection Set: 41.0ms
[2024-12-17T06:48:34.123+0700][gc,phases   ] GC(240)   Post Evacuate Collection Set: 2.5ms
[2024-12-17T06:48:34.123+0700][gc,phases   ] GC(240)   Other: 1.3ms
[2024-12-17T06:48:34.123+0700][gc,heap     ] GC(240) Eden regions: 48->0(44)
[2024-12-17T06:48:34.123+0700][gc,heap     ] GC(240) Survivor regions: 3->7(7)
[2024-12-17T06:48:34.123+0700][gc,heap     ] GC(240) Old regions: 181->181
[2024-12-17T06:48:34.123+0700][gc,heap     ] GC(240) Archive regions: 2->2
[2024-12-17T06:48:34.123+0700][gc,heap     ] GC(240) Humongous regions: 129->129
[2024-12-17T06:48:34.123+0700][gc,metaspace] GC(240) Metaspace: 45450K(46080K)->45450K(46080K) NonClass: 40225K(40576K)->40225K(40576K) Class: 5225K(5504K)->5225K(5504K)
[2024-12-17T06:48:34.123+0700][gc          ] GC(240) Pause Young (Normal) (G1 Evacuation Pause) 361M->316M(1024M) 48.034ms
[2024-12-17T06:48:34.123+0700][gc,cpu      ] GC(240) User=0.09s Sys=0.00s Real=0.05s
[2024-12-17T06:50:09.948+0700][gc,start    ] GC(241) Pause Young (Normal) (G1 Evacuation Pause)
[2024-12-17T06:50:09.948+0700][gc,task     ] GC(241) Using 2 workers of 2 for evacuation
[2024-12-17T06:50:09.997+0700][gc,mmu      ] GC(241) MMU target violated: 21.0ms (20.0ms/21.0ms)
[2024-12-17T06:50:09.997+0700][gc,phases   ] GC(241)   Pre Evacuate Collection Set: 4.0ms
[2024-12-17T06:50:09.997+0700][gc,phases   ] GC(241)   Merge Heap Roots: 1.0ms
[2024-12-17T06:50:09.997+0700][gc,phases   ] GC(241)   Evacuate Collection Set: 40.5ms
[2024-12-17T06:50:09.997+0700][gc,phases   ] GC(241)   Post Evacuate Collection Set: 3.0ms
[2024-12-17T06:50:09.997+0700][gc,phases   ] GC(241)   Other: 1.3ms
[2024-12-17T06:50:09.998+0700][gc,heap     ] GC(241) Eden regions: 44->0(48)
[2024-12-17T06:50:09.998+0700][gc,heap     ] GC(241) Survivor regions: 7->3(7)
[2024-12-17T06:50:09.998+0700][gc,heap     ] GC(241) Old regions: 181->185
[2024-12-17T06:50:09.998+0700][gc,heap     ] GC(241) Archive regions: 2->2
[2024-12-17T06:50:09.998+0700][gc,heap     ] GC(241) Humongous regions: 129->129
[2024-12-17T06:50:09.998+0700][gc,metaspace] GC(241) Metaspace: 45450K(46080K)->45450K(46080K) NonClass: 40225K(40576K)->40225K(40576K) Class: 5225K(5504K)->5225K(5504K)
[2024-12-17T06:50:09.998+0700][gc          ] GC(241) Pause Young (Normal) (G1 Evacuation Pause) 360M->317M(1024M) 50.189ms
[2024-12-17T06:50:09.998+0700][gc,cpu      ] GC(241) User=0.09s Sys=0.00s Real=0.05s
[2024-12-17T06:51:54.233+0700][gc,start    ] GC(242) Pause Young (Normal) (G1 Evacuation Pause)
[2024-12-17T06:51:54.234+0700][gc,task     ] GC(242) Using 2 workers of 2 for evacuation
[2024-12-17T06:51:54.275+0700][gc,mmu      ] GC(242) MMU target violated: 21.0ms (20.0ms/21.0ms)
[2024-12-17T06:51:54.275+0700][gc,phases   ] GC(242)   Pre Evacuate Collection Set: 2.8ms
[2024-12-17T06:51:54.276+0700][gc,phases   ] GC(242)   Merge Heap Roots: 1.0ms
[2024-12-17T06:51:54.276+0700][gc,phases   ] GC(242)   Evacuate Collection Set: 34.4ms
[2024-12-17T06:51:54.276+0700][gc,phases   ] GC(242)   Post Evacuate Collection Set: 3.2ms
[2024-12-17T06:51:54.276+0700][gc,phases   ] GC(242)   Other: 1.1ms
[2024-12-17T06:51:54.276+0700][gc,heap     ] GC(242) Eden regions: 48->0(45)
[2024-12-17T06:51:54.276+0700][gc,heap     ] GC(242) Survivor regions: 3->6(7)
[2024-12-17T06:51:54.276+0700][gc,heap     ] GC(242) Old regions: 185->185
[2024-12-17T06:51:54.276+0700][gc,heap     ] GC(242) Archive regions: 2->2
[2024-12-17T06:51:54.276+0700][gc,heap     ] GC(242) Humongous regions: 129->129
[2024-12-17T06:51:54.276+0700][gc,metaspace] GC(242) Metaspace: 45450K(46080K)->45450K(46080K) NonClass: 40225K(40576K)->40225K(40576K) Class: 5225K(5504K)->5225K(5504K)
[2024-12-17T06:51:54.276+0700][gc          ] GC(242) Pause Young (Normal) (G1 Evacuation Pause) 365M->320M(1024M) 42.557ms
[2024-12-17T06:51:54.276+0700][gc,cpu      ] GC(242) User=0.08s Sys=0.00s Real=0.04s
[2024-12-17T06:53:31.877+0700][gc,start    ] GC(243) Pause Young (Normal) (G1 Evacuation Pause)
[2024-12-17T06:53:31.878+0700][gc,task     ] GC(243) Using 2 workers of 2 for evacuation
[2024-12-17T06:53:31.934+0700][gc,mmu      ] GC(243) MMU target violated: 21.0ms (20.0ms/21.0ms)
[2024-12-17T06:53:31.934+0700][gc,phases   ] GC(243)   Pre Evacuate Collection Set: 1.7ms
[2024-12-17T06:53:31.934+0700][gc,phases   ] GC(243)   Merge Heap Roots: 0.7ms
[2024-12-17T06:53:31.934+0700][gc,phases   ] GC(243)   Evacuate Collection Set: 51.3ms
[2024-12-17T06:53:31.934+0700][gc,phases   ] GC(243)   Post Evacuate Collection Set: 2.4ms
[2024-12-17T06:53:31.934+0700][gc,phases   ] GC(243)   Other: 0.8ms
[2024-12-17T06:53:31.934+0700][gc,heap     ] GC(243) Eden regions: 45->0(44)
[2024-12-17T06:53:31.934+0700][gc,heap     ] GC(243) Survivor regions: 6->7(7)
[2024-12-17T06:53:31.934+0700][gc,heap     ] GC(243) Old regions: 185->187
[2024-12-17T06:53:31.934+0700][gc,heap     ] GC(243) Archive regions: 2->2
[2024-12-17T06:53:31.934+0700][gc,heap     ] GC(243) Humongous regions: 129->129
[2024-12-17T06:53:31.934+0700][gc,metaspace] GC(243) Metaspace: 45450K(46080K)->45450K(46080K) NonClass: 40225K(40576K)->40225K(40576K) Class: 5225K(5504K)->5225K(5504K)
[2024-12-17T06:53:31.934+0700][gc          ] GC(243) Pause Young (Normal) (G1 Evacuation Pause) 365M->323M(1024M) 56.808ms
[2024-12-17T06:53:31.934+0700][gc,cpu      ] GC(243) User=0.11s Sys=0.00s Real=0.05s
[2024-12-17T06:55:07.070+0700][gc,start    ] GC(244) Pause Young (Normal) (G1 Evacuation Pause)
[2024-12-17T06:55:07.071+0700][gc,task     ] GC(244) Using 2 workers of 2 for evacuation
[2024-12-17T06:55:07.119+0700][gc,mmu      ] GC(244) MMU target violated: 21.0ms (20.0ms/21.0ms)
[2024-12-17T06:55:07.119+0700][gc,phases   ] GC(244)   Pre Evacuate Collection Set: 3.3ms
[2024-12-17T06:55:07.119+0700][gc,phases   ] GC(244)   Merge Heap Roots: 0.7ms
[2024-12-17T06:55:07.119+0700][gc,phases   ] GC(244)   Evacuate Collection Set: 41.0ms
[2024-12-17T06:55:07.119+0700][gc,phases   ] GC(244)   Post Evacuate Collection Set: 2.8ms
[2024-12-17T06:55:07.119+0700][gc,phases   ] GC(244)   Other: 1.4ms
[2024-12-17T06:55:07.119+0700][gc,heap     ] GC(244) Eden regions: 44->0(48)
[2024-12-17T06:55:07.119+0700][gc,heap     ] GC(244) Survivor regions: 7->3(7)
[2024-12-17T06:55:07.119+0700][gc,heap     ] GC(244) Old regions: 187->192
[2024-12-17T06:55:07.119+0700][gc,heap     ] GC(244) Archive regions: 2->2
[2024-12-17T06:55:07.119+0700][gc,heap     ] GC(244) Humongous regions: 129->129
[2024-12-17T06:55:07.119+0700][gc,metaspace] GC(244) Metaspace: 45450K(46080K)->45450K(46080K) NonClass: 40225K(40576K)->40225K(40576K) Class: 5225K(5504K)->5225K(5504K)
[2024-12-17T06:55:07.120+0700][gc          ] GC(244) Pause Young (Normal) (G1 Evacuation Pause) 367M->324M(1024M) 49.138ms
[2024-12-17T06:55:07.120+0700][gc,cpu      ] GC(244) User=0.09s Sys=0.00s Real=0.05s
[2024-12-17T06:56:51.011+0700][gc,start    ] GC(245) Pause Young (Normal) (G1 Evacuation Pause)
[2024-12-17T06:56:51.011+0700][gc,task     ] GC(245) Using 2 workers of 2 for evacuation
[2024-12-17T06:56:51.063+0700][gc,mmu      ] GC(245) MMU target violated: 21.0ms (20.0ms/21.0ms)
[2024-12-17T06:56:51.063+0700][gc,phases   ] GC(245)   Pre Evacuate Collection Set: 4.4ms
[2024-12-17T06:56:51.063+0700][gc,phases   ] GC(245)   Merge Heap Roots: 1.2ms
[2024-12-17T06:56:51.063+0700][gc,phases   ] GC(245)   Evacuate Collection Set: 42.8ms
[2024-12-17T06:56:51.063+0700][gc,phases   ] GC(245)   Post Evacuate Collection Set: 2.8ms
[2024-12-17T06:56:51.063+0700][gc,phases   ] GC(245)   Other: 1.4ms
[2024-12-17T06:56:51.063+0700][gc,heap     ] GC(245) Eden regions: 48->0(45)
[2024-12-17T06:56:51.063+0700][gc,heap     ] GC(245) Survivor regions: 3->6(7)
[2024-12-17T06:56:51.063+0700][gc,heap     ] GC(245) Old regions: 192->192
[2024-12-17T06:56:51.063+0700][gc,heap     ] GC(245) Archive regions: 2->2
[2024-12-17T06:56:51.063+0700][gc,heap     ] GC(245) Humongous regions: 129->129
[2024-12-17T06:56:51.064+0700][gc,metaspace] GC(245) Metaspace: 45450K(46080K)->45450K(46080K) NonClass: 40225K(40576K)->40225K(40576K) Class: 5225K(5504K)->5225K(5504K)
[2024-12-17T06:56:51.064+0700][gc          ] GC(245) Pause Young (Normal) (G1 Evacuation Pause) 372M->327M(1024M) 52.461ms
[2024-12-17T06:56:51.064+0700][gc,cpu      ] GC(245) User=0.08s Sys=0.00s Real=0.05s
[2024-12-17T06:58:28.991+0700][gc,start    ] GC(246) Pause Young (Normal) (G1 Evacuation Pause)
[2024-12-17T06:58:28.991+0700][gc,task     ] GC(246) Using 2 workers of 2 for evacuation
[2024-12-17T06:58:29.060+0700][gc,mmu      ] GC(246) MMU target violated: 21.0ms (20.0ms/21.0ms)
[2024-12-17T06:58:29.060+0700][gc,phases   ] GC(246)   Pre Evacuate Collection Set: 3.2ms
[2024-12-17T06:58:29.060+0700][gc,phases   ] GC(246)   Merge Heap Roots: 1.3ms
[2024-12-17T06:58:29.060+0700][gc,phases   ] GC(246)   Evacuate Collection Set: 59.8ms
[2024-12-17T06:58:29.060+0700][gc,phases   ] GC(246)   Post Evacuate Collection Set: 3.7ms
[2024-12-17T06:58:29.060+0700][gc,phases   ] GC(246)   Other: 1.2ms
[2024-12-17T06:58:29.060+0700][gc,heap     ] GC(246) Eden regions: 45->0(46)
[2024-12-17T06:58:29.060+0700][gc,heap     ] GC(246) Survivor regions: 6->5(7)
[2024-12-17T06:58:29.060+0700][gc,heap     ] GC(246) Old regions: 192->196
[2024-12-17T06:58:29.060+0700][gc,heap     ] GC(246) Archive regions: 2->2
[2024-12-17T06:58:29.060+0700][gc,heap     ] GC(246) Humongous regions: 129->129
[2024-12-17T06:58:29.060+0700][gc,metaspace] GC(246) Metaspace: 45450K(46080K)->45450K(46080K) NonClass: 40225K(40576K)->40225K(40576K) Class: 5225K(5504K)->5225K(5504K)
[2024-12-17T06:58:29.060+0700][gc          ] GC(246) Pause Young (Normal) (G1 Evacuation Pause) 372M->330M(1024M) 69.091ms
[2024-12-17T06:58:29.060+0700][gc,cpu      ] GC(246) User=0.13s Sys=0.00s Real=0.07s
[2024-12-17T07:00:08.954+0700][gc,start    ] GC(247) Pause Young (Normal) (G1 Evacuation Pause)
[2024-12-17T07:00:08.954+0700][gc,task     ] GC(247) Using 2 workers of 2 for evacuation
[2024-12-17T07:00:08.996+0700][gc,mmu      ] GC(247) MMU target violated: 21.0ms (20.0ms/21.0ms)
[2024-12-17T07:00:08.996+0700][gc,phases   ] GC(247)   Pre Evacuate Collection Set: 2.9ms
[2024-12-17T07:00:08.996+0700][gc,phases   ] GC(247)   Merge Heap Roots: 0.7ms
[2024-12-17T07:00:08.996+0700][gc,phases   ] GC(247)   Evacuate Collection Set: 34.8ms
[2024-12-17T07:00:08.997+0700][gc,phases   ] GC(247)   Post Evacuate Collection Set: 3.0ms
[2024-12-17T07:00:08.997+0700][gc,phases   ] GC(247)   Other: 1.2ms
[2024-12-17T07:00:08.997+0700][gc,heap     ] GC(247) Eden regions: 46->0(47)
[2024-12-17T07:00:08.997+0700][gc,heap     ] GC(247) Survivor regions: 5->4(7)
[2024-12-17T07:00:08.997+0700][gc,heap     ] GC(247) Old regions: 196->198
[2024-12-17T07:00:08.997+0700][gc,heap     ] GC(247) Archive regions: 2->2
[2024-12-17T07:00:08.997+0700][gc,heap     ] GC(247) Humongous regions: 129->129
[2024-12-17T07:00:08.997+0700][gc,metaspace] GC(247) Metaspace: 45450K(46080K)->45450K(46080K) NonClass: 40225K(40576K)->40225K(40576K) Class: 5225K(5504K)->5225K(5504K)
[2024-12-17T07:00:08.997+0700][gc          ] GC(247) Pause Young (Normal) (G1 Evacuation Pause) 376M->331M(1024M) 42.732ms
[2024-12-17T07:00:08.997+0700][gc,cpu      ] GC(247) User=0.08s Sys=0.00s Real=0.05s
[2024-12-17T07:01:50.885+0700][gc,start    ] GC(248) Pause Young (Normal) (G1 Evacuation Pause)
[2024-12-17T07:01:50.885+0700][gc,task     ] GC(248) Using 2 workers of 2 for evacuation
[2024-12-17T07:01:50.936+0700][gc,mmu      ] GC(248) MMU target violated: 21.0ms (20.0ms/21.0ms)
[2024-12-17T07:01:50.936+0700][gc,phases   ] GC(248)   Pre Evacuate Collection Set: 3.2ms
[2024-12-17T07:01:50.936+0700][gc,phases   ] GC(248)   Merge Heap Roots: 1.1ms
[2024-12-17T07:01:50.936+0700][gc,phases   ] GC(248)   Evacuate Collection Set: 42.0ms
[2024-12-17T07:01:50.936+0700][gc,phases   ] GC(248)   Post Evacuate Collection Set: 3.8ms
[2024-12-17T07:01:50.936+0700][gc,phases   ] GC(248)   Other: 1.4ms
[2024-12-17T07:01:50.936+0700][gc,heap     ] GC(248) Eden regions: 47->0(44)
[2024-12-17T07:01:50.936+0700][gc,heap     ] GC(248) Survivor regions: 4->7(7)
[2024-12-17T07:01:50.936+0700][gc,heap     ] GC(248) Old regions: 198->198
[2024-12-17T07:01:50.936+0700][gc,heap     ] GC(248) Archive regions: 2->2
[2024-12-17T07:01:50.936+0700][gc,heap     ] GC(248) Humongous regions: 129->129
[2024-12-17T07:01:50.937+0700][gc,metaspace] GC(248) Metaspace: 45450K(46080K)->45450K(46080K) NonClass: 40225K(40576K)->40225K(40576K) Class: 5225K(5504K)->5225K(5504K)
[2024-12-17T07:01:50.937+0700][gc          ] GC(248) Pause Young (Normal) (G1 Evacuation Pause) 378M->334M(1024M) 51.589ms
[2024-12-17T07:01:50.937+0700][gc,cpu      ] GC(248) User=0.09s Sys=0.00s Real=0.05s
[2024-12-17T07:03:26.762+0700][gc,start    ] GC(249) Pause Young (Normal) (G1 Evacuation Pause)
[2024-12-17T07:03:26.762+0700][gc,task     ] GC(249) Using 2 workers of 2 for evacuation
[2024-12-17T07:03:26.808+0700][gc,mmu      ] GC(249) MMU target violated: 21.0ms (20.0ms/21.0ms)
[2024-12-17T07:03:26.808+0700][gc,phases   ] GC(249)   Pre Evacuate Collection Set: 2.9ms
[2024-12-17T07:03:26.808+0700][gc,phases   ] GC(249)   Merge Heap Roots: 0.6ms
[2024-12-17T07:03:26.808+0700][gc,phases   ] GC(249)   Evacuate Collection Set: 39.1ms
[2024-12-17T07:03:26.808+0700][gc,phases   ] GC(249)   Post Evacuate Collection Set: 2.7ms
[2024-12-17T07:03:26.808+0700][gc,phases   ] GC(249)   Other: 1.3ms
[2024-12-17T07:03:26.808+0700][gc,heap     ] GC(249) Eden regions: 44->0(48)
[2024-12-17T07:03:26.808+0700][gc,heap     ] GC(249) Survivor regions: 7->3(7)
[2024-12-17T07:03:26.808+0700][gc,heap     ] GC(249) Old regions: 198->203
[2024-12-17T07:03:26.808+0700][gc,heap     ] GC(249) Archive regions: 2->2
[2024-12-17T07:03:26.808+0700][gc,heap     ] GC(249) Humongous regions: 129->129
[2024-12-17T07:03:26.808+0700][gc,metaspace] GC(249) Metaspace: 45450K(46080K)->45450K(46080K) NonClass: 40225K(40576K)->40225K(40576K) Class: 5225K(5504K)->5225K(5504K)
[2024-12-17T07:03:26.808+0700][gc          ] GC(249) Pause Young (Normal) (G1 Evacuation Pause) 378M->334M(1024M) 46.591ms
[2024-12-17T07:03:26.808+0700][gc,cpu      ] GC(249) User=0.09s Sys=0.00s Real=0.05s
[2024-12-17T07:05:11.518+0700][gc,start    ] GC(250) Pause Young (Normal) (G1 Evacuation Pause)
[2024-12-17T07:05:11.518+0700][gc,task     ] GC(250) Using 2 workers of 2 for evacuation
[2024-12-17T07:05:11.564+0700][gc,mmu      ] GC(250) MMU target violated: 21.0ms (20.0ms/21.0ms)
[2024-12-17T07:05:11.564+0700][gc,phases   ] GC(250)   Pre Evacuate Collection Set: 2.6ms
[2024-12-17T07:05:11.564+0700][gc,phases   ] GC(250)   Merge Heap Roots: 1.0ms
[2024-12-17T07:05:11.564+0700][gc,phases   ] GC(250)   Evacuate Collection Set: 37.9ms
[2024-12-17T07:05:11.564+0700][gc,phases   ] GC(250)   Post Evacuate Collection Set: 3.4ms
[2024-12-17T07:05:11.564+0700][gc,phases   ] GC(250)   Other: 1.1ms
[2024-12-17T07:05:11.564+0700][gc,heap     ] GC(250) Eden regions: 48->0(45)
[2024-12-17T07:05:11.564+0700][gc,heap     ] GC(250) Survivor regions: 3->6(7)
[2024-12-17T07:05:11.564+0700][gc,heap     ] GC(250) Old regions: 203->203
[2024-12-17T07:05:11.564+0700][gc,heap     ] GC(250) Archive regions: 2->2
[2024-12-17T07:05:11.564+0700][gc,heap     ] GC(250) Humongous regions: 129->129
[2024-12-17T07:05:11.564+0700][gc,metaspace] GC(250) Metaspace: 45450K(46080K)->45450K(46080K) NonClass: 40225K(40576K)->40225K(40576K) Class: 5225K(5504K)->5225K(5504K)
[2024-12-17T07:05:11.564+0700][gc          ] GC(250) Pause Young (Normal) (G1 Evacuation Pause) 382M->338M(1024M) 46.032ms
[2024-12-17T07:05:11.564+0700][gc,cpu      ] GC(250) User=0.09s Sys=0.00s Real=0.05s
[2024-12-17T07:06:49.176+0700][gc,start    ] GC(251) Pause Young (Normal) (G1 Evacuation Pause)
[2024-12-17T07:06:49.177+0700][gc,task     ] GC(251) Using 2 workers of 2 for evacuation
[2024-12-17T07:06:49.266+0700][gc,mmu      ] GC(251) MMU target violated: 21.0ms (20.0ms/21.0ms)
[2024-12-17T07:06:49.266+0700][gc,phases   ] GC(251)   Pre Evacuate Collection Set: 3.6ms
[2024-12-17T07:06:49.266+0700][gc,phases   ] GC(251)   Merge Heap Roots: 0.6ms
[2024-12-17T07:06:49.266+0700][gc,phases   ] GC(251)   Evacuate Collection Set: 81.4ms
[2024-12-17T07:06:49.266+0700][gc,phases   ] GC(251)   Post Evacuate Collection Set: 3.1ms
[2024-12-17T07:06:49.266+0700][gc,phases   ] GC(251)   Other: 1.7ms
[2024-12-17T07:06:49.266+0700][gc,heap     ] GC(251) Eden regions: 45->0(46)
[2024-12-17T07:06:49.266+0700][gc,heap     ] GC(251) Survivor regions: 6->5(7)
[2024-12-17T07:06:49.266+0700][gc,heap     ] GC(251) Old regions: 203->207
[2024-12-17T07:06:49.266+0700][gc,heap     ] GC(251) Archive regions: 2->2
[2024-12-17T07:06:49.266+0700][gc,heap     ] GC(251) Humongous regions: 129->129
[2024-12-17T07:06:49.266+0700][gc,metaspace] GC(251) Metaspace: 45450K(46080K)->45450K(46080K) NonClass: 40225K(40576K)->40225K(40576K) Class: 5225K(5504K)->5225K(5504K)
[2024-12-17T07:06:49.267+0700][gc          ] GC(251) Pause Young (Normal) (G1 Evacuation Pause) 383M->341M(1024M) 90.260ms
[2024-12-17T07:06:49.267+0700][gc,cpu      ] GC(251) User=0.18s Sys=0.00s Real=0.09s
[2024-12-17T07:08:29.333+0700][gc,start    ] GC(252) Pause Young (Normal) (G1 Evacuation Pause)
[2024-12-17T07:08:29.333+0700][gc,task     ] GC(252) Using 2 workers of 2 for evacuation
[2024-12-17T07:08:29.375+0700][gc,mmu      ] GC(252) MMU target violated: 21.0ms (20.0ms/21.0ms)
[2024-12-17T07:08:29.376+0700][gc,phases   ] GC(252)   Pre Evacuate Collection Set: 2.6ms
[2024-12-17T07:08:29.376+0700][gc,phases   ] GC(252)   Merge Heap Roots: 1.0ms
[2024-12-17T07:08:29.376+0700][gc,phases   ] GC(252)   Evacuate Collection Set: 35.7ms
[2024-12-17T07:08:29.376+0700][gc,phases   ] GC(252)   Post Evacuate Collection Set: 2.6ms
[2024-12-17T07:08:29.376+0700][gc,phases   ] GC(252)   Other: 1.3ms
[2024-12-17T07:08:29.376+0700][gc,heap     ] GC(252) Eden regions: 46->0(47)
[2024-12-17T07:08:29.376+0700][gc,heap     ] GC(252) Survivor regions: 5->4(7)
[2024-12-17T07:08:29.376+0700][gc,heap     ] GC(252) Old regions: 207->209
[2024-12-17T07:08:29.376+0700][gc,heap     ] GC(252) Archive regions: 2->2
[2024-12-17T07:08:29.376+0700][gc,heap     ] GC(252) Humongous regions: 129->129
[2024-12-17T07:08:29.376+0700][gc,metaspace] GC(252) Metaspace: 45450K(46080K)->45450K(46080K) NonClass: 40225K(40576K)->40225K(40576K) Class: 5225K(5504K)->5225K(5504K)
[2024-12-17T07:08:29.376+0700][gc          ] GC(252) Pause Young (Normal) (G1 Evacuation Pause) 387M->342M(1024M) 43.200ms
[2024-12-17T07:08:29.376+0700][gc,cpu      ] GC(252) User=0.08s Sys=0.00s Real=0.04s
[2024-12-17T07:10:11.262+0700][gc,start    ] GC(253) Pause Young (Normal) (G1 Evacuation Pause)
[2024-12-17T07:10:11.262+0700][gc,task     ] GC(253) Using 2 workers of 2 for evacuation
[2024-12-17T07:10:11.310+0700][gc,mmu      ] GC(253) MMU target violated: 21.0ms (20.0ms/21.0ms)
[2024-12-17T07:10:11.310+0700][gc,phases   ] GC(253)   Pre Evacuate Collection Set: 2.8ms
[2024-12-17T07:10:11.310+0700][gc,phases   ] GC(253)   Merge Heap Roots: 1.2ms
[2024-12-17T07:10:11.310+0700][gc,phases   ] GC(253)   Evacuate Collection Set: 41.2ms
[2024-12-17T07:10:11.310+0700][gc,phases   ] GC(253)   Post Evacuate Collection Set: 2.5ms
[2024-12-17T07:10:11.310+0700][gc,phases   ] GC(253)   Other: 1.2ms
[2024-12-17T07:10:11.310+0700][gc,heap     ] GC(253) Eden regions: 47->0(44)
[2024-12-17T07:10:11.310+0700][gc,heap     ] GC(253) Survivor regions: 4->7(7)
[2024-12-17T07:10:11.310+0700][gc,heap     ] GC(253) Old regions: 209->209
[2024-12-17T07:10:11.310+0700][gc,heap     ] GC(253) Archive regions: 2->2
[2024-12-17T07:10:11.310+0700][gc,heap     ] GC(253) Humongous regions: 129->129
[2024-12-17T07:10:11.310+0700][gc,metaspace] GC(253) Metaspace: 45450K(46080K)->45450K(46080K) NonClass: 40225K(40576K)->40225K(40576K) Class: 5225K(5504K)->5225K(5504K)
[2024-12-17T07:10:11.311+0700][gc          ] GC(253) Pause Young (Normal) (G1 Evacuation Pause) 389M->345M(1024M) 48.998ms
[2024-12-17T07:10:11.311+0700][gc,cpu      ] GC(253) User=0.09s Sys=0.00s Real=0.05s
[2024-12-17T07:11:40.520+0700][gc,start    ] GC(254) Pause Young (Normal) (G1 Evacuation Pause)
[2024-12-17T07:11:40.520+0700][gc,task     ] GC(254) Using 2 workers of 2 for evacuation
[2024-12-17T07:11:40.595+0700][gc,mmu      ] GC(254) MMU target violated: 21.0ms (20.0ms/21.0ms)
[2024-12-17T07:11:40.595+0700][gc,phases   ] GC(254)   Pre Evacuate Collection Set: 2.6ms
[2024-12-17T07:11:40.595+0700][gc,phases   ] GC(254)   Merge Heap Roots: 0.6ms
[2024-12-17T07:11:40.595+0700][gc,phases   ] GC(254)   Evacuate Collection Set: 68.0ms
[2024-12-17T07:11:40.595+0700][gc,phases   ] GC(254)   Post Evacuate Collection Set: 2.5ms
[2024-12-17T07:11:40.595+0700][gc,phases   ] GC(254)   Other: 1.4ms
[2024-12-17T07:11:40.595+0700][gc,heap     ] GC(254) Eden regions: 44->0(45)
[2024-12-17T07:11:40.595+0700][gc,heap     ] GC(254) Survivor regions: 7->6(7)
[2024-12-17T07:11:40.595+0700][gc,heap     ] GC(254) Old regions: 209->214
[2024-12-17T07:11:40.595+0700][gc,heap     ] GC(254) Archive regions: 2->2
[2024-12-17T07:11:40.595+0700][gc,heap     ] GC(254) Humongous regions: 129->129
[2024-12-17T07:11:40.595+0700][gc,metaspace] GC(254) Metaspace: 45450K(46080K)->45450K(46080K) NonClass: 40225K(40576K)->40225K(40576K) Class: 5225K(5504K)->5225K(5504K)
[2024-12-17T07:11:40.595+0700][gc          ] GC(254) Pause Young (Normal) (G1 Evacuation Pause) 389M->349M(1024M) 75.103ms
[2024-12-17T07:11:40.595+0700][gc,cpu      ] GC(254) User=0.14s Sys=0.00s Real=0.07s
[2024-12-17T07:13:18.447+0700][gc,start    ] GC(255) Pause Young (Normal) (G1 Evacuation Pause)
[2024-12-17T07:13:18.447+0700][gc,task     ] GC(255) Using 2 workers of 2 for evacuation
[2024-12-17T07:13:18.485+0700][gc,mmu      ] GC(255) MMU target violated: 21.0ms (20.0ms/21.0ms)
[2024-12-17T07:13:18.485+0700][gc,phases   ] GC(255)   Pre Evacuate Collection Set: 2.7ms
[2024-12-17T07:13:18.485+0700][gc,phases   ] GC(255)   Merge Heap Roots: 0.9ms
[2024-12-17T07:13:18.485+0700][gc,phases   ] GC(255)   Evacuate Collection Set: 30.8ms
[2024-12-17T07:13:18.485+0700][gc,phases   ] GC(255)   Post Evacuate Collection Set: 2.9ms
[2024-12-17T07:13:18.485+0700][gc,phases   ] GC(255)   Other: 1.7ms
[2024-12-17T07:13:18.485+0700][gc,heap     ] GC(255) Eden regions: 45->0(48)
[2024-12-17T07:13:18.485+0700][gc,heap     ] GC(255) Survivor regions: 6->3(7)
[2024-12-17T07:13:18.485+0700][gc,heap     ] GC(255) Old regions: 214->216
[2024-12-17T07:13:18.485+0700][gc,heap     ] GC(255) Archive regions: 2->2
[2024-12-17T07:13:18.485+0700][gc,heap     ] GC(255) Humongous regions: 129->129
[2024-12-17T07:13:18.485+0700][gc,metaspace] GC(255) Metaspace: 45450K(46080K)->45450K(46080K) NonClass: 40225K(40576K)->40225K(40576K) Class: 5225K(5504K)->5225K(5504K)
[2024-12-17T07:13:18.485+0700][gc          ] GC(255) Pause Young (Normal) (G1 Evacuation Pause) 394M->348M(1024M) 38.913ms
[2024-12-17T07:13:18.485+0700][gc,cpu      ] GC(255) User=0.07s Sys=0.00s Real=0.04s
[2024-12-17T07:15:01.077+0700][gc,start    ] GC(256) Pause Young (Normal) (G1 Evacuation Pause)
[2024-12-17T07:15:01.077+0700][gc,task     ] GC(256) Using 2 workers of 2 for evacuation
[2024-12-17T07:15:01.120+0700][gc,mmu      ] GC(256) MMU target violated: 21.0ms (20.0ms/21.0ms)
[2024-12-17T07:15:01.120+0700][gc,phases   ] GC(256)   Pre Evacuate Collection Set: 3.5ms
[2024-12-17T07:15:01.120+0700][gc,phases   ] GC(256)   Merge Heap Roots: 1.3ms
[2024-12-17T07:15:01.120+0700][gc,phases   ] GC(256)   Evacuate Collection Set: 34.3ms
[2024-12-17T07:15:01.120+0700][gc,phases   ] GC(256)   Post Evacuate Collection Set: 3.5ms
[2024-12-17T07:15:01.120+0700][gc,phases   ] GC(256)   Other: 1.5ms
[2024-12-17T07:15:01.121+0700][gc,heap     ] GC(256) Eden regions: 48->0(45)
[2024-12-17T07:15:01.121+0700][gc,heap     ] GC(256) Survivor regions: 3->6(7)
[2024-12-17T07:15:01.121+0700][gc,heap     ] GC(256) Old regions: 216->216
[2024-12-17T07:15:01.121+0700][gc,heap     ] GC(256) Archive regions: 2->2
[2024-12-17T07:15:01.121+0700][gc,heap     ] GC(256) Humongous regions: 129->129
[2024-12-17T07:15:01.121+0700][gc,metaspace] GC(256) Metaspace: 45450K(46080K)->45450K(46080K) NonClass: 40225K(40576K)->40225K(40576K) Class: 5225K(5504K)->5225K(5504K)
[2024-12-17T07:15:01.121+0700][gc          ] GC(256) Pause Young (Normal) (G1 Evacuation Pause) 396M->351M(1024M) 44.272ms
[2024-12-17T07:15:01.121+0700][gc,cpu      ] GC(256) User=0.08s Sys=0.00s Real=0.04s
[2024-12-17T07:16:38.061+0700][gc,start    ] GC(257) Pause Young (Normal) (G1 Evacuation Pause)
[2024-12-17T07:16:38.062+0700][gc,task     ] GC(257) Using 2 workers of 2 for evacuation
[2024-12-17T07:16:38.106+0700][gc,mmu      ] GC(257) MMU target violated: 21.0ms (20.0ms/21.0ms)
[2024-12-17T07:16:38.106+0700][gc,phases   ] GC(257)   Pre Evacuate Collection Set: 3.8ms
[2024-12-17T07:16:38.106+0700][gc,phases   ] GC(257)   Merge Heap Roots: 0.6ms
[2024-12-17T07:16:38.106+0700][gc,phases   ] GC(257)   Evacuate Collection Set: 36.6ms
[2024-12-17T07:16:38.106+0700][gc,phases   ] GC(257)   Post Evacuate Collection Set: 2.7ms
[2024-12-17T07:16:38.106+0700][gc,phases   ] GC(257)   Other: 1.2ms
[2024-12-17T07:16:38.106+0700][gc,heap     ] GC(257) Eden regions: 45->0(48)
[2024-12-17T07:16:38.106+0700][gc,heap     ] GC(257) Survivor regions: 6->3(7)
[2024-12-17T07:16:38.106+0700][gc,heap     ] GC(257) Old regions: 216->220
[2024-12-17T07:16:38.106+0700][gc,heap     ] GC(257) Archive regions: 2->2
[2024-12-17T07:16:38.106+0700][gc,heap     ] GC(257) Humongous regions: 129->129
[2024-12-17T07:16:38.106+0700][gc,metaspace] GC(257) Metaspace: 45452K(46080K)->45452K(46080K) NonClass: 40227K(40576K)->40227K(40576K) Class: 5225K(5504K)->5225K(5504K)
[2024-12-17T07:16:38.106+0700][gc          ] GC(257) Pause Young (Normal) (G1 Evacuation Pause) 396M->352M(1024M) 44.853ms
[2024-12-17T07:16:38.106+0700][gc,cpu      ] GC(257) User=0.09s Sys=0.00s Real=0.05s
[2024-12-17T07:18:22.955+0700][gc,start    ] GC(258) Pause Young (Normal) (G1 Evacuation Pause)
[2024-12-17T07:18:22.955+0700][gc,task     ] GC(258) Using 2 workers of 2 for evacuation
[2024-12-17T07:18:23.000+0700][gc,mmu      ] GC(258) MMU target violated: 21.0ms (20.0ms/21.0ms)
[2024-12-17T07:18:23.000+0700][gc,phases   ] GC(258)   Pre Evacuate Collection Set: 2.5ms
[2024-12-17T07:18:23.000+0700][gc,phases   ] GC(258)   Merge Heap Roots: 0.8ms
[2024-12-17T07:18:23.000+0700][gc,phases   ] GC(258)   Evacuate Collection Set: 37.4ms
[2024-12-17T07:18:23.000+0700][gc,phases   ] GC(258)   Post Evacuate Collection Set: 3.7ms
[2024-12-17T07:18:23.000+0700][gc,phases   ] GC(258)   Other: 1.2ms
[2024-12-17T07:18:23.000+0700][gc,heap     ] GC(258) Eden regions: 48->0(44)
[2024-12-17T07:18:23.000+0700][gc,heap     ] GC(258) Survivor regions: 3->7(7)
[2024-12-17T07:18:23.000+0700][gc,heap     ] GC(258) Old regions: 220->220
[2024-12-17T07:18:23.000+0700][gc,heap     ] GC(258) Archive regions: 2->2
[2024-12-17T07:18:23.000+0700][gc,heap     ] GC(258) Humongous regions: 129->129
[2024-12-17T07:18:23.000+0700][gc,metaspace] GC(258) Metaspace: 45452K(46080K)->45452K(46080K) NonClass: 40227K(40576K)->40227K(40576K) Class: 5225K(5504K)->5225K(5504K)
[2024-12-17T07:18:23.001+0700][gc          ] GC(258) Pause Young (Normal) (G1 Evacuation Pause) 400M->355M(1024M) 45.736ms
[2024-12-17T07:18:23.001+0700][gc,cpu      ] GC(258) User=0.08s Sys=0.00s Real=0.05s
[2024-12-17T07:19:58.540+0700][gc,start    ] GC(259) Pause Young (Normal) (G1 Evacuation Pause)
[2024-12-17T07:19:58.540+0700][gc,task     ] GC(259) Using 2 workers of 2 for evacuation
[2024-12-17T07:19:58.600+0700][gc,mmu      ] GC(259) MMU target violated: 21.0ms (20.0ms/21.0ms)
[2024-12-17T07:19:58.601+0700][gc,phases   ] GC(259)   Pre Evacuate Collection Set: 2.6ms
[2024-12-17T07:19:58.601+0700][gc,phases   ] GC(259)   Merge Heap Roots: 0.5ms
[2024-12-17T07:19:58.601+0700][gc,phases   ] GC(259)   Evacuate Collection Set: 54.1ms
[2024-12-17T07:19:58.601+0700][gc,phases   ] GC(259)   Post Evacuate Collection Set: 2.4ms
[2024-12-17T07:19:58.601+0700][gc,phases   ] GC(259)   Other: 1.3ms
[2024-12-17T07:19:58.601+0700][gc,heap     ] GC(259) Eden regions: 44->0(46)
[2024-12-17T07:19:58.601+0700][gc,heap     ] GC(259) Survivor regions: 7->5(7)
[2024-12-17T07:19:58.601+0700][gc,heap     ] GC(259) Old regions: 220->224
[2024-12-17T07:19:58.601+0700][gc,heap     ] GC(259) Archive regions: 2->2
[2024-12-17T07:19:58.601+0700][gc,heap     ] GC(259) Humongous regions: 129->129
[2024-12-17T07:19:58.601+0700][gc,metaspace] GC(259) Metaspace: 45452K(46080K)->45452K(46080K) NonClass: 40227K(40576K)->40227K(40576K) Class: 5225K(5504K)->5225K(5504K)
[2024-12-17T07:19:58.601+0700][gc          ] GC(259) Pause Young (Normal) (G1 Evacuation Pause) 399M->358M(1024M) 61.001ms
[2024-12-17T07:19:58.601+0700][gc,cpu      ] GC(259) User=0.12s Sys=0.00s Real=0.06s
[2024-12-17T07:21:37.885+0700][gc,start    ] GC(260) Pause Young (Normal) (G1 Evacuation Pause)
[2024-12-17T07:21:37.886+0700][gc,task     ] GC(260) Using 2 workers of 2 for evacuation
[2024-12-17T07:21:37.927+0700][gc,mmu      ] GC(260) MMU target violated: 21.0ms (20.0ms/21.0ms)
[2024-12-17T07:21:37.927+0700][gc,phases   ] GC(260)   Pre Evacuate Collection Set: 3.9ms
[2024-12-17T07:21:37.927+0700][gc,phases   ] GC(260)   Merge Heap Roots: 0.6ms
[2024-12-17T07:21:37.927+0700][gc,phases   ] GC(260)   Evacuate Collection Set: 33.7ms
[2024-12-17T07:21:37.927+0700][gc,phases   ] GC(260)   Post Evacuate Collection Set: 2.5ms
[2024-12-17T07:21:37.927+0700][gc,phases   ] GC(260)   Other: 1.3ms
[2024-12-17T07:21:37.927+0700][gc,heap     ] GC(260) Eden regions: 46->0(47)
[2024-12-17T07:21:37.927+0700][gc,heap     ] GC(260) Survivor regions: 5->4(7)
[2024-12-17T07:21:37.927+0700][gc,heap     ] GC(260) Old regions: 224->226
[2024-12-17T07:21:37.927+0700][gc,heap     ] GC(260) Archive regions: 2->2
[2024-12-17T07:21:37.927+0700][gc,heap     ] GC(260) Humongous regions: 129->129
[2024-12-17T07:21:37.927+0700][gc,metaspace] GC(260) Metaspace: 45452K(46080K)->45452K(46080K) NonClass: 40227K(40576K)->40227K(40576K) Class: 5225K(5504K)->5225K(5504K)
[2024-12-17T07:21:37.927+0700][gc          ] GC(260) Pause Young (Normal) (G1 Evacuation Pause) 404M->359M(1024M) 42.045ms
[2024-12-17T07:21:37.927+0700][gc,cpu      ] GC(260) User=0.08s Sys=0.00s Real=0.04s
[2024-12-17T07:23:20.430+0700][gc,start    ] GC(261) Pause Young (Normal) (G1 Evacuation Pause)
[2024-12-17T07:23:20.431+0700][gc,task     ] GC(261) Using 2 workers of 2 for evacuation
[2024-12-17T07:23:20.489+0700][gc,mmu      ] GC(261) MMU target violated: 21.0ms (20.0ms/21.0ms)
[2024-12-17T07:23:20.489+0700][gc,phases   ] GC(261)   Pre Evacuate Collection Set: 4.0ms
[2024-12-17T07:23:20.489+0700][gc,phases   ] GC(261)   Merge Heap Roots: 0.7ms
[2024-12-17T07:23:20.489+0700][gc,phases   ] GC(261)   Evacuate Collection Set: 49.1ms
[2024-12-17T07:23:20.489+0700][gc,phases   ] GC(261)   Post Evacuate Collection Set: 3.4ms
[2024-12-17T07:23:20.489+0700][gc,phases   ] GC(261)   Other: 1.5ms
[2024-12-17T07:23:20.489+0700][gc,heap     ] GC(261) Eden regions: 47->0(44)
[2024-12-17T07:23:20.489+0700][gc,heap     ] GC(261) Survivor regions: 4->7(7)
[2024-12-17T07:23:20.489+0700][gc,heap     ] GC(261) Old regions: 226->226
[2024-12-17T07:23:20.489+0700][gc,heap     ] GC(261) Archive regions: 2->2
[2024-12-17T07:23:20.489+0700][gc,heap     ] GC(261) Humongous regions: 129->129
[2024-12-17T07:23:20.489+0700][gc,metaspace] GC(261) Metaspace: 45452K(46080K)->45452K(46080K) NonClass: 40227K(40576K)->40227K(40576K) Class: 5225K(5504K)->5225K(5504K)
[2024-12-17T07:23:20.489+0700][gc          ] GC(261) Pause Young (Normal) (G1 Evacuation Pause) 406M->362M(1024M) 58.772ms
[2024-12-17T07:23:20.489+0700][gc,cpu      ] GC(261) User=0.11s Sys=0.00s Real=0.06s
[2024-12-17T07:24:55.669+0700][gc,start    ] GC(262) Pause Young (Normal) (G1 Evacuation Pause)
[2024-12-17T07:24:55.669+0700][gc,task     ] GC(262) Using 2 workers of 2 for evacuation
[2024-12-17T07:24:55.715+0700][gc,mmu      ] GC(262) MMU target violated: 21.0ms (20.0ms/21.0ms)
[2024-12-17T07:24:55.716+0700][gc,phases   ] GC(262)   Pre Evacuate Collection Set: 2.6ms
[2024-12-17T07:24:55.716+0700][gc,phases   ] GC(262)   Merge Heap Roots: 0.6ms
[2024-12-17T07:24:55.716+0700][gc,phases   ] GC(262)   Evacuate Collection Set: 40.3ms
[2024-12-17T07:24:55.716+0700][gc,phases   ] GC(262)   Post Evacuate Collection Set: 2.7ms
[2024-12-17T07:24:55.716+0700][gc,phases   ] GC(262)   Other: 1.1ms
[2024-12-17T07:24:55.716+0700][gc,heap     ] GC(262) Eden regions: 44->0(48)
[2024-12-17T07:24:55.716+0700][gc,heap     ] GC(262) Survivor regions: 7->3(7)
[2024-12-17T07:24:55.716+0700][gc,heap     ] GC(262) Old regions: 226->231
[2024-12-17T07:24:55.716+0700][gc,heap     ] GC(262) Archive regions: 2->2
[2024-12-17T07:24:55.716+0700][gc,heap     ] GC(262) Humongous regions: 129->129
[2024-12-17T07:24:55.716+0700][gc,metaspace] GC(262) Metaspace: 45452K(46080K)->45452K(46080K) NonClass: 40227K(40576K)->40227K(40576K) Class: 5225K(5504K)->5225K(5504K)
[2024-12-17T07:24:55.716+0700][gc          ] GC(262) Pause Young (Normal) (G1 Evacuation Pause) 406M->363M(1024M) 47.368ms
[2024-12-17T07:24:55.716+0700][gc,cpu      ] GC(262) User=0.10s Sys=0.00s Real=0.05s
[2024-12-17T07:26:39.871+0700][gc,start    ] GC(263) Pause Young (Concurrent Start) (G1 Evacuation Pause)
[2024-12-17T07:26:39.872+0700][gc,task     ] GC(263) Using 2 workers of 2 for evacuation
[2024-12-17T07:26:39.925+0700][gc,mmu      ] GC(263) MMU target violated: 21.0ms (20.0ms/21.0ms)
[2024-12-17T07:26:39.925+0700][gc,phases   ] GC(263)   Pre Evacuate Collection Set: 4.0ms
[2024-12-17T07:26:39.926+0700][gc,phases   ] GC(263)   Merge Heap Roots: 0.7ms
[2024-12-17T07:26:39.926+0700][gc,phases   ] GC(263)   Evacuate Collection Set: 44.5ms
[2024-12-17T07:26:39.926+0700][gc,phases   ] GC(263)   Post Evacuate Collection Set: 3.4ms
[2024-12-17T07:26:39.926+0700][gc,phases   ] GC(263)   Other: 1.8ms
[2024-12-17T07:26:39.926+0700][gc,heap     ] GC(263) Eden regions: 48->0(45)
[2024-12-17T07:26:39.926+0700][gc,heap     ] GC(263) Survivor regions: 3->6(7)
[2024-12-17T07:26:39.926+0700][gc,heap     ] GC(263) Old regions: 231->231
[2024-12-17T07:26:39.926+0700][gc,heap     ] GC(263) Archive regions: 2->2
[2024-12-17T07:26:39.926+0700][gc,heap     ] GC(263) Humongous regions: 129->129
[2024-12-17T07:26:39.926+0700][gc,metaspace] GC(263) Metaspace: 45452K(46080K)->45452K(46080K) NonClass: 40227K(40576K)->40227K(40576K) Class: 5225K(5504K)->5225K(5504K)
[2024-12-17T07:26:39.926+0700][gc          ] GC(263) Pause Young (Concurrent Start) (G1 Evacuation Pause) 411M->366M(1024M) 54.494ms
[2024-12-17T07:26:39.926+0700][gc,cpu      ] GC(263) User=0.10s Sys=0.00s Real=0.06s
[2024-12-17T07:26:39.926+0700][gc          ] GC(264) Concurrent Mark Cycle
[2024-12-17T07:26:39.926+0700][gc,marking  ] GC(264) Concurrent Clear Claimed Marks
[2024-12-17T07:26:39.927+0700][gc,marking  ] GC(264) Concurrent Clear Claimed Marks 0.289ms
[2024-12-17T07:26:39.927+0700][gc,marking  ] GC(264) Concurrent Scan Root Regions
[2024-12-17T07:26:39.943+0700][gc,marking  ] GC(264) Concurrent Scan Root Regions 16.181ms
[2024-12-17T07:26:39.943+0700][gc,marking  ] GC(264) Concurrent Mark
[2024-12-17T07:26:39.943+0700][gc,marking  ] GC(264) Concurrent Mark From Roots
[2024-12-17T07:26:39.943+0700][gc,task     ] GC(264) Using 1 workers of 1 for marking
[2024-12-17T07:26:40.056+0700][gc,marking  ] GC(264) Concurrent Mark From Roots 113.296ms
[2024-12-17T07:26:40.056+0700][gc,marking  ] GC(264) Concurrent Preclean
[2024-12-17T07:26:40.057+0700][gc,marking  ] GC(264) Concurrent Preclean 0.342ms
[2024-12-17T07:26:40.057+0700][gc,start    ] GC(264) Pause Remark
[2024-12-17T07:26:40.095+0700][gc,mmu      ] GC(264) MMU target violated: 21.0ms (20.0ms/21.0ms)
[2024-12-17T07:26:40.095+0700][gc          ] GC(264) Pause Remark 366M->282M(1024M) 37.806ms
[2024-12-17T07:26:40.095+0700][gc,cpu      ] GC(264) User=0.06s Sys=0.00s Real=0.03s
[2024-12-17T07:26:40.095+0700][gc,marking  ] GC(264) Concurrent Mark 152.032ms
[2024-12-17T07:26:40.095+0700][gc,marking  ] GC(264) Concurrent Rebuild Remembered Sets
[2024-12-17T07:26:40.121+0700][gc,marking  ] GC(264) Concurrent Rebuild Remembered Sets 25.910ms
[2024-12-17T07:26:40.121+0700][gc,start    ] GC(264) Pause Cleanup
[2024-12-17T07:26:40.121+0700][gc          ] GC(264) Pause Cleanup 282M->282M(1024M) 0.401ms
[2024-12-17T07:26:40.121+0700][gc,cpu      ] GC(264) User=0.00s Sys=0.00s Real=0.00s
[2024-12-17T07:26:40.122+0700][gc,marking  ] GC(264) Concurrent Cleanup for Next Mark
[2024-12-17T07:26:40.139+0700][gc,marking  ] GC(264) Concurrent Cleanup for Next Mark 17.571ms
[2024-12-17T07:26:40.139+0700][gc          ] GC(264) Concurrent Mark Cycle 213.084ms
[2024-12-17T07:28:18.442+0700][gc,start    ] GC(265) Pause Young (Prepare Mixed) (G1 Evacuation Pause)
[2024-12-17T07:28:18.443+0700][gc,task     ] GC(265) Using 2 workers of 2 for evacuation
[2024-12-17T07:28:18.506+0700][gc,mmu      ] GC(265) MMU target violated: 21.0ms (20.0ms/21.0ms)
[2024-12-17T07:28:18.506+0700][gc,phases   ] GC(265)   Pre Evacuate Collection Set: 2.8ms
[2024-12-17T07:28:18.506+0700][gc,phases   ] GC(265)   Merge Heap Roots: 0.7ms
[2024-12-17T07:28:18.506+0700][gc,phases   ] GC(265)   Evacuate Collection Set: 55.2ms
[2024-12-17T07:28:18.506+0700][gc,phases   ] GC(265)   Post Evacuate Collection Set: 3.5ms
[2024-12-17T07:28:18.506+0700][gc,phases   ] GC(265)   Other: 1.2ms
[2024-12-17T07:28:18.506+0700][gc,heap     ] GC(265) Eden regions: 45->0(46)
[2024-12-17T07:28:18.506+0700][gc,heap     ] GC(265) Survivor regions: 6->5(7)
[2024-12-17T07:28:18.506+0700][gc,heap     ] GC(265) Old regions: 147->151
[2024-12-17T07:28:18.506+0700][gc,heap     ] GC(265) Archive regions: 2->2
[2024-12-17T07:28:18.506+0700][gc,heap     ] GC(265) Humongous regions: 129->129
[2024-12-17T07:28:18.506+0700][gc,metaspace] GC(265) Metaspace: 45452K(46080K)->45452K(46080K) NonClass: 40227K(40576K)->40227K(40576K) Class: 5225K(5504K)->5225K(5504K)
[2024-12-17T07:28:18.506+0700][gc          ] GC(265) Pause Young (Prepare Mixed) (G1 Evacuation Pause) 327M->285M(1024M) 63.587ms
[2024-12-17T07:28:18.506+0700][gc,cpu      ] GC(265) User=0.11s Sys=0.00s Real=0.07s
[2024-12-17T07:29:57.922+0700][gc,start    ] GC(266) Pause Young (Mixed) (G1 Evacuation Pause)
[2024-12-17T07:29:57.923+0700][gc,task     ] GC(266) Using 2 workers of 2 for evacuation
[2024-12-17T07:29:57.962+0700][gc,mmu      ] GC(266) MMU target violated: 21.0ms (20.0ms/21.0ms)
[2024-12-17T07:29:57.962+0700][gc,phases   ] GC(266)   Pre Evacuate Collection Set: 2.5ms
[2024-12-17T07:29:57.962+0700][gc,phases   ] GC(266)   Merge Heap Roots: 0.9ms
[2024-12-17T07:29:57.962+0700][gc,phases   ] GC(266)   Evacuate Collection Set: 32.8ms
[2024-12-17T07:29:57.962+0700][gc,phases   ] GC(266)   Post Evacuate Collection Set: 2.6ms
[2024-12-17T07:29:57.962+0700][gc,phases   ] GC(266)   Other: 1.1ms
[2024-12-17T07:29:57.962+0700][gc,heap     ] GC(266) Eden regions: 46->0(47)
[2024-12-17T07:29:57.962+0700][gc,heap     ] GC(266) Survivor regions: 5->4(7)
[2024-12-17T07:29:57.962+0700][gc,heap     ] GC(266) Old regions: 151->143
[2024-12-17T07:29:57.962+0700][gc,heap     ] GC(266) Archive regions: 2->2
[2024-12-17T07:29:57.962+0700][gc,heap     ] GC(266) Humongous regions: 129->129
[2024-12-17T07:29:57.962+0700][gc,metaspace] GC(266) Metaspace: 45452K(46080K)->45452K(46080K) NonClass: 40227K(40576K)->40227K(40576K) Class: 5225K(5504K)->5225K(5504K)
[2024-12-17T07:29:57.962+0700][gc          ] GC(266) Pause Young (Mixed) (G1 Evacuation Pause) 331M->276M(1024M) 39.785ms
[2024-12-17T07:29:57.962+0700][gc,cpu      ] GC(266) User=0.08s Sys=0.00s Real=0.04s
[2024-12-17T07:31:39.850+0700][gc,start    ] GC(267) Pause Young (Mixed) (G1 Evacuation Pause)
[2024-12-17T07:31:39.851+0700][gc,task     ] GC(267) Using 2 workers of 2 for evacuation
[2024-12-17T07:31:39.928+0700][gc,mmu      ] GC(267) MMU target violated: 21.0ms (20.0ms/21.0ms)
[2024-12-17T07:31:39.928+0700][gc,phases   ] GC(267)   Pre Evacuate Collection Set: 5.8ms
[2024-12-17T07:31:39.928+0700][gc,phases   ] GC(267)   Merge Heap Roots: 1.1ms
[2024-12-17T07:31:39.928+0700][gc,phases   ] GC(267)   Evacuate Collection Set: 63.6ms
[2024-12-17T07:31:39.928+0700][gc,phases   ] GC(267)   Post Evacuate Collection Set: 5.3ms
[2024-12-17T07:31:39.928+0700][gc,phases   ] GC(267)   Other: 3.0ms
[2024-12-17T07:31:39.928+0700][gc,heap     ] GC(267) Eden regions: 47->0(44)
[2024-12-17T07:31:39.929+0700][gc,heap     ] GC(267) Survivor regions: 4->7(7)
[2024-12-17T07:31:39.929+0700][gc,heap     ] GC(267) Old regions: 143->133
[2024-12-17T07:31:39.929+0700][gc,heap     ] GC(267) Archive regions: 2->2
[2024-12-17T07:31:39.929+0700][gc,heap     ] GC(267) Humongous regions: 129->129
[2024-12-17T07:31:39.929+0700][gc,metaspace] GC(267) Metaspace: 45452K(46080K)->45452K(46080K) NonClass: 40227K(40576K)->40227K(40576K) Class: 5225K(5504K)->5225K(5504K)
[2024-12-17T07:31:39.929+0700][gc          ] GC(267) Pause Young (Mixed) (G1 Evacuation Pause) 323M->269M(1024M) 78.621ms
[2024-12-17T07:31:39.929+0700][gc,cpu      ] GC(267) User=0.14s Sys=0.00s Real=0.08s
[2024-12-17T07:33:15.504+0700][gc,start    ] GC(268) Pause Young (Mixed) (G1 Evacuation Pause)
[2024-12-17T07:33:15.504+0700][gc,task     ] GC(268) Using 2 workers of 2 for evacuation
[2024-12-17T07:33:15.557+0700][gc,mmu      ] GC(268) MMU target violated: 21.0ms (20.0ms/21.0ms)
[2024-12-17T07:33:15.558+0700][gc,phases   ] GC(268)   Pre Evacuate Collection Set: 4.7ms
[2024-12-17T07:33:15.558+0700][gc,phases   ] GC(268)   Merge Heap Roots: 0.9ms
[2024-12-17T07:33:15.558+0700][gc,phases   ] GC(268)   Evacuate Collection Set: 42.7ms
[2024-12-17T07:33:15.558+0700][gc,phases   ] GC(268)   Post Evacuate Collection Set: 4.2ms
[2024-12-17T07:33:15.558+0700][gc,phases   ] GC(268)   Other: 1.8ms
[2024-12-17T07:33:15.558+0700][gc,heap     ] GC(268) Eden regions: 44->0(48)
[2024-12-17T07:33:15.558+0700][gc,heap     ] GC(268) Survivor regions: 7->3(7)
[2024-12-17T07:33:15.558+0700][gc,heap     ] GC(268) Old regions: 133->128
[2024-12-17T07:33:15.558+0700][gc,heap     ] GC(268) Archive regions: 2->2
[2024-12-17T07:33:15.558+0700][gc,heap     ] GC(268) Humongous regions: 129->129
[2024-12-17T07:33:15.558+0700][gc,metaspace] GC(268) Metaspace: 45452K(46080K)->45452K(46080K) NonClass: 40227K(40576K)->40227K(40576K) Class: 5225K(5504K)->5225K(5504K)
[2024-12-17T07:33:15.558+0700][gc          ] GC(268) Pause Young (Mixed) (G1 Evacuation Pause) 313M->259M(1024M) 53.976ms
[2024-12-17T07:33:15.558+0700][gc,cpu      ] GC(268) User=0.10s Sys=0.00s Real=0.06s
[2024-12-17T07:35:00.044+0700][gc,start    ] GC(269) Pause Young (Mixed) (G1 Evacuation Pause)
[2024-12-17T07:35:00.044+0700][gc,task     ] GC(269) Using 2 workers of 2 for evacuation
[2024-12-17T07:35:00.097+0700][gc,mmu      ] GC(269) MMU target violated: 21.0ms (20.0ms/21.0ms)
[2024-12-17T07:35:00.097+0700][gc,phases   ] GC(269)   Pre Evacuate Collection Set: 5.1ms
[2024-12-17T07:35:00.097+0700][gc,phases   ] GC(269)   Merge Heap Roots: 1.3ms
[2024-12-17T07:35:00.097+0700][gc,phases   ] GC(269)   Evacuate Collection Set: 41.3ms
[2024-12-17T07:35:00.097+0700][gc,phases   ] GC(269)   Post Evacuate Collection Set: 4.4ms
[2024-12-17T07:35:00.097+0700][gc,phases   ] GC(269)   Other: 1.8ms
[2024-12-17T07:35:00.097+0700][gc,heap     ] GC(269) Eden regions: 48->0(45)
[2024-12-17T07:35:00.097+0700][gc,heap     ] GC(269) Survivor regions: 3->6(7)
[2024-12-17T07:35:00.097+0700][gc,heap     ] GC(269) Old regions: 128->118
[2024-12-17T07:35:00.097+0700][gc,heap     ] GC(269) Archive regions: 2->2
[2024-12-17T07:35:00.097+0700][gc,heap     ] GC(269) Humongous regions: 129->129
[2024-12-17T07:35:00.097+0700][gc,metaspace] GC(269) Metaspace: 45452K(46080K)->45452K(46080K) NonClass: 40227K(40576K)->40227K(40576K) Class: 5225K(5504K)->5225K(5504K)
[2024-12-17T07:35:00.097+0700][gc          ] GC(269) Pause Young (Mixed) (G1 Evacuation Pause) 307M->253M(1024M) 53.917ms
[2024-12-17T07:35:00.097+0700][gc,cpu      ] GC(269) User=0.10s Sys=0.00s Real=0.06s
[2024-12-17T07:36:37.654+0700][gc,start    ] GC(270) Pause Young (Mixed) (G1 Evacuation Pause)
[2024-12-17T07:36:37.655+0700][gc,task     ] GC(270) Using 2 workers of 2 for evacuation
[2024-12-17T07:36:37.720+0700][gc,mmu      ] GC(270) MMU target violated: 21.0ms (20.0ms/21.0ms)
[2024-12-17T07:36:37.720+0700][gc,phases   ] GC(270)   Pre Evacuate Collection Set: 2.1ms
[2024-12-17T07:36:37.720+0700][gc,phases   ] GC(270)   Merge Heap Roots: 0.9ms
[2024-12-17T07:36:37.720+0700][gc,phases   ] GC(270)   Evacuate Collection Set: 58.6ms
[2024-12-17T07:36:37.720+0700][gc,phases   ] GC(270)   Post Evacuate Collection Set: 3.5ms
[2024-12-17T07:36:37.720+0700][gc,phases   ] GC(270)   Other: 1.0ms
[2024-12-17T07:36:37.720+0700][gc,heap     ] GC(270) Eden regions: 45->0(46)
[2024-12-17T07:36:37.720+0700][gc,heap     ] GC(270) Survivor regions: 6->5(7)
[2024-12-17T07:36:37.720+0700][gc,heap     ] GC(270) Old regions: 118->113
[2024-12-17T07:36:37.721+0700][gc,heap     ] GC(270) Archive regions: 2->2
[2024-12-17T07:36:37.721+0700][gc,heap     ] GC(270) Humongous regions: 129->129
[2024-12-17T07:36:37.721+0700][gc,metaspace] GC(270) Metaspace: 45452K(46080K)->45452K(46080K) NonClass: 40227K(40576K)->40227K(40576K) Class: 5225K(5504K)->5225K(5504K)
[2024-12-17T07:36:37.721+0700][gc          ] GC(270) Pause Young (Mixed) (G1 Evacuation Pause) 298M->247M(1024M) 66.137ms
[2024-12-17T07:36:37.721+0700][gc,cpu      ] GC(270) User=0.12s Sys=0.00s Real=0.07s
[2024-12-17T07:38:18.094+0700][gc,start    ] GC(271) Pause Young (Mixed) (G1 Evacuation Pause)
[2024-12-17T07:38:18.094+0700][gc,task     ] GC(271) Using 2 workers of 2 for evacuation
[2024-12-17T07:38:18.130+0700][gc,mmu      ] GC(271) MMU target violated: 21.0ms (20.0ms/21.0ms)
[2024-12-17T07:38:18.130+0700][gc,phases   ] GC(271)   Pre Evacuate Collection Set: 2.6ms
[2024-12-17T07:38:18.130+0700][gc,phases   ] GC(271)   Merge Heap Roots: 0.7ms
[2024-12-17T07:38:18.130+0700][gc,phases   ] GC(271)   Evacuate Collection Set: 30.1ms
[2024-12-17T07:38:18.130+0700][gc,phases   ] GC(271)   Post Evacuate Collection Set: 2.3ms
[2024-12-17T07:38:18.130+0700][gc,phases   ] GC(271)   Other: 1.1ms
[2024-12-17T07:38:18.130+0700][gc,heap     ] GC(271) Eden regions: 46->0(48)
[2024-12-17T07:38:18.130+0700][gc,heap     ] GC(271) Survivor regions: 5->3(7)
[2024-12-17T07:38:18.130+0700][gc,heap     ] GC(271) Old regions: 113->105
[2024-12-17T07:38:18.130+0700][gc,heap     ] GC(271) Archive regions: 2->2
[2024-12-17T07:38:18.130+0700][gc,heap     ] GC(271) Humongous regions: 129->129
[2024-12-17T07:38:18.130+0700][gc,metaspace] GC(271) Metaspace: 45452K(46080K)->45452K(46080K) NonClass: 40227K(40576K)->40227K(40576K) Class: 5225K(5504K)->5225K(5504K)
[2024-12-17T07:38:18.131+0700][gc          ] GC(271) Pause Young (Mixed) (G1 Evacuation Pause) 293M->237M(1024M) 36.873ms
[2024-12-17T07:38:18.131+0700][gc,cpu      ] GC(271) User=0.07s Sys=0.00s Real=0.04s
[2024-12-17T07:40:02.576+0700][gc,start    ] GC(272) Pause Young (Mixed) (G1 Evacuation Pause)
[2024-12-17T07:40:02.576+0700][gc,task     ] GC(272) Using 2 workers of 2 for evacuation
[2024-12-17T07:40:02.624+0700][gc,mmu      ] GC(272) MMU target violated: 21.0ms (20.0ms/21.0ms)
[2024-12-17T07:40:02.625+0700][gc,phases   ] GC(272)   Pre Evacuate Collection Set: 2.7ms
[2024-12-17T07:40:02.625+0700][gc,phases   ] GC(272)   Merge Heap Roots: 0.7ms
[2024-12-17T07:40:02.625+0700][gc,phases   ] GC(272)   Evacuate Collection Set: 42.4ms
[2024-12-17T07:40:02.625+0700][gc,phases   ] GC(272)   Post Evacuate Collection Set: 2.2ms
[2024-12-17T07:40:02.625+0700][gc,phases   ] GC(272)   Other: 1.0ms
[2024-12-17T07:40:02.625+0700][gc,heap     ] GC(272) Eden regions: 48->0(44)
[2024-12-17T07:40:02.625+0700][gc,heap     ] GC(272) Survivor regions: 3->7(7)
[2024-12-17T07:40:02.625+0700][gc,heap     ] GC(272) Old regions: 105->95
[2024-12-17T07:40:02.625+0700][gc,heap     ] GC(272) Archive regions: 2->2
[2024-12-17T07:40:02.625+0700][gc,heap     ] GC(272) Humongous regions: 129->129
[2024-12-17T07:40:02.625+0700][gc,metaspace] GC(272) Metaspace: 45452K(46080K)->45452K(46080K) NonClass: 40227K(40576K)->40227K(40576K) Class: 5225K(5504K)->5225K(5504K)
[2024-12-17T07:40:02.625+0700][gc          ] GC(272) Pause Young (Mixed) (G1 Evacuation Pause) 285M->231M(1024M) 49.045ms
[2024-12-17T07:40:02.625+0700][gc,cpu      ] GC(272) User=0.10s Sys=0.00s Real=0.06s
[2024-12-17T07:41:37.028+0700][gc,start    ] GC(273) Pause Young (Mixed) (G1 Evacuation Pause)
[2024-12-17T07:41:37.028+0700][gc,task     ] GC(273) Using 2 workers of 2 for evacuation
[2024-12-17T07:41:37.085+0700][gc,mmu      ] GC(273) MMU target violated: 21.0ms (20.0ms/21.0ms)
[2024-12-17T07:41:37.085+0700][gc,phases   ] GC(273)   Pre Evacuate Collection Set: 2.7ms
[2024-12-17T07:41:37.085+0700][gc,phases   ] GC(273)   Merge Heap Roots: 0.8ms
[2024-12-17T07:41:37.085+0700][gc,phases   ] GC(273)   Evacuate Collection Set: 48.8ms
[2024-12-17T07:41:37.085+0700][gc,phases   ] GC(273)   Post Evacuate Collection Set: 3.7ms
[2024-12-17T07:41:37.085+0700][gc,phases   ] GC(273)   Other: 1.4ms
[2024-12-17T07:41:37.086+0700][gc,heap     ] GC(273) Eden regions: 44->0(48)
[2024-12-17T07:41:37.086+0700][gc,heap     ] GC(273) Survivor regions: 7->3(7)
[2024-12-17T07:41:37.086+0700][gc,heap     ] GC(273) Old regions: 95->95
[2024-12-17T07:41:37.086+0700][gc,heap     ] GC(273) Archive regions: 2->2
[2024-12-17T07:41:37.086+0700][gc,heap     ] GC(273) Humongous regions: 129->129
[2024-12-17T07:41:37.086+0700][gc,metaspace] GC(273) Metaspace: 45452K(46080K)->45452K(46080K) NonClass: 40227K(40576K)->40227K(40576K) Class: 5225K(5504K)->5225K(5504K)
[2024-12-17T07:41:37.086+0700][gc          ] GC(273) Pause Young (Mixed) (G1 Evacuation Pause) 275M->226M(1024M) 57.505ms
[2024-12-17T07:41:37.086+0700][gc,cpu      ] GC(273) User=0.10s Sys=0.00s Real=0.06s
[2024-12-17T07:43:21.205+0700][gc,start    ] GC(274) Pause Young (Normal) (G1 Evacuation Pause)
[2024-12-17T07:43:21.206+0700][gc,task     ] GC(274) Using 2 workers of 2 for evacuation
[2024-12-17T07:43:21.316+0700][gc,mmu      ] GC(274) MMU target violated: 21.0ms (20.0ms/21.0ms)
[2024-12-17T07:43:21.316+0700][gc,phases   ] GC(274)   Pre Evacuate Collection Set: 9.6ms
[2024-12-17T07:43:21.316+0700][gc,phases   ] GC(274)   Merge Heap Roots: 1.8ms
[2024-12-17T07:43:21.316+0700][gc,phases   ] GC(274)   Evacuate Collection Set: 89.9ms
[2024-12-17T07:43:21.316+0700][gc,phases   ] GC(274)   Post Evacuate Collection Set: 7.0ms
[2024-12-17T07:43:21.316+0700][gc,phases   ] GC(274)   Other: 4.5ms
[2024-12-17T07:43:21.316+0700][gc,heap     ] GC(274) Eden regions: 48->0(45)
[2024-12-17T07:43:21.316+0700][gc,heap     ] GC(274) Survivor regions: 3->6(7)
[2024-12-17T07:43:21.316+0700][gc,heap     ] GC(274) Old regions: 95->95
[2024-12-17T07:43:21.316+0700][gc,heap     ] GC(274) Archive regions: 2->2
[2024-12-17T07:43:21.316+0700][gc,heap     ] GC(274) Humongous regions: 129->129
[2024-12-17T07:43:21.316+0700][gc,metaspace] GC(274) Metaspace: 45452K(46080K)->45452K(46080K) NonClass: 40227K(40576K)->40227K(40576K) Class: 5225K(5504K)->5225K(5504K)
[2024-12-17T07:43:21.317+0700][gc          ] GC(274) Pause Young (Normal) (G1 Evacuation Pause) 274M->229M(1024M) 111.351ms
[2024-12-17T07:43:21.317+0700][gc,cpu      ] GC(274) User=0.22s Sys=0.00s Real=0.11s
[2024-12-17T07:44:59.172+0700][gc,start    ] GC(275) Pause Young (Normal) (G1 Evacuation Pause)
[2024-12-17T07:44:59.173+0700][gc,task     ] GC(275) Using 2 workers of 2 for evacuation
[2024-12-17T07:44:59.273+0700][gc,mmu      ] GC(275) MMU target violated: 21.0ms (20.0ms/21.0ms)
[2024-12-17T07:44:59.274+0700][gc,phases   ] GC(275)   Pre Evacuate Collection Set: 8.2ms
[2024-12-17T07:44:59.274+0700][gc,phases   ] GC(275)   Merge Heap Roots: 2.1ms
[2024-12-17T07:44:59.274+0700][gc,phases   ] GC(275)   Evacuate Collection Set: 81.9ms
[2024-12-17T07:44:59.274+0700][gc,phases   ] GC(275)   Post Evacuate Collection Set: 7.7ms
[2024-12-17T07:44:59.274+0700][gc,phases   ] GC(275)   Other: 2.0ms
[2024-12-17T07:44:59.274+0700][gc,heap     ] GC(275) Eden regions: 45->0(46)
[2024-12-17T07:44:59.274+0700][gc,heap     ] GC(275) Survivor regions: 6->5(7)
[2024-12-17T07:44:59.274+0700][gc,heap     ] GC(275) Old regions: 95->99
[2024-12-17T07:44:59.274+0700][gc,heap     ] GC(275) Archive regions: 2->2
[2024-12-17T07:44:59.274+0700][gc,heap     ] GC(275) Humongous regions: 129->129
[2024-12-17T07:44:59.274+0700][gc,metaspace] GC(275) Metaspace: 45452K(46080K)->45452K(46080K) NonClass: 40227K(40576K)->40227K(40576K) Class: 5225K(5504K)->5225K(5504K)
[2024-12-17T07:44:59.274+0700][gc          ] GC(275) Pause Young (Normal) (G1 Evacuation Pause) 274M->232M(1024M) 101.852ms
[2024-12-17T07:44:59.274+0700][gc,cpu      ] GC(275) User=0.19s Sys=0.00s Real=0.10s
[2024-12-17T07:46:38.657+0700][gc,start    ] GC(276) Pause Young (Normal) (G1 Evacuation Pause)
[2024-12-17T07:46:38.657+0700][gc,task     ] GC(276) Using 2 workers of 2 for evacuation
[2024-12-17T07:46:38.703+0700][gc,mmu      ] GC(276) MMU target violated: 21.0ms (20.0ms/21.0ms)
[2024-12-17T07:46:38.703+0700][gc,phases   ] GC(276)   Pre Evacuate Collection Set: 3.4ms
[2024-12-17T07:46:38.703+0700][gc,phases   ] GC(276)   Merge Heap Roots: 1.1ms
[2024-12-17T07:46:38.703+0700][gc,phases   ] GC(276)   Evacuate Collection Set: 35.8ms
[2024-12-17T07:46:38.703+0700][gc,phases   ] GC(276)   Post Evacuate Collection Set: 4.4ms
[2024-12-17T07:46:38.703+0700][gc,phases   ] GC(276)   Other: 1.3ms
[2024-12-17T07:46:38.703+0700][gc,heap     ] GC(276) Eden regions: 46->0(48)
[2024-12-17T07:46:38.703+0700][gc,heap     ] GC(276) Survivor regions: 5->3(7)
[2024-12-17T07:46:38.703+0700][gc,heap     ] GC(276) Old regions: 99->101
[2024-12-17T07:46:38.703+0700][gc,heap     ] GC(276) Archive regions: 2->2
[2024-12-17T07:46:38.703+0700][gc,heap     ] GC(276) Humongous regions: 129->129
[2024-12-17T07:46:38.703+0700][gc,metaspace] GC(276) Metaspace: 45452K(46080K)->45452K(46080K) NonClass: 40227K(40576K)->40227K(40576K) Class: 5225K(5504K)->5225K(5504K)
[2024-12-17T07:46:38.703+0700][gc          ] GC(276) Pause Young (Normal) (G1 Evacuation Pause) 278M->233M(1024M) 46.070ms
[2024-12-17T07:46:38.703+0700][gc,cpu      ] GC(276) User=0.08s Sys=0.00s Real=0.04s
[2024-12-17T07:48:23.437+0700][gc,start    ] GC(277) Pause Young (Normal) (G1 Evacuation Pause)
[2024-12-17T07:48:23.437+0700][gc,task     ] GC(277) Using 2 workers of 2 for evacuation
[2024-12-17T07:48:23.493+0700][gc,mmu      ] GC(277) MMU target violated: 21.0ms (20.0ms/21.0ms)
[2024-12-17T07:48:23.493+0700][gc,phases   ] GC(277)   Pre Evacuate Collection Set: 2.8ms
[2024-12-17T07:48:23.493+0700][gc,phases   ] GC(277)   Merge Heap Roots: 1.1ms
[2024-12-17T07:48:23.493+0700][gc,phases   ] GC(277)   Evacuate Collection Set: 48.8ms
[2024-12-17T07:48:23.493+0700][gc,phases   ] GC(277)   Post Evacuate Collection Set: 2.5ms
[2024-12-17T07:48:23.493+0700][gc,phases   ] GC(277)   Other: 1.3ms
[2024-12-17T07:48:23.493+0700][gc,heap     ] GC(277) Eden regions: 48->0(44)
[2024-12-17T07:48:23.493+0700][gc,heap     ] GC(277) Survivor regions: 3->7(7)
[2024-12-17T07:48:23.493+0700][gc,heap     ] GC(277) Old regions: 101->101
[2024-12-17T07:48:23.493+0700][gc,heap     ] GC(277) Archive regions: 2->2
[2024-12-17T07:48:23.493+0700][gc,heap     ] GC(277) Humongous regions: 129->129
[2024-12-17T07:48:23.493+0700][gc,metaspace] GC(277) Metaspace: 45452K(46080K)->45452K(46080K) NonClass: 40227K(40576K)->40227K(40576K) Class: 5225K(5504K)->5225K(5504K)
[2024-12-17T07:48:23.493+0700][gc          ] GC(277) Pause Young (Normal) (G1 Evacuation Pause) 281M->236M(1024M) 56.610ms
[2024-12-17T07:48:23.494+0700][gc,cpu      ] GC(277) User=0.11s Sys=0.00s Real=0.05s
[2024-12-17T07:49:58.974+0700][gc,start    ] GC(278) Pause Young (Normal) (G1 Evacuation Pause)
[2024-12-17T07:49:58.974+0700][gc,task     ] GC(278) Using 2 workers of 2 for evacuation
[2024-12-17T07:49:59.035+0700][gc,mmu      ] GC(278) MMU target violated: 21.0ms (20.0ms/21.0ms)
[2024-12-17T07:49:59.035+0700][gc,phases   ] GC(278)   Pre Evacuate Collection Set: 3.5ms
[2024-12-17T07:49:59.035+0700][gc,phases   ] GC(278)   Merge Heap Roots: 1.0ms
[2024-12-17T07:49:59.035+0700][gc,phases   ] GC(278)   Evacuate Collection Set: 53.3ms
[2024-12-17T07:49:59.035+0700][gc,phases   ] GC(278)   Post Evacuate Collection Set: 2.4ms
[2024-12-17T07:49:59.035+0700][gc,phases   ] GC(278)   Other: 1.5ms
[2024-12-17T07:49:59.035+0700][gc,heap     ] GC(278) Eden regions: 44->0(45)
[2024-12-17T07:49:59.035+0700][gc,heap     ] GC(278) Survivor regions: 7->6(7)
[2024-12-17T07:49:59.035+0700][gc,heap     ] GC(278) Old regions: 101->105
[2024-12-17T07:49:59.035+0700][gc,heap     ] GC(278) Archive regions: 2->2
[2024-12-17T07:49:59.035+0700][gc,heap     ] GC(278) Humongous regions: 129->129
[2024-12-17T07:49:59.035+0700][gc,metaspace] GC(278) Metaspace: 45452K(46080K)->45452K(46080K) NonClass: 40227K(40576K)->40227K(40576K) Class: 5225K(5504K)->5225K(5504K)
[2024-12-17T07:49:59.035+0700][gc          ] GC(278) Pause Young (Normal) (G1 Evacuation Pause) 280M->240M(1024M) 61.610ms
[2024-12-17T07:49:59.035+0700][gc,cpu      ] GC(278) User=0.12s Sys=0.00s Real=0.06s
[2024-12-17T07:51:36.117+0700][gc,start    ] GC(279) Pause Young (Normal) (G1 Evacuation Pause)
[2024-12-17T07:51:36.117+0700][gc,task     ] GC(279) Using 2 workers of 2 for evacuation
[2024-12-17T07:51:36.161+0700][gc,mmu      ] GC(279) MMU target violated: 21.0ms (20.0ms/21.0ms)
[2024-12-17T07:51:36.161+0700][gc,phases   ] GC(279)   Pre Evacuate Collection Set: 4.0ms
[2024-12-17T07:51:36.161+0700][gc,phases   ] GC(279)   Merge Heap Roots: 1.1ms
[2024-12-17T07:51:36.161+0700][gc,phases   ] GC(279)   Evacuate Collection Set: 35.4ms
[2024-12-17T07:51:36.161+0700][gc,phases   ] GC(279)   Post Evacuate Collection Set: 3.1ms
[2024-12-17T07:51:36.161+0700][gc,phases   ] GC(279)   Other: 1.1ms
[2024-12-17T07:51:36.161+0700][gc,heap     ] GC(279) Eden regions: 45->0(47)
[2024-12-17T07:51:36.161+0700][gc,heap     ] GC(279) Survivor regions: 6->4(7)
[2024-12-17T07:51:36.161+0700][gc,heap     ] GC(279) Old regions: 105->108
[2024-12-17T07:51:36.161+0700][gc,heap     ] GC(279) Archive regions: 2->2
[2024-12-17T07:51:36.161+0700][gc,heap     ] GC(279) Humongous regions: 129->129
[2024-12-17T07:51:36.161+0700][gc,metaspace] GC(279) Metaspace: 45452K(46080K)->45452K(46080K) NonClass: 40227K(40576K)->40227K(40576K) Class: 5225K(5504K)->5225K(5504K)
[2024-12-17T07:51:36.162+0700][gc          ] GC(279) Pause Young (Normal) (G1 Evacuation Pause) 285M->240M(1024M) 44.785ms
[2024-12-17T07:51:36.162+0700][gc,cpu      ] GC(279) User=0.08s Sys=0.00s Real=0.04s
[2024-12-17T07:53:19.357+0700][gc,start    ] GC(280) Pause Young (Normal) (G1 Evacuation Pause)
[2024-12-17T07:53:19.358+0700][gc,task     ] GC(280) Using 2 workers of 2 for evacuation
[2024-12-17T07:53:19.409+0700][gc,mmu      ] GC(280) MMU target violated: 21.0ms (20.0ms/21.0ms)
[2024-12-17T07:53:19.409+0700][gc,phases   ] GC(280)   Pre Evacuate Collection Set: 3.6ms
[2024-12-17T07:53:19.409+0700][gc,phases   ] GC(280)   Merge Heap Roots: 0.7ms
[2024-12-17T07:53:19.409+0700][gc,phases   ] GC(280)   Evacuate Collection Set: 43.0ms
[2024-12-17T07:53:19.409+0700][gc,phases   ] GC(280)   Post Evacuate Collection Set: 3.3ms
[2024-12-17T07:53:19.409+0700][gc,phases   ] GC(280)   Other: 1.4ms
[2024-12-17T07:53:19.409+0700][gc,heap     ] GC(280) Eden regions: 47->0(44)
[2024-12-17T07:53:19.409+0700][gc,heap     ] GC(280) Survivor regions: 4->7(7)
[2024-12-17T07:53:19.409+0700][gc,heap     ] GC(280) Old regions: 108->108
[2024-12-17T07:53:19.409+0700][gc,heap     ] GC(280) Archive regions: 2->2
[2024-12-17T07:53:19.409+0700][gc,heap     ] GC(280) Humongous regions: 129->129
[2024-12-17T07:53:19.409+0700][gc,metaspace] GC(280) Metaspace: 45452K(46080K)->45452K(46080K) NonClass: 40227K(40576K)->40227K(40576K) Class: 5225K(5504K)->5225K(5504K)
[2024-12-17T07:53:19.409+0700][gc          ] GC(280) Pause Young (Normal) (G1 Evacuation Pause) 287M->243M(1024M) 52.005ms
[2024-12-17T07:53:19.409+0700][gc,cpu      ] GC(280) User=0.09s Sys=0.00s Real=0.05s
[2024-12-17T07:54:54.171+0700][gc,start    ] GC(281) Pause Young (Normal) (G1 Evacuation Pause)
[2024-12-17T07:54:54.172+0700][gc,task     ] GC(281) Using 2 workers of 2 for evacuation
[2024-12-17T07:54:54.224+0700][gc,mmu      ] GC(281) MMU target violated: 21.0ms (20.0ms/21.0ms)
[2024-12-17T07:54:54.224+0700][gc,phases   ] GC(281)   Pre Evacuate Collection Set: 2.6ms
[2024-12-17T07:54:54.224+0700][gc,phases   ] GC(281)   Merge Heap Roots: 0.6ms
[2024-12-17T07:54:54.224+0700][gc,phases   ] GC(281)   Evacuate Collection Set: 45.0ms
[2024-12-17T07:54:54.224+0700][gc,phases   ] GC(281)   Post Evacuate Collection Set: 3.6ms
[2024-12-17T07:54:54.224+0700][gc,phases   ] GC(281)   Other: 1.5ms
[2024-12-17T07:54:54.224+0700][gc,heap     ] GC(281) Eden regions: 44->0(48)
[2024-12-17T07:54:54.224+0700][gc,heap     ] GC(281) Survivor regions: 7->3(7)
[2024-12-17T07:54:54.225+0700][gc,heap     ] GC(281) Old regions: 108->112
[2024-12-17T07:54:54.225+0700][gc,heap     ] GC(281) Archive regions: 2->2
[2024-12-17T07:54:54.225+0700][gc,heap     ] GC(281) Humongous regions: 129->129
[2024-12-17T07:54:54.225+0700][gc,metaspace] GC(281) Metaspace: 45452K(46080K)->45452K(46080K) NonClass: 40227K(40576K)->40227K(40576K) Class: 5225K(5504K)->5225K(5504K)
[2024-12-17T07:54:54.225+0700][gc          ] GC(281) Pause Young (Normal) (G1 Evacuation Pause) 287M->244M(1024M) 53.396ms
[2024-12-17T07:54:54.225+0700][gc,cpu      ] GC(281) User=0.10s Sys=0.00s Real=0.06s
[2024-12-17T07:56:38.348+0700][gc,start    ] GC(282) Pause Young (Normal) (G1 Evacuation Pause)
[2024-12-17T07:56:38.349+0700][gc,task     ] GC(282) Using 2 workers of 2 for evacuation
[2024-12-17T07:56:38.397+0700][gc,mmu      ] GC(282) MMU target violated: 21.0ms (20.0ms/21.0ms)
[2024-12-17T07:56:38.398+0700][gc,phases   ] GC(282)   Pre Evacuate Collection Set: 4.1ms
[2024-12-17T07:56:38.398+0700][gc,phases   ] GC(282)   Merge Heap Roots: 1.0ms
[2024-12-17T07:56:38.398+0700][gc,phases   ] GC(282)   Evacuate Collection Set: 40.0ms
[2024-12-17T07:56:38.398+0700][gc,phases   ] GC(282)   Post Evacuate Collection Set: 3.4ms
[2024-12-17T07:56:38.398+0700][gc,phases   ] GC(282)   Other: 0.9ms
[2024-12-17T07:56:38.398+0700][gc,heap     ] GC(282) Eden regions: 48->0(45)
[2024-12-17T07:56:38.398+0700][gc,heap     ] GC(282) Survivor regions: 3->6(7)
[2024-12-17T07:56:38.398+0700][gc,heap     ] GC(282) Old regions: 112->112
[2024-12-17T07:56:38.398+0700][gc,heap     ] GC(282) Archive regions: 2->2
[2024-12-17T07:56:38.398+0700][gc,heap     ] GC(282) Humongous regions: 129->129
[2024-12-17T07:56:38.398+0700][gc,metaspace] GC(282) Metaspace: 45452K(46080K)->45452K(46080K) NonClass: 40227K(40576K)->40227K(40576K) Class: 5225K(5504K)->5225K(5504K)
[2024-12-17T07:56:38.398+0700][gc          ] GC(282) Pause Young (Normal) (G1 Evacuation Pause) 292M->247M(1024M) 49.411ms
[2024-12-17T07:56:38.398+0700][gc,cpu      ] GC(282) User=0.09s Sys=0.00s Real=0.05s
[2024-12-17T07:58:16.872+0700][gc,start    ] GC(283) Pause Young (Normal) (G1 Evacuation Pause)
[2024-12-17T07:58:16.872+0700][gc,task     ] GC(283) Using 2 workers of 2 for evacuation
[2024-12-17T07:58:16.934+0700][gc,mmu      ] GC(283) MMU target violated: 21.0ms (20.0ms/21.0ms)
[2024-12-17T07:58:16.934+0700][gc,phases   ] GC(283)   Pre Evacuate Collection Set: 2.4ms
[2024-12-17T07:58:16.934+0700][gc,phases   ] GC(283)   Merge Heap Roots: 0.6ms
[2024-12-17T07:58:16.934+0700][gc,phases   ] GC(283)   Evacuate Collection Set: 55.3ms
[2024-12-17T07:58:16.934+0700][gc,phases   ] GC(283)   Post Evacuate Collection Set: 2.7ms
[2024-12-17T07:58:16.934+0700][gc,phases   ] GC(283)   Other: 1.4ms
[2024-12-17T07:58:16.934+0700][gc,heap     ] GC(283) Eden regions: 45->0(46)
[2024-12-17T07:58:16.934+0700][gc,heap     ] GC(283) Survivor regions: 6->5(7)
[2024-12-17T07:58:16.934+0700][gc,heap     ] GC(283) Old regions: 112->116
[2024-12-17T07:58:16.934+0700][gc,heap     ] GC(283) Archive regions: 2->2
[2024-12-17T07:58:16.934+0700][gc,heap     ] GC(283) Humongous regions: 129->129
[2024-12-17T07:58:16.934+0700][gc,metaspace] GC(283) Metaspace: 45452K(46080K)->45452K(46080K) NonClass: 40227K(40576K)->40227K(40576K) Class: 5225K(5504K)->5225K(5504K)
[2024-12-17T07:58:16.934+0700][gc          ] GC(283) Pause Young (Normal) (G1 Evacuation Pause) 292M->250M(1024M) 62.464ms
[2024-12-17T07:58:16.934+0700][gc,cpu      ] GC(283) User=0.12s Sys=0.00s Real=0.06s
[2024-12-17T07:59:55.436+0700][gc,start    ] GC(284) Pause Young (Normal) (G1 Evacuation Pause)
[2024-12-17T07:59:55.436+0700][gc,task     ] GC(284) Using 2 workers of 2 for evacuation
[2024-12-17T07:59:55.480+0700][gc,mmu      ] GC(284) MMU target violated: 21.0ms (20.0ms/21.0ms)
[2024-12-17T07:59:55.480+0700][gc,phases   ] GC(284)   Pre Evacuate Collection Set: 2.8ms
[2024-12-17T07:59:55.480+0700][gc,phases   ] GC(284)   Merge Heap Roots: 4.4ms
[2024-12-17T07:59:55.480+0700][gc,phases   ] GC(284)   Evacuate Collection Set: 32.9ms
[2024-12-17T07:59:55.480+0700][gc,phases   ] GC(284)   Post Evacuate Collection Set: 3.2ms
[2024-12-17T07:59:55.480+0700][gc,phases   ] GC(284)   Other: 1.3ms
[2024-12-17T07:59:55.480+0700][gc,heap     ] GC(284) Eden regions: 46->0(47)
[2024-12-17T07:59:55.480+0700][gc,heap     ] GC(284) Survivor regions: 5->4(7)
[2024-12-17T07:59:55.480+0700][gc,heap     ] GC(284) Old regions: 116->119
[2024-12-17T07:59:55.480+0700][gc,heap     ] GC(284) Archive regions: 2->2
[2024-12-17T07:59:55.480+0700][gc,heap     ] GC(284) Humongous regions: 129->129
[2024-12-17T07:59:55.480+0700][gc,metaspace] GC(284) Metaspace: 45452K(46080K)->45452K(46080K) NonClass: 40227K(40576K)->40227K(40576K) Class: 5225K(5504K)->5225K(5504K)
[2024-12-17T07:59:55.480+0700][gc          ] GC(284) Pause Young (Normal) (G1 Evacuation Pause) 296M->251M(1024M) 44.692ms
[2024-12-17T07:59:55.480+0700][gc,cpu      ] GC(284) User=0.09s Sys=0.00s Real=0.05s
[2024-12-17T08:01:37.616+0700][gc,start    ] GC(285) Pause Young (Normal) (G1 Evacuation Pause)
[2024-12-17T08:01:37.616+0700][gc,task     ] GC(285) Using 2 workers of 2 for evacuation
[2024-12-17T08:01:37.665+0700][gc,mmu      ] GC(285) MMU target violated: 21.0ms (20.0ms/21.0ms)
[2024-12-17T08:01:37.665+0700][gc,phases   ] GC(285)   Pre Evacuate Collection Set: 2.7ms
[2024-12-17T08:01:37.665+0700][gc,phases   ] GC(285)   Merge Heap Roots: 0.6ms
[2024-12-17T08:01:37.665+0700][gc,phases   ] GC(285)   Evacuate Collection Set: 42.3ms
[2024-12-17T08:01:37.665+0700][gc,phases   ] GC(285)   Post Evacuate Collection Set: 2.3ms
[2024-12-17T08:01:37.665+0700][gc,phases   ] GC(285)   Other: 1.3ms
[2024-12-17T08:01:37.665+0700][gc,heap     ] GC(285) Eden regions: 47->0(44)
[2024-12-17T08:01:37.665+0700][gc,heap     ] GC(285) Survivor regions: 4->7(7)
[2024-12-17T08:01:37.665+0700][gc,heap     ] GC(285) Old regions: 119->119
[2024-12-17T08:01:37.665+0700][gc,heap     ] GC(285) Archive regions: 2->2
[2024-12-17T08:01:37.665+0700][gc,heap     ] GC(285) Humongous regions: 129->129
[2024-12-17T08:01:37.665+0700][gc,metaspace] GC(285) Metaspace: 45452K(46080K)->45452K(46080K) NonClass: 40227K(40576K)->40227K(40576K) Class: 5225K(5504K)->5225K(5504K)
[2024-12-17T08:01:37.665+0700][gc          ] GC(285) Pause Young (Normal) (G1 Evacuation Pause) 298M->254M(1024M) 49.158ms
[2024-12-17T08:01:37.665+0700][gc,cpu      ] GC(285) User=0.10s Sys=0.00s Real=0.06s
[2024-12-17T08:03:13.544+0700][gc,start    ] GC(286) Pause Young (Normal) (G1 Evacuation Pause)
[2024-12-17T08:03:13.545+0700][gc,task     ] GC(286) Using 2 workers of 2 for evacuation
[2024-12-17T08:03:13.590+0700][gc,mmu      ] GC(286) MMU target violated: 21.0ms (20.0ms/21.0ms)
[2024-12-17T08:03:13.590+0700][gc,phases   ] GC(286)   Pre Evacuate Collection Set: 2.6ms
[2024-12-17T08:03:13.590+0700][gc,phases   ] GC(286)   Merge Heap Roots: 0.6ms
[2024-12-17T08:03:13.590+0700][gc,phases   ] GC(286)   Evacuate Collection Set: 38.1ms
[2024-12-17T08:03:13.590+0700][gc,phases   ] GC(286)   Post Evacuate Collection Set: 3.1ms
[2024-12-17T08:03:13.590+0700][gc,phases   ] GC(286)   Other: 1.3ms
[2024-12-17T08:03:13.590+0700][gc,heap     ] GC(286) Eden regions: 44->0(48)
[2024-12-17T08:03:13.590+0700][gc,heap     ] GC(286) Survivor regions: 7->3(7)
[2024-12-17T08:03:13.590+0700][gc,heap     ] GC(286) Old regions: 119->123
[2024-12-17T08:03:13.590+0700][gc,heap     ] GC(286) Archive regions: 2->2
[2024-12-17T08:03:13.590+0700][gc,heap     ] GC(286) Humongous regions: 129->129
[2024-12-17T08:03:13.590+0700][gc,metaspace] GC(286) Metaspace: 45452K(46080K)->45452K(46080K) NonClass: 40227K(40576K)->40227K(40576K) Class: 5225K(5504K)->5225K(5504K)
[2024-12-17T08:03:13.590+0700][gc          ] GC(286) Pause Young (Normal) (G1 Evacuation Pause) 298M->255M(1024M) 45.658ms
[2024-12-17T08:03:13.590+0700][gc,cpu      ] GC(286) User=0.09s Sys=0.00s Real=0.04s
[2024-12-17T08:04:58.427+0700][gc,start    ] GC(287) Pause Young (Normal) (G1 Evacuation Pause)
[2024-12-17T08:04:58.428+0700][gc,task     ] GC(287) Using 2 workers of 2 for evacuation
[2024-12-17T08:04:58.483+0700][gc,mmu      ] GC(287) MMU target violated: 21.0ms (20.0ms/21.0ms)
[2024-12-17T08:04:58.483+0700][gc,phases   ] GC(287)   Pre Evacuate Collection Set: 2.9ms
[2024-12-17T08:04:58.483+0700][gc,phases   ] GC(287)   Merge Heap Roots: 1.1ms
[2024-12-17T08:04:58.483+0700][gc,phases   ] GC(287)   Evacuate Collection Set: 47.5ms
[2024-12-17T08:04:58.483+0700][gc,phases   ] GC(287)   Post Evacuate Collection Set: 3.5ms
[2024-12-17T08:04:58.483+0700][gc,phases   ] GC(287)   Other: 1.4ms
[2024-12-17T08:04:58.483+0700][gc,heap     ] GC(287) Eden regions: 48->0(45)
[2024-12-17T08:04:58.483+0700][gc,heap     ] GC(287) Survivor regions: 3->6(7)
[2024-12-17T08:04:58.483+0700][gc,heap     ] GC(287) Old regions: 123->123
[2024-12-17T08:04:58.483+0700][gc,heap     ] GC(287) Archive regions: 2->2
[2024-12-17T08:04:58.483+0700][gc,heap     ] GC(287) Humongous regions: 129->129
[2024-12-17T08:04:58.483+0700][gc,metaspace] GC(287) Metaspace: 45452K(46080K)->45452K(46080K) NonClass: 40227K(40576K)->40227K(40576K) Class: 5225K(5504K)->5225K(5504K)
[2024-12-17T08:04:58.484+0700][gc          ] GC(287) Pause Young (Normal) (G1 Evacuation Pause) 303M->258M(1024M) 56.342ms
[2024-12-17T08:04:58.484+0700][gc,cpu      ] GC(287) User=0.09s Sys=0.01s Real=0.05s
[2024-12-17T08:06:35.435+0700][gc,start    ] GC(288) Pause Young (Normal) (G1 Evacuation Pause)
[2024-12-17T08:06:35.436+0700][gc,task     ] GC(288) Using 2 workers of 2 for evacuation
[2024-12-17T08:06:35.502+0700][gc,mmu      ] GC(288) MMU target violated: 21.0ms (20.0ms/21.0ms)
[2024-12-17T08:06:35.503+0700][gc,phases   ] GC(288)   Pre Evacuate Collection Set: 2.7ms
[2024-12-17T08:06:35.503+0700][gc,phases   ] GC(288)   Merge Heap Roots: 0.6ms
[2024-12-17T08:06:35.503+0700][gc,phases   ] GC(288)   Evacuate Collection Set: 60.0ms
[2024-12-17T08:06:35.503+0700][gc,phases   ] GC(288)   Post Evacuate Collection Set: 3.1ms
[2024-12-17T08:06:35.503+0700][gc,phases   ] GC(288)   Other: 1.2ms
[2024-12-17T08:06:35.503+0700][gc,heap     ] GC(288) Eden regions: 45->0(46)
[2024-12-17T08:06:35.503+0700][gc,heap     ] GC(288) Survivor regions: 6->5(7)
[2024-12-17T08:06:35.503+0700][gc,heap     ] GC(288) Old regions: 123->127
[2024-12-17T08:06:35.503+0700][gc,heap     ] GC(288) Archive regions: 2->2
[2024-12-17T08:06:35.503+0700][gc,heap     ] GC(288) Humongous regions: 129->129
[2024-12-17T08:06:35.503+0700][gc,metaspace] GC(288) Metaspace: 45452K(46080K)->45452K(46080K) NonClass: 40227K(40576K)->40227K(40576K) Class: 5225K(5504K)->5225K(5504K)
[2024-12-17T08:06:35.503+0700][gc          ] GC(288) Pause Young (Normal) (G1 Evacuation Pause) 303M->261M(1024M) 67.576ms
[2024-12-17T08:06:35.503+0700][gc,cpu      ] GC(288) User=0.13s Sys=0.00s Real=0.07s
[2024-12-17T08:08:15.839+0700][gc,start    ] GC(289) Pause Young (Normal) (G1 Evacuation Pause)
[2024-12-17T08:08:15.839+0700][gc,task     ] GC(289) Using 2 workers of 2 for evacuation
[2024-12-17T08:08:15.884+0700][gc,mmu      ] GC(289) MMU target violated: 21.0ms (20.0ms/21.0ms)
[2024-12-17T08:08:15.884+0700][gc,phases   ] GC(289)   Pre Evacuate Collection Set: 2.7ms
[2024-12-17T08:08:15.884+0700][gc,phases   ] GC(289)   Merge Heap Roots: 1.1ms
[2024-12-17T08:08:15.884+0700][gc,phases   ] GC(289)   Evacuate Collection Set: 36.4ms
[2024-12-17T08:08:15.884+0700][gc,phases   ] GC(289)   Post Evacuate Collection Set: 3.6ms
[2024-12-17T08:08:15.884+0700][gc,phases   ] GC(289)   Other: 1.5ms
[2024-12-17T08:08:15.884+0700][gc,heap     ] GC(289) Eden regions: 46->0(47)
[2024-12-17T08:08:15.884+0700][gc,heap     ] GC(289) Survivor regions: 5->4(7)
[2024-12-17T08:08:15.884+0700][gc,heap     ] GC(289) Old regions: 127->130
[2024-12-17T08:08:15.884+0700][gc,heap     ] GC(289) Archive regions: 2->2
[2024-12-17T08:08:15.884+0700][gc,heap     ] GC(289) Humongous regions: 129->129
[2024-12-17T08:08:15.884+0700][gc,metaspace] GC(289) Metaspace: 45452K(46080K)->45452K(46080K) NonClass: 40227K(40576K)->40227K(40576K) Class: 5225K(5504K)->5225K(5504K)
[2024-12-17T08:08:15.884+0700][gc          ] GC(289) Pause Young (Normal) (G1 Evacuation Pause) 307M->262M(1024M) 45.216ms
[2024-12-17T08:08:15.885+0700][gc,cpu      ] GC(289) User=0.09s Sys=0.00s Real=0.05s
[2024-12-17T08:09:54.783+0700][gc,start    ] GC(290) Pause Young (Normal) (G1 Evacuation Pause)
[2024-12-17T08:09:54.783+0700][gc,task     ] GC(290) Using 2 workers of 2 for evacuation
[2024-12-17T08:09:54.864+0700][gc,mmu      ] GC(290) MMU target violated: 21.0ms (20.0ms/21.0ms)
[2024-12-17T08:09:54.865+0700][gc,phases   ] GC(290)   Pre Evacuate Collection Set: 3.8ms
[2024-12-17T08:09:54.865+0700][gc,phases   ] GC(290)   Merge Heap Roots: 0.8ms
[2024-12-17T08:09:54.865+0700][gc,phases   ] GC(290)   Evacuate Collection Set: 72.5ms
[2024-12-17T08:09:54.865+0700][gc,phases   ] GC(290)   Post Evacuate Collection Set: 4.0ms
[2024-12-17T08:09:54.865+0700][gc,phases   ] GC(290)   Other: 1.3ms
[2024-12-17T08:09:54.865+0700][gc,heap     ] GC(290) Eden regions: 47->0(44)
[2024-12-17T08:09:54.865+0700][gc,heap     ] GC(290) Survivor regions: 4->7(7)
[2024-12-17T08:09:54.865+0700][gc,heap     ] GC(290) Old regions: 130->130
[2024-12-17T08:09:54.865+0700][gc,heap     ] GC(290) Archive regions: 2->2
[2024-12-17T08:09:54.865+0700][gc,heap     ] GC(290) Humongous regions: 129->129
[2024-12-17T08:09:54.865+0700][gc,metaspace] GC(290) Metaspace: 45452K(46080K)->45452K(46080K) NonClass: 40227K(40576K)->40227K(40576K) Class: 5225K(5504K)->5225K(5504K)
[2024-12-17T08:09:54.865+0700][gc          ] GC(290) Pause Young (Normal) (G1 Evacuation Pause) 309M->266M(1024M) 82.246ms
[2024-12-17T08:09:54.865+0700][gc,cpu      ] GC(290) User=0.16s Sys=0.00s Real=0.09s
[2024-12-17T08:11:24.228+0700][gc,start    ] GC(291) Pause Young (Normal) (G1 Evacuation Pause)
[2024-12-17T08:11:24.228+0700][gc,task     ] GC(291) Using 2 workers of 2 for evacuation
[2024-12-17T08:11:24.316+0700][gc,mmu      ] GC(291) MMU target violated: 21.0ms (20.0ms/21.0ms)
[2024-12-17T08:11:24.316+0700][gc,phases   ] GC(291)   Pre Evacuate Collection Set: 9.1ms
[2024-12-17T08:11:24.316+0700][gc,phases   ] GC(291)   Merge Heap Roots: 1.1ms
[2024-12-17T08:11:24.316+0700][gc,phases   ] GC(291)   Evacuate Collection Set: 73.6ms
[2024-12-17T08:11:24.316+0700][gc,phases   ] GC(291)   Post Evacuate Collection Set: 3.8ms
[2024-12-17T08:11:24.316+0700][gc,phases   ] GC(291)   Other: 1.4ms
[2024-12-17T08:11:24.316+0700][gc,heap     ] GC(291) Eden regions: 44->0(44)
[2024-12-17T08:11:24.316+0700][gc,heap     ] GC(291) Survivor regions: 7->7(7)
[2024-12-17T08:11:24.316+0700][gc,heap     ] GC(291) Old regions: 130->135
[2024-12-17T08:11:24.316+0700][gc,heap     ] GC(291) Archive regions: 2->2
[2024-12-17T08:11:24.316+0700][gc,heap     ] GC(291) Humongous regions: 129->129
[2024-12-17T08:11:24.316+0700][gc,metaspace] GC(291) Metaspace: 45452K(46080K)->45452K(46080K) NonClass: 40227K(40576K)->40227K(40576K) Class: 5225K(5504K)->5225K(5504K)
[2024-12-17T08:11:24.316+0700][gc          ] GC(291) Pause Young (Normal) (G1 Evacuation Pause) 310M->271M(1024M) 88.860ms
[2024-12-17T08:11:24.317+0700][gc,cpu      ] GC(291) User=0.17s Sys=0.00s Real=0.09s
[2024-12-17T08:12:59.422+0700][gc,start    ] GC(292) Pause Young (Normal) (G1 Evacuation Pause)
[2024-12-17T08:12:59.423+0700][gc,task     ] GC(292) Using 2 workers of 2 for evacuation
[2024-12-17T08:12:59.472+0700][gc,mmu      ] GC(292) MMU target violated: 21.0ms (20.0ms/21.0ms)
[2024-12-17T08:12:59.472+0700][gc,phases   ] GC(292)   Pre Evacuate Collection Set: 3.6ms
[2024-12-17T08:12:59.472+0700][gc,phases   ] GC(292)   Merge Heap Roots: 0.8ms
[2024-12-17T08:12:59.472+0700][gc,phases   ] GC(292)   Evacuate Collection Set: 40.7ms
[2024-12-17T08:12:59.472+0700][gc,phases   ] GC(292)   Post Evacuate Collection Set: 3.6ms
[2024-12-17T08:12:59.472+0700][gc,phases   ] GC(292)   Other: 1.4ms
[2024-12-17T08:12:59.472+0700][gc,heap     ] GC(292) Eden regions: 44->0(49)
[2024-12-17T08:12:59.473+0700][gc,heap     ] GC(292) Survivor regions: 7->2(7)
[2024-12-17T08:12:59.473+0700][gc,heap     ] GC(292) Old regions: 135->138
[2024-12-17T08:12:59.473+0700][gc,heap     ] GC(292) Archive regions: 2->2
[2024-12-17T08:12:59.473+0700][gc,heap     ] GC(292) Humongous regions: 129->129
[2024-12-17T08:12:59.473+0700][gc,metaspace] GC(292) Metaspace: 45452K(46080K)->45452K(46080K) NonClass: 40227K(40576K)->40227K(40576K) Class: 5225K(5504K)->5225K(5504K)
[2024-12-17T08:12:59.473+0700][gc          ] GC(292) Pause Young (Normal) (G1 Evacuation Pause) 315M->269M(1024M) 50.355ms
[2024-12-17T08:12:59.473+0700][gc,cpu      ] GC(292) User=0.10s Sys=0.00s Real=0.05s
[2024-12-17T08:14:44.440+0700][gc,start    ] GC(293) Pause Young (Normal) (G1 Evacuation Pause)
[2024-12-17T08:14:44.440+0700][gc,task     ] GC(293) Using 2 workers of 2 for evacuation
[2024-12-17T08:14:44.486+0700][gc,mmu      ] GC(293) MMU target violated: 21.0ms (20.0ms/21.0ms)
[2024-12-17T08:14:44.487+0700][gc,phases   ] GC(293)   Pre Evacuate Collection Set: 2.6ms
[2024-12-17T08:14:44.487+0700][gc,phases   ] GC(293)   Merge Heap Roots: 0.7ms
[2024-12-17T08:14:44.487+0700][gc,phases   ] GC(293)   Evacuate Collection Set: 39.0ms
[2024-12-17T08:14:44.487+0700][gc,phases   ] GC(293)   Post Evacuate Collection Set: 3.2ms
[2024-12-17T08:14:44.487+0700][gc,phases   ] GC(293)   Other: 1.5ms
[2024-12-17T08:14:44.487+0700][gc,heap     ] GC(293) Eden regions: 49->0(45)
[2024-12-17T08:14:44.487+0700][gc,heap     ] GC(293) Survivor regions: 2->6(7)
[2024-12-17T08:14:44.487+0700][gc,heap     ] GC(293) Old regions: 138->138
[2024-12-17T08:14:44.487+0700][gc,heap     ] GC(293) Archive regions: 2->2
[2024-12-17T08:14:44.487+0700][gc,heap     ] GC(293) Humongous regions: 129->129
[2024-12-17T08:14:44.487+0700][gc,metaspace] GC(293) Metaspace: 45452K(46080K)->45452K(46080K) NonClass: 40227K(40576K)->40227K(40576K) Class: 5225K(5504K)->5225K(5504K)
[2024-12-17T08:14:44.487+0700][gc          ] GC(293) Pause Young (Normal) (G1 Evacuation Pause) 318M->273M(1024M) 47.055ms
[2024-12-17T08:14:44.487+0700][gc,cpu      ] GC(293) User=0.09s Sys=0.00s Real=0.05s
[2024-12-17T08:16:21.292+0700][gc,start    ] GC(294) Pause Young (Normal) (G1 Evacuation Pause)
[2024-12-17T08:16:21.293+0700][gc,task     ] GC(294) Using 2 workers of 2 for evacuation
[2024-12-17T08:16:21.352+0700][gc,mmu      ] GC(294) MMU target violated: 21.0ms (20.0ms/21.0ms)
[2024-12-17T08:16:21.353+0700][gc,phases   ] GC(294)   Pre Evacuate Collection Set: 5.7ms
[2024-12-17T08:16:21.353+0700][gc,phases   ] GC(294)   Merge Heap Roots: 0.8ms
[2024-12-17T08:16:21.353+0700][gc,phases   ] GC(294)   Evacuate Collection Set: 48.9ms
[2024-12-17T08:16:21.353+0700][gc,phases   ] GC(294)   Post Evacuate Collection Set: 3.6ms
[2024-12-17T08:16:21.353+0700][gc,phases   ] GC(294)   Other: 1.8ms
[2024-12-17T08:16:21.353+0700][gc,heap     ] GC(294) Eden regions: 45->0(48)
[2024-12-17T08:16:21.353+0700][gc,heap     ] GC(294) Survivor regions: 6->3(7)
[2024-12-17T08:16:21.353+0700][gc,heap     ] GC(294) Old regions: 138->142
[2024-12-17T08:16:21.353+0700][gc,heap     ] GC(294) Archive regions: 2->2
[2024-12-17T08:16:21.353+0700][gc,heap     ] GC(294) Humongous regions: 129->129
[2024-12-17T08:16:21.353+0700][gc,metaspace] GC(294) Metaspace: 45452K(46080K)->45452K(46080K) NonClass: 40227K(40576K)->40227K(40576K) Class: 5225K(5504K)->5225K(5504K)
[2024-12-17T08:16:21.353+0700][gc          ] GC(294) Pause Young (Normal) (G1 Evacuation Pause) 318M->274M(1024M) 60.676ms
[2024-12-17T08:16:21.353+0700][gc,cpu      ] GC(294) User=0.11s Sys=0.00s Real=0.06s
[2024-12-17T08:18:05.755+0700][gc,start    ] GC(295) Pause Young (Normal) (G1 Evacuation Pause)
[2024-12-17T08:18:05.755+0700][gc,task     ] GC(295) Using 2 workers of 2 for evacuation
[2024-12-17T08:18:05.809+0700][gc,mmu      ] GC(295) MMU target violated: 21.0ms (20.0ms/21.0ms)
[2024-12-17T08:18:05.809+0700][gc,phases   ] GC(295)   Pre Evacuate Collection Set: 3.3ms
[2024-12-17T08:18:05.810+0700][gc,phases   ] GC(295)   Merge Heap Roots: 0.7ms
[2024-12-17T08:18:05.810+0700][gc,phases   ] GC(295)   Evacuate Collection Set: 46.3ms
[2024-12-17T08:18:05.810+0700][gc,phases   ] GC(295)   Post Evacuate Collection Set: 3.3ms
[2024-12-17T08:18:05.810+0700][gc,phases   ] GC(295)   Other: 1.4ms
[2024-12-17T08:18:05.810+0700][gc,heap     ] GC(295) Eden regions: 48->0(45)
[2024-12-17T08:18:05.810+0700][gc,heap     ] GC(295) Survivor regions: 3->6(7)
[2024-12-17T08:18:05.810+0700][gc,heap     ] GC(295) Old regions: 142->142
[2024-12-17T08:18:05.810+0700][gc,heap     ] GC(295) Archive regions: 2->2
[2024-12-17T08:18:05.810+0700][gc,heap     ] GC(295) Humongous regions: 129->129
[2024-12-17T08:18:05.810+0700][gc,metaspace] GC(295) Metaspace: 45452K(46080K)->45452K(46080K) NonClass: 40227K(40576K)->40227K(40576K) Class: 5225K(5504K)->5225K(5504K)
[2024-12-17T08:18:05.810+0700][gc          ] GC(295) Pause Young (Normal) (G1 Evacuation Pause) 322M->277M(1024M) 55.020ms
[2024-12-17T08:18:05.810+0700][gc,cpu      ] GC(295) User=0.10s Sys=0.01s Real=0.06s
[2024-12-17T08:19:44.238+0700][gc,start    ] GC(296) Pause Young (Normal) (G1 Evacuation Pause)
[2024-12-17T08:19:44.238+0700][gc,task     ] GC(296) Using 2 workers of 2 for evacuation
[2024-12-17T08:19:44.306+0700][gc,mmu      ] GC(296) MMU target violated: 21.0ms (20.0ms/21.0ms)
[2024-12-17T08:19:44.306+0700][gc,phases   ] GC(296)   Pre Evacuate Collection Set: 3.5ms
[2024-12-17T08:19:44.306+0700][gc,phases   ] GC(296)   Merge Heap Roots: 0.6ms
[2024-12-17T08:19:44.306+0700][gc,phases   ] GC(296)   Evacuate Collection Set: 58.6ms
[2024-12-17T08:19:44.306+0700][gc,phases   ] GC(296)   Post Evacuate Collection Set: 4.8ms
[2024-12-17T08:19:44.306+0700][gc,phases   ] GC(296)   Other: 1.4ms
[2024-12-17T08:19:44.306+0700][gc,heap     ] GC(296) Eden regions: 45->0(46)
[2024-12-17T08:19:44.306+0700][gc,heap     ] GC(296) Survivor regions: 6->5(7)
[2024-12-17T08:19:44.306+0700][gc,heap     ] GC(296) Old regions: 142->146
[2024-12-17T08:19:44.306+0700][gc,heap     ] GC(296) Archive regions: 2->2
[2024-12-17T08:19:44.306+0700][gc,heap     ] GC(296) Humongous regions: 129->129
[2024-12-17T08:19:44.306+0700][gc,metaspace] GC(296) Metaspace: 45452K(46080K)->45452K(46080K) NonClass: 40227K(40576K)->40227K(40576K) Class: 5225K(5504K)->5225K(5504K)
[2024-12-17T08:19:44.306+0700][gc          ] GC(296) Pause Young (Normal) (G1 Evacuation Pause) 322M->280M(1024M) 68.771ms
[2024-12-17T08:19:44.306+0700][gc,cpu      ] GC(296) User=0.13s Sys=0.00s Real=0.07s
[2024-12-17T08:21:24.134+0700][gc,start    ] GC(297) Pause Young (Normal) (G1 Evacuation Pause)
[2024-12-17T08:21:24.134+0700][gc,task     ] GC(297) Using 2 workers of 2 for evacuation
[2024-12-17T08:21:24.176+0700][gc,mmu      ] GC(297) MMU target violated: 21.0ms (20.0ms/21.0ms)
[2024-12-17T08:21:24.177+0700][gc,phases   ] GC(297)   Pre Evacuate Collection Set: 3.1ms
[2024-12-17T08:21:24.177+0700][gc,phases   ] GC(297)   Merge Heap Roots: 1.1ms
[2024-12-17T08:21:24.177+0700][gc,phases   ] GC(297)   Evacuate Collection Set: 33.8ms
[2024-12-17T08:21:24.177+0700][gc,phases   ] GC(297)   Post Evacuate Collection Set: 3.6ms
[2024-12-17T08:21:24.177+0700][gc,phases   ] GC(297)   Other: 1.3ms
[2024-12-17T08:21:24.177+0700][gc,heap     ] GC(297) Eden regions: 46->0(48)
[2024-12-17T08:21:24.177+0700][gc,heap     ] GC(297) Survivor regions: 5->3(7)
[2024-12-17T08:21:24.177+0700][gc,heap     ] GC(297) Old regions: 146->148
[2024-12-17T08:21:24.177+0700][gc,heap     ] GC(297) Archive regions: 2->2
[2024-12-17T08:21:24.177+0700][gc,heap     ] GC(297) Humongous regions: 129->129
[2024-12-17T08:21:24.177+0700][gc,metaspace] GC(297) Metaspace: 45452K(46080K)->45452K(46080K) NonClass: 40227K(40576K)->40227K(40576K) Class: 5225K(5504K)->5225K(5504K)
[2024-12-17T08:21:24.177+0700][gc          ] GC(297) Pause Young (Normal) (G1 Evacuation Pause) 326M->280M(1024M) 42.867ms
[2024-12-17T08:21:24.177+0700][gc,cpu      ] GC(297) User=0.08s Sys=0.00s Real=0.05s
[2024-12-17T08:23:08.146+0700][gc,start    ] GC(298) Pause Young (Normal) (G1 Evacuation Pause)
[2024-12-17T08:23:08.146+0700][gc,task     ] GC(298) Using 2 workers of 2 for evacuation
[2024-12-17T08:23:08.233+0700][gc,mmu      ] GC(298) MMU target violated: 21.0ms (20.0ms/21.0ms)
[2024-12-17T08:23:08.233+0700][gc,phases   ] GC(298)   Pre Evacuate Collection Set: 3.1ms
[2024-12-17T08:23:08.233+0700][gc,phases   ] GC(298)   Merge Heap Roots: 1.0ms
[2024-12-17T08:23:08.233+0700][gc,phases   ] GC(298)   Evacuate Collection Set: 77.2ms
[2024-12-17T08:23:08.233+0700][gc,phases   ] GC(298)   Post Evacuate Collection Set: 4.9ms
[2024-12-17T08:23:08.233+0700][gc,phases   ] GC(298)   Other: 1.4ms
[2024-12-17T08:23:08.233+0700][gc,heap     ] GC(298) Eden regions: 48->0(44)
[2024-12-17T08:23:08.233+0700][gc,heap     ] GC(298) Survivor regions: 3->7(7)
[2024-12-17T08:23:08.233+0700][gc,heap     ] GC(298) Old regions: 148->148
[2024-12-17T08:23:08.233+0700][gc,heap     ] GC(298) Archive regions: 2->2
[2024-12-17T08:23:08.233+0700][gc,heap     ] GC(298) Humongous regions: 129->129
[2024-12-17T08:23:08.233+0700][gc,metaspace] GC(298) Metaspace: 45452K(46080K)->45452K(46080K) NonClass: 40227K(40576K)->40227K(40576K) Class: 5225K(5504K)->5225K(5504K)
[2024-12-17T08:23:08.234+0700][gc          ] GC(298) Pause Young (Normal) (G1 Evacuation Pause) 328M->284M(1024M) 87.626ms
[2024-12-17T08:23:08.234+0700][gc,cpu      ] GC(298) User=0.13s Sys=0.00s Real=0.08s
[2024-12-17T08:24:43.471+0700][gc,start    ] GC(299) Pause Young (Normal) (G1 Evacuation Pause)
[2024-12-17T08:24:43.471+0700][gc,task     ] GC(299) Using 2 workers of 2 for evacuation
[2024-12-17T08:24:43.521+0700][gc,mmu      ] GC(299) MMU target violated: 21.0ms (20.0ms/21.0ms)
[2024-12-17T08:24:43.521+0700][gc,phases   ] GC(299)   Pre Evacuate Collection Set: 2.7ms
[2024-12-17T08:24:43.521+0700][gc,phases   ] GC(299)   Merge Heap Roots: 0.5ms
[2024-12-17T08:24:43.521+0700][gc,phases   ] GC(299)   Evacuate Collection Set: 43.8ms
[2024-12-17T08:24:43.521+0700][gc,phases   ] GC(299)   Post Evacuate Collection Set: 2.5ms
[2024-12-17T08:24:43.521+0700][gc,phases   ] GC(299)   Other: 1.1ms
[2024-12-17T08:24:43.521+0700][gc,heap     ] GC(299) Eden regions: 44->0(48)
[2024-12-17T08:24:43.521+0700][gc,heap     ] GC(299) Survivor regions: 7->3(7)
[2024-12-17T08:24:43.521+0700][gc,heap     ] GC(299) Old regions: 148->153
[2024-12-17T08:24:43.521+0700][gc,heap     ] GC(299) Archive regions: 2->2
[2024-12-17T08:24:43.521+0700][gc,heap     ] GC(299) Humongous regions: 129->129
[2024-12-17T08:24:43.521+0700][gc,metaspace] GC(299) Metaspace: 45452K(46080K)->45452K(46080K) NonClass: 40227K(40576K)->40227K(40576K) Class: 5225K(5504K)->5225K(5504K)
[2024-12-17T08:24:43.522+0700][gc          ] GC(299) Pause Young (Normal) (G1 Evacuation Pause) 328M->284M(1024M) 50.792ms
[2024-12-17T08:24:43.522+0700][gc,cpu      ] GC(299) User=0.10s Sys=0.00s Real=0.05s
[2024-12-17T08:26:27.987+0700][gc,start    ] GC(300) Pause Young (Normal) (G1 Evacuation Pause)
[2024-12-17T08:26:27.987+0700][gc,task     ] GC(300) Using 2 workers of 2 for evacuation
[2024-12-17T08:26:28.030+0700][gc,mmu      ] GC(300) MMU target violated: 21.0ms (20.0ms/21.0ms)
[2024-12-17T08:26:28.031+0700][gc,phases   ] GC(300)   Pre Evacuate Collection Set: 3.8ms
[2024-12-17T08:26:28.031+0700][gc,phases   ] GC(300)   Merge Heap Roots: 0.9ms
[2024-12-17T08:26:28.031+0700][gc,phases   ] GC(300)   Evacuate Collection Set: 34.8ms
[2024-12-17T08:26:28.031+0700][gc,phases   ] GC(300)   Post Evacuate Collection Set: 2.9ms
[2024-12-17T08:26:28.031+0700][gc,phases   ] GC(300)   Other: 1.2ms
[2024-12-17T08:26:28.031+0700][gc,heap     ] GC(300) Eden regions: 48->0(45)
[2024-12-17T08:26:28.031+0700][gc,heap     ] GC(300) Survivor regions: 3->6(7)
[2024-12-17T08:26:28.031+0700][gc,heap     ] GC(300) Old regions: 153->153
[2024-12-17T08:26:28.031+0700][gc,heap     ] GC(300) Archive regions: 2->2
[2024-12-17T08:26:28.031+0700][gc,heap     ] GC(300) Humongous regions: 129->129
[2024-12-17T08:26:28.031+0700][gc,metaspace] GC(300) Metaspace: 45457K(46080K)->45457K(46080K) NonClass: 40232K(40576K)->40232K(40576K) Class: 5225K(5504K)->5225K(5504K)
[2024-12-17T08:26:28.031+0700][gc          ] GC(300) Pause Young (Normal) (G1 Evacuation Pause) 332M->288M(1024M) 43.672ms
[2024-12-17T08:26:28.031+0700][gc,cpu      ] GC(300) User=0.07s Sys=0.00s Real=0.04s
[2024-12-17T08:28:05.379+0700][gc,start    ] GC(301) Pause Young (Normal) (G1 Evacuation Pause)
[2024-12-17T08:28:05.380+0700][gc,task     ] GC(301) Using 2 workers of 2 for evacuation
[2024-12-17T08:28:05.456+0700][gc,mmu      ] GC(301) MMU target violated: 21.0ms (20.0ms/21.0ms)
[2024-12-17T08:28:05.457+0700][gc,phases   ] GC(301)   Pre Evacuate Collection Set: 4.3ms
[2024-12-17T08:28:05.457+0700][gc,phases   ] GC(301)   Merge Heap Roots: 1.3ms
[2024-12-17T08:28:05.457+0700][gc,phases   ] GC(301)   Evacuate Collection Set: 67.7ms
[2024-12-17T08:28:05.457+0700][gc,phases   ] GC(301)   Post Evacuate Collection Set: 2.8ms
[2024-12-17T08:28:05.457+0700][gc,phases   ] GC(301)   Other: 1.8ms
[2024-12-17T08:28:05.457+0700][gc,heap     ] GC(301) Eden regions: 45->0(46)
[2024-12-17T08:28:05.457+0700][gc,heap     ] GC(301) Survivor regions: 6->5(7)
[2024-12-17T08:28:05.457+0700][gc,heap     ] GC(301) Old regions: 153->157
[2024-12-17T08:28:05.457+0700][gc,heap     ] GC(301) Archive regions: 2->2
[2024-12-17T08:28:05.457+0700][gc,heap     ] GC(301) Humongous regions: 129->129
[2024-12-17T08:28:05.457+0700][gc,metaspace] GC(301) Metaspace: 45457K(46080K)->45457K(46080K) NonClass: 40232K(40576K)->40232K(40576K) Class: 5225K(5504K)->5225K(5504K)
[2024-12-17T08:28:05.457+0700][gc          ] GC(301) Pause Young (Normal) (G1 Evacuation Pause) 333M->291M(1024M) 77.529ms
[2024-12-17T08:28:05.457+0700][gc,cpu      ] GC(301) User=0.15s Sys=0.00s Real=0.08s
[2024-12-17T08:29:45.695+0700][gc,start    ] GC(302) Pause Young (Normal) (G1 Evacuation Pause)
[2024-12-17T08:29:45.695+0700][gc,task     ] GC(302) Using 2 workers of 2 for evacuation
[2024-12-17T08:29:45.750+0700][gc,mmu      ] GC(302) MMU target violated: 21.0ms (20.0ms/21.0ms)
[2024-12-17T08:29:45.750+0700][gc,phases   ] GC(302)   Pre Evacuate Collection Set: 4.9ms
[2024-12-17T08:29:45.750+0700][gc,phases   ] GC(302)   Merge Heap Roots: 1.5ms
[2024-12-17T08:29:45.750+0700][gc,phases   ] GC(302)   Evacuate Collection Set: 43.9ms
[2024-12-17T08:29:45.750+0700][gc,phases   ] GC(302)   Post Evacuate Collection Set: 3.4ms
[2024-12-17T08:29:45.750+0700][gc,phases   ] GC(302)   Other: 1.7ms
[2024-12-17T08:29:45.750+0700][gc,heap     ] GC(302) Eden regions: 46->0(47)
[2024-12-17T08:29:45.750+0700][gc,heap     ] GC(302) Survivor regions: 5->4(7)
[2024-12-17T08:29:45.750+0700][gc,heap     ] GC(302) Old regions: 157->159
[2024-12-17T08:29:45.750+0700][gc,heap     ] GC(302) Archive regions: 2->2
[2024-12-17T08:29:45.750+0700][gc,heap     ] GC(302) Humongous regions: 129->129
[2024-12-17T08:29:45.750+0700][gc,metaspace] GC(302) Metaspace: 45457K(46080K)->45457K(46080K) NonClass: 40232K(40576K)->40232K(40576K) Class: 5225K(5504K)->5225K(5504K)
[2024-12-17T08:29:45.750+0700][gc          ] GC(302) Pause Young (Normal) (G1 Evacuation Pause) 337M->292M(1024M) 55.372ms
[2024-12-17T08:29:45.750+0700][gc,cpu      ] GC(302) User=0.11s Sys=0.00s Real=0.06s
[2024-12-17T08:31:27.796+0700][gc,start    ] GC(303) Pause Young (Normal) (G1 Evacuation Pause)
[2024-12-17T08:31:27.796+0700][gc,task     ] GC(303) Using 2 workers of 2 for evacuation
[2024-12-17T08:31:27.846+0700][gc,mmu      ] GC(303) MMU target violated: 21.0ms (20.0ms/21.0ms)
[2024-12-17T08:31:27.846+0700][gc,phases   ] GC(303)   Pre Evacuate Collection Set: 4.1ms
[2024-12-17T08:31:27.846+0700][gc,phases   ] GC(303)   Merge Heap Roots: 0.7ms
[2024-12-17T08:31:27.846+0700][gc,phases   ] GC(303)   Evacuate Collection Set: 41.1ms
[2024-12-17T08:31:27.846+0700][gc,phases   ] GC(303)   Post Evacuate Collection Set: 3.3ms
[2024-12-17T08:31:27.846+0700][gc,phases   ] GC(303)   Other: 1.5ms
[2024-12-17T08:31:27.846+0700][gc,heap     ] GC(303) Eden regions: 47->0(44)
[2024-12-17T08:31:27.846+0700][gc,heap     ] GC(303) Survivor regions: 4->7(7)
[2024-12-17T08:31:27.846+0700][gc,heap     ] GC(303) Old regions: 159->159
[2024-12-17T08:31:27.846+0700][gc,heap     ] GC(303) Archive regions: 2->2
[2024-12-17T08:31:27.846+0700][gc,heap     ] GC(303) Humongous regions: 129->129
[2024-12-17T08:31:27.846+0700][gc,metaspace] GC(303) Metaspace: 45457K(46080K)->45457K(46080K) NonClass: 40232K(40576K)->40232K(40576K) Class: 5225K(5504K)->5225K(5504K)
[2024-12-17T08:31:27.846+0700][gc          ] GC(303) Pause Young (Normal) (G1 Evacuation Pause) 339M->295M(1024M) 50.649ms
[2024-12-17T08:31:27.846+0700][gc,cpu      ] GC(303) User=0.09s Sys=0.00s Real=0.06s
[2024-12-17T08:33:03.207+0700][gc,start    ] GC(304) Pause Young (Normal) (G1 Evacuation Pause)
[2024-12-17T08:33:03.207+0700][gc,task     ] GC(304) Using 2 workers of 2 for evacuation
[2024-12-17T08:33:03.253+0700][gc,mmu      ] GC(304) MMU target violated: 21.0ms (20.0ms/21.0ms)
[2024-12-17T08:33:03.253+0700][gc,phases   ] GC(304)   Pre Evacuate Collection Set: 2.9ms
[2024-12-17T08:33:03.253+0700][gc,phases   ] GC(304)   Merge Heap Roots: 0.9ms
[2024-12-17T08:33:03.253+0700][gc,phases   ] GC(304)   Evacuate Collection Set: 39.1ms
[2024-12-17T08:33:03.253+0700][gc,phases   ] GC(304)   Post Evacuate Collection Set: 2.8ms
[2024-12-17T08:33:03.253+0700][gc,phases   ] GC(304)   Other: 1.3ms
[2024-12-17T08:33:03.253+0700][gc,heap     ] GC(304) Eden regions: 44->0(48)
[2024-12-17T08:33:03.253+0700][gc,heap     ] GC(304) Survivor regions: 7->3(7)
[2024-12-17T08:33:03.253+0700][gc,heap     ] GC(304) Old regions: 159->164
[2024-12-17T08:33:03.253+0700][gc,heap     ] GC(304) Archive regions: 2->2
[2024-12-17T08:33:03.254+0700][gc,heap     ] GC(304) Humongous regions: 129->129
[2024-12-17T08:33:03.254+0700][gc,metaspace] GC(304) Metaspace: 45457K(46080K)->45457K(46080K) NonClass: 40232K(40576K)->40232K(40576K) Class: 5225K(5504K)->5225K(5504K)
[2024-12-17T08:33:03.254+0700][gc          ] GC(304) Pause Young (Normal) (G1 Evacuation Pause) 339M->295M(1024M) 46.942ms
[2024-12-17T08:33:03.254+0700][gc,cpu      ] GC(304) User=0.08s Sys=0.00s Real=0.04s
[2024-12-17T08:34:47.655+0700][gc,start    ] GC(305) Pause Young (Normal) (G1 Evacuation Pause)
[2024-12-17T08:34:47.655+0700][gc,task     ] GC(305) Using 2 workers of 2 for evacuation
[2024-12-17T08:34:47.697+0700][gc,mmu      ] GC(305) MMU target violated: 21.0ms (20.0ms/21.0ms)
[2024-12-17T08:34:47.697+0700][gc,phases   ] GC(305)   Pre Evacuate Collection Set: 3.4ms
[2024-12-17T08:34:47.697+0700][gc,phases   ] GC(305)   Merge Heap Roots: 1.0ms
[2024-12-17T08:34:47.697+0700][gc,phases   ] GC(305)   Evacuate Collection Set: 34.2ms
[2024-12-17T08:34:47.697+0700][gc,phases   ] GC(305)   Post Evacuate Collection Set: 2.2ms
[2024-12-17T08:34:47.697+0700][gc,phases   ] GC(305)   Other: 1.1ms
[2024-12-17T08:34:47.697+0700][gc,heap     ] GC(305) Eden regions: 48->0(45)
[2024-12-17T08:34:47.697+0700][gc,heap     ] GC(305) Survivor regions: 3->6(7)
[2024-12-17T08:34:47.697+0700][gc,heap     ] GC(305) Old regions: 164->164
[2024-12-17T08:34:47.697+0700][gc,heap     ] GC(305) Archive regions: 2->2
[2024-12-17T08:34:47.697+0700][gc,heap     ] GC(305) Humongous regions: 129->129
[2024-12-17T08:34:47.697+0700][gc,metaspace] GC(305) Metaspace: 45459K(46080K)->45459K(46080K) NonClass: 40234K(40576K)->40234K(40576K) Class: 5225K(5504K)->5225K(5504K)
[2024-12-17T08:34:47.697+0700][gc          ] GC(305) Pause Young (Normal) (G1 Evacuation Pause) 343M->299M(1024M) 42.040ms
[2024-12-17T08:34:47.697+0700][gc,cpu      ] GC(305) User=0.08s Sys=0.00s Real=0.05s
[2024-12-17T08:36:25.439+0700][gc,start    ] GC(306) Pause Young (Normal) (G1 Evacuation Pause)
[2024-12-17T08:36:25.439+0700][gc,task     ] GC(306) Using 2 workers of 2 for evacuation
[2024-12-17T08:36:25.497+0700][gc,mmu      ] GC(306) MMU target violated: 21.0ms (20.0ms/21.0ms)
[2024-12-17T08:36:25.497+0700][gc,phases   ] GC(306)   Pre Evacuate Collection Set: 2.5ms
[2024-12-17T08:36:25.497+0700][gc,phases   ] GC(306)   Merge Heap Roots: 0.6ms
[2024-12-17T08:36:25.497+0700][gc,phases   ] GC(306)   Evacuate Collection Set: 51.8ms
[2024-12-17T08:36:25.497+0700][gc,phases   ] GC(306)   Post Evacuate Collection Set: 2.3ms
[2024-12-17T08:36:25.498+0700][gc,phases   ] GC(306)   Other: 1.3ms
[2024-12-17T08:36:25.498+0700][gc,heap     ] GC(306) Eden regions: 45->0(44)
[2024-12-17T08:36:25.498+0700][gc,heap     ] GC(306) Survivor regions: 6->7(7)
[2024-12-17T08:36:25.498+0700][gc,heap     ] GC(306) Old regions: 164->166
[2024-12-17T08:36:25.498+0700][gc,heap     ] GC(306) Archive regions: 2->2
[2024-12-17T08:36:25.498+0700][gc,heap     ] GC(306) Humongous regions: 129->129
[2024-12-17T08:36:25.498+0700][gc,metaspace] GC(306) Metaspace: 45460K(46080K)->45460K(46080K) NonClass: 40235K(40576K)->40235K(40576K) Class: 5225K(5504K)->5225K(5504K)
[2024-12-17T08:36:25.498+0700][gc          ] GC(306) Pause Young (Normal) (G1 Evacuation Pause) 344M->302M(1024M) 58.546ms
[2024-12-17T08:36:25.498+0700][gc,cpu      ] GC(306) User=0.11s Sys=0.00s Real=0.06s
[2024-12-17T08:38:01.185+0700][gc,start    ] GC(307) Pause Young (Normal) (G1 Evacuation Pause)
[2024-12-17T08:38:01.186+0700][gc,task     ] GC(307) Using 2 workers of 2 for evacuation
[2024-12-17T08:38:01.259+0700][gc,mmu      ] GC(307) MMU target violated: 21.0ms (20.0ms/21.0ms)
[2024-12-17T08:38:01.260+0700][gc,phases   ] GC(307)   Pre Evacuate Collection Set: 6.0ms
[2024-12-17T08:38:01.260+0700][gc,phases   ] GC(307)   Merge Heap Roots: 0.9ms
[2024-12-17T08:38:01.260+0700][gc,phases   ] GC(307)   Evacuate Collection Set: 60.8ms
[2024-12-17T08:38:01.260+0700][gc,phases   ] GC(307)   Post Evacuate Collection Set: 5.3ms
[2024-12-17T08:38:01.260+0700][gc,phases   ] GC(307)   Other: 2.7ms
[2024-12-17T08:38:01.260+0700][gc,heap     ] GC(307) Eden regions: 44->0(48)
[2024-12-17T08:38:01.260+0700][gc,heap     ] GC(307) Survivor regions: 7->3(7)
[2024-12-17T08:38:01.260+0700][gc,heap     ] GC(307) Old regions: 166->170
[2024-12-17T08:38:01.260+0700][gc,heap     ] GC(307) Archive regions: 2->2
[2024-12-17T08:38:01.260+0700][gc,heap     ] GC(307) Humongous regions: 129->129
[2024-12-17T08:38:01.260+0700][gc,metaspace] GC(307) Metaspace: 45460K(46080K)->45460K(46080K) NonClass: 40235K(40576K)->40235K(40576K) Class: 5225K(5504K)->5225K(5504K)
[2024-12-17T08:38:01.260+0700][gc          ] GC(307) Pause Young (Normal) (G1 Evacuation Pause) 346M->302M(1024M) 75.359ms
[2024-12-17T08:38:01.260+0700][gc,cpu      ] GC(307) User=0.14s Sys=0.00s Real=0.07s
[2024-12-17T08:39:45.724+0700][gc,start    ] GC(308) Pause Young (Normal) (G1 Evacuation Pause)
[2024-12-17T08:39:45.725+0700][gc,task     ] GC(308) Using 2 workers of 2 for evacuation
[2024-12-17T08:39:45.781+0700][gc,mmu      ] GC(308) MMU target violated: 21.0ms (20.0ms/21.0ms)
[2024-12-17T08:39:45.782+0700][gc,phases   ] GC(308)   Pre Evacuate Collection Set: 4.5ms
[2024-12-17T08:39:45.782+0700][gc,phases   ] GC(308)   Merge Heap Roots: 1.4ms
[2024-12-17T08:39:45.782+0700][gc,phases   ] GC(308)   Evacuate Collection Set: 46.1ms
[2024-12-17T08:39:45.782+0700][gc,phases   ] GC(308)   Post Evacuate Collection Set: 4.0ms
[2024-12-17T08:39:45.782+0700][gc,phases   ] GC(308)   Other: 1.7ms
[2024-12-17T08:39:45.782+0700][gc,heap     ] GC(308) Eden regions: 48->0(44)
[2024-12-17T08:39:45.782+0700][gc,heap     ] GC(308) Survivor regions: 3->7(7)
[2024-12-17T08:39:45.782+0700][gc,heap     ] GC(308) Old regions: 170->170
[2024-12-17T08:39:45.782+0700][gc,heap     ] GC(308) Archive regions: 2->2
[2024-12-17T08:39:45.782+0700][gc,heap     ] GC(308) Humongous regions: 129->129
[2024-12-17T08:39:45.782+0700][gc,metaspace] GC(308) Metaspace: 45460K(46080K)->45460K(46080K) NonClass: 40235K(40576K)->40235K(40576K) Class: 5225K(5504K)->5225K(5504K)
[2024-12-17T08:39:45.782+0700][gc          ] GC(308) Pause Young (Normal) (G1 Evacuation Pause) 350M->305M(1024M) 57.948ms
[2024-12-17T08:39:45.782+0700][gc,cpu      ] GC(308) User=0.10s Sys=0.00s Real=0.05s
[2024-12-17T08:41:21.245+0700][gc,start    ] GC(309) Pause Young (Normal) (G1 Evacuation Pause)
[2024-12-17T08:41:21.245+0700][gc,task     ] GC(309) Using 2 workers of 2 for evacuation
[2024-12-17T08:41:21.317+0700][gc,mmu      ] GC(309) MMU target violated: 21.0ms (20.0ms/21.0ms)
[2024-12-17T08:41:21.317+0700][gc,phases   ] GC(309)   Pre Evacuate Collection Set: 4.8ms
[2024-12-17T08:41:21.317+0700][gc,phases   ] GC(309)   Merge Heap Roots: 0.7ms
[2024-12-17T08:41:21.317+0700][gc,phases   ] GC(309)   Evacuate Collection Set: 61.6ms
[2024-12-17T08:41:21.317+0700][gc,phases   ] GC(309)   Post Evacuate Collection Set: 4.7ms
[2024-12-17T08:41:21.317+0700][gc,phases   ] GC(309)   Other: 1.5ms
[2024-12-17T08:41:21.317+0700][gc,heap     ] GC(309) Eden regions: 44->0(45)
[2024-12-17T08:41:21.317+0700][gc,heap     ] GC(309) Survivor regions: 7->6(7)
[2024-12-17T08:41:21.318+0700][gc,heap     ] GC(309) Old regions: 170->174
[2024-12-17T08:41:21.318+0700][gc,heap     ] GC(309) Archive regions: 2->2
[2024-12-17T08:41:21.318+0700][gc,heap     ] GC(309) Humongous regions: 129->129
[2024-12-17T08:41:21.318+0700][gc,metaspace] GC(309) Metaspace: 45460K(46080K)->45460K(46080K) NonClass: 40235K(40576K)->40235K(40576K) Class: 5225K(5504K)->5225K(5504K)
[2024-12-17T08:41:21.318+0700][gc          ] GC(309) Pause Young (Normal) (G1 Evacuation Pause) 349M->309M(1024M) 73.234ms
[2024-12-17T08:41:21.318+0700][gc,cpu      ] GC(309) User=0.14s Sys=0.00s Real=0.07s
[2024-12-17T08:42:58.826+0700][gc,start    ] GC(310) Pause Young (Normal) (G1 Evacuation Pause)
[2024-12-17T08:42:58.826+0700][gc,task     ] GC(310) Using 2 workers of 2 for evacuation
[2024-12-17T08:42:58.870+0700][gc,mmu      ] GC(310) MMU target violated: 21.0ms (20.0ms/21.0ms)
[2024-12-17T08:42:58.870+0700][gc,phases   ] GC(310)   Pre Evacuate Collection Set: 2.3ms
[2024-12-17T08:42:58.870+0700][gc,phases   ] GC(310)   Merge Heap Roots: 0.6ms
[2024-12-17T08:42:58.870+0700][gc,phases   ] GC(310)   Evacuate Collection Set: 37.9ms
[2024-12-17T08:42:58.870+0700][gc,phases   ] GC(310)   Post Evacuate Collection Set: 2.6ms
[2024-12-17T08:42:58.870+0700][gc,phases   ] GC(310)   Other: 1.0ms
[2024-12-17T08:42:58.870+0700][gc,heap     ] GC(310) Eden regions: 45->0(47)
[2024-12-17T08:42:58.870+0700][gc,heap     ] GC(310) Survivor regions: 6->4(7)
[2024-12-17T08:42:58.870+0700][gc,heap     ] GC(310) Old regions: 174->176
[2024-12-17T08:42:58.870+0700][gc,heap     ] GC(310) Archive regions: 2->2
[2024-12-17T08:42:58.870+0700][gc,heap     ] GC(310) Humongous regions: 129->129
[2024-12-17T08:42:58.870+0700][gc,metaspace] GC(310) Metaspace: 45470K(46080K)->45470K(46080K) NonClass: 40245K(40576K)->40245K(40576K) Class: 5225K(5504K)->5225K(5504K)
[2024-12-17T08:42:58.870+0700][gc          ] GC(310) Pause Young (Normal) (G1 Evacuation Pause) 354M->309M(1024M) 44.404ms
[2024-12-17T08:42:58.871+0700][gc,cpu      ] GC(310) User=0.09s Sys=0.00s Real=0.04s
[2024-12-17T08:44:40.962+0700][gc,start    ] GC(311) Pause Young (Normal) (G1 Evacuation Pause)
[2024-12-17T08:44:40.963+0700][gc,task     ] GC(311) Using 2 workers of 2 for evacuation
[2024-12-17T08:44:41.010+0700][gc,mmu      ] GC(311) MMU target violated: 21.0ms (20.0ms/21.0ms)
[2024-12-17T08:44:41.010+0700][gc,phases   ] GC(311)   Pre Evacuate Collection Set: 2.7ms
[2024-12-17T08:44:41.010+0700][gc,phases   ] GC(311)   Merge Heap Roots: 0.7ms
[2024-12-17T08:44:41.010+0700][gc,phases   ] GC(311)   Evacuate Collection Set: 40.6ms
[2024-12-17T08:44:41.010+0700][gc,phases   ] GC(311)   Post Evacuate Collection Set: 2.6ms
[2024-12-17T08:44:41.010+0700][gc,phases   ] GC(311)   Other: 1.4ms
[2024-12-17T08:44:41.010+0700][gc,heap     ] GC(311) Eden regions: 47->0(44)
[2024-12-17T08:44:41.010+0700][gc,heap     ] GC(311) Survivor regions: 4->7(7)
[2024-12-17T08:44:41.010+0700][gc,heap     ] GC(311) Old regions: 176->176
[2024-12-17T08:44:41.010+0700][gc,heap     ] GC(311) Archive regions: 2->2
[2024-12-17T08:44:41.010+0700][gc,heap     ] GC(311) Humongous regions: 129->129
[2024-12-17T08:44:41.010+0700][gc,metaspace] GC(311) Metaspace: 45470K(46080K)->45470K(46080K) NonClass: 40245K(40576K)->40245K(40576K) Class: 5225K(5504K)->5225K(5504K)
[2024-12-17T08:44:41.010+0700][gc          ] GC(311) Pause Young (Normal) (G1 Evacuation Pause) 356M->312M(1024M) 47.823ms
[2024-12-17T08:44:41.010+0700][gc,cpu      ] GC(311) User=0.09s Sys=0.00s Real=0.05s
[2024-12-17T08:46:16.614+0700][gc,start    ] GC(312) Pause Young (Normal) (G1 Evacuation Pause)
[2024-12-17T08:46:16.614+0700][gc,task     ] GC(312) Using 2 workers of 2 for evacuation
[2024-12-17T08:46:16.661+0700][gc,mmu      ] GC(312) MMU target violated: 21.0ms (20.0ms/21.0ms)
[2024-12-17T08:46:16.661+0700][gc,phases   ] GC(312)   Pre Evacuate Collection Set: 2.5ms
[2024-12-17T08:46:16.661+0700][gc,phases   ] GC(312)   Merge Heap Roots: 1.1ms
[2024-12-17T08:46:16.661+0700][gc,phases   ] GC(312)   Evacuate Collection Set: 40.4ms
[2024-12-17T08:46:16.661+0700][gc,phases   ] GC(312)   Post Evacuate Collection Set: 2.5ms
[2024-12-17T08:46:16.661+0700][gc,phases   ] GC(312)   Other: 1.3ms
[2024-12-17T08:46:16.661+0700][gc,heap     ] GC(312) Eden regions: 44->0(48)
[2024-12-17T08:46:16.661+0700][gc,heap     ] GC(312) Survivor regions: 7->3(7)
[2024-12-17T08:46:16.661+0700][gc,heap     ] GC(312) Old regions: 176->181
[2024-12-17T08:46:16.661+0700][gc,heap     ] GC(312) Archive regions: 2->2
[2024-12-17T08:46:16.661+0700][gc,heap     ] GC(312) Humongous regions: 129->129
[2024-12-17T08:46:16.661+0700][gc,metaspace] GC(312) Metaspace: 45470K(46080K)->45470K(46080K) NonClass: 40245K(40576K)->40245K(40576K) Class: 5225K(5504K)->5225K(5504K)
[2024-12-17T08:46:16.661+0700][gc          ] GC(312) Pause Young (Normal) (G1 Evacuation Pause) 356M->313M(1024M) 47.817ms
[2024-12-17T08:46:16.661+0700][gc,cpu      ] GC(312) User=0.09s Sys=0.00s Real=0.05s
[2024-12-17T08:48:01.060+0700][gc,start    ] GC(313) Pause Young (Normal) (G1 Evacuation Pause)
[2024-12-17T08:48:01.060+0700][gc,task     ] GC(313) Using 2 workers of 2 for evacuation
[2024-12-17T08:48:01.102+0700][gc,mmu      ] GC(313) MMU target violated: 21.0ms (20.0ms/21.0ms)
[2024-12-17T08:48:01.102+0700][gc,phases   ] GC(313)   Pre Evacuate Collection Set: 1.2ms
[2024-12-17T08:48:01.102+0700][gc,phases   ] GC(313)   Merge Heap Roots: 0.9ms
[2024-12-17T08:48:01.102+0700][gc,phases   ] GC(313)   Evacuate Collection Set: 37.5ms
[2024-12-17T08:48:01.102+0700][gc,phases   ] GC(313)   Post Evacuate Collection Set: 2.1ms
[2024-12-17T08:48:01.102+0700][gc,phases   ] GC(313)   Other: 0.9ms
[2024-12-17T08:48:01.102+0700][gc,heap     ] GC(313) Eden regions: 48->0(45)
[2024-12-17T08:48:01.102+0700][gc,heap     ] GC(313) Survivor regions: 3->6(7)
[2024-12-17T08:48:01.102+0700][gc,heap     ] GC(313) Old regions: 181->181
[2024-12-17T08:48:01.102+0700][gc,heap     ] GC(313) Archive regions: 2->2
[2024-12-17T08:48:01.102+0700][gc,heap     ] GC(313) Humongous regions: 129->129
[2024-12-17T08:48:01.102+0700][gc,metaspace] GC(313) Metaspace: 45470K(46080K)->45470K(46080K) NonClass: 40245K(40576K)->40245K(40576K) Class: 5225K(5504K)->5225K(5504K)
[2024-12-17T08:48:01.102+0700][gc          ] GC(313) Pause Young (Normal) (G1 Evacuation Pause) 361M->316M(1024M) 42.517ms
[2024-12-17T08:48:01.102+0700][gc,cpu      ] GC(313) User=0.08s Sys=0.00s Real=0.04s
[2024-12-17T08:49:38.935+0700][gc,start    ] GC(314) Pause Young (Normal) (G1 Evacuation Pause)
[2024-12-17T08:49:38.935+0700][gc,task     ] GC(314) Using 2 workers of 2 for evacuation
[2024-12-17T08:49:38.995+0700][gc,mmu      ] GC(314) MMU target violated: 21.0ms (20.0ms/21.0ms)
[2024-12-17T08:49:38.995+0700][gc,phases   ] GC(314)   Pre Evacuate Collection Set: 2.8ms
[2024-12-17T08:49:38.996+0700][gc,phases   ] GC(314)   Merge Heap Roots: 0.9ms
[2024-12-17T08:49:38.996+0700][gc,phases   ] GC(314)   Evacuate Collection Set: 54.0ms
[2024-12-17T08:49:38.996+0700][gc,phases   ] GC(314)   Post Evacuate Collection Set: 2.2ms
[2024-12-17T08:49:38.996+0700][gc,phases   ] GC(314)   Other: 1.3ms
[2024-12-17T08:49:38.996+0700][gc,heap     ] GC(314) Eden regions: 45->0(46)
[2024-12-17T08:49:38.996+0700][gc,heap     ] GC(314) Survivor regions: 6->5(7)
[2024-12-17T08:49:38.996+0700][gc,heap     ] GC(314) Old regions: 181->185
[2024-12-17T08:49:38.996+0700][gc,heap     ] GC(314) Archive regions: 2->2
[2024-12-17T08:49:38.996+0700][gc,heap     ] GC(314) Humongous regions: 129->129
[2024-12-17T08:49:38.996+0700][gc,metaspace] GC(314) Metaspace: 45470K(46080K)->45470K(46080K) NonClass: 40245K(40576K)->40245K(40576K) Class: 5225K(5504K)->5225K(5504K)
[2024-12-17T08:49:38.996+0700][gc          ] GC(314) Pause Young (Normal) (G1 Evacuation Pause) 361M->319M(1024M) 61.164ms
[2024-12-17T08:49:38.996+0700][gc,cpu      ] GC(314) User=0.12s Sys=0.00s Real=0.06s
[2024-12-17T08:51:18.781+0700][gc,start    ] GC(315) Pause Young (Normal) (G1 Evacuation Pause)
[2024-12-17T08:51:18.781+0700][gc,task     ] GC(315) Using 2 workers of 2 for evacuation
[2024-12-17T08:51:18.828+0700][gc,mmu      ] GC(315) MMU target violated: 21.0ms (20.0ms/21.0ms)
[2024-12-17T08:51:18.828+0700][gc,phases   ] GC(315)   Pre Evacuate Collection Set: 3.2ms
[2024-12-17T08:51:18.828+0700][gc,phases   ] GC(315)   Merge Heap Roots: 1.6ms
[2024-12-17T08:51:18.828+0700][gc,phases   ] GC(315)   Evacuate Collection Set: 38.5ms
[2024-12-17T08:51:18.828+0700][gc,phases   ] GC(315)   Post Evacuate Collection Set: 3.3ms
[2024-12-17T08:51:18.828+0700][gc,phases   ] GC(315)   Other: 1.6ms
[2024-12-17T08:51:18.828+0700][gc,heap     ] GC(315) Eden regions: 46->0(47)
[2024-12-17T08:51:18.828+0700][gc,heap     ] GC(315) Survivor regions: 5->4(7)
[2024-12-17T08:51:18.828+0700][gc,heap     ] GC(315) Old regions: 185->187
[2024-12-17T08:51:18.828+0700][gc,heap     ] GC(315) Archive regions: 2->2
[2024-12-17T08:51:18.828+0700][gc,heap     ] GC(315) Humongous regions: 129->129
[2024-12-17T08:51:18.829+0700][gc,metaspace] GC(315) Metaspace: 45470K(46080K)->45470K(46080K) NonClass: 40245K(40576K)->40245K(40576K) Class: 5225K(5504K)->5225K(5504K)
[2024-12-17T08:51:18.829+0700][gc          ] GC(315) Pause Young (Normal) (G1 Evacuation Pause) 365M->320M(1024M) 48.040ms
[2024-12-17T08:51:18.829+0700][gc,cpu      ] GC(315) User=0.09s Sys=0.00s Real=0.05s
[2024-12-17T08:53:00.803+0700][gc,start    ] GC(316) Pause Young (Normal) (G1 Evacuation Pause)
[2024-12-17T08:53:00.803+0700][gc,task     ] GC(316) Using 2 workers of 2 for evacuation
[2024-12-17T08:53:00.849+0700][gc,mmu      ] GC(316) MMU target violated: 21.0ms (20.0ms/21.0ms)
[2024-12-17T08:53:00.849+0700][gc,phases   ] GC(316)   Pre Evacuate Collection Set: 2.7ms
[2024-12-17T08:53:00.849+0700][gc,phases   ] GC(316)   Merge Heap Roots: 1.1ms
[2024-12-17T08:53:00.849+0700][gc,phases   ] GC(316)   Evacuate Collection Set: 39.7ms
[2024-12-17T08:53:00.849+0700][gc,phases   ] GC(316)   Post Evacuate Collection Set: 2.4ms
[2024-12-17T08:53:00.849+0700][gc,phases   ] GC(316)   Other: 1.1ms
[2024-12-17T08:53:00.850+0700][gc,heap     ] GC(316) Eden regions: 47->0(44)
[2024-12-17T08:53:00.850+0700][gc,heap     ] GC(316) Survivor regions: 4->7(7)
[2024-12-17T08:53:00.850+0700][gc,heap     ] GC(316) Old regions: 187->187
[2024-12-17T08:53:00.850+0700][gc,heap     ] GC(316) Archive regions: 2->2
[2024-12-17T08:53:00.850+0700][gc,heap     ] GC(316) Humongous regions: 129->129
[2024-12-17T08:53:00.850+0700][gc,metaspace] GC(316) Metaspace: 45470K(46080K)->45470K(46080K) NonClass: 40245K(40576K)->40245K(40576K) Class: 5225K(5504K)->5225K(5504K)
[2024-12-17T08:53:00.850+0700][gc          ] GC(316) Pause Young (Normal) (G1 Evacuation Pause) 367M->323M(1024M) 47.125ms
[2024-12-17T08:53:00.850+0700][gc,cpu      ] GC(316) User=0.09s Sys=0.00s Real=0.05s
[2024-12-17T08:54:36.117+0700][gc,start    ] GC(317) Pause Young (Normal) (G1 Evacuation Pause)
[2024-12-17T08:54:36.117+0700][gc,task     ] GC(317) Using 2 workers of 2 for evacuation
[2024-12-17T08:54:36.166+0700][gc,mmu      ] GC(317) MMU target violated: 21.0ms (20.0ms/21.0ms)
[2024-12-17T08:54:36.166+0700][gc,phases   ] GC(317)   Pre Evacuate Collection Set: 2.5ms
[2024-12-17T08:54:36.166+0700][gc,phases   ] GC(317)   Merge Heap Roots: 1.0ms
[2024-12-17T08:54:36.166+0700][gc,phases   ] GC(317)   Evacuate Collection Set: 42.8ms
[2024-12-17T08:54:36.166+0700][gc,phases   ] GC(317)   Post Evacuate Collection Set: 2.6ms
[2024-12-17T08:54:36.166+0700][gc,phases   ] GC(317)   Other: 1.3ms
[2024-12-17T08:54:36.166+0700][gc,heap     ] GC(317) Eden regions: 44->0(48)
[2024-12-17T08:54:36.166+0700][gc,heap     ] GC(317) Survivor regions: 7->3(7)
[2024-12-17T08:54:36.167+0700][gc,heap     ] GC(317) Old regions: 187->192
[2024-12-17T08:54:36.167+0700][gc,heap     ] GC(317) Archive regions: 2->2
[2024-12-17T08:54:36.167+0700][gc,heap     ] GC(317) Humongous regions: 129->129
[2024-12-17T08:54:36.167+0700][gc,metaspace] GC(317) Metaspace: 45470K(46080K)->45470K(46080K) NonClass: 40245K(40576K)->40245K(40576K) Class: 5225K(5504K)->5225K(5504K)
[2024-12-17T08:54:36.167+0700][gc          ] GC(317) Pause Young (Normal) (G1 Evacuation Pause) 367M->323M(1024M) 50.140ms
[2024-12-17T08:54:36.167+0700][gc,cpu      ] GC(317) User=0.09s Sys=0.00s Real=0.05s
[2024-12-17T08:56:20.435+0700][gc,start    ] GC(318) Pause Young (Normal) (G1 Evacuation Pause)
[2024-12-17T08:56:20.435+0700][gc,task     ] GC(318) Using 2 workers of 2 for evacuation
[2024-12-17T08:56:20.477+0700][gc,mmu      ] GC(318) MMU target violated: 21.0ms (20.0ms/21.0ms)
[2024-12-17T08:56:20.477+0700][gc,phases   ] GC(318)   Pre Evacuate Collection Set: 2.5ms
[2024-12-17T08:56:20.477+0700][gc,phases   ] GC(318)   Merge Heap Roots: 1.1ms
[2024-12-17T08:56:20.477+0700][gc,phases   ] GC(318)   Evacuate Collection Set: 34.4ms
[2024-12-17T08:56:20.477+0700][gc,phases   ] GC(318)   Post Evacuate Collection Set: 3.3ms
[2024-12-17T08:56:20.477+0700][gc,phases   ] GC(318)   Other: 1.2ms
[2024-12-17T08:56:20.477+0700][gc,heap     ] GC(318) Eden regions: 48->0(45)
[2024-12-17T08:56:20.477+0700][gc,heap     ] GC(318) Survivor regions: 3->6(7)
[2024-12-17T08:56:20.478+0700][gc,heap     ] GC(318) Old regions: 192->192
[2024-12-17T08:56:20.478+0700][gc,heap     ] GC(318) Archive regions: 2->2
[2024-12-17T08:56:20.478+0700][gc,heap     ] GC(318) Humongous regions: 129->129
[2024-12-17T08:56:20.478+0700][gc,metaspace] GC(318) Metaspace: 45470K(46080K)->45470K(46080K) NonClass: 40245K(40576K)->40245K(40576K) Class: 5225K(5504K)->5225K(5504K)
[2024-12-17T08:56:20.478+0700][gc          ] GC(318) Pause Young (Normal) (G1 Evacuation Pause) 371M->326M(1024M) 42.421ms
[2024-12-17T08:56:20.478+0700][gc,cpu      ] GC(318) User=0.08s Sys=0.00s Real=0.05s
[2024-12-17T08:57:58.332+0700][gc,start    ] GC(319) Pause Young (Normal) (G1 Evacuation Pause)
[2024-12-17T08:57:58.332+0700][gc,task     ] GC(319) Using 2 workers of 2 for evacuation
[2024-12-17T08:57:58.388+0700][gc,mmu      ] GC(319) MMU target violated: 21.0ms (20.0ms/21.0ms)
[2024-12-17T08:57:58.388+0700][gc,phases   ] GC(319)   Pre Evacuate Collection Set: 4.0ms
[2024-12-17T08:57:58.388+0700][gc,phases   ] GC(319)   Merge Heap Roots: 0.8ms
[2024-12-17T08:57:58.388+0700][gc,phases   ] GC(319)   Evacuate Collection Set: 47.8ms
[2024-12-17T08:57:58.388+0700][gc,phases   ] GC(319)   Post Evacuate Collection Set: 2.7ms
[2024-12-17T08:57:58.388+0700][gc,phases   ] GC(319)   Other: 1.3ms
[2024-12-17T08:57:58.388+0700][gc,heap     ] GC(319) Eden regions: 45->0(46)
[2024-12-17T08:57:58.388+0700][gc,heap     ] GC(319) Survivor regions: 6->5(7)
[2024-12-17T08:57:58.388+0700][gc,heap     ] GC(319) Old regions: 192->196
[2024-12-17T08:57:58.388+0700][gc,heap     ] GC(319) Archive regions: 2->2
[2024-12-17T08:57:58.388+0700][gc,heap     ] GC(319) Humongous regions: 129->129
[2024-12-17T08:57:58.388+0700][gc,metaspace] GC(319) Metaspace: 45470K(46080K)->45470K(46080K) NonClass: 40245K(40576K)->40245K(40576K) Class: 5225K(5504K)->5225K(5504K)
[2024-12-17T08:57:58.388+0700][gc          ] GC(319) Pause Young (Normal) (G1 Evacuation Pause) 371M->330M(1024M) 56.528ms
[2024-12-17T08:57:58.388+0700][gc,cpu      ] GC(319) User=0.10s Sys=0.00s Real=0.06s
[2024-12-17T08:59:37.894+0700][gc,start    ] GC(320) Pause Young (Normal) (G1 Evacuation Pause)
[2024-12-17T08:59:37.895+0700][gc,task     ] GC(320) Using 2 workers of 2 for evacuation
[2024-12-17T08:59:37.941+0700][gc,mmu      ] GC(320) MMU target violated: 21.0ms (20.0ms/21.0ms)
[2024-12-17T08:59:37.941+0700][gc,phases   ] GC(320)   Pre Evacuate Collection Set: 9.7ms
[2024-12-17T08:59:37.941+0700][gc,phases   ] GC(320)   Merge Heap Roots: 0.7ms
[2024-12-17T08:59:37.941+0700][gc,phases   ] GC(320)   Evacuate Collection Set: 32.9ms
[2024-12-17T08:59:37.941+0700][gc,phases   ] GC(320)   Post Evacuate Collection Set: 2.6ms
[2024-12-17T08:59:37.941+0700][gc,phases   ] GC(320)   Other: 0.9ms
[2024-12-17T08:59:37.941+0700][gc,heap     ] GC(320) Eden regions: 46->0(48)
[2024-12-17T08:59:37.941+0700][gc,heap     ] GC(320) Survivor regions: 5->3(7)
[2024-12-17T08:59:37.941+0700][gc,heap     ] GC(320) Old regions: 196->198
[2024-12-17T08:59:37.941+0700][gc,heap     ] GC(320) Archive regions: 2->2
[2024-12-17T08:59:37.941+0700][gc,heap     ] GC(320) Humongous regions: 129->129
[2024-12-17T08:59:37.941+0700][gc,metaspace] GC(320) Metaspace: 45470K(46080K)->45470K(46080K) NonClass: 40245K(40576K)->40245K(40576K) Class: 5225K(5504K)->5225K(5504K)
[2024-12-17T08:59:37.941+0700][gc          ] GC(320) Pause Young (Normal) (G1 Evacuation Pause) 376M->330M(1024M) 47.068ms
[2024-12-17T08:59:37.942+0700][gc,cpu      ] GC(320) User=0.08s Sys=0.00s Real=0.05s
[2024-12-17T09:01:22.789+0700][gc,start    ] GC(321) Pause Young (Normal) (G1 Evacuation Pause)
[2024-12-17T09:01:22.789+0700][gc,task     ] GC(321) Using 2 workers of 2 for evacuation
[2024-12-17T09:01:22.836+0700][gc,mmu      ] GC(321) MMU target violated: 21.0ms (20.0ms/21.0ms)
[2024-12-17T09:01:22.836+0700][gc,phases   ] GC(321)   Pre Evacuate Collection Set: 2.4ms
[2024-12-17T09:01:22.836+0700][gc,phases   ] GC(321)   Merge Heap Roots: 1.1ms
[2024-12-17T09:01:22.836+0700][gc,phases   ] GC(321)   Evacuate Collection Set: 40.5ms
[2024-12-17T09:01:22.836+0700][gc,phases   ] GC(321)   Post Evacuate Collection Set: 2.3ms
[2024-12-17T09:01:22.836+0700][gc,phases   ] GC(321)   Other: 1.0ms
[2024-12-17T09:01:22.836+0700][gc,heap     ] GC(321) Eden regions: 48->0(44)
[2024-12-17T09:01:22.836+0700][gc,heap     ] GC(321) Survivor regions: 3->7(7)
[2024-12-17T09:01:22.836+0700][gc,heap     ] GC(321) Old regions: 198->198
[2024-12-17T09:01:22.836+0700][gc,heap     ] GC(321) Archive regions: 2->2
[2024-12-17T09:01:22.836+0700][gc,heap     ] GC(321) Humongous regions: 129->129
[2024-12-17T09:01:22.836+0700][gc,metaspace] GC(321) Metaspace: 45470K(46080K)->45470K(46080K) NonClass: 40245K(40576K)->40245K(40576K) Class: 5225K(5504K)->5225K(5504K)
[2024-12-17T09:01:22.836+0700][gc          ] GC(321) Pause Young (Normal) (G1 Evacuation Pause) 378M->334M(1024M) 47.345ms
[2024-12-17T09:01:22.836+0700][gc,cpu      ] GC(321) User=0.09s Sys=0.00s Real=0.05s
[2024-12-17T09:02:58.243+0700][gc,start    ] GC(322) Pause Young (Normal) (G1 Evacuation Pause)
[2024-12-17T09:02:58.243+0700][gc,task     ] GC(322) Using 2 workers of 2 for evacuation
[2024-12-17T09:02:58.299+0700][gc,mmu      ] GC(322) MMU target violated: 21.0ms (20.0ms/21.0ms)
[2024-12-17T09:02:58.299+0700][gc,phases   ] GC(322)   Pre Evacuate Collection Set: 2.9ms
[2024-12-17T09:02:58.299+0700][gc,phases   ] GC(322)   Merge Heap Roots: 1.0ms
[2024-12-17T09:02:58.299+0700][gc,phases   ] GC(322)   Evacuate Collection Set: 47.9ms
[2024-12-17T09:02:58.299+0700][gc,phases   ] GC(322)   Post Evacuate Collection Set: 3.7ms
[2024-12-17T09:02:58.299+0700][gc,phases   ] GC(322)   Other: 1.5ms
[2024-12-17T09:02:58.299+0700][gc,heap     ] GC(322) Eden regions: 44->0(48)
[2024-12-17T09:02:58.299+0700][gc,heap     ] GC(322) Survivor regions: 7->3(7)
[2024-12-17T09:02:58.299+0700][gc,heap     ] GC(322) Old regions: 198->203
[2024-12-17T09:02:58.299+0700][gc,heap     ] GC(322) Archive regions: 2->2
[2024-12-17T09:02:58.299+0700][gc,heap     ] GC(322) Humongous regions: 129->129
[2024-12-17T09:02:58.299+0700][gc,metaspace] GC(322) Metaspace: 45470K(46080K)->45470K(46080K) NonClass: 40245K(40576K)->40245K(40576K) Class: 5225K(5504K)->5225K(5504K)
[2024-12-17T09:02:58.300+0700][gc          ] GC(322) Pause Young (Normal) (G1 Evacuation Pause) 378M->334M(1024M) 57.015ms
[2024-12-17T09:02:58.300+0700][gc,cpu      ] GC(322) User=0.10s Sys=0.00s Real=0.06s
[2024-12-17T09:04:43.082+0700][gc,start    ] GC(323) Pause Young (Normal) (G1 Evacuation Pause)
[2024-12-17T09:04:43.082+0700][gc,task     ] GC(323) Using 2 workers of 2 for evacuation
[2024-12-17T09:04:43.127+0700][gc,mmu      ] GC(323) MMU target violated: 21.0ms (20.0ms/21.0ms)
[2024-12-17T09:04:43.127+0700][gc,phases   ] GC(323)   Pre Evacuate Collection Set: 2.7ms
[2024-12-17T09:04:43.127+0700][gc,phases   ] GC(323)   Merge Heap Roots: 0.7ms
[2024-12-17T09:04:43.127+0700][gc,phases   ] GC(323)   Evacuate Collection Set: 37.9ms
[2024-12-17T09:04:43.127+0700][gc,phases   ] GC(323)   Post Evacuate Collection Set: 3.4ms
[2024-12-17T09:04:43.128+0700][gc,phases   ] GC(323)   Other: 1.4ms
[2024-12-17T09:04:43.128+0700][gc,heap     ] GC(323) Eden regions: 48->0(45)
[2024-12-17T09:04:43.128+0700][gc,heap     ] GC(323) Survivor regions: 3->6(7)
[2024-12-17T09:04:43.128+0700][gc,heap     ] GC(323) Old regions: 203->203
[2024-12-17T09:04:43.128+0700][gc,heap     ] GC(323) Archive regions: 2->2
[2024-12-17T09:04:43.128+0700][gc,heap     ] GC(323) Humongous regions: 129->129
[2024-12-17T09:04:43.128+0700][gc,metaspace] GC(323) Metaspace: 45470K(46080K)->45470K(46080K) NonClass: 40245K(40576K)->40245K(40576K) Class: 5225K(5504K)->5225K(5504K)
[2024-12-17T09:04:43.128+0700][gc          ] GC(323) Pause Young (Normal) (G1 Evacuation Pause) 382M->337M(1024M) 46.183ms
[2024-12-17T09:04:43.128+0700][gc,cpu      ] GC(323) User=0.09s Sys=0.00s Real=0.05s
[2024-12-17T09:06:20.483+0700][gc,start    ] GC(324) Pause Young (Normal) (G1 Evacuation Pause)
[2024-12-17T09:06:20.484+0700][gc,task     ] GC(324) Using 2 workers of 2 for evacuation
[2024-12-17T09:06:20.544+0700][gc,mmu      ] GC(324) MMU target violated: 21.0ms (20.0ms/21.0ms)
[2024-12-17T09:06:20.544+0700][gc,phases   ] GC(324)   Pre Evacuate Collection Set: 3.3ms
[2024-12-17T09:06:20.544+0700][gc,phases   ] GC(324)   Merge Heap Roots: 1.0ms
[2024-12-17T09:06:20.544+0700][gc,phases   ] GC(324)   Evacuate Collection Set: 51.8ms
[2024-12-17T09:06:20.544+0700][gc,phases   ] GC(324)   Post Evacuate Collection Set: 3.3ms
[2024-12-17T09:06:20.544+0700][gc,phases   ] GC(324)   Other: 1.3ms
[2024-12-17T09:06:20.544+0700][gc,heap     ] GC(324) Eden regions: 45->0(44)
[2024-12-17T09:06:20.544+0700][gc,heap     ] GC(324) Survivor regions: 6->7(7)
[2024-12-17T09:06:20.544+0700][gc,heap     ] GC(324) Old regions: 203->205
[2024-12-17T09:06:20.544+0700][gc,heap     ] GC(324) Archive regions: 2->2
[2024-12-17T09:06:20.544+0700][gc,heap     ] GC(324) Humongous regions: 129->129
[2024-12-17T09:06:20.544+0700][gc,metaspace] GC(324) Metaspace: 45470K(46080K)->45470K(46080K) NonClass: 40245K(40576K)->40245K(40576K) Class: 5225K(5504K)->5225K(5504K)
[2024-12-17T09:06:20.544+0700][gc          ] GC(324) Pause Young (Normal) (G1 Evacuation Pause) 382M->341M(1024M) 60.706ms
[2024-12-17T09:06:20.544+0700][gc,cpu      ] GC(324) User=0.12s Sys=0.00s Real=0.07s
[2024-12-17T09:07:55.900+0700][gc,start    ] GC(325) Pause Young (Normal) (G1 Evacuation Pause)
[2024-12-17T09:07:55.900+0700][gc,task     ] GC(325) Using 2 workers of 2 for evacuation
[2024-12-17T09:07:55.949+0700][gc,mmu      ] GC(325) MMU target violated: 21.0ms (20.0ms/21.0ms)
[2024-12-17T09:07:55.950+0700][gc,phases   ] GC(325)   Pre Evacuate Collection Set: 3.6ms
[2024-12-17T09:07:55.950+0700][gc,phases   ] GC(325)   Merge Heap Roots: 0.8ms
[2024-12-17T09:07:55.950+0700][gc,phases   ] GC(325)   Evacuate Collection Set: 40.8ms
[2024-12-17T09:07:55.950+0700][gc,phases   ] GC(325)   Post Evacuate Collection Set: 3.7ms
[2024-12-17T09:07:55.950+0700][gc,phases   ] GC(325)   Other: 1.3ms
[2024-12-17T09:07:55.950+0700][gc,heap     ] GC(325) Eden regions: 44->0(48)
[2024-12-17T09:07:55.950+0700][gc,heap     ] GC(325) Survivor regions: 7->3(7)
[2024-12-17T09:07:55.950+0700][gc,heap     ] GC(325) Old regions: 205->209
[2024-12-17T09:07:55.950+0700][gc,heap     ] GC(325) Archive regions: 2->2
[2024-12-17T09:07:55.950+0700][gc,heap     ] GC(325) Humongous regions: 129->129
[2024-12-17T09:07:55.950+0700][gc,metaspace] GC(325) Metaspace: 45470K(46080K)->45470K(46080K) NonClass: 40245K(40576K)->40245K(40576K) Class: 5225K(5504K)->5225K(5504K)
[2024-12-17T09:07:55.950+0700][gc          ] GC(325) Pause Young (Normal) (G1 Evacuation Pause) 385M->341M(1024M) 50.200ms
[2024-12-17T09:07:55.950+0700][gc,cpu      ] GC(325) User=0.09s Sys=0.00s Real=0.05s
[2024-12-17T09:09:39.381+0700][gc,start    ] GC(326) Pause Young (Normal) (G1 Evacuation Pause)
[2024-12-17T09:09:39.382+0700][gc,task     ] GC(326) Using 2 workers of 2 for evacuation
[2024-12-17T09:09:39.444+0700][gc,mmu      ] GC(326) MMU target violated: 21.0ms (20.0ms/21.0ms)
[2024-12-17T09:09:39.444+0700][gc,phases   ] GC(326)   Pre Evacuate Collection Set: 4.2ms
[2024-12-17T09:09:39.444+0700][gc,phases   ] GC(326)   Merge Heap Roots: 0.9ms
[2024-12-17T09:09:39.444+0700][gc,phases   ] GC(326)   Evacuate Collection Set: 54.1ms
[2024-12-17T09:09:39.445+0700][gc,phases   ] GC(326)   Post Evacuate Collection Set: 3.0ms
[2024-12-17T09:09:39.445+0700][gc,phases   ] GC(326)   Other: 1.3ms
[2024-12-17T09:09:39.445+0700][gc,heap     ] GC(326) Eden regions: 48->0(44)
[2024-12-17T09:09:39.445+0700][gc,heap     ] GC(326) Survivor regions: 3->7(7)
[2024-12-17T09:09:39.445+0700][gc,heap     ] GC(326) Old regions: 209->209
[2024-12-17T09:09:39.445+0700][gc,heap     ] GC(326) Archive regions: 2->2
[2024-12-17T09:09:39.445+0700][gc,heap     ] GC(326) Humongous regions: 129->129
[2024-12-17T09:09:39.445+0700][gc,metaspace] GC(326) Metaspace: 45470K(46080K)->45470K(46080K) NonClass: 40245K(40576K)->40245K(40576K) Class: 5225K(5504K)->5225K(5504K)
[2024-12-17T09:09:39.445+0700][gc          ] GC(326) Pause Young (Normal) (G1 Evacuation Pause) 389M->345M(1024M) 63.497ms
[2024-12-17T09:09:39.445+0700][gc,cpu      ] GC(326) User=0.12s Sys=0.00s Real=0.07s
[2024-12-17T09:11:09.351+0700][gc,start    ] GC(327) Pause Young (Normal) (G1 Evacuation Pause)
[2024-12-17T09:11:09.352+0700][gc,task     ] GC(327) Using 2 workers of 2 for evacuation
[2024-12-17T09:11:09.438+0700][gc,mmu      ] GC(327) MMU target violated: 21.0ms (20.0ms/21.0ms)
[2024-12-17T09:11:09.438+0700][gc,phases   ] GC(327)   Pre Evacuate Collection Set: 4.1ms
[2024-12-17T09:11:09.438+0700][gc,phases   ] GC(327)   Merge Heap Roots: 0.5ms
[2024-12-17T09:11:09.438+0700][gc,phases   ] GC(327)   Evacuate Collection Set: 78.0ms
[2024-12-17T09:11:09.438+0700][gc,phases   ] GC(327)   Post Evacuate Collection Set: 2.7ms
[2024-12-17T09:11:09.438+0700][gc,phases   ] GC(327)   Other: 1.3ms
[2024-12-17T09:11:09.438+0700][gc,heap     ] GC(327) Eden regions: 44->0(44)
[2024-12-17T09:11:09.438+0700][gc,heap     ] GC(327) Survivor regions: 7->7(7)
[2024-12-17T09:11:09.438+0700][gc,heap     ] GC(327) Old regions: 209->214
[2024-12-17T09:11:09.438+0700][gc,heap     ] GC(327) Archive regions: 2->2
[2024-12-17T09:11:09.438+0700][gc,heap     ] GC(327) Humongous regions: 129->129
[2024-12-17T09:11:09.438+0700][gc,metaspace] GC(327) Metaspace: 45470K(46080K)->45470K(46080K) NonClass: 40245K(40576K)->40245K(40576K) Class: 5225K(5504K)->5225K(5504K)
[2024-12-17T09:11:09.438+0700][gc          ] GC(327) Pause Young (Normal) (G1 Evacuation Pause) 389M->349M(1024M) 86.818ms
[2024-12-17T09:11:09.438+0700][gc,cpu      ] GC(327) User=0.13s Sys=0.00s Real=0.09s
[2024-12-17T09:12:44.358+0700][gc,start    ] GC(328) Pause Young (Normal) (G1 Evacuation Pause)
[2024-12-17T09:12:44.358+0700][gc,task     ] GC(328) Using 2 workers of 2 for evacuation
[2024-12-17T09:12:44.397+0700][gc,mmu      ] GC(328) MMU target violated: 21.0ms (20.0ms/21.0ms)
[2024-12-17T09:12:44.398+0700][gc,phases   ] GC(328)   Pre Evacuate Collection Set: 3.7ms
[2024-12-17T09:12:44.398+0700][gc,phases   ] GC(328)   Merge Heap Roots: 1.0ms
[2024-12-17T09:12:44.398+0700][gc,phases   ] GC(328)   Evacuate Collection Set: 30.7ms
[2024-12-17T09:12:44.398+0700][gc,phases   ] GC(328)   Post Evacuate Collection Set: 3.2ms
[2024-12-17T09:12:44.398+0700][gc,phases   ] GC(328)   Other: 1.4ms
[2024-12-17T09:12:44.398+0700][gc,heap     ] GC(328) Eden regions: 44->0(49)
[2024-12-17T09:12:44.398+0700][gc,heap     ] GC(328) Survivor regions: 7->2(7)
[2024-12-17T09:12:44.398+0700][gc,heap     ] GC(328) Old regions: 214->217
[2024-12-17T09:12:44.398+0700][gc,heap     ] GC(328) Archive regions: 2->2
[2024-12-17T09:12:44.398+0700][gc,heap     ] GC(328) Humongous regions: 129->129
[2024-12-17T09:12:44.398+0700][gc,metaspace] GC(328) Metaspace: 45471K(46080K)->45471K(46080K) NonClass: 40246K(40576K)->40246K(40576K) Class: 5225K(5504K)->5225K(5504K)
[2024-12-17T09:12:44.398+0700][gc          ] GC(328) Pause Young (Normal) (G1 Evacuation Pause) 393M->348M(1024M) 39.926ms
[2024-12-17T09:12:44.398+0700][gc,cpu      ] GC(328) User=0.07s Sys=0.00s Real=0.04s
[2024-12-17T09:14:29.724+0700][gc,start    ] GC(329) Pause Young (Normal) (G1 Evacuation Pause)
[2024-12-17T09:14:29.724+0700][gc,task     ] GC(329) Using 2 workers of 2 for evacuation
[2024-12-17T09:14:29.767+0700][gc,mmu      ] GC(329) MMU target violated: 21.0ms (20.0ms/21.0ms)
[2024-12-17T09:14:29.768+0700][gc,phases   ] GC(329)   Pre Evacuate Collection Set: 4.0ms
[2024-12-17T09:14:29.768+0700][gc,phases   ] GC(329)   Merge Heap Roots: 1.0ms
[2024-12-17T09:14:29.768+0700][gc,phases   ] GC(329)   Evacuate Collection Set: 34.5ms
[2024-12-17T09:14:29.768+0700][gc,phases   ] GC(329)   Post Evacuate Collection Set: 2.8ms
[2024-12-17T09:14:29.768+0700][gc,phases   ] GC(329)   Other: 1.7ms
[2024-12-17T09:14:29.768+0700][gc,heap     ] GC(329) Eden regions: 49->0(45)
[2024-12-17T09:14:29.768+0700][gc,heap     ] GC(329) Survivor regions: 2->6(7)
[2024-12-17T09:14:29.768+0700][gc,heap     ] GC(329) Old regions: 217->217
[2024-12-17T09:14:29.768+0700][gc,heap     ] GC(329) Archive regions: 2->2
[2024-12-17T09:14:29.768+0700][gc,heap     ] GC(329) Humongous regions: 129->129
[2024-12-17T09:14:29.768+0700][gc,metaspace] GC(329) Metaspace: 45471K(46080K)->45471K(46080K) NonClass: 40246K(40576K)->40246K(40576K) Class: 5225K(5504K)->5225K(5504K)
[2024-12-17T09:14:29.768+0700][gc          ] GC(329) Pause Young (Normal) (G1 Evacuation Pause) 397M->352M(1024M) 44.013ms
[2024-12-17T09:14:29.768+0700][gc,cpu      ] GC(329) User=0.08s Sys=0.00s Real=0.05s
[2024-12-17T09:16:07.358+0700][gc,start    ] GC(330) Pause Young (Normal) (G1 Evacuation Pause)
[2024-12-17T09:16:07.358+0700][gc,task     ] GC(330) Using 2 workers of 2 for evacuation
[2024-12-17T09:16:07.434+0700][gc,mmu      ] GC(330) MMU target violated: 21.0ms (20.0ms/21.0ms)
[2024-12-17T09:16:07.434+0700][gc,phases   ] GC(330)   Pre Evacuate Collection Set: 4.2ms
[2024-12-17T09:16:07.434+0700][gc,phases   ] GC(330)   Merge Heap Roots: 0.8ms
[2024-12-17T09:16:07.434+0700][gc,phases   ] GC(330)   Evacuate Collection Set: 66.7ms
[2024-12-17T09:16:07.434+0700][gc,phases   ] GC(330)   Post Evacuate Collection Set: 3.1ms
[2024-12-17T09:16:07.434+0700][gc,phases   ] GC(330)   Other: 1.6ms
[2024-12-17T09:16:07.434+0700][gc,heap     ] GC(330) Eden regions: 45->0(46)
[2024-12-17T09:16:07.434+0700][gc,heap     ] GC(330) Survivor regions: 6->5(7)
[2024-12-17T09:16:07.434+0700][gc,heap     ] GC(330) Old regions: 217->221
[2024-12-17T09:16:07.434+0700][gc,heap     ] GC(330) Archive regions: 2->2
[2024-12-17T09:16:07.434+0700][gc,heap     ] GC(330) Humongous regions: 129->129
[2024-12-17T09:16:07.434+0700][gc,metaspace] GC(330) Metaspace: 45471K(46080K)->45471K(46080K) NonClass: 40246K(40576K)->40246K(40576K) Class: 5225K(5504K)->5225K(5504K)
[2024-12-17T09:16:07.434+0700][gc          ] GC(330) Pause Young (Normal) (G1 Evacuation Pause) 397M->355M(1024M) 76.292ms
[2024-12-17T09:16:07.434+0700][gc,cpu      ] GC(330) User=0.15s Sys=0.00s Real=0.07s
[2024-12-17T09:17:47.083+0700][gc,start    ] GC(331) Pause Young (Normal) (G1 Evacuation Pause)
[2024-12-17T09:17:47.083+0700][gc,task     ] GC(331) Using 2 workers of 2 for evacuation
[2024-12-17T09:17:47.125+0700][gc,mmu      ] GC(331) MMU target violated: 21.0ms (20.0ms/21.0ms)
[2024-12-17T09:17:47.125+0700][gc,phases   ] GC(331)   Pre Evacuate Collection Set: 2.7ms
[2024-12-17T09:17:47.125+0700][gc,phases   ] GC(331)   Merge Heap Roots: 1.0ms
[2024-12-17T09:17:47.125+0700][gc,phases   ] GC(331)   Evacuate Collection Set: 34.1ms
[2024-12-17T09:17:47.125+0700][gc,phases   ] GC(331)   Post Evacuate Collection Set: 3.5ms
[2024-12-17T09:17:47.125+0700][gc,phases   ] GC(331)   Other: 1.7ms
[2024-12-17T09:17:47.125+0700][gc,heap     ] GC(331) Eden regions: 46->0(47)
[2024-12-17T09:17:47.125+0700][gc,heap     ] GC(331) Survivor regions: 5->4(7)
[2024-12-17T09:17:47.125+0700][gc,heap     ] GC(331) Old regions: 221->223
[2024-12-17T09:17:47.125+0700][gc,heap     ] GC(331) Archive regions: 2->2
[2024-12-17T09:17:47.125+0700][gc,heap     ] GC(331) Humongous regions: 129->129
[2024-12-17T09:17:47.125+0700][gc,metaspace] GC(331) Metaspace: 45471K(46080K)->45471K(46080K) NonClass: 40246K(40576K)->40246K(40576K) Class: 5225K(5504K)->5225K(5504K)
[2024-12-17T09:17:47.126+0700][gc          ] GC(331) Pause Young (Normal) (G1 Evacuation Pause) 401M->356M(1024M) 42.918ms
[2024-12-17T09:17:47.126+0700][gc,cpu      ] GC(331) User=0.08s Sys=0.00s Real=0.05s
[2024-12-17T09:19:29.315+0700][gc,start    ] GC(332) Pause Young (Normal) (G1 Evacuation Pause)
[2024-12-17T09:19:29.315+0700][gc,task     ] GC(332) Using 2 workers of 2 for evacuation
[2024-12-17T09:19:29.373+0700][gc,mmu      ] GC(332) MMU target violated: 21.0ms (20.0ms/21.0ms)
[2024-12-17T09:19:29.374+0700][gc,phases   ] GC(332)   Pre Evacuate Collection Set: 3.8ms
[2024-12-17T09:19:29.374+0700][gc,phases   ] GC(332)   Merge Heap Roots: 1.0ms
[2024-12-17T09:19:29.374+0700][gc,phases   ] GC(332)   Evacuate Collection Set: 49.9ms
[2024-12-17T09:19:29.374+0700][gc,phases   ] GC(332)   Post Evacuate Collection Set: 3.2ms
[2024-12-17T09:19:29.374+0700][gc,phases   ] GC(332)   Other: 1.2ms
[2024-12-17T09:19:29.374+0700][gc,heap     ] GC(332) Eden regions: 47->0(44)
[2024-12-17T09:19:29.374+0700][gc,heap     ] GC(332) Survivor regions: 4->7(7)
[2024-12-17T09:19:29.374+0700][gc,heap     ] GC(332) Old regions: 223->223
[2024-12-17T09:19:29.374+0700][gc,heap     ] GC(332) Archive regions: 2->2
[2024-12-17T09:19:29.374+0700][gc,heap     ] GC(332) Humongous regions: 129->129
[2024-12-17T09:19:29.374+0700][gc,metaspace] GC(332) Metaspace: 45471K(46080K)->45471K(46080K) NonClass: 40246K(40576K)->40246K(40576K) Class: 5225K(5504K)->5225K(5504K)
[2024-12-17T09:19:29.374+0700][gc          ] GC(332) Pause Young (Normal) (G1 Evacuation Pause) 403M->359M(1024M) 58.985ms
[2024-12-17T09:19:29.374+0700][gc,cpu      ] GC(332) User=0.10s Sys=0.00s Real=0.06s
[2024-12-17T09:21:05.124+0700][gc,start    ] GC(333) Pause Young (Normal) (G1 Evacuation Pause)
[2024-12-17T09:21:05.125+0700][gc,task     ] GC(333) Using 2 workers of 2 for evacuation
[2024-12-17T09:21:05.181+0700][gc,mmu      ] GC(333) MMU target violated: 21.0ms (20.0ms/21.0ms)
[2024-12-17T09:21:05.181+0700][gc,phases   ] GC(333)   Pre Evacuate Collection Set: 3.7ms
[2024-12-17T09:21:05.181+0700][gc,phases   ] GC(333)   Merge Heap Roots: 0.7ms
[2024-12-17T09:21:05.181+0700][gc,phases   ] GC(333)   Evacuate Collection Set: 47.7ms
[2024-12-17T09:21:05.181+0700][gc,phases   ] GC(333)   Post Evacuate Collection Set: 3.6ms
[2024-12-17T09:21:05.181+0700][gc,phases   ] GC(333)   Other: 1.1ms
[2024-12-17T09:21:05.181+0700][gc,heap     ] GC(333) Eden regions: 44->0(48)
[2024-12-17T09:21:05.181+0700][gc,heap     ] GC(333) Survivor regions: 7->3(7)
[2024-12-17T09:21:05.181+0700][gc,heap     ] GC(333) Old regions: 223->228
[2024-12-17T09:21:05.181+0700][gc,heap     ] GC(333) Archive regions: 2->2
[2024-12-17T09:21:05.181+0700][gc,heap     ] GC(333) Humongous regions: 129->129
[2024-12-17T09:21:05.181+0700][gc,metaspace] GC(333) Metaspace: 45471K(46080K)->45471K(46080K) NonClass: 40246K(40576K)->40246K(40576K) Class: 5225K(5504K)->5225K(5504K)
[2024-12-17T09:21:05.181+0700][gc          ] GC(333) Pause Young (Normal) (G1 Evacuation Pause) 403M->360M(1024M) 56.900ms
[2024-12-17T09:21:05.181+0700][gc,cpu      ] GC(333) User=0.10s Sys=0.00s Real=0.05s
[2024-12-17T09:22:49.595+0700][gc,start    ] GC(334) Pause Young (Normal) (G1 Evacuation Pause)
[2024-12-17T09:22:49.595+0700][gc,task     ] GC(334) Using 2 workers of 2 for evacuation
[2024-12-17T09:22:49.644+0700][gc,mmu      ] GC(334) MMU target violated: 21.0ms (20.0ms/21.0ms)
[2024-12-17T09:22:49.644+0700][gc,phases   ] GC(334)   Pre Evacuate Collection Set: 3.2ms
[2024-12-17T09:22:49.645+0700][gc,phases   ] GC(334)   Merge Heap Roots: 0.7ms
[2024-12-17T09:22:49.645+0700][gc,phases   ] GC(334)   Evacuate Collection Set: 41.7ms
[2024-12-17T09:22:49.645+0700][gc,phases   ] GC(334)   Post Evacuate Collection Set: 2.7ms
[2024-12-17T09:22:49.645+0700][gc,phases   ] GC(334)   Other: 1.6ms
[2024-12-17T09:22:49.645+0700][gc,heap     ] GC(334) Eden regions: 48->0(44)
[2024-12-17T09:22:49.645+0700][gc,heap     ] GC(334) Survivor regions: 3->7(7)
[2024-12-17T09:22:49.645+0700][gc,heap     ] GC(334) Old regions: 228->228
[2024-12-17T09:22:49.645+0700][gc,heap     ] GC(334) Archive regions: 2->2
[2024-12-17T09:22:49.645+0700][gc,heap     ] GC(334) Humongous regions: 129->129
[2024-12-17T09:22:49.645+0700][gc,metaspace] GC(334) Metaspace: 45471K(46080K)->45471K(46080K) NonClass: 40246K(40576K)->40246K(40576K) Class: 5225K(5504K)->5225K(5504K)
[2024-12-17T09:22:49.645+0700][gc          ] GC(334) Pause Young (Normal) (G1 Evacuation Pause) 408M->363M(1024M) 50.060ms
[2024-12-17T09:22:49.645+0700][gc,cpu      ] GC(334) User=0.09s Sys=0.00s Real=0.06s
[2024-12-17T09:24:25.325+0700][gc,start    ] GC(335) Pause Young (Normal) (G1 Evacuation Pause)
[2024-12-17T09:24:25.325+0700][gc,task     ] GC(335) Using 2 workers of 2 for evacuation
[2024-12-17T09:24:25.393+0700][gc,mmu      ] GC(335) MMU target violated: 21.0ms (20.0ms/21.0ms)
[2024-12-17T09:24:25.393+0700][gc,phases   ] GC(335)   Pre Evacuate Collection Set: 2.9ms
[2024-12-17T09:24:25.393+0700][gc,phases   ] GC(335)   Merge Heap Roots: 0.9ms
[2024-12-17T09:24:25.393+0700][gc,phases   ] GC(335)   Evacuate Collection Set: 60.1ms
[2024-12-17T09:24:25.393+0700][gc,phases   ] GC(335)   Post Evacuate Collection Set: 3.5ms
[2024-12-17T09:24:25.393+0700][gc,phases   ] GC(335)   Other: 1.5ms
[2024-12-17T09:24:25.393+0700][gc,heap     ] GC(335) Eden regions: 44->0(46)
[2024-12-17T09:24:25.393+0700][gc,heap     ] GC(335) Survivor regions: 7->5(7)
[2024-12-17T09:24:25.393+0700][gc,heap     ] GC(335) Old regions: 228->232
[2024-12-17T09:24:25.393+0700][gc,heap     ] GC(335) Archive regions: 2->2
[2024-12-17T09:24:25.393+0700][gc,heap     ] GC(335) Humongous regions: 129->129
[2024-12-17T09:24:25.393+0700][gc,metaspace] GC(335) Metaspace: 45471K(46080K)->45471K(46080K) NonClass: 40246K(40576K)->40246K(40576K) Class: 5225K(5504K)->5225K(5504K)
[2024-12-17T09:24:25.394+0700][gc          ] GC(335) Pause Young (Normal) (G1 Evacuation Pause) 407M->366M(1024M) 68.858ms
[2024-12-17T09:24:25.394+0700][gc,cpu      ] GC(335) User=0.13s Sys=0.00s Real=0.06s
[2024-12-17T09:26:05.265+0700][gc,start    ] GC(336) Pause Young (Normal) (G1 Evacuation Pause)
[2024-12-17T09:26:05.266+0700][gc,task     ] GC(336) Using 2 workers of 2 for evacuation
[2024-12-17T09:26:05.318+0700][gc,mmu      ] GC(336) MMU target violated: 21.0ms (20.0ms/21.0ms)
[2024-12-17T09:26:05.318+0700][gc,phases   ] GC(336)   Pre Evacuate Collection Set: 2.9ms
[2024-12-17T09:26:05.318+0700][gc,phases   ] GC(336)   Merge Heap Roots: 0.8ms
[2024-12-17T09:26:05.318+0700][gc,phases   ] GC(336)   Evacuate Collection Set: 44.1ms
[2024-12-17T09:26:05.318+0700][gc,phases   ] GC(336)   Post Evacuate Collection Set: 3.7ms
[2024-12-17T09:26:05.318+0700][gc,phases   ] GC(336)   Other: 1.4ms
[2024-12-17T09:26:05.318+0700][gc,heap     ] GC(336) Eden regions: 46->0(47)
[2024-12-17T09:26:05.318+0700][gc,heap     ] GC(336) Survivor regions: 5->4(7)
[2024-12-17T09:26:05.318+0700][gc,heap     ] GC(336) Old regions: 232->234
[2024-12-17T09:26:05.318+0700][gc,heap     ] GC(336) Archive regions: 2->2
[2024-12-17T09:26:05.318+0700][gc,heap     ] GC(336) Humongous regions: 129->129
[2024-12-17T09:26:05.318+0700][gc,metaspace] GC(336) Metaspace: 45471K(46080K)->45471K(46080K) NonClass: 40246K(40576K)->40246K(40576K) Class: 5225K(5504K)->5225K(5504K)
[2024-12-17T09:26:05.318+0700][gc          ] GC(336) Pause Young (Normal) (G1 Evacuation Pause) 412M->367M(1024M) 52.830ms
[2024-12-17T09:26:05.318+0700][gc,cpu      ] GC(336) User=0.09s Sys=0.01s Real=0.05s
[2024-12-17T09:27:47.122+0700][gc,start    ] GC(337) Pause Young (Normal) (G1 Evacuation Pause)
[2024-12-17T09:27:47.122+0700][gc,task     ] GC(337) Using 2 workers of 2 for evacuation
[2024-12-17T09:27:47.172+0700][gc,mmu      ] GC(337) MMU target violated: 21.0ms (20.0ms/21.0ms)
[2024-12-17T09:27:47.172+0700][gc,phases   ] GC(337)   Pre Evacuate Collection Set: 2.9ms
[2024-12-17T09:27:47.172+0700][gc,phases   ] GC(337)   Merge Heap Roots: 0.7ms
[2024-12-17T09:27:47.172+0700][gc,phases   ] GC(337)   Evacuate Collection Set: 43.0ms
[2024-12-17T09:27:47.172+0700][gc,phases   ] GC(337)   Post Evacuate Collection Set: 2.2ms
[2024-12-17T09:27:47.172+0700][gc,phases   ] GC(337)   Other: 1.3ms
[2024-12-17T09:27:47.172+0700][gc,heap     ] GC(337) Eden regions: 47->0(44)
[2024-12-17T09:27:47.172+0700][gc,heap     ] GC(337) Survivor regions: 4->7(7)
[2024-12-17T09:27:47.172+0700][gc,heap     ] GC(337) Old regions: 234->234
[2024-12-17T09:27:47.172+0700][gc,heap     ] GC(337) Archive regions: 2->2
[2024-12-17T09:27:47.172+0700][gc,heap     ] GC(337) Humongous regions: 129->129
[2024-12-17T09:27:47.172+0700][gc,metaspace] GC(337) Metaspace: 45471K(46080K)->45471K(46080K) NonClass: 40246K(40576K)->40246K(40576K) Class: 5225K(5504K)->5225K(5504K)
[2024-12-17T09:27:47.172+0700][gc          ] GC(337) Pause Young (Normal) (G1 Evacuation Pause) 414M->370M(1024M) 50.275ms
[2024-12-17T09:27:47.172+0700][gc,cpu      ] GC(337) User=0.10s Sys=0.00s Real=0.05s
[2024-12-17T09:29:21.988+0700][gc,start    ] GC(338) Pause Young (Normal) (G1 Evacuation Pause)
[2024-12-17T09:29:21.988+0700][gc,task     ] GC(338) Using 2 workers of 2 for evacuation
[2024-12-17T09:29:22.037+0700][gc,mmu      ] GC(338) MMU target violated: 21.0ms (20.0ms/21.0ms)
[2024-12-17T09:29:22.038+0700][gc,phases   ] GC(338)   Pre Evacuate Collection Set: 2.4ms
[2024-12-17T09:29:22.038+0700][gc,phases   ] GC(338)   Merge Heap Roots: 0.9ms
[2024-12-17T09:29:22.038+0700][gc,phases   ] GC(338)   Evacuate Collection Set: 42.7ms
[2024-12-17T09:29:22.038+0700][gc,phases   ] GC(338)   Post Evacuate Collection Set: 2.5ms
[2024-12-17T09:29:22.038+0700][gc,phases   ] GC(338)   Other: 1.3ms
[2024-12-17T09:29:22.038+0700][gc,heap     ] GC(338) Eden regions: 44->0(48)
[2024-12-17T09:29:22.038+0700][gc,heap     ] GC(338) Survivor regions: 7->3(7)
[2024-12-17T09:29:22.038+0700][gc,heap     ] GC(338) Old regions: 234->238
[2024-12-17T09:29:22.038+0700][gc,heap     ] GC(338) Archive regions: 2->2
[2024-12-17T09:29:22.038+0700][gc,heap     ] GC(338) Humongous regions: 129->129
[2024-12-17T09:29:22.038+0700][gc,metaspace] GC(338) Metaspace: 45471K(46080K)->45471K(46080K) NonClass: 40246K(40576K)->40246K(40576K) Class: 5225K(5504K)->5225K(5504K)
[2024-12-17T09:29:22.038+0700][gc          ] GC(338) Pause Young (Normal) (G1 Evacuation Pause) 414M->370M(1024M) 49.727ms
[2024-12-17T09:29:22.038+0700][gc,cpu      ] GC(338) User=0.09s Sys=0.00s Real=0.05s
[2024-12-17T09:31:06.150+0700][gc,start    ] GC(339) Pause Young (Normal) (G1 Evacuation Pause)
[2024-12-17T09:31:06.150+0700][gc,task     ] GC(339) Using 2 workers of 2 for evacuation
[2024-12-17T09:31:06.188+0700][gc,mmu      ] GC(339) MMU target violated: 21.0ms (20.0ms/21.0ms)
[2024-12-17T09:31:06.188+0700][gc,phases   ] GC(339)   Pre Evacuate Collection Set: 2.9ms
[2024-12-17T09:31:06.188+0700][gc,phases   ] GC(339)   Merge Heap Roots: 0.6ms
[2024-12-17T09:31:06.188+0700][gc,phases   ] GC(339)   Evacuate Collection Set: 30.9ms
[2024-12-17T09:31:06.188+0700][gc,phases   ] GC(339)   Post Evacuate Collection Set: 2.9ms
[2024-12-17T09:31:06.188+0700][gc,phases   ] GC(339)   Other: 1.3ms
[2024-12-17T09:31:06.188+0700][gc,heap     ] GC(339) Eden regions: 48->0(45)
[2024-12-17T09:31:06.188+0700][gc,heap     ] GC(339) Survivor regions: 3->6(7)
[2024-12-17T09:31:06.188+0700][gc,heap     ] GC(339) Old regions: 238->238
[2024-12-17T09:31:06.188+0700][gc,heap     ] GC(339) Archive regions: 2->2
[2024-12-17T09:31:06.189+0700][gc,heap     ] GC(339) Humongous regions: 129->129
[2024-12-17T09:31:06.189+0700][gc,metaspace] GC(339) Metaspace: 45471K(46080K)->45471K(46080K) NonClass: 40246K(40576K)->40246K(40576K) Class: 5225K(5504K)->5225K(5504K)
[2024-12-17T09:31:06.189+0700][gc          ] GC(339) Pause Young (Normal) (G1 Evacuation Pause) 418M->373M(1024M) 38.620ms
[2024-12-17T09:31:06.189+0700][gc,cpu      ] GC(339) User=0.07s Sys=0.00s Real=0.04s
[2024-12-17T09:32:44.038+0700][gc,start    ] GC(340) Pause Young (Normal) (G1 Evacuation Pause)
[2024-12-17T09:32:44.038+0700][gc,task     ] GC(340) Using 2 workers of 2 for evacuation
[2024-12-17T09:32:44.105+0700][gc,mmu      ] GC(340) MMU target violated: 21.0ms (20.0ms/21.0ms)
[2024-12-17T09:32:44.105+0700][gc,phases   ] GC(340)   Pre Evacuate Collection Set: 3.0ms
[2024-12-17T09:32:44.105+0700][gc,phases   ] GC(340)   Merge Heap Roots: 0.7ms
[2024-12-17T09:32:44.105+0700][gc,phases   ] GC(340)   Evacuate Collection Set: 59.5ms
[2024-12-17T09:32:44.105+0700][gc,phases   ] GC(340)   Post Evacuate Collection Set: 2.6ms
[2024-12-17T09:32:44.105+0700][gc,phases   ] GC(340)   Other: 1.0ms
[2024-12-17T09:32:44.105+0700][gc,heap     ] GC(340) Eden regions: 45->0(46)
[2024-12-17T09:32:44.105+0700][gc,heap     ] GC(340) Survivor regions: 6->5(7)
[2024-12-17T09:32:44.105+0700][gc,heap     ] GC(340) Old regions: 238->243
[2024-12-17T09:32:44.105+0700][gc,heap     ] GC(340) Archive regions: 2->2
[2024-12-17T09:32:44.105+0700][gc,heap     ] GC(340) Humongous regions: 129->129
[2024-12-17T09:32:44.105+0700][gc,metaspace] GC(340) Metaspace: 45471K(46080K)->45471K(46080K) NonClass: 40246K(40576K)->40246K(40576K) Class: 5225K(5504K)->5225K(5504K)
[2024-12-17T09:32:44.105+0700][gc          ] GC(340) Pause Young (Normal) (G1 Evacuation Pause) 418M->376M(1024M) 66.959ms
[2024-12-17T09:32:44.105+0700][gc,cpu      ] GC(340) User=0.12s Sys=0.01s Real=0.07s
[2024-12-17T09:34:24.023+0700][gc,start    ] GC(341) Pause Young (Normal) (G1 Evacuation Pause)
[2024-12-17T09:34:24.023+0700][gc,task     ] GC(341) Using 2 workers of 2 for evacuation
[2024-12-17T09:34:24.069+0700][gc,mmu      ] GC(341) MMU target violated: 21.0ms (20.0ms/21.0ms)
[2024-12-17T09:34:24.069+0700][gc,phases   ] GC(341)   Pre Evacuate Collection Set: 2.5ms
[2024-12-17T09:34:24.069+0700][gc,phases   ] GC(341)   Merge Heap Roots: 1.0ms
[2024-12-17T09:34:24.069+0700][gc,phases   ] GC(341)   Evacuate Collection Set: 37.3ms
[2024-12-17T09:34:24.069+0700][gc,phases   ] GC(341)   Post Evacuate Collection Set: 4.2ms
[2024-12-17T09:34:24.069+0700][gc,phases   ] GC(341)   Other: 1.5ms
[2024-12-17T09:34:24.069+0700][gc,heap     ] GC(341) Eden regions: 46->0(48)
[2024-12-17T09:34:24.069+0700][gc,heap     ] GC(341) Survivor regions: 5->3(7)
[2024-12-17T09:34:24.069+0700][gc,heap     ] GC(341) Old regions: 243->245
[2024-12-17T09:34:24.069+0700][gc,heap     ] GC(341) Archive regions: 2->2
[2024-12-17T09:34:24.069+0700][gc,heap     ] GC(341) Humongous regions: 129->129
[2024-12-17T09:34:24.069+0700][gc,metaspace] GC(341) Metaspace: 45471K(46080K)->45471K(46080K) NonClass: 40246K(40576K)->40246K(40576K) Class: 5225K(5504K)->5225K(5504K)
[2024-12-17T09:34:24.069+0700][gc          ] GC(341) Pause Young (Normal) (G1 Evacuation Pause) 422M->377M(1024M) 46.597ms
[2024-12-17T09:34:24.069+0700][gc,cpu      ] GC(341) User=0.08s Sys=0.00s Real=0.05s
[2024-12-17T09:36:07.904+0700][gc,start    ] GC(342) Pause Young (Normal) (G1 Evacuation Pause)
[2024-12-17T09:36:07.904+0700][gc,task     ] GC(342) Using 2 workers of 2 for evacuation
[2024-12-17T09:36:07.973+0700][gc,mmu      ] GC(342) MMU target violated: 21.0ms (20.0ms/21.0ms)
[2024-12-17T09:36:07.973+0700][gc,phases   ] GC(342)   Pre Evacuate Collection Set: 3.2ms
[2024-12-17T09:36:07.973+0700][gc,phases   ] GC(342)   Merge Heap Roots: 1.0ms
[2024-12-17T09:36:07.973+0700][gc,phases   ] GC(342)   Evacuate Collection Set: 60.9ms
[2024-12-17T09:36:07.973+0700][gc,phases   ] GC(342)   Post Evacuate Collection Set: 3.1ms
[2024-12-17T09:36:07.973+0700][gc,phases   ] GC(342)   Other: 1.4ms
[2024-12-17T09:36:07.973+0700][gc,heap     ] GC(342) Eden regions: 48->0(44)
[2024-12-17T09:36:07.973+0700][gc,heap     ] GC(342) Survivor regions: 3->7(7)
[2024-12-17T09:36:07.973+0700][gc,heap     ] GC(342) Old regions: 245->245
[2024-12-17T09:36:07.973+0700][gc,heap     ] GC(342) Archive regions: 2->2
[2024-12-17T09:36:07.973+0700][gc,heap     ] GC(342) Humongous regions: 129->129
[2024-12-17T09:36:07.973+0700][gc,metaspace] GC(342) Metaspace: 45471K(46080K)->45471K(46080K) NonClass: 40246K(40576K)->40246K(40576K) Class: 5225K(5504K)->5225K(5504K)
[2024-12-17T09:36:07.973+0700][gc          ] GC(342) Pause Young (Normal) (G1 Evacuation Pause) 425M->380M(1024M) 69.612ms
[2024-12-17T09:36:07.973+0700][gc,cpu      ] GC(342) User=0.12s Sys=0.00s Real=0.07s
[2024-12-17T09:37:43.065+0700][gc,start    ] GC(343) Pause Young (Normal) (G1 Evacuation Pause)
[2024-12-17T09:37:43.065+0700][gc,task     ] GC(343) Using 2 workers of 2 for evacuation
[2024-12-17T09:37:43.114+0700][gc,mmu      ] GC(343) MMU target violated: 21.0ms (20.0ms/21.0ms)
[2024-12-17T09:37:43.115+0700][gc,phases   ] GC(343)   Pre Evacuate Collection Set: 2.7ms
[2024-12-17T09:37:43.115+0700][gc,phases   ] GC(343)   Merge Heap Roots: 1.0ms
[2024-12-17T09:37:43.115+0700][gc,phases   ] GC(343)   Evacuate Collection Set: 41.6ms
[2024-12-17T09:37:43.115+0700][gc,phases   ] GC(343)   Post Evacuate Collection Set: 3.5ms
[2024-12-17T09:37:43.115+0700][gc,phases   ] GC(343)   Other: 1.3ms
[2024-12-17T09:37:43.115+0700][gc,heap     ] GC(343) Eden regions: 44->0(48)
[2024-12-17T09:37:43.115+0700][gc,heap     ] GC(343) Survivor regions: 7->3(7)
[2024-12-17T09:37:43.115+0700][gc,heap     ] GC(343) Old regions: 245->249
[2024-12-17T09:37:43.115+0700][gc,heap     ] GC(343) Archive regions: 2->2
[2024-12-17T09:37:43.115+0700][gc,heap     ] GC(343) Humongous regions: 129->129
[2024-12-17T09:37:43.115+0700][gc,metaspace] GC(343) Metaspace: 45471K(46080K)->45471K(46080K) NonClass: 40246K(40576K)->40246K(40576K) Class: 5225K(5504K)->5225K(5504K)
[2024-12-17T09:37:43.115+0700][gc          ] GC(343) Pause Young (Normal) (G1 Evacuation Pause) 424M->381M(1024M) 50.180ms
[2024-12-17T09:37:43.115+0700][gc,cpu      ] GC(343) User=0.07s Sys=0.02s Real=0.04s
[2024-12-17T09:39:27.706+0700][gc,start    ] GC(344) Pause Young (Normal) (G1 Evacuation Pause)
[2024-12-17T09:39:27.706+0700][gc,task     ] GC(344) Using 2 workers of 2 for evacuation
[2024-12-17T09:39:27.746+0700][gc,mmu      ] GC(344) MMU target violated: 21.0ms (20.0ms/21.0ms)
[2024-12-17T09:39:27.746+0700][gc,phases   ] GC(344)   Pre Evacuate Collection Set: 2.4ms
[2024-12-17T09:39:27.746+0700][gc,phases   ] GC(344)   Merge Heap Roots: 1.0ms
[2024-12-17T09:39:27.746+0700][gc,phases   ] GC(344)   Evacuate Collection Set: 33.0ms
[2024-12-17T09:39:27.746+0700][gc,phases   ] GC(344)   Post Evacuate Collection Set: 2.3ms
[2024-12-17T09:39:27.746+0700][gc,phases   ] GC(344)   Other: 1.2ms
[2024-12-17T09:39:27.746+0700][gc,heap     ] GC(344) Eden regions: 48->0(45)
[2024-12-17T09:39:27.746+0700][gc,heap     ] GC(344) Survivor regions: 3->6(7)
[2024-12-17T09:39:27.746+0700][gc,heap     ] GC(344) Old regions: 249->249
[2024-12-17T09:39:27.746+0700][gc,heap     ] GC(344) Archive regions: 2->2
[2024-12-17T09:39:27.746+0700][gc,heap     ] GC(344) Humongous regions: 129->129
[2024-12-17T09:39:27.746+0700][gc,metaspace] GC(344) Metaspace: 45471K(46080K)->45471K(46080K) NonClass: 40246K(40576K)->40246K(40576K) Class: 5225K(5504K)->5225K(5504K)
[2024-12-17T09:39:27.746+0700][gc          ] GC(344) Pause Young (Normal) (G1 Evacuation Pause) 429M->384M(1024M) 39.986ms
[2024-12-17T09:39:27.746+0700][gc,cpu      ] GC(344) User=0.08s Sys=0.00s Real=0.04s
[2024-12-17T09:41:05.134+0700][gc,start    ] GC(345) Pause Young (Normal) (G1 Evacuation Pause)
[2024-12-17T09:41:05.134+0700][gc,task     ] GC(345) Using 2 workers of 2 for evacuation
[2024-12-17T09:41:05.206+0700][gc,mmu      ] GC(345) MMU target violated: 21.0ms (20.0ms/21.0ms)
[2024-12-17T09:41:05.207+0700][gc,phases   ] GC(345)   Pre Evacuate Collection Set: 2.8ms
[2024-12-17T09:41:05.207+0700][gc,phases   ] GC(345)   Merge Heap Roots: 0.9ms
[2024-12-17T09:41:05.207+0700][gc,phases   ] GC(345)   Evacuate Collection Set: 63.9ms
[2024-12-17T09:41:05.207+0700][gc,phases   ] GC(345)   Post Evacuate Collection Set: 4.2ms
[2024-12-17T09:41:05.207+0700][gc,phases   ] GC(345)   Other: 1.6ms
[2024-12-17T09:41:05.207+0700][gc,heap     ] GC(345) Eden regions: 45->0(46)
[2024-12-17T09:41:05.207+0700][gc,heap     ] GC(345) Survivor regions: 6->5(7)
[2024-12-17T09:41:05.207+0700][gc,heap     ] GC(345) Old regions: 249->253
[2024-12-17T09:41:05.207+0700][gc,heap     ] GC(345) Archive regions: 2->2
[2024-12-17T09:41:05.207+0700][gc,heap     ] GC(345) Humongous regions: 129->129
[2024-12-17T09:41:05.207+0700][gc,metaspace] GC(345) Metaspace: 45471K(46080K)->45471K(46080K) NonClass: 40246K(40576K)->40246K(40576K) Class: 5225K(5504K)->5225K(5504K)
[2024-12-17T09:41:05.207+0700][gc          ] GC(345) Pause Young (Normal) (G1 Evacuation Pause) 429M->387M(1024M) 73.425ms
[2024-12-17T09:41:05.207+0700][gc,cpu      ] GC(345) User=0.13s Sys=0.00s Real=0.08s
[2024-12-17T09:42:44.599+0700][gc,start    ] GC(346) Pause Young (Normal) (G1 Evacuation Pause)
[2024-12-17T09:42:44.599+0700][gc,task     ] GC(346) Using 2 workers of 2 for evacuation
[2024-12-17T09:42:44.638+0700][gc,mmu      ] GC(346) MMU target violated: 21.0ms (20.0ms/21.0ms)
[2024-12-17T09:42:44.638+0700][gc,phases   ] GC(346)   Pre Evacuate Collection Set: 2.5ms
[2024-12-17T09:42:44.638+0700][gc,phases   ] GC(346)   Merge Heap Roots: 0.6ms
[2024-12-17T09:42:44.638+0700][gc,phases   ] GC(346)   Evacuate Collection Set: 31.5ms
[2024-12-17T09:42:44.638+0700][gc,phases   ] GC(346)   Post Evacuate Collection Set: 3.1ms
[2024-12-17T09:42:44.638+0700][gc,phases   ] GC(346)   Other: 1.3ms
[2024-12-17T09:42:44.638+0700][gc,heap     ] GC(346) Eden regions: 46->0(48)
[2024-12-17T09:42:44.638+0700][gc,heap     ] GC(346) Survivor regions: 5->3(7)
[2024-12-17T09:42:44.638+0700][gc,heap     ] GC(346) Old regions: 253->256
[2024-12-17T09:42:44.638+0700][gc,heap     ] GC(346) Archive regions: 2->2
[2024-12-17T09:42:44.638+0700][gc,heap     ] GC(346) Humongous regions: 129->129
[2024-12-17T09:42:44.638+0700][gc,metaspace] GC(346) Metaspace: 45471K(46080K)->45471K(46080K) NonClass: 40246K(40576K)->40246K(40576K) Class: 5225K(5504K)->5225K(5504K)
[2024-12-17T09:42:44.638+0700][gc          ] GC(346) Pause Young (Normal) (G1 Evacuation Pause) 433M->388M(1024M) 39.011ms
[2024-12-17T09:42:44.638+0700][gc,cpu      ] GC(346) User=0.07s Sys=0.00s Real=0.04s
[2024-12-17T09:44:29.240+0700][gc,start    ] GC(347) Pause Young (Normal) (G1 Evacuation Pause)
[2024-12-17T09:44:29.240+0700][gc,task     ] GC(347) Using 2 workers of 2 for evacuation
[2024-12-17T09:44:29.290+0700][gc,mmu      ] GC(347) MMU target violated: 21.0ms (20.0ms/21.0ms)
[2024-12-17T09:44:29.290+0700][gc,phases   ] GC(347)   Pre Evacuate Collection Set: 2.8ms
[2024-12-17T09:44:29.290+0700][gc,phases   ] GC(347)   Merge Heap Roots: 0.7ms
[2024-12-17T09:44:29.290+0700][gc,phases   ] GC(347)   Evacuate Collection Set: 43.0ms
[2024-12-17T09:44:29.290+0700][gc,phases   ] GC(347)   Post Evacuate Collection Set: 2.7ms
[2024-12-17T09:44:29.290+0700][gc,phases   ] GC(347)   Other: 1.4ms
[2024-12-17T09:44:29.290+0700][gc,heap     ] GC(347) Eden regions: 48->0(44)
[2024-12-17T09:44:29.290+0700][gc,heap     ] GC(347) Survivor regions: 3->7(7)
[2024-12-17T09:44:29.290+0700][gc,heap     ] GC(347) Old regions: 256->256
[2024-12-17T09:44:29.290+0700][gc,heap     ] GC(347) Archive regions: 2->2
[2024-12-17T09:44:29.290+0700][gc,heap     ] GC(347) Humongous regions: 129->129
[2024-12-17T09:44:29.290+0700][gc,metaspace] GC(347) Metaspace: 45471K(46080K)->45471K(46080K) NonClass: 40246K(40576K)->40246K(40576K) Class: 5225K(5504K)->5225K(5504K)
[2024-12-17T09:44:29.290+0700][gc          ] GC(347) Pause Young (Normal) (G1 Evacuation Pause) 436M->391M(1024M) 50.451ms
[2024-12-17T09:44:29.290+0700][gc,cpu      ] GC(347) User=0.10s Sys=0.00s Real=0.05s
[2024-12-17T09:46:04.979+0700][gc,start    ] GC(348) Pause Young (Normal) (G1 Evacuation Pause)
[2024-12-17T09:46:04.979+0700][gc,task     ] GC(348) Using 2 workers of 2 for evacuation
[2024-12-17T09:46:05.038+0700][gc,mmu      ] GC(348) MMU target violated: 21.0ms (20.0ms/21.0ms)
[2024-12-17T09:46:05.039+0700][gc,phases   ] GC(348)   Pre Evacuate Collection Set: 2.8ms
[2024-12-17T09:46:05.039+0700][gc,phases   ] GC(348)   Merge Heap Roots: 1.0ms
[2024-12-17T09:46:05.039+0700][gc,phases   ] GC(348)   Evacuate Collection Set: 51.4ms
[2024-12-17T09:46:05.039+0700][gc,phases   ] GC(348)   Post Evacuate Collection Set: 3.4ms
[2024-12-17T09:46:05.039+0700][gc,phases   ] GC(348)   Other: 1.5ms
[2024-12-17T09:46:05.039+0700][gc,heap     ] GC(348) Eden regions: 44->0(48)
[2024-12-17T09:46:05.039+0700][gc,heap     ] GC(348) Survivor regions: 7->3(7)
[2024-12-17T09:46:05.039+0700][gc,heap     ] GC(348) Old regions: 256->260
[2024-12-17T09:46:05.039+0700][gc,heap     ] GC(348) Archive regions: 2->2
[2024-12-17T09:46:05.039+0700][gc,heap     ] GC(348) Humongous regions: 129->129
[2024-12-17T09:46:05.039+0700][gc,metaspace] GC(348) Metaspace: 45471K(46080K)->45471K(46080K) NonClass: 40246K(40576K)->40246K(40576K) Class: 5225K(5504K)->5225K(5504K)
[2024-12-17T09:46:05.039+0700][gc          ] GC(348) Pause Young (Normal) (G1 Evacuation Pause) 435M->392M(1024M) 60.102ms
[2024-12-17T09:46:05.039+0700][gc,cpu      ] GC(348) User=0.11s Sys=0.00s Real=0.06s
[2024-12-17T09:47:49.146+0700][gc,start    ] GC(349) Pause Young (Normal) (G1 Evacuation Pause)
[2024-12-17T09:47:49.146+0700][gc,task     ] GC(349) Using 2 workers of 2 for evacuation
[2024-12-17T09:47:49.190+0700][gc,mmu      ] GC(349) MMU target violated: 21.0ms (20.0ms/21.0ms)
[2024-12-17T09:47:49.191+0700][gc,phases   ] GC(349)   Pre Evacuate Collection Set: 3.3ms
[2024-12-17T09:47:49.191+0700][gc,phases   ] GC(349)   Merge Heap Roots: 0.8ms
[2024-12-17T09:47:49.191+0700][gc,phases   ] GC(349)   Evacuate Collection Set: 37.6ms
[2024-12-17T09:47:49.191+0700][gc,phases   ] GC(349)   Post Evacuate Collection Set: 2.2ms
[2024-12-17T09:47:49.191+0700][gc,phases   ] GC(349)   Other: 1.3ms
[2024-12-17T09:47:49.191+0700][gc,heap     ] GC(349) Eden regions: 48->0(45)
[2024-12-17T09:47:49.191+0700][gc,heap     ] GC(349) Survivor regions: 3->6(7)
[2024-12-17T09:47:49.191+0700][gc,heap     ] GC(349) Old regions: 260->260
[2024-12-17T09:47:49.191+0700][gc,heap     ] GC(349) Archive regions: 2->2
[2024-12-17T09:47:49.191+0700][gc,heap     ] GC(349) Humongous regions: 129->129
[2024-12-17T09:47:49.191+0700][gc,metaspace] GC(349) Metaspace: 45477K(46080K)->45477K(46080K) NonClass: 40252K(40576K)->40252K(40576K) Class: 5225K(5504K)->5225K(5504K)
[2024-12-17T09:47:49.191+0700][gc          ] GC(349) Pause Young (Normal) (G1 Evacuation Pause) 440M->395M(1024M) 45.055ms
[2024-12-17T09:47:49.191+0700][gc,cpu      ] GC(349) User=0.09s Sys=0.00s Real=0.04s
[2024-12-17T09:49:27.079+0700][gc,start    ] GC(350) Pause Young (Normal) (G1 Evacuation Pause)
[2024-12-17T09:49:27.079+0700][gc,task     ] GC(350) Using 2 workers of 2 for evacuation
[2024-12-17T09:49:27.155+0700][gc,mmu      ] GC(350) MMU target violated: 21.0ms (20.0ms/21.0ms)
[2024-12-17T09:49:27.155+0700][gc,phases   ] GC(350)   Pre Evacuate Collection Set: 4.1ms
[2024-12-17T09:49:27.155+0700][gc,phases   ] GC(350)   Merge Heap Roots: 0.9ms
[2024-12-17T09:49:27.155+0700][gc,phases   ] GC(350)   Evacuate Collection Set: 66.8ms
[2024-12-17T09:49:27.155+0700][gc,phases   ] GC(350)   Post Evacuate Collection Set: 3.6ms
[2024-12-17T09:49:27.155+0700][gc,phases   ] GC(350)   Other: 1.3ms
[2024-12-17T09:49:27.155+0700][gc,heap     ] GC(350) Eden regions: 45->0(46)
[2024-12-17T09:49:27.155+0700][gc,heap     ] GC(350) Survivor regions: 6->5(7)
[2024-12-17T09:49:27.155+0700][gc,heap     ] GC(350) Old regions: 260->265
[2024-12-17T09:49:27.155+0700][gc,heap     ] GC(350) Archive regions: 2->2
[2024-12-17T09:49:27.155+0700][gc,heap     ] GC(350) Humongous regions: 129->129
[2024-12-17T09:49:27.155+0700][gc,metaspace] GC(350) Metaspace: 45477K(46080K)->45477K(46080K) NonClass: 40252K(40576K)->40252K(40576K) Class: 5225K(5504K)->5225K(5504K)
[2024-12-17T09:49:27.155+0700][gc          ] GC(350) Pause Young (Normal) (G1 Evacuation Pause) 440M->399M(1024M) 76.693ms
[2024-12-17T09:49:27.155+0700][gc,cpu      ] GC(350) User=0.13s Sys=0.02s Real=0.07s
[2024-12-17T09:51:06.428+0700][gc,start    ] GC(351) Pause Young (Normal) (G1 Evacuation Pause)
[2024-12-17T09:51:06.428+0700][gc,task     ] GC(351) Using 2 workers of 2 for evacuation
[2024-12-17T09:51:06.480+0700][gc,mmu      ] GC(351) MMU target violated: 21.0ms (20.0ms/21.0ms)
[2024-12-17T09:51:06.480+0700][gc,phases   ] GC(351)   Pre Evacuate Collection Set: 3.3ms
[2024-12-17T09:51:06.480+0700][gc,phases   ] GC(351)   Merge Heap Roots: 1.7ms
[2024-12-17T09:51:06.480+0700][gc,phases   ] GC(351)   Evacuate Collection Set: 43.7ms
[2024-12-17T09:51:06.480+0700][gc,phases   ] GC(351)   Post Evacuate Collection Set: 3.0ms
[2024-12-17T09:51:06.480+0700][gc,phases   ] GC(351)   Other: 1.4ms
[2024-12-17T09:51:06.480+0700][gc,heap     ] GC(351) Eden regions: 46->0(48)
[2024-12-17T09:51:06.480+0700][gc,heap     ] GC(351) Survivor regions: 5->3(7)
[2024-12-17T09:51:06.481+0700][gc,heap     ] GC(351) Old regions: 265->267
[2024-12-17T09:51:06.481+0700][gc,heap     ] GC(351) Archive regions: 2->2
[2024-12-17T09:51:06.481+0700][gc,heap     ] GC(351) Humongous regions: 129->129
[2024-12-17T09:51:06.481+0700][gc,metaspace] GC(351) Metaspace: 45477K(46080K)->45477K(46080K) NonClass: 40252K(40576K)->40252K(40576K) Class: 5225K(5504K)->5225K(5504K)
[2024-12-17T09:51:06.481+0700][gc          ] GC(351) Pause Young (Normal) (G1 Evacuation Pause) 445M->399M(1024M) 53.132ms
[2024-12-17T09:51:06.481+0700][gc,cpu      ] GC(351) User=0.08s Sys=0.01s Real=0.05s
[2024-12-17T09:52:50.563+0700][gc,start    ] GC(352) Pause Young (Normal) (G1 Evacuation Pause)
[2024-12-17T09:52:50.563+0700][gc,task     ] GC(352) Using 2 workers of 2 for evacuation
[2024-12-17T09:52:50.643+0700][gc,mmu      ] GC(352) MMU target violated: 21.0ms (20.0ms/21.0ms)
[2024-12-17T09:52:50.644+0700][gc,phases   ] GC(352)   Pre Evacuate Collection Set: 11.9ms
[2024-12-17T09:52:50.644+0700][gc,phases   ] GC(352)   Merge Heap Roots: 2.5ms
[2024-12-17T09:52:50.644+0700][gc,phases   ] GC(352)   Evacuate Collection Set: 60.2ms
[2024-12-17T09:52:50.644+0700][gc,phases   ] GC(352)   Post Evacuate Collection Set: 4.7ms
[2024-12-17T09:52:50.644+0700][gc,phases   ] GC(352)   Other: 2.3ms
[2024-12-17T09:52:50.644+0700][gc,heap     ] GC(352) Eden regions: 48->0(44)
[2024-12-17T09:52:50.644+0700][gc,heap     ] GC(352) Survivor regions: 3->7(7)
[2024-12-17T09:52:50.644+0700][gc,heap     ] GC(352) Old regions: 267->267
[2024-12-17T09:52:50.644+0700][gc,heap     ] GC(352) Archive regions: 2->2
[2024-12-17T09:52:50.644+0700][gc,heap     ] GC(352) Humongous regions: 129->129
[2024-12-17T09:52:50.644+0700][gc,metaspace] GC(352) Metaspace: 45477K(46080K)->45477K(46080K) NonClass: 40252K(40576K)->40252K(40576K) Class: 5225K(5504K)->5225K(5504K)
[2024-12-17T09:52:50.644+0700][gc          ] GC(352) Pause Young (Normal) (G1 Evacuation Pause) 447M->402M(1024M) 81.396ms
[2024-12-17T09:52:50.644+0700][gc,cpu      ] GC(352) User=0.15s Sys=0.00s Real=0.09s
[2024-12-17T09:54:26.177+0700][gc,start    ] GC(353) Pause Young (Normal) (G1 Evacuation Pause)
[2024-12-17T09:54:26.177+0700][gc,task     ] GC(353) Using 2 workers of 2 for evacuation
[2024-12-17T09:54:26.243+0700][gc,mmu      ] GC(353) MMU target violated: 21.0ms (20.0ms/21.0ms)
[2024-12-17T09:54:26.243+0700][gc,phases   ] GC(353)   Pre Evacuate Collection Set: 8.1ms
[2024-12-17T09:54:26.243+0700][gc,phases   ] GC(353)   Merge Heap Roots: 1.4ms
[2024-12-17T09:54:26.243+0700][gc,phases   ] GC(353)   Evacuate Collection Set: 51.6ms
[2024-12-17T09:54:26.243+0700][gc,phases   ] GC(353)   Post Evacuate Collection Set: 3.5ms
[2024-12-17T09:54:26.243+0700][gc,phases   ] GC(353)   Other: 2.0ms
[2024-12-17T09:54:26.243+0700][gc,heap     ] GC(353) Eden regions: 44->0(48)
[2024-12-17T09:54:26.243+0700][gc,heap     ] GC(353) Survivor regions: 7->3(7)
[2024-12-17T09:54:26.243+0700][gc,heap     ] GC(353) Old regions: 267->271
[2024-12-17T09:54:26.243+0700][gc,heap     ] GC(353) Archive regions: 2->2
[2024-12-17T09:54:26.243+0700][gc,heap     ] GC(353) Humongous regions: 129->129
[2024-12-17T09:54:26.243+0700][gc,metaspace] GC(353) Metaspace: 45477K(46080K)->45477K(46080K) NonClass: 40252K(40576K)->40252K(40576K) Class: 5225K(5504K)->5225K(5504K)
[2024-12-17T09:54:26.243+0700][gc          ] GC(353) Pause Young (Normal) (G1 Evacuation Pause) 446M->403M(1024M) 66.392ms
[2024-12-17T09:54:26.243+0700][gc,cpu      ] GC(353) User=0.11s Sys=0.01s Real=0.06s
[2024-12-17T09:56:10.436+0700][gc,start    ] GC(354) Pause Young (Normal) (G1 Evacuation Pause)
[2024-12-17T09:56:10.436+0700][gc,task     ] GC(354) Using 2 workers of 2 for evacuation
[2024-12-17T09:56:10.492+0700][gc,mmu      ] GC(354) MMU target violated: 21.0ms (20.0ms/21.0ms)
[2024-12-17T09:56:10.492+0700][gc,phases   ] GC(354)   Pre Evacuate Collection Set: 7.0ms
[2024-12-17T09:56:10.492+0700][gc,phases   ] GC(354)   Merge Heap Roots: 0.9ms
[2024-12-17T09:56:10.492+0700][gc,phases   ] GC(354)   Evacuate Collection Set: 44.4ms
[2024-12-17T09:56:10.492+0700][gc,phases   ] GC(354)   Post Evacuate Collection Set: 3.0ms
[2024-12-17T09:56:10.492+0700][gc,phases   ] GC(354)   Other: 1.4ms
[2024-12-17T09:56:10.492+0700][gc,heap     ] GC(354) Eden regions: 48->0(45)
[2024-12-17T09:56:10.492+0700][gc,heap     ] GC(354) Survivor regions: 3->6(7)
[2024-12-17T09:56:10.492+0700][gc,heap     ] GC(354) Old regions: 271->271
[2024-12-17T09:56:10.492+0700][gc,heap     ] GC(354) Archive regions: 2->2
[2024-12-17T09:56:10.492+0700][gc,heap     ] GC(354) Humongous regions: 129->129
[2024-12-17T09:56:10.492+0700][gc,metaspace] GC(354) Metaspace: 45477K(46080K)->45477K(46080K) NonClass: 40252K(40576K)->40252K(40576K) Class: 5225K(5504K)->5225K(5504K)
[2024-12-17T09:56:10.492+0700][gc          ] GC(354) Pause Young (Normal) (G1 Evacuation Pause) 451M->406M(1024M) 56.693ms
[2024-12-17T09:56:10.493+0700][gc,cpu      ] GC(354) User=0.11s Sys=0.00s Real=0.06s
[2024-12-17T09:57:47.896+0700][gc,start    ] GC(355) Pause Young (Normal) (G1 Evacuation Pause)
[2024-12-17T09:57:47.896+0700][gc,task     ] GC(355) Using 2 workers of 2 for evacuation
[2024-12-17T09:57:47.955+0700][gc,mmu      ] GC(355) MMU target violated: 21.0ms (20.0ms/21.0ms)
[2024-12-17T09:57:47.955+0700][gc,phases   ] GC(355)   Pre Evacuate Collection Set: 2.7ms
[2024-12-17T09:57:47.955+0700][gc,phases   ] GC(355)   Merge Heap Roots: 0.6ms
[2024-12-17T09:57:47.955+0700][gc,phases   ] GC(355)   Evacuate Collection Set: 53.0ms
[2024-12-17T09:57:47.955+0700][gc,phases   ] GC(355)   Post Evacuate Collection Set: 2.2ms
[2024-12-17T09:57:47.955+0700][gc,phases   ] GC(355)   Other: 1.3ms
[2024-12-17T09:57:47.955+0700][gc,heap     ] GC(355) Eden regions: 45->0(46)
[2024-12-17T09:57:47.955+0700][gc,heap     ] GC(355) Survivor regions: 6->5(7)
[2024-12-17T09:57:47.955+0700][gc,heap     ] GC(355) Old regions: 271->275
[2024-12-17T09:57:47.956+0700][gc,heap     ] GC(355) Archive regions: 2->2
[2024-12-17T09:57:47.956+0700][gc,heap     ] GC(355) Humongous regions: 129->129
[2024-12-17T09:57:47.956+0700][gc,metaspace] GC(355) Metaspace: 45477K(46080K)->45477K(46080K) NonClass: 40252K(40576K)->40252K(40576K) Class: 5225K(5504K)->5225K(5504K)
[2024-12-17T09:57:47.956+0700][gc          ] GC(355) Pause Young (Normal) (G1 Evacuation Pause) 451M->409M(1024M) 59.814ms
[2024-12-17T09:57:47.956+0700][gc,cpu      ] GC(355) User=0.12s Sys=0.00s Real=0.06s
[2024-12-17T09:59:27.929+0700][gc,start    ] GC(356) Pause Young (Normal) (G1 Evacuation Pause)
[2024-12-17T09:59:27.929+0700][gc,task     ] GC(356) Using 2 workers of 2 for evacuation
[2024-12-17T09:59:27.973+0700][gc,mmu      ] GC(356) MMU target violated: 21.0ms (20.0ms/21.0ms)
[2024-12-17T09:59:27.973+0700][gc,phases   ] GC(356)   Pre Evacuate Collection Set: 3.7ms
[2024-12-17T09:59:27.973+0700][gc,phases   ] GC(356)   Merge Heap Roots: 0.9ms
[2024-12-17T09:59:27.973+0700][gc,phases   ] GC(356)   Evacuate Collection Set: 36.0ms
[2024-12-17T09:59:27.973+0700][gc,phases   ] GC(356)   Post Evacuate Collection Set: 2.7ms
[2024-12-17T09:59:27.973+0700][gc,phases   ] GC(356)   Other: 1.0ms
[2024-12-17T09:59:27.973+0700][gc,heap     ] GC(356) Eden regions: 46->0(48)
[2024-12-17T09:59:27.973+0700][gc,heap     ] GC(356) Survivor regions: 5->3(7)
[2024-12-17T09:59:27.973+0700][gc,heap     ] GC(356) Old regions: 275->278
[2024-12-17T09:59:27.973+0700][gc,heap     ] GC(356) Archive regions: 2->2
[2024-12-17T09:59:27.973+0700][gc,heap     ] GC(356) Humongous regions: 129->129
[2024-12-17T09:59:27.973+0700][gc,metaspace] GC(356) Metaspace: 45477K(46080K)->45477K(46080K) NonClass: 40252K(40576K)->40252K(40576K) Class: 5225K(5504K)->5225K(5504K)
[2024-12-17T09:59:27.973+0700][gc          ] GC(356) Pause Young (Normal) (G1 Evacuation Pause) 455M->410M(1024M) 44.460ms
[2024-12-17T09:59:27.974+0700][gc,cpu      ] GC(356) User=0.08s Sys=0.00s Real=0.04s
[2024-12-17T10:01:12.410+0700][gc,start    ] GC(357) Pause Young (Normal) (G1 Evacuation Pause)
[2024-12-17T10:01:12.410+0700][gc,task     ] GC(357) Using 2 workers of 2 for evacuation
[2024-12-17T10:01:12.460+0700][gc,mmu      ] GC(357) MMU target violated: 21.0ms (20.0ms/21.0ms)
[2024-12-17T10:01:12.461+0700][gc,phases   ] GC(357)   Pre Evacuate Collection Set: 2.9ms
[2024-12-17T10:01:12.461+0700][gc,phases   ] GC(357)   Merge Heap Roots: 0.7ms
[2024-12-17T10:01:12.461+0700][gc,phases   ] GC(357)   Evacuate Collection Set: 42.6ms
[2024-12-17T10:01:12.461+0700][gc,phases   ] GC(357)   Post Evacuate Collection Set: 3.4ms
[2024-12-17T10:01:12.461+0700][gc,phases   ] GC(357)   Other: 1.5ms
[2024-12-17T10:01:12.461+0700][gc,heap     ] GC(357) Eden regions: 48->0(44)
[2024-12-17T10:01:12.461+0700][gc,heap     ] GC(357) Survivor regions: 3->7(7)
[2024-12-17T10:01:12.461+0700][gc,heap     ] GC(357) Old regions: 278->278
[2024-12-17T10:01:12.461+0700][gc,heap     ] GC(357) Archive regions: 2->2
[2024-12-17T10:01:12.461+0700][gc,heap     ] GC(357) Humongous regions: 129->129
[2024-12-17T10:01:12.461+0700][gc,metaspace] GC(357) Metaspace: 45477K(46080K)->45477K(46080K) NonClass: 40252K(40576K)->40252K(40576K) Class: 5225K(5504K)->5225K(5504K)
[2024-12-17T10:01:12.461+0700][gc          ] GC(357) Pause Young (Normal) (G1 Evacuation Pause) 458M->413M(1024M) 50.889ms
[2024-12-17T10:01:12.461+0700][gc,cpu      ] GC(357) User=0.10s Sys=0.00s Real=0.05s
[2024-12-17T10:02:47.878+0700][gc,start    ] GC(358) Pause Young (Normal) (G1 Evacuation Pause)
[2024-12-17T10:02:47.878+0700][gc,task     ] GC(358) Using 2 workers of 2 for evacuation
[2024-12-17T10:02:47.922+0700][gc,mmu      ] GC(358) MMU target violated: 21.0ms (20.0ms/21.0ms)
[2024-12-17T10:02:47.922+0700][gc,phases   ] GC(358)   Pre Evacuate Collection Set: 3.2ms
[2024-12-17T10:02:47.923+0700][gc,phases   ] GC(358)   Merge Heap Roots: 0.5ms
[2024-12-17T10:02:47.923+0700][gc,phases   ] GC(358)   Evacuate Collection Set: 37.1ms
[2024-12-17T10:02:47.923+0700][gc,phases   ] GC(358)   Post Evacuate Collection Set: 2.8ms
[2024-12-17T10:02:47.923+0700][gc,phases   ] GC(358)   Other: 1.1ms
[2024-12-17T10:02:47.923+0700][gc,heap     ] GC(358) Eden regions: 44->0(48)
[2024-12-17T10:02:47.923+0700][gc,heap     ] GC(358) Survivor regions: 7->3(7)
[2024-12-17T10:02:47.923+0700][gc,heap     ] GC(358) Old regions: 278->282
[2024-12-17T10:02:47.923+0700][gc,heap     ] GC(358) Archive regions: 2->2
[2024-12-17T10:02:47.923+0700][gc,heap     ] GC(358) Humongous regions: 129->129
[2024-12-17T10:02:47.923+0700][gc,metaspace] GC(358) Metaspace: 45477K(46080K)->45477K(46080K) NonClass: 40252K(40576K)->40252K(40576K) Class: 5225K(5504K)->5225K(5504K)
[2024-12-17T10:02:47.923+0700][gc          ] GC(358) Pause Young (Normal) (G1 Evacuation Pause) 457M->414M(1024M) 44.837ms
[2024-12-17T10:02:47.923+0700][gc,cpu      ] GC(358) User=0.09s Sys=0.00s Real=0.04s
[2024-12-17T10:04:32.399+0700][gc,start    ] GC(359) Pause Young (Normal) (G1 Evacuation Pause)
[2024-12-17T10:04:32.399+0700][gc,task     ] GC(359) Using 2 workers of 2 for evacuation
[2024-12-17T10:04:32.443+0700][gc,mmu      ] GC(359) MMU target violated: 21.0ms (20.0ms/21.0ms)
[2024-12-17T10:04:32.443+0700][gc,phases   ] GC(359)   Pre Evacuate Collection Set: 2.7ms
[2024-12-17T10:04:32.443+0700][gc,phases   ] GC(359)   Merge Heap Roots: 0.6ms
[2024-12-17T10:04:32.443+0700][gc,phases   ] GC(359)   Evacuate Collection Set: 37.2ms
[2024-12-17T10:04:32.443+0700][gc,phases   ] GC(359)   Post Evacuate Collection Set: 2.6ms
[2024-12-17T10:04:32.443+0700][gc,phases   ] GC(359)   Other: 1.1ms
[2024-12-17T10:04:32.443+0700][gc,heap     ] GC(359) Eden regions: 48->0(45)
[2024-12-17T10:04:32.443+0700][gc,heap     ] GC(359) Survivor regions: 3->6(7)
[2024-12-17T10:04:32.443+0700][gc,heap     ] GC(359) Old regions: 282->282
[2024-12-17T10:04:32.443+0700][gc,heap     ] GC(359) Archive regions: 2->2
[2024-12-17T10:04:32.443+0700][gc,heap     ] GC(359) Humongous regions: 129->129
[2024-12-17T10:04:32.443+0700][gc,metaspace] GC(359) Metaspace: 45477K(46080K)->45477K(46080K) NonClass: 40252K(40576K)->40252K(40576K) Class: 5225K(5504K)->5225K(5504K)
[2024-12-17T10:04:32.443+0700][gc          ] GC(359) Pause Young (Normal) (G1 Evacuation Pause) 462M->417M(1024M) 44.147ms
[2024-12-17T10:04:32.443+0700][gc,cpu      ] GC(359) User=0.08s Sys=0.01s Real=0.04s
[2024-12-17T10:06:10.435+0700][gc,start    ] GC(360) Pause Young (Normal) (G1 Evacuation Pause)
[2024-12-17T10:06:10.436+0700][gc,task     ] GC(360) Using 2 workers of 2 for evacuation
[2024-12-17T10:06:10.495+0700][gc,mmu      ] GC(360) MMU target violated: 21.0ms (20.0ms/21.0ms)
[2024-12-17T10:06:10.495+0700][gc,phases   ] GC(360)   Pre Evacuate Collection Set: 0.9ms
[2024-12-17T10:06:10.495+0700][gc,phases   ] GC(360)   Merge Heap Roots: 0.8ms
[2024-12-17T10:06:10.495+0700][gc,phases   ] GC(360)   Evacuate Collection Set: 55.1ms
[2024-12-17T10:06:10.495+0700][gc,phases   ] GC(360)   Post Evacuate Collection Set: 2.4ms
[2024-12-17T10:06:10.495+0700][gc,phases   ] GC(360)   Other: 0.9ms
[2024-12-17T10:06:10.495+0700][gc,heap     ] GC(360) Eden regions: 45->0(44)
[2024-12-17T10:06:10.495+0700][gc,heap     ] GC(360) Survivor regions: 6->7(7)
[2024-12-17T10:06:10.495+0700][gc,heap     ] GC(360) Old regions: 282->284
[2024-12-17T10:06:10.495+0700][gc,heap     ] GC(360) Archive regions: 2->2
[2024-12-17T10:06:10.495+0700][gc,heap     ] GC(360) Humongous regions: 129->129
[2024-12-17T10:06:10.495+0700][gc,metaspace] GC(360) Metaspace: 45477K(46080K)->45477K(46080K) NonClass: 40252K(40576K)->40252K(40576K) Class: 5225K(5504K)->5225K(5504K)
[2024-12-17T10:06:10.496+0700][gc          ] GC(360) Pause Young (Normal) (G1 Evacuation Pause) 462M->420M(1024M) 60.070ms
[2024-12-17T10:06:10.496+0700][gc,cpu      ] GC(360) User=0.10s Sys=0.02s Real=0.06s
[2024-12-17T10:07:45.891+0700][gc,start    ] GC(361) Pause Young (Normal) (G1 Evacuation Pause)
[2024-12-17T10:07:45.891+0700][gc,task     ] GC(361) Using 2 workers of 2 for evacuation
[2024-12-17T10:07:45.943+0700][gc,mmu      ] GC(361) MMU target violated: 21.0ms (20.0ms/21.0ms)
[2024-12-17T10:07:45.943+0700][gc,phases   ] GC(361)   Pre Evacuate Collection Set: 2.6ms
[2024-12-17T10:07:45.943+0700][gc,phases   ] GC(361)   Merge Heap Roots: 0.6ms
[2024-12-17T10:07:45.943+0700][gc,phases   ] GC(361)   Evacuate Collection Set: 45.8ms
[2024-12-17T10:07:45.943+0700][gc,phases   ] GC(361)   Post Evacuate Collection Set: 2.2ms
[2024-12-17T10:07:45.943+0700][gc,phases   ] GC(361)   Other: 1.3ms
[2024-12-17T10:07:45.943+0700][gc,heap     ] GC(361) Eden regions: 44->0(48)
[2024-12-17T10:07:45.943+0700][gc,heap     ] GC(361) Survivor regions: 7->3(7)
[2024-12-17T10:07:45.943+0700][gc,heap     ] GC(361) Old regions: 284->289
[2024-12-17T10:07:45.943+0700][gc,heap     ] GC(361) Archive regions: 2->2
[2024-12-17T10:07:45.943+0700][gc,heap     ] GC(361) Humongous regions: 129->129
[2024-12-17T10:07:45.943+0700][gc,metaspace] GC(361) Metaspace: 45477K(46080K)->45477K(46080K) NonClass: 40252K(40576K)->40252K(40576K) Class: 5225K(5504K)->5225K(5504K)
[2024-12-17T10:07:45.943+0700][gc          ] GC(361) Pause Young (Normal) (G1 Evacuation Pause) 464M->421M(1024M) 52.671ms
[2024-12-17T10:07:45.944+0700][gc,cpu      ] GC(361) User=0.08s Sys=0.02s Real=0.05s
[2024-12-17T10:09:26.918+0700][gc,start    ] GC(362) Pause Young (Normal) (G1 Evacuation Pause)
[2024-12-17T10:09:26.918+0700][gc,task     ] GC(362) Using 2 workers of 2 for evacuation
[2024-12-17T10:09:26.971+0700][gc,mmu      ] GC(362) MMU target violated: 21.0ms (20.0ms/21.0ms)
[2024-12-17T10:09:26.971+0700][gc,phases   ] GC(362)   Pre Evacuate Collection Set: 2.7ms
[2024-12-17T10:09:26.971+0700][gc,phases   ] GC(362)   Merge Heap Roots: 0.8ms
[2024-12-17T10:09:26.971+0700][gc,phases   ] GC(362)   Evacuate Collection Set: 45.6ms
[2024-12-17T10:09:26.971+0700][gc,phases   ] GC(362)   Post Evacuate Collection Set: 3.4ms
[2024-12-17T10:09:26.971+0700][gc,phases   ] GC(362)   Other: 1.3ms
[2024-12-17T10:09:26.971+0700][gc,heap     ] GC(362) Eden regions: 48->0(44)
[2024-12-17T10:09:26.971+0700][gc,heap     ] GC(362) Survivor regions: 3->7(7)
[2024-12-17T10:09:26.971+0700][gc,heap     ] GC(362) Old regions: 289->289
[2024-12-17T10:09:26.971+0700][gc,heap     ] GC(362) Archive regions: 2->2
[2024-12-17T10:09:26.971+0700][gc,heap     ] GC(362) Humongous regions: 129->129
[2024-12-17T10:09:26.971+0700][gc,metaspace] GC(362) Metaspace: 45477K(46080K)->45477K(46080K) NonClass: 40252K(40576K)->40252K(40576K) Class: 5225K(5504K)->5225K(5504K)
[2024-12-17T10:09:26.972+0700][gc          ] GC(362) Pause Young (Normal) (G1 Evacuation Pause) 469M->425M(1024M) 53.925ms
[2024-12-17T10:09:26.972+0700][gc,cpu      ] GC(362) User=0.10s Sys=0.00s Real=0.05s
[2024-12-17T10:11:00.335+0700][gc,start    ] GC(363) Pause Young (Normal) (G1 Evacuation Pause)
[2024-12-17T10:11:00.335+0700][gc,task     ] GC(363) Using 2 workers of 2 for evacuation
[2024-12-17T10:11:00.410+0700][gc,mmu      ] GC(363) MMU target violated: 21.0ms (20.0ms/21.0ms)
[2024-12-17T10:11:00.410+0700][gc,phases   ] GC(363)   Pre Evacuate Collection Set: 2.6ms
[2024-12-17T10:11:00.410+0700][gc,phases   ] GC(363)   Merge Heap Roots: 0.7ms
[2024-12-17T10:11:00.410+0700][gc,phases   ] GC(363)   Evacuate Collection Set: 67.8ms
[2024-12-17T10:11:00.410+0700][gc,phases   ] GC(363)   Post Evacuate Collection Set: 3.6ms
[2024-12-17T10:11:00.410+0700][gc,phases   ] GC(363)   Other: 1.3ms
[2024-12-17T10:11:00.410+0700][gc,heap     ] GC(363) Eden regions: 44->0(45)
[2024-12-17T10:11:00.410+0700][gc,heap     ] GC(363) Survivor regions: 7->6(7)
[2024-12-17T10:11:00.410+0700][gc,heap     ] GC(363) Old regions: 289->294
[2024-12-17T10:11:00.410+0700][gc,heap     ] GC(363) Archive regions: 2->2
[2024-12-17T10:11:00.410+0700][gc,heap     ] GC(363) Humongous regions: 129->129
[2024-12-17T10:11:00.410+0700][gc,metaspace] GC(363) Metaspace: 45477K(46080K)->45477K(46080K) NonClass: 40252K(40576K)->40252K(40576K) Class: 5225K(5504K)->5225K(5504K)
[2024-12-17T10:11:00.410+0700][gc          ] GC(363) Pause Young (Normal) (G1 Evacuation Pause) 469M->429M(1024M) 75.957ms
[2024-12-17T10:11:00.411+0700][gc,cpu      ] GC(363) User=0.15s Sys=0.00s Real=0.08s
[2024-12-17T10:12:33.831+0700][gc,start    ] GC(364) Pause Young (Normal) (G1 Evacuation Pause)
[2024-12-17T10:12:33.832+0700][gc,task     ] GC(364) Using 2 workers of 2 for evacuation
[2024-12-17T10:12:33.880+0700][gc,mmu      ] GC(364) MMU target violated: 21.0ms (20.0ms/21.0ms)
[2024-12-17T10:12:33.881+0700][gc,phases   ] GC(364)   Pre Evacuate Collection Set: 3.5ms
[2024-12-17T10:12:33.881+0700][gc,phases   ] GC(364)   Merge Heap Roots: 0.8ms
[2024-12-17T10:12:33.881+0700][gc,phases   ] GC(364)   Evacuate Collection Set: 38.9ms
[2024-12-17T10:12:33.881+0700][gc,phases   ] GC(364)   Post Evacuate Collection Set: 5.0ms
[2024-12-17T10:12:33.881+0700][gc,phases   ] GC(364)   Other: 1.4ms
[2024-12-17T10:12:33.881+0700][gc,heap     ] GC(364) Eden regions: 45->0(48)
[2024-12-17T10:12:33.881+0700][gc,heap     ] GC(364) Survivor regions: 6->3(7)
[2024-12-17T10:12:33.881+0700][gc,heap     ] GC(364) Old regions: 294->296
[2024-12-17T10:12:33.881+0700][gc,heap     ] GC(364) Archive regions: 2->2
[2024-12-17T10:12:33.881+0700][gc,heap     ] GC(364) Humongous regions: 129->129
[2024-12-17T10:12:33.881+0700][gc,metaspace] GC(364) Metaspace: 45477K(46080K)->45477K(46080K) NonClass: 40252K(40576K)->40252K(40576K) Class: 5225K(5504K)->5225K(5504K)
[2024-12-17T10:12:33.881+0700][gc          ] GC(364) Pause Young (Normal) (G1 Evacuation Pause) 474M->428M(1024M) 49.824ms
[2024-12-17T10:12:33.881+0700][gc,cpu      ] GC(364) User=0.08s Sys=0.00s Real=0.05s
[2024-12-17T10:14:18.291+0700][gc,start    ] GC(365) Pause Young (Normal) (G1 Evacuation Pause)
[2024-12-17T10:14:18.291+0700][gc,task     ] GC(365) Using 2 workers of 2 for evacuation
[2024-12-17T10:14:18.330+0700][gc,mmu      ] GC(365) MMU target violated: 21.0ms (20.0ms/21.0ms)
[2024-12-17T10:14:18.330+0700][gc,phases   ] GC(365)   Pre Evacuate Collection Set: 2.5ms
[2024-12-17T10:14:18.330+0700][gc,phases   ] GC(365)   Merge Heap Roots: 0.7ms
[2024-12-17T10:14:18.330+0700][gc,phases   ] GC(365)   Evacuate Collection Set: 32.5ms
[2024-12-17T10:14:18.330+0700][gc,phases   ] GC(365)   Post Evacuate Collection Set: 2.3ms
[2024-12-17T10:14:18.330+0700][gc,phases   ] GC(365)   Other: 1.3ms
[2024-12-17T10:14:18.330+0700][gc,heap     ] GC(365) Eden regions: 48->0(46)
[2024-12-17T10:14:18.330+0700][gc,heap     ] GC(365) Survivor regions: 3->5(7)
[2024-12-17T10:14:18.330+0700][gc,heap     ] GC(365) Old regions: 296->296
[2024-12-17T10:14:18.330+0700][gc,heap     ] GC(365) Archive regions: 2->2
[2024-12-17T10:14:18.330+0700][gc,heap     ] GC(365) Humongous regions: 129->129
[2024-12-17T10:14:18.330+0700][gc,metaspace] GC(365) Metaspace: 45477K(46080K)->45477K(46080K) NonClass: 40252K(40576K)->40252K(40576K) Class: 5225K(5504K)->5225K(5504K)
[2024-12-17T10:14:18.330+0700][gc          ] GC(365) Pause Young (Normal) (G1 Evacuation Pause) 476M->430M(1024M) 39.360ms
[2024-12-17T10:14:18.330+0700][gc,cpu      ] GC(365) User=0.08s Sys=0.00s Real=0.04s
[2024-12-17T10:15:55.737+0700][gc,start    ] GC(366) Pause Young (Normal) (G1 Evacuation Pause)
[2024-12-17T10:15:55.737+0700][gc,task     ] GC(366) Using 2 workers of 2 for evacuation
[2024-12-17T10:15:55.797+0700][gc,mmu      ] GC(366) MMU target violated: 21.0ms (20.0ms/21.0ms)
[2024-12-17T10:15:55.797+0700][gc,phases   ] GC(366)   Pre Evacuate Collection Set: 2.7ms
[2024-12-17T10:15:55.797+0700][gc,phases   ] GC(366)   Merge Heap Roots: 1.0ms
[2024-12-17T10:15:55.797+0700][gc,phases   ] GC(366)   Evacuate Collection Set: 52.7ms
[2024-12-17T10:15:55.797+0700][gc,phases   ] GC(366)   Post Evacuate Collection Set: 3.1ms
[2024-12-17T10:15:55.797+0700][gc,phases   ] GC(366)   Other: 1.4ms
[2024-12-17T10:15:55.797+0700][gc,heap     ] GC(366) Eden regions: 46->0(44)
[2024-12-17T10:15:55.797+0700][gc,heap     ] GC(366) Survivor regions: 5->7(7)
[2024-12-17T10:15:55.797+0700][gc,heap     ] GC(366) Old regions: 296->298
[2024-12-17T10:15:55.798+0700][gc,heap     ] GC(366) Archive regions: 2->2
[2024-12-17T10:15:55.798+0700][gc,heap     ] GC(366) Humongous regions: 129->129
[2024-12-17T10:15:55.798+0700][gc,metaspace] GC(366) Metaspace: 45477K(46080K)->45477K(46080K) NonClass: 40252K(40576K)->40252K(40576K) Class: 5225K(5504K)->5225K(5504K)
[2024-12-17T10:15:55.798+0700][gc          ] GC(366) Pause Young (Normal) (G1 Evacuation Pause) 476M->434M(1024M) 60.900ms
[2024-12-17T10:15:55.798+0700][gc,cpu      ] GC(366) User=0.10s Sys=0.02s Real=0.06s
[2024-12-17T10:17:31.256+0700][gc,start    ] GC(367) Pause Young (Normal) (G1 Evacuation Pause)
[2024-12-17T10:17:31.256+0700][gc,task     ] GC(367) Using 2 workers of 2 for evacuation
[2024-12-17T10:17:31.309+0700][gc,mmu      ] GC(367) MMU target violated: 21.0ms (20.0ms/21.0ms)
[2024-12-17T10:17:31.310+0700][gc,phases   ] GC(367)   Pre Evacuate Collection Set: 2.6ms
[2024-12-17T10:17:31.310+0700][gc,phases   ] GC(367)   Merge Heap Roots: 0.7ms
[2024-12-17T10:17:31.310+0700][gc,phases   ] GC(367)   Evacuate Collection Set: 45.4ms
[2024-12-17T10:17:31.310+0700][gc,phases   ] GC(367)   Post Evacuate Collection Set: 3.8ms
[2024-12-17T10:17:31.310+0700][gc,phases   ] GC(367)   Other: 1.3ms
[2024-12-17T10:17:31.310+0700][gc,heap     ] GC(367) Eden regions: 44->0(48)
[2024-12-17T10:17:31.310+0700][gc,heap     ] GC(367) Survivor regions: 7->3(7)
[2024-12-17T10:17:31.310+0700][gc,heap     ] GC(367) Old regions: 298->301
[2024-12-17T10:17:31.310+0700][gc,heap     ] GC(367) Archive regions: 2->2
[2024-12-17T10:17:31.310+0700][gc,heap     ] GC(367) Humongous regions: 129->129
[2024-12-17T10:17:31.310+0700][gc,metaspace] GC(367) Metaspace: 45477K(46080K)->45477K(46080K) NonClass: 40252K(40576K)->40252K(40576K) Class: 5225K(5504K)->5225K(5504K)
[2024-12-17T10:17:31.310+0700][gc          ] GC(367) Pause Young (Normal) (G1 Evacuation Pause) 478M->433M(1024M) 54.067ms
[2024-12-17T10:17:31.310+0700][gc,cpu      ] GC(367) User=0.09s Sys=0.01s Real=0.06s
[2024-12-17T10:19:16.373+0700][gc,start    ] GC(368) Pause Young (Normal) (G1 Evacuation Pause)
[2024-12-17T10:19:16.373+0700][gc,task     ] GC(368) Using 2 workers of 2 for evacuation
[2024-12-17T10:19:16.423+0700][gc,mmu      ] GC(368) MMU target violated: 21.0ms (20.0ms/21.0ms)
[2024-12-17T10:19:16.423+0700][gc,phases   ] GC(368)   Pre Evacuate Collection Set: 4.0ms
[2024-12-17T10:19:16.423+0700][gc,phases   ] GC(368)   Merge Heap Roots: 1.2ms
[2024-12-17T10:19:16.423+0700][gc,phases   ] GC(368)   Evacuate Collection Set: 40.8ms
[2024-12-17T10:19:16.423+0700][gc,phases   ] GC(368)   Post Evacuate Collection Set: 2.8ms
[2024-12-17T10:19:16.423+0700][gc,phases   ] GC(368)   Other: 1.6ms
[2024-12-17T10:19:16.423+0700][gc,heap     ] GC(368) Eden regions: 48->0(44)
[2024-12-17T10:19:16.423+0700][gc,heap     ] GC(368) Survivor regions: 3->7(7)
[2024-12-17T10:19:16.423+0700][gc,heap     ] GC(368) Old regions: 301->301
[2024-12-17T10:19:16.423+0700][gc,heap     ] GC(368) Archive regions: 2->2
[2024-12-17T10:19:16.423+0700][gc,heap     ] GC(368) Humongous regions: 129->129
[2024-12-17T10:19:16.423+0700][gc,metaspace] GC(368) Metaspace: 45477K(46080K)->45477K(46080K) NonClass: 40252K(40576K)->40252K(40576K) Class: 5225K(5504K)->5225K(5504K)
[2024-12-17T10:19:16.423+0700][gc          ] GC(368) Pause Young (Normal) (G1 Evacuation Pause) 481M->437M(1024M) 50.310ms
[2024-12-17T10:19:16.423+0700][gc,cpu      ] GC(368) User=0.09s Sys=0.00s Real=0.05s
[2024-12-17T10:20:51.339+0700][gc,start    ] GC(369) Pause Young (Normal) (G1 Evacuation Pause)
[2024-12-17T10:20:51.339+0700][gc,task     ] GC(369) Using 2 workers of 2 for evacuation
[2024-12-17T10:20:51.389+0700][gc,mmu      ] GC(369) MMU target violated: 21.0ms (20.0ms/21.0ms)
[2024-12-17T10:20:51.390+0700][gc,phases   ] GC(369)   Pre Evacuate Collection Set: 2.5ms
[2024-12-17T10:20:51.390+0700][gc,phases   ] GC(369)   Merge Heap Roots: 0.9ms
[2024-12-17T10:20:51.390+0700][gc,phases   ] GC(369)   Evacuate Collection Set: 43.2ms
[2024-12-17T10:20:51.390+0700][gc,phases   ] GC(369)   Post Evacuate Collection Set: 3.3ms
[2024-12-17T10:20:51.390+0700][gc,phases   ] GC(369)   Other: 1.3ms
[2024-12-17T10:20:51.390+0700][gc,heap     ] GC(369) Eden regions: 44->0(48)
[2024-12-17T10:20:51.390+0700][gc,heap     ] GC(369) Survivor regions: 7->3(7)
[2024-12-17T10:20:51.390+0700][gc,heap     ] GC(369) Old regions: 301->306
[2024-12-17T10:20:51.390+0700][gc,heap     ] GC(369) Archive regions: 2->2
[2024-12-17T10:20:51.390+0700][gc,heap     ] GC(369) Humongous regions: 129->129
[2024-12-17T10:20:51.390+0700][gc,metaspace] GC(369) Metaspace: 45477K(46080K)->45477K(46080K) NonClass: 40252K(40576K)->40252K(40576K) Class: 5225K(5504K)->5225K(5504K)
[2024-12-17T10:20:51.390+0700][gc          ] GC(369) Pause Young (Normal) (G1 Evacuation Pause) 481M->438M(1024M) 51.098ms
[2024-12-17T10:20:51.390+0700][gc,cpu      ] GC(369) User=0.08s Sys=0.02s Real=0.05s
[2024-12-17T10:22:35.917+0700][gc,start    ] GC(370) Pause Young (Normal) (G1 Evacuation Pause)
[2024-12-17T10:22:35.918+0700][gc,task     ] GC(370) Using 2 workers of 2 for evacuation
[2024-12-17T10:22:35.960+0700][gc,mmu      ] GC(370) MMU target violated: 21.0ms (20.0ms/21.0ms)
[2024-12-17T10:22:35.960+0700][gc,phases   ] GC(370)   Pre Evacuate Collection Set: 3.6ms
[2024-12-17T10:22:35.960+0700][gc,phases   ] GC(370)   Merge Heap Roots: 1.1ms
[2024-12-17T10:22:35.960+0700][gc,phases   ] GC(370)   Evacuate Collection Set: 34.2ms
[2024-12-17T10:22:35.960+0700][gc,phases   ] GC(370)   Post Evacuate Collection Set: 2.7ms
[2024-12-17T10:22:35.960+0700][gc,phases   ] GC(370)   Other: 1.4ms
[2024-12-17T10:22:35.960+0700][gc,heap     ] GC(370) Eden regions: 48->0(45)
[2024-12-17T10:22:35.960+0700][gc,heap     ] GC(370) Survivor regions: 3->6(7)
[2024-12-17T10:22:35.960+0700][gc,heap     ] GC(370) Old regions: 306->306
[2024-12-17T10:22:35.960+0700][gc,heap     ] GC(370) Archive regions: 2->2
[2024-12-17T10:22:35.960+0700][gc,heap     ] GC(370) Humongous regions: 129->129
[2024-12-17T10:22:35.960+0700][gc,metaspace] GC(370) Metaspace: 45477K(46080K)->45477K(46080K) NonClass: 40252K(40576K)->40252K(40576K) Class: 5225K(5504K)->5225K(5504K)
[2024-12-17T10:22:35.960+0700][gc          ] GC(370) Pause Young (Normal) (G1 Evacuation Pause) 486M->441M(1024M) 43.070ms
[2024-12-17T10:22:35.960+0700][gc,cpu      ] GC(370) User=0.08s Sys=0.00s Real=0.04s
[2024-12-17T10:24:14.278+0700][gc,start    ] GC(371) Pause Young (Normal) (G1 Evacuation Pause)
[2024-12-17T10:24:14.278+0700][gc,task     ] GC(371) Using 2 workers of 2 for evacuation
[2024-12-17T10:24:14.345+0700][gc,mmu      ] GC(371) MMU target violated: 21.0ms (20.0ms/21.0ms)
[2024-12-17T10:24:14.345+0700][gc,phases   ] GC(371)   Pre Evacuate Collection Set: 3.2ms
[2024-12-17T10:24:14.345+0700][gc,phases   ] GC(371)   Merge Heap Roots: 1.0ms
[2024-12-17T10:24:14.345+0700][gc,phases   ] GC(371)   Evacuate Collection Set: 58.6ms
[2024-12-17T10:24:14.345+0700][gc,phases   ] GC(371)   Post Evacuate Collection Set: 2.8ms
[2024-12-17T10:24:14.345+0700][gc,phases   ] GC(371)   Other: 1.5ms
[2024-12-17T10:24:14.345+0700][gc,heap     ] GC(371) Eden regions: 45->0(45)
[2024-12-17T10:24:14.345+0700][gc,heap     ] GC(371) Survivor regions: 6->6(7)
[2024-12-17T10:24:14.345+0700][gc,heap     ] GC(371) Old regions: 306->310
[2024-12-17T10:24:14.345+0700][gc,heap     ] GC(371) Archive regions: 2->2
[2024-12-17T10:24:14.345+0700][gc,heap     ] GC(371) Humongous regions: 129->129
[2024-12-17T10:24:14.345+0700][gc,metaspace] GC(371) Metaspace: 45477K(46080K)->45477K(46080K) NonClass: 40252K(40576K)->40252K(40576K) Class: 5225K(5504K)->5225K(5504K)
[2024-12-17T10:24:14.345+0700][gc          ] GC(371) Pause Young (Normal) (G1 Evacuation Pause) 486M->444M(1024M) 67.129ms
[2024-12-17T10:24:14.345+0700][gc,cpu      ] GC(371) User=0.11s Sys=0.01s Real=0.07s
[2024-12-17T10:25:51.473+0700][gc,start    ] GC(372) Pause Young (Normal) (G1 Evacuation Pause)
[2024-12-17T10:25:51.473+0700][gc,task     ] GC(372) Using 2 workers of 2 for evacuation
[2024-12-17T10:25:51.540+0700][gc,mmu      ] GC(372) MMU target violated: 21.0ms (20.0ms/21.0ms)
[2024-12-17T10:25:51.541+0700][gc,phases   ] GC(372)   Pre Evacuate Collection Set: 3.8ms
[2024-12-17T10:25:51.541+0700][gc,phases   ] GC(372)   Merge Heap Roots: 1.2ms
[2024-12-17T10:25:51.541+0700][gc,phases   ] GC(372)   Evacuate Collection Set: 57.8ms
[2024-12-17T10:25:51.541+0700][gc,phases   ] GC(372)   Post Evacuate Collection Set: 3.7ms
[2024-12-17T10:25:51.541+0700][gc,phases   ] GC(372)   Other: 1.3ms
[2024-12-17T10:25:51.541+0700][gc,heap     ] GC(372) Eden regions: 45->0(48)
[2024-12-17T10:25:51.541+0700][gc,heap     ] GC(372) Survivor regions: 6->3(7)
[2024-12-17T10:25:51.541+0700][gc,heap     ] GC(372) Old regions: 310->312
[2024-12-17T10:25:51.541+0700][gc,heap     ] GC(372) Archive regions: 2->2
[2024-12-17T10:25:51.541+0700][gc,heap     ] GC(372) Humongous regions: 129->129
[2024-12-17T10:25:51.541+0700][gc,metaspace] GC(372) Metaspace: 45477K(46080K)->45477K(46080K) NonClass: 40252K(40576K)->40252K(40576K) Class: 5225K(5504K)->5225K(5504K)
[2024-12-17T10:25:51.541+0700][gc          ] GC(372) Pause Young (Normal) (G1 Evacuation Pause) 489M->444M(1024M) 67.749ms
[2024-12-17T10:25:51.541+0700][gc,cpu      ] GC(372) User=0.12s Sys=0.00s Real=0.07s
[2024-12-17T10:27:36.153+0700][gc,start    ] GC(373) Pause Young (Normal) (G1 Evacuation Pause)
[2024-12-17T10:27:36.153+0700][gc,task     ] GC(373) Using 2 workers of 2 for evacuation
[2024-12-17T10:27:36.198+0700][gc,mmu      ] GC(373) MMU target violated: 21.0ms (20.0ms/21.0ms)
[2024-12-17T10:27:36.198+0700][gc,phases   ] GC(373)   Pre Evacuate Collection Set: 2.4ms
[2024-12-17T10:27:36.198+0700][gc,phases   ] GC(373)   Merge Heap Roots: 0.7ms
[2024-12-17T10:27:36.198+0700][gc,phases   ] GC(373)   Evacuate Collection Set: 39.0ms
[2024-12-17T10:27:36.198+0700][gc,phases   ] GC(373)   Post Evacuate Collection Set: 2.2ms
[2024-12-17T10:27:36.198+0700][gc,phases   ] GC(373)   Other: 1.0ms
[2024-12-17T10:27:36.198+0700][gc,heap     ] GC(373) Eden regions: 48->0(44)
[2024-12-17T10:27:36.198+0700][gc,heap     ] GC(373) Survivor regions: 3->7(7)
[2024-12-17T10:27:36.198+0700][gc,heap     ] GC(373) Old regions: 312->312
[2024-12-17T10:27:36.198+0700][gc,heap     ] GC(373) Archive regions: 2->2
[2024-12-17T10:27:36.198+0700][gc,heap     ] GC(373) Humongous regions: 129->129
[2024-12-17T10:27:36.198+0700][gc,metaspace] GC(373) Metaspace: 45478K(46080K)->45478K(46080K) NonClass: 40253K(40576K)->40253K(40576K) Class: 5225K(5504K)->5225K(5504K)
[2024-12-17T10:27:36.198+0700][gc          ] GC(373) Pause Young (Normal) (G1 Evacuation Pause) 492M->448M(1024M) 45.422ms
[2024-12-17T10:27:36.198+0700][gc,cpu      ] GC(373) User=0.09s Sys=0.00s Real=0.05s
[2024-12-17T10:29:12.113+0700][gc,start    ] GC(374) Pause Young (Normal) (G1 Evacuation Pause)
[2024-12-17T10:29:12.113+0700][gc,task     ] GC(374) Using 2 workers of 2 for evacuation
[2024-12-17T10:29:12.165+0700][gc,mmu      ] GC(374) MMU target violated: 21.0ms (20.0ms/21.0ms)
[2024-12-17T10:29:12.165+0700][gc,phases   ] GC(374)   Pre Evacuate Collection Set: 4.0ms
[2024-12-17T10:29:12.165+0700][gc,phases   ] GC(374)   Merge Heap Roots: 0.6ms
[2024-12-17T10:29:12.165+0700][gc,phases   ] GC(374)   Evacuate Collection Set: 42.7ms
[2024-12-17T10:29:12.165+0700][gc,phases   ] GC(374)   Post Evacuate Collection Set: 3.7ms
[2024-12-17T10:29:12.165+0700][gc,phases   ] GC(374)   Other: 1.4ms
[2024-12-17T10:29:12.165+0700][gc,heap     ] GC(374) Eden regions: 44->0(48)
[2024-12-17T10:29:12.165+0700][gc,heap     ] GC(374) Survivor regions: 7->3(7)
[2024-12-17T10:29:12.165+0700][gc,heap     ] GC(374) Old regions: 312->317
[2024-12-17T10:29:12.165+0700][gc,heap     ] GC(374) Archive regions: 2->2
[2024-12-17T10:29:12.165+0700][gc,heap     ] GC(374) Humongous regions: 129->129
[2024-12-17T10:29:12.165+0700][gc,metaspace] GC(374) Metaspace: 45478K(46080K)->45478K(46080K) NonClass: 40253K(40576K)->40253K(40576K) Class: 5225K(5504K)->5225K(5504K)
[2024-12-17T10:29:12.165+0700][gc          ] GC(374) Pause Young (Normal) (G1 Evacuation Pause) 492M->448M(1024M) 52.252ms
[2024-12-17T10:29:12.165+0700][gc,cpu      ] GC(374) User=0.09s Sys=0.00s Real=0.06s
[2024-12-17T10:30:56.265+0700][gc,start    ] GC(375) Pause Young (Normal) (G1 Evacuation Pause)
[2024-12-17T10:30:56.265+0700][gc,task     ] GC(375) Using 2 workers of 2 for evacuation
[2024-12-17T10:30:56.312+0700][gc,mmu      ] GC(375) MMU target violated: 21.0ms (20.0ms/21.0ms)
[2024-12-17T10:30:56.312+0700][gc,phases   ] GC(375)   Pre Evacuate Collection Set: 4.2ms
[2024-12-17T10:30:56.312+0700][gc,phases   ] GC(375)   Merge Heap Roots: 0.7ms
[2024-12-17T10:30:56.312+0700][gc,phases   ] GC(375)   Evacuate Collection Set: 38.7ms
[2024-12-17T10:30:56.312+0700][gc,phases   ] GC(375)   Post Evacuate Collection Set: 2.4ms
[2024-12-17T10:30:56.312+0700][gc,phases   ] GC(375)   Other: 1.3ms
[2024-12-17T10:30:56.312+0700][gc,heap     ] GC(375) Eden regions: 48->0(45)
[2024-12-17T10:30:56.312+0700][gc,heap     ] GC(375) Survivor regions: 3->6(7)
[2024-12-17T10:30:56.312+0700][gc,heap     ] GC(375) Old regions: 317->317
[2024-12-17T10:30:56.312+0700][gc,heap     ] GC(375) Archive regions: 2->2
[2024-12-17T10:30:56.312+0700][gc,heap     ] GC(375) Humongous regions: 129->129
[2024-12-17T10:30:56.312+0700][gc,metaspace] GC(375) Metaspace: 45478K(46080K)->45478K(46080K) NonClass: 40253K(40576K)->40253K(40576K) Class: 5225K(5504K)->5225K(5504K)
[2024-12-17T10:30:56.312+0700][gc          ] GC(375) Pause Young (Normal) (G1 Evacuation Pause) 496M->452M(1024M) 47.201ms
[2024-12-17T10:30:56.312+0700][gc,cpu      ] GC(375) User=0.08s Sys=0.00s Real=0.04s
[2024-12-17T10:32:34.119+0700][gc,start    ] GC(376) Pause Young (Normal) (G1 Evacuation Pause)
[2024-12-17T10:32:34.119+0700][gc,task     ] GC(376) Using 2 workers of 2 for evacuation
[2024-12-17T10:32:34.180+0700][gc,mmu      ] GC(376) MMU target violated: 21.0ms (20.0ms/21.0ms)
[2024-12-17T10:32:34.180+0700][gc,phases   ] GC(376)   Pre Evacuate Collection Set: 2.6ms
[2024-12-17T10:32:34.180+0700][gc,phases   ] GC(376)   Merge Heap Roots: 0.9ms
[2024-12-17T10:32:34.180+0700][gc,phases   ] GC(376)   Evacuate Collection Set: 53.5ms
[2024-12-17T10:32:34.180+0700][gc,phases   ] GC(376)   Post Evacuate Collection Set: 3.7ms
[2024-12-17T10:32:34.181+0700][gc,phases   ] GC(376)   Other: 1.9ms
[2024-12-17T10:32:34.181+0700][gc,heap     ] GC(376) Eden regions: 45->0(46)
[2024-12-17T10:32:34.181+0700][gc,heap     ] GC(376) Survivor regions: 6->5(7)
[2024-12-17T10:32:34.181+0700][gc,heap     ] GC(376) Old regions: 317->321
[2024-12-17T10:32:34.181+0700][gc,heap     ] GC(376) Archive regions: 2->2
[2024-12-17T10:32:34.181+0700][gc,heap     ] GC(376) Humongous regions: 129->129
[2024-12-17T10:32:34.181+0700][gc,metaspace] GC(376) Metaspace: 45478K(46080K)->45478K(46080K) NonClass: 40253K(40576K)->40253K(40576K) Class: 5225K(5504K)->5225K(5504K)
[2024-12-17T10:32:34.181+0700][gc          ] GC(376) Pause Young (Normal) (G1 Evacuation Pause) 497M->455M(1024M) 62.034ms
[2024-12-17T10:32:34.181+0700][gc,cpu      ] GC(376) User=0.10s Sys=0.02s Real=0.06s
[2024-12-17T10:34:14.272+0700][gc,start    ] GC(377) Pause Young (Normal) (G1 Evacuation Pause)
[2024-12-17T10:34:14.272+0700][gc,task     ] GC(377) Using 2 workers of 2 for evacuation
[2024-12-17T10:34:14.310+0700][gc,mmu      ] GC(377) MMU target violated: 21.0ms (20.0ms/21.0ms)
[2024-12-17T10:34:14.311+0700][gc,phases   ] GC(377)   Pre Evacuate Collection Set: 1.8ms
[2024-12-17T10:34:14.311+0700][gc,phases   ] GC(377)   Merge Heap Roots: 0.5ms
[2024-12-17T10:34:14.311+0700][gc,phases   ] GC(377)   Evacuate Collection Set: 33.0ms
[2024-12-17T10:34:14.311+0700][gc,phases   ] GC(377)   Post Evacuate Collection Set: 2.5ms
[2024-12-17T10:34:14.311+0700][gc,phases   ] GC(377)   Other: 1.1ms
[2024-12-17T10:34:14.311+0700][gc,heap     ] GC(377) Eden regions: 46->0(47)
[2024-12-17T10:34:14.311+0700][gc,heap     ] GC(377) Survivor regions: 5->4(7)
[2024-12-17T10:34:14.311+0700][gc,heap     ] GC(377) Old regions: 321->323
[2024-12-17T10:34:14.311+0700][gc,heap     ] GC(377) Archive regions: 2->2
[2024-12-17T10:34:14.311+0700][gc,heap     ] GC(377) Humongous regions: 129->129
[2024-12-17T10:34:14.311+0700][gc,metaspace] GC(377) Metaspace: 45478K(46080K)->45478K(46080K) NonClass: 40253K(40576K)->40253K(40576K) Class: 5225K(5504K)->5225K(5504K)
[2024-12-17T10:34:14.311+0700][gc          ] GC(377) Pause Young (Normal) (G1 Evacuation Pause) 501M->456M(1024M) 39.029ms
[2024-12-17T10:34:14.311+0700][gc,cpu      ] GC(377) User=0.06s Sys=0.00s Real=0.04s
[2024-12-17T10:35:56.662+0700][gc,start    ] GC(378) Pause Young (Normal) (G1 Evacuation Pause)
[2024-12-17T10:35:56.662+0700][gc,task     ] GC(378) Using 2 workers of 2 for evacuation
[2024-12-17T10:35:56.703+0700][gc,mmu      ] GC(378) MMU target violated: 21.0ms (20.0ms/21.0ms)
[2024-12-17T10:35:56.703+0700][gc,phases   ] GC(378)   Pre Evacuate Collection Set: 2.5ms
[2024-12-17T10:35:56.703+0700][gc,phases   ] GC(378)   Merge Heap Roots: 0.9ms
[2024-12-17T10:35:56.703+0700][gc,phases   ] GC(378)   Evacuate Collection Set: 35.2ms
[2024-12-17T10:35:56.703+0700][gc,phases   ] GC(378)   Post Evacuate Collection Set: 2.0ms
[2024-12-17T10:35:56.703+0700][gc,phases   ] GC(378)   Other: 0.7ms
[2024-12-17T10:35:56.703+0700][gc,heap     ] GC(378) Eden regions: 47->0(44)
[2024-12-17T10:35:56.703+0700][gc,heap     ] GC(378) Survivor regions: 4->7(7)
[2024-12-17T10:35:56.703+0700][gc,heap     ] GC(378) Old regions: 323->323
[2024-12-17T10:35:56.703+0700][gc,heap     ] GC(378) Archive regions: 2->2
[2024-12-17T10:35:56.703+0700][gc,heap     ] GC(378) Humongous regions: 129->129
[2024-12-17T10:35:56.703+0700][gc,metaspace] GC(378) Metaspace: 45479K(46080K)->45479K(46080K) NonClass: 40254K(40576K)->40254K(40576K) Class: 5225K(5504K)->5225K(5504K)
[2024-12-17T10:35:56.703+0700][gc          ] GC(378) Pause Young (Normal) (G1 Evacuation Pause) 503M->459M(1024M) 41.368ms
[2024-12-17T10:35:56.703+0700][gc,cpu      ] GC(378) User=0.08s Sys=0.00s Real=0.04s
[2024-12-17T10:37:32.065+0700][gc,start    ] GC(379) Pause Young (Normal) (G1 Evacuation Pause)
[2024-12-17T10:37:32.065+0700][gc,task     ] GC(379) Using 2 workers of 2 for evacuation
[2024-12-17T10:37:32.114+0700][gc,mmu      ] GC(379) MMU target violated: 21.0ms (20.0ms/21.0ms)
[2024-12-17T10:37:32.114+0700][gc,phases   ] GC(379)   Pre Evacuate Collection Set: 2.6ms
[2024-12-17T10:37:32.114+0700][gc,phases   ] GC(379)   Merge Heap Roots: 0.6ms
[2024-12-17T10:37:32.114+0700][gc,phases   ] GC(379)   Evacuate Collection Set: 42.7ms
[2024-12-17T10:37:32.114+0700][gc,phases   ] GC(379)   Post Evacuate Collection Set: 2.7ms
[2024-12-17T10:37:32.114+0700][gc,phases   ] GC(379)   Other: 1.2ms
[2024-12-17T10:37:32.114+0700][gc,heap     ] GC(379) Eden regions: 44->0(48)
[2024-12-17T10:37:32.114+0700][gc,heap     ] GC(379) Survivor regions: 7->3(7)
[2024-12-17T10:37:32.114+0700][gc,heap     ] GC(379) Old regions: 323->328
[2024-12-17T10:37:32.115+0700][gc,heap     ] GC(379) Archive regions: 2->2
[2024-12-17T10:37:32.115+0700][gc,heap     ] GC(379) Humongous regions: 129->129
[2024-12-17T10:37:32.115+0700][gc,metaspace] GC(379) Metaspace: 45479K(46080K)->45479K(46080K) NonClass: 40254K(40576K)->40254K(40576K) Class: 5225K(5504K)->5225K(5504K)
[2024-12-17T10:37:32.115+0700][gc          ] GC(379) Pause Young (Normal) (G1 Evacuation Pause) 503M->460M(1024M) 50.029ms
[2024-12-17T10:37:32.115+0700][gc,cpu      ] GC(379) User=0.09s Sys=0.01s Real=0.04s
[2024-12-17T10:39:17.026+0700][gc,start    ] GC(380) Pause Young (Normal) (G1 Evacuation Pause)
[2024-12-17T10:39:17.026+0700][gc,task     ] GC(380) Using 2 workers of 2 for evacuation
[2024-12-17T10:39:17.068+0700][gc,mmu      ] GC(380) MMU target violated: 21.0ms (20.0ms/21.0ms)
[2024-12-17T10:39:17.068+0700][gc,phases   ] GC(380)   Pre Evacuate Collection Set: 2.9ms
[2024-12-17T10:39:17.068+0700][gc,phases   ] GC(380)   Merge Heap Roots: 0.7ms
[2024-12-17T10:39:17.068+0700][gc,phases   ] GC(380)   Evacuate Collection Set: 34.7ms
[2024-12-17T10:39:17.068+0700][gc,phases   ] GC(380)   Post Evacuate Collection Set: 2.8ms
[2024-12-17T10:39:17.068+0700][gc,phases   ] GC(380)   Other: 1.5ms
[2024-12-17T10:39:17.068+0700][gc,heap     ] GC(380) Eden regions: 48->0(45)
[2024-12-17T10:39:17.068+0700][gc,heap     ] GC(380) Survivor regions: 3->6(7)
[2024-12-17T10:39:17.068+0700][gc,heap     ] GC(380) Old regions: 328->328
[2024-12-17T10:39:17.068+0700][gc,heap     ] GC(380) Archive regions: 2->2
[2024-12-17T10:39:17.068+0700][gc,heap     ] GC(380) Humongous regions: 129->129
[2024-12-17T10:39:17.068+0700][gc,metaspace] GC(380) Metaspace: 45479K(46080K)->45479K(46080K) NonClass: 40254K(40576K)->40254K(40576K) Class: 5225K(5504K)->5225K(5504K)
[2024-12-17T10:39:17.068+0700][gc          ] GC(380) Pause Young (Normal) (G1 Evacuation Pause) 508M->463M(1024M) 42.511ms
[2024-12-17T10:39:17.068+0700][gc,cpu      ] GC(380) User=0.08s Sys=0.00s Real=0.04s
[2024-12-17T10:40:54.984+0700][gc,start    ] GC(381) Pause Young (Normal) (G1 Evacuation Pause)
[2024-12-17T10:40:54.984+0700][gc,task     ] GC(381) Using 2 workers of 2 for evacuation
[2024-12-17T10:40:55.048+0700][gc,mmu      ] GC(381) MMU target violated: 21.0ms (20.0ms/21.0ms)
[2024-12-17T10:40:55.049+0700][gc,phases   ] GC(381)   Pre Evacuate Collection Set: 2.8ms
[2024-12-17T10:40:55.049+0700][gc,phases   ] GC(381)   Merge Heap Roots: 0.7ms
[2024-12-17T10:40:55.049+0700][gc,phases   ] GC(381)   Evacuate Collection Set: 56.2ms
[2024-12-17T10:40:55.049+0700][gc,phases   ] GC(381)   Post Evacuate Collection Set: 3.9ms
[2024-12-17T10:40:55.049+0700][gc,phases   ] GC(381)   Other: 1.8ms
[2024-12-17T10:40:55.049+0700][gc,heap     ] GC(381) Eden regions: 45->0(46)
[2024-12-17T10:40:55.049+0700][gc,heap     ] GC(381) Survivor regions: 6->5(7)
[2024-12-17T10:40:55.049+0700][gc,heap     ] GC(381) Old regions: 328->332
[2024-12-17T10:40:55.049+0700][gc,heap     ] GC(381) Archive regions: 2->2
[2024-12-17T10:40:55.049+0700][gc,heap     ] GC(381) Humongous regions: 129->129
[2024-12-17T10:40:55.049+0700][gc,metaspace] GC(381) Metaspace: 45479K(46080K)->45479K(46080K) NonClass: 40254K(40576K)->40254K(40576K) Class: 5225K(5504K)->5225K(5504K)
[2024-12-17T10:40:55.049+0700][gc          ] GC(381) Pause Young (Normal) (G1 Evacuation Pause) 508M->466M(1024M) 65.189ms
[2024-12-17T10:40:55.049+0700][gc,cpu      ] GC(381) User=0.11s Sys=0.01s Real=0.07s
[2024-12-17T10:42:34.723+0700][gc,start    ] GC(382) Pause Young (Normal) (G1 Evacuation Pause)
[2024-12-17T10:42:34.723+0700][gc,task     ] GC(382) Using 2 workers of 2 for evacuation
[2024-12-17T10:42:34.764+0700][gc,mmu      ] GC(382) MMU target violated: 21.0ms (20.0ms/21.0ms)
[2024-12-17T10:42:34.764+0700][gc,phases   ] GC(382)   Pre Evacuate Collection Set: 2.6ms
[2024-12-17T10:42:34.764+0700][gc,phases   ] GC(382)   Merge Heap Roots: 0.8ms
[2024-12-17T10:42:34.764+0700][gc,phases   ] GC(382)   Evacuate Collection Set: 34.4ms
[2024-12-17T10:42:34.764+0700][gc,phases   ] GC(382)   Post Evacuate Collection Set: 2.6ms
[2024-12-17T10:42:34.764+0700][gc,phases   ] GC(382)   Other: 1.4ms
[2024-12-17T10:42:34.764+0700][gc,heap     ] GC(382) Eden regions: 46->0(47)
[2024-12-17T10:42:34.764+0700][gc,heap     ] GC(382) Survivor regions: 5->4(7)
[2024-12-17T10:42:34.764+0700][gc,heap     ] GC(382) Old regions: 332->334
[2024-12-17T10:42:34.764+0700][gc,heap     ] GC(382) Archive regions: 2->2
[2024-12-17T10:42:34.764+0700][gc,heap     ] GC(382) Humongous regions: 129->129
[2024-12-17T10:42:34.764+0700][gc,metaspace] GC(382) Metaspace: 45479K(46080K)->45479K(46080K) NonClass: 40254K(40576K)->40254K(40576K) Class: 5225K(5504K)->5225K(5504K)
[2024-12-17T10:42:34.764+0700][gc          ] GC(382) Pause Young (Normal) (G1 Evacuation Pause) 512M->467M(1024M) 41.820ms
[2024-12-17T10:42:34.764+0700][gc,cpu      ] GC(382) User=0.08s Sys=0.00s Real=0.05s
[2024-12-17T10:44:17.547+0700][gc,start    ] GC(383) Pause Young (Normal) (G1 Evacuation Pause)
[2024-12-17T10:44:17.548+0700][gc,task     ] GC(383) Using 2 workers of 2 for evacuation
[2024-12-17T10:44:17.595+0700][gc,mmu      ] GC(383) MMU target violated: 21.0ms (20.0ms/21.0ms)
[2024-12-17T10:44:17.595+0700][gc,phases   ] GC(383)   Pre Evacuate Collection Set: 2.9ms
[2024-12-17T10:44:17.595+0700][gc,phases   ] GC(383)   Merge Heap Roots: 0.8ms
[2024-12-17T10:44:17.595+0700][gc,phases   ] GC(383)   Evacuate Collection Set: 39.8ms
[2024-12-17T10:44:17.595+0700][gc,phases   ] GC(383)   Post Evacuate Collection Set: 3.5ms
[2024-12-17T10:44:17.595+0700][gc,phases   ] GC(383)   Other: 1.5ms
[2024-12-17T10:44:17.595+0700][gc,heap     ] GC(383) Eden regions: 47->0(44)
[2024-12-17T10:44:17.595+0700][gc,heap     ] GC(383) Survivor regions: 4->7(7)
[2024-12-17T10:44:17.595+0700][gc,heap     ] GC(383) Old regions: 334->334
[2024-12-17T10:44:17.595+0700][gc,heap     ] GC(383) Archive regions: 2->2
[2024-12-17T10:44:17.595+0700][gc,heap     ] GC(383) Humongous regions: 129->129
[2024-12-17T10:44:17.596+0700][gc,metaspace] GC(383) Metaspace: 45479K(46080K)->45479K(46080K) NonClass: 40254K(40576K)->40254K(40576K) Class: 5225K(5504K)->5225K(5504K)
[2024-12-17T10:44:17.596+0700][gc          ] GC(383) Pause Young (Normal) (G1 Evacuation Pause) 514M->470M(1024M) 48.392ms
[2024-12-17T10:44:17.596+0700][gc,cpu      ] GC(383) User=0.09s Sys=0.01s Real=0.04s
[2024-12-17T10:45:52.432+0700][gc,start    ] GC(384) Pause Young (Normal) (G1 Evacuation Pause)
[2024-12-17T10:45:52.432+0700][gc,task     ] GC(384) Using 2 workers of 2 for evacuation
[2024-12-17T10:45:52.486+0700][gc,mmu      ] GC(384) MMU target violated: 21.0ms (20.0ms/21.0ms)
[2024-12-17T10:45:52.486+0700][gc,phases   ] GC(384)   Pre Evacuate Collection Set: 4.2ms
[2024-12-17T10:45:52.486+0700][gc,phases   ] GC(384)   Merge Heap Roots: 0.6ms
[2024-12-17T10:45:52.486+0700][gc,phases   ] GC(384)   Evacuate Collection Set: 45.2ms
[2024-12-17T10:45:52.486+0700][gc,phases   ] GC(384)   Post Evacuate Collection Set: 3.0ms
[2024-12-17T10:45:52.486+0700][gc,phases   ] GC(384)   Other: 1.8ms
[2024-12-17T10:45:52.486+0700][gc,heap     ] GC(384) Eden regions: 44->0(48)
[2024-12-17T10:45:52.486+0700][gc,heap     ] GC(384) Survivor regions: 7->3(7)
[2024-12-17T10:45:52.487+0700][gc,heap     ] GC(384) Old regions: 334->339
[2024-12-17T10:45:52.487+0700][gc,heap     ] GC(384) Archive regions: 2->2
[2024-12-17T10:45:52.487+0700][gc,heap     ] GC(384) Humongous regions: 129->129
[2024-12-17T10:45:52.487+0700][gc,metaspace] GC(384) Metaspace: 45479K(46080K)->45479K(46080K) NonClass: 40254K(40576K)->40254K(40576K) Class: 5225K(5504K)->5225K(5504K)
[2024-12-17T10:45:52.487+0700][gc          ] GC(384) Pause Young (Normal) (G1 Evacuation Pause) 514M->470M(1024M) 54.786ms
[2024-12-17T10:45:52.487+0700][gc,cpu      ] GC(384) User=0.09s Sys=0.01s Real=0.06s
[2024-12-17T10:47:36.807+0700][gc,start    ] GC(385) Pause Young (Normal) (G1 Evacuation Pause)
[2024-12-17T10:47:36.807+0700][gc,task     ] GC(385) Using 2 workers of 2 for evacuation
[2024-12-17T10:47:36.853+0700][gc,mmu      ] GC(385) MMU target violated: 21.0ms (20.0ms/21.0ms)
[2024-12-17T10:47:36.853+0700][gc,phases   ] GC(385)   Pre Evacuate Collection Set: 2.9ms
[2024-12-17T10:47:36.853+0700][gc,phases   ] GC(385)   Merge Heap Roots: 0.7ms
[2024-12-17T10:47:36.853+0700][gc,phases   ] GC(385)   Evacuate Collection Set: 39.3ms
[2024-12-17T10:47:36.853+0700][gc,phases   ] GC(385)   Post Evacuate Collection Set: 2.4ms
[2024-12-17T10:47:36.853+0700][gc,phases   ] GC(385)   Other: 1.1ms
[2024-12-17T10:47:36.853+0700][gc,heap     ] GC(385) Eden regions: 48->0(45)
[2024-12-17T10:47:36.853+0700][gc,heap     ] GC(385) Survivor regions: 3->6(7)
[2024-12-17T10:47:36.853+0700][gc,heap     ] GC(385) Old regions: 339->339
[2024-12-17T10:47:36.853+0700][gc,heap     ] GC(385) Archive regions: 2->2
[2024-12-17T10:47:36.853+0700][gc,heap     ] GC(385) Humongous regions: 129->129
[2024-12-17T10:47:36.853+0700][gc,metaspace] GC(385) Metaspace: 45480K(46080K)->45480K(46080K) NonClass: 40255K(40576K)->40255K(40576K) Class: 5225K(5504K)->5225K(5504K)
[2024-12-17T10:47:36.853+0700][gc          ] GC(385) Pause Young (Normal) (G1 Evacuation Pause) 518M->474M(1024M) 46.518ms
[2024-12-17T10:47:36.854+0700][gc,cpu      ] GC(385) User=0.09s Sys=0.00s Real=0.04s
[2024-12-17T10:49:15.279+0700][gc,start    ] GC(386) Pause Young (Normal) (G1 Evacuation Pause)
[2024-12-17T10:49:15.280+0700][gc,task     ] GC(386) Using 2 workers of 2 for evacuation
[2024-12-17T10:49:15.341+0700][gc,mmu      ] GC(386) MMU target violated: 21.0ms (20.0ms/21.0ms)
[2024-12-17T10:49:15.341+0700][gc,phases   ] GC(386)   Pre Evacuate Collection Set: 3.2ms
[2024-12-17T10:49:15.341+0700][gc,phases   ] GC(386)   Merge Heap Roots: 1.1ms
[2024-12-17T10:49:15.341+0700][gc,phases   ] GC(386)   Evacuate Collection Set: 53.1ms
[2024-12-17T10:49:15.341+0700][gc,phases   ] GC(386)   Post Evacuate Collection Set: 3.3ms
[2024-12-17T10:49:15.341+0700][gc,phases   ] GC(386)   Other: 1.6ms
[2024-12-17T10:49:15.342+0700][gc,heap     ] GC(386) Eden regions: 45->0(44)
[2024-12-17T10:49:15.342+0700][gc,heap     ] GC(386) Survivor regions: 6->7(7)
[2024-12-17T10:49:15.342+0700][gc,heap     ] GC(386) Old regions: 339->341
[2024-12-17T10:49:15.342+0700][gc,heap     ] GC(386) Archive regions: 2->2
[2024-12-17T10:49:15.342+0700][gc,heap     ] GC(386) Humongous regions: 129->129
[2024-12-17T10:49:15.342+0700][gc,metaspace] GC(386) Metaspace: 45480K(46080K)->45480K(46080K) NonClass: 40255K(40576K)->40255K(40576K) Class: 5225K(5504K)->5225K(5504K)
[2024-12-17T10:49:15.342+0700][gc          ] GC(386) Pause Young (Normal) (G1 Evacuation Pause) 519M->477M(1024M) 62.366ms
[2024-12-17T10:49:15.342+0700][gc,cpu      ] GC(386) User=0.11s Sys=0.00s Real=0.06s
[2024-12-17T10:50:50.537+0700][gc,start    ] GC(387) Pause Young (Normal) (G1 Evacuation Pause)
[2024-12-17T10:50:50.537+0700][gc,task     ] GC(387) Using 2 workers of 2 for evacuation
[2024-12-17T10:50:50.587+0700][gc,mmu      ] GC(387) MMU target violated: 21.0ms (20.0ms/21.0ms)
[2024-12-17T10:50:50.587+0700][gc,phases   ] GC(387)   Pre Evacuate Collection Set: 3.8ms
[2024-12-17T10:50:50.587+0700][gc,phases   ] GC(387)   Merge Heap Roots: 0.6ms
[2024-12-17T10:50:50.587+0700][gc,phases   ] GC(387)   Evacuate Collection Set: 40.9ms
[2024-12-17T10:50:50.587+0700][gc,phases   ] GC(387)   Post Evacuate Collection Set: 3.8ms
[2024-12-17T10:50:50.587+0700][gc,phases   ] GC(387)   Other: 1.2ms
[2024-12-17T10:50:50.587+0700][gc,heap     ] GC(387) Eden regions: 44->0(48)
[2024-12-17T10:50:50.587+0700][gc,heap     ] GC(387) Survivor regions: 7->3(7)
[2024-12-17T10:50:50.587+0700][gc,heap     ] GC(387) Old regions: 341->345
[2024-12-17T10:50:50.587+0700][gc,heap     ] GC(387) Archive regions: 2->2
[2024-12-17T10:50:50.587+0700][gc,heap     ] GC(387) Humongous regions: 129->129
[2024-12-17T10:50:50.587+0700][gc,metaspace] GC(387) Metaspace: 45480K(46080K)->45480K(46080K) NonClass: 40255K(40576K)->40255K(40576K) Class: 5225K(5504K)->5225K(5504K)
[2024-12-17T10:50:50.587+0700][gc          ] GC(387) Pause Young (Normal) (G1 Evacuation Pause) 521M->477M(1024M) 50.210ms
[2024-12-17T10:50:50.587+0700][gc,cpu      ] GC(387) User=0.09s Sys=0.00s Real=0.05s
[2024-12-17T10:52:34.550+0700][gc,start    ] GC(388) Pause Young (Normal) (G1 Evacuation Pause)
[2024-12-17T10:52:34.550+0700][gc,task     ] GC(388) Using 2 workers of 2 for evacuation
[2024-12-17T10:52:34.605+0700][gc,mmu      ] GC(388) MMU target violated: 21.0ms (20.0ms/21.0ms)
[2024-12-17T10:52:34.606+0700][gc,phases   ] GC(388)   Pre Evacuate Collection Set: 3.4ms
[2024-12-17T10:52:34.606+0700][gc,phases   ] GC(388)   Merge Heap Roots: 0.8ms
[2024-12-17T10:52:34.606+0700][gc,phases   ] GC(388)   Evacuate Collection Set: 46.1ms
[2024-12-17T10:52:34.606+0700][gc,phases   ] GC(388)   Post Evacuate Collection Set: 4.7ms
[2024-12-17T10:52:34.606+0700][gc,phases   ] GC(388)   Other: 1.4ms
[2024-12-17T10:52:34.606+0700][gc,heap     ] GC(388) Eden regions: 48->0(44)
[2024-12-17T10:52:34.606+0700][gc,heap     ] GC(388) Survivor regions: 3->7(7)
[2024-12-17T10:52:34.606+0700][gc,heap     ] GC(388) Old regions: 345->345
[2024-12-17T10:52:34.606+0700][gc,heap     ] GC(388) Archive regions: 2->2
[2024-12-17T10:52:34.606+0700][gc,heap     ] GC(388) Humongous regions: 129->129
[2024-12-17T10:52:34.606+0700][gc,metaspace] GC(388) Metaspace: 45480K(46080K)->45480K(46080K) NonClass: 40255K(40576K)->40255K(40576K) Class: 5225K(5504K)->5225K(5504K)
[2024-12-17T10:52:34.606+0700][gc          ] GC(388) Pause Young (Normal) (G1 Evacuation Pause) 525M->480M(1024M) 56.517ms
[2024-12-17T10:52:34.606+0700][gc,cpu      ] GC(388) User=0.10s Sys=0.00s Real=0.06s
[2024-12-17T10:54:10.435+0700][gc,start    ] GC(389) Pause Young (Normal) (G1 Evacuation Pause)
[2024-12-17T10:54:10.435+0700][gc,task     ] GC(389) Using 2 workers of 2 for evacuation
[2024-12-17T10:54:10.497+0700][gc,mmu      ] GC(389) MMU target violated: 21.0ms (20.0ms/21.0ms)
[2024-12-17T10:54:10.497+0700][gc,phases   ] GC(389)   Pre Evacuate Collection Set: 2.6ms
[2024-12-17T10:54:10.497+0700][gc,phases   ] GC(389)   Merge Heap Roots: 0.6ms
[2024-12-17T10:54:10.497+0700][gc,phases   ] GC(389)   Evacuate Collection Set: 55.4ms
[2024-12-17T10:54:10.497+0700][gc,phases   ] GC(389)   Post Evacuate Collection Set: 2.5ms
[2024-12-17T10:54:10.497+0700][gc,phases   ] GC(389)   Other: 1.4ms
[2024-12-17T10:54:10.497+0700][gc,heap     ] GC(389) Eden regions: 44->0(46)
[2024-12-17T10:54:10.497+0700][gc,heap     ] GC(389) Survivor regions: 7->5(7)
[2024-12-17T10:54:10.497+0700][gc,heap     ] GC(389) Old regions: 345->350
[2024-12-17T10:54:10.497+0700][gc,heap     ] GC(389) Archive regions: 2->2
[2024-12-17T10:54:10.497+0700][gc,heap     ] GC(389) Humongous regions: 129->129
[2024-12-17T10:54:10.497+0700][gc,metaspace] GC(389) Metaspace: 45480K(46080K)->45480K(46080K) NonClass: 40255K(40576K)->40255K(40576K) Class: 5225K(5504K)->5225K(5504K)
[2024-12-17T10:54:10.497+0700][gc          ] GC(389) Pause Young (Normal) (G1 Evacuation Pause) 524M->484M(1024M) 62.483ms
[2024-12-17T10:54:10.497+0700][gc,cpu      ] GC(389) User=0.12s Sys=0.00s Real=0.07s
[2024-12-17T10:55:50.435+0700][gc,start    ] GC(390) Pause Young (Normal) (G1 Evacuation Pause)
[2024-12-17T10:55:50.435+0700][gc,task     ] GC(390) Using 2 workers of 2 for evacuation
[2024-12-17T10:55:50.478+0700][gc,mmu      ] GC(390) MMU target violated: 21.0ms (20.0ms/21.0ms)
[2024-12-17T10:55:50.478+0700][gc,phases   ] GC(390)   Pre Evacuate Collection Set: 4.2ms
[2024-12-17T10:55:50.478+0700][gc,phases   ] GC(390)   Merge Heap Roots: 1.2ms
[2024-12-17T10:55:50.479+0700][gc,phases   ] GC(390)   Evacuate Collection Set: 34.7ms
[2024-12-17T10:55:50.479+0700][gc,phases   ] GC(390)   Post Evacuate Collection Set: 2.4ms
[2024-12-17T10:55:50.479+0700][gc,phases   ] GC(390)   Other: 1.1ms
[2024-12-17T10:55:50.479+0700][gc,heap     ] GC(390) Eden regions: 46->0(47)
[2024-12-17T10:55:50.479+0700][gc,heap     ] GC(390) Survivor regions: 5->4(7)
[2024-12-17T10:55:50.479+0700][gc,heap     ] GC(390) Old regions: 350->352
[2024-12-17T10:55:50.479+0700][gc,heap     ] GC(390) Archive regions: 2->2
[2024-12-17T10:55:50.479+0700][gc,heap     ] GC(390) Humongous regions: 129->129
[2024-12-17T10:55:50.479+0700][gc,metaspace] GC(390) Metaspace: 45480K(46080K)->45480K(46080K) NonClass: 40255K(40576K)->40255K(40576K) Class: 5225K(5504K)->5225K(5504K)
[2024-12-17T10:55:50.479+0700][gc          ] GC(390) Pause Young (Normal) (G1 Evacuation Pause) 530M->485M(1024M) 43.850ms
[2024-12-17T10:55:50.479+0700][gc,cpu      ] GC(390) User=0.07s Sys=0.00s Real=0.05s
[2024-12-17T10:57:32.717+0700][gc,start    ] GC(391) Pause Young (Normal) (G1 Evacuation Pause)
[2024-12-17T10:57:32.718+0700][gc,task     ] GC(391) Using 2 workers of 2 for evacuation
[2024-12-17T10:57:32.772+0700][gc,mmu      ] GC(391) MMU target violated: 21.0ms (20.0ms/21.0ms)
[2024-12-17T10:57:32.772+0700][gc,phases   ] GC(391)   Pre Evacuate Collection Set: 3.5ms
[2024-12-17T10:57:32.772+0700][gc,phases   ] GC(391)   Merge Heap Roots: 1.0ms
[2024-12-17T10:57:32.772+0700][gc,phases   ] GC(391)   Evacuate Collection Set: 45.7ms
[2024-12-17T10:57:32.772+0700][gc,phases   ] GC(391)   Post Evacuate Collection Set: 3.6ms
[2024-12-17T10:57:32.772+0700][gc,phases   ] GC(391)   Other: 1.4ms
[2024-12-17T10:57:32.772+0700][gc,heap     ] GC(391) Eden regions: 47->0(44)
[2024-12-17T10:57:32.773+0700][gc,heap     ] GC(391) Survivor regions: 4->7(7)
[2024-12-17T10:57:32.773+0700][gc,heap     ] GC(391) Old regions: 352->352
[2024-12-17T10:57:32.773+0700][gc,heap     ] GC(391) Archive regions: 2->2
[2024-12-17T10:57:32.773+0700][gc,heap     ] GC(391) Humongous regions: 129->129
[2024-12-17T10:57:32.773+0700][gc,metaspace] GC(391) Metaspace: 45480K(46080K)->45480K(46080K) NonClass: 40255K(40576K)->40255K(40576K) Class: 5225K(5504K)->5225K(5504K)
[2024-12-17T10:57:32.773+0700][gc          ] GC(391) Pause Young (Normal) (G1 Evacuation Pause) 532M->488M(1024M) 55.166ms
[2024-12-17T10:57:32.773+0700][gc,cpu      ] GC(391) User=0.10s Sys=0.00s Real=0.05s
[2024-12-17T10:59:08.211+0700][gc,start    ] GC(392) Pause Young (Normal) (G1 Evacuation Pause)
[2024-12-17T10:59:08.212+0700][gc,task     ] GC(392) Using 2 workers of 2 for evacuation
[2024-12-17T10:59:08.262+0700][gc,mmu      ] GC(392) MMU target violated: 21.0ms (20.0ms/21.0ms)
[2024-12-17T10:59:08.262+0700][gc,phases   ] GC(392)   Pre Evacuate Collection Set: 2.7ms
[2024-12-17T10:59:08.262+0700][gc,phases   ] GC(392)   Merge Heap Roots: 0.6ms
[2024-12-17T10:59:08.262+0700][gc,phases   ] GC(392)   Evacuate Collection Set: 43.1ms
[2024-12-17T10:59:08.262+0700][gc,phases   ] GC(392)   Post Evacuate Collection Set: 3.2ms
[2024-12-17T10:59:08.262+0700][gc,phases   ] GC(392)   Other: 1.5ms
[2024-12-17T10:59:08.262+0700][gc,heap     ] GC(392) Eden regions: 44->0(48)
[2024-12-17T10:59:08.262+0700][gc,heap     ] GC(392) Survivor regions: 7->3(7)
[2024-12-17T10:59:08.262+0700][gc,heap     ] GC(392) Old regions: 352->356
[2024-12-17T10:59:08.262+0700][gc,heap     ] GC(392) Archive regions: 2->2
[2024-12-17T10:59:08.262+0700][gc,heap     ] GC(392) Humongous regions: 129->129
[2024-12-17T10:59:08.262+0700][gc,metaspace] GC(392) Metaspace: 45480K(46080K)->45480K(46080K) NonClass: 40255K(40576K)->40255K(40576K) Class: 5225K(5504K)->5225K(5504K)
[2024-12-17T10:59:08.262+0700][gc          ] GC(392) Pause Young (Normal) (G1 Evacuation Pause) 532M->488M(1024M) 51.101ms
[2024-12-17T10:59:08.262+0700][gc,cpu      ] GC(392) User=0.10s Sys=0.00s Real=0.05s
[2024-12-17T11:00:52.653+0700][gc,start    ] GC(393) Pause Young (Normal) (G1 Evacuation Pause)
[2024-12-17T11:00:52.653+0700][gc,task     ] GC(393) Using 2 workers of 2 for evacuation
[2024-12-17T11:00:52.699+0700][gc,mmu      ] GC(393) MMU target violated: 21.0ms (20.0ms/21.0ms)
[2024-12-17T11:00:52.699+0700][gc,phases   ] GC(393)   Pre Evacuate Collection Set: 3.3ms
[2024-12-17T11:00:52.700+0700][gc,phases   ] GC(393)   Merge Heap Roots: 0.9ms
[2024-12-17T11:00:52.700+0700][gc,phases   ] GC(393)   Evacuate Collection Set: 37.7ms
[2024-12-17T11:00:52.700+0700][gc,phases   ] GC(393)   Post Evacuate Collection Set: 3.9ms
[2024-12-17T11:00:52.700+0700][gc,phases   ] GC(393)   Other: 1.3ms
[2024-12-17T11:00:52.700+0700][gc,heap     ] GC(393) Eden regions: 48->0(45)
[2024-12-17T11:00:52.700+0700][gc,heap     ] GC(393) Survivor regions: 3->6(7)
[2024-12-17T11:00:52.700+0700][gc,heap     ] GC(393) Old regions: 356->356
[2024-12-17T11:00:52.700+0700][gc,heap     ] GC(393) Archive regions: 2->2
[2024-12-17T11:00:52.700+0700][gc,heap     ] GC(393) Humongous regions: 129->129
[2024-12-17T11:00:52.700+0700][gc,metaspace] GC(393) Metaspace: 45480K(46080K)->45480K(46080K) NonClass: 40255K(40576K)->40255K(40576K) Class: 5225K(5504K)->5225K(5504K)
[2024-12-17T11:00:52.700+0700][gc          ] GC(393) Pause Young (Normal) (G1 Evacuation Pause) 536M->491M(1024M) 47.340ms
[2024-12-17T11:00:52.700+0700][gc,cpu      ] GC(393) User=0.09s Sys=0.00s Real=0.05s
[2024-12-17T11:02:30.540+0700][gc,start    ] GC(394) Pause Young (Normal) (G1 Evacuation Pause)
[2024-12-17T11:02:30.540+0700][gc,task     ] GC(394) Using 2 workers of 2 for evacuation
[2024-12-17T11:02:30.612+0700][gc,mmu      ] GC(394) MMU target violated: 21.0ms (20.0ms/21.0ms)
[2024-12-17T11:02:30.612+0700][gc,phases   ] GC(394)   Pre Evacuate Collection Set: 4.2ms
[2024-12-17T11:02:30.612+0700][gc,phases   ] GC(394)   Merge Heap Roots: 0.6ms
[2024-12-17T11:02:30.612+0700][gc,phases   ] GC(394)   Evacuate Collection Set: 63.2ms
[2024-12-17T11:02:30.612+0700][gc,phases   ] GC(394)   Post Evacuate Collection Set: 2.8ms
[2024-12-17T11:02:30.612+0700][gc,phases   ] GC(394)   Other: 1.5ms
[2024-12-17T11:02:30.612+0700][gc,heap     ] GC(394) Eden regions: 45->0(45)
[2024-12-17T11:02:30.612+0700][gc,heap     ] GC(394) Survivor regions: 6->6(7)
[2024-12-17T11:02:30.612+0700][gc,heap     ] GC(394) Old regions: 356->361
[2024-12-17T11:02:30.612+0700][gc,heap     ] GC(394) Archive regions: 2->2
[2024-12-17T11:02:30.612+0700][gc,heap     ] GC(394) Humongous regions: 129->129
[2024-12-17T11:02:30.612+0700][gc,metaspace] GC(394) Metaspace: 45480K(46080K)->45480K(46080K) NonClass: 40255K(40576K)->40255K(40576K) Class: 5225K(5504K)->5225K(5504K)
[2024-12-17T11:02:30.612+0700][gc          ] GC(394) Pause Young (Normal) (G1 Evacuation Pause) 536M->495M(1024M) 72.401ms
[2024-12-17T11:02:30.613+0700][gc,cpu      ] GC(394) User=0.12s Sys=0.01s Real=0.07s
[2024-12-17T11:04:07.913+0700][gc,start    ] GC(395) Pause Young (Normal) (G1 Evacuation Pause)
[2024-12-17T11:04:07.913+0700][gc,task     ] GC(395) Using 2 workers of 2 for evacuation
[2024-12-17T11:04:07.958+0700][gc,mmu      ] GC(395) MMU target violated: 21.0ms (20.0ms/21.0ms)
[2024-12-17T11:04:07.958+0700][gc,phases   ] GC(395)   Pre Evacuate Collection Set: 3.6ms
[2024-12-17T11:04:07.958+0700][gc,phases   ] GC(395)   Merge Heap Roots: 1.0ms
[2024-12-17T11:04:07.958+0700][gc,phases   ] GC(395)   Evacuate Collection Set: 37.4ms
[2024-12-17T11:04:07.958+0700][gc,phases   ] GC(395)   Post Evacuate Collection Set: 2.4ms
[2024-12-17T11:04:07.958+0700][gc,phases   ] GC(395)   Other: 1.2ms
[2024-12-17T11:04:07.958+0700][gc,heap     ] GC(395) Eden regions: 45->0(47)
[2024-12-17T11:04:07.958+0700][gc,heap     ] GC(395) Survivor regions: 6->4(7)
[2024-12-17T11:04:07.958+0700][gc,heap     ] GC(395) Old regions: 361->363
[2024-12-17T11:04:07.958+0700][gc,heap     ] GC(395) Archive regions: 2->2
[2024-12-17T11:04:07.958+0700][gc,heap     ] GC(395) Humongous regions: 129->129
[2024-12-17T11:04:07.958+0700][gc,metaspace] GC(395) Metaspace: 45480K(46080K)->45480K(46080K) NonClass: 40255K(40576K)->40255K(40576K) Class: 5225K(5504K)->5225K(5504K)
[2024-12-17T11:04:07.958+0700][gc          ] GC(395) Pause Young (Normal) (G1 Evacuation Pause) 540M->496M(1024M) 45.567ms
[2024-12-17T11:04:07.958+0700][gc,cpu      ] GC(395) User=0.08s Sys=0.00s Real=0.05s
[2024-12-17T11:05:50.382+0700][gc,start    ] GC(396) Pause Young (Normal) (G1 Evacuation Pause)
[2024-12-17T11:05:50.382+0700][gc,task     ] GC(396) Using 2 workers of 2 for evacuation
[2024-12-17T11:05:50.431+0700][gc,mmu      ] GC(396) MMU target violated: 21.0ms (20.0ms/21.0ms)
[2024-12-17T11:05:50.431+0700][gc,phases   ] GC(396)   Pre Evacuate Collection Set: 3.3ms
[2024-12-17T11:05:50.431+0700][gc,phases   ] GC(396)   Merge Heap Roots: 1.0ms
[2024-12-17T11:05:50.431+0700][gc,phases   ] GC(396)   Evacuate Collection Set: 41.6ms
[2024-12-17T11:05:50.431+0700][gc,phases   ] GC(396)   Post Evacuate Collection Set: 2.6ms
[2024-12-17T11:05:50.432+0700][gc,phases   ] GC(396)   Other: 1.3ms
[2024-12-17T11:05:50.432+0700][gc,heap     ] GC(396) Eden regions: 47->0(44)
[2024-12-17T11:05:50.432+0700][gc,heap     ] GC(396) Survivor regions: 4->7(7)
[2024-12-17T11:05:50.432+0700][gc,heap     ] GC(396) Old regions: 363->363
[2024-12-17T11:05:50.432+0700][gc,heap     ] GC(396) Archive regions: 2->2
[2024-12-17T11:05:50.432+0700][gc,heap     ] GC(396) Humongous regions: 129->129
[2024-12-17T11:05:50.432+0700][gc,metaspace] GC(396) Metaspace: 45480K(46080K)->45480K(46080K) NonClass: 40255K(40576K)->40255K(40576K) Class: 5225K(5504K)->5225K(5504K)
[2024-12-17T11:05:50.432+0700][gc          ] GC(396) Pause Young (Normal) (G1 Evacuation Pause) 543M->498M(1024M) 49.900ms
[2024-12-17T11:05:50.432+0700][gc,cpu      ] GC(396) User=0.09s Sys=0.00s Real=0.05s
[2024-12-17T11:07:25.642+0700][gc,start    ] GC(397) Pause Young (Normal) (G1 Evacuation Pause)
[2024-12-17T11:07:25.643+0700][gc,task     ] GC(397) Using 2 workers of 2 for evacuation
[2024-12-17T11:07:25.696+0700][gc,mmu      ] GC(397) MMU target violated: 21.0ms (20.0ms/21.0ms)
[2024-12-17T11:07:25.696+0700][gc,phases   ] GC(397)   Pre Evacuate Collection Set: 2.8ms
[2024-12-17T11:07:25.696+0700][gc,phases   ] GC(397)   Merge Heap Roots: 0.9ms
[2024-12-17T11:07:25.696+0700][gc,phases   ] GC(397)   Evacuate Collection Set: 46.1ms
[2024-12-17T11:07:25.697+0700][gc,phases   ] GC(397)   Post Evacuate Collection Set: 3.5ms
[2024-12-17T11:07:25.697+0700][gc,phases   ] GC(397)   Other: 1.1ms
[2024-12-17T11:07:25.697+0700][gc,heap     ] GC(397) Eden regions: 44->0(48)
[2024-12-17T11:07:25.697+0700][gc,heap     ] GC(397) Survivor regions: 7->3(7)
[2024-12-17T11:07:25.697+0700][gc,heap     ] GC(397) Old regions: 363->367
[2024-12-17T11:07:25.697+0700][gc,heap     ] GC(397) Archive regions: 2->2
[2024-12-17T11:07:25.697+0700][gc,heap     ] GC(397) Humongous regions: 129->129
[2024-12-17T11:07:25.697+0700][gc,metaspace] GC(397) Metaspace: 45480K(46080K)->45480K(46080K) NonClass: 40255K(40576K)->40255K(40576K) Class: 5225K(5504K)->5225K(5504K)
[2024-12-17T11:07:25.697+0700][gc          ] GC(397) Pause Young (Normal) (G1 Evacuation Pause) 542M->499M(1024M) 54.407ms
[2024-12-17T11:07:25.697+0700][gc,cpu      ] GC(397) User=0.09s Sys=0.01s Real=0.06s
[2024-12-17T11:09:10.435+0700][gc,start    ] GC(398) Pause Young (Normal) (G1 Evacuation Pause)
[2024-12-17T11:09:10.435+0700][gc,task     ] GC(398) Using 2 workers of 2 for evacuation
[2024-12-17T11:09:10.489+0700][gc,mmu      ] GC(398) MMU target violated: 21.0ms (20.0ms/21.0ms)
[2024-12-17T11:09:10.489+0700][gc,phases   ] GC(398)   Pre Evacuate Collection Set: 2.7ms
[2024-12-17T11:09:10.489+0700][gc,phases   ] GC(398)   Merge Heap Roots: 1.1ms
[2024-12-17T11:09:10.489+0700][gc,phases   ] GC(398)   Evacuate Collection Set: 44.4ms
[2024-12-17T11:09:10.489+0700][gc,phases   ] GC(398)   Post Evacuate Collection Set: 4.6ms
[2024-12-17T11:09:10.489+0700][gc,phases   ] GC(398)   Other: 1.7ms
[2024-12-17T11:09:10.489+0700][gc,heap     ] GC(398) Eden regions: 48->0(45)
[2024-12-17T11:09:10.489+0700][gc,heap     ] GC(398) Survivor regions: 3->6(7)
[2024-12-17T11:09:10.489+0700][gc,heap     ] GC(398) Old regions: 367->367
[2024-12-17T11:09:10.489+0700][gc,heap     ] GC(398) Archive regions: 2->2
[2024-12-17T11:09:10.489+0700][gc,heap     ] GC(398) Humongous regions: 129->129
[2024-12-17T11:09:10.489+0700][gc,metaspace] GC(398) Metaspace: 45480K(46080K)->45480K(46080K) NonClass: 40255K(40576K)->40255K(40576K) Class: 5225K(5504K)->5225K(5504K)
[2024-12-17T11:09:10.489+0700][gc          ] GC(398) Pause Young (Normal) (G1 Evacuation Pause) 547M->502M(1024M) 54.507ms
[2024-12-17T11:09:10.490+0700][gc,cpu      ] GC(398) User=0.10s Sys=0.00s Real=0.06s
[2024-12-17T11:10:44.640+0700][gc,start    ] GC(399) Pause Young (Normal) (G1 Evacuation Pause)
[2024-12-17T11:10:44.640+0700][gc,task     ] GC(399) Using 2 workers of 2 for evacuation
[2024-12-17T11:10:44.706+0700][gc,mmu      ] GC(399) MMU target violated: 21.0ms (20.0ms/21.0ms)
[2024-12-17T11:10:44.706+0700][gc,phases   ] GC(399)   Pre Evacuate Collection Set: 3.2ms
[2024-12-17T11:10:44.706+0700][gc,phases   ] GC(399)   Merge Heap Roots: 1.0ms
[2024-12-17T11:10:44.706+0700][gc,phases   ] GC(399)   Evacuate Collection Set: 58.2ms
[2024-12-17T11:10:44.706+0700][gc,phases   ] GC(399)   Post Evacuate Collection Set: 2.3ms
[2024-12-17T11:10:44.706+0700][gc,phases   ] GC(399)   Other: 1.3ms
[2024-12-17T11:10:44.706+0700][gc,heap     ] GC(399) Eden regions: 45->0(45)
[2024-12-17T11:10:44.706+0700][gc,heap     ] GC(399) Survivor regions: 6->6(7)
[2024-12-17T11:10:44.706+0700][gc,heap     ] GC(399) Old regions: 367->372
[2024-12-17T11:10:44.706+0700][gc,heap     ] GC(399) Archive regions: 2->2
[2024-12-17T11:10:44.706+0700][gc,heap     ] GC(399) Humongous regions: 129->129
[2024-12-17T11:10:44.706+0700][gc,metaspace] GC(399) Metaspace: 45480K(46080K)->45480K(46080K) NonClass: 40255K(40576K)->40255K(40576K) Class: 5225K(5504K)->5225K(5504K)
[2024-12-17T11:10:44.706+0700][gc          ] GC(399) Pause Young (Normal) (G1 Evacuation Pause) 547M->507M(1024M) 66.086ms
[2024-12-17T11:10:44.706+0700][gc,cpu      ] GC(399) User=0.12s Sys=0.00s Real=0.07s
[2024-12-17T11:12:16.080+0700][gc,start    ] GC(400) Pause Young (Normal) (G1 Evacuation Pause)
[2024-12-17T11:12:16.080+0700][gc,task     ] GC(400) Using 2 workers of 2 for evacuation
[2024-12-17T11:12:16.139+0700][gc,mmu      ] GC(400) MMU target violated: 21.0ms (20.0ms/21.0ms)
[2024-12-17T11:12:16.139+0700][gc,phases   ] GC(400)   Pre Evacuate Collection Set: 4.7ms
[2024-12-17T11:12:16.139+0700][gc,phases   ] GC(400)   Merge Heap Roots: 1.3ms
[2024-12-17T11:12:16.139+0700][gc,phases   ] GC(400)   Evacuate Collection Set: 48.6ms
[2024-12-17T11:12:16.139+0700][gc,phases   ] GC(400)   Post Evacuate Collection Set: 3.5ms
[2024-12-17T11:12:16.139+0700][gc,phases   ] GC(400)   Other: 1.4ms
[2024-12-17T11:12:16.139+0700][gc,heap     ] GC(400) Eden regions: 45->0(47)
[2024-12-17T11:12:16.139+0700][gc,heap     ] GC(400) Survivor regions: 6->4(7)
[2024-12-17T11:12:16.139+0700][gc,heap     ] GC(400) Old regions: 372->375
[2024-12-17T11:12:16.139+0700][gc,heap     ] GC(400) Archive regions: 2->2
[2024-12-17T11:12:16.139+0700][gc,heap     ] GC(400) Humongous regions: 129->129
[2024-12-17T11:12:16.139+0700][gc,metaspace] GC(400) Metaspace: 45482K(46080K)->45482K(46080K) NonClass: 40257K(40576K)->40257K(40576K) Class: 5225K(5504K)->5225K(5504K)
[2024-12-17T11:12:16.139+0700][gc          ] GC(400) Pause Young (Normal) (G1 Evacuation Pause) 552M->507M(1024M) 59.528ms
[2024-12-17T11:12:16.139+0700][gc,cpu      ] GC(400) User=0.10s Sys=0.01s Real=0.06s
[2024-12-17T11:13:58.497+0700][gc,start    ] GC(401) Pause Young (Normal) (G1 Evacuation Pause)
[2024-12-17T11:13:58.497+0700][gc,task     ] GC(401) Using 2 workers of 2 for evacuation
[2024-12-17T11:13:58.537+0700][gc,mmu      ] GC(401) MMU target violated: 21.0ms (20.0ms/21.0ms)
[2024-12-17T11:13:58.537+0700][gc,phases   ] GC(401)   Pre Evacuate Collection Set: 3.8ms
[2024-12-17T11:13:58.537+0700][gc,phases   ] GC(401)   Merge Heap Roots: 1.1ms
[2024-12-17T11:13:58.537+0700][gc,phases   ] GC(401)   Evacuate Collection Set: 31.6ms
[2024-12-17T11:13:58.537+0700][gc,phases   ] GC(401)   Post Evacuate Collection Set: 2.5ms
[2024-12-17T11:13:58.537+0700][gc,phases   ] GC(401)   Other: 1.3ms
[2024-12-17T11:13:58.537+0700][gc,heap     ] GC(401) Eden regions: 47->0(46)
[2024-12-17T11:13:58.537+0700][gc,heap     ] GC(401) Survivor regions: 4->5(7)
[2024-12-17T11:13:58.537+0700][gc,heap     ] GC(401) Old regions: 375->375
[2024-12-17T11:13:58.537+0700][gc,heap     ] GC(401) Archive regions: 2->2
[2024-12-17T11:13:58.537+0700][gc,heap     ] GC(401) Humongous regions: 129->129
[2024-12-17T11:13:58.537+0700][gc,metaspace] GC(401) Metaspace: 45482K(46080K)->45482K(46080K) NonClass: 40257K(40576K)->40257K(40576K) Class: 5225K(5504K)->5225K(5504K)
[2024-12-17T11:13:58.537+0700][gc          ] GC(401) Pause Young (Normal) (G1 Evacuation Pause) 554M->508M(1024M) 40.384ms
[2024-12-17T11:13:58.537+0700][gc,cpu      ] GC(401) User=0.07s Sys=0.00s Real=0.04s
[2024-12-17T11:15:36.444+0700][gc,start    ] GC(402) Pause Young (Normal) (G1 Evacuation Pause)
[2024-12-17T11:15:36.444+0700][gc,task     ] GC(402) Using 2 workers of 2 for evacuation
[2024-12-17T11:15:36.488+0700][gc,mmu      ] GC(402) MMU target violated: 21.0ms (20.0ms/21.0ms)
[2024-12-17T11:15:36.488+0700][gc,phases   ] GC(402)   Pre Evacuate Collection Set: 2.4ms
[2024-12-17T11:15:36.488+0700][gc,phases   ] GC(402)   Merge Heap Roots: 0.7ms
[2024-12-17T11:15:36.488+0700][gc,phases   ] GC(402)   Evacuate Collection Set: 37.8ms
[2024-12-17T11:15:36.488+0700][gc,phases   ] GC(402)   Post Evacuate Collection Set: 2.4ms
[2024-12-17T11:15:36.488+0700][gc,phases   ] GC(402)   Other: 1.4ms
[2024-12-17T11:15:36.488+0700][gc,heap     ] GC(402) Eden regions: 46->0(46)
[2024-12-17T11:15:36.488+0700][gc,heap     ] GC(402) Survivor regions: 5->5(7)
[2024-12-17T11:15:36.488+0700][gc,heap     ] GC(402) Old regions: 375->376
[2024-12-17T11:15:36.488+0700][gc,heap     ] GC(402) Archive regions: 2->2
[2024-12-17T11:15:36.488+0700][gc,heap     ] GC(402) Humongous regions: 129->129
[2024-12-17T11:15:36.489+0700][gc,metaspace] GC(402) Metaspace: 45482K(46080K)->45482K(46080K) NonClass: 40257K(40576K)->40257K(40576K) Class: 5225K(5504K)->5225K(5504K)
[2024-12-17T11:15:36.489+0700][gc          ] GC(402) Pause Young (Normal) (G1 Evacuation Pause) 554M->510M(1024M) 44.816ms
[2024-12-17T11:15:36.489+0700][gc,cpu      ] GC(402) User=0.08s Sys=0.00s Real=0.05s
[2024-12-17T11:17:16.065+0700][gc,start    ] GC(403) Pause Young (Normal) (G1 Evacuation Pause)
[2024-12-17T11:17:16.065+0700][gc,task     ] GC(403) Using 2 workers of 2 for evacuation
[2024-12-17T11:17:16.102+0700][gc,mmu      ] GC(403) MMU target violated: 21.0ms (20.0ms/21.0ms)
[2024-12-17T11:17:16.102+0700][gc,phases   ] GC(403)   Pre Evacuate Collection Set: 2.6ms
[2024-12-17T11:17:16.102+0700][gc,phases   ] GC(403)   Merge Heap Roots: 0.8ms
[2024-12-17T11:17:16.102+0700][gc,phases   ] GC(403)   Evacuate Collection Set: 30.0ms
[2024-12-17T11:17:16.102+0700][gc,phases   ] GC(403)   Post Evacuate Collection Set: 3.0ms
[2024-12-17T11:17:16.102+0700][gc,phases   ] GC(403)   Other: 1.4ms
[2024-12-17T11:17:16.102+0700][gc,heap     ] GC(403) Eden regions: 46->0(48)
[2024-12-17T11:17:16.102+0700][gc,heap     ] GC(403) Survivor regions: 5->3(7)
[2024-12-17T11:17:16.102+0700][gc,heap     ] GC(403) Old regions: 376->378
[2024-12-17T11:17:16.102+0700][gc,heap     ] GC(403) Archive regions: 2->2
[2024-12-17T11:17:16.102+0700][gc,heap     ] GC(403) Humongous regions: 129->129
[2024-12-17T11:17:16.102+0700][gc,metaspace] GC(403) Metaspace: 45482K(46080K)->45482K(46080K) NonClass: 40257K(40576K)->40257K(40576K) Class: 5225K(5504K)->5225K(5504K)
[2024-12-17T11:17:16.102+0700][gc          ] GC(403) Pause Young (Normal) (G1 Evacuation Pause) 556M->510M(1024M) 37.756ms
[2024-12-17T11:17:16.103+0700][gc,cpu      ] GC(403) User=0.07s Sys=0.00s Real=0.03s
[2024-12-17T11:19:00.862+0700][gc,start    ] GC(404) Pause Young (Normal) (G1 Evacuation Pause)
[2024-12-17T11:19:00.862+0700][gc,task     ] GC(404) Using 2 workers of 2 for evacuation
[2024-12-17T11:19:00.908+0700][gc,mmu      ] GC(404) MMU target violated: 21.0ms (20.0ms/21.0ms)
[2024-12-17T11:19:00.908+0700][gc,phases   ] GC(404)   Pre Evacuate Collection Set: 3.3ms
[2024-12-17T11:19:00.908+0700][gc,phases   ] GC(404)   Merge Heap Roots: 0.7ms
[2024-12-17T11:19:00.908+0700][gc,phases   ] GC(404)   Evacuate Collection Set: 39.1ms
[2024-12-17T11:19:00.908+0700][gc,phases   ] GC(404)   Post Evacuate Collection Set: 2.4ms
[2024-12-17T11:19:00.908+0700][gc,phases   ] GC(404)   Other: 1.3ms
[2024-12-17T11:19:00.908+0700][gc,heap     ] GC(404) Eden regions: 48->0(44)
[2024-12-17T11:19:00.908+0700][gc,heap     ] GC(404) Survivor regions: 3->7(7)
[2024-12-17T11:19:00.908+0700][gc,heap     ] GC(404) Old regions: 378->378
[2024-12-17T11:19:00.908+0700][gc,heap     ] GC(404) Archive regions: 2->2
[2024-12-17T11:19:00.908+0700][gc,heap     ] GC(404) Humongous regions: 129->129
[2024-12-17T11:19:00.908+0700][gc,metaspace] GC(404) Metaspace: 45482K(46080K)->45482K(46080K) NonClass: 40257K(40576K)->40257K(40576K) Class: 5225K(5504K)->5225K(5504K)
[2024-12-17T11:19:00.908+0700][gc          ] GC(404) Pause Young (Normal) (G1 Evacuation Pause) 558M->514M(1024M) 46.811ms
[2024-12-17T11:19:00.908+0700][gc,cpu      ] GC(404) User=0.09s Sys=0.00s Real=0.05s
[2024-12-17T11:20:35.802+0700][gc,start    ] GC(405) Pause Young (Normal) (G1 Evacuation Pause)
[2024-12-17T11:20:35.802+0700][gc,task     ] GC(405) Using 2 workers of 2 for evacuation
[2024-12-17T11:20:35.853+0700][gc,mmu      ] GC(405) MMU target violated: 21.0ms (20.0ms/21.0ms)
[2024-12-17T11:20:35.854+0700][gc,phases   ] GC(405)   Pre Evacuate Collection Set: 2.9ms
[2024-12-17T11:20:35.854+0700][gc,phases   ] GC(405)   Merge Heap Roots: 1.2ms
[2024-12-17T11:20:35.854+0700][gc,phases   ] GC(405)   Evacuate Collection Set: 43.9ms
[2024-12-17T11:20:35.854+0700][gc,phases   ] GC(405)   Post Evacuate Collection Set: 2.6ms
[2024-12-17T11:20:35.854+0700][gc,phases   ] GC(405)   Other: 1.4ms
[2024-12-17T11:20:35.854+0700][gc,heap     ] GC(405) Eden regions: 44->0(48)
[2024-12-17T11:20:35.854+0700][gc,heap     ] GC(405) Survivor regions: 7->3(7)
[2024-12-17T11:20:35.854+0700][gc,heap     ] GC(405) Old regions: 378->382
[2024-12-17T11:20:35.854+0700][gc,heap     ] GC(405) Archive regions: 2->2
[2024-12-17T11:20:35.854+0700][gc,heap     ] GC(405) Humongous regions: 129->129
[2024-12-17T11:20:35.854+0700][gc,metaspace] GC(405) Metaspace: 45482K(46080K)->45482K(46080K) NonClass: 40257K(40576K)->40257K(40576K) Class: 5225K(5504K)->5225K(5504K)
[2024-12-17T11:20:35.854+0700][gc          ] GC(405) Pause Young (Normal) (G1 Evacuation Pause) 558M->514M(1024M) 52.010ms
[2024-12-17T11:20:35.854+0700][gc,cpu      ] GC(405) User=0.08s Sys=0.01s Real=0.05s
[2024-12-17T11:22:20.435+0700][gc,start    ] GC(406) Pause Young (Normal) (G1 Evacuation Pause)
[2024-12-17T11:22:20.436+0700][gc,task     ] GC(406) Using 2 workers of 2 for evacuation
[2024-12-17T11:22:20.479+0700][gc,mmu      ] GC(406) MMU target violated: 21.0ms (20.0ms/21.0ms)
[2024-12-17T11:22:20.479+0700][gc,phases   ] GC(406)   Pre Evacuate Collection Set: 2.7ms
[2024-12-17T11:22:20.479+0700][gc,phases   ] GC(406)   Merge Heap Roots: 1.3ms
[2024-12-17T11:22:20.479+0700][gc,phases   ] GC(406)   Evacuate Collection Set: 35.6ms
[2024-12-17T11:22:20.479+0700][gc,phases   ] GC(406)   Post Evacuate Collection Set: 3.2ms
[2024-12-17T11:22:20.479+0700][gc,phases   ] GC(406)   Other: 1.3ms
[2024-12-17T11:22:20.479+0700][gc,heap     ] GC(406) Eden regions: 48->0(45)
[2024-12-17T11:22:20.479+0700][gc,heap     ] GC(406) Survivor regions: 3->6(7)
[2024-12-17T11:22:20.479+0700][gc,heap     ] GC(406) Old regions: 382->382
[2024-12-17T11:22:20.479+0700][gc,heap     ] GC(406) Archive regions: 2->2
[2024-12-17T11:22:20.479+0700][gc,heap     ] GC(406) Humongous regions: 129->129
[2024-12-17T11:22:20.479+0700][gc,metaspace] GC(406) Metaspace: 45482K(46080K)->45482K(46080K) NonClass: 40257K(40576K)->40257K(40576K) Class: 5225K(5504K)->5225K(5504K)
[2024-12-17T11:22:20.480+0700][gc          ] GC(406) Pause Young (Normal) (G1 Evacuation Pause) 562M->517M(1024M) 44.193ms
[2024-12-17T11:22:20.480+0700][gc,cpu      ] GC(406) User=0.08s Sys=0.00s Real=0.05s
[2024-12-17T11:23:57.649+0700][gc,start    ] GC(407) Pause Young (Normal) (G1 Evacuation Pause)
[2024-12-17T11:23:57.649+0700][gc,task     ] GC(407) Using 2 workers of 2 for evacuation
[2024-12-17T11:23:57.710+0700][gc,mmu      ] GC(407) MMU target violated: 21.0ms (20.0ms/21.0ms)
[2024-12-17T11:23:57.710+0700][gc,phases   ] GC(407)   Pre Evacuate Collection Set: 3.8ms
[2024-12-17T11:23:57.710+0700][gc,phases   ] GC(407)   Merge Heap Roots: 0.5ms
[2024-12-17T11:23:57.710+0700][gc,phases   ] GC(407)   Evacuate Collection Set: 53.4ms
[2024-12-17T11:23:57.710+0700][gc,phases   ] GC(407)   Post Evacuate Collection Set: 2.7ms
[2024-12-17T11:23:57.710+0700][gc,phases   ] GC(407)   Other: 1.4ms
[2024-12-17T11:23:57.710+0700][gc,heap     ] GC(407) Eden regions: 45->0(46)
[2024-12-17T11:23:57.710+0700][gc,heap     ] GC(407) Survivor regions: 6->5(7)
[2024-12-17T11:23:57.710+0700][gc,heap     ] GC(407) Old regions: 382->387
[2024-12-17T11:23:57.711+0700][gc,heap     ] GC(407) Archive regions: 2->2
[2024-12-17T11:23:57.711+0700][gc,heap     ] GC(407) Humongous regions: 129->129
[2024-12-17T11:23:57.711+0700][gc,metaspace] GC(407) Metaspace: 45482K(46080K)->45482K(46080K) NonClass: 40257K(40576K)->40257K(40576K) Class: 5225K(5504K)->5225K(5504K)
[2024-12-17T11:23:57.711+0700][gc          ] GC(407) Pause Young (Normal) (G1 Evacuation Pause) 562M->521M(1024M) 61.903ms
[2024-12-17T11:23:57.711+0700][gc,cpu      ] GC(407) User=0.11s Sys=0.02s Real=0.06s
[2024-12-17T11:25:37.648+0700][gc,start    ] GC(408) Pause Young (Normal) (G1 Evacuation Pause)
[2024-12-17T11:25:37.648+0700][gc,task     ] GC(408) Using 2 workers of 2 for evacuation
[2024-12-17T11:25:37.692+0700][gc,mmu      ] GC(408) MMU target violated: 21.0ms (20.0ms/21.0ms)
[2024-12-17T11:25:37.692+0700][gc,phases   ] GC(408)   Pre Evacuate Collection Set: 2.7ms
[2024-12-17T11:25:37.692+0700][gc,phases   ] GC(408)   Merge Heap Roots: 1.2ms
[2024-12-17T11:25:37.692+0700][gc,phases   ] GC(408)   Evacuate Collection Set: 35.8ms
[2024-12-17T11:25:37.692+0700][gc,phases   ] GC(408)   Post Evacuate Collection Set: 3.8ms
[2024-12-17T11:25:37.692+0700][gc,phases   ] GC(408)   Other: 1.4ms
[2024-12-17T11:25:37.692+0700][gc,heap     ] GC(408) Eden regions: 46->0(48)
[2024-12-17T11:25:37.692+0700][gc,heap     ] GC(408) Survivor regions: 5->3(7)
[2024-12-17T11:25:37.692+0700][gc,heap     ] GC(408) Old regions: 387->389
[2024-12-17T11:25:37.692+0700][gc,heap     ] GC(408) Archive regions: 2->2
[2024-12-17T11:25:37.692+0700][gc,heap     ] GC(408) Humongous regions: 129->129
[2024-12-17T11:25:37.692+0700][gc,metaspace] GC(408) Metaspace: 45482K(46080K)->45482K(46080K) NonClass: 40257K(40576K)->40257K(40576K) Class: 5225K(5504K)->5225K(5504K)
[2024-12-17T11:25:37.692+0700][gc          ] GC(408) Pause Young (Normal) (G1 Evacuation Pause) 567M->521M(1024M) 44.813ms
[2024-12-17T11:25:37.692+0700][gc,cpu      ] GC(408) User=0.06s Sys=0.02s Real=0.04s
[2024-12-17T11:27:22.014+0700][gc,start    ] GC(409) Pause Young (Normal) (G1 Evacuation Pause)
[2024-12-17T11:27:22.015+0700][gc,task     ] GC(409) Using 2 workers of 2 for evacuation
[2024-12-17T11:27:22.069+0700][gc,mmu      ] GC(409) MMU target violated: 21.0ms (20.0ms/21.0ms)
[2024-12-17T11:27:22.069+0700][gc,phases   ] GC(409)   Pre Evacuate Collection Set: 3.0ms
[2024-12-17T11:27:22.069+0700][gc,phases   ] GC(409)   Merge Heap Roots: 0.8ms
[2024-12-17T11:27:22.069+0700][gc,phases   ] GC(409)   Evacuate Collection Set: 46.0ms
[2024-12-17T11:27:22.069+0700][gc,phases   ] GC(409)   Post Evacuate Collection Set: 3.3ms
[2024-12-17T11:27:22.069+0700][gc,phases   ] GC(409)   Other: 1.6ms
[2024-12-17T11:27:22.069+0700][gc,heap     ] GC(409) Eden regions: 48->0(44)
[2024-12-17T11:27:22.069+0700][gc,heap     ] GC(409) Survivor regions: 3->7(7)
[2024-12-17T11:27:22.069+0700][gc,heap     ] GC(409) Old regions: 389->389
[2024-12-17T11:27:22.069+0700][gc,heap     ] GC(409) Archive regions: 2->2
[2024-12-17T11:27:22.069+0700][gc,heap     ] GC(409) Humongous regions: 129->129
[2024-12-17T11:27:22.069+0700][gc,metaspace] GC(409) Metaspace: 45482K(46080K)->45482K(46080K) NonClass: 40257K(40576K)->40257K(40576K) Class: 5225K(5504K)->5225K(5504K)
[2024-12-17T11:27:22.069+0700][gc          ] GC(409) Pause Young (Normal) (G1 Evacuation Pause) 569M->524M(1024M) 54.680ms
[2024-12-17T11:27:22.069+0700][gc,cpu      ] GC(409) User=0.10s Sys=0.00s Real=0.06s
[2024-12-17T11:28:58.037+0700][gc,start    ] GC(410) Pause Young (Normal) (G1 Evacuation Pause)
[2024-12-17T11:28:58.037+0700][gc,task     ] GC(410) Using 2 workers of 2 for evacuation
[2024-12-17T11:28:58.083+0700][gc,mmu      ] GC(410) MMU target violated: 21.0ms (20.0ms/21.0ms)
[2024-12-17T11:28:58.083+0700][gc,phases   ] GC(410)   Pre Evacuate Collection Set: 3.7ms
[2024-12-17T11:28:58.083+0700][gc,phases   ] GC(410)   Merge Heap Roots: 0.6ms
[2024-12-17T11:28:58.083+0700][gc,phases   ] GC(410)   Evacuate Collection Set: 38.1ms
[2024-12-17T11:28:58.083+0700][gc,phases   ] GC(410)   Post Evacuate Collection Set: 3.0ms
[2024-12-17T11:28:58.083+0700][gc,phases   ] GC(410)   Other: 1.3ms
[2024-12-17T11:28:58.083+0700][gc,heap     ] GC(410) Eden regions: 44->0(48)
[2024-12-17T11:28:58.083+0700][gc,heap     ] GC(410) Survivor regions: 7->3(7)
[2024-12-17T11:28:58.083+0700][gc,heap     ] GC(410) Old regions: 389->393
[2024-12-17T11:28:58.083+0700][gc,heap     ] GC(410) Archive regions: 2->2
[2024-12-17T11:28:58.083+0700][gc,heap     ] GC(410) Humongous regions: 129->129
[2024-12-17T11:28:58.083+0700][gc,metaspace] GC(410) Metaspace: 45482K(46080K)->45482K(46080K) NonClass: 40257K(40576K)->40257K(40576K) Class: 5225K(5504K)->5225K(5504K)
[2024-12-17T11:28:58.083+0700][gc          ] GC(410) Pause Young (Normal) (G1 Evacuation Pause) 568M->525M(1024M) 46.606ms
[2024-12-17T11:28:58.083+0700][gc,cpu      ] GC(410) User=0.07s Sys=0.02s Real=0.04s
[2024-12-17T11:30:42.174+0700][gc,start    ] GC(411) Pause Young (Normal) (G1 Evacuation Pause)
[2024-12-17T11:30:42.174+0700][gc,task     ] GC(411) Using 2 workers of 2 for evacuation
[2024-12-17T11:30:42.223+0700][gc,mmu      ] GC(411) MMU target violated: 21.0ms (20.0ms/21.0ms)
[2024-12-17T11:30:42.223+0700][gc,phases   ] GC(411)   Pre Evacuate Collection Set: 2.6ms
[2024-12-17T11:30:42.223+0700][gc,phases   ] GC(411)   Merge Heap Roots: 0.6ms
[2024-12-17T11:30:42.223+0700][gc,phases   ] GC(411)   Evacuate Collection Set: 42.3ms
[2024-12-17T11:30:42.223+0700][gc,phases   ] GC(411)   Post Evacuate Collection Set: 3.0ms
[2024-12-17T11:30:42.223+0700][gc,phases   ] GC(411)   Other: 1.3ms
[2024-12-17T11:30:42.223+0700][gc,heap     ] GC(411) Eden regions: 48->0(45)
[2024-12-17T11:30:42.223+0700][gc,heap     ] GC(411) Survivor regions: 3->6(7)
[2024-12-17T11:30:42.223+0700][gc,heap     ] GC(411) Old regions: 393->393
[2024-12-17T11:30:42.223+0700][gc,heap     ] GC(411) Archive regions: 2->2
[2024-12-17T11:30:42.223+0700][gc,heap     ] GC(411) Humongous regions: 129->129
[2024-12-17T11:30:42.223+0700][gc,metaspace] GC(411) Metaspace: 45482K(46080K)->45482K(46080K) NonClass: 40257K(40576K)->40257K(40576K) Class: 5225K(5504K)->5225K(5504K)
[2024-12-17T11:30:42.223+0700][gc          ] GC(411) Pause Young (Normal) (G1 Evacuation Pause) 573M->528M(1024M) 49.780ms
[2024-12-17T11:30:42.224+0700][gc,cpu      ] GC(411) User=0.09s Sys=0.00s Real=0.05s
[2024-12-17T11:32:20.388+0700][gc,start    ] GC(412) Pause Young (Normal) (G1 Evacuation Pause)
[2024-12-17T11:32:20.388+0700][gc,task     ] GC(412) Using 2 workers of 2 for evacuation
[2024-12-17T11:32:20.459+0700][gc,mmu      ] GC(412) MMU target violated: 21.0ms (20.0ms/21.0ms)
[2024-12-17T11:32:20.459+0700][gc,phases   ] GC(412)   Pre Evacuate Collection Set: 4.2ms
[2024-12-17T11:32:20.459+0700][gc,phases   ] GC(412)   Merge Heap Roots: 0.6ms
[2024-12-17T11:32:20.459+0700][gc,phases   ] GC(412)   Evacuate Collection Set: 62.1ms
[2024-12-17T11:32:20.459+0700][gc,phases   ] GC(412)   Post Evacuate Collection Set: 2.7ms
[2024-12-17T11:32:20.459+0700][gc,phases   ] GC(412)   Other: 1.3ms
[2024-12-17T11:32:20.459+0700][gc,heap     ] GC(412) Eden regions: 45->0(46)
[2024-12-17T11:32:20.459+0700][gc,heap     ] GC(412) Survivor regions: 6->5(7)
[2024-12-17T11:32:20.459+0700][gc,heap     ] GC(412) Old regions: 393->397
[2024-12-17T11:32:20.459+0700][gc,heap     ] GC(412) Archive regions: 2->2
[2024-12-17T11:32:20.459+0700][gc,heap     ] GC(412) Humongous regions: 129->129
[2024-12-17T11:32:20.459+0700][gc,metaspace] GC(412) Metaspace: 45482K(46080K)->45482K(46080K) NonClass: 40257K(40576K)->40257K(40576K) Class: 5225K(5504K)->5225K(5504K)
[2024-12-17T11:32:20.459+0700][gc          ] GC(412) Pause Young (Normal) (G1 Evacuation Pause) 573M->531M(1024M) 71.010ms
[2024-12-17T11:32:20.459+0700][gc,cpu      ] GC(412) User=0.12s Sys=0.02s Real=0.07s
[2024-12-17T11:33:59.887+0700][gc,start    ] GC(413) Pause Young (Normal) (G1 Evacuation Pause)
[2024-12-17T11:33:59.888+0700][gc,task     ] GC(413) Using 2 workers of 2 for evacuation
[2024-12-17T11:33:59.932+0700][gc,mmu      ] GC(413) MMU target violated: 21.0ms (20.0ms/21.0ms)
[2024-12-17T11:33:59.933+0700][gc,phases   ] GC(413)   Pre Evacuate Collection Set: 4.5ms
[2024-12-17T11:33:59.933+0700][gc,phases   ] GC(413)   Merge Heap Roots: 1.4ms
[2024-12-17T11:33:59.933+0700][gc,phases   ] GC(413)   Evacuate Collection Set: 35.5ms
[2024-12-17T11:33:59.933+0700][gc,phases   ] GC(413)   Post Evacuate Collection Set: 2.8ms
[2024-12-17T11:33:59.933+0700][gc,phases   ] GC(413)   Other: 1.2ms
[2024-12-17T11:33:59.933+0700][gc,heap     ] GC(413) Eden regions: 46->0(48)
[2024-12-17T11:33:59.933+0700][gc,heap     ] GC(413) Survivor regions: 5->3(7)
[2024-12-17T11:33:59.933+0700][gc,heap     ] GC(413) Old regions: 397->400
[2024-12-17T11:33:59.933+0700][gc,heap     ] GC(413) Archive regions: 2->2
[2024-12-17T11:33:59.933+0700][gc,heap     ] GC(413) Humongous regions: 129->129
[2024-12-17T11:33:59.933+0700][gc,metaspace] GC(413) Metaspace: 45482K(46080K)->45482K(46080K) NonClass: 40257K(40576K)->40257K(40576K) Class: 5225K(5504K)->5225K(5504K)
[2024-12-17T11:33:59.933+0700][gc          ] GC(413) Pause Young (Normal) (G1 Evacuation Pause) 577M->532M(1024M) 45.754ms
[2024-12-17T11:33:59.933+0700][gc,cpu      ] GC(413) User=0.08s Sys=0.00s Real=0.04s
[2024-12-17T11:35:44.805+0700][gc,start    ] GC(414) Pause Young (Normal) (G1 Evacuation Pause)
[2024-12-17T11:35:44.805+0700][gc,task     ] GC(414) Using 2 workers of 2 for evacuation
[2024-12-17T11:35:44.851+0700][gc,mmu      ] GC(414) MMU target violated: 21.0ms (20.0ms/21.0ms)
[2024-12-17T11:35:44.851+0700][gc,phases   ] GC(414)   Pre Evacuate Collection Set: 3.9ms
[2024-12-17T11:35:44.851+0700][gc,phases   ] GC(414)   Merge Heap Roots: 0.8ms
[2024-12-17T11:35:44.851+0700][gc,phases   ] GC(414)   Evacuate Collection Set: 36.5ms
[2024-12-17T11:35:44.851+0700][gc,phases   ] GC(414)   Post Evacuate Collection Set: 3.7ms
[2024-12-17T11:35:44.851+0700][gc,phases   ] GC(414)   Other: 1.5ms
[2024-12-17T11:35:44.851+0700][gc,heap     ] GC(414) Eden regions: 48->0(44)
[2024-12-17T11:35:44.851+0700][gc,heap     ] GC(414) Survivor regions: 3->7(7)
[2024-12-17T11:35:44.851+0700][gc,heap     ] GC(414) Old regions: 400->400
[2024-12-17T11:35:44.851+0700][gc,heap     ] GC(414) Archive regions: 2->2
[2024-12-17T11:35:44.851+0700][gc,heap     ] GC(414) Humongous regions: 129->129
[2024-12-17T11:35:44.851+0700][gc,metaspace] GC(414) Metaspace: 45482K(46080K)->45482K(46080K) NonClass: 40257K(40576K)->40257K(40576K) Class: 5225K(5504K)->5225K(5504K)
[2024-12-17T11:35:44.851+0700][gc          ] GC(414) Pause Young (Normal) (G1 Evacuation Pause) 580M->535M(1024M) 46.335ms
[2024-12-17T11:35:44.851+0700][gc,cpu      ] GC(414) User=0.09s Sys=0.00s Real=0.04s
[2024-12-17T11:37:20.164+0700][gc,start    ] GC(415) Pause Young (Normal) (G1 Evacuation Pause)
[2024-12-17T11:37:20.164+0700][gc,task     ] GC(415) Using 2 workers of 2 for evacuation
[2024-12-17T11:37:20.235+0700][gc,mmu      ] GC(415) MMU target violated: 21.0ms (20.0ms/21.0ms)
[2024-12-17T11:37:20.236+0700][gc,phases   ] GC(415)   Pre Evacuate Collection Set: 4.1ms
[2024-12-17T11:37:20.236+0700][gc,phases   ] GC(415)   Merge Heap Roots: 0.7ms
[2024-12-17T11:37:20.236+0700][gc,phases   ] GC(415)   Evacuate Collection Set: 61.9ms
[2024-12-17T11:37:20.236+0700][gc,phases   ] GC(415)   Post Evacuate Collection Set: 4.0ms
[2024-12-17T11:37:20.236+0700][gc,phases   ] GC(415)   Other: 1.6ms
[2024-12-17T11:37:20.236+0700][gc,heap     ] GC(415) Eden regions: 44->0(48)
[2024-12-17T11:37:20.236+0700][gc,heap     ] GC(415) Survivor regions: 7->3(7)
[2024-12-17T11:37:20.236+0700][gc,heap     ] GC(415) Old regions: 400->404
[2024-12-17T11:37:20.236+0700][gc,heap     ] GC(415) Archive regions: 2->2
[2024-12-17T11:37:20.236+0700][gc,heap     ] GC(415) Humongous regions: 129->129
[2024-12-17T11:37:20.236+0700][gc,metaspace] GC(415) Metaspace: 45482K(46080K)->45482K(46080K) NonClass: 40257K(40576K)->40257K(40576K) Class: 5225K(5504K)->5225K(5504K)
[2024-12-17T11:37:20.236+0700][gc          ] GC(415) Pause Young (Normal) (G1 Evacuation Pause) 579M->536M(1024M) 72.173ms
[2024-12-17T11:37:20.236+0700][gc,cpu      ] GC(415) User=0.11s Sys=0.02s Real=0.07s
[2024-12-17T11:39:04.685+0700][gc,start    ] GC(416) Pause Young (Normal) (G1 Evacuation Pause)
[2024-12-17T11:39:04.686+0700][gc,task     ] GC(416) Using 2 workers of 2 for evacuation
[2024-12-17T11:39:04.727+0700][gc,mmu      ] GC(416) MMU target violated: 21.0ms (20.0ms/21.0ms)
[2024-12-17T11:39:04.727+0700][gc,phases   ] GC(416)   Pre Evacuate Collection Set: 3.5ms
[2024-12-17T11:39:04.727+0700][gc,phases   ] GC(416)   Merge Heap Roots: 0.7ms
[2024-12-17T11:39:04.727+0700][gc,phases   ] GC(416)   Evacuate Collection Set: 34.6ms
[2024-12-17T11:39:04.727+0700][gc,phases   ] GC(416)   Post Evacuate Collection Set: 2.4ms
[2024-12-17T11:39:04.727+0700][gc,phases   ] GC(416)   Other: 1.6ms
[2024-12-17T11:39:04.727+0700][gc,heap     ] GC(416) Eden regions: 48->0(45)
[2024-12-17T11:39:04.727+0700][gc,heap     ] GC(416) Survivor regions: 3->6(7)
[2024-12-17T11:39:04.727+0700][gc,heap     ] GC(416) Old regions: 404->404
[2024-12-17T11:39:04.727+0700][gc,heap     ] GC(416) Archive regions: 2->2
[2024-12-17T11:39:04.727+0700][gc,heap     ] GC(416) Humongous regions: 129->129
[2024-12-17T11:39:04.727+0700][gc,metaspace] GC(416) Metaspace: 45482K(46080K)->45482K(46080K) NonClass: 40257K(40576K)->40257K(40576K) Class: 5225K(5504K)->5225K(5504K)
[2024-12-17T11:39:04.727+0700][gc          ] GC(416) Pause Young (Normal) (G1 Evacuation Pause) 584M->539M(1024M) 42.448ms
[2024-12-17T11:39:04.727+0700][gc,cpu      ] GC(416) User=0.08s Sys=0.00s Real=0.04s
[2024-12-17T11:40:42.497+0700][gc,start    ] GC(417) Pause Young (Normal) (G1 Evacuation Pause)
[2024-12-17T11:40:42.497+0700][gc,task     ] GC(417) Using 2 workers of 2 for evacuation
[2024-12-17T11:40:42.568+0700][gc,mmu      ] GC(417) MMU target violated: 21.0ms (20.0ms/21.0ms)
[2024-12-17T11:40:42.568+0700][gc,phases   ] GC(417)   Pre Evacuate Collection Set: 2.8ms
[2024-12-17T11:40:42.568+0700][gc,phases   ] GC(417)   Merge Heap Roots: 1.1ms
[2024-12-17T11:40:42.568+0700][gc,phases   ] GC(417)   Evacuate Collection Set: 63.4ms
[2024-12-17T11:40:42.568+0700][gc,phases   ] GC(417)   Post Evacuate Collection Set: 2.7ms
[2024-12-17T11:40:42.569+0700][gc,phases   ] GC(417)   Other: 1.6ms
[2024-12-17T11:40:42.569+0700][gc,heap     ] GC(417) Eden regions: 45->0(46)
[2024-12-17T11:40:42.569+0700][gc,heap     ] GC(417) Survivor regions: 6->5(7)
[2024-12-17T11:40:42.569+0700][gc,heap     ] GC(417) Old regions: 404->408
[2024-12-17T11:40:42.569+0700][gc,heap     ] GC(417) Archive regions: 2->2
[2024-12-17T11:40:42.569+0700][gc,heap     ] GC(417) Humongous regions: 129->129
[2024-12-17T11:40:42.569+0700][gc,metaspace] GC(417) Metaspace: 45482K(46080K)->45482K(46080K) NonClass: 40257K(40576K)->40257K(40576K) Class: 5225K(5504K)->5225K(5504K)
[2024-12-17T11:40:42.569+0700][gc          ] GC(417) Pause Young (Normal) (G1 Evacuation Pause) 584M->542M(1024M) 71.832ms
[2024-12-17T11:40:42.569+0700][gc,cpu      ] GC(417) User=0.14s Sys=0.00s Real=0.07s
[2024-12-17T11:42:22.159+0700][gc,start    ] GC(418) Pause Young (Normal) (G1 Evacuation Pause)
[2024-12-17T11:42:22.159+0700][gc,task     ] GC(418) Using 2 workers of 2 for evacuation
[2024-12-17T11:42:22.199+0700][gc,mmu      ] GC(418) MMU target violated: 21.0ms (20.0ms/21.0ms)
[2024-12-17T11:42:22.199+0700][gc,phases   ] GC(418)   Pre Evacuate Collection Set: 2.6ms
[2024-12-17T11:42:22.199+0700][gc,phases   ] GC(418)   Merge Heap Roots: 0.6ms
[2024-12-17T11:42:22.199+0700][gc,phases   ] GC(418)   Evacuate Collection Set: 34.4ms
[2024-12-17T11:42:22.199+0700][gc,phases   ] GC(418)   Post Evacuate Collection Set: 2.2ms
[2024-12-17T11:42:22.199+0700][gc,phases   ] GC(418)   Other: 1.3ms
[2024-12-17T11:42:22.200+0700][gc,heap     ] GC(418) Eden regions: 46->0(48)
[2024-12-17T11:42:22.200+0700][gc,heap     ] GC(418) Survivor regions: 5->3(7)
[2024-12-17T11:42:22.200+0700][gc,heap     ] GC(418) Old regions: 408->411
[2024-12-17T11:42:22.200+0700][gc,heap     ] GC(418) Archive regions: 2->2
[2024-12-17T11:42:22.200+0700][gc,heap     ] GC(418) Humongous regions: 129->129
[2024-12-17T11:42:22.200+0700][gc,metaspace] GC(418) Metaspace: 45482K(46080K)->45482K(46080K) NonClass: 40257K(40576K)->40257K(40576K) Class: 5225K(5504K)->5225K(5504K)
[2024-12-17T11:42:22.200+0700][gc          ] GC(418) Pause Young (Normal) (G1 Evacuation Pause) 588M->543M(1024M) 41.190ms
[2024-12-17T11:42:22.200+0700][gc,cpu      ] GC(418) User=0.08s Sys=0.00s Real=0.04s
[2024-12-17T11:44:06.756+0700][gc,start    ] GC(419) Pause Young (Normal) (G1 Evacuation Pause)
[2024-12-17T11:44:06.757+0700][gc,task     ] GC(419) Using 2 workers of 2 for evacuation
[2024-12-17T11:44:06.809+0700][gc,mmu      ] GC(419) MMU target violated: 21.0ms (20.0ms/21.0ms)
[2024-12-17T11:44:06.809+0700][gc,phases   ] GC(419)   Pre Evacuate Collection Set: 3.6ms
[2024-12-17T11:44:06.810+0700][gc,phases   ] GC(419)   Merge Heap Roots: 2.1ms
[2024-12-17T11:44:06.810+0700][gc,phases   ] GC(419)   Evacuate Collection Set: 43.8ms
[2024-12-17T11:44:06.810+0700][gc,phases   ] GC(419)   Post Evacuate Collection Set: 2.5ms
[2024-12-17T11:44:06.810+0700][gc,phases   ] GC(419)   Other: 1.3ms
[2024-12-17T11:44:06.810+0700][gc,heap     ] GC(419) Eden regions: 48->0(44)
[2024-12-17T11:44:06.810+0700][gc,heap     ] GC(419) Survivor regions: 3->7(7)
[2024-12-17T11:44:06.810+0700][gc,heap     ] GC(419) Old regions: 411->411
[2024-12-17T11:44:06.810+0700][gc,heap     ] GC(419) Archive regions: 2->2
[2024-12-17T11:44:06.810+0700][gc,heap     ] GC(419) Humongous regions: 129->129
[2024-12-17T11:44:06.810+0700][gc,metaspace] GC(419) Metaspace: 45482K(46080K)->45482K(46080K) NonClass: 40257K(40576K)->40257K(40576K) Class: 5225K(5504K)->5225K(5504K)
[2024-12-17T11:44:06.810+0700][gc          ] GC(419) Pause Young (Normal) (G1 Evacuation Pause) 591M->546M(1024M) 53.496ms
[2024-12-17T11:44:06.810+0700][gc,cpu      ] GC(419) User=0.10s Sys=0.00s Real=0.05s
[2024-12-17T11:45:41.940+0700][gc,start    ] GC(420) Pause Young (Normal) (G1 Evacuation Pause)
[2024-12-17T11:45:41.940+0700][gc,task     ] GC(420) Using 2 workers of 2 for evacuation
[2024-12-17T11:45:42.011+0700][gc,mmu      ] GC(420) MMU target violated: 21.0ms (20.0ms/21.0ms)
[2024-12-17T11:45:42.011+0700][gc,phases   ] GC(420)   Pre Evacuate Collection Set: 2.7ms
[2024-12-17T11:45:42.012+0700][gc,phases   ] GC(420)   Merge Heap Roots: 1.0ms
[2024-12-17T11:45:42.012+0700][gc,phases   ] GC(420)   Evacuate Collection Set: 63.3ms
[2024-12-17T11:45:42.012+0700][gc,phases   ] GC(420)   Post Evacuate Collection Set: 3.3ms
[2024-12-17T11:45:42.012+0700][gc,phases   ] GC(420)   Other: 1.5ms
[2024-12-17T11:45:42.012+0700][gc,heap     ] GC(420) Eden regions: 44->0(46)
[2024-12-17T11:45:42.012+0700][gc,heap     ] GC(420) Survivor regions: 7->5(7)
[2024-12-17T11:45:42.012+0700][gc,heap     ] GC(420) Old regions: 411->415
[2024-12-17T11:45:42.012+0700][gc,heap     ] GC(420) Archive regions: 2->2
[2024-12-17T11:45:42.012+0700][gc,heap     ] GC(420) Humongous regions: 129->129
[2024-12-17T11:45:42.012+0700][gc,metaspace] GC(420) Metaspace: 45482K(46080K)->45482K(46080K) NonClass: 40257K(40576K)->40257K(40576K) Class: 5225K(5504K)->5225K(5504K)
[2024-12-17T11:45:42.012+0700][gc          ] GC(420) Pause Young (Normal) (G1 Evacuation Pause) 590M->549M(1024M) 71.700ms
[2024-12-17T11:45:42.012+0700][gc,cpu      ] GC(420) User=0.13s Sys=0.01s Real=0.07s
[2024-12-17T11:47:21.840+0700][gc,start    ] GC(421) Pause Young (Normal) (G1 Evacuation Pause)
[2024-12-17T11:47:21.840+0700][gc,task     ] GC(421) Using 2 workers of 2 for evacuation
[2024-12-17T11:47:21.890+0700][gc,mmu      ] GC(421) MMU target violated: 21.0ms (20.0ms/21.0ms)
[2024-12-17T11:47:21.890+0700][gc,phases   ] GC(421)   Pre Evacuate Collection Set: 4.5ms
[2024-12-17T11:47:21.890+0700][gc,phases   ] GC(421)   Merge Heap Roots: 1.2ms
[2024-12-17T11:47:21.890+0700][gc,phases   ] GC(421)   Evacuate Collection Set: 40.5ms
[2024-12-17T11:47:21.890+0700][gc,phases   ] GC(421)   Post Evacuate Collection Set: 2.7ms
[2024-12-17T11:47:21.890+0700][gc,phases   ] GC(421)   Other: 1.5ms
[2024-12-17T11:47:21.890+0700][gc,heap     ] GC(421) Eden regions: 46->0(47)
[2024-12-17T11:47:21.890+0700][gc,heap     ] GC(421) Survivor regions: 5->4(7)
[2024-12-17T11:47:21.890+0700][gc,heap     ] GC(421) Old regions: 415->417
[2024-12-17T11:47:21.890+0700][gc,heap     ] GC(421) Archive regions: 2->2
[2024-12-17T11:47:21.890+0700][gc,heap     ] GC(421) Humongous regions: 129->129
[2024-12-17T11:47:21.891+0700][gc,metaspace] GC(421) Metaspace: 45482K(46080K)->45482K(46080K) NonClass: 40257K(40576K)->40257K(40576K) Class: 5225K(5504K)->5225K(5504K)
[2024-12-17T11:47:21.891+0700][gc          ] GC(421) Pause Young (Normal) (G1 Evacuation Pause) 595M->550M(1024M) 50.514ms
[2024-12-17T11:47:21.891+0700][gc,cpu      ] GC(421) User=0.10s Sys=0.00s Real=0.05s
[2024-12-17T11:49:04.621+0700][gc,start    ] GC(422) Pause Young (Normal) (G1 Evacuation Pause)
[2024-12-17T11:49:04.621+0700][gc,task     ] GC(422) Using 2 workers of 2 for evacuation
[2024-12-17T11:49:04.672+0700][gc,mmu      ] GC(422) MMU target violated: 21.0ms (20.0ms/21.0ms)
[2024-12-17T11:49:04.672+0700][gc,phases   ] GC(422)   Pre Evacuate Collection Set: 2.8ms
[2024-12-17T11:49:04.672+0700][gc,phases   ] GC(422)   Merge Heap Roots: 1.1ms
[2024-12-17T11:49:04.672+0700][gc,phases   ] GC(422)   Evacuate Collection Set: 42.2ms
[2024-12-17T11:49:04.672+0700][gc,phases   ] GC(422)   Post Evacuate Collection Set: 4.0ms
[2024-12-17T11:49:04.672+0700][gc,phases   ] GC(422)   Other: 1.4ms
[2024-12-17T11:49:04.672+0700][gc,heap     ] GC(422) Eden regions: 47->0(44)
[2024-12-17T11:49:04.672+0700][gc,heap     ] GC(422) Survivor regions: 4->7(7)
[2024-12-17T11:49:04.672+0700][gc,heap     ] GC(422) Old regions: 417->417
[2024-12-17T11:49:04.672+0700][gc,heap     ] GC(422) Archive regions: 2->2
[2024-12-17T11:49:04.672+0700][gc,heap     ] GC(422) Humongous regions: 129->129
[2024-12-17T11:49:04.672+0700][gc,metaspace] GC(422) Metaspace: 45482K(46080K)->45482K(46080K) NonClass: 40257K(40576K)->40257K(40576K) Class: 5225K(5504K)->5225K(5504K)
[2024-12-17T11:49:04.672+0700][gc          ] GC(422) Pause Young (Normal) (G1 Evacuation Pause) 597M->553M(1024M) 51.316ms
[2024-12-17T11:49:04.672+0700][gc,cpu      ] GC(422) User=0.09s Sys=0.00s Real=0.05s
[2024-12-17T11:50:40.037+0700][gc,start    ] GC(423) Pause Young (Normal) (G1 Evacuation Pause)
[2024-12-17T11:50:40.037+0700][gc,task     ] GC(423) Using 2 workers of 2 for evacuation
[2024-12-17T11:50:40.089+0700][gc,mmu      ] GC(423) MMU target violated: 21.0ms (20.0ms/21.0ms)
[2024-12-17T11:50:40.089+0700][gc,phases   ] GC(423)   Pre Evacuate Collection Set: 2.5ms
[2024-12-17T11:50:40.089+0700][gc,phases   ] GC(423)   Merge Heap Roots: 0.9ms
[2024-12-17T11:50:40.089+0700][gc,phases   ] GC(423)   Evacuate Collection Set: 44.0ms
[2024-12-17T11:50:40.089+0700][gc,phases   ] GC(423)   Post Evacuate Collection Set: 3.3ms
[2024-12-17T11:50:40.089+0700][gc,phases   ] GC(423)   Other: 1.4ms
[2024-12-17T11:50:40.089+0700][gc,heap     ] GC(423) Eden regions: 44->0(48)
[2024-12-17T11:50:40.089+0700][gc,heap     ] GC(423) Survivor regions: 7->3(7)
[2024-12-17T11:50:40.089+0700][gc,heap     ] GC(423) Old regions: 417->422
[2024-12-17T11:50:40.089+0700][gc,heap     ] GC(423) Archive regions: 2->2
[2024-12-17T11:50:40.089+0700][gc,heap     ] GC(423) Humongous regions: 129->129
[2024-12-17T11:50:40.089+0700][gc,metaspace] GC(423) Metaspace: 45482K(46080K)->45482K(46080K) NonClass: 40257K(40576K)->40257K(40576K) Class: 5225K(5504K)->5225K(5504K)
[2024-12-17T11:50:40.089+0700][gc          ] GC(423) Pause Young (Normal) (G1 Evacuation Pause) 597M->554M(1024M) 52.081ms
[2024-12-17T11:50:40.089+0700][gc,cpu      ] GC(423) User=0.09s Sys=0.01s Real=0.05s
[2024-12-17T11:52:25.044+0700][gc,start    ] GC(424) Pause Young (Normal) (G1 Evacuation Pause)
[2024-12-17T11:52:25.044+0700][gc,task     ] GC(424) Using 2 workers of 2 for evacuation
[2024-12-17T11:52:25.092+0700][gc,mmu      ] GC(424) MMU target violated: 21.0ms (20.0ms/21.0ms)
[2024-12-17T11:52:25.092+0700][gc,phases   ] GC(424)   Pre Evacuate Collection Set: 2.4ms
[2024-12-17T11:52:25.092+0700][gc,phases   ] GC(424)   Merge Heap Roots: 1.0ms
[2024-12-17T11:52:25.092+0700][gc,phases   ] GC(424)   Evacuate Collection Set: 41.9ms
[2024-12-17T11:52:25.093+0700][gc,phases   ] GC(424)   Post Evacuate Collection Set: 2.6ms
[2024-12-17T11:52:25.093+0700][gc,phases   ] GC(424)   Other: 1.2ms
[2024-12-17T11:52:25.093+0700][gc,heap     ] GC(424) Eden regions: 48->0(44)
[2024-12-17T11:52:25.093+0700][gc,heap     ] GC(424) Survivor regions: 3->7(7)
[2024-12-17T11:52:25.093+0700][gc,heap     ] GC(424) Old regions: 422->422
[2024-12-17T11:52:25.093+0700][gc,heap     ] GC(424) Archive regions: 2->2
[2024-12-17T11:52:25.093+0700][gc,heap     ] GC(424) Humongous regions: 129->129
[2024-12-17T11:52:25.093+0700][gc,metaspace] GC(424) Metaspace: 45482K(46080K)->45482K(46080K) NonClass: 40257K(40576K)->40257K(40576K) Class: 5225K(5504K)->5225K(5504K)
[2024-12-17T11:52:25.093+0700][gc          ] GC(424) Pause Young (Normal) (G1 Evacuation Pause) 602M->557M(1024M) 49.135ms
[2024-12-17T11:52:25.093+0700][gc,cpu      ] GC(424) User=0.09s Sys=0.00s Real=0.05s
[2024-12-17T11:53:59.775+0700][gc,start    ] GC(425) Pause Young (Normal) (G1 Evacuation Pause)
[2024-12-17T11:53:59.775+0700][gc,task     ] GC(425) Using 2 workers of 2 for evacuation
[2024-12-17T11:53:59.844+0700][gc,mmu      ] GC(425) MMU target violated: 21.0ms (20.0ms/21.0ms)
[2024-12-17T11:53:59.844+0700][gc,phases   ] GC(425)   Pre Evacuate Collection Set: 2.9ms
[2024-12-17T11:53:59.844+0700][gc,phases   ] GC(425)   Merge Heap Roots: 0.9ms
[2024-12-17T11:53:59.844+0700][gc,phases   ] GC(425)   Evacuate Collection Set: 60.8ms
[2024-12-17T11:53:59.844+0700][gc,phases   ] GC(425)   Post Evacuate Collection Set: 4.4ms
[2024-12-17T11:53:59.844+0700][gc,phases   ] GC(425)   Other: 1.1ms
[2024-12-17T11:53:59.844+0700][gc,heap     ] GC(425) Eden regions: 44->0(45)
[2024-12-17T11:53:59.844+0700][gc,heap     ] GC(425) Survivor regions: 7->6(7)
[2024-12-17T11:53:59.844+0700][gc,heap     ] GC(425) Old regions: 422->426
[2024-12-17T11:53:59.844+0700][gc,heap     ] GC(425) Archive regions: 2->2
[2024-12-17T11:53:59.844+0700][gc,heap     ] GC(425) Humongous regions: 129->129
[2024-12-17T11:53:59.845+0700][gc,metaspace] GC(425) Metaspace: 45482K(46080K)->45482K(46080K) NonClass: 40257K(40576K)->40257K(40576K) Class: 5225K(5504K)->5225K(5504K)
[2024-12-17T11:53:59.845+0700][gc          ] GC(425) Pause Young (Normal) (G1 Evacuation Pause) 601M->560M(1024M) 70.027ms
[2024-12-17T11:53:59.845+0700][gc,cpu      ] GC(425) User=0.11s Sys=0.03s Real=0.08s
[2024-12-17T11:55:36.965+0700][gc,start    ] GC(426) Pause Young (Normal) (G1 Evacuation Pause)
[2024-12-17T11:55:36.965+0700][gc,task     ] GC(426) Using 2 workers of 2 for evacuation
[2024-12-17T11:55:37.007+0700][gc,mmu      ] GC(426) MMU target violated: 21.0ms (20.0ms/21.0ms)
[2024-12-17T11:55:37.007+0700][gc,phases   ] GC(426)   Pre Evacuate Collection Set: 3.1ms
[2024-12-17T11:55:37.007+0700][gc,phases   ] GC(426)   Merge Heap Roots: 1.1ms
[2024-12-17T11:55:37.007+0700][gc,phases   ] GC(426)   Evacuate Collection Set: 34.5ms
[2024-12-17T11:55:37.007+0700][gc,phases   ] GC(426)   Post Evacuate Collection Set: 2.5ms
[2024-12-17T11:55:37.007+0700][gc,phases   ] GC(426)   Other: 1.3ms
[2024-12-17T11:55:37.007+0700][gc,heap     ] GC(426) Eden regions: 45->0(47)
[2024-12-17T11:55:37.007+0700][gc,heap     ] GC(426) Survivor regions: 6->4(7)
[2024-12-17T11:55:37.007+0700][gc,heap     ] GC(426) Old regions: 426->428
[2024-12-17T11:55:37.007+0700][gc,heap     ] GC(426) Archive regions: 2->2
[2024-12-17T11:55:37.007+0700][gc,heap     ] GC(426) Humongous regions: 129->129
[2024-12-17T11:55:37.007+0700][gc,metaspace] GC(426) Metaspace: 45482K(46080K)->45482K(46080K) NonClass: 40257K(40576K)->40257K(40576K) Class: 5225K(5504K)->5225K(5504K)
[2024-12-17T11:55:37.007+0700][gc          ] GC(426) Pause Young (Normal) (G1 Evacuation Pause) 605M->561M(1024M) 42.554ms
[2024-12-17T11:55:37.007+0700][gc,cpu      ] GC(426) User=0.07s Sys=0.01s Real=0.04s
[2024-12-17T11:57:19.486+0700][gc,start    ] GC(427) Pause Young (Normal) (G1 Evacuation Pause)
[2024-12-17T11:57:19.486+0700][gc,task     ] GC(427) Using 2 workers of 2 for evacuation
[2024-12-17T11:57:19.533+0700][gc,mmu      ] GC(427) MMU target violated: 21.0ms (20.0ms/21.0ms)
[2024-12-17T11:57:19.534+0700][gc,phases   ] GC(427)   Pre Evacuate Collection Set: 2.8ms
[2024-12-17T11:57:19.534+0700][gc,phases   ] GC(427)   Merge Heap Roots: 0.8ms
[2024-12-17T11:57:19.534+0700][gc,phases   ] GC(427)   Evacuate Collection Set: 40.6ms
[2024-12-17T11:57:19.534+0700][gc,phases   ] GC(427)   Post Evacuate Collection Set: 2.8ms
[2024-12-17T11:57:19.534+0700][gc,phases   ] GC(427)   Other: 1.3ms
[2024-12-17T11:57:19.534+0700][gc,heap     ] GC(427) Eden regions: 47->0(44)
[2024-12-17T11:57:19.534+0700][gc,heap     ] GC(427) Survivor regions: 4->7(7)
[2024-12-17T11:57:19.534+0700][gc,heap     ] GC(427) Old regions: 428->428
[2024-12-17T11:57:19.534+0700][gc,heap     ] GC(427) Archive regions: 2->2
[2024-12-17T11:57:19.534+0700][gc,heap     ] GC(427) Humongous regions: 129->129
[2024-12-17T11:57:19.534+0700][gc,metaspace] GC(427) Metaspace: 45482K(46080K)->45482K(46080K) NonClass: 40257K(40576K)->40257K(40576K) Class: 5225K(5504K)->5225K(5504K)
[2024-12-17T11:57:19.534+0700][gc          ] GC(427) Pause Young (Normal) (G1 Evacuation Pause) 608M->564M(1024M) 48.294ms
[2024-12-17T11:57:19.534+0700][gc,cpu      ] GC(427) User=0.09s Sys=0.00s Real=0.04s
[2024-12-17T11:58:54.798+0700][gc,start    ] GC(428) Pause Young (Normal) (G1 Evacuation Pause)
[2024-12-17T11:58:54.798+0700][gc,task     ] GC(428) Using 2 workers of 2 for evacuation
[2024-12-17T11:58:54.854+0700][gc,mmu      ] GC(428) MMU target violated: 21.0ms (20.0ms/21.0ms)
[2024-12-17T11:58:54.854+0700][gc,phases   ] GC(428)   Pre Evacuate Collection Set: 6.3ms
[2024-12-17T11:58:54.854+0700][gc,phases   ] GC(428)   Merge Heap Roots: 0.7ms
[2024-12-17T11:58:54.854+0700][gc,phases   ] GC(428)   Evacuate Collection Set: 45.1ms
[2024-12-17T11:58:54.854+0700][gc,phases   ] GC(428)   Post Evacuate Collection Set: 3.1ms
[2024-12-17T11:58:54.854+0700][gc,phases   ] GC(428)   Other: 1.4ms
[2024-12-17T11:58:54.855+0700][gc,heap     ] GC(428) Eden regions: 44->0(48)
[2024-12-17T11:58:54.855+0700][gc,heap     ] GC(428) Survivor regions: 7->3(7)
[2024-12-17T11:58:54.855+0700][gc,heap     ] GC(428) Old regions: 428->433
[2024-12-17T11:58:54.855+0700][gc,heap     ] GC(428) Archive regions: 2->2
[2024-12-17T11:58:54.855+0700][gc,heap     ] GC(428) Humongous regions: 129->129
[2024-12-17T11:58:54.855+0700][gc,metaspace] GC(428) Metaspace: 45482K(46080K)->45482K(46080K) NonClass: 40257K(40576K)->40257K(40576K) Class: 5225K(5504K)->5225K(5504K)
[2024-12-17T11:58:54.855+0700][gc          ] GC(428) Pause Young (Normal) (G1 Evacuation Pause) 608M->565M(1024M) 56.602ms
[2024-12-17T11:58:54.855+0700][gc,cpu      ] GC(428) User=0.08s Sys=0.02s Real=0.05s
[2024-12-17T12:00:38.745+0700][gc,start    ] GC(429) Pause Young (Normal) (G1 Evacuation Pause)
[2024-12-17T12:00:38.745+0700][gc,task     ] GC(429) Using 2 workers of 2 for evacuation
[2024-12-17T12:00:38.793+0700][gc,mmu      ] GC(429) MMU target violated: 21.0ms (20.0ms/21.0ms)
[2024-12-17T12:00:38.793+0700][gc,phases   ] GC(429)   Pre Evacuate Collection Set: 2.9ms
[2024-12-17T12:00:38.793+0700][gc,phases   ] GC(429)   Merge Heap Roots: 1.1ms
[2024-12-17T12:00:38.793+0700][gc,phases   ] GC(429)   Evacuate Collection Set: 41.1ms
[2024-12-17T12:00:38.793+0700][gc,phases   ] GC(429)   Post Evacuate Collection Set: 2.9ms
[2024-12-17T12:00:38.794+0700][gc,phases   ] GC(429)   Other: 1.3ms
[2024-12-17T12:00:38.794+0700][gc,heap     ] GC(429) Eden regions: 48->0(45)
[2024-12-17T12:00:38.794+0700][gc,heap     ] GC(429) Survivor regions: 3->6(7)
[2024-12-17T12:00:38.794+0700][gc,heap     ] GC(429) Old regions: 433->433
[2024-12-17T12:00:38.794+0700][gc,heap     ] GC(429) Archive regions: 2->2
[2024-12-17T12:00:38.794+0700][gc,heap     ] GC(429) Humongous regions: 129->129
[2024-12-17T12:00:38.794+0700][gc,metaspace] GC(429) Metaspace: 45482K(46080K)->45482K(46080K) NonClass: 40257K(40576K)->40257K(40576K) Class: 5225K(5504K)->5225K(5504K)
[2024-12-17T12:00:38.794+0700][gc          ] GC(429) Pause Young (Normal) (G1 Evacuation Pause) 613M->568M(1024M) 49.241ms
[2024-12-17T12:00:38.794+0700][gc,cpu      ] GC(429) User=0.10s Sys=0.00s Real=0.04s
[2024-12-17T12:02:17.140+0700][gc,start    ] GC(430) Pause Young (Normal) (G1 Evacuation Pause)
[2024-12-17T12:02:17.141+0700][gc,task     ] GC(430) Using 2 workers of 2 for evacuation
[2024-12-17T12:02:17.215+0700][gc,mmu      ] GC(430) MMU target violated: 21.0ms (20.0ms/21.0ms)
[2024-12-17T12:02:17.216+0700][gc,phases   ] GC(430)   Pre Evacuate Collection Set: 2.7ms
[2024-12-17T12:02:17.216+0700][gc,phases   ] GC(430)   Merge Heap Roots: 0.7ms
[2024-12-17T12:02:17.216+0700][gc,phases   ] GC(430)   Evacuate Collection Set: 68.1ms
[2024-12-17T12:02:17.216+0700][gc,phases   ] GC(430)   Post Evacuate Collection Set: 2.7ms
[2024-12-17T12:02:17.216+0700][gc,phases   ] GC(430)   Other: 1.6ms
[2024-12-17T12:02:17.216+0700][gc,heap     ] GC(430) Eden regions: 45->0(46)
[2024-12-17T12:02:17.216+0700][gc,heap     ] GC(430) Survivor regions: 6->5(7)
[2024-12-17T12:02:17.216+0700][gc,heap     ] GC(430) Old regions: 433->437
[2024-12-17T12:02:17.216+0700][gc,heap     ] GC(430) Archive regions: 2->2
[2024-12-17T12:02:17.216+0700][gc,heap     ] GC(430) Humongous regions: 129->129
[2024-12-17T12:02:17.216+0700][gc,metaspace] GC(430) Metaspace: 45482K(46080K)->45482K(46080K) NonClass: 40257K(40576K)->40257K(40576K) Class: 5225K(5504K)->5225K(5504K)
[2024-12-17T12:02:17.216+0700][gc          ] GC(430) Pause Young (Normal) (G1 Evacuation Pause) 613M->571M(1024M) 75.905ms
[2024-12-17T12:02:17.216+0700][gc,cpu      ] GC(430) User=0.14s Sys=0.01s Real=0.08s
[2024-12-17T12:03:56.684+0700][gc,start    ] GC(431) Pause Young (Normal) (G1 Evacuation Pause)
[2024-12-17T12:03:56.685+0700][gc,task     ] GC(431) Using 2 workers of 2 for evacuation
[2024-12-17T12:03:56.729+0700][gc,mmu      ] GC(431) MMU target violated: 21.0ms (20.0ms/21.0ms)
[2024-12-17T12:03:56.729+0700][gc,phases   ] GC(431)   Pre Evacuate Collection Set: 4.1ms
[2024-12-17T12:03:56.729+0700][gc,phases   ] GC(431)   Merge Heap Roots: 1.3ms
[2024-12-17T12:03:56.729+0700][gc,phases   ] GC(431)   Evacuate Collection Set: 35.1ms
[2024-12-17T12:03:56.729+0700][gc,phases   ] GC(431)   Post Evacuate Collection Set: 3.1ms
[2024-12-17T12:03:56.729+0700][gc,phases   ] GC(431)   Other: 1.5ms
[2024-12-17T12:03:56.729+0700][gc,heap     ] GC(431) Eden regions: 46->0(47)
[2024-12-17T12:03:56.729+0700][gc,heap     ] GC(431) Survivor regions: 5->4(7)
[2024-12-17T12:03:56.729+0700][gc,heap     ] GC(431) Old regions: 437->439
[2024-12-17T12:03:56.729+0700][gc,heap     ] GC(431) Archive regions: 2->2
[2024-12-17T12:03:56.729+0700][gc,heap     ] GC(431) Humongous regions: 129->129
[2024-12-17T12:03:56.729+0700][gc,metaspace] GC(431) Metaspace: 45482K(46080K)->45482K(46080K) NonClass: 40257K(40576K)->40257K(40576K) Class: 5225K(5504K)->5225K(5504K)
[2024-12-17T12:03:56.729+0700][gc          ] GC(431) Pause Young (Normal) (G1 Evacuation Pause) 617M->572M(1024M) 45.055ms
[2024-12-17T12:03:56.729+0700][gc,cpu      ] GC(431) User=0.08s Sys=0.00s Real=0.04s
[2024-12-17T12:05:39.174+0700][gc,start    ] GC(432) Pause Young (Normal) (G1 Evacuation Pause)
[2024-12-17T12:05:39.174+0700][gc,task     ] GC(432) Using 2 workers of 2 for evacuation
[2024-12-17T12:05:39.226+0700][gc,mmu      ] GC(432) MMU target violated: 21.0ms (20.0ms/21.0ms)
[2024-12-17T12:05:39.226+0700][gc,phases   ] GC(432)   Pre Evacuate Collection Set: 3.7ms
[2024-12-17T12:05:39.226+0700][gc,phases   ] GC(432)   Merge Heap Roots: 0.8ms
[2024-12-17T12:05:39.226+0700][gc,phases   ] GC(432)   Evacuate Collection Set: 43.5ms
[2024-12-17T12:05:39.226+0700][gc,phases   ] GC(432)   Post Evacuate Collection Set: 3.2ms
[2024-12-17T12:05:39.226+0700][gc,phases   ] GC(432)   Other: 1.6ms
[2024-12-17T12:05:39.226+0700][gc,heap     ] GC(432) Eden regions: 47->0(44)
[2024-12-17T12:05:39.226+0700][gc,heap     ] GC(432) Survivor regions: 4->7(7)
[2024-12-17T12:05:39.226+0700][gc,heap     ] GC(432) Old regions: 439->439
[2024-12-17T12:05:39.226+0700][gc,heap     ] GC(432) Archive regions: 2->2
[2024-12-17T12:05:39.226+0700][gc,heap     ] GC(432) Humongous regions: 129->129
[2024-12-17T12:05:39.226+0700][gc,metaspace] GC(432) Metaspace: 45482K(46080K)->45482K(46080K) NonClass: 40257K(40576K)->40257K(40576K) Class: 5225K(5504K)->5225K(5504K)
[2024-12-17T12:05:39.226+0700][gc          ] GC(432) Pause Young (Normal) (G1 Evacuation Pause) 619M->575M(1024M) 52.707ms
[2024-12-17T12:05:39.227+0700][gc,cpu      ] GC(432) User=0.09s Sys=0.00s Real=0.06s
[2024-12-17T12:07:15.084+0700][gc,start    ] GC(433) Pause Young (Normal) (G1 Evacuation Pause)
[2024-12-17T12:07:15.084+0700][gc,task     ] GC(433) Using 2 workers of 2 for evacuation
[2024-12-17T12:07:15.146+0700][gc,mmu      ] GC(433) MMU target violated: 21.0ms (20.0ms/21.0ms)
[2024-12-17T12:07:15.146+0700][gc,phases   ] GC(433)   Pre Evacuate Collection Set: 4.3ms
[2024-12-17T12:07:15.146+0700][gc,phases   ] GC(433)   Merge Heap Roots: 1.0ms
[2024-12-17T12:07:15.146+0700][gc,phases   ] GC(433)   Evacuate Collection Set: 53.0ms
[2024-12-17T12:07:15.146+0700][gc,phases   ] GC(433)   Post Evacuate Collection Set: 2.9ms
[2024-12-17T12:07:15.146+0700][gc,phases   ] GC(433)   Other: 1.5ms
[2024-12-17T12:07:15.146+0700][gc,heap     ] GC(433) Eden regions: 44->0(48)
[2024-12-17T12:07:15.146+0700][gc,heap     ] GC(433) Survivor regions: 7->3(7)
[2024-12-17T12:07:15.146+0700][gc,heap     ] GC(433) Old regions: 439->444
[2024-12-17T12:07:15.146+0700][gc,heap     ] GC(433) Archive regions: 2->2
[2024-12-17T12:07:15.146+0700][gc,heap     ] GC(433) Humongous regions: 129->129
[2024-12-17T12:07:15.146+0700][gc,metaspace] GC(433) Metaspace: 45482K(46080K)->45482K(46080K) NonClass: 40257K(40576K)->40257K(40576K) Class: 5225K(5504K)->5225K(5504K)
[2024-12-17T12:07:15.146+0700][gc          ] GC(433) Pause Young (Normal) (G1 Evacuation Pause) 619M->575M(1024M) 62.500ms
[2024-12-17T12:07:15.146+0700][gc,cpu      ] GC(433) User=0.08s Sys=0.02s Real=0.07s
[2024-12-17T12:08:59.570+0700][gc,start    ] GC(434) Pause Young (Normal) (G1 Evacuation Pause)
[2024-12-17T12:08:59.570+0700][gc,task     ] GC(434) Using 2 workers of 2 for evacuation
[2024-12-17T12:08:59.616+0700][gc,mmu      ] GC(434) MMU target violated: 21.0ms (20.0ms/21.0ms)
[2024-12-17T12:08:59.617+0700][gc,phases   ] GC(434)   Pre Evacuate Collection Set: 3.2ms
[2024-12-17T12:08:59.617+0700][gc,phases   ] GC(434)   Merge Heap Roots: 0.7ms
[2024-12-17T12:08:59.617+0700][gc,phases   ] GC(434)   Evacuate Collection Set: 38.2ms
[2024-12-17T12:08:59.617+0700][gc,phases   ] GC(434)   Post Evacuate Collection Set: 3.5ms
[2024-12-17T12:08:59.617+0700][gc,phases   ] GC(434)   Other: 1.4ms
[2024-12-17T12:08:59.617+0700][gc,heap     ] GC(434) Eden regions: 48->0(45)
[2024-12-17T12:08:59.617+0700][gc,heap     ] GC(434) Survivor regions: 3->6(7)
[2024-12-17T12:08:59.617+0700][gc,heap     ] GC(434) Old regions: 444->444
[2024-12-17T12:08:59.617+0700][gc,heap     ] GC(434) Archive regions: 2->2
[2024-12-17T12:08:59.617+0700][gc,heap     ] GC(434) Humongous regions: 129->129
[2024-12-17T12:08:59.617+0700][gc,metaspace] GC(434) Metaspace: 45482K(46080K)->45482K(46080K) NonClass: 40257K(40576K)->40257K(40576K) Class: 5225K(5504K)->5225K(5504K)
[2024-12-17T12:08:59.617+0700][gc          ] GC(434) Pause Young (Normal) (G1 Evacuation Pause) 623M->579M(1024M) 46.964ms
[2024-12-17T12:08:59.617+0700][gc,cpu      ] GC(434) User=0.09s Sys=0.00s Real=0.05s
[2024-12-17T12:10:36.924+0700][gc,start    ] GC(435) Pause Young (Normal) (G1 Evacuation Pause)
[2024-12-17T12:10:36.924+0700][gc,task     ] GC(435) Using 2 workers of 2 for evacuation
[2024-12-17T12:10:36.994+0700][gc,mmu      ] GC(435) MMU target violated: 21.0ms (20.0ms/21.0ms)
[2024-12-17T12:10:36.994+0700][gc,phases   ] GC(435)   Pre Evacuate Collection Set: 2.7ms
[2024-12-17T12:10:36.994+0700][gc,phases   ] GC(435)   Merge Heap Roots: 1.2ms
[2024-12-17T12:10:36.994+0700][gc,phases   ] GC(435)   Evacuate Collection Set: 62.6ms
[2024-12-17T12:10:36.994+0700][gc,phases   ] GC(435)   Post Evacuate Collection Set: 2.9ms
[2024-12-17T12:10:36.994+0700][gc,phases   ] GC(435)   Other: 1.5ms
[2024-12-17T12:10:36.994+0700][gc,heap     ] GC(435) Eden regions: 45->0(46)
[2024-12-17T12:10:36.994+0700][gc,heap     ] GC(435) Survivor regions: 6->5(7)
[2024-12-17T12:10:36.994+0700][gc,heap     ] GC(435) Old regions: 444->448
[2024-12-17T12:10:36.994+0700][gc,heap     ] GC(435) Archive regions: 2->2
[2024-12-17T12:10:36.994+0700][gc,heap     ] GC(435) Humongous regions: 129->129
[2024-12-17T12:10:36.994+0700][gc,metaspace] GC(435) Metaspace: 45482K(46080K)->45482K(46080K) NonClass: 40257K(40576K)->40257K(40576K) Class: 5225K(5504K)->5225K(5504K)
[2024-12-17T12:10:36.994+0700][gc          ] GC(435) Pause Young (Normal) (G1 Evacuation Pause) 624M->582M(1024M) 70.776ms
[2024-12-17T12:10:36.994+0700][gc,cpu      ] GC(435) User=0.13s Sys=0.00s Real=0.07s
[2024-12-17T12:12:10.554+0700][gc,start    ] GC(436) Pause Young (Normal) (G1 Evacuation Pause)
[2024-12-17T12:12:10.554+0700][gc,task     ] GC(436) Using 2 workers of 2 for evacuation
[2024-12-17T12:12:10.602+0700][gc,mmu      ] GC(436) MMU target violated: 21.0ms (20.0ms/21.0ms)
[2024-12-17T12:12:10.602+0700][gc,phases   ] GC(436)   Pre Evacuate Collection Set: 3.3ms
[2024-12-17T12:12:10.602+0700][gc,phases   ] GC(436)   Merge Heap Roots: 0.9ms
[2024-12-17T12:12:10.602+0700][gc,phases   ] GC(436)   Evacuate Collection Set: 39.7ms
[2024-12-17T12:12:10.602+0700][gc,phases   ] GC(436)   Post Evacuate Collection Set: 3.4ms
[2024-12-17T12:12:10.603+0700][gc,phases   ] GC(436)   Other: 1.3ms
[2024-12-17T12:12:10.603+0700][gc,heap     ] GC(436) Eden regions: 46->0(47)
[2024-12-17T12:12:10.603+0700][gc,heap     ] GC(436) Survivor regions: 5->4(7)
[2024-12-17T12:12:10.603+0700][gc,heap     ] GC(436) Old regions: 448->450
[2024-12-17T12:12:10.603+0700][gc,heap     ] GC(436) Archive regions: 2->2
[2024-12-17T12:12:10.603+0700][gc,heap     ] GC(436) Humongous regions: 129->129
[2024-12-17T12:12:10.603+0700][gc,metaspace] GC(436) Metaspace: 45482K(46080K)->45482K(46080K) NonClass: 40257K(40576K)->40257K(40576K) Class: 5225K(5504K)->5225K(5504K)
[2024-12-17T12:12:10.603+0700][gc          ] GC(436) Pause Young (Normal) (G1 Evacuation Pause) 628M->583M(1024M) 48.568ms
[2024-12-17T12:12:10.603+0700][gc,cpu      ] GC(436) User=0.09s Sys=0.01s Real=0.05s
[2024-12-17T12:13:53.071+0700][gc,start    ] GC(437) Pause Young (Normal) (G1 Evacuation Pause)
[2024-12-17T12:13:53.072+0700][gc,task     ] GC(437) Using 2 workers of 2 for evacuation
[2024-12-17T12:13:53.114+0700][gc,mmu      ] GC(437) MMU target violated: 21.0ms (20.0ms/21.0ms)
[2024-12-17T12:13:53.114+0700][gc,phases   ] GC(437)   Pre Evacuate Collection Set: 4.4ms
[2024-12-17T12:13:53.114+0700][gc,phases   ] GC(437)   Merge Heap Roots: 0.7ms
[2024-12-17T12:13:53.114+0700][gc,phases   ] GC(437)   Evacuate Collection Set: 33.4ms
[2024-12-17T12:13:53.114+0700][gc,phases   ] GC(437)   Post Evacuate Collection Set: 3.4ms
[2024-12-17T12:13:53.114+0700][gc,phases   ] GC(437)   Other: 1.3ms
[2024-12-17T12:13:53.115+0700][gc,heap     ] GC(437) Eden regions: 47->0(46)
[2024-12-17T12:13:53.115+0700][gc,heap     ] GC(437) Survivor regions: 4->5(7)
[2024-12-17T12:13:53.115+0700][gc,heap     ] GC(437) Old regions: 450->450
[2024-12-17T12:13:53.115+0700][gc,heap     ] GC(437) Archive regions: 2->2
[2024-12-17T12:13:53.115+0700][gc,heap     ] GC(437) Humongous regions: 129->129
[2024-12-17T12:13:53.115+0700][gc,metaspace] GC(437) Metaspace: 45482K(46080K)->45482K(46080K) NonClass: 40257K(40576K)->40257K(40576K) Class: 5225K(5504K)->5225K(5504K)
[2024-12-17T12:13:53.115+0700][gc          ] GC(437) Pause Young (Normal) (G1 Evacuation Pause) 630M->584M(1024M) 43.248ms
[2024-12-17T12:13:53.115+0700][gc,cpu      ] GC(437) User=0.08s Sys=0.00s Real=0.04s
[2024-12-17T12:15:31.004+0700][gc,start    ] GC(438) Pause Young (Normal) (G1 Evacuation Pause)
[2024-12-17T12:15:31.004+0700][gc,task     ] GC(438) Using 2 workers of 2 for evacuation
[2024-12-17T12:15:31.053+0700][gc,mmu      ] GC(438) MMU target violated: 21.0ms (20.0ms/21.0ms)
[2024-12-17T12:15:31.053+0700][gc,phases   ] GC(438)   Pre Evacuate Collection Set: 2.4ms
[2024-12-17T12:15:31.054+0700][gc,phases   ] GC(438)   Merge Heap Roots: 0.6ms
[2024-12-17T12:15:31.054+0700][gc,phases   ] GC(438)   Evacuate Collection Set: 42.4ms
[2024-12-17T12:15:31.054+0700][gc,phases   ] GC(438)   Post Evacuate Collection Set: 3.1ms
[2024-12-17T12:15:31.054+0700][gc,phases   ] GC(438)   Other: 1.3ms
[2024-12-17T12:15:31.054+0700][gc,heap     ] GC(438) Eden regions: 46->0(46)
[2024-12-17T12:15:31.054+0700][gc,heap     ] GC(438) Survivor regions: 5->5(7)
[2024-12-17T12:15:31.054+0700][gc,heap     ] GC(438) Old regions: 450->452
[2024-12-17T12:15:31.054+0700][gc,heap     ] GC(438) Archive regions: 2->2
[2024-12-17T12:15:31.054+0700][gc,heap     ] GC(438) Humongous regions: 129->129
[2024-12-17T12:15:31.054+0700][gc,metaspace] GC(438) Metaspace: 45482K(46080K)->45482K(46080K) NonClass: 40257K(40576K)->40257K(40576K) Class: 5225K(5504K)->5225K(5504K)
[2024-12-17T12:15:31.054+0700][gc          ] GC(438) Pause Young (Normal) (G1 Evacuation Pause) 630M->586M(1024M) 49.865ms
[2024-12-17T12:15:31.054+0700][gc,cpu      ] GC(438) User=0.09s Sys=0.00s Real=0.05s
[2024-12-17T12:17:10.877+0700][gc,start    ] GC(439) Pause Young (Normal) (G1 Evacuation Pause)
[2024-12-17T12:17:10.877+0700][gc,task     ] GC(439) Using 2 workers of 2 for evacuation
[2024-12-17T12:17:10.915+0700][gc,mmu      ] GC(439) MMU target violated: 21.0ms (20.0ms/21.0ms)
[2024-12-17T12:17:10.915+0700][gc,phases   ] GC(439)   Pre Evacuate Collection Set: 2.9ms
[2024-12-17T12:17:10.915+0700][gc,phases   ] GC(439)   Merge Heap Roots: 1.1ms
[2024-12-17T12:17:10.915+0700][gc,phases   ] GC(439)   Evacuate Collection Set: 30.6ms
[2024-12-17T12:17:10.916+0700][gc,phases   ] GC(439)   Post Evacuate Collection Set: 2.9ms
[2024-12-17T12:17:10.916+0700][gc,phases   ] GC(439)   Other: 1.4ms
[2024-12-17T12:17:10.916+0700][gc,heap     ] GC(439) Eden regions: 46->0(47)
[2024-12-17T12:17:10.916+0700][gc,heap     ] GC(439) Survivor regions: 5->4(7)
[2024-12-17T12:17:10.916+0700][gc,heap     ] GC(439) Old regions: 452->454
[2024-12-17T12:17:10.916+0700][gc,heap     ] GC(439) Archive regions: 2->2
[2024-12-17T12:17:10.916+0700][gc,heap     ] GC(439) Humongous regions: 129->129
[2024-12-17T12:17:10.916+0700][gc,metaspace] GC(439) Metaspace: 45482K(46080K)->45482K(46080K) NonClass: 40257K(40576K)->40257K(40576K) Class: 5225K(5504K)->5225K(5504K)
[2024-12-17T12:17:10.916+0700][gc          ] GC(439) Pause Young (Normal) (G1 Evacuation Pause) 632M->586M(1024M) 38.942ms
[2024-12-17T12:17:10.916+0700][gc,cpu      ] GC(439) User=0.07s Sys=0.00s Real=0.03s
[2024-12-17T12:18:52.872+0700][gc,start    ] GC(440) Pause Young (Normal) (G1 Evacuation Pause)
[2024-12-17T12:18:52.872+0700][gc,task     ] GC(440) Using 2 workers of 2 for evacuation
[2024-12-17T12:18:52.918+0700][gc,mmu      ] GC(440) MMU target violated: 21.0ms (20.0ms/21.0ms)
[2024-12-17T12:18:52.918+0700][gc,phases   ] GC(440)   Pre Evacuate Collection Set: 2.7ms
[2024-12-17T12:18:52.918+0700][gc,phases   ] GC(440)   Merge Heap Roots: 0.7ms
[2024-12-17T12:18:52.918+0700][gc,phases   ] GC(440)   Evacuate Collection Set: 39.9ms
[2024-12-17T12:18:52.918+0700][gc,phases   ] GC(440)   Post Evacuate Collection Set: 2.3ms
[2024-12-17T12:18:52.918+0700][gc,phases   ] GC(440)   Other: 1.3ms
[2024-12-17T12:18:52.918+0700][gc,heap     ] GC(440) Eden regions: 47->0(44)
[2024-12-17T12:18:52.918+0700][gc,heap     ] GC(440) Survivor regions: 4->7(7)
[2024-12-17T12:18:52.918+0700][gc,heap     ] GC(440) Old regions: 454->454
[2024-12-17T12:18:52.918+0700][gc,heap     ] GC(440) Archive regions: 2->2
[2024-12-17T12:18:52.919+0700][gc,heap     ] GC(440) Humongous regions: 129->129
[2024-12-17T12:18:52.919+0700][gc,metaspace] GC(440) Metaspace: 45482K(46080K)->45482K(46080K) NonClass: 40257K(40576K)->40257K(40576K) Class: 5225K(5504K)->5225K(5504K)
[2024-12-17T12:18:52.919+0700][gc          ] GC(440) Pause Young (Normal) (G1 Evacuation Pause) 633M->589M(1024M) 46.902ms
[2024-12-17T12:18:52.919+0700][gc,cpu      ] GC(440) User=0.08s Sys=0.00s Real=0.05s
[2024-12-17T12:20:28.394+0700][gc,start    ] GC(441) Pause Young (Normal) (G1 Evacuation Pause)
[2024-12-17T12:20:28.394+0700][gc,task     ] GC(441) Using 2 workers of 2 for evacuation
[2024-12-17T12:20:28.441+0700][gc,mmu      ] GC(441) MMU target violated: 21.0ms (20.0ms/21.0ms)
[2024-12-17T12:20:28.442+0700][gc,phases   ] GC(441)   Pre Evacuate Collection Set: 3.3ms
[2024-12-17T12:20:28.442+0700][gc,phases   ] GC(441)   Merge Heap Roots: 0.5ms
[2024-12-17T12:20:28.442+0700][gc,phases   ] GC(441)   Evacuate Collection Set: 39.5ms
[2024-12-17T12:20:28.442+0700][gc,phases   ] GC(441)   Post Evacuate Collection Set: 3.3ms
[2024-12-17T12:20:28.442+0700][gc,phases   ] GC(441)   Other: 1.3ms
[2024-12-17T12:20:28.442+0700][gc,heap     ] GC(441) Eden regions: 44->0(48)
[2024-12-17T12:20:28.442+0700][gc,heap     ] GC(441) Survivor regions: 7->3(7)
[2024-12-17T12:20:28.442+0700][gc,heap     ] GC(441) Old regions: 454->458
[2024-12-17T12:20:28.442+0700][gc,heap     ] GC(441) Archive regions: 2->2
[2024-12-17T12:20:28.442+0700][gc,heap     ] GC(441) Humongous regions: 129->129
[2024-12-17T12:20:28.442+0700][gc,metaspace] GC(441) Metaspace: 45482K(46080K)->45482K(46080K) NonClass: 40257K(40576K)->40257K(40576K) Class: 5225K(5504K)->5225K(5504K)
[2024-12-17T12:20:28.442+0700][gc          ] GC(441) Pause Young (Normal) (G1 Evacuation Pause) 633M->590M(1024M) 48.000ms
[2024-12-17T12:20:28.442+0700][gc,cpu      ] GC(441) User=0.08s Sys=0.02s Real=0.05s
[2024-12-17T12:22:12.937+0700][gc,start    ] GC(442) Pause Young (Normal) (G1 Evacuation Pause)
[2024-12-17T12:22:12.937+0700][gc,task     ] GC(442) Using 2 workers of 2 for evacuation
[2024-12-17T12:22:12.982+0700][gc,mmu      ] GC(442) MMU target violated: 21.0ms (20.0ms/21.0ms)
[2024-12-17T12:22:12.982+0700][gc,phases   ] GC(442)   Pre Evacuate Collection Set: 4.0ms
[2024-12-17T12:22:12.982+0700][gc,phases   ] GC(442)   Merge Heap Roots: 0.6ms
[2024-12-17T12:22:12.982+0700][gc,phases   ] GC(442)   Evacuate Collection Set: 36.8ms
[2024-12-17T12:22:12.982+0700][gc,phases   ] GC(442)   Post Evacuate Collection Set: 2.7ms
[2024-12-17T12:22:12.982+0700][gc,phases   ] GC(442)   Other: 1.3ms
[2024-12-17T12:22:12.982+0700][gc,heap     ] GC(442) Eden regions: 48->0(45)
[2024-12-17T12:22:12.982+0700][gc,heap     ] GC(442) Survivor regions: 3->6(7)
[2024-12-17T12:22:12.982+0700][gc,heap     ] GC(442) Old regions: 458->458
[2024-12-17T12:22:12.982+0700][gc,heap     ] GC(442) Archive regions: 2->2
[2024-12-17T12:22:12.982+0700][gc,heap     ] GC(442) Humongous regions: 129->129
[2024-12-17T12:22:12.982+0700][gc,metaspace] GC(442) Metaspace: 45482K(46080K)->45482K(46080K) NonClass: 40257K(40576K)->40257K(40576K) Class: 5225K(5504K)->5225K(5504K)
[2024-12-17T12:22:12.982+0700][gc          ] GC(442) Pause Young (Normal) (G1 Evacuation Pause) 638M->593M(1024M) 45.461ms
[2024-12-17T12:22:12.982+0700][gc,cpu      ] GC(442) User=0.08s Sys=0.00s Real=0.04s
[2024-12-17T12:23:50.900+0700][gc,start    ] GC(443) Pause Young (Normal) (G1 Evacuation Pause)
[2024-12-17T12:23:50.900+0700][gc,task     ] GC(443) Using 2 workers of 2 for evacuation
[2024-12-17T12:23:50.962+0700][gc,mmu      ] GC(443) MMU target violated: 21.0ms (20.0ms/21.0ms)
[2024-12-17T12:23:50.962+0700][gc,phases   ] GC(443)   Pre Evacuate Collection Set: 2.7ms
[2024-12-17T12:23:50.962+0700][gc,phases   ] GC(443)   Merge Heap Roots: 0.8ms
[2024-12-17T12:23:50.962+0700][gc,phases   ] GC(443)   Evacuate Collection Set: 55.5ms
[2024-12-17T12:23:50.962+0700][gc,phases   ] GC(443)   Post Evacuate Collection Set: 2.8ms
[2024-12-17T12:23:50.962+0700][gc,phases   ] GC(443)   Other: 1.5ms
[2024-12-17T12:23:50.962+0700][gc,heap     ] GC(443) Eden regions: 45->0(46)
[2024-12-17T12:23:50.963+0700][gc,heap     ] GC(443) Survivor regions: 6->5(7)
[2024-12-17T12:23:50.963+0700][gc,heap     ] GC(443) Old regions: 458->462
[2024-12-17T12:23:50.963+0700][gc,heap     ] GC(443) Archive regions: 2->2
[2024-12-17T12:23:50.963+0700][gc,heap     ] GC(443) Humongous regions: 129->129
[2024-12-17T12:23:50.963+0700][gc,metaspace] GC(443) Metaspace: 45482K(46080K)->45482K(46080K) NonClass: 40257K(40576K)->40257K(40576K) Class: 5225K(5504K)->5225K(5504K)
[2024-12-17T12:23:50.963+0700][gc          ] GC(443) Pause Young (Normal) (G1 Evacuation Pause) 638M->596M(1024M) 63.112ms
[2024-12-17T12:23:50.963+0700][gc,cpu      ] GC(443) User=0.11s Sys=0.01s Real=0.06s
[2024-12-17T12:25:30.435+0700][gc,start    ] GC(444) Pause Young (Normal) (G1 Evacuation Pause)
[2024-12-17T12:25:30.435+0700][gc,task     ] GC(444) Using 2 workers of 2 for evacuation
[2024-12-17T12:25:30.480+0700][gc,mmu      ] GC(444) MMU target violated: 21.0ms (20.0ms/21.0ms)
[2024-12-17T12:25:30.481+0700][gc,phases   ] GC(444)   Pre Evacuate Collection Set: 4.2ms
[2024-12-17T12:25:30.481+0700][gc,phases   ] GC(444)   Merge Heap Roots: 1.1ms
[2024-12-17T12:25:30.481+0700][gc,phases   ] GC(444)   Evacuate Collection Set: 36.1ms
[2024-12-17T12:25:30.481+0700][gc,phases   ] GC(444)   Post Evacuate Collection Set: 2.9ms
[2024-12-17T12:25:30.481+0700][gc,phases   ] GC(444)   Other: 1.7ms
[2024-12-17T12:25:30.481+0700][gc,heap     ] GC(444) Eden regions: 46->0(48)
[2024-12-17T12:25:30.481+0700][gc,heap     ] GC(444) Survivor regions: 5->3(7)
[2024-12-17T12:25:30.481+0700][gc,heap     ] GC(444) Old regions: 462->465
[2024-12-17T12:25:30.481+0700][gc,heap     ] GC(444) Archive regions: 2->2
[2024-12-17T12:25:30.481+0700][gc,heap     ] GC(444) Humongous regions: 129->129
[2024-12-17T12:25:30.481+0700][gc,metaspace] GC(444) Metaspace: 45482K(46080K)->45482K(46080K) NonClass: 40257K(40576K)->40257K(40576K) Class: 5225K(5504K)->5225K(5504K)
[2024-12-17T12:25:30.481+0700][gc          ] GC(444) Pause Young (Normal) (G1 Evacuation Pause) 642M->597M(1024M) 45.877ms
[2024-12-17T12:25:30.481+0700][gc,cpu      ] GC(444) User=0.08s Sys=0.00s Real=0.05s
[2024-12-17T12:27:14.545+0700][gc,start    ] GC(445) Pause Young (Normal) (G1 Evacuation Pause)
[2024-12-17T12:27:14.546+0700][gc,task     ] GC(445) Using 2 workers of 2 for evacuation
[2024-12-17T12:27:14.597+0700][gc,mmu      ] GC(445) MMU target violated: 21.0ms (20.0ms/21.0ms)
[2024-12-17T12:27:14.597+0700][gc,phases   ] GC(445)   Pre Evacuate Collection Set: 4.0ms
[2024-12-17T12:27:14.597+0700][gc,phases   ] GC(445)   Merge Heap Roots: 0.9ms
[2024-12-17T12:27:14.597+0700][gc,phases   ] GC(445)   Evacuate Collection Set: 43.3ms
[2024-12-17T12:27:14.597+0700][gc,phases   ] GC(445)   Post Evacuate Collection Set: 2.7ms
[2024-12-17T12:27:14.597+0700][gc,phases   ] GC(445)   Other: 1.6ms
[2024-12-17T12:27:14.597+0700][gc,heap     ] GC(445) Eden regions: 48->0(44)
[2024-12-17T12:27:14.597+0700][gc,heap     ] GC(445) Survivor regions: 3->7(7)
[2024-12-17T12:27:14.597+0700][gc,heap     ] GC(445) Old regions: 465->465
[2024-12-17T12:27:14.597+0700][gc,heap     ] GC(445) Archive regions: 2->2
[2024-12-17T12:27:14.597+0700][gc,heap     ] GC(445) Humongous regions: 129->129
[2024-12-17T12:27:14.597+0700][gc,metaspace] GC(445) Metaspace: 45482K(46080K)->45482K(46080K) NonClass: 40257K(40576K)->40257K(40576K) Class: 5225K(5504K)->5225K(5504K)
[2024-12-17T12:27:14.597+0700][gc          ] GC(445) Pause Young (Normal) (G1 Evacuation Pause) 645M->600M(1024M) 52.414ms
[2024-12-17T12:27:14.597+0700][gc,cpu      ] GC(445) User=0.10s Sys=0.00s Real=0.05s
[2024-12-17T12:28:50.181+0700][gc,start    ] GC(446) Pause Young (Normal) (G1 Evacuation Pause)
[2024-12-17T12:28:50.181+0700][gc,task     ] GC(446) Using 2 workers of 2 for evacuation
[2024-12-17T12:28:50.227+0700][gc,mmu      ] GC(446) MMU target violated: 21.0ms (20.0ms/21.0ms)
[2024-12-17T12:28:50.228+0700][gc,phases   ] GC(446)   Pre Evacuate Collection Set: 2.5ms
[2024-12-17T12:28:50.228+0700][gc,phases   ] GC(446)   Merge Heap Roots: 0.7ms
[2024-12-17T12:28:50.228+0700][gc,phases   ] GC(446)   Evacuate Collection Set: 38.6ms
[2024-12-17T12:28:50.228+0700][gc,phases   ] GC(446)   Post Evacuate Collection Set: 3.9ms
[2024-12-17T12:28:50.228+0700][gc,phases   ] GC(446)   Other: 1.2ms
[2024-12-17T12:28:50.228+0700][gc,heap     ] GC(446) Eden regions: 44->0(48)
[2024-12-17T12:28:50.228+0700][gc,heap     ] GC(446) Survivor regions: 7->3(7)
[2024-12-17T12:28:50.228+0700][gc,heap     ] GC(446) Old regions: 465->469
[2024-12-17T12:28:50.228+0700][gc,heap     ] GC(446) Archive regions: 2->2
[2024-12-17T12:28:50.228+0700][gc,heap     ] GC(446) Humongous regions: 129->129
[2024-12-17T12:28:50.228+0700][gc,metaspace] GC(446) Metaspace: 45482K(46080K)->45482K(46080K) NonClass: 40257K(40576K)->40257K(40576K) Class: 5225K(5504K)->5225K(5504K)
[2024-12-17T12:28:50.228+0700][gc          ] GC(446) Pause Young (Normal) (G1 Evacuation Pause) 644M->601M(1024M) 46.984ms
[2024-12-17T12:28:50.228+0700][gc,cpu      ] GC(446) User=0.08s Sys=0.01s Real=0.05s
[2024-12-17T12:30:34.349+0700][gc,start    ] GC(447) Pause Young (Normal) (G1 Evacuation Pause)
[2024-12-17T12:30:34.349+0700][gc,task     ] GC(447) Using 2 workers of 2 for evacuation
[2024-12-17T12:30:34.385+0700][gc,mmu      ] GC(447) MMU target violated: 21.0ms (20.0ms/21.0ms)
[2024-12-17T12:30:34.385+0700][gc,phases   ] GC(447)   Pre Evacuate Collection Set: 3.8ms
[2024-12-17T12:30:34.385+0700][gc,phases   ] GC(447)   Merge Heap Roots: 0.6ms
[2024-12-17T12:30:34.385+0700][gc,phases   ] GC(447)   Evacuate Collection Set: 27.7ms
[2024-12-17T12:30:34.385+0700][gc,phases   ] GC(447)   Post Evacuate Collection Set: 2.5ms
[2024-12-17T12:30:34.385+0700][gc,phases   ] GC(447)   Other: 1.1ms
[2024-12-17T12:30:34.385+0700][gc,heap     ] GC(447) Eden regions: 48->0(45)
[2024-12-17T12:30:34.385+0700][gc,heap     ] GC(447) Survivor regions: 3->6(7)
[2024-12-17T12:30:34.385+0700][gc,heap     ] GC(447) Old regions: 469->469
[2024-12-17T12:30:34.385+0700][gc,heap     ] GC(447) Archive regions: 2->2
[2024-12-17T12:30:34.385+0700][gc,heap     ] GC(447) Humongous regions: 129->129
[2024-12-17T12:30:34.385+0700][gc,metaspace] GC(447) Metaspace: 45482K(46080K)->45482K(46080K) NonClass: 40257K(40576K)->40257K(40576K) Class: 5225K(5504K)->5225K(5504K)
[2024-12-17T12:30:34.385+0700][gc          ] GC(447) Pause Young (Normal) (G1 Evacuation Pause) 649M->604M(1024M) 35.932ms
[2024-12-17T12:30:34.385+0700][gc,cpu      ] GC(447) User=0.07s Sys=0.00s Real=0.04s
[2024-12-17T12:32:12.194+0700][gc,start    ] GC(448) Pause Young (Normal) (G1 Evacuation Pause)
[2024-12-17T12:32:12.194+0700][gc,task     ] GC(448) Using 2 workers of 2 for evacuation
[2024-12-17T12:32:12.262+0700][gc,mmu      ] GC(448) MMU target violated: 21.0ms (20.0ms/21.0ms)
[2024-12-17T12:32:12.262+0700][gc,phases   ] GC(448)   Pre Evacuate Collection Set: 2.6ms
[2024-12-17T12:32:12.262+0700][gc,phases   ] GC(448)   Merge Heap Roots: 0.6ms
[2024-12-17T12:32:12.262+0700][gc,phases   ] GC(448)   Evacuate Collection Set: 61.2ms
[2024-12-17T12:32:12.262+0700][gc,phases   ] GC(448)   Post Evacuate Collection Set: 3.1ms
[2024-12-17T12:32:12.262+0700][gc,phases   ] GC(448)   Other: 1.4ms
[2024-12-17T12:32:12.262+0700][gc,heap     ] GC(448) Eden regions: 45->0(46)
[2024-12-17T12:32:12.262+0700][gc,heap     ] GC(448) Survivor regions: 6->5(7)
[2024-12-17T12:32:12.262+0700][gc,heap     ] GC(448) Old regions: 469->473
[2024-12-17T12:32:12.262+0700][gc,heap     ] GC(448) Archive regions: 2->2
[2024-12-17T12:32:12.262+0700][gc,heap     ] GC(448) Humongous regions: 129->129
[2024-12-17T12:32:12.262+0700][gc,metaspace] GC(448) Metaspace: 45482K(46080K)->45482K(46080K) NonClass: 40257K(40576K)->40257K(40576K) Class: 5225K(5504K)->5225K(5504K)
[2024-12-17T12:32:12.262+0700][gc          ] GC(448) Pause Young (Normal) (G1 Evacuation Pause) 649M->607M(1024M) 68.793ms
[2024-12-17T12:32:12.263+0700][gc,cpu      ] GC(448) User=0.12s Sys=0.00s Real=0.07s
[2024-12-17T12:33:52.376+0700][gc,start    ] GC(449) Pause Young (Normal) (G1 Evacuation Pause)
[2024-12-17T12:33:52.376+0700][gc,task     ] GC(449) Using 2 workers of 2 for evacuation
[2024-12-17T12:33:52.423+0700][gc,mmu      ] GC(449) MMU target violated: 21.0ms (20.0ms/21.0ms)
[2024-12-17T12:33:52.423+0700][gc,phases   ] GC(449)   Pre Evacuate Collection Set: 4.5ms
[2024-12-17T12:33:52.423+0700][gc,phases   ] GC(449)   Merge Heap Roots: 0.7ms
[2024-12-17T12:33:52.423+0700][gc,phases   ] GC(449)   Evacuate Collection Set: 38.5ms
[2024-12-17T12:33:52.423+0700][gc,phases   ] GC(449)   Post Evacuate Collection Set: 2.7ms
[2024-12-17T12:33:52.423+0700][gc,phases   ] GC(449)   Other: 1.4ms
[2024-12-17T12:33:52.423+0700][gc,heap     ] GC(449) Eden regions: 46->0(48)
[2024-12-17T12:33:52.423+0700][gc,heap     ] GC(449) Survivor regions: 5->3(7)
[2024-12-17T12:33:52.423+0700][gc,heap     ] GC(449) Old regions: 473->476
[2024-12-17T12:33:52.424+0700][gc,heap     ] GC(449) Archive regions: 2->2
[2024-12-17T12:33:52.424+0700][gc,heap     ] GC(449) Humongous regions: 129->129
[2024-12-17T12:33:52.424+0700][gc,metaspace] GC(449) Metaspace: 45482K(46080K)->45482K(46080K) NonClass: 40257K(40576K)->40257K(40576K) Class: 5225K(5504K)->5225K(5504K)
[2024-12-17T12:33:52.424+0700][gc          ] GC(449) Pause Young (Normal) (G1 Evacuation Pause) 653M->608M(1024M) 47.834ms
[2024-12-17T12:33:52.424+0700][gc,cpu      ] GC(449) User=0.07s Sys=0.02s Real=0.05s
[2024-12-17T12:35:36.869+0700][gc,start    ] GC(450) Pause Young (Normal) (G1 Evacuation Pause)
[2024-12-17T12:35:36.870+0700][gc,task     ] GC(450) Using 2 workers of 2 for evacuation
[2024-12-17T12:35:36.920+0700][gc,mmu      ] GC(450) MMU target violated: 21.0ms (20.0ms/21.0ms)
[2024-12-17T12:35:36.920+0700][gc,phases   ] GC(450)   Pre Evacuate Collection Set: 4.2ms
[2024-12-17T12:35:36.921+0700][gc,phases   ] GC(450)   Merge Heap Roots: 1.0ms
[2024-12-17T12:35:36.921+0700][gc,phases   ] GC(450)   Evacuate Collection Set: 42.5ms
[2024-12-17T12:35:36.921+0700][gc,phases   ] GC(450)   Post Evacuate Collection Set: 2.5ms
[2024-12-17T12:35:36.921+0700][gc,phases   ] GC(450)   Other: 1.4ms
[2024-12-17T12:35:36.921+0700][gc,heap     ] GC(450) Eden regions: 48->0(44)
[2024-12-17T12:35:36.921+0700][gc,heap     ] GC(450) Survivor regions: 3->7(7)
[2024-12-17T12:35:36.921+0700][gc,heap     ] GC(450) Old regions: 476->476
[2024-12-17T12:35:36.921+0700][gc,heap     ] GC(450) Archive regions: 2->2
[2024-12-17T12:35:36.921+0700][gc,heap     ] GC(450) Humongous regions: 129->129
[2024-12-17T12:35:36.921+0700][gc,metaspace] GC(450) Metaspace: 45482K(46080K)->45482K(46080K) NonClass: 40257K(40576K)->40257K(40576K) Class: 5225K(5504K)->5225K(5504K)
[2024-12-17T12:35:36.921+0700][gc          ] GC(450) Pause Young (Normal) (G1 Evacuation Pause) 656M->611M(1024M) 51.661ms
[2024-12-17T12:35:36.921+0700][gc,cpu      ] GC(450) User=0.08s Sys=0.00s Real=0.05s
[2024-12-17T12:37:12.300+0700][gc,start    ] GC(451) Pause Young (Normal) (G1 Evacuation Pause)
[2024-12-17T12:37:12.300+0700][gc,task     ] GC(451) Using 2 workers of 2 for evacuation
[2024-12-17T12:37:12.353+0700][gc,mmu      ] GC(451) MMU target violated: 21.0ms (20.0ms/21.0ms)
[2024-12-17T12:37:12.353+0700][gc,phases   ] GC(451)   Pre Evacuate Collection Set: 4.1ms
[2024-12-17T12:37:12.353+0700][gc,phases   ] GC(451)   Merge Heap Roots: 0.6ms
[2024-12-17T12:37:12.353+0700][gc,phases   ] GC(451)   Evacuate Collection Set: 44.4ms
[2024-12-17T12:37:12.353+0700][gc,phases   ] GC(451)   Post Evacuate Collection Set: 3.1ms
[2024-12-17T12:37:12.353+0700][gc,phases   ] GC(451)   Other: 1.5ms
[2024-12-17T12:37:12.353+0700][gc,heap     ] GC(451) Eden regions: 44->0(48)
[2024-12-17T12:37:12.353+0700][gc,heap     ] GC(451) Survivor regions: 7->3(7)
[2024-12-17T12:37:12.353+0700][gc,heap     ] GC(451) Old regions: 476->480
[2024-12-17T12:37:12.353+0700][gc,heap     ] GC(451) Archive regions: 2->2
[2024-12-17T12:37:12.353+0700][gc,heap     ] GC(451) Humongous regions: 129->129
[2024-12-17T12:37:12.353+0700][gc,metaspace] GC(451) Metaspace: 45482K(46080K)->45482K(46080K) NonClass: 40257K(40576K)->40257K(40576K) Class: 5225K(5504K)->5225K(5504K)
[2024-12-17T12:37:12.353+0700][gc          ] GC(451) Pause Young (Normal) (G1 Evacuation Pause) 655M->612M(1024M) 53.595ms
[2024-12-17T12:37:12.353+0700][gc,cpu      ] GC(451) User=0.08s Sys=0.02s Real=0.05s
[2024-12-17T12:38:56.806+0700][gc,start    ] GC(452) Pause Young (Normal) (G1 Evacuation Pause)
[2024-12-17T12:38:56.806+0700][gc,task     ] GC(452) Using 2 workers of 2 for evacuation
[2024-12-17T12:38:56.852+0700][gc,mmu      ] GC(452) MMU target violated: 21.0ms (20.0ms/21.0ms)
[2024-12-17T12:38:56.852+0700][gc,phases   ] GC(452)   Pre Evacuate Collection Set: 3.5ms
[2024-12-17T12:38:56.852+0700][gc,phases   ] GC(452)   Merge Heap Roots: 0.7ms
[2024-12-17T12:38:56.852+0700][gc,phases   ] GC(452)   Evacuate Collection Set: 37.6ms
[2024-12-17T12:38:56.852+0700][gc,phases   ] GC(452)   Post Evacuate Collection Set: 3.4ms
[2024-12-17T12:38:56.852+0700][gc,phases   ] GC(452)   Other: 1.2ms
[2024-12-17T12:38:56.852+0700][gc,heap     ] GC(452) Eden regions: 48->0(45)
[2024-12-17T12:38:56.852+0700][gc,heap     ] GC(452) Survivor regions: 3->6(7)
[2024-12-17T12:38:56.852+0700][gc,heap     ] GC(452) Old regions: 480->480
[2024-12-17T12:38:56.852+0700][gc,heap     ] GC(452) Archive regions: 2->2
[2024-12-17T12:38:56.852+0700][gc,heap     ] GC(452) Humongous regions: 129->129
[2024-12-17T12:38:56.852+0700][gc,metaspace] GC(452) Metaspace: 45482K(46080K)->45482K(46080K) NonClass: 40257K(40576K)->40257K(40576K) Class: 5225K(5504K)->5225K(5504K)
[2024-12-17T12:38:56.852+0700][gc          ] GC(452) Pause Young (Normal) (G1 Evacuation Pause) 660M->615M(1024M) 46.589ms
[2024-12-17T12:38:56.852+0700][gc,cpu      ] GC(452) User=0.08s Sys=0.00s Real=0.04s
[2024-12-17T12:40:34.802+0700][gc,start    ] GC(453) Pause Young (Normal) (G1 Evacuation Pause)
[2024-12-17T12:40:34.802+0700][gc,task     ] GC(453) Using 2 workers of 2 for evacuation
[2024-12-17T12:40:34.868+0700][gc,mmu      ] GC(453) MMU target violated: 21.0ms (20.0ms/21.0ms)
[2024-12-17T12:40:34.869+0700][gc,phases   ] GC(453)   Pre Evacuate Collection Set: 2.6ms
[2024-12-17T12:40:34.869+0700][gc,phases   ] GC(453)   Merge Heap Roots: 0.5ms
[2024-12-17T12:40:34.869+0700][gc,phases   ] GC(453)   Evacuate Collection Set: 59.6ms
[2024-12-17T12:40:34.869+0700][gc,phases   ] GC(453)   Post Evacuate Collection Set: 3.0ms
[2024-12-17T12:40:34.869+0700][gc,phases   ] GC(453)   Other: 1.3ms
[2024-12-17T12:40:34.869+0700][gc,heap     ] GC(453) Eden regions: 45->0(46)
[2024-12-17T12:40:34.869+0700][gc,heap     ] GC(453) Survivor regions: 6->5(7)
[2024-12-17T12:40:34.869+0700][gc,heap     ] GC(453) Old regions: 480->484
[2024-12-17T12:40:34.869+0700][gc,heap     ] GC(453) Archive regions: 2->2
[2024-12-17T12:40:34.869+0700][gc,heap     ] GC(453) Humongous regions: 129->129
[2024-12-17T12:40:34.869+0700][gc,metaspace] GC(453) Metaspace: 45482K(46080K)->45482K(46080K) NonClass: 40257K(40576K)->40257K(40576K) Class: 5225K(5504K)->5225K(5504K)
[2024-12-17T12:40:34.869+0700][gc          ] GC(453) Pause Young (Normal) (G1 Evacuation Pause) 660M->618M(1024M) 67.146ms
[2024-12-17T12:40:34.869+0700][gc,cpu      ] GC(453) User=0.10s Sys=0.03s Real=0.07s
[2024-12-17T12:42:14.911+0700][gc,start    ] GC(454) Pause Young (Normal) (G1 Evacuation Pause)
[2024-12-17T12:42:14.911+0700][gc,task     ] GC(454) Using 2 workers of 2 for evacuation
[2024-12-17T12:42:14.961+0700][gc,mmu      ] GC(454) MMU target violated: 21.0ms (20.0ms/21.0ms)
[2024-12-17T12:42:14.961+0700][gc,phases   ] GC(454)   Pre Evacuate Collection Set: 4.5ms
[2024-12-17T12:42:14.961+0700][gc,phases   ] GC(454)   Merge Heap Roots: 0.7ms
[2024-12-17T12:42:14.961+0700][gc,phases   ] GC(454)   Evacuate Collection Set: 39.9ms
[2024-12-17T12:42:14.961+0700][gc,phases   ] GC(454)   Post Evacuate Collection Set: 4.1ms
[2024-12-17T12:42:14.961+0700][gc,phases   ] GC(454)   Other: 1.4ms
[2024-12-17T12:42:14.961+0700][gc,heap     ] GC(454) Eden regions: 46->0(47)
[2024-12-17T12:42:14.961+0700][gc,heap     ] GC(454) Survivor regions: 5->4(7)
[2024-12-17T12:42:14.961+0700][gc,heap     ] GC(454) Old regions: 484->487
[2024-12-17T12:42:14.961+0700][gc,heap     ] GC(454) Archive regions: 2->2
[2024-12-17T12:42:14.961+0700][gc,heap     ] GC(454) Humongous regions: 129->129
[2024-12-17T12:42:14.962+0700][gc,metaspace] GC(454) Metaspace: 45482K(46080K)->45482K(46080K) NonClass: 40257K(40576K)->40257K(40576K) Class: 5225K(5504K)->5225K(5504K)
[2024-12-17T12:42:14.962+0700][gc          ] GC(454) Pause Young (Normal) (G1 Evacuation Pause) 664M->619M(1024M) 50.498ms
[2024-12-17T12:42:14.962+0700][gc,cpu      ] GC(454) User=0.09s Sys=0.01s Real=0.05s
[2024-12-17T12:43:56.969+0700][gc,start    ] GC(455) Pause Young (Normal) (G1 Evacuation Pause)
[2024-12-17T12:43:56.969+0700][gc,task     ] GC(455) Using 2 workers of 2 for evacuation
[2024-12-17T12:43:57.043+0700][gc,mmu      ] GC(455) MMU target violated: 21.0ms (20.0ms/21.0ms)
[2024-12-17T12:43:57.043+0700][gc,phases   ] GC(455)   Pre Evacuate Collection Set: 3.7ms
[2024-12-17T12:43:57.043+0700][gc,phases   ] GC(455)   Merge Heap Roots: 1.2ms
[2024-12-17T12:43:57.043+0700][gc,phases   ] GC(455)   Evacuate Collection Set: 65.6ms
[2024-12-17T12:43:57.043+0700][gc,phases   ] GC(455)   Post Evacuate Collection Set: 2.7ms
[2024-12-17T12:43:57.043+0700][gc,phases   ] GC(455)   Other: 1.4ms
[2024-12-17T12:43:57.043+0700][gc,heap     ] GC(455) Eden regions: 47->0(44)
[2024-12-17T12:43:57.043+0700][gc,heap     ] GC(455) Survivor regions: 4->7(7)
[2024-12-17T12:43:57.043+0700][gc,heap     ] GC(455) Old regions: 487->487
[2024-12-17T12:43:57.043+0700][gc,heap     ] GC(455) Archive regions: 2->2
[2024-12-17T12:43:57.043+0700][gc,heap     ] GC(455) Humongous regions: 129->129
[2024-12-17T12:43:57.043+0700][gc,metaspace] GC(455) Metaspace: 45482K(46080K)->45482K(46080K) NonClass: 40257K(40576K)->40257K(40576K) Class: 5225K(5504K)->5225K(5504K)
[2024-12-17T12:43:57.044+0700][gc          ] GC(455) Pause Young (Normal) (G1 Evacuation Pause) 666M->622M(1024M) 74.697ms
[2024-12-17T12:43:57.044+0700][gc,cpu      ] GC(455) User=0.14s Sys=0.00s Real=0.07s
[2024-12-17T12:45:32.870+0700][gc,start    ] GC(456) Pause Young (Normal) (G1 Evacuation Pause)
[2024-12-17T12:45:32.870+0700][gc,task     ] GC(456) Using 2 workers of 2 for evacuation
[2024-12-17T12:45:32.921+0700][gc,mmu      ] GC(456) MMU target violated: 21.0ms (20.0ms/21.0ms)
[2024-12-17T12:45:32.922+0700][gc,phases   ] GC(456)   Pre Evacuate Collection Set: 2.7ms
[2024-12-17T12:45:32.922+0700][gc,phases   ] GC(456)   Merge Heap Roots: 0.9ms
[2024-12-17T12:45:32.922+0700][gc,phases   ] GC(456)   Evacuate Collection Set: 44.1ms
[2024-12-17T12:45:32.922+0700][gc,phases   ] GC(456)   Post Evacuate Collection Set: 3.3ms
[2024-12-17T12:45:32.922+0700][gc,phases   ] GC(456)   Other: 1.3ms
[2024-12-17T12:45:32.922+0700][gc,heap     ] GC(456) Eden regions: 44->0(48)
[2024-12-17T12:45:32.922+0700][gc,heap     ] GC(456) Survivor regions: 7->3(7)
[2024-12-17T12:45:32.922+0700][gc,heap     ] GC(456) Old regions: 487->491
[2024-12-17T12:45:32.922+0700][gc,heap     ] GC(456) Archive regions: 2->2
[2024-12-17T12:45:32.922+0700][gc,heap     ] GC(456) Humongous regions: 129->129
[2024-12-17T12:45:32.922+0700][gc,metaspace] GC(456) Metaspace: 45482K(46080K)->45482K(46080K) NonClass: 40257K(40576K)->40257K(40576K) Class: 5225K(5504K)->5225K(5504K)
[2024-12-17T12:45:32.922+0700][gc          ] GC(456) Pause Young (Normal) (G1 Evacuation Pause) 666M->623M(1024M) 52.443ms
[2024-12-17T12:45:32.922+0700][gc,cpu      ] GC(456) User=0.09s Sys=0.01s Real=0.05s
[2024-12-17T12:47:17.758+0700][gc,start    ] GC(457) Pause Young (Normal) (G1 Evacuation Pause)
[2024-12-17T12:47:17.758+0700][gc,task     ] GC(457) Using 2 workers of 2 for evacuation
[2024-12-17T12:47:17.804+0700][gc,mmu      ] GC(457) MMU target violated: 21.0ms (20.0ms/21.0ms)
[2024-12-17T12:47:17.804+0700][gc,phases   ] GC(457)   Pre Evacuate Collection Set: 3.2ms
[2024-12-17T12:47:17.804+0700][gc,phases   ] GC(457)   Merge Heap Roots: 1.2ms
[2024-12-17T12:47:17.804+0700][gc,phases   ] GC(457)   Evacuate Collection Set: 37.9ms
[2024-12-17T12:47:17.804+0700][gc,phases   ] GC(457)   Post Evacuate Collection Set: 3.2ms
[2024-12-17T12:47:17.804+0700][gc,phases   ] GC(457)   Other: 1.3ms
[2024-12-17T12:47:17.804+0700][gc,heap     ] GC(457) Eden regions: 48->0(45)
[2024-12-17T12:47:17.804+0700][gc,heap     ] GC(457) Survivor regions: 3->6(7)
[2024-12-17T12:47:17.804+0700][gc,heap     ] GC(457) Old regions: 491->491
[2024-12-17T12:47:17.804+0700][gc,heap     ] GC(457) Archive regions: 2->2
[2024-12-17T12:47:17.804+0700][gc,heap     ] GC(457) Humongous regions: 129->129
[2024-12-17T12:47:17.804+0700][gc,metaspace] GC(457) Metaspace: 45482K(46080K)->45482K(46080K) NonClass: 40257K(40576K)->40257K(40576K) Class: 5225K(5504K)->5225K(5504K)
[2024-12-17T12:47:17.805+0700][gc          ] GC(457) Pause Young (Normal) (G1 Evacuation Pause) 671M->626M(1024M) 46.737ms
[2024-12-17T12:47:17.805+0700][gc,cpu      ] GC(457) User=0.08s Sys=0.00s Real=0.05s
[2024-12-17T12:48:55.234+0700][gc,start    ] GC(458) Pause Young (Normal) (G1 Evacuation Pause)
[2024-12-17T12:48:55.235+0700][gc,task     ] GC(458) Using 2 workers of 2 for evacuation
[2024-12-17T12:48:55.317+0700][gc,mmu      ] GC(458) MMU target violated: 21.0ms (20.0ms/21.0ms)
[2024-12-17T12:48:55.317+0700][gc,phases   ] GC(458)   Pre Evacuate Collection Set: 3.6ms
[2024-12-17T12:48:55.317+0700][gc,phases   ] GC(458)   Merge Heap Roots: 0.9ms
[2024-12-17T12:48:55.317+0700][gc,phases   ] GC(458)   Evacuate Collection Set: 75.2ms
[2024-12-17T12:48:55.317+0700][gc,phases   ] GC(458)   Post Evacuate Collection Set: 2.3ms
[2024-12-17T12:48:55.317+0700][gc,phases   ] GC(458)   Other: 1.4ms
[2024-12-17T12:48:55.317+0700][gc,heap     ] GC(458) Eden regions: 45->0(46)
[2024-12-17T12:48:55.318+0700][gc,heap     ] GC(458) Survivor regions: 6->5(7)
[2024-12-17T12:48:55.318+0700][gc,heap     ] GC(458) Old regions: 491->495
[2024-12-17T12:48:55.318+0700][gc,heap     ] GC(458) Archive regions: 2->2
[2024-12-17T12:48:55.318+0700][gc,heap     ] GC(458) Humongous regions: 129->129
[2024-12-17T12:48:55.318+0700][gc,metaspace] GC(458) Metaspace: 45482K(46080K)->45482K(46080K) NonClass: 40257K(40576K)->40257K(40576K) Class: 5225K(5504K)->5225K(5504K)
[2024-12-17T12:48:55.318+0700][gc          ] GC(458) Pause Young (Normal) (G1 Evacuation Pause) 671M->629M(1024M) 83.321ms
[2024-12-17T12:48:55.318+0700][gc,cpu      ] GC(458) User=0.15s Sys=0.01s Real=0.09s
[2024-12-17T12:50:35.322+0700][gc,start    ] GC(459) Pause Young (Normal) (G1 Evacuation Pause)
[2024-12-17T12:50:35.322+0700][gc,task     ] GC(459) Using 2 workers of 2 for evacuation
[2024-12-17T12:50:35.362+0700][gc,mmu      ] GC(459) MMU target violated: 21.0ms (20.0ms/21.0ms)
[2024-12-17T12:50:35.362+0700][gc,phases   ] GC(459)   Pre Evacuate Collection Set: 2.7ms
[2024-12-17T12:50:35.362+0700][gc,phases   ] GC(459)   Merge Heap Roots: 1.0ms
[2024-12-17T12:50:35.362+0700][gc,phases   ] GC(459)   Evacuate Collection Set: 33.7ms
[2024-12-17T12:50:35.362+0700][gc,phases   ] GC(459)   Post Evacuate Collection Set: 2.2ms
[2024-12-17T12:50:35.362+0700][gc,phases   ] GC(459)   Other: 1.1ms
[2024-12-17T12:50:35.362+0700][gc,heap     ] GC(459) Eden regions: 46->0(48)
[2024-12-17T12:50:35.362+0700][gc,heap     ] GC(459) Survivor regions: 5->3(7)
[2024-12-17T12:50:35.362+0700][gc,heap     ] GC(459) Old regions: 495->498
[2024-12-17T12:50:35.362+0700][gc,heap     ] GC(459) Archive regions: 2->2
[2024-12-17T12:50:35.362+0700][gc,heap     ] GC(459) Humongous regions: 129->129
[2024-12-17T12:50:35.362+0700][gc,metaspace] GC(459) Metaspace: 45482K(46080K)->45482K(46080K) NonClass: 40257K(40576K)->40257K(40576K) Class: 5225K(5504K)->5225K(5504K)
[2024-12-17T12:50:35.362+0700][gc          ] GC(459) Pause Young (Normal) (G1 Evacuation Pause) 675M->630M(1024M) 40.532ms
[2024-12-17T12:50:35.362+0700][gc,cpu      ] GC(459) User=0.08s Sys=0.00s Real=0.04s
[2024-12-17T12:52:19.917+0700][gc,start    ] GC(460) Pause Young (Normal) (G1 Evacuation Pause)
[2024-12-17T12:52:19.917+0700][gc,task     ] GC(460) Using 2 workers of 2 for evacuation
[2024-12-17T12:52:19.973+0700][gc,mmu      ] GC(460) MMU target violated: 21.0ms (20.0ms/21.0ms)
[2024-12-17T12:52:19.974+0700][gc,phases   ] GC(460)   Pre Evacuate Collection Set: 4.0ms
[2024-12-17T12:52:19.974+0700][gc,phases   ] GC(460)   Merge Heap Roots: 1.4ms
[2024-12-17T12:52:19.974+0700][gc,phases   ] GC(460)   Evacuate Collection Set: 47.1ms
[2024-12-17T12:52:19.974+0700][gc,phases   ] GC(460)   Post Evacuate Collection Set: 3.2ms
[2024-12-17T12:52:19.974+0700][gc,phases   ] GC(460)   Other: 1.6ms
[2024-12-17T12:52:19.974+0700][gc,heap     ] GC(460) Eden regions: 48->0(44)
[2024-12-17T12:52:19.974+0700][gc,heap     ] GC(460) Survivor regions: 3->7(7)
[2024-12-17T12:52:19.974+0700][gc,heap     ] GC(460) Old regions: 498->498
[2024-12-17T12:52:19.974+0700][gc,heap     ] GC(460) Archive regions: 2->2
[2024-12-17T12:52:19.974+0700][gc,heap     ] GC(460) Humongous regions: 129->129
[2024-12-17T12:52:19.974+0700][gc,metaspace] GC(460) Metaspace: 45482K(46080K)->45482K(46080K) NonClass: 40257K(40576K)->40257K(40576K) Class: 5225K(5504K)->5225K(5504K)
[2024-12-17T12:52:19.974+0700][gc          ] GC(460) Pause Young (Normal) (G1 Evacuation Pause) 678M->633M(1024M) 57.298ms
[2024-12-17T12:52:19.974+0700][gc,cpu      ] GC(460) User=0.11s Sys=0.00s Real=0.05s
[2024-12-17T12:53:55.240+0700][gc,start    ] GC(461) Pause Young (Normal) (G1 Evacuation Pause)
[2024-12-17T12:53:55.240+0700][gc,task     ] GC(461) Using 2 workers of 2 for evacuation
[2024-12-17T12:53:55.291+0700][gc,mmu      ] GC(461) MMU target violated: 21.0ms (20.0ms/21.0ms)
[2024-12-17T12:53:55.291+0700][gc,phases   ] GC(461)   Pre Evacuate Collection Set: 4.0ms
[2024-12-17T12:53:55.291+0700][gc,phases   ] GC(461)   Merge Heap Roots: 0.8ms
[2024-12-17T12:53:55.291+0700][gc,phases   ] GC(461)   Evacuate Collection Set: 43.6ms
[2024-12-17T12:53:55.291+0700][gc,phases   ] GC(461)   Post Evacuate Collection Set: 2.1ms
[2024-12-17T12:53:55.291+0700][gc,phases   ] GC(461)   Other: 1.4ms
[2024-12-17T12:53:55.291+0700][gc,heap     ] GC(461) Eden regions: 44->0(48)
[2024-12-17T12:53:55.291+0700][gc,heap     ] GC(461) Survivor regions: 7->3(7)
[2024-12-17T12:53:55.291+0700][gc,heap     ] GC(461) Old regions: 498->502
[2024-12-17T12:53:55.291+0700][gc,heap     ] GC(461) Archive regions: 2->2
[2024-12-17T12:53:55.291+0700][gc,heap     ] GC(461) Humongous regions: 129->129
[2024-12-17T12:53:55.291+0700][gc,metaspace] GC(461) Metaspace: 45482K(46080K)->45482K(46080K) NonClass: 40257K(40576K)->40257K(40576K) Class: 5225K(5504K)->5225K(5504K)
[2024-12-17T12:53:55.291+0700][gc          ] GC(461) Pause Young (Normal) (G1 Evacuation Pause) 677M->634M(1024M) 51.873ms
[2024-12-17T12:53:55.292+0700][gc,cpu      ] GC(461) User=0.10s Sys=0.01s Real=0.05s
[2024-12-17T12:55:39.699+0700][gc,start    ] GC(462) Pause Young (Normal) (G1 Evacuation Pause)
[2024-12-17T12:55:39.699+0700][gc,task     ] GC(462) Using 2 workers of 2 for evacuation
[2024-12-17T12:55:39.744+0700][gc,mmu      ] GC(462) MMU target violated: 21.0ms (20.0ms/21.0ms)
[2024-12-17T12:55:39.745+0700][gc,phases   ] GC(462)   Pre Evacuate Collection Set: 3.8ms
[2024-12-17T12:55:39.745+0700][gc,phases   ] GC(462)   Merge Heap Roots: 0.9ms
[2024-12-17T12:55:39.745+0700][gc,phases   ] GC(462)   Evacuate Collection Set: 37.1ms
[2024-12-17T12:55:39.745+0700][gc,phases   ] GC(462)   Post Evacuate Collection Set: 2.8ms
[2024-12-17T12:55:39.745+0700][gc,phases   ] GC(462)   Other: 1.6ms
[2024-12-17T12:55:39.745+0700][gc,heap     ] GC(462) Eden regions: 48->0(45)
[2024-12-17T12:55:39.745+0700][gc,heap     ] GC(462) Survivor regions: 3->6(7)
[2024-12-17T12:55:39.745+0700][gc,heap     ] GC(462) Old regions: 502->502
[2024-12-17T12:55:39.745+0700][gc,heap     ] GC(462) Archive regions: 2->2
[2024-12-17T12:55:39.745+0700][gc,heap     ] GC(462) Humongous regions: 129->129
[2024-12-17T12:55:39.745+0700][gc,metaspace] GC(462) Metaspace: 45482K(46080K)->45482K(46080K) NonClass: 40257K(40576K)->40257K(40576K) Class: 5225K(5504K)->5225K(5504K)
[2024-12-17T12:55:39.745+0700][gc          ] GC(462) Pause Young (Normal) (G1 Evacuation Pause) 682M->637M(1024M) 46.182ms
[2024-12-17T12:55:39.745+0700][gc,cpu      ] GC(462) User=0.08s Sys=0.00s Real=0.05s
[2024-12-17T12:57:18.139+0700][gc,start    ] GC(463) Pause Young (Normal) (G1 Evacuation Pause)
[2024-12-17T12:57:18.139+0700][gc,task     ] GC(463) Using 2 workers of 2 for evacuation
[2024-12-17T12:57:18.202+0700][gc,mmu      ] GC(463) MMU target violated: 21.0ms (20.0ms/21.0ms)
[2024-12-17T12:57:18.202+0700][gc,phases   ] GC(463)   Pre Evacuate Collection Set: 3.0ms
[2024-12-17T12:57:18.202+0700][gc,phases   ] GC(463)   Merge Heap Roots: 0.5ms
[2024-12-17T12:57:18.203+0700][gc,phases   ] GC(463)   Evacuate Collection Set: 55.9ms
[2024-12-17T12:57:18.203+0700][gc,phases   ] GC(463)   Post Evacuate Collection Set: 3.1ms
[2024-12-17T12:57:18.203+0700][gc,phases   ] GC(463)   Other: 1.7ms
[2024-12-17T12:57:18.203+0700][gc,heap     ] GC(463) Eden regions: 45->0(46)
[2024-12-17T12:57:18.203+0700][gc,heap     ] GC(463) Survivor regions: 6->5(7)
[2024-12-17T12:57:18.203+0700][gc,heap     ] GC(463) Old regions: 502->506
[2024-12-17T12:57:18.203+0700][gc,heap     ] GC(463) Archive regions: 2->2
[2024-12-17T12:57:18.203+0700][gc,heap     ] GC(463) Humongous regions: 129->129
[2024-12-17T12:57:18.203+0700][gc,metaspace] GC(463) Metaspace: 45482K(46080K)->45482K(46080K) NonClass: 40257K(40576K)->40257K(40576K) Class: 5225K(5504K)->5225K(5504K)
[2024-12-17T12:57:18.203+0700][gc          ] GC(463) Pause Young (Normal) (G1 Evacuation Pause) 682M->640M(1024M) 64.323ms
[2024-12-17T12:57:18.203+0700][gc,cpu      ] GC(463) User=0.12s Sys=0.00s Real=0.06s
[2024-12-17T12:58:57.158+0700][gc,start    ] GC(464) Pause Young (Normal) (G1 Evacuation Pause)
[2024-12-17T12:58:57.158+0700][gc,task     ] GC(464) Using 2 workers of 2 for evacuation
[2024-12-17T12:58:57.210+0700][gc,mmu      ] GC(464) MMU target violated: 21.0ms (20.0ms/21.0ms)
[2024-12-17T12:58:57.210+0700][gc,phases   ] GC(464)   Pre Evacuate Collection Set: 3.6ms
[2024-12-17T12:58:57.210+0700][gc,phases   ] GC(464)   Merge Heap Roots: 1.3ms
[2024-12-17T12:58:57.210+0700][gc,phases   ] GC(464)   Evacuate Collection Set: 42.0ms
[2024-12-17T12:58:57.210+0700][gc,phases   ] GC(464)   Post Evacuate Collection Set: 4.1ms
[2024-12-17T12:58:57.210+0700][gc,phases   ] GC(464)   Other: 1.7ms
[2024-12-17T12:58:57.210+0700][gc,heap     ] GC(464) Eden regions: 46->0(48)
[2024-12-17T12:58:57.210+0700][gc,heap     ] GC(464) Survivor regions: 5->3(7)
[2024-12-17T12:58:57.210+0700][gc,heap     ] GC(464) Old regions: 506->509
[2024-12-17T12:58:57.210+0700][gc,heap     ] GC(464) Archive regions: 2->2
[2024-12-17T12:58:57.210+0700][gc,heap     ] GC(464) Humongous regions: 129->129
[2024-12-17T12:58:57.210+0700][gc,metaspace] GC(464) Metaspace: 45482K(46080K)->45482K(46080K) NonClass: 40257K(40576K)->40257K(40576K) Class: 5225K(5504K)->5225K(5504K)
[2024-12-17T12:58:57.211+0700][gc          ] GC(464) Pause Young (Normal) (G1 Evacuation Pause) 686M->641M(1024M) 52.741ms
[2024-12-17T12:58:57.211+0700][gc,cpu      ] GC(464) User=0.10s Sys=0.01s Real=0.05s
[2024-12-17T13:00:41.172+0700][gc,start    ] GC(465) Pause Young (Normal) (G1 Evacuation Pause)
[2024-12-17T13:00:41.172+0700][gc,task     ] GC(465) Using 2 workers of 2 for evacuation
[2024-12-17T13:00:41.224+0700][gc,mmu      ] GC(465) MMU target violated: 21.0ms (20.0ms/21.0ms)
[2024-12-17T13:00:41.224+0700][gc,phases   ] GC(465)   Pre Evacuate Collection Set: 2.8ms
[2024-12-17T13:00:41.224+0700][gc,phases   ] GC(465)   Merge Heap Roots: 1.7ms
[2024-12-17T13:00:41.224+0700][gc,phases   ] GC(465)   Evacuate Collection Set: 44.7ms
[2024-12-17T13:00:41.224+0700][gc,phases   ] GC(465)   Post Evacuate Collection Set: 2.6ms
[2024-12-17T13:00:41.225+0700][gc,phases   ] GC(465)   Other: 1.2ms
[2024-12-17T13:00:41.225+0700][gc,heap     ] GC(465) Eden regions: 48->0(44)
[2024-12-17T13:00:41.225+0700][gc,heap     ] GC(465) Survivor regions: 3->7(7)
[2024-12-17T13:00:41.225+0700][gc,heap     ] GC(465) Old regions: 509->509
[2024-12-17T13:00:41.225+0700][gc,heap     ] GC(465) Archive regions: 2->2
[2024-12-17T13:00:41.225+0700][gc,heap     ] GC(465) Humongous regions: 129->129
[2024-12-17T13:00:41.225+0700][gc,metaspace] GC(465) Metaspace: 45482K(46080K)->45482K(46080K) NonClass: 40257K(40576K)->40257K(40576K) Class: 5225K(5504K)->5225K(5504K)
[2024-12-17T13:00:41.225+0700][gc          ] GC(465) Pause Young (Normal) (G1 Evacuation Pause) 689M->644M(1024M) 53.128ms
[2024-12-17T13:00:41.225+0700][gc,cpu      ] GC(465) User=0.10s Sys=0.00s Real=0.06s
[2024-12-17T13:02:17.043+0700][gc,start    ] GC(466) Pause Young (Normal) (G1 Evacuation Pause)
[2024-12-17T13:02:17.043+0700][gc,task     ] GC(466) Using 2 workers of 2 for evacuation
[2024-12-17T13:02:17.116+0700][gc,mmu      ] GC(466) MMU target violated: 21.0ms (20.0ms/21.0ms)
[2024-12-17T13:02:17.116+0700][gc,phases   ] GC(466)   Pre Evacuate Collection Set: 3.5ms
[2024-12-17T13:02:17.116+0700][gc,phases   ] GC(466)   Merge Heap Roots: 0.7ms
[2024-12-17T13:02:17.116+0700][gc,phases   ] GC(466)   Evacuate Collection Set: 64.8ms
[2024-12-17T13:02:17.116+0700][gc,phases   ] GC(466)   Post Evacuate Collection Set: 3.5ms
[2024-12-17T13:02:17.116+0700][gc,phases   ] GC(466)   Other: 1.5ms
[2024-12-17T13:02:17.116+0700][gc,heap     ] GC(466) Eden regions: 44->0(45)
[2024-12-17T13:02:17.116+0700][gc,heap     ] GC(466) Survivor regions: 7->6(7)
[2024-12-17T13:02:17.116+0700][gc,heap     ] GC(466) Old regions: 509->513
[2024-12-17T13:02:17.116+0700][gc,heap     ] GC(466) Archive regions: 2->2
[2024-12-17T13:02:17.116+0700][gc,heap     ] GC(466) Humongous regions: 129->129
[2024-12-17T13:02:17.116+0700][gc,metaspace] GC(466) Metaspace: 45482K(46080K)->45482K(46080K) NonClass: 40257K(40576K)->40257K(40576K) Class: 5225K(5504K)->5225K(5504K)
[2024-12-17T13:02:17.117+0700][gc          ] GC(466) Pause Young (Normal) (G1 Evacuation Pause) 688M->648M(1024M) 74.041ms
[2024-12-17T13:02:17.117+0700][gc,cpu      ] GC(466) User=0.11s Sys=0.03s Real=0.08s
[2024-12-17T13:03:54.535+0700][gc,start    ] GC(467) Pause Young (Normal) (G1 Evacuation Pause)
[2024-12-17T13:03:54.536+0700][gc,task     ] GC(467) Using 2 workers of 2 for evacuation
[2024-12-17T13:03:54.582+0700][gc,mmu      ] GC(467) MMU target violated: 21.0ms (20.0ms/21.0ms)
[2024-12-17T13:03:54.582+0700][gc,phases   ] GC(467)   Pre Evacuate Collection Set: 5.3ms
[2024-12-17T13:03:54.582+0700][gc,phases   ] GC(467)   Merge Heap Roots: 1.3ms
[2024-12-17T13:03:54.582+0700][gc,phases   ] GC(467)   Evacuate Collection Set: 35.5ms
[2024-12-17T13:03:54.582+0700][gc,phases   ] GC(467)   Post Evacuate Collection Set: 3.3ms
[2024-12-17T13:03:54.582+0700][gc,phases   ] GC(467)   Other: 1.4ms
[2024-12-17T13:03:54.582+0700][gc,heap     ] GC(467) Eden regions: 45->0(47)
[2024-12-17T13:03:54.582+0700][gc,heap     ] GC(467) Survivor regions: 6->4(7)
[2024-12-17T13:03:54.582+0700][gc,heap     ] GC(467) Old regions: 513->516
[2024-12-17T13:03:54.582+0700][gc,heap     ] GC(467) Archive regions: 2->2
[2024-12-17T13:03:54.582+0700][gc,heap     ] GC(467) Humongous regions: 129->129
[2024-12-17T13:03:54.582+0700][gc,metaspace] GC(467) Metaspace: 45482K(46080K)->45482K(46080K) NonClass: 40257K(40576K)->40257K(40576K) Class: 5225K(5504K)->5225K(5504K)
[2024-12-17T13:03:54.582+0700][gc          ] GC(467) Pause Young (Normal) (G1 Evacuation Pause) 693M->649M(1024M) 46.742ms
[2024-12-17T13:03:54.582+0700][gc,cpu      ] GC(467) User=0.08s Sys=0.00s Real=0.05s
[2024-12-17T13:05:36.976+0700][gc,start    ] GC(468) Pause Young (Normal) (G1 Evacuation Pause)
[2024-12-17T13:05:36.976+0700][gc,task     ] GC(468) Using 2 workers of 2 for evacuation
[2024-12-17T13:05:37.029+0700][gc,mmu      ] GC(468) MMU target violated: 21.0ms (20.0ms/21.0ms)
[2024-12-17T13:05:37.029+0700][gc,phases   ] GC(468)   Pre Evacuate Collection Set: 2.5ms
[2024-12-17T13:05:37.029+0700][gc,phases   ] GC(468)   Merge Heap Roots: 1.0ms
[2024-12-17T13:05:37.029+0700][gc,phases   ] GC(468)   Evacuate Collection Set: 44.9ms
[2024-12-17T13:05:37.029+0700][gc,phases   ] GC(468)   Post Evacuate Collection Set: 3.7ms
[2024-12-17T13:05:37.029+0700][gc,phases   ] GC(468)   Other: 1.4ms
[2024-12-17T13:05:37.029+0700][gc,heap     ] GC(468) Eden regions: 47->0(44)
[2024-12-17T13:05:37.029+0700][gc,heap     ] GC(468) Survivor regions: 4->7(7)
[2024-12-17T13:05:37.029+0700][gc,heap     ] GC(468) Old regions: 516->516
[2024-12-17T13:05:37.029+0700][gc,heap     ] GC(468) Archive regions: 2->2
[2024-12-17T13:05:37.029+0700][gc,heap     ] GC(468) Humongous regions: 129->129
[2024-12-17T13:05:37.029+0700][gc,metaspace] GC(468) Metaspace: 45482K(46080K)->45482K(46080K) NonClass: 40257K(40576K)->40257K(40576K) Class: 5225K(5504K)->5225K(5504K)
[2024-12-17T13:05:37.029+0700][gc          ] GC(468) Pause Young (Normal) (G1 Evacuation Pause) 696M->651M(1024M) 53.435ms
[2024-12-17T13:05:37.029+0700][gc,cpu      ] GC(468) User=0.10s Sys=0.00s Real=0.06s
[2024-12-17T13:07:11.924+0700][gc,start    ] GC(469) Pause Young (Normal) (G1 Evacuation Pause)
[2024-12-17T13:07:11.925+0700][gc,task     ] GC(469) Using 2 workers of 2 for evacuation
[2024-12-17T13:07:11.974+0700][gc,mmu      ] GC(469) MMU target violated: 21.0ms (20.0ms/21.0ms)
[2024-12-17T13:07:11.974+0700][gc,phases   ] GC(469)   Pre Evacuate Collection Set: 4.5ms
[2024-12-17T13:07:11.974+0700][gc,phases   ] GC(469)   Merge Heap Roots: 0.9ms
[2024-12-17T13:07:11.974+0700][gc,phases   ] GC(469)   Evacuate Collection Set: 41.1ms
[2024-12-17T13:07:11.974+0700][gc,phases   ] GC(469)   Post Evacuate Collection Set: 2.5ms
[2024-12-17T13:07:11.974+0700][gc,phases   ] GC(469)   Other: 1.1ms
[2024-12-17T13:07:11.974+0700][gc,heap     ] GC(469) Eden regions: 44->0(48)
[2024-12-17T13:07:11.974+0700][gc,heap     ] GC(469) Survivor regions: 7->3(7)
[2024-12-17T13:07:11.974+0700][gc,heap     ] GC(469) Old regions: 516->520
[2024-12-17T13:07:11.975+0700][gc,heap     ] GC(469) Archive regions: 2->2
[2024-12-17T13:07:11.975+0700][gc,heap     ] GC(469) Humongous regions: 129->129
[2024-12-17T13:07:11.975+0700][gc,metaspace] GC(469) Metaspace: 45482K(46080K)->45482K(46080K) NonClass: 40257K(40576K)->40257K(40576K) Class: 5225K(5504K)->5225K(5504K)
[2024-12-17T13:07:11.975+0700][gc          ] GC(469) Pause Young (Normal) (G1 Evacuation Pause) 695M->652M(1024M) 50.218ms
[2024-12-17T13:07:11.975+0700][gc,cpu      ] GC(469) User=0.08s Sys=0.01s Real=0.04s
[2024-12-17T13:08:56.483+0700][gc,start    ] GC(470) Pause Young (Normal) (G1 Evacuation Pause)
[2024-12-17T13:08:56.483+0700][gc,task     ] GC(470) Using 2 workers of 2 for evacuation
[2024-12-17T13:08:56.526+0700][gc,mmu      ] GC(470) MMU target violated: 21.0ms (20.0ms/21.0ms)
[2024-12-17T13:08:56.526+0700][gc,phases   ] GC(470)   Pre Evacuate Collection Set: 2.7ms
[2024-12-17T13:08:56.526+0700][gc,phases   ] GC(470)   Merge Heap Roots: 0.6ms
[2024-12-17T13:08:56.526+0700][gc,phases   ] GC(470)   Evacuate Collection Set: 35.6ms
[2024-12-17T13:08:56.526+0700][gc,phases   ] GC(470)   Post Evacuate Collection Set: 2.9ms
[2024-12-17T13:08:56.526+0700][gc,phases   ] GC(470)   Other: 1.4ms
[2024-12-17T13:08:56.526+0700][gc,heap     ] GC(470) Eden regions: 48->0(45)
[2024-12-17T13:08:56.526+0700][gc,heap     ] GC(470) Survivor regions: 3->6(7)
[2024-12-17T13:08:56.526+0700][gc,heap     ] GC(470) Old regions: 520->520
[2024-12-17T13:08:56.526+0700][gc,heap     ] GC(470) Archive regions: 2->2
[2024-12-17T13:08:56.526+0700][gc,heap     ] GC(470) Humongous regions: 129->129
[2024-12-17T13:08:56.526+0700][gc,metaspace] GC(470) Metaspace: 45482K(46080K)->45482K(46080K) NonClass: 40257K(40576K)->40257K(40576K) Class: 5225K(5504K)->5225K(5504K)
[2024-12-17T13:08:56.526+0700][gc          ] GC(470) Pause Young (Normal) (G1 Evacuation Pause) 700M->655M(1024M) 43.187ms
[2024-12-17T13:08:56.526+0700][gc,cpu      ] GC(470) User=0.08s Sys=0.00s Real=0.05s
[2024-12-17T13:10:30.435+0700][gc,start    ] GC(471) Pause Young (Normal) (G1 Evacuation Pause)
[2024-12-17T13:10:30.436+0700][gc,task     ] GC(471) Using 2 workers of 2 for evacuation
[2024-12-17T13:10:30.502+0700][gc,mmu      ] GC(471) MMU target violated: 21.0ms (20.0ms/21.0ms)
[2024-12-17T13:10:30.502+0700][gc,phases   ] GC(471)   Pre Evacuate Collection Set: 2.7ms
[2024-12-17T13:10:30.502+0700][gc,phases   ] GC(471)   Merge Heap Roots: 0.8ms
[2024-12-17T13:10:30.502+0700][gc,phases   ] GC(471)   Evacuate Collection Set: 59.6ms
[2024-12-17T13:10:30.502+0700][gc,phases   ] GC(471)   Post Evacuate Collection Set: 2.5ms
[2024-12-17T13:10:30.502+0700][gc,phases   ] GC(471)   Other: 1.4ms
[2024-12-17T13:10:30.502+0700][gc,heap     ] GC(471) Eden regions: 45->0(44)
[2024-12-17T13:10:30.502+0700][gc,heap     ] GC(471) Survivor regions: 6->7(7)
[2024-12-17T13:10:30.502+0700][gc,heap     ] GC(471) Old regions: 520->524
[2024-12-17T13:10:30.502+0700][gc,heap     ] GC(471) Archive regions: 2->2
[2024-12-17T13:10:30.502+0700][gc,heap     ] GC(471) Humongous regions: 129->129
[2024-12-17T13:10:30.502+0700][gc,metaspace] GC(471) Metaspace: 45482K(46080K)->45482K(46080K) NonClass: 40257K(40576K)->40257K(40576K) Class: 5225K(5504K)->5225K(5504K)
[2024-12-17T13:10:30.502+0700][gc          ] GC(471) Pause Young (Normal) (G1 Evacuation Pause) 700M->660M(1024M) 66.889ms
[2024-12-17T13:10:30.502+0700][gc,cpu      ] GC(471) User=0.13s Sys=0.01s Real=0.07s
[2024-12-17T13:11:59.712+0700][gc,start    ] GC(472) Pause Young (Normal) (G1 Evacuation Pause)
[2024-12-17T13:11:59.712+0700][gc,task     ] GC(472) Using 2 workers of 2 for evacuation
[2024-12-17T13:11:59.766+0700][gc,mmu      ] GC(472) MMU target violated: 21.0ms (20.0ms/21.0ms)
[2024-12-17T13:11:59.766+0700][gc,phases   ] GC(472)   Pre Evacuate Collection Set: 2.6ms
[2024-12-17T13:11:59.766+0700][gc,phases   ] GC(472)   Merge Heap Roots: 1.0ms
[2024-12-17T13:11:59.766+0700][gc,phases   ] GC(472)   Evacuate Collection Set: 45.5ms
[2024-12-17T13:11:59.766+0700][gc,phases   ] GC(472)   Post Evacuate Collection Set: 3.6ms
[2024-12-17T13:11:59.766+0700][gc,phases   ] GC(472)   Other: 1.5ms
[2024-12-17T13:11:59.766+0700][gc,heap     ] GC(472) Eden regions: 44->0(47)
[2024-12-17T13:11:59.766+0700][gc,heap     ] GC(472) Survivor regions: 7->4(7)
[2024-12-17T13:11:59.766+0700][gc,heap     ] GC(472) Old regions: 524->528
[2024-12-17T13:11:59.766+0700][gc,heap     ] GC(472) Archive regions: 2->2
[2024-12-17T13:11:59.766+0700][gc,heap     ] GC(472) Humongous regions: 129->129
[2024-12-17T13:11:59.766+0700][gc,metaspace] GC(472) Metaspace: 45482K(46080K)->45482K(46080K) NonClass: 40257K(40576K)->40257K(40576K) Class: 5225K(5504K)->5225K(5504K)
[2024-12-17T13:11:59.766+0700][gc          ] GC(472) Pause Young (Normal) (G1 Evacuation Pause) 704M->660M(1024M) 54.002ms
[2024-12-17T13:11:59.766+0700][gc,cpu      ] GC(472) User=0.10s Sys=0.00s Real=0.06s
[2024-12-17T13:13:41.686+0700][gc,start    ] GC(473) Pause Young (Normal) (G1 Evacuation Pause)
[2024-12-17T13:13:41.687+0700][gc,task     ] GC(473) Using 2 workers of 2 for evacuation
[2024-12-17T13:13:41.751+0700][gc,mmu      ] GC(473) MMU target violated: 21.0ms (20.0ms/21.0ms)
[2024-12-17T13:13:41.751+0700][gc,phases   ] GC(473)   Pre Evacuate Collection Set: 5.4ms
[2024-12-17T13:13:41.751+0700][gc,phases   ] GC(473)   Merge Heap Roots: 1.2ms
[2024-12-17T13:13:41.751+0700][gc,phases   ] GC(473)   Evacuate Collection Set: 53.5ms
[2024-12-17T13:13:41.751+0700][gc,phases   ] GC(473)   Post Evacuate Collection Set: 3.5ms
[2024-12-17T13:13:41.751+0700][gc,phases   ] GC(473)   Other: 2.5ms
[2024-12-17T13:13:41.752+0700][gc,heap     ] GC(473) Eden regions: 47->0(46)
[2024-12-17T13:13:41.752+0700][gc,heap     ] GC(473) Survivor regions: 4->5(7)
[2024-12-17T13:13:41.752+0700][gc,heap     ] GC(473) Old regions: 528->528
[2024-12-17T13:13:41.752+0700][gc,heap     ] GC(473) Archive regions: 2->2
[2024-12-17T13:13:41.752+0700][gc,heap     ] GC(473) Humongous regions: 129->129
[2024-12-17T13:13:41.752+0700][gc,metaspace] GC(473) Metaspace: 45482K(46080K)->45482K(46080K) NonClass: 40257K(40576K)->40257K(40576K) Class: 5225K(5504K)->5225K(5504K)
[2024-12-17T13:13:41.752+0700][gc          ] GC(473) Pause Young (Normal) (G1 Evacuation Pause) 707M->662M(1024M) 65.579ms
[2024-12-17T13:13:41.752+0700][gc,cpu      ] GC(473) User=0.13s Sys=0.00s Real=0.06s
[2024-12-17T13:15:20.628+0700][gc,start    ] GC(474) Pause Young (Normal) (G1 Evacuation Pause)
[2024-12-17T13:15:20.628+0700][gc,task     ] GC(474) Using 2 workers of 2 for evacuation
[2024-12-17T13:15:20.680+0700][gc,mmu      ] GC(474) MMU target violated: 21.0ms (20.0ms/21.0ms)
[2024-12-17T13:15:20.680+0700][gc,phases   ] GC(474)   Pre Evacuate Collection Set: 4.5ms
[2024-12-17T13:15:20.680+0700][gc,phases   ] GC(474)   Merge Heap Roots: 1.1ms
[2024-12-17T13:15:20.680+0700][gc,phases   ] GC(474)   Evacuate Collection Set: 43.2ms
[2024-12-17T13:15:20.680+0700][gc,phases   ] GC(474)   Post Evacuate Collection Set: 2.6ms
[2024-12-17T13:15:20.680+0700][gc,phases   ] GC(474)   Other: 2.1ms
[2024-12-17T13:15:20.681+0700][gc,heap     ] GC(474) Eden regions: 46->0(46)
[2024-12-17T13:15:20.681+0700][gc,heap     ] GC(474) Survivor regions: 5->5(7)
[2024-12-17T13:15:20.681+0700][gc,heap     ] GC(474) Old regions: 528->530
[2024-12-17T13:15:20.681+0700][gc,heap     ] GC(474) Archive regions: 2->2
[2024-12-17T13:15:20.681+0700][gc,heap     ] GC(474) Humongous regions: 129->129
[2024-12-17T13:15:20.681+0700][gc,metaspace] GC(474) Metaspace: 45482K(46080K)->45482K(46080K) NonClass: 40257K(40576K)->40257K(40576K) Class: 5225K(5504K)->5225K(5504K)
[2024-12-17T13:15:20.681+0700][gc          ] GC(474) Pause Young (Normal) (G1 Evacuation Pause) 708M->663M(1024M) 53.079ms
[2024-12-17T13:15:20.681+0700][gc,cpu      ] GC(474) User=0.10s Sys=0.01s Real=0.05s
[2024-12-17T13:16:59.823+0700][gc,start    ] GC(475) Pause Young (Normal) (G1 Evacuation Pause)
[2024-12-17T13:16:59.823+0700][gc,task     ] GC(475) Using 2 workers of 2 for evacuation
[2024-12-17T13:16:59.866+0700][gc,mmu      ] GC(475) MMU target violated: 21.0ms (20.0ms/21.0ms)
[2024-12-17T13:16:59.866+0700][gc,phases   ] GC(475)   Pre Evacuate Collection Set: 4.5ms
[2024-12-17T13:16:59.866+0700][gc,phases   ] GC(475)   Merge Heap Roots: 1.0ms
[2024-12-17T13:16:59.866+0700][gc,phases   ] GC(475)   Evacuate Collection Set: 32.7ms
[2024-12-17T13:16:59.866+0700][gc,phases   ] GC(475)   Post Evacuate Collection Set: 3.8ms
[2024-12-17T13:16:59.866+0700][gc,phases   ] GC(475)   Other: 1.3ms
[2024-12-17T13:16:59.866+0700][gc,heap     ] GC(475) Eden regions: 46->0(48)
[2024-12-17T13:16:59.866+0700][gc,heap     ] GC(475) Survivor regions: 5->3(7)
[2024-12-17T13:16:59.866+0700][gc,heap     ] GC(475) Old regions: 530->531
[2024-12-17T13:16:59.866+0700][gc,heap     ] GC(475) Archive regions: 2->2
[2024-12-17T13:16:59.866+0700][gc,heap     ] GC(475) Humongous regions: 129->129
[2024-12-17T13:16:59.866+0700][gc,metaspace] GC(475) Metaspace: 45482K(46080K)->45482K(46080K) NonClass: 40257K(40576K)->40257K(40576K) Class: 5225K(5504K)->5225K(5504K)
[2024-12-17T13:16:59.866+0700][gc          ] GC(475) Pause Young (Normal) (G1 Evacuation Pause) 709M->663M(1024M) 43.330ms
[2024-12-17T13:16:59.866+0700][gc,cpu      ] GC(475) User=0.07s Sys=0.01s Real=0.05s
[2024-12-17T13:18:44.614+0700][gc,start    ] GC(476) Pause Young (Normal) (G1 Evacuation Pause)
[2024-12-17T13:18:44.614+0700][gc,task     ] GC(476) Using 2 workers of 2 for evacuation
[2024-12-17T13:18:44.672+0700][gc,mmu      ] GC(476) MMU target violated: 21.0ms (20.0ms/21.0ms)
[2024-12-17T13:18:44.672+0700][gc,phases   ] GC(476)   Pre Evacuate Collection Set: 3.3ms
[2024-12-17T13:18:44.672+0700][gc,phases   ] GC(476)   Merge Heap Roots: 1.2ms
[2024-12-17T13:18:44.672+0700][gc,phases   ] GC(476)   Evacuate Collection Set: 49.1ms
[2024-12-17T13:18:44.672+0700][gc,phases   ] GC(476)   Post Evacuate Collection Set: 3.4ms
[2024-12-17T13:18:44.672+0700][gc,phases   ] GC(476)   Other: 1.3ms
[2024-12-17T13:18:44.672+0700][gc,heap     ] GC(476) Eden regions: 48->0(44)
[2024-12-17T13:18:44.672+0700][gc,heap     ] GC(476) Survivor regions: 3->7(7)
[2024-12-17T13:18:44.672+0700][gc,heap     ] GC(476) Old regions: 531->531
[2024-12-17T13:18:44.672+0700][gc,heap     ] GC(476) Archive regions: 2->2
[2024-12-17T13:18:44.672+0700][gc,heap     ] GC(476) Humongous regions: 129->129
[2024-12-17T13:18:44.672+0700][gc,metaspace] GC(476) Metaspace: 45482K(46080K)->45482K(46080K) NonClass: 40257K(40576K)->40257K(40576K) Class: 5225K(5504K)->5225K(5504K)
[2024-12-17T13:18:44.672+0700][gc          ] GC(476) Pause Young (Normal) (G1 Evacuation Pause) 711M->667M(1024M) 58.556ms
[2024-12-17T13:18:44.673+0700][gc,cpu      ] GC(476) User=0.11s Sys=0.00s Real=0.06s
[2024-12-17T13:20:20.109+0700][gc,start    ] GC(477) Pause Young (Normal) (G1 Evacuation Pause)
[2024-12-17T13:20:20.109+0700][gc,task     ] GC(477) Using 2 workers of 2 for evacuation
[2024-12-17T13:20:20.165+0700][gc,mmu      ] GC(477) MMU target violated: 21.0ms (20.0ms/21.0ms)
[2024-12-17T13:20:20.165+0700][gc,phases   ] GC(477)   Pre Evacuate Collection Set: 4.1ms
[2024-12-17T13:20:20.165+0700][gc,phases   ] GC(477)   Merge Heap Roots: 0.5ms
[2024-12-17T13:20:20.165+0700][gc,phases   ] GC(477)   Evacuate Collection Set: 47.4ms
[2024-12-17T13:20:20.165+0700][gc,phases   ] GC(477)   Post Evacuate Collection Set: 3.2ms
[2024-12-17T13:20:20.165+0700][gc,phases   ] GC(477)   Other: 1.3ms
[2024-12-17T13:20:20.165+0700][gc,heap     ] GC(477) Eden regions: 44->0(48)
[2024-12-17T13:20:20.165+0700][gc,heap     ] GC(477) Survivor regions: 7->3(7)
[2024-12-17T13:20:20.165+0700][gc,heap     ] GC(477) Old regions: 531->536
[2024-12-17T13:20:20.165+0700][gc,heap     ] GC(477) Archive regions: 2->2
[2024-12-17T13:20:20.165+0700][gc,heap     ] GC(477) Humongous regions: 129->129
[2024-12-17T13:20:20.165+0700][gc,metaspace] GC(477) Metaspace: 45482K(46080K)->45482K(46080K) NonClass: 40257K(40576K)->40257K(40576K) Class: 5225K(5504K)->5225K(5504K)
[2024-12-17T13:20:20.165+0700][gc          ] GC(477) Pause Young (Normal) (G1 Evacuation Pause) 711M->667M(1024M) 56.453ms
[2024-12-17T13:20:20.165+0700][gc,cpu      ] GC(477) User=0.11s Sys=0.00s Real=0.06s
[2024-12-17T13:22:04.712+0700][gc,start    ] GC(478) Pause Young (Normal) (G1 Evacuation Pause)
[2024-12-17T13:22:04.712+0700][gc,task     ] GC(478) Using 2 workers of 2 for evacuation
[2024-12-17T13:22:04.755+0700][gc,mmu      ] GC(478) MMU target violated: 21.0ms (20.0ms/21.0ms)
[2024-12-17T13:22:04.755+0700][gc,phases   ] GC(478)   Pre Evacuate Collection Set: 2.5ms
[2024-12-17T13:22:04.755+0700][gc,phases   ] GC(478)   Merge Heap Roots: 0.9ms
[2024-12-17T13:22:04.755+0700][gc,phases   ] GC(478)   Evacuate Collection Set: 35.2ms
[2024-12-17T13:22:04.755+0700][gc,phases   ] GC(478)   Post Evacuate Collection Set: 3.5ms
[2024-12-17T13:22:04.755+0700][gc,phases   ] GC(478)   Other: 1.4ms
[2024-12-17T13:22:04.755+0700][gc,heap     ] GC(478) Eden regions: 48->0(45)
[2024-12-17T13:22:04.755+0700][gc,heap     ] GC(478) Survivor regions: 3->6(7)
[2024-12-17T13:22:04.755+0700][gc,heap     ] GC(478) Old regions: 536->536
[2024-12-17T13:22:04.755+0700][gc,heap     ] GC(478) Archive regions: 2->2
[2024-12-17T13:22:04.755+0700][gc,heap     ] GC(478) Humongous regions: 129->129
[2024-12-17T13:22:04.755+0700][gc,metaspace] GC(478) Metaspace: 45482K(46080K)->45482K(46080K) NonClass: 40257K(40576K)->40257K(40576K) Class: 5225K(5504K)->5225K(5504K)
[2024-12-17T13:22:04.755+0700][gc          ] GC(478) Pause Young (Normal) (G1 Evacuation Pause) 715M->671M(1024M) 43.504ms
[2024-12-17T13:22:04.755+0700][gc,cpu      ] GC(478) User=0.08s Sys=0.00s Real=0.04s
[2024-12-17T13:23:42.762+0700][gc,start    ] GC(479) Pause Young (Normal) (G1 Evacuation Pause)
[2024-12-17T13:23:42.762+0700][gc,task     ] GC(479) Using 2 workers of 2 for evacuation
[2024-12-17T13:23:42.823+0700][gc,mmu      ] GC(479) MMU target violated: 21.0ms (20.0ms/21.0ms)
[2024-12-17T13:23:42.823+0700][gc,phases   ] GC(479)   Pre Evacuate Collection Set: 2.8ms
[2024-12-17T13:23:42.823+0700][gc,phases   ] GC(479)   Merge Heap Roots: 0.6ms
[2024-12-17T13:23:42.823+0700][gc,phases   ] GC(479)   Evacuate Collection Set: 54.9ms
[2024-12-17T13:23:42.823+0700][gc,phases   ] GC(479)   Post Evacuate Collection Set: 2.4ms
[2024-12-17T13:23:42.823+0700][gc,phases   ] GC(479)   Other: 1.1ms
[2024-12-17T13:23:42.823+0700][gc,heap     ] GC(479) Eden regions: 45->0(46)
[2024-12-17T13:23:42.823+0700][gc,heap     ] GC(479) Survivor regions: 6->5(7)
[2024-12-17T13:23:42.823+0700][gc,heap     ] GC(479) Old regions: 536->540
[2024-12-17T13:23:42.823+0700][gc,heap     ] GC(479) Archive regions: 2->2
[2024-12-17T13:23:42.823+0700][gc,heap     ] GC(479) Humongous regions: 129->129
[2024-12-17T13:23:42.823+0700][gc,metaspace] GC(479) Metaspace: 45482K(46080K)->45482K(46080K) NonClass: 40257K(40576K)->40257K(40576K) Class: 5225K(5504K)->5225K(5504K)
[2024-12-17T13:23:42.823+0700][gc          ] GC(479) Pause Young (Normal) (G1 Evacuation Pause) 716M->674M(1024M) 61.845ms
[2024-12-17T13:23:42.824+0700][gc,cpu      ] GC(479) User=0.12s Sys=0.00s Real=0.06s
[2024-12-17T13:25:22.712+0700][gc,start    ] GC(480) Pause Young (Normal) (G1 Evacuation Pause)
[2024-12-17T13:25:22.713+0700][gc,task     ] GC(480) Using 2 workers of 2 for evacuation
[2024-12-17T13:25:22.750+0700][gc,mmu      ] GC(480) MMU target violated: 21.0ms (20.0ms/21.0ms)
[2024-12-17T13:25:22.750+0700][gc,phases   ] GC(480)   Pre Evacuate Collection Set: 3.9ms
[2024-12-17T13:25:22.750+0700][gc,phases   ] GC(480)   Merge Heap Roots: 0.8ms
[2024-12-17T13:25:22.750+0700][gc,phases   ] GC(480)   Evacuate Collection Set: 29.8ms
[2024-12-17T13:25:22.750+0700][gc,phases   ] GC(480)   Post Evacuate Collection Set: 2.7ms
[2024-12-17T13:25:22.750+0700][gc,phases   ] GC(480)   Other: 1.0ms
[2024-12-17T13:25:22.750+0700][gc,heap     ] GC(480) Eden regions: 46->0(47)
[2024-12-17T13:25:22.750+0700][gc,heap     ] GC(480) Survivor regions: 5->4(7)
[2024-12-17T13:25:22.751+0700][gc,heap     ] GC(480) Old regions: 540->542
[2024-12-17T13:25:22.751+0700][gc,heap     ] GC(480) Archive regions: 2->2
[2024-12-17T13:25:22.751+0700][gc,heap     ] GC(480) Humongous regions: 129->129
[2024-12-17T13:25:22.751+0700][gc,metaspace] GC(480) Metaspace: 45482K(46080K)->45482K(46080K) NonClass: 40257K(40576K)->40257K(40576K) Class: 5225K(5504K)->5225K(5504K)
[2024-12-17T13:25:22.751+0700][gc          ] GC(480) Pause Young (Normal) (G1 Evacuation Pause) 720M->675M(1024M) 38.351ms
[2024-12-17T13:25:22.751+0700][gc,cpu      ] GC(480) User=0.06s Sys=0.01s Real=0.04s
[2024-12-17T13:27:05.235+0700][gc,start    ] GC(481) Pause Young (Normal) (G1 Evacuation Pause)
[2024-12-17T13:27:05.235+0700][gc,task     ] GC(481) Using 2 workers of 2 for evacuation
[2024-12-17T13:27:05.285+0700][gc,mmu      ] GC(481) MMU target violated: 21.0ms (20.0ms/21.0ms)
[2024-12-17T13:27:05.285+0700][gc,phases   ] GC(481)   Pre Evacuate Collection Set: 2.6ms
[2024-12-17T13:27:05.285+0700][gc,phases   ] GC(481)   Merge Heap Roots: 0.8ms
[2024-12-17T13:27:05.285+0700][gc,phases   ] GC(481)   Evacuate Collection Set: 43.3ms
[2024-12-17T13:27:05.285+0700][gc,phases   ] GC(481)   Post Evacuate Collection Set: 2.6ms
[2024-12-17T13:27:05.285+0700][gc,phases   ] GC(481)   Other: 1.3ms
[2024-12-17T13:27:05.285+0700][gc,heap     ] GC(481) Eden regions: 47->0(44)
[2024-12-17T13:27:05.285+0700][gc,heap     ] GC(481) Survivor regions: 4->7(7)
[2024-12-17T13:27:05.285+0700][gc,heap     ] GC(481) Old regions: 542->542
[2024-12-17T13:27:05.285+0700][gc,heap     ] GC(481) Archive regions: 2->2
[2024-12-17T13:27:05.285+0700][gc,heap     ] GC(481) Humongous regions: 129->129
[2024-12-17T13:27:05.285+0700][gc,metaspace] GC(481) Metaspace: 45482K(46080K)->45482K(46080K) NonClass: 40257K(40576K)->40257K(40576K) Class: 5225K(5504K)->5225K(5504K)
[2024-12-17T13:27:05.285+0700][gc          ] GC(481) Pause Young (Normal) (G1 Evacuation Pause) 722M->678M(1024M) 50.524ms
[2024-12-17T13:27:05.286+0700][gc,cpu      ] GC(481) User=0.10s Sys=0.00s Real=0.06s
[2024-12-17T13:28:40.462+0700][gc,start    ] GC(482) Pause Young (Normal) (G1 Evacuation Pause)
[2024-12-17T13:28:40.463+0700][gc,task     ] GC(482) Using 2 workers of 2 for evacuation
[2024-12-17T13:28:40.514+0700][gc,mmu      ] GC(482) MMU target violated: 21.0ms (20.0ms/21.0ms)
[2024-12-17T13:28:40.514+0700][gc,phases   ] GC(482)   Pre Evacuate Collection Set: 2.7ms
[2024-12-17T13:28:40.514+0700][gc,phases   ] GC(482)   Merge Heap Roots: 0.6ms
[2024-12-17T13:28:40.514+0700][gc,phases   ] GC(482)   Evacuate Collection Set: 43.5ms
[2024-12-17T13:28:40.514+0700][gc,phases   ] GC(482)   Post Evacuate Collection Set: 3.5ms
[2024-12-17T13:28:40.514+0700][gc,phases   ] GC(482)   Other: 1.4ms
[2024-12-17T13:28:40.514+0700][gc,heap     ] GC(482) Eden regions: 44->0(48)
[2024-12-17T13:28:40.514+0700][gc,heap     ] GC(482) Survivor regions: 7->3(7)
[2024-12-17T13:28:40.514+0700][gc,heap     ] GC(482) Old regions: 542->547
[2024-12-17T13:28:40.514+0700][gc,heap     ] GC(482) Archive regions: 2->2
[2024-12-17T13:28:40.514+0700][gc,heap     ] GC(482) Humongous regions: 129->129
[2024-12-17T13:28:40.514+0700][gc,metaspace] GC(482) Metaspace: 45482K(46080K)->45482K(46080K) NonClass: 40257K(40576K)->40257K(40576K) Class: 5225K(5504K)->5225K(5504K)
[2024-12-17T13:28:40.514+0700][gc          ] GC(482) Pause Young (Normal) (G1 Evacuation Pause) 722M->678M(1024M) 51.791ms
[2024-12-17T13:28:40.514+0700][gc,cpu      ] GC(482) User=0.09s Sys=0.00s Real=0.05s
[2024-12-17T13:30:25.413+0700][gc,start    ] GC(483) Pause Young (Normal) (G1 Evacuation Pause)
[2024-12-17T13:30:25.413+0700][gc,task     ] GC(483) Using 2 workers of 2 for evacuation
[2024-12-17T13:30:25.462+0700][gc,mmu      ] GC(483) MMU target violated: 21.0ms (20.0ms/21.0ms)
[2024-12-17T13:30:25.462+0700][gc,phases   ] GC(483)   Pre Evacuate Collection Set: 3.4ms
[2024-12-17T13:30:25.462+0700][gc,phases   ] GC(483)   Merge Heap Roots: 0.7ms
[2024-12-17T13:30:25.462+0700][gc,phases   ] GC(483)   Evacuate Collection Set: 40.1ms
[2024-12-17T13:30:25.462+0700][gc,phases   ] GC(483)   Post Evacuate Collection Set: 3.3ms
[2024-12-17T13:30:25.462+0700][gc,phases   ] GC(483)   Other: 1.7ms
[2024-12-17T13:30:25.462+0700][gc,heap     ] GC(483) Eden regions: 48->0(45)
[2024-12-17T13:30:25.462+0700][gc,heap     ] GC(483) Survivor regions: 3->6(7)
[2024-12-17T13:30:25.462+0700][gc,heap     ] GC(483) Old regions: 547->547
[2024-12-17T13:30:25.462+0700][gc,heap     ] GC(483) Archive regions: 2->2
[2024-12-17T13:30:25.462+0700][gc,heap     ] GC(483) Humongous regions: 129->129
[2024-12-17T13:30:25.462+0700][gc,metaspace] GC(483) Metaspace: 45482K(46080K)->45482K(46080K) NonClass: 40257K(40576K)->40257K(40576K) Class: 5225K(5504K)->5225K(5504K)
[2024-12-17T13:30:25.462+0700][gc          ] GC(483) Pause Young (Normal) (G1 Evacuation Pause) 726M->682M(1024M) 49.268ms
[2024-12-17T13:30:25.462+0700][gc,cpu      ] GC(483) User=0.09s Sys=0.00s Real=0.05s
[2024-12-17T13:32:03.418+0700][gc,start    ] GC(484) Pause Young (Normal) (G1 Evacuation Pause)
[2024-12-17T13:32:03.418+0700][gc,task     ] GC(484) Using 2 workers of 2 for evacuation
[2024-12-17T13:32:03.486+0700][gc,mmu      ] GC(484) MMU target violated: 21.0ms (20.0ms/21.0ms)
[2024-12-17T13:32:03.486+0700][gc,phases   ] GC(484)   Pre Evacuate Collection Set: 3.7ms
[2024-12-17T13:32:03.486+0700][gc,phases   ] GC(484)   Merge Heap Roots: 0.8ms
[2024-12-17T13:32:03.486+0700][gc,phases   ] GC(484)   Evacuate Collection Set: 59.2ms
[2024-12-17T13:32:03.486+0700][gc,phases   ] GC(484)   Post Evacuate Collection Set: 3.4ms
[2024-12-17T13:32:03.486+0700][gc,phases   ] GC(484)   Other: 1.6ms
[2024-12-17T13:32:03.486+0700][gc,heap     ] GC(484) Eden regions: 45->0(46)
[2024-12-17T13:32:03.486+0700][gc,heap     ] GC(484) Survivor regions: 6->5(7)
[2024-12-17T13:32:03.486+0700][gc,heap     ] GC(484) Old regions: 547->551
[2024-12-17T13:32:03.486+0700][gc,heap     ] GC(484) Archive regions: 2->2
[2024-12-17T13:32:03.486+0700][gc,heap     ] GC(484) Humongous regions: 129->129
[2024-12-17T13:32:03.486+0700][gc,metaspace] GC(484) Metaspace: 45482K(46080K)->45482K(46080K) NonClass: 40257K(40576K)->40257K(40576K) Class: 5225K(5504K)->5225K(5504K)
[2024-12-17T13:32:03.486+0700][gc          ] GC(484) Pause Young (Normal) (G1 Evacuation Pause) 727M->685M(1024M) 68.576ms
[2024-12-17T13:32:03.486+0700][gc,cpu      ] GC(484) User=0.11s Sys=0.01s Real=0.07s
[2024-12-17T13:33:42.681+0700][gc,start    ] GC(485) Pause Young (Normal) (G1 Evacuation Pause)
[2024-12-17T13:33:42.681+0700][gc,task     ] GC(485) Using 2 workers of 2 for evacuation
[2024-12-17T13:33:42.734+0700][gc,mmu      ] GC(485) MMU target violated: 21.0ms (20.0ms/21.0ms)
[2024-12-17T13:33:42.734+0700][gc,phases   ] GC(485)   Pre Evacuate Collection Set: 4.2ms
[2024-12-17T13:33:42.734+0700][gc,phases   ] GC(485)   Merge Heap Roots: 1.6ms
[2024-12-17T13:33:42.734+0700][gc,phases   ] GC(485)   Evacuate Collection Set: 43.2ms
[2024-12-17T13:33:42.734+0700][gc,phases   ] GC(485)   Post Evacuate Collection Set: 3.2ms
[2024-12-17T13:33:42.734+0700][gc,phases   ] GC(485)   Other: 1.2ms
[2024-12-17T13:33:42.734+0700][gc,heap     ] GC(485) Eden regions: 46->0(48)
[2024-12-17T13:33:42.734+0700][gc,heap     ] GC(485) Survivor regions: 5->3(7)
[2024-12-17T13:33:42.734+0700][gc,heap     ] GC(485) Old regions: 551->553
[2024-12-17T13:33:42.734+0700][gc,heap     ] GC(485) Archive regions: 2->2
[2024-12-17T13:33:42.734+0700][gc,heap     ] GC(485) Humongous regions: 129->129
[2024-12-17T13:33:42.734+0700][gc,metaspace] GC(485) Metaspace: 45482K(46080K)->45482K(46080K) NonClass: 40257K(40576K)->40257K(40576K) Class: 5225K(5504K)->5225K(5504K)
[2024-12-17T13:33:42.735+0700][gc          ] GC(485) Pause Young (Normal) (G1 Evacuation Pause) 731M->685M(1024M) 53.496ms
[2024-12-17T13:33:42.735+0700][gc,cpu      ] GC(485) User=0.09s Sys=0.01s Real=0.05s
[2024-12-17T13:35:26.931+0700][gc,start    ] GC(486) Pause Young (Normal) (G1 Evacuation Pause)
[2024-12-17T13:35:26.931+0700][gc,task     ] GC(486) Using 2 workers of 2 for evacuation
[2024-12-17T13:35:26.985+0700][gc,mmu      ] GC(486) MMU target violated: 21.0ms (20.0ms/21.0ms)
[2024-12-17T13:35:26.986+0700][gc,phases   ] GC(486)   Pre Evacuate Collection Set: 3.8ms
[2024-12-17T13:35:26.986+0700][gc,phases   ] GC(486)   Merge Heap Roots: 0.9ms
[2024-12-17T13:35:26.986+0700][gc,phases   ] GC(486)   Evacuate Collection Set: 46.0ms
[2024-12-17T13:35:26.986+0700][gc,phases   ] GC(486)   Post Evacuate Collection Set: 3.2ms
[2024-12-17T13:35:26.986+0700][gc,phases   ] GC(486)   Other: 1.3ms
[2024-12-17T13:35:26.986+0700][gc,heap     ] GC(486) Eden regions: 48->0(44)
[2024-12-17T13:35:26.986+0700][gc,heap     ] GC(486) Survivor regions: 3->7(7)
[2024-12-17T13:35:26.986+0700][gc,heap     ] GC(486) Old regions: 553->553
[2024-12-17T13:35:26.986+0700][gc,heap     ] GC(486) Archive regions: 2->2
[2024-12-17T13:35:26.986+0700][gc,heap     ] GC(486) Humongous regions: 129->129
[2024-12-17T13:35:26.986+0700][gc,metaspace] GC(486) Metaspace: 45482K(46080K)->45482K(46080K) NonClass: 40257K(40576K)->40257K(40576K) Class: 5225K(5504K)->5225K(5504K)
[2024-12-17T13:35:26.986+0700][gc          ] GC(486) Pause Young (Normal) (G1 Evacuation Pause) 733M->689M(1024M) 55.293ms
[2024-12-17T13:35:26.986+0700][gc,cpu      ] GC(486) User=0.10s Sys=0.00s Real=0.06s
[2024-12-17T13:37:02.266+0700][gc,start    ] GC(487) Pause Young (Normal) (G1 Evacuation Pause)
[2024-12-17T13:37:02.267+0700][gc,task     ] GC(487) Using 2 workers of 2 for evacuation
[2024-12-17T13:37:02.320+0700][gc,mmu      ] GC(487) MMU target violated: 21.0ms (20.0ms/21.0ms)
[2024-12-17T13:37:02.320+0700][gc,phases   ] GC(487)   Pre Evacuate Collection Set: 2.9ms
[2024-12-17T13:37:02.320+0700][gc,phases   ] GC(487)   Merge Heap Roots: 0.6ms
[2024-12-17T13:37:02.320+0700][gc,phases   ] GC(487)   Evacuate Collection Set: 46.5ms
[2024-12-17T13:37:02.320+0700][gc,phases   ] GC(487)   Post Evacuate Collection Set: 2.5ms
[2024-12-17T13:37:02.320+0700][gc,phases   ] GC(487)   Other: 1.3ms
[2024-12-17T13:37:02.320+0700][gc,heap     ] GC(487) Eden regions: 44->0(48)
[2024-12-17T13:37:02.320+0700][gc,heap     ] GC(487) Survivor regions: 7->3(7)
[2024-12-17T13:37:02.320+0700][gc,heap     ] GC(487) Old regions: 553->557
[2024-12-17T13:37:02.320+0700][gc,heap     ] GC(487) Archive regions: 2->2
[2024-12-17T13:37:02.320+0700][gc,heap     ] GC(487) Humongous regions: 129->129
[2024-12-17T13:37:02.320+0700][gc,metaspace] GC(487) Metaspace: 45482K(46080K)->45482K(46080K) NonClass: 40257K(40576K)->40257K(40576K) Class: 5225K(5504K)->5225K(5504K)
[2024-12-17T13:37:02.320+0700][gc          ] GC(487) Pause Young (Normal) (G1 Evacuation Pause) 733M->689M(1024M) 53.854ms
[2024-12-17T13:37:02.320+0700][gc,cpu      ] GC(487) User=0.10s Sys=0.01s Real=0.05s
[2024-12-17T13:38:47.171+0700][gc,start    ] GC(488) Pause Young (Normal) (G1 Evacuation Pause)
[2024-12-17T13:38:47.172+0700][gc,task     ] GC(488) Using 2 workers of 2 for evacuation
[2024-12-17T13:38:47.213+0700][gc,mmu      ] GC(488) MMU target violated: 21.0ms (20.0ms/21.0ms)
[2024-12-17T13:38:47.213+0700][gc,phases   ] GC(488)   Pre Evacuate Collection Set: 2.6ms
[2024-12-17T13:38:47.213+0700][gc,phases   ] GC(488)   Merge Heap Roots: 0.6ms
[2024-12-17T13:38:47.213+0700][gc,phases   ] GC(488)   Evacuate Collection Set: 35.3ms
[2024-12-17T13:38:47.213+0700][gc,phases   ] GC(488)   Post Evacuate Collection Set: 2.2ms
[2024-12-17T13:38:47.213+0700][gc,phases   ] GC(488)   Other: 1.2ms
[2024-12-17T13:38:47.213+0700][gc,heap     ] GC(488) Eden regions: 48->0(45)
[2024-12-17T13:38:47.213+0700][gc,heap     ] GC(488) Survivor regions: 3->6(7)
[2024-12-17T13:38:47.213+0700][gc,heap     ] GC(488) Old regions: 557->557
[2024-12-17T13:38:47.213+0700][gc,heap     ] GC(488) Archive regions: 2->2
[2024-12-17T13:38:47.213+0700][gc,heap     ] GC(488) Humongous regions: 129->129
[2024-12-17T13:38:47.213+0700][gc,metaspace] GC(488) Metaspace: 45482K(46080K)->45482K(46080K) NonClass: 40257K(40576K)->40257K(40576K) Class: 5225K(5504K)->5225K(5504K)
[2024-12-17T13:38:47.214+0700][gc          ] GC(488) Pause Young (Normal) (G1 Evacuation Pause) 737M->692M(1024M) 42.217ms
[2024-12-17T13:38:47.214+0700][gc,cpu      ] GC(488) User=0.08s Sys=0.00s Real=0.04s
[2024-12-17T13:40:25.026+0700][gc,start    ] GC(489) Pause Young (Normal) (G1 Evacuation Pause)
[2024-12-17T13:40:25.026+0700][gc,task     ] GC(489) Using 2 workers of 2 for evacuation
[2024-12-17T13:40:25.097+0700][gc,mmu      ] GC(489) MMU target violated: 21.0ms (20.0ms/21.0ms)
[2024-12-17T13:40:25.097+0700][gc,phases   ] GC(489)   Pre Evacuate Collection Set: 2.7ms
[2024-12-17T13:40:25.097+0700][gc,phases   ] GC(489)   Merge Heap Roots: 0.5ms
[2024-12-17T13:40:25.097+0700][gc,phases   ] GC(489)   Evacuate Collection Set: 61.6ms
[2024-12-17T13:40:25.097+0700][gc,phases   ] GC(489)   Post Evacuate Collection Set: 5.2ms
[2024-12-17T13:40:25.097+0700][gc,phases   ] GC(489)   Other: 1.5ms
[2024-12-17T13:40:25.097+0700][gc,heap     ] GC(489) Eden regions: 45->0(46)
[2024-12-17T13:40:25.097+0700][gc,heap     ] GC(489) Survivor regions: 6->5(7)
[2024-12-17T13:40:25.097+0700][gc,heap     ] GC(489) Old regions: 557->562
[2024-12-17T13:40:25.097+0700][gc,heap     ] GC(489) Archive regions: 2->2
[2024-12-17T13:40:25.097+0700][gc,heap     ] GC(489) Humongous regions: 129->129
[2024-12-17T13:40:25.097+0700][gc,metaspace] GC(489) Metaspace: 45482K(46080K)->45482K(46080K) NonClass: 40257K(40576K)->40257K(40576K) Class: 5225K(5504K)->5225K(5504K)
[2024-12-17T13:40:25.097+0700][gc          ] GC(489) Pause Young (Normal) (G1 Evacuation Pause) 737M->696M(1024M) 71.606ms
[2024-12-17T13:40:25.098+0700][gc,cpu      ] GC(489) User=0.13s Sys=0.01s Real=0.07s
[2024-12-17T13:42:04.781+0700][gc,start    ] GC(490) Pause Young (Normal) (G1 Evacuation Pause)
[2024-12-17T13:42:04.781+0700][gc,task     ] GC(490) Using 2 workers of 2 for evacuation
[2024-12-17T13:42:04.828+0700][gc,mmu      ] GC(490) MMU target violated: 21.0ms (20.0ms/21.0ms)
[2024-12-17T13:42:04.828+0700][gc,phases   ] GC(490)   Pre Evacuate Collection Set: 2.4ms
[2024-12-17T13:42:04.828+0700][gc,phases   ] GC(490)   Merge Heap Roots: 0.9ms
[2024-12-17T13:42:04.828+0700][gc,phases   ] GC(490)   Evacuate Collection Set: 40.1ms
[2024-12-17T13:42:04.828+0700][gc,phases   ] GC(490)   Post Evacuate Collection Set: 2.5ms
[2024-12-17T13:42:04.828+0700][gc,phases   ] GC(490)   Other: 0.9ms
[2024-12-17T13:42:04.828+0700][gc,heap     ] GC(490) Eden regions: 46->0(48)
[2024-12-17T13:42:04.828+0700][gc,heap     ] GC(490) Survivor regions: 5->3(7)
[2024-12-17T13:42:04.828+0700][gc,heap     ] GC(490) Old regions: 562->564
[2024-12-17T13:42:04.828+0700][gc,heap     ] GC(490) Archive regions: 2->2
[2024-12-17T13:42:04.828+0700][gc,heap     ] GC(490) Humongous regions: 129->129
[2024-12-17T13:42:04.828+0700][gc,metaspace] GC(490) Metaspace: 45483K(46080K)->45483K(46080K) NonClass: 40258K(40576K)->40258K(40576K) Class: 5225K(5504K)->5225K(5504K)
[2024-12-17T13:42:04.828+0700][gc          ] GC(490) Pause Young (Normal) (G1 Evacuation Pause) 742M->696M(1024M) 46.712ms
[2024-12-17T13:42:04.828+0700][gc,cpu      ] GC(490) User=0.08s Sys=0.00s Real=0.05s
[2024-12-17T13:43:49.340+0700][gc,start    ] GC(491) Pause Young (Normal) (G1 Evacuation Pause)
[2024-12-17T13:43:49.341+0700][gc,task     ] GC(491) Using 2 workers of 2 for evacuation
[2024-12-17T13:43:49.391+0700][gc,mmu      ] GC(491) MMU target violated: 21.0ms (20.0ms/21.0ms)
[2024-12-17T13:43:49.391+0700][gc,phases   ] GC(491)   Pre Evacuate Collection Set: 2.7ms
[2024-12-17T13:43:49.391+0700][gc,phases   ] GC(491)   Merge Heap Roots: 0.7ms
[2024-12-17T13:43:49.391+0700][gc,phases   ] GC(491)   Evacuate Collection Set: 43.0ms
[2024-12-17T13:43:49.391+0700][gc,phases   ] GC(491)   Post Evacuate Collection Set: 2.9ms
[2024-12-17T13:43:49.391+0700][gc,phases   ] GC(491)   Other: 1.3ms
[2024-12-17T13:43:49.391+0700][gc,heap     ] GC(491) Eden regions: 48->0(44)
[2024-12-17T13:43:49.391+0700][gc,heap     ] GC(491) Survivor regions: 3->7(7)
[2024-12-17T13:43:49.391+0700][gc,heap     ] GC(491) Old regions: 564->564
[2024-12-17T13:43:49.391+0700][gc,heap     ] GC(491) Archive regions: 2->2
[2024-12-17T13:43:49.391+0700][gc,heap     ] GC(491) Humongous regions: 129->129
[2024-12-17T13:43:49.391+0700][gc,metaspace] GC(491) Metaspace: 45483K(46080K)->45483K(46080K) NonClass: 40258K(40576K)->40258K(40576K) Class: 5225K(5504K)->5225K(5504K)
[2024-12-17T13:43:49.391+0700][gc          ] GC(491) Pause Young (Normal) (G1 Evacuation Pause) 744M->699M(1024M) 50.748ms
[2024-12-17T13:43:49.391+0700][gc,cpu      ] GC(491) User=0.09s Sys=0.00s Real=0.05s
[2024-12-17T13:45:24.815+0700][gc,start    ] GC(492) Pause Young (Normal) (G1 Evacuation Pause)
[2024-12-17T13:45:24.815+0700][gc,task     ] GC(492) Using 2 workers of 2 for evacuation
[2024-12-17T13:45:24.864+0700][gc,mmu      ] GC(492) MMU target violated: 21.0ms (20.0ms/21.0ms)
[2024-12-17T13:45:24.865+0700][gc,phases   ] GC(492)   Pre Evacuate Collection Set: 2.7ms
[2024-12-17T13:45:24.865+0700][gc,phases   ] GC(492)   Merge Heap Roots: 1.0ms
[2024-12-17T13:45:24.865+0700][gc,phases   ] GC(492)   Evacuate Collection Set: 42.6ms
[2024-12-17T13:45:24.865+0700][gc,phases   ] GC(492)   Post Evacuate Collection Set: 2.6ms
[2024-12-17T13:45:24.865+0700][gc,phases   ] GC(492)   Other: 1.5ms
[2024-12-17T13:45:24.865+0700][gc,heap     ] GC(492) Eden regions: 44->0(48)
[2024-12-17T13:45:24.865+0700][gc,heap     ] GC(492) Survivor regions: 7->3(7)
[2024-12-17T13:45:24.865+0700][gc,heap     ] GC(492) Old regions: 564->568
[2024-12-17T13:45:24.865+0700][gc,heap     ] GC(492) Archive regions: 2->2
[2024-12-17T13:45:24.865+0700][gc,heap     ] GC(492) Humongous regions: 129->129
[2024-12-17T13:45:24.865+0700][gc,metaspace] GC(492) Metaspace: 45483K(46080K)->45483K(46080K) NonClass: 40258K(40576K)->40258K(40576K) Class: 5225K(5504K)->5225K(5504K)
[2024-12-17T13:45:24.865+0700][gc          ] GC(492) Pause Young (Normal) (G1 Evacuation Pause) 743M->700M(1024M) 50.376ms
[2024-12-17T13:45:24.865+0700][gc,cpu      ] GC(492) User=0.08s Sys=0.01s Real=0.06s
[2024-12-17T13:47:08.583+0700][gc,start    ] GC(493) Pause Young (Normal) (G1 Evacuation Pause)
[2024-12-17T13:47:08.583+0700][gc,task     ] GC(493) Using 2 workers of 2 for evacuation
[2024-12-17T13:47:08.624+0700][gc,mmu      ] GC(493) MMU target violated: 21.0ms (20.0ms/21.0ms)
[2024-12-17T13:47:08.625+0700][gc,phases   ] GC(493)   Pre Evacuate Collection Set: 2.6ms
[2024-12-17T13:47:08.625+0700][gc,phases   ] GC(493)   Merge Heap Roots: 1.2ms
[2024-12-17T13:47:08.625+0700][gc,phases   ] GC(493)   Evacuate Collection Set: 33.8ms
[2024-12-17T13:47:08.625+0700][gc,phases   ] GC(493)   Post Evacuate Collection Set: 3.4ms
[2024-12-17T13:47:08.625+0700][gc,phases   ] GC(493)   Other: 1.3ms
[2024-12-17T13:47:08.625+0700][gc,heap     ] GC(493) Eden regions: 48->0(45)
[2024-12-17T13:47:08.625+0700][gc,heap     ] GC(493) Survivor regions: 3->6(7)
[2024-12-17T13:47:08.625+0700][gc,heap     ] GC(493) Old regions: 568->568
[2024-12-17T13:47:08.625+0700][gc,heap     ] GC(493) Archive regions: 2->2
[2024-12-17T13:47:08.625+0700][gc,heap     ] GC(493) Humongous regions: 129->129
[2024-12-17T13:47:08.625+0700][gc,metaspace] GC(493) Metaspace: 45483K(46080K)->45483K(46080K) NonClass: 40258K(40576K)->40258K(40576K) Class: 5225K(5504K)->5225K(5504K)
[2024-12-17T13:47:08.625+0700][gc          ] GC(493) Pause Young (Normal) (G1 Evacuation Pause) 748M->703M(1024M) 42.455ms
[2024-12-17T13:47:08.625+0700][gc,cpu      ] GC(493) User=0.07s Sys=0.00s Real=0.05s
[2024-12-17T13:48:46.763+0700][gc,start    ] GC(494) Pause Young (Normal) (G1 Evacuation Pause)
[2024-12-17T13:48:46.763+0700][gc,task     ] GC(494) Using 2 workers of 2 for evacuation
[2024-12-17T13:48:46.829+0700][gc,mmu      ] GC(494) MMU target violated: 21.0ms (20.0ms/21.0ms)
[2024-12-17T13:48:46.829+0700][gc,phases   ] GC(494)   Pre Evacuate Collection Set: 2.7ms
[2024-12-17T13:48:46.829+0700][gc,phases   ] GC(494)   Merge Heap Roots: 1.0ms
[2024-12-17T13:48:46.829+0700][gc,phases   ] GC(494)   Evacuate Collection Set: 58.0ms
[2024-12-17T13:48:46.829+0700][gc,phases   ] GC(494)   Post Evacuate Collection Set: 3.8ms
[2024-12-17T13:48:46.830+0700][gc,phases   ] GC(494)   Other: 1.5ms
[2024-12-17T13:48:46.830+0700][gc,heap     ] GC(494) Eden regions: 45->0(46)
[2024-12-17T13:48:46.830+0700][gc,heap     ] GC(494) Survivor regions: 6->5(7)
[2024-12-17T13:48:46.830+0700][gc,heap     ] GC(494) Old regions: 568->572
[2024-12-17T13:48:46.830+0700][gc,heap     ] GC(494) Archive regions: 2->2
[2024-12-17T13:48:46.830+0700][gc,heap     ] GC(494) Humongous regions: 129->129
[2024-12-17T13:48:46.830+0700][gc,metaspace] GC(494) Metaspace: 45483K(46080K)->45483K(46080K) NonClass: 40258K(40576K)->40258K(40576K) Class: 5225K(5504K)->5225K(5504K)
[2024-12-17T13:48:46.830+0700][gc          ] GC(494) Pause Young (Normal) (G1 Evacuation Pause) 748M->706M(1024M) 67.150ms
[2024-12-17T13:48:46.830+0700][gc,cpu      ] GC(494) User=0.11s Sys=0.01s Real=0.07s
[2024-12-17T13:50:26.409+0700][gc,start    ] GC(495) Pause Young (Normal) (G1 Evacuation Pause)
[2024-12-17T13:50:26.409+0700][gc,task     ] GC(495) Using 2 workers of 2 for evacuation
[2024-12-17T13:50:26.449+0700][gc,mmu      ] GC(495) MMU target violated: 21.0ms (20.0ms/21.0ms)
[2024-12-17T13:50:26.450+0700][gc,phases   ] GC(495)   Pre Evacuate Collection Set: 2.5ms
[2024-12-17T13:50:26.450+0700][gc,phases   ] GC(495)   Merge Heap Roots: 0.7ms
[2024-12-17T13:50:26.450+0700][gc,phases   ] GC(495)   Evacuate Collection Set: 34.1ms
[2024-12-17T13:50:26.450+0700][gc,phases   ] GC(495)   Post Evacuate Collection Set: 2.9ms
[2024-12-17T13:50:26.450+0700][gc,phases   ] GC(495)   Other: 1.4ms
[2024-12-17T13:50:26.450+0700][gc,heap     ] GC(495) Eden regions: 46->0(48)
[2024-12-17T13:50:26.450+0700][gc,heap     ] GC(495) Survivor regions: 5->3(7)
[2024-12-17T13:50:26.450+0700][gc,heap     ] GC(495) Old regions: 572->575
[2024-12-17T13:50:26.450+0700][gc,heap     ] GC(495) Archive regions: 2->2
[2024-12-17T13:50:26.450+0700][gc,heap     ] GC(495) Humongous regions: 129->129
[2024-12-17T13:50:26.450+0700][gc,metaspace] GC(495) Metaspace: 45483K(46080K)->45483K(46080K) NonClass: 40258K(40576K)->40258K(40576K) Class: 5225K(5504K)->5225K(5504K)
[2024-12-17T13:50:26.450+0700][gc          ] GC(495) Pause Young (Normal) (G1 Evacuation Pause) 752M->707M(1024M) 41.622ms
[2024-12-17T13:50:26.450+0700][gc,cpu      ] GC(495) User=0.07s Sys=0.00s Real=0.04s
[2024-12-17T13:52:10.616+0700][gc,start    ] GC(496) Pause Young (Normal) (G1 Evacuation Pause)
[2024-12-17T13:52:10.617+0700][gc,task     ] GC(496) Using 2 workers of 2 for evacuation
[2024-12-17T13:52:10.665+0700][gc,mmu      ] GC(496) MMU target violated: 21.0ms (20.0ms/21.0ms)
[2024-12-17T13:52:10.665+0700][gc,phases   ] GC(496)   Pre Evacuate Collection Set: 2.5ms
[2024-12-17T13:52:10.665+0700][gc,phases   ] GC(496)   Merge Heap Roots: 0.7ms
[2024-12-17T13:52:10.665+0700][gc,phases   ] GC(496)   Evacuate Collection Set: 41.6ms
[2024-12-17T13:52:10.665+0700][gc,phases   ] GC(496)   Post Evacuate Collection Set: 3.3ms
[2024-12-17T13:52:10.665+0700][gc,phases   ] GC(496)   Other: 1.3ms
[2024-12-17T13:52:10.666+0700][gc,heap     ] GC(496) Eden regions: 48->0(44)
[2024-12-17T13:52:10.666+0700][gc,heap     ] GC(496) Survivor regions: 3->7(7)
[2024-12-17T13:52:10.666+0700][gc,heap     ] GC(496) Old regions: 575->575
[2024-12-17T13:52:10.666+0700][gc,heap     ] GC(496) Archive regions: 2->2
[2024-12-17T13:52:10.666+0700][gc,heap     ] GC(496) Humongous regions: 129->129
[2024-12-17T13:52:10.666+0700][gc,metaspace] GC(496) Metaspace: 45483K(46080K)->45483K(46080K) NonClass: 40258K(40576K)->40258K(40576K) Class: 5225K(5504K)->5225K(5504K)
[2024-12-17T13:52:10.666+0700][gc          ] GC(496) Pause Young (Normal) (G1 Evacuation Pause) 755M->710M(1024M) 49.311ms
[2024-12-17T13:52:10.666+0700][gc,cpu      ] GC(496) User=0.09s Sys=0.00s Real=0.05s
[2024-12-17T13:53:46.111+0700][gc,start    ] GC(497) Pause Young (Normal) (G1 Evacuation Pause)
[2024-12-17T13:53:46.111+0700][gc,task     ] GC(497) Using 2 workers of 2 for evacuation
[2024-12-17T13:53:46.164+0700][gc,mmu      ] GC(497) MMU target violated: 21.0ms (20.0ms/21.0ms)
[2024-12-17T13:53:46.165+0700][gc,phases   ] GC(497)   Pre Evacuate Collection Set: 2.9ms
[2024-12-17T13:53:46.165+0700][gc,phases   ] GC(497)   Merge Heap Roots: 0.7ms
[2024-12-17T13:53:46.165+0700][gc,phases   ] GC(497)   Evacuate Collection Set: 46.9ms
[2024-12-17T13:53:46.165+0700][gc,phases   ] GC(497)   Post Evacuate Collection Set: 2.4ms
[2024-12-17T13:53:46.165+0700][gc,phases   ] GC(497)   Other: 1.5ms
[2024-12-17T13:53:46.165+0700][gc,heap     ] GC(497) Eden regions: 44->0(48)
[2024-12-17T13:53:46.165+0700][gc,heap     ] GC(497) Survivor regions: 7->3(7)
[2024-12-17T13:53:46.165+0700][gc,heap     ] GC(497) Old regions: 575->579
[2024-12-17T13:53:46.165+0700][gc,heap     ] GC(497) Archive regions: 2->2
[2024-12-17T13:53:46.165+0700][gc,heap     ] GC(497) Humongous regions: 129->129
[2024-12-17T13:53:46.165+0700][gc,metaspace] GC(497) Metaspace: 45483K(46080K)->45483K(46080K) NonClass: 40258K(40576K)->40258K(40576K) Class: 5225K(5504K)->5225K(5504K)
[2024-12-17T13:53:46.165+0700][gc          ] GC(497) Pause Young (Normal) (G1 Evacuation Pause) 754M->711M(1024M) 54.479ms
[2024-12-17T13:53:46.165+0700][gc,cpu      ] GC(497) User=0.09s Sys=0.01s Real=0.06s
[2024-12-17T13:55:30.775+0700][gc,start    ] GC(498) Pause Young (Normal) (G1 Evacuation Pause)
[2024-12-17T13:55:30.776+0700][gc,task     ] GC(498) Using 2 workers of 2 for evacuation
[2024-12-17T13:55:30.847+0700][gc,mmu      ] GC(498) MMU target violated: 21.0ms (20.0ms/21.0ms)
[2024-12-17T13:55:30.848+0700][gc,phases   ] GC(498)   Pre Evacuate Collection Set: 4.1ms
[2024-12-17T13:55:30.848+0700][gc,phases   ] GC(498)   Merge Heap Roots: 0.7ms
[2024-12-17T13:55:30.848+0700][gc,phases   ] GC(498)   Evacuate Collection Set: 61.6ms
[2024-12-17T13:55:30.848+0700][gc,phases   ] GC(498)   Post Evacuate Collection Set: 4.5ms
[2024-12-17T13:55:30.848+0700][gc,phases   ] GC(498)   Other: 1.4ms
[2024-12-17T13:55:30.848+0700][gc,heap     ] GC(498) Eden regions: 48->0(45)
[2024-12-17T13:55:30.848+0700][gc,heap     ] GC(498) Survivor regions: 3->6(7)
[2024-12-17T13:55:30.848+0700][gc,heap     ] GC(498) Old regions: 579->579
[2024-12-17T13:55:30.848+0700][gc,heap     ] GC(498) Archive regions: 2->2
[2024-12-17T13:55:30.848+0700][gc,heap     ] GC(498) Humongous regions: 129->129
[2024-12-17T13:55:30.848+0700][gc,metaspace] GC(498) Metaspace: 45483K(46080K)->45483K(46080K) NonClass: 40258K(40576K)->40258K(40576K) Class: 5225K(5504K)->5225K(5504K)
[2024-12-17T13:55:30.848+0700][gc          ] GC(498) Pause Young (Normal) (G1 Evacuation Pause) 759M->714M(1024M) 72.375ms
[2024-12-17T13:55:30.848+0700][gc,cpu      ] GC(498) User=0.11s Sys=0.00s Real=0.08s
[2024-12-17T13:57:08.830+0700][gc,start    ] GC(499) Pause Young (Normal) (G1 Evacuation Pause)
[2024-12-17T13:57:08.830+0700][gc,task     ] GC(499) Using 2 workers of 2 for evacuation
[2024-12-17T13:57:08.905+0700][gc,mmu      ] GC(499) MMU target violated: 21.0ms (20.0ms/21.0ms)
[2024-12-17T13:57:08.906+0700][gc,phases   ] GC(499)   Pre Evacuate Collection Set: 3.4ms
[2024-12-17T13:57:08.906+0700][gc,phases   ] GC(499)   Merge Heap Roots: 0.5ms
[2024-12-17T13:57:08.906+0700][gc,phases   ] GC(499)   Evacuate Collection Set: 67.7ms
[2024-12-17T13:57:08.906+0700][gc,phases   ] GC(499)   Post Evacuate Collection Set: 3.3ms
[2024-12-17T13:57:08.906+0700][gc,phases   ] GC(499)   Other: 0.8ms
[2024-12-17T13:57:08.906+0700][gc,heap     ] GC(499) Eden regions: 45->0(46)
[2024-12-17T13:57:08.906+0700][gc,heap     ] GC(499) Survivor regions: 6->5(7)
[2024-12-17T13:57:08.906+0700][gc,heap     ] GC(499) Old regions: 579->583
[2024-12-17T13:57:08.906+0700][gc,heap     ] GC(499) Archive regions: 2->2
[2024-12-17T13:57:08.906+0700][gc,heap     ] GC(499) Humongous regions: 129->129
[2024-12-17T13:57:08.906+0700][gc,metaspace] GC(499) Metaspace: 45483K(46080K)->45483K(46080K) NonClass: 40258K(40576K)->40258K(40576K) Class: 5225K(5504K)->5225K(5504K)
[2024-12-17T13:57:08.906+0700][gc          ] GC(499) Pause Young (Normal) (G1 Evacuation Pause) 759M->717M(1024M) 75.909ms
[2024-12-17T13:57:08.906+0700][gc,cpu      ] GC(499) User=0.12s Sys=0.01s Real=0.08s
[2024-12-17T13:58:49.309+0700][gc,start    ] GC(500) Pause Young (Normal) (G1 Evacuation Pause)
[2024-12-17T13:58:49.310+0700][gc,task     ] GC(500) Using 2 workers of 2 for evacuation
[2024-12-17T13:58:49.356+0700][gc,mmu      ] GC(500) MMU target violated: 21.0ms (20.0ms/21.0ms)
[2024-12-17T13:58:49.357+0700][gc,phases   ] GC(500)   Pre Evacuate Collection Set: 2.6ms
[2024-12-17T13:58:49.357+0700][gc,phases   ] GC(500)   Merge Heap Roots: 0.7ms
[2024-12-17T13:58:49.357+0700][gc,phases   ] GC(500)   Evacuate Collection Set: 39.3ms
[2024-12-17T13:58:49.357+0700][gc,phases   ] GC(500)   Post Evacuate Collection Set: 3.5ms
[2024-12-17T13:58:49.357+0700][gc,phases   ] GC(500)   Other: 1.4ms
[2024-12-17T13:58:49.357+0700][gc,heap     ] GC(500) Eden regions: 46->0(48)
[2024-12-17T13:58:49.357+0700][gc,heap     ] GC(500) Survivor regions: 5->3(7)
[2024-12-17T13:58:49.357+0700][gc,heap     ] GC(500) Old regions: 583->586
[2024-12-17T13:58:49.357+0700][gc,heap     ] GC(500) Archive regions: 2->2
[2024-12-17T13:58:49.357+0700][gc,heap     ] GC(500) Humongous regions: 129->129
[2024-12-17T13:58:49.357+0700][gc,metaspace] GC(500) Metaspace: 45483K(46080K)->45483K(46080K) NonClass: 40258K(40576K)->40258K(40576K) Class: 5225K(5504K)->5225K(5504K)
[2024-12-17T13:58:49.357+0700][gc          ] GC(500) Pause Young (Normal) (G1 Evacuation Pause) 763M->718M(1024M) 47.521ms
[2024-12-17T13:58:49.357+0700][gc,cpu      ] GC(500) User=0.08s Sys=0.00s Real=0.05s
[2024-12-17T14:00:33.817+0700][gc,start    ] GC(501) Pause Young (Normal) (G1 Evacuation Pause)
[2024-12-17T14:00:33.817+0700][gc,task     ] GC(501) Using 2 workers of 2 for evacuation
[2024-12-17T14:00:33.864+0700][gc,mmu      ] GC(501) MMU target violated: 21.0ms (20.0ms/21.0ms)
[2024-12-17T14:00:33.864+0700][gc,phases   ] GC(501)   Pre Evacuate Collection Set: 3.8ms
[2024-12-17T14:00:33.864+0700][gc,phases   ] GC(501)   Merge Heap Roots: 1.1ms
[2024-12-17T14:00:33.864+0700][gc,phases   ] GC(501)   Evacuate Collection Set: 38.6ms
[2024-12-17T14:00:33.864+0700][gc,phases   ] GC(501)   Post Evacuate Collection Set: 2.1ms
[2024-12-17T14:00:33.864+0700][gc,phases   ] GC(501)   Other: 1.4ms
[2024-12-17T14:00:33.864+0700][gc,heap     ] GC(501) Eden regions: 48->0(44)
[2024-12-17T14:00:33.864+0700][gc,heap     ] GC(501) Survivor regions: 3->7(7)
[2024-12-17T14:00:33.864+0700][gc,heap     ] GC(501) Old regions: 586->586
[2024-12-17T14:00:33.864+0700][gc,heap     ] GC(501) Archive regions: 2->2
[2024-12-17T14:00:33.864+0700][gc,heap     ] GC(501) Humongous regions: 129->129
[2024-12-17T14:00:33.864+0700][gc,metaspace] GC(501) Metaspace: 45483K(46080K)->45483K(46080K) NonClass: 40258K(40576K)->40258K(40576K) Class: 5225K(5504K)->5225K(5504K)
[2024-12-17T14:00:33.864+0700][gc          ] GC(501) Pause Young (Normal) (G1 Evacuation Pause) 766M->721M(1024M) 46.926ms
[2024-12-17T14:00:33.864+0700][gc,cpu      ] GC(501) User=0.08s Sys=0.00s Real=0.05s
[2024-12-17T14:02:08.267+0700][gc,start    ] GC(502) Pause Young (Normal) (G1 Evacuation Pause)
[2024-12-17T14:02:08.267+0700][gc,task     ] GC(502) Using 2 workers of 2 for evacuation
[2024-12-17T14:02:08.316+0700][gc,mmu      ] GC(502) MMU target violated: 21.0ms (20.0ms/21.0ms)
[2024-12-17T14:02:08.317+0700][gc,phases   ] GC(502)   Pre Evacuate Collection Set: 2.4ms
[2024-12-17T14:02:08.317+0700][gc,phases   ] GC(502)   Merge Heap Roots: 0.6ms
[2024-12-17T14:02:08.317+0700][gc,phases   ] GC(502)   Evacuate Collection Set: 42.1ms
[2024-12-17T14:02:08.317+0700][gc,phases   ] GC(502)   Post Evacuate Collection Set: 3.3ms
[2024-12-17T14:02:08.317+0700][gc,phases   ] GC(502)   Other: 1.2ms
[2024-12-17T14:02:08.317+0700][gc,heap     ] GC(502) Eden regions: 44->0(48)
[2024-12-17T14:02:08.317+0700][gc,heap     ] GC(502) Survivor regions: 7->3(7)
[2024-12-17T14:02:08.317+0700][gc,heap     ] GC(502) Old regions: 586->590
[2024-12-17T14:02:08.317+0700][gc,heap     ] GC(502) Archive regions: 2->2
[2024-12-17T14:02:08.317+0700][gc,heap     ] GC(502) Humongous regions: 129->129
[2024-12-17T14:02:08.317+0700][gc,metaspace] GC(502) Metaspace: 45484K(46080K)->45484K(46080K) NonClass: 40259K(40576K)->40259K(40576K) Class: 5225K(5504K)->5225K(5504K)
[2024-12-17T14:02:08.317+0700][gc          ] GC(502) Pause Young (Normal) (G1 Evacuation Pause) 765M->722M(1024M) 49.655ms
[2024-12-17T14:02:08.317+0700][gc,cpu      ] GC(502) User=0.08s Sys=0.01s Real=0.05s
[2024-12-17T14:03:53.135+0700][gc,start    ] GC(503) Pause Young (Normal) (G1 Evacuation Pause)
[2024-12-17T14:03:53.135+0700][gc,task     ] GC(503) Using 2 workers of 2 for evacuation
[2024-12-17T14:03:53.178+0700][gc,mmu      ] GC(503) MMU target violated: 21.0ms (20.0ms/21.0ms)
[2024-12-17T14:03:53.178+0700][gc,phases   ] GC(503)   Pre Evacuate Collection Set: 2.6ms
[2024-12-17T14:03:53.178+0700][gc,phases   ] GC(503)   Merge Heap Roots: 1.1ms
[2024-12-17T14:03:53.178+0700][gc,phases   ] GC(503)   Evacuate Collection Set: 35.6ms
[2024-12-17T14:03:53.178+0700][gc,phases   ] GC(503)   Post Evacuate Collection Set: 2.6ms
[2024-12-17T14:03:53.178+0700][gc,phases   ] GC(503)   Other: 1.3ms
[2024-12-17T14:03:53.178+0700][gc,heap     ] GC(503) Eden regions: 48->0(45)
[2024-12-17T14:03:53.178+0700][gc,heap     ] GC(503) Survivor regions: 3->6(7)
[2024-12-17T14:03:53.178+0700][gc,heap     ] GC(503) Old regions: 590->590
[2024-12-17T14:03:53.178+0700][gc,heap     ] GC(503) Archive regions: 2->2
[2024-12-17T14:03:53.178+0700][gc,heap     ] GC(503) Humongous regions: 129->129
[2024-12-17T14:03:53.178+0700][gc,metaspace] GC(503) Metaspace: 45484K(46080K)->45484K(46080K) NonClass: 40259K(40576K)->40259K(40576K) Class: 5225K(5504K)->5225K(5504K)
[2024-12-17T14:03:53.178+0700][gc          ] GC(503) Pause Young (Normal) (G1 Evacuation Pause) 770M->725M(1024M) 43.364ms
[2024-12-17T14:03:53.178+0700][gc,cpu      ] GC(503) User=0.08s Sys=0.00s Real=0.05s
[2024-12-17T14:05:30.661+0700][gc,start    ] GC(504) Pause Young (Normal) (G1 Evacuation Pause)
[2024-12-17T14:05:30.661+0700][gc,task     ] GC(504) Using 2 workers of 2 for evacuation
[2024-12-17T14:05:30.728+0700][gc,mmu      ] GC(504) MMU target violated: 21.0ms (20.0ms/21.0ms)
[2024-12-17T14:05:30.728+0700][gc,phases   ] GC(504)   Pre Evacuate Collection Set: 4.0ms
[2024-12-17T14:05:30.728+0700][gc,phases   ] GC(504)   Merge Heap Roots: 1.1ms
[2024-12-17T14:05:30.728+0700][gc,phases   ] GC(504)   Evacuate Collection Set: 58.1ms
[2024-12-17T14:05:30.728+0700][gc,phases   ] GC(504)   Post Evacuate Collection Set: 2.4ms
[2024-12-17T14:05:30.728+0700][gc,phases   ] GC(504)   Other: 1.4ms
[2024-12-17T14:05:30.728+0700][gc,heap     ] GC(504) Eden regions: 45->0(46)
[2024-12-17T14:05:30.728+0700][gc,heap     ] GC(504) Survivor regions: 6->5(7)
[2024-12-17T14:05:30.728+0700][gc,heap     ] GC(504) Old regions: 590->595
[2024-12-17T14:05:30.728+0700][gc,heap     ] GC(504) Archive regions: 2->2
[2024-12-17T14:05:30.728+0700][gc,heap     ] GC(504) Humongous regions: 129->129
[2024-12-17T14:05:30.728+0700][gc,metaspace] GC(504) Metaspace: 45484K(46080K)->45484K(46080K) NonClass: 40259K(40576K)->40259K(40576K) Class: 5225K(5504K)->5225K(5504K)
[2024-12-17T14:05:30.728+0700][gc          ] GC(504) Pause Young (Normal) (G1 Evacuation Pause) 770M->729M(1024M) 67.073ms
[2024-12-17T14:05:30.728+0700][gc,cpu      ] GC(504) User=0.11s Sys=0.02s Real=0.07s
[2024-12-17T14:07:10.436+0700][gc,start    ] GC(505) Pause Young (Normal) (G1 Evacuation Pause)
[2024-12-17T14:07:10.436+0700][gc,task     ] GC(505) Using 2 workers of 2 for evacuation
[2024-12-17T14:07:10.501+0700][gc,mmu      ] GC(505) MMU target violated: 21.0ms (20.0ms/21.0ms)
[2024-12-17T14:07:10.501+0700][gc,phases   ] GC(505)   Pre Evacuate Collection Set: 2.5ms
[2024-12-17T14:07:10.501+0700][gc,phases   ] GC(505)   Merge Heap Roots: 1.9ms
[2024-12-17T14:07:10.501+0700][gc,phases   ] GC(505)   Evacuate Collection Set: 56.2ms
[2024-12-17T14:07:10.501+0700][gc,phases   ] GC(505)   Post Evacuate Collection Set: 4.5ms
[2024-12-17T14:07:10.502+0700][gc,phases   ] GC(505)   Other: 0.8ms
[2024-12-17T14:07:10.502+0700][gc,heap     ] GC(505) Eden regions: 46->0(48)
[2024-12-17T14:07:10.502+0700][gc,heap     ] GC(505) Survivor regions: 5->3(7)
[2024-12-17T14:07:10.502+0700][gc,heap     ] GC(505) Old regions: 595->597
[2024-12-17T14:07:10.502+0700][gc,heap     ] GC(505) Archive regions: 2->2
[2024-12-17T14:07:10.502+0700][gc,heap     ] GC(505) Humongous regions: 129->129
[2024-12-17T14:07:10.502+0700][gc,metaspace] GC(505) Metaspace: 45484K(46080K)->45484K(46080K) NonClass: 40259K(40576K)->40259K(40576K) Class: 5225K(5504K)->5225K(5504K)
[2024-12-17T14:07:10.502+0700][gc          ] GC(505) Pause Young (Normal) (G1 Evacuation Pause) 775M->729M(1024M) 66.116ms
[2024-12-17T14:07:10.502+0700][gc,cpu      ] GC(505) User=0.11s Sys=0.01s Real=0.07s
[2024-12-17T14:08:54.937+0700][gc,start    ] GC(506) Pause Young (Normal) (G1 Evacuation Pause)
[2024-12-17T14:08:54.937+0700][gc,task     ] GC(506) Using 2 workers of 2 for evacuation
[2024-12-17T14:08:55.007+0700][gc,mmu      ] GC(506) MMU target violated: 21.0ms (20.0ms/21.0ms)
[2024-12-17T14:08:55.008+0700][gc,phases   ] GC(506)   Pre Evacuate Collection Set: 4.4ms
[2024-12-17T14:08:55.008+0700][gc,phases   ] GC(506)   Merge Heap Roots: 1.0ms
[2024-12-17T14:08:55.008+0700][gc,phases   ] GC(506)   Evacuate Collection Set: 58.5ms
[2024-12-17T14:08:55.008+0700][gc,phases   ] GC(506)   Post Evacuate Collection Set: 5.8ms
[2024-12-17T14:08:55.008+0700][gc,phases   ] GC(506)   Other: 1.5ms
[2024-12-17T14:08:55.008+0700][gc,heap     ] GC(506) Eden regions: 48->0(44)
[2024-12-17T14:08:55.008+0700][gc,heap     ] GC(506) Survivor regions: 3->7(7)
[2024-12-17T14:08:55.008+0700][gc,heap     ] GC(506) Old regions: 597->597
[2024-12-17T14:08:55.008+0700][gc,heap     ] GC(506) Archive regions: 2->2
[2024-12-17T14:08:55.008+0700][gc,heap     ] GC(506) Humongous regions: 129->129
[2024-12-17T14:08:55.008+0700][gc,metaspace] GC(506) Metaspace: 45484K(46080K)->45484K(46080K) NonClass: 40259K(40576K)->40259K(40576K) Class: 5225K(5504K)->5225K(5504K)
[2024-12-17T14:08:55.008+0700][gc          ] GC(506) Pause Young (Normal) (G1 Evacuation Pause) 777M->733M(1024M) 71.168ms
[2024-12-17T14:08:55.008+0700][gc,cpu      ] GC(506) User=0.12s Sys=0.01s Real=0.07s
[2024-12-17T14:10:27.371+0700][gc,start    ] GC(507) Pause Young (Normal) (G1 Evacuation Pause)
[2024-12-17T14:10:27.371+0700][gc,task     ] GC(507) Using 2 workers of 2 for evacuation
[2024-12-17T14:10:27.452+0700][gc,mmu      ] GC(507) MMU target violated: 21.0ms (20.0ms/21.0ms)
[2024-12-17T14:10:27.452+0700][gc,phases   ] GC(507)   Pre Evacuate Collection Set: 3.2ms
[2024-12-17T14:10:27.452+0700][gc,phases   ] GC(507)   Merge Heap Roots: 0.9ms
[2024-12-17T14:10:27.452+0700][gc,phases   ] GC(507)   Evacuate Collection Set: 73.4ms
[2024-12-17T14:10:27.452+0700][gc,phases   ] GC(507)   Post Evacuate Collection Set: 2.7ms
[2024-12-17T14:10:27.452+0700][gc,phases   ] GC(507)   Other: 1.4ms
[2024-12-17T14:10:27.452+0700][gc,heap     ] GC(507) Eden regions: 44->0(45)
[2024-12-17T14:10:27.452+0700][gc,heap     ] GC(507) Survivor regions: 7->6(7)
[2024-12-17T14:10:27.452+0700][gc,heap     ] GC(507) Old regions: 597->601
[2024-12-17T14:10:27.452+0700][gc,heap     ] GC(507) Archive regions: 2->2
[2024-12-17T14:10:27.452+0700][gc,heap     ] GC(507) Humongous regions: 129->129
[2024-12-17T14:10:27.452+0700][gc,metaspace] GC(507) Metaspace: 45484K(46080K)->45484K(46080K) NonClass: 40259K(40576K)->40259K(40576K) Class: 5225K(5504K)->5225K(5504K)
[2024-12-17T14:10:27.453+0700][gc          ] GC(507) Pause Young (Normal) (G1 Evacuation Pause) 777M->736M(1024M) 81.595ms
[2024-12-17T14:10:27.453+0700][gc,cpu      ] GC(507) User=0.14s Sys=0.02s Real=0.08s
[2024-12-17T14:11:58.658+0700][gc,start    ] GC(508) Pause Young (Normal) (G1 Evacuation Pause)
[2024-12-17T14:11:58.658+0700][gc,task     ] GC(508) Using 2 workers of 2 for evacuation
[2024-12-17T14:11:58.713+0700][gc,mmu      ] GC(508) MMU target violated: 21.0ms (20.0ms/21.0ms)
[2024-12-17T14:11:58.713+0700][gc,phases   ] GC(508)   Pre Evacuate Collection Set: 2.7ms
[2024-12-17T14:11:58.713+0700][gc,phases   ] GC(508)   Merge Heap Roots: 1.0ms
[2024-12-17T14:11:58.713+0700][gc,phases   ] GC(508)   Evacuate Collection Set: 47.9ms
[2024-12-17T14:11:58.713+0700][gc,phases   ] GC(508)   Post Evacuate Collection Set: 3.1ms
[2024-12-17T14:11:58.713+0700][gc,phases   ] GC(508)   Other: 1.4ms
[2024-12-17T14:11:58.714+0700][gc,heap     ] GC(508) Eden regions: 45->0(47)
[2024-12-17T14:11:58.714+0700][gc,heap     ] GC(508) Survivor regions: 6->4(7)
[2024-12-17T14:11:58.714+0700][gc,heap     ] GC(508) Old regions: 601->605
[2024-12-17T14:11:58.714+0700][gc,heap     ] GC(508) Archive regions: 2->2
[2024-12-17T14:11:58.714+0700][gc,heap     ] GC(508) Humongous regions: 129->129
[2024-12-17T14:11:58.714+0700][gc,metaspace] GC(508) Metaspace: 45484K(46080K)->45484K(46080K) NonClass: 40259K(40576K)->40259K(40576K) Class: 5225K(5504K)->5225K(5504K)
[2024-12-17T14:11:58.714+0700][gc          ] GC(508) Pause Young (Normal) (G1 Evacuation Pause) 781M->738M(1024M) 56.283ms
[2024-12-17T14:11:58.714+0700][gc,cpu      ] GC(508) User=0.11s Sys=0.00s Real=0.05s
[2024-12-17T14:13:41.014+0700][gc,start    ] GC(509) Pause Young (Normal) (G1 Evacuation Pause)
[2024-12-17T14:13:41.015+0700][gc,task     ] GC(509) Using 2 workers of 2 for evacuation
[2024-12-17T14:13:41.058+0700][gc,mmu      ] GC(509) MMU target violated: 21.0ms (20.0ms/21.0ms)
[2024-12-17T14:13:41.058+0700][gc,phases   ] GC(509)   Pre Evacuate Collection Set: 2.9ms
[2024-12-17T14:13:41.059+0700][gc,phases   ] GC(509)   Merge Heap Roots: 1.1ms
[2024-12-17T14:13:41.059+0700][gc,phases   ] GC(509)   Evacuate Collection Set: 36.6ms
[2024-12-17T14:13:41.059+0700][gc,phases   ] GC(509)   Post Evacuate Collection Set: 2.4ms
[2024-12-17T14:13:41.059+0700][gc,phases   ] GC(509)   Other: 1.3ms
[2024-12-17T14:13:41.059+0700][gc,heap     ] GC(509) Eden regions: 47->0(48)
[2024-12-17T14:13:41.059+0700][gc,heap     ] GC(509) Survivor regions: 4->3(7)
[2024-12-17T14:13:41.059+0700][gc,heap     ] GC(509) Old regions: 605->607
[2024-12-17T14:13:41.059+0700][gc,heap     ] GC(509) Archive regions: 2->2
[2024-12-17T14:13:41.059+0700][gc,heap     ] GC(509) Humongous regions: 129->129
[2024-12-17T14:13:41.059+0700][gc,metaspace] GC(509) Metaspace: 45484K(46080K)->45484K(46080K) NonClass: 40259K(40576K)->40259K(40576K) Class: 5225K(5504K)->5225K(5504K)
[2024-12-17T14:13:41.059+0700][gc          ] GC(509) Pause Young (Normal) (G1 Evacuation Pause) 785M->739M(1024M) 44.336ms
[2024-12-17T14:13:41.059+0700][gc,cpu      ] GC(509) User=0.07s Sys=0.00s Real=0.05s
[2024-12-17T14:15:23.444+0700][gc,start    ] GC(510) Pause Young (Normal) (G1 Evacuation Pause)
[2024-12-17T14:15:23.445+0700][gc,task     ] GC(510) Using 2 workers of 2 for evacuation
[2024-12-17T14:15:23.472+0700][gc,mmu      ] GC(510) MMU target violated: 21.0ms (20.0ms/21.0ms)
[2024-12-17T14:15:23.472+0700][gc,phases   ] GC(510)   Pre Evacuate Collection Set: 3.7ms
[2024-12-17T14:15:23.472+0700][gc,phases   ] GC(510)   Merge Heap Roots: 0.5ms
[2024-12-17T14:15:23.472+0700][gc,phases   ] GC(510)   Evacuate Collection Set: 20.4ms
[2024-12-17T14:15:23.472+0700][gc,phases   ] GC(510)   Post Evacuate Collection Set: 2.3ms
[2024-12-17T14:15:23.472+0700][gc,phases   ] GC(510)   Other: 0.7ms
[2024-12-17T14:15:23.472+0700][gc,heap     ] GC(510) Eden regions: 48->0(46)
[2024-12-17T14:15:23.472+0700][gc,heap     ] GC(510) Survivor regions: 3->5(7)
[2024-12-17T14:15:23.472+0700][gc,heap     ] GC(510) Old regions: 607->607
[2024-12-17T14:15:23.472+0700][gc,heap     ] GC(510) Archive regions: 2->2
[2024-12-17T14:15:23.472+0700][gc,heap     ] GC(510) Humongous regions: 129->129
[2024-12-17T14:15:23.472+0700][gc,metaspace] GC(510) Metaspace: 45484K(46080K)->45484K(46080K) NonClass: 40259K(40576K)->40259K(40576K) Class: 5225K(5504K)->5225K(5504K)
[2024-12-17T14:15:23.472+0700][gc          ] GC(510) Pause Young (Normal) (G1 Evacuation Pause) 787M->740M(1024M) 27.865ms
[2024-12-17T14:15:23.472+0700][gc,cpu      ] GC(510) User=0.05s Sys=0.00s Real=0.02s
[2024-12-17T14:17:03.683+0700][gc,start    ] GC(511) Pause Young (Normal) (G1 Evacuation Pause)
[2024-12-17T14:17:03.683+0700][gc,task     ] GC(511) Using 2 workers of 2 for evacuation
[2024-12-17T14:17:03.740+0700][gc,mmu      ] GC(511) MMU target violated: 21.0ms (20.0ms/21.0ms)
[2024-12-17T14:17:03.740+0700][gc,phases   ] GC(511)   Pre Evacuate Collection Set: 3.3ms
[2024-12-17T14:17:03.741+0700][gc,phases   ] GC(511)   Merge Heap Roots: 1.2ms
[2024-12-17T14:17:03.741+0700][gc,phases   ] GC(511)   Evacuate Collection Set: 47.8ms
[2024-12-17T14:17:03.741+0700][gc,phases   ] GC(511)   Post Evacuate Collection Set: 4.6ms
[2024-12-17T14:17:03.741+0700][gc,phases   ] GC(511)   Other: 1.2ms
[2024-12-17T14:17:03.741+0700][gc,heap     ] GC(511) Eden regions: 46->0(44)
[2024-12-17T14:17:03.741+0700][gc,heap     ] GC(511) Survivor regions: 5->7(7)
[2024-12-17T14:17:03.741+0700][gc,heap     ] GC(511) Old regions: 607->608
[2024-12-17T14:17:03.741+0700][gc,heap     ] GC(511) Archive regions: 2->2
[2024-12-17T14:17:03.741+0700][gc,heap     ] GC(511) Humongous regions: 129->129
[2024-12-17T14:17:03.741+0700][gc,metaspace] GC(511) Metaspace: 45484K(46080K)->45484K(46080K) NonClass: 40259K(40576K)->40259K(40576K) Class: 5225K(5504K)->5225K(5504K)
[2024-12-17T14:17:03.741+0700][gc          ] GC(511) Pause Young (Normal) (G1 Evacuation Pause) 786M->743M(1024M) 58.309ms
[2024-12-17T14:17:03.741+0700][gc,cpu      ] GC(511) User=0.11s Sys=0.00s Real=0.06s
[2024-12-17T14:18:39.279+0700][gc,start    ] GC(512) Pause Young (Normal) (G1 Evacuation Pause)
[2024-12-17T14:18:39.279+0700][gc,task     ] GC(512) Using 2 workers of 2 for evacuation
[2024-12-17T14:18:39.348+0700][gc,mmu      ] GC(512) MMU target violated: 21.0ms (20.0ms/21.0ms)
[2024-12-17T14:18:39.348+0700][gc,phases   ] GC(512)   Pre Evacuate Collection Set: 2.7ms
[2024-12-17T14:18:39.348+0700][gc,phases   ] GC(512)   Merge Heap Roots: 1.1ms
[2024-12-17T14:18:39.348+0700][gc,phases   ] GC(512)   Evacuate Collection Set: 60.2ms
[2024-12-17T14:18:39.348+0700][gc,phases   ] GC(512)   Post Evacuate Collection Set: 3.5ms
[2024-12-17T14:18:39.348+0700][gc,phases   ] GC(512)   Other: 1.5ms
[2024-12-17T14:18:39.348+0700][gc,heap     ] GC(512) Eden regions: 44->0(44)
[2024-12-17T14:18:39.348+0700][gc,heap     ] GC(512) Survivor regions: 7->7(7)
[2024-12-17T14:18:39.348+0700][gc,heap     ] GC(512) Old regions: 608->611
[2024-12-17T14:18:39.348+0700][gc,heap     ] GC(512) Archive regions: 2->2
[2024-12-17T14:18:39.348+0700][gc,heap     ] GC(512) Humongous regions: 129->129
[2024-12-17T14:18:39.348+0700][gc,metaspace] GC(512) Metaspace: 45484K(46080K)->45484K(46080K) NonClass: 40259K(40576K)->40259K(40576K) Class: 5225K(5504K)->5225K(5504K)
[2024-12-17T14:18:39.348+0700][gc          ] GC(512) Pause Young (Normal) (G1 Evacuation Pause) 787M->747M(1024M) 69.139ms
[2024-12-17T14:18:39.348+0700][gc,cpu      ] GC(512) User=0.12s Sys=0.01s Real=0.07s
[2024-12-17T14:20:15.207+0700][gc,start    ] GC(513) Pause Young (Normal) (G1 Evacuation Pause)
[2024-12-17T14:20:15.207+0700][gc,task     ] GC(513) Using 2 workers of 2 for evacuation
[2024-12-17T14:20:15.259+0700][gc,mmu      ] GC(513) MMU target violated: 21.0ms (20.0ms/21.0ms)
[2024-12-17T14:20:15.259+0700][gc,phases   ] GC(513)   Pre Evacuate Collection Set: 2.4ms
[2024-12-17T14:20:15.259+0700][gc,phases   ] GC(513)   Merge Heap Roots: 0.6ms
[2024-12-17T14:20:15.259+0700][gc,phases   ] GC(513)   Evacuate Collection Set: 44.8ms
[2024-12-17T14:20:15.259+0700][gc,phases   ] GC(513)   Post Evacuate Collection Set: 3.0ms
[2024-12-17T14:20:15.259+0700][gc,phases   ] GC(513)   Other: 1.4ms
[2024-12-17T14:20:15.259+0700][gc,heap     ] GC(513) Eden regions: 44->0(48)
[2024-12-17T14:20:15.259+0700][gc,heap     ] GC(513) Survivor regions: 7->3(7)
[2024-12-17T14:20:15.259+0700][gc,heap     ] GC(513) Old regions: 611->615
[2024-12-17T14:20:15.259+0700][gc,heap     ] GC(513) Archive regions: 2->2
[2024-12-17T14:20:15.259+0700][gc,heap     ] GC(513) Humongous regions: 129->129
[2024-12-17T14:20:15.259+0700][gc,metaspace] GC(513) Metaspace: 45484K(46080K)->45484K(46080K) NonClass: 40259K(40576K)->40259K(40576K) Class: 5225K(5504K)->5225K(5504K)
[2024-12-17T14:20:15.259+0700][gc          ] GC(513) Pause Young (Normal) (G1 Evacuation Pause) 791M->747M(1024M) 52.165ms
[2024-12-17T14:20:15.259+0700][gc,cpu      ] GC(513) User=0.09s Sys=0.02s Real=0.05s
[2024-12-17T14:21:59.731+0700][gc,start    ] GC(514) Pause Young (Normal) (G1 Evacuation Pause)
[2024-12-17T14:21:59.731+0700][gc,task     ] GC(514) Using 2 workers of 2 for evacuation
[2024-12-17T14:21:59.781+0700][gc,mmu      ] GC(514) MMU target violated: 21.0ms (20.0ms/21.0ms)
[2024-12-17T14:21:59.782+0700][gc,phases   ] GC(514)   Pre Evacuate Collection Set: 2.6ms
[2024-12-17T14:21:59.782+0700][gc,phases   ] GC(514)   Merge Heap Roots: 1.1ms
[2024-12-17T14:21:59.782+0700][gc,phases   ] GC(514)   Evacuate Collection Set: 42.2ms
[2024-12-17T14:21:59.782+0700][gc,phases   ] GC(514)   Post Evacuate Collection Set: 4.1ms
[2024-12-17T14:21:59.782+0700][gc,phases   ] GC(514)   Other: 1.6ms
[2024-12-17T14:21:59.782+0700][gc,heap     ] GC(514) Eden regions: 48->0(45)
[2024-12-17T14:21:59.782+0700][gc,heap     ] GC(514) Survivor regions: 3->6(7)
[2024-12-17T14:21:59.782+0700][gc,heap     ] GC(514) Old regions: 615->615
[2024-12-17T14:21:59.782+0700][gc,heap     ] GC(514) Archive regions: 2->2
[2024-12-17T14:21:59.782+0700][gc,heap     ] GC(514) Humongous regions: 129->129
[2024-12-17T14:21:59.782+0700][gc,metaspace] GC(514) Metaspace: 45484K(46080K)->45484K(46080K) NonClass: 40259K(40576K)->40259K(40576K) Class: 5225K(5504K)->5225K(5504K)
[2024-12-17T14:21:59.782+0700][gc          ] GC(514) Pause Young (Normal) (G1 Evacuation Pause) 795M->750M(1024M) 51.623ms
[2024-12-17T14:21:59.782+0700][gc,cpu      ] GC(514) User=0.09s Sys=0.00s Real=0.05s
[2024-12-17T14:23:37.625+0700][gc,start    ] GC(515) Pause Young (Normal) (G1 Evacuation Pause)
[2024-12-17T14:23:37.626+0700][gc,task     ] GC(515) Using 2 workers of 2 for evacuation
[2024-12-17T14:23:37.697+0700][gc,mmu      ] GC(515) MMU target violated: 21.0ms (20.0ms/21.0ms)
[2024-12-17T14:23:37.697+0700][gc,phases   ] GC(515)   Pre Evacuate Collection Set: 3.7ms
[2024-12-17T14:23:37.697+0700][gc,phases   ] GC(515)   Merge Heap Roots: 1.0ms
[2024-12-17T14:23:37.697+0700][gc,phases   ] GC(515)   Evacuate Collection Set: 63.2ms
[2024-12-17T14:23:37.697+0700][gc,phases   ] GC(515)   Post Evacuate Collection Set: 2.9ms
[2024-12-17T14:23:37.697+0700][gc,phases   ] GC(515)   Other: 1.4ms
[2024-12-17T14:23:37.697+0700][gc,heap     ] GC(515) Eden regions: 45->0(46)
[2024-12-17T14:23:37.697+0700][gc,heap     ] GC(515) Survivor regions: 6->5(7)
[2024-12-17T14:23:37.697+0700][gc,heap     ] GC(515) Old regions: 615->619
[2024-12-17T14:23:37.697+0700][gc,heap     ] GC(515) Archive regions: 2->2
[2024-12-17T14:23:37.697+0700][gc,heap     ] GC(515) Humongous regions: 129->129
[2024-12-17T14:23:37.697+0700][gc,metaspace] GC(515) Metaspace: 45484K(46080K)->45484K(46080K) NonClass: 40259K(40576K)->40259K(40576K) Class: 5225K(5504K)->5225K(5504K)
[2024-12-17T14:23:37.698+0700][gc          ] GC(515) Pause Young (Normal) (G1 Evacuation Pause) 795M->753M(1024M) 72.174ms
[2024-12-17T14:23:37.698+0700][gc,cpu      ] GC(515) User=0.13s Sys=0.00s Real=0.07s
[2024-12-17T14:25:17.798+0700][gc,start    ] GC(516) Pause Young (Normal) (G1 Evacuation Pause)
[2024-12-17T14:25:17.798+0700][gc,task     ] GC(516) Using 2 workers of 2 for evacuation
[2024-12-17T14:25:17.838+0700][gc,mmu      ] GC(516) MMU target violated: 21.0ms (20.0ms/21.0ms)
[2024-12-17T14:25:17.838+0700][gc,phases   ] GC(516)   Pre Evacuate Collection Set: 3.2ms
[2024-12-17T14:25:17.838+0700][gc,phases   ] GC(516)   Merge Heap Roots: 1.0ms
[2024-12-17T14:25:17.838+0700][gc,phases   ] GC(516)   Evacuate Collection Set: 32.6ms
[2024-12-17T14:25:17.838+0700][gc,phases   ] GC(516)   Post Evacuate Collection Set: 2.4ms
[2024-12-17T14:25:17.838+0700][gc,phases   ] GC(516)   Other: 1.0ms
[2024-12-17T14:25:17.838+0700][gc,heap     ] GC(516) Eden regions: 46->0(47)
[2024-12-17T14:25:17.838+0700][gc,heap     ] GC(516) Survivor regions: 5->4(7)
[2024-12-17T14:25:17.838+0700][gc,heap     ] GC(516) Old regions: 619->621
[2024-12-17T14:25:17.838+0700][gc,heap     ] GC(516) Archive regions: 2->2
[2024-12-17T14:25:17.838+0700][gc,heap     ] GC(516) Humongous regions: 129->129
[2024-12-17T14:25:17.838+0700][gc,metaspace] GC(516) Metaspace: 45484K(46080K)->45484K(46080K) NonClass: 40259K(40576K)->40259K(40576K) Class: 5225K(5504K)->5225K(5504K)
[2024-12-17T14:25:17.838+0700][gc          ] GC(516) Pause Young (Normal) (G1 Evacuation Pause) 799M->754M(1024M) 40.301ms
[2024-12-17T14:25:17.838+0700][gc,cpu      ] GC(516) User=0.07s Sys=0.00s Real=0.04s
[2024-12-17T14:26:59.759+0700][gc,start    ] GC(517) Pause Young (Normal) (G1 Evacuation Pause)
[2024-12-17T14:26:59.760+0700][gc,task     ] GC(517) Using 2 workers of 2 for evacuation
[2024-12-17T14:26:59.816+0700][gc,mmu      ] GC(517) MMU target violated: 21.0ms (20.0ms/21.0ms)
[2024-12-17T14:26:59.816+0700][gc,phases   ] GC(517)   Pre Evacuate Collection Set: 4.4ms
[2024-12-17T14:26:59.816+0700][gc,phases   ] GC(517)   Merge Heap Roots: 1.3ms
[2024-12-17T14:26:59.816+0700][gc,phases   ] GC(517)   Evacuate Collection Set: 45.9ms
[2024-12-17T14:26:59.816+0700][gc,phases   ] GC(517)   Post Evacuate Collection Set: 4.1ms
[2024-12-17T14:26:59.816+0700][gc,phases   ] GC(517)   Other: 1.5ms
[2024-12-17T14:26:59.816+0700][gc,heap     ] GC(517) Eden regions: 47->0(44)
[2024-12-17T14:26:59.816+0700][gc,heap     ] GC(517) Survivor regions: 4->7(7)
[2024-12-17T14:26:59.816+0700][gc,heap     ] GC(517) Old regions: 621->621
[2024-12-17T14:26:59.816+0700][gc,heap     ] GC(517) Archive regions: 2->2
[2024-12-17T14:26:59.816+0700][gc,heap     ] GC(517) Humongous regions: 129->129
[2024-12-17T14:26:59.816+0700][gc,metaspace] GC(517) Metaspace: 45484K(46080K)->45484K(46080K) NonClass: 40259K(40576K)->40259K(40576K) Class: 5225K(5504K)->5225K(5504K)
[2024-12-17T14:26:59.817+0700][gc          ] GC(517) Pause Young (Normal) (G1 Evacuation Pause) 801M->757M(1024M) 57.184ms
[2024-12-17T14:26:59.817+0700][gc,cpu      ] GC(517) User=0.11s Sys=0.00s Real=0.06s
[2024-12-17T14:28:35.224+0700][gc,start    ] GC(518) Pause Young (Normal) (G1 Evacuation Pause)
[2024-12-17T14:28:35.224+0700][gc,task     ] GC(518) Using 2 workers of 2 for evacuation
[2024-12-17T14:28:35.276+0700][gc,mmu      ] GC(518) MMU target violated: 21.0ms (20.0ms/21.0ms)
[2024-12-17T14:28:35.276+0700][gc,phases   ] GC(518)   Pre Evacuate Collection Set: 4.3ms
[2024-12-17T14:28:35.277+0700][gc,phases   ] GC(518)   Merge Heap Roots: 0.6ms
[2024-12-17T14:28:35.277+0700][gc,phases   ] GC(518)   Evacuate Collection Set: 43.4ms
[2024-12-17T14:28:35.277+0700][gc,phases   ] GC(518)   Post Evacuate Collection Set: 3.1ms
[2024-12-17T14:28:35.277+0700][gc,phases   ] GC(518)   Other: 1.6ms
[2024-12-17T14:28:35.277+0700][gc,heap     ] GC(518) Eden regions: 44->0(48)
[2024-12-17T14:28:35.277+0700][gc,heap     ] GC(518) Survivor regions: 7->3(7)
[2024-12-17T14:28:35.277+0700][gc,heap     ] GC(518) Old regions: 621->626
[2024-12-17T14:28:35.277+0700][gc,heap     ] GC(518) Archive regions: 2->2
[2024-12-17T14:28:35.277+0700][gc,heap     ] GC(518) Humongous regions: 129->129
[2024-12-17T14:28:35.277+0700][gc,metaspace] GC(518) Metaspace: 45484K(46080K)->45484K(46080K) NonClass: 40259K(40576K)->40259K(40576K) Class: 5225K(5504K)->5225K(5504K)
[2024-12-17T14:28:35.277+0700][gc          ] GC(518) Pause Young (Normal) (G1 Evacuation Pause) 801M->758M(1024M) 53.461ms
[2024-12-17T14:28:35.277+0700][gc,cpu      ] GC(518) User=0.08s Sys=0.02s Real=0.06s
[2024-12-17T14:30:20.084+0700][gc,start    ] GC(519) Pause Young (Normal) (G1 Evacuation Pause)
[2024-12-17T14:30:20.084+0700][gc,task     ] GC(519) Using 2 workers of 2 for evacuation
[2024-12-17T14:30:20.134+0700][gc,mmu      ] GC(519) MMU target violated: 21.0ms (20.0ms/21.0ms)
[2024-12-17T14:30:20.134+0700][gc,phases   ] GC(519)   Pre Evacuate Collection Set: 4.2ms
[2024-12-17T14:30:20.134+0700][gc,phases   ] GC(519)   Merge Heap Roots: 0.9ms
[2024-12-17T14:30:20.134+0700][gc,phases   ] GC(519)   Evacuate Collection Set: 40.7ms
[2024-12-17T14:30:20.134+0700][gc,phases   ] GC(519)   Post Evacuate Collection Set: 3.2ms
[2024-12-17T14:30:20.134+0700][gc,phases   ] GC(519)   Other: 1.4ms
[2024-12-17T14:30:20.134+0700][gc,heap     ] GC(519) Eden regions: 48->0(45)
[2024-12-17T14:30:20.134+0700][gc,heap     ] GC(519) Survivor regions: 3->6(7)
[2024-12-17T14:30:20.134+0700][gc,heap     ] GC(519) Old regions: 626->626
[2024-12-17T14:30:20.134+0700][gc,heap     ] GC(519) Archive regions: 2->2
[2024-12-17T14:30:20.134+0700][gc,heap     ] GC(519) Humongous regions: 129->129
[2024-12-17T14:30:20.134+0700][gc,metaspace] GC(519) Metaspace: 45484K(46080K)->45484K(46080K) NonClass: 40259K(40576K)->40259K(40576K) Class: 5225K(5504K)->5225K(5504K)
[2024-12-17T14:30:20.134+0700][gc          ] GC(519) Pause Young (Normal) (G1 Evacuation Pause) 806M->761M(1024M) 50.551ms
[2024-12-17T14:30:20.134+0700][gc,cpu      ] GC(519) User=0.09s Sys=0.00s Real=0.05s
[2024-12-17T14:31:57.497+0700][gc,start    ] GC(520) Pause Young (Normal) (G1 Evacuation Pause)
[2024-12-17T14:31:57.498+0700][gc,task     ] GC(520) Using 2 workers of 2 for evacuation
[2024-12-17T14:31:57.573+0700][gc,mmu      ] GC(520) MMU target violated: 21.0ms (20.0ms/21.0ms)
[2024-12-17T14:31:57.573+0700][gc,phases   ] GC(520)   Pre Evacuate Collection Set: 4.1ms
[2024-12-17T14:31:57.573+0700][gc,phases   ] GC(520)   Merge Heap Roots: 0.9ms
[2024-12-17T14:31:57.573+0700][gc,phases   ] GC(520)   Evacuate Collection Set: 67.0ms
[2024-12-17T14:31:57.573+0700][gc,phases   ] GC(520)   Post Evacuate Collection Set: 2.4ms
[2024-12-17T14:31:57.573+0700][gc,phases   ] GC(520)   Other: 1.4ms
[2024-12-17T14:31:57.573+0700][gc,heap     ] GC(520) Eden regions: 45->0(45)
[2024-12-17T14:31:57.573+0700][gc,heap     ] GC(520) Survivor regions: 6->6(7)
[2024-12-17T14:31:57.573+0700][gc,heap     ] GC(520) Old regions: 626->630
[2024-12-17T14:31:57.573+0700][gc,heap     ] GC(520) Archive regions: 2->2
[2024-12-17T14:31:57.573+0700][gc,heap     ] GC(520) Humongous regions: 129->129
[2024-12-17T14:31:57.573+0700][gc,metaspace] GC(520) Metaspace: 45484K(46080K)->45484K(46080K) NonClass: 40259K(40576K)->40259K(40576K) Class: 5225K(5504K)->5225K(5504K)
[2024-12-17T14:31:57.573+0700][gc          ] GC(520) Pause Young (Normal) (G1 Evacuation Pause) 806M->764M(1024M) 75.805ms
[2024-12-17T14:31:57.573+0700][gc,cpu      ] GC(520) User=0.13s Sys=0.02s Real=0.07s
[2024-12-17T14:33:35.462+0700][gc,start    ] GC(521) Pause Young (Normal) (G1 Evacuation Pause)
[2024-12-17T14:33:35.462+0700][gc,task     ] GC(521) Using 2 workers of 2 for evacuation
[2024-12-17T14:33:35.506+0700][gc,mmu      ] GC(521) MMU target violated: 21.0ms (20.0ms/21.0ms)
[2024-12-17T14:33:35.506+0700][gc,phases   ] GC(521)   Pre Evacuate Collection Set: 3.2ms
[2024-12-17T14:33:35.506+0700][gc,phases   ] GC(521)   Merge Heap Roots: 1.1ms
[2024-12-17T14:33:35.506+0700][gc,phases   ] GC(521)   Evacuate Collection Set: 35.6ms
[2024-12-17T14:33:35.506+0700][gc,phases   ] GC(521)   Post Evacuate Collection Set: 2.9ms
[2024-12-17T14:33:35.506+0700][gc,phases   ] GC(521)   Other: 1.3ms
[2024-12-17T14:33:35.506+0700][gc,heap     ] GC(521) Eden regions: 45->0(48)
[2024-12-17T14:33:35.506+0700][gc,heap     ] GC(521) Survivor regions: 6->3(7)
[2024-12-17T14:33:35.506+0700][gc,heap     ] GC(521) Old regions: 630->632
[2024-12-17T14:33:35.506+0700][gc,heap     ] GC(521) Archive regions: 2->2
[2024-12-17T14:33:35.506+0700][gc,heap     ] GC(521) Humongous regions: 129->129
[2024-12-17T14:33:35.506+0700][gc,metaspace] GC(521) Metaspace: 45484K(46080K)->45484K(46080K) NonClass: 40259K(40576K)->40259K(40576K) Class: 5225K(5504K)->5225K(5504K)
[2024-12-17T14:33:35.506+0700][gc          ] GC(521) Pause Young (Normal) (G1 Evacuation Pause) 809M->764M(1024M) 44.192ms
[2024-12-17T14:33:35.506+0700][gc,cpu      ] GC(521) User=0.07s Sys=0.01s Real=0.05s
[2024-12-17T14:35:20.412+0700][gc,start    ] GC(522) Pause Young (Normal) (G1 Evacuation Pause)
[2024-12-17T14:35:20.413+0700][gc,task     ] GC(522) Using 2 workers of 2 for evacuation
[2024-12-17T14:35:20.472+0700][gc,mmu      ] GC(522) MMU target violated: 21.0ms (20.0ms/21.0ms)
[2024-12-17T14:35:20.473+0700][gc,phases   ] GC(522)   Pre Evacuate Collection Set: 4.3ms
[2024-12-17T14:35:20.473+0700][gc,phases   ] GC(522)   Merge Heap Roots: 1.2ms
[2024-12-17T14:35:20.473+0700][gc,phases   ] GC(522)   Evacuate Collection Set: 49.4ms
[2024-12-17T14:35:20.473+0700][gc,phases   ] GC(522)   Post Evacuate Collection Set: 4.3ms
[2024-12-17T14:35:20.473+0700][gc,phases   ] GC(522)   Other: 1.3ms
[2024-12-17T14:35:20.473+0700][gc,heap     ] GC(522) Eden regions: 48->0(44)
[2024-12-17T14:35:20.473+0700][gc,heap     ] GC(522) Survivor regions: 3->7(7)
[2024-12-17T14:35:20.473+0700][gc,heap     ] GC(522) Old regions: 632->632
[2024-12-17T14:35:20.473+0700][gc,heap     ] GC(522) Archive regions: 2->2
[2024-12-17T14:35:20.473+0700][gc,heap     ] GC(522) Humongous regions: 129->129
[2024-12-17T14:35:20.473+0700][gc,metaspace] GC(522) Metaspace: 45484K(46080K)->45484K(46080K) NonClass: 40259K(40576K)->40259K(40576K) Class: 5225K(5504K)->5225K(5504K)
[2024-12-17T14:35:20.473+0700][gc          ] GC(522) Pause Young (Normal) (G1 Evacuation Pause) 812M->768M(1024M) 60.642ms
[2024-12-17T14:35:20.473+0700][gc,cpu      ] GC(522) User=0.10s Sys=0.00s Real=0.06s
[2024-12-17T14:36:55.363+0700][gc,start    ] GC(523) Pause Young (Normal) (G1 Evacuation Pause)
[2024-12-17T14:36:55.363+0700][gc,task     ] GC(523) Using 2 workers of 2 for evacuation
[2024-12-17T14:36:55.412+0700][gc,mmu      ] GC(523) MMU target violated: 21.0ms (20.0ms/21.0ms)
[2024-12-17T14:36:55.412+0700][gc,phases   ] GC(523)   Pre Evacuate Collection Set: 3.1ms
[2024-12-17T14:36:55.412+0700][gc,phases   ] GC(523)   Merge Heap Roots: 0.9ms
[2024-12-17T14:36:55.412+0700][gc,phases   ] GC(523)   Evacuate Collection Set: 41.2ms
[2024-12-17T14:36:55.412+0700][gc,phases   ] GC(523)   Post Evacuate Collection Set: 3.6ms
[2024-12-17T14:36:55.413+0700][gc,phases   ] GC(523)   Other: 1.4ms
[2024-12-17T14:36:55.413+0700][gc,heap     ] GC(523) Eden regions: 44->0(48)
[2024-12-17T14:36:55.413+0700][gc,heap     ] GC(523) Survivor regions: 7->3(7)
[2024-12-17T14:36:55.413+0700][gc,heap     ] GC(523) Old regions: 632->637
[2024-12-17T14:36:55.413+0700][gc,heap     ] GC(523) Archive regions: 2->2
[2024-12-17T14:36:55.413+0700][gc,heap     ] GC(523) Humongous regions: 129->129
[2024-12-17T14:36:55.413+0700][gc,metaspace] GC(523) Metaspace: 45484K(46080K)->45484K(46080K) NonClass: 40259K(40576K)->40259K(40576K) Class: 5225K(5504K)->5225K(5504K)
[2024-12-17T14:36:55.413+0700][gc          ] GC(523) Pause Young (Normal) (G1 Evacuation Pause) 812M->768M(1024M) 50.264ms
[2024-12-17T14:36:55.413+0700][gc,cpu      ] GC(523) User=0.10s Sys=0.00s Real=0.05s
[2024-12-17T14:38:40.120+0700][gc,start    ] GC(524) Pause Young (Normal) (G1 Evacuation Pause)
[2024-12-17T14:38:40.120+0700][gc,task     ] GC(524) Using 2 workers of 2 for evacuation
[2024-12-17T14:38:40.176+0700][gc,mmu      ] GC(524) MMU target violated: 21.0ms (20.0ms/21.0ms)
[2024-12-17T14:38:40.177+0700][gc,phases   ] GC(524)   Pre Evacuate Collection Set: 4.7ms
[2024-12-17T14:38:40.177+0700][gc,phases   ] GC(524)   Merge Heap Roots: 1.6ms
[2024-12-17T14:38:40.177+0700][gc,phases   ] GC(524)   Evacuate Collection Set: 45.8ms
[2024-12-17T14:38:40.177+0700][gc,phases   ] GC(524)   Post Evacuate Collection Set: 3.6ms
[2024-12-17T14:38:40.177+0700][gc,phases   ] GC(524)   Other: 1.4ms
[2024-12-17T14:38:40.177+0700][gc,heap     ] GC(524) Eden regions: 48->0(45)
[2024-12-17T14:38:40.177+0700][gc,heap     ] GC(524) Survivor regions: 3->6(7)
[2024-12-17T14:38:40.177+0700][gc,heap     ] GC(524) Old regions: 637->637
[2024-12-17T14:38:40.177+0700][gc,heap     ] GC(524) Archive regions: 2->2
[2024-12-17T14:38:40.177+0700][gc,heap     ] GC(524) Humongous regions: 129->129
[2024-12-17T14:38:40.177+0700][gc,metaspace] GC(524) Metaspace: 45484K(46080K)->45484K(46080K) NonClass: 40259K(40576K)->40259K(40576K) Class: 5225K(5504K)->5225K(5504K)
[2024-12-17T14:38:40.177+0700][gc          ] GC(524) Pause Young (Normal) (G1 Evacuation Pause) 816M->772M(1024M) 57.040ms
[2024-12-17T14:38:40.177+0700][gc,cpu      ] GC(524) User=0.10s Sys=0.00s Real=0.06s
[2024-12-17T14:40:18.203+0700][gc,start    ] GC(525) Pause Young (Normal) (G1 Evacuation Pause)
[2024-12-17T14:40:18.204+0700][gc,task     ] GC(525) Using 2 workers of 2 for evacuation
[2024-12-17T14:40:18.268+0700][gc,mmu      ] GC(525) MMU target violated: 21.0ms (20.0ms/21.0ms)
[2024-12-17T14:40:18.268+0700][gc,phases   ] GC(525)   Pre Evacuate Collection Set: 3.3ms
[2024-12-17T14:40:18.268+0700][gc,phases   ] GC(525)   Merge Heap Roots: 0.8ms
[2024-12-17T14:40:18.268+0700][gc,phases   ] GC(525)   Evacuate Collection Set: 55.7ms
[2024-12-17T14:40:18.268+0700][gc,phases   ] GC(525)   Post Evacuate Collection Set: 3.7ms
[2024-12-17T14:40:18.268+0700][gc,phases   ] GC(525)   Other: 1.5ms
[2024-12-17T14:40:18.268+0700][gc,heap     ] GC(525) Eden regions: 45->0(46)
[2024-12-17T14:40:18.268+0700][gc,heap     ] GC(525) Survivor regions: 6->5(7)
[2024-12-17T14:40:18.268+0700][gc,heap     ] GC(525) Old regions: 637->641
[2024-12-17T14:40:18.268+0700][gc,heap     ] GC(525) Archive regions: 2->2
[2024-12-17T14:40:18.269+0700][gc,heap     ] GC(525) Humongous regions: 129->129
[2024-12-17T14:40:18.269+0700][gc,metaspace] GC(525) Metaspace: 45484K(46080K)->45484K(46080K) NonClass: 40259K(40576K)->40259K(40576K) Class: 5225K(5504K)->5225K(5504K)
[2024-12-17T14:40:18.269+0700][gc          ] GC(525) Pause Young (Normal) (G1 Evacuation Pause) 817M->775M(1024M) 65.164ms
[2024-12-17T14:40:18.269+0700][gc,cpu      ] GC(525) User=0.13s Sys=0.00s Real=0.07s
[2024-12-17T14:41:58.015+0700][gc,start    ] GC(526) Pause Young (Normal) (G1 Evacuation Pause)
[2024-12-17T14:41:58.016+0700][gc,task     ] GC(526) Using 2 workers of 2 for evacuation
[2024-12-17T14:41:58.060+0700][gc,mmu      ] GC(526) MMU target violated: 21.0ms (20.0ms/21.0ms)
[2024-12-17T14:41:58.060+0700][gc,phases   ] GC(526)   Pre Evacuate Collection Set: 2.7ms
[2024-12-17T14:41:58.060+0700][gc,phases   ] GC(526)   Merge Heap Roots: 0.8ms
[2024-12-17T14:41:58.060+0700][gc,phases   ] GC(526)   Evacuate Collection Set: 37.5ms
[2024-12-17T14:41:58.060+0700][gc,phases   ] GC(526)   Post Evacuate Collection Set: 2.7ms
[2024-12-17T14:41:58.060+0700][gc,phases   ] GC(526)   Other: 1.4ms
[2024-12-17T14:41:58.060+0700][gc,heap     ] GC(526) Eden regions: 46->0(48)
[2024-12-17T14:41:58.060+0700][gc,heap     ] GC(526) Survivor regions: 5->3(7)
[2024-12-17T14:41:58.060+0700][gc,heap     ] GC(526) Old regions: 641->643
[2024-12-17T14:41:58.060+0700][gc,heap     ] GC(526) Archive regions: 2->2
[2024-12-17T14:41:58.060+0700][gc,heap     ] GC(526) Humongous regions: 129->129
[2024-12-17T14:41:58.060+0700][gc,metaspace] GC(526) Metaspace: 45487K(46080K)->45487K(46080K) NonClass: 40262K(40576K)->40262K(40576K) Class: 5225K(5504K)->5225K(5504K)
[2024-12-17T14:41:58.061+0700][gc          ] GC(526) Pause Young (Normal) (G1 Evacuation Pause) 821M->775M(1024M) 45.056ms
[2024-12-17T14:41:58.061+0700][gc,cpu      ] GC(526) User=0.08s Sys=0.00s Real=0.05s
[2024-12-17T14:43:42.513+0700][gc,start    ] GC(527) Pause Young (Normal) (G1 Evacuation Pause)
[2024-12-17T14:43:42.513+0700][gc,task     ] GC(527) Using 2 workers of 2 for evacuation
[2024-12-17T14:43:42.561+0700][gc,mmu      ] GC(527) MMU target violated: 21.0ms (20.0ms/21.0ms)
[2024-12-17T14:43:42.561+0700][gc,phases   ] GC(527)   Pre Evacuate Collection Set: 2.6ms
[2024-12-17T14:43:42.562+0700][gc,phases   ] GC(527)   Merge Heap Roots: 1.0ms
[2024-12-17T14:43:42.562+0700][gc,phases   ] GC(527)   Evacuate Collection Set: 41.0ms
[2024-12-17T14:43:42.562+0700][gc,phases   ] GC(527)   Post Evacuate Collection Set: 3.3ms
[2024-12-17T14:43:42.562+0700][gc,phases   ] GC(527)   Other: 1.3ms
[2024-12-17T14:43:42.562+0700][gc,heap     ] GC(527) Eden regions: 48->0(44)
[2024-12-17T14:43:42.562+0700][gc,heap     ] GC(527) Survivor regions: 3->7(7)
[2024-12-17T14:43:42.562+0700][gc,heap     ] GC(527) Old regions: 643->643
[2024-12-17T14:43:42.562+0700][gc,heap     ] GC(527) Archive regions: 2->2
[2024-12-17T14:43:42.562+0700][gc,heap     ] GC(527) Humongous regions: 129->129
[2024-12-17T14:43:42.562+0700][gc,metaspace] GC(527) Metaspace: 45487K(46080K)->45487K(46080K) NonClass: 40262K(40576K)->40262K(40576K) Class: 5225K(5504K)->5225K(5504K)
[2024-12-17T14:43:42.562+0700][gc          ] GC(527) Pause Young (Normal) (G1 Evacuation Pause) 823M->779M(1024M) 49.191ms
[2024-12-17T14:43:42.562+0700][gc,cpu      ] GC(527) User=0.08s Sys=0.00s Real=0.05s
[2024-12-17T14:45:18.395+0700][gc,start    ] GC(528) Pause Young (Normal) (G1 Evacuation Pause)
[2024-12-17T14:45:18.395+0700][gc,task     ] GC(528) Using 2 workers of 2 for evacuation
[2024-12-17T14:45:18.446+0700][gc,mmu      ] GC(528) MMU target violated: 21.0ms (20.0ms/21.0ms)
[2024-12-17T14:45:18.446+0700][gc,phases   ] GC(528)   Pre Evacuate Collection Set: 2.5ms
[2024-12-17T14:45:18.446+0700][gc,phases   ] GC(528)   Merge Heap Roots: 0.9ms
[2024-12-17T14:45:18.446+0700][gc,phases   ] GC(528)   Evacuate Collection Set: 44.1ms
[2024-12-17T14:45:18.446+0700][gc,phases   ] GC(528)   Post Evacuate Collection Set: 2.8ms
[2024-12-17T14:45:18.446+0700][gc,phases   ] GC(528)   Other: 1.4ms
[2024-12-17T14:45:18.447+0700][gc,heap     ] GC(528) Eden regions: 44->0(48)
[2024-12-17T14:45:18.447+0700][gc,heap     ] GC(528) Survivor regions: 7->3(7)
[2024-12-17T14:45:18.447+0700][gc,heap     ] GC(528) Old regions: 643->648
[2024-12-17T14:45:18.447+0700][gc,heap     ] GC(528) Archive regions: 2->2
[2024-12-17T14:45:18.447+0700][gc,heap     ] GC(528) Humongous regions: 129->129
[2024-12-17T14:45:18.447+0700][gc,metaspace] GC(528) Metaspace: 45487K(46080K)->45487K(46080K) NonClass: 40262K(40576K)->40262K(40576K) Class: 5225K(5504K)->5225K(5504K)
[2024-12-17T14:45:18.447+0700][gc          ] GC(528) Pause Young (Normal) (G1 Evacuation Pause) 823M->780M(1024M) 51.800ms
[2024-12-17T14:45:18.447+0700][gc,cpu      ] GC(528) User=0.10s Sys=0.00s Real=0.06s
[2024-12-17T14:47:02.845+0700][gc,start    ] GC(529) Pause Young (Normal) (G1 Evacuation Pause)
[2024-12-17T14:47:02.846+0700][gc,task     ] GC(529) Using 2 workers of 2 for evacuation
[2024-12-17T14:47:02.893+0700][gc,mmu      ] GC(529) MMU target violated: 21.0ms (20.0ms/21.0ms)
[2024-12-17T14:47:02.893+0700][gc,phases   ] GC(529)   Pre Evacuate Collection Set: 3.7ms
[2024-12-17T14:47:02.893+0700][gc,phases   ] GC(529)   Merge Heap Roots: 0.6ms
[2024-12-17T14:47:02.893+0700][gc,phases   ] GC(529)   Evacuate Collection Set: 38.8ms
[2024-12-17T14:47:02.893+0700][gc,phases   ] GC(529)   Post Evacuate Collection Set: 3.2ms
[2024-12-17T14:47:02.893+0700][gc,phases   ] GC(529)   Other: 1.4ms
[2024-12-17T14:47:02.893+0700][gc,heap     ] GC(529) Eden regions: 48->0(45)
[2024-12-17T14:47:02.893+0700][gc,heap     ] GC(529) Survivor regions: 3->6(7)
[2024-12-17T14:47:02.893+0700][gc,heap     ] GC(529) Old regions: 648->648
[2024-12-17T14:47:02.893+0700][gc,heap     ] GC(529) Archive regions: 2->2
[2024-12-17T14:47:02.893+0700][gc,heap     ] GC(529) Humongous regions: 129->129
[2024-12-17T14:47:02.893+0700][gc,metaspace] GC(529) Metaspace: 45487K(46080K)->45487K(46080K) NonClass: 40262K(40576K)->40262K(40576K) Class: 5225K(5504K)->5225K(5504K)
[2024-12-17T14:47:02.893+0700][gc          ] GC(529) Pause Young (Normal) (G1 Evacuation Pause) 828M->783M(1024M) 47.672ms
[2024-12-17T14:47:02.893+0700][gc,cpu      ] GC(529) User=0.09s Sys=0.00s Real=0.04s
[2024-12-17T14:48:40.329+0700][gc,start    ] GC(530) Pause Young (Normal) (G1 Evacuation Pause)
[2024-12-17T14:48:40.329+0700][gc,task     ] GC(530) Using 2 workers of 2 for evacuation
[2024-12-17T14:48:40.393+0700][gc,mmu      ] GC(530) MMU target violated: 21.0ms (20.0ms/21.0ms)
[2024-12-17T14:48:40.394+0700][gc,phases   ] GC(530)   Pre Evacuate Collection Set: 3.1ms
[2024-12-17T14:48:40.394+0700][gc,phases   ] GC(530)   Merge Heap Roots: 0.8ms
[2024-12-17T14:48:40.394+0700][gc,phases   ] GC(530)   Evacuate Collection Set: 57.4ms
[2024-12-17T14:48:40.394+0700][gc,phases   ] GC(530)   Post Evacuate Collection Set: 2.3ms
[2024-12-17T14:48:40.394+0700][gc,phases   ] GC(530)   Other: 1.3ms
[2024-12-17T14:48:40.394+0700][gc,heap     ] GC(530) Eden regions: 45->0(46)
[2024-12-17T14:48:40.394+0700][gc,heap     ] GC(530) Survivor regions: 6->5(7)
[2024-12-17T14:48:40.394+0700][gc,heap     ] GC(530) Old regions: 648->652
[2024-12-17T14:48:40.394+0700][gc,heap     ] GC(530) Archive regions: 2->2
[2024-12-17T14:48:40.394+0700][gc,heap     ] GC(530) Humongous regions: 129->129
[2024-12-17T14:48:40.394+0700][gc,metaspace] GC(530) Metaspace: 45487K(46080K)->45487K(46080K) NonClass: 40262K(40576K)->40262K(40576K) Class: 5225K(5504K)->5225K(5504K)
[2024-12-17T14:48:40.394+0700][gc          ] GC(530) Pause Young (Normal) (G1 Evacuation Pause) 828M->786M(1024M) 64.869ms
[2024-12-17T14:48:40.394+0700][gc,cpu      ] GC(530) User=0.12s Sys=0.00s Real=0.06s
[2024-12-17T14:50:20.782+0700][gc,start    ] GC(531) Pause Young (Normal) (G1 Evacuation Pause)
[2024-12-17T14:50:20.782+0700][gc,task     ] GC(531) Using 2 workers of 2 for evacuation
[2024-12-17T14:50:20.826+0700][gc,mmu      ] GC(531) MMU target violated: 21.0ms (20.0ms/21.0ms)
[2024-12-17T14:50:20.826+0700][gc,phases   ] GC(531)   Pre Evacuate Collection Set: 2.7ms
[2024-12-17T14:50:20.826+0700][gc,phases   ] GC(531)   Merge Heap Roots: 0.7ms
[2024-12-17T14:50:20.826+0700][gc,phases   ] GC(531)   Evacuate Collection Set: 36.7ms
[2024-12-17T14:50:20.826+0700][gc,phases   ] GC(531)   Post Evacuate Collection Set: 3.3ms
[2024-12-17T14:50:20.826+0700][gc,phases   ] GC(531)   Other: 1.4ms
[2024-12-17T14:50:20.826+0700][gc,heap     ] GC(531) Eden regions: 46->0(47)
[2024-12-17T14:50:20.826+0700][gc,heap     ] GC(531) Survivor regions: 5->4(7)
[2024-12-17T14:50:20.826+0700][gc,heap     ] GC(531) Old regions: 652->654
[2024-12-17T14:50:20.826+0700][gc,heap     ] GC(531) Archive regions: 2->2
[2024-12-17T14:50:20.826+0700][gc,heap     ] GC(531) Humongous regions: 129->129
[2024-12-17T14:50:20.826+0700][gc,metaspace] GC(531) Metaspace: 45487K(46080K)->45487K(46080K) NonClass: 40262K(40576K)->40262K(40576K) Class: 5225K(5504K)->5225K(5504K)
[2024-12-17T14:50:20.826+0700][gc          ] GC(531) Pause Young (Normal) (G1 Evacuation Pause) 832M->787M(1024M) 44.858ms
[2024-12-17T14:50:20.827+0700][gc,cpu      ] GC(531) User=0.08s Sys=0.00s Real=0.05s
[2024-12-17T14:52:02.764+0700][gc,start    ] GC(532) Pause Young (Normal) (G1 Evacuation Pause)
[2024-12-17T14:52:02.765+0700][gc,task     ] GC(532) Using 2 workers of 2 for evacuation
[2024-12-17T14:52:02.817+0700][gc,mmu      ] GC(532) MMU target violated: 21.0ms (20.0ms/21.0ms)
[2024-12-17T14:52:02.817+0700][gc,phases   ] GC(532)   Pre Evacuate Collection Set: 4.2ms
[2024-12-17T14:52:02.817+0700][gc,phases   ] GC(532)   Merge Heap Roots: 0.9ms
[2024-12-17T14:52:02.817+0700][gc,phases   ] GC(532)   Evacuate Collection Set: 44.4ms
[2024-12-17T14:52:02.817+0700][gc,phases   ] GC(532)   Post Evacuate Collection Set: 2.3ms
[2024-12-17T14:52:02.817+0700][gc,phases   ] GC(532)   Other: 1.0ms
[2024-12-17T14:52:02.817+0700][gc,heap     ] GC(532) Eden regions: 47->0(44)
[2024-12-17T14:52:02.817+0700][gc,heap     ] GC(532) Survivor regions: 4->7(7)
[2024-12-17T14:52:02.817+0700][gc,heap     ] GC(532) Old regions: 654->654
[2024-12-17T14:52:02.817+0700][gc,heap     ] GC(532) Archive regions: 2->2
[2024-12-17T14:52:02.817+0700][gc,heap     ] GC(532) Humongous regions: 129->129
[2024-12-17T14:52:02.817+0700][gc,metaspace] GC(532) Metaspace: 45487K(46080K)->45487K(46080K) NonClass: 40262K(40576K)->40262K(40576K) Class: 5225K(5504K)->5225K(5504K)
[2024-12-17T14:52:02.817+0700][gc          ] GC(532) Pause Young (Normal) (G1 Evacuation Pause) 834M->790M(1024M) 52.852ms
[2024-12-17T14:52:02.817+0700][gc,cpu      ] GC(532) User=0.10s Sys=0.00s Real=0.05s
[2024-12-17T14:53:38.253+0700][gc,start    ] GC(533) Pause Young (Normal) (G1 Evacuation Pause)
[2024-12-17T14:53:38.254+0700][gc,task     ] GC(533) Using 2 workers of 2 for evacuation
[2024-12-17T14:53:38.307+0700][gc,mmu      ] GC(533) MMU target violated: 21.0ms (20.0ms/21.0ms)
[2024-12-17T14:53:38.307+0700][gc,phases   ] GC(533)   Pre Evacuate Collection Set: 2.7ms
[2024-12-17T14:53:38.307+0700][gc,phases   ] GC(533)   Merge Heap Roots: 0.7ms
[2024-12-17T14:53:38.307+0700][gc,phases   ] GC(533)   Evacuate Collection Set: 47.0ms
[2024-12-17T14:53:38.307+0700][gc,phases   ] GC(533)   Post Evacuate Collection Set: 2.4ms
[2024-12-17T14:53:38.307+0700][gc,phases   ] GC(533)   Other: 1.4ms
[2024-12-17T14:53:38.307+0700][gc,heap     ] GC(533) Eden regions: 44->0(48)
[2024-12-17T14:53:38.307+0700][gc,heap     ] GC(533) Survivor regions: 7->3(7)
[2024-12-17T14:53:38.307+0700][gc,heap     ] GC(533) Old regions: 654->658
[2024-12-17T14:53:38.307+0700][gc,heap     ] GC(533) Archive regions: 2->2
[2024-12-17T14:53:38.308+0700][gc,heap     ] GC(533) Humongous regions: 129->129
[2024-12-17T14:53:38.308+0700][gc,metaspace] GC(533) Metaspace: 45487K(46080K)->45487K(46080K) NonClass: 40262K(40576K)->40262K(40576K) Class: 5225K(5504K)->5225K(5504K)
[2024-12-17T14:53:38.308+0700][gc          ] GC(533) Pause Young (Normal) (G1 Evacuation Pause) 834M->790M(1024M) 54.315ms
[2024-12-17T14:53:38.308+0700][gc,cpu      ] GC(533) User=0.08s Sys=0.02s Real=0.06s
[2024-12-17T14:55:23.203+0700][gc,start    ] GC(534) Pause Young (Normal) (G1 Evacuation Pause)
[2024-12-17T14:55:23.204+0700][gc,task     ] GC(534) Using 2 workers of 2 for evacuation
[2024-12-17T14:55:23.254+0700][gc,mmu      ] GC(534) MMU target violated: 21.0ms (20.0ms/21.0ms)
[2024-12-17T14:55:23.254+0700][gc,phases   ] GC(534)   Pre Evacuate Collection Set: 4.3ms
[2024-12-17T14:55:23.255+0700][gc,phases   ] GC(534)   Merge Heap Roots: 1.1ms
[2024-12-17T14:55:23.255+0700][gc,phases   ] GC(534)   Evacuate Collection Set: 40.9ms
[2024-12-17T14:55:23.255+0700][gc,phases   ] GC(534)   Post Evacuate Collection Set: 3.9ms
[2024-12-17T14:55:23.255+0700][gc,phases   ] GC(534)   Other: 1.6ms
[2024-12-17T14:55:23.255+0700][gc,heap     ] GC(534) Eden regions: 48->0(45)
[2024-12-17T14:55:23.255+0700][gc,heap     ] GC(534) Survivor regions: 3->6(7)
[2024-12-17T14:55:23.255+0700][gc,heap     ] GC(534) Old regions: 658->658
[2024-12-17T14:55:23.255+0700][gc,heap     ] GC(534) Archive regions: 2->2
[2024-12-17T14:55:23.255+0700][gc,heap     ] GC(534) Humongous regions: 129->129
[2024-12-17T14:55:23.255+0700][gc,metaspace] GC(534) Metaspace: 45487K(46080K)->45487K(46080K) NonClass: 40262K(40576K)->40262K(40576K) Class: 5225K(5504K)->5225K(5504K)
[2024-12-17T14:55:23.255+0700][gc          ] GC(534) Pause Young (Normal) (G1 Evacuation Pause) 838M->793M(1024M) 51.578ms
[2024-12-17T14:55:23.255+0700][gc,cpu      ] GC(534) User=0.09s Sys=0.00s Real=0.05s
[2024-12-17T14:57:00.686+0700][gc,start    ] GC(535) Pause Young (Normal) (G1 Evacuation Pause)
[2024-12-17T14:57:00.687+0700][gc,task     ] GC(535) Using 2 workers of 2 for evacuation
[2024-12-17T14:57:00.750+0700][gc,mmu      ] GC(535) MMU target violated: 21.0ms (20.0ms/21.0ms)
[2024-12-17T14:57:00.750+0700][gc,phases   ] GC(535)   Pre Evacuate Collection Set: 2.6ms
[2024-12-17T14:57:00.750+0700][gc,phases   ] GC(535)   Merge Heap Roots: 1.1ms
[2024-12-17T14:57:00.751+0700][gc,phases   ] GC(535)   Evacuate Collection Set: 57.0ms
[2024-12-17T14:57:00.751+0700][gc,phases   ] GC(535)   Post Evacuate Collection Set: 2.4ms
[2024-12-17T14:57:00.751+0700][gc,phases   ] GC(535)   Other: 1.4ms
[2024-12-17T14:57:00.751+0700][gc,heap     ] GC(535) Eden regions: 45->0(46)
[2024-12-17T14:57:00.751+0700][gc,heap     ] GC(535) Survivor regions: 6->5(7)
[2024-12-17T14:57:00.751+0700][gc,heap     ] GC(535) Old regions: 658->663
[2024-12-17T14:57:00.751+0700][gc,heap     ] GC(535) Archive regions: 2->2
[2024-12-17T14:57:00.751+0700][gc,heap     ] GC(535) Humongous regions: 129->129
[2024-12-17T14:57:00.751+0700][gc,metaspace] GC(535) Metaspace: 45487K(46080K)->45487K(46080K) NonClass: 40262K(40576K)->40262K(40576K) Class: 5225K(5504K)->5225K(5504K)
[2024-12-17T14:57:00.751+0700][gc          ] GC(535) Pause Young (Normal) (G1 Evacuation Pause) 838M->797M(1024M) 64.474ms
[2024-12-17T14:57:00.751+0700][gc,cpu      ] GC(535) User=0.13s Sys=0.00s Real=0.06s
[2024-12-17T14:58:40.179+0700][gc,start    ] GC(536) Pause Young (Normal) (G1 Evacuation Pause)
[2024-12-17T14:58:40.179+0700][gc,task     ] GC(536) Using 2 workers of 2 for evacuation
[2024-12-17T14:58:40.217+0700][gc,mmu      ] GC(536) MMU target violated: 21.0ms (20.0ms/21.0ms)
[2024-12-17T14:58:40.218+0700][gc,phases   ] GC(536)   Pre Evacuate Collection Set: 3.0ms
[2024-12-17T14:58:40.218+0700][gc,phases   ] GC(536)   Merge Heap Roots: 0.6ms
[2024-12-17T14:58:40.218+0700][gc,phases   ] GC(536)   Evacuate Collection Set: 32.1ms
[2024-12-17T14:58:40.218+0700][gc,phases   ] GC(536)   Post Evacuate Collection Set: 2.4ms
[2024-12-17T14:58:40.218+0700][gc,phases   ] GC(536)   Other: 1.2ms
[2024-12-17T14:58:40.218+0700][gc,heap     ] GC(536) Eden regions: 46->0(48)
[2024-12-17T14:58:40.218+0700][gc,heap     ] GC(536) Survivor regions: 5->3(7)
[2024-12-17T14:58:40.218+0700][gc,heap     ] GC(536) Old regions: 663->665
[2024-12-17T14:58:40.218+0700][gc,heap     ] GC(536) Archive regions: 2->2
[2024-12-17T14:58:40.218+0700][gc,heap     ] GC(536) Humongous regions: 129->129
[2024-12-17T14:58:40.218+0700][gc,metaspace] GC(536) Metaspace: 45487K(46080K)->45487K(46080K) NonClass: 40262K(40576K)->40262K(40576K) Class: 5225K(5504K)->5225K(5504K)
[2024-12-17T14:58:40.218+0700][gc          ] GC(536) Pause Young (Normal) (G1 Evacuation Pause) 843M->797M(1024M) 39.214ms
[2024-12-17T14:58:40.218+0700][gc,cpu      ] GC(536) User=0.08s Sys=0.00s Real=0.04s
[2024-12-17T15:00:24.536+0700][gc,start    ] GC(537) Pause Young (Normal) (G1 Evacuation Pause)
[2024-12-17T15:00:24.537+0700][gc,task     ] GC(537) Using 2 workers of 2 for evacuation
[2024-12-17T15:00:24.599+0700][gc,mmu      ] GC(537) MMU target violated: 21.0ms (20.0ms/21.0ms)
[2024-12-17T15:00:24.599+0700][gc,phases   ] GC(537)   Pre Evacuate Collection Set: 3.5ms
[2024-12-17T15:00:24.599+0700][gc,phases   ] GC(537)   Merge Heap Roots: 1.2ms
[2024-12-17T15:00:24.599+0700][gc,phases   ] GC(537)   Evacuate Collection Set: 53.4ms
[2024-12-17T15:00:24.599+0700][gc,phases   ] GC(537)   Post Evacuate Collection Set: 3.4ms
[2024-12-17T15:00:24.599+0700][gc,phases   ] GC(537)   Other: 1.6ms
[2024-12-17T15:00:24.599+0700][gc,heap     ] GC(537) Eden regions: 48->0(44)
[2024-12-17T15:00:24.599+0700][gc,heap     ] GC(537) Survivor regions: 3->7(7)
[2024-12-17T15:00:24.599+0700][gc,heap     ] GC(537) Old regions: 665->665
[2024-12-17T15:00:24.599+0700][gc,heap     ] GC(537) Archive regions: 2->2
[2024-12-17T15:00:24.599+0700][gc,heap     ] GC(537) Humongous regions: 129->129
[2024-12-17T15:00:24.599+0700][gc,metaspace] GC(537) Metaspace: 45487K(46080K)->45487K(46080K) NonClass: 40262K(40576K)->40262K(40576K) Class: 5225K(5504K)->5225K(5504K)
[2024-12-17T15:00:24.599+0700][gc          ] GC(537) Pause Young (Normal) (G1 Evacuation Pause) 845M->800M(1024M) 62.898ms
[2024-12-17T15:00:24.599+0700][gc,cpu      ] GC(537) User=0.11s Sys=0.00s Real=0.06s
[2024-12-17T15:01:59.919+0700][gc,start    ] GC(538) Pause Young (Normal) (G1 Evacuation Pause)
[2024-12-17T15:01:59.919+0700][gc,task     ] GC(538) Using 2 workers of 2 for evacuation
[2024-12-17T15:01:59.990+0700][gc,mmu      ] GC(538) MMU target violated: 21.0ms (20.0ms/21.0ms)
[2024-12-17T15:01:59.990+0700][gc,phases   ] GC(538)   Pre Evacuate Collection Set: 3.8ms
[2024-12-17T15:01:59.990+0700][gc,phases   ] GC(538)   Merge Heap Roots: 1.0ms
[2024-12-17T15:01:59.990+0700][gc,phases   ] GC(538)   Evacuate Collection Set: 61.9ms
[2024-12-17T15:01:59.990+0700][gc,phases   ] GC(538)   Post Evacuate Collection Set: 3.6ms
[2024-12-17T15:01:59.990+0700][gc,phases   ] GC(538)   Other: 1.4ms
[2024-12-17T15:01:59.990+0700][gc,heap     ] GC(538) Eden regions: 44->0(48)
[2024-12-17T15:01:59.990+0700][gc,heap     ] GC(538) Survivor regions: 7->3(7)
[2024-12-17T15:01:59.990+0700][gc,heap     ] GC(538) Old regions: 665->669
[2024-12-17T15:01:59.990+0700][gc,heap     ] GC(538) Archive regions: 2->2
[2024-12-17T15:01:59.990+0700][gc,heap     ] GC(538) Humongous regions: 129->129
[2024-12-17T15:01:59.990+0700][gc,metaspace] GC(538) Metaspace: 45487K(46080K)->45487K(46080K) NonClass: 40262K(40576K)->40262K(40576K) Class: 5225K(5504K)->5225K(5504K)
[2024-12-17T15:01:59.990+0700][gc          ] GC(538) Pause Young (Normal) (G1 Evacuation Pause) 844M->801M(1024M) 71.782ms
[2024-12-17T15:01:59.990+0700][gc,cpu      ] GC(538) User=0.13s Sys=0.01s Real=0.07s
[2024-12-17T15:03:43.917+0700][gc,start    ] GC(539) Pause Young (Normal) (G1 Evacuation Pause)
[2024-12-17T15:03:43.917+0700][gc,task     ] GC(539) Using 2 workers of 2 for evacuation
[2024-12-17T15:03:43.964+0700][gc,mmu      ] GC(539) MMU target violated: 21.0ms (20.0ms/21.0ms)
[2024-12-17T15:03:43.964+0700][gc,phases   ] GC(539)   Pre Evacuate Collection Set: 2.6ms
[2024-12-17T15:03:43.964+0700][gc,phases   ] GC(539)   Merge Heap Roots: 1.2ms
[2024-12-17T15:03:43.964+0700][gc,phases   ] GC(539)   Evacuate Collection Set: 40.0ms
[2024-12-17T15:03:43.964+0700][gc,phases   ] GC(539)   Post Evacuate Collection Set: 2.7ms
[2024-12-17T15:03:43.965+0700][gc,phases   ] GC(539)   Other: 1.4ms
[2024-12-17T15:03:43.965+0700][gc,heap     ] GC(539) Eden regions: 48->0(45)
[2024-12-17T15:03:43.965+0700][gc,heap     ] GC(539) Survivor regions: 3->6(7)
[2024-12-17T15:03:43.965+0700][gc,heap     ] GC(539) Old regions: 669->669
[2024-12-17T15:03:43.965+0700][gc,heap     ] GC(539) Archive regions: 2->2
[2024-12-17T15:03:43.965+0700][gc,heap     ] GC(539) Humongous regions: 129->129
[2024-12-17T15:03:43.965+0700][gc,metaspace] GC(539) Metaspace: 45487K(46080K)->45487K(46080K) NonClass: 40262K(40576K)->40262K(40576K) Class: 5225K(5504K)->5225K(5504K)
[2024-12-17T15:03:43.965+0700][gc          ] GC(539) Pause Young (Normal) (G1 Evacuation Pause) 849M->804M(1024M) 48.071ms
[2024-12-17T15:03:43.965+0700][gc,cpu      ] GC(539) User=0.08s Sys=0.00s Real=0.05s
[2024-12-17T15:05:22.176+0700][gc,start    ] GC(540) Pause Young (Normal) (G1 Evacuation Pause)
[2024-12-17T15:05:22.176+0700][gc,task     ] GC(540) Using 2 workers of 2 for evacuation
[2024-12-17T15:05:22.252+0700][gc,mmu      ] GC(540) MMU target violated: 21.0ms (20.0ms/21.0ms)
[2024-12-17T15:05:22.252+0700][gc,phases   ] GC(540)   Pre Evacuate Collection Set: 3.6ms
[2024-12-17T15:05:22.252+0700][gc,phases   ] GC(540)   Merge Heap Roots: 0.9ms
[2024-12-17T15:05:22.252+0700][gc,phases   ] GC(540)   Evacuate Collection Set: 66.6ms
[2024-12-17T15:05:22.252+0700][gc,phases   ] GC(540)   Post Evacuate Collection Set: 4.2ms
[2024-12-17T15:05:22.252+0700][gc,phases   ] GC(540)   Other: 1.4ms
[2024-12-17T15:05:22.252+0700][gc,heap     ] GC(540) Eden regions: 45->0(46)
[2024-12-17T15:05:22.252+0700][gc,heap     ] GC(540) Survivor regions: 6->5(7)
[2024-12-17T15:05:22.252+0700][gc,heap     ] GC(540) Old regions: 669->674
[2024-12-17T15:05:22.252+0700][gc,heap     ] GC(540) Archive regions: 2->2
[2024-12-17T15:05:22.252+0700][gc,heap     ] GC(540) Humongous regions: 129->129
[2024-12-17T15:05:22.252+0700][gc,metaspace] GC(540) Metaspace: 45487K(46080K)->45487K(46080K) NonClass: 40262K(40576K)->40262K(40576K) Class: 5225K(5504K)->5225K(5504K)
[2024-12-17T15:05:22.252+0700][gc          ] GC(540) Pause Young (Normal) (G1 Evacuation Pause) 849M->808M(1024M) 76.778ms
[2024-12-17T15:05:22.252+0700][gc,cpu      ] GC(540) User=0.15s Sys=0.00s Real=0.08s
[2024-12-17T15:07:01.722+0700][gc,start    ] GC(541) Pause Young (Normal) (G1 Evacuation Pause)
[2024-12-17T15:07:01.722+0700][gc,task     ] GC(541) Using 2 workers of 2 for evacuation
[2024-12-17T15:07:01.769+0700][gc,mmu      ] GC(541) MMU target violated: 21.0ms (20.0ms/21.0ms)
[2024-12-17T15:07:01.769+0700][gc,phases   ] GC(541)   Pre Evacuate Collection Set: 2.5ms
[2024-12-17T15:07:01.769+0700][gc,phases   ] GC(541)   Merge Heap Roots: 5.8ms
[2024-12-17T15:07:01.769+0700][gc,phases   ] GC(541)   Evacuate Collection Set: 34.6ms
[2024-12-17T15:07:01.769+0700][gc,phases   ] GC(541)   Post Evacuate Collection Set: 3.0ms
[2024-12-17T15:07:01.769+0700][gc,phases   ] GC(541)   Other: 1.2ms
[2024-12-17T15:07:01.769+0700][gc,heap     ] GC(541) Eden regions: 46->0(48)
[2024-12-17T15:07:01.769+0700][gc,heap     ] GC(541) Survivor regions: 5->3(7)
[2024-12-17T15:07:01.769+0700][gc,heap     ] GC(541) Old regions: 674->676
[2024-12-17T15:07:01.769+0700][gc,heap     ] GC(541) Archive regions: 2->2
[2024-12-17T15:07:01.769+0700][gc,heap     ] GC(541) Humongous regions: 129->129
[2024-12-17T15:07:01.769+0700][gc,metaspace] GC(541) Metaspace: 45487K(46080K)->45487K(46080K) NonClass: 40262K(40576K)->40262K(40576K) Class: 5225K(5504K)->5225K(5504K)
[2024-12-17T15:07:01.769+0700][gc          ] GC(541) Pause Young (Normal) (G1 Evacuation Pause) 854M->808M(1024M) 47.021ms
[2024-12-17T15:07:01.769+0700][gc,cpu      ] GC(541) User=0.09s Sys=0.00s Real=0.05s
[2024-12-17T15:08:45.746+0700][gc,start    ] GC(542) Pause Young (Normal) (G1 Evacuation Pause)
[2024-12-17T15:08:45.747+0700][gc,task     ] GC(542) Using 2 workers of 2 for evacuation
[2024-12-17T15:08:45.807+0700][gc,mmu      ] GC(542) MMU target violated: 21.0ms (20.0ms/21.0ms)
[2024-12-17T15:08:45.807+0700][gc,phases   ] GC(542)   Pre Evacuate Collection Set: 2.8ms
[2024-12-17T15:08:45.807+0700][gc,phases   ] GC(542)   Merge Heap Roots: 0.8ms
[2024-12-17T15:08:45.807+0700][gc,phases   ] GC(542)   Evacuate Collection Set: 53.3ms
[2024-12-17T15:08:45.807+0700][gc,phases   ] GC(542)   Post Evacuate Collection Set: 2.8ms
[2024-12-17T15:08:45.807+0700][gc,phases   ] GC(542)   Other: 1.6ms
[2024-12-17T15:08:45.808+0700][gc,heap     ] GC(542) Eden regions: 48->0(44)
[2024-12-17T15:08:45.808+0700][gc,heap     ] GC(542) Survivor regions: 3->7(7)
[2024-12-17T15:08:45.808+0700][gc,heap     ] GC(542) Old regions: 676->676
[2024-12-17T15:08:45.808+0700][gc,heap     ] GC(542) Archive regions: 2->2
[2024-12-17T15:08:45.808+0700][gc,heap     ] GC(542) Humongous regions: 129->129
[2024-12-17T15:08:45.808+0700][gc,metaspace] GC(542) Metaspace: 45487K(46080K)->45487K(46080K) NonClass: 40262K(40576K)->40262K(40576K) Class: 5225K(5504K)->5225K(5504K)
[2024-12-17T15:08:45.808+0700][gc          ] GC(542) Pause Young (Normal) (G1 Evacuation Pause) 856M->811M(1024M) 61.406ms
[2024-12-17T15:08:45.808+0700][gc,cpu      ] GC(542) User=0.12s Sys=0.00s Real=0.06s
[2024-12-17T15:10:18.941+0700][gc,start    ] GC(543) Pause Young (Normal) (G1 Evacuation Pause)
[2024-12-17T15:10:18.942+0700][gc,task     ] GC(543) Using 2 workers of 2 for evacuation
[2024-12-17T15:10:19.018+0700][gc,mmu      ] GC(543) MMU target violated: 21.0ms (20.0ms/21.0ms)
[2024-12-17T15:10:19.018+0700][gc,phases   ] GC(543)   Pre Evacuate Collection Set: 3.4ms
[2024-12-17T15:10:19.018+0700][gc,phases   ] GC(543)   Merge Heap Roots: 0.9ms
[2024-12-17T15:10:19.018+0700][gc,phases   ] GC(543)   Evacuate Collection Set: 68.2ms
[2024-12-17T15:10:19.018+0700][gc,phases   ] GC(543)   Post Evacuate Collection Set: 2.8ms
[2024-12-17T15:10:19.018+0700][gc,phases   ] GC(543)   Other: 1.7ms
[2024-12-17T15:10:19.018+0700][gc,heap     ] GC(543) Eden regions: 44->0(45)
[2024-12-17T15:10:19.018+0700][gc,heap     ] GC(543) Survivor regions: 7->6(7)
[2024-12-17T15:10:19.018+0700][gc,heap     ] GC(543) Old regions: 676->680
[2024-12-17T15:10:19.018+0700][gc,heap     ] GC(543) Archive regions: 2->2
[2024-12-17T15:10:19.018+0700][gc,heap     ] GC(543) Humongous regions: 129->129
[2024-12-17T15:10:19.018+0700][gc,metaspace] GC(543) Metaspace: 45487K(46080K)->45487K(46080K) NonClass: 40262K(40576K)->40262K(40576K) Class: 5225K(5504K)->5225K(5504K)
[2024-12-17T15:10:19.018+0700][gc          ] GC(543) Pause Young (Normal) (G1 Evacuation Pause) 855M->815M(1024M) 76.922ms
[2024-12-17T15:10:19.018+0700][gc,cpu      ] GC(543) User=0.14s Sys=0.00s Real=0.08s
[2024-12-17T15:11:49.928+0700][gc,start    ] GC(544) Pause Young (Concurrent Start) (G1 Evacuation Pause)
[2024-12-17T15:11:49.929+0700][gc,task     ] GC(544) Using 2 workers of 2 for evacuation
[2024-12-17T15:11:49.999+0700][gc,mmu      ] GC(544) MMU target violated: 21.0ms (20.0ms/21.0ms)
[2024-12-17T15:11:50.000+0700][gc,phases   ] GC(544)   Pre Evacuate Collection Set: 4.5ms
[2024-12-17T15:11:50.000+0700][gc,phases   ] GC(544)   Merge Heap Roots: 1.6ms
[2024-12-17T15:11:50.000+0700][gc,phases   ] GC(544)   Evacuate Collection Set: 59.7ms
[2024-12-17T15:11:50.000+0700][gc,phases   ] GC(544)   Post Evacuate Collection Set: 4.0ms
[2024-12-17T15:11:50.000+0700][gc,phases   ] GC(544)   Other: 1.9ms
[2024-12-17T15:11:50.000+0700][gc,heap     ] GC(544) Eden regions: 45->0(47)
[2024-12-17T15:11:50.000+0700][gc,heap     ] GC(544) Survivor regions: 6->4(7)
[2024-12-17T15:11:50.000+0700][gc,heap     ] GC(544) Old regions: 680->683
[2024-12-17T15:11:50.000+0700][gc,heap     ] GC(544) Archive regions: 2->2
[2024-12-17T15:11:50.000+0700][gc,heap     ] GC(544) Humongous regions: 129->129
[2024-12-17T15:11:50.000+0700][gc,metaspace] GC(544) Metaspace: 45487K(46080K)->45487K(46080K) NonClass: 40262K(40576K)->40262K(40576K) Class: 5225K(5504K)->5225K(5504K)
[2024-12-17T15:11:50.000+0700][gc          ] GC(544) Pause Young (Concurrent Start) (G1 Evacuation Pause) 860M->816M(1024M) 71.616ms
[2024-12-17T15:11:50.000+0700][gc,cpu      ] GC(544) User=0.12s Sys=0.00s Real=0.07s
[2024-12-17T15:11:50.000+0700][gc          ] GC(545) Concurrent Mark Cycle
[2024-12-17T15:11:50.000+0700][gc,marking  ] GC(545) Concurrent Clear Claimed Marks
[2024-12-17T15:11:50.001+0700][gc,marking  ] GC(545) Concurrent Clear Claimed Marks 0.193ms
[2024-12-17T15:11:50.001+0700][gc,marking  ] GC(545) Concurrent Scan Root Regions
[2024-12-17T15:11:50.032+0700][gc,marking  ] GC(545) Concurrent Scan Root Regions 31.636ms
[2024-12-17T15:11:50.032+0700][gc,marking  ] GC(545) Concurrent Mark
[2024-12-17T15:11:50.032+0700][gc,marking  ] GC(545) Concurrent Mark From Roots
[2024-12-17T15:11:50.032+0700][gc,task     ] GC(545) Using 1 workers of 1 for marking
[2024-12-17T15:11:50.189+0700][gc,marking  ] GC(545) Concurrent Mark From Roots 156.350ms
[2024-12-17T15:11:50.189+0700][gc,marking  ] GC(545) Concurrent Preclean
[2024-12-17T15:11:50.189+0700][gc,marking  ] GC(545) Concurrent Preclean 0.353ms
[2024-12-17T15:11:50.189+0700][gc,start    ] GC(545) Pause Remark
[2024-12-17T15:11:50.239+0700][gc,mmu      ] GC(545) MMU target violated: 21.0ms (20.0ms/21.0ms)
[2024-12-17T15:11:50.239+0700][gc          ] GC(545) Pause Remark 817M->399M(1024M) 49.506ms
[2024-12-17T15:11:50.239+0700][gc,cpu      ] GC(545) User=0.10s Sys=0.00s Real=0.05s
[2024-12-17T15:11:50.240+0700][gc,marking  ] GC(545) Concurrent Mark 207.175ms
[2024-12-17T15:11:50.240+0700][gc,marking  ] GC(545) Concurrent Rebuild Remembered Sets
[2024-12-17T15:11:50.271+0700][gc,marking  ] GC(545) Concurrent Rebuild Remembered Sets 31.092ms
[2024-12-17T15:11:50.271+0700][gc,start    ] GC(545) Pause Cleanup
[2024-12-17T15:11:50.272+0700][gc          ] GC(545) Pause Cleanup 399M->399M(1024M) 0.699ms
[2024-12-17T15:11:50.272+0700][gc,cpu      ] GC(545) User=0.00s Sys=0.00s Real=0.00s
[2024-12-17T15:11:50.272+0700][gc,marking  ] GC(545) Concurrent Cleanup for Next Mark
[2024-12-17T15:11:50.302+0700][gc,marking  ] GC(545) Concurrent Cleanup for Next Mark 30.235ms
[2024-12-17T15:11:50.302+0700][gc          ] GC(545) Concurrent Mark Cycle 301.714ms
[2024-12-17T15:13:31.925+0700][gc,start    ] GC(546) Pause Young (Prepare Mixed) (G1 Evacuation Pause)
[2024-12-17T15:13:31.925+0700][gc,task     ] GC(546) Using 2 workers of 2 for evacuation
[2024-12-17T15:13:31.964+0700][gc,mmu      ] GC(546) MMU target violated: 21.0ms (20.0ms/21.0ms)
[2024-12-17T15:13:31.964+0700][gc,phases   ] GC(546)   Pre Evacuate Collection Set: 2.4ms
[2024-12-17T15:13:31.964+0700][gc,phases   ] GC(546)   Merge Heap Roots: 0.8ms
[2024-12-17T15:13:31.964+0700][gc,phases   ] GC(546)   Evacuate Collection Set: 32.1ms
[2024-12-17T15:13:31.964+0700][gc,phases   ] GC(546)   Post Evacuate Collection Set: 3.4ms
[2024-12-17T15:13:31.964+0700][gc,phases   ] GC(546)   Other: 1.0ms
[2024-12-17T15:13:31.964+0700][gc,heap     ] GC(546) Eden regions: 47->0(48)
[2024-12-17T15:13:31.964+0700][gc,heap     ] GC(546) Survivor regions: 4->3(7)
[2024-12-17T15:13:31.964+0700][gc,heap     ] GC(546) Old regions: 265->268
[2024-12-17T15:13:31.964+0700][gc,heap     ] GC(546) Archive regions: 2->2
[2024-12-17T15:13:31.964+0700][gc,heap     ] GC(546) Humongous regions: 129->129
[2024-12-17T15:13:31.965+0700][gc,metaspace] GC(546) Metaspace: 45487K(46080K)->45487K(46080K) NonClass: 40262K(40576K)->40262K(40576K) Class: 5225K(5504K)->5225K(5504K)
[2024-12-17T15:13:31.965+0700][gc          ] GC(546) Pause Young (Prepare Mixed) (G1 Evacuation Pause) 445M->400M(1024M) 39.897ms
[2024-12-17T15:13:31.965+0700][gc,cpu      ] GC(546) User=0.07s Sys=0.00s Real=0.04s
[2024-12-17T15:15:14.761+0700][gc,start    ] GC(547) Pause Young (Mixed) (G1 Evacuation Pause)
[2024-12-17T15:15:14.761+0700][gc,task     ] GC(547) Using 2 workers of 2 for evacuation
[2024-12-17T15:15:14.800+0700][gc,mmu      ] GC(547) MMU target violated: 21.0ms (20.0ms/21.0ms)
[2024-12-17T15:15:14.800+0700][gc,phases   ] GC(547)   Pre Evacuate Collection Set: 2.8ms
[2024-12-17T15:15:14.800+0700][gc,phases   ] GC(547)   Merge Heap Roots: 0.8ms
[2024-12-17T15:15:14.800+0700][gc,phases   ] GC(547)   Evacuate Collection Set: 30.2ms
[2024-12-17T15:15:14.800+0700][gc,phases   ] GC(547)   Post Evacuate Collection Set: 4.0ms
[2024-12-17T15:15:14.800+0700][gc,phases   ] GC(547)   Other: 1.3ms
[2024-12-17T15:15:14.800+0700][gc,heap     ] GC(547) Eden regions: 48->0(46)
[2024-12-17T15:15:14.800+0700][gc,heap     ] GC(547) Survivor regions: 3->5(7)
[2024-12-17T15:15:14.800+0700][gc,heap     ] GC(547) Old regions: 268->244
[2024-12-17T15:15:14.800+0700][gc,heap     ] GC(547) Archive regions: 2->2
[2024-12-17T15:15:14.800+0700][gc,heap     ] GC(547) Humongous regions: 129->129
[2024-12-17T15:15:14.800+0700][gc,metaspace] GC(547) Metaspace: 45487K(46080K)->45487K(46080K) NonClass: 40262K(40576K)->40262K(40576K) Class: 5225K(5504K)->5225K(5504K)
[2024-12-17T15:15:14.800+0700][gc          ] GC(547) Pause Young (Mixed) (G1 Evacuation Pause) 448M->378M(1024M) 39.110ms
[2024-12-17T15:15:14.800+0700][gc,cpu      ] GC(547) User=0.06s Sys=0.00s Real=0.04s
[2024-12-17T15:16:54.380+0700][gc,start    ] GC(548) Pause Young (Mixed) (G1 Evacuation Pause)
[2024-12-17T15:16:54.380+0700][gc,task     ] GC(548) Using 2 workers of 2 for evacuation
[2024-12-17T15:16:54.434+0700][gc,mmu      ] GC(548) MMU target violated: 21.0ms (20.0ms/21.0ms)
[2024-12-17T15:16:54.434+0700][gc,phases   ] GC(548)   Pre Evacuate Collection Set: 3.1ms
[2024-12-17T15:16:54.434+0700][gc,phases   ] GC(548)   Merge Heap Roots: 0.9ms
[2024-12-17T15:16:54.435+0700][gc,phases   ] GC(548)   Evacuate Collection Set: 44.8ms
[2024-12-17T15:16:54.435+0700][gc,phases   ] GC(548)   Post Evacuate Collection Set: 4.7ms
[2024-12-17T15:16:54.435+0700][gc,phases   ] GC(548)   Other: 1.6ms
[2024-12-17T15:16:54.435+0700][gc,heap     ] GC(548) Eden regions: 46->0(44)
[2024-12-17T15:16:54.435+0700][gc,heap     ] GC(548) Survivor regions: 5->7(7)
[2024-12-17T15:16:54.435+0700][gc,heap     ] GC(548) Old regions: 244->221
[2024-12-17T15:16:54.435+0700][gc,heap     ] GC(548) Archive regions: 2->2
[2024-12-17T15:16:54.435+0700][gc,heap     ] GC(548) Humongous regions: 129->129
[2024-12-17T15:16:54.435+0700][gc,metaspace] GC(548) Metaspace: 45487K(46080K)->45487K(46080K) NonClass: 40262K(40576K)->40262K(40576K) Class: 5225K(5504K)->5225K(5504K)
[2024-12-17T15:16:54.435+0700][gc          ] GC(548) Pause Young (Mixed) (G1 Evacuation Pause) 424M->357M(1024M) 55.027ms
[2024-12-17T15:16:54.435+0700][gc,cpu      ] GC(548) User=0.10s Sys=0.00s Real=0.05s
[2024-12-17T15:18:30.100+0700][gc,start    ] GC(549) Pause Young (Mixed) (G1 Evacuation Pause)
[2024-12-17T15:18:30.101+0700][gc,task     ] GC(549) Using 2 workers of 2 for evacuation
[2024-12-17T15:18:30.164+0700][gc,mmu      ] GC(549) MMU target violated: 21.0ms (20.0ms/21.0ms)
[2024-12-17T15:18:30.165+0700][gc,phases   ] GC(549)   Pre Evacuate Collection Set: 1.8ms
[2024-12-17T15:18:30.165+0700][gc,phases   ] GC(549)   Merge Heap Roots: 1.0ms
[2024-12-17T15:18:30.165+0700][gc,phases   ] GC(549)   Evacuate Collection Set: 57.1ms
[2024-12-17T15:18:30.165+0700][gc,phases   ] GC(549)   Post Evacuate Collection Set: 3.4ms
[2024-12-17T15:18:30.165+0700][gc,phases   ] GC(549)   Other: 1.2ms
[2024-12-17T15:18:30.165+0700][gc,heap     ] GC(549) Eden regions: 44->0(44)
[2024-12-17T15:18:30.165+0700][gc,heap     ] GC(549) Survivor regions: 7->7(7)
[2024-12-17T15:18:30.165+0700][gc,heap     ] GC(549) Old regions: 221->200
[2024-12-17T15:18:30.165+0700][gc,heap     ] GC(549) Archive regions: 2->2
[2024-12-17T15:18:30.165+0700][gc,heap     ] GC(549) Humongous regions: 129->129
[2024-12-17T15:18:30.165+0700][gc,metaspace] GC(549) Metaspace: 45487K(46080K)->45487K(46080K) NonClass: 40262K(40576K)->40262K(40576K) Class: 5225K(5504K)->5225K(5504K)
[2024-12-17T15:18:30.165+0700][gc          ] GC(549) Pause Young (Mixed) (G1 Evacuation Pause) 401M->336M(1024M) 64.464ms
[2024-12-17T15:18:30.165+0700][gc,cpu      ] GC(549) User=0.12s Sys=0.00s Real=0.07s
[2024-12-17T15:20:05.436+0700][gc,start    ] GC(550) Pause Young (Mixed) (G1 Evacuation Pause)
[2024-12-17T15:20:05.436+0700][gc,task     ] GC(550) Using 2 workers of 2 for evacuation
[2024-12-17T15:20:05.490+0700][gc,mmu      ] GC(550) MMU target violated: 21.0ms (20.0ms/21.0ms)
[2024-12-17T15:20:05.490+0700][gc,phases   ] GC(550)   Pre Evacuate Collection Set: 4.3ms
[2024-12-17T15:20:05.490+0700][gc,phases   ] GC(550)   Merge Heap Roots: 1.2ms
[2024-12-17T15:20:05.490+0700][gc,phases   ] GC(550)   Evacuate Collection Set: 45.2ms
[2024-12-17T15:20:05.490+0700][gc,phases   ] GC(550)   Post Evacuate Collection Set: 2.8ms
[2024-12-17T15:20:05.490+0700][gc,phases   ] GC(550)   Other: 1.4ms
[2024-12-17T15:20:05.490+0700][gc,heap     ] GC(550) Eden regions: 44->0(48)
[2024-12-17T15:20:05.490+0700][gc,heap     ] GC(550) Survivor regions: 7->3(7)
[2024-12-17T15:20:05.490+0700][gc,heap     ] GC(550) Old regions: 200->180
[2024-12-17T15:20:05.490+0700][gc,heap     ] GC(550) Archive regions: 2->2
[2024-12-17T15:20:05.490+0700][gc,heap     ] GC(550) Humongous regions: 129->129
[2024-12-17T15:20:05.490+0700][gc,metaspace] GC(550) Metaspace: 45487K(46080K)->45487K(46080K) NonClass: 40262K(40576K)->40262K(40576K) Class: 5225K(5504K)->5225K(5504K)
[2024-12-17T15:20:05.491+0700][gc          ] GC(550) Pause Young (Mixed) (G1 Evacuation Pause) 380M->312M(1024M) 54.960ms
[2024-12-17T15:20:05.491+0700][gc,cpu      ] GC(550) User=0.10s Sys=0.00s Real=0.06s
[2024-12-17T15:21:49.909+0700][gc,start    ] GC(551) Pause Young (Mixed) (G1 Evacuation Pause)
[2024-12-17T15:21:49.910+0700][gc,task     ] GC(551) Using 2 workers of 2 for evacuation
[2024-12-17T15:21:49.960+0700][gc,mmu      ] GC(551) MMU target violated: 21.0ms (20.0ms/21.0ms)
[2024-12-17T15:21:49.961+0700][gc,phases   ] GC(551)   Pre Evacuate Collection Set: 3.6ms
[2024-12-17T15:21:49.961+0700][gc,phases   ] GC(551)   Merge Heap Roots: 0.8ms
[2024-12-17T15:21:49.961+0700][gc,phases   ] GC(551)   Evacuate Collection Set: 42.9ms
[2024-12-17T15:21:49.961+0700][gc,phases   ] GC(551)   Post Evacuate Collection Set: 2.9ms
[2024-12-17T15:21:49.961+0700][gc,phases   ] GC(551)   Other: 1.3ms
[2024-12-17T15:21:49.961+0700][gc,heap     ] GC(551) Eden regions: 48->0(44)
[2024-12-17T15:21:49.961+0700][gc,heap     ] GC(551) Survivor regions: 3->7(7)
[2024-12-17T15:21:49.961+0700][gc,heap     ] GC(551) Old regions: 180->157
[2024-12-17T15:21:49.961+0700][gc,heap     ] GC(551) Archive regions: 2->2
[2024-12-17T15:21:49.961+0700][gc,heap     ] GC(551) Humongous regions: 129->129
[2024-12-17T15:21:49.961+0700][gc,metaspace] GC(551) Metaspace: 45487K(46080K)->45487K(46080K) NonClass: 40262K(40576K)->40262K(40576K) Class: 5225K(5504K)->5225K(5504K)
[2024-12-17T15:21:49.961+0700][gc          ] GC(551) Pause Young (Mixed) (G1 Evacuation Pause) 360M->292M(1024M) 51.727ms
[2024-12-17T15:21:49.961+0700][gc,cpu      ] GC(551) User=0.09s Sys=0.00s Real=0.05s
[2024-12-17T15:23:25.516+0700][gc,start    ] GC(552) Pause Young (Mixed) (G1 Evacuation Pause)
[2024-12-17T15:23:25.517+0700][gc,task     ] GC(552) Using 2 workers of 2 for evacuation
[2024-12-17T15:23:25.581+0700][gc,mmu      ] GC(552) MMU target violated: 21.0ms (20.0ms/21.0ms)
[2024-12-17T15:23:25.581+0700][gc,phases   ] GC(552)   Pre Evacuate Collection Set: 3.6ms
[2024-12-17T15:23:25.581+0700][gc,phases   ] GC(552)   Merge Heap Roots: 1.2ms
[2024-12-17T15:23:25.581+0700][gc,phases   ] GC(552)   Evacuate Collection Set: 56.0ms
[2024-12-17T15:23:25.581+0700][gc,phases   ] GC(552)   Post Evacuate Collection Set: 2.8ms
[2024-12-17T15:23:25.581+0700][gc,phases   ] GC(552)   Other: 2.1ms
[2024-12-17T15:23:25.581+0700][gc,heap     ] GC(552) Eden regions: 44->0(46)
[2024-12-17T15:23:25.581+0700][gc,heap     ] GC(552) Survivor regions: 7->5(7)
[2024-12-17T15:23:25.581+0700][gc,heap     ] GC(552) Old regions: 157->137
[2024-12-17T15:23:25.581+0700][gc,heap     ] GC(552) Archive regions: 2->2
[2024-12-17T15:23:25.581+0700][gc,heap     ] GC(552) Humongous regions: 129->129
[2024-12-17T15:23:25.581+0700][gc,metaspace] GC(552) Metaspace: 45487K(46080K)->45487K(46080K) NonClass: 40262K(40576K)->40262K(40576K) Class: 5225K(5504K)->5225K(5504K)
[2024-12-17T15:23:25.581+0700][gc          ] GC(552) Pause Young (Mixed) (G1 Evacuation Pause) 336M->271M(1024M) 65.339ms
[2024-12-17T15:23:25.582+0700][gc,cpu      ] GC(552) User=0.12s Sys=0.00s Real=0.06s
[2024-12-17T15:25:05.870+0700][gc,start    ] GC(553) Pause Young (Mixed) (G1 Evacuation Pause)
[2024-12-17T15:25:05.871+0700][gc,task     ] GC(553) Using 2 workers of 2 for evacuation
[2024-12-17T15:25:05.921+0700][gc,mmu      ] GC(553) MMU target violated: 21.0ms (20.0ms/21.0ms)
[2024-12-17T15:25:05.921+0700][gc,phases   ] GC(553)   Pre Evacuate Collection Set: 3.1ms
[2024-12-17T15:25:05.921+0700][gc,phases   ] GC(553)   Merge Heap Roots: 1.2ms
[2024-12-17T15:25:05.921+0700][gc,phases   ] GC(553)   Evacuate Collection Set: 41.1ms
[2024-12-17T15:25:05.921+0700][gc,phases   ] GC(553)   Post Evacuate Collection Set: 4.1ms
[2024-12-17T15:25:05.921+0700][gc,phases   ] GC(553)   Other: 1.3ms
[2024-12-17T15:25:05.921+0700][gc,heap     ] GC(553) Eden regions: 46->0(47)
[2024-12-17T15:25:05.921+0700][gc,heap     ] GC(553) Survivor regions: 5->4(7)
[2024-12-17T15:25:05.921+0700][gc,heap     ] GC(553) Old regions: 137->115
[2024-12-17T15:25:05.921+0700][gc,heap     ] GC(553) Archive regions: 2->2
[2024-12-17T15:25:05.921+0700][gc,heap     ] GC(553) Humongous regions: 129->129
[2024-12-17T15:25:05.921+0700][gc,metaspace] GC(553) Metaspace: 45487K(46080K)->45487K(46080K) NonClass: 40262K(40576K)->40262K(40576K) Class: 5225K(5504K)->5225K(5504K)
[2024-12-17T15:25:05.921+0700][gc          ] GC(553) Pause Young (Mixed) (G1 Evacuation Pause) 317M->248M(1024M) 50.848ms
[2024-12-17T15:25:05.921+0700][gc,cpu      ] GC(553) User=0.09s Sys=0.00s Real=0.05s
[2024-12-17T15:26:48.220+0700][gc,start    ] GC(554) Pause Young (Mixed) (G1 Evacuation Pause)
[2024-12-17T15:26:48.220+0700][gc,task     ] GC(554) Using 2 workers of 2 for evacuation
[2024-12-17T15:26:48.279+0700][gc,mmu      ] GC(554) MMU target violated: 21.0ms (20.0ms/21.0ms)
[2024-12-17T15:26:48.279+0700][gc,phases   ] GC(554)   Pre Evacuate Collection Set: 4.7ms
[2024-12-17T15:26:48.279+0700][gc,phases   ] GC(554)   Merge Heap Roots: 1.1ms
[2024-12-17T15:26:48.279+0700][gc,phases   ] GC(554)   Evacuate Collection Set: 49.3ms
[2024-12-17T15:26:48.279+0700][gc,phases   ] GC(554)   Post Evacuate Collection Set: 2.7ms
[2024-12-17T15:26:48.279+0700][gc,phases   ] GC(554)   Other: 1.6ms
[2024-12-17T15:26:48.279+0700][gc,heap     ] GC(554) Eden regions: 47->0(44)
[2024-12-17T15:26:48.279+0700][gc,heap     ] GC(554) Survivor regions: 4->7(7)
[2024-12-17T15:26:48.279+0700][gc,heap     ] GC(554) Old regions: 115->93
[2024-12-17T15:26:48.279+0700][gc,heap     ] GC(554) Archive regions: 2->2
[2024-12-17T15:26:48.279+0700][gc,heap     ] GC(554) Humongous regions: 129->129
[2024-12-17T15:26:48.279+0700][gc,metaspace] GC(554) Metaspace: 45487K(46080K)->45487K(46080K) NonClass: 40262K(40576K)->40262K(40576K) Class: 5225K(5504K)->5225K(5504K)
[2024-12-17T15:26:48.280+0700][gc          ] GC(554) Pause Young (Mixed) (G1 Evacuation Pause) 295M->229M(1024M) 59.560ms
[2024-12-17T15:26:48.280+0700][gc,cpu      ] GC(554) User=0.11s Sys=0.00s Real=0.06s
[2024-12-17T15:28:24.084+0700][gc,start    ] GC(555) Pause Young (Normal) (G1 Evacuation Pause)
[2024-12-17T15:28:24.084+0700][gc,task     ] GC(555) Using 2 workers of 2 for evacuation
[2024-12-17T15:28:24.131+0700][gc,mmu      ] GC(555) MMU target violated: 21.0ms (20.0ms/21.0ms)
[2024-12-17T15:28:24.131+0700][gc,phases   ] GC(555)   Pre Evacuate Collection Set: 2.7ms
[2024-12-17T15:28:24.131+0700][gc,phases   ] GC(555)   Merge Heap Roots: 0.6ms
[2024-12-17T15:28:24.131+0700][gc,phases   ] GC(555)   Evacuate Collection Set: 39.8ms
[2024-12-17T15:28:24.131+0700][gc,phases   ] GC(555)   Post Evacuate Collection Set: 2.8ms
[2024-12-17T15:28:24.131+0700][gc,phases   ] GC(555)   Other: 1.5ms
[2024-12-17T15:28:24.131+0700][gc,heap     ] GC(555) Eden regions: 44->0(48)
[2024-12-17T15:28:24.131+0700][gc,heap     ] GC(555) Survivor regions: 7->3(7)
[2024-12-17T15:28:24.131+0700][gc,heap     ] GC(555) Old regions: 93->97
[2024-12-17T15:28:24.131+0700][gc,heap     ] GC(555) Archive regions: 2->2
[2024-12-17T15:28:24.131+0700][gc,heap     ] GC(555) Humongous regions: 129->129
[2024-12-17T15:28:24.131+0700][gc,metaspace] GC(555) Metaspace: 45487K(46080K)->45487K(46080K) NonClass: 40262K(40576K)->40262K(40576K) Class: 5225K(5504K)->5225K(5504K)
[2024-12-17T15:28:24.131+0700][gc          ] GC(555) Pause Young (Normal) (G1 Evacuation Pause) 273M->229M(1024M) 47.454ms
[2024-12-17T15:28:24.131+0700][gc,cpu      ] GC(555) User=0.09s Sys=0.01s Real=0.05s
[2024-12-17T15:30:08.808+0700][gc,start    ] GC(556) Pause Young (Normal) (G1 Evacuation Pause)
[2024-12-17T15:30:08.809+0700][gc,task     ] GC(556) Using 2 workers of 2 for evacuation
[2024-12-17T15:30:08.874+0700][gc,mmu      ] GC(556) MMU target violated: 21.0ms (20.0ms/21.0ms)
[2024-12-17T15:30:08.874+0700][gc,phases   ] GC(556)   Pre Evacuate Collection Set: 4.9ms
[2024-12-17T15:30:08.874+0700][gc,phases   ] GC(556)   Merge Heap Roots: 1.5ms
[2024-12-17T15:30:08.874+0700][gc,phases   ] GC(556)   Evacuate Collection Set: 53.1ms
[2024-12-17T15:30:08.874+0700][gc,phases   ] GC(556)   Post Evacuate Collection Set: 5.5ms
[2024-12-17T15:30:08.874+0700][gc,phases   ] GC(556)   Other: 1.2ms
[2024-12-17T15:30:08.874+0700][gc,heap     ] GC(556) Eden regions: 48->0(45)
[2024-12-17T15:30:08.874+0700][gc,heap     ] GC(556) Survivor regions: 3->6(7)
[2024-12-17T15:30:08.874+0700][gc,heap     ] GC(556) Old regions: 97->97
[2024-12-17T15:30:08.874+0700][gc,heap     ] GC(556) Archive regions: 2->2
[2024-12-17T15:30:08.874+0700][gc,heap     ] GC(556) Humongous regions: 129->129
[2024-12-17T15:30:08.874+0700][gc,metaspace] GC(556) Metaspace: 45487K(46080K)->45487K(46080K) NonClass: 40262K(40576K)->40262K(40576K) Class: 5225K(5504K)->5225K(5504K)
[2024-12-17T15:30:08.875+0700][gc          ] GC(556) Pause Young (Normal) (G1 Evacuation Pause) 277M->232M(1024M) 66.117ms
[2024-12-17T15:30:08.875+0700][gc,cpu      ] GC(556) User=0.12s Sys=0.00s Real=0.06s
[2024-12-17T15:31:46.309+0700][gc,start    ] GC(557) Pause Young (Normal) (G1 Evacuation Pause)
[2024-12-17T15:31:46.310+0700][gc,task     ] GC(557) Using 2 workers of 2 for evacuation
[2024-12-17T15:31:46.373+0700][gc,mmu      ] GC(557) MMU target violated: 21.0ms (20.0ms/21.0ms)
[2024-12-17T15:31:46.373+0700][gc,phases   ] GC(557)   Pre Evacuate Collection Set: 4.0ms
[2024-12-17T15:31:46.373+0700][gc,phases   ] GC(557)   Merge Heap Roots: 0.8ms
[2024-12-17T15:31:46.373+0700][gc,phases   ] GC(557)   Evacuate Collection Set: 54.8ms
[2024-12-17T15:31:46.373+0700][gc,phases   ] GC(557)   Post Evacuate Collection Set: 3.1ms
[2024-12-17T15:31:46.373+0700][gc,phases   ] GC(557)   Other: 1.2ms
[2024-12-17T15:31:46.373+0700][gc,heap     ] GC(557) Eden regions: 45->0(46)
[2024-12-17T15:31:46.373+0700][gc,heap     ] GC(557) Survivor regions: 6->5(7)
[2024-12-17T15:31:46.373+0700][gc,heap     ] GC(557) Old regions: 97->101
[2024-12-17T15:31:46.373+0700][gc,heap     ] GC(557) Archive regions: 2->2
[2024-12-17T15:31:46.373+0700][gc,heap     ] GC(557) Humongous regions: 129->129
[2024-12-17T15:31:46.373+0700][gc,metaspace] GC(557) Metaspace: 45487K(46080K)->45487K(46080K) NonClass: 40262K(40576K)->40262K(40576K) Class: 5225K(5504K)->5225K(5504K)
[2024-12-17T15:31:46.373+0700][gc          ] GC(557) Pause Young (Normal) (G1 Evacuation Pause) 277M->235M(1024M) 64.006ms
[2024-12-17T15:31:46.373+0700][gc,cpu      ] GC(557) User=0.13s Sys=0.00s Real=0.06s
[2024-12-17T15:33:26.232+0700][gc,start    ] GC(558) Pause Young (Normal) (G1 Evacuation Pause)
[2024-12-17T15:33:26.232+0700][gc,task     ] GC(558) Using 2 workers of 2 for evacuation
[2024-12-17T15:33:26.275+0700][gc,mmu      ] GC(558) MMU target violated: 21.0ms (20.0ms/21.0ms)
[2024-12-17T15:33:26.276+0700][gc,phases   ] GC(558)   Pre Evacuate Collection Set: 3.0ms
[2024-12-17T15:33:26.276+0700][gc,phases   ] GC(558)   Merge Heap Roots: 0.6ms
[2024-12-17T15:33:26.276+0700][gc,phases   ] GC(558)   Evacuate Collection Set: 36.4ms
[2024-12-17T15:33:26.276+0700][gc,phases   ] GC(558)   Post Evacuate Collection Set: 3.1ms
[2024-12-17T15:33:26.276+0700][gc,phases   ] GC(558)   Other: 1.2ms
[2024-12-17T15:33:26.276+0700][gc,heap     ] GC(558) Eden regions: 46->0(47)
[2024-12-17T15:33:26.276+0700][gc,heap     ] GC(558) Survivor regions: 5->4(7)
[2024-12-17T15:33:26.276+0700][gc,heap     ] GC(558) Old regions: 101->104
[2024-12-17T15:33:26.276+0700][gc,heap     ] GC(558) Archive regions: 2->2
[2024-12-17T15:33:26.276+0700][gc,heap     ] GC(558) Humongous regions: 129->129
[2024-12-17T15:33:26.276+0700][gc,metaspace] GC(558) Metaspace: 45495K(46080K)->45495K(46080K) NonClass: 40270K(40576K)->40270K(40576K) Class: 5225K(5504K)->5225K(5504K)
[2024-12-17T15:33:26.276+0700][gc          ] GC(558) Pause Young (Normal) (G1 Evacuation Pause) 281M->237M(1024M) 44.543ms
[2024-12-17T15:33:26.276+0700][gc,cpu      ] GC(558) User=0.08s Sys=0.00s Real=0.05s
[2024-12-17T15:35:09.079+0700][gc,start    ] GC(559) Pause Young (Normal) (G1 Evacuation Pause)
[2024-12-17T15:35:09.079+0700][gc,task     ] GC(559) Using 2 workers of 2 for evacuation
[2024-12-17T15:35:09.129+0700][gc,mmu      ] GC(559) MMU target violated: 21.0ms (20.0ms/21.0ms)
[2024-12-17T15:35:09.129+0700][gc,phases   ] GC(559)   Pre Evacuate Collection Set: 2.8ms
[2024-12-17T15:35:09.129+0700][gc,phases   ] GC(559)   Merge Heap Roots: 1.0ms
[2024-12-17T15:35:09.129+0700][gc,phases   ] GC(559)   Evacuate Collection Set: 42.2ms
[2024-12-17T15:35:09.129+0700][gc,phases   ] GC(559)   Post Evacuate Collection Set: 3.7ms
[2024-12-17T15:35:09.129+0700][gc,phases   ] GC(559)   Other: 1.4ms
[2024-12-17T15:35:09.129+0700][gc,heap     ] GC(559) Eden regions: 47->0(44)
[2024-12-17T15:35:09.129+0700][gc,heap     ] GC(559) Survivor regions: 4->7(7)
[2024-12-17T15:35:09.130+0700][gc,heap     ] GC(559) Old regions: 104->104
[2024-12-17T15:35:09.130+0700][gc,heap     ] GC(559) Archive regions: 2->2
[2024-12-17T15:35:09.130+0700][gc,heap     ] GC(559) Humongous regions: 129->129
[2024-12-17T15:35:09.130+0700][gc,metaspace] GC(559) Metaspace: 45495K(46080K)->45495K(46080K) NonClass: 40270K(40576K)->40270K(40576K) Class: 5225K(5504K)->5225K(5504K)
[2024-12-17T15:35:09.130+0700][gc          ] GC(559) Pause Young (Normal) (G1 Evacuation Pause) 284M->239M(1024M) 51.020ms
[2024-12-17T15:35:09.130+0700][gc,cpu      ] GC(559) User=0.09s Sys=0.00s Real=0.05s
[2024-12-17T15:36:44.066+0700][gc,start    ] GC(560) Pause Young (Normal) (G1 Evacuation Pause)
[2024-12-17T15:36:44.066+0700][gc,task     ] GC(560) Using 2 workers of 2 for evacuation
[2024-12-17T15:36:44.121+0700][gc,mmu      ] GC(560) MMU target violated: 21.0ms (20.0ms/21.0ms)
[2024-12-17T15:36:44.122+0700][gc,phases   ] GC(560)   Pre Evacuate Collection Set: 3.0ms
[2024-12-17T15:36:44.122+0700][gc,phases   ] GC(560)   Merge Heap Roots: 0.6ms
[2024-12-17T15:36:44.122+0700][gc,phases   ] GC(560)   Evacuate Collection Set: 46.7ms
[2024-12-17T15:36:44.122+0700][gc,phases   ] GC(560)   Post Evacuate Collection Set: 4.3ms
[2024-12-17T15:36:44.122+0700][gc,phases   ] GC(560)   Other: 1.8ms
[2024-12-17T15:36:44.122+0700][gc,heap     ] GC(560) Eden regions: 44->0(48)
[2024-12-17T15:36:44.122+0700][gc,heap     ] GC(560) Survivor regions: 7->3(7)
[2024-12-17T15:36:44.122+0700][gc,heap     ] GC(560) Old regions: 104->108
[2024-12-17T15:36:44.122+0700][gc,heap     ] GC(560) Archive regions: 2->2
[2024-12-17T15:36:44.122+0700][gc,heap     ] GC(560) Humongous regions: 129->129
[2024-12-17T15:36:44.122+0700][gc,metaspace] GC(560) Metaspace: 45495K(46080K)->45495K(46080K) NonClass: 40270K(40576K)->40270K(40576K) Class: 5225K(5504K)->5225K(5504K)
[2024-12-17T15:36:44.122+0700][gc          ] GC(560) Pause Young (Normal) (G1 Evacuation Pause) 283M->240M(1024M) 56.111ms
[2024-12-17T15:36:44.122+0700][gc,cpu      ] GC(560) User=0.11s Sys=0.00s Real=0.05s
[2024-12-17T15:38:29.119+0700][gc,start    ] GC(561) Pause Young (Normal) (G1 Evacuation Pause)
[2024-12-17T15:38:29.119+0700][gc,task     ] GC(561) Using 2 workers of 2 for evacuation
[2024-12-17T15:38:29.169+0700][gc,mmu      ] GC(561) MMU target violated: 21.0ms (20.0ms/21.0ms)
[2024-12-17T15:38:29.170+0700][gc,phases   ] GC(561)   Pre Evacuate Collection Set: 2.5ms
[2024-12-17T15:38:29.170+0700][gc,phases   ] GC(561)   Merge Heap Roots: 0.7ms
[2024-12-17T15:38:29.170+0700][gc,phases   ] GC(561)   Evacuate Collection Set: 44.1ms
[2024-12-17T15:38:29.170+0700][gc,phases   ] GC(561)   Post Evacuate Collection Set: 2.5ms
[2024-12-17T15:38:29.170+0700][gc,phases   ] GC(561)   Other: 1.4ms
[2024-12-17T15:38:29.170+0700][gc,heap     ] GC(561) Eden regions: 48->0(45)
[2024-12-17T15:38:29.170+0700][gc,heap     ] GC(561) Survivor regions: 3->6(7)
[2024-12-17T15:38:29.170+0700][gc,heap     ] GC(561) Old regions: 108->108
[2024-12-17T15:38:29.170+0700][gc,heap     ] GC(561) Archive regions: 2->2
[2024-12-17T15:38:29.170+0700][gc,heap     ] GC(561) Humongous regions: 129->129
[2024-12-17T15:38:29.170+0700][gc,metaspace] GC(561) Metaspace: 45495K(46080K)->45495K(46080K) NonClass: 40270K(40576K)->40270K(40576K) Class: 5225K(5504K)->5225K(5504K)
[2024-12-17T15:38:29.170+0700][gc          ] GC(561) Pause Young (Normal) (G1 Evacuation Pause) 288M->243M(1024M) 51.277ms
[2024-12-17T15:38:29.170+0700][gc,cpu      ] GC(561) User=0.10s Sys=0.00s Real=0.05s
[2024-12-17T15:40:07.638+0700][gc,start    ] GC(562) Pause Young (Normal) (G1 Evacuation Pause)
[2024-12-17T15:40:07.639+0700][gc,task     ] GC(562) Using 2 workers of 2 for evacuation
[2024-12-17T15:40:07.711+0700][gc,mmu      ] GC(562) MMU target violated: 21.0ms (20.0ms/21.0ms)
[2024-12-17T15:40:07.712+0700][gc,phases   ] GC(562)   Pre Evacuate Collection Set: 2.8ms
[2024-12-17T15:40:07.712+0700][gc,phases   ] GC(562)   Merge Heap Roots: 0.6ms
[2024-12-17T15:40:07.712+0700][gc,phases   ] GC(562)   Evacuate Collection Set: 64.1ms
[2024-12-17T15:40:07.712+0700][gc,phases   ] GC(562)   Post Evacuate Collection Set: 4.6ms
[2024-12-17T15:40:07.712+0700][gc,phases   ] GC(562)   Other: 1.8ms
[2024-12-17T15:40:07.712+0700][gc,heap     ] GC(562) Eden regions: 45->0(46)
[2024-12-17T15:40:07.712+0700][gc,heap     ] GC(562) Survivor regions: 6->5(7)
[2024-12-17T15:40:07.712+0700][gc,heap     ] GC(562) Old regions: 108->112
[2024-12-17T15:40:07.712+0700][gc,heap     ] GC(562) Archive regions: 2->2
[2024-12-17T15:40:07.712+0700][gc,heap     ] GC(562) Humongous regions: 129->129
[2024-12-17T15:40:07.712+0700][gc,metaspace] GC(562) Metaspace: 45495K(46080K)->45495K(46080K) NonClass: 40270K(40576K)->40270K(40576K) Class: 5225K(5504K)->5225K(5504K)
[2024-12-17T15:40:07.712+0700][gc          ] GC(562) Pause Young (Normal) (G1 Evacuation Pause) 288M->246M(1024M) 73.937ms
[2024-12-17T15:40:07.712+0700][gc,cpu      ] GC(562) User=0.14s Sys=0.00s Real=0.07s
[2024-12-17T15:41:47.130+0700][gc,start    ] GC(563) Pause Young (Normal) (G1 Evacuation Pause)
[2024-12-17T15:41:47.130+0700][gc,task     ] GC(563) Using 2 workers of 2 for evacuation
[2024-12-17T15:41:47.170+0700][gc,mmu      ] GC(563) MMU target violated: 21.0ms (20.0ms/21.0ms)
[2024-12-17T15:41:47.170+0700][gc,phases   ] GC(563)   Pre Evacuate Collection Set: 2.6ms
[2024-12-17T15:41:47.170+0700][gc,phases   ] GC(563)   Merge Heap Roots: 0.6ms
[2024-12-17T15:41:47.170+0700][gc,phases   ] GC(563)   Evacuate Collection Set: 32.9ms
[2024-12-17T15:41:47.170+0700][gc,phases   ] GC(563)   Post Evacuate Collection Set: 3.0ms
[2024-12-17T15:41:47.170+0700][gc,phases   ] GC(563)   Other: 1.1ms
[2024-12-17T15:41:47.170+0700][gc,heap     ] GC(563) Eden regions: 46->0(47)
[2024-12-17T15:41:47.170+0700][gc,heap     ] GC(563) Survivor regions: 5->4(7)
[2024-12-17T15:41:47.170+0700][gc,heap     ] GC(563) Old regions: 112->115
[2024-12-17T15:41:47.170+0700][gc,heap     ] GC(563) Archive regions: 2->2
[2024-12-17T15:41:47.170+0700][gc,heap     ] GC(563) Humongous regions: 129->129
[2024-12-17T15:41:47.170+0700][gc,metaspace] GC(563) Metaspace: 45495K(46080K)->45495K(46080K) NonClass: 40270K(40576K)->40270K(40576K) Class: 5225K(5504K)->5225K(5504K)
[2024-12-17T15:41:47.170+0700][gc          ] GC(563) Pause Young (Normal) (G1 Evacuation Pause) 292M->247M(1024M) 40.371ms
[2024-12-17T15:41:47.170+0700][gc,cpu      ] GC(563) User=0.07s Sys=0.00s Real=0.04s
[2024-12-17T15:43:29.551+0700][gc,start    ] GC(564) Pause Young (Normal) (G1 Evacuation Pause)
[2024-12-17T15:43:29.551+0700][gc,task     ] GC(564) Using 2 workers of 2 for evacuation
[2024-12-17T15:43:29.598+0700][gc,mmu      ] GC(564) MMU target violated: 21.0ms (20.0ms/21.0ms)
[2024-12-17T15:43:29.598+0700][gc,phases   ] GC(564)   Pre Evacuate Collection Set: 2.8ms
[2024-12-17T15:43:29.598+0700][gc,phases   ] GC(564)   Merge Heap Roots: 0.6ms
[2024-12-17T15:43:29.598+0700][gc,phases   ] GC(564)   Evacuate Collection Set: 39.6ms
[2024-12-17T15:43:29.598+0700][gc,phases   ] GC(564)   Post Evacuate Collection Set: 2.7ms
[2024-12-17T15:43:29.598+0700][gc,phases   ] GC(564)   Other: 1.5ms
[2024-12-17T15:43:29.598+0700][gc,heap     ] GC(564) Eden regions: 47->0(44)
[2024-12-17T15:43:29.598+0700][gc,heap     ] GC(564) Survivor regions: 4->7(7)
[2024-12-17T15:43:29.598+0700][gc,heap     ] GC(564) Old regions: 115->115
[2024-12-17T15:43:29.598+0700][gc,heap     ] GC(564) Archive regions: 2->2
[2024-12-17T15:43:29.598+0700][gc,heap     ] GC(564) Humongous regions: 129->129
[2024-12-17T15:43:29.598+0700][gc,metaspace] GC(564) Metaspace: 45506K(46080K)->45506K(46080K) NonClass: 40281K(40576K)->40281K(40576K) Class: 5225K(5504K)->5225K(5504K)
[2024-12-17T15:43:29.598+0700][gc          ] GC(564) Pause Young (Normal) (G1 Evacuation Pause) 294M->250M(1024M) 47.141ms
[2024-12-17T15:43:29.598+0700][gc,cpu      ] GC(564) User=0.09s Sys=0.00s Real=0.05s
[2024-12-17T15:45:05.407+0700][gc,start    ] GC(565) Pause Young (Normal) (G1 Evacuation Pause)
[2024-12-17T15:45:05.407+0700][gc,task     ] GC(565) Using 2 workers of 2 for evacuation
[2024-12-17T15:45:05.467+0700][gc,mmu      ] GC(565) MMU target violated: 21.0ms (20.0ms/21.0ms)
[2024-12-17T15:45:05.467+0700][gc,phases   ] GC(565)   Pre Evacuate Collection Set: 3.6ms
[2024-12-17T15:45:05.467+0700][gc,phases   ] GC(565)   Merge Heap Roots: 1.3ms
[2024-12-17T15:45:05.467+0700][gc,phases   ] GC(565)   Evacuate Collection Set: 51.1ms
[2024-12-17T15:45:05.467+0700][gc,phases   ] GC(565)   Post Evacuate Collection Set: 3.6ms
[2024-12-17T15:45:05.467+0700][gc,phases   ] GC(565)   Other: 1.4ms
[2024-12-17T15:45:05.467+0700][gc,heap     ] GC(565) Eden regions: 44->0(48)
[2024-12-17T15:45:05.467+0700][gc,heap     ] GC(565) Survivor regions: 7->3(7)
[2024-12-17T15:45:05.467+0700][gc,heap     ] GC(565) Old regions: 115->119
[2024-12-17T15:45:05.467+0700][gc,heap     ] GC(565) Archive regions: 2->2
[2024-12-17T15:45:05.467+0700][gc,heap     ] GC(565) Humongous regions: 129->129
[2024-12-17T15:45:05.467+0700][gc,metaspace] GC(565) Metaspace: 45506K(46080K)->45506K(46080K) NonClass: 40281K(40576K)->40281K(40576K) Class: 5225K(5504K)->5225K(5504K)
[2024-12-17T15:45:05.468+0700][gc          ] GC(565) Pause Young (Normal) (G1 Evacuation Pause) 294M->251M(1024M) 60.904ms
[2024-12-17T15:45:05.468+0700][gc,cpu      ] GC(565) User=0.11s Sys=0.00s Real=0.06s
[2024-12-17T15:46:49.394+0700][gc,start    ] GC(566) Pause Young (Normal) (G1 Evacuation Pause)
[2024-12-17T15:46:49.394+0700][gc,task     ] GC(566) Using 2 workers of 2 for evacuation
[2024-12-17T15:46:49.441+0700][gc,mmu      ] GC(566) MMU target violated: 21.0ms (20.0ms/21.0ms)
[2024-12-17T15:46:49.441+0700][gc,phases   ] GC(566)   Pre Evacuate Collection Set: 2.7ms
[2024-12-17T15:46:49.441+0700][gc,phases   ] GC(566)   Merge Heap Roots: 1.1ms
[2024-12-17T15:46:49.441+0700][gc,phases   ] GC(566)   Evacuate Collection Set: 39.6ms
[2024-12-17T15:46:49.441+0700][gc,phases   ] GC(566)   Post Evacuate Collection Set: 2.5ms
[2024-12-17T15:46:49.441+0700][gc,phases   ] GC(566)   Other: 1.3ms
[2024-12-17T15:46:49.441+0700][gc,heap     ] GC(566) Eden regions: 48->0(45)
[2024-12-17T15:46:49.441+0700][gc,heap     ] GC(566) Survivor regions: 3->6(7)
[2024-12-17T15:46:49.441+0700][gc,heap     ] GC(566) Old regions: 119->119
[2024-12-17T15:46:49.441+0700][gc,heap     ] GC(566) Archive regions: 2->2
[2024-12-17T15:46:49.441+0700][gc,heap     ] GC(566) Humongous regions: 129->129
[2024-12-17T15:46:49.441+0700][gc,metaspace] GC(566) Metaspace: 45506K(46080K)->45506K(46080K) NonClass: 40281K(40576K)->40281K(40576K) Class: 5225K(5504K)->5225K(5504K)
[2024-12-17T15:46:49.441+0700][gc          ] GC(566) Pause Young (Normal) (G1 Evacuation Pause) 299M->254M(1024M) 47.192ms
[2024-12-17T15:46:49.441+0700][gc,cpu      ] GC(566) User=0.09s Sys=0.00s Real=0.05s
[2024-12-17T15:48:26.842+0700][gc,start    ] GC(567) Pause Young (Normal) (G1 Evacuation Pause)
[2024-12-17T15:48:26.843+0700][gc,task     ] GC(567) Using 2 workers of 2 for evacuation
[2024-12-17T15:48:26.902+0700][gc,mmu      ] GC(567) MMU target violated: 21.0ms (20.0ms/21.0ms)
[2024-12-17T15:48:26.902+0700][gc,phases   ] GC(567)   Pre Evacuate Collection Set: 2.6ms
[2024-12-17T15:48:26.902+0700][gc,phases   ] GC(567)   Merge Heap Roots: 1.0ms
[2024-12-17T15:48:26.902+0700][gc,phases   ] GC(567)   Evacuate Collection Set: 51.3ms
[2024-12-17T15:48:26.902+0700][gc,phases   ] GC(567)   Post Evacuate Collection Set: 3.4ms
[2024-12-17T15:48:26.902+0700][gc,phases   ] GC(567)   Other: 1.5ms
[2024-12-17T15:48:26.902+0700][gc,heap     ] GC(567) Eden regions: 45->0(46)
[2024-12-17T15:48:26.902+0700][gc,heap     ] GC(567) Survivor regions: 6->5(7)
[2024-12-17T15:48:26.902+0700][gc,heap     ] GC(567) Old regions: 119->123
[2024-12-17T15:48:26.902+0700][gc,heap     ] GC(567) Archive regions: 2->2
[2024-12-17T15:48:26.902+0700][gc,heap     ] GC(567) Humongous regions: 129->129
[2024-12-17T15:48:26.902+0700][gc,metaspace] GC(567) Metaspace: 45506K(46080K)->45506K(46080K) NonClass: 40281K(40576K)->40281K(40576K) Class: 5225K(5504K)->5225K(5504K)
[2024-12-17T15:48:26.902+0700][gc          ] GC(567) Pause Young (Normal) (G1 Evacuation Pause) 299M->257M(1024M) 59.774ms
[2024-12-17T15:48:26.902+0700][gc,cpu      ] GC(567) User=0.11s Sys=0.00s Real=0.06s
[2024-12-17T15:50:07.420+0700][gc,start    ] GC(568) Pause Young (Normal) (G1 Evacuation Pause)
[2024-12-17T15:50:07.420+0700][gc,task     ] GC(568) Using 2 workers of 2 for evacuation
[2024-12-17T15:50:07.462+0700][gc,mmu      ] GC(568) MMU target violated: 21.0ms (20.0ms/21.0ms)
[2024-12-17T15:50:07.462+0700][gc,phases   ] GC(568)   Pre Evacuate Collection Set: 4.0ms
[2024-12-17T15:50:07.462+0700][gc,phases   ] GC(568)   Merge Heap Roots: 1.0ms
[2024-12-17T15:50:07.462+0700][gc,phases   ] GC(568)   Evacuate Collection Set: 33.8ms
[2024-12-17T15:50:07.462+0700][gc,phases   ] GC(568)   Post Evacuate Collection Set: 2.7ms
[2024-12-17T15:50:07.462+0700][gc,phases   ] GC(568)   Other: 1.1ms
[2024-12-17T15:50:07.462+0700][gc,heap     ] GC(568) Eden regions: 46->0(48)
[2024-12-17T15:50:07.462+0700][gc,heap     ] GC(568) Survivor regions: 5->3(7)
[2024-12-17T15:50:07.462+0700][gc,heap     ] GC(568) Old regions: 123->126
[2024-12-17T15:50:07.462+0700][gc,heap     ] GC(568) Archive regions: 2->2
[2024-12-17T15:50:07.462+0700][gc,heap     ] GC(568) Humongous regions: 129->129
[2024-12-17T15:50:07.462+0700][gc,metaspace] GC(568) Metaspace: 45506K(46080K)->45506K(46080K) NonClass: 40281K(40576K)->40281K(40576K) Class: 5225K(5504K)->5225K(5504K)
[2024-12-17T15:50:07.462+0700][gc          ] GC(568) Pause Young (Normal) (G1 Evacuation Pause) 303M->258M(1024M) 42.698ms
[2024-12-17T15:50:07.462+0700][gc,cpu      ] GC(568) User=0.08s Sys=0.00s Real=0.04s
[2024-12-17T15:51:51.710+0700][gc,start    ] GC(569) Pause Young (Normal) (G1 Evacuation Pause)
[2024-12-17T15:51:51.710+0700][gc,task     ] GC(569) Using 2 workers of 2 for evacuation
[2024-12-17T15:51:51.758+0700][gc,mmu      ] GC(569) MMU target violated: 21.0ms (20.0ms/21.0ms)
[2024-12-17T15:51:51.758+0700][gc,phases   ] GC(569)   Pre Evacuate Collection Set: 3.1ms
[2024-12-17T15:51:51.758+0700][gc,phases   ] GC(569)   Merge Heap Roots: 0.7ms
[2024-12-17T15:51:51.758+0700][gc,phases   ] GC(569)   Evacuate Collection Set: 39.7ms
[2024-12-17T15:51:51.758+0700][gc,phases   ] GC(569)   Post Evacuate Collection Set: 3.3ms
[2024-12-17T15:51:51.758+0700][gc,phases   ] GC(569)   Other: 1.3ms
[2024-12-17T15:51:51.758+0700][gc,heap     ] GC(569) Eden regions: 48->0(44)
[2024-12-17T15:51:51.758+0700][gc,heap     ] GC(569) Survivor regions: 3->7(7)
[2024-12-17T15:51:51.758+0700][gc,heap     ] GC(569) Old regions: 126->126
[2024-12-17T15:51:51.758+0700][gc,heap     ] GC(569) Archive regions: 2->2
[2024-12-17T15:51:51.758+0700][gc,heap     ] GC(569) Humongous regions: 129->129
[2024-12-17T15:51:51.758+0700][gc,metaspace] GC(569) Metaspace: 45506K(46080K)->45506K(46080K) NonClass: 40281K(40576K)->40281K(40576K) Class: 5225K(5504K)->5225K(5504K)
[2024-12-17T15:51:51.758+0700][gc          ] GC(569) Pause Young (Normal) (G1 Evacuation Pause) 306M->261M(1024M) 48.248ms
[2024-12-17T15:51:51.758+0700][gc,cpu      ] GC(569) User=0.09s Sys=0.00s Real=0.05s
[2024-12-17T15:53:27.328+0700][gc,start    ] GC(570) Pause Young (Normal) (G1 Evacuation Pause)
[2024-12-17T15:53:27.329+0700][gc,task     ] GC(570) Using 2 workers of 2 for evacuation
[2024-12-17T15:53:27.391+0700][gc,mmu      ] GC(570) MMU target violated: 21.0ms (20.0ms/21.0ms)
[2024-12-17T15:53:27.392+0700][gc,phases   ] GC(570)   Pre Evacuate Collection Set: 3.4ms
[2024-12-17T15:53:27.392+0700][gc,phases   ] GC(570)   Merge Heap Roots: 0.7ms
[2024-12-17T15:53:27.392+0700][gc,phases   ] GC(570)   Evacuate Collection Set: 54.4ms
[2024-12-17T15:53:27.392+0700][gc,phases   ] GC(570)   Post Evacuate Collection Set: 3.8ms
[2024-12-17T15:53:27.392+0700][gc,phases   ] GC(570)   Other: 1.6ms
[2024-12-17T15:53:27.392+0700][gc,heap     ] GC(570) Eden regions: 44->0(48)
[2024-12-17T15:53:27.392+0700][gc,heap     ] GC(570) Survivor regions: 7->3(7)
[2024-12-17T15:53:27.392+0700][gc,heap     ] GC(570) Old regions: 126->130
[2024-12-17T15:53:27.392+0700][gc,heap     ] GC(570) Archive regions: 2->2
[2024-12-17T15:53:27.392+0700][gc,heap     ] GC(570) Humongous regions: 129->129
[2024-12-17T15:53:27.392+0700][gc,metaspace] GC(570) Metaspace: 45506K(46080K)->45506K(46080K) NonClass: 40281K(40576K)->40281K(40576K) Class: 5225K(5504K)->5225K(5504K)
[2024-12-17T15:53:27.392+0700][gc          ] GC(570) Pause Young (Normal) (G1 Evacuation Pause) 305M->262M(1024M) 63.602ms
[2024-12-17T15:53:27.392+0700][gc,cpu      ] GC(570) User=0.12s Sys=0.00s Real=0.06s
[2024-12-17T15:55:11.810+0700][gc,start    ] GC(571) Pause Young (Normal) (G1 Evacuation Pause)
[2024-12-17T15:55:11.811+0700][gc,task     ] GC(571) Using 2 workers of 2 for evacuation
[2024-12-17T15:55:11.861+0700][gc,mmu      ] GC(571) MMU target violated: 21.0ms (20.0ms/21.0ms)
[2024-12-17T15:55:11.862+0700][gc,phases   ] GC(571)   Pre Evacuate Collection Set: 3.0ms
[2024-12-17T15:55:11.862+0700][gc,phases   ] GC(571)   Merge Heap Roots: 0.6ms
[2024-12-17T15:55:11.862+0700][gc,phases   ] GC(571)   Evacuate Collection Set: 42.6ms
[2024-12-17T15:55:11.862+0700][gc,phases   ] GC(571)   Post Evacuate Collection Set: 3.9ms
[2024-12-17T15:55:11.862+0700][gc,phases   ] GC(571)   Other: 1.5ms
[2024-12-17T15:55:11.862+0700][gc,heap     ] GC(571) Eden regions: 48->0(45)
[2024-12-17T15:55:11.862+0700][gc,heap     ] GC(571) Survivor regions: 3->6(7)
[2024-12-17T15:55:11.862+0700][gc,heap     ] GC(571) Old regions: 130->130
[2024-12-17T15:55:11.862+0700][gc,heap     ] GC(571) Archive regions: 2->2
[2024-12-17T15:55:11.862+0700][gc,heap     ] GC(571) Humongous regions: 129->129
[2024-12-17T15:55:11.862+0700][gc,metaspace] GC(571) Metaspace: 45506K(46080K)->45506K(46080K) NonClass: 40281K(40576K)->40281K(40576K) Class: 5225K(5504K)->5225K(5504K)
[2024-12-17T15:55:11.862+0700][gc          ] GC(571) Pause Young (Normal) (G1 Evacuation Pause) 310M->265M(1024M) 51.634ms
[2024-12-17T15:55:11.862+0700][gc,cpu      ] GC(571) User=0.10s Sys=0.00s Real=0.05s
[2024-12-17T15:56:49.372+0700][gc,start    ] GC(572) Pause Young (Normal) (G1 Evacuation Pause)
[2024-12-17T15:56:49.372+0700][gc,task     ] GC(572) Using 2 workers of 2 for evacuation
[2024-12-17T15:56:49.432+0700][gc,mmu      ] GC(572) MMU target violated: 21.0ms (20.0ms/21.0ms)
[2024-12-17T15:56:49.433+0700][gc,phases   ] GC(572)   Pre Evacuate Collection Set: 3.3ms
[2024-12-17T15:56:49.433+0700][gc,phases   ] GC(572)   Merge Heap Roots: 0.6ms
[2024-12-17T15:56:49.433+0700][gc,phases   ] GC(572)   Evacuate Collection Set: 53.2ms
[2024-12-17T15:56:49.433+0700][gc,phases   ] GC(572)   Post Evacuate Collection Set: 2.4ms
[2024-12-17T15:56:49.433+0700][gc,phases   ] GC(572)   Other: 1.4ms
[2024-12-17T15:56:49.433+0700][gc,heap     ] GC(572) Eden regions: 45->0(46)
[2024-12-17T15:56:49.433+0700][gc,heap     ] GC(572) Survivor regions: 6->5(7)
[2024-12-17T15:56:49.433+0700][gc,heap     ] GC(572) Old regions: 130->134
[2024-12-17T15:56:49.433+0700][gc,heap     ] GC(572) Archive regions: 2->2
[2024-12-17T15:56:49.433+0700][gc,heap     ] GC(572) Humongous regions: 129->129
[2024-12-17T15:56:49.433+0700][gc,metaspace] GC(572) Metaspace: 45506K(46080K)->45506K(46080K) NonClass: 40281K(40576K)->40281K(40576K) Class: 5225K(5504K)->5225K(5504K)
[2024-12-17T15:56:49.433+0700][gc          ] GC(572) Pause Young (Normal) (G1 Evacuation Pause) 310M->268M(1024M) 61.143ms
[2024-12-17T15:56:49.433+0700][gc,cpu      ] GC(572) User=0.12s Sys=0.00s Real=0.06s
[2024-12-17T15:58:29.278+0700][gc,start    ] GC(573) Pause Young (Normal) (G1 Evacuation Pause)
[2024-12-17T15:58:29.278+0700][gc,task     ] GC(573) Using 2 workers of 2 for evacuation
[2024-12-17T15:58:29.318+0700][gc,mmu      ] GC(573) MMU target violated: 21.0ms (20.0ms/21.0ms)
[2024-12-17T15:58:29.318+0700][gc,phases   ] GC(573)   Pre Evacuate Collection Set: 3.1ms
[2024-12-17T15:58:29.318+0700][gc,phases   ] GC(573)   Merge Heap Roots: 1.1ms
[2024-12-17T15:58:29.318+0700][gc,phases   ] GC(573)   Evacuate Collection Set: 31.6ms
[2024-12-17T15:58:29.318+0700][gc,phases   ] GC(573)   Post Evacuate Collection Set: 3.3ms
[2024-12-17T15:58:29.318+0700][gc,phases   ] GC(573)   Other: 1.4ms
[2024-12-17T15:58:29.318+0700][gc,heap     ] GC(573) Eden regions: 46->0(48)
[2024-12-17T15:58:29.319+0700][gc,heap     ] GC(573) Survivor regions: 5->3(7)
[2024-12-17T15:58:29.319+0700][gc,heap     ] GC(573) Old regions: 134->136
[2024-12-17T15:58:29.319+0700][gc,heap     ] GC(573) Archive regions: 2->2
[2024-12-17T15:58:29.319+0700][gc,heap     ] GC(573) Humongous regions: 129->129
[2024-12-17T15:58:29.319+0700][gc,metaspace] GC(573) Metaspace: 45506K(46080K)->45506K(46080K) NonClass: 40281K(40576K)->40281K(40576K) Class: 5225K(5504K)->5225K(5504K)
[2024-12-17T15:58:29.319+0700][gc          ] GC(573) Pause Young (Normal) (G1 Evacuation Pause) 314M->268M(1024M) 40.442ms
[2024-12-17T15:58:29.319+0700][gc,cpu      ] GC(573) User=0.07s Sys=0.00s Real=0.04s
[2024-12-17T16:00:14.118+0700][gc,start    ] GC(574) Pause Young (Normal) (G1 Evacuation Pause)
[2024-12-17T16:00:14.118+0700][gc,task     ] GC(574) Using 2 workers of 2 for evacuation
[2024-12-17T16:00:14.181+0700][gc,mmu      ] GC(574) MMU target violated: 21.0ms (20.0ms/21.0ms)
[2024-12-17T16:00:14.181+0700][gc,phases   ] GC(574)   Pre Evacuate Collection Set: 2.0ms
[2024-12-17T16:00:14.181+0700][gc,phases   ] GC(574)   Merge Heap Roots: 1.0ms
[2024-12-17T16:00:14.181+0700][gc,phases   ] GC(574)   Evacuate Collection Set: 55.9ms
[2024-12-17T16:00:14.181+0700][gc,phases   ] GC(574)   Post Evacuate Collection Set: 3.2ms
[2024-12-17T16:00:14.181+0700][gc,phases   ] GC(574)   Other: 1.6ms
[2024-12-17T16:00:14.182+0700][gc,heap     ] GC(574) Eden regions: 48->0(44)
[2024-12-17T16:00:14.182+0700][gc,heap     ] GC(574) Survivor regions: 3->7(7)
[2024-12-17T16:00:14.182+0700][gc,heap     ] GC(574) Old regions: 136->136
[2024-12-17T16:00:14.182+0700][gc,heap     ] GC(574) Archive regions: 2->2
[2024-12-17T16:00:14.182+0700][gc,heap     ] GC(574) Humongous regions: 129->129
[2024-12-17T16:00:14.182+0700][gc,metaspace] GC(574) Metaspace: 45506K(46080K)->45506K(46080K) NonClass: 40281K(40576K)->40281K(40576K) Class: 5225K(5504K)->5225K(5504K)
[2024-12-17T16:00:14.182+0700][gc          ] GC(574) Pause Young (Normal) (G1 Evacuation Pause) 316M->272M(1024M) 63.864ms
[2024-12-17T16:00:14.182+0700][gc,cpu      ] GC(574) User=0.11s Sys=0.01s Real=0.06s
[2024-12-17T16:01:49.595+0700][gc,start    ] GC(575) Pause Young (Normal) (G1 Evacuation Pause)
[2024-12-17T16:01:49.595+0700][gc,task     ] GC(575) Using 2 workers of 2 for evacuation
[2024-12-17T16:01:49.641+0700][gc,mmu      ] GC(575) MMU target violated: 21.0ms (20.0ms/21.0ms)
[2024-12-17T16:01:49.641+0700][gc,phases   ] GC(575)   Pre Evacuate Collection Set: 2.8ms
[2024-12-17T16:01:49.641+0700][gc,phases   ] GC(575)   Merge Heap Roots: 0.6ms
[2024-12-17T16:01:49.641+0700][gc,phases   ] GC(575)   Evacuate Collection Set: 39.5ms
[2024-12-17T16:01:49.641+0700][gc,phases   ] GC(575)   Post Evacuate Collection Set: 2.3ms
[2024-12-17T16:01:49.641+0700][gc,phases   ] GC(575)   Other: 1.2ms
[2024-12-17T16:01:49.641+0700][gc,heap     ] GC(575) Eden regions: 44->0(48)
[2024-12-17T16:01:49.641+0700][gc,heap     ] GC(575) Survivor regions: 7->3(7)
[2024-12-17T16:01:49.641+0700][gc,heap     ] GC(575) Old regions: 136->141
[2024-12-17T16:01:49.641+0700][gc,heap     ] GC(575) Archive regions: 2->2
[2024-12-17T16:01:49.641+0700][gc,heap     ] GC(575) Humongous regions: 129->129
[2024-12-17T16:01:49.641+0700][gc,metaspace] GC(575) Metaspace: 45506K(46080K)->45506K(46080K) NonClass: 40281K(40576K)->40281K(40576K) Class: 5225K(5504K)->5225K(5504K)
[2024-12-17T16:01:49.641+0700][gc          ] GC(575) Pause Young (Normal) (G1 Evacuation Pause) 316M->272M(1024M) 46.533ms
[2024-12-17T16:01:49.641+0700][gc,cpu      ] GC(575) User=0.09s Sys=0.00s Real=0.05s
[2024-12-17T16:03:33.697+0700][gc,start    ] GC(576) Pause Young (Normal) (G1 Evacuation Pause)
[2024-12-17T16:03:33.697+0700][gc,task     ] GC(576) Using 2 workers of 2 for evacuation
[2024-12-17T16:03:33.744+0700][gc,mmu      ] GC(576) MMU target violated: 21.0ms (20.0ms/21.0ms)
[2024-12-17T16:03:33.745+0700][gc,phases   ] GC(576)   Pre Evacuate Collection Set: 2.8ms
[2024-12-17T16:03:33.745+0700][gc,phases   ] GC(576)   Merge Heap Roots: 0.7ms
[2024-12-17T16:03:33.745+0700][gc,phases   ] GC(576)   Evacuate Collection Set: 39.6ms
[2024-12-17T16:03:33.745+0700][gc,phases   ] GC(576)   Post Evacuate Collection Set: 3.4ms
[2024-12-17T16:03:33.745+0700][gc,phases   ] GC(576)   Other: 1.4ms
[2024-12-17T16:03:33.745+0700][gc,heap     ] GC(576) Eden regions: 48->0(45)
[2024-12-17T16:03:33.745+0700][gc,heap     ] GC(576) Survivor regions: 3->6(7)
[2024-12-17T16:03:33.745+0700][gc,heap     ] GC(576) Old regions: 141->141
[2024-12-17T16:03:33.745+0700][gc,heap     ] GC(576) Archive regions: 2->2
[2024-12-17T16:03:33.745+0700][gc,heap     ] GC(576) Humongous regions: 129->129
[2024-12-17T16:03:33.745+0700][gc,metaspace] GC(576) Metaspace: 45506K(46080K)->45506K(46080K) NonClass: 40281K(40576K)->40281K(40576K) Class: 5225K(5504K)->5225K(5504K)
[2024-12-17T16:03:33.745+0700][gc          ] GC(576) Pause Young (Normal) (G1 Evacuation Pause) 320M->276M(1024M) 48.003ms
[2024-12-17T16:03:33.745+0700][gc,cpu      ] GC(576) User=0.09s Sys=0.00s Real=0.05s
[2024-12-17T16:05:11.690+0700][gc,start    ] GC(577) Pause Young (Normal) (G1 Evacuation Pause)
[2024-12-17T16:05:11.690+0700][gc,task     ] GC(577) Using 2 workers of 2 for evacuation
[2024-12-17T16:05:11.761+0700][gc,mmu      ] GC(577) MMU target violated: 21.0ms (20.0ms/21.0ms)
[2024-12-17T16:05:11.761+0700][gc,phases   ] GC(577)   Pre Evacuate Collection Set: 4.2ms
[2024-12-17T16:05:11.761+0700][gc,phases   ] GC(577)   Merge Heap Roots: 1.1ms
[2024-12-17T16:05:11.761+0700][gc,phases   ] GC(577)   Evacuate Collection Set: 60.4ms
[2024-12-17T16:05:11.761+0700][gc,phases   ] GC(577)   Post Evacuate Collection Set: 4.1ms
[2024-12-17T16:05:11.761+0700][gc,phases   ] GC(577)   Other: 1.4ms
[2024-12-17T16:05:11.761+0700][gc,heap     ] GC(577) Eden regions: 45->0(46)
[2024-12-17T16:05:11.761+0700][gc,heap     ] GC(577) Survivor regions: 6->5(7)
[2024-12-17T16:05:11.761+0700][gc,heap     ] GC(577) Old regions: 141->145
[2024-12-17T16:05:11.761+0700][gc,heap     ] GC(577) Archive regions: 2->2
[2024-12-17T16:05:11.761+0700][gc,heap     ] GC(577) Humongous regions: 129->129
[2024-12-17T16:05:11.761+0700][gc,metaspace] GC(577) Metaspace: 45506K(46080K)->45506K(46080K) NonClass: 40281K(40576K)->40281K(40576K) Class: 5225K(5504K)->5225K(5504K)
[2024-12-17T16:05:11.761+0700][gc          ] GC(577) Pause Young (Normal) (G1 Evacuation Pause) 321M->279M(1024M) 71.189ms
[2024-12-17T16:05:11.761+0700][gc,cpu      ] GC(577) User=0.11s Sys=0.00s Real=0.07s
[2024-12-17T16:06:49.219+0700][gc,start    ] GC(578) Pause Young (Normal) (G1 Evacuation Pause)
[2024-12-17T16:06:49.220+0700][gc,task     ] GC(578) Using 2 workers of 2 for evacuation
[2024-12-17T16:06:49.262+0700][gc,mmu      ] GC(578) MMU target violated: 21.0ms (20.0ms/21.0ms)
[2024-12-17T16:06:49.262+0700][gc,phases   ] GC(578)   Pre Evacuate Collection Set: 3.4ms
[2024-12-17T16:06:49.262+0700][gc,phases   ] GC(578)   Merge Heap Roots: 0.9ms
[2024-12-17T16:06:49.262+0700][gc,phases   ] GC(578)   Evacuate Collection Set: 34.5ms
[2024-12-17T16:06:49.262+0700][gc,phases   ] GC(578)   Post Evacuate Collection Set: 3.2ms
[2024-12-17T16:06:49.263+0700][gc,phases   ] GC(578)   Other: 1.5ms
[2024-12-17T16:06:49.263+0700][gc,heap     ] GC(578) Eden regions: 46->0(47)
[2024-12-17T16:06:49.263+0700][gc,heap     ] GC(578) Survivor regions: 5->4(7)
[2024-12-17T16:06:49.263+0700][gc,heap     ] GC(578) Old regions: 145->148
[2024-12-17T16:06:49.263+0700][gc,heap     ] GC(578) Archive regions: 2->2
[2024-12-17T16:06:49.263+0700][gc,heap     ] GC(578) Humongous regions: 129->129
[2024-12-17T16:06:49.263+0700][gc,metaspace] GC(578) Metaspace: 45522K(46144K)->45522K(46144K) NonClass: 40297K(40640K)->40297K(40640K) Class: 5225K(5504K)->5225K(5504K)
[2024-12-17T16:06:49.263+0700][gc          ] GC(578) Pause Young (Normal) (G1 Evacuation Pause) 325M->281M(1024M) 43.651ms
[2024-12-17T16:06:49.263+0700][gc,cpu      ] GC(578) User=0.08s Sys=0.00s Real=0.04s
[2024-12-17T16:08:31.618+0700][gc,start    ] GC(579) Pause Young (Normal) (G1 Evacuation Pause)
[2024-12-17T16:08:31.618+0700][gc,task     ] GC(579) Using 2 workers of 2 for evacuation
[2024-12-17T16:08:31.669+0700][gc,mmu      ] GC(579) MMU target violated: 21.0ms (20.0ms/21.0ms)
[2024-12-17T16:08:31.669+0700][gc,phases   ] GC(579)   Pre Evacuate Collection Set: 1.9ms
[2024-12-17T16:08:31.669+0700][gc,phases   ] GC(579)   Merge Heap Roots: 0.7ms
[2024-12-17T16:08:31.669+0700][gc,phases   ] GC(579)   Evacuate Collection Set: 45.7ms
[2024-12-17T16:08:31.669+0700][gc,phases   ] GC(579)   Post Evacuate Collection Set: 2.6ms
[2024-12-17T16:08:31.669+0700][gc,phases   ] GC(579)   Other: 1.0ms
[2024-12-17T16:08:31.669+0700][gc,heap     ] GC(579) Eden regions: 47->0(44)
[2024-12-17T16:08:31.669+0700][gc,heap     ] GC(579) Survivor regions: 4->7(7)
[2024-12-17T16:08:31.669+0700][gc,heap     ] GC(579) Old regions: 148->148
[2024-12-17T16:08:31.669+0700][gc,heap     ] GC(579) Archive regions: 2->2
[2024-12-17T16:08:31.669+0700][gc,heap     ] GC(579) Humongous regions: 129->129
[2024-12-17T16:08:31.669+0700][gc,metaspace] GC(579) Metaspace: 45522K(46144K)->45522K(46144K) NonClass: 40297K(40640K)->40297K(40640K) Class: 5225K(5504K)->5225K(5504K)
[2024-12-17T16:08:31.670+0700][gc          ] GC(579) Pause Young (Normal) (G1 Evacuation Pause) 328M->284M(1024M) 52.001ms
[2024-12-17T16:08:31.670+0700][gc,cpu      ] GC(579) User=0.09s Sys=0.00s Real=0.05s
[2024-12-17T16:10:07.591+0700][gc,start    ] GC(580) Pause Young (Normal) (G1 Evacuation Pause)
[2024-12-17T16:10:07.591+0700][gc,task     ] GC(580) Using 2 workers of 2 for evacuation
[2024-12-17T16:10:07.687+0700][gc,mmu      ] GC(580) MMU target violated: 21.0ms (20.0ms/21.0ms)
[2024-12-17T16:10:07.687+0700][gc,phases   ] GC(580)   Pre Evacuate Collection Set: 7.3ms
[2024-12-17T16:10:07.687+0700][gc,phases   ] GC(580)   Merge Heap Roots: 1.8ms
[2024-12-17T16:10:07.687+0700][gc,phases   ] GC(580)   Evacuate Collection Set: 83.2ms
[2024-12-17T16:10:07.687+0700][gc,phases   ] GC(580)   Post Evacuate Collection Set: 2.7ms
[2024-12-17T16:10:07.687+0700][gc,phases   ] GC(580)   Other: 1.7ms
[2024-12-17T16:10:07.687+0700][gc,heap     ] GC(580) Eden regions: 44->0(45)
[2024-12-17T16:10:07.687+0700][gc,heap     ] GC(580) Survivor regions: 7->6(7)
[2024-12-17T16:10:07.687+0700][gc,heap     ] GC(580) Old regions: 148->153
[2024-12-17T16:10:07.687+0700][gc,heap     ] GC(580) Archive regions: 2->2
[2024-12-17T16:10:07.687+0700][gc,heap     ] GC(580) Humongous regions: 129->129
[2024-12-17T16:10:07.687+0700][gc,metaspace] GC(580) Metaspace: 45527K(46144K)->45527K(46144K) NonClass: 40302K(40640K)->40302K(40640K) Class: 5225K(5504K)->5225K(5504K)
[2024-12-17T16:10:07.687+0700][gc          ] GC(580) Pause Young (Normal) (G1 Evacuation Pause) 328M->287M(1024M) 96.491ms
[2024-12-17T16:10:07.687+0700][gc,cpu      ] GC(580) User=0.18s Sys=0.00s Real=0.10s
[2024-12-17T16:11:38.893+0700][gc,start    ] GC(581) Pause Young (Normal) (G1 Evacuation Pause)
[2024-12-17T16:11:38.893+0700][gc,task     ] GC(581) Using 2 workers of 2 for evacuation
[2024-12-17T16:11:38.948+0700][gc,mmu      ] GC(581) MMU target violated: 21.0ms (20.0ms/21.0ms)
[2024-12-17T16:11:38.948+0700][gc,phases   ] GC(581)   Pre Evacuate Collection Set: 4.4ms
[2024-12-17T16:11:38.948+0700][gc,phases   ] GC(581)   Merge Heap Roots: 1.3ms
[2024-12-17T16:11:38.948+0700][gc,phases   ] GC(581)   Evacuate Collection Set: 45.2ms
[2024-12-17T16:11:38.948+0700][gc,phases   ] GC(581)   Post Evacuate Collection Set: 3.5ms
[2024-12-17T16:11:38.948+0700][gc,phases   ] GC(581)   Other: 1.4ms
[2024-12-17T16:11:38.948+0700][gc,heap     ] GC(581) Eden regions: 45->0(46)
[2024-12-17T16:11:38.948+0700][gc,heap     ] GC(581) Survivor regions: 6->5(7)
[2024-12-17T16:11:38.948+0700][gc,heap     ] GC(581) Old regions: 153->155
[2024-12-17T16:11:38.948+0700][gc,heap     ] GC(581) Archive regions: 2->2
[2024-12-17T16:11:38.948+0700][gc,heap     ] GC(581) Humongous regions: 129->129
[2024-12-17T16:11:38.948+0700][gc,metaspace] GC(581) Metaspace: 45527K(46144K)->45527K(46144K) NonClass: 40302K(40640K)->40302K(40640K) Class: 5225K(5504K)->5225K(5504K)
[2024-12-17T16:11:38.949+0700][gc          ] GC(581) Pause Young (Normal) (G1 Evacuation Pause) 332M->289M(1024M) 55.795ms
[2024-12-17T16:11:38.949+0700][gc,cpu      ] GC(581) User=0.11s Sys=0.00s Real=0.06s
[2024-12-17T16:13:18.563+0700][gc,start    ] GC(582) Pause Young (Normal) (G1 Evacuation Pause)
[2024-12-17T16:13:18.563+0700][gc,task     ] GC(582) Using 2 workers of 2 for evacuation
[2024-12-17T16:13:18.610+0700][gc,mmu      ] GC(582) MMU target violated: 21.0ms (20.0ms/21.0ms)
[2024-12-17T16:13:18.610+0700][gc,phases   ] GC(582)   Pre Evacuate Collection Set: 4.8ms
[2024-12-17T16:13:18.610+0700][gc,phases   ] GC(582)   Merge Heap Roots: 1.1ms
[2024-12-17T16:13:18.610+0700][gc,phases   ] GC(582)   Evacuate Collection Set: 37.0ms
[2024-12-17T16:13:18.610+0700][gc,phases   ] GC(582)   Post Evacuate Collection Set: 3.4ms
[2024-12-17T16:13:18.610+0700][gc,phases   ] GC(582)   Other: 1.5ms
[2024-12-17T16:13:18.610+0700][gc,heap     ] GC(582) Eden regions: 46->0(48)
[2024-12-17T16:13:18.610+0700][gc,heap     ] GC(582) Survivor regions: 5->3(7)
[2024-12-17T16:13:18.610+0700][gc,heap     ] GC(582) Old regions: 155->158
[2024-12-17T16:13:18.610+0700][gc,heap     ] GC(582) Archive regions: 2->2
[2024-12-17T16:13:18.610+0700][gc,heap     ] GC(582) Humongous regions: 129->129
[2024-12-17T16:13:18.611+0700][gc,metaspace] GC(582) Metaspace: 45527K(46144K)->45527K(46144K) NonClass: 40302K(40640K)->40302K(40640K) Class: 5225K(5504K)->5225K(5504K)
[2024-12-17T16:13:18.611+0700][gc          ] GC(582) Pause Young (Normal) (G1 Evacuation Pause) 335M->290M(1024M) 47.630ms
[2024-12-17T16:13:18.611+0700][gc,cpu      ] GC(582) User=0.08s Sys=0.00s Real=0.05s
[2024-12-17T16:15:00.644+0700][gc,start    ] GC(583) Pause Young (Normal) (G1 Evacuation Pause)
[2024-12-17T16:15:00.644+0700][gc,task     ] GC(583) Using 2 workers of 2 for evacuation
[2024-12-17T16:15:00.700+0700][gc,mmu      ] GC(583) MMU target violated: 21.0ms (20.0ms/21.0ms)
[2024-12-17T16:15:00.701+0700][gc,phases   ] GC(583)   Pre Evacuate Collection Set: 2.5ms
[2024-12-17T16:15:00.701+0700][gc,phases   ] GC(583)   Merge Heap Roots: 0.9ms
[2024-12-17T16:15:00.701+0700][gc,phases   ] GC(583)   Evacuate Collection Set: 49.4ms
[2024-12-17T16:15:00.701+0700][gc,phases   ] GC(583)   Post Evacuate Collection Set: 3.3ms
[2024-12-17T16:15:00.701+0700][gc,phases   ] GC(583)   Other: 1.5ms
[2024-12-17T16:15:00.701+0700][gc,heap     ] GC(583) Eden regions: 48->0(44)
[2024-12-17T16:15:00.701+0700][gc,heap     ] GC(583) Survivor regions: 3->7(7)
[2024-12-17T16:15:00.701+0700][gc,heap     ] GC(583) Old regions: 158->158
[2024-12-17T16:15:00.701+0700][gc,heap     ] GC(583) Archive regions: 2->2
[2024-12-17T16:15:00.701+0700][gc,heap     ] GC(583) Humongous regions: 129->129
[2024-12-17T16:15:00.701+0700][gc,metaspace] GC(583) Metaspace: 45596K(46208K)->45596K(46208K) NonClass: 40371K(40704K)->40371K(40704K) Class: 5225K(5504K)->5225K(5504K)
[2024-12-17T16:15:00.701+0700][gc          ] GC(583) Pause Young (Normal) (G1 Evacuation Pause) 338M->294M(1024M) 57.513ms
[2024-12-17T16:15:00.701+0700][gc,cpu      ] GC(583) User=0.10s Sys=0.00s Real=0.06s
[2024-12-17T16:16:42.455+0700][gc,start    ] GC(584) Pause Young (Normal) (G1 Evacuation Pause)
[2024-12-17T16:16:42.455+0700][gc,task     ] GC(584) Using 2 workers of 2 for evacuation
[2024-12-17T16:16:42.502+0700][gc,mmu      ] GC(584) MMU target violated: 21.0ms (20.0ms/21.0ms)
[2024-12-17T16:16:42.502+0700][gc,phases   ] GC(584)   Pre Evacuate Collection Set: 2.5ms
[2024-12-17T16:16:42.502+0700][gc,phases   ] GC(584)   Merge Heap Roots: 1.0ms
[2024-12-17T16:16:42.502+0700][gc,phases   ] GC(584)   Evacuate Collection Set: 41.2ms
[2024-12-17T16:16:42.503+0700][gc,phases   ] GC(584)   Post Evacuate Collection Set: 2.0ms
[2024-12-17T16:16:42.503+0700][gc,phases   ] GC(584)   Other: 1.1ms
[2024-12-17T16:16:42.503+0700][gc,heap     ] GC(584) Eden regions: 44->0(48)
[2024-12-17T16:16:42.503+0700][gc,heap     ] GC(584) Survivor regions: 7->3(7)
[2024-12-17T16:16:42.503+0700][gc,heap     ] GC(584) Old regions: 158->162
[2024-12-17T16:16:42.503+0700][gc,heap     ] GC(584) Archive regions: 2->2
[2024-12-17T16:16:42.503+0700][gc,heap     ] GC(584) Humongous regions: 129->129
[2024-12-17T16:16:42.503+0700][gc,metaspace] GC(584) Metaspace: 45596K(46208K)->45596K(46208K) NonClass: 40371K(40704K)->40371K(40704K) Class: 5225K(5504K)->5225K(5504K)
[2024-12-17T16:16:42.503+0700][gc          ] GC(584) Pause Young (Normal) (G1 Evacuation Pause) 338M->294M(1024M) 47.707ms
[2024-12-17T16:16:42.503+0700][gc,cpu      ] GC(584) User=0.09s Sys=0.00s Real=0.05s
[2024-12-17T16:18:29.000+0700][gc,start    ] GC(585) Pause Young (Normal) (G1 Evacuation Pause)
[2024-12-17T16:18:29.001+0700][gc,task     ] GC(585) Using 2 workers of 2 for evacuation
[2024-12-17T16:18:29.042+0700][gc,mmu      ] GC(585) MMU target violated: 21.0ms (20.0ms/21.0ms)
[2024-12-17T16:18:29.042+0700][gc,phases   ] GC(585)   Pre Evacuate Collection Set: 2.8ms
[2024-12-17T16:18:29.042+0700][gc,phases   ] GC(585)   Merge Heap Roots: 0.7ms
[2024-12-17T16:18:29.042+0700][gc,phases   ] GC(585)   Evacuate Collection Set: 34.5ms
[2024-12-17T16:18:29.042+0700][gc,phases   ] GC(585)   Post Evacuate Collection Set: 2.8ms
[2024-12-17T16:18:29.042+0700][gc,phases   ] GC(585)   Other: 1.3ms
[2024-12-17T16:18:29.042+0700][gc,heap     ] GC(585) Eden regions: 48->0(45)
[2024-12-17T16:18:29.042+0700][gc,heap     ] GC(585) Survivor regions: 3->6(7)
[2024-12-17T16:18:29.042+0700][gc,heap     ] GC(585) Old regions: 162->162
[2024-12-17T16:18:29.042+0700][gc,heap     ] GC(585) Archive regions: 2->2
[2024-12-17T16:18:29.042+0700][gc,heap     ] GC(585) Humongous regions: 129->129
[2024-12-17T16:18:29.042+0700][gc,metaspace] GC(585) Metaspace: 45596K(46208K)->45596K(46208K) NonClass: 40371K(40704K)->40371K(40704K) Class: 5225K(5504K)->5225K(5504K)
[2024-12-17T16:18:29.042+0700][gc          ] GC(585) Pause Young (Normal) (G1 Evacuation Pause) 342M->297M(1024M) 41.952ms
[2024-12-17T16:18:29.042+0700][gc,cpu      ] GC(585) User=0.08s Sys=0.00s Real=0.04s
[2024-12-17T16:19:43.416+0700][gc,start    ] GC(586) Pause Young (Normal) (G1 Evacuation Pause)
[2024-12-17T16:19:43.416+0700][gc,task     ] GC(586) Using 2 workers of 2 for evacuation
[2024-12-17T16:19:43.460+0700][gc,mmu      ] GC(586) MMU target violated: 21.0ms (20.0ms/21.0ms)
[2024-12-17T16:19:43.460+0700][gc,phases   ] GC(586)   Pre Evacuate Collection Set: 2.2ms
[2024-12-17T16:19:43.460+0700][gc,phases   ] GC(586)   Merge Heap Roots: 0.4ms
[2024-12-17T16:19:43.460+0700][gc,phases   ] GC(586)   Evacuate Collection Set: 38.2ms
[2024-12-17T16:19:43.460+0700][gc,phases   ] GC(586)   Post Evacuate Collection Set: 2.5ms
[2024-12-17T16:19:43.460+0700][gc,phases   ] GC(586)   Other: 1.0ms
[2024-12-17T16:19:43.460+0700][gc,heap     ] GC(586) Eden regions: 45->0(47)
[2024-12-17T16:19:43.460+0700][gc,heap     ] GC(586) Survivor regions: 6->4(7)
[2024-12-17T16:19:43.460+0700][gc,heap     ] GC(586) Old regions: 162->166
[2024-12-17T16:19:43.460+0700][gc,heap     ] GC(586) Archive regions: 2->2
[2024-12-17T16:19:43.460+0700][gc,heap     ] GC(586) Humongous regions: 129->129
[2024-12-17T16:19:43.460+0700][gc,metaspace] GC(586) Metaspace: 45602K(46208K)->45602K(46208K) NonClass: 40377K(40704K)->40377K(40704K) Class: 5225K(5504K)->5225K(5504K)
[2024-12-17T16:19:43.460+0700][gc          ] GC(586) Pause Young (Normal) (G1 Evacuation Pause) 342M->299M(1024M) 44.424ms
[2024-12-17T16:19:43.460+0700][gc,cpu      ] GC(586) User=0.09s Sys=0.00s Real=0.05s
[2024-12-17T16:19:48.000+0700][gc,start    ] GC(587) Pause Young (Normal) (G1 Evacuation Pause)
[2024-12-17T16:19:48.000+0700][gc,task     ] GC(587) Using 2 workers of 2 for evacuation
[2024-12-17T16:19:48.025+0700][gc,mmu      ] GC(587) MMU target violated: 21.0ms (20.0ms/21.0ms)
[2024-12-17T16:19:48.025+0700][gc,phases   ] GC(587)   Pre Evacuate Collection Set: 0.4ms
[2024-12-17T16:19:48.025+0700][gc,phases   ] GC(587)   Merge Heap Roots: 0.5ms
[2024-12-17T16:19:48.025+0700][gc,phases   ] GC(587)   Evacuate Collection Set: 22.4ms
[2024-12-17T16:19:48.025+0700][gc,phases   ] GC(587)   Post Evacuate Collection Set: 1.1ms
[2024-12-17T16:19:48.025+0700][gc,phases   ] GC(587)   Other: 0.3ms
[2024-12-17T16:19:48.025+0700][gc,heap     ] GC(587) Eden regions: 47->0(48)
[2024-12-17T16:19:48.025+0700][gc,heap     ] GC(587) Survivor regions: 4->3(7)
[2024-12-17T16:19:48.025+0700][gc,heap     ] GC(587) Old regions: 166->168
[2024-12-17T16:19:48.025+0700][gc,heap     ] GC(587) Archive regions: 2->2
[2024-12-17T16:19:48.025+0700][gc,heap     ] GC(587) Humongous regions: 129->129
[2024-12-17T16:19:48.025+0700][gc,metaspace] GC(587) Metaspace: 45603K(46208K)->45603K(46208K) NonClass: 40378K(40704K)->40378K(40704K) Class: 5225K(5504K)->5225K(5504K)
[2024-12-17T16:19:48.025+0700][gc          ] GC(587) Pause Young (Normal) (G1 Evacuation Pause) 346M->300M(1024M) 24.848ms
[2024-12-17T16:19:48.025+0700][gc,cpu      ] GC(587) User=0.05s Sys=0.00s Real=0.03s
[2024-12-17T16:20:20.203+0700][gc,start    ] GC(588) Pause Young (Normal) (G1 Evacuation Pause)
[2024-12-17T16:20:20.203+0700][gc,task     ] GC(588) Using 2 workers of 2 for evacuation
[2024-12-17T16:20:20.251+0700][gc,mmu      ] GC(588) MMU target violated: 21.0ms (20.0ms/21.0ms)
[2024-12-17T16:20:20.251+0700][gc,phases   ] GC(588)   Pre Evacuate Collection Set: 5.8ms
[2024-12-17T16:20:20.251+0700][gc,phases   ] GC(588)   Merge Heap Roots: 1.0ms
[2024-12-17T16:20:20.251+0700][gc,phases   ] GC(588)   Evacuate Collection Set: 37.2ms
[2024-12-17T16:20:20.251+0700][gc,phases   ] GC(588)   Post Evacuate Collection Set: 3.3ms
[2024-12-17T16:20:20.251+0700][gc,phases   ] GC(588)   Other: 1.4ms
[2024-12-17T16:20:20.252+0700][gc,heap     ] GC(588) Eden regions: 48->0(46)
[2024-12-17T16:20:20.252+0700][gc,heap     ] GC(588) Survivor regions: 3->5(7)
[2024-12-17T16:20:20.252+0700][gc,heap     ] GC(588) Old regions: 168->168
[2024-12-17T16:20:20.252+0700][gc,heap     ] GC(588) Archive regions: 2->2
[2024-12-17T16:20:20.252+0700][gc,heap     ] GC(588) Humongous regions: 129->129
[2024-12-17T16:20:20.252+0700][gc,metaspace] GC(588) Metaspace: 45603K(46208K)->45603K(46208K) NonClass: 40378K(40704K)->40378K(40704K) Class: 5225K(5504K)->5225K(5504K)
[2024-12-17T16:20:20.252+0700][gc          ] GC(588) Pause Young (Normal) (G1 Evacuation Pause) 348M->302M(1024M) 48.610ms
[2024-12-17T16:20:20.252+0700][gc,cpu      ] GC(588) User=0.09s Sys=0.00s Real=0.05s
[2024-12-17T16:22:35.706+0700][gc,start    ] GC(589) Pause Young (Normal) (G1 Evacuation Pause)
[2024-12-17T16:22:35.706+0700][gc,task     ] GC(589) Using 2 workers of 2 for evacuation
[2024-12-17T16:22:35.760+0700][gc,mmu      ] GC(589) MMU target violated: 21.0ms (20.0ms/21.0ms)
[2024-12-17T16:22:35.760+0700][gc,phases   ] GC(589)   Pre Evacuate Collection Set: 3.6ms
[2024-12-17T16:22:35.760+0700][gc,phases   ] GC(589)   Merge Heap Roots: 1.0ms
[2024-12-17T16:22:35.760+0700][gc,phases   ] GC(589)   Evacuate Collection Set: 45.0ms
[2024-12-17T16:22:35.760+0700][gc,phases   ] GC(589)   Post Evacuate Collection Set: 3.8ms
[2024-12-17T16:22:35.760+0700][gc,phases   ] GC(589)   Other: 0.8ms
[2024-12-17T16:22:35.760+0700][gc,heap     ] GC(589) Eden regions: 46->0(45)
[2024-12-17T16:22:35.760+0700][gc,heap     ] GC(589) Survivor regions: 5->6(7)
[2024-12-17T16:22:35.760+0700][gc,heap     ] GC(589) Old regions: 168->171
[2024-12-17T16:22:35.760+0700][gc,heap     ] GC(589) Archive regions: 2->2
[2024-12-17T16:22:35.760+0700][gc,heap     ] GC(589) Humongous regions: 129->129
[2024-12-17T16:22:35.760+0700][gc,metaspace] GC(589) Metaspace: 45603K(46208K)->45603K(46208K) NonClass: 40378K(40704K)->40378K(40704K) Class: 5225K(5504K)->5225K(5504K)
[2024-12-17T16:22:35.760+0700][gc          ] GC(589) Pause Young (Normal) (G1 Evacuation Pause) 348M->305M(1024M) 54.445ms
[2024-12-17T16:22:35.760+0700][gc,cpu      ] GC(589) User=0.10s Sys=0.00s Real=0.05s
[2024-12-17T16:23:15.906+0700][gc,start    ] GC(590) Pause Young (Normal) (G1 Evacuation Pause)
[2024-12-17T16:23:15.906+0700][gc,task     ] GC(590) Using 2 workers of 2 for evacuation
[2024-12-17T16:23:15.961+0700][gc,mmu      ] GC(590) MMU target violated: 21.0ms (20.0ms/21.0ms)
[2024-12-17T16:23:15.961+0700][gc,phases   ] GC(590)   Pre Evacuate Collection Set: 1.0ms
[2024-12-17T16:23:15.961+0700][gc,phases   ] GC(590)   Merge Heap Roots: 0.3ms
[2024-12-17T16:23:15.961+0700][gc,phases   ] GC(590)   Evacuate Collection Set: 52.2ms
[2024-12-17T16:23:15.961+0700][gc,phases   ] GC(590)   Post Evacuate Collection Set: 1.7ms
[2024-12-17T16:23:15.961+0700][gc,phases   ] GC(590)   Other: 0.6ms
[2024-12-17T16:23:15.961+0700][gc,heap     ] GC(590) Eden regions: 45->0(48)
[2024-12-17T16:23:15.961+0700][gc,heap     ] GC(590) Survivor regions: 6->3(7)
[2024-12-17T16:23:15.961+0700][gc,heap     ] GC(590) Old regions: 171->174
[2024-12-17T16:23:15.962+0700][gc,heap     ] GC(590) Archive regions: 2->2
[2024-12-17T16:23:15.962+0700][gc,heap     ] GC(590) Humongous regions: 129->129
[2024-12-17T16:23:15.962+0700][gc,metaspace] GC(590) Metaspace: 45607K(46208K)->45607K(46208K) NonClass: 40382K(40704K)->40382K(40704K) Class: 5225K(5504K)->5225K(5504K)
[2024-12-17T16:23:15.962+0700][gc          ] GC(590) Pause Young (Normal) (G1 Evacuation Pause) 350M->306M(1024M) 55.689ms
[2024-12-17T16:23:15.962+0700][gc,cpu      ] GC(590) User=0.07s Sys=0.00s Real=0.05s
[2024-12-17T16:23:18.870+0700][gc,start    ] GC(591) Pause Young (Normal) (G1 Evacuation Pause)
[2024-12-17T16:23:18.870+0700][gc,task     ] GC(591) Using 2 workers of 2 for evacuation
[2024-12-17T16:23:18.935+0700][gc,mmu      ] GC(591) MMU target violated: 21.0ms (20.0ms/21.0ms)
[2024-12-17T16:23:18.935+0700][gc,phases   ] GC(591)   Pre Evacuate Collection Set: 0.5ms
[2024-12-17T16:23:18.935+0700][gc,phases   ] GC(591)   Merge Heap Roots: 0.3ms
[2024-12-17T16:23:18.935+0700][gc,phases   ] GC(591)   Evacuate Collection Set: 62.7ms
[2024-12-17T16:23:18.935+0700][gc,phases   ] GC(591)   Post Evacuate Collection Set: 1.1ms
[2024-12-17T16:23:18.935+0700][gc,phases   ] GC(591)   Other: 0.4ms
[2024-12-17T16:23:18.935+0700][gc,heap     ] GC(591) Eden regions: 48->0(46)
[2024-12-17T16:23:18.935+0700][gc,heap     ] GC(591) Survivor regions: 3->5(7)
[2024-12-17T16:23:18.935+0700][gc,heap     ] GC(591) Old regions: 174->174
[2024-12-17T16:23:18.935+0700][gc,heap     ] GC(591) Archive regions: 2->2
[2024-12-17T16:23:18.935+0700][gc,heap     ] GC(591) Humongous regions: 129->129
[2024-12-17T16:23:18.935+0700][gc,metaspace] GC(591) Metaspace: 45607K(46208K)->45607K(46208K) NonClass: 40382K(40704K)->40382K(40704K) Class: 5225K(5504K)->5225K(5504K)
[2024-12-17T16:23:18.935+0700][gc          ] GC(591) Pause Young (Normal) (G1 Evacuation Pause) 354M->307M(1024M) 64.832ms
[2024-12-17T16:23:18.935+0700][gc,cpu      ] GC(591) User=0.09s Sys=0.00s Real=0.06s
[2024-12-17T16:23:21.919+0700][gc,start    ] GC(592) Pause Young (Normal) (G1 Evacuation Pause)
[2024-12-17T16:23:21.919+0700][gc,task     ] GC(592) Using 2 workers of 2 for evacuation
[2024-12-17T16:23:21.969+0700][gc,mmu      ] GC(592) MMU target violated: 21.0ms (20.0ms/21.0ms)
[2024-12-17T16:23:21.969+0700][gc,phases   ] GC(592)   Pre Evacuate Collection Set: 0.5ms
[2024-12-17T16:23:21.969+0700][gc,phases   ] GC(592)   Merge Heap Roots: 0.2ms
[2024-12-17T16:23:21.969+0700][gc,phases   ] GC(592)   Evacuate Collection Set: 48.3ms
[2024-12-17T16:23:21.969+0700][gc,phases   ] GC(592)   Post Evacuate Collection Set: 1.3ms
[2024-12-17T16:23:21.969+0700][gc,phases   ] GC(592)   Other: 0.4ms
[2024-12-17T16:23:21.969+0700][gc,heap     ] GC(592) Eden regions: 46->0(48)
[2024-12-17T16:23:21.969+0700][gc,heap     ] GC(592) Survivor regions: 5->3(7)
[2024-12-17T16:23:21.969+0700][gc,heap     ] GC(592) Old regions: 174->176
[2024-12-17T16:23:21.969+0700][gc,heap     ] GC(592) Archive regions: 2->2
[2024-12-17T16:23:21.969+0700][gc,heap     ] GC(592) Humongous regions: 129->129
[2024-12-17T16:23:21.969+0700][gc,metaspace] GC(592) Metaspace: 45608K(46208K)->45608K(46208K) NonClass: 40382K(40704K)->40382K(40704K) Class: 5225K(5504K)->5225K(5504K)
[2024-12-17T16:23:21.969+0700][gc          ] GC(592) Pause Young (Normal) (G1 Evacuation Pause) 353M->308M(1024M) 50.822ms
[2024-12-17T16:23:21.970+0700][gc,cpu      ] GC(592) User=0.03s Sys=0.00s Real=0.05s
[2024-12-17T16:23:24.638+0700][gc,start    ] GC(593) Pause Young (Normal) (G1 Evacuation Pause)
[2024-12-17T16:23:24.638+0700][gc,task     ] GC(593) Using 2 workers of 2 for evacuation
[2024-12-17T16:23:24.681+0700][gc,mmu      ] GC(593) MMU target violated: 21.0ms (20.0ms/21.0ms)
[2024-12-17T16:23:24.681+0700][gc,phases   ] GC(593)   Pre Evacuate Collection Set: 0.4ms
[2024-12-17T16:23:24.681+0700][gc,phases   ] GC(593)   Merge Heap Roots: 0.4ms
[2024-12-17T16:23:24.681+0700][gc,phases   ] GC(593)   Evacuate Collection Set: 40.8ms
[2024-12-17T16:23:24.681+0700][gc,phases   ] GC(593)   Post Evacuate Collection Set: 1.5ms
[2024-12-17T16:23:24.681+0700][gc,phases   ] GC(593)   Other: 0.4ms
[2024-12-17T16:23:24.681+0700][gc,heap     ] GC(593) Eden regions: 48->0(48)
[2024-12-17T16:23:24.681+0700][gc,heap     ] GC(593) Survivor regions: 3->3(7)
[2024-12-17T16:23:24.681+0700][gc,heap     ] GC(593) Old regions: 176->176
[2024-12-17T16:23:24.681+0700][gc,heap     ] GC(593) Archive regions: 2->2
[2024-12-17T16:23:24.681+0700][gc,heap     ] GC(593) Humongous regions: 129->129
[2024-12-17T16:23:24.681+0700][gc,metaspace] GC(593) Metaspace: 45608K(46208K)->45608K(46208K) NonClass: 40382K(40704K)->40382K(40704K) Class: 5225K(5504K)->5225K(5504K)
[2024-12-17T16:23:24.681+0700][gc          ] GC(593) Pause Young (Normal) (G1 Evacuation Pause) 356M->308M(1024M) 43.691ms
[2024-12-17T16:23:24.682+0700][gc,cpu      ] GC(593) User=0.03s Sys=0.00s Real=0.04s
[2024-12-17T16:23:28.251+0700][gc,start    ] GC(594) Pause Young (Normal) (G1 Evacuation Pause)
[2024-12-17T16:23:28.251+0700][gc,task     ] GC(594) Using 2 workers of 2 for evacuation
[2024-12-17T16:23:28.284+0700][gc,mmu      ] GC(594) MMU target violated: 21.0ms (20.0ms/21.0ms)
[2024-12-17T16:23:28.284+0700][gc,phases   ] GC(594)   Pre Evacuate Collection Set: 0.4ms
[2024-12-17T16:23:28.284+0700][gc,phases   ] GC(594)   Merge Heap Roots: 0.2ms
[2024-12-17T16:23:28.284+0700][gc,phases   ] GC(594)   Evacuate Collection Set: 31.2ms
[2024-12-17T16:23:28.284+0700][gc,phases   ] GC(594)   Post Evacuate Collection Set: 1.0ms
[2024-12-17T16:23:28.284+0700][gc,phases   ] GC(594)   Other: 0.2ms
[2024-12-17T16:23:28.284+0700][gc,heap     ] GC(594) Eden regions: 48->0(47)
[2024-12-17T16:23:28.284+0700][gc,heap     ] GC(594) Survivor regions: 3->4(7)
[2024-12-17T16:23:28.284+0700][gc,heap     ] GC(594) Old regions: 176->176
[2024-12-17T16:23:28.284+0700][gc,heap     ] GC(594) Archive regions: 2->2
[2024-12-17T16:23:28.284+0700][gc,heap     ] GC(594) Humongous regions: 129->129
[2024-12-17T16:23:28.284+0700][gc,metaspace] GC(594) Metaspace: 45608K(46208K)->45608K(46208K) NonClass: 40382K(40704K)->40382K(40704K) Class: 5225K(5504K)->5225K(5504K)
[2024-12-17T16:23:28.284+0700][gc          ] GC(594) Pause Young (Normal) (G1 Evacuation Pause) 356M->308M(1024M) 33.137ms
[2024-12-17T16:23:28.284+0700][gc,cpu      ] GC(594) User=0.01s Sys=0.00s Real=0.04s
[2024-12-17T16:24:07.448+0700][gc,start    ] GC(595) Pause Young (Normal) (G1 Evacuation Pause)
[2024-12-17T16:24:07.448+0700][gc,task     ] GC(595) Using 2 workers of 2 for evacuation
[2024-12-17T16:24:07.501+0700][gc,mmu      ] GC(595) MMU target violated: 21.0ms (20.0ms/21.0ms)
[2024-12-17T16:24:07.501+0700][gc,phases   ] GC(595)   Pre Evacuate Collection Set: 1.2ms
[2024-12-17T16:24:07.501+0700][gc,phases   ] GC(595)   Merge Heap Roots: 1.0ms
[2024-12-17T16:24:07.501+0700][gc,phases   ] GC(595)   Evacuate Collection Set: 47.7ms
[2024-12-17T16:24:07.501+0700][gc,phases   ] GC(595)   Post Evacuate Collection Set: 2.8ms
[2024-12-17T16:24:07.501+0700][gc,phases   ] GC(595)   Other: 1.1ms
[2024-12-17T16:24:07.501+0700][gc,heap     ] GC(595) Eden regions: 47->0(45)
[2024-12-17T16:24:07.501+0700][gc,heap     ] GC(595) Survivor regions: 4->6(7)
[2024-12-17T16:24:07.501+0700][gc,heap     ] GC(595) Old regions: 176->176
[2024-12-17T16:24:07.501+0700][gc,heap     ] GC(595) Archive regions: 2->2
[2024-12-17T16:24:07.501+0700][gc,heap     ] GC(595) Humongous regions: 129->129
[2024-12-17T16:24:07.501+0700][gc,metaspace] GC(595) Metaspace: 45608K(46208K)->45608K(46208K) NonClass: 40382K(40704K)->40382K(40704K) Class: 5225K(5504K)->5225K(5504K)
[2024-12-17T16:24:07.501+0700][gc          ] GC(595) Pause Young (Normal) (G1 Evacuation Pause) 355M->311M(1024M) 53.567ms
[2024-12-17T16:24:07.501+0700][gc,cpu      ] GC(595) User=0.10s Sys=0.01s Real=0.05s
[2024-12-17T16:25:36.735+0700][gc,start    ] GC(596) Pause Young (Normal) (G1 Evacuation Pause)
[2024-12-17T16:25:36.735+0700][gc,task     ] GC(596) Using 2 workers of 2 for evacuation
[2024-12-17T16:25:36.784+0700][gc,mmu      ] GC(596) MMU target violated: 21.0ms (20.0ms/21.0ms)
[2024-12-17T16:25:36.784+0700][gc,phases   ] GC(596)   Pre Evacuate Collection Set: 2.8ms
[2024-12-17T16:25:36.785+0700][gc,phases   ] GC(596)   Merge Heap Roots: 1.1ms
[2024-12-17T16:25:36.785+0700][gc,phases   ] GC(596)   Evacuate Collection Set: 42.4ms
[2024-12-17T16:25:36.785+0700][gc,phases   ] GC(596)   Post Evacuate Collection Set: 2.7ms
[2024-12-17T16:25:36.785+0700][gc,phases   ] GC(596)   Other: 1.2ms
[2024-12-17T16:25:36.785+0700][gc,heap     ] GC(596) Eden regions: 45->0(47)
[2024-12-17T16:25:36.785+0700][gc,heap     ] GC(596) Survivor regions: 6->4(7)
[2024-12-17T16:25:36.785+0700][gc,heap     ] GC(596) Old regions: 176->178
[2024-12-17T16:25:36.785+0700][gc,heap     ] GC(596) Archive regions: 2->2
[2024-12-17T16:25:36.785+0700][gc,heap     ] GC(596) Humongous regions: 129->129
[2024-12-17T16:25:36.785+0700][gc,metaspace] GC(596) Metaspace: 45617K(46208K)->45617K(46208K) NonClass: 40391K(40704K)->40391K(40704K) Class: 5225K(5504K)->5225K(5504K)
[2024-12-17T16:25:36.785+0700][gc          ] GC(596) Pause Young (Normal) (G1 Evacuation Pause) 356M->311M(1024M) 50.266ms
[2024-12-17T16:25:36.785+0700][gc,cpu      ] GC(596) User=0.10s Sys=0.00s Real=0.06s
[2024-12-17T16:27:16.837+0700][gc,start    ] GC(597) Pause Young (Normal) (G1 Evacuation Pause)
[2024-12-17T16:27:16.838+0700][gc,task     ] GC(597) Using 2 workers of 2 for evacuation
[2024-12-17T16:27:16.896+0700][gc,mmu      ] GC(597) MMU target violated: 21.0ms (20.0ms/21.0ms)
[2024-12-17T16:27:16.896+0700][gc,phases   ] GC(597)   Pre Evacuate Collection Set: 3.4ms
[2024-12-17T16:27:16.896+0700][gc,phases   ] GC(597)   Merge Heap Roots: 1.7ms
[2024-12-17T16:27:16.896+0700][gc,phases   ] GC(597)   Evacuate Collection Set: 49.3ms
[2024-12-17T16:27:16.896+0700][gc,phases   ] GC(597)   Post Evacuate Collection Set: 3.3ms
[2024-12-17T16:27:16.896+0700][gc,phases   ] GC(597)   Other: 1.7ms
[2024-12-17T16:27:16.896+0700][gc,heap     ] GC(597) Eden regions: 47->0(44)
[2024-12-17T16:27:16.896+0700][gc,heap     ] GC(597) Survivor regions: 4->7(7)
[2024-12-17T16:27:16.896+0700][gc,heap     ] GC(597) Old regions: 178->179
[2024-12-17T16:27:16.896+0700][gc,heap     ] GC(597) Archive regions: 2->2
[2024-12-17T16:27:16.896+0700][gc,heap     ] GC(597) Humongous regions: 129->129
[2024-12-17T16:27:16.897+0700][gc,metaspace] GC(597) Metaspace: 45622K(46208K)->45622K(46208K) NonClass: 40396K(40704K)->40396K(40704K) Class: 5225K(5504K)->5225K(5504K)
[2024-12-17T16:27:16.897+0700][gc          ] GC(597) Pause Young (Normal) (G1 Evacuation Pause) 358M->314M(1024M) 59.426ms
[2024-12-17T16:27:16.897+0700][gc,cpu      ] GC(597) User=0.11s Sys=0.00s Real=0.06s
[2024-12-17T16:28:52.216+0700][gc,start    ] GC(598) Pause Young (Normal) (G1 Evacuation Pause)
[2024-12-17T16:28:52.216+0700][gc,task     ] GC(598) Using 2 workers of 2 for evacuation
[2024-12-17T16:28:52.271+0700][gc,mmu      ] GC(598) MMU target violated: 21.0ms (20.0ms/21.0ms)
[2024-12-17T16:28:52.271+0700][gc,phases   ] GC(598)   Pre Evacuate Collection Set: 2.6ms
[2024-12-17T16:28:52.271+0700][gc,phases   ] GC(598)   Merge Heap Roots: 1.1ms
[2024-12-17T16:28:52.271+0700][gc,phases   ] GC(598)   Evacuate Collection Set: 47.9ms
[2024-12-17T16:28:52.271+0700][gc,phases   ] GC(598)   Post Evacuate Collection Set: 2.8ms
[2024-12-17T16:28:52.271+0700][gc,phases   ] GC(598)   Other: 1.2ms
[2024-12-17T16:28:52.271+0700][gc,heap     ] GC(598) Eden regions: 44->0(48)
[2024-12-17T16:28:52.271+0700][gc,heap     ] GC(598) Survivor regions: 7->3(7)
[2024-12-17T16:28:52.271+0700][gc,heap     ] GC(598) Old regions: 179->183
[2024-12-17T16:28:52.271+0700][gc,heap     ] GC(598) Archive regions: 2->2
[2024-12-17T16:28:52.271+0700][gc,heap     ] GC(598) Humongous regions: 129->129
[2024-12-17T16:28:52.272+0700][gc,metaspace] GC(598) Metaspace: 45622K(46208K)->45622K(46208K) NonClass: 40396K(40704K)->40396K(40704K) Class: 5225K(5504K)->5225K(5504K)
[2024-12-17T16:28:52.272+0700][gc          ] GC(598) Pause Young (Normal) (G1 Evacuation Pause) 358M->315M(1024M) 55.477ms
[2024-12-17T16:28:52.272+0700][gc,cpu      ] GC(598) User=0.10s Sys=0.00s Real=0.05s
[2024-12-17T16:30:36.290+0700][gc,start    ] GC(599) Pause Young (Normal) (G1 Evacuation Pause)
[2024-12-17T16:30:36.290+0700][gc,task     ] GC(599) Using 2 workers of 2 for evacuation
[2024-12-17T16:30:36.335+0700][gc,mmu      ] GC(599) MMU target violated: 21.0ms (20.0ms/21.0ms)
[2024-12-17T16:30:36.335+0700][gc,phases   ] GC(599)   Pre Evacuate Collection Set: 2.6ms
[2024-12-17T16:30:36.335+0700][gc,phases   ] GC(599)   Merge Heap Roots: 0.6ms
[2024-12-17T16:30:36.335+0700][gc,phases   ] GC(599)   Evacuate Collection Set: 38.8ms
[2024-12-17T16:30:36.335+0700][gc,phases   ] GC(599)   Post Evacuate Collection Set: 2.4ms
[2024-12-17T16:30:36.335+0700][gc,phases   ] GC(599)   Other: 1.2ms
[2024-12-17T16:30:36.335+0700][gc,heap     ] GC(599) Eden regions: 48->0(45)
[2024-12-17T16:30:36.335+0700][gc,heap     ] GC(599) Survivor regions: 3->6(7)
[2024-12-17T16:30:36.335+0700][gc,heap     ] GC(599) Old regions: 183->183
[2024-12-17T16:30:36.335+0700][gc,heap     ] GC(599) Archive regions: 2->2
[2024-12-17T16:30:36.335+0700][gc,heap     ] GC(599) Humongous regions: 129->129
[2024-12-17T16:30:36.335+0700][gc,metaspace] GC(599) Metaspace: 45622K(46208K)->45622K(46208K) NonClass: 40396K(40704K)->40396K(40704K) Class: 5225K(5504K)->5225K(5504K)
[2024-12-17T16:30:36.335+0700][gc          ] GC(599) Pause Young (Normal) (G1 Evacuation Pause) 363M->318M(1024M) 45.694ms
[2024-12-17T16:30:36.335+0700][gc,cpu      ] GC(599) User=0.09s Sys=0.00s Real=0.04s
[2024-12-17T16:32:14.174+0700][gc,start    ] GC(600) Pause Young (Normal) (G1 Evacuation Pause)
[2024-12-17T16:32:14.174+0700][gc,task     ] GC(600) Using 2 workers of 2 for evacuation
[2024-12-17T16:32:14.242+0700][gc,mmu      ] GC(600) MMU target violated: 21.0ms (20.0ms/21.0ms)
[2024-12-17T16:32:14.242+0700][gc,phases   ] GC(600)   Pre Evacuate Collection Set: 3.2ms
[2024-12-17T16:32:14.242+0700][gc,phases   ] GC(600)   Merge Heap Roots: 0.6ms
[2024-12-17T16:32:14.242+0700][gc,phases   ] GC(600)   Evacuate Collection Set: 60.7ms
[2024-12-17T16:32:14.242+0700][gc,phases   ] GC(600)   Post Evacuate Collection Set: 2.4ms
[2024-12-17T16:32:14.242+0700][gc,phases   ] GC(600)   Other: 1.3ms
[2024-12-17T16:32:14.242+0700][gc,heap     ] GC(600) Eden regions: 45->0(46)
[2024-12-17T16:32:14.242+0700][gc,heap     ] GC(600) Survivor regions: 6->5(7)
[2024-12-17T16:32:14.242+0700][gc,heap     ] GC(600) Old regions: 183->187
[2024-12-17T16:32:14.242+0700][gc,heap     ] GC(600) Archive regions: 2->2
[2024-12-17T16:32:14.242+0700][gc,heap     ] GC(600) Humongous regions: 129->129
[2024-12-17T16:32:14.242+0700][gc,metaspace] GC(600) Metaspace: 45622K(46208K)->45622K(46208K) NonClass: 40396K(40704K)->40396K(40704K) Class: 5225K(5504K)->5225K(5504K)
[2024-12-17T16:32:14.242+0700][gc          ] GC(600) Pause Young (Normal) (G1 Evacuation Pause) 363M->321M(1024M) 68.411ms
[2024-12-17T16:32:14.242+0700][gc,cpu      ] GC(600) User=0.13s Sys=0.00s Real=0.07s
[2024-12-17T16:33:54.101+0700][gc,start    ] GC(601) Pause Young (Normal) (G1 Evacuation Pause)
[2024-12-17T16:33:54.101+0700][gc,task     ] GC(601) Using 2 workers of 2 for evacuation
[2024-12-17T16:33:54.157+0700][gc,mmu      ] GC(601) MMU target violated: 21.0ms (20.0ms/21.0ms)
[2024-12-17T16:33:54.157+0700][gc,phases   ] GC(601)   Pre Evacuate Collection Set: 3.7ms
[2024-12-17T16:33:54.157+0700][gc,phases   ] GC(601)   Merge Heap Roots: 1.2ms
[2024-12-17T16:33:54.157+0700][gc,phases   ] GC(601)   Evacuate Collection Set: 47.3ms
[2024-12-17T16:33:54.157+0700][gc,phases   ] GC(601)   Post Evacuate Collection Set: 2.9ms
[2024-12-17T16:33:54.157+0700][gc,phases   ] GC(601)   Other: 1.5ms
[2024-12-17T16:33:54.157+0700][gc,heap     ] GC(601) Eden regions: 46->0(47)
[2024-12-17T16:33:54.157+0700][gc,heap     ] GC(601) Survivor regions: 5->4(7)
[2024-12-17T16:33:54.157+0700][gc,heap     ] GC(601) Old regions: 187->190
[2024-12-17T16:33:54.157+0700][gc,heap     ] GC(601) Archive regions: 2->2
[2024-12-17T16:33:54.157+0700][gc,heap     ] GC(601) Humongous regions: 129->129
[2024-12-17T16:33:54.157+0700][gc,metaspace] GC(601) Metaspace: 45626K(46208K)->45626K(46208K) NonClass: 40400K(40704K)->40400K(40704K) Class: 5225K(5504K)->5225K(5504K)
[2024-12-17T16:33:54.157+0700][gc          ] GC(601) Pause Young (Normal) (G1 Evacuation Pause) 367M->322M(1024M) 56.403ms
[2024-12-17T16:33:54.158+0700][gc,cpu      ] GC(601) User=0.10s Sys=0.00s Real=0.06s
[2024-12-17T16:35:36.536+0700][gc,start    ] GC(602) Pause Young (Normal) (G1 Evacuation Pause)
[2024-12-17T16:35:36.536+0700][gc,task     ] GC(602) Using 2 workers of 2 for evacuation
[2024-12-17T16:35:36.587+0700][gc,mmu      ] GC(602) MMU target violated: 21.0ms (20.0ms/21.0ms)
[2024-12-17T16:35:36.587+0700][gc,phases   ] GC(602)   Pre Evacuate Collection Set: 2.8ms
[2024-12-17T16:35:36.587+0700][gc,phases   ] GC(602)   Merge Heap Roots: 0.6ms
[2024-12-17T16:35:36.587+0700][gc,phases   ] GC(602)   Evacuate Collection Set: 44.6ms
[2024-12-17T16:35:36.587+0700][gc,phases   ] GC(602)   Post Evacuate Collection Set: 2.7ms
[2024-12-17T16:35:36.587+0700][gc,phases   ] GC(602)   Other: 1.1ms
[2024-12-17T16:35:36.587+0700][gc,heap     ] GC(602) Eden regions: 47->0(44)
[2024-12-17T16:35:36.587+0700][gc,heap     ] GC(602) Survivor regions: 4->7(7)
[2024-12-17T16:35:36.587+0700][gc,heap     ] GC(602) Old regions: 190->190
[2024-12-17T16:35:36.587+0700][gc,heap     ] GC(602) Archive regions: 2->2
[2024-12-17T16:35:36.588+0700][gc,heap     ] GC(602) Humongous regions: 129->129
[2024-12-17T16:35:36.588+0700][gc,metaspace] GC(602) Metaspace: 45626K(46208K)->45626K(46208K) NonClass: 40400K(40704K)->40400K(40704K) Class: 5225K(5504K)->5225K(5504K)
[2024-12-17T16:35:36.588+0700][gc          ] GC(602) Pause Young (Normal) (G1 Evacuation Pause) 369M->325M(1024M) 51.833ms
[2024-12-17T16:35:36.588+0700][gc,cpu      ] GC(602) User=0.10s Sys=0.00s Real=0.06s
[2024-12-17T16:37:11.145+0700][gc,start    ] GC(603) Pause Young (Normal) (G1 Evacuation Pause)
[2024-12-17T16:37:11.145+0700][gc,task     ] GC(603) Using 2 workers of 2 for evacuation
[2024-12-17T16:37:11.195+0700][gc,mmu      ] GC(603) MMU target violated: 21.0ms (20.0ms/21.0ms)
[2024-12-17T16:37:11.196+0700][gc,phases   ] GC(603)   Pre Evacuate Collection Set: 3.3ms
[2024-12-17T16:37:11.196+0700][gc,phases   ] GC(603)   Merge Heap Roots: 0.7ms
[2024-12-17T16:37:11.196+0700][gc,phases   ] GC(603)   Evacuate Collection Set: 42.7ms
[2024-12-17T16:37:11.196+0700][gc,phases   ] GC(603)   Post Evacuate Collection Set: 2.7ms
[2024-12-17T16:37:11.196+0700][gc,phases   ] GC(603)   Other: 1.6ms
[2024-12-17T16:37:11.196+0700][gc,heap     ] GC(603) Eden regions: 44->0(48)
[2024-12-17T16:37:11.196+0700][gc,heap     ] GC(603) Survivor regions: 7->3(7)
[2024-12-17T16:37:11.196+0700][gc,heap     ] GC(603) Old regions: 190->194
[2024-12-17T16:37:11.196+0700][gc,heap     ] GC(603) Archive regions: 2->2
[2024-12-17T16:37:11.196+0700][gc,heap     ] GC(603) Humongous regions: 129->129
[2024-12-17T16:37:11.196+0700][gc,metaspace] GC(603) Metaspace: 45626K(46208K)->45626K(46208K) NonClass: 40400K(40704K)->40400K(40704K) Class: 5225K(5504K)->5225K(5504K)
[2024-12-17T16:37:11.196+0700][gc          ] GC(603) Pause Young (Normal) (G1 Evacuation Pause) 369M->326M(1024M) 51.158ms
[2024-12-17T16:37:11.196+0700][gc,cpu      ] GC(603) User=0.09s Sys=0.00s Real=0.05s
[2024-12-17T16:38:55.395+0700][gc,start    ] GC(604) Pause Young (Normal) (G1 Evacuation Pause)
[2024-12-17T16:38:55.395+0700][gc,task     ] GC(604) Using 2 workers of 2 for evacuation
[2024-12-17T16:38:55.444+0700][gc,mmu      ] GC(604) MMU target violated: 21.0ms (20.0ms/21.0ms)
[2024-12-17T16:38:55.444+0700][gc,phases   ] GC(604)   Pre Evacuate Collection Set: 2.5ms
[2024-12-17T16:38:55.444+0700][gc,phases   ] GC(604)   Merge Heap Roots: 1.0ms
[2024-12-17T16:38:55.444+0700][gc,phases   ] GC(604)   Evacuate Collection Set: 41.3ms
[2024-12-17T16:38:55.444+0700][gc,phases   ] GC(604)   Post Evacuate Collection Set: 3.4ms
[2024-12-17T16:38:55.444+0700][gc,phases   ] GC(604)   Other: 1.3ms
[2024-12-17T16:38:55.445+0700][gc,heap     ] GC(604) Eden regions: 48->0(45)
[2024-12-17T16:38:55.445+0700][gc,heap     ] GC(604) Survivor regions: 3->6(7)
[2024-12-17T16:38:55.445+0700][gc,heap     ] GC(604) Old regions: 194->194
[2024-12-17T16:38:55.445+0700][gc,heap     ] GC(604) Archive regions: 2->2
[2024-12-17T16:38:55.445+0700][gc,heap     ] GC(604) Humongous regions: 129->129
[2024-12-17T16:38:55.445+0700][gc,metaspace] GC(604) Metaspace: 45626K(46208K)->45626K(46208K) NonClass: 40400K(40704K)->40400K(40704K) Class: 5225K(5504K)->5225K(5504K)
[2024-12-17T16:38:55.445+0700][gc          ] GC(604) Pause Young (Normal) (G1 Evacuation Pause) 374M->329M(1024M) 49.830ms
[2024-12-17T16:38:55.445+0700][gc,cpu      ] GC(604) User=0.08s Sys=0.01s Real=0.06s
[2024-12-17T16:40:33.196+0700][gc,start    ] GC(605) Pause Young (Normal) (G1 Evacuation Pause)
[2024-12-17T16:40:33.197+0700][gc,task     ] GC(605) Using 2 workers of 2 for evacuation
[2024-12-17T16:40:33.261+0700][gc,mmu      ] GC(605) MMU target violated: 21.0ms (20.0ms/21.0ms)
[2024-12-17T16:40:33.261+0700][gc,phases   ] GC(605)   Pre Evacuate Collection Set: 2.6ms
[2024-12-17T16:40:33.261+0700][gc,phases   ] GC(605)   Merge Heap Roots: 0.6ms
[2024-12-17T16:40:33.261+0700][gc,phases   ] GC(605)   Evacuate Collection Set: 57.6ms
[2024-12-17T16:40:33.261+0700][gc,phases   ] GC(605)   Post Evacuate Collection Set: 2.4ms
[2024-12-17T16:40:33.261+0700][gc,phases   ] GC(605)   Other: 1.4ms
[2024-12-17T16:40:33.261+0700][gc,heap     ] GC(605) Eden regions: 45->0(46)
[2024-12-17T16:40:33.261+0700][gc,heap     ] GC(605) Survivor regions: 6->5(7)
[2024-12-17T16:40:33.261+0700][gc,heap     ] GC(605) Old regions: 194->198
[2024-12-17T16:40:33.261+0700][gc,heap     ] GC(605) Archive regions: 2->2
[2024-12-17T16:40:33.261+0700][gc,heap     ] GC(605) Humongous regions: 129->129
[2024-12-17T16:40:33.261+0700][gc,metaspace] GC(605) Metaspace: 45626K(46208K)->45626K(46208K) NonClass: 40400K(40704K)->40400K(40704K) Class: 5225K(5504K)->5225K(5504K)
[2024-12-17T16:40:33.261+0700][gc          ] GC(605) Pause Young (Normal) (G1 Evacuation Pause) 374M->332M(1024M) 64.998ms
[2024-12-17T16:40:33.262+0700][gc,cpu      ] GC(605) User=0.12s Sys=0.00s Real=0.06s
[2024-12-17T16:42:12.641+0700][gc,start    ] GC(606) Pause Young (Normal) (G1 Evacuation Pause)
[2024-12-17T16:42:12.642+0700][gc,task     ] GC(606) Using 2 workers of 2 for evacuation
[2024-12-17T16:42:12.690+0700][gc,mmu      ] GC(606) MMU target violated: 21.0ms (20.0ms/21.0ms)
[2024-12-17T16:42:12.690+0700][gc,phases   ] GC(606)   Pre Evacuate Collection Set: 2.9ms
[2024-12-17T16:42:12.690+0700][gc,phases   ] GC(606)   Merge Heap Roots: 0.7ms
[2024-12-17T16:42:12.690+0700][gc,phases   ] GC(606)   Evacuate Collection Set: 40.3ms
[2024-12-17T16:42:12.690+0700][gc,phases   ] GC(606)   Post Evacuate Collection Set: 3.6ms
[2024-12-17T16:42:12.690+0700][gc,phases   ] GC(606)   Other: 1.3ms
[2024-12-17T16:42:12.690+0700][gc,heap     ] GC(606) Eden regions: 46->0(48)
[2024-12-17T16:42:12.690+0700][gc,heap     ] GC(606) Survivor regions: 5->3(7)
[2024-12-17T16:42:12.690+0700][gc,heap     ] GC(606) Old regions: 198->201
[2024-12-17T16:42:12.690+0700][gc,heap     ] GC(606) Archive regions: 2->2
[2024-12-17T16:42:12.690+0700][gc,heap     ] GC(606) Humongous regions: 129->129
[2024-12-17T16:42:12.690+0700][gc,metaspace] GC(606) Metaspace: 45626K(46208K)->45626K(46208K) NonClass: 40400K(40704K)->40400K(40704K) Class: 5225K(5504K)->5225K(5504K)
[2024-12-17T16:42:12.690+0700][gc          ] GC(606) Pause Young (Normal) (G1 Evacuation Pause) 378M->333M(1024M) 48.961ms
[2024-12-17T16:42:12.690+0700][gc,cpu      ] GC(606) User=0.09s Sys=0.00s Real=0.05s
[2024-12-17T16:43:57.136+0700][gc,start    ] GC(607) Pause Young (Normal) (G1 Evacuation Pause)
[2024-12-17T16:43:57.136+0700][gc,task     ] GC(607) Using 2 workers of 2 for evacuation
[2024-12-17T16:43:57.210+0700][gc,mmu      ] GC(607) MMU target violated: 21.0ms (20.0ms/21.0ms)
[2024-12-17T16:43:57.210+0700][gc,phases   ] GC(607)   Pre Evacuate Collection Set: 3.5ms
[2024-12-17T16:43:57.210+0700][gc,phases   ] GC(607)   Merge Heap Roots: 0.9ms
[2024-12-17T16:43:57.210+0700][gc,phases   ] GC(607)   Evacuate Collection Set: 65.0ms
[2024-12-17T16:43:57.210+0700][gc,phases   ] GC(607)   Post Evacuate Collection Set: 3.4ms
[2024-12-17T16:43:57.210+0700][gc,phases   ] GC(607)   Other: 1.2ms
[2024-12-17T16:43:57.210+0700][gc,heap     ] GC(607) Eden regions: 48->0(44)
[2024-12-17T16:43:57.210+0700][gc,heap     ] GC(607) Survivor regions: 3->7(7)
[2024-12-17T16:43:57.210+0700][gc,heap     ] GC(607) Old regions: 201->201
[2024-12-17T16:43:57.210+0700][gc,heap     ] GC(607) Archive regions: 2->2
[2024-12-17T16:43:57.210+0700][gc,heap     ] GC(607) Humongous regions: 129->129
[2024-12-17T16:43:57.210+0700][gc,metaspace] GC(607) Metaspace: 45626K(46208K)->45626K(46208K) NonClass: 40400K(40704K)->40400K(40704K) Class: 5225K(5504K)->5225K(5504K)
[2024-12-17T16:43:57.210+0700][gc          ] GC(607) Pause Young (Normal) (G1 Evacuation Pause) 381M->336M(1024M) 74.008ms
[2024-12-17T16:43:57.210+0700][gc,cpu      ] GC(607) User=0.14s Sys=0.00s Real=0.07s
[2024-12-17T16:45:32.747+0700][gc,start    ] GC(608) Pause Young (Normal) (G1 Evacuation Pause)
[2024-12-17T16:45:32.748+0700][gc,task     ] GC(608) Using 2 workers of 2 for evacuation
[2024-12-17T16:45:32.796+0700][gc,mmu      ] GC(608) MMU target violated: 21.0ms (20.0ms/21.0ms)
[2024-12-17T16:45:32.796+0700][gc,phases   ] GC(608)   Pre Evacuate Collection Set: 2.8ms
[2024-12-17T16:45:32.796+0700][gc,phases   ] GC(608)   Merge Heap Roots: 0.6ms
[2024-12-17T16:45:32.796+0700][gc,phases   ] GC(608)   Evacuate Collection Set: 41.6ms
[2024-12-17T16:45:32.796+0700][gc,phases   ] GC(608)   Post Evacuate Collection Set: 2.4ms
[2024-12-17T16:45:32.796+0700][gc,phases   ] GC(608)   Other: 1.3ms
[2024-12-17T16:45:32.796+0700][gc,heap     ] GC(608) Eden regions: 44->0(48)
[2024-12-17T16:45:32.796+0700][gc,heap     ] GC(608) Survivor regions: 7->3(7)
[2024-12-17T16:45:32.796+0700][gc,heap     ] GC(608) Old regions: 201->205
[2024-12-17T16:45:32.796+0700][gc,heap     ] GC(608) Archive regions: 2->2
[2024-12-17T16:45:32.796+0700][gc,heap     ] GC(608) Humongous regions: 129->129
[2024-12-17T16:45:32.796+0700][gc,metaspace] GC(608) Metaspace: 45626K(46208K)->45626K(46208K) NonClass: 40400K(40704K)->40400K(40704K) Class: 5225K(5504K)->5225K(5504K)
[2024-12-17T16:45:32.796+0700][gc          ] GC(608) Pause Young (Normal) (G1 Evacuation Pause) 380M->337M(1024M) 48.667ms
[2024-12-17T16:45:32.796+0700][gc,cpu      ] GC(608) User=0.09s Sys=0.00s Real=0.05s
[2024-12-17T16:46:29.495+0700][gc,start    ] GC(609) Pause Young (Normal) (G1 Evacuation Pause)
[2024-12-17T16:46:29.495+0700][gc,task     ] GC(609) Using 2 workers of 2 for evacuation
[2024-12-17T16:46:29.545+0700][gc,mmu      ] GC(609) MMU target violated: 21.0ms (20.0ms/21.0ms)
[2024-12-17T16:46:29.546+0700][gc,phases   ] GC(609)   Pre Evacuate Collection Set: 3.1ms
[2024-12-17T16:46:29.546+0700][gc,phases   ] GC(609)   Merge Heap Roots: 0.7ms
[2024-12-17T16:46:29.546+0700][gc,phases   ] GC(609)   Evacuate Collection Set: 43.4ms
[2024-12-17T16:46:29.546+0700][gc,phases   ] GC(609)   Post Evacuate Collection Set: 3.0ms
[2024-12-17T16:46:29.546+0700][gc,phases   ] GC(609)   Other: 1.4ms
[2024-12-17T16:46:29.546+0700][gc,heap     ] GC(609) Eden regions: 48->0(46)
[2024-12-17T16:46:29.546+0700][gc,heap     ] GC(609) Survivor regions: 3->5(7)
[2024-12-17T16:46:29.546+0700][gc,heap     ] GC(609) Old regions: 205->205
[2024-12-17T16:46:29.546+0700][gc,heap     ] GC(609) Archive regions: 2->2
[2024-12-17T16:46:29.546+0700][gc,heap     ] GC(609) Humongous regions: 129->129
[2024-12-17T16:46:29.546+0700][gc,metaspace] GC(609) Metaspace: 45626K(46208K)->45626K(46208K) NonClass: 40400K(40704K)->40400K(40704K) Class: 5225K(5504K)->5225K(5504K)
[2024-12-17T16:46:29.546+0700][gc          ] GC(609) Pause Young (Normal) (G1 Evacuation Pause) 385M->339M(1024M) 51.368ms
[2024-12-17T16:46:29.546+0700][gc,cpu      ] GC(609) User=0.09s Sys=0.00s Real=0.06s
[2024-12-17T16:46:33.247+0700][gc,start    ] GC(610) Pause Young (Normal) (G1 Evacuation Pause)
[2024-12-17T16:46:33.247+0700][gc,task     ] GC(610) Using 2 workers of 2 for evacuation
[2024-12-17T16:46:33.286+0700][gc,mmu      ] GC(610) MMU target violated: 21.0ms (20.0ms/21.0ms)
[2024-12-17T16:46:33.287+0700][gc,phases   ] GC(610)   Pre Evacuate Collection Set: 0.4ms
[2024-12-17T16:46:33.287+0700][gc,phases   ] GC(610)   Merge Heap Roots: 0.8ms
[2024-12-17T16:46:33.287+0700][gc,phases   ] GC(610)   Evacuate Collection Set: 35.2ms
[2024-12-17T16:46:33.287+0700][gc,phases   ] GC(610)   Post Evacuate Collection Set: 2.6ms
[2024-12-17T16:46:33.287+0700][gc,phases   ] GC(610)   Other: 0.6ms
[2024-12-17T16:46:33.287+0700][gc,heap     ] GC(610) Eden regions: 46->0(46)
[2024-12-17T16:46:33.287+0700][gc,heap     ] GC(610) Survivor regions: 5->5(7)
[2024-12-17T16:46:33.287+0700][gc,heap     ] GC(610) Old regions: 205->207
[2024-12-17T16:46:33.287+0700][gc,heap     ] GC(610) Archive regions: 2->2
[2024-12-17T16:46:33.287+0700][gc,heap     ] GC(610) Humongous regions: 129->129
[2024-12-17T16:46:33.287+0700][gc,metaspace] GC(610) Metaspace: 45626K(46208K)->45626K(46208K) NonClass: 40400K(40704K)->40400K(40704K) Class: 5225K(5504K)->5225K(5504K)
[2024-12-17T16:46:33.287+0700][gc          ] GC(610) Pause Young (Normal) (G1 Evacuation Pause) 385M->341M(1024M) 39.538ms
[2024-12-17T16:46:33.287+0700][gc,cpu      ] GC(610) User=0.07s Sys=0.00s Real=0.04s
[2024-12-17T16:46:35.629+0700][gc,start    ] GC(611) Pause Young (Normal) (G1 Evacuation Pause)
[2024-12-17T16:46:35.629+0700][gc,task     ] GC(611) Using 2 workers of 2 for evacuation
[2024-12-17T16:46:35.660+0700][gc,mmu      ] GC(611) MMU target violated: 21.0ms (20.0ms/21.0ms)
[2024-12-17T16:46:35.660+0700][gc,phases   ] GC(611)   Pre Evacuate Collection Set: 2.2ms
[2024-12-17T16:46:35.660+0700][gc,phases   ] GC(611)   Merge Heap Roots: 0.7ms
[2024-12-17T16:46:35.660+0700][gc,phases   ] GC(611)   Evacuate Collection Set: 25.9ms
[2024-12-17T16:46:35.660+0700][gc,phases   ] GC(611)   Post Evacuate Collection Set: 2.1ms
[2024-12-17T16:46:35.660+0700][gc,phases   ] GC(611)   Other: 0.9ms
[2024-12-17T16:46:35.660+0700][gc,heap     ] GC(611) Eden regions: 46->0(48)
[2024-12-17T16:46:35.660+0700][gc,heap     ] GC(611) Survivor regions: 5->3(7)
[2024-12-17T16:46:35.660+0700][gc,heap     ] GC(611) Old regions: 207->210
[2024-12-17T16:46:35.660+0700][gc,heap     ] GC(611) Archive regions: 2->2
[2024-12-17T16:46:35.660+0700][gc,heap     ] GC(611) Humongous regions: 129->129
[2024-12-17T16:46:35.661+0700][gc,metaspace] GC(611) Metaspace: 45626K(46208K)->45626K(46208K) NonClass: 40400K(40704K)->40400K(40704K) Class: 5225K(5504K)->5225K(5504K)
[2024-12-17T16:46:35.661+0700][gc          ] GC(611) Pause Young (Normal) (G1 Evacuation Pause) 387M->342M(1024M) 32.048ms
[2024-12-17T16:46:35.661+0700][gc,cpu      ] GC(611) User=0.05s Sys=0.00s Real=0.03s
[2024-12-17T16:48:02.405+0700][gc,start    ] GC(612) Pause Young (Normal) (G1 Evacuation Pause)
[2024-12-17T16:48:02.406+0700][gc,task     ] GC(612) Using 2 workers of 2 for evacuation
[2024-12-17T16:48:02.452+0700][gc,mmu      ] GC(612) MMU target violated: 21.0ms (20.0ms/21.0ms)
[2024-12-17T16:48:02.452+0700][gc,phases   ] GC(612)   Pre Evacuate Collection Set: 3.7ms
[2024-12-17T16:48:02.452+0700][gc,phases   ] GC(612)   Merge Heap Roots: 1.1ms
[2024-12-17T16:48:02.452+0700][gc,phases   ] GC(612)   Evacuate Collection Set: 37.0ms
[2024-12-17T16:48:02.452+0700][gc,phases   ] GC(612)   Post Evacuate Collection Set: 3.5ms
[2024-12-17T16:48:02.452+0700][gc,phases   ] GC(612)   Other: 1.3ms
[2024-12-17T16:48:02.452+0700][gc,heap     ] GC(612) Eden regions: 48->0(45)
[2024-12-17T16:48:02.452+0700][gc,heap     ] GC(612) Survivor regions: 3->6(7)
[2024-12-17T16:48:02.452+0700][gc,heap     ] GC(612) Old regions: 210->210
[2024-12-17T16:48:02.452+0700][gc,heap     ] GC(612) Archive regions: 2->2
[2024-12-17T16:48:02.452+0700][gc,heap     ] GC(612) Humongous regions: 129->129
[2024-12-17T16:48:02.452+0700][gc,metaspace] GC(612) Metaspace: 45626K(46208K)->45626K(46208K) NonClass: 40400K(40704K)->40400K(40704K) Class: 5225K(5504K)->5225K(5504K)
[2024-12-17T16:48:02.452+0700][gc          ] GC(612) Pause Young (Normal) (G1 Evacuation Pause) 390M->344M(1024M) 46.670ms
[2024-12-17T16:48:02.452+0700][gc,cpu      ] GC(612) User=0.09s Sys=0.00s Real=0.04s
[2024-12-17T16:49:39.234+0700][gc,start    ] GC(613) Pause Young (Normal) (G1 Evacuation Pause)
[2024-12-17T16:49:39.234+0700][gc,task     ] GC(613) Using 2 workers of 2 for evacuation
[2024-12-17T16:49:39.282+0700][gc,mmu      ] GC(613) MMU target violated: 21.0ms (20.0ms/21.0ms)
[2024-12-17T16:49:39.282+0700][gc,phases   ] GC(613)   Pre Evacuate Collection Set: 2.9ms
[2024-12-17T16:49:39.282+0700][gc,phases   ] GC(613)   Merge Heap Roots: 1.0ms
[2024-12-17T16:49:39.282+0700][gc,phases   ] GC(613)   Evacuate Collection Set: 40.6ms
[2024-12-17T16:49:39.282+0700][gc,phases   ] GC(613)   Post Evacuate Collection Set: 2.9ms
[2024-12-17T16:49:39.282+0700][gc,phases   ] GC(613)   Other: 1.3ms
[2024-12-17T16:49:39.283+0700][gc,heap     ] GC(613) Eden regions: 45->0(48)
[2024-12-17T16:49:39.283+0700][gc,heap     ] GC(613) Survivor regions: 6->3(7)
[2024-12-17T16:49:39.283+0700][gc,heap     ] GC(613) Old regions: 210->212
[2024-12-17T16:49:39.283+0700][gc,heap     ] GC(613) Archive regions: 2->2
[2024-12-17T16:49:39.283+0700][gc,heap     ] GC(613) Humongous regions: 129->129
[2024-12-17T16:49:39.283+0700][gc,metaspace] GC(613) Metaspace: 45626K(46208K)->45626K(46208K) NonClass: 40400K(40704K)->40400K(40704K) Class: 5225K(5504K)->5225K(5504K)
[2024-12-17T16:49:39.283+0700][gc          ] GC(613) Pause Young (Normal) (G1 Evacuation Pause) 389M->344M(1024M) 48.667ms
[2024-12-17T16:49:39.283+0700][gc,cpu      ] GC(613) User=0.09s Sys=0.00s Real=0.05s
[2024-12-17T16:51:34.285+0700][gc,start    ] GC(614) Pause Young (Normal) (G1 Evacuation Pause)
[2024-12-17T16:51:34.286+0700][gc,task     ] GC(614) Using 2 workers of 2 for evacuation
[2024-12-17T16:51:34.333+0700][gc,mmu      ] GC(614) MMU target violated: 21.0ms (20.0ms/21.0ms)
[2024-12-17T16:51:34.333+0700][gc,phases   ] GC(614)   Pre Evacuate Collection Set: 3.6ms
[2024-12-17T16:51:34.333+0700][gc,phases   ] GC(614)   Merge Heap Roots: 0.7ms
[2024-12-17T16:51:34.333+0700][gc,phases   ] GC(614)   Evacuate Collection Set: 39.9ms
[2024-12-17T16:51:34.333+0700][gc,phases   ] GC(614)   Post Evacuate Collection Set: 2.9ms
[2024-12-17T16:51:34.333+0700][gc,phases   ] GC(614)   Other: 1.0ms
[2024-12-17T16:51:34.333+0700][gc,heap     ] GC(614) Eden regions: 48->0(44)
[2024-12-17T16:51:34.333+0700][gc,heap     ] GC(614) Survivor regions: 3->7(7)
[2024-12-17T16:51:34.333+0700][gc,heap     ] GC(614) Old regions: 212->212
[2024-12-17T16:51:34.333+0700][gc,heap     ] GC(614) Archive regions: 2->2
[2024-12-17T16:51:34.333+0700][gc,heap     ] GC(614) Humongous regions: 129->129
[2024-12-17T16:51:34.333+0700][gc,metaspace] GC(614) Metaspace: 45634K(46208K)->45634K(46208K) NonClass: 40408K(40704K)->40408K(40704K) Class: 5226K(5504K)->5226K(5504K)
[2024-12-17T16:51:34.334+0700][gc          ] GC(614) Pause Young (Normal) (G1 Evacuation Pause) 392M->348M(1024M) 48.323ms
[2024-12-17T16:51:34.334+0700][gc,cpu      ] GC(614) User=0.09s Sys=0.00s Real=0.04s
[2024-12-17T16:53:19.367+0700][gc,start    ] GC(615) Pause Young (Normal) (G1 Evacuation Pause)
[2024-12-17T16:53:19.368+0700][gc,task     ] GC(615) Using 2 workers of 2 for evacuation
[2024-12-17T16:53:19.431+0700][gc,mmu      ] GC(615) MMU target violated: 21.0ms (20.0ms/21.0ms)
[2024-12-17T16:53:19.431+0700][gc,phases   ] GC(615)   Pre Evacuate Collection Set: 2.8ms
[2024-12-17T16:53:19.431+0700][gc,phases   ] GC(615)   Merge Heap Roots: 0.6ms
[2024-12-17T16:53:19.431+0700][gc,phases   ] GC(615)   Evacuate Collection Set: 57.0ms
[2024-12-17T16:53:19.431+0700][gc,phases   ] GC(615)   Post Evacuate Collection Set: 2.6ms
[2024-12-17T16:53:19.431+0700][gc,phases   ] GC(615)   Other: 1.4ms
[2024-12-17T16:53:19.431+0700][gc,heap     ] GC(615) Eden regions: 44->0(44)
[2024-12-17T16:53:19.431+0700][gc,heap     ] GC(615) Survivor regions: 7->7(7)
[2024-12-17T16:53:19.431+0700][gc,heap     ] GC(615) Old regions: 212->215
[2024-12-17T16:53:19.432+0700][gc,heap     ] GC(615) Archive regions: 2->2
[2024-12-17T16:53:19.432+0700][gc,heap     ] GC(615) Humongous regions: 129->129
[2024-12-17T16:53:19.432+0700][gc,metaspace] GC(615) Metaspace: 45634K(46208K)->45634K(46208K) NonClass: 40408K(40704K)->40408K(40704K) Class: 5226K(5504K)->5226K(5504K)
[2024-12-17T16:53:19.432+0700][gc          ] GC(615) Pause Young (Normal) (G1 Evacuation Pause) 392M->351M(1024M) 64.447ms
[2024-12-17T16:53:19.432+0700][gc,cpu      ] GC(615) User=0.13s Sys=0.00s Real=0.06s
[2024-12-17T16:54:54.788+0700][gc,start    ] GC(616) Pause Young (Normal) (G1 Evacuation Pause)
[2024-12-17T16:54:54.788+0700][gc,task     ] GC(616) Using 2 workers of 2 for evacuation
[2024-12-17T16:54:54.842+0700][gc,mmu      ] GC(616) MMU target violated: 21.0ms (20.0ms/21.0ms)
[2024-12-17T16:54:54.842+0700][gc,phases   ] GC(616)   Pre Evacuate Collection Set: 2.7ms
[2024-12-17T16:54:54.842+0700][gc,phases   ] GC(616)   Merge Heap Roots: 0.6ms
[2024-12-17T16:54:54.842+0700][gc,phases   ] GC(616)   Evacuate Collection Set: 45.7ms
[2024-12-17T16:54:54.842+0700][gc,phases   ] GC(616)   Post Evacuate Collection Set: 4.3ms
[2024-12-17T16:54:54.842+0700][gc,phases   ] GC(616)   Other: 1.5ms
[2024-12-17T16:54:54.842+0700][gc,heap     ] GC(616) Eden regions: 44->0(48)
[2024-12-17T16:54:54.842+0700][gc,heap     ] GC(616) Survivor regions: 7->3(7)
[2024-12-17T16:54:54.842+0700][gc,heap     ] GC(616) Old regions: 215->219
[2024-12-17T16:54:54.842+0700][gc,heap     ] GC(616) Archive regions: 2->2
[2024-12-17T16:54:54.842+0700][gc,heap     ] GC(616) Humongous regions: 129->129
[2024-12-17T16:54:54.842+0700][gc,metaspace] GC(616) Metaspace: 45634K(46208K)->45634K(46208K) NonClass: 40408K(40704K)->40408K(40704K) Class: 5226K(5504K)->5226K(5504K)
[2024-12-17T16:54:54.843+0700][gc          ] GC(616) Pause Young (Normal) (G1 Evacuation Pause) 395M->351M(1024M) 54.831ms
[2024-12-17T16:54:54.843+0700][gc,cpu      ] GC(616) User=0.10s Sys=0.01s Real=0.05s
[2024-12-17T16:56:38.939+0700][gc,start    ] GC(617) Pause Young (Normal) (G1 Evacuation Pause)
[2024-12-17T16:56:38.940+0700][gc,task     ] GC(617) Using 2 workers of 2 for evacuation
[2024-12-17T16:56:38.986+0700][gc,mmu      ] GC(617) MMU target violated: 21.0ms (20.0ms/21.0ms)
[2024-12-17T16:56:38.986+0700][gc,phases   ] GC(617)   Pre Evacuate Collection Set: 3.3ms
[2024-12-17T16:56:38.986+0700][gc,phases   ] GC(617)   Merge Heap Roots: 0.9ms
[2024-12-17T16:56:38.986+0700][gc,phases   ] GC(617)   Evacuate Collection Set: 39.0ms
[2024-12-17T16:56:38.986+0700][gc,phases   ] GC(617)   Post Evacuate Collection Set: 2.6ms
[2024-12-17T16:56:38.986+0700][gc,phases   ] GC(617)   Other: 1.2ms
[2024-12-17T16:56:38.986+0700][gc,heap     ] GC(617) Eden regions: 48->0(45)
[2024-12-17T16:56:38.986+0700][gc,heap     ] GC(617) Survivor regions: 3->6(7)
[2024-12-17T16:56:38.986+0700][gc,heap     ] GC(617) Old regions: 219->219
[2024-12-17T16:56:38.986+0700][gc,heap     ] GC(617) Archive regions: 2->2
[2024-12-17T16:56:38.986+0700][gc,heap     ] GC(617) Humongous regions: 129->129
[2024-12-17T16:56:38.987+0700][gc,metaspace] GC(617) Metaspace: 45634K(46208K)->45634K(46208K) NonClass: 40408K(40704K)->40408K(40704K) Class: 5226K(5504K)->5226K(5504K)
[2024-12-17T16:56:38.987+0700][gc          ] GC(617) Pause Young (Normal) (G1 Evacuation Pause) 399M->354M(1024M) 47.174ms
[2024-12-17T16:56:38.987+0700][gc,cpu      ] GC(617) User=0.09s Sys=0.00s Real=0.05s
[2024-12-17T16:58:16.983+0700][gc,start    ] GC(618) Pause Young (Normal) (G1 Evacuation Pause)
[2024-12-17T16:58:16.983+0700][gc,task     ] GC(618) Using 2 workers of 2 for evacuation
[2024-12-17T16:58:17.043+0700][gc,mmu      ] GC(618) MMU target violated: 21.0ms (20.0ms/21.0ms)
[2024-12-17T16:58:17.043+0700][gc,phases   ] GC(618)   Pre Evacuate Collection Set: 2.7ms
[2024-12-17T16:58:17.043+0700][gc,phases   ] GC(618)   Merge Heap Roots: 0.5ms
[2024-12-17T16:58:17.043+0700][gc,phases   ] GC(618)   Evacuate Collection Set: 52.8ms
[2024-12-17T16:58:17.043+0700][gc,phases   ] GC(618)   Post Evacuate Collection Set: 3.1ms
[2024-12-17T16:58:17.043+0700][gc,phases   ] GC(618)   Other: 1.1ms
[2024-12-17T16:58:17.043+0700][gc,heap     ] GC(618) Eden regions: 45->0(46)
[2024-12-17T16:58:17.043+0700][gc,heap     ] GC(618) Survivor regions: 6->5(7)
[2024-12-17T16:58:17.043+0700][gc,heap     ] GC(618) Old regions: 219->224
[2024-12-17T16:58:17.043+0700][gc,heap     ] GC(618) Archive regions: 2->2
[2024-12-17T16:58:17.043+0700][gc,heap     ] GC(618) Humongous regions: 129->129
[2024-12-17T16:58:17.043+0700][gc,metaspace] GC(618) Metaspace: 45634K(46208K)->45634K(46208K) NonClass: 40408K(40704K)->40408K(40704K) Class: 5226K(5504K)->5226K(5504K)
[2024-12-17T16:58:17.043+0700][gc          ] GC(618) Pause Young (Normal) (G1 Evacuation Pause) 399M->358M(1024M) 60.332ms
[2024-12-17T16:58:17.044+0700][gc,cpu      ] GC(618) User=0.12s Sys=0.00s Real=0.06s
[2024-12-17T16:59:55.929+0700][gc,start    ] GC(619) Pause Young (Normal) (G1 Evacuation Pause)
[2024-12-17T16:59:55.929+0700][gc,task     ] GC(619) Using 2 workers of 2 for evacuation
[2024-12-17T16:59:55.972+0700][gc,mmu      ] GC(619) MMU target violated: 21.0ms (20.0ms/21.0ms)
[2024-12-17T16:59:55.972+0700][gc,phases   ] GC(619)   Pre Evacuate Collection Set: 3.2ms
[2024-12-17T16:59:55.972+0700][gc,phases   ] GC(619)   Merge Heap Roots: 1.1ms
[2024-12-17T16:59:55.972+0700][gc,phases   ] GC(619)   Evacuate Collection Set: 34.3ms
[2024-12-17T16:59:55.972+0700][gc,phases   ] GC(619)   Post Evacuate Collection Set: 3.3ms
[2024-12-17T16:59:55.972+0700][gc,phases   ] GC(619)   Other: 1.6ms
[2024-12-17T16:59:55.972+0700][gc,heap     ] GC(619) Eden regions: 46->0(47)
[2024-12-17T16:59:55.972+0700][gc,heap     ] GC(619) Survivor regions: 5->4(7)
[2024-12-17T16:59:55.972+0700][gc,heap     ] GC(619) Old regions: 224->226
[2024-12-17T16:59:55.972+0700][gc,heap     ] GC(619) Archive regions: 2->2
[2024-12-17T16:59:55.972+0700][gc,heap     ] GC(619) Humongous regions: 129->129
[2024-12-17T16:59:55.972+0700][gc,metaspace] GC(619) Metaspace: 45634K(46208K)->45634K(46208K) NonClass: 40408K(40704K)->40408K(40704K) Class: 5226K(5504K)->5226K(5504K)
[2024-12-17T16:59:55.972+0700][gc          ] GC(619) Pause Young (Normal) (G1 Evacuation Pause) 404M->358M(1024M) 43.477ms
[2024-12-17T16:59:55.972+0700][gc,cpu      ] GC(619) User=0.07s Sys=0.00s Real=0.04s
[2024-12-17T17:01:37.916+0700][gc,start    ] GC(620) Pause Young (Normal) (G1 Evacuation Pause)
[2024-12-17T17:01:37.917+0700][gc,task     ] GC(620) Using 2 workers of 2 for evacuation
[2024-12-17T17:01:37.966+0700][gc,mmu      ] GC(620) MMU target violated: 21.0ms (20.0ms/21.0ms)
[2024-12-17T17:01:37.966+0700][gc,phases   ] GC(620)   Pre Evacuate Collection Set: 3.9ms
[2024-12-17T17:01:37.966+0700][gc,phases   ] GC(620)   Merge Heap Roots: 1.1ms
[2024-12-17T17:01:37.966+0700][gc,phases   ] GC(620)   Evacuate Collection Set: 41.2ms
[2024-12-17T17:01:37.966+0700][gc,phases   ] GC(620)   Post Evacuate Collection Set: 2.9ms
[2024-12-17T17:01:37.966+0700][gc,phases   ] GC(620)   Other: 1.5ms
[2024-12-17T17:01:37.967+0700][gc,heap     ] GC(620) Eden regions: 47->0(44)
[2024-12-17T17:01:37.967+0700][gc,heap     ] GC(620) Survivor regions: 4->7(7)
[2024-12-17T17:01:37.967+0700][gc,heap     ] GC(620) Old regions: 226->226
[2024-12-17T17:01:37.967+0700][gc,heap     ] GC(620) Archive regions: 2->2
[2024-12-17T17:01:37.967+0700][gc,heap     ] GC(620) Humongous regions: 129->129
[2024-12-17T17:01:37.967+0700][gc,metaspace] GC(620) Metaspace: 45634K(46208K)->45634K(46208K) NonClass: 40408K(40704K)->40408K(40704K) Class: 5226K(5504K)->5226K(5504K)
[2024-12-17T17:01:37.967+0700][gc          ] GC(620) Pause Young (Normal) (G1 Evacuation Pause) 405M->361M(1024M) 50.567ms
[2024-12-17T17:01:37.967+0700][gc,cpu      ] GC(620) User=0.10s Sys=0.00s Real=0.05s
[2024-12-17T17:03:13.277+0700][gc,start    ] GC(621) Pause Young (Normal) (G1 Evacuation Pause)
[2024-12-17T17:03:13.277+0700][gc,task     ] GC(621) Using 2 workers of 2 for evacuation
[2024-12-17T17:03:13.334+0700][gc,mmu      ] GC(621) MMU target violated: 21.0ms (20.0ms/21.0ms)
[2024-12-17T17:03:13.334+0700][gc,phases   ] GC(621)   Pre Evacuate Collection Set: 2.7ms
[2024-12-17T17:03:13.335+0700][gc,phases   ] GC(621)   Merge Heap Roots: 0.9ms
[2024-12-17T17:03:13.335+0700][gc,phases   ] GC(621)   Evacuate Collection Set: 50.5ms
[2024-12-17T17:03:13.335+0700][gc,phases   ] GC(621)   Post Evacuate Collection Set: 2.5ms
[2024-12-17T17:03:13.335+0700][gc,phases   ] GC(621)   Other: 1.3ms
[2024-12-17T17:03:13.335+0700][gc,heap     ] GC(621) Eden regions: 44->0(46)
[2024-12-17T17:03:13.335+0700][gc,heap     ] GC(621) Survivor regions: 7->5(7)
[2024-12-17T17:03:13.335+0700][gc,heap     ] GC(621) Old regions: 226->230
[2024-12-17T17:03:13.335+0700][gc,heap     ] GC(621) Archive regions: 2->2
[2024-12-17T17:03:13.335+0700][gc,heap     ] GC(621) Humongous regions: 129->129
[2024-12-17T17:03:13.335+0700][gc,metaspace] GC(621) Metaspace: 45634K(46208K)->45634K(46208K) NonClass: 40408K(40704K)->40408K(40704K) Class: 5226K(5504K)->5226K(5504K)
[2024-12-17T17:03:13.335+0700][gc          ] GC(621) Pause Young (Normal) (G1 Evacuation Pause) 405M->364M(1024M) 58.122ms
[2024-12-17T17:03:13.335+0700][gc,cpu      ] GC(621) User=0.11s Sys=0.00s Real=0.05s
[2024-12-17T17:04:53.341+0700][gc,start    ] GC(622) Pause Young (Normal) (G1 Evacuation Pause)
[2024-12-17T17:04:53.342+0700][gc,task     ] GC(622) Using 2 workers of 2 for evacuation
[2024-12-17T17:04:53.386+0700][gc,mmu      ] GC(622) MMU target violated: 21.0ms (20.0ms/21.0ms)
[2024-12-17T17:04:53.386+0700][gc,phases   ] GC(622)   Pre Evacuate Collection Set: 2.7ms
[2024-12-17T17:04:53.386+0700][gc,phases   ] GC(622)   Merge Heap Roots: 0.6ms
[2024-12-17T17:04:53.386+0700][gc,phases   ] GC(622)   Evacuate Collection Set: 37.9ms
[2024-12-17T17:04:53.386+0700][gc,phases   ] GC(622)   Post Evacuate Collection Set: 2.7ms
[2024-12-17T17:04:53.386+0700][gc,phases   ] GC(622)   Other: 1.4ms
[2024-12-17T17:04:53.386+0700][gc,heap     ] GC(622) Eden regions: 46->0(47)
[2024-12-17T17:04:53.386+0700][gc,heap     ] GC(622) Survivor regions: 5->4(7)
[2024-12-17T17:04:53.386+0700][gc,heap     ] GC(622) Old regions: 230->232
[2024-12-17T17:04:53.386+0700][gc,heap     ] GC(622) Archive regions: 2->2
[2024-12-17T17:04:53.386+0700][gc,heap     ] GC(622) Humongous regions: 129->129
[2024-12-17T17:04:53.386+0700][gc,metaspace] GC(622) Metaspace: 45634K(46208K)->45634K(46208K) NonClass: 40408K(40704K)->40408K(40704K) Class: 5226K(5504K)->5226K(5504K)
[2024-12-17T17:04:53.386+0700][gc          ] GC(622) Pause Young (Normal) (G1 Evacuation Pause) 410M->365M(1024M) 45.217ms
[2024-12-17T17:04:53.387+0700][gc,cpu      ] GC(622) User=0.09s Sys=0.00s Real=0.05s
[2024-12-17T17:06:35.096+0700][gc,start    ] GC(623) Pause Young (Normal) (G1 Evacuation Pause)
[2024-12-17T17:06:35.096+0700][gc,task     ] GC(623) Using 2 workers of 2 for evacuation
[2024-12-17T17:06:35.147+0700][gc,mmu      ] GC(623) MMU target violated: 21.0ms (20.0ms/21.0ms)
[2024-12-17T17:06:35.147+0700][gc,phases   ] GC(623)   Pre Evacuate Collection Set: 2.7ms
[2024-12-17T17:06:35.147+0700][gc,phases   ] GC(623)   Merge Heap Roots: 1.1ms
[2024-12-17T17:06:35.147+0700][gc,phases   ] GC(623)   Evacuate Collection Set: 43.7ms
[2024-12-17T17:06:35.147+0700][gc,phases   ] GC(623)   Post Evacuate Collection Set: 2.7ms
[2024-12-17T17:06:35.147+0700][gc,phases   ] GC(623)   Other: 1.3ms
[2024-12-17T17:06:35.147+0700][gc,heap     ] GC(623) Eden regions: 47->0(44)
[2024-12-17T17:06:35.147+0700][gc,heap     ] GC(623) Survivor regions: 4->7(7)
[2024-12-17T17:06:35.147+0700][gc,heap     ] GC(623) Old regions: 232->232
[2024-12-17T17:06:35.147+0700][gc,heap     ] GC(623) Archive regions: 2->2
[2024-12-17T17:06:35.147+0700][gc,heap     ] GC(623) Humongous regions: 129->129
[2024-12-17T17:06:35.147+0700][gc,metaspace] GC(623) Metaspace: 45634K(46208K)->45634K(46208K) NonClass: 40408K(40704K)->40408K(40704K) Class: 5226K(5504K)->5226K(5504K)
[2024-12-17T17:06:35.147+0700][gc          ] GC(623) Pause Young (Normal) (G1 Evacuation Pause) 412M->368M(1024M) 51.452ms
[2024-12-17T17:06:35.147+0700][gc,cpu      ] GC(623) User=0.09s Sys=0.00s Real=0.06s
[2024-12-17T17:08:09.835+0700][gc,start    ] GC(624) Pause Young (Normal) (G1 Evacuation Pause)
[2024-12-17T17:08:09.835+0700][gc,task     ] GC(624) Using 2 workers of 2 for evacuation
[2024-12-17T17:08:09.884+0700][gc,mmu      ] GC(624) MMU target violated: 21.0ms (20.0ms/21.0ms)
[2024-12-17T17:08:09.884+0700][gc,phases   ] GC(624)   Pre Evacuate Collection Set: 2.9ms
[2024-12-17T17:08:09.884+0700][gc,phases   ] GC(624)   Merge Heap Roots: 0.7ms
[2024-12-17T17:08:09.884+0700][gc,phases   ] GC(624)   Evacuate Collection Set: 41.7ms
[2024-12-17T17:08:09.884+0700][gc,phases   ] GC(624)   Post Evacuate Collection Set: 2.7ms
[2024-12-17T17:08:09.884+0700][gc,phases   ] GC(624)   Other: 1.5ms
[2024-12-17T17:08:09.884+0700][gc,heap     ] GC(624) Eden regions: 44->0(48)
[2024-12-17T17:08:09.884+0700][gc,heap     ] GC(624) Survivor regions: 7->3(7)
[2024-12-17T17:08:09.884+0700][gc,heap     ] GC(624) Old regions: 232->237
[2024-12-17T17:08:09.884+0700][gc,heap     ] GC(624) Archive regions: 2->2
[2024-12-17T17:08:09.884+0700][gc,heap     ] GC(624) Humongous regions: 129->129
[2024-12-17T17:08:09.884+0700][gc,metaspace] GC(624) Metaspace: 45634K(46208K)->45634K(46208K) NonClass: 40408K(40704K)->40408K(40704K) Class: 5226K(5504K)->5226K(5504K)
[2024-12-17T17:08:09.884+0700][gc          ] GC(624) Pause Young (Normal) (G1 Evacuation Pause) 412M->369M(1024M) 49.243ms
[2024-12-17T17:08:09.884+0700][gc,cpu      ] GC(624) User=0.09s Sys=0.01s Real=0.06s
[2024-12-17T17:09:54.116+0700][gc,start    ] GC(625) Pause Young (Normal) (G1 Evacuation Pause)
[2024-12-17T17:09:54.117+0700][gc,task     ] GC(625) Using 2 workers of 2 for evacuation
[2024-12-17T17:09:54.182+0700][gc,mmu      ] GC(625) MMU target violated: 21.0ms (20.0ms/21.0ms)
[2024-12-17T17:09:54.182+0700][gc,phases   ] GC(625)   Pre Evacuate Collection Set: 3.5ms
[2024-12-17T17:09:54.182+0700][gc,phases   ] GC(625)   Merge Heap Roots: 0.7ms
[2024-12-17T17:09:54.182+0700][gc,phases   ] GC(625)   Evacuate Collection Set: 57.5ms
[2024-12-17T17:09:54.182+0700][gc,phases   ] GC(625)   Post Evacuate Collection Set: 3.0ms
[2024-12-17T17:09:54.182+0700][gc,phases   ] GC(625)   Other: 1.3ms
[2024-12-17T17:09:54.182+0700][gc,heap     ] GC(625) Eden regions: 48->0(44)
[2024-12-17T17:09:54.182+0700][gc,heap     ] GC(625) Survivor regions: 3->7(7)
[2024-12-17T17:09:54.182+0700][gc,heap     ] GC(625) Old regions: 237->237
[2024-12-17T17:09:54.182+0700][gc,heap     ] GC(625) Archive regions: 2->2
[2024-12-17T17:09:54.182+0700][gc,heap     ] GC(625) Humongous regions: 129->129
[2024-12-17T17:09:54.182+0700][gc,metaspace] GC(625) Metaspace: 45634K(46208K)->45634K(46208K) NonClass: 40408K(40704K)->40408K(40704K) Class: 5226K(5504K)->5226K(5504K)
[2024-12-17T17:09:54.183+0700][gc          ] GC(625) Pause Young (Normal) (G1 Evacuation Pause) 417M->372M(1024M) 66.122ms
[2024-12-17T17:09:54.183+0700][gc,cpu      ] GC(625) User=0.10s Sys=0.00s Real=0.06s
[2024-12-17T17:11:23.073+0700][gc,start    ] GC(626) Pause Young (Normal) (G1 Evacuation Pause)
[2024-12-17T17:11:23.073+0700][gc,task     ] GC(626) Using 2 workers of 2 for evacuation
[2024-12-17T17:11:23.157+0700][gc,mmu      ] GC(626) MMU target violated: 21.0ms (20.0ms/21.0ms)
[2024-12-17T17:11:23.157+0700][gc,phases   ] GC(626)   Pre Evacuate Collection Set: 4.2ms
[2024-12-17T17:11:23.157+0700][gc,phases   ] GC(626)   Merge Heap Roots: 0.9ms
[2024-12-17T17:11:23.157+0700][gc,phases   ] GC(626)   Evacuate Collection Set: 75.4ms
[2024-12-17T17:11:23.157+0700][gc,phases   ] GC(626)   Post Evacuate Collection Set: 2.9ms
[2024-12-17T17:11:23.157+0700][gc,phases   ] GC(626)   Other: 1.3ms
[2024-12-17T17:11:23.157+0700][gc,heap     ] GC(626) Eden regions: 44->0(44)
[2024-12-17T17:11:23.157+0700][gc,heap     ] GC(626) Survivor regions: 7->7(7)
[2024-12-17T17:11:23.157+0700][gc,heap     ] GC(626) Old regions: 237->241
[2024-12-17T17:11:23.157+0700][gc,heap     ] GC(626) Archive regions: 2->2
[2024-12-17T17:11:23.157+0700][gc,heap     ] GC(626) Humongous regions: 129->129
[2024-12-17T17:11:23.158+0700][gc,metaspace] GC(626) Metaspace: 45634K(46208K)->45634K(46208K) NonClass: 40408K(40704K)->40408K(40704K) Class: 5226K(5504K)->5226K(5504K)
[2024-12-17T17:11:23.158+0700][gc          ] GC(626) Pause Young (Normal) (G1 Evacuation Pause) 416M->377M(1024M) 84.702ms
[2024-12-17T17:11:23.158+0700][gc,cpu      ] GC(626) User=0.16s Sys=0.00s Real=0.09s
[2024-12-17T17:12:58.251+0700][gc,start    ] GC(627) Pause Young (Normal) (G1 Evacuation Pause)
[2024-12-17T17:12:58.251+0700][gc,task     ] GC(627) Using 2 workers of 2 for evacuation
[2024-12-17T17:12:58.286+0700][gc,mmu      ] GC(627) MMU target violated: 21.0ms (20.0ms/21.0ms)
[2024-12-17T17:12:58.287+0700][gc,phases   ] GC(627)   Pre Evacuate Collection Set: 3.1ms
[2024-12-17T17:12:58.287+0700][gc,phases   ] GC(627)   Merge Heap Roots: 1.0ms
[2024-12-17T17:12:58.287+0700][gc,phases   ] GC(627)   Evacuate Collection Set: 28.0ms
[2024-12-17T17:12:58.287+0700][gc,phases   ] GC(627)   Post Evacuate Collection Set: 2.3ms
[2024-12-17T17:12:58.287+0700][gc,phases   ] GC(627)   Other: 1.3ms
[2024-12-17T17:12:58.287+0700][gc,heap     ] GC(627) Eden regions: 44->0(49)
[2024-12-17T17:12:58.287+0700][gc,heap     ] GC(627) Survivor regions: 7->2(7)
[2024-12-17T17:12:58.287+0700][gc,heap     ] GC(627) Old regions: 241->244
[2024-12-17T17:12:58.287+0700][gc,heap     ] GC(627) Archive regions: 2->2
[2024-12-17T17:12:58.287+0700][gc,heap     ] GC(627) Humongous regions: 129->129
[2024-12-17T17:12:58.287+0700][gc,metaspace] GC(627) Metaspace: 45634K(46208K)->45634K(46208K) NonClass: 40408K(40704K)->40408K(40704K) Class: 5226K(5504K)->5226K(5504K)
[2024-12-17T17:12:58.287+0700][gc          ] GC(627) Pause Young (Normal) (G1 Evacuation Pause) 421M->375M(1024M) 35.714ms
[2024-12-17T17:12:58.287+0700][gc,cpu      ] GC(627) User=0.07s Sys=0.00s Real=0.04s
[2024-12-17T17:14:41.737+0700][gc,start    ] GC(628) Pause Young (Normal) (G1 Evacuation Pause)
[2024-12-17T17:14:41.737+0700][gc,task     ] GC(628) Using 2 workers of 2 for evacuation
[2024-12-17T17:14:41.789+0700][gc,mmu      ] GC(628) MMU target violated: 21.0ms (20.0ms/21.0ms)
[2024-12-17T17:14:41.789+0700][gc,phases   ] GC(628)   Pre Evacuate Collection Set: 3.0ms
[2024-12-17T17:14:41.789+0700][gc,phases   ] GC(628)   Merge Heap Roots: 0.6ms
[2024-12-17T17:14:41.789+0700][gc,phases   ] GC(628)   Evacuate Collection Set: 44.8ms
[2024-12-17T17:14:41.789+0700][gc,phases   ] GC(628)   Post Evacuate Collection Set: 3.3ms
[2024-12-17T17:14:41.789+0700][gc,phases   ] GC(628)   Other: 1.2ms
[2024-12-17T17:14:41.789+0700][gc,heap     ] GC(628) Eden regions: 49->0(45)
[2024-12-17T17:14:41.789+0700][gc,heap     ] GC(628) Survivor regions: 2->6(7)
[2024-12-17T17:14:41.790+0700][gc,heap     ] GC(628) Old regions: 244->244
[2024-12-17T17:14:41.790+0700][gc,heap     ] GC(628) Archive regions: 2->2
[2024-12-17T17:14:41.790+0700][gc,heap     ] GC(628) Humongous regions: 129->129
[2024-12-17T17:14:41.790+0700][gc,metaspace] GC(628) Metaspace: 45634K(46208K)->45634K(46208K) NonClass: 40408K(40704K)->40408K(40704K) Class: 5226K(5504K)->5226K(5504K)
[2024-12-17T17:14:41.790+0700][gc          ] GC(628) Pause Young (Normal) (G1 Evacuation Pause) 424M->379M(1024M) 53.017ms
[2024-12-17T17:14:41.790+0700][gc,cpu      ] GC(628) User=0.10s Sys=0.00s Real=0.05s
[2024-12-17T17:16:19.672+0700][gc,start    ] GC(629) Pause Young (Normal) (G1 Evacuation Pause)
[2024-12-17T17:16:19.672+0700][gc,task     ] GC(629) Using 2 workers of 2 for evacuation
[2024-12-17T17:16:19.731+0700][gc,mmu      ] GC(629) MMU target violated: 21.0ms (20.0ms/21.0ms)
[2024-12-17T17:16:19.731+0700][gc,phases   ] GC(629)   Pre Evacuate Collection Set: 2.7ms
[2024-12-17T17:16:19.731+0700][gc,phases   ] GC(629)   Merge Heap Roots: 0.6ms
[2024-12-17T17:16:19.731+0700][gc,phases   ] GC(629)   Evacuate Collection Set: 52.4ms
[2024-12-17T17:16:19.731+0700][gc,phases   ] GC(629)   Post Evacuate Collection Set: 2.7ms
[2024-12-17T17:16:19.731+0700][gc,phases   ] GC(629)   Other: 1.3ms
[2024-12-17T17:16:19.731+0700][gc,heap     ] GC(629) Eden regions: 45->0(46)
[2024-12-17T17:16:19.731+0700][gc,heap     ] GC(629) Survivor regions: 6->5(7)
[2024-12-17T17:16:19.731+0700][gc,heap     ] GC(629) Old regions: 244->248
[2024-12-17T17:16:19.731+0700][gc,heap     ] GC(629) Archive regions: 2->2
[2024-12-17T17:16:19.731+0700][gc,heap     ] GC(629) Humongous regions: 129->129
[2024-12-17T17:16:19.731+0700][gc,metaspace] GC(629) Metaspace: 45634K(46208K)->45634K(46208K) NonClass: 40408K(40704K)->40408K(40704K) Class: 5226K(5504K)->5226K(5504K)
[2024-12-17T17:16:19.732+0700][gc          ] GC(629) Pause Young (Normal) (G1 Evacuation Pause) 424M->382M(1024M) 59.715ms
[2024-12-17T17:16:19.732+0700][gc,cpu      ] GC(629) User=0.11s Sys=0.00s Real=0.06s
[2024-12-17T17:17:59.278+0700][gc,start    ] GC(630) Pause Young (Normal) (G1 Evacuation Pause)
[2024-12-17T17:17:59.278+0700][gc,task     ] GC(630) Using 2 workers of 2 for evacuation
[2024-12-17T17:17:59.322+0700][gc,mmu      ] GC(630) MMU target violated: 21.0ms (20.0ms/21.0ms)
[2024-12-17T17:17:59.322+0700][gc,phases   ] GC(630)   Pre Evacuate Collection Set: 3.0ms
[2024-12-17T17:17:59.322+0700][gc,phases   ] GC(630)   Merge Heap Roots: 1.4ms
[2024-12-17T17:17:59.322+0700][gc,phases   ] GC(630)   Evacuate Collection Set: 35.2ms
[2024-12-17T17:17:59.322+0700][gc,phases   ] GC(630)   Post Evacuate Collection Set: 3.5ms
[2024-12-17T17:17:59.322+0700][gc,phases   ] GC(630)   Other: 1.4ms
[2024-12-17T17:17:59.322+0700][gc,heap     ] GC(630) Eden regions: 46->0(47)
[2024-12-17T17:17:59.322+0700][gc,heap     ] GC(630) Survivor regions: 5->4(7)
[2024-12-17T17:17:59.322+0700][gc,heap     ] GC(630) Old regions: 248->250
[2024-12-17T17:17:59.322+0700][gc,heap     ] GC(630) Archive regions: 2->2
[2024-12-17T17:17:59.322+0700][gc,heap     ] GC(630) Humongous regions: 129->129
[2024-12-17T17:17:59.322+0700][gc,metaspace] GC(630) Metaspace: 45634K(46208K)->45634K(46208K) NonClass: 40408K(40704K)->40408K(40704K) Class: 5226K(5504K)->5226K(5504K)
[2024-12-17T17:17:59.322+0700][gc          ] GC(630) Pause Young (Normal) (G1 Evacuation Pause) 428M->382M(1024M) 44.422ms
[2024-12-17T17:17:59.322+0700][gc,cpu      ] GC(630) User=0.08s Sys=0.00s Real=0.04s
[2024-12-17T17:19:41.180+0700][gc,start    ] GC(631) Pause Young (Normal) (G1 Evacuation Pause)
[2024-12-17T17:19:41.181+0700][gc,task     ] GC(631) Using 2 workers of 2 for evacuation
[2024-12-17T17:19:41.248+0700][gc,mmu      ] GC(631) MMU target violated: 21.0ms (20.0ms/21.0ms)
[2024-12-17T17:19:41.248+0700][gc,phases   ] GC(631)   Pre Evacuate Collection Set: 3.8ms
[2024-12-17T17:19:41.248+0700][gc,phases   ] GC(631)   Merge Heap Roots: 0.8ms
[2024-12-17T17:19:41.248+0700][gc,phases   ] GC(631)   Evacuate Collection Set: 58.3ms
[2024-12-17T17:19:41.248+0700][gc,phases   ] GC(631)   Post Evacuate Collection Set: 3.2ms
[2024-12-17T17:19:41.248+0700][gc,phases   ] GC(631)   Other: 1.6ms
[2024-12-17T17:19:41.248+0700][gc,heap     ] GC(631) Eden regions: 47->0(44)
[2024-12-17T17:19:41.248+0700][gc,heap     ] GC(631) Survivor regions: 4->7(7)
[2024-12-17T17:19:41.248+0700][gc,heap     ] GC(631) Old regions: 250->250
[2024-12-17T17:19:41.248+0700][gc,heap     ] GC(631) Archive regions: 2->2
[2024-12-17T17:19:41.248+0700][gc,heap     ] GC(631) Humongous regions: 129->129
[2024-12-17T17:19:41.248+0700][gc,metaspace] GC(631) Metaspace: 45634K(46208K)->45634K(46208K) NonClass: 40408K(40704K)->40408K(40704K) Class: 5226K(5504K)->5226K(5504K)
[2024-12-17T17:19:41.248+0700][gc          ] GC(631) Pause Young (Normal) (G1 Evacuation Pause) 429M->386M(1024M) 67.862ms
[2024-12-17T17:19:41.248+0700][gc,cpu      ] GC(631) User=0.13s Sys=0.00s Real=0.07s
[2024-12-17T17:21:15.962+0700][gc,start    ] GC(632) Pause Young (Normal) (G1 Evacuation Pause)
[2024-12-17T17:21:15.962+0700][gc,task     ] GC(632) Using 2 workers of 2 for evacuation
[2024-12-17T17:21:16.010+0700][gc,mmu      ] GC(632) MMU target violated: 21.0ms (20.0ms/21.0ms)
[2024-12-17T17:21:16.010+0700][gc,phases   ] GC(632)   Pre Evacuate Collection Set: 3.6ms
[2024-12-17T17:21:16.010+0700][gc,phases   ] GC(632)   Merge Heap Roots: 0.8ms
[2024-12-17T17:21:16.010+0700][gc,phases   ] GC(632)   Evacuate Collection Set: 40.2ms
[2024-12-17T17:21:16.010+0700][gc,phases   ] GC(632)   Post Evacuate Collection Set: 2.8ms
[2024-12-17T17:21:16.010+0700][gc,phases   ] GC(632)   Other: 1.2ms
[2024-12-17T17:21:16.010+0700][gc,heap     ] GC(632) Eden regions: 44->0(48)
[2024-12-17T17:21:16.010+0700][gc,heap     ] GC(632) Survivor regions: 7->3(7)
[2024-12-17T17:21:16.010+0700][gc,heap     ] GC(632) Old regions: 250->254
[2024-12-17T17:21:16.010+0700][gc,heap     ] GC(632) Archive regions: 2->2
[2024-12-17T17:21:16.010+0700][gc,heap     ] GC(632) Humongous regions: 129->129
[2024-12-17T17:21:16.010+0700][gc,metaspace] GC(632) Metaspace: 45634K(46208K)->45634K(46208K) NonClass: 40408K(40704K)->40408K(40704K) Class: 5226K(5504K)->5226K(5504K)
[2024-12-17T17:21:16.010+0700][gc          ] GC(632) Pause Young (Normal) (G1 Evacuation Pause) 430M->386M(1024M) 48.689ms
[2024-12-17T17:21:16.010+0700][gc,cpu      ] GC(632) User=0.09s Sys=0.00s Real=0.05s
[2024-12-17T17:23:00.152+0700][gc,start    ] GC(633) Pause Young (Normal) (G1 Evacuation Pause)
[2024-12-17T17:23:00.152+0700][gc,task     ] GC(633) Using 2 workers of 2 for evacuation
[2024-12-17T17:23:00.204+0700][gc,mmu      ] GC(633) MMU target violated: 21.0ms (20.0ms/21.0ms)
[2024-12-17T17:23:00.205+0700][gc,phases   ] GC(633)   Pre Evacuate Collection Set: 8.8ms
[2024-12-17T17:23:00.205+0700][gc,phases   ] GC(633)   Merge Heap Roots: 0.8ms
[2024-12-17T17:23:00.205+0700][gc,phases   ] GC(633)   Evacuate Collection Set: 39.1ms
[2024-12-17T17:23:00.205+0700][gc,phases   ] GC(633)   Post Evacuate Collection Set: 2.9ms
[2024-12-17T17:23:00.205+0700][gc,phases   ] GC(633)   Other: 1.6ms
[2024-12-17T17:23:00.205+0700][gc,heap     ] GC(633) Eden regions: 48->0(45)
[2024-12-17T17:23:00.205+0700][gc,heap     ] GC(633) Survivor regions: 3->6(7)
[2024-12-17T17:23:00.205+0700][gc,heap     ] GC(633) Old regions: 254->254
[2024-12-17T17:23:00.205+0700][gc,heap     ] GC(633) Archive regions: 2->2
[2024-12-17T17:23:00.205+0700][gc,heap     ] GC(633) Humongous regions: 129->129
[2024-12-17T17:23:00.205+0700][gc,metaspace] GC(633) Metaspace: 45634K(46208K)->45634K(46208K) NonClass: 40408K(40704K)->40408K(40704K) Class: 5226K(5504K)->5226K(5504K)
[2024-12-17T17:23:00.205+0700][gc          ] GC(633) Pause Young (Normal) (G1 Evacuation Pause) 434M->389M(1024M) 53.093ms
[2024-12-17T17:23:00.205+0700][gc,cpu      ] GC(633) User=0.10s Sys=0.00s Real=0.06s
[2024-12-17T17:24:38.041+0700][gc,start    ] GC(634) Pause Young (Normal) (G1 Evacuation Pause)
[2024-12-17T17:24:38.041+0700][gc,task     ] GC(634) Using 2 workers of 2 for evacuation
[2024-12-17T17:24:38.100+0700][gc,mmu      ] GC(634) MMU target violated: 21.0ms (20.0ms/21.0ms)
[2024-12-17T17:24:38.100+0700][gc,phases   ] GC(634)   Pre Evacuate Collection Set: 3.7ms
[2024-12-17T17:24:38.100+0700][gc,phases   ] GC(634)   Merge Heap Roots: 0.6ms
[2024-12-17T17:24:38.100+0700][gc,phases   ] GC(634)   Evacuate Collection Set: 51.8ms
[2024-12-17T17:24:38.100+0700][gc,phases   ] GC(634)   Post Evacuate Collection Set: 2.3ms
[2024-12-17T17:24:38.100+0700][gc,phases   ] GC(634)   Other: 1.3ms
[2024-12-17T17:24:38.101+0700][gc,heap     ] GC(634) Eden regions: 45->0(46)
[2024-12-17T17:24:38.101+0700][gc,heap     ] GC(634) Survivor regions: 6->5(7)
[2024-12-17T17:24:38.101+0700][gc,heap     ] GC(634) Old regions: 254->259
[2024-12-17T17:24:38.101+0700][gc,heap     ] GC(634) Archive regions: 2->2
[2024-12-17T17:24:38.101+0700][gc,heap     ] GC(634) Humongous regions: 129->129
[2024-12-17T17:24:38.101+0700][gc,metaspace] GC(634) Metaspace: 45634K(46208K)->45634K(46208K) NonClass: 40408K(40704K)->40408K(40704K) Class: 5226K(5504K)->5226K(5504K)
[2024-12-17T17:24:38.101+0700][gc          ] GC(634) Pause Young (Normal) (G1 Evacuation Pause) 434M->393M(1024M) 59.608ms
[2024-12-17T17:24:38.101+0700][gc,cpu      ] GC(634) User=0.11s Sys=0.00s Real=0.06s
[2024-12-17T17:26:17.539+0700][gc,start    ] GC(635) Pause Young (Normal) (G1 Evacuation Pause)
[2024-12-17T17:26:17.539+0700][gc,task     ] GC(635) Using 2 workers of 2 for evacuation
[2024-12-17T17:26:17.582+0700][gc,mmu      ] GC(635) MMU target violated: 21.0ms (20.0ms/21.0ms)
[2024-12-17T17:26:17.582+0700][gc,phases   ] GC(635)   Pre Evacuate Collection Set: 2.9ms
[2024-12-17T17:26:17.582+0700][gc,phases   ] GC(635)   Merge Heap Roots: 1.1ms
[2024-12-17T17:26:17.582+0700][gc,phases   ] GC(635)   Evacuate Collection Set: 35.2ms
[2024-12-17T17:26:17.582+0700][gc,phases   ] GC(635)   Post Evacuate Collection Set: 3.1ms
[2024-12-17T17:26:17.582+0700][gc,phases   ] GC(635)   Other: 1.4ms
[2024-12-17T17:26:17.582+0700][gc,heap     ] GC(635) Eden regions: 46->0(48)
[2024-12-17T17:26:17.582+0700][gc,heap     ] GC(635) Survivor regions: 5->3(7)
[2024-12-17T17:26:17.582+0700][gc,heap     ] GC(635) Old regions: 259->261
[2024-12-17T17:26:17.582+0700][gc,heap     ] GC(635) Archive regions: 2->2
[2024-12-17T17:26:17.582+0700][gc,heap     ] GC(635) Humongous regions: 129->129
[2024-12-17T17:26:17.582+0700][gc,metaspace] GC(635) Metaspace: 45634K(46208K)->45634K(46208K) NonClass: 40408K(40704K)->40408K(40704K) Class: 5226K(5504K)->5226K(5504K)
[2024-12-17T17:26:17.583+0700][gc          ] GC(635) Pause Young (Normal) (G1 Evacuation Pause) 439M->393M(1024M) 43.542ms
[2024-12-17T17:26:17.583+0700][gc,cpu      ] GC(635) User=0.08s Sys=0.00s Real=0.04s
[2024-12-17T17:28:01.741+0700][gc,start    ] GC(636) Pause Young (Normal) (G1 Evacuation Pause)
[2024-12-17T17:28:01.741+0700][gc,task     ] GC(636) Using 2 workers of 2 for evacuation
[2024-12-17T17:28:01.794+0700][gc,mmu      ] GC(636) MMU target violated: 21.0ms (20.0ms/21.0ms)
[2024-12-17T17:28:01.794+0700][gc,phases   ] GC(636)   Pre Evacuate Collection Set: 4.4ms
[2024-12-17T17:28:01.794+0700][gc,phases   ] GC(636)   Merge Heap Roots: 0.6ms
[2024-12-17T17:28:01.794+0700][gc,phases   ] GC(636)   Evacuate Collection Set: 44.3ms
[2024-12-17T17:28:01.794+0700][gc,phases   ] GC(636)   Post Evacuate Collection Set: 2.6ms
[2024-12-17T17:28:01.794+0700][gc,phases   ] GC(636)   Other: 1.5ms
[2024-12-17T17:28:01.794+0700][gc,heap     ] GC(636) Eden regions: 48->0(44)
[2024-12-17T17:28:01.794+0700][gc,heap     ] GC(636) Survivor regions: 3->7(7)
[2024-12-17T17:28:01.794+0700][gc,heap     ] GC(636) Old regions: 261->261
[2024-12-17T17:28:01.794+0700][gc,heap     ] GC(636) Archive regions: 2->2
[2024-12-17T17:28:01.794+0700][gc,heap     ] GC(636) Humongous regions: 129->129
[2024-12-17T17:28:01.794+0700][gc,metaspace] GC(636) Metaspace: 45634K(46208K)->45634K(46208K) NonClass: 40408K(40704K)->40408K(40704K) Class: 5226K(5504K)->5226K(5504K)
[2024-12-17T17:28:01.794+0700][gc          ] GC(636) Pause Young (Normal) (G1 Evacuation Pause) 441M->397M(1024M) 53.354ms
[2024-12-17T17:28:01.794+0700][gc,cpu      ] GC(636) User=0.10s Sys=0.00s Real=0.05s
[2024-12-17T17:29:37.122+0700][gc,start    ] GC(637) Pause Young (Normal) (G1 Evacuation Pause)
[2024-12-17T17:29:37.122+0700][gc,task     ] GC(637) Using 2 workers of 2 for evacuation
[2024-12-17T17:29:37.196+0700][gc,mmu      ] GC(637) MMU target violated: 21.0ms (20.0ms/21.0ms)
[2024-12-17T17:29:37.197+0700][gc,phases   ] GC(637)   Pre Evacuate Collection Set: 3.7ms
[2024-12-17T17:29:37.197+0700][gc,phases   ] GC(637)   Merge Heap Roots: 0.7ms
[2024-12-17T17:29:37.197+0700][gc,phases   ] GC(637)   Evacuate Collection Set: 65.5ms
[2024-12-17T17:29:37.197+0700][gc,phases   ] GC(637)   Post Evacuate Collection Set: 3.7ms
[2024-12-17T17:29:37.197+0700][gc,phases   ] GC(637)   Other: 1.6ms
[2024-12-17T17:29:37.197+0700][gc,heap     ] GC(637) Eden regions: 44->0(48)
[2024-12-17T17:29:37.197+0700][gc,heap     ] GC(637) Survivor regions: 7->3(7)
[2024-12-17T17:29:37.197+0700][gc,heap     ] GC(637) Old regions: 261->265
[2024-12-17T17:29:37.197+0700][gc,heap     ] GC(637) Archive regions: 2->2
[2024-12-17T17:29:37.197+0700][gc,heap     ] GC(637) Humongous regions: 129->129
[2024-12-17T17:29:37.197+0700][gc,metaspace] GC(637) Metaspace: 45634K(46208K)->45634K(46208K) NonClass: 40408K(40704K)->40408K(40704K) Class: 5226K(5504K)->5226K(5504K)
[2024-12-17T17:29:37.197+0700][gc          ] GC(637) Pause Young (Normal) (G1 Evacuation Pause) 441M->397M(1024M) 75.109ms
[2024-12-17T17:29:37.197+0700][gc,cpu      ] GC(637) User=0.15s Sys=0.00s Real=0.08s
[2024-12-17T17:31:21.566+0700][gc,start    ] GC(638) Pause Young (Normal) (G1 Evacuation Pause)
[2024-12-17T17:31:21.567+0700][gc,task     ] GC(638) Using 2 workers of 2 for evacuation
[2024-12-17T17:31:21.611+0700][gc,mmu      ] GC(638) MMU target violated: 21.0ms (20.0ms/21.0ms)
[2024-12-17T17:31:21.611+0700][gc,phases   ] GC(638)   Pre Evacuate Collection Set: 3.1ms
[2024-12-17T17:31:21.611+0700][gc,phases   ] GC(638)   Merge Heap Roots: 0.6ms
[2024-12-17T17:31:21.611+0700][gc,phases   ] GC(638)   Evacuate Collection Set: 37.0ms
[2024-12-17T17:31:21.611+0700][gc,phases   ] GC(638)   Post Evacuate Collection Set: 2.9ms
[2024-12-17T17:31:21.611+0700][gc,phases   ] GC(638)   Other: 1.5ms
[2024-12-17T17:31:21.611+0700][gc,heap     ] GC(638) Eden regions: 48->0(45)
[2024-12-17T17:31:21.611+0700][gc,heap     ] GC(638) Survivor regions: 3->6(7)
[2024-12-17T17:31:21.611+0700][gc,heap     ] GC(638) Old regions: 265->265
[2024-12-17T17:31:21.611+0700][gc,heap     ] GC(638) Archive regions: 2->2
[2024-12-17T17:31:21.611+0700][gc,heap     ] GC(638) Humongous regions: 129->129
[2024-12-17T17:31:21.611+0700][gc,metaspace] GC(638) Metaspace: 45634K(46208K)->45634K(46208K) NonClass: 40408K(40704K)->40408K(40704K) Class: 5226K(5504K)->5226K(5504K)
[2024-12-17T17:31:21.611+0700][gc          ] GC(638) Pause Young (Normal) (G1 Evacuation Pause) 445M->400M(1024M) 44.983ms
[2024-12-17T17:31:21.611+0700][gc,cpu      ] GC(638) User=0.07s Sys=0.01s Real=0.04s
[2024-12-17T17:32:59.243+0700][gc,start    ] GC(639) Pause Young (Normal) (G1 Evacuation Pause)
[2024-12-17T17:32:59.243+0700][gc,task     ] GC(639) Using 2 workers of 2 for evacuation
[2024-12-17T17:32:59.305+0700][gc,mmu      ] GC(639) MMU target violated: 21.0ms (20.0ms/21.0ms)
[2024-12-17T17:32:59.306+0700][gc,phases   ] GC(639)   Pre Evacuate Collection Set: 4.4ms
[2024-12-17T17:32:59.306+0700][gc,phases   ] GC(639)   Merge Heap Roots: 0.9ms
[2024-12-17T17:32:59.306+0700][gc,phases   ] GC(639)   Evacuate Collection Set: 53.2ms
[2024-12-17T17:32:59.306+0700][gc,phases   ] GC(639)   Post Evacuate Collection Set: 3.0ms
[2024-12-17T17:32:59.306+0700][gc,phases   ] GC(639)   Other: 1.4ms
[2024-12-17T17:32:59.306+0700][gc,heap     ] GC(639) Eden regions: 45->0(46)
[2024-12-17T17:32:59.306+0700][gc,heap     ] GC(639) Survivor regions: 6->5(7)
[2024-12-17T17:32:59.306+0700][gc,heap     ] GC(639) Old regions: 265->270
[2024-12-17T17:32:59.306+0700][gc,heap     ] GC(639) Archive regions: 2->2
[2024-12-17T17:32:59.306+0700][gc,heap     ] GC(639) Humongous regions: 129->129
[2024-12-17T17:32:59.306+0700][gc,metaspace] GC(639) Metaspace: 45634K(46208K)->45634K(46208K) NonClass: 40408K(40704K)->40408K(40704K) Class: 5226K(5504K)->5226K(5504K)
[2024-12-17T17:32:59.306+0700][gc          ] GC(639) Pause Young (Normal) (G1 Evacuation Pause) 445M->404M(1024M) 62.984ms
[2024-12-17T17:32:59.306+0700][gc,cpu      ] GC(639) User=0.11s Sys=0.00s Real=0.07s
[2024-12-17T17:34:39.120+0700][gc,start    ] GC(640) Pause Young (Normal) (G1 Evacuation Pause)
[2024-12-17T17:34:39.120+0700][gc,task     ] GC(640) Using 2 workers of 2 for evacuation
[2024-12-17T17:34:39.161+0700][gc,mmu      ] GC(640) MMU target violated: 21.0ms (20.0ms/21.0ms)
[2024-12-17T17:34:39.162+0700][gc,phases   ] GC(640)   Pre Evacuate Collection Set: 4.2ms
[2024-12-17T17:34:39.162+0700][gc,phases   ] GC(640)   Merge Heap Roots: 0.7ms
[2024-12-17T17:34:39.162+0700][gc,phases   ] GC(640)   Evacuate Collection Set: 33.0ms
[2024-12-17T17:34:39.162+0700][gc,phases   ] GC(640)   Post Evacuate Collection Set: 2.9ms
[2024-12-17T17:34:39.162+0700][gc,phases   ] GC(640)   Other: 1.4ms
[2024-12-17T17:34:39.162+0700][gc,heap     ] GC(640) Eden regions: 46->0(48)
[2024-12-17T17:34:39.162+0700][gc,heap     ] GC(640) Survivor regions: 5->3(7)
[2024-12-17T17:34:39.162+0700][gc,heap     ] GC(640) Old regions: 270->272
[2024-12-17T17:34:39.162+0700][gc,heap     ] GC(640) Archive regions: 2->2
[2024-12-17T17:34:39.162+0700][gc,heap     ] GC(640) Humongous regions: 129->129
[2024-12-17T17:34:39.162+0700][gc,metaspace] GC(640) Metaspace: 45634K(46208K)->45634K(46208K) NonClass: 40408K(40704K)->40408K(40704K) Class: 5226K(5504K)->5226K(5504K)
[2024-12-17T17:34:39.162+0700][gc          ] GC(640) Pause Young (Normal) (G1 Evacuation Pause) 450M->404M(1024M) 42.274ms
[2024-12-17T17:34:39.162+0700][gc,cpu      ] GC(640) User=0.08s Sys=0.00s Real=0.04s
[2024-12-17T17:36:23.523+0700][gc,start    ] GC(641) Pause Young (Normal) (G1 Evacuation Pause)
[2024-12-17T17:36:23.524+0700][gc,task     ] GC(641) Using 2 workers of 2 for evacuation
[2024-12-17T17:36:23.572+0700][gc,mmu      ] GC(641) MMU target violated: 21.0ms (20.0ms/21.0ms)
[2024-12-17T17:36:23.572+0700][gc,phases   ] GC(641)   Pre Evacuate Collection Set: 2.8ms
[2024-12-17T17:36:23.572+0700][gc,phases   ] GC(641)   Merge Heap Roots: 0.6ms
[2024-12-17T17:36:23.572+0700][gc,phases   ] GC(641)   Evacuate Collection Set: 41.7ms
[2024-12-17T17:36:23.572+0700][gc,phases   ] GC(641)   Post Evacuate Collection Set: 2.6ms
[2024-12-17T17:36:23.572+0700][gc,phases   ] GC(641)   Other: 1.4ms
[2024-12-17T17:36:23.572+0700][gc,heap     ] GC(641) Eden regions: 48->0(44)
[2024-12-17T17:36:23.572+0700][gc,heap     ] GC(641) Survivor regions: 3->7(7)
[2024-12-17T17:36:23.572+0700][gc,heap     ] GC(641) Old regions: 272->272
[2024-12-17T17:36:23.572+0700][gc,heap     ] GC(641) Archive regions: 2->2
[2024-12-17T17:36:23.572+0700][gc,heap     ] GC(641) Humongous regions: 129->129
[2024-12-17T17:36:23.572+0700][gc,metaspace] GC(641) Metaspace: 45634K(46208K)->45634K(46208K) NonClass: 40408K(40704K)->40408K(40704K) Class: 5226K(5504K)->5226K(5504K)
[2024-12-17T17:36:23.572+0700][gc          ] GC(641) Pause Young (Normal) (G1 Evacuation Pause) 452M->407M(1024M) 49.058ms
[2024-12-17T17:36:23.573+0700][gc,cpu      ] GC(641) User=0.09s Sys=0.00s Real=0.05s
[2024-12-17T17:37:58.702+0700][gc,start    ] GC(642) Pause Young (Normal) (G1 Evacuation Pause)
[2024-12-17T17:37:58.703+0700][gc,task     ] GC(642) Using 2 workers of 2 for evacuation
[2024-12-17T17:37:58.751+0700][gc,mmu      ] GC(642) MMU target violated: 21.0ms (20.0ms/21.0ms)
[2024-12-17T17:37:58.751+0700][gc,phases   ] GC(642)   Pre Evacuate Collection Set: 3.2ms
[2024-12-17T17:37:58.751+0700][gc,phases   ] GC(642)   Merge Heap Roots: 0.6ms
[2024-12-17T17:37:58.751+0700][gc,phases   ] GC(642)   Evacuate Collection Set: 41.7ms
[2024-12-17T17:37:58.751+0700][gc,phases   ] GC(642)   Post Evacuate Collection Set: 2.6ms
[2024-12-17T17:37:58.751+0700][gc,phases   ] GC(642)   Other: 1.3ms
[2024-12-17T17:37:58.751+0700][gc,heap     ] GC(642) Eden regions: 44->0(48)
[2024-12-17T17:37:58.751+0700][gc,heap     ] GC(642) Survivor regions: 7->3(7)
[2024-12-17T17:37:58.751+0700][gc,heap     ] GC(642) Old regions: 272->276
[2024-12-17T17:37:58.751+0700][gc,heap     ] GC(642) Archive regions: 2->2
[2024-12-17T17:37:58.751+0700][gc,heap     ] GC(642) Humongous regions: 129->129
[2024-12-17T17:37:58.752+0700][gc,metaspace] GC(642) Metaspace: 45634K(46208K)->45634K(46208K) NonClass: 40408K(40704K)->40408K(40704K) Class: 5226K(5504K)->5226K(5504K)
[2024-12-17T17:37:58.752+0700][gc          ] GC(642) Pause Young (Normal) (G1 Evacuation Pause) 451M->408M(1024M) 49.408ms
[2024-12-17T17:37:58.752+0700][gc,cpu      ] GC(642) User=0.10s Sys=0.00s Real=0.05s
[2024-12-17T17:39:42.866+0700][gc,start    ] GC(643) Pause Young (Normal) (G1 Evacuation Pause)
[2024-12-17T17:39:42.866+0700][gc,task     ] GC(643) Using 2 workers of 2 for evacuation
[2024-12-17T17:39:42.909+0700][gc,mmu      ] GC(643) MMU target violated: 21.0ms (20.0ms/21.0ms)
[2024-12-17T17:39:42.909+0700][gc,phases   ] GC(643)   Pre Evacuate Collection Set: 2.6ms
[2024-12-17T17:39:42.909+0700][gc,phases   ] GC(643)   Merge Heap Roots: 0.7ms
[2024-12-17T17:39:42.909+0700][gc,phases   ] GC(643)   Evacuate Collection Set: 35.7ms
[2024-12-17T17:39:42.909+0700][gc,phases   ] GC(643)   Post Evacuate Collection Set: 3.2ms
[2024-12-17T17:39:42.909+0700][gc,phases   ] GC(643)   Other: 1.1ms
[2024-12-17T17:39:42.909+0700][gc,heap     ] GC(643) Eden regions: 48->0(45)
[2024-12-17T17:39:42.909+0700][gc,heap     ] GC(643) Survivor regions: 3->6(7)
[2024-12-17T17:39:42.909+0700][gc,heap     ] GC(643) Old regions: 276->276
[2024-12-17T17:39:42.909+0700][gc,heap     ] GC(643) Archive regions: 2->2
[2024-12-17T17:39:42.909+0700][gc,heap     ] GC(643) Humongous regions: 129->129
[2024-12-17T17:39:42.909+0700][gc,metaspace] GC(643) Metaspace: 45634K(46208K)->45634K(46208K) NonClass: 40408K(40704K)->40408K(40704K) Class: 5226K(5504K)->5226K(5504K)
[2024-12-17T17:39:42.909+0700][gc          ] GC(643) Pause Young (Normal) (G1 Evacuation Pause) 456M->411M(1024M) 43.269ms
[2024-12-17T17:39:42.909+0700][gc,cpu      ] GC(643) User=0.08s Sys=0.00s Real=0.04s
[2024-12-17T17:41:20.435+0700][gc,start    ] GC(644) Pause Young (Normal) (G1 Evacuation Pause)
[2024-12-17T17:41:20.435+0700][gc,task     ] GC(644) Using 2 workers of 2 for evacuation
[2024-12-17T17:41:20.501+0700][gc,mmu      ] GC(644) MMU target violated: 21.0ms (20.0ms/21.0ms)
[2024-12-17T17:41:20.501+0700][gc,phases   ] GC(644)   Pre Evacuate Collection Set: 3.3ms
[2024-12-17T17:41:20.501+0700][gc,phases   ] GC(644)   Merge Heap Roots: 1.0ms
[2024-12-17T17:41:20.501+0700][gc,phases   ] GC(644)   Evacuate Collection Set: 58.3ms
[2024-12-17T17:41:20.501+0700][gc,phases   ] GC(644)   Post Evacuate Collection Set: 2.6ms
[2024-12-17T17:41:20.502+0700][gc,phases   ] GC(644)   Other: 1.5ms
[2024-12-17T17:41:20.502+0700][gc,heap     ] GC(644) Eden regions: 45->0(46)
[2024-12-17T17:41:20.502+0700][gc,heap     ] GC(644) Survivor regions: 6->5(7)
[2024-12-17T17:41:20.502+0700][gc,heap     ] GC(644) Old regions: 276->281
[2024-12-17T17:41:20.502+0700][gc,heap     ] GC(644) Archive regions: 2->2
[2024-12-17T17:41:20.502+0700][gc,heap     ] GC(644) Humongous regions: 129->129
[2024-12-17T17:41:20.502+0700][gc,metaspace] GC(644) Metaspace: 45634K(46208K)->45634K(46208K) NonClass: 40408K(40704K)->40408K(40704K) Class: 5226K(5504K)->5226K(5504K)
[2024-12-17T17:41:20.502+0700][gc          ] GC(644) Pause Young (Normal) (G1 Evacuation Pause) 456M->415M(1024M) 66.788ms
[2024-12-17T17:41:20.502+0700][gc,cpu      ] GC(644) User=0.12s Sys=0.00s Real=0.07s
[2024-12-17T17:51:35.616+0700][gc,start    ] GC(645) Pause Young (Normal) (G1 Evacuation Pause)
[2024-12-17T17:51:35.617+0700][gc,task     ] GC(645) Using 2 workers of 2 for evacuation
[2024-12-17T17:51:35.693+0700][gc,mmu      ] GC(645) MMU target violated: 21.0ms (20.0ms/21.0ms)
[2024-12-17T17:51:35.693+0700][gc,phases   ] GC(645)   Pre Evacuate Collection Set: 4.7ms
[2024-12-17T17:51:35.693+0700][gc,phases   ] GC(645)   Merge Heap Roots: 0.8ms
[2024-12-17T17:51:35.693+0700][gc,phases   ] GC(645)   Evacuate Collection Set: 65.5ms
[2024-12-17T17:51:35.693+0700][gc,phases   ] GC(645)   Post Evacuate Collection Set: 4.2ms
[2024-12-17T17:51:35.693+0700][gc,phases   ] GC(645)   Other: 1.9ms
[2024-12-17T17:51:35.693+0700][gc,heap     ] GC(645) Eden regions: 46->0(46)
[2024-12-17T17:51:35.693+0700][gc,heap     ] GC(645) Survivor regions: 5->5(7)
[2024-12-17T17:51:35.693+0700][gc,heap     ] GC(645) Old regions: 281->283
[2024-12-17T17:51:35.693+0700][gc,heap     ] GC(645) Archive regions: 2->2
[2024-12-17T17:51:35.693+0700][gc,heap     ] GC(645) Humongous regions: 129->129
[2024-12-17T17:51:35.693+0700][gc,metaspace] GC(645) Metaspace: 45646K(46272K)->45646K(46272K) NonClass: 40418K(40768K)->40418K(40768K) Class: 5227K(5504K)->5227K(5504K)
[2024-12-17T17:51:35.693+0700][gc          ] GC(645) Pause Young (Normal) (G1 Evacuation Pause) 461M->417M(1024M) 77.107ms
[2024-12-17T17:51:35.694+0700][gc,cpu      ] GC(645) User=0.15s Sys=0.00s Real=0.07s
[2024-12-17T17:54:40.075+0700][gc,start    ] GC(646) Pause Young (Normal) (G1 Evacuation Pause)
[2024-12-17T17:54:40.075+0700][gc,task     ] GC(646) Using 2 workers of 2 for evacuation
[2024-12-17T17:54:40.113+0700][gc,mmu      ] GC(646) MMU target violated: 21.0ms (20.0ms/21.0ms)
[2024-12-17T17:54:40.114+0700][gc,phases   ] GC(646)   Pre Evacuate Collection Set: 2.5ms
[2024-12-17T17:54:40.114+0700][gc,phases   ] GC(646)   Merge Heap Roots: 1.2ms
[2024-12-17T17:54:40.114+0700][gc,phases   ] GC(646)   Evacuate Collection Set: 30.9ms
[2024-12-17T17:54:40.114+0700][gc,phases   ] GC(646)   Post Evacuate Collection Set: 3.2ms
[2024-12-17T17:54:40.114+0700][gc,phases   ] GC(646)   Other: 1.2ms
[2024-12-17T17:54:40.114+0700][gc,heap     ] GC(646) Eden regions: 46->0(48)
[2024-12-17T17:54:40.114+0700][gc,heap     ] GC(646) Survivor regions: 5->3(7)
[2024-12-17T17:54:40.114+0700][gc,heap     ] GC(646) Old regions: 283->285
[2024-12-17T17:54:40.114+0700][gc,heap     ] GC(646) Archive regions: 2->2
[2024-12-17T17:54:40.114+0700][gc,heap     ] GC(646) Humongous regions: 129->129
[2024-12-17T17:54:40.114+0700][gc,metaspace] GC(646) Metaspace: 45654K(46272K)->45654K(46272K) NonClass: 40426K(40768K)->40426K(40768K) Class: 5227K(5504K)->5227K(5504K)
[2024-12-17T17:54:40.114+0700][gc          ] GC(646) Pause Young (Normal) (G1 Evacuation Pause) 463M->417M(1024M) 39.100ms
[2024-12-17T17:54:40.114+0700][gc,cpu      ] GC(646) User=0.07s Sys=0.00s Real=0.04s
[2024-12-17T17:58:47.327+0700][gc,start    ] GC(647) Pause Young (Normal) (G1 Evacuation Pause)
[2024-12-17T17:58:47.328+0700][gc,task     ] GC(647) Using 2 workers of 2 for evacuation
[2024-12-17T17:58:47.357+0700][gc,mmu      ] GC(647) MMU target violated: 21.0ms (20.0ms/21.0ms)
[2024-12-17T17:58:47.357+0700][gc,phases   ] GC(647)   Pre Evacuate Collection Set: 2.2ms
[2024-12-17T17:58:47.357+0700][gc,phases   ] GC(647)   Merge Heap Roots: 0.8ms
[2024-12-17T17:58:47.357+0700][gc,phases   ] GC(647)   Evacuate Collection Set: 24.0ms
[2024-12-17T17:58:47.357+0700][gc,phases   ] GC(647)   Post Evacuate Collection Set: 1.9ms
[2024-12-17T17:58:47.358+0700][gc,phases   ] GC(647)   Other: 1.2ms
[2024-12-17T17:58:47.358+0700][gc,heap     ] GC(647) Eden regions: 48->0(47)
[2024-12-17T17:58:47.358+0700][gc,heap     ] GC(647) Survivor regions: 3->4(7)
[2024-12-17T17:58:47.358+0700][gc,heap     ] GC(647) Old regions: 285->285
[2024-12-17T17:58:47.358+0700][gc,heap     ] GC(647) Archive regions: 2->2
[2024-12-17T17:58:47.358+0700][gc,heap     ] GC(647) Humongous regions: 129->129
[2024-12-17T17:58:47.358+0700][gc,metaspace] GC(647) Metaspace: 45654K(46272K)->45654K(46272K) NonClass: 40426K(40768K)->40426K(40768K) Class: 5227K(5504K)->5227K(5504K)
[2024-12-17T17:58:47.358+0700][gc          ] GC(647) Pause Young (Normal) (G1 Evacuation Pause) 465M->418M(1024M) 30.302ms
[2024-12-17T17:58:47.358+0700][gc,cpu      ] GC(647) User=0.06s Sys=0.00s Real=0.03s
[2024-12-17T18:01:55.167+0700][gc,start    ] GC(648) Pause Young (Normal) (G1 Evacuation Pause)
[2024-12-17T18:01:55.167+0700][gc,task     ] GC(648) Using 2 workers of 2 for evacuation
[2024-12-17T18:01:55.216+0700][gc,mmu      ] GC(648) MMU target violated: 21.0ms (20.0ms/21.0ms)
[2024-12-17T18:01:55.217+0700][gc,phases   ] GC(648)   Pre Evacuate Collection Set: 2.8ms
[2024-12-17T18:01:55.217+0700][gc,phases   ] GC(648)   Merge Heap Roots: 0.6ms
[2024-12-17T18:01:55.217+0700][gc,phases   ] GC(648)   Evacuate Collection Set: 44.1ms
[2024-12-17T18:01:55.217+0700][gc,phases   ] GC(648)   Post Evacuate Collection Set: 1.6ms
[2024-12-17T18:01:55.217+0700][gc,phases   ] GC(648)   Other: 1.1ms
[2024-12-17T18:01:55.217+0700][gc,heap     ] GC(648) Eden regions: 47->0(44)
[2024-12-17T18:01:55.217+0700][gc,heap     ] GC(648) Survivor regions: 4->7(7)
[2024-12-17T18:01:55.217+0700][gc,heap     ] GC(648) Old regions: 285->287
[2024-12-17T18:01:55.217+0700][gc,heap     ] GC(648) Archive regions: 2->2
[2024-12-17T18:01:55.217+0700][gc,heap     ] GC(648) Humongous regions: 129->129
[2024-12-17T18:01:55.217+0700][gc,metaspace] GC(648) Metaspace: 45671K(46272K)->45671K(46272K) NonClass: 40443K(40768K)->40443K(40768K) Class: 5227K(5504K)->5227K(5504K)
[2024-12-17T18:01:55.217+0700][gc          ] GC(648) Pause Young (Normal) (G1 Evacuation Pause) 465M->422M(1024M) 49.950ms
[2024-12-17T18:01:55.217+0700][gc,cpu      ] GC(648) User=0.09s Sys=0.00s Real=0.05s
[2024-12-17T18:04:55.435+0700][gc,start    ] GC(649) Pause Young (Normal) (G1 Evacuation Pause)
[2024-12-17T18:04:55.435+0700][gc,task     ] GC(649) Using 2 workers of 2 for evacuation
[2024-12-17T18:04:55.473+0700][gc,mmu      ] GC(649) MMU target violated: 21.0ms (20.0ms/21.0ms)
[2024-12-17T18:04:55.473+0700][gc,phases   ] GC(649)   Pre Evacuate Collection Set: 3.4ms
[2024-12-17T18:04:55.473+0700][gc,phases   ] GC(649)   Merge Heap Roots: 0.6ms
[2024-12-17T18:04:55.473+0700][gc,phases   ] GC(649)   Evacuate Collection Set: 29.6ms
[2024-12-17T18:04:55.473+0700][gc,phases   ] GC(649)   Post Evacuate Collection Set: 3.2ms
[2024-12-17T18:04:55.473+0700][gc,phases   ] GC(649)   Other: 0.9ms
[2024-12-17T18:04:55.473+0700][gc,heap     ] GC(649) Eden regions: 44->0(48)
[2024-12-17T18:04:55.473+0700][gc,heap     ] GC(649) Survivor regions: 7->3(7)
[2024-12-17T18:04:55.473+0700][gc,heap     ] GC(649) Old regions: 287->290
[2024-12-17T18:04:55.473+0700][gc,heap     ] GC(649) Archive regions: 2->2
[2024-12-17T18:04:55.473+0700][gc,heap     ] GC(649) Humongous regions: 129->129
[2024-12-17T18:04:55.473+0700][gc,metaspace] GC(649) Metaspace: 45689K(46272K)->45689K(46272K) NonClass: 40461K(40768K)->40461K(40768K) Class: 5227K(5504K)->5227K(5504K)
[2024-12-17T18:04:55.473+0700][gc          ] GC(649) Pause Young (Normal) (G1 Evacuation Pause) 466M->422M(1024M) 37.792ms
[2024-12-17T18:04:55.473+0700][gc,cpu      ] GC(649) User=0.07s Sys=0.00s Real=0.04s
[2024-12-17T18:08:13.539+0700][gc,start    ] GC(650) Pause Young (Normal) (G1 Evacuation Pause)
[2024-12-17T18:08:13.539+0700][gc,task     ] GC(650) Using 2 workers of 2 for evacuation
[2024-12-17T18:08:13.573+0700][gc,mmu      ] GC(650) MMU target violated: 21.0ms (20.0ms/21.0ms)
[2024-12-17T18:08:13.573+0700][gc,phases   ] GC(650)   Pre Evacuate Collection Set: 2.5ms
[2024-12-17T18:08:13.573+0700][gc,phases   ] GC(650)   Merge Heap Roots: 0.6ms
[2024-12-17T18:08:13.573+0700][gc,phases   ] GC(650)   Evacuate Collection Set: 27.8ms
[2024-12-17T18:08:13.573+0700][gc,phases   ] GC(650)   Post Evacuate Collection Set: 2.8ms
[2024-12-17T18:08:13.574+0700][gc,phases   ] GC(650)   Other: 1.1ms
[2024-12-17T18:08:13.574+0700][gc,heap     ] GC(650) Eden regions: 48->0(46)
[2024-12-17T18:08:13.574+0700][gc,heap     ] GC(650) Survivor regions: 3->5(7)
[2024-12-17T18:08:13.574+0700][gc,heap     ] GC(650) Old regions: 290->290
[2024-12-17T18:08:13.574+0700][gc,heap     ] GC(650) Archive regions: 2->2
[2024-12-17T18:08:13.574+0700][gc,heap     ] GC(650) Humongous regions: 129->129
[2024-12-17T18:08:13.574+0700][gc,metaspace] GC(650) Metaspace: 45694K(46272K)->45694K(46272K) NonClass: 40467K(40768K)->40467K(40768K) Class: 5227K(5504K)->5227K(5504K)
[2024-12-17T18:08:13.574+0700][gc          ] GC(650) Pause Young (Normal) (G1 Evacuation Pause) 470M->424M(1024M) 34.760ms
[2024-12-17T18:08:13.574+0700][gc,cpu      ] GC(650) User=0.06s Sys=0.00s Real=0.03s
[2024-12-17T18:11:10.435+0700][gc,start    ] GC(651) Pause Young (Normal) (G1 Evacuation Pause)
[2024-12-17T18:11:10.435+0700][gc,task     ] GC(651) Using 2 workers of 2 for evacuation
[2024-12-17T18:11:10.487+0700][gc,mmu      ] GC(651) MMU target violated: 21.0ms (20.0ms/21.0ms)
[2024-12-17T18:11:10.487+0700][gc,phases   ] GC(651)   Pre Evacuate Collection Set: 2.2ms
[2024-12-17T18:11:10.487+0700][gc,phases   ] GC(651)   Merge Heap Roots: 0.9ms
[2024-12-17T18:11:10.487+0700][gc,phases   ] GC(651)   Evacuate Collection Set: 46.4ms
[2024-12-17T18:11:10.487+0700][gc,phases   ] GC(651)   Post Evacuate Collection Set: 2.0ms
[2024-12-17T18:11:10.487+0700][gc,phases   ] GC(651)   Other: 0.9ms
[2024-12-17T18:11:10.487+0700][gc,heap     ] GC(651) Eden regions: 46->0(44)
[2024-12-17T18:11:10.487+0700][gc,heap     ] GC(651) Survivor regions: 5->7(7)
[2024-12-17T18:11:10.487+0700][gc,heap     ] GC(651) Old regions: 290->292
[2024-12-17T18:11:10.487+0700][gc,heap     ] GC(651) Archive regions: 2->2
[2024-12-17T18:11:10.487+0700][gc,heap     ] GC(651) Humongous regions: 129->129
[2024-12-17T18:11:10.487+0700][gc,metaspace] GC(651) Metaspace: 45729K(46272K)->45729K(46272K) NonClass: 40501K(40768K)->40501K(40768K) Class: 5227K(5504K)->5227K(5504K)
[2024-12-17T18:11:10.487+0700][gc          ] GC(651) Pause Young (Normal) (G1 Evacuation Pause) 470M->428M(1024M) 52.533ms
[2024-12-17T18:11:10.487+0700][gc,cpu      ] GC(651) User=0.10s Sys=0.00s Real=0.06s
[2024-12-17T18:14:09.252+0700][gc,start    ] GC(652) Pause Young (Normal) (G1 Evacuation Pause)
[2024-12-17T18:14:09.252+0700][gc,task     ] GC(652) Using 2 workers of 2 for evacuation
[2024-12-17T18:14:09.304+0700][gc,mmu      ] GC(652) MMU target violated: 21.0ms (20.0ms/21.0ms)
[2024-12-17T18:14:09.304+0700][gc,phases   ] GC(652)   Pre Evacuate Collection Set: 2.8ms
[2024-12-17T18:14:09.304+0700][gc,phases   ] GC(652)   Merge Heap Roots: 1.1ms
[2024-12-17T18:14:09.304+0700][gc,phases   ] GC(652)   Evacuate Collection Set: 44.2ms
[2024-12-17T18:14:09.304+0700][gc,phases   ] GC(652)   Post Evacuate Collection Set: 3.1ms
[2024-12-17T18:14:09.304+0700][gc,phases   ] GC(652)   Other: 1.4ms
[2024-12-17T18:14:09.304+0700][gc,heap     ] GC(652) Eden regions: 44->0(47)
[2024-12-17T18:14:09.304+0700][gc,heap     ] GC(652) Survivor regions: 7->4(7)
[2024-12-17T18:14:09.304+0700][gc,heap     ] GC(652) Old regions: 292->297
[2024-12-17T18:14:09.304+0700][gc,heap     ] GC(652) Archive regions: 2->2
[2024-12-17T18:14:09.304+0700][gc,heap     ] GC(652) Humongous regions: 129->129
[2024-12-17T18:14:09.304+0700][gc,metaspace] GC(652) Metaspace: 45729K(46272K)->45729K(46272K) NonClass: 40501K(40768K)->40501K(40768K) Class: 5227K(5504K)->5227K(5504K)
[2024-12-17T18:14:09.304+0700][gc          ] GC(652) Pause Young (Normal) (G1 Evacuation Pause) 472M->429M(1024M) 52.440ms
[2024-12-17T18:14:09.304+0700][gc,cpu      ] GC(652) User=0.09s Sys=0.00s Real=0.06s
[2024-12-17T18:17:17.934+0700][gc,start    ] GC(653) Pause Young (Normal) (G1 Evacuation Pause)
[2024-12-17T18:17:17.934+0700][gc,task     ] GC(653) Using 2 workers of 2 for evacuation
[2024-12-17T18:17:17.996+0700][gc,mmu      ] GC(653) MMU target violated: 21.0ms (20.0ms/21.0ms)
[2024-12-17T18:17:17.996+0700][gc,phases   ] GC(653)   Pre Evacuate Collection Set: 4.2ms
[2024-12-17T18:17:17.996+0700][gc,phases   ] GC(653)   Merge Heap Roots: 1.2ms
[2024-12-17T18:17:17.996+0700][gc,phases   ] GC(653)   Evacuate Collection Set: 52.6ms
[2024-12-17T18:17:17.996+0700][gc,phases   ] GC(653)   Post Evacuate Collection Set: 3.0ms
[2024-12-17T18:17:17.996+0700][gc,phases   ] GC(653)   Other: 1.1ms
[2024-12-17T18:17:17.996+0700][gc,heap     ] GC(653) Eden regions: 47->0(45)
[2024-12-17T18:17:17.996+0700][gc,heap     ] GC(653) Survivor regions: 4->6(7)
[2024-12-17T18:17:17.996+0700][gc,heap     ] GC(653) Old regions: 297->297
[2024-12-17T18:17:17.996+0700][gc,heap     ] GC(653) Archive regions: 2->2
[2024-12-17T18:17:17.996+0700][gc,heap     ] GC(653) Humongous regions: 129->129
[2024-12-17T18:17:17.996+0700][gc,metaspace] GC(653) Metaspace: 45736K(46336K)->45736K(46336K) NonClass: 40508K(40832K)->40508K(40832K) Class: 5227K(5504K)->5227K(5504K)
[2024-12-17T18:17:17.996+0700][gc          ] GC(653) Pause Young (Normal) (G1 Evacuation Pause) 476M->432M(1024M) 62.280ms
[2024-12-17T18:17:17.996+0700][gc,cpu      ] GC(653) User=0.12s Sys=0.00s Real=0.07s
[2024-12-17T18:20:24.137+0700][gc,start    ] GC(654) Pause Young (Normal) (G1 Evacuation Pause)
[2024-12-17T18:20:24.137+0700][gc,task     ] GC(654) Using 2 workers of 2 for evacuation
[2024-12-17T18:20:24.186+0700][gc,mmu      ] GC(654) MMU target violated: 21.0ms (20.0ms/21.0ms)
[2024-12-17T18:20:24.186+0700][gc,phases   ] GC(654)   Pre Evacuate Collection Set: 2.6ms
[2024-12-17T18:20:24.186+0700][gc,phases   ] GC(654)   Merge Heap Roots: 0.7ms
[2024-12-17T18:20:24.186+0700][gc,phases   ] GC(654)   Evacuate Collection Set: 42.5ms
[2024-12-17T18:20:24.186+0700][gc,phases   ] GC(654)   Post Evacuate Collection Set: 2.5ms
[2024-12-17T18:20:24.186+0700][gc,phases   ] GC(654)   Other: 1.3ms
[2024-12-17T18:20:24.186+0700][gc,heap     ] GC(654) Eden regions: 45->0(47)
[2024-12-17T18:20:24.186+0700][gc,heap     ] GC(654) Survivor regions: 6->4(7)
[2024-12-17T18:20:24.186+0700][gc,heap     ] GC(654) Old regions: 297->301
[2024-12-17T18:20:24.186+0700][gc,heap     ] GC(654) Archive regions: 2->2
[2024-12-17T18:20:24.186+0700][gc,heap     ] GC(654) Humongous regions: 129->129
[2024-12-17T18:20:24.186+0700][gc,metaspace] GC(654) Metaspace: 45752K(46400K)->45752K(46400K) NonClass: 40524K(40896K)->40524K(40896K) Class: 5227K(5504K)->5227K(5504K)
[2024-12-17T18:20:24.186+0700][gc          ] GC(654) Pause Young (Normal) (G1 Evacuation Pause) 477M->434M(1024M) 49.454ms
[2024-12-17T18:20:24.186+0700][gc,cpu      ] GC(654) User=0.10s Sys=0.00s Real=0.05s
[2024-12-17T18:23:36.389+0700][gc,start    ] GC(655) Pause Young (Normal) (G1 Evacuation Pause)
[2024-12-17T18:23:36.389+0700][gc,task     ] GC(655) Using 2 workers of 2 for evacuation
[2024-12-17T18:23:36.436+0700][gc,mmu      ] GC(655) MMU target violated: 21.0ms (20.0ms/21.0ms)
[2024-12-17T18:23:36.436+0700][gc,phases   ] GC(655)   Pre Evacuate Collection Set: 3.9ms
[2024-12-17T18:23:36.436+0700][gc,phases   ] GC(655)   Merge Heap Roots: 0.9ms
[2024-12-17T18:23:36.436+0700][gc,phases   ] GC(655)   Evacuate Collection Set: 37.9ms
[2024-12-17T18:23:36.436+0700][gc,phases   ] GC(655)   Post Evacuate Collection Set: 3.6ms
[2024-12-17T18:23:36.436+0700][gc,phases   ] GC(655)   Other: 1.2ms
[2024-12-17T18:23:36.436+0700][gc,heap     ] GC(655) Eden regions: 47->0(45)
[2024-12-17T18:23:36.436+0700][gc,heap     ] GC(655) Survivor regions: 4->6(7)
[2024-12-17T18:23:36.436+0700][gc,heap     ] GC(655) Old regions: 301->301
[2024-12-17T18:23:36.436+0700][gc,heap     ] GC(655) Archive regions: 2->2
[2024-12-17T18:23:36.436+0700][gc,heap     ] GC(655) Humongous regions: 129->129
[2024-12-17T18:23:36.436+0700][gc,metaspace] GC(655) Metaspace: 45752K(46400K)->45752K(46400K) NonClass: 40524K(40896K)->40524K(40896K) Class: 5227K(5504K)->5227K(5504K)
[2024-12-17T18:23:36.436+0700][gc          ] GC(655) Pause Young (Normal) (G1 Evacuation Pause) 481M->435M(1024M) 47.509ms
[2024-12-17T18:23:36.436+0700][gc,cpu      ] GC(655) User=0.09s Sys=0.00s Real=0.05s
[2024-12-17T18:26:40.438+0700][gc,start    ] GC(656) Pause Young (Normal) (G1 Evacuation Pause)
[2024-12-17T18:26:40.438+0700][gc,task     ] GC(656) Using 2 workers of 2 for evacuation
[2024-12-17T18:26:40.494+0700][gc,mmu      ] GC(656) MMU target violated: 21.0ms (20.0ms/21.0ms)
[2024-12-17T18:26:40.495+0700][gc,phases   ] GC(656)   Pre Evacuate Collection Set: 2.5ms
[2024-12-17T18:26:40.495+0700][gc,phases   ] GC(656)   Merge Heap Roots: 0.9ms
[2024-12-17T18:26:40.495+0700][gc,phases   ] GC(656)   Evacuate Collection Set: 49.8ms
[2024-12-17T18:26:40.495+0700][gc,phases   ] GC(656)   Post Evacuate Collection Set: 2.4ms
[2024-12-17T18:26:40.495+0700][gc,phases   ] GC(656)   Other: 1.2ms
[2024-12-17T18:26:40.495+0700][gc,heap     ] GC(656) Eden regions: 45->0(46)
[2024-12-17T18:26:40.495+0700][gc,heap     ] GC(656) Survivor regions: 6->5(7)
[2024-12-17T18:26:40.495+0700][gc,heap     ] GC(656) Old regions: 301->304
[2024-12-17T18:26:40.495+0700][gc,heap     ] GC(656) Archive regions: 2->2
[2024-12-17T18:26:40.495+0700][gc,heap     ] GC(656) Humongous regions: 129->129
[2024-12-17T18:26:40.495+0700][gc,metaspace] GC(656) Metaspace: 45756K(46400K)->45756K(46400K) NonClass: 40528K(40896K)->40528K(40896K) Class: 5227K(5504K)->5227K(5504K)
[2024-12-17T18:26:40.495+0700][gc          ] GC(656) Pause Young (Normal) (G1 Evacuation Pause) 480M->438M(1024M) 56.876ms
[2024-12-17T18:26:40.495+0700][gc,cpu      ] GC(656) User=0.11s Sys=0.00s Real=0.05s
[2024-12-17T18:29:51.020+0700][gc,start    ] GC(657) Pause Young (Normal) (G1 Evacuation Pause)
[2024-12-17T18:29:51.020+0700][gc,task     ] GC(657) Using 2 workers of 2 for evacuation
[2024-12-17T18:29:51.049+0700][gc,mmu      ] GC(657) MMU target violated: 21.0ms (20.0ms/21.0ms)
[2024-12-17T18:29:51.050+0700][gc,phases   ] GC(657)   Pre Evacuate Collection Set: 2.5ms
[2024-12-17T18:29:51.050+0700][gc,phases   ] GC(657)   Merge Heap Roots: 0.5ms
[2024-12-17T18:29:51.050+0700][gc,phases   ] GC(657)   Evacuate Collection Set: 22.2ms
[2024-12-17T18:29:51.050+0700][gc,phases   ] GC(657)   Post Evacuate Collection Set: 3.3ms
[2024-12-17T18:29:51.050+0700][gc,phases   ] GC(657)   Other: 1.0ms
[2024-12-17T18:29:51.050+0700][gc,heap     ] GC(657) Eden regions: 46->0(49)
[2024-12-17T18:29:51.050+0700][gc,heap     ] GC(657) Survivor regions: 5->2(7)
[2024-12-17T18:29:51.050+0700][gc,heap     ] GC(657) Old regions: 304->306
[2024-12-17T18:29:51.050+0700][gc,heap     ] GC(657) Archive regions: 2->2
[2024-12-17T18:29:51.050+0700][gc,heap     ] GC(657) Humongous regions: 129->129
[2024-12-17T18:29:51.050+0700][gc,metaspace] GC(657) Metaspace: 45756K(46400K)->45756K(46400K) NonClass: 40528K(40896K)->40528K(40896K) Class: 5227K(5504K)->5227K(5504K)
[2024-12-17T18:29:51.050+0700][gc          ] GC(657) Pause Young (Normal) (G1 Evacuation Pause) 484M->437M(1024M) 29.534ms
[2024-12-17T18:29:51.050+0700][gc,cpu      ] GC(657) User=0.05s Sys=0.00s Real=0.03s
[2024-12-17T18:33:11.777+0700][gc,start    ] GC(658) Pause Young (Normal) (G1 Evacuation Pause)
[2024-12-17T18:33:11.778+0700][gc,task     ] GC(658) Using 2 workers of 2 for evacuation
[2024-12-17T18:33:11.812+0700][gc,mmu      ] GC(658) MMU target violated: 21.0ms (20.0ms/21.0ms)
[2024-12-17T18:33:11.813+0700][gc,phases   ] GC(658)   Pre Evacuate Collection Set: 2.6ms
[2024-12-17T18:33:11.813+0700][gc,phases   ] GC(658)   Merge Heap Roots: 0.9ms
[2024-12-17T18:33:11.813+0700][gc,phases   ] GC(658)   Evacuate Collection Set: 28.0ms
[2024-12-17T18:33:11.813+0700][gc,phases   ] GC(658)   Post Evacuate Collection Set: 2.9ms
[2024-12-17T18:33:11.813+0700][gc,phases   ] GC(658)   Other: 1.0ms
[2024-12-17T18:33:11.813+0700][gc,heap     ] GC(658) Eden regions: 49->0(46)
[2024-12-17T18:33:11.813+0700][gc,heap     ] GC(658) Survivor regions: 2->5(7)
[2024-12-17T18:33:11.813+0700][gc,heap     ] GC(658) Old regions: 306->306
[2024-12-17T18:33:11.813+0700][gc,heap     ] GC(658) Archive regions: 2->2
[2024-12-17T18:33:11.813+0700][gc,heap     ] GC(658) Humongous regions: 129->129
[2024-12-17T18:33:11.813+0700][gc,metaspace] GC(658) Metaspace: 45756K(46400K)->45756K(46400K) NonClass: 40528K(40896K)->40528K(40896K) Class: 5227K(5504K)->5227K(5504K)
[2024-12-17T18:33:11.813+0700][gc          ] GC(658) Pause Young (Normal) (G1 Evacuation Pause) 486M->439M(1024M) 35.552ms
[2024-12-17T18:33:11.813+0700][gc,cpu      ] GC(658) User=0.06s Sys=0.00s Real=0.03s
[2024-12-17T18:36:21.680+0700][gc,start    ] GC(659) Pause Young (Normal) (G1 Evacuation Pause)
[2024-12-17T18:36:21.680+0700][gc,task     ] GC(659) Using 2 workers of 2 for evacuation
[2024-12-17T18:36:21.726+0700][gc,mmu      ] GC(659) MMU target violated: 21.0ms (20.0ms/21.0ms)
[2024-12-17T18:36:21.726+0700][gc,phases   ] GC(659)   Pre Evacuate Collection Set: 2.8ms
[2024-12-17T18:36:21.726+0700][gc,phases   ] GC(659)   Merge Heap Roots: 0.8ms
[2024-12-17T18:36:21.726+0700][gc,phases   ] GC(659)   Evacuate Collection Set: 39.3ms
[2024-12-17T18:36:21.726+0700][gc,phases   ] GC(659)   Post Evacuate Collection Set: 2.2ms
[2024-12-17T18:36:21.726+0700][gc,phases   ] GC(659)   Other: 1.1ms
[2024-12-17T18:36:21.726+0700][gc,heap     ] GC(659) Eden regions: 46->0(46)
[2024-12-17T18:36:21.726+0700][gc,heap     ] GC(659) Survivor regions: 5->5(7)
[2024-12-17T18:36:21.726+0700][gc,heap     ] GC(659) Old regions: 306->308
[2024-12-17T18:36:21.726+0700][gc,heap     ] GC(659) Archive regions: 2->2
[2024-12-17T18:36:21.726+0700][gc,heap     ] GC(659) Humongous regions: 129->129
[2024-12-17T18:36:21.726+0700][gc,metaspace] GC(659) Metaspace: 45756K(46400K)->45756K(46400K) NonClass: 40528K(40896K)->40528K(40896K) Class: 5227K(5504K)->5227K(5504K)
[2024-12-17T18:36:21.726+0700][gc          ] GC(659) Pause Young (Normal) (G1 Evacuation Pause) 485M->441M(1024M) 46.213ms
[2024-12-17T18:36:21.726+0700][gc,cpu      ] GC(659) User=0.08s Sys=0.00s Real=0.05s
[2024-12-17T18:39:30.663+0700][gc,start    ] GC(660) Pause Young (Normal) (G1 Evacuation Pause)
[2024-12-17T18:39:30.663+0700][gc,task     ] GC(660) Using 2 workers of 2 for evacuation
[2024-12-17T18:39:30.714+0700][gc,mmu      ] GC(660) MMU target violated: 21.0ms (20.0ms/21.0ms)
[2024-12-17T18:39:30.715+0700][gc,phases   ] GC(660)   Pre Evacuate Collection Set: 2.6ms
[2024-12-17T18:39:30.715+0700][gc,phases   ] GC(660)   Merge Heap Roots: 0.9ms
[2024-12-17T18:39:30.715+0700][gc,phases   ] GC(660)   Evacuate Collection Set: 43.5ms
[2024-12-17T18:39:30.715+0700][gc,phases   ] GC(660)   Post Evacuate Collection Set: 4.0ms
[2024-12-17T18:39:30.715+0700][gc,phases   ] GC(660)   Other: 1.2ms
[2024-12-17T18:39:30.715+0700][gc,heap     ] GC(660) Eden regions: 46->0(46)
[2024-12-17T18:39:30.715+0700][gc,heap     ] GC(660) Survivor regions: 5->5(7)
[2024-12-17T18:39:30.715+0700][gc,heap     ] GC(660) Old regions: 308->310
[2024-12-17T18:39:30.715+0700][gc,heap     ] GC(660) Archive regions: 2->2
[2024-12-17T18:39:30.715+0700][gc,heap     ] GC(660) Humongous regions: 129->129
[2024-12-17T18:39:30.715+0700][gc,metaspace] GC(660) Metaspace: 45756K(46400K)->45756K(46400K) NonClass: 40528K(40896K)->40528K(40896K) Class: 5227K(5504K)->5227K(5504K)
[2024-12-17T18:39:30.715+0700][gc          ] GC(660) Pause Young (Normal) (G1 Evacuation Pause) 487M->443M(1024M) 52.243ms
[2024-12-17T18:39:30.715+0700][gc,cpu      ] GC(660) User=0.10s Sys=0.00s Real=0.05s
[2024-12-17T18:42:40.260+0700][gc,start    ] GC(661) Pause Young (Normal) (G1 Evacuation Pause)
[2024-12-17T18:42:40.260+0700][gc,task     ] GC(661) Using 2 workers of 2 for evacuation
[2024-12-17T18:42:40.308+0700][gc,mmu      ] GC(661) MMU target violated: 21.0ms (20.0ms/21.0ms)
[2024-12-17T18:42:40.309+0700][gc,phases   ] GC(661)   Pre Evacuate Collection Set: 2.6ms
[2024-12-17T18:42:40.309+0700][gc,phases   ] GC(661)   Merge Heap Roots: 0.5ms
[2024-12-17T18:42:40.309+0700][gc,phases   ] GC(661)   Evacuate Collection Set: 42.5ms
[2024-12-17T18:42:40.309+0700][gc,phases   ] GC(661)   Post Evacuate Collection Set: 2.3ms
[2024-12-17T18:42:40.309+0700][gc,phases   ] GC(661)   Other: 1.1ms
[2024-12-17T18:42:40.309+0700][gc,heap     ] GC(661) Eden regions: 46->0(45)
[2024-12-17T18:42:40.309+0700][gc,heap     ] GC(661) Survivor regions: 5->6(7)
[2024-12-17T18:42:40.309+0700][gc,heap     ] GC(661) Old regions: 310->311
[2024-12-17T18:42:40.309+0700][gc,heap     ] GC(661) Archive regions: 2->2
[2024-12-17T18:42:40.309+0700][gc,heap     ] GC(661) Humongous regions: 129->129
[2024-12-17T18:42:40.309+0700][gc,metaspace] GC(661) Metaspace: 45756K(46400K)->45756K(46400K) NonClass: 40529K(40896K)->40529K(40896K) Class: 5227K(5504K)->5227K(5504K)
[2024-12-17T18:42:40.309+0700][gc          ] GC(661) Pause Young (Normal) (G1 Evacuation Pause) 489M->446M(1024M) 49.154ms
[2024-12-17T18:42:40.309+0700][gc,cpu      ] GC(661) User=0.09s Sys=0.00s Real=0.05s
[2024-12-17T18:45:45.393+0700][gc,start    ] GC(662) Pause Young (Normal) (G1 Evacuation Pause)
[2024-12-17T18:45:45.394+0700][gc,task     ] GC(662) Using 2 workers of 2 for evacuation
[2024-12-17T18:45:45.450+0700][gc,mmu      ] GC(662) MMU target violated: 21.0ms (20.0ms/21.0ms)
[2024-12-17T18:45:45.450+0700][gc,phases   ] GC(662)   Pre Evacuate Collection Set: 2.7ms
[2024-12-17T18:45:45.450+0700][gc,phases   ] GC(662)   Merge Heap Roots: 0.6ms
[2024-12-17T18:45:45.450+0700][gc,phases   ] GC(662)   Evacuate Collection Set: 49.0ms
[2024-12-17T18:45:45.450+0700][gc,phases   ] GC(662)   Post Evacuate Collection Set: 3.6ms
[2024-12-17T18:45:45.450+0700][gc,phases   ] GC(662)   Other: 1.1ms
[2024-12-17T18:45:45.450+0700][gc,heap     ] GC(662) Eden regions: 45->0(45)
[2024-12-17T18:45:45.450+0700][gc,heap     ] GC(662) Survivor regions: 6->6(7)
[2024-12-17T18:45:45.450+0700][gc,heap     ] GC(662) Old regions: 311->313
[2024-12-17T18:45:45.450+0700][gc,heap     ] GC(662) Archive regions: 2->2
[2024-12-17T18:45:45.450+0700][gc,heap     ] GC(662) Humongous regions: 129->129
[2024-12-17T18:45:45.450+0700][gc,metaspace] GC(662) Metaspace: 45756K(46400K)->45756K(46400K) NonClass: 40529K(40896K)->40529K(40896K) Class: 5227K(5504K)->5227K(5504K)
[2024-12-17T18:45:45.450+0700][gc          ] GC(662) Pause Young (Normal) (G1 Evacuation Pause) 491M->448M(1024M) 57.078ms
[2024-12-17T18:45:45.450+0700][gc,cpu      ] GC(662) User=0.10s Sys=0.00s Real=0.06s
[2024-12-17T18:48:50.929+0700][gc,start    ] GC(663) Pause Young (Normal) (G1 Evacuation Pause)
[2024-12-17T18:48:50.929+0700][gc,task     ] GC(663) Using 2 workers of 2 for evacuation
[2024-12-17T18:48:50.985+0700][gc,mmu      ] GC(663) MMU target violated: 21.0ms (20.0ms/21.0ms)
[2024-12-17T18:48:50.986+0700][gc,phases   ] GC(663)   Pre Evacuate Collection Set: 4.0ms
[2024-12-17T18:48:50.986+0700][gc,phases   ] GC(663)   Merge Heap Roots: 1.0ms
[2024-12-17T18:48:50.986+0700][gc,phases   ] GC(663)   Evacuate Collection Set: 48.5ms
[2024-12-17T18:48:50.986+0700][gc,phases   ] GC(663)   Post Evacuate Collection Set: 2.4ms
[2024-12-17T18:48:50.986+0700][gc,phases   ] GC(663)   Other: 0.7ms
[2024-12-17T18:48:50.986+0700][gc,heap     ] GC(663) Eden regions: 45->0(46)
[2024-12-17T18:48:50.986+0700][gc,heap     ] GC(663) Survivor regions: 6->5(7)
[2024-12-17T18:48:50.986+0700][gc,heap     ] GC(663) Old regions: 313->317
[2024-12-17T18:48:50.986+0700][gc,heap     ] GC(663) Archive regions: 2->2
[2024-12-17T18:48:50.986+0700][gc,heap     ] GC(663) Humongous regions: 129->129
[2024-12-17T18:48:50.986+0700][gc,metaspace] GC(663) Metaspace: 45756K(46400K)->45756K(46400K) NonClass: 40529K(40896K)->40529K(40896K) Class: 5227K(5504K)->5227K(5504K)
[2024-12-17T18:48:50.986+0700][gc          ] GC(663) Pause Young (Normal) (G1 Evacuation Pause) 493M->450M(1024M) 56.747ms
[2024-12-17T18:48:50.986+0700][gc,cpu      ] GC(663) User=0.10s Sys=0.00s Real=0.06s
[2024-12-17T18:51:59.592+0700][gc,start    ] GC(664) Pause Young (Normal) (G1 Evacuation Pause)
[2024-12-17T18:51:59.592+0700][gc,task     ] GC(664) Using 2 workers of 2 for evacuation
[2024-12-17T18:51:59.639+0700][gc,mmu      ] GC(664) MMU target violated: 21.0ms (20.0ms/21.0ms)
[2024-12-17T18:51:59.639+0700][gc,phases   ] GC(664)   Pre Evacuate Collection Set: 2.5ms
[2024-12-17T18:51:59.639+0700][gc,phases   ] GC(664)   Merge Heap Roots: 0.8ms
[2024-12-17T18:51:59.639+0700][gc,phases   ] GC(664)   Evacuate Collection Set: 40.5ms
[2024-12-17T18:51:59.639+0700][gc,phases   ] GC(664)   Post Evacuate Collection Set: 2.4ms
[2024-12-17T18:51:59.639+0700][gc,phases   ] GC(664)   Other: 1.1ms
[2024-12-17T18:51:59.639+0700][gc,heap     ] GC(664) Eden regions: 46->0(46)
[2024-12-17T18:51:59.639+0700][gc,heap     ] GC(664) Survivor regions: 5->5(7)
[2024-12-17T18:51:59.639+0700][gc,heap     ] GC(664) Old regions: 317->319
[2024-12-17T18:51:59.639+0700][gc,heap     ] GC(664) Archive regions: 2->2
[2024-12-17T18:51:59.639+0700][gc,heap     ] GC(664) Humongous regions: 129->129
[2024-12-17T18:51:59.639+0700][gc,metaspace] GC(664) Metaspace: 45756K(46400K)->45756K(46400K) NonClass: 40529K(40896K)->40529K(40896K) Class: 5227K(5504K)->5227K(5504K)
[2024-12-17T18:51:59.639+0700][gc          ] GC(664) Pause Young (Normal) (G1 Evacuation Pause) 496M->453M(1024M) 47.243ms
[2024-12-17T18:51:59.640+0700][gc,cpu      ] GC(664) User=0.09s Sys=0.00s Real=0.05s
[2024-12-17T18:55:09.220+0700][gc,start    ] GC(665) Pause Young (Normal) (G1 Evacuation Pause)
[2024-12-17T18:55:09.220+0700][gc,task     ] GC(665) Using 2 workers of 2 for evacuation
[2024-12-17T18:55:09.263+0700][gc,mmu      ] GC(665) MMU target violated: 21.0ms (20.0ms/21.0ms)
[2024-12-17T18:55:09.263+0700][gc,phases   ] GC(665)   Pre Evacuate Collection Set: 11.3ms
[2024-12-17T18:55:09.263+0700][gc,phases   ] GC(665)   Merge Heap Roots: 0.8ms
[2024-12-17T18:55:09.263+0700][gc,phases   ] GC(665)   Evacuate Collection Set: 27.6ms
[2024-12-17T18:55:09.263+0700][gc,phases   ] GC(665)   Post Evacuate Collection Set: 2.9ms
[2024-12-17T18:55:09.263+0700][gc,phases   ] GC(665)   Other: 1.0ms
[2024-12-17T18:55:09.263+0700][gc,heap     ] GC(665) Eden regions: 46->0(48)
[2024-12-17T18:55:09.263+0700][gc,heap     ] GC(665) Survivor regions: 5->3(7)
[2024-12-17T18:55:09.263+0700][gc,heap     ] GC(665) Old regions: 319->321
[2024-12-17T18:55:09.263+0700][gc,heap     ] GC(665) Archive regions: 2->2
[2024-12-17T18:55:09.263+0700][gc,heap     ] GC(665) Humongous regions: 129->129
[2024-12-17T18:55:09.263+0700][gc,metaspace] GC(665) Metaspace: 45756K(46400K)->45756K(46400K) NonClass: 40529K(40896K)->40529K(40896K) Class: 5227K(5504K)->5227K(5504K)
[2024-12-17T18:55:09.263+0700][gc          ] GC(665) Pause Young (Normal) (G1 Evacuation Pause) 499M->452M(1024M) 43.681ms
[2024-12-17T18:55:09.263+0700][gc,cpu      ] GC(665) User=0.07s Sys=0.01s Real=0.04s
[2024-12-17T18:58:25.962+0700][gc,start    ] GC(666) Pause Young (Normal) (G1 Evacuation Pause)
[2024-12-17T18:58:25.962+0700][gc,task     ] GC(666) Using 2 workers of 2 for evacuation
[2024-12-17T18:58:25.997+0700][gc,mmu      ] GC(666) MMU target violated: 21.0ms (20.0ms/21.0ms)
[2024-12-17T18:58:25.997+0700][gc,phases   ] GC(666)   Pre Evacuate Collection Set: 2.7ms
[2024-12-17T18:58:25.997+0700][gc,phases   ] GC(666)   Merge Heap Roots: 0.9ms
[2024-12-17T18:58:25.997+0700][gc,phases   ] GC(666)   Evacuate Collection Set: 28.2ms
[2024-12-17T18:58:25.997+0700][gc,phases   ] GC(666)   Post Evacuate Collection Set: 3.0ms
[2024-12-17T18:58:25.997+0700][gc,phases   ] GC(666)   Other: 1.2ms
[2024-12-17T18:58:25.997+0700][gc,heap     ] GC(666) Eden regions: 48->0(46)
[2024-12-17T18:58:25.997+0700][gc,heap     ] GC(666) Survivor regions: 3->5(7)
[2024-12-17T18:58:25.997+0700][gc,heap     ] GC(666) Old regions: 321->321
[2024-12-17T18:58:25.997+0700][gc,heap     ] GC(666) Archive regions: 2->2
[2024-12-17T18:58:25.997+0700][gc,heap     ] GC(666) Humongous regions: 129->129
[2024-12-17T18:58:25.997+0700][gc,metaspace] GC(666) Metaspace: 45756K(46400K)->45756K(46400K) NonClass: 40529K(40896K)->40529K(40896K) Class: 5227K(5504K)->5227K(5504K)
[2024-12-17T18:58:25.997+0700][gc          ] GC(666) Pause Young (Normal) (G1 Evacuation Pause) 500M->454M(1024M) 35.859ms
[2024-12-17T18:58:25.998+0700][gc,cpu      ] GC(666) User=0.07s Sys=0.00s Real=0.04s
[2024-12-17T19:01:35.547+0700][gc,start    ] GC(667) Pause Young (Normal) (G1 Evacuation Pause)
[2024-12-17T19:01:35.547+0700][gc,task     ] GC(667) Using 2 workers of 2 for evacuation
[2024-12-17T19:01:35.589+0700][gc,mmu      ] GC(667) MMU target violated: 21.0ms (20.0ms/21.0ms)
[2024-12-17T19:01:35.590+0700][gc,phases   ] GC(667)   Pre Evacuate Collection Set: 2.9ms
[2024-12-17T19:01:35.590+0700][gc,phases   ] GC(667)   Merge Heap Roots: 0.6ms
[2024-12-17T19:01:35.590+0700][gc,phases   ] GC(667)   Evacuate Collection Set: 36.3ms
[2024-12-17T19:01:35.590+0700][gc,phases   ] GC(667)   Post Evacuate Collection Set: 2.3ms
[2024-12-17T19:01:35.590+0700][gc,phases   ] GC(667)   Other: 1.2ms
[2024-12-17T19:01:35.590+0700][gc,heap     ] GC(667) Eden regions: 46->0(46)
[2024-12-17T19:01:35.590+0700][gc,heap     ] GC(667) Survivor regions: 5->5(7)
[2024-12-17T19:01:35.590+0700][gc,heap     ] GC(667) Old regions: 321->322
[2024-12-17T19:01:35.590+0700][gc,heap     ] GC(667) Archive regions: 2->2
[2024-12-17T19:01:35.590+0700][gc,heap     ] GC(667) Humongous regions: 129->129
[2024-12-17T19:01:35.590+0700][gc,metaspace] GC(667) Metaspace: 45756K(46400K)->45756K(46400K) NonClass: 40529K(40896K)->40529K(40896K) Class: 5227K(5504K)->5227K(5504K)
[2024-12-17T19:01:35.590+0700][gc          ] GC(667) Pause Young (Normal) (G1 Evacuation Pause) 500M->456M(1024M) 43.368ms
[2024-12-17T19:01:35.590+0700][gc,cpu      ] GC(667) User=0.08s Sys=0.00s Real=0.04s
[2024-12-17T19:04:45.713+0700][gc,start    ] GC(668) Pause Young (Normal) (G1 Evacuation Pause)
[2024-12-17T19:04:45.713+0700][gc,task     ] GC(668) Using 2 workers of 2 for evacuation
[2024-12-17T19:04:45.769+0700][gc,mmu      ] GC(668) MMU target violated: 21.0ms (20.0ms/21.0ms)
[2024-12-17T19:04:45.769+0700][gc,phases   ] GC(668)   Pre Evacuate Collection Set: 4.0ms
[2024-12-17T19:04:45.769+0700][gc,phases   ] GC(668)   Merge Heap Roots: 0.8ms
[2024-12-17T19:04:45.769+0700][gc,phases   ] GC(668)   Evacuate Collection Set: 46.2ms
[2024-12-17T19:04:45.769+0700][gc,phases   ] GC(668)   Post Evacuate Collection Set: 3.8ms
[2024-12-17T19:04:45.769+0700][gc,phases   ] GC(668)   Other: 1.2ms
[2024-12-17T19:04:45.769+0700][gc,heap     ] GC(668) Eden regions: 46->0(45)
[2024-12-17T19:04:45.769+0700][gc,heap     ] GC(668) Survivor regions: 5->6(7)
[2024-12-17T19:04:45.769+0700][gc,heap     ] GC(668) Old regions: 322->324
[2024-12-17T19:04:45.769+0700][gc,heap     ] GC(668) Archive regions: 2->2
[2024-12-17T19:04:45.769+0700][gc,heap     ] GC(668) Humongous regions: 129->129
[2024-12-17T19:04:45.769+0700][gc,metaspace] GC(668) Metaspace: 45756K(46400K)->45756K(46400K) NonClass: 40529K(40896K)->40529K(40896K) Class: 5227K(5504K)->5227K(5504K)
[2024-12-17T19:04:45.769+0700][gc          ] GC(668) Pause Young (Normal) (G1 Evacuation Pause) 502M->459M(1024M) 55.914ms
[2024-12-17T19:04:45.769+0700][gc,cpu      ] GC(668) User=0.10s Sys=0.00s Real=0.06s
[2024-12-17T19:07:50.889+0700][gc,start    ] GC(669) Pause Young (Normal) (G1 Evacuation Pause)
[2024-12-17T19:07:50.890+0700][gc,task     ] GC(669) Using 2 workers of 2 for evacuation
[2024-12-17T19:07:50.950+0700][gc,mmu      ] GC(669) MMU target violated: 21.0ms (20.0ms/21.0ms)
[2024-12-17T19:07:50.951+0700][gc,phases   ] GC(669)   Pre Evacuate Collection Set: 2.8ms
[2024-12-17T19:07:50.951+0700][gc,phases   ] GC(669)   Merge Heap Roots: 0.8ms
[2024-12-17T19:07:50.951+0700][gc,phases   ] GC(669)   Evacuate Collection Set: 53.7ms
[2024-12-17T19:07:50.951+0700][gc,phases   ] GC(669)   Post Evacuate Collection Set: 3.2ms
[2024-12-17T19:07:50.951+0700][gc,phases   ] GC(669)   Other: 0.7ms
[2024-12-17T19:07:50.951+0700][gc,heap     ] GC(669) Eden regions: 45->0(45)
[2024-12-17T19:07:50.951+0700][gc,heap     ] GC(669) Survivor regions: 6->6(7)
[2024-12-17T19:07:50.951+0700][gc,heap     ] GC(669) Old regions: 324->326
[2024-12-17T19:07:50.951+0700][gc,heap     ] GC(669) Archive regions: 2->2
[2024-12-17T19:07:50.951+0700][gc,heap     ] GC(669) Humongous regions: 129->129
[2024-12-17T19:07:50.951+0700][gc,metaspace] GC(669) Metaspace: 45756K(46400K)->45756K(46400K) NonClass: 40529K(40896K)->40529K(40896K) Class: 5227K(5504K)->5227K(5504K)
[2024-12-17T19:07:50.951+0700][gc          ] GC(669) Pause Young (Normal) (G1 Evacuation Pause) 504M->461M(1024M) 61.340ms
[2024-12-17T19:07:50.951+0700][gc,cpu      ] GC(669) User=0.11s Sys=0.00s Real=0.06s
[2024-12-17T19:10:54.767+0700][gc,start    ] GC(670) Pause Young (Normal) (G1 Evacuation Pause)
[2024-12-17T19:10:54.767+0700][gc,task     ] GC(670) Using 2 workers of 2 for evacuation
[2024-12-17T19:10:54.817+0700][gc,mmu      ] GC(670) MMU target violated: 21.0ms (20.0ms/21.0ms)
[2024-12-17T19:10:54.818+0700][gc,phases   ] GC(670)   Pre Evacuate Collection Set: 4.3ms
[2024-12-17T19:10:54.818+0700][gc,phases   ] GC(670)   Merge Heap Roots: 0.9ms
[2024-12-17T19:10:54.818+0700][gc,phases   ] GC(670)   Evacuate Collection Set: 42.3ms
[2024-12-17T19:10:54.818+0700][gc,phases   ] GC(670)   Post Evacuate Collection Set: 2.1ms
[2024-12-17T19:10:54.818+0700][gc,phases   ] GC(670)   Other: 1.1ms
[2024-12-17T19:10:54.818+0700][gc,heap     ] GC(670) Eden regions: 45->0(46)
[2024-12-17T19:10:54.818+0700][gc,heap     ] GC(670) Survivor regions: 6->5(7)
[2024-12-17T19:10:54.818+0700][gc,heap     ] GC(670) Old regions: 326->330
[2024-12-17T19:10:54.818+0700][gc,heap     ] GC(670) Archive regions: 2->2
[2024-12-17T19:10:54.818+0700][gc,heap     ] GC(670) Humongous regions: 129->129
[2024-12-17T19:10:54.818+0700][gc,metaspace] GC(670) Metaspace: 45756K(46400K)->45756K(46400K) NonClass: 40529K(40896K)->40529K(40896K) Class: 5227K(5504K)->5227K(5504K)
[2024-12-17T19:10:54.818+0700][gc          ] GC(670) Pause Young (Normal) (G1 Evacuation Pause) 506M->464M(1024M) 50.754ms
[2024-12-17T19:10:54.818+0700][gc,cpu      ] GC(670) User=0.09s Sys=0.00s Real=0.05s
[2024-12-17T19:13:53.323+0700][gc,start    ] GC(671) Pause Young (Normal) (G1 Evacuation Pause)
[2024-12-17T19:13:53.324+0700][gc,task     ] GC(671) Using 2 workers of 2 for evacuation
[2024-12-17T19:13:53.377+0700][gc,mmu      ] GC(671) MMU target violated: 21.0ms (20.0ms/21.0ms)
[2024-12-17T19:13:53.378+0700][gc,phases   ] GC(671)   Pre Evacuate Collection Set: 3.3ms
[2024-12-17T19:13:53.378+0700][gc,phases   ] GC(671)   Merge Heap Roots: 1.3ms
[2024-12-17T19:13:53.378+0700][gc,phases   ] GC(671)   Evacuate Collection Set: 45.4ms
[2024-12-17T19:13:53.378+0700][gc,phases   ] GC(671)   Post Evacuate Collection Set: 3.3ms
[2024-12-17T19:13:53.378+0700][gc,phases   ] GC(671)   Other: 1.3ms
[2024-12-17T19:13:53.378+0700][gc,heap     ] GC(671) Eden regions: 46->0(46)
[2024-12-17T19:13:53.378+0700][gc,heap     ] GC(671) Survivor regions: 5->5(7)
[2024-12-17T19:13:53.378+0700][gc,heap     ] GC(671) Old regions: 330->332
[2024-12-17T19:13:53.378+0700][gc,heap     ] GC(671) Archive regions: 2->2
[2024-12-17T19:13:53.378+0700][gc,heap     ] GC(671) Humongous regions: 129->129
[2024-12-17T19:13:53.378+0700][gc,metaspace] GC(671) Metaspace: 45756K(46400K)->45756K(46400K) NonClass: 40529K(40896K)->40529K(40896K) Class: 5227K(5504K)->5227K(5504K)
[2024-12-17T19:13:53.378+0700][gc          ] GC(671) Pause Young (Normal) (G1 Evacuation Pause) 510M->466M(1024M) 54.469ms
[2024-12-17T19:13:53.378+0700][gc,cpu      ] GC(671) User=0.11s Sys=0.00s Real=0.06s
[2024-12-17T19:16:57.844+0700][gc,start    ] GC(672) Pause Young (Normal) (G1 Evacuation Pause)
[2024-12-17T19:16:57.844+0700][gc,task     ] GC(672) Using 2 workers of 2 for evacuation
[2024-12-17T19:16:57.900+0700][gc,mmu      ] GC(672) MMU target violated: 21.0ms (20.0ms/21.0ms)
[2024-12-17T19:16:57.900+0700][gc,phases   ] GC(672)   Pre Evacuate Collection Set: 2.8ms
[2024-12-17T19:16:57.900+0700][gc,phases   ] GC(672)   Merge Heap Roots: 0.8ms
[2024-12-17T19:16:57.900+0700][gc,phases   ] GC(672)   Evacuate Collection Set: 48.1ms
[2024-12-17T19:16:57.900+0700][gc,phases   ] GC(672)   Post Evacuate Collection Set: 3.7ms
[2024-12-17T19:16:57.900+0700][gc,phases   ] GC(672)   Other: 1.4ms
[2024-12-17T19:16:57.900+0700][gc,heap     ] GC(672) Eden regions: 46->0(46)
[2024-12-17T19:16:57.900+0700][gc,heap     ] GC(672) Survivor regions: 5->5(7)
[2024-12-17T19:16:57.900+0700][gc,heap     ] GC(672) Old regions: 332->333
[2024-12-17T19:16:57.900+0700][gc,heap     ] GC(672) Archive regions: 2->2
[2024-12-17T19:16:57.900+0700][gc,heap     ] GC(672) Humongous regions: 129->129
[2024-12-17T19:16:57.900+0700][gc,metaspace] GC(672) Metaspace: 45756K(46400K)->45756K(46400K) NonClass: 40529K(40896K)->40529K(40896K) Class: 5227K(5504K)->5227K(5504K)
[2024-12-17T19:16:57.901+0700][gc          ] GC(672) Pause Young (Normal) (G1 Evacuation Pause) 512M->467M(1024M) 56.793ms
[2024-12-17T19:16:57.901+0700][gc,cpu      ] GC(672) User=0.11s Sys=0.00s Real=0.06s
[2024-12-17T19:20:08.077+0700][gc,start    ] GC(673) Pause Young (Normal) (G1 Evacuation Pause)
[2024-12-17T19:20:08.078+0700][gc,task     ] GC(673) Using 2 workers of 2 for evacuation
[2024-12-17T19:20:08.111+0700][gc,mmu      ] GC(673) MMU target violated: 21.0ms (20.0ms/21.0ms)
[2024-12-17T19:20:08.111+0700][gc,phases   ] GC(673)   Pre Evacuate Collection Set: 3.0ms
[2024-12-17T19:20:08.111+0700][gc,phases   ] GC(673)   Merge Heap Roots: 0.9ms
[2024-12-17T19:20:08.111+0700][gc,phases   ] GC(673)   Evacuate Collection Set: 25.3ms
[2024-12-17T19:20:08.111+0700][gc,phases   ] GC(673)   Post Evacuate Collection Set: 2.9ms
[2024-12-17T19:20:08.111+0700][gc,phases   ] GC(673)   Other: 1.7ms
[2024-12-17T19:20:08.111+0700][gc,heap     ] GC(673) Eden regions: 46->0(48)
[2024-12-17T19:20:08.111+0700][gc,heap     ] GC(673) Survivor regions: 5->3(7)
[2024-12-17T19:20:08.111+0700][gc,heap     ] GC(673) Old regions: 333->335
[2024-12-17T19:20:08.111+0700][gc,heap     ] GC(673) Archive regions: 2->2
[2024-12-17T19:20:08.111+0700][gc,heap     ] GC(673) Humongous regions: 129->129
[2024-12-17T19:20:08.111+0700][gc,metaspace] GC(673) Metaspace: 45756K(46400K)->45756K(46400K) NonClass: 40529K(40896K)->40529K(40896K) Class: 5227K(5504K)->5227K(5504K)
[2024-12-17T19:20:08.111+0700][gc          ] GC(673) Pause Young (Normal) (G1 Evacuation Pause) 513M->467M(1024M) 33.841ms
[2024-12-17T19:20:08.111+0700][gc,cpu      ] GC(673) User=0.06s Sys=0.00s Real=0.03s
[2024-12-17T19:23:25.234+0700][gc,start    ] GC(674) Pause Young (Normal) (G1 Evacuation Pause)
[2024-12-17T19:23:25.235+0700][gc,task     ] GC(674) Using 2 workers of 2 for evacuation
[2024-12-17T19:23:25.271+0700][gc,mmu      ] GC(674) MMU target violated: 21.0ms (20.0ms/21.0ms)
[2024-12-17T19:23:25.271+0700][gc,phases   ] GC(674)   Pre Evacuate Collection Set: 2.7ms
[2024-12-17T19:23:25.271+0700][gc,phases   ] GC(674)   Merge Heap Roots: 0.5ms
[2024-12-17T19:23:25.271+0700][gc,phases   ] GC(674)   Evacuate Collection Set: 30.4ms
[2024-12-17T19:23:25.271+0700][gc,phases   ] GC(674)   Post Evacuate Collection Set: 2.3ms
[2024-12-17T19:23:25.271+0700][gc,phases   ] GC(674)   Other: 1.0ms
[2024-12-17T19:23:25.271+0700][gc,heap     ] GC(674) Eden regions: 48->0(46)
[2024-12-17T19:23:25.271+0700][gc,heap     ] GC(674) Survivor regions: 3->5(7)
[2024-12-17T19:23:25.271+0700][gc,heap     ] GC(674) Old regions: 335->335
[2024-12-17T19:23:25.271+0700][gc,heap     ] GC(674) Archive regions: 2->2
[2024-12-17T19:23:25.271+0700][gc,heap     ] GC(674) Humongous regions: 129->129
[2024-12-17T19:23:25.271+0700][gc,metaspace] GC(674) Metaspace: 45756K(46400K)->45756K(46400K) NonClass: 40529K(40896K)->40529K(40896K) Class: 5227K(5504K)->5227K(5504K)
[2024-12-17T19:23:25.272+0700][gc          ] GC(674) Pause Young (Normal) (G1 Evacuation Pause) 515M->469M(1024M) 37.129ms
[2024-12-17T19:23:25.272+0700][gc,cpu      ] GC(674) User=0.07s Sys=0.00s Real=0.04s
[2024-12-17T19:26:34.925+0700][gc,start    ] GC(675) Pause Young (Normal) (G1 Evacuation Pause)
[2024-12-17T19:26:34.925+0700][gc,task     ] GC(675) Using 2 workers of 2 for evacuation
[2024-12-17T19:26:34.975+0700][gc,mmu      ] GC(675) MMU target violated: 21.0ms (20.0ms/21.0ms)
[2024-12-17T19:26:34.975+0700][gc,phases   ] GC(675)   Pre Evacuate Collection Set: 4.0ms
[2024-12-17T19:26:34.975+0700][gc,phases   ] GC(675)   Merge Heap Roots: 0.8ms
[2024-12-17T19:26:34.975+0700][gc,phases   ] GC(675)   Evacuate Collection Set: 42.7ms
[2024-12-17T19:26:34.975+0700][gc,phases   ] GC(675)   Post Evacuate Collection Set: 2.2ms
[2024-12-17T19:26:34.975+0700][gc,phases   ] GC(675)   Other: 0.9ms
[2024-12-17T19:26:34.975+0700][gc,heap     ] GC(675) Eden regions: 46->0(46)
[2024-12-17T19:26:34.975+0700][gc,heap     ] GC(675) Survivor regions: 5->5(7)
[2024-12-17T19:26:34.975+0700][gc,heap     ] GC(675) Old regions: 335->337
[2024-12-17T19:26:34.975+0700][gc,heap     ] GC(675) Archive regions: 2->2
[2024-12-17T19:26:34.975+0700][gc,heap     ] GC(675) Humongous regions: 129->129
[2024-12-17T19:26:34.975+0700][gc,metaspace] GC(675) Metaspace: 45756K(46400K)->45756K(46400K) NonClass: 40529K(40896K)->40529K(40896K) Class: 5227K(5504K)->5227K(5504K)
[2024-12-17T19:26:34.975+0700][gc          ] GC(675) Pause Young (Normal) (G1 Evacuation Pause) 515M->471M(1024M) 50.624ms
[2024-12-17T19:26:34.975+0700][gc,cpu      ] GC(675) User=0.10s Sys=0.00s Real=0.04s
[2024-12-17T19:29:44.630+0700][gc,start    ] GC(676) Pause Young (Normal) (G1 Evacuation Pause)
[2024-12-17T19:29:44.630+0700][gc,task     ] GC(676) Using 2 workers of 2 for evacuation
[2024-12-17T19:29:44.681+0700][gc,mmu      ] GC(676) MMU target violated: 21.0ms (20.0ms/21.0ms)
[2024-12-17T19:29:44.681+0700][gc,phases   ] GC(676)   Pre Evacuate Collection Set: 3.4ms
[2024-12-17T19:29:44.681+0700][gc,phases   ] GC(676)   Merge Heap Roots: 0.5ms
[2024-12-17T19:29:44.681+0700][gc,phases   ] GC(676)   Evacuate Collection Set: 44.2ms
[2024-12-17T19:29:44.681+0700][gc,phases   ] GC(676)   Post Evacuate Collection Set: 2.5ms
[2024-12-17T19:29:44.681+0700][gc,phases   ] GC(676)   Other: 1.1ms
[2024-12-17T19:29:44.681+0700][gc,heap     ] GC(676) Eden regions: 46->0(46)
[2024-12-17T19:29:44.682+0700][gc,heap     ] GC(676) Survivor regions: 5->5(7)
[2024-12-17T19:29:44.682+0700][gc,heap     ] GC(676) Old regions: 337->339
[2024-12-17T19:29:44.682+0700][gc,heap     ] GC(676) Archive regions: 2->2
[2024-12-17T19:29:44.682+0700][gc,heap     ] GC(676) Humongous regions: 129->129
[2024-12-17T19:29:44.682+0700][gc,metaspace] GC(676) Metaspace: 45756K(46400K)->45756K(46400K) NonClass: 40529K(40896K)->40529K(40896K) Class: 5227K(5504K)->5227K(5504K)
[2024-12-17T19:29:44.682+0700][gc          ] GC(676) Pause Young (Normal) (G1 Evacuation Pause) 517M->473M(1024M) 51.820ms
[2024-12-17T19:29:44.682+0700][gc,cpu      ] GC(676) User=0.10s Sys=0.00s Real=0.05s
[2024-12-17T19:32:54.292+0700][gc,start    ] GC(677) Pause Young (Normal) (G1 Evacuation Pause)
[2024-12-17T19:32:54.292+0700][gc,task     ] GC(677) Using 2 workers of 2 for evacuation
[2024-12-17T19:32:54.344+0700][gc,mmu      ] GC(677) MMU target violated: 21.0ms (20.0ms/21.0ms)
[2024-12-17T19:32:54.344+0700][gc,phases   ] GC(677)   Pre Evacuate Collection Set: 3.1ms
[2024-12-17T19:32:54.344+0700][gc,phases   ] GC(677)   Merge Heap Roots: 1.0ms
[2024-12-17T19:32:54.344+0700][gc,phases   ] GC(677)   Evacuate Collection Set: 44.9ms
[2024-12-17T19:32:54.344+0700][gc,phases   ] GC(677)   Post Evacuate Collection Set: 2.6ms
[2024-12-17T19:32:54.344+0700][gc,phases   ] GC(677)   Other: 1.4ms
[2024-12-17T19:32:54.344+0700][gc,heap     ] GC(677) Eden regions: 46->0(45)
[2024-12-17T19:32:54.344+0700][gc,heap     ] GC(677) Survivor regions: 5->6(7)
[2024-12-17T19:32:54.344+0700][gc,heap     ] GC(677) Old regions: 339->341
[2024-12-17T19:32:54.344+0700][gc,heap     ] GC(677) Archive regions: 2->2
[2024-12-17T19:32:54.344+0700][gc,heap     ] GC(677) Humongous regions: 129->129
[2024-12-17T19:32:54.345+0700][gc,metaspace] GC(677) Metaspace: 45756K(46400K)->45756K(46400K) NonClass: 40529K(40896K)->40529K(40896K) Class: 5227K(5504K)->5227K(5504K)
[2024-12-17T19:32:54.345+0700][gc          ] GC(677) Pause Young (Normal) (G1 Evacuation Pause) 519M->476M(1024M) 52.995ms
[2024-12-17T19:32:54.345+0700][gc,cpu      ] GC(677) User=0.10s Sys=0.00s Real=0.06s
[2024-12-17T19:35:58.919+0700][gc,start    ] GC(678) Pause Young (Normal) (G1 Evacuation Pause)
[2024-12-17T19:35:58.920+0700][gc,task     ] GC(678) Using 2 workers of 2 for evacuation
[2024-12-17T19:35:58.969+0700][gc,mmu      ] GC(678) MMU target violated: 21.0ms (20.0ms/21.0ms)
[2024-12-17T19:35:58.969+0700][gc,phases   ] GC(678)   Pre Evacuate Collection Set: 2.6ms
[2024-12-17T19:35:58.969+0700][gc,phases   ] GC(678)   Merge Heap Roots: 0.9ms
[2024-12-17T19:35:58.970+0700][gc,phases   ] GC(678)   Evacuate Collection Set: 43.5ms
[2024-12-17T19:35:58.970+0700][gc,phases   ] GC(678)   Post Evacuate Collection Set: 2.2ms
[2024-12-17T19:35:58.970+0700][gc,phases   ] GC(678)   Other: 1.0ms
[2024-12-17T19:35:58.970+0700][gc,heap     ] GC(678) Eden regions: 45->0(45)
[2024-12-17T19:35:58.970+0700][gc,heap     ] GC(678) Survivor regions: 6->6(7)
[2024-12-17T19:35:58.970+0700][gc,heap     ] GC(678) Old regions: 341->342
[2024-12-17T19:35:58.970+0700][gc,heap     ] GC(678) Archive regions: 2->2
[2024-12-17T19:35:58.970+0700][gc,heap     ] GC(678) Humongous regions: 129->129
[2024-12-17T19:35:58.970+0700][gc,metaspace] GC(678) Metaspace: 45757K(46400K)->45757K(46400K) NonClass: 40529K(40896K)->40529K(40896K) Class: 5227K(5504K)->5227K(5504K)
[2024-12-17T19:35:58.970+0700][gc          ] GC(678) Pause Young (Normal) (G1 Evacuation Pause) 521M->477M(1024M) 50.244ms
[2024-12-17T19:35:58.970+0700][gc,cpu      ] GC(678) User=0.10s Sys=0.00s Real=0.05s
[2024-12-17T19:39:05.117+0700][gc,start    ] GC(679) Pause Young (Normal) (G1 Evacuation Pause)
[2024-12-17T19:39:05.117+0700][gc,task     ] GC(679) Using 2 workers of 2 for evacuation
[2024-12-17T19:39:05.184+0700][gc,mmu      ] GC(679) MMU target violated: 21.0ms (20.0ms/21.0ms)
[2024-12-17T19:39:05.184+0700][gc,phases   ] GC(679)   Pre Evacuate Collection Set: 9.1ms
[2024-12-17T19:39:05.184+0700][gc,phases   ] GC(679)   Merge Heap Roots: 0.8ms
[2024-12-17T19:39:05.184+0700][gc,phases   ] GC(679)   Evacuate Collection Set: 52.4ms
[2024-12-17T19:39:05.184+0700][gc,phases   ] GC(679)   Post Evacuate Collection Set: 4.2ms
[2024-12-17T19:39:05.184+0700][gc,phases   ] GC(679)   Other: 1.4ms
[2024-12-17T19:39:05.185+0700][gc,heap     ] GC(679) Eden regions: 45->0(46)
[2024-12-17T19:39:05.185+0700][gc,heap     ] GC(679) Survivor regions: 6->5(7)
[2024-12-17T19:39:05.185+0700][gc,heap     ] GC(679) Old regions: 342->346
[2024-12-17T19:39:05.185+0700][gc,heap     ] GC(679) Archive regions: 2->2
[2024-12-17T19:39:05.185+0700][gc,heap     ] GC(679) Humongous regions: 129->129
[2024-12-17T19:39:05.185+0700][gc,metaspace] GC(679) Metaspace: 45757K(46400K)->45757K(46400K) NonClass: 40529K(40896K)->40529K(40896K) Class: 5227K(5504K)->5227K(5504K)
[2024-12-17T19:39:05.185+0700][gc          ] GC(679) Pause Young (Normal) (G1 Evacuation Pause) 522M->479M(1024M) 67.849ms
[2024-12-17T19:39:05.185+0700][gc,cpu      ] GC(679) User=0.12s Sys=0.00s Real=0.07s
[2024-12-17T19:42:14.170+0700][gc,start    ] GC(680) Pause Young (Normal) (G1 Evacuation Pause)
[2024-12-17T19:42:14.170+0700][gc,task     ] GC(680) Using 2 workers of 2 for evacuation
[2024-12-17T19:42:14.220+0700][gc,mmu      ] GC(680) MMU target violated: 21.0ms (20.0ms/21.0ms)
[2024-12-17T19:42:14.220+0700][gc,phases   ] GC(680)   Pre Evacuate Collection Set: 3.6ms
[2024-12-17T19:42:14.220+0700][gc,phases   ] GC(680)   Merge Heap Roots: 0.6ms
[2024-12-17T19:42:14.220+0700][gc,phases   ] GC(680)   Evacuate Collection Set: 42.7ms
[2024-12-17T19:42:14.220+0700][gc,phases   ] GC(680)   Post Evacuate Collection Set: 2.8ms
[2024-12-17T19:42:14.220+0700][gc,phases   ] GC(680)   Other: 1.2ms
[2024-12-17T19:42:14.220+0700][gc,heap     ] GC(680) Eden regions: 46->0(46)
[2024-12-17T19:42:14.220+0700][gc,heap     ] GC(680) Survivor regions: 5->5(7)
[2024-12-17T19:42:14.220+0700][gc,heap     ] GC(680) Old regions: 346->348
[2024-12-17T19:42:14.220+0700][gc,heap     ] GC(680) Archive regions: 2->2
[2024-12-17T19:42:14.220+0700][gc,heap     ] GC(680) Humongous regions: 129->129
[2024-12-17T19:42:14.221+0700][gc,metaspace] GC(680) Metaspace: 45757K(46400K)->45757K(46400K) NonClass: 40529K(40896K)->40529K(40896K) Class: 5227K(5504K)->5227K(5504K)
[2024-12-17T19:42:14.221+0700][gc          ] GC(680) Pause Young (Normal) (G1 Evacuation Pause) 525M->482M(1024M) 50.965ms
[2024-12-17T19:42:14.221+0700][gc,cpu      ] GC(680) User=0.09s Sys=0.00s Real=0.05s
[2024-12-17T19:44:19.488+0700][gc,start    ] GC(681) Pause Young (Normal) (G1 Evacuation Pause)
[2024-12-17T19:44:19.489+0700][gc,task     ] GC(681) Using 2 workers of 2 for evacuation
[2024-12-17T19:44:19.532+0700][gc,mmu      ] GC(681) MMU target violated: 21.0ms (20.0ms/21.0ms)
[2024-12-17T19:44:19.532+0700][gc,phases   ] GC(681)   Pre Evacuate Collection Set: 2.2ms
[2024-12-17T19:44:19.532+0700][gc,phases   ] GC(681)   Merge Heap Roots: 0.5ms
[2024-12-17T19:44:19.532+0700][gc,phases   ] GC(681)   Evacuate Collection Set: 38.5ms
[2024-12-17T19:44:19.532+0700][gc,phases   ] GC(681)   Post Evacuate Collection Set: 1.8ms
[2024-12-17T19:44:19.532+0700][gc,phases   ] GC(681)   Other: 0.9ms
[2024-12-17T19:44:19.532+0700][gc,heap     ] GC(681) Eden regions: 46->0(45)
[2024-12-17T19:44:19.532+0700][gc,heap     ] GC(681) Survivor regions: 5->6(7)
[2024-12-17T19:44:19.532+0700][gc,heap     ] GC(681) Old regions: 348->350
[2024-12-17T19:44:19.532+0700][gc,heap     ] GC(681) Archive regions: 2->2
[2024-12-17T19:44:19.532+0700][gc,heap     ] GC(681) Humongous regions: 129->129
[2024-12-17T19:44:19.532+0700][gc,metaspace] GC(681) Metaspace: 45869K(46464K)->45869K(46464K) NonClass: 40623K(40960K)->40623K(40960K) Class: 5245K(5504K)->5245K(5504K)
[2024-12-17T19:44:19.532+0700][gc          ] GC(681) Pause Young (Normal) (G1 Evacuation Pause) 528M->484M(1024M) 44.070ms
[2024-12-17T19:44:19.532+0700][gc,cpu      ] GC(681) User=0.08s Sys=0.00s Real=0.04s
[2024-12-17T19:46:03.847+0700][gc,start    ] GC(682) Pause Young (Normal) (G1 Evacuation Pause)
[2024-12-17T19:46:03.847+0700][gc,task     ] GC(682) Using 2 workers of 2 for evacuation
[2024-12-17T19:46:03.887+0700][gc,mmu      ] GC(682) MMU target violated: 21.0ms (20.0ms/21.0ms)
[2024-12-17T19:46:03.887+0700][gc,phases   ] GC(682)   Pre Evacuate Collection Set: 0.7ms
[2024-12-17T19:46:03.887+0700][gc,phases   ] GC(682)   Merge Heap Roots: 1.9ms
[2024-12-17T19:46:03.887+0700][gc,phases   ] GC(682)   Evacuate Collection Set: 35.4ms
[2024-12-17T19:46:03.887+0700][gc,phases   ] GC(682)   Post Evacuate Collection Set: 1.7ms
[2024-12-17T19:46:03.888+0700][gc,phases   ] GC(682)   Other: 0.6ms
[2024-12-17T19:46:03.888+0700][gc,heap     ] GC(682) Eden regions: 45->0(48)
[2024-12-17T19:46:03.888+0700][gc,heap     ] GC(682) Survivor regions: 6->3(7)
[2024-12-17T19:46:03.888+0700][gc,heap     ] GC(682) Old regions: 350->352
[2024-12-17T19:46:03.888+0700][gc,heap     ] GC(682) Archive regions: 2->2
[2024-12-17T19:46:03.888+0700][gc,heap     ] GC(682) Humongous regions: 129->129
[2024-12-17T19:46:03.888+0700][gc,metaspace] GC(682) Metaspace: 45869K(46464K)->45869K(46464K) NonClass: 40623K(40960K)->40623K(40960K) Class: 5245K(5504K)->5245K(5504K)
[2024-12-17T19:46:03.888+0700][gc          ] GC(682) Pause Young (Normal) (G1 Evacuation Pause) 529M->484M(1024M) 40.276ms
[2024-12-17T19:46:03.888+0700][gc,cpu      ] GC(682) User=0.07s Sys=0.00s Real=0.04s
[2024-12-17T19:47:54.871+0700][gc,start    ] GC(683) Pause Young (Normal) (G1 Evacuation Pause)
[2024-12-17T19:47:54.871+0700][gc,task     ] GC(683) Using 2 workers of 2 for evacuation
[2024-12-17T19:47:54.909+0700][gc,mmu      ] GC(683) MMU target violated: 21.0ms (20.0ms/21.0ms)
[2024-12-17T19:47:54.909+0700][gc,phases   ] GC(683)   Pre Evacuate Collection Set: 0.8ms
[2024-12-17T19:47:54.909+0700][gc,phases   ] GC(683)   Merge Heap Roots: 0.5ms
[2024-12-17T19:47:54.909+0700][gc,phases   ] GC(683)   Evacuate Collection Set: 33.7ms
[2024-12-17T19:47:54.909+0700][gc,phases   ] GC(683)   Post Evacuate Collection Set: 2.6ms
[2024-12-17T19:47:54.909+0700][gc,phases   ] GC(683)   Other: 0.5ms
[2024-12-17T19:47:54.909+0700][gc,heap     ] GC(683) Eden regions: 48->0(45)
[2024-12-17T19:47:54.909+0700][gc,heap     ] GC(683) Survivor regions: 3->6(7)
[2024-12-17T19:47:54.909+0700][gc,heap     ] GC(683) Old regions: 352->352
[2024-12-17T19:47:54.909+0700][gc,heap     ] GC(683) Archive regions: 2->2
[2024-12-17T19:47:54.909+0700][gc,heap     ] GC(683) Humongous regions: 129->129
[2024-12-17T19:47:54.910+0700][gc,metaspace] GC(683) Metaspace: 45869K(46464K)->45869K(46464K) NonClass: 40623K(40960K)->40623K(40960K) Class: 5245K(5504K)->5245K(5504K)
[2024-12-17T19:47:54.910+0700][gc          ] GC(683) Pause Young (Normal) (G1 Evacuation Pause) 532M->487M(1024M) 38.152ms
[2024-12-17T19:47:54.910+0700][gc,cpu      ] GC(683) User=0.08s Sys=0.00s Real=0.04s
[2024-12-17T19:49:39.247+0700][gc,start    ] GC(684) Pause Young (Normal) (G1 Evacuation Pause)
[2024-12-17T19:49:39.247+0700][gc,task     ] GC(684) Using 2 workers of 2 for evacuation
[2024-12-17T19:49:39.296+0700][gc,mmu      ] GC(684) MMU target violated: 21.0ms (20.0ms/21.0ms)
[2024-12-17T19:49:39.296+0700][gc,phases   ] GC(684)   Pre Evacuate Collection Set: 2.5ms
[2024-12-17T19:49:39.296+0700][gc,phases   ] GC(684)   Merge Heap Roots: 0.6ms
[2024-12-17T19:49:39.296+0700][gc,phases   ] GC(684)   Evacuate Collection Set: 42.9ms
[2024-12-17T19:49:39.296+0700][gc,phases   ] GC(684)   Post Evacuate Collection Set: 2.0ms
[2024-12-17T19:49:39.296+0700][gc,phases   ] GC(684)   Other: 1.6ms
[2024-12-17T19:49:39.296+0700][gc,heap     ] GC(684) Eden regions: 45->0(46)
[2024-12-17T19:49:39.297+0700][gc,heap     ] GC(684) Survivor regions: 6->5(7)
[2024-12-17T19:49:39.297+0700][gc,heap     ] GC(684) Old regions: 352->356
[2024-12-17T19:49:39.297+0700][gc,heap     ] GC(684) Archive regions: 2->2
[2024-12-17T19:49:39.297+0700][gc,heap     ] GC(684) Humongous regions: 129->129
[2024-12-17T19:49:39.297+0700][gc,metaspace] GC(684) Metaspace: 45869K(46464K)->45869K(46464K) NonClass: 40623K(40960K)->40623K(40960K) Class: 5245K(5504K)->5245K(5504K)
[2024-12-17T19:49:39.297+0700][gc          ] GC(684) Pause Young (Normal) (G1 Evacuation Pause) 532M->490M(1024M) 49.576ms
[2024-12-17T19:49:39.297+0700][gc,cpu      ] GC(684) User=0.09s Sys=0.00s Real=0.05s
[2024-12-17T19:51:25.167+0700][gc,start    ] GC(685) Pause Young (Normal) (G1 Evacuation Pause)
[2024-12-17T19:51:25.167+0700][gc,task     ] GC(685) Using 2 workers of 2 for evacuation
[2024-12-17T19:51:25.203+0700][gc,mmu      ] GC(685) MMU target violated: 21.0ms (20.0ms/21.0ms)
[2024-12-17T19:51:25.204+0700][gc,phases   ] GC(685)   Pre Evacuate Collection Set: 2.0ms
[2024-12-17T19:51:25.204+0700][gc,phases   ] GC(685)   Merge Heap Roots: 0.4ms
[2024-12-17T19:51:25.204+0700][gc,phases   ] GC(685)   Evacuate Collection Set: 30.6ms
[2024-12-17T19:51:25.204+0700][gc,phases   ] GC(685)   Post Evacuate Collection Set: 2.8ms
[2024-12-17T19:51:25.204+0700][gc,phases   ] GC(685)   Other: 1.0ms
[2024-12-17T19:51:25.204+0700][gc,heap     ] GC(685) Eden regions: 46->0(48)
[2024-12-17T19:51:25.204+0700][gc,heap     ] GC(685) Survivor regions: 5->3(7)
[2024-12-17T19:51:25.204+0700][gc,heap     ] GC(685) Old regions: 356->358
[2024-12-17T19:51:25.204+0700][gc,heap     ] GC(685) Archive regions: 2->2
[2024-12-17T19:51:25.204+0700][gc,heap     ] GC(685) Humongous regions: 129->129
[2024-12-17T19:51:25.204+0700][gc,metaspace] GC(685) Metaspace: 45869K(46464K)->45869K(46464K) NonClass: 40623K(40960K)->40623K(40960K) Class: 5245K(5504K)->5245K(5504K)
[2024-12-17T19:51:25.204+0700][gc          ] GC(685) Pause Young (Normal) (G1 Evacuation Pause) 536M->490M(1024M) 37.089ms
[2024-12-17T19:51:25.204+0700][gc,cpu      ] GC(685) User=0.07s Sys=0.00s Real=0.04s
[2024-12-17T19:53:16.612+0700][gc,start    ] GC(686) Pause Young (Normal) (G1 Evacuation Pause)
[2024-12-17T19:53:16.612+0700][gc,task     ] GC(686) Using 2 workers of 2 for evacuation
[2024-12-17T19:53:16.648+0700][gc,mmu      ] GC(686) MMU target violated: 21.0ms (20.0ms/21.0ms)
[2024-12-17T19:53:16.648+0700][gc,phases   ] GC(686)   Pre Evacuate Collection Set: 1.6ms
[2024-12-17T19:53:16.648+0700][gc,phases   ] GC(686)   Merge Heap Roots: 0.4ms
[2024-12-17T19:53:16.648+0700][gc,phases   ] GC(686)   Evacuate Collection Set: 30.6ms
[2024-12-17T19:53:16.648+0700][gc,phases   ] GC(686)   Post Evacuate Collection Set: 2.8ms
[2024-12-17T19:53:16.648+0700][gc,phases   ] GC(686)   Other: 0.9ms
[2024-12-17T19:53:16.648+0700][gc,heap     ] GC(686) Eden regions: 48->0(45)
[2024-12-17T19:53:16.648+0700][gc,heap     ] GC(686) Survivor regions: 3->6(7)
[2024-12-17T19:53:16.648+0700][gc,heap     ] GC(686) Old regions: 358->358
[2024-12-17T19:53:16.648+0700][gc,heap     ] GC(686) Archive regions: 2->2
[2024-12-17T19:53:16.648+0700][gc,heap     ] GC(686) Humongous regions: 129->129
[2024-12-17T19:53:16.648+0700][gc,metaspace] GC(686) Metaspace: 45869K(46464K)->45869K(46464K) NonClass: 40623K(40960K)->40623K(40960K) Class: 5245K(5504K)->5245K(5504K)
[2024-12-17T19:53:16.648+0700][gc          ] GC(686) Pause Young (Normal) (G1 Evacuation Pause) 538M->493M(1024M) 36.433ms
[2024-12-17T19:53:16.648+0700][gc,cpu      ] GC(686) User=0.06s Sys=0.00s Real=0.04s
[2024-12-17T19:55:01.450+0700][gc,start    ] GC(687) Pause Young (Normal) (G1 Evacuation Pause)
[2024-12-17T19:55:01.450+0700][gc,task     ] GC(687) Using 2 workers of 2 for evacuation
[2024-12-17T19:55:01.502+0700][gc,mmu      ] GC(687) MMU target violated: 21.0ms (20.0ms/21.0ms)
[2024-12-17T19:55:01.502+0700][gc,phases   ] GC(687)   Pre Evacuate Collection Set: 2.2ms
[2024-12-17T19:55:01.502+0700][gc,phases   ] GC(687)   Merge Heap Roots: 1.0ms
[2024-12-17T19:55:01.502+0700][gc,phases   ] GC(687)   Evacuate Collection Set: 45.5ms
[2024-12-17T19:55:01.502+0700][gc,phases   ] GC(687)   Post Evacuate Collection Set: 2.1ms
[2024-12-17T19:55:01.502+0700][gc,phases   ] GC(687)   Other: 1.1ms
[2024-12-17T19:55:01.502+0700][gc,heap     ] GC(687) Eden regions: 45->0(45)
[2024-12-17T19:55:01.502+0700][gc,heap     ] GC(687) Survivor regions: 6->6(7)
[2024-12-17T19:55:01.502+0700][gc,heap     ] GC(687) Old regions: 358->360
[2024-12-17T19:55:01.502+0700][gc,heap     ] GC(687) Archive regions: 2->2
[2024-12-17T19:55:01.502+0700][gc,heap     ] GC(687) Humongous regions: 129->129
[2024-12-17T19:55:01.502+0700][gc,metaspace] GC(687) Metaspace: 45869K(46464K)->45869K(46464K) NonClass: 40623K(40960K)->40623K(40960K) Class: 5245K(5504K)->5245K(5504K)
[2024-12-17T19:55:01.503+0700][gc          ] GC(687) Pause Young (Normal) (G1 Evacuation Pause) 538M->495M(1024M) 52.399ms
[2024-12-17T19:55:01.503+0700][gc,cpu      ] GC(687) User=0.10s Sys=0.00s Real=0.05s
[2024-12-17T19:56:45.314+0700][gc,start    ] GC(688) Pause Young (Normal) (G1 Evacuation Pause)
[2024-12-17T19:56:45.314+0700][gc,task     ] GC(688) Using 2 workers of 2 for evacuation
[2024-12-17T19:56:45.351+0700][gc,mmu      ] GC(688) MMU target violated: 21.0ms (20.0ms/21.0ms)
[2024-12-17T19:56:45.351+0700][gc,phases   ] GC(688)   Pre Evacuate Collection Set: 0.5ms
[2024-12-17T19:56:45.351+0700][gc,phases   ] GC(688)   Merge Heap Roots: 0.3ms
[2024-12-17T19:56:45.351+0700][gc,phases   ] GC(688)   Evacuate Collection Set: 34.4ms
[2024-12-17T19:56:45.351+0700][gc,phases   ] GC(688)   Post Evacuate Collection Set: 1.3ms
[2024-12-17T19:56:45.351+0700][gc,phases   ] GC(688)   Other: 0.5ms
[2024-12-17T19:56:45.351+0700][gc,heap     ] GC(688) Eden regions: 45->0(46)
[2024-12-17T19:56:45.351+0700][gc,heap     ] GC(688) Survivor regions: 6->5(7)
[2024-12-17T19:56:45.351+0700][gc,heap     ] GC(688) Old regions: 360->364
[2024-12-17T19:56:45.351+0700][gc,heap     ] GC(688) Archive regions: 2->2
[2024-12-17T19:56:45.351+0700][gc,heap     ] GC(688) Humongous regions: 129->129
[2024-12-17T19:56:45.351+0700][gc,metaspace] GC(688) Metaspace: 45869K(46464K)->45869K(46464K) NonClass: 40623K(40960K)->40623K(40960K) Class: 5245K(5504K)->5245K(5504K)
[2024-12-17T19:56:45.351+0700][gc          ] GC(688) Pause Young (Normal) (G1 Evacuation Pause) 540M->498M(1024M) 37.013ms
[2024-12-17T19:56:45.351+0700][gc,cpu      ] GC(688) User=0.07s Sys=0.00s Real=0.04s
[2024-12-17T19:58:31.484+0700][gc,start    ] GC(689) Pause Young (Normal) (G1 Evacuation Pause)
[2024-12-17T19:58:31.484+0700][gc,task     ] GC(689) Using 2 workers of 2 for evacuation
[2024-12-17T19:58:31.507+0700][gc,mmu      ] GC(689) MMU target violated: 21.0ms (20.0ms/21.0ms)
[2024-12-17T19:58:31.507+0700][gc,phases   ] GC(689)   Pre Evacuate Collection Set: 0.5ms
[2024-12-17T19:58:31.507+0700][gc,phases   ] GC(689)   Merge Heap Roots: 0.3ms
[2024-12-17T19:58:31.507+0700][gc,phases   ] GC(689)   Evacuate Collection Set: 20.8ms
[2024-12-17T19:58:31.507+0700][gc,phases   ] GC(689)   Post Evacuate Collection Set: 1.4ms
[2024-12-17T19:58:31.507+0700][gc,phases   ] GC(689)   Other: 0.4ms
[2024-12-17T19:58:31.507+0700][gc,heap     ] GC(689) Eden regions: 46->0(48)
[2024-12-17T19:58:31.507+0700][gc,heap     ] GC(689) Survivor regions: 5->3(7)
[2024-12-17T19:58:31.507+0700][gc,heap     ] GC(689) Old regions: 364->366
[2024-12-17T19:58:31.507+0700][gc,heap     ] GC(689) Archive regions: 2->2
[2024-12-17T19:58:31.507+0700][gc,heap     ] GC(689) Humongous regions: 129->129
[2024-12-17T19:58:31.507+0700][gc,metaspace] GC(689) Metaspace: 45869K(46464K)->45869K(46464K) NonClass: 40623K(40960K)->40623K(40960K) Class: 5245K(5504K)->5245K(5504K)
[2024-12-17T19:58:31.507+0700][gc          ] GC(689) Pause Young (Normal) (G1 Evacuation Pause) 544M->498M(1024M) 23.453ms
[2024-12-17T19:58:31.507+0700][gc,cpu      ] GC(689) User=0.04s Sys=0.00s Real=0.03s
[2024-12-17T20:00:22.981+0700][gc,start    ] GC(690) Pause Young (Normal) (G1 Evacuation Pause)
[2024-12-17T20:00:22.982+0700][gc,task     ] GC(690) Using 2 workers of 2 for evacuation
[2024-12-17T20:00:23.010+0700][gc,mmu      ] GC(690) MMU target violated: 21.0ms (20.0ms/21.0ms)
[2024-12-17T20:00:23.010+0700][gc,phases   ] GC(690)   Pre Evacuate Collection Set: 0.4ms
[2024-12-17T20:00:23.010+0700][gc,phases   ] GC(690)   Merge Heap Roots: 0.4ms
[2024-12-17T20:00:23.010+0700][gc,phases   ] GC(690)   Evacuate Collection Set: 25.6ms
[2024-12-17T20:00:23.010+0700][gc,phases   ] GC(690)   Post Evacuate Collection Set: 1.7ms
[2024-12-17T20:00:23.010+0700][gc,phases   ] GC(690)   Other: 0.5ms
[2024-12-17T20:00:23.010+0700][gc,heap     ] GC(690) Eden regions: 48->0(45)
[2024-12-17T20:00:23.010+0700][gc,heap     ] GC(690) Survivor regions: 3->6(7)
[2024-12-17T20:00:23.010+0700][gc,heap     ] GC(690) Old regions: 366->366
[2024-12-17T20:00:23.010+0700][gc,heap     ] GC(690) Archive regions: 2->2
[2024-12-17T20:00:23.010+0700][gc,heap     ] GC(690) Humongous regions: 129->129
[2024-12-17T20:00:23.010+0700][gc,metaspace] GC(690) Metaspace: 45869K(46464K)->45869K(46464K) NonClass: 40623K(40960K)->40623K(40960K) Class: 5245K(5504K)->5245K(5504K)
[2024-12-17T20:00:23.010+0700][gc          ] GC(690) Pause Young (Normal) (G1 Evacuation Pause) 546M->501M(1024M) 28.776ms
[2024-12-17T20:00:23.010+0700][gc,cpu      ] GC(690) User=0.05s Sys=0.00s Real=0.03s
[2024-12-17T20:02:07.228+0700][gc,start    ] GC(691) Pause Young (Normal) (G1 Evacuation Pause)
[2024-12-17T20:02:07.228+0700][gc,task     ] GC(691) Using 2 workers of 2 for evacuation
[2024-12-17T20:02:07.261+0700][gc,mmu      ] GC(691) MMU target violated: 21.0ms (20.0ms/21.0ms)
[2024-12-17T20:02:07.261+0700][gc,phases   ] GC(691)   Pre Evacuate Collection Set: 0.4ms
[2024-12-17T20:02:07.261+0700][gc,phases   ] GC(691)   Merge Heap Roots: 0.5ms
[2024-12-17T20:02:07.261+0700][gc,phases   ] GC(691)   Evacuate Collection Set: 29.8ms
[2024-12-17T20:02:07.261+0700][gc,phases   ] GC(691)   Post Evacuate Collection Set: 2.0ms
[2024-12-17T20:02:07.261+0700][gc,phases   ] GC(691)   Other: 0.5ms
[2024-12-17T20:02:07.261+0700][gc,heap     ] GC(691) Eden regions: 45->0(44)
[2024-12-17T20:02:07.261+0700][gc,heap     ] GC(691) Survivor regions: 6->7(7)
[2024-12-17T20:02:07.261+0700][gc,heap     ] GC(691) Old regions: 366->368
[2024-12-17T20:02:07.261+0700][gc,heap     ] GC(691) Archive regions: 2->2
[2024-12-17T20:02:07.261+0700][gc,heap     ] GC(691) Humongous regions: 129->129
[2024-12-17T20:02:07.261+0700][gc,metaspace] GC(691) Metaspace: 45869K(46464K)->45869K(46464K) NonClass: 40623K(40960K)->40623K(40960K) Class: 5245K(5504K)->5245K(5504K)
[2024-12-17T20:02:07.261+0700][gc          ] GC(691) Pause Young (Normal) (G1 Evacuation Pause) 546M->504M(1024M) 33.289ms
[2024-12-17T20:02:07.261+0700][gc,cpu      ] GC(691) User=0.07s Sys=0.00s Real=0.03s
[2024-12-17T20:03:49.337+0700][gc,start    ] GC(692) Pause Young (Normal) (G1 Evacuation Pause)
[2024-12-17T20:03:49.337+0700][gc,task     ] GC(692) Using 2 workers of 2 for evacuation
[2024-12-17T20:03:49.371+0700][gc,mmu      ] GC(692) MMU target violated: 21.0ms (20.0ms/21.0ms)
[2024-12-17T20:03:49.371+0700][gc,phases   ] GC(692)   Pre Evacuate Collection Set: 0.5ms
[2024-12-17T20:03:49.371+0700][gc,phases   ] GC(692)   Merge Heap Roots: 0.3ms
[2024-12-17T20:03:49.371+0700][gc,phases   ] GC(692)   Evacuate Collection Set: 31.2ms
[2024-12-17T20:03:49.371+0700][gc,phases   ] GC(692)   Post Evacuate Collection Set: 1.6ms
[2024-12-17T20:03:49.371+0700][gc,phases   ] GC(692)   Other: 0.5ms
[2024-12-17T20:03:49.371+0700][gc,heap     ] GC(692) Eden regions: 44->0(46)
[2024-12-17T20:03:49.371+0700][gc,heap     ] GC(692) Survivor regions: 7->5(7)
[2024-12-17T20:03:49.371+0700][gc,heap     ] GC(692) Old regions: 368->372
[2024-12-17T20:03:49.371+0700][gc,heap     ] GC(692) Archive regions: 2->2
[2024-12-17T20:03:49.371+0700][gc,heap     ] GC(692) Humongous regions: 129->129
[2024-12-17T20:03:49.371+0700][gc,metaspace] GC(692) Metaspace: 45869K(46464K)->45869K(46464K) NonClass: 40623K(40960K)->40623K(40960K) Class: 5245K(5504K)->5245K(5504K)
[2024-12-17T20:03:49.371+0700][gc          ] GC(692) Pause Young (Normal) (G1 Evacuation Pause) 548M->506M(1024M) 34.208ms
[2024-12-17T20:03:49.371+0700][gc,cpu      ] GC(692) User=0.07s Sys=0.00s Real=0.03s
[2024-12-18T16:08:33.202+0700][gc,start    ] GC(693) Pause Young (Normal) (G1 Evacuation Pause)
[2024-12-18T16:08:33.203+0700][gc,task     ] GC(693) Using 2 workers of 2 for evacuation
[2024-12-18T16:08:33.249+0700][gc,mmu      ] GC(693) MMU target violated: 21.0ms (20.0ms/21.0ms)
[2024-12-18T16:08:33.249+0700][gc,phases   ] GC(693)   Pre Evacuate Collection Set: 1.7ms
[2024-12-18T16:08:33.249+0700][gc,phases   ] GC(693)   Merge Heap Roots: 0.7ms
[2024-12-18T16:08:33.249+0700][gc,phases   ] GC(693)   Evacuate Collection Set: 40.2ms
[2024-12-18T16:08:33.249+0700][gc,phases   ] GC(693)   Post Evacuate Collection Set: 2.7ms
[2024-12-18T16:08:33.249+0700][gc,phases   ] GC(693)   Other: 2.0ms
[2024-12-18T16:08:33.249+0700][gc,heap     ] GC(693) Eden regions: 46->0(49)
[2024-12-18T16:08:33.249+0700][gc,heap     ] GC(693) Survivor regions: 5->2(7)
[2024-12-18T16:08:33.249+0700][gc,heap     ] GC(693) Old regions: 372->375
[2024-12-18T16:08:33.249+0700][gc,heap     ] GC(693) Archive regions: 2->2
[2024-12-18T16:08:33.249+0700][gc,heap     ] GC(693) Humongous regions: 129->129
[2024-12-18T16:08:33.249+0700][gc,metaspace] GC(693) Metaspace: 45869K(46464K)->45869K(46464K) NonClass: 40623K(40960K)->40623K(40960K) Class: 5245K(5504K)->5245K(5504K)
[2024-12-18T16:08:33.249+0700][gc          ] GC(693) Pause Young (Normal) (G1 Evacuation Pause) 552M->505M(1024M) 47.366ms
[2024-12-18T16:08:33.249+0700][gc,cpu      ] GC(693) User=0.04s Sys=0.00s Real=0.05s
[2024-12-18T16:10:30.772+0700][gc,start    ] GC(694) Pause Young (Normal) (G1 Evacuation Pause)
[2024-12-18T16:10:30.773+0700][gc,task     ] GC(694) Using 2 workers of 2 for evacuation
[2024-12-18T16:10:30.801+0700][gc,mmu      ] GC(694) MMU target violated: 21.0ms (20.0ms/21.0ms)
[2024-12-18T16:10:30.801+0700][gc,phases   ] GC(694)   Pre Evacuate Collection Set: 1.8ms
[2024-12-18T16:10:30.801+0700][gc,phases   ] GC(694)   Merge Heap Roots: 0.4ms
[2024-12-18T16:10:30.801+0700][gc,phases   ] GC(694)   Evacuate Collection Set: 22.7ms
[2024-12-18T16:10:30.801+0700][gc,phases   ] GC(694)   Post Evacuate Collection Set: 2.1ms
[2024-12-18T16:10:30.801+0700][gc,phases   ] GC(694)   Other: 1.9ms
[2024-12-18T16:10:30.801+0700][gc,heap     ] GC(694) Eden regions: 49->0(48)
[2024-12-18T16:10:30.801+0700][gc,heap     ] GC(694) Survivor regions: 2->3(7)
[2024-12-18T16:10:30.801+0700][gc,heap     ] GC(694) Old regions: 375->375
[2024-12-18T16:10:30.801+0700][gc,heap     ] GC(694) Archive regions: 2->2
[2024-12-18T16:10:30.801+0700][gc,heap     ] GC(694) Humongous regions: 129->129
[2024-12-18T16:10:30.801+0700][gc,metaspace] GC(694) Metaspace: 45869K(46464K)->45869K(46464K) NonClass: 40623K(40960K)->40623K(40960K) Class: 5245K(5504K)->5245K(5504K)
[2024-12-18T16:10:30.801+0700][gc          ] GC(694) Pause Young (Normal) (G1 Evacuation Pause) 554M->507M(1024M) 29.080ms
[2024-12-18T16:10:30.801+0700][gc,cpu      ] GC(694) User=0.06s Sys=0.00s Real=0.03s
[2024-12-18T16:12:24.715+0700][gc,start    ] GC(695) Pause Young (Normal) (G1 Evacuation Pause)
[2024-12-18T16:12:24.715+0700][gc,task     ] GC(695) Using 2 workers of 2 for evacuation
[2024-12-18T16:12:24.742+0700][gc,mmu      ] GC(695) MMU target violated: 21.0ms (20.0ms/21.0ms)
[2024-12-18T16:12:24.742+0700][gc,phases   ] GC(695)   Pre Evacuate Collection Set: 2.6ms
[2024-12-18T16:12:24.742+0700][gc,phases   ] GC(695)   Merge Heap Roots: 0.3ms
[2024-12-18T16:12:24.742+0700][gc,phases   ] GC(695)   Evacuate Collection Set: 21.3ms
[2024-12-18T16:12:24.742+0700][gc,phases   ] GC(695)   Post Evacuate Collection Set: 2.4ms
[2024-12-18T16:12:24.742+0700][gc,phases   ] GC(695)   Other: 0.7ms
[2024-12-18T16:12:24.742+0700][gc,heap     ] GC(695) Eden regions: 48->0(47)
[2024-12-18T16:12:24.742+0700][gc,heap     ] GC(695) Survivor regions: 3->4(7)
[2024-12-18T16:12:24.742+0700][gc,heap     ] GC(695) Old regions: 375->375
[2024-12-18T16:12:24.742+0700][gc,heap     ] GC(695) Archive regions: 2->2
[2024-12-18T16:12:24.742+0700][gc,heap     ] GC(695) Humongous regions: 129->129
[2024-12-18T16:12:24.742+0700][gc,metaspace] GC(695) Metaspace: 45869K(46464K)->45869K(46464K) NonClass: 40623K(40960K)->40623K(40960K) Class: 5245K(5504K)->5245K(5504K)
[2024-12-18T16:12:24.743+0700][gc          ] GC(695) Pause Young (Normal) (G1 Evacuation Pause) 555M->507M(1024M) 28.177ms
[2024-12-18T16:12:24.743+0700][gc,cpu      ] GC(695) User=0.04s Sys=0.01s Real=0.03s
[2024-12-18T16:14:11.945+0700][gc,start    ] GC(696) Pause Young (Normal) (G1 Evacuation Pause)
[2024-12-18T16:14:11.945+0700][gc,task     ] GC(696) Using 2 workers of 2 for evacuation
[2024-12-18T16:14:11.965+0700][gc,phases   ] GC(696)   Pre Evacuate Collection Set: 1.1ms
[2024-12-18T16:14:11.965+0700][gc,phases   ] GC(696)   Merge Heap Roots: 0.4ms
[2024-12-18T16:14:11.965+0700][gc,phases   ] GC(696)   Evacuate Collection Set: 15.8ms
[2024-12-18T16:14:11.965+0700][gc,phases   ] GC(696)   Post Evacuate Collection Set: 1.7ms
[2024-12-18T16:14:11.965+0700][gc,phases   ] GC(696)   Other: 0.7ms
[2024-12-18T16:14:11.965+0700][gc,heap     ] GC(696) Eden regions: 47->0(49)
[2024-12-18T16:14:11.965+0700][gc,heap     ] GC(696) Survivor regions: 4->2(7)
[2024-12-18T16:14:11.965+0700][gc,heap     ] GC(696) Old regions: 375->375
[2024-12-18T16:14:11.965+0700][gc,heap     ] GC(696) Archive regions: 2->2
[2024-12-18T16:14:11.965+0700][gc,heap     ] GC(696) Humongous regions: 129->129
[2024-12-18T16:14:11.965+0700][gc,metaspace] GC(696) Metaspace: 45869K(46464K)->45869K(46464K) NonClass: 40623K(40960K)->40623K(40960K) Class: 5245K(5504K)->5245K(5504K)
[2024-12-18T16:14:11.965+0700][gc          ] GC(696) Pause Young (Normal) (G1 Evacuation Pause) 554M->506M(1024M) 19.833ms
[2024-12-18T16:14:11.965+0700][gc,cpu      ] GC(696) User=0.03s Sys=0.00s Real=0.02s
[2024-12-18T16:16:06.478+0700][gc,start    ] GC(697) Pause Young (Normal) (G1 Evacuation Pause)
[2024-12-18T16:16:06.478+0700][gc,task     ] GC(697) Using 2 workers of 2 for evacuation
[2024-12-18T16:16:06.507+0700][gc,mmu      ] GC(697) MMU target violated: 21.0ms (20.0ms/21.0ms)
[2024-12-18T16:16:06.507+0700][gc,phases   ] GC(697)   Pre Evacuate Collection Set: 1.0ms
[2024-12-18T16:16:06.507+0700][gc,phases   ] GC(697)   Merge Heap Roots: 0.5ms
[2024-12-18T16:16:06.507+0700][gc,phases   ] GC(697)   Evacuate Collection Set: 25.3ms
[2024-12-18T16:16:06.507+0700][gc,phases   ] GC(697)   Post Evacuate Collection Set: 1.9ms
[2024-12-18T16:16:06.507+0700][gc,phases   ] GC(697)   Other: 0.5ms
[2024-12-18T16:16:06.507+0700][gc,heap     ] GC(697) Eden regions: 49->0(47)
[2024-12-18T16:16:06.507+0700][gc,heap     ] GC(697) Survivor regions: 2->4(7)
[2024-12-18T16:16:06.507+0700][gc,heap     ] GC(697) Old regions: 375->375
[2024-12-18T16:16:06.507+0700][gc,heap     ] GC(697) Archive regions: 2->2
[2024-12-18T16:16:06.508+0700][gc,heap     ] GC(697) Humongous regions: 129->129
[2024-12-18T16:16:06.508+0700][gc,metaspace] GC(697) Metaspace: 45869K(46464K)->45869K(46464K) NonClass: 40623K(40960K)->40623K(40960K) Class: 5245K(5504K)->5245K(5504K)
[2024-12-18T16:16:06.508+0700][gc          ] GC(697) Pause Young (Normal) (G1 Evacuation Pause) 555M->508M(1024M) 29.293ms
[2024-12-18T16:16:06.508+0700][gc,cpu      ] GC(697) User=0.05s Sys=0.00s Real=0.03s
[2024-12-18T16:17:55.532+0700][gc,start    ] GC(698) Pause Young (Normal) (G1 Evacuation Pause)
[2024-12-18T16:17:55.532+0700][gc,task     ] GC(698) Using 2 workers of 2 for evacuation
[2024-12-18T16:17:55.572+0700][gc,mmu      ] GC(698) MMU target violated: 21.0ms (20.0ms/21.0ms)
[2024-12-18T16:17:55.572+0700][gc,phases   ] GC(698)   Pre Evacuate Collection Set: 1.8ms
[2024-12-18T16:17:55.572+0700][gc,phases   ] GC(698)   Merge Heap Roots: 0.6ms
[2024-12-18T16:17:55.572+0700][gc,phases   ] GC(698)   Evacuate Collection Set: 33.6ms
[2024-12-18T16:17:55.572+0700][gc,phases   ] GC(698)   Post Evacuate Collection Set: 3.4ms
[2024-12-18T16:17:55.572+0700][gc,phases   ] GC(698)   Other: 1.0ms
[2024-12-18T16:17:55.572+0700][gc,heap     ] GC(698) Eden regions: 47->0(46)
[2024-12-18T16:17:55.572+0700][gc,heap     ] GC(698) Survivor regions: 4->5(7)
[2024-12-18T16:17:55.572+0700][gc,heap     ] GC(698) Old regions: 375->376
[2024-12-18T16:17:55.572+0700][gc,heap     ] GC(698) Archive regions: 2->2
[2024-12-18T16:17:55.572+0700][gc,heap     ] GC(698) Humongous regions: 129->129
[2024-12-18T16:17:55.572+0700][gc,metaspace] GC(698) Metaspace: 45869K(46464K)->45869K(46464K) NonClass: 40623K(40960K)->40623K(40960K) Class: 5245K(5504K)->5245K(5504K)
[2024-12-18T16:17:55.572+0700][gc          ] GC(698) Pause Young (Normal) (G1 Evacuation Pause) 555M->509M(1024M) 40.503ms
[2024-12-18T16:17:55.572+0700][gc,cpu      ] GC(698) User=0.07s Sys=0.00s Real=0.04s
[2024-12-18T16:19:41.973+0700][gc,start    ] GC(699) Pause Young (Normal) (G1 Evacuation Pause)
[2024-12-18T16:19:41.973+0700][gc,task     ] GC(699) Using 2 workers of 2 for evacuation
[2024-12-18T16:19:41.996+0700][gc,mmu      ] GC(699) MMU target violated: 21.0ms (20.0ms/21.0ms)
[2024-12-18T16:19:41.996+0700][gc,phases   ] GC(699)   Pre Evacuate Collection Set: 0.7ms
[2024-12-18T16:19:41.996+0700][gc,phases   ] GC(699)   Merge Heap Roots: 0.5ms
[2024-12-18T16:19:41.996+0700][gc,phases   ] GC(699)   Evacuate Collection Set: 17.7ms
[2024-12-18T16:19:41.996+0700][gc,phases   ] GC(699)   Post Evacuate Collection Set: 3.9ms
[2024-12-18T16:19:41.996+0700][gc,phases   ] GC(699)   Other: 0.6ms
[2024-12-18T16:19:41.996+0700][gc,heap     ] GC(699) Eden regions: 46->0(48)
[2024-12-18T16:19:41.996+0700][gc,heap     ] GC(699) Survivor regions: 5->3(7)
[2024-12-18T16:19:41.996+0700][gc,heap     ] GC(699) Old regions: 376->377
[2024-12-18T16:19:41.996+0700][gc,heap     ] GC(699) Archive regions: 2->2
[2024-12-18T16:19:41.996+0700][gc,heap     ] GC(699) Humongous regions: 129->129
[2024-12-18T16:19:41.996+0700][gc,metaspace] GC(699) Metaspace: 45869K(46464K)->45869K(46464K) NonClass: 40623K(40960K)->40623K(40960K) Class: 5245K(5504K)->5245K(5504K)
[2024-12-18T16:19:41.996+0700][gc          ] GC(699) Pause Young (Normal) (G1 Evacuation Pause) 555M->509M(1024M) 23.435ms
[2024-12-18T16:19:41.997+0700][gc,cpu      ] GC(699) User=0.05s Sys=0.00s Real=0.03s
[2024-12-18T16:21:31.473+0700][gc,start    ] GC(700) Pause Young (Normal) (G1 Evacuation Pause)
[2024-12-18T16:21:31.473+0700][gc,task     ] GC(700) Using 2 workers of 2 for evacuation
[2024-12-18T16:21:31.508+0700][gc,mmu      ] GC(700) MMU target violated: 21.0ms (20.0ms/21.0ms)
[2024-12-18T16:21:31.508+0700][gc,phases   ] GC(700)   Pre Evacuate Collection Set: 0.9ms
[2024-12-18T16:21:31.508+0700][gc,phases   ] GC(700)   Merge Heap Roots: 0.8ms
[2024-12-18T16:21:31.508+0700][gc,phases   ] GC(700)   Evacuate Collection Set: 31.2ms
[2024-12-18T16:21:31.508+0700][gc,phases   ] GC(700)   Post Evacuate Collection Set: 1.7ms
[2024-12-18T16:21:31.508+0700][gc,phases   ] GC(700)   Other: 0.7ms
[2024-12-18T16:21:31.508+0700][gc,heap     ] GC(700) Eden regions: 48->0(45)
[2024-12-18T16:21:31.508+0700][gc,heap     ] GC(700) Survivor regions: 3->6(7)
[2024-12-18T16:21:31.508+0700][gc,heap     ] GC(700) Old regions: 377->377
[2024-12-18T16:21:31.508+0700][gc,heap     ] GC(700) Archive regions: 2->2
[2024-12-18T16:21:31.508+0700][gc,heap     ] GC(700) Humongous regions: 129->129
[2024-12-18T16:21:31.508+0700][gc,metaspace] GC(700) Metaspace: 45869K(46464K)->45869K(46464K) NonClass: 40623K(40960K)->40623K(40960K) Class: 5245K(5504K)->5245K(5504K)
[2024-12-18T16:21:31.508+0700][gc          ] GC(700) Pause Young (Normal) (G1 Evacuation Pause) 557M->512M(1024M) 35.241ms
[2024-12-18T16:21:31.508+0700][gc,cpu      ] GC(700) User=0.06s Sys=0.00s Real=0.04s
[2024-12-18T16:23:16.187+0700][gc,start    ] GC(701) Pause Young (Normal) (G1 Evacuation Pause)
[2024-12-18T16:23:16.187+0700][gc,task     ] GC(701) Using 2 workers of 2 for evacuation
[2024-12-18T16:23:16.243+0700][gc,mmu      ] GC(701) MMU target violated: 21.0ms (20.0ms/21.0ms)
[2024-12-18T16:23:16.243+0700][gc,phases   ] GC(701)   Pre Evacuate Collection Set: 2.0ms
[2024-12-18T16:23:16.243+0700][gc,phases   ] GC(701)   Merge Heap Roots: 0.9ms
[2024-12-18T16:23:16.243+0700][gc,phases   ] GC(701)   Evacuate Collection Set: 49.1ms
[2024-12-18T16:23:16.243+0700][gc,phases   ] GC(701)   Post Evacuate Collection Set: 2.6ms
[2024-12-18T16:23:16.243+0700][gc,phases   ] GC(701)   Other: 1.1ms
[2024-12-18T16:23:16.243+0700][gc,heap     ] GC(701) Eden regions: 45->0(46)
[2024-12-18T16:23:16.243+0700][gc,heap     ] GC(701) Survivor regions: 6->5(7)
[2024-12-18T16:23:16.243+0700][gc,heap     ] GC(701) Old regions: 377->381
[2024-12-18T16:23:16.243+0700][gc,heap     ] GC(701) Archive regions: 2->2
[2024-12-18T16:23:16.243+0700][gc,heap     ] GC(701) Humongous regions: 129->129
[2024-12-18T16:23:16.243+0700][gc,metaspace] GC(701) Metaspace: 45869K(46464K)->45869K(46464K) NonClass: 40623K(40960K)->40623K(40960K) Class: 5245K(5504K)->5245K(5504K)
[2024-12-18T16:23:16.243+0700][gc          ] GC(701) Pause Young (Normal) (G1 Evacuation Pause) 557M->515M(1024M) 55.940ms
[2024-12-18T16:23:16.243+0700][gc,cpu      ] GC(701) User=0.10s Sys=0.00s Real=0.06s
[2024-12-18T16:25:02.385+0700][gc,start    ] GC(702) Pause Young (Normal) (G1 Evacuation Pause)
[2024-12-18T16:25:02.385+0700][gc,task     ] GC(702) Using 2 workers of 2 for evacuation
[2024-12-18T16:25:02.424+0700][gc,mmu      ] GC(702) MMU target violated: 21.0ms (20.0ms/21.0ms)
[2024-12-18T16:25:02.427+0700][gc,phases   ] GC(702)   Pre Evacuate Collection Set: 2.5ms
[2024-12-18T16:25:02.427+0700][gc,phases   ] GC(702)   Merge Heap Roots: 0.7ms
[2024-12-18T16:25:02.427+0700][gc,phases   ] GC(702)   Evacuate Collection Set: 29.0ms
[2024-12-18T16:25:02.427+0700][gc,phases   ] GC(702)   Post Evacuate Collection Set: 6.7ms
[2024-12-18T16:25:02.427+0700][gc,phases   ] GC(702)   Other: 3.3ms
[2024-12-18T16:25:02.427+0700][gc,heap     ] GC(702) Eden regions: 46->0(48)
[2024-12-18T16:25:02.427+0700][gc,heap     ] GC(702) Survivor regions: 5->3(7)
[2024-12-18T16:25:02.427+0700][gc,heap     ] GC(702) Old regions: 381->383
[2024-12-18T16:25:02.427+0700][gc,heap     ] GC(702) Archive regions: 2->2
[2024-12-18T16:25:02.427+0700][gc,heap     ] GC(702) Humongous regions: 129->129
[2024-12-18T16:25:02.427+0700][gc,metaspace] GC(702) Metaspace: 45869K(46464K)->45869K(46464K) NonClass: 40623K(40960K)->40623K(40960K) Class: 5245K(5504K)->5245K(5504K)
[2024-12-18T16:25:02.427+0700][gc          ] GC(702) Pause Young (Normal) (G1 Evacuation Pause) 561M->514M(1024M) 42.308ms
[2024-12-18T16:25:02.427+0700][gc,cpu      ] GC(702) User=0.08s Sys=0.00s Real=0.04s
[2024-12-18T16:26:54.018+0700][gc,start    ] GC(703) Pause Young (Normal) (G1 Evacuation Pause)
[2024-12-18T16:26:54.020+0700][gc,task     ] GC(703) Using 2 workers of 2 for evacuation
[2024-12-18T16:26:54.057+0700][gc,mmu      ] GC(703) MMU target violated: 21.0ms (20.0ms/21.0ms)
[2024-12-18T16:26:54.057+0700][gc,phases   ] GC(703)   Pre Evacuate Collection Set: 2.5ms
[2024-12-18T16:26:54.057+0700][gc,phases   ] GC(703)   Merge Heap Roots: 0.4ms
[2024-12-18T16:26:54.057+0700][gc,phases   ] GC(703)   Evacuate Collection Set: 30.8ms
[2024-12-18T16:26:54.057+0700][gc,phases   ] GC(703)   Post Evacuate Collection Set: 2.9ms
[2024-12-18T16:26:54.057+0700][gc,phases   ] GC(703)   Other: 2.3ms
[2024-12-18T16:26:54.057+0700][gc,heap     ] GC(703) Eden regions: 48->0(45)
[2024-12-18T16:26:54.057+0700][gc,heap     ] GC(703) Survivor regions: 3->6(7)
[2024-12-18T16:26:54.057+0700][gc,heap     ] GC(703) Old regions: 383->383
[2024-12-18T16:26:54.057+0700][gc,heap     ] GC(703) Archive regions: 2->2
[2024-12-18T16:26:54.057+0700][gc,heap     ] GC(703) Humongous regions: 129->129
[2024-12-18T16:26:54.057+0700][gc,metaspace] GC(703) Metaspace: 45869K(46464K)->45869K(46464K) NonClass: 40623K(40960K)->40623K(40960K) Class: 5245K(5504K)->5245K(5504K)
[2024-12-18T16:26:54.057+0700][gc          ] GC(703) Pause Young (Normal) (G1 Evacuation Pause) 562M->517M(1024M) 38.919ms
[2024-12-18T16:26:54.057+0700][gc,cpu      ] GC(703) User=0.07s Sys=0.00s Real=0.04s
[2024-12-18T16:28:38.140+0700][gc,start    ] GC(704) Pause Young (Normal) (G1 Evacuation Pause)
[2024-12-18T16:28:38.140+0700][gc,task     ] GC(704) Using 2 workers of 2 for evacuation
[2024-12-18T16:28:38.199+0700][gc,mmu      ] GC(704) MMU target violated: 21.0ms (20.0ms/21.0ms)
[2024-12-18T16:28:38.199+0700][gc,phases   ] GC(704)   Pre Evacuate Collection Set: 1.3ms
[2024-12-18T16:28:38.199+0700][gc,phases   ] GC(704)   Merge Heap Roots: 0.6ms
[2024-12-18T16:28:38.199+0700][gc,phases   ] GC(704)   Evacuate Collection Set: 52.2ms
[2024-12-18T16:28:38.199+0700][gc,phases   ] GC(704)   Post Evacuate Collection Set: 3.4ms
[2024-12-18T16:28:38.199+0700][gc,phases   ] GC(704)   Other: 1.3ms
[2024-12-18T16:28:38.199+0700][gc,heap     ] GC(704) Eden regions: 45->0(45)
[2024-12-18T16:28:38.199+0700][gc,heap     ] GC(704) Survivor regions: 6->6(7)
[2024-12-18T16:28:38.199+0700][gc,heap     ] GC(704) Old regions: 383->385
[2024-12-18T16:28:38.199+0700][gc,heap     ] GC(704) Archive regions: 2->2
[2024-12-18T16:28:38.199+0700][gc,heap     ] GC(704) Humongous regions: 129->129
[2024-12-18T16:28:38.199+0700][gc,metaspace] GC(704) Metaspace: 45869K(46464K)->45869K(46464K) NonClass: 40623K(40960K)->40623K(40960K) Class: 5245K(5504K)->5245K(5504K)
[2024-12-18T16:28:38.199+0700][gc          ] GC(704) Pause Young (Normal) (G1 Evacuation Pause) 562M->520M(1024M) 59.098ms
[2024-12-18T16:28:38.199+0700][gc,cpu      ] GC(704) User=0.11s Sys=0.00s Real=0.06s
[2024-12-18T16:30:22.845+0700][gc,start    ] GC(705) Pause Young (Normal) (G1 Evacuation Pause)
[2024-12-18T16:30:22.845+0700][gc,task     ] GC(705) Using 2 workers of 2 for evacuation
[2024-12-18T16:30:22.899+0700][gc,mmu      ] GC(705) MMU target violated: 21.0ms (20.0ms/21.0ms)
[2024-12-18T16:30:22.899+0700][gc,phases   ] GC(705)   Pre Evacuate Collection Set: 1.4ms
[2024-12-18T16:30:22.899+0700][gc,phases   ] GC(705)   Merge Heap Roots: 0.8ms
[2024-12-18T16:30:22.899+0700][gc,phases   ] GC(705)   Evacuate Collection Set: 48.2ms
[2024-12-18T16:30:22.899+0700][gc,phases   ] GC(705)   Post Evacuate Collection Set: 2.4ms
[2024-12-18T16:30:22.899+0700][gc,phases   ] GC(705)   Other: 1.1ms
[2024-12-18T16:30:22.899+0700][gc,heap     ] GC(705) Eden regions: 45->0(46)
[2024-12-18T16:30:22.899+0700][gc,heap     ] GC(705) Survivor regions: 6->5(7)
[2024-12-18T16:30:22.899+0700][gc,heap     ] GC(705) Old regions: 385->389
[2024-12-18T16:30:22.899+0700][gc,heap     ] GC(705) Archive regions: 2->2
[2024-12-18T16:30:22.899+0700][gc,heap     ] GC(705) Humongous regions: 129->129
[2024-12-18T16:30:22.899+0700][gc,metaspace] GC(705) Metaspace: 45869K(46464K)->45869K(46464K) NonClass: 40623K(40960K)->40623K(40960K) Class: 5245K(5504K)->5245K(5504K)
[2024-12-18T16:30:22.899+0700][gc          ] GC(705) Pause Young (Normal) (G1 Evacuation Pause) 565M->523M(1024M) 53.952ms
[2024-12-18T16:30:22.899+0700][gc,cpu      ] GC(705) User=0.10s Sys=0.00s Real=0.05s
[2024-12-18T16:32:09.116+0700][gc,start    ] GC(706) Pause Young (Normal) (G1 Evacuation Pause)
[2024-12-18T16:32:09.116+0700][gc,task     ] GC(706) Using 2 workers of 2 for evacuation
[2024-12-18T16:32:09.155+0700][gc,mmu      ] GC(706) MMU target violated: 21.0ms (20.0ms/21.0ms)
[2024-12-18T16:32:09.155+0700][gc,phases   ] GC(706)   Pre Evacuate Collection Set: 1.6ms
[2024-12-18T16:32:09.155+0700][gc,phases   ] GC(706)   Merge Heap Roots: 1.1ms
[2024-12-18T16:32:09.155+0700][gc,phases   ] GC(706)   Evacuate Collection Set: 32.4ms
[2024-12-18T16:32:09.155+0700][gc,phases   ] GC(706)   Post Evacuate Collection Set: 3.3ms
[2024-12-18T16:32:09.155+0700][gc,phases   ] GC(706)   Other: 1.0ms
[2024-12-18T16:32:09.155+0700][gc,heap     ] GC(706) Eden regions: 46->0(48)
[2024-12-18T16:32:09.155+0700][gc,heap     ] GC(706) Survivor regions: 5->3(7)
[2024-12-18T16:32:09.155+0700][gc,heap     ] GC(706) Old regions: 389->391
[2024-12-18T16:32:09.155+0700][gc,heap     ] GC(706) Archive regions: 2->2
[2024-12-18T16:32:09.155+0700][gc,heap     ] GC(706) Humongous regions: 129->129
[2024-12-18T16:32:09.155+0700][gc,metaspace] GC(706) Metaspace: 45869K(46464K)->45869K(46464K) NonClass: 40623K(40960K)->40623K(40960K) Class: 5245K(5504K)->5245K(5504K)
[2024-12-18T16:32:09.155+0700][gc          ] GC(706) Pause Young (Normal) (G1 Evacuation Pause) 569M->523M(1024M) 39.278ms
[2024-12-18T16:32:09.156+0700][gc,cpu      ] GC(706) User=0.07s Sys=0.00s Real=0.04s
[2024-12-18T16:34:00.651+0700][gc,start    ] GC(707) Pause Young (Normal) (G1 Evacuation Pause)
[2024-12-18T16:34:00.651+0700][gc,task     ] GC(707) Using 2 workers of 2 for evacuation
[2024-12-18T16:34:00.681+0700][gc,mmu      ] GC(707) MMU target violated: 21.0ms (20.0ms/21.0ms)
[2024-12-18T16:34:00.681+0700][gc,phases   ] GC(707)   Pre Evacuate Collection Set: 0.6ms
[2024-12-18T16:34:00.681+0700][gc,phases   ] GC(707)   Merge Heap Roots: 0.4ms
[2024-12-18T16:34:00.681+0700][gc,phases   ] GC(707)   Evacuate Collection Set: 27.4ms
[2024-12-18T16:34:00.681+0700][gc,phases   ] GC(707)   Post Evacuate Collection Set: 1.8ms
[2024-12-18T16:34:00.681+0700][gc,phases   ] GC(707)   Other: 0.7ms
[2024-12-18T16:34:00.681+0700][gc,heap     ] GC(707) Eden regions: 48->0(45)
[2024-12-18T16:34:00.681+0700][gc,heap     ] GC(707) Survivor regions: 3->6(7)
[2024-12-18T16:34:00.681+0700][gc,heap     ] GC(707) Old regions: 391->391
[2024-12-18T16:34:00.681+0700][gc,heap     ] GC(707) Archive regions: 2->2
[2024-12-18T16:34:00.681+0700][gc,heap     ] GC(707) Humongous regions: 129->129
[2024-12-18T16:34:00.681+0700][gc,metaspace] GC(707) Metaspace: 45869K(46464K)->45869K(46464K) NonClass: 40623K(40960K)->40623K(40960K) Class: 5245K(5504K)->5245K(5504K)
[2024-12-18T16:34:00.682+0700][gc          ] GC(707) Pause Young (Normal) (G1 Evacuation Pause) 571M->526M(1024M) 30.833ms
[2024-12-18T16:34:00.682+0700][gc,cpu      ] GC(707) User=0.06s Sys=0.00s Real=0.03s
[2024-12-18T16:35:44.546+0700][gc,start    ] GC(708) Pause Young (Normal) (G1 Evacuation Pause)
[2024-12-18T16:35:44.546+0700][gc,task     ] GC(708) Using 2 workers of 2 for evacuation
[2024-12-18T16:35:44.583+0700][gc,mmu      ] GC(708) MMU target violated: 21.0ms (20.0ms/21.0ms)
[2024-12-18T16:35:44.583+0700][gc,phases   ] GC(708)   Pre Evacuate Collection Set: 0.5ms
[2024-12-18T16:35:44.583+0700][gc,phases   ] GC(708)   Merge Heap Roots: 0.5ms
[2024-12-18T16:35:44.583+0700][gc,phases   ] GC(708)   Evacuate Collection Set: 34.8ms
[2024-12-18T16:35:44.583+0700][gc,phases   ] GC(708)   Post Evacuate Collection Set: 1.3ms
[2024-12-18T16:35:44.583+0700][gc,phases   ] GC(708)   Other: 0.5ms
[2024-12-18T16:35:44.583+0700][gc,heap     ] GC(708) Eden regions: 45->0(45)
[2024-12-18T16:35:44.583+0700][gc,heap     ] GC(708) Survivor regions: 6->6(7)
[2024-12-18T16:35:44.583+0700][gc,heap     ] GC(708) Old regions: 391->393
[2024-12-18T16:35:44.583+0700][gc,heap     ] GC(708) Archive regions: 2->2
[2024-12-18T16:35:44.584+0700][gc,heap     ] GC(708) Humongous regions: 129->129
[2024-12-18T16:35:44.584+0700][gc,metaspace] GC(708) Metaspace: 45869K(46464K)->45869K(46464K) NonClass: 40623K(40960K)->40623K(40960K) Class: 5245K(5504K)->5245K(5504K)
[2024-12-18T16:35:44.584+0700][gc          ] GC(708) Pause Young (Normal) (G1 Evacuation Pause) 571M->528M(1024M) 37.544ms
[2024-12-18T16:35:44.584+0700][gc,cpu      ] GC(708) User=0.07s Sys=0.00s Real=0.04s
[2024-12-18T16:37:28.762+0700][gc,start    ] GC(709) Pause Young (Normal) (G1 Evacuation Pause)
[2024-12-18T16:37:28.763+0700][gc,task     ] GC(709) Using 2 workers of 2 for evacuation
[2024-12-18T16:37:28.823+0700][gc,mmu      ] GC(709) MMU target violated: 21.0ms (20.0ms/21.0ms)
[2024-12-18T16:37:28.823+0700][gc,phases   ] GC(709)   Pre Evacuate Collection Set: 9.2ms
[2024-12-18T16:37:28.823+0700][gc,phases   ] GC(709)   Merge Heap Roots: 0.5ms
[2024-12-18T16:37:28.823+0700][gc,phases   ] GC(709)   Evacuate Collection Set: 45.9ms
[2024-12-18T16:37:28.823+0700][gc,phases   ] GC(709)   Post Evacuate Collection Set: 3.8ms
[2024-12-18T16:37:28.823+0700][gc,phases   ] GC(709)   Other: 1.6ms
[2024-12-18T16:37:28.823+0700][gc,heap     ] GC(709) Eden regions: 45->0(45)
[2024-12-18T16:37:28.823+0700][gc,heap     ] GC(709) Survivor regions: 6->6(7)
[2024-12-18T16:37:28.823+0700][gc,heap     ] GC(709) Old regions: 393->397
[2024-12-18T16:37:28.823+0700][gc,heap     ] GC(709) Archive regions: 2->2
[2024-12-18T16:37:28.823+0700][gc,heap     ] GC(709) Humongous regions: 129->129
[2024-12-18T16:37:28.823+0700][gc,metaspace] GC(709) Metaspace: 45869K(46464K)->45869K(46464K) NonClass: 40623K(40960K)->40623K(40960K) Class: 5245K(5504K)->5245K(5504K)
[2024-12-18T16:37:28.823+0700][gc          ] GC(709) Pause Young (Normal) (G1 Evacuation Pause) 573M->531M(1024M) 61.164ms
[2024-12-18T16:37:28.824+0700][gc,cpu      ] GC(709) User=0.12s Sys=0.00s Real=0.06s
[2024-12-18T16:39:12.915+0700][gc,start    ] GC(710) Pause Young (Normal) (G1 Evacuation Pause)
[2024-12-18T16:39:12.915+0700][gc,task     ] GC(710) Using 2 workers of 2 for evacuation
[2024-12-18T16:39:12.940+0700][gc,mmu      ] GC(710) MMU target violated: 21.0ms (20.0ms/21.0ms)
[2024-12-18T16:39:12.940+0700][gc,phases   ] GC(710)   Pre Evacuate Collection Set: 0.4ms
[2024-12-18T16:39:12.940+0700][gc,phases   ] GC(710)   Merge Heap Roots: 0.5ms
[2024-12-18T16:39:12.940+0700][gc,phases   ] GC(710)   Evacuate Collection Set: 22.7ms
[2024-12-18T16:39:12.940+0700][gc,phases   ] GC(710)   Post Evacuate Collection Set: 1.3ms
[2024-12-18T16:39:12.940+0700][gc,phases   ] GC(710)   Other: 0.4ms
[2024-12-18T16:39:12.940+0700][gc,heap     ] GC(710) Eden regions: 45->0(48)
[2024-12-18T16:39:12.940+0700][gc,heap     ] GC(710) Survivor regions: 6->3(7)
[2024-12-18T16:39:12.940+0700][gc,heap     ] GC(710) Old regions: 397->399
[2024-12-18T16:39:12.940+0700][gc,heap     ] GC(710) Archive regions: 2->2
[2024-12-18T16:39:12.940+0700][gc,heap     ] GC(710) Humongous regions: 129->129
[2024-12-18T16:39:12.940+0700][gc,metaspace] GC(710) Metaspace: 45869K(46464K)->45869K(46464K) NonClass: 40623K(40960K)->40623K(40960K) Class: 5245K(5504K)->5245K(5504K)
[2024-12-18T16:39:12.940+0700][gc          ] GC(710) Pause Young (Normal) (G1 Evacuation Pause) 576M->531M(1024M) 25.399ms
[2024-12-18T16:39:12.940+0700][gc,cpu      ] GC(710) User=0.05s Sys=0.00s Real=0.02s
[2024-12-18T16:41:04.863+0700][gc,start    ] GC(711) Pause Young (Normal) (G1 Evacuation Pause)
[2024-12-18T16:41:04.863+0700][gc,task     ] GC(711) Using 2 workers of 2 for evacuation
[2024-12-18T16:41:04.894+0700][gc,mmu      ] GC(711) MMU target violated: 21.0ms (20.0ms/21.0ms)
[2024-12-18T16:41:04.895+0700][gc,phases   ] GC(711)   Pre Evacuate Collection Set: 1.8ms
[2024-12-18T16:41:04.895+0700][gc,phases   ] GC(711)   Merge Heap Roots: 0.4ms
[2024-12-18T16:41:04.895+0700][gc,phases   ] GC(711)   Evacuate Collection Set: 27.2ms
[2024-12-18T16:41:04.895+0700][gc,phases   ] GC(711)   Post Evacuate Collection Set: 1.7ms
[2024-12-18T16:41:04.895+0700][gc,phases   ] GC(711)   Other: 0.6ms
[2024-12-18T16:41:04.895+0700][gc,heap     ] GC(711) Eden regions: 48->0(45)
[2024-12-18T16:41:04.895+0700][gc,heap     ] GC(711) Survivor regions: 3->6(7)
[2024-12-18T16:41:04.895+0700][gc,heap     ] GC(711) Old regions: 399->399
[2024-12-18T16:41:04.895+0700][gc,heap     ] GC(711) Archive regions: 2->2
[2024-12-18T16:41:04.895+0700][gc,heap     ] GC(711) Humongous regions: 129->129
[2024-12-18T16:41:04.895+0700][gc,metaspace] GC(711) Metaspace: 45869K(46464K)->45869K(46464K) NonClass: 40623K(40960K)->40623K(40960K) Class: 5245K(5504K)->5245K(5504K)
[2024-12-18T16:41:04.895+0700][gc          ] GC(711) Pause Young (Normal) (G1 Evacuation Pause) 579M->534M(1024M) 31.900ms
[2024-12-18T16:41:04.895+0700][gc,cpu      ] GC(711) User=0.06s Sys=0.00s Real=0.03s
[2024-12-18T16:42:48.902+0700][gc,start    ] GC(712) Pause Young (Normal) (G1 Evacuation Pause)
[2024-12-18T16:42:48.902+0700][gc,task     ] GC(712) Using 2 workers of 2 for evacuation
[2024-12-18T16:42:48.944+0700][gc,mmu      ] GC(712) MMU target violated: 21.0ms (20.0ms/21.0ms)
[2024-12-18T16:42:48.944+0700][gc,phases   ] GC(712)   Pre Evacuate Collection Set: 0.7ms
[2024-12-18T16:42:48.944+0700][gc,phases   ] GC(712)   Merge Heap Roots: 0.7ms
[2024-12-18T16:42:48.944+0700][gc,phases   ] GC(712)   Evacuate Collection Set: 39.0ms
[2024-12-18T16:42:48.944+0700][gc,phases   ] GC(712)   Post Evacuate Collection Set: 1.8ms
[2024-12-18T16:42:48.945+0700][gc,phases   ] GC(712)   Other: 0.5ms
[2024-12-18T16:42:48.945+0700][gc,heap     ] GC(712) Eden regions: 45->0(46)
[2024-12-18T16:42:48.945+0700][gc,heap     ] GC(712) Survivor regions: 6->5(7)
[2024-12-18T16:42:48.945+0700][gc,heap     ] GC(712) Old regions: 399->403
[2024-12-18T16:42:48.945+0700][gc,heap     ] GC(712) Archive regions: 2->2
[2024-12-18T16:42:48.945+0700][gc,heap     ] GC(712) Humongous regions: 129->129
[2024-12-18T16:42:48.945+0700][gc,metaspace] GC(712) Metaspace: 45869K(46464K)->45869K(46464K) NonClass: 40623K(40960K)->40623K(40960K) Class: 5245K(5504K)->5245K(5504K)
[2024-12-18T16:42:48.945+0700][gc          ] GC(712) Pause Young (Normal) (G1 Evacuation Pause) 579M->536M(1024M) 42.878ms
[2024-12-18T16:42:48.945+0700][gc,cpu      ] GC(712) User=0.08s Sys=0.00s Real=0.05s
[2024-12-18T16:44:35.504+0700][gc,start    ] GC(713) Pause Young (Normal) (G1 Evacuation Pause)
[2024-12-18T16:44:35.505+0700][gc,task     ] GC(713) Using 2 workers of 2 for evacuation
[2024-12-18T16:44:35.535+0700][gc,mmu      ] GC(713) MMU target violated: 21.0ms (20.0ms/21.0ms)
[2024-12-18T16:44:35.535+0700][gc,phases   ] GC(713)   Pre Evacuate Collection Set: 0.9ms
[2024-12-18T16:44:35.535+0700][gc,phases   ] GC(713)   Merge Heap Roots: 0.7ms
[2024-12-18T16:44:35.535+0700][gc,phases   ] GC(713)   Evacuate Collection Set: 23.9ms
[2024-12-18T16:44:35.535+0700][gc,phases   ] GC(713)   Post Evacuate Collection Set: 4.5ms
[2024-12-18T16:44:35.535+0700][gc,phases   ] GC(713)   Other: 0.6ms
[2024-12-18T16:44:35.535+0700][gc,heap     ] GC(713) Eden regions: 46->0(48)
[2024-12-18T16:44:35.535+0700][gc,heap     ] GC(713) Survivor regions: 5->3(7)
[2024-12-18T16:44:35.535+0700][gc,heap     ] GC(713) Old regions: 403->405
[2024-12-18T16:44:35.535+0700][gc,heap     ] GC(713) Archive regions: 2->2
[2024-12-18T16:44:35.535+0700][gc,heap     ] GC(713) Humongous regions: 129->129
[2024-12-18T16:44:35.535+0700][gc,metaspace] GC(713) Metaspace: 45869K(46464K)->45869K(46464K) NonClass: 40623K(40960K)->40623K(40960K) Class: 5245K(5504K)->5245K(5504K)
[2024-12-18T16:44:35.535+0700][gc          ] GC(713) Pause Young (Normal) (G1 Evacuation Pause) 582M->537M(1024M) 30.668ms
[2024-12-18T16:44:35.535+0700][gc,cpu      ] GC(713) User=0.06s Sys=0.00s Real=0.03s
[2024-12-18T16:46:26.473+0700][gc,start    ] GC(714) Pause Young (Normal) (G1 Evacuation Pause)
[2024-12-18T16:46:26.473+0700][gc,task     ] GC(714) Using 2 workers of 2 for evacuation
[2024-12-18T16:46:26.506+0700][gc,mmu      ] GC(714) MMU target violated: 21.0ms (20.0ms/21.0ms)
[2024-12-18T16:46:26.506+0700][gc,phases   ] GC(714)   Pre Evacuate Collection Set: 2.1ms
[2024-12-18T16:46:26.506+0700][gc,phases   ] GC(714)   Merge Heap Roots: 0.4ms
[2024-12-18T16:46:26.506+0700][gc,phases   ] GC(714)   Evacuate Collection Set: 27.2ms
[2024-12-18T16:46:26.506+0700][gc,phases   ] GC(714)   Post Evacuate Collection Set: 2.5ms
[2024-12-18T16:46:26.506+0700][gc,phases   ] GC(714)   Other: 1.0ms
[2024-12-18T16:46:26.506+0700][gc,heap     ] GC(714) Eden regions: 48->0(45)
[2024-12-18T16:46:26.506+0700][gc,heap     ] GC(714) Survivor regions: 3->6(7)
[2024-12-18T16:46:26.506+0700][gc,heap     ] GC(714) Old regions: 405->405
[2024-12-18T16:46:26.506+0700][gc,heap     ] GC(714) Archive regions: 2->2
[2024-12-18T16:46:26.506+0700][gc,heap     ] GC(714) Humongous regions: 129->129
[2024-12-18T16:46:26.506+0700][gc,metaspace] GC(714) Metaspace: 45869K(46464K)->45869K(46464K) NonClass: 40623K(40960K)->40623K(40960K) Class: 5245K(5504K)->5245K(5504K)
[2024-12-18T16:46:26.506+0700][gc          ] GC(714) Pause Young (Normal) (G1 Evacuation Pause) 585M->539M(1024M) 33.380ms
[2024-12-18T16:46:26.506+0700][gc,cpu      ] GC(714) User=0.06s Sys=0.00s Real=0.04s
[2024-12-18T16:48:09.126+0700][gc,start    ] GC(715) Pause Young (Normal) (G1 Evacuation Pause)
[2024-12-18T16:48:09.126+0700][gc,task     ] GC(715) Using 2 workers of 2 for evacuation
[2024-12-18T16:48:09.187+0700][gc,mmu      ] GC(715) MMU target violated: 21.0ms (20.0ms/21.0ms)
[2024-12-18T16:48:09.187+0700][gc,phases   ] GC(715)   Pre Evacuate Collection Set: 2.4ms
[2024-12-18T16:48:09.187+0700][gc,phases   ] GC(715)   Merge Heap Roots: 0.9ms
[2024-12-18T16:48:09.187+0700][gc,phases   ] GC(715)   Evacuate Collection Set: 54.9ms
[2024-12-18T16:48:09.187+0700][gc,phases   ] GC(715)   Post Evacuate Collection Set: 2.3ms
[2024-12-18T16:48:09.187+0700][gc,phases   ] GC(715)   Other: 0.8ms
[2024-12-18T16:48:09.187+0700][gc,heap     ] GC(715) Eden regions: 45->0(45)
[2024-12-18T16:48:09.187+0700][gc,heap     ] GC(715) Survivor regions: 6->6(7)
[2024-12-18T16:48:09.187+0700][gc,heap     ] GC(715) Old regions: 405->407
[2024-12-18T16:48:09.187+0700][gc,heap     ] GC(715) Archive regions: 2->2
[2024-12-18T16:48:09.187+0700][gc,heap     ] GC(715) Humongous regions: 129->129
[2024-12-18T16:48:09.187+0700][gc,metaspace] GC(715) Metaspace: 45869K(46464K)->45869K(46464K) NonClass: 40623K(40960K)->40623K(40960K) Class: 5245K(5504K)->5245K(5504K)
[2024-12-18T16:48:09.187+0700][gc          ] GC(715) Pause Young (Normal) (G1 Evacuation Pause) 584M->542M(1024M) 61.376ms
[2024-12-18T16:48:09.187+0700][gc,cpu      ] GC(715) User=0.11s Sys=0.00s Real=0.06s
[2024-12-18T16:49:53.271+0700][gc,start    ] GC(716) Pause Young (Normal) (G1 Evacuation Pause)
[2024-12-18T16:49:53.271+0700][gc,task     ] GC(716) Using 2 workers of 2 for evacuation
[2024-12-18T16:49:53.324+0700][gc,mmu      ] GC(716) MMU target violated: 21.0ms (20.0ms/21.0ms)
[2024-12-18T16:49:53.324+0700][gc,phases   ] GC(716)   Pre Evacuate Collection Set: 0.7ms
[2024-12-18T16:49:53.324+0700][gc,phases   ] GC(716)   Merge Heap Roots: 3.0ms
[2024-12-18T16:49:53.324+0700][gc,phases   ] GC(716)   Evacuate Collection Set: 46.2ms
[2024-12-18T16:49:53.324+0700][gc,phases   ] GC(716)   Post Evacuate Collection Set: 2.0ms
[2024-12-18T16:49:53.324+0700][gc,phases   ] GC(716)   Other: 0.5ms
[2024-12-18T16:49:53.324+0700][gc,heap     ] GC(716) Eden regions: 45->0(46)
[2024-12-18T16:49:53.324+0700][gc,heap     ] GC(716) Survivor regions: 6->5(7)
[2024-12-18T16:49:53.324+0700][gc,heap     ] GC(716) Old regions: 407->411
[2024-12-18T16:49:53.324+0700][gc,heap     ] GC(716) Archive regions: 2->2
[2024-12-18T16:49:53.324+0700][gc,heap     ] GC(716) Humongous regions: 129->129
[2024-12-18T16:49:53.324+0700][gc,metaspace] GC(716) Metaspace: 45869K(46464K)->45869K(46464K) NonClass: 40623K(40960K)->40623K(40960K) Class: 5245K(5504K)->5245K(5504K)
[2024-12-18T16:49:53.324+0700][gc          ] GC(716) Pause Young (Normal) (G1 Evacuation Pause) 587M->545M(1024M) 52.475ms
[2024-12-18T16:49:53.324+0700][gc,cpu      ] GC(716) User=0.10s Sys=0.00s Real=0.06s
[2024-12-18T16:51:39.873+0700][gc,start    ] GC(717) Pause Young (Normal) (G1 Evacuation Pause)
[2024-12-18T16:51:39.873+0700][gc,task     ] GC(717) Using 2 workers of 2 for evacuation
[2024-12-18T16:51:39.944+0700][gc,mmu      ] GC(717) MMU target violated: 21.0ms (20.0ms/21.0ms)
[2024-12-18T16:51:39.946+0700][gc,phases   ] GC(717)   Pre Evacuate Collection Set: 3.6ms
[2024-12-18T16:51:39.946+0700][gc,phases   ] GC(717)   Merge Heap Roots: 0.9ms
[2024-12-18T16:51:39.946+0700][gc,phases   ] GC(717)   Evacuate Collection Set: 63.5ms
[2024-12-18T16:51:39.946+0700][gc,phases   ] GC(717)   Post Evacuate Collection Set: 2.8ms
[2024-12-18T16:51:39.946+0700][gc,phases   ] GC(717)   Other: 2.5ms
[2024-12-18T16:51:39.946+0700][gc,heap     ] GC(717) Eden regions: 46->0(48)
[2024-12-18T16:51:39.946+0700][gc,heap     ] GC(717) Survivor regions: 5->3(7)
[2024-12-18T16:51:39.946+0700][gc,heap     ] GC(717) Old regions: 411->413
[2024-12-18T16:51:39.946+0700][gc,heap     ] GC(717) Archive regions: 2->2
[2024-12-18T16:51:39.946+0700][gc,heap     ] GC(717) Humongous regions: 129->129
[2024-12-18T16:51:39.946+0700][gc,metaspace] GC(717) Metaspace: 45869K(46464K)->45869K(46464K) NonClass: 40623K(40960K)->40623K(40960K) Class: 5245K(5504K)->5245K(5504K)
[2024-12-18T16:51:39.946+0700][gc          ] GC(717) Pause Young (Normal) (G1 Evacuation Pause) 591M->545M(1024M) 73.313ms
[2024-12-18T16:51:39.946+0700][gc,cpu      ] GC(717) User=0.13s Sys=0.00s Real=0.08s
[2024-12-18T16:53:31.444+0700][gc,start    ] GC(718) Pause Young (Normal) (G1 Evacuation Pause)
[2024-12-18T16:53:31.444+0700][gc,task     ] GC(718) Using 2 workers of 2 for evacuation
[2024-12-18T16:53:31.503+0700][gc,mmu      ] GC(718) MMU target violated: 21.0ms (20.0ms/21.0ms)
[2024-12-18T16:53:31.504+0700][gc,phases   ] GC(718)   Pre Evacuate Collection Set: 2.8ms
[2024-12-18T16:53:31.504+0700][gc,phases   ] GC(718)   Merge Heap Roots: 0.6ms
[2024-12-18T16:53:31.504+0700][gc,phases   ] GC(718)   Evacuate Collection Set: 50.3ms
[2024-12-18T16:53:31.504+0700][gc,phases   ] GC(718)   Post Evacuate Collection Set: 5.1ms
[2024-12-18T16:53:31.504+0700][gc,phases   ] GC(718)   Other: 1.2ms
[2024-12-18T16:53:31.504+0700][gc,heap     ] GC(718) Eden regions: 48->0(45)
[2024-12-18T16:53:31.504+0700][gc,heap     ] GC(718) Survivor regions: 3->6(7)
[2024-12-18T16:53:31.504+0700][gc,heap     ] GC(718) Old regions: 413->413
[2024-12-18T16:53:31.504+0700][gc,heap     ] GC(718) Archive regions: 2->2
[2024-12-18T16:53:31.504+0700][gc,heap     ] GC(718) Humongous regions: 129->129
[2024-12-18T16:53:31.504+0700][gc,metaspace] GC(718) Metaspace: 45869K(46464K)->45869K(46464K) NonClass: 40624K(40960K)->40624K(40960K) Class: 5245K(5504K)->5245K(5504K)
[2024-12-18T16:53:31.504+0700][gc          ] GC(718) Pause Young (Normal) (G1 Evacuation Pause) 593M->548M(1024M) 60.216ms
[2024-12-18T16:53:31.504+0700][gc,cpu      ] GC(718) User=0.11s Sys=0.00s Real=0.06s
[2024-12-18T16:55:15.828+0700][gc,start    ] GC(719) Pause Young (Normal) (G1 Evacuation Pause)
[2024-12-18T16:55:15.829+0700][gc,task     ] GC(719) Using 2 workers of 2 for evacuation
[2024-12-18T16:55:15.886+0700][gc,mmu      ] GC(719) MMU target violated: 21.0ms (20.0ms/21.0ms)
[2024-12-18T16:55:15.886+0700][gc,phases   ] GC(719)   Pre Evacuate Collection Set: 2.6ms
[2024-12-18T16:55:15.886+0700][gc,phases   ] GC(719)   Merge Heap Roots: 0.8ms
[2024-12-18T16:55:15.886+0700][gc,phases   ] GC(719)   Evacuate Collection Set: 50.5ms
[2024-12-18T16:55:15.886+0700][gc,phases   ] GC(719)   Post Evacuate Collection Set: 3.1ms
[2024-12-18T16:55:15.886+0700][gc,phases   ] GC(719)   Other: 1.1ms
[2024-12-18T16:55:15.886+0700][gc,heap     ] GC(719) Eden regions: 45->0(45)
[2024-12-18T16:55:15.886+0700][gc,heap     ] GC(719) Survivor regions: 6->6(7)
[2024-12-18T16:55:15.886+0700][gc,heap     ] GC(719) Old regions: 413->415
[2024-12-18T16:55:15.886+0700][gc,heap     ] GC(719) Archive regions: 2->2
[2024-12-18T16:55:15.886+0700][gc,heap     ] GC(719) Humongous regions: 129->129
[2024-12-18T16:55:15.886+0700][gc,metaspace] GC(719) Metaspace: 45869K(46464K)->45869K(46464K) NonClass: 40624K(40960K)->40624K(40960K) Class: 5245K(5504K)->5245K(5504K)
[2024-12-18T16:55:15.887+0700][gc          ] GC(719) Pause Young (Normal) (G1 Evacuation Pause) 593M->550M(1024M) 58.133ms
[2024-12-18T16:55:15.887+0700][gc,cpu      ] GC(719) User=0.11s Sys=0.00s Real=0.06s
[2024-12-18T16:56:59.983+0700][gc,start    ] GC(720) Pause Young (Normal) (G1 Evacuation Pause)
[2024-12-18T16:56:59.983+0700][gc,task     ] GC(720) Using 2 workers of 2 for evacuation
[2024-12-18T16:57:00.028+0700][gc,mmu      ] GC(720) MMU target violated: 21.0ms (20.0ms/21.0ms)
[2024-12-18T16:57:00.029+0700][gc,phases   ] GC(720)   Pre Evacuate Collection Set: 0.8ms
[2024-12-18T16:57:00.029+0700][gc,phases   ] GC(720)   Merge Heap Roots: 0.7ms
[2024-12-18T16:57:00.029+0700][gc,phases   ] GC(720)   Evacuate Collection Set: 42.1ms
[2024-12-18T16:57:00.029+0700][gc,phases   ] GC(720)   Post Evacuate Collection Set: 1.9ms
[2024-12-18T16:57:00.029+0700][gc,phases   ] GC(720)   Other: 0.5ms
[2024-12-18T16:57:00.029+0700][gc,heap     ] GC(720) Eden regions: 45->0(46)
[2024-12-18T16:57:00.029+0700][gc,heap     ] GC(720) Survivor regions: 6->5(7)
[2024-12-18T16:57:00.029+0700][gc,heap     ] GC(720) Old regions: 415->419
[2024-12-18T16:57:00.029+0700][gc,heap     ] GC(720) Archive regions: 2->2
[2024-12-18T16:57:00.029+0700][gc,heap     ] GC(720) Humongous regions: 129->129
[2024-12-18T16:57:00.029+0700][gc,metaspace] GC(720) Metaspace: 45869K(46464K)->45869K(46464K) NonClass: 40624K(40960K)->40624K(40960K) Class: 5245K(5504K)->5245K(5504K)
[2024-12-18T16:57:00.029+0700][gc          ] GC(720) Pause Young (Normal) (G1 Evacuation Pause) 595M->553M(1024M) 46.221ms
[2024-12-18T16:57:00.029+0700][gc,cpu      ] GC(720) User=0.09s Sys=0.00s Real=0.04s
[2024-12-18T16:58:46.041+0700][gc,start    ] GC(721) Pause Young (Normal) (G1 Evacuation Pause)
[2024-12-18T16:58:46.041+0700][gc,task     ] GC(721) Using 2 workers of 2 for evacuation
[2024-12-18T16:58:46.068+0700][gc,mmu      ] GC(721) MMU target violated: 21.0ms (20.0ms/21.0ms)
[2024-12-18T16:58:46.069+0700][gc,phases   ] GC(721)   Pre Evacuate Collection Set: 0.5ms
[2024-12-18T16:58:46.069+0700][gc,phases   ] GC(721)   Merge Heap Roots: 0.4ms
[2024-12-18T16:58:46.069+0700][gc,phases   ] GC(721)   Evacuate Collection Set: 24.5ms
[2024-12-18T16:58:46.069+0700][gc,phases   ] GC(721)   Post Evacuate Collection Set: 1.6ms
[2024-12-18T16:58:46.069+0700][gc,phases   ] GC(721)   Other: 0.4ms
[2024-12-18T16:58:46.069+0700][gc,heap     ] GC(721) Eden regions: 46->0(48)
[2024-12-18T16:58:46.069+0700][gc,heap     ] GC(721) Survivor regions: 5->3(7)
[2024-12-18T16:58:46.069+0700][gc,heap     ] GC(721) Old regions: 419->421
[2024-12-18T16:58:46.069+0700][gc,heap     ] GC(721) Archive regions: 2->2
[2024-12-18T16:58:46.069+0700][gc,heap     ] GC(721) Humongous regions: 129->129
[2024-12-18T16:58:46.069+0700][gc,metaspace] GC(721) Metaspace: 45869K(46464K)->45869K(46464K) NonClass: 40624K(40960K)->40624K(40960K) Class: 5245K(5504K)->5245K(5504K)
[2024-12-18T16:58:46.069+0700][gc          ] GC(721) Pause Young (Normal) (G1 Evacuation Pause) 599M->553M(1024M) 27.571ms
[2024-12-18T16:58:46.069+0700][gc,cpu      ] GC(721) User=0.05s Sys=0.00s Real=0.03s
[2024-12-18T17:00:36.764+0700][gc,start    ] GC(722) Pause Young (Normal) (G1 Evacuation Pause)
[2024-12-18T17:00:36.764+0700][gc,task     ] GC(722) Using 2 workers of 2 for evacuation
[2024-12-18T17:00:36.791+0700][gc,mmu      ] GC(722) MMU target violated: 21.0ms (20.0ms/21.0ms)
[2024-12-18T17:00:36.791+0700][gc,phases   ] GC(722)   Pre Evacuate Collection Set: 0.5ms
[2024-12-18T17:00:36.791+0700][gc,phases   ] GC(722)   Merge Heap Roots: 0.3ms
[2024-12-18T17:00:36.791+0700][gc,phases   ] GC(722)   Evacuate Collection Set: 24.6ms
[2024-12-18T17:00:36.791+0700][gc,phases   ] GC(722)   Post Evacuate Collection Set: 1.4ms
[2024-12-18T17:00:36.791+0700][gc,phases   ] GC(722)   Other: 0.4ms
[2024-12-18T17:00:36.791+0700][gc,heap     ] GC(722) Eden regions: 48->0(45)
[2024-12-18T17:00:36.791+0700][gc,heap     ] GC(722) Survivor regions: 3->6(7)
[2024-12-18T17:00:36.791+0700][gc,heap     ] GC(722) Old regions: 421->421
[2024-12-18T17:00:36.791+0700][gc,heap     ] GC(722) Archive regions: 2->2
[2024-12-18T17:00:36.791+0700][gc,heap     ] GC(722) Humongous regions: 129->129
[2024-12-18T17:00:36.791+0700][gc,metaspace] GC(722) Metaspace: 45869K(46464K)->45869K(46464K) NonClass: 40624K(40960K)->40624K(40960K) Class: 5245K(5504K)->5245K(5504K)
[2024-12-18T17:00:36.791+0700][gc          ] GC(722) Pause Young (Normal) (G1 Evacuation Pause) 601M->556M(1024M) 27.305ms
[2024-12-18T17:00:36.791+0700][gc,cpu      ] GC(722) User=0.06s Sys=0.00s Real=0.02s
[2024-12-18T17:02:21.473+0700][gc,start    ] GC(723) Pause Young (Normal) (G1 Evacuation Pause)
[2024-12-18T17:02:21.473+0700][gc,task     ] GC(723) Using 2 workers of 2 for evacuation
[2024-12-18T17:02:21.522+0700][gc,mmu      ] GC(723) MMU target violated: 21.0ms (20.0ms/21.0ms)
[2024-12-18T17:02:21.523+0700][gc,phases   ] GC(723)   Pre Evacuate Collection Set: 0.9ms
[2024-12-18T17:02:21.523+0700][gc,phases   ] GC(723)   Merge Heap Roots: 0.7ms
[2024-12-18T17:02:21.523+0700][gc,phases   ] GC(723)   Evacuate Collection Set: 45.5ms
[2024-12-18T17:02:21.523+0700][gc,phases   ] GC(723)   Post Evacuate Collection Set: 2.1ms
[2024-12-18T17:02:21.523+0700][gc,phases   ] GC(723)   Other: 0.7ms
[2024-12-18T17:02:21.523+0700][gc,heap     ] GC(723) Eden regions: 45->0(46)
[2024-12-18T17:02:21.523+0700][gc,heap     ] GC(723) Survivor regions: 6->5(7)
[2024-12-18T17:02:21.523+0700][gc,heap     ] GC(723) Old regions: 421->425
[2024-12-18T17:02:21.523+0700][gc,heap     ] GC(723) Archive regions: 2->2
[2024-12-18T17:02:21.523+0700][gc,heap     ] GC(723) Humongous regions: 129->129
[2024-12-18T17:02:21.523+0700][gc,metaspace] GC(723) Metaspace: 45869K(46464K)->45869K(46464K) NonClass: 40624K(40960K)->40624K(40960K) Class: 5245K(5504K)->5245K(5504K)
[2024-12-18T17:02:21.523+0700][gc          ] GC(723) Pause Young (Normal) (G1 Evacuation Pause) 601M->559M(1024M) 49.820ms
[2024-12-18T17:02:21.523+0700][gc,cpu      ] GC(723) User=0.09s Sys=0.00s Real=0.06s
[2024-12-18T17:04:07.106+0700][gc,start    ] GC(724) Pause Young (Normal) (G1 Evacuation Pause)
[2024-12-18T17:04:07.106+0700][gc,task     ] GC(724) Using 2 workers of 2 for evacuation
[2024-12-18T17:04:07.135+0700][gc,mmu      ] GC(724) MMU target violated: 21.0ms (20.0ms/21.0ms)
[2024-12-18T17:04:07.135+0700][gc,phases   ] GC(724)   Pre Evacuate Collection Set: 0.7ms
[2024-12-18T17:04:07.135+0700][gc,phases   ] GC(724)   Merge Heap Roots: 0.4ms
[2024-12-18T17:04:07.135+0700][gc,phases   ] GC(724)   Evacuate Collection Set: 25.2ms
[2024-12-18T17:04:07.135+0700][gc,phases   ] GC(724)   Post Evacuate Collection Set: 2.5ms
[2024-12-18T17:04:07.135+0700][gc,phases   ] GC(724)   Other: 0.5ms
[2024-12-18T17:04:07.135+0700][gc,heap     ] GC(724) Eden regions: 46->0(48)
[2024-12-18T17:04:07.135+0700][gc,heap     ] GC(724) Survivor regions: 5->3(7)
[2024-12-18T17:04:07.135+0700][gc,heap     ] GC(724) Old regions: 425->427
[2024-12-18T17:04:07.135+0700][gc,heap     ] GC(724) Archive regions: 2->2
[2024-12-18T17:04:07.135+0700][gc,heap     ] GC(724) Humongous regions: 129->129
[2024-12-18T17:04:07.135+0700][gc,metaspace] GC(724) Metaspace: 45869K(46464K)->45869K(46464K) NonClass: 40624K(40960K)->40624K(40960K) Class: 5245K(5504K)->5245K(5504K)
[2024-12-18T17:04:07.135+0700][gc          ] GC(724) Pause Young (Normal) (G1 Evacuation Pause) 605M->559M(1024M) 29.416ms
[2024-12-18T17:04:07.135+0700][gc,cpu      ] GC(724) User=0.05s Sys=0.00s Real=0.03s
[2024-12-18T17:05:58.666+0700][gc,start    ] GC(725) Pause Young (Normal) (G1 Evacuation Pause)
[2024-12-18T17:05:58.666+0700][gc,task     ] GC(725) Using 2 workers of 2 for evacuation
[2024-12-18T17:05:58.695+0700][gc,mmu      ] GC(725) MMU target violated: 21.0ms (20.0ms/21.0ms)
[2024-12-18T17:05:58.695+0700][gc,phases   ] GC(725)   Pre Evacuate Collection Set: 0.6ms
[2024-12-18T17:05:58.695+0700][gc,phases   ] GC(725)   Merge Heap Roots: 0.4ms
[2024-12-18T17:05:58.695+0700][gc,phases   ] GC(725)   Evacuate Collection Set: 25.9ms
[2024-12-18T17:05:58.695+0700][gc,phases   ] GC(725)   Post Evacuate Collection Set: 1.5ms
[2024-12-18T17:05:58.695+0700][gc,phases   ] GC(725)   Other: 0.5ms
[2024-12-18T17:05:58.695+0700][gc,heap     ] GC(725) Eden regions: 48->0(45)
[2024-12-18T17:05:58.695+0700][gc,heap     ] GC(725) Survivor regions: 3->6(7)
[2024-12-18T17:05:58.695+0700][gc,heap     ] GC(725) Old regions: 427->427
[2024-12-18T17:05:58.695+0700][gc,heap     ] GC(725) Archive regions: 2->2
[2024-12-18T17:05:58.695+0700][gc,heap     ] GC(725) Humongous regions: 129->129
[2024-12-18T17:05:58.695+0700][gc,metaspace] GC(725) Metaspace: 45869K(46464K)->45869K(46464K) NonClass: 40624K(40960K)->40624K(40960K) Class: 5245K(5504K)->5245K(5504K)
[2024-12-18T17:05:58.695+0700][gc          ] GC(725) Pause Young (Normal) (G1 Evacuation Pause) 607M->562M(1024M) 28.865ms
[2024-12-18T17:05:58.695+0700][gc,cpu      ] GC(725) User=0.06s Sys=0.00s Real=0.03s
[2024-12-18T17:07:42.638+0700][gc,start    ] GC(726) Pause Young (Normal) (G1 Evacuation Pause)
[2024-12-18T17:07:42.638+0700][gc,task     ] GC(726) Using 2 workers of 2 for evacuation
[2024-12-18T17:07:42.681+0700][gc,mmu      ] GC(726) MMU target violated: 21.0ms (20.0ms/21.0ms)
[2024-12-18T17:07:42.682+0700][gc,phases   ] GC(726)   Pre Evacuate Collection Set: 1.7ms
[2024-12-18T17:07:42.682+0700][gc,phases   ] GC(726)   Merge Heap Roots: 0.5ms
[2024-12-18T17:07:42.682+0700][gc,phases   ] GC(726)   Evacuate Collection Set: 39.2ms
[2024-12-18T17:07:42.682+0700][gc,phases   ] GC(726)   Post Evacuate Collection Set: 1.8ms
[2024-12-18T17:07:42.682+0700][gc,phases   ] GC(726)   Other: 1.0ms
[2024-12-18T17:07:42.682+0700][gc,heap     ] GC(726) Eden regions: 45->0(45)
[2024-12-18T17:07:42.682+0700][gc,heap     ] GC(726) Survivor regions: 6->6(7)
[2024-12-18T17:07:42.682+0700][gc,heap     ] GC(726) Old regions: 427->429
[2024-12-18T17:07:42.682+0700][gc,heap     ] GC(726) Archive regions: 2->2
[2024-12-18T17:07:42.682+0700][gc,heap     ] GC(726) Humongous regions: 129->129
[2024-12-18T17:07:42.682+0700][gc,metaspace] GC(726) Metaspace: 45869K(46464K)->45869K(46464K) NonClass: 40624K(40960K)->40624K(40960K) Class: 5245K(5504K)->5245K(5504K)
[2024-12-18T17:07:42.682+0700][gc          ] GC(726) Pause Young (Normal) (G1 Evacuation Pause) 607M->564M(1024M) 44.342ms
[2024-12-18T17:07:42.682+0700][gc,cpu      ] GC(726) User=0.08s Sys=0.00s Real=0.04s
[2024-12-18T17:09:26.768+0700][gc,start    ] GC(727) Pause Young (Normal) (G1 Evacuation Pause)
[2024-12-18T17:09:26.768+0700][gc,task     ] GC(727) Using 2 workers of 2 for evacuation
[2024-12-18T17:09:26.815+0700][gc,mmu      ] GC(727) MMU target violated: 21.0ms (20.0ms/21.0ms)
[2024-12-18T17:09:26.815+0700][gc,phases   ] GC(727)   Pre Evacuate Collection Set: 0.8ms
[2024-12-18T17:09:26.815+0700][gc,phases   ] GC(727)   Merge Heap Roots: 0.7ms
[2024-12-18T17:09:26.815+0700][gc,phases   ] GC(727)   Evacuate Collection Set: 43.5ms
[2024-12-18T17:09:26.816+0700][gc,phases   ] GC(727)   Post Evacuate Collection Set: 1.7ms
[2024-12-18T17:09:26.816+0700][gc,phases   ] GC(727)   Other: 0.6ms
[2024-12-18T17:09:26.816+0700][gc,heap     ] GC(727) Eden regions: 45->0(46)
[2024-12-18T17:09:26.816+0700][gc,heap     ] GC(727) Survivor regions: 6->5(7)
[2024-12-18T17:09:26.816+0700][gc,heap     ] GC(727) Old regions: 429->433
[2024-12-18T17:09:26.816+0700][gc,heap     ] GC(727) Archive regions: 2->2
[2024-12-18T17:09:26.816+0700][gc,heap     ] GC(727) Humongous regions: 129->129
[2024-12-18T17:09:26.816+0700][gc,metaspace] GC(727) Metaspace: 45869K(46464K)->45869K(46464K) NonClass: 40624K(40960K)->40624K(40960K) Class: 5245K(5504K)->5245K(5504K)
[2024-12-18T17:09:26.816+0700][gc          ] GC(727) Pause Young (Normal) (G1 Evacuation Pause) 609M->567M(1024M) 47.342ms
[2024-12-18T17:09:26.816+0700][gc,cpu      ] GC(727) User=0.09s Sys=0.00s Real=0.05s
[2024-12-18T17:11:13.889+0700][gc,start    ] GC(728) Pause Young (Normal) (G1 Evacuation Pause)
[2024-12-18T17:11:13.889+0700][gc,task     ] GC(728) Using 2 workers of 2 for evacuation
[2024-12-18T17:11:13.925+0700][gc,mmu      ] GC(728) MMU target violated: 21.0ms (20.0ms/21.0ms)
[2024-12-18T17:11:13.925+0700][gc,phases   ] GC(728)   Pre Evacuate Collection Set: 3.5ms
[2024-12-18T17:11:13.925+0700][gc,phases   ] GC(728)   Merge Heap Roots: 0.9ms
[2024-12-18T17:11:13.925+0700][gc,phases   ] GC(728)   Evacuate Collection Set: 28.1ms
[2024-12-18T17:11:13.925+0700][gc,phases   ] GC(728)   Post Evacuate Collection Set: 2.9ms
[2024-12-18T17:11:13.925+0700][gc,phases   ] GC(728)   Other: 0.9ms
[2024-12-18T17:11:13.925+0700][gc,heap     ] GC(728) Eden regions: 46->0(48)
[2024-12-18T17:11:13.925+0700][gc,heap     ] GC(728) Survivor regions: 5->3(7)
[2024-12-18T17:11:13.925+0700][gc,heap     ] GC(728) Old regions: 433->435
[2024-12-18T17:11:13.925+0700][gc,heap     ] GC(728) Archive regions: 2->2
[2024-12-18T17:11:13.925+0700][gc,heap     ] GC(728) Humongous regions: 129->129
[2024-12-18T17:11:13.925+0700][gc,metaspace] GC(728) Metaspace: 45869K(46464K)->45869K(46464K) NonClass: 40624K(40960K)->40624K(40960K) Class: 5245K(5504K)->5245K(5504K)
[2024-12-18T17:11:13.925+0700][gc          ] GC(728) Pause Young (Normal) (G1 Evacuation Pause) 613M->567M(1024M) 36.489ms
[2024-12-18T17:11:13.925+0700][gc,cpu      ] GC(728) User=0.06s Sys=0.01s Real=0.04s
[2024-12-18T17:13:05.376+0700][gc,start    ] GC(729) Pause Young (Normal) (G1 Evacuation Pause)
[2024-12-18T17:13:05.377+0700][gc,task     ] GC(729) Using 2 workers of 2 for evacuation
[2024-12-18T17:13:05.409+0700][gc,mmu      ] GC(729) MMU target violated: 21.0ms (20.0ms/21.0ms)
[2024-12-18T17:13:05.409+0700][gc,phases   ] GC(729)   Pre Evacuate Collection Set: 0.8ms
[2024-12-18T17:13:05.409+0700][gc,phases   ] GC(729)   Merge Heap Roots: 0.6ms
[2024-12-18T17:13:05.409+0700][gc,phases   ] GC(729)   Evacuate Collection Set: 28.5ms
[2024-12-18T17:13:05.409+0700][gc,phases   ] GC(729)   Post Evacuate Collection Set: 1.9ms
[2024-12-18T17:13:05.409+0700][gc,phases   ] GC(729)   Other: 0.4ms
[2024-12-18T17:13:05.409+0700][gc,heap     ] GC(729) Eden regions: 48->0(45)
[2024-12-18T17:13:05.409+0700][gc,heap     ] GC(729) Survivor regions: 3->6(7)
[2024-12-18T17:13:05.409+0700][gc,heap     ] GC(729) Old regions: 435->435
[2024-12-18T17:13:05.409+0700][gc,heap     ] GC(729) Archive regions: 2->2
[2024-12-18T17:13:05.409+0700][gc,heap     ] GC(729) Humongous regions: 129->129
[2024-12-18T17:13:05.409+0700][gc,metaspace] GC(729) Metaspace: 45869K(46464K)->45869K(46464K) NonClass: 40624K(40960K)->40624K(40960K) Class: 5245K(5504K)->5245K(5504K)
[2024-12-18T17:13:05.409+0700][gc          ] GC(729) Pause Young (Normal) (G1 Evacuation Pause) 615M->570M(1024M) 32.481ms
[2024-12-18T17:13:05.409+0700][gc,cpu      ] GC(729) User=0.06s Sys=0.00s Real=0.03s
[2024-12-18T17:14:43.065+0700][gc,start    ] GC(730) Pause Young (Normal) (G1 Evacuation Pause)
[2024-12-18T17:14:43.065+0700][gc,task     ] GC(730) Using 2 workers of 2 for evacuation
[2024-12-18T17:14:43.110+0700][gc,mmu      ] GC(730) MMU target violated: 21.0ms (20.0ms/21.0ms)
[2024-12-18T17:14:43.111+0700][gc,phases   ] GC(730)   Pre Evacuate Collection Set: 0.5ms
[2024-12-18T17:14:43.111+0700][gc,phases   ] GC(730)   Merge Heap Roots: 0.8ms
[2024-12-18T17:14:43.111+0700][gc,phases   ] GC(730)   Evacuate Collection Set: 42.3ms
[2024-12-18T17:14:43.111+0700][gc,phases   ] GC(730)   Post Evacuate Collection Set: 1.7ms
[2024-12-18T17:14:43.111+0700][gc,phases   ] GC(730)   Other: 0.5ms
[2024-12-18T17:14:43.111+0700][gc,heap     ] GC(730) Eden regions: 45->0(44)
[2024-12-18T17:14:43.111+0700][gc,heap     ] GC(730) Survivor regions: 6->7(7)
[2024-12-18T17:14:43.111+0700][gc,heap     ] GC(730) Old regions: 435->438
[2024-12-18T17:14:43.111+0700][gc,heap     ] GC(730) Archive regions: 2->2
[2024-12-18T17:14:43.111+0700][gc,heap     ] GC(730) Humongous regions: 129->129
[2024-12-18T17:14:43.111+0700][gc,metaspace] GC(730) Metaspace: 45869K(46464K)->45869K(46464K) NonClass: 40624K(40960K)->40624K(40960K) Class: 5245K(5504K)->5245K(5504K)
[2024-12-18T17:14:43.111+0700][gc          ] GC(730) Pause Young (Normal) (G1 Evacuation Pause) 615M->573M(1024M) 45.918ms
[2024-12-18T17:14:43.111+0700][gc,cpu      ] GC(730) User=0.09s Sys=0.00s Real=0.04s
[2024-12-18T17:16:25.219+0700][gc,start    ] GC(731) Pause Young (Normal) (G1 Evacuation Pause)
[2024-12-18T17:16:25.219+0700][gc,task     ] GC(731) Using 2 workers of 2 for evacuation
[2024-12-18T17:16:25.278+0700][gc,mmu      ] GC(731) MMU target violated: 21.0ms (20.0ms/21.0ms)
[2024-12-18T17:16:25.278+0700][gc,phases   ] GC(731)   Pre Evacuate Collection Set: 5.5ms
[2024-12-18T17:16:25.278+0700][gc,phases   ] GC(731)   Merge Heap Roots: 1.1ms
[2024-12-18T17:16:25.278+0700][gc,phases   ] GC(731)   Evacuate Collection Set: 49.5ms
[2024-12-18T17:16:25.278+0700][gc,phases   ] GC(731)   Post Evacuate Collection Set: 2.8ms
[2024-12-18T17:16:25.278+0700][gc,phases   ] GC(731)   Other: 1.0ms
[2024-12-18T17:16:25.278+0700][gc,heap     ] GC(731) Eden regions: 44->0(46)
[2024-12-18T17:16:25.278+0700][gc,heap     ] GC(731) Survivor regions: 7->5(7)
[2024-12-18T17:16:25.278+0700][gc,heap     ] GC(731) Old regions: 438->442
[2024-12-18T17:16:25.278+0700][gc,heap     ] GC(731) Archive regions: 2->2
[2024-12-18T17:16:25.278+0700][gc,heap     ] GC(731) Humongous regions: 129->129
[2024-12-18T17:16:25.278+0700][gc,metaspace] GC(731) Metaspace: 45869K(46464K)->45869K(46464K) NonClass: 40624K(40960K)->40624K(40960K) Class: 5245K(5504K)->5245K(5504K)
[2024-12-18T17:16:25.279+0700][gc          ] GC(731) Pause Young (Normal) (G1 Evacuation Pause) 617M->576M(1024M) 60.028ms
[2024-12-18T17:16:25.279+0700][gc,cpu      ] GC(731) User=0.10s Sys=0.00s Real=0.06s
[2024-12-18T17:18:11.772+0700][gc,start    ] GC(732) Pause Young (Normal) (G1 Evacuation Pause)
[2024-12-18T17:18:11.772+0700][gc,task     ] GC(732) Using 2 workers of 2 for evacuation
[2024-12-18T17:18:11.801+0700][gc,mmu      ] GC(732) MMU target violated: 21.0ms (20.0ms/21.0ms)
[2024-12-18T17:18:11.801+0700][gc,phases   ] GC(732)   Pre Evacuate Collection Set: 0.9ms
[2024-12-18T17:18:11.801+0700][gc,phases   ] GC(732)   Merge Heap Roots: 0.4ms
[2024-12-18T17:18:11.801+0700][gc,phases   ] GC(732)   Evacuate Collection Set: 24.7ms
[2024-12-18T17:18:11.801+0700][gc,phases   ] GC(732)   Post Evacuate Collection Set: 2.5ms
[2024-12-18T17:18:11.801+0700][gc,phases   ] GC(732)   Other: 0.6ms
[2024-12-18T17:18:11.801+0700][gc,heap     ] GC(732) Eden regions: 46->0(48)
[2024-12-18T17:18:11.801+0700][gc,heap     ] GC(732) Survivor regions: 5->3(7)
[2024-12-18T17:18:11.801+0700][gc,heap     ] GC(732) Old regions: 442->443
[2024-12-18T17:18:11.801+0700][gc,heap     ] GC(732) Archive regions: 2->2
[2024-12-18T17:18:11.801+0700][gc,heap     ] GC(732) Humongous regions: 129->129
[2024-12-18T17:18:11.801+0700][gc,metaspace] GC(732) Metaspace: 45869K(46464K)->45869K(46464K) NonClass: 40624K(40960K)->40624K(40960K) Class: 5245K(5504K)->5245K(5504K)
[2024-12-18T17:18:11.801+0700][gc          ] GC(732) Pause Young (Normal) (G1 Evacuation Pause) 622M->575M(1024M) 29.086ms
[2024-12-18T17:18:11.801+0700][gc,cpu      ] GC(732) User=0.06s Sys=0.00s Real=0.03s
[2024-12-18T17:20:03.607+0700][gc,start    ] GC(733) Pause Young (Normal) (G1 Evacuation Pause)
[2024-12-18T17:20:03.608+0700][gc,task     ] GC(733) Using 2 workers of 2 for evacuation
[2024-12-18T17:20:03.653+0700][gc,mmu      ] GC(733) MMU target violated: 21.0ms (20.0ms/21.0ms)
[2024-12-18T17:20:03.653+0700][gc,phases   ] GC(733)   Pre Evacuate Collection Set: 2.5ms
[2024-12-18T17:20:03.653+0700][gc,phases   ] GC(733)   Merge Heap Roots: 0.8ms
[2024-12-18T17:20:03.653+0700][gc,phases   ] GC(733)   Evacuate Collection Set: 36.4ms
[2024-12-18T17:20:03.653+0700][gc,phases   ] GC(733)   Post Evacuate Collection Set: 4.4ms
[2024-12-18T17:20:03.653+0700][gc,phases   ] GC(733)   Other: 2.7ms
[2024-12-18T17:20:03.653+0700][gc,heap     ] GC(733) Eden regions: 48->0(45)
[2024-12-18T17:20:03.653+0700][gc,heap     ] GC(733) Survivor regions: 3->6(7)
[2024-12-18T17:20:03.653+0700][gc,heap     ] GC(733) Old regions: 443->443
[2024-12-18T17:20:03.653+0700][gc,heap     ] GC(733) Archive regions: 2->2
[2024-12-18T17:20:03.653+0700][gc,heap     ] GC(733) Humongous regions: 129->129
[2024-12-18T17:20:03.653+0700][gc,metaspace] GC(733) Metaspace: 45869K(46464K)->45869K(46464K) NonClass: 40624K(40960K)->40624K(40960K) Class: 5245K(5504K)->5245K(5504K)
[2024-12-18T17:20:03.654+0700][gc          ] GC(733) Pause Young (Normal) (G1 Evacuation Pause) 623M->578M(1024M) 46.833ms
[2024-12-18T17:20:03.654+0700][gc,cpu      ] GC(733) User=0.08s Sys=0.00s Real=0.04s
[2024-12-18T17:21:47.872+0700][gc,start    ] GC(734) Pause Young (Normal) (G1 Evacuation Pause)
[2024-12-18T17:21:47.872+0700][gc,task     ] GC(734) Using 2 workers of 2 for evacuation
[2024-12-18T17:21:47.923+0700][gc,mmu      ] GC(734) MMU target violated: 21.0ms (20.0ms/21.0ms)
[2024-12-18T17:21:47.923+0700][gc,phases   ] GC(734)   Pre Evacuate Collection Set: 2.5ms
[2024-12-18T17:21:47.923+0700][gc,phases   ] GC(734)   Merge Heap Roots: 0.5ms
[2024-12-18T17:21:47.923+0700][gc,phases   ] GC(734)   Evacuate Collection Set: 44.8ms
[2024-12-18T17:21:47.923+0700][gc,phases   ] GC(734)   Post Evacuate Collection Set: 2.1ms
[2024-12-18T17:21:47.923+0700][gc,phases   ] GC(734)   Other: 1.1ms
[2024-12-18T17:21:47.923+0700][gc,heap     ] GC(734) Eden regions: 45->0(44)
[2024-12-18T17:21:47.923+0700][gc,heap     ] GC(734) Survivor regions: 6->7(7)
[2024-12-18T17:21:47.923+0700][gc,heap     ] GC(734) Old regions: 443->445
[2024-12-18T17:21:47.923+0700][gc,heap     ] GC(734) Archive regions: 2->2
[2024-12-18T17:21:47.923+0700][gc,heap     ] GC(734) Humongous regions: 129->129
[2024-12-18T17:21:47.923+0700][gc,metaspace] GC(734) Metaspace: 45869K(46464K)->45869K(46464K) NonClass: 40624K(40960K)->40624K(40960K) Class: 5245K(5504K)->5245K(5504K)
[2024-12-18T17:21:47.923+0700][gc          ] GC(734) Pause Young (Normal) (G1 Evacuation Pause) 623M->581M(1024M) 51.029ms
[2024-12-18T17:21:47.923+0700][gc,cpu      ] GC(734) User=0.10s Sys=0.00s Real=0.06s
[2024-12-18T17:23:29.489+0700][gc,start    ] GC(735) Pause Young (Normal) (G1 Evacuation Pause)
[2024-12-18T17:23:29.489+0700][gc,task     ] GC(735) Using 2 workers of 2 for evacuation
[2024-12-18T17:23:29.534+0700][gc,mmu      ] GC(735) MMU target violated: 21.0ms (20.0ms/21.0ms)
[2024-12-18T17:23:29.534+0700][gc,phases   ] GC(735)   Pre Evacuate Collection Set: 0.7ms
[2024-12-18T17:23:29.534+0700][gc,phases   ] GC(735)   Merge Heap Roots: 0.4ms
[2024-12-18T17:23:29.534+0700][gc,phases   ] GC(735)   Evacuate Collection Set: 40.8ms
[2024-12-18T17:23:29.534+0700][gc,phases   ] GC(735)   Post Evacuate Collection Set: 2.5ms
[2024-12-18T17:23:29.534+0700][gc,phases   ] GC(735)   Other: 0.5ms
[2024-12-18T17:23:29.534+0700][gc,heap     ] GC(735) Eden regions: 44->0(46)
[2024-12-18T17:23:29.534+0700][gc,heap     ] GC(735) Survivor regions: 7->5(7)
[2024-12-18T17:23:29.534+0700][gc,heap     ] GC(735) Old regions: 445->449
[2024-12-18T17:23:29.534+0700][gc,heap     ] GC(735) Archive regions: 2->2
[2024-12-18T17:23:29.534+0700][gc,heap     ] GC(735) Humongous regions: 129->129
[2024-12-18T17:23:29.534+0700][gc,metaspace] GC(735) Metaspace: 45869K(46464K)->45869K(46464K) NonClass: 40624K(40960K)->40624K(40960K) Class: 5245K(5504K)->5245K(5504K)
[2024-12-18T17:23:29.534+0700][gc          ] GC(735) Pause Young (Normal) (G1 Evacuation Pause) 625M->583M(1024M) 44.916ms
[2024-12-18T17:23:29.534+0700][gc,cpu      ] GC(735) User=0.09s Sys=0.00s Real=0.05s
[2024-12-18T17:25:15.900+0700][gc,start    ] GC(736) Pause Young (Normal) (G1 Evacuation Pause)
[2024-12-18T17:25:15.900+0700][gc,task     ] GC(736) Using 2 workers of 2 for evacuation
[2024-12-18T17:25:15.930+0700][gc,mmu      ] GC(736) MMU target violated: 21.0ms (20.0ms/21.0ms)
[2024-12-18T17:25:15.930+0700][gc,phases   ] GC(736)   Pre Evacuate Collection Set: 0.8ms
[2024-12-18T17:25:15.930+0700][gc,phases   ] GC(736)   Merge Heap Roots: 1.0ms
[2024-12-18T17:25:15.930+0700][gc,phases   ] GC(736)   Evacuate Collection Set: 25.7ms
[2024-12-18T17:25:15.930+0700][gc,phases   ] GC(736)   Post Evacuate Collection Set: 2.4ms
[2024-12-18T17:25:15.930+0700][gc,phases   ] GC(736)   Other: 0.6ms
[2024-12-18T17:25:15.930+0700][gc,heap     ] GC(736) Eden regions: 46->0(48)
[2024-12-18T17:25:15.930+0700][gc,heap     ] GC(736) Survivor regions: 5->3(7)
[2024-12-18T17:25:15.930+0700][gc,heap     ] GC(736) Old regions: 449->452
[2024-12-18T17:25:15.930+0700][gc,heap     ] GC(736) Archive regions: 2->2
[2024-12-18T17:25:15.930+0700][gc,heap     ] GC(736) Humongous regions: 129->129
[2024-12-18T17:25:15.930+0700][gc,metaspace] GC(736) Metaspace: 45869K(46464K)->45869K(46464K) NonClass: 40624K(40960K)->40624K(40960K) Class: 5245K(5504K)->5245K(5504K)
[2024-12-18T17:25:15.930+0700][gc          ] GC(736) Pause Young (Normal) (G1 Evacuation Pause) 629M->584M(1024M) 30.594ms
[2024-12-18T17:25:15.930+0700][gc,cpu      ] GC(736) User=0.05s Sys=0.00s Real=0.03s
[2024-12-18T17:27:06.992+0700][gc,start    ] GC(737) Pause Young (Normal) (G1 Evacuation Pause)
[2024-12-18T17:27:06.992+0700][gc,task     ] GC(737) Using 2 workers of 2 for evacuation
[2024-12-18T17:27:07.030+0700][gc,mmu      ] GC(737) MMU target violated: 21.0ms (20.0ms/21.0ms)
[2024-12-18T17:27:07.030+0700][gc,phases   ] GC(737)   Pre Evacuate Collection Set: 2.0ms
[2024-12-18T17:27:07.030+0700][gc,phases   ] GC(737)   Merge Heap Roots: 1.1ms
[2024-12-18T17:27:07.030+0700][gc,phases   ] GC(737)   Evacuate Collection Set: 31.1ms
[2024-12-18T17:27:07.030+0700][gc,phases   ] GC(737)   Post Evacuate Collection Set: 3.2ms
[2024-12-18T17:27:07.030+0700][gc,phases   ] GC(737)   Other: 1.2ms
[2024-12-18T17:27:07.030+0700][gc,heap     ] GC(737) Eden regions: 48->0(45)
[2024-12-18T17:27:07.030+0700][gc,heap     ] GC(737) Survivor regions: 3->6(7)
[2024-12-18T17:27:07.030+0700][gc,heap     ] GC(737) Old regions: 452->452
[2024-12-18T17:27:07.030+0700][gc,heap     ] GC(737) Archive regions: 2->2
[2024-12-18T17:27:07.030+0700][gc,heap     ] GC(737) Humongous regions: 129->129
[2024-12-18T17:27:07.030+0700][gc,metaspace] GC(737) Metaspace: 45869K(46464K)->45869K(46464K) NonClass: 40624K(40960K)->40624K(40960K) Class: 5245K(5504K)->5245K(5504K)
[2024-12-18T17:27:07.030+0700][gc          ] GC(737) Pause Young (Normal) (G1 Evacuation Pause) 632M->586M(1024M) 38.684ms
[2024-12-18T17:27:07.030+0700][gc,cpu      ] GC(737) User=0.08s Sys=0.00s Real=0.04s
[2024-12-18T17:28:51.473+0700][gc,start    ] GC(738) Pause Young (Normal) (G1 Evacuation Pause)
[2024-12-18T17:28:51.473+0700][gc,task     ] GC(738) Using 2 workers of 2 for evacuation
[2024-12-18T17:28:51.518+0700][gc,mmu      ] GC(738) MMU target violated: 21.0ms (20.0ms/21.0ms)
[2024-12-18T17:28:51.518+0700][gc,phases   ] GC(738)   Pre Evacuate Collection Set: 1.7ms
[2024-12-18T17:28:51.518+0700][gc,phases   ] GC(738)   Merge Heap Roots: 0.4ms
[2024-12-18T17:28:51.518+0700][gc,phases   ] GC(738)   Evacuate Collection Set: 40.4ms
[2024-12-18T17:28:51.518+0700][gc,phases   ] GC(738)   Post Evacuate Collection Set: 1.9ms
[2024-12-18T17:28:51.518+0700][gc,phases   ] GC(738)   Other: 0.8ms
[2024-12-18T17:28:51.518+0700][gc,heap     ] GC(738) Eden regions: 45->0(46)
[2024-12-18T17:28:51.518+0700][gc,heap     ] GC(738) Survivor regions: 6->5(7)
[2024-12-18T17:28:51.518+0700][gc,heap     ] GC(738) Old regions: 452->456
[2024-12-18T17:28:51.518+0700][gc,heap     ] GC(738) Archive regions: 2->2
[2024-12-18T17:28:51.518+0700][gc,heap     ] GC(738) Humongous regions: 129->129
[2024-12-18T17:28:51.518+0700][gc,metaspace] GC(738) Metaspace: 45869K(46464K)->45869K(46464K) NonClass: 40624K(40960K)->40624K(40960K) Class: 5245K(5504K)->5245K(5504K)
[2024-12-18T17:28:51.518+0700][gc          ] GC(738) Pause Young (Normal) (G1 Evacuation Pause) 631M->589M(1024M) 45.384ms
[2024-12-18T17:28:51.519+0700][gc,cpu      ] GC(738) User=0.09s Sys=0.00s Real=0.05s
[2024-12-18T17:30:37.486+0700][gc,start    ] GC(739) Pause Young (Normal) (G1 Evacuation Pause)
[2024-12-18T17:30:37.486+0700][gc,task     ] GC(739) Using 2 workers of 2 for evacuation
[2024-12-18T17:30:37.523+0700][gc,mmu      ] GC(739) MMU target violated: 21.0ms (20.0ms/21.0ms)
[2024-12-18T17:30:37.523+0700][gc,phases   ] GC(739)   Pre Evacuate Collection Set: 1.5ms
[2024-12-18T17:30:37.523+0700][gc,phases   ] GC(739)   Merge Heap Roots: 0.6ms
[2024-12-18T17:30:37.523+0700][gc,phases   ] GC(739)   Evacuate Collection Set: 31.6ms
[2024-12-18T17:30:37.523+0700][gc,phases   ] GC(739)   Post Evacuate Collection Set: 2.4ms
[2024-12-18T17:30:37.523+0700][gc,phases   ] GC(739)   Other: 0.9ms
[2024-12-18T17:30:37.523+0700][gc,heap     ] GC(739) Eden regions: 46->0(48)
[2024-12-18T17:30:37.523+0700][gc,heap     ] GC(739) Survivor regions: 5->3(7)
[2024-12-18T17:30:37.523+0700][gc,heap     ] GC(739) Old regions: 456->458
[2024-12-18T17:30:37.523+0700][gc,heap     ] GC(739) Archive regions: 2->2
[2024-12-18T17:30:37.523+0700][gc,heap     ] GC(739) Humongous regions: 129->129
[2024-12-18T17:30:37.523+0700][gc,metaspace] GC(739) Metaspace: 45875K(46464K)->45875K(46464K) NonClass: 40630K(40960K)->40630K(40960K) Class: 5245K(5504K)->5245K(5504K)
[2024-12-18T17:30:37.523+0700][gc          ] GC(739) Pause Young (Normal) (G1 Evacuation Pause) 635M->589M(1024M) 37.132ms
[2024-12-18T17:30:37.523+0700][gc,cpu      ] GC(739) User=0.07s Sys=0.00s Real=0.04s
[2024-12-18T17:32:29.296+0700][gc,start    ] GC(740) Pause Young (Normal) (G1 Evacuation Pause)
[2024-12-18T17:32:29.297+0700][gc,task     ] GC(740) Using 2 workers of 2 for evacuation
[2024-12-18T17:32:29.327+0700][gc,mmu      ] GC(740) MMU target violated: 21.0ms (20.0ms/21.0ms)
[2024-12-18T17:32:29.327+0700][gc,phases   ] GC(740)   Pre Evacuate Collection Set: 0.6ms
[2024-12-18T17:32:29.327+0700][gc,phases   ] GC(740)   Merge Heap Roots: 0.6ms
[2024-12-18T17:32:29.327+0700][gc,phases   ] GC(740)   Evacuate Collection Set: 26.8ms
[2024-12-18T17:32:29.327+0700][gc,phases   ] GC(740)   Post Evacuate Collection Set: 2.2ms
[2024-12-18T17:32:29.327+0700][gc,phases   ] GC(740)   Other: 0.5ms
[2024-12-18T17:32:29.327+0700][gc,heap     ] GC(740) Eden regions: 48->0(45)
[2024-12-18T17:32:29.327+0700][gc,heap     ] GC(740) Survivor regions: 3->6(7)
[2024-12-18T17:32:29.327+0700][gc,heap     ] GC(740) Old regions: 458->458
[2024-12-18T17:32:29.327+0700][gc,heap     ] GC(740) Archive regions: 2->2
[2024-12-18T17:32:29.327+0700][gc,heap     ] GC(740) Humongous regions: 129->129
[2024-12-18T17:32:29.327+0700][gc,metaspace] GC(740) Metaspace: 45887K(46464K)->45887K(46464K) NonClass: 40641K(40960K)->40641K(40960K) Class: 5245K(5504K)->5245K(5504K)
[2024-12-18T17:32:29.327+0700][gc          ] GC(740) Pause Young (Normal) (G1 Evacuation Pause) 637M->592M(1024M) 30.788ms
[2024-12-18T17:32:29.327+0700][gc,cpu      ] GC(740) User=0.06s Sys=0.00s Real=0.03s
[2024-12-18T17:34:13.673+0700][gc,start    ] GC(741) Pause Young (Normal) (G1 Evacuation Pause)
[2024-12-18T17:34:13.673+0700][gc,task     ] GC(741) Using 2 workers of 2 for evacuation
[2024-12-18T17:34:13.718+0700][gc,mmu      ] GC(741) MMU target violated: 21.0ms (20.0ms/21.0ms)
[2024-12-18T17:34:13.718+0700][gc,phases   ] GC(741)   Pre Evacuate Collection Set: 1.0ms
[2024-12-18T17:34:13.718+0700][gc,phases   ] GC(741)   Merge Heap Roots: 0.7ms
[2024-12-18T17:34:13.718+0700][gc,phases   ] GC(741)   Evacuate Collection Set: 39.8ms
[2024-12-18T17:34:13.718+0700][gc,phases   ] GC(741)   Post Evacuate Collection Set: 2.6ms
[2024-12-18T17:34:13.718+0700][gc,phases   ] GC(741)   Other: 0.7ms
[2024-12-18T17:34:13.718+0700][gc,heap     ] GC(741) Eden regions: 45->0(45)
[2024-12-18T17:34:13.718+0700][gc,heap     ] GC(741) Survivor regions: 6->6(7)
[2024-12-18T17:34:13.718+0700][gc,heap     ] GC(741) Old regions: 458->460
[2024-12-18T17:34:13.718+0700][gc,heap     ] GC(741) Archive regions: 2->2
[2024-12-18T17:34:13.718+0700][gc,heap     ] GC(741) Humongous regions: 129->129
[2024-12-18T17:34:13.718+0700][gc,metaspace] GC(741) Metaspace: 45887K(46464K)->45887K(46464K) NonClass: 40641K(40960K)->40641K(40960K) Class: 5245K(5504K)->5245K(5504K)
[2024-12-18T17:34:13.718+0700][gc          ] GC(741) Pause Young (Normal) (G1 Evacuation Pause) 637M->595M(1024M) 44.848ms
[2024-12-18T17:34:13.718+0700][gc,cpu      ] GC(741) User=0.09s Sys=0.00s Real=0.05s
[2024-12-18T17:35:58.057+0700][gc,start    ] GC(742) Pause Young (Normal) (G1 Evacuation Pause)
[2024-12-18T17:35:58.057+0700][gc,task     ] GC(742) Using 2 workers of 2 for evacuation
[2024-12-18T17:35:58.120+0700][gc,mmu      ] GC(742) MMU target violated: 21.0ms (20.0ms/21.0ms)
[2024-12-18T17:35:58.120+0700][gc,phases   ] GC(742)   Pre Evacuate Collection Set: 0.6ms
[2024-12-18T17:35:58.120+0700][gc,phases   ] GC(742)   Merge Heap Roots: 0.6ms
[2024-12-18T17:35:58.120+0700][gc,phases   ] GC(742)   Evacuate Collection Set: 58.5ms
[2024-12-18T17:35:58.120+0700][gc,phases   ] GC(742)   Post Evacuate Collection Set: 2.3ms
[2024-12-18T17:35:58.120+0700][gc,phases   ] GC(742)   Other: 0.7ms
[2024-12-18T17:35:58.120+0700][gc,heap     ] GC(742) Eden regions: 45->0(46)
[2024-12-18T17:35:58.120+0700][gc,heap     ] GC(742) Survivor regions: 6->5(7)
[2024-12-18T17:35:58.120+0700][gc,heap     ] GC(742) Old regions: 460->464
[2024-12-18T17:35:58.120+0700][gc,heap     ] GC(742) Archive regions: 2->2
[2024-12-18T17:35:58.120+0700][gc,heap     ] GC(742) Humongous regions: 129->129
[2024-12-18T17:35:58.120+0700][gc,metaspace] GC(742) Metaspace: 45892K(46464K)->45892K(46464K) NonClass: 40647K(40960K)->40647K(40960K) Class: 5245K(5504K)->5245K(5504K)
[2024-12-18T17:35:58.120+0700][gc          ] GC(742) Pause Young (Normal) (G1 Evacuation Pause) 640M->598M(1024M) 62.872ms
[2024-12-18T17:35:58.120+0700][gc,cpu      ] GC(742) User=0.11s Sys=0.00s Real=0.06s
[2024-12-18T17:37:44.188+0700][gc,start    ] GC(743) Pause Young (Normal) (G1 Evacuation Pause)
[2024-12-18T17:37:44.188+0700][gc,task     ] GC(743) Using 2 workers of 2 for evacuation
[2024-12-18T17:37:44.215+0700][gc,mmu      ] GC(743) MMU target violated: 21.0ms (20.0ms/21.0ms)
[2024-12-18T17:37:44.215+0700][gc,phases   ] GC(743)   Pre Evacuate Collection Set: 0.6ms
[2024-12-18T17:37:44.215+0700][gc,phases   ] GC(743)   Merge Heap Roots: 0.6ms
[2024-12-18T17:37:44.215+0700][gc,phases   ] GC(743)   Evacuate Collection Set: 22.4ms
[2024-12-18T17:37:44.215+0700][gc,phases   ] GC(743)   Post Evacuate Collection Set: 3.3ms
[2024-12-18T17:37:44.215+0700][gc,phases   ] GC(743)   Other: 0.5ms
[2024-12-18T17:37:44.215+0700][gc,heap     ] GC(743) Eden regions: 46->0(48)
[2024-12-18T17:37:44.215+0700][gc,heap     ] GC(743) Survivor regions: 5->3(7)
[2024-12-18T17:37:44.215+0700][gc,heap     ] GC(743) Old regions: 464->466
[2024-12-18T17:37:44.215+0700][gc,heap     ] GC(743) Archive regions: 2->2
[2024-12-18T17:37:44.215+0700][gc,heap     ] GC(743) Humongous regions: 129->129
[2024-12-18T17:37:44.215+0700][gc,metaspace] GC(743) Metaspace: 45892K(46464K)->45892K(46464K) NonClass: 40647K(40960K)->40647K(40960K) Class: 5245K(5504K)->5245K(5504K)
[2024-12-18T17:37:44.215+0700][gc          ] GC(743) Pause Young (Normal) (G1 Evacuation Pause) 644M->598M(1024M) 27.548ms
[2024-12-18T17:37:44.215+0700][gc,cpu      ] GC(743) User=0.05s Sys=0.00s Real=0.03s
[2024-12-18T17:39:36.092+0700][gc,start    ] GC(744) Pause Young (Normal) (G1 Evacuation Pause)
[2024-12-18T17:39:36.092+0700][gc,task     ] GC(744) Using 2 workers of 2 for evacuation
[2024-12-18T17:39:36.125+0700][gc,mmu      ] GC(744) MMU target violated: 21.0ms (20.0ms/21.0ms)
[2024-12-18T17:39:36.126+0700][gc,phases   ] GC(744)   Pre Evacuate Collection Set: 1.6ms
[2024-12-18T17:39:36.126+0700][gc,phases   ] GC(744)   Merge Heap Roots: 0.7ms
[2024-12-18T17:39:36.126+0700][gc,phases   ] GC(744)   Evacuate Collection Set: 28.0ms
[2024-12-18T17:39:36.126+0700][gc,phases   ] GC(744)   Post Evacuate Collection Set: 2.9ms
[2024-12-18T17:39:36.126+0700][gc,phases   ] GC(744)   Other: 0.9ms
[2024-12-18T17:39:36.126+0700][gc,heap     ] GC(744) Eden regions: 48->0(45)
[2024-12-18T17:39:36.126+0700][gc,heap     ] GC(744) Survivor regions: 3->6(7)
[2024-12-18T17:39:36.126+0700][gc,heap     ] GC(744) Old regions: 466->466
[2024-12-18T17:39:36.126+0700][gc,heap     ] GC(744) Archive regions: 2->2
[2024-12-18T17:39:36.126+0700][gc,heap     ] GC(744) Humongous regions: 129->129
[2024-12-18T17:39:36.126+0700][gc,metaspace] GC(744) Metaspace: 45892K(46464K)->45892K(46464K) NonClass: 40647K(40960K)->40647K(40960K) Class: 5245K(5504K)->5245K(5504K)
[2024-12-18T17:39:36.126+0700][gc          ] GC(744) Pause Young (Normal) (G1 Evacuation Pause) 646M->601M(1024M) 34.249ms
[2024-12-18T17:39:36.126+0700][gc,cpu      ] GC(744) User=0.06s Sys=0.00s Real=0.04s
[2024-12-18T17:41:20.128+0700][gc,start    ] GC(745) Pause Young (Normal) (G1 Evacuation Pause)
[2024-12-18T17:41:20.130+0700][gc,task     ] GC(745) Using 2 workers of 2 for evacuation
[2024-12-18T17:41:20.185+0700][gc,mmu      ] GC(745) MMU target violated: 21.0ms (20.0ms/21.0ms)
[2024-12-18T17:41:20.185+0700][gc,phases   ] GC(745)   Pre Evacuate Collection Set: 3.9ms
[2024-12-18T17:41:20.185+0700][gc,phases   ] GC(745)   Merge Heap Roots: 1.4ms
[2024-12-18T17:41:20.185+0700][gc,phases   ] GC(745)   Evacuate Collection Set: 47.5ms
[2024-12-18T17:41:20.185+0700][gc,phases   ] GC(745)   Post Evacuate Collection Set: 2.2ms
[2024-12-18T17:41:20.185+0700][gc,phases   ] GC(745)   Other: 2.5ms
[2024-12-18T17:41:20.185+0700][gc,heap     ] GC(745) Eden regions: 45->0(44)
[2024-12-18T17:41:20.185+0700][gc,heap     ] GC(745) Survivor regions: 6->7(7)
[2024-12-18T17:41:20.185+0700][gc,heap     ] GC(745) Old regions: 466->468
[2024-12-18T17:41:20.185+0700][gc,heap     ] GC(745) Archive regions: 2->2
[2024-12-18T17:41:20.185+0700][gc,heap     ] GC(745) Humongous regions: 129->129
[2024-12-18T17:41:20.185+0700][gc,metaspace] GC(745) Metaspace: 45892K(46464K)->45892K(46464K) NonClass: 40647K(40960K)->40647K(40960K) Class: 5245K(5504K)->5245K(5504K)
[2024-12-18T17:41:20.186+0700][gc          ] GC(745) Pause Young (Normal) (G1 Evacuation Pause) 646M->603M(1024M) 57.587ms
[2024-12-18T17:41:20.186+0700][gc,cpu      ] GC(745) User=0.11s Sys=0.00s Real=0.06s
[2024-12-18T17:43:01.952+0700][gc,start    ] GC(746) Pause Young (Normal) (G1 Evacuation Pause)
[2024-12-18T17:43:01.952+0700][gc,task     ] GC(746) Using 2 workers of 2 for evacuation
[2024-12-18T17:43:02.004+0700][gc,mmu      ] GC(746) MMU target violated: 21.0ms (20.0ms/21.0ms)
[2024-12-18T17:43:02.004+0700][gc,phases   ] GC(746)   Pre Evacuate Collection Set: 2.9ms
[2024-12-18T17:43:02.004+0700][gc,phases   ] GC(746)   Merge Heap Roots: 0.5ms
[2024-12-18T17:43:02.004+0700][gc,phases   ] GC(746)   Evacuate Collection Set: 45.3ms
[2024-12-18T17:43:02.004+0700][gc,phases   ] GC(746)   Post Evacuate Collection Set: 2.7ms
[2024-12-18T17:43:02.004+0700][gc,phases   ] GC(746)   Other: 1.0ms
[2024-12-18T17:43:02.004+0700][gc,heap     ] GC(746) Eden regions: 44->0(46)
[2024-12-18T17:43:02.004+0700][gc,heap     ] GC(746) Survivor regions: 7->5(7)
[2024-12-18T17:43:02.004+0700][gc,heap     ] GC(746) Old regions: 468->472
[2024-12-18T17:43:02.004+0700][gc,heap     ] GC(746) Archive regions: 2->2
[2024-12-18T17:43:02.004+0700][gc,heap     ] GC(746) Humongous regions: 129->129
[2024-12-18T17:43:02.004+0700][gc,metaspace] GC(746) Metaspace: 45892K(46464K)->45892K(46464K) NonClass: 40647K(40960K)->40647K(40960K) Class: 5245K(5504K)->5245K(5504K)
[2024-12-18T17:43:02.004+0700][gc          ] GC(746) Pause Young (Normal) (G1 Evacuation Pause) 647M->606M(1024M) 52.587ms
[2024-12-18T17:43:02.004+0700][gc,cpu      ] GC(746) User=0.09s Sys=0.00s Real=0.06s
[2024-12-18T17:44:48.347+0700][gc,start    ] GC(747) Pause Young (Normal) (G1 Evacuation Pause)
[2024-12-18T17:44:48.347+0700][gc,task     ] GC(747) Using 2 workers of 2 for evacuation
[2024-12-18T17:44:48.380+0700][gc,mmu      ] GC(747) MMU target violated: 21.0ms (20.0ms/21.0ms)
[2024-12-18T17:44:48.380+0700][gc,phases   ] GC(747)   Pre Evacuate Collection Set: 2.9ms
[2024-12-18T17:44:48.380+0700][gc,phases   ] GC(747)   Merge Heap Roots: 0.7ms
[2024-12-18T17:44:48.380+0700][gc,phases   ] GC(747)   Evacuate Collection Set: 26.6ms
[2024-12-18T17:44:48.380+0700][gc,phases   ] GC(747)   Post Evacuate Collection Set: 2.5ms
[2024-12-18T17:44:48.380+0700][gc,phases   ] GC(747)   Other: 1.2ms
[2024-12-18T17:44:48.380+0700][gc,heap     ] GC(747) Eden regions: 46->0(48)
[2024-12-18T17:44:48.380+0700][gc,heap     ] GC(747) Survivor regions: 5->3(7)
[2024-12-18T17:44:48.380+0700][gc,heap     ] GC(747) Old regions: 472->474
[2024-12-18T17:44:48.380+0700][gc,heap     ] GC(747) Archive regions: 2->2
[2024-12-18T17:44:48.380+0700][gc,heap     ] GC(747) Humongous regions: 129->129
[2024-12-18T17:44:48.380+0700][gc,metaspace] GC(747) Metaspace: 45905K(46528K)->45905K(46528K) NonClass: 40659K(41024K)->40659K(41024K) Class: 5245K(5504K)->5245K(5504K)
[2024-12-18T17:44:48.381+0700][gc          ] GC(747) Pause Young (Normal) (G1 Evacuation Pause) 652M->606M(1024M) 34.012ms
[2024-12-18T17:44:48.381+0700][gc,cpu      ] GC(747) User=0.05s Sys=0.01s Real=0.03s
[2024-12-18T17:46:39.146+0700][gc,start    ] GC(748) Pause Young (Normal) (G1 Evacuation Pause)
[2024-12-18T17:46:39.146+0700][gc,task     ] GC(748) Using 2 workers of 2 for evacuation
[2024-12-18T17:46:39.186+0700][gc,mmu      ] GC(748) MMU target violated: 21.0ms (20.0ms/21.0ms)
[2024-12-18T17:46:39.186+0700][gc,phases   ] GC(748)   Pre Evacuate Collection Set: 1.6ms
[2024-12-18T17:46:39.186+0700][gc,phases   ] GC(748)   Merge Heap Roots: 0.6ms
[2024-12-18T17:46:39.186+0700][gc,phases   ] GC(748)   Evacuate Collection Set: 34.7ms
[2024-12-18T17:46:39.186+0700][gc,phases   ] GC(748)   Post Evacuate Collection Set: 1.9ms
[2024-12-18T17:46:39.186+0700][gc,phases   ] GC(748)   Other: 1.0ms
[2024-12-18T17:46:39.186+0700][gc,heap     ] GC(748) Eden regions: 48->0(45)
[2024-12-18T17:46:39.186+0700][gc,heap     ] GC(748) Survivor regions: 3->6(7)
[2024-12-18T17:46:39.186+0700][gc,heap     ] GC(748) Old regions: 474->474
[2024-12-18T17:46:39.186+0700][gc,heap     ] GC(748) Archive regions: 2->2
[2024-12-18T17:46:39.186+0700][gc,heap     ] GC(748) Humongous regions: 129->129
[2024-12-18T17:46:39.186+0700][gc,metaspace] GC(748) Metaspace: 45905K(46528K)->45905K(46528K) NonClass: 40659K(41024K)->40659K(41024K) Class: 5245K(5504K)->5245K(5504K)
[2024-12-18T17:46:39.186+0700][gc          ] GC(748) Pause Young (Normal) (G1 Evacuation Pause) 654M->608M(1024M) 39.849ms
[2024-12-18T17:46:39.186+0700][gc,cpu      ] GC(748) User=0.07s Sys=0.00s Real=0.04s
[2024-12-18T17:48:22.834+0700][gc,start    ] GC(749) Pause Young (Normal) (G1 Evacuation Pause)
[2024-12-18T17:48:22.834+0700][gc,task     ] GC(749) Using 2 workers of 2 for evacuation
[2024-12-18T17:48:22.893+0700][gc,mmu      ] GC(749) MMU target violated: 21.0ms (20.0ms/21.0ms)
[2024-12-18T17:48:22.893+0700][gc,phases   ] GC(749)   Pre Evacuate Collection Set: 2.1ms
[2024-12-18T17:48:22.893+0700][gc,phases   ] GC(749)   Merge Heap Roots: 0.8ms
[2024-12-18T17:48:22.893+0700][gc,phases   ] GC(749)   Evacuate Collection Set: 52.6ms
[2024-12-18T17:48:22.893+0700][gc,phases   ] GC(749)   Post Evacuate Collection Set: 2.7ms
[2024-12-18T17:48:22.893+0700][gc,phases   ] GC(749)   Other: 1.4ms
[2024-12-18T17:48:22.893+0700][gc,heap     ] GC(749) Eden regions: 45->0(44)
[2024-12-18T17:48:22.893+0700][gc,heap     ] GC(749) Survivor regions: 6->7(7)
[2024-12-18T17:48:22.893+0700][gc,heap     ] GC(749) Old regions: 474->476
[2024-12-18T17:48:22.893+0700][gc,heap     ] GC(749) Archive regions: 2->2
[2024-12-18T17:48:22.893+0700][gc,heap     ] GC(749) Humongous regions: 129->129
[2024-12-18T17:48:22.893+0700][gc,metaspace] GC(749) Metaspace: 45905K(46528K)->45905K(46528K) NonClass: 40659K(41024K)->40659K(41024K) Class: 5245K(5504K)->5245K(5504K)
[2024-12-18T17:48:22.893+0700][gc          ] GC(749) Pause Young (Normal) (G1 Evacuation Pause) 653M->612M(1024M) 59.671ms
[2024-12-18T17:48:22.893+0700][gc,cpu      ] GC(749) User=0.11s Sys=0.00s Real=0.06s
[2024-12-18T17:50:04.811+0700][gc,start    ] GC(750) Pause Young (Normal) (G1 Evacuation Pause)
[2024-12-18T17:50:04.812+0700][gc,task     ] GC(750) Using 2 workers of 2 for evacuation
[2024-12-18T17:50:04.879+0700][gc,mmu      ] GC(750) MMU target violated: 21.0ms (20.0ms/21.0ms)
[2024-12-18T17:50:04.879+0700][gc,phases   ] GC(750)   Pre Evacuate Collection Set: 4.3ms
[2024-12-18T17:50:04.879+0700][gc,phases   ] GC(750)   Merge Heap Roots: 0.7ms
[2024-12-18T17:50:04.879+0700][gc,phases   ] GC(750)   Evacuate Collection Set: 55.4ms
[2024-12-18T17:50:04.879+0700][gc,phases   ] GC(750)   Post Evacuate Collection Set: 4.9ms
[2024-12-18T17:50:04.879+0700][gc,phases   ] GC(750)   Other: 2.5ms
[2024-12-18T17:50:04.879+0700][gc,heap     ] GC(750) Eden regions: 44->0(45)
[2024-12-18T17:50:04.879+0700][gc,heap     ] GC(750) Survivor regions: 7->6(7)
[2024-12-18T17:50:04.879+0700][gc,heap     ] GC(750) Old regions: 476->480
[2024-12-18T17:50:04.879+0700][gc,heap     ] GC(750) Archive regions: 2->2
[2024-12-18T17:50:04.879+0700][gc,heap     ] GC(750) Humongous regions: 129->129
[2024-12-18T17:50:04.879+0700][gc,metaspace] GC(750) Metaspace: 45905K(46528K)->45905K(46528K) NonClass: 40659K(41024K)->40659K(41024K) Class: 5245K(5504K)->5245K(5504K)
[2024-12-18T17:50:04.879+0700][gc          ] GC(750) Pause Young (Normal) (G1 Evacuation Pause) 656M->615M(1024M) 67.801ms
[2024-12-18T17:50:04.879+0700][gc,cpu      ] GC(750) User=0.11s Sys=0.01s Real=0.07s
[2024-12-18T17:51:48.902+0700][gc,start    ] GC(751) Pause Young (Normal) (G1 Evacuation Pause)
[2024-12-18T17:51:48.902+0700][gc,task     ] GC(751) Using 2 workers of 2 for evacuation
[2024-12-18T17:51:48.932+0700][gc,mmu      ] GC(751) MMU target violated: 21.0ms (20.0ms/21.0ms)
[2024-12-18T17:51:48.932+0700][gc,phases   ] GC(751)   Pre Evacuate Collection Set: 4.0ms
[2024-12-18T17:51:48.932+0700][gc,phases   ] GC(751)   Merge Heap Roots: 0.7ms
[2024-12-18T17:51:48.932+0700][gc,phases   ] GC(751)   Evacuate Collection Set: 22.8ms
[2024-12-18T17:51:48.932+0700][gc,phases   ] GC(751)   Post Evacuate Collection Set: 1.8ms
[2024-12-18T17:51:48.932+0700][gc,phases   ] GC(751)   Other: 1.0ms
[2024-12-18T17:51:48.932+0700][gc,heap     ] GC(751) Eden regions: 45->0(48)
[2024-12-18T17:51:48.932+0700][gc,heap     ] GC(751) Survivor regions: 6->3(7)
[2024-12-18T17:51:48.932+0700][gc,heap     ] GC(751) Old regions: 480->482
[2024-12-18T17:51:48.932+0700][gc,heap     ] GC(751) Archive regions: 2->2
[2024-12-18T17:51:48.932+0700][gc,heap     ] GC(751) Humongous regions: 129->129
[2024-12-18T17:51:48.932+0700][gc,metaspace] GC(751) Metaspace: 45905K(46528K)->45905K(46528K) NonClass: 40659K(41024K)->40659K(41024K) Class: 5245K(5504K)->5245K(5504K)
[2024-12-18T17:51:48.932+0700][gc          ] GC(751) Pause Young (Normal) (G1 Evacuation Pause) 660M->614M(1024M) 30.270ms
[2024-12-18T17:51:48.933+0700][gc,cpu      ] GC(751) User=0.05s Sys=0.00s Real=0.02s
[2024-12-18T17:53:40.056+0700][gc,start    ] GC(752) Pause Young (Normal) (G1 Evacuation Pause)
[2024-12-18T17:53:40.056+0700][gc,task     ] GC(752) Using 2 workers of 2 for evacuation
[2024-12-18T17:53:40.095+0700][gc,mmu      ] GC(752) MMU target violated: 21.0ms (20.0ms/21.0ms)
[2024-12-18T17:53:40.095+0700][gc,phases   ] GC(752)   Pre Evacuate Collection Set: 2.0ms
[2024-12-18T17:53:40.095+0700][gc,phases   ] GC(752)   Merge Heap Roots: 0.6ms
[2024-12-18T17:53:40.095+0700][gc,phases   ] GC(752)   Evacuate Collection Set: 29.8ms
[2024-12-18T17:53:40.095+0700][gc,phases   ] GC(752)   Post Evacuate Collection Set: 5.6ms
[2024-12-18T17:53:40.095+0700][gc,phases   ] GC(752)   Other: 0.8ms
[2024-12-18T17:53:40.095+0700][gc,heap     ] GC(752) Eden regions: 48->0(45)
[2024-12-18T17:53:40.095+0700][gc,heap     ] GC(752) Survivor regions: 3->6(7)
[2024-12-18T17:53:40.095+0700][gc,heap     ] GC(752) Old regions: 482->482
[2024-12-18T17:53:40.095+0700][gc,heap     ] GC(752) Archive regions: 2->2
[2024-12-18T17:53:40.095+0700][gc,heap     ] GC(752) Humongous regions: 129->129
[2024-12-18T17:53:40.095+0700][gc,metaspace] GC(752) Metaspace: 45905K(46528K)->45905K(46528K) NonClass: 40660K(41024K)->40660K(41024K) Class: 5245K(5504K)->5245K(5504K)
[2024-12-18T17:53:40.096+0700][gc          ] GC(752) Pause Young (Normal) (G1 Evacuation Pause) 662M->617M(1024M) 39.250ms
[2024-12-18T17:53:40.096+0700][gc,cpu      ] GC(752) User=0.07s Sys=0.00s Real=0.04s
[2024-12-18T17:55:24.296+0700][gc,start    ] GC(753) Pause Young (Normal) (G1 Evacuation Pause)
[2024-12-18T17:55:24.296+0700][gc,task     ] GC(753) Using 2 workers of 2 for evacuation
[2024-12-18T17:55:24.339+0700][gc,mmu      ] GC(753) MMU target violated: 21.0ms (20.0ms/21.0ms)
[2024-12-18T17:55:24.339+0700][gc,phases   ] GC(753)   Pre Evacuate Collection Set: 1.2ms
[2024-12-18T17:55:24.339+0700][gc,phases   ] GC(753)   Merge Heap Roots: 0.5ms
[2024-12-18T17:55:24.339+0700][gc,phases   ] GC(753)   Evacuate Collection Set: 38.3ms
[2024-12-18T17:55:24.339+0700][gc,phases   ] GC(753)   Post Evacuate Collection Set: 2.7ms
[2024-12-18T17:55:24.339+0700][gc,phases   ] GC(753)   Other: 0.8ms
[2024-12-18T17:55:24.339+0700][gc,heap     ] GC(753) Eden regions: 45->0(46)
[2024-12-18T17:55:24.339+0700][gc,heap     ] GC(753) Survivor regions: 6->5(7)
[2024-12-18T17:55:24.339+0700][gc,heap     ] GC(753) Old regions: 482->486
[2024-12-18T17:55:24.339+0700][gc,heap     ] GC(753) Archive regions: 2->2
[2024-12-18T17:55:24.340+0700][gc,heap     ] GC(753) Humongous regions: 129->129
[2024-12-18T17:55:24.340+0700][gc,metaspace] GC(753) Metaspace: 45906K(46528K)->45906K(46528K) NonClass: 40660K(41024K)->40660K(41024K) Class: 5245K(5504K)->5245K(5504K)
[2024-12-18T17:55:24.340+0700][gc          ] GC(753) Pause Young (Normal) (G1 Evacuation Pause) 662M->619M(1024M) 43.686ms
[2024-12-18T17:55:24.340+0700][gc,cpu      ] GC(753) User=0.08s Sys=0.00s Real=0.04s
[2024-12-18T17:57:10.969+0700][gc,start    ] GC(754) Pause Young (Normal) (G1 Evacuation Pause)
[2024-12-18T17:57:10.969+0700][gc,task     ] GC(754) Using 2 workers of 2 for evacuation
[2024-12-18T17:57:11.001+0700][gc,mmu      ] GC(754) MMU target violated: 21.0ms (20.0ms/21.0ms)
[2024-12-18T17:57:11.001+0700][gc,phases   ] GC(754)   Pre Evacuate Collection Set: 2.4ms
[2024-12-18T17:57:11.001+0700][gc,phases   ] GC(754)   Merge Heap Roots: 0.6ms
[2024-12-18T17:57:11.001+0700][gc,phases   ] GC(754)   Evacuate Collection Set: 26.7ms
[2024-12-18T17:57:11.001+0700][gc,phases   ] GC(754)   Post Evacuate Collection Set: 2.0ms
[2024-12-18T17:57:11.001+0700][gc,phases   ] GC(754)   Other: 1.2ms
[2024-12-18T17:57:11.001+0700][gc,heap     ] GC(754) Eden regions: 46->0(48)
[2024-12-18T17:57:11.001+0700][gc,heap     ] GC(754) Survivor regions: 5->3(7)
[2024-12-18T17:57:11.001+0700][gc,heap     ] GC(754) Old regions: 486->488
[2024-12-18T17:57:11.001+0700][gc,heap     ] GC(754) Archive regions: 2->2
[2024-12-18T17:57:11.001+0700][gc,heap     ] GC(754) Humongous regions: 129->129
[2024-12-18T17:57:11.001+0700][gc,metaspace] GC(754) Metaspace: 45906K(46528K)->45906K(46528K) NonClass: 40660K(41024K)->40660K(41024K) Class: 5245K(5504K)->5245K(5504K)
[2024-12-18T17:57:11.002+0700][gc          ] GC(754) Pause Young (Normal) (G1 Evacuation Pause) 665M->619M(1024M) 32.983ms
[2024-12-18T17:57:11.002+0700][gc,cpu      ] GC(754) User=0.06s Sys=0.01s Real=0.03s
[2024-12-18T17:59:02.821+0700][gc,start    ] GC(755) Pause Young (Normal) (G1 Evacuation Pause)
[2024-12-18T17:59:02.823+0700][gc,task     ] GC(755) Using 2 workers of 2 for evacuation
[2024-12-18T17:59:02.864+0700][gc,mmu      ] GC(755) MMU target violated: 21.0ms (20.0ms/21.0ms)
[2024-12-18T17:59:02.864+0700][gc,phases   ] GC(755)   Pre Evacuate Collection Set: 3.5ms
[2024-12-18T17:59:02.864+0700][gc,phases   ] GC(755)   Merge Heap Roots: 0.5ms
[2024-12-18T17:59:02.864+0700][gc,phases   ] GC(755)   Evacuate Collection Set: 32.1ms
[2024-12-18T17:59:02.864+0700][gc,phases   ] GC(755)   Post Evacuate Collection Set: 4.0ms
[2024-12-18T17:59:02.864+0700][gc,phases   ] GC(755)   Other: 2.9ms
[2024-12-18T17:59:02.864+0700][gc,heap     ] GC(755) Eden regions: 48->0(45)
[2024-12-18T17:59:02.864+0700][gc,heap     ] GC(755) Survivor regions: 3->6(7)
[2024-12-18T17:59:02.864+0700][gc,heap     ] GC(755) Old regions: 488->488
[2024-12-18T17:59:02.864+0700][gc,heap     ] GC(755) Archive regions: 2->2
[2024-12-18T17:59:02.864+0700][gc,heap     ] GC(755) Humongous regions: 129->129
[2024-12-18T17:59:02.864+0700][gc,metaspace] GC(755) Metaspace: 45907K(46528K)->45907K(46528K) NonClass: 40662K(41024K)->40662K(41024K) Class: 5245K(5504K)->5245K(5504K)
[2024-12-18T17:59:02.864+0700][gc          ] GC(755) Pause Young (Normal) (G1 Evacuation Pause) 667M->622M(1024M) 42.982ms
[2024-12-18T17:59:02.864+0700][gc,cpu      ] GC(755) User=0.08s Sys=0.00s Real=0.05s
[2024-12-18T18:00:46.984+0700][gc,start    ] GC(756) Pause Young (Normal) (G1 Evacuation Pause)
[2024-12-18T18:00:46.985+0700][gc,task     ] GC(756) Using 2 workers of 2 for evacuation
[2024-12-18T18:00:47.031+0700][gc,mmu      ] GC(756) MMU target violated: 21.0ms (20.0ms/21.0ms)
[2024-12-18T18:00:47.032+0700][gc,phases   ] GC(756)   Pre Evacuate Collection Set: 1.1ms
[2024-12-18T18:00:47.032+0700][gc,phases   ] GC(756)   Merge Heap Roots: 0.9ms
[2024-12-18T18:00:47.032+0700][gc,phases   ] GC(756)   Evacuate Collection Set: 42.6ms
[2024-12-18T18:00:47.032+0700][gc,phases   ] GC(756)   Post Evacuate Collection Set: 2.2ms
[2024-12-18T18:00:47.032+0700][gc,phases   ] GC(756)   Other: 0.8ms
[2024-12-18T18:00:47.032+0700][gc,heap     ] GC(756) Eden regions: 45->0(45)
[2024-12-18T18:00:47.032+0700][gc,heap     ] GC(756) Survivor regions: 6->6(7)
[2024-12-18T18:00:47.032+0700][gc,heap     ] GC(756) Old regions: 488->490
[2024-12-18T18:00:47.032+0700][gc,heap     ] GC(756) Archive regions: 2->2
[2024-12-18T18:00:47.032+0700][gc,heap     ] GC(756) Humongous regions: 129->129
[2024-12-18T18:00:47.032+0700][gc,metaspace] GC(756) Metaspace: 45907K(46528K)->45907K(46528K) NonClass: 40662K(41024K)->40662K(41024K) Class: 5245K(5504K)->5245K(5504K)
[2024-12-18T18:00:47.032+0700][gc          ] GC(756) Pause Young (Normal) (G1 Evacuation Pause) 667M->625M(1024M) 47.482ms
[2024-12-18T18:00:47.032+0700][gc,cpu      ] GC(756) User=0.09s Sys=0.00s Real=0.04s
[2024-12-18T18:02:31.472+0700][gc,start    ] GC(757) Pause Young (Normal) (G1 Evacuation Pause)
[2024-12-18T18:02:31.474+0700][gc,task     ] GC(757) Using 2 workers of 2 for evacuation
[2024-12-18T18:02:31.515+0700][gc,mmu      ] GC(757) MMU target violated: 21.0ms (20.0ms/21.0ms)
[2024-12-18T18:02:31.516+0700][gc,phases   ] GC(757)   Pre Evacuate Collection Set: 0.5ms
[2024-12-18T18:02:31.516+0700][gc,phases   ] GC(757)   Merge Heap Roots: 0.6ms
[2024-12-18T18:02:31.516+0700][gc,phases   ] GC(757)   Evacuate Collection Set: 38.8ms
[2024-12-18T18:02:31.516+0700][gc,phases   ] GC(757)   Post Evacuate Collection Set: 1.8ms
[2024-12-18T18:02:31.516+0700][gc,phases   ] GC(757)   Other: 1.8ms
[2024-12-18T18:02:31.516+0700][gc,heap     ] GC(757) Eden regions: 45->0(46)
[2024-12-18T18:02:31.516+0700][gc,heap     ] GC(757) Survivor regions: 6->5(7)
[2024-12-18T18:02:31.516+0700][gc,heap     ] GC(757) Old regions: 490->494
[2024-12-18T18:02:31.516+0700][gc,heap     ] GC(757) Archive regions: 2->2
[2024-12-18T18:02:31.516+0700][gc,heap     ] GC(757) Humongous regions: 129->129
[2024-12-18T18:02:31.516+0700][gc,metaspace] GC(757) Metaspace: 45907K(46528K)->45907K(46528K) NonClass: 40662K(41024K)->40662K(41024K) Class: 5245K(5504K)->5245K(5504K)
[2024-12-18T18:02:31.516+0700][gc          ] GC(757) Pause Young (Normal) (G1 Evacuation Pause) 670M->628M(1024M) 43.556ms
[2024-12-18T18:02:31.516+0700][gc,cpu      ] GC(757) User=0.08s Sys=0.00s Real=0.05s
[2024-12-18T18:04:18.304+0700][gc,start    ] GC(758) Pause Young (Normal) (G1 Evacuation Pause)
[2024-12-18T18:04:18.304+0700][gc,task     ] GC(758) Using 2 workers of 2 for evacuation
[2024-12-18T18:04:18.336+0700][gc,mmu      ] GC(758) MMU target violated: 21.0ms (20.0ms/21.0ms)
[2024-12-18T18:04:18.336+0700][gc,phases   ] GC(758)   Pre Evacuate Collection Set: 2.5ms
[2024-12-18T18:04:18.336+0700][gc,phases   ] GC(758)   Merge Heap Roots: 0.8ms
[2024-12-18T18:04:18.336+0700][gc,phases   ] GC(758)   Evacuate Collection Set: 26.5ms
[2024-12-18T18:04:18.336+0700][gc,phases   ] GC(758)   Post Evacuate Collection Set: 2.0ms
[2024-12-18T18:04:18.336+0700][gc,phases   ] GC(758)   Other: 1.0ms
[2024-12-18T18:04:18.336+0700][gc,heap     ] GC(758) Eden regions: 46->0(48)
[2024-12-18T18:04:18.336+0700][gc,heap     ] GC(758) Survivor regions: 5->3(7)
[2024-12-18T18:04:18.337+0700][gc,heap     ] GC(758) Old regions: 494->496
[2024-12-18T18:04:18.337+0700][gc,heap     ] GC(758) Archive regions: 2->2
[2024-12-18T18:04:18.337+0700][gc,heap     ] GC(758) Humongous regions: 129->129
[2024-12-18T18:04:18.337+0700][gc,metaspace] GC(758) Metaspace: 45909K(46528K)->45909K(46528K) NonClass: 40663K(41024K)->40663K(41024K) Class: 5245K(5504K)->5245K(5504K)
[2024-12-18T18:04:18.337+0700][gc          ] GC(758) Pause Young (Normal) (G1 Evacuation Pause) 674M->628M(1024M) 32.899ms
[2024-12-18T18:04:18.337+0700][gc,cpu      ] GC(758) User=0.06s Sys=0.00s Real=0.03s
[2024-12-18T18:06:09.708+0700][gc,start    ] GC(759) Pause Young (Normal) (G1 Evacuation Pause)
[2024-12-18T18:06:09.708+0700][gc,task     ] GC(759) Using 2 workers of 2 for evacuation
[2024-12-18T18:06:09.748+0700][gc,mmu      ] GC(759) MMU target violated: 21.0ms (20.0ms/21.0ms)
[2024-12-18T18:06:09.748+0700][gc,phases   ] GC(759)   Pre Evacuate Collection Set: 3.6ms
[2024-12-18T18:06:09.748+0700][gc,phases   ] GC(759)   Merge Heap Roots: 0.8ms
[2024-12-18T18:06:09.748+0700][gc,phases   ] GC(759)   Evacuate Collection Set: 32.6ms
[2024-12-18T18:06:09.748+0700][gc,phases   ] GC(759)   Post Evacuate Collection Set: 2.0ms
[2024-12-18T18:06:09.748+0700][gc,phases   ] GC(759)   Other: 1.9ms
[2024-12-18T18:06:09.748+0700][gc,heap     ] GC(759) Eden regions: 48->0(45)
[2024-12-18T18:06:09.748+0700][gc,heap     ] GC(759) Survivor regions: 3->6(7)
[2024-12-18T18:06:09.748+0700][gc,heap     ] GC(759) Old regions: 496->496
[2024-12-18T18:06:09.748+0700][gc,heap     ] GC(759) Archive regions: 2->2
[2024-12-18T18:06:09.748+0700][gc,heap     ] GC(759) Humongous regions: 129->129
[2024-12-18T18:06:09.749+0700][gc,metaspace] GC(759) Metaspace: 45909K(46528K)->45909K(46528K) NonClass: 40663K(41024K)->40663K(41024K) Class: 5245K(5504K)->5245K(5504K)
[2024-12-18T18:06:09.749+0700][gc          ] GC(759) Pause Young (Normal) (G1 Evacuation Pause) 676M->631M(1024M) 40.993ms
[2024-12-18T18:06:09.749+0700][gc,cpu      ] GC(759) User=0.07s Sys=0.00s Real=0.04s
[2024-12-18T18:07:53.887+0700][gc,start    ] GC(760) Pause Young (Normal) (G1 Evacuation Pause)
[2024-12-18T18:07:53.887+0700][gc,task     ] GC(760) Using 2 workers of 2 for evacuation
[2024-12-18T18:07:53.939+0700][gc,mmu      ] GC(760) MMU target violated: 21.0ms (20.0ms/21.0ms)
[2024-12-18T18:07:53.939+0700][gc,phases   ] GC(760)   Pre Evacuate Collection Set: 1.8ms
[2024-12-18T18:07:53.939+0700][gc,phases   ] GC(760)   Merge Heap Roots: 0.6ms
[2024-12-18T18:07:53.939+0700][gc,phases   ] GC(760)   Evacuate Collection Set: 46.5ms
[2024-12-18T18:07:53.939+0700][gc,phases   ] GC(760)   Post Evacuate Collection Set: 2.3ms
[2024-12-18T18:07:53.939+0700][gc,phases   ] GC(760)   Other: 0.8ms
[2024-12-18T18:07:53.939+0700][gc,heap     ] GC(760) Eden regions: 45->0(44)
[2024-12-18T18:07:53.939+0700][gc,heap     ] GC(760) Survivor regions: 6->7(7)
[2024-12-18T18:07:53.939+0700][gc,heap     ] GC(760) Old regions: 496->498
[2024-12-18T18:07:53.939+0700][gc,heap     ] GC(760) Archive regions: 2->2
[2024-12-18T18:07:53.939+0700][gc,heap     ] GC(760) Humongous regions: 129->129
[2024-12-18T18:07:53.939+0700][gc,metaspace] GC(760) Metaspace: 45909K(46528K)->45909K(46528K) NonClass: 40663K(41024K)->40663K(41024K) Class: 5245K(5504K)->5245K(5504K)
[2024-12-18T18:07:53.939+0700][gc          ] GC(760) Pause Young (Normal) (G1 Evacuation Pause) 676M->634M(1024M) 52.310ms
[2024-12-18T18:07:53.939+0700][gc,cpu      ] GC(760) User=0.09s Sys=0.00s Real=0.05s
[2024-12-18T18:09:36.344+0700][gc,start    ] GC(761) Pause Young (Normal) (G1 Evacuation Pause)
[2024-12-18T18:09:36.344+0700][gc,task     ] GC(761) Using 2 workers of 2 for evacuation
[2024-12-18T18:09:36.390+0700][gc,mmu      ] GC(761) MMU target violated: 21.0ms (20.0ms/21.0ms)
[2024-12-18T18:09:36.391+0700][gc,phases   ] GC(761)   Pre Evacuate Collection Set: 1.8ms
[2024-12-18T18:09:36.391+0700][gc,phases   ] GC(761)   Merge Heap Roots: 0.5ms
[2024-12-18T18:09:36.391+0700][gc,phases   ] GC(761)   Evacuate Collection Set: 41.3ms
[2024-12-18T18:09:36.391+0700][gc,phases   ] GC(761)   Post Evacuate Collection Set: 2.7ms
[2024-12-18T18:09:36.391+0700][gc,phases   ] GC(761)   Other: 0.9ms
[2024-12-18T18:09:36.391+0700][gc,heap     ] GC(761) Eden regions: 44->0(45)
[2024-12-18T18:09:36.391+0700][gc,heap     ] GC(761) Survivor regions: 7->6(7)
[2024-12-18T18:09:36.391+0700][gc,heap     ] GC(761) Old regions: 498->502
[2024-12-18T18:09:36.391+0700][gc,heap     ] GC(761) Archive regions: 2->2
[2024-12-18T18:09:36.391+0700][gc,heap     ] GC(761) Humongous regions: 129->129
[2024-12-18T18:09:36.391+0700][gc,metaspace] GC(761) Metaspace: 45909K(46528K)->45909K(46528K) NonClass: 40663K(41024K)->40663K(41024K) Class: 5245K(5504K)->5245K(5504K)
[2024-12-18T18:09:36.391+0700][gc          ] GC(761) Pause Young (Normal) (G1 Evacuation Pause) 678M->637M(1024M) 47.403ms
[2024-12-18T18:09:36.391+0700][gc,cpu      ] GC(761) User=0.09s Sys=0.00s Real=0.04s
[2024-12-18T18:11:20.386+0700][gc,start    ] GC(762) Pause Young (Normal) (G1 Evacuation Pause)
[2024-12-18T18:11:20.386+0700][gc,task     ] GC(762) Using 2 workers of 2 for evacuation
[2024-12-18T18:11:20.417+0700][gc,mmu      ] GC(762) MMU target violated: 21.0ms (20.0ms/21.0ms)
[2024-12-18T18:11:20.417+0700][gc,phases   ] GC(762)   Pre Evacuate Collection Set: 1.8ms
[2024-12-18T18:11:20.417+0700][gc,phases   ] GC(762)   Merge Heap Roots: 0.4ms
[2024-12-18T18:11:20.417+0700][gc,phases   ] GC(762)   Evacuate Collection Set: 26.9ms
[2024-12-18T18:11:20.417+0700][gc,phases   ] GC(762)   Post Evacuate Collection Set: 1.7ms
[2024-12-18T18:11:20.417+0700][gc,phases   ] GC(762)   Other: 1.0ms
[2024-12-18T18:11:20.417+0700][gc,heap     ] GC(762) Eden regions: 45->0(48)
[2024-12-18T18:11:20.417+0700][gc,heap     ] GC(762) Survivor regions: 6->3(7)
[2024-12-18T18:11:20.417+0700][gc,heap     ] GC(762) Old regions: 502->504
[2024-12-18T18:11:20.417+0700][gc,heap     ] GC(762) Archive regions: 2->2
[2024-12-18T18:11:20.417+0700][gc,heap     ] GC(762) Humongous regions: 129->129
[2024-12-18T18:11:20.417+0700][gc,metaspace] GC(762) Metaspace: 45909K(46528K)->45909K(46528K) NonClass: 40663K(41024K)->40663K(41024K) Class: 5245K(5504K)->5245K(5504K)
[2024-12-18T18:11:20.419+0700][gc          ] GC(762) Pause Young (Normal) (G1 Evacuation Pause) 682M->636M(1024M) 32.013ms
[2024-12-18T18:11:20.419+0700][gc,cpu      ] GC(762) User=0.06s Sys=0.01s Real=0.03s
[2024-12-18T18:13:11.468+0700][gc,start    ] GC(763) Pause Young (Normal) (G1 Evacuation Pause)
[2024-12-18T18:13:11.468+0700][gc,task     ] GC(763) Using 2 workers of 2 for evacuation
[2024-12-18T18:13:11.496+0700][gc,mmu      ] GC(763) MMU target violated: 21.0ms (20.0ms/21.0ms)
[2024-12-18T18:13:11.496+0700][gc,phases   ] GC(763)   Pre Evacuate Collection Set: 0.6ms
[2024-12-18T18:13:11.496+0700][gc,phases   ] GC(763)   Merge Heap Roots: 0.3ms
[2024-12-18T18:13:11.496+0700][gc,phases   ] GC(763)   Evacuate Collection Set: 25.8ms
[2024-12-18T18:13:11.496+0700][gc,phases   ] GC(763)   Post Evacuate Collection Set: 1.2ms
[2024-12-18T18:13:11.496+0700][gc,phases   ] GC(763)   Other: 0.5ms
[2024-12-18T18:13:11.496+0700][gc,heap     ] GC(763) Eden regions: 48->0(45)
[2024-12-18T18:13:11.496+0700][gc,heap     ] GC(763) Survivor regions: 3->6(7)
[2024-12-18T18:13:11.496+0700][gc,heap     ] GC(763) Old regions: 504->504
[2024-12-18T18:13:11.496+0700][gc,heap     ] GC(763) Archive regions: 2->2
[2024-12-18T18:13:11.496+0700][gc,heap     ] GC(763) Humongous regions: 129->129
[2024-12-18T18:13:11.496+0700][gc,metaspace] GC(763) Metaspace: 45909K(46528K)->45909K(46528K) NonClass: 40663K(41024K)->40663K(41024K) Class: 5245K(5504K)->5245K(5504K)
[2024-12-18T18:13:11.496+0700][gc          ] GC(763) Pause Young (Normal) (G1 Evacuation Pause) 684M->639M(1024M) 28.431ms
[2024-12-18T18:13:11.496+0700][gc,cpu      ] GC(763) User=0.05s Sys=0.00s Real=0.03s
[2024-12-18T18:14:49.367+0700][gc,start    ] GC(764) Pause Young (Normal) (G1 Evacuation Pause)
[2024-12-18T18:14:49.367+0700][gc,task     ] GC(764) Using 2 workers of 2 for evacuation
[2024-12-18T18:14:49.417+0700][gc,mmu      ] GC(764) MMU target violated: 21.0ms (20.0ms/21.0ms)
[2024-12-18T18:14:49.417+0700][gc,phases   ] GC(764)   Pre Evacuate Collection Set: 1.2ms
[2024-12-18T18:14:49.417+0700][gc,phases   ] GC(764)   Merge Heap Roots: 0.9ms
[2024-12-18T18:14:49.417+0700][gc,phases   ] GC(764)   Evacuate Collection Set: 44.4ms
[2024-12-18T18:14:49.417+0700][gc,phases   ] GC(764)   Post Evacuate Collection Set: 2.8ms
[2024-12-18T18:14:49.417+0700][gc,phases   ] GC(764)   Other: 1.1ms
[2024-12-18T18:14:49.417+0700][gc,heap     ] GC(764) Eden regions: 45->0(45)
[2024-12-18T18:14:49.417+0700][gc,heap     ] GC(764) Survivor regions: 6->6(7)
[2024-12-18T18:14:49.417+0700][gc,heap     ] GC(764) Old regions: 504->508
[2024-12-18T18:14:49.417+0700][gc,heap     ] GC(764) Archive regions: 2->2
[2024-12-18T18:14:49.417+0700][gc,heap     ] GC(764) Humongous regions: 129->129
[2024-12-18T18:14:49.418+0700][gc,metaspace] GC(764) Metaspace: 45909K(46528K)->45909K(46528K) NonClass: 40663K(41024K)->40663K(41024K) Class: 5245K(5504K)->5245K(5504K)
[2024-12-18T18:14:49.418+0700][gc          ] GC(764) Pause Young (Normal) (G1 Evacuation Pause) 684M->642M(1024M) 50.487ms
[2024-12-18T18:14:49.418+0700][gc,cpu      ] GC(764) User=0.10s Sys=0.00s Real=0.05s
[2024-12-18T18:16:33.386+0700][gc,start    ] GC(765) Pause Young (Normal) (G1 Evacuation Pause)
[2024-12-18T18:16:33.386+0700][gc,task     ] GC(765) Using 2 workers of 2 for evacuation
[2024-12-18T18:16:33.415+0700][gc,mmu      ] GC(765) MMU target violated: 21.0ms (20.0ms/21.0ms)
[2024-12-18T18:16:33.415+0700][gc,phases   ] GC(765)   Pre Evacuate Collection Set: 1.3ms
[2024-12-18T18:16:33.415+0700][gc,phases   ] GC(765)   Merge Heap Roots: 0.8ms
[2024-12-18T18:16:33.415+0700][gc,phases   ] GC(765)   Evacuate Collection Set: 25.3ms
[2024-12-18T18:16:33.415+0700][gc,phases   ] GC(765)   Post Evacuate Collection Set: 1.3ms
[2024-12-18T18:16:33.415+0700][gc,phases   ] GC(765)   Other: 0.7ms
[2024-12-18T18:16:33.415+0700][gc,heap     ] GC(765) Eden regions: 45->0(47)
[2024-12-18T18:16:33.415+0700][gc,heap     ] GC(765) Survivor regions: 6->4(7)
[2024-12-18T18:16:33.415+0700][gc,heap     ] GC(765) Old regions: 508->510
[2024-12-18T18:16:33.415+0700][gc,heap     ] GC(765) Archive regions: 2->2
[2024-12-18T18:16:33.415+0700][gc,heap     ] GC(765) Humongous regions: 129->129
[2024-12-18T18:16:33.415+0700][gc,metaspace] GC(765) Metaspace: 45909K(46528K)->45909K(46528K) NonClass: 40663K(41024K)->40663K(41024K) Class: 5245K(5504K)->5245K(5504K)
[2024-12-18T18:16:33.415+0700][gc          ] GC(765) Pause Young (Normal) (G1 Evacuation Pause) 687M->643M(1024M) 29.415ms
[2024-12-18T18:16:33.416+0700][gc,cpu      ] GC(765) User=0.06s Sys=0.00s Real=0.03s
[2024-12-18T18:18:22.301+0700][gc,start    ] GC(766) Pause Young (Normal) (G1 Evacuation Pause)
[2024-12-18T18:18:22.301+0700][gc,task     ] GC(766) Using 2 workers of 2 for evacuation
[2024-12-18T18:18:22.327+0700][gc,mmu      ] GC(766) MMU target violated: 21.0ms (20.0ms/21.0ms)
[2024-12-18T18:18:22.327+0700][gc,phases   ] GC(766)   Pre Evacuate Collection Set: 1.9ms
[2024-12-18T18:18:22.327+0700][gc,phases   ] GC(766)   Merge Heap Roots: 0.6ms
[2024-12-18T18:18:22.327+0700][gc,phases   ] GC(766)   Evacuate Collection Set: 21.2ms
[2024-12-18T18:18:22.327+0700][gc,phases   ] GC(766)   Post Evacuate Collection Set: 2.2ms
[2024-12-18T18:18:22.327+0700][gc,phases   ] GC(766)   Other: 1.0ms
[2024-12-18T18:18:22.327+0700][gc,heap     ] GC(766) Eden regions: 47->0(48)
[2024-12-18T18:18:22.327+0700][gc,heap     ] GC(766) Survivor regions: 4->3(7)
[2024-12-18T18:18:22.327+0700][gc,heap     ] GC(766) Old regions: 510->511
[2024-12-18T18:18:22.327+0700][gc,heap     ] GC(766) Archive regions: 2->2
[2024-12-18T18:18:22.327+0700][gc,heap     ] GC(766) Humongous regions: 129->129
[2024-12-18T18:18:22.327+0700][gc,metaspace] GC(766) Metaspace: 45909K(46528K)->45909K(46528K) NonClass: 40663K(41024K)->40663K(41024K) Class: 5245K(5504K)->5245K(5504K)
[2024-12-18T18:18:22.327+0700][gc          ] GC(766) Pause Young (Normal) (G1 Evacuation Pause) 690M->643M(1024M) 26.924ms
[2024-12-18T18:18:22.327+0700][gc,cpu      ] GC(766) User=0.05s Sys=0.00s Real=0.03s
[2024-12-18T18:20:13.517+0700][gc,start    ] GC(767) Pause Young (Normal) (G1 Evacuation Pause)
[2024-12-18T18:20:13.517+0700][gc,task     ] GC(767) Using 2 workers of 2 for evacuation
[2024-12-18T18:20:13.551+0700][gc,mmu      ] GC(767) MMU target violated: 21.0ms (20.0ms/21.0ms)
[2024-12-18T18:20:13.552+0700][gc,phases   ] GC(767)   Pre Evacuate Collection Set: 2.6ms
[2024-12-18T18:20:13.552+0700][gc,phases   ] GC(767)   Merge Heap Roots: 0.4ms
[2024-12-18T18:20:13.552+0700][gc,phases   ] GC(767)   Evacuate Collection Set: 28.4ms
[2024-12-18T18:20:13.552+0700][gc,phases   ] GC(767)   Post Evacuate Collection Set: 2.4ms
[2024-12-18T18:20:13.552+0700][gc,phases   ] GC(767)   Other: 1.1ms
[2024-12-18T18:20:13.552+0700][gc,heap     ] GC(767) Eden regions: 48->0(45)
[2024-12-18T18:20:13.552+0700][gc,heap     ] GC(767) Survivor regions: 3->6(7)
[2024-12-18T18:20:13.552+0700][gc,heap     ] GC(767) Old regions: 511->511
[2024-12-18T18:20:13.552+0700][gc,heap     ] GC(767) Archive regions: 2->2
[2024-12-18T18:20:13.552+0700][gc,heap     ] GC(767) Humongous regions: 129->129
[2024-12-18T18:20:13.552+0700][gc,metaspace] GC(767) Metaspace: 45909K(46528K)->45909K(46528K) NonClass: 40663K(41024K)->40663K(41024K) Class: 5245K(5504K)->5245K(5504K)
[2024-12-18T18:20:13.552+0700][gc          ] GC(767) Pause Young (Normal) (G1 Evacuation Pause) 691M->646M(1024M) 35.018ms
[2024-12-18T18:20:13.552+0700][gc,cpu      ] GC(767) User=0.07s Sys=0.00s Real=0.03s
[2024-12-18T18:21:57.583+0700][gc,start    ] GC(768) Pause Young (Normal) (G1 Evacuation Pause)
[2024-12-18T18:21:57.584+0700][gc,task     ] GC(768) Using 2 workers of 2 for evacuation
[2024-12-18T18:21:57.623+0700][gc,mmu      ] GC(768) MMU target violated: 21.0ms (20.0ms/21.0ms)
[2024-12-18T18:21:57.623+0700][gc,phases   ] GC(768)   Pre Evacuate Collection Set: 2.2ms
[2024-12-18T18:21:57.623+0700][gc,phases   ] GC(768)   Merge Heap Roots: 0.4ms
[2024-12-18T18:21:57.623+0700][gc,phases   ] GC(768)   Evacuate Collection Set: 34.9ms
[2024-12-18T18:21:57.623+0700][gc,phases   ] GC(768)   Post Evacuate Collection Set: 1.6ms
[2024-12-18T18:21:57.623+0700][gc,phases   ] GC(768)   Other: 0.8ms
[2024-12-18T18:21:57.623+0700][gc,heap     ] GC(768) Eden regions: 45->0(46)
[2024-12-18T18:21:57.623+0700][gc,heap     ] GC(768) Survivor regions: 6->5(7)
[2024-12-18T18:21:57.623+0700][gc,heap     ] GC(768) Old regions: 511->515
[2024-12-18T18:21:57.623+0700][gc,heap     ] GC(768) Archive regions: 2->2
[2024-12-18T18:21:57.623+0700][gc,heap     ] GC(768) Humongous regions: 129->129
[2024-12-18T18:21:57.623+0700][gc,metaspace] GC(768) Metaspace: 45909K(46528K)->45909K(46528K) NonClass: 40663K(41024K)->40663K(41024K) Class: 5245K(5504K)->5245K(5504K)
[2024-12-18T18:21:57.623+0700][gc          ] GC(768) Pause Young (Normal) (G1 Evacuation Pause) 691M->649M(1024M) 40.044ms
[2024-12-18T18:21:57.623+0700][gc,cpu      ] GC(768) User=0.08s Sys=0.00s Real=0.04s
[2024-12-18T18:23:43.624+0700][gc,start    ] GC(769) Pause Young (Normal) (G1 Evacuation Pause)
[2024-12-18T18:23:43.624+0700][gc,task     ] GC(769) Using 2 workers of 2 for evacuation
[2024-12-18T18:23:43.652+0700][gc,mmu      ] GC(769) MMU target violated: 21.0ms (20.0ms/21.0ms)
[2024-12-18T18:23:43.652+0700][gc,phases   ] GC(769)   Pre Evacuate Collection Set: 0.7ms
[2024-12-18T18:23:43.652+0700][gc,phases   ] GC(769)   Merge Heap Roots: 0.9ms
[2024-12-18T18:23:43.652+0700][gc,phases   ] GC(769)   Evacuate Collection Set: 24.3ms
[2024-12-18T18:23:43.652+0700][gc,phases   ] GC(769)   Post Evacuate Collection Set: 2.0ms
[2024-12-18T18:23:43.652+0700][gc,phases   ] GC(769)   Other: 0.6ms
[2024-12-18T18:23:43.652+0700][gc,heap     ] GC(769) Eden regions: 46->0(48)
[2024-12-18T18:23:43.652+0700][gc,heap     ] GC(769) Survivor regions: 5->3(7)
[2024-12-18T18:23:43.652+0700][gc,heap     ] GC(769) Old regions: 515->517
[2024-12-18T18:23:43.652+0700][gc,heap     ] GC(769) Archive regions: 2->2
[2024-12-18T18:23:43.652+0700][gc,heap     ] GC(769) Humongous regions: 129->129
[2024-12-18T18:23:43.652+0700][gc,metaspace] GC(769) Metaspace: 45909K(46528K)->45909K(46528K) NonClass: 40663K(41024K)->40663K(41024K) Class: 5245K(5504K)->5245K(5504K)
[2024-12-18T18:23:43.652+0700][gc          ] GC(769) Pause Young (Normal) (G1 Evacuation Pause) 695M->649M(1024M) 28.489ms
[2024-12-18T18:23:43.652+0700][gc,cpu      ] GC(769) User=0.04s Sys=0.01s Real=0.02s
[2024-12-18T18:25:35.527+0700][gc,start    ] GC(770) Pause Young (Normal) (G1 Evacuation Pause)
[2024-12-18T18:25:35.527+0700][gc,task     ] GC(770) Using 2 workers of 2 for evacuation
[2024-12-18T18:25:35.562+0700][gc,mmu      ] GC(770) MMU target violated: 21.0ms (20.0ms/21.0ms)
[2024-12-18T18:25:35.562+0700][gc,phases   ] GC(770)   Pre Evacuate Collection Set: 1.7ms
[2024-12-18T18:25:35.562+0700][gc,phases   ] GC(770)   Merge Heap Roots: 0.9ms
[2024-12-18T18:25:35.562+0700][gc,phases   ] GC(770)   Evacuate Collection Set: 28.7ms
[2024-12-18T18:25:35.562+0700][gc,phases   ] GC(770)   Post Evacuate Collection Set: 3.3ms
[2024-12-18T18:25:35.562+0700][gc,phases   ] GC(770)   Other: 1.0ms
[2024-12-18T18:25:35.562+0700][gc,heap     ] GC(770) Eden regions: 48->0(45)
[2024-12-18T18:25:35.562+0700][gc,heap     ] GC(770) Survivor regions: 3->6(7)
[2024-12-18T18:25:35.562+0700][gc,heap     ] GC(770) Old regions: 517->517
[2024-12-18T18:25:35.562+0700][gc,heap     ] GC(770) Archive regions: 2->2
[2024-12-18T18:25:35.562+0700][gc,heap     ] GC(770) Humongous regions: 129->129
[2024-12-18T18:25:35.562+0700][gc,metaspace] GC(770) Metaspace: 45909K(46528K)->45909K(46528K) NonClass: 40663K(41024K)->40663K(41024K) Class: 5245K(5504K)->5245K(5504K)
[2024-12-18T18:25:35.563+0700][gc          ] GC(770) Pause Young (Normal) (G1 Evacuation Pause) 697M->652M(1024M) 35.648ms
[2024-12-18T18:25:35.563+0700][gc,cpu      ] GC(770) User=0.06s Sys=0.00s Real=0.04s
[2024-12-18T18:27:19.721+0700][gc,start    ] GC(771) Pause Young (Normal) (G1 Evacuation Pause)
[2024-12-18T18:27:19.722+0700][gc,task     ] GC(771) Using 2 workers of 2 for evacuation
[2024-12-18T18:27:19.764+0700][gc,mmu      ] GC(771) MMU target violated: 21.0ms (20.0ms/21.0ms)
[2024-12-18T18:27:19.765+0700][gc,phases   ] GC(771)   Pre Evacuate Collection Set: 1.7ms
[2024-12-18T18:27:19.765+0700][gc,phases   ] GC(771)   Merge Heap Roots: 1.7ms
[2024-12-18T18:27:19.765+0700][gc,phases   ] GC(771)   Evacuate Collection Set: 37.0ms
[2024-12-18T18:27:19.765+0700][gc,phases   ] GC(771)   Post Evacuate Collection Set: 2.0ms
[2024-12-18T18:27:19.765+0700][gc,phases   ] GC(771)   Other: 0.9ms
[2024-12-18T18:27:19.765+0700][gc,heap     ] GC(771) Eden regions: 45->0(44)
[2024-12-18T18:27:19.765+0700][gc,heap     ] GC(771) Survivor regions: 6->7(7)
[2024-12-18T18:27:19.765+0700][gc,heap     ] GC(771) Old regions: 517->519
[2024-12-18T18:27:19.765+0700][gc,heap     ] GC(771) Archive regions: 2->2
[2024-12-18T18:27:19.765+0700][gc,heap     ] GC(771) Humongous regions: 129->129
[2024-12-18T18:27:19.765+0700][gc,metaspace] GC(771) Metaspace: 45920K(46528K)->45920K(46528K) NonClass: 40675K(41024K)->40675K(41024K) Class: 5245K(5504K)->5245K(5504K)
[2024-12-18T18:27:19.765+0700][gc          ] GC(771) Pause Young (Normal) (G1 Evacuation Pause) 697M->655M(1024M) 43.581ms
[2024-12-18T18:27:19.765+0700][gc,cpu      ] GC(771) User=0.08s Sys=0.00s Real=0.05s
[2024-12-18T18:29:01.211+0700][gc,start    ] GC(772) Pause Young (Normal) (G1 Evacuation Pause)
[2024-12-18T18:29:01.211+0700][gc,task     ] GC(772) Using 2 workers of 2 for evacuation
[2024-12-18T18:29:01.261+0700][gc,mmu      ] GC(772) MMU target violated: 21.0ms (20.0ms/21.0ms)
[2024-12-18T18:29:01.261+0700][gc,phases   ] GC(772)   Pre Evacuate Collection Set: 2.3ms
[2024-12-18T18:29:01.261+0700][gc,phases   ] GC(772)   Merge Heap Roots: 1.9ms
[2024-12-18T18:29:01.262+0700][gc,phases   ] GC(772)   Evacuate Collection Set: 43.6ms
[2024-12-18T18:29:01.262+0700][gc,phases   ] GC(772)   Post Evacuate Collection Set: 2.1ms
[2024-12-18T18:29:01.262+0700][gc,phases   ] GC(772)   Other: 1.3ms
[2024-12-18T18:29:01.262+0700][gc,heap     ] GC(772) Eden regions: 44->0(46)
[2024-12-18T18:29:01.262+0700][gc,heap     ] GC(772) Survivor regions: 7->5(7)
[2024-12-18T18:29:01.262+0700][gc,heap     ] GC(772) Old regions: 519->523
[2024-12-18T18:29:01.262+0700][gc,heap     ] GC(772) Archive regions: 2->2
[2024-12-18T18:29:01.262+0700][gc,heap     ] GC(772) Humongous regions: 129->129
[2024-12-18T18:29:01.262+0700][gc,metaspace] GC(772) Metaspace: 45920K(46528K)->45920K(46528K) NonClass: 40675K(41024K)->40675K(41024K) Class: 5245K(5504K)->5245K(5504K)
[2024-12-18T18:29:01.262+0700][gc          ] GC(772) Pause Young (Normal) (G1 Evacuation Pause) 699M->657M(1024M) 51.306ms
[2024-12-18T18:29:01.262+0700][gc,cpu      ] GC(772) User=0.09s Sys=0.00s Real=0.05s
[2024-12-18T18:30:47.564+0700][gc,start    ] GC(773) Pause Young (Normal) (G1 Evacuation Pause)
[2024-12-18T18:30:47.565+0700][gc,task     ] GC(773) Using 2 workers of 2 for evacuation
[2024-12-18T18:30:47.595+0700][gc,mmu      ] GC(773) MMU target violated: 21.0ms (20.0ms/21.0ms)
[2024-12-18T18:30:47.595+0700][gc,phases   ] GC(773)   Pre Evacuate Collection Set: 2.0ms
[2024-12-18T18:30:47.595+0700][gc,phases   ] GC(773)   Merge Heap Roots: 0.5ms
[2024-12-18T18:30:47.595+0700][gc,phases   ] GC(773)   Evacuate Collection Set: 24.8ms
[2024-12-18T18:30:47.595+0700][gc,phases   ] GC(773)   Post Evacuate Collection Set: 2.1ms
[2024-12-18T18:30:47.595+0700][gc,phases   ] GC(773)   Other: 2.5ms
[2024-12-18T18:30:47.595+0700][gc,heap     ] GC(773) Eden regions: 46->0(48)
[2024-12-18T18:30:47.595+0700][gc,heap     ] GC(773) Survivor regions: 5->3(7)
[2024-12-18T18:30:47.595+0700][gc,heap     ] GC(773) Old regions: 523->525
[2024-12-18T18:30:47.595+0700][gc,heap     ] GC(773) Archive regions: 2->2
[2024-12-18T18:30:47.595+0700][gc,heap     ] GC(773) Humongous regions: 129->129
[2024-12-18T18:30:47.595+0700][gc,metaspace] GC(773) Metaspace: 45920K(46528K)->45920K(46528K) NonClass: 40675K(41024K)->40675K(41024K) Class: 5245K(5504K)->5245K(5504K)
[2024-12-18T18:30:47.595+0700][gc          ] GC(773) Pause Young (Normal) (G1 Evacuation Pause) 703M->657M(1024M) 31.920ms
[2024-12-18T18:30:47.595+0700][gc,cpu      ] GC(773) User=0.05s Sys=0.00s Real=0.03s
[2024-12-18T18:32:38.543+0700][gc,start    ] GC(774) Pause Young (Normal) (G1 Evacuation Pause)
[2024-12-18T18:32:38.543+0700][gc,task     ] GC(774) Using 2 workers of 2 for evacuation
[2024-12-18T18:32:38.581+0700][gc,mmu      ] GC(774) MMU target violated: 21.0ms (20.0ms/21.0ms)
[2024-12-18T18:32:38.581+0700][gc,phases   ] GC(774)   Pre Evacuate Collection Set: 2.8ms
[2024-12-18T18:32:38.581+0700][gc,phases   ] GC(774)   Merge Heap Roots: 0.5ms
[2024-12-18T18:32:38.581+0700][gc,phases   ] GC(774)   Evacuate Collection Set: 31.0ms
[2024-12-18T18:32:38.581+0700][gc,phases   ] GC(774)   Post Evacuate Collection Set: 2.8ms
[2024-12-18T18:32:38.581+0700][gc,phases   ] GC(774)   Other: 1.0ms
[2024-12-18T18:32:38.581+0700][gc,heap     ] GC(774) Eden regions: 48->0(45)
[2024-12-18T18:32:38.581+0700][gc,heap     ] GC(774) Survivor regions: 3->6(7)
[2024-12-18T18:32:38.581+0700][gc,heap     ] GC(774) Old regions: 525->525
[2024-12-18T18:32:38.581+0700][gc,heap     ] GC(774) Archive regions: 2->2
[2024-12-18T18:32:38.581+0700][gc,heap     ] GC(774) Humongous regions: 129->129
[2024-12-18T18:32:38.581+0700][gc,metaspace] GC(774) Metaspace: 45920K(46528K)->45920K(46528K) NonClass: 40675K(41024K)->40675K(41024K) Class: 5245K(5504K)->5245K(5504K)
[2024-12-18T18:32:38.581+0700][gc          ] GC(774) Pause Young (Normal) (G1 Evacuation Pause) 705M->660M(1024M) 38.109ms
[2024-12-18T18:32:38.581+0700][gc,cpu      ] GC(774) User=0.07s Sys=0.00s Real=0.03s
[2024-12-18T18:34:22.641+0700][gc,start    ] GC(775) Pause Young (Normal) (G1 Evacuation Pause)
[2024-12-18T18:34:22.641+0700][gc,task     ] GC(775) Using 2 workers of 2 for evacuation
[2024-12-18T18:34:22.689+0700][gc,mmu      ] GC(775) MMU target violated: 21.0ms (20.0ms/21.0ms)
[2024-12-18T18:34:22.689+0700][gc,phases   ] GC(775)   Pre Evacuate Collection Set: 1.8ms
[2024-12-18T18:34:22.689+0700][gc,phases   ] GC(775)   Merge Heap Roots: 0.7ms
[2024-12-18T18:34:22.689+0700][gc,phases   ] GC(775)   Evacuate Collection Set: 42.6ms
[2024-12-18T18:34:22.689+0700][gc,phases   ] GC(775)   Post Evacuate Collection Set: 2.1ms
[2024-12-18T18:34:22.689+0700][gc,phases   ] GC(775)   Other: 1.1ms
[2024-12-18T18:34:22.689+0700][gc,heap     ] GC(775) Eden regions: 45->0(45)
[2024-12-18T18:34:22.689+0700][gc,heap     ] GC(775) Survivor regions: 6->6(7)
[2024-12-18T18:34:22.689+0700][gc,heap     ] GC(775) Old regions: 525->527
[2024-12-18T18:34:22.689+0700][gc,heap     ] GC(775) Archive regions: 2->2
[2024-12-18T18:34:22.689+0700][gc,heap     ] GC(775) Humongous regions: 129->129
[2024-12-18T18:34:22.689+0700][gc,metaspace] GC(775) Metaspace: 45920K(46528K)->45920K(46528K) NonClass: 40675K(41024K)->40675K(41024K) Class: 5245K(5504K)->5245K(5504K)
[2024-12-18T18:34:22.689+0700][gc          ] GC(775) Pause Young (Normal) (G1 Evacuation Pause) 705M->662M(1024M) 48.352ms
[2024-12-18T18:34:22.689+0700][gc,cpu      ] GC(775) User=0.09s Sys=0.00s Real=0.05s
[2024-12-18T18:36:07.259+0700][gc,start    ] GC(776) Pause Young (Normal) (G1 Evacuation Pause)
[2024-12-18T18:36:07.259+0700][gc,task     ] GC(776) Using 2 workers of 2 for evacuation
[2024-12-18T18:36:07.309+0700][gc,mmu      ] GC(776) MMU target violated: 21.0ms (20.0ms/21.0ms)
[2024-12-18T18:36:07.309+0700][gc,phases   ] GC(776)   Pre Evacuate Collection Set: 3.2ms
[2024-12-18T18:36:07.309+0700][gc,phases   ] GC(776)   Merge Heap Roots: 0.7ms
[2024-12-18T18:36:07.309+0700][gc,phases   ] GC(776)   Evacuate Collection Set: 42.7ms
[2024-12-18T18:36:07.309+0700][gc,phases   ] GC(776)   Post Evacuate Collection Set: 2.3ms
[2024-12-18T18:36:07.309+0700][gc,phases   ] GC(776)   Other: 1.1ms
[2024-12-18T18:36:07.309+0700][gc,heap     ] GC(776) Eden regions: 45->0(46)
[2024-12-18T18:36:07.309+0700][gc,heap     ] GC(776) Survivor regions: 6->5(7)
[2024-12-18T18:36:07.309+0700][gc,heap     ] GC(776) Old regions: 527->531
[2024-12-18T18:36:07.309+0700][gc,heap     ] GC(776) Archive regions: 2->2
[2024-12-18T18:36:07.309+0700][gc,heap     ] GC(776) Humongous regions: 129->129
[2024-12-18T18:36:07.309+0700][gc,metaspace] GC(776) Metaspace: 45920K(46528K)->45920K(46528K) NonClass: 40675K(41024K)->40675K(41024K) Class: 5245K(5504K)->5245K(5504K)
[2024-12-18T18:36:07.309+0700][gc          ] GC(776) Pause Young (Normal) (G1 Evacuation Pause) 707M->665M(1024M) 50.086ms
[2024-12-18T18:36:07.309+0700][gc,cpu      ] GC(776) User=0.09s Sys=0.00s Real=0.05s
[2024-12-18T18:37:52.734+0700][gc,start    ] GC(777) Pause Young (Normal) (G1 Evacuation Pause)
[2024-12-18T18:37:52.734+0700][gc,task     ] GC(777) Using 2 workers of 2 for evacuation
[2024-12-18T18:37:52.766+0700][gc,mmu      ] GC(777) MMU target violated: 21.0ms (20.0ms/21.0ms)
[2024-12-18T18:37:52.767+0700][gc,phases   ] GC(777)   Pre Evacuate Collection Set: 1.0ms
[2024-12-18T18:37:52.767+0700][gc,phases   ] GC(777)   Merge Heap Roots: 1.0ms
[2024-12-18T18:37:52.767+0700][gc,phases   ] GC(777)   Evacuate Collection Set: 27.8ms
[2024-12-18T18:37:52.767+0700][gc,phases   ] GC(777)   Post Evacuate Collection Set: 2.2ms
[2024-12-18T18:37:52.767+0700][gc,phases   ] GC(777)   Other: 0.7ms
[2024-12-18T18:37:52.767+0700][gc,heap     ] GC(777) Eden regions: 46->0(48)
[2024-12-18T18:37:52.767+0700][gc,heap     ] GC(777) Survivor regions: 5->3(7)
[2024-12-18T18:37:52.767+0700][gc,heap     ] GC(777) Old regions: 531->533
[2024-12-18T18:37:52.767+0700][gc,heap     ] GC(777) Archive regions: 2->2
[2024-12-18T18:37:52.767+0700][gc,heap     ] GC(777) Humongous regions: 129->129
[2024-12-18T18:37:52.767+0700][gc,metaspace] GC(777) Metaspace: 45920K(46528K)->45920K(46528K) NonClass: 40675K(41024K)->40675K(41024K) Class: 5245K(5504K)->5245K(5504K)
[2024-12-18T18:37:52.767+0700][gc          ] GC(777) Pause Young (Normal) (G1 Evacuation Pause) 711M->665M(1024M) 32.745ms
[2024-12-18T18:37:52.767+0700][gc,cpu      ] GC(777) User=0.06s Sys=0.00s Real=0.03s
[2024-12-18T18:39:44.152+0700][gc,start    ] GC(778) Pause Young (Normal) (G1 Evacuation Pause)
[2024-12-18T18:39:44.153+0700][gc,task     ] GC(778) Using 2 workers of 2 for evacuation
[2024-12-18T18:39:44.194+0700][gc,mmu      ] GC(778) MMU target violated: 21.0ms (20.0ms/21.0ms)
[2024-12-18T18:39:44.194+0700][gc,phases   ] GC(778)   Pre Evacuate Collection Set: 2.0ms
[2024-12-18T18:39:44.194+0700][gc,phases   ] GC(778)   Merge Heap Roots: 0.4ms
[2024-12-18T18:39:44.194+0700][gc,phases   ] GC(778)   Evacuate Collection Set: 36.1ms
[2024-12-18T18:39:44.194+0700][gc,phases   ] GC(778)   Post Evacuate Collection Set: 2.6ms
[2024-12-18T18:39:44.194+0700][gc,phases   ] GC(778)   Other: 0.9ms
[2024-12-18T18:39:44.194+0700][gc,heap     ] GC(778) Eden regions: 48->0(45)
[2024-12-18T18:39:44.194+0700][gc,heap     ] GC(778) Survivor regions: 3->6(7)
[2024-12-18T18:39:44.194+0700][gc,heap     ] GC(778) Old regions: 533->533
[2024-12-18T18:39:44.194+0700][gc,heap     ] GC(778) Archive regions: 2->2
[2024-12-18T18:39:44.194+0700][gc,heap     ] GC(778) Humongous regions: 129->129
[2024-12-18T18:39:44.195+0700][gc,metaspace] GC(778) Metaspace: 45920K(46528K)->45920K(46528K) NonClass: 40675K(41024K)->40675K(41024K) Class: 5245K(5504K)->5245K(5504K)
[2024-12-18T18:39:44.195+0700][gc          ] GC(778) Pause Young (Normal) (G1 Evacuation Pause) 713M->668M(1024M) 42.105ms
[2024-12-18T18:39:44.195+0700][gc,cpu      ] GC(778) User=0.08s Sys=0.00s Real=0.05s
[2024-12-18T18:41:29.150+0700][gc,start    ] GC(779) Pause Young (Normal) (G1 Evacuation Pause)
[2024-12-18T18:41:29.150+0700][gc,task     ] GC(779) Using 2 workers of 2 for evacuation
[2024-12-18T18:41:29.250+0700][gc,mmu      ] GC(779) MMU target violated: 21.0ms (20.0ms/21.0ms)
[2024-12-18T18:41:29.250+0700][gc,phases   ] GC(779)   Pre Evacuate Collection Set: 3.6ms
[2024-12-18T18:41:29.250+0700][gc,phases   ] GC(779)   Merge Heap Roots: 1.9ms
[2024-12-18T18:41:29.250+0700][gc,phases   ] GC(779)   Evacuate Collection Set: 89.6ms
[2024-12-18T18:41:29.250+0700][gc,phases   ] GC(779)   Post Evacuate Collection Set: 2.8ms
[2024-12-18T18:41:29.250+0700][gc,phases   ] GC(779)   Other: 2.3ms
[2024-12-18T18:41:29.250+0700][gc,heap     ] GC(779) Eden regions: 45->0(46)
[2024-12-18T18:41:29.250+0700][gc,heap     ] GC(779) Survivor regions: 6->5(7)
[2024-12-18T18:41:29.250+0700][gc,heap     ] GC(779) Old regions: 533->537
[2024-12-18T18:41:29.250+0700][gc,heap     ] GC(779) Archive regions: 2->2
[2024-12-18T18:41:29.250+0700][gc,heap     ] GC(779) Humongous regions: 129->129
[2024-12-18T18:41:29.250+0700][gc,metaspace] GC(779) Metaspace: 45920K(46528K)->45920K(46528K) NonClass: 40675K(41024K)->40675K(41024K) Class: 5245K(5504K)->5245K(5504K)
[2024-12-18T18:41:29.250+0700][gc          ] GC(779) Pause Young (Normal) (G1 Evacuation Pause) 713M->671M(1024M) 100.481ms
[2024-12-18T18:41:29.250+0700][gc,cpu      ] GC(779) User=0.19s Sys=0.00s Real=0.10s
[2024-12-18T18:43:16.234+0700][gc,start    ] GC(780) Pause Young (Normal) (G1 Evacuation Pause)
[2024-12-18T18:43:16.234+0700][gc,task     ] GC(780) Using 2 workers of 2 for evacuation
[2024-12-18T18:43:16.266+0700][gc,mmu      ] GC(780) MMU target violated: 21.0ms (20.0ms/21.0ms)
[2024-12-18T18:43:16.266+0700][gc,phases   ] GC(780)   Pre Evacuate Collection Set: 1.1ms
[2024-12-18T18:43:16.266+0700][gc,phases   ] GC(780)   Merge Heap Roots: 0.5ms
[2024-12-18T18:43:16.266+0700][gc,phases   ] GC(780)   Evacuate Collection Set: 27.0ms
[2024-12-18T18:43:16.266+0700][gc,phases   ] GC(780)   Post Evacuate Collection Set: 3.0ms
[2024-12-18T18:43:16.266+0700][gc,phases   ] GC(780)   Other: 1.0ms
[2024-12-18T18:43:16.266+0700][gc,heap     ] GC(780) Eden regions: 46->0(48)
[2024-12-18T18:43:16.266+0700][gc,heap     ] GC(780) Survivor regions: 5->3(7)
[2024-12-18T18:43:16.266+0700][gc,heap     ] GC(780) Old regions: 537->539
[2024-12-18T18:43:16.266+0700][gc,heap     ] GC(780) Archive regions: 2->2
[2024-12-18T18:43:16.266+0700][gc,heap     ] GC(780) Humongous regions: 129->129
[2024-12-18T18:43:16.266+0700][gc,metaspace] GC(780) Metaspace: 45920K(46528K)->45920K(46528K) NonClass: 40675K(41024K)->40675K(41024K) Class: 5245K(5504K)->5245K(5504K)
[2024-12-18T18:43:16.266+0700][gc          ] GC(780) Pause Young (Normal) (G1 Evacuation Pause) 717M->671M(1024M) 32.466ms
[2024-12-18T18:43:16.266+0700][gc,cpu      ] GC(780) User=0.05s Sys=0.01s Real=0.04s
[2024-12-18T18:45:07.743+0700][gc,start    ] GC(781) Pause Young (Normal) (G1 Evacuation Pause)
[2024-12-18T18:45:07.743+0700][gc,task     ] GC(781) Using 2 workers of 2 for evacuation
[2024-12-18T18:45:07.776+0700][gc,mmu      ] GC(781) MMU target violated: 21.0ms (20.0ms/21.0ms)
[2024-12-18T18:45:07.777+0700][gc,phases   ] GC(781)   Pre Evacuate Collection Set: 1.8ms
[2024-12-18T18:45:07.777+0700][gc,phases   ] GC(781)   Merge Heap Roots: 0.7ms
[2024-12-18T18:45:07.777+0700][gc,phases   ] GC(781)   Evacuate Collection Set: 29.0ms
[2024-12-18T18:45:07.777+0700][gc,phases   ] GC(781)   Post Evacuate Collection Set: 1.8ms
[2024-12-18T18:45:07.777+0700][gc,phases   ] GC(781)   Other: 0.9ms
[2024-12-18T18:45:07.777+0700][gc,heap     ] GC(781) Eden regions: 48->0(45)
[2024-12-18T18:45:07.777+0700][gc,heap     ] GC(781) Survivor regions: 3->6(7)
[2024-12-18T18:45:07.777+0700][gc,heap     ] GC(781) Old regions: 539->539
[2024-12-18T18:45:07.777+0700][gc,heap     ] GC(781) Archive regions: 2->2
[2024-12-18T18:45:07.777+0700][gc,heap     ] GC(781) Humongous regions: 129->129
[2024-12-18T18:45:07.777+0700][gc,metaspace] GC(781) Metaspace: 45928K(46528K)->45928K(46528K) NonClass: 40683K(41024K)->40683K(41024K) Class: 5245K(5504K)->5245K(5504K)
[2024-12-18T18:45:07.777+0700][gc          ] GC(781) Pause Young (Normal) (G1 Evacuation Pause) 719M->674M(1024M) 34.327ms
[2024-12-18T18:45:07.777+0700][gc,cpu      ] GC(781) User=0.06s Sys=0.00s Real=0.03s
[2024-12-18T18:46:52.181+0700][gc,start    ] GC(782) Pause Young (Normal) (G1 Evacuation Pause)
[2024-12-18T18:46:52.181+0700][gc,task     ] GC(782) Using 2 workers of 2 for evacuation
[2024-12-18T18:46:52.226+0700][gc,mmu      ] GC(782) MMU target violated: 21.0ms (20.0ms/21.0ms)
[2024-12-18T18:46:52.227+0700][gc,phases   ] GC(782)   Pre Evacuate Collection Set: 1.9ms
[2024-12-18T18:46:52.227+0700][gc,phases   ] GC(782)   Merge Heap Roots: 0.9ms
[2024-12-18T18:46:52.227+0700][gc,phases   ] GC(782)   Evacuate Collection Set: 40.2ms
[2024-12-18T18:46:52.227+0700][gc,phases   ] GC(782)   Post Evacuate Collection Set: 2.1ms
[2024-12-18T18:46:52.227+0700][gc,phases   ] GC(782)   Other: 0.8ms
[2024-12-18T18:46:52.227+0700][gc,heap     ] GC(782) Eden regions: 45->0(45)
[2024-12-18T18:46:52.227+0700][gc,heap     ] GC(782) Survivor regions: 6->6(7)
[2024-12-18T18:46:52.227+0700][gc,heap     ] GC(782) Old regions: 539->541
[2024-12-18T18:46:52.227+0700][gc,heap     ] GC(782) Archive regions: 2->2
[2024-12-18T18:46:52.227+0700][gc,heap     ] GC(782) Humongous regions: 129->129
[2024-12-18T18:46:52.227+0700][gc,metaspace] GC(782) Metaspace: 45928K(46528K)->45928K(46528K) NonClass: 40683K(41024K)->40683K(41024K) Class: 5245K(5504K)->5245K(5504K)
[2024-12-18T18:46:52.227+0700][gc          ] GC(782) Pause Young (Normal) (G1 Evacuation Pause) 719M->676M(1024M) 45.901ms
[2024-12-18T18:46:52.227+0700][gc,cpu      ] GC(782) User=0.09s Sys=0.00s Real=0.05s
[2024-12-18T18:48:36.061+0700][gc,start    ] GC(783) Pause Young (Normal) (G1 Evacuation Pause)
[2024-12-18T18:48:36.061+0700][gc,task     ] GC(783) Using 2 workers of 2 for evacuation
[2024-12-18T18:48:36.111+0700][gc,mmu      ] GC(783) MMU target violated: 21.0ms (20.0ms/21.0ms)
[2024-12-18T18:48:36.112+0700][gc,phases   ] GC(783)   Pre Evacuate Collection Set: 0.7ms
[2024-12-18T18:48:36.112+0700][gc,phases   ] GC(783)   Merge Heap Roots: 0.5ms
[2024-12-18T18:48:36.112+0700][gc,phases   ] GC(783)   Evacuate Collection Set: 46.1ms
[2024-12-18T18:48:36.112+0700][gc,phases   ] GC(783)   Post Evacuate Collection Set: 2.6ms
[2024-12-18T18:48:36.112+0700][gc,phases   ] GC(783)   Other: 0.6ms
[2024-12-18T18:48:36.112+0700][gc,heap     ] GC(783) Eden regions: 45->0(46)
[2024-12-18T18:48:36.112+0700][gc,heap     ] GC(783) Survivor regions: 6->5(7)
[2024-12-18T18:48:36.112+0700][gc,heap     ] GC(783) Old regions: 541->545
[2024-12-18T18:48:36.112+0700][gc,heap     ] GC(783) Archive regions: 2->2
[2024-12-18T18:48:36.112+0700][gc,heap     ] GC(783) Humongous regions: 129->129
[2024-12-18T18:48:36.112+0700][gc,metaspace] GC(783) Metaspace: 45928K(46528K)->45928K(46528K) NonClass: 40683K(41024K)->40683K(41024K) Class: 5245K(5504K)->5245K(5504K)
[2024-12-18T18:48:36.112+0700][gc          ] GC(783) Pause Young (Normal) (G1 Evacuation Pause) 721M->679M(1024M) 50.505ms
[2024-12-18T18:48:36.112+0700][gc,cpu      ] GC(783) User=0.10s Sys=0.00s Real=0.05s
[2024-12-18T18:50:22.405+0700][gc,start    ] GC(784) Pause Young (Normal) (G1 Evacuation Pause)
[2024-12-18T18:50:22.405+0700][gc,task     ] GC(784) Using 2 workers of 2 for evacuation
[2024-12-18T18:50:22.451+0700][gc,mmu      ] GC(784) MMU target violated: 21.0ms (20.0ms/21.0ms)
[2024-12-18T18:50:22.451+0700][gc,phases   ] GC(784)   Pre Evacuate Collection Set: 2.8ms
[2024-12-18T18:50:22.451+0700][gc,phases   ] GC(784)   Merge Heap Roots: 0.7ms
[2024-12-18T18:50:22.451+0700][gc,phases   ] GC(784)   Evacuate Collection Set: 37.0ms
[2024-12-18T18:50:22.451+0700][gc,phases   ] GC(784)   Post Evacuate Collection Set: 4.3ms
[2024-12-18T18:50:22.451+0700][gc,phases   ] GC(784)   Other: 1.6ms
[2024-12-18T18:50:22.451+0700][gc,heap     ] GC(784) Eden regions: 46->0(48)
[2024-12-18T18:50:22.451+0700][gc,heap     ] GC(784) Survivor regions: 5->3(7)
[2024-12-18T18:50:22.451+0700][gc,heap     ] GC(784) Old regions: 545->547
[2024-12-18T18:50:22.451+0700][gc,heap     ] GC(784) Archive regions: 2->2
[2024-12-18T18:50:22.451+0700][gc,heap     ] GC(784) Humongous regions: 129->129
[2024-12-18T18:50:22.451+0700][gc,metaspace] GC(784) Metaspace: 45928K(46528K)->45928K(46528K) NonClass: 40683K(41024K)->40683K(41024K) Class: 5245K(5504K)->5245K(5504K)
[2024-12-18T18:50:22.451+0700][gc          ] GC(784) Pause Young (Normal) (G1 Evacuation Pause) 725M->679M(1024M) 46.362ms
[2024-12-18T18:50:22.451+0700][gc,cpu      ] GC(784) User=0.08s Sys=0.00s Real=0.04s
[2024-12-18T18:52:14.101+0700][gc,start    ] GC(785) Pause Young (Normal) (G1 Evacuation Pause)
[2024-12-18T18:52:14.101+0700][gc,task     ] GC(785) Using 2 workers of 2 for evacuation
[2024-12-18T18:52:14.137+0700][gc,mmu      ] GC(785) MMU target violated: 21.0ms (20.0ms/21.0ms)
[2024-12-18T18:52:14.138+0700][gc,phases   ] GC(785)   Pre Evacuate Collection Set: 1.2ms
[2024-12-18T18:52:14.138+0700][gc,phases   ] GC(785)   Merge Heap Roots: 0.7ms
[2024-12-18T18:52:14.138+0700][gc,phases   ] GC(785)   Evacuate Collection Set: 32.7ms
[2024-12-18T18:52:14.138+0700][gc,phases   ] GC(785)   Post Evacuate Collection Set: 1.9ms
[2024-12-18T18:52:14.138+0700][gc,phases   ] GC(785)   Other: 0.6ms
[2024-12-18T18:52:14.138+0700][gc,heap     ] GC(785) Eden regions: 48->0(45)
[2024-12-18T18:52:14.138+0700][gc,heap     ] GC(785) Survivor regions: 3->6(7)
[2024-12-18T18:52:14.138+0700][gc,heap     ] GC(785) Old regions: 547->547
[2024-12-18T18:52:14.138+0700][gc,heap     ] GC(785) Archive regions: 2->2
[2024-12-18T18:52:14.138+0700][gc,heap     ] GC(785) Humongous regions: 129->129
[2024-12-18T18:52:14.138+0700][gc,metaspace] GC(785) Metaspace: 45928K(46528K)->45928K(46528K) NonClass: 40683K(41024K)->40683K(41024K) Class: 5245K(5504K)->5245K(5504K)
[2024-12-18T18:52:14.138+0700][gc          ] GC(785) Pause Young (Normal) (G1 Evacuation Pause) 727M->682M(1024M) 37.230ms
[2024-12-18T18:52:14.138+0700][gc,cpu      ] GC(785) User=0.07s Sys=0.00s Real=0.04s
[2024-12-18T18:53:57.894+0700][gc,start    ] GC(786) Pause Young (Normal) (G1 Evacuation Pause)
[2024-12-18T18:53:57.894+0700][gc,task     ] GC(786) Using 2 workers of 2 for evacuation
[2024-12-18T18:53:57.940+0700][gc,mmu      ] GC(786) MMU target violated: 21.0ms (20.0ms/21.0ms)
[2024-12-18T18:53:57.940+0700][gc,phases   ] GC(786)   Pre Evacuate Collection Set: 2.2ms
[2024-12-18T18:53:57.940+0700][gc,phases   ] GC(786)   Merge Heap Roots: 0.8ms
[2024-12-18T18:53:57.940+0700][gc,phases   ] GC(786)   Evacuate Collection Set: 39.7ms
[2024-12-18T18:53:57.940+0700][gc,phases   ] GC(786)   Post Evacuate Collection Set: 2.7ms
[2024-12-18T18:53:57.940+0700][gc,phases   ] GC(786)   Other: 1.0ms
[2024-12-18T18:53:57.940+0700][gc,heap     ] GC(786) Eden regions: 45->0(44)
[2024-12-18T18:53:57.940+0700][gc,heap     ] GC(786) Survivor regions: 6->7(7)
[2024-12-18T18:53:57.940+0700][gc,heap     ] GC(786) Old regions: 547->549
[2024-12-18T18:53:57.940+0700][gc,heap     ] GC(786) Archive regions: 2->2
[2024-12-18T18:53:57.940+0700][gc,heap     ] GC(786) Humongous regions: 129->129
[2024-12-18T18:53:57.940+0700][gc,metaspace] GC(786) Metaspace: 45928K(46528K)->45928K(46528K) NonClass: 40683K(41024K)->40683K(41024K) Class: 5245K(5504K)->5245K(5504K)
[2024-12-18T18:53:57.941+0700][gc          ] GC(786) Pause Young (Normal) (G1 Evacuation Pause) 727M->685M(1024M) 46.497ms
[2024-12-18T18:53:57.941+0700][gc,cpu      ] GC(786) User=0.09s Sys=0.00s Real=0.04s
[2024-12-18T18:55:40.001+0700][gc,start    ] GC(787) Pause Young (Normal) (G1 Evacuation Pause)
[2024-12-18T18:55:40.001+0700][gc,task     ] GC(787) Using 2 workers of 2 for evacuation
[2024-12-18T18:55:40.050+0700][gc,mmu      ] GC(787) MMU target violated: 21.0ms (20.0ms/21.0ms)
[2024-12-18T18:55:40.051+0700][gc,phases   ] GC(787)   Pre Evacuate Collection Set: 2.0ms
[2024-12-18T18:55:40.051+0700][gc,phases   ] GC(787)   Merge Heap Roots: 0.5ms
[2024-12-18T18:55:40.051+0700][gc,phases   ] GC(787)   Evacuate Collection Set: 42.7ms
[2024-12-18T18:55:40.051+0700][gc,phases   ] GC(787)   Post Evacuate Collection Set: 3.2ms
[2024-12-18T18:55:40.051+0700][gc,phases   ] GC(787)   Other: 1.2ms
[2024-12-18T18:55:40.051+0700][gc,heap     ] GC(787) Eden regions: 44->0(46)
[2024-12-18T18:55:40.051+0700][gc,heap     ] GC(787) Survivor regions: 7->5(7)
[2024-12-18T18:55:40.051+0700][gc,heap     ] GC(787) Old regions: 549->553
[2024-12-18T18:55:40.051+0700][gc,heap     ] GC(787) Archive regions: 2->2
[2024-12-18T18:55:40.051+0700][gc,heap     ] GC(787) Humongous regions: 129->129
[2024-12-18T18:55:40.051+0700][gc,metaspace] GC(787) Metaspace: 45928K(46528K)->45928K(46528K) NonClass: 40683K(41024K)->40683K(41024K) Class: 5245K(5504K)->5245K(5504K)
[2024-12-18T18:55:40.051+0700][gc          ] GC(787) Pause Young (Normal) (G1 Evacuation Pause) 729M->687M(1024M) 49.630ms
[2024-12-18T18:55:40.051+0700][gc,cpu      ] GC(787) User=0.09s Sys=0.00s Real=0.05s
[2024-12-18T18:57:26.074+0700][gc,start    ] GC(788) Pause Young (Normal) (G1 Evacuation Pause)
[2024-12-18T18:57:26.074+0700][gc,task     ] GC(788) Using 2 workers of 2 for evacuation
[2024-12-18T18:57:26.109+0700][gc,mmu      ] GC(788) MMU target violated: 21.0ms (20.0ms/21.0ms)
[2024-12-18T18:57:26.109+0700][gc,phases   ] GC(788)   Pre Evacuate Collection Set: 4.8ms
[2024-12-18T18:57:26.110+0700][gc,phases   ] GC(788)   Merge Heap Roots: 0.5ms
[2024-12-18T18:57:26.110+0700][gc,phases   ] GC(788)   Evacuate Collection Set: 26.5ms
[2024-12-18T18:57:26.110+0700][gc,phases   ] GC(788)   Post Evacuate Collection Set: 2.6ms
[2024-12-18T18:57:26.110+0700][gc,phases   ] GC(788)   Other: 1.2ms
[2024-12-18T18:57:26.110+0700][gc,heap     ] GC(788) Eden regions: 46->0(48)
[2024-12-18T18:57:26.110+0700][gc,heap     ] GC(788) Survivor regions: 5->3(7)
[2024-12-18T18:57:26.110+0700][gc,heap     ] GC(788) Old regions: 553->555
[2024-12-18T18:57:26.110+0700][gc,heap     ] GC(788) Archive regions: 2->2
[2024-12-18T18:57:26.110+0700][gc,heap     ] GC(788) Humongous regions: 129->129
[2024-12-18T18:57:26.110+0700][gc,metaspace] GC(788) Metaspace: 45928K(46528K)->45928K(46528K) NonClass: 40683K(41024K)->40683K(41024K) Class: 5245K(5504K)->5245K(5504K)
[2024-12-18T18:57:26.110+0700][gc          ] GC(788) Pause Young (Normal) (G1 Evacuation Pause) 733M->687M(1024M) 35.557ms
[2024-12-18T18:57:26.110+0700][gc,cpu      ] GC(788) User=0.06s Sys=0.00s Real=0.03s
[2024-12-18T18:59:17.609+0700][gc,start    ] GC(789) Pause Young (Normal) (G1 Evacuation Pause)
[2024-12-18T18:59:17.609+0700][gc,task     ] GC(789) Using 2 workers of 2 for evacuation
[2024-12-18T18:59:17.647+0700][gc,mmu      ] GC(789) MMU target violated: 21.0ms (20.0ms/21.0ms)
[2024-12-18T18:59:17.648+0700][gc,phases   ] GC(789)   Pre Evacuate Collection Set: 0.9ms
[2024-12-18T18:59:17.648+0700][gc,phases   ] GC(789)   Merge Heap Roots: 0.7ms
[2024-12-18T18:59:17.648+0700][gc,phases   ] GC(789)   Evacuate Collection Set: 34.1ms
[2024-12-18T18:59:17.648+0700][gc,phases   ] GC(789)   Post Evacuate Collection Set: 2.3ms
[2024-12-18T18:59:17.648+0700][gc,phases   ] GC(789)   Other: 0.8ms
[2024-12-18T18:59:17.648+0700][gc,heap     ] GC(789) Eden regions: 48->0(45)
[2024-12-18T18:59:17.648+0700][gc,heap     ] GC(789) Survivor regions: 3->6(7)
[2024-12-18T18:59:17.648+0700][gc,heap     ] GC(789) Old regions: 555->555
[2024-12-18T18:59:17.648+0700][gc,heap     ] GC(789) Archive regions: 2->2
[2024-12-18T18:59:17.648+0700][gc,heap     ] GC(789) Humongous regions: 129->129
[2024-12-18T18:59:17.648+0700][gc,metaspace] GC(789) Metaspace: 45928K(46528K)->45928K(46528K) NonClass: 40683K(41024K)->40683K(41024K) Class: 5245K(5504K)->5245K(5504K)
[2024-12-18T18:59:17.648+0700][gc          ] GC(789) Pause Young (Normal) (G1 Evacuation Pause) 735M->690M(1024M) 38.683ms
[2024-12-18T18:59:17.648+0700][gc,cpu      ] GC(789) User=0.07s Sys=0.00s Real=0.04s
[2024-12-18T19:01:01.730+0700][gc,start    ] GC(790) Pause Young (Normal) (G1 Evacuation Pause)
[2024-12-18T19:01:01.730+0700][gc,task     ] GC(790) Using 2 workers of 2 for evacuation
[2024-12-18T19:01:01.775+0700][gc,mmu      ] GC(790) MMU target violated: 21.0ms (20.0ms/21.0ms)
[2024-12-18T19:01:01.776+0700][gc,phases   ] GC(790)   Pre Evacuate Collection Set: 1.6ms
[2024-12-18T19:01:01.776+0700][gc,phases   ] GC(790)   Merge Heap Roots: 0.8ms
[2024-12-18T19:01:01.776+0700][gc,phases   ] GC(790)   Evacuate Collection Set: 40.3ms
[2024-12-18T19:01:01.776+0700][gc,phases   ] GC(790)   Post Evacuate Collection Set: 2.2ms
[2024-12-18T19:01:01.776+0700][gc,phases   ] GC(790)   Other: 0.8ms
[2024-12-18T19:01:01.776+0700][gc,heap     ] GC(790) Eden regions: 45->0(46)
[2024-12-18T19:01:01.776+0700][gc,heap     ] GC(790) Survivor regions: 6->5(7)
[2024-12-18T19:01:01.776+0700][gc,heap     ] GC(790) Old regions: 555->559
[2024-12-18T19:01:01.776+0700][gc,heap     ] GC(790) Archive regions: 2->2
[2024-12-18T19:01:01.776+0700][gc,heap     ] GC(790) Humongous regions: 129->129
[2024-12-18T19:01:01.776+0700][gc,metaspace] GC(790) Metaspace: 45928K(46528K)->45928K(46528K) NonClass: 40683K(41024K)->40683K(41024K) Class: 5245K(5504K)->5245K(5504K)
[2024-12-18T19:01:01.776+0700][gc          ] GC(790) Pause Young (Normal) (G1 Evacuation Pause) 735M->693M(1024M) 45.622ms
[2024-12-18T19:01:01.776+0700][gc,cpu      ] GC(790) User=0.09s Sys=0.00s Real=0.05s
[2024-12-18T19:02:47.627+0700][gc,start    ] GC(791) Pause Young (Normal) (G1 Evacuation Pause)
[2024-12-18T19:02:47.627+0700][gc,task     ] GC(791) Using 2 workers of 2 for evacuation
[2024-12-18T19:02:47.653+0700][gc,mmu      ] GC(791) MMU target violated: 21.0ms (20.0ms/21.0ms)
[2024-12-18T19:02:47.653+0700][gc,phases   ] GC(791)   Pre Evacuate Collection Set: 0.9ms
[2024-12-18T19:02:47.653+0700][gc,phases   ] GC(791)   Merge Heap Roots: 0.6ms
[2024-12-18T19:02:47.653+0700][gc,phases   ] GC(791)   Evacuate Collection Set: 23.1ms
[2024-12-18T19:02:47.653+0700][gc,phases   ] GC(791)   Post Evacuate Collection Set: 1.6ms
[2024-12-18T19:02:47.653+0700][gc,phases   ] GC(791)   Other: 0.6ms
[2024-12-18T19:02:47.653+0700][gc,heap     ] GC(791) Eden regions: 46->0(48)
[2024-12-18T19:02:47.653+0700][gc,heap     ] GC(791) Survivor regions: 5->3(7)
[2024-12-18T19:02:47.653+0700][gc,heap     ] GC(791) Old regions: 559->561
[2024-12-18T19:02:47.653+0700][gc,heap     ] GC(791) Archive regions: 2->2
[2024-12-18T19:02:47.653+0700][gc,heap     ] GC(791) Humongous regions: 129->129
[2024-12-18T19:02:47.654+0700][gc,metaspace] GC(791) Metaspace: 45928K(46528K)->45928K(46528K) NonClass: 40683K(41024K)->40683K(41024K) Class: 5245K(5504K)->5245K(5504K)
[2024-12-18T19:02:47.654+0700][gc          ] GC(791) Pause Young (Normal) (G1 Evacuation Pause) 739M->693M(1024M) 26.831ms
[2024-12-18T19:02:47.654+0700][gc,cpu      ] GC(791) User=0.05s Sys=0.00s Real=0.02s
[2024-12-18T19:04:38.744+0700][gc,start    ] GC(792) Pause Young (Normal) (G1 Evacuation Pause)
[2024-12-18T19:04:38.744+0700][gc,task     ] GC(792) Using 2 workers of 2 for evacuation
[2024-12-18T19:04:38.779+0700][gc,mmu      ] GC(792) MMU target violated: 21.0ms (20.0ms/21.0ms)
[2024-12-18T19:04:38.779+0700][gc,phases   ] GC(792)   Pre Evacuate Collection Set: 2.0ms
[2024-12-18T19:04:38.779+0700][gc,phases   ] GC(792)   Merge Heap Roots: 0.8ms
[2024-12-18T19:04:38.779+0700][gc,phases   ] GC(792)   Evacuate Collection Set: 29.1ms
[2024-12-18T19:04:38.779+0700][gc,phases   ] GC(792)   Post Evacuate Collection Set: 2.3ms
[2024-12-18T19:04:38.779+0700][gc,phases   ] GC(792)   Other: 1.2ms
[2024-12-18T19:04:38.779+0700][gc,heap     ] GC(792) Eden regions: 48->0(45)
[2024-12-18T19:04:38.779+0700][gc,heap     ] GC(792) Survivor regions: 3->6(7)
[2024-12-18T19:04:38.779+0700][gc,heap     ] GC(792) Old regions: 561->561
[2024-12-18T19:04:38.779+0700][gc,heap     ] GC(792) Archive regions: 2->2
[2024-12-18T19:04:38.779+0700][gc,heap     ] GC(792) Humongous regions: 129->129
[2024-12-18T19:04:38.779+0700][gc,metaspace] GC(792) Metaspace: 45928K(46528K)->45928K(46528K) NonClass: 40683K(41024K)->40683K(41024K) Class: 5245K(5504K)->5245K(5504K)
[2024-12-18T19:04:38.779+0700][gc          ] GC(792) Pause Young (Normal) (G1 Evacuation Pause) 741M->696M(1024M) 35.316ms
[2024-12-18T19:04:38.779+0700][gc,cpu      ] GC(792) User=0.07s Sys=0.00s Real=0.03s
[2024-12-18T19:06:23.238+0700][gc,start    ] GC(793) Pause Young (Normal) (G1 Evacuation Pause)
[2024-12-18T19:06:23.238+0700][gc,task     ] GC(793) Using 2 workers of 2 for evacuation
[2024-12-18T19:06:23.281+0700][gc,mmu      ] GC(793) MMU target violated: 21.0ms (20.0ms/21.0ms)
[2024-12-18T19:06:23.282+0700][gc,phases   ] GC(793)   Pre Evacuate Collection Set: 0.6ms
[2024-12-18T19:06:23.282+0700][gc,phases   ] GC(793)   Merge Heap Roots: 0.6ms
[2024-12-18T19:06:23.282+0700][gc,phases   ] GC(793)   Evacuate Collection Set: 39.4ms
[2024-12-18T19:06:23.282+0700][gc,phases   ] GC(793)   Post Evacuate Collection Set: 2.8ms
[2024-12-18T19:06:23.282+0700][gc,phases   ] GC(793)   Other: 0.5ms
[2024-12-18T19:06:23.282+0700][gc,heap     ] GC(793) Eden regions: 45->0(45)
[2024-12-18T19:06:23.282+0700][gc,heap     ] GC(793) Survivor regions: 6->6(7)
[2024-12-18T19:06:23.282+0700][gc,heap     ] GC(793) Old regions: 561->563
[2024-12-18T19:06:23.282+0700][gc,heap     ] GC(793) Archive regions: 2->2
[2024-12-18T19:06:23.282+0700][gc,heap     ] GC(793) Humongous regions: 129->129
[2024-12-18T19:06:23.282+0700][gc,metaspace] GC(793) Metaspace: 45928K(46528K)->45928K(46528K) NonClass: 40683K(41024K)->40683K(41024K) Class: 5245K(5504K)->5245K(5504K)
[2024-12-18T19:06:23.282+0700][gc          ] GC(793) Pause Young (Normal) (G1 Evacuation Pause) 741M->698M(1024M) 44.212ms
[2024-12-18T19:06:23.282+0700][gc,cpu      ] GC(793) User=0.08s Sys=0.00s Real=0.05s
[2024-12-18T19:08:07.910+0700][gc,start    ] GC(794) Pause Young (Normal) (G1 Evacuation Pause)
[2024-12-18T19:08:07.911+0700][gc,task     ] GC(794) Using 2 workers of 2 for evacuation
[2024-12-18T19:08:07.955+0700][gc,mmu      ] GC(794) MMU target violated: 21.0ms (20.0ms/21.0ms)
[2024-12-18T19:08:07.955+0700][gc,phases   ] GC(794)   Pre Evacuate Collection Set: 0.6ms
[2024-12-18T19:08:07.955+0700][gc,phases   ] GC(794)   Merge Heap Roots: 0.4ms
[2024-12-18T19:08:07.955+0700][gc,phases   ] GC(794)   Evacuate Collection Set: 41.5ms
[2024-12-18T19:08:07.955+0700][gc,phases   ] GC(794)   Post Evacuate Collection Set: 1.9ms
[2024-12-18T19:08:07.955+0700][gc,phases   ] GC(794)   Other: 0.6ms
[2024-12-18T19:08:07.955+0700][gc,heap     ] GC(794) Eden regions: 45->0(46)
[2024-12-18T19:08:07.955+0700][gc,heap     ] GC(794) Survivor regions: 6->5(7)
[2024-12-18T19:08:07.955+0700][gc,heap     ] GC(794) Old regions: 563->567
[2024-12-18T19:08:07.955+0700][gc,heap     ] GC(794) Archive regions: 2->2
[2024-12-18T19:08:07.955+0700][gc,heap     ] GC(794) Humongous regions: 129->129
[2024-12-18T19:08:07.956+0700][gc,metaspace] GC(794) Metaspace: 45928K(46528K)->45928K(46528K) NonClass: 40683K(41024K)->40683K(41024K) Class: 5245K(5504K)->5245K(5504K)
[2024-12-18T19:08:07.956+0700][gc          ] GC(794) Pause Young (Normal) (G1 Evacuation Pause) 743M->701M(1024M) 45.092ms
[2024-12-18T19:08:07.956+0700][gc,cpu      ] GC(794) User=0.08s Sys=0.00s Real=0.05s
[2024-12-18T19:09:53.548+0700][gc,start    ] GC(795) Pause Young (Normal) (G1 Evacuation Pause)
[2024-12-18T19:09:53.548+0700][gc,task     ] GC(795) Using 2 workers of 2 for evacuation
[2024-12-18T19:09:53.574+0700][gc,mmu      ] GC(795) MMU target violated: 21.0ms (20.0ms/21.0ms)
[2024-12-18T19:09:53.574+0700][gc,phases   ] GC(795)   Pre Evacuate Collection Set: 0.9ms
[2024-12-18T19:09:53.574+0700][gc,phases   ] GC(795)   Merge Heap Roots: 0.6ms
[2024-12-18T19:09:53.574+0700][gc,phases   ] GC(795)   Evacuate Collection Set: 23.2ms
[2024-12-18T19:09:53.574+0700][gc,phases   ] GC(795)   Post Evacuate Collection Set: 1.5ms
[2024-12-18T19:09:53.574+0700][gc,phases   ] GC(795)   Other: 0.6ms
[2024-12-18T19:09:53.574+0700][gc,heap     ] GC(795) Eden regions: 46->0(48)
[2024-12-18T19:09:53.574+0700][gc,heap     ] GC(795) Survivor regions: 5->3(7)
[2024-12-18T19:09:53.574+0700][gc,heap     ] GC(795) Old regions: 567->569
[2024-12-18T19:09:53.574+0700][gc,heap     ] GC(795) Archive regions: 2->2
[2024-12-18T19:09:53.574+0700][gc,heap     ] GC(795) Humongous regions: 129->129
[2024-12-18T19:09:53.574+0700][gc,metaspace] GC(795) Metaspace: 45928K(46528K)->45928K(46528K) NonClass: 40683K(41024K)->40683K(41024K) Class: 5245K(5504K)->5245K(5504K)
[2024-12-18T19:09:53.575+0700][gc          ] GC(795) Pause Young (Normal) (G1 Evacuation Pause) 747M->701M(1024M) 26.982ms
[2024-12-18T19:09:53.575+0700][gc,cpu      ] GC(795) User=0.05s Sys=0.00s Real=0.03s
[2024-12-18T19:11:45.460+0700][gc,start    ] GC(796) Pause Young (Normal) (G1 Evacuation Pause)
[2024-12-18T19:11:45.460+0700][gc,task     ] GC(796) Using 2 workers of 2 for evacuation
[2024-12-18T19:11:45.493+0700][gc,mmu      ] GC(796) MMU target violated: 21.0ms (20.0ms/21.0ms)
[2024-12-18T19:11:45.493+0700][gc,phases   ] GC(796)   Pre Evacuate Collection Set: 2.5ms
[2024-12-18T19:11:45.493+0700][gc,phases   ] GC(796)   Merge Heap Roots: 0.4ms
[2024-12-18T19:11:45.493+0700][gc,phases   ] GC(796)   Evacuate Collection Set: 27.0ms
[2024-12-18T19:11:45.493+0700][gc,phases   ] GC(796)   Post Evacuate Collection Set: 2.8ms
[2024-12-18T19:11:45.493+0700][gc,phases   ] GC(796)   Other: 0.9ms
[2024-12-18T19:11:45.493+0700][gc,heap     ] GC(796) Eden regions: 48->0(45)
[2024-12-18T19:11:45.493+0700][gc,heap     ] GC(796) Survivor regions: 3->6(7)
[2024-12-18T19:11:45.493+0700][gc,heap     ] GC(796) Old regions: 569->569
[2024-12-18T19:11:45.494+0700][gc,heap     ] GC(796) Archive regions: 2->2
[2024-12-18T19:11:45.494+0700][gc,heap     ] GC(796) Humongous regions: 129->129
[2024-12-18T19:11:45.494+0700][gc,metaspace] GC(796) Metaspace: 45928K(46528K)->45928K(46528K) NonClass: 40683K(41024K)->40683K(41024K) Class: 5245K(5504K)->5245K(5504K)
[2024-12-18T19:11:45.494+0700][gc          ] GC(796) Pause Young (Normal) (G1 Evacuation Pause) 749M->704M(1024M) 33.866ms
[2024-12-18T19:11:45.494+0700][gc,cpu      ] GC(796) User=0.06s Sys=0.00s Real=0.03s
[2024-12-18T19:13:29.731+0700][gc,start    ] GC(797) Pause Young (Normal) (G1 Evacuation Pause)
[2024-12-18T19:13:29.731+0700][gc,task     ] GC(797) Using 2 workers of 2 for evacuation
[2024-12-18T19:13:29.772+0700][gc,mmu      ] GC(797) MMU target violated: 21.0ms (20.0ms/21.0ms)
[2024-12-18T19:13:29.772+0700][gc,phases   ] GC(797)   Pre Evacuate Collection Set: 0.5ms
[2024-12-18T19:13:29.772+0700][gc,phases   ] GC(797)   Merge Heap Roots: 0.7ms
[2024-12-18T19:13:29.772+0700][gc,phases   ] GC(797)   Evacuate Collection Set: 37.5ms
[2024-12-18T19:13:29.773+0700][gc,phases   ] GC(797)   Post Evacuate Collection Set: 2.3ms
[2024-12-18T19:13:29.773+0700][gc,phases   ] GC(797)   Other: 0.5ms
[2024-12-18T19:13:29.773+0700][gc,heap     ] GC(797) Eden regions: 45->0(45)
[2024-12-18T19:13:29.773+0700][gc,heap     ] GC(797) Survivor regions: 6->6(7)
[2024-12-18T19:13:29.773+0700][gc,heap     ] GC(797) Old regions: 569->571
[2024-12-18T19:13:29.773+0700][gc,heap     ] GC(797) Archive regions: 2->2
[2024-12-18T19:13:29.773+0700][gc,heap     ] GC(797) Humongous regions: 129->129
[2024-12-18T19:13:29.773+0700][gc,metaspace] GC(797) Metaspace: 45928K(46528K)->45928K(46528K) NonClass: 40683K(41024K)->40683K(41024K) Class: 5245K(5504K)->5245K(5504K)
[2024-12-18T19:13:29.773+0700][gc          ] GC(797) Pause Young (Normal) (G1 Evacuation Pause) 749M->706M(1024M) 41.577ms
[2024-12-18T19:13:29.773+0700][gc,cpu      ] GC(797) User=0.07s Sys=0.00s Real=0.04s
[2024-12-18T19:15:08.003+0700][gc,start    ] GC(798) Pause Young (Normal) (G1 Evacuation Pause)
[2024-12-18T19:15:08.003+0700][gc,task     ] GC(798) Using 2 workers of 2 for evacuation
[2024-12-18T19:15:08.062+0700][gc,mmu      ] GC(798) MMU target violated: 21.0ms (20.0ms/21.0ms)
[2024-12-18T19:15:08.062+0700][gc,phases   ] GC(798)   Pre Evacuate Collection Set: 0.8ms
[2024-12-18T19:15:08.062+0700][gc,phases   ] GC(798)   Merge Heap Roots: 0.6ms
[2024-12-18T19:15:08.063+0700][gc,phases   ] GC(798)   Evacuate Collection Set: 53.1ms
[2024-12-18T19:15:08.063+0700][gc,phases   ] GC(798)   Post Evacuate Collection Set: 2.1ms
[2024-12-18T19:15:08.063+0700][gc,phases   ] GC(798)   Other: 2.7ms
[2024-12-18T19:15:08.063+0700][gc,heap     ] GC(798) Eden regions: 45->0(45)
[2024-12-18T19:15:08.063+0700][gc,heap     ] GC(798) Survivor regions: 6->6(7)
[2024-12-18T19:15:08.063+0700][gc,heap     ] GC(798) Old regions: 571->575
[2024-12-18T19:15:08.063+0700][gc,heap     ] GC(798) Archive regions: 2->2
[2024-12-18T19:15:08.063+0700][gc,heap     ] GC(798) Humongous regions: 129->129
[2024-12-18T19:15:08.063+0700][gc,metaspace] GC(798) Metaspace: 45928K(46528K)->45928K(46528K) NonClass: 40683K(41024K)->40683K(41024K) Class: 5245K(5504K)->5245K(5504K)
[2024-12-18T19:15:08.063+0700][gc          ] GC(798) Pause Young (Normal) (G1 Evacuation Pause) 751M->710M(1024M) 59.388ms
[2024-12-18T19:15:08.063+0700][gc,cpu      ] GC(798) User=0.12s Sys=0.00s Real=0.06s
[2024-12-18T19:16:51.473+0700][gc,start    ] GC(799) Pause Young (Normal) (G1 Evacuation Pause)
[2024-12-18T19:16:51.473+0700][gc,task     ] GC(799) Using 2 workers of 2 for evacuation
[2024-12-18T19:16:51.495+0700][gc,mmu      ] GC(799) MMU target violated: 21.0ms (20.0ms/21.0ms)
[2024-12-18T19:16:51.495+0700][gc,phases   ] GC(799)   Pre Evacuate Collection Set: 1.6ms
[2024-12-18T19:16:51.495+0700][gc,phases   ] GC(799)   Merge Heap Roots: 0.5ms
[2024-12-18T19:16:51.495+0700][gc,phases   ] GC(799)   Evacuate Collection Set: 17.2ms
[2024-12-18T19:16:51.495+0700][gc,phases   ] GC(799)   Post Evacuate Collection Set: 1.9ms
[2024-12-18T19:16:51.495+0700][gc,phases   ] GC(799)   Other: 1.1ms
[2024-12-18T19:16:51.495+0700][gc,heap     ] GC(799) Eden regions: 45->0(49)
[2024-12-18T19:16:51.495+0700][gc,heap     ] GC(799) Survivor regions: 6->2(7)
[2024-12-18T19:16:51.495+0700][gc,heap     ] GC(799) Old regions: 575->577
[2024-12-18T19:16:51.495+0700][gc,heap     ] GC(799) Archive regions: 2->2
[2024-12-18T19:16:51.495+0700][gc,heap     ] GC(799) Humongous regions: 129->129
[2024-12-18T19:16:51.495+0700][gc,metaspace] GC(799) Metaspace: 45928K(46528K)->45928K(46528K) NonClass: 40683K(41024K)->40683K(41024K) Class: 5245K(5504K)->5245K(5504K)
[2024-12-18T19:16:51.495+0700][gc          ] GC(799) Pause Young (Normal) (G1 Evacuation Pause) 755M->708M(1024M) 22.420ms
[2024-12-18T19:16:51.496+0700][gc,cpu      ] GC(799) User=0.04s Sys=0.00s Real=0.03s
[2024-12-18T19:18:45.298+0700][gc,start    ] GC(800) Pause Young (Normal) (G1 Evacuation Pause)
[2024-12-18T19:18:45.298+0700][gc,task     ] GC(800) Using 2 workers of 2 for evacuation
[2024-12-18T19:18:45.330+0700][gc,mmu      ] GC(800) MMU target violated: 21.0ms (20.0ms/21.0ms)
[2024-12-18T19:18:45.331+0700][gc,phases   ] GC(800)   Pre Evacuate Collection Set: 0.8ms
[2024-12-18T19:18:45.331+0700][gc,phases   ] GC(800)   Merge Heap Roots: 0.5ms
[2024-12-18T19:18:45.331+0700][gc,phases   ] GC(800)   Evacuate Collection Set: 28.7ms
[2024-12-18T19:18:45.331+0700][gc,phases   ] GC(800)   Post Evacuate Collection Set: 1.8ms
[2024-12-18T19:18:45.331+0700][gc,phases   ] GC(800)   Other: 0.6ms
[2024-12-18T19:18:45.331+0700][gc,heap     ] GC(800) Eden regions: 49->0(46)
[2024-12-18T19:18:45.331+0700][gc,heap     ] GC(800) Survivor regions: 2->5(7)
[2024-12-18T19:18:45.331+0700][gc,heap     ] GC(800) Old regions: 577->577
[2024-12-18T19:18:45.331+0700][gc,heap     ] GC(800) Archive regions: 2->2
[2024-12-18T19:18:45.331+0700][gc,heap     ] GC(800) Humongous regions: 129->129
[2024-12-18T19:18:45.331+0700][gc,metaspace] GC(800) Metaspace: 45928K(46528K)->45928K(46528K) NonClass: 40683K(41024K)->40683K(41024K) Class: 5245K(5504K)->5245K(5504K)
[2024-12-18T19:18:45.331+0700][gc          ] GC(800) Pause Young (Normal) (G1 Evacuation Pause) 757M->711M(1024M) 32.459ms
[2024-12-18T19:18:45.331+0700][gc,cpu      ] GC(800) User=0.06s Sys=0.00s Real=0.03s
[2024-12-18T19:20:31.733+0700][gc,start    ] GC(801) Pause Young (Normal) (G1 Evacuation Pause)
[2024-12-18T19:20:31.734+0700][gc,task     ] GC(801) Using 2 workers of 2 for evacuation
[2024-12-18T19:20:31.778+0700][gc,mmu      ] GC(801) MMU target violated: 21.0ms (20.0ms/21.0ms)
[2024-12-18T19:20:31.779+0700][gc,phases   ] GC(801)   Pre Evacuate Collection Set: 0.6ms
[2024-12-18T19:20:31.779+0700][gc,phases   ] GC(801)   Merge Heap Roots: 0.5ms
[2024-12-18T19:20:31.779+0700][gc,phases   ] GC(801)   Evacuate Collection Set: 40.8ms
[2024-12-18T19:20:31.779+0700][gc,phases   ] GC(801)   Post Evacuate Collection Set: 2.8ms
[2024-12-18T19:20:31.779+0700][gc,phases   ] GC(801)   Other: 0.5ms
[2024-12-18T19:20:31.779+0700][gc,heap     ] GC(801) Eden regions: 46->0(44)
[2024-12-18T19:20:31.779+0700][gc,heap     ] GC(801) Survivor regions: 5->7(7)
[2024-12-18T19:20:31.779+0700][gc,heap     ] GC(801) Old regions: 577->578
[2024-12-18T19:20:31.779+0700][gc,heap     ] GC(801) Archive regions: 2->2
[2024-12-18T19:20:31.779+0700][gc,heap     ] GC(801) Humongous regions: 129->129
[2024-12-18T19:20:31.779+0700][gc,metaspace] GC(801) Metaspace: 45928K(46528K)->45928K(46528K) NonClass: 40683K(41024K)->40683K(41024K) Class: 5245K(5504K)->5245K(5504K)
[2024-12-18T19:20:31.779+0700][gc          ] GC(801) Pause Young (Normal) (G1 Evacuation Pause) 757M->714M(1024M) 45.352ms
[2024-12-18T19:20:31.779+0700][gc,cpu      ] GC(801) User=0.09s Sys=0.00s Real=0.05s
[2024-12-18T19:22:13.948+0700][gc,start    ] GC(802) Pause Young (Normal) (G1 Evacuation Pause)
[2024-12-18T19:22:13.948+0700][gc,task     ] GC(802) Using 2 workers of 2 for evacuation
[2024-12-18T19:22:14.003+0700][gc,mmu      ] GC(802) MMU target violated: 21.0ms (20.0ms/21.0ms)
[2024-12-18T19:22:14.003+0700][gc,phases   ] GC(802)   Pre Evacuate Collection Set: 3.0ms
[2024-12-18T19:22:14.003+0700][gc,phases   ] GC(802)   Merge Heap Roots: 0.8ms
[2024-12-18T19:22:14.003+0700][gc,phases   ] GC(802)   Evacuate Collection Set: 49.0ms
[2024-12-18T19:22:14.003+0700][gc,phases   ] GC(802)   Post Evacuate Collection Set: 2.0ms
[2024-12-18T19:22:14.003+0700][gc,phases   ] GC(802)   Other: 0.6ms
[2024-12-18T19:22:14.003+0700][gc,heap     ] GC(802) Eden regions: 44->0(46)
[2024-12-18T19:22:14.003+0700][gc,heap     ] GC(802) Survivor regions: 7->5(7)
[2024-12-18T19:22:14.003+0700][gc,heap     ] GC(802) Old regions: 578->582
[2024-12-18T19:22:14.003+0700][gc,heap     ] GC(802) Archive regions: 2->2
[2024-12-18T19:22:14.003+0700][gc,heap     ] GC(802) Humongous regions: 129->129
[2024-12-18T19:22:14.003+0700][gc,metaspace] GC(802) Metaspace: 45928K(46528K)->45928K(46528K) NonClass: 40683K(41024K)->40683K(41024K) Class: 5245K(5504K)->5245K(5504K)
[2024-12-18T19:22:14.003+0700][gc          ] GC(802) Pause Young (Normal) (G1 Evacuation Pause) 758M->716M(1024M) 55.466ms
[2024-12-18T19:22:14.003+0700][gc,cpu      ] GC(802) User=0.10s Sys=0.00s Real=0.06s
[2024-12-18T19:23:59.822+0700][gc,start    ] GC(803) Pause Young (Normal) (G1 Evacuation Pause)
[2024-12-18T19:23:59.823+0700][gc,task     ] GC(803) Using 2 workers of 2 for evacuation
[2024-12-18T19:23:59.853+0700][gc,mmu      ] GC(803) MMU target violated: 21.0ms (20.0ms/21.0ms)
[2024-12-18T19:23:59.853+0700][gc,phases   ] GC(803)   Pre Evacuate Collection Set: 2.6ms
[2024-12-18T19:23:59.853+0700][gc,phases   ] GC(803)   Merge Heap Roots: 0.7ms
[2024-12-18T19:23:59.853+0700][gc,phases   ] GC(803)   Evacuate Collection Set: 24.4ms
[2024-12-18T19:23:59.853+0700][gc,phases   ] GC(803)   Post Evacuate Collection Set: 2.6ms
[2024-12-18T19:23:59.853+0700][gc,phases   ] GC(803)   Other: 0.8ms
[2024-12-18T19:23:59.854+0700][gc,heap     ] GC(803) Eden regions: 46->0(48)
[2024-12-18T19:23:59.854+0700][gc,heap     ] GC(803) Survivor regions: 5->3(7)
[2024-12-18T19:23:59.854+0700][gc,heap     ] GC(803) Old regions: 582->584
[2024-12-18T19:23:59.854+0700][gc,heap     ] GC(803) Archive regions: 2->2
[2024-12-18T19:23:59.854+0700][gc,heap     ] GC(803) Humongous regions: 129->129
[2024-12-18T19:23:59.854+0700][gc,metaspace] GC(803) Metaspace: 45928K(46528K)->45928K(46528K) NonClass: 40683K(41024K)->40683K(41024K) Class: 5245K(5504K)->5245K(5504K)
[2024-12-18T19:23:59.854+0700][gc          ] GC(803) Pause Young (Normal) (G1 Evacuation Pause) 762M->716M(1024M) 31.289ms
[2024-12-18T19:23:59.854+0700][gc,cpu      ] GC(803) User=0.05s Sys=0.00s Real=0.02s
[2024-12-18T19:25:51.519+0700][gc,start    ] GC(804) Pause Young (Normal) (G1 Evacuation Pause)
[2024-12-18T19:25:51.519+0700][gc,task     ] GC(804) Using 2 workers of 2 for evacuation
[2024-12-18T19:25:51.554+0700][gc,mmu      ] GC(804) MMU target violated: 21.0ms (20.0ms/21.0ms)
[2024-12-18T19:25:51.554+0700][gc,phases   ] GC(804)   Pre Evacuate Collection Set: 1.6ms
[2024-12-18T19:25:51.554+0700][gc,phases   ] GC(804)   Merge Heap Roots: 0.8ms
[2024-12-18T19:25:51.554+0700][gc,phases   ] GC(804)   Evacuate Collection Set: 28.8ms
[2024-12-18T19:25:51.554+0700][gc,phases   ] GC(804)   Post Evacuate Collection Set: 2.6ms
[2024-12-18T19:25:51.554+0700][gc,phases   ] GC(804)   Other: 0.9ms
[2024-12-18T19:25:51.554+0700][gc,heap     ] GC(804) Eden regions: 48->0(45)
[2024-12-18T19:25:51.554+0700][gc,heap     ] GC(804) Survivor regions: 3->6(7)
[2024-12-18T19:25:51.554+0700][gc,heap     ] GC(804) Old regions: 584->584
[2024-12-18T19:25:51.554+0700][gc,heap     ] GC(804) Archive regions: 2->2
[2024-12-18T19:25:51.554+0700][gc,heap     ] GC(804) Humongous regions: 129->129
[2024-12-18T19:25:51.554+0700][gc,metaspace] GC(804) Metaspace: 45928K(46528K)->45928K(46528K) NonClass: 40683K(41024K)->40683K(41024K) Class: 5245K(5504K)->5245K(5504K)
[2024-12-18T19:25:51.554+0700][gc          ] GC(804) Pause Young (Normal) (G1 Evacuation Pause) 764M->719M(1024M) 34.861ms
[2024-12-18T19:25:51.554+0700][gc,cpu      ] GC(804) User=0.06s Sys=0.01s Real=0.04s
[2024-12-18T19:27:35.025+0700][gc,start    ] GC(805) Pause Young (Normal) (G1 Evacuation Pause)
[2024-12-18T19:27:35.025+0700][gc,task     ] GC(805) Using 2 workers of 2 for evacuation
[2024-12-18T19:27:35.073+0700][gc,mmu      ] GC(805) MMU target violated: 21.0ms (20.0ms/21.0ms)
[2024-12-18T19:27:35.073+0700][gc,phases   ] GC(805)   Pre Evacuate Collection Set: 2.3ms
[2024-12-18T19:27:35.073+0700][gc,phases   ] GC(805)   Merge Heap Roots: 0.9ms
[2024-12-18T19:27:35.073+0700][gc,phases   ] GC(805)   Evacuate Collection Set: 41.3ms
[2024-12-18T19:27:35.073+0700][gc,phases   ] GC(805)   Post Evacuate Collection Set: 2.5ms
[2024-12-18T19:27:35.073+0700][gc,phases   ] GC(805)   Other: 1.1ms
[2024-12-18T19:27:35.073+0700][gc,heap     ] GC(805) Eden regions: 45->0(46)
[2024-12-18T19:27:35.073+0700][gc,heap     ] GC(805) Survivor regions: 6->5(7)
[2024-12-18T19:27:35.073+0700][gc,heap     ] GC(805) Old regions: 584->588
[2024-12-18T19:27:35.073+0700][gc,heap     ] GC(805) Archive regions: 2->2
[2024-12-18T19:27:35.073+0700][gc,heap     ] GC(805) Humongous regions: 129->129
[2024-12-18T19:27:35.073+0700][gc,metaspace] GC(805) Metaspace: 45928K(46528K)->45928K(46528K) NonClass: 40683K(41024K)->40683K(41024K) Class: 5245K(5504K)->5245K(5504K)
[2024-12-18T19:27:35.073+0700][gc          ] GC(805) Pause Young (Normal) (G1 Evacuation Pause) 764M->722M(1024M) 48.278ms
[2024-12-18T19:27:35.073+0700][gc,cpu      ] GC(805) User=0.09s Sys=0.00s Real=0.04s
[2024-12-18T19:29:21.472+0700][gc,start    ] GC(806) Pause Young (Normal) (G1 Evacuation Pause)
[2024-12-18T19:29:21.472+0700][gc,task     ] GC(806) Using 2 workers of 2 for evacuation
[2024-12-18T19:29:21.503+0700][gc,mmu      ] GC(806) MMU target violated: 21.0ms (20.0ms/21.0ms)
[2024-12-18T19:29:21.503+0700][gc,phases   ] GC(806)   Pre Evacuate Collection Set: 1.9ms
[2024-12-18T19:29:21.503+0700][gc,phases   ] GC(806)   Merge Heap Roots: 0.7ms
[2024-12-18T19:29:21.503+0700][gc,phases   ] GC(806)   Evacuate Collection Set: 25.9ms
[2024-12-18T19:29:21.503+0700][gc,phases   ] GC(806)   Post Evacuate Collection Set: 1.8ms
[2024-12-18T19:29:21.503+0700][gc,phases   ] GC(806)   Other: 0.6ms
[2024-12-18T19:29:21.503+0700][gc,heap     ] GC(806) Eden regions: 46->0(48)
[2024-12-18T19:29:21.503+0700][gc,heap     ] GC(806) Survivor regions: 5->3(7)
[2024-12-18T19:29:21.503+0700][gc,heap     ] GC(806) Old regions: 588->590
[2024-12-18T19:29:21.503+0700][gc,heap     ] GC(806) Archive regions: 2->2
[2024-12-18T19:29:21.503+0700][gc,heap     ] GC(806) Humongous regions: 129->129
[2024-12-18T19:29:21.503+0700][gc,metaspace] GC(806) Metaspace: 45928K(46528K)->45928K(46528K) NonClass: 40683K(41024K)->40683K(41024K) Class: 5245K(5504K)->5245K(5504K)
[2024-12-18T19:29:21.503+0700][gc          ] GC(806) Pause Young (Normal) (G1 Evacuation Pause) 768M->722M(1024M) 30.996ms
[2024-12-18T19:29:21.503+0700][gc,cpu      ] GC(806) User=0.05s Sys=0.00s Real=0.04s
[2024-12-18T19:31:12.657+0700][gc,start    ] GC(807) Pause Young (Normal) (G1 Evacuation Pause)
[2024-12-18T19:31:12.658+0700][gc,task     ] GC(807) Using 2 workers of 2 for evacuation
[2024-12-18T19:31:12.689+0700][gc,mmu      ] GC(807) MMU target violated: 21.0ms (20.0ms/21.0ms)
[2024-12-18T19:31:12.689+0700][gc,phases   ] GC(807)   Pre Evacuate Collection Set: 0.9ms
[2024-12-18T19:31:12.689+0700][gc,phases   ] GC(807)   Merge Heap Roots: 0.4ms
[2024-12-18T19:31:12.689+0700][gc,phases   ] GC(807)   Evacuate Collection Set: 26.8ms
[2024-12-18T19:31:12.689+0700][gc,phases   ] GC(807)   Post Evacuate Collection Set: 2.5ms
[2024-12-18T19:31:12.689+0700][gc,phases   ] GC(807)   Other: 1.1ms
[2024-12-18T19:31:12.689+0700][gc,heap     ] GC(807) Eden regions: 48->0(45)
[2024-12-18T19:31:12.689+0700][gc,heap     ] GC(807) Survivor regions: 3->6(7)
[2024-12-18T19:31:12.689+0700][gc,heap     ] GC(807) Old regions: 590->590
[2024-12-18T19:31:12.689+0700][gc,heap     ] GC(807) Archive regions: 2->2
[2024-12-18T19:31:12.689+0700][gc,heap     ] GC(807) Humongous regions: 129->129
[2024-12-18T19:31:12.689+0700][gc,metaspace] GC(807) Metaspace: 45928K(46528K)->45928K(46528K) NonClass: 40683K(41024K)->40683K(41024K) Class: 5245K(5504K)->5245K(5504K)
[2024-12-18T19:31:12.689+0700][gc          ] GC(807) Pause Young (Normal) (G1 Evacuation Pause) 770M->725M(1024M) 31.767ms
[2024-12-18T19:31:12.689+0700][gc,cpu      ] GC(807) User=0.06s Sys=0.00s Real=0.03s
[2024-12-18T19:32:57.025+0700][gc,start    ] GC(808) Pause Young (Normal) (G1 Evacuation Pause)
[2024-12-18T19:32:57.025+0700][gc,task     ] GC(808) Using 2 workers of 2 for evacuation
[2024-12-18T19:32:57.071+0700][gc,mmu      ] GC(808) MMU target violated: 21.0ms (20.0ms/21.0ms)
[2024-12-18T19:32:57.071+0700][gc,phases   ] GC(808)   Pre Evacuate Collection Set: 1.4ms
[2024-12-18T19:32:57.071+0700][gc,phases   ] GC(808)   Merge Heap Roots: 0.8ms
[2024-12-18T19:32:57.071+0700][gc,phases   ] GC(808)   Evacuate Collection Set: 40.8ms
[2024-12-18T19:32:57.071+0700][gc,phases   ] GC(808)   Post Evacuate Collection Set: 2.1ms
[2024-12-18T19:32:57.071+0700][gc,phases   ] GC(808)   Other: 1.1ms
[2024-12-18T19:32:57.071+0700][gc,heap     ] GC(808) Eden regions: 45->0(45)
[2024-12-18T19:32:57.071+0700][gc,heap     ] GC(808) Survivor regions: 6->6(7)
[2024-12-18T19:32:57.071+0700][gc,heap     ] GC(808) Old regions: 590->592
[2024-12-18T19:32:57.071+0700][gc,heap     ] GC(808) Archive regions: 2->2
[2024-12-18T19:32:57.071+0700][gc,heap     ] GC(808) Humongous regions: 129->129
[2024-12-18T19:32:57.071+0700][gc,metaspace] GC(808) Metaspace: 45928K(46528K)->45928K(46528K) NonClass: 40683K(41024K)->40683K(41024K) Class: 5245K(5504K)->5245K(5504K)
[2024-12-18T19:32:57.071+0700][gc          ] GC(808) Pause Young (Normal) (G1 Evacuation Pause) 770M->727M(1024M) 46.278ms
[2024-12-18T19:32:57.071+0700][gc,cpu      ] GC(808) User=0.09s Sys=0.00s Real=0.04s
[2024-12-18T19:34:41.069+0700][gc,start    ] GC(809) Pause Young (Normal) (G1 Evacuation Pause)
[2024-12-18T19:34:41.069+0700][gc,task     ] GC(809) Using 2 workers of 2 for evacuation
[2024-12-18T19:34:41.110+0700][gc,mmu      ] GC(809) MMU target violated: 21.0ms (20.0ms/21.0ms)
[2024-12-18T19:34:41.110+0700][gc,phases   ] GC(809)   Pre Evacuate Collection Set: 0.6ms
[2024-12-18T19:34:41.110+0700][gc,phases   ] GC(809)   Merge Heap Roots: 0.4ms
[2024-12-18T19:34:41.110+0700][gc,phases   ] GC(809)   Evacuate Collection Set: 37.5ms
[2024-12-18T19:34:41.110+0700][gc,phases   ] GC(809)   Post Evacuate Collection Set: 2.1ms
[2024-12-18T19:34:41.110+0700][gc,phases   ] GC(809)   Other: 0.5ms
[2024-12-18T19:34:41.110+0700][gc,heap     ] GC(809) Eden regions: 45->0(46)
[2024-12-18T19:34:41.110+0700][gc,heap     ] GC(809) Survivor regions: 6->5(7)
[2024-12-18T19:34:41.110+0700][gc,heap     ] GC(809) Old regions: 592->596
[2024-12-18T19:34:41.110+0700][gc,heap     ] GC(809) Archive regions: 2->2
[2024-12-18T19:34:41.110+0700][gc,heap     ] GC(809) Humongous regions: 129->129
[2024-12-18T19:34:41.110+0700][gc,metaspace] GC(809) Metaspace: 45928K(46528K)->45928K(46528K) NonClass: 40683K(41024K)->40683K(41024K) Class: 5245K(5504K)->5245K(5504K)
[2024-12-18T19:34:41.110+0700][gc          ] GC(809) Pause Young (Normal) (G1 Evacuation Pause) 772M->730M(1024M) 41.217ms
[2024-12-18T19:34:41.110+0700][gc,cpu      ] GC(809) User=0.08s Sys=0.00s Real=0.04s
[2024-12-18T19:36:27.375+0700][gc,start    ] GC(810) Pause Young (Normal) (G1 Evacuation Pause)
[2024-12-18T19:36:27.375+0700][gc,task     ] GC(810) Using 2 workers of 2 for evacuation
[2024-12-18T19:36:27.403+0700][gc,mmu      ] GC(810) MMU target violated: 21.0ms (20.0ms/21.0ms)
[2024-12-18T19:36:27.403+0700][gc,phases   ] GC(810)   Pre Evacuate Collection Set: 1.0ms
[2024-12-18T19:36:27.403+0700][gc,phases   ] GC(810)   Merge Heap Roots: 0.7ms
[2024-12-18T19:36:27.403+0700][gc,phases   ] GC(810)   Evacuate Collection Set: 24.0ms
[2024-12-18T19:36:27.403+0700][gc,phases   ] GC(810)   Post Evacuate Collection Set: 2.0ms
[2024-12-18T19:36:27.403+0700][gc,phases   ] GC(810)   Other: 0.6ms
[2024-12-18T19:36:27.403+0700][gc,heap     ] GC(810) Eden regions: 46->0(48)
[2024-12-18T19:36:27.403+0700][gc,heap     ] GC(810) Survivor regions: 5->3(7)
[2024-12-18T19:36:27.403+0700][gc,heap     ] GC(810) Old regions: 596->599
[2024-12-18T19:36:27.403+0700][gc,heap     ] GC(810) Archive regions: 2->2
[2024-12-18T19:36:27.403+0700][gc,heap     ] GC(810) Humongous regions: 129->129
[2024-12-18T19:36:27.403+0700][gc,metaspace] GC(810) Metaspace: 45928K(46528K)->45928K(46528K) NonClass: 40683K(41024K)->40683K(41024K) Class: 5245K(5504K)->5245K(5504K)
[2024-12-18T19:36:27.403+0700][gc          ] GC(810) Pause Young (Normal) (G1 Evacuation Pause) 776M->731M(1024M) 28.377ms
[2024-12-18T19:36:27.403+0700][gc,cpu      ] GC(810) User=0.05s Sys=0.00s Real=0.03s
[2024-12-18T19:38:18.934+0700][gc,start    ] GC(811) Pause Young (Normal) (G1 Evacuation Pause)
[2024-12-18T19:38:18.934+0700][gc,task     ] GC(811) Using 2 workers of 2 for evacuation
[2024-12-18T19:38:18.969+0700][gc,mmu      ] GC(811) MMU target violated: 21.0ms (20.0ms/21.0ms)
[2024-12-18T19:38:18.969+0700][gc,phases   ] GC(811)   Pre Evacuate Collection Set: 0.5ms
[2024-12-18T19:38:18.969+0700][gc,phases   ] GC(811)   Merge Heap Roots: 0.7ms
[2024-12-18T19:38:18.969+0700][gc,phases   ] GC(811)   Evacuate Collection Set: 31.1ms
[2024-12-18T19:38:18.969+0700][gc,phases   ] GC(811)   Post Evacuate Collection Set: 2.4ms
[2024-12-18T19:38:18.969+0700][gc,phases   ] GC(811)   Other: 0.7ms
[2024-12-18T19:38:18.969+0700][gc,heap     ] GC(811) Eden regions: 48->0(45)
[2024-12-18T19:38:18.969+0700][gc,heap     ] GC(811) Survivor regions: 3->6(7)
[2024-12-18T19:38:18.969+0700][gc,heap     ] GC(811) Old regions: 599->599
[2024-12-18T19:38:18.969+0700][gc,heap     ] GC(811) Archive regions: 2->2
[2024-12-18T19:38:18.969+0700][gc,heap     ] GC(811) Humongous regions: 129->129
[2024-12-18T19:38:18.969+0700][gc,metaspace] GC(811) Metaspace: 45928K(46528K)->45928K(46528K) NonClass: 40683K(41024K)->40683K(41024K) Class: 5245K(5504K)->5245K(5504K)
[2024-12-18T19:38:18.970+0700][gc          ] GC(811) Pause Young (Normal) (G1 Evacuation Pause) 779M->733M(1024M) 35.364ms
[2024-12-18T19:38:18.970+0700][gc,cpu      ] GC(811) User=0.06s Sys=0.01s Real=0.03s
[2024-12-18T19:40:03.142+0700][gc,start    ] GC(812) Pause Young (Normal) (G1 Evacuation Pause)
[2024-12-18T19:40:03.142+0700][gc,task     ] GC(812) Using 2 workers of 2 for evacuation
[2024-12-18T19:40:03.185+0700][gc,mmu      ] GC(812) MMU target violated: 21.0ms (20.0ms/21.0ms)
[2024-12-18T19:40:03.185+0700][gc,phases   ] GC(812)   Pre Evacuate Collection Set: 1.4ms
[2024-12-18T19:40:03.185+0700][gc,phases   ] GC(812)   Merge Heap Roots: 0.4ms
[2024-12-18T19:40:03.185+0700][gc,phases   ] GC(812)   Evacuate Collection Set: 38.2ms
[2024-12-18T19:40:03.185+0700][gc,phases   ] GC(812)   Post Evacuate Collection Set: 2.5ms
[2024-12-18T19:40:03.185+0700][gc,phases   ] GC(812)   Other: 1.0ms
[2024-12-18T19:40:03.185+0700][gc,heap     ] GC(812) Eden regions: 45->0(44)
[2024-12-18T19:40:03.185+0700][gc,heap     ] GC(812) Survivor regions: 6->7(7)
[2024-12-18T19:40:03.185+0700][gc,heap     ] GC(812) Old regions: 599->601
[2024-12-18T19:40:03.185+0700][gc,heap     ] GC(812) Archive regions: 2->2
[2024-12-18T19:40:03.185+0700][gc,heap     ] GC(812) Humongous regions: 129->129
[2024-12-18T19:40:03.185+0700][gc,metaspace] GC(812) Metaspace: 45928K(46528K)->45928K(46528K) NonClass: 40683K(41024K)->40683K(41024K) Class: 5245K(5504K)->5245K(5504K)
[2024-12-18T19:40:03.185+0700][gc          ] GC(812) Pause Young (Normal) (G1 Evacuation Pause) 778M->736M(1024M) 43.625ms
[2024-12-18T19:40:03.185+0700][gc,cpu      ] GC(812) User=0.09s Sys=0.00s Real=0.05s
[2024-12-18T19:41:45.066+0700][gc,start    ] GC(813) Pause Young (Normal) (G1 Evacuation Pause)
[2024-12-18T19:41:45.066+0700][gc,task     ] GC(813) Using 2 workers of 2 for evacuation
[2024-12-18T19:41:45.110+0700][gc,mmu      ] GC(813) MMU target violated: 21.0ms (20.0ms/21.0ms)
[2024-12-18T19:41:45.110+0700][gc,phases   ] GC(813)   Pre Evacuate Collection Set: 1.0ms
[2024-12-18T19:41:45.110+0700][gc,phases   ] GC(813)   Merge Heap Roots: 0.8ms
[2024-12-18T19:41:45.110+0700][gc,phases   ] GC(813)   Evacuate Collection Set: 39.8ms
[2024-12-18T19:41:45.110+0700][gc,phases   ] GC(813)   Post Evacuate Collection Set: 1.9ms
[2024-12-18T19:41:45.110+0700][gc,phases   ] GC(813)   Other: 1.0ms
[2024-12-18T19:41:45.110+0700][gc,heap     ] GC(813) Eden regions: 44->0(46)
[2024-12-18T19:41:45.110+0700][gc,heap     ] GC(813) Survivor regions: 7->5(7)
[2024-12-18T19:41:45.110+0700][gc,heap     ] GC(813) Old regions: 601->605
[2024-12-18T19:41:45.110+0700][gc,heap     ] GC(813) Archive regions: 2->2
[2024-12-18T19:41:45.110+0700][gc,heap     ] GC(813) Humongous regions: 129->129
[2024-12-18T19:41:45.110+0700][gc,metaspace] GC(813) Metaspace: 45928K(46528K)->45928K(46528K) NonClass: 40683K(41024K)->40683K(41024K) Class: 5245K(5504K)->5245K(5504K)
[2024-12-18T19:41:45.110+0700][gc          ] GC(813) Pause Young (Normal) (G1 Evacuation Pause) 780M->739M(1024M) 44.433ms
[2024-12-18T19:41:45.110+0700][gc,cpu      ] GC(813) User=0.09s Sys=0.00s Real=0.04s
[2024-12-18T19:43:31.473+0700][gc,start    ] GC(814) Pause Young (Normal) (G1 Evacuation Pause)
[2024-12-18T19:43:31.473+0700][gc,task     ] GC(814) Using 2 workers of 2 for evacuation
[2024-12-18T19:43:31.503+0700][gc,mmu      ] GC(814) MMU target violated: 21.0ms (20.0ms/21.0ms)
[2024-12-18T19:43:31.503+0700][gc,phases   ] GC(814)   Pre Evacuate Collection Set: 1.5ms
[2024-12-18T19:43:31.503+0700][gc,phases   ] GC(814)   Merge Heap Roots: 0.5ms
[2024-12-18T19:43:31.503+0700][gc,phases   ] GC(814)   Evacuate Collection Set: 25.3ms
[2024-12-18T19:43:31.503+0700][gc,phases   ] GC(814)   Post Evacuate Collection Set: 1.8ms
[2024-12-18T19:43:31.503+0700][gc,phases   ] GC(814)   Other: 1.1ms
[2024-12-18T19:43:31.503+0700][gc,heap     ] GC(814) Eden regions: 46->0(47)
[2024-12-18T19:43:31.503+0700][gc,heap     ] GC(814) Survivor regions: 5->4(7)
[2024-12-18T19:43:31.503+0700][gc,heap     ] GC(814) Old regions: 605->607
[2024-12-18T19:43:31.503+0700][gc,heap     ] GC(814) Archive regions: 2->2
[2024-12-18T19:43:31.503+0700][gc,heap     ] GC(814) Humongous regions: 129->129
[2024-12-18T19:43:31.503+0700][gc,metaspace] GC(814) Metaspace: 45928K(46528K)->45928K(46528K) NonClass: 40683K(41024K)->40683K(41024K) Class: 5245K(5504K)->5245K(5504K)
[2024-12-18T19:43:31.504+0700][gc          ] GC(814) Pause Young (Normal) (G1 Evacuation Pause) 785M->740M(1024M) 30.371ms
[2024-12-18T19:43:31.504+0700][gc,cpu      ] GC(814) User=0.06s Sys=0.00s Real=0.04s
[2024-12-18T19:45:20.769+0700][gc,start    ] GC(815) Pause Young (Normal) (G1 Evacuation Pause)
[2024-12-18T19:45:20.769+0700][gc,task     ] GC(815) Using 2 workers of 2 for evacuation
[2024-12-18T19:45:20.802+0700][gc,mmu      ] GC(815) MMU target violated: 21.0ms (20.0ms/21.0ms)
[2024-12-18T19:45:20.802+0700][gc,phases   ] GC(815)   Pre Evacuate Collection Set: 0.8ms
[2024-12-18T19:45:20.802+0700][gc,phases   ] GC(815)   Merge Heap Roots: 0.7ms
[2024-12-18T19:45:20.802+0700][gc,phases   ] GC(815)   Evacuate Collection Set: 29.0ms
[2024-12-18T19:45:20.802+0700][gc,phases   ] GC(815)   Post Evacuate Collection Set: 1.5ms
[2024-12-18T19:45:20.802+0700][gc,phases   ] GC(815)   Other: 0.6ms
[2024-12-18T19:45:20.802+0700][gc,heap     ] GC(815) Eden regions: 47->0(45)
[2024-12-18T19:45:20.802+0700][gc,heap     ] GC(815) Survivor regions: 4->6(7)
[2024-12-18T19:45:20.802+0700][gc,heap     ] GC(815) Old regions: 607->607
[2024-12-18T19:45:20.802+0700][gc,heap     ] GC(815) Archive regions: 2->2
[2024-12-18T19:45:20.802+0700][gc,heap     ] GC(815) Humongous regions: 129->129
[2024-12-18T19:45:20.802+0700][gc,metaspace] GC(815) Metaspace: 45928K(46528K)->45928K(46528K) NonClass: 40683K(41024K)->40683K(41024K) Class: 5245K(5504K)->5245K(5504K)
[2024-12-18T19:45:20.802+0700][gc          ] GC(815) Pause Young (Normal) (G1 Evacuation Pause) 787M->742M(1024M) 32.617ms
[2024-12-18T19:45:20.802+0700][gc,cpu      ] GC(815) User=0.06s Sys=0.00s Real=0.04s
[2024-12-18T19:47:04.609+0700][gc,start    ] GC(816) Pause Young (Normal) (G1 Evacuation Pause)
[2024-12-18T19:47:04.609+0700][gc,task     ] GC(816) Using 2 workers of 2 for evacuation
[2024-12-18T19:47:04.661+0700][gc,mmu      ] GC(816) MMU target violated: 21.0ms (20.0ms/21.0ms)
[2024-12-18T19:47:04.661+0700][gc,phases   ] GC(816)   Pre Evacuate Collection Set: 0.9ms
[2024-12-18T19:47:04.661+0700][gc,phases   ] GC(816)   Merge Heap Roots: 0.9ms
[2024-12-18T19:47:04.661+0700][gc,phases   ] GC(816)   Evacuate Collection Set: 48.2ms
[2024-12-18T19:47:04.661+0700][gc,phases   ] GC(816)   Post Evacuate Collection Set: 2.3ms
[2024-12-18T19:47:04.661+0700][gc,phases   ] GC(816)   Other: 0.7ms
[2024-12-18T19:47:04.662+0700][gc,heap     ] GC(816) Eden regions: 45->0(46)
[2024-12-18T19:47:04.662+0700][gc,heap     ] GC(816) Survivor regions: 6->5(7)
[2024-12-18T19:47:04.662+0700][gc,heap     ] GC(816) Old regions: 607->611
[2024-12-18T19:47:04.662+0700][gc,heap     ] GC(816) Archive regions: 2->2
[2024-12-18T19:47:04.662+0700][gc,heap     ] GC(816) Humongous regions: 129->129
[2024-12-18T19:47:04.662+0700][gc,metaspace] GC(816) Metaspace: 45928K(46528K)->45928K(46528K) NonClass: 40683K(41024K)->40683K(41024K) Class: 5245K(5504K)->5245K(5504K)
[2024-12-18T19:47:04.662+0700][gc          ] GC(816) Pause Young (Normal) (G1 Evacuation Pause) 787M->744M(1024M) 52.946ms
[2024-12-18T19:47:04.662+0700][gc,cpu      ] GC(816) User=0.10s Sys=0.00s Real=0.05s
[2024-12-18T19:48:51.116+0700][gc,start    ] GC(817) Pause Young (Normal) (G1 Evacuation Pause)
[2024-12-18T19:48:51.116+0700][gc,task     ] GC(817) Using 2 workers of 2 for evacuation
[2024-12-18T19:48:51.149+0700][gc,mmu      ] GC(817) MMU target violated: 21.0ms (20.0ms/21.0ms)
[2024-12-18T19:48:51.149+0700][gc,phases   ] GC(817)   Pre Evacuate Collection Set: 2.8ms
[2024-12-18T19:48:51.149+0700][gc,phases   ] GC(817)   Merge Heap Roots: 0.4ms
[2024-12-18T19:48:51.149+0700][gc,phases   ] GC(817)   Evacuate Collection Set: 27.3ms
[2024-12-18T19:48:51.149+0700][gc,phases   ] GC(817)   Post Evacuate Collection Set: 1.9ms
[2024-12-18T19:48:51.149+0700][gc,phases   ] GC(817)   Other: 1.0ms
[2024-12-18T19:48:51.149+0700][gc,heap     ] GC(817) Eden regions: 46->0(48)
[2024-12-18T19:48:51.149+0700][gc,heap     ] GC(817) Survivor regions: 5->3(7)
[2024-12-18T19:48:51.149+0700][gc,heap     ] GC(817) Old regions: 611->613
[2024-12-18T19:48:51.149+0700][gc,heap     ] GC(817) Archive regions: 2->2
[2024-12-18T19:48:51.149+0700][gc,heap     ] GC(817) Humongous regions: 129->129
[2024-12-18T19:48:51.149+0700][gc,metaspace] GC(817) Metaspace: 45928K(46528K)->45928K(46528K) NonClass: 40683K(41024K)->40683K(41024K) Class: 5245K(5504K)->5245K(5504K)
[2024-12-18T19:48:51.149+0700][gc          ] GC(817) Pause Young (Normal) (G1 Evacuation Pause) 790M->745M(1024M) 33.526ms
[2024-12-18T19:48:51.149+0700][gc,cpu      ] GC(817) User=0.06s Sys=0.00s Real=0.03s
[2024-12-18T19:50:42.380+0700][gc,start    ] GC(818) Pause Young (Normal) (G1 Evacuation Pause)
[2024-12-18T19:50:42.381+0700][gc,task     ] GC(818) Using 2 workers of 2 for evacuation
[2024-12-18T19:50:42.418+0700][gc,mmu      ] GC(818) MMU target violated: 21.0ms (20.0ms/21.0ms)
[2024-12-18T19:50:42.419+0700][gc,phases   ] GC(818)   Pre Evacuate Collection Set: 2.2ms
[2024-12-18T19:50:42.419+0700][gc,phases   ] GC(818)   Merge Heap Roots: 0.8ms
[2024-12-18T19:50:42.419+0700][gc,phases   ] GC(818)   Evacuate Collection Set: 31.3ms
[2024-12-18T19:50:42.419+0700][gc,phases   ] GC(818)   Post Evacuate Collection Set: 3.1ms
[2024-12-18T19:50:42.419+0700][gc,phases   ] GC(818)   Other: 1.0ms
[2024-12-18T19:50:42.419+0700][gc,heap     ] GC(818) Eden regions: 48->0(45)
[2024-12-18T19:50:42.419+0700][gc,heap     ] GC(818) Survivor regions: 3->6(7)
[2024-12-18T19:50:42.419+0700][gc,heap     ] GC(818) Old regions: 613->613
[2024-12-18T19:50:42.419+0700][gc,heap     ] GC(818) Archive regions: 2->2
[2024-12-18T19:50:42.419+0700][gc,heap     ] GC(818) Humongous regions: 129->129
[2024-12-18T19:50:42.419+0700][gc,metaspace] GC(818) Metaspace: 45928K(46528K)->45928K(46528K) NonClass: 40683K(41024K)->40683K(41024K) Class: 5245K(5504K)->5245K(5504K)
[2024-12-18T19:50:42.419+0700][gc          ] GC(818) Pause Young (Normal) (G1 Evacuation Pause) 793M->747M(1024M) 38.518ms
[2024-12-18T19:50:42.419+0700][gc,cpu      ] GC(818) User=0.07s Sys=0.00s Real=0.04s
[2024-12-18T19:52:26.537+0700][gc,start    ] GC(819) Pause Young (Normal) (G1 Evacuation Pause)
[2024-12-18T19:52:26.537+0700][gc,task     ] GC(819) Using 2 workers of 2 for evacuation
[2024-12-18T19:52:26.586+0700][gc,mmu      ] GC(819) MMU target violated: 21.0ms (20.0ms/21.0ms)
[2024-12-18T19:52:26.586+0700][gc,phases   ] GC(819)   Pre Evacuate Collection Set: 0.9ms
[2024-12-18T19:52:26.586+0700][gc,phases   ] GC(819)   Merge Heap Roots: 1.9ms
[2024-12-18T19:52:26.586+0700][gc,phases   ] GC(819)   Evacuate Collection Set: 43.2ms
[2024-12-18T19:52:26.586+0700][gc,phases   ] GC(819)   Post Evacuate Collection Set: 2.6ms
[2024-12-18T19:52:26.586+0700][gc,phases   ] GC(819)   Other: 0.8ms
[2024-12-18T19:52:26.586+0700][gc,heap     ] GC(819) Eden regions: 45->0(45)
[2024-12-18T19:52:26.586+0700][gc,heap     ] GC(819) Survivor regions: 6->6(7)
[2024-12-18T19:52:26.586+0700][gc,heap     ] GC(819) Old regions: 613->615
[2024-12-18T19:52:26.586+0700][gc,heap     ] GC(819) Archive regions: 2->2
[2024-12-18T19:52:26.586+0700][gc,heap     ] GC(819) Humongous regions: 129->129
[2024-12-18T19:52:26.586+0700][gc,metaspace] GC(819) Metaspace: 45928K(46528K)->45928K(46528K) NonClass: 40683K(41024K)->40683K(41024K) Class: 5245K(5504K)->5245K(5504K)
[2024-12-18T19:52:26.586+0700][gc          ] GC(819) Pause Young (Normal) (G1 Evacuation Pause) 792M->750M(1024M) 49.384ms
[2024-12-18T19:52:26.586+0700][gc,cpu      ] GC(819) User=0.09s Sys=0.00s Real=0.05s
[2024-12-18T19:54:11.208+0700][gc,start    ] GC(820) Pause Young (Normal) (G1 Evacuation Pause)
[2024-12-18T19:54:11.209+0700][gc,task     ] GC(820) Using 2 workers of 2 for evacuation
[2024-12-18T19:54:11.260+0700][gc,mmu      ] GC(820) MMU target violated: 21.0ms (20.0ms/21.0ms)
[2024-12-18T19:54:11.261+0700][gc,phases   ] GC(820)   Pre Evacuate Collection Set: 3.5ms
[2024-12-18T19:54:11.261+0700][gc,phases   ] GC(820)   Merge Heap Roots: 0.8ms
[2024-12-18T19:54:11.261+0700][gc,phases   ] GC(820)   Evacuate Collection Set: 44.0ms
[2024-12-18T19:54:11.261+0700][gc,phases   ] GC(820)   Post Evacuate Collection Set: 2.5ms
[2024-12-18T19:54:11.261+0700][gc,phases   ] GC(820)   Other: 1.9ms
[2024-12-18T19:54:11.261+0700][gc,heap     ] GC(820) Eden regions: 45->0(46)
[2024-12-18T19:54:11.261+0700][gc,heap     ] GC(820) Survivor regions: 6->5(7)
[2024-12-18T19:54:11.261+0700][gc,heap     ] GC(820) Old regions: 615->619
[2024-12-18T19:54:11.261+0700][gc,heap     ] GC(820) Archive regions: 2->2
[2024-12-18T19:54:11.261+0700][gc,heap     ] GC(820) Humongous regions: 129->129
[2024-12-18T19:54:11.261+0700][gc,metaspace] GC(820) Metaspace: 45928K(46528K)->45928K(46528K) NonClass: 40683K(41024K)->40683K(41024K) Class: 5245K(5504K)->5245K(5504K)
[2024-12-18T19:54:11.261+0700][gc          ] GC(820) Pause Young (Normal) (G1 Evacuation Pause) 795M->753M(1024M) 52.790ms
[2024-12-18T19:54:11.261+0700][gc,cpu      ] GC(820) User=0.09s Sys=0.00s Real=0.05s
[2024-12-18T19:55:57.672+0700][gc,start    ] GC(821) Pause Young (Normal) (G1 Evacuation Pause)
[2024-12-18T19:55:57.672+0700][gc,task     ] GC(821) Using 2 workers of 2 for evacuation
[2024-12-18T19:55:57.707+0700][gc,mmu      ] GC(821) MMU target violated: 21.0ms (20.0ms/21.0ms)
[2024-12-18T19:55:57.707+0700][gc,phases   ] GC(821)   Pre Evacuate Collection Set: 3.2ms
[2024-12-18T19:55:57.707+0700][gc,phases   ] GC(821)   Merge Heap Roots: 1.8ms
[2024-12-18T19:55:57.707+0700][gc,phases   ] GC(821)   Evacuate Collection Set: 27.4ms
[2024-12-18T19:55:57.707+0700][gc,phases   ] GC(821)   Post Evacuate Collection Set: 2.0ms
[2024-12-18T19:55:57.707+0700][gc,phases   ] GC(821)   Other: 0.9ms
[2024-12-18T19:55:57.707+0700][gc,heap     ] GC(821) Eden regions: 46->0(48)
[2024-12-18T19:55:57.707+0700][gc,heap     ] GC(821) Survivor regions: 5->3(7)
[2024-12-18T19:55:57.707+0700][gc,heap     ] GC(821) Old regions: 619->621
[2024-12-18T19:55:57.707+0700][gc,heap     ] GC(821) Archive regions: 2->2
[2024-12-18T19:55:57.707+0700][gc,heap     ] GC(821) Humongous regions: 129->129
[2024-12-18T19:55:57.707+0700][gc,metaspace] GC(821) Metaspace: 45928K(46528K)->45928K(46528K) NonClass: 40683K(41024K)->40683K(41024K) Class: 5245K(5504K)->5245K(5504K)
[2024-12-18T19:55:57.707+0700][gc          ] GC(821) Pause Young (Normal) (G1 Evacuation Pause) 799M->753M(1024M) 35.460ms
[2024-12-18T19:55:57.707+0700][gc,cpu      ] GC(821) User=0.07s Sys=0.00s Real=0.04s
[2024-12-18T19:57:49.613+0700][gc,start    ] GC(822) Pause Young (Normal) (G1 Evacuation Pause)
[2024-12-18T19:57:49.613+0700][gc,task     ] GC(822) Using 2 workers of 2 for evacuation
[2024-12-18T19:57:49.654+0700][gc,mmu      ] GC(822) MMU target violated: 21.0ms (20.0ms/21.0ms)
[2024-12-18T19:57:49.654+0700][gc,phases   ] GC(822)   Pre Evacuate Collection Set: 2.2ms
[2024-12-18T19:57:49.654+0700][gc,phases   ] GC(822)   Merge Heap Roots: 0.5ms
[2024-12-18T19:57:49.654+0700][gc,phases   ] GC(822)   Evacuate Collection Set: 36.2ms
[2024-12-18T19:57:49.654+0700][gc,phases   ] GC(822)   Post Evacuate Collection Set: 2.1ms
[2024-12-18T19:57:49.654+0700][gc,phases   ] GC(822)   Other: 1.1ms
[2024-12-18T19:57:49.655+0700][gc,heap     ] GC(822) Eden regions: 48->0(45)
[2024-12-18T19:57:49.655+0700][gc,heap     ] GC(822) Survivor regions: 3->6(7)
[2024-12-18T19:57:49.655+0700][gc,heap     ] GC(822) Old regions: 621->621
[2024-12-18T19:57:49.655+0700][gc,heap     ] GC(822) Archive regions: 2->2
[2024-12-18T19:57:49.655+0700][gc,heap     ] GC(822) Humongous regions: 129->129
[2024-12-18T19:57:49.655+0700][gc,metaspace] GC(822) Metaspace: 45928K(46528K)->45928K(46528K) NonClass: 40683K(41024K)->40683K(41024K) Class: 5245K(5504K)->5245K(5504K)
[2024-12-18T19:57:49.655+0700][gc          ] GC(822) Pause Young (Normal) (G1 Evacuation Pause) 801M->756M(1024M) 42.174ms
[2024-12-18T19:57:49.655+0700][gc,cpu      ] GC(822) User=0.08s Sys=0.00s Real=0.05s
[2024-12-18T19:59:33.564+0700][gc,start    ] GC(823) Pause Young (Normal) (G1 Evacuation Pause)
[2024-12-18T19:59:33.564+0700][gc,task     ] GC(823) Using 2 workers of 2 for evacuation
[2024-12-18T19:59:33.606+0700][gc,mmu      ] GC(823) MMU target violated: 21.0ms (20.0ms/21.0ms)
[2024-12-18T19:59:33.606+0700][gc,phases   ] GC(823)   Pre Evacuate Collection Set: 1.0ms
[2024-12-18T19:59:33.606+0700][gc,phases   ] GC(823)   Merge Heap Roots: 1.0ms
[2024-12-18T19:59:33.606+0700][gc,phases   ] GC(823)   Evacuate Collection Set: 37.7ms
[2024-12-18T19:59:33.606+0700][gc,phases   ] GC(823)   Post Evacuate Collection Set: 2.2ms
[2024-12-18T19:59:33.607+0700][gc,phases   ] GC(823)   Other: 0.7ms
[2024-12-18T19:59:33.607+0700][gc,heap     ] GC(823) Eden regions: 45->0(44)
[2024-12-18T19:59:33.607+0700][gc,heap     ] GC(823) Survivor regions: 6->7(7)
[2024-12-18T19:59:33.607+0700][gc,heap     ] GC(823) Old regions: 621->623
[2024-12-18T19:59:33.607+0700][gc,heap     ] GC(823) Archive regions: 2->2
[2024-12-18T19:59:33.607+0700][gc,heap     ] GC(823) Humongous regions: 129->129
[2024-12-18T19:59:33.607+0700][gc,metaspace] GC(823) Metaspace: 45928K(46528K)->45928K(46528K) NonClass: 40683K(41024K)->40683K(41024K) Class: 5245K(5504K)->5245K(5504K)
[2024-12-18T19:59:33.607+0700][gc          ] GC(823) Pause Young (Normal) (G1 Evacuation Pause) 801M->758M(1024M) 42.606ms
[2024-12-18T19:59:33.607+0700][gc,cpu      ] GC(823) User=0.08s Sys=0.00s Real=0.04s
[2024-12-18T20:01:16.008+0700][gc,start    ] GC(824) Pause Young (Normal) (G1 Evacuation Pause)
[2024-12-18T20:01:16.008+0700][gc,task     ] GC(824) Using 2 workers of 2 for evacuation
[2024-12-18T20:01:16.062+0700][gc,mmu      ] GC(824) MMU target violated: 21.0ms (20.0ms/21.0ms)
[2024-12-18T20:01:16.063+0700][gc,phases   ] GC(824)   Pre Evacuate Collection Set: 3.7ms
[2024-12-18T20:01:16.063+0700][gc,phases   ] GC(824)   Merge Heap Roots: 0.6ms
[2024-12-18T20:01:16.063+0700][gc,phases   ] GC(824)   Evacuate Collection Set: 43.6ms
[2024-12-18T20:01:16.063+0700][gc,phases   ] GC(824)   Post Evacuate Collection Set: 6.1ms
[2024-12-18T20:01:16.063+0700][gc,phases   ] GC(824)   Other: 1.3ms
[2024-12-18T20:01:16.063+0700][gc,heap     ] GC(824) Eden regions: 44->0(46)
[2024-12-18T20:01:16.063+0700][gc,heap     ] GC(824) Survivor regions: 7->5(7)
[2024-12-18T20:01:16.063+0700][gc,heap     ] GC(824) Old regions: 623->627
[2024-12-18T20:01:16.063+0700][gc,heap     ] GC(824) Archive regions: 2->2
[2024-12-18T20:01:16.063+0700][gc,heap     ] GC(824) Humongous regions: 129->129
[2024-12-18T20:01:16.063+0700][gc,metaspace] GC(824) Metaspace: 45928K(46528K)->45928K(46528K) NonClass: 40683K(41024K)->40683K(41024K) Class: 5245K(5504K)->5245K(5504K)
[2024-12-18T20:01:16.063+0700][gc          ] GC(824) Pause Young (Normal) (G1 Evacuation Pause) 802M->761M(1024M) 55.315ms
[2024-12-18T20:01:16.063+0700][gc,cpu      ] GC(824) User=0.09s Sys=0.01s Real=0.06s
[2024-12-18T20:03:02.579+0700][gc,start    ] GC(825) Pause Young (Normal) (G1 Evacuation Pause)
[2024-12-18T20:03:02.579+0700][gc,task     ] GC(825) Using 2 workers of 2 for evacuation
[2024-12-18T20:03:02.612+0700][gc,mmu      ] GC(825) MMU target violated: 21.0ms (20.0ms/21.0ms)
[2024-12-18T20:03:02.612+0700][gc,phases   ] GC(825)   Pre Evacuate Collection Set: 2.1ms
[2024-12-18T20:03:02.612+0700][gc,phases   ] GC(825)   Merge Heap Roots: 0.8ms
[2024-12-18T20:03:02.612+0700][gc,phases   ] GC(825)   Evacuate Collection Set: 26.6ms
[2024-12-18T20:03:02.612+0700][gc,phases   ] GC(825)   Post Evacuate Collection Set: 2.5ms
[2024-12-18T20:03:02.612+0700][gc,phases   ] GC(825)   Other: 1.4ms
[2024-12-18T20:03:02.612+0700][gc,heap     ] GC(825) Eden regions: 46->0(48)
[2024-12-18T20:03:02.612+0700][gc,heap     ] GC(825) Survivor regions: 5->3(7)
[2024-12-18T20:03:02.612+0700][gc,heap     ] GC(825) Old regions: 627->629
[2024-12-18T20:03:02.612+0700][gc,heap     ] GC(825) Archive regions: 2->2
[2024-12-18T20:03:02.612+0700][gc,heap     ] GC(825) Humongous regions: 129->129
[2024-12-18T20:03:02.612+0700][gc,metaspace] GC(825) Metaspace: 45928K(46528K)->45928K(46528K) NonClass: 40683K(41024K)->40683K(41024K) Class: 5245K(5504K)->5245K(5504K)
[2024-12-18T20:03:02.612+0700][gc          ] GC(825) Pause Young (Normal) (G1 Evacuation Pause) 807M->761M(1024M) 33.260ms
[2024-12-18T20:03:02.612+0700][gc,cpu      ] GC(825) User=0.06s Sys=0.00s Real=0.03s
[2024-12-18T20:04:53.408+0700][gc,start    ] GC(826) Pause Young (Normal) (G1 Evacuation Pause)
[2024-12-18T20:04:53.408+0700][gc,task     ] GC(826) Using 2 workers of 2 for evacuation
[2024-12-18T20:04:53.442+0700][gc,mmu      ] GC(826) MMU target violated: 21.0ms (20.0ms/21.0ms)
[2024-12-18T20:04:53.442+0700][gc,phases   ] GC(826)   Pre Evacuate Collection Set: 2.0ms
[2024-12-18T20:04:53.442+0700][gc,phases   ] GC(826)   Merge Heap Roots: 0.5ms
[2024-12-18T20:04:53.442+0700][gc,phases   ] GC(826)   Evacuate Collection Set: 29.5ms
[2024-12-18T20:04:53.442+0700][gc,phases   ] GC(826)   Post Evacuate Collection Set: 1.6ms
[2024-12-18T20:04:53.442+0700][gc,phases   ] GC(826)   Other: 0.8ms
[2024-12-18T20:04:53.442+0700][gc,heap     ] GC(826) Eden regions: 48->0(45)
[2024-12-18T20:04:53.442+0700][gc,heap     ] GC(826) Survivor regions: 3->6(7)
[2024-12-18T20:04:53.442+0700][gc,heap     ] GC(826) Old regions: 629->629
[2024-12-18T20:04:53.442+0700][gc,heap     ] GC(826) Archive regions: 2->2
[2024-12-18T20:04:53.442+0700][gc,heap     ] GC(826) Humongous regions: 129->129
[2024-12-18T20:04:53.442+0700][gc,metaspace] GC(826) Metaspace: 45928K(46528K)->45928K(46528K) NonClass: 40683K(41024K)->40683K(41024K) Class: 5245K(5504K)->5245K(5504K)
[2024-12-18T20:04:53.442+0700][gc          ] GC(826) Pause Young (Normal) (G1 Evacuation Pause) 809M->764M(1024M) 34.501ms
[2024-12-18T20:04:53.443+0700][gc,cpu      ] GC(826) User=0.06s Sys=0.00s Real=0.04s
[2024-12-18T20:06:38.122+0700][gc,start    ] GC(827) Pause Young (Normal) (G1 Evacuation Pause)
[2024-12-18T20:06:38.123+0700][gc,task     ] GC(827) Using 2 workers of 2 for evacuation
[2024-12-18T20:06:38.161+0700][gc,mmu      ] GC(827) MMU target violated: 21.0ms (20.0ms/21.0ms)
[2024-12-18T20:06:38.161+0700][gc,phases   ] GC(827)   Pre Evacuate Collection Set: 0.5ms
[2024-12-18T20:06:38.161+0700][gc,phases   ] GC(827)   Merge Heap Roots: 0.3ms
[2024-12-18T20:06:38.161+0700][gc,phases   ] GC(827)   Evacuate Collection Set: 36.1ms
[2024-12-18T20:06:38.161+0700][gc,phases   ] GC(827)   Post Evacuate Collection Set: 1.6ms
[2024-12-18T20:06:38.162+0700][gc,phases   ] GC(827)   Other: 0.5ms
[2024-12-18T20:06:38.162+0700][gc,heap     ] GC(827) Eden regions: 45->0(46)
[2024-12-18T20:06:38.162+0700][gc,heap     ] GC(827) Survivor regions: 6->5(7)
[2024-12-18T20:06:38.162+0700][gc,heap     ] GC(827) Old regions: 629->633
[2024-12-18T20:06:38.162+0700][gc,heap     ] GC(827) Archive regions: 2->2
[2024-12-18T20:06:38.162+0700][gc,heap     ] GC(827) Humongous regions: 129->129
[2024-12-18T20:06:38.162+0700][gc,metaspace] GC(827) Metaspace: 45928K(46528K)->45928K(46528K) NonClass: 40683K(41024K)->40683K(41024K) Class: 5245K(5504K)->5245K(5504K)
[2024-12-18T20:06:38.162+0700][gc          ] GC(827) Pause Young (Normal) (G1 Evacuation Pause) 809M->767M(1024M) 39.208ms
[2024-12-18T20:06:38.162+0700][gc,cpu      ] GC(827) User=0.07s Sys=0.00s Real=0.03s
[2024-12-18T20:08:23.575+0700][gc,start    ] GC(828) Pause Young (Normal) (G1 Evacuation Pause)
[2024-12-18T20:08:23.575+0700][gc,task     ] GC(828) Using 2 workers of 2 for evacuation
[2024-12-18T20:08:23.603+0700][gc,mmu      ] GC(828) MMU target violated: 21.0ms (20.0ms/21.0ms)
[2024-12-18T20:08:23.603+0700][gc,phases   ] GC(828)   Pre Evacuate Collection Set: 2.7ms
[2024-12-18T20:08:23.603+0700][gc,phases   ] GC(828)   Merge Heap Roots: 1.0ms
[2024-12-18T20:08:23.603+0700][gc,phases   ] GC(828)   Evacuate Collection Set: 22.5ms
[2024-12-18T20:08:23.603+0700][gc,phases   ] GC(828)   Post Evacuate Collection Set: 1.7ms
[2024-12-18T20:08:23.603+0700][gc,phases   ] GC(828)   Other: 1.1ms
[2024-12-18T20:08:23.603+0700][gc,heap     ] GC(828) Eden regions: 46->0(48)
[2024-12-18T20:08:23.603+0700][gc,heap     ] GC(828) Survivor regions: 5->3(7)
[2024-12-18T20:08:23.603+0700][gc,heap     ] GC(828) Old regions: 633->635
[2024-12-18T20:08:23.603+0700][gc,heap     ] GC(828) Archive regions: 2->2
[2024-12-18T20:08:23.603+0700][gc,heap     ] GC(828) Humongous regions: 129->129
[2024-12-18T20:08:23.604+0700][gc,metaspace] GC(828) Metaspace: 45928K(46528K)->45928K(46528K) NonClass: 40683K(41024K)->40683K(41024K) Class: 5245K(5504K)->5245K(5504K)
[2024-12-18T20:08:23.604+0700][gc          ] GC(828) Pause Young (Normal) (G1 Evacuation Pause) 813M->767M(1024M) 29.086ms
[2024-12-18T20:08:23.604+0700][gc,cpu      ] GC(828) User=0.05s Sys=0.01s Real=0.03s
[2024-12-18T20:10:15.251+0700][gc,start    ] GC(829) Pause Young (Normal) (G1 Evacuation Pause)
[2024-12-18T20:10:15.251+0700][gc,task     ] GC(829) Using 2 workers of 2 for evacuation
[2024-12-18T20:10:15.282+0700][gc,mmu      ] GC(829) MMU target violated: 21.0ms (20.0ms/21.0ms)
[2024-12-18T20:10:15.282+0700][gc,phases   ] GC(829)   Pre Evacuate Collection Set: 0.6ms
[2024-12-18T20:10:15.282+0700][gc,phases   ] GC(829)   Merge Heap Roots: 0.4ms
[2024-12-18T20:10:15.282+0700][gc,phases   ] GC(829)   Evacuate Collection Set: 28.5ms
[2024-12-18T20:10:15.282+0700][gc,phases   ] GC(829)   Post Evacuate Collection Set: 1.7ms
[2024-12-18T20:10:15.282+0700][gc,phases   ] GC(829)   Other: 0.5ms
[2024-12-18T20:10:15.282+0700][gc,heap     ] GC(829) Eden regions: 48->0(45)
[2024-12-18T20:10:15.282+0700][gc,heap     ] GC(829) Survivor regions: 3->6(7)
[2024-12-18T20:10:15.282+0700][gc,heap     ] GC(829) Old regions: 635->635
[2024-12-18T20:10:15.282+0700][gc,heap     ] GC(829) Archive regions: 2->2
[2024-12-18T20:10:15.282+0700][gc,heap     ] GC(829) Humongous regions: 129->129
[2024-12-18T20:10:15.282+0700][gc,metaspace] GC(829) Metaspace: 45928K(46528K)->45928K(46528K) NonClass: 40683K(41024K)->40683K(41024K) Class: 5245K(5504K)->5245K(5504K)
[2024-12-18T20:10:15.283+0700][gc          ] GC(829) Pause Young (Normal) (G1 Evacuation Pause) 815M->769M(1024M) 31.844ms
[2024-12-18T20:10:15.283+0700][gc,cpu      ] GC(829) User=0.06s Sys=0.00s Real=0.04s
[2024-12-18T20:11:59.385+0700][gc,start    ] GC(830) Pause Young (Normal) (G1 Evacuation Pause)
[2024-12-18T20:11:59.385+0700][gc,task     ] GC(830) Using 2 workers of 2 for evacuation
[2024-12-18T20:11:59.423+0700][gc,mmu      ] GC(830) MMU target violated: 21.0ms (20.0ms/21.0ms)
[2024-12-18T20:11:59.423+0700][gc,phases   ] GC(830)   Pre Evacuate Collection Set: 1.2ms
[2024-12-18T20:11:59.423+0700][gc,phases   ] GC(830)   Merge Heap Roots: 0.5ms
[2024-12-18T20:11:59.423+0700][gc,phases   ] GC(830)   Evacuate Collection Set: 34.3ms
[2024-12-18T20:11:59.423+0700][gc,phases   ] GC(830)   Post Evacuate Collection Set: 1.8ms
[2024-12-18T20:11:59.423+0700][gc,phases   ] GC(830)   Other: 1.0ms
[2024-12-18T20:11:59.423+0700][gc,heap     ] GC(830) Eden regions: 45->0(45)
[2024-12-18T20:11:59.423+0700][gc,heap     ] GC(830) Survivor regions: 6->6(7)
[2024-12-18T20:11:59.423+0700][gc,heap     ] GC(830) Old regions: 635->637
[2024-12-18T20:11:59.423+0700][gc,heap     ] GC(830) Archive regions: 2->2
[2024-12-18T20:11:59.423+0700][gc,heap     ] GC(830) Humongous regions: 129->129
[2024-12-18T20:11:59.423+0700][gc,metaspace] GC(830) Metaspace: 45928K(46528K)->45928K(46528K) NonClass: 40683K(41024K)->40683K(41024K) Class: 5245K(5504K)->5245K(5504K)
[2024-12-18T20:11:59.423+0700][gc          ] GC(830) Pause Young (Normal) (G1 Evacuation Pause) 814M->772M(1024M) 38.786ms
[2024-12-18T20:11:59.424+0700][gc,cpu      ] GC(830) User=0.07s Sys=0.00s Real=0.04s
[2024-12-18T20:13:43.474+0700][gc,start    ] GC(831) Pause Young (Normal) (G1 Evacuation Pause)
[2024-12-18T20:13:43.474+0700][gc,task     ] GC(831) Using 2 workers of 2 for evacuation
[2024-12-18T20:13:43.520+0700][gc,mmu      ] GC(831) MMU target violated: 21.0ms (20.0ms/21.0ms)
[2024-12-18T20:13:43.520+0700][gc,phases   ] GC(831)   Pre Evacuate Collection Set: 1.8ms
[2024-12-18T20:13:43.520+0700][gc,phases   ] GC(831)   Merge Heap Roots: 0.8ms
[2024-12-18T20:13:43.520+0700][gc,phases   ] GC(831)   Evacuate Collection Set: 40.0ms
[2024-12-18T20:13:43.520+0700][gc,phases   ] GC(831)   Post Evacuate Collection Set: 2.1ms
[2024-12-18T20:13:43.520+0700][gc,phases   ] GC(831)   Other: 1.1ms
[2024-12-18T20:13:43.520+0700][gc,heap     ] GC(831) Eden regions: 45->0(46)
[2024-12-18T20:13:43.520+0700][gc,heap     ] GC(831) Survivor regions: 6->5(7)
[2024-12-18T20:13:43.520+0700][gc,heap     ] GC(831) Old regions: 637->641
[2024-12-18T20:13:43.520+0700][gc,heap     ] GC(831) Archive regions: 2->2
[2024-12-18T20:13:43.520+0700][gc,heap     ] GC(831) Humongous regions: 129->129
[2024-12-18T20:13:43.520+0700][gc,metaspace] GC(831) Metaspace: 45928K(46528K)->45928K(46528K) NonClass: 40683K(41024K)->40683K(41024K) Class: 5245K(5504K)->5245K(5504K)
[2024-12-18T20:13:43.520+0700][gc          ] GC(831) Pause Young (Normal) (G1 Evacuation Pause) 817M->775M(1024M) 45.844ms
[2024-12-18T20:13:43.520+0700][gc,cpu      ] GC(831) User=0.09s Sys=0.00s Real=0.04s
[2024-12-18T20:15:23.500+0700][gc,start    ] GC(832) Pause Young (Normal) (G1 Evacuation Pause)
[2024-12-18T20:15:23.500+0700][gc,task     ] GC(832) Using 2 workers of 2 for evacuation
[2024-12-18T20:15:23.531+0700][gc,mmu      ] GC(832) MMU target violated: 21.0ms (20.0ms/21.0ms)
[2024-12-18T20:15:23.532+0700][gc,phases   ] GC(832)   Pre Evacuate Collection Set: 0.6ms
[2024-12-18T20:15:23.532+0700][gc,phases   ] GC(832)   Merge Heap Roots: 0.5ms
[2024-12-18T20:15:23.532+0700][gc,phases   ] GC(832)   Evacuate Collection Set: 27.8ms
[2024-12-18T20:15:23.532+0700][gc,phases   ] GC(832)   Post Evacuate Collection Set: 2.0ms
[2024-12-18T20:15:23.532+0700][gc,phases   ] GC(832)   Other: 0.5ms
[2024-12-18T20:15:23.532+0700][gc,heap     ] GC(832) Eden regions: 46->0(48)
[2024-12-18T20:15:23.532+0700][gc,heap     ] GC(832) Survivor regions: 5->3(7)
[2024-12-18T20:15:23.532+0700][gc,heap     ] GC(832) Old regions: 641->643
[2024-12-18T20:15:23.532+0700][gc,heap     ] GC(832) Archive regions: 2->2
[2024-12-18T20:15:23.532+0700][gc,heap     ] GC(832) Humongous regions: 129->129
[2024-12-18T20:15:23.532+0700][gc,metaspace] GC(832) Metaspace: 45928K(46528K)->45928K(46528K) NonClass: 40683K(41024K)->40683K(41024K) Class: 5245K(5504K)->5245K(5504K)
[2024-12-18T20:15:23.532+0700][gc          ] GC(832) Pause Young (Normal) (G1 Evacuation Pause) 821M->775M(1024M) 31.372ms
[2024-12-18T20:15:23.532+0700][gc,cpu      ] GC(832) User=0.06s Sys=0.00s Real=0.03s
[2024-12-18T20:17:15.334+0700][gc,start    ] GC(833) Pause Young (Normal) (G1 Evacuation Pause)
[2024-12-18T20:17:15.336+0700][gc,task     ] GC(833) Using 2 workers of 2 for evacuation
[2024-12-18T20:17:15.374+0700][gc,mmu      ] GC(833) MMU target violated: 21.0ms (20.0ms/21.0ms)
[2024-12-18T20:17:15.374+0700][gc,phases   ] GC(833)   Pre Evacuate Collection Set: 2.6ms
[2024-12-18T20:17:15.374+0700][gc,phases   ] GC(833)   Merge Heap Roots: 0.6ms
[2024-12-18T20:17:15.374+0700][gc,phases   ] GC(833)   Evacuate Collection Set: 31.3ms
[2024-12-18T20:17:15.374+0700][gc,phases   ] GC(833)   Post Evacuate Collection Set: 2.2ms
[2024-12-18T20:17:15.374+0700][gc,phases   ] GC(833)   Other: 3.1ms
[2024-12-18T20:17:15.374+0700][gc,heap     ] GC(833) Eden regions: 48->0(47)
[2024-12-18T20:17:15.374+0700][gc,heap     ] GC(833) Survivor regions: 3->4(7)
[2024-12-18T20:17:15.374+0700][gc,heap     ] GC(833) Old regions: 643->643
[2024-12-18T20:17:15.374+0700][gc,heap     ] GC(833) Archive regions: 2->2
[2024-12-18T20:17:15.374+0700][gc,heap     ] GC(833) Humongous regions: 129->129
[2024-12-18T20:17:15.374+0700][gc,metaspace] GC(833) Metaspace: 45928K(46528K)->45928K(46528K) NonClass: 40683K(41024K)->40683K(41024K) Class: 5245K(5504K)->5245K(5504K)
[2024-12-18T20:17:15.374+0700][gc          ] GC(833) Pause Young (Normal) (G1 Evacuation Pause) 823M->776M(1024M) 39.686ms
[2024-12-18T20:17:15.374+0700][gc,cpu      ] GC(833) User=0.07s Sys=0.00s Real=0.04s
[2024-12-18T20:19:04.248+0700][gc,start    ] GC(834) Pause Young (Normal) (G1 Evacuation Pause)
[2024-12-18T20:19:04.248+0700][gc,task     ] GC(834) Using 2 workers of 2 for evacuation
[2024-12-18T20:19:04.278+0700][gc,mmu      ] GC(834) MMU target violated: 21.0ms (20.0ms/21.0ms)
[2024-12-18T20:19:04.278+0700][gc,phases   ] GC(834)   Pre Evacuate Collection Set: 0.9ms
[2024-12-18T20:19:04.278+0700][gc,phases   ] GC(834)   Merge Heap Roots: 0.7ms
[2024-12-18T20:19:04.278+0700][gc,phases   ] GC(834)   Evacuate Collection Set: 26.0ms
[2024-12-18T20:19:04.278+0700][gc,phases   ] GC(834)   Post Evacuate Collection Set: 2.4ms
[2024-12-18T20:19:04.278+0700][gc,phases   ] GC(834)   Other: 0.8ms
[2024-12-18T20:19:04.278+0700][gc,heap     ] GC(834) Eden regions: 47->0(47)
[2024-12-18T20:19:04.278+0700][gc,heap     ] GC(834) Survivor regions: 4->4(7)
[2024-12-18T20:19:04.278+0700][gc,heap     ] GC(834) Old regions: 643->644
[2024-12-18T20:19:04.278+0700][gc,heap     ] GC(834) Archive regions: 2->2
[2024-12-18T20:19:04.278+0700][gc,heap     ] GC(834) Humongous regions: 129->129
[2024-12-18T20:19:04.278+0700][gc,metaspace] GC(834) Metaspace: 45928K(46528K)->45928K(46528K) NonClass: 40683K(41024K)->40683K(41024K) Class: 5245K(5504K)->5245K(5504K)
[2024-12-18T20:19:04.278+0700][gc          ] GC(834) Pause Young (Normal) (G1 Evacuation Pause) 823M->777M(1024M) 30.752ms
[2024-12-18T20:19:04.278+0700][gc,cpu      ] GC(834) User=0.05s Sys=0.00s Real=0.03s
[2024-12-18T20:20:53.216+0700][gc,start    ] GC(835) Pause Young (Normal) (G1 Evacuation Pause)
[2024-12-18T20:20:53.216+0700][gc,task     ] GC(835) Using 2 workers of 2 for evacuation
[2024-12-18T20:20:53.254+0700][gc,mmu      ] GC(835) MMU target violated: 21.0ms (20.0ms/21.0ms)
[2024-12-18T20:20:53.254+0700][gc,phases   ] GC(835)   Pre Evacuate Collection Set: 3.1ms
[2024-12-18T20:20:53.254+0700][gc,phases   ] GC(835)   Merge Heap Roots: 0.5ms
[2024-12-18T20:20:53.254+0700][gc,phases   ] GC(835)   Evacuate Collection Set: 32.0ms
[2024-12-18T20:20:53.254+0700][gc,phases   ] GC(835)   Post Evacuate Collection Set: 2.0ms
[2024-12-18T20:20:53.254+0700][gc,phases   ] GC(835)   Other: 1.2ms
[2024-12-18T20:20:53.254+0700][gc,heap     ] GC(835) Eden regions: 47->0(44)
[2024-12-18T20:20:53.254+0700][gc,heap     ] GC(835) Survivor regions: 4->7(7)
[2024-12-18T20:20:53.254+0700][gc,heap     ] GC(835) Old regions: 644->644
[2024-12-18T20:20:53.254+0700][gc,heap     ] GC(835) Archive regions: 2->2
[2024-12-18T20:20:53.254+0700][gc,heap     ] GC(835) Humongous regions: 129->129
[2024-12-18T20:20:53.254+0700][gc,metaspace] GC(835) Metaspace: 45928K(46528K)->45928K(46528K) NonClass: 40683K(41024K)->40683K(41024K) Class: 5245K(5504K)->5245K(5504K)
[2024-12-18T20:20:53.254+0700][gc          ] GC(835) Pause Young (Normal) (G1 Evacuation Pause) 824M->779M(1024M) 38.898ms
[2024-12-18T20:20:53.255+0700][gc,cpu      ] GC(835) User=0.07s Sys=0.00s Real=0.04s
[2024-12-18T20:22:34.443+0700][gc,start    ] GC(836) Pause Young (Normal) (G1 Evacuation Pause)
[2024-12-18T20:22:34.443+0700][gc,task     ] GC(836) Using 2 workers of 2 for evacuation
[2024-12-18T20:22:34.476+0700][gc,mmu      ] GC(836) MMU target violated: 21.0ms (20.0ms/21.0ms)
[2024-12-18T20:22:34.476+0700][gc,phases   ] GC(836)   Pre Evacuate Collection Set: 2.7ms
[2024-12-18T20:22:34.476+0700][gc,phases   ] GC(836)   Merge Heap Roots: 0.5ms
[2024-12-18T20:22:34.476+0700][gc,phases   ] GC(836)   Evacuate Collection Set: 27.6ms
[2024-12-18T20:22:34.476+0700][gc,phases   ] GC(836)   Post Evacuate Collection Set: 2.2ms
[2024-12-18T20:22:34.476+0700][gc,phases   ] GC(836)   Other: 0.6ms
[2024-12-18T20:22:34.476+0700][gc,heap     ] GC(836) Eden regions: 44->0(48)
[2024-12-18T20:22:34.476+0700][gc,heap     ] GC(836) Survivor regions: 7->3(7)
[2024-12-18T20:22:34.476+0700][gc,heap     ] GC(836) Old regions: 644->647
[2024-12-18T20:22:34.476+0700][gc,heap     ] GC(836) Archive regions: 2->2
[2024-12-18T20:22:34.476+0700][gc,heap     ] GC(836) Humongous regions: 129->129
[2024-12-18T20:22:34.476+0700][gc,metaspace] GC(836) Metaspace: 45928K(46528K)->45928K(46528K) NonClass: 40683K(41024K)->40683K(41024K) Class: 5245K(5504K)->5245K(5504K)
[2024-12-18T20:22:34.476+0700][gc          ] GC(836) Pause Young (Normal) (G1 Evacuation Pause) 823M->779M(1024M) 33.763ms
[2024-12-18T20:22:34.476+0700][gc,cpu      ] GC(836) User=0.06s Sys=0.00s Real=0.03s
[2024-12-18T20:24:25.316+0700][gc,start    ] GC(837) Pause Young (Normal) (G1 Evacuation Pause)
[2024-12-18T20:24:25.316+0700][gc,task     ] GC(837) Using 2 workers of 2 for evacuation
[2024-12-18T20:24:25.354+0700][gc,mmu      ] GC(837) MMU target violated: 21.0ms (20.0ms/21.0ms)
[2024-12-18T20:24:25.354+0700][gc,phases   ] GC(837)   Pre Evacuate Collection Set: 1.7ms
[2024-12-18T20:24:25.354+0700][gc,phases   ] GC(837)   Merge Heap Roots: 0.5ms
[2024-12-18T20:24:25.354+0700][gc,phases   ] GC(837)   Evacuate Collection Set: 31.9ms
[2024-12-18T20:24:25.354+0700][gc,phases   ] GC(837)   Post Evacuate Collection Set: 2.8ms
[2024-12-18T20:24:25.354+0700][gc,phases   ] GC(837)   Other: 1.1ms
[2024-12-18T20:24:25.354+0700][gc,heap     ] GC(837) Eden regions: 48->0(45)
[2024-12-18T20:24:25.354+0700][gc,heap     ] GC(837) Survivor regions: 3->6(7)
[2024-12-18T20:24:25.354+0700][gc,heap     ] GC(837) Old regions: 647->647
[2024-12-18T20:24:25.354+0700][gc,heap     ] GC(837) Archive regions: 2->2
[2024-12-18T20:24:25.354+0700][gc,heap     ] GC(837) Humongous regions: 129->129
[2024-12-18T20:24:25.354+0700][gc,metaspace] GC(837) Metaspace: 45928K(46528K)->45928K(46528K) NonClass: 40683K(41024K)->40683K(41024K) Class: 5245K(5504K)->5245K(5504K)
[2024-12-18T20:24:25.354+0700][gc          ] GC(837) Pause Young (Normal) (G1 Evacuation Pause) 827M->782M(1024M) 38.211ms
[2024-12-18T20:24:25.354+0700][gc,cpu      ] GC(837) User=0.07s Sys=0.00s Real=0.04s
[2024-12-18T20:26:09.536+0700][gc,start    ] GC(838) Pause Young (Normal) (G1 Evacuation Pause)
[2024-12-18T20:26:09.536+0700][gc,task     ] GC(838) Using 2 workers of 2 for evacuation
[2024-12-18T20:26:09.578+0700][gc,mmu      ] GC(838) MMU target violated: 21.0ms (20.0ms/21.0ms)
[2024-12-18T20:26:09.579+0700][gc,phases   ] GC(838)   Pre Evacuate Collection Set: 1.8ms
[2024-12-18T20:26:09.579+0700][gc,phases   ] GC(838)   Merge Heap Roots: 0.5ms
[2024-12-18T20:26:09.579+0700][gc,phases   ] GC(838)   Evacuate Collection Set: 37.6ms
[2024-12-18T20:26:09.579+0700][gc,phases   ] GC(838)   Post Evacuate Collection Set: 2.0ms
[2024-12-18T20:26:09.579+0700][gc,phases   ] GC(838)   Other: 1.0ms
[2024-12-18T20:26:09.579+0700][gc,heap     ] GC(838) Eden regions: 45->0(46)
[2024-12-18T20:26:09.579+0700][gc,heap     ] GC(838) Survivor regions: 6->5(7)
[2024-12-18T20:26:09.579+0700][gc,heap     ] GC(838) Old regions: 647->651
[2024-12-18T20:26:09.579+0700][gc,heap     ] GC(838) Archive regions: 2->2
[2024-12-18T20:26:09.579+0700][gc,heap     ] GC(838) Humongous regions: 129->129
[2024-12-18T20:26:09.579+0700][gc,metaspace] GC(838) Metaspace: 45928K(46528K)->45928K(46528K) NonClass: 40683K(41024K)->40683K(41024K) Class: 5245K(5504K)->5245K(5504K)
[2024-12-18T20:26:09.579+0700][gc          ] GC(838) Pause Young (Normal) (G1 Evacuation Pause) 827M->785M(1024M) 43.093ms
[2024-12-18T20:26:09.579+0700][gc,cpu      ] GC(838) User=0.09s Sys=0.00s Real=0.04s
[2024-12-18T20:27:55.317+0700][gc,start    ] GC(839) Pause Young (Normal) (G1 Evacuation Pause)
[2024-12-18T20:27:55.317+0700][gc,task     ] GC(839) Using 2 workers of 2 for evacuation
[2024-12-18T20:27:55.343+0700][gc,mmu      ] GC(839) MMU target violated: 21.0ms (20.0ms/21.0ms)
[2024-12-18T20:27:55.344+0700][gc,phases   ] GC(839)   Pre Evacuate Collection Set: 1.6ms
[2024-12-18T20:27:55.344+0700][gc,phases   ] GC(839)   Merge Heap Roots: 0.7ms
[2024-12-18T20:27:55.344+0700][gc,phases   ] GC(839)   Evacuate Collection Set: 21.6ms
[2024-12-18T20:27:55.344+0700][gc,phases   ] GC(839)   Post Evacuate Collection Set: 1.8ms
[2024-12-18T20:27:55.344+0700][gc,phases   ] GC(839)   Other: 1.0ms
[2024-12-18T20:27:55.344+0700][gc,heap     ] GC(839) Eden regions: 46->0(48)
[2024-12-18T20:27:55.344+0700][gc,heap     ] GC(839) Survivor regions: 5->3(7)
[2024-12-18T20:27:55.344+0700][gc,heap     ] GC(839) Old regions: 651->653
[2024-12-18T20:27:55.344+0700][gc,heap     ] GC(839) Archive regions: 2->2
[2024-12-18T20:27:55.344+0700][gc,heap     ] GC(839) Humongous regions: 129->129
[2024-12-18T20:27:55.344+0700][gc,metaspace] GC(839) Metaspace: 45928K(46528K)->45928K(46528K) NonClass: 40683K(41024K)->40683K(41024K) Class: 5245K(5504K)->5245K(5504K)
[2024-12-18T20:27:55.344+0700][gc          ] GC(839) Pause Young (Normal) (G1 Evacuation Pause) 831M->785M(1024M) 26.776ms
[2024-12-18T20:27:55.344+0700][gc,cpu      ] GC(839) User=0.05s Sys=0.00s Real=0.03s
[2024-12-18T20:29:46.473+0700][gc,start    ] GC(840) Pause Young (Normal) (G1 Evacuation Pause)
[2024-12-18T20:29:46.476+0700][gc,task     ] GC(840) Using 2 workers of 2 for evacuation
[2024-12-18T20:29:46.538+0700][gc,mmu      ] GC(840) MMU target violated: 21.0ms (20.0ms/21.0ms)
[2024-12-18T20:29:46.538+0700][gc,phases   ] GC(840)   Pre Evacuate Collection Set: 7.3ms
[2024-12-18T20:29:46.538+0700][gc,phases   ] GC(840)   Merge Heap Roots: 3.4ms
[2024-12-18T20:29:46.538+0700][gc,phases   ] GC(840)   Evacuate Collection Set: 45.0ms
[2024-12-18T20:29:46.538+0700][gc,phases   ] GC(840)   Post Evacuate Collection Set: 5.3ms
[2024-12-18T20:29:46.538+0700][gc,phases   ] GC(840)   Other: 4.5ms
[2024-12-18T20:29:46.538+0700][gc,heap     ] GC(840) Eden regions: 48->0(45)
[2024-12-18T20:29:46.538+0700][gc,heap     ] GC(840) Survivor regions: 3->6(7)
[2024-12-18T20:29:46.538+0700][gc,heap     ] GC(840) Old regions: 653->653
[2024-12-18T20:29:46.538+0700][gc,heap     ] GC(840) Archive regions: 2->2
[2024-12-18T20:29:46.538+0700][gc,heap     ] GC(840) Humongous regions: 129->129
[2024-12-18T20:29:46.538+0700][gc,metaspace] GC(840) Metaspace: 45928K(46528K)->45928K(46528K) NonClass: 40683K(41024K)->40683K(41024K) Class: 5245K(5504K)->5245K(5504K)
[2024-12-18T20:29:46.539+0700][gc          ] GC(840) Pause Young (Normal) (G1 Evacuation Pause) 833M->788M(1024M) 65.588ms
[2024-12-18T20:29:46.539+0700][gc,cpu      ] GC(840) User=0.11s Sys=0.00s Real=0.07s
[2024-12-18T20:31:31.244+0700][gc,start    ] GC(841) Pause Young (Normal) (G1 Evacuation Pause)
[2024-12-18T20:31:31.244+0700][gc,task     ] GC(841) Using 2 workers of 2 for evacuation
[2024-12-18T20:31:31.287+0700][gc,mmu      ] GC(841) MMU target violated: 21.0ms (20.0ms/21.0ms)
[2024-12-18T20:31:31.287+0700][gc,phases   ] GC(841)   Pre Evacuate Collection Set: 2.2ms
[2024-12-18T20:31:31.288+0700][gc,phases   ] GC(841)   Merge Heap Roots: 0.6ms
[2024-12-18T20:31:31.288+0700][gc,phases   ] GC(841)   Evacuate Collection Set: 37.4ms
[2024-12-18T20:31:31.288+0700][gc,phases   ] GC(841)   Post Evacuate Collection Set: 3.0ms
[2024-12-18T20:31:31.288+0700][gc,phases   ] GC(841)   Other: 1.2ms
[2024-12-18T20:31:31.288+0700][gc,heap     ] GC(841) Eden regions: 45->0(45)
[2024-12-18T20:31:31.288+0700][gc,heap     ] GC(841) Survivor regions: 6->6(7)
[2024-12-18T20:31:31.288+0700][gc,heap     ] GC(841) Old regions: 653->655
[2024-12-18T20:31:31.288+0700][gc,heap     ] GC(841) Archive regions: 2->2
[2024-12-18T20:31:31.288+0700][gc,heap     ] GC(841) Humongous regions: 129->129
[2024-12-18T20:31:31.288+0700][gc,metaspace] GC(841) Metaspace: 45928K(46528K)->45928K(46528K) NonClass: 40683K(41024K)->40683K(41024K) Class: 5245K(5504K)->5245K(5504K)
[2024-12-18T20:31:31.288+0700][gc          ] GC(841) Pause Young (Normal) (G1 Evacuation Pause) 833M->790M(1024M) 44.323ms
[2024-12-18T20:31:31.288+0700][gc,cpu      ] GC(841) User=0.08s Sys=0.00s Real=0.04s
[2024-12-18T20:33:15.271+0700][gc,start    ] GC(842) Pause Young (Normal) (G1 Evacuation Pause)
[2024-12-18T20:33:15.271+0700][gc,task     ] GC(842) Using 2 workers of 2 for evacuation
[2024-12-18T20:33:15.334+0700][gc,mmu      ] GC(842) MMU target violated: 21.0ms (20.0ms/21.0ms)
[2024-12-18T20:33:15.334+0700][gc,phases   ] GC(842)   Pre Evacuate Collection Set: 2.0ms
[2024-12-18T20:33:15.334+0700][gc,phases   ] GC(842)   Merge Heap Roots: 0.6ms
[2024-12-18T20:33:15.334+0700][gc,phases   ] GC(842)   Evacuate Collection Set: 56.6ms
[2024-12-18T20:33:15.334+0700][gc,phases   ] GC(842)   Post Evacuate Collection Set: 2.4ms
[2024-12-18T20:33:15.334+0700][gc,phases   ] GC(842)   Other: 1.6ms
[2024-12-18T20:33:15.334+0700][gc,heap     ] GC(842) Eden regions: 45->0(46)
[2024-12-18T20:33:15.334+0700][gc,heap     ] GC(842) Survivor regions: 6->5(7)
[2024-12-18T20:33:15.334+0700][gc,heap     ] GC(842) Old regions: 655->659
[2024-12-18T20:33:15.334+0700][gc,heap     ] GC(842) Archive regions: 2->2
[2024-12-18T20:33:15.334+0700][gc,heap     ] GC(842) Humongous regions: 129->129
[2024-12-18T20:33:15.334+0700][gc,metaspace] GC(842) Metaspace: 45928K(46528K)->45928K(46528K) NonClass: 40683K(41024K)->40683K(41024K) Class: 5245K(5504K)->5245K(5504K)
[2024-12-18T20:33:15.335+0700][gc          ] GC(842) Pause Young (Normal) (G1 Evacuation Pause) 835M->793M(1024M) 63.680ms
[2024-12-18T20:33:15.335+0700][gc,cpu      ] GC(842) User=0.11s Sys=0.00s Real=0.07s
[2024-12-18T20:35:01.851+0700][gc,start    ] GC(843) Pause Young (Normal) (G1 Evacuation Pause)
[2024-12-18T20:35:01.852+0700][gc,task     ] GC(843) Using 2 workers of 2 for evacuation
[2024-12-18T20:35:01.887+0700][gc,mmu      ] GC(843) MMU target violated: 21.0ms (20.0ms/21.0ms)
[2024-12-18T20:35:01.887+0700][gc,phases   ] GC(843)   Pre Evacuate Collection Set: 2.6ms
[2024-12-18T20:35:01.887+0700][gc,phases   ] GC(843)   Merge Heap Roots: 0.4ms
[2024-12-18T20:35:01.887+0700][gc,phases   ] GC(843)   Evacuate Collection Set: 29.6ms
[2024-12-18T20:35:01.887+0700][gc,phases   ] GC(843)   Post Evacuate Collection Set: 1.9ms
[2024-12-18T20:35:01.887+0700][gc,phases   ] GC(843)   Other: 1.5ms
[2024-12-18T20:35:01.887+0700][gc,heap     ] GC(843) Eden regions: 46->0(48)
[2024-12-18T20:35:01.887+0700][gc,heap     ] GC(843) Survivor regions: 5->3(7)
[2024-12-18T20:35:01.887+0700][gc,heap     ] GC(843) Old regions: 659->661
[2024-12-18T20:35:01.887+0700][gc,heap     ] GC(843) Archive regions: 2->2
[2024-12-18T20:35:01.887+0700][gc,heap     ] GC(843) Humongous regions: 129->129
[2024-12-18T20:35:01.887+0700][gc,metaspace] GC(843) Metaspace: 45928K(46528K)->45928K(46528K) NonClass: 40683K(41024K)->40683K(41024K) Class: 5245K(5504K)->5245K(5504K)
[2024-12-18T20:35:01.887+0700][gc          ] GC(843) Pause Young (Normal) (G1 Evacuation Pause) 839M->793M(1024M) 35.878ms
[2024-12-18T20:35:01.887+0700][gc,cpu      ] GC(843) User=0.06s Sys=0.00s Real=0.04s
[2024-12-18T20:36:53.631+0700][gc,start    ] GC(844) Pause Young (Normal) (G1 Evacuation Pause)
[2024-12-18T20:36:53.631+0700][gc,task     ] GC(844) Using 2 workers of 2 for evacuation
[2024-12-18T20:36:53.670+0700][gc,mmu      ] GC(844) MMU target violated: 21.0ms (20.0ms/21.0ms)
[2024-12-18T20:36:53.670+0700][gc,phases   ] GC(844)   Pre Evacuate Collection Set: 2.7ms
[2024-12-18T20:36:53.670+0700][gc,phases   ] GC(844)   Merge Heap Roots: 0.4ms
[2024-12-18T20:36:53.670+0700][gc,phases   ] GC(844)   Evacuate Collection Set: 32.7ms
[2024-12-18T20:36:53.670+0700][gc,phases   ] GC(844)   Post Evacuate Collection Set: 1.9ms
[2024-12-18T20:36:53.670+0700][gc,phases   ] GC(844)   Other: 1.1ms
[2024-12-18T20:36:53.670+0700][gc,heap     ] GC(844) Eden regions: 48->0(45)
[2024-12-18T20:36:53.670+0700][gc,heap     ] GC(844) Survivor regions: 3->6(7)
[2024-12-18T20:36:53.670+0700][gc,heap     ] GC(844) Old regions: 661->661
[2024-12-18T20:36:53.670+0700][gc,heap     ] GC(844) Archive regions: 2->2
[2024-12-18T20:36:53.670+0700][gc,heap     ] GC(844) Humongous regions: 129->129
[2024-12-18T20:36:53.670+0700][gc,metaspace] GC(844) Metaspace: 45928K(46528K)->45928K(46528K) NonClass: 40683K(41024K)->40683K(41024K) Class: 5245K(5504K)->5245K(5504K)
[2024-12-18T20:36:53.670+0700][gc          ] GC(844) Pause Young (Normal) (G1 Evacuation Pause) 841M->796M(1024M) 38.940ms
[2024-12-18T20:36:53.670+0700][gc,cpu      ] GC(844) User=0.06s Sys=0.00s Real=0.04s
[2024-12-18T20:38:37.978+0700][gc,start    ] GC(845) Pause Young (Normal) (G1 Evacuation Pause)
[2024-12-18T20:38:37.979+0700][gc,task     ] GC(845) Using 2 workers of 2 for evacuation
[2024-12-18T20:38:38.035+0700][gc,mmu      ] GC(845) MMU target violated: 21.0ms (20.0ms/21.0ms)
[2024-12-18T20:38:38.035+0700][gc,phases   ] GC(845)   Pre Evacuate Collection Set: 3.8ms
[2024-12-18T20:38:38.035+0700][gc,phases   ] GC(845)   Merge Heap Roots: 0.5ms
[2024-12-18T20:38:38.035+0700][gc,phases   ] GC(845)   Evacuate Collection Set: 48.1ms
[2024-12-18T20:38:38.035+0700][gc,phases   ] GC(845)   Post Evacuate Collection Set: 2.9ms
[2024-12-18T20:38:38.036+0700][gc,phases   ] GC(845)   Other: 2.9ms
[2024-12-18T20:38:38.036+0700][gc,heap     ] GC(845) Eden regions: 45->0(45)
[2024-12-18T20:38:38.036+0700][gc,heap     ] GC(845) Survivor regions: 6->6(7)
[2024-12-18T20:38:38.036+0700][gc,heap     ] GC(845) Old regions: 661->663
[2024-12-18T20:38:38.036+0700][gc,heap     ] GC(845) Archive regions: 2->2
[2024-12-18T20:38:38.036+0700][gc,heap     ] GC(845) Humongous regions: 129->129
[2024-12-18T20:38:38.036+0700][gc,metaspace] GC(845) Metaspace: 45928K(46528K)->45928K(46528K) NonClass: 40683K(41024K)->40683K(41024K) Class: 5245K(5504K)->5245K(5504K)
[2024-12-18T20:38:38.036+0700][gc          ] GC(845) Pause Young (Normal) (G1 Evacuation Pause) 841M->798M(1024M) 58.193ms
[2024-12-18T20:38:38.036+0700][gc,cpu      ] GC(845) User=0.11s Sys=0.00s Real=0.06s
[2024-12-18T20:40:22.413+0700][gc,start    ] GC(846) Pause Young (Normal) (G1 Evacuation Pause)
[2024-12-18T20:40:22.413+0700][gc,task     ] GC(846) Using 2 workers of 2 for evacuation
[2024-12-18T20:40:22.476+0700][gc,mmu      ] GC(846) MMU target violated: 21.0ms (20.0ms/21.0ms)
[2024-12-18T20:40:22.476+0700][gc,phases   ] GC(846)   Pre Evacuate Collection Set: 2.4ms
[2024-12-18T20:40:22.476+0700][gc,phases   ] GC(846)   Merge Heap Roots: 1.0ms
[2024-12-18T20:40:22.476+0700][gc,phases   ] GC(846)   Evacuate Collection Set: 56.0ms
[2024-12-18T20:40:22.476+0700][gc,phases   ] GC(846)   Post Evacuate Collection Set: 2.9ms
[2024-12-18T20:40:22.476+0700][gc,phases   ] GC(846)   Other: 1.2ms
[2024-12-18T20:40:22.476+0700][gc,heap     ] GC(846) Eden regions: 45->0(46)
[2024-12-18T20:40:22.476+0700][gc,heap     ] GC(846) Survivor regions: 6->5(7)
[2024-12-18T20:40:22.476+0700][gc,heap     ] GC(846) Old regions: 663->667
[2024-12-18T20:40:22.476+0700][gc,heap     ] GC(846) Archive regions: 2->2
[2024-12-18T20:40:22.476+0700][gc,heap     ] GC(846) Humongous regions: 129->129
[2024-12-18T20:40:22.477+0700][gc,metaspace] GC(846) Metaspace: 45928K(46528K)->45928K(46528K) NonClass: 40683K(41024K)->40683K(41024K) Class: 5245K(5504K)->5245K(5504K)
[2024-12-18T20:40:22.477+0700][gc          ] GC(846) Pause Young (Normal) (G1 Evacuation Pause) 843M->801M(1024M) 63.907ms
[2024-12-18T20:40:22.477+0700][gc,cpu      ] GC(846) User=0.12s Sys=0.00s Real=0.07s
[2024-12-18T20:42:08.759+0700][gc,start    ] GC(847) Pause Young (Normal) (G1 Evacuation Pause)
[2024-12-18T20:42:08.759+0700][gc,task     ] GC(847) Using 2 workers of 2 for evacuation
[2024-12-18T20:42:08.791+0700][gc,mmu      ] GC(847) MMU target violated: 21.0ms (20.0ms/21.0ms)
[2024-12-18T20:42:08.791+0700][gc,phases   ] GC(847)   Pre Evacuate Collection Set: 3.9ms
[2024-12-18T20:42:08.791+0700][gc,phases   ] GC(847)   Merge Heap Roots: 0.4ms
[2024-12-18T20:42:08.791+0700][gc,phases   ] GC(847)   Evacuate Collection Set: 25.0ms
[2024-12-18T20:42:08.791+0700][gc,phases   ] GC(847)   Post Evacuate Collection Set: 2.4ms
[2024-12-18T20:42:08.791+0700][gc,phases   ] GC(847)   Other: 0.8ms
[2024-12-18T20:42:08.791+0700][gc,heap     ] GC(847) Eden regions: 46->0(48)
[2024-12-18T20:42:08.791+0700][gc,heap     ] GC(847) Survivor regions: 5->3(7)
[2024-12-18T20:42:08.791+0700][gc,heap     ] GC(847) Old regions: 667->669
[2024-12-18T20:42:08.791+0700][gc,heap     ] GC(847) Archive regions: 2->2
[2024-12-18T20:42:08.791+0700][gc,heap     ] GC(847) Humongous regions: 129->129
[2024-12-18T20:42:08.791+0700][gc,metaspace] GC(847) Metaspace: 45928K(46528K)->45928K(46528K) NonClass: 40683K(41024K)->40683K(41024K) Class: 5245K(5504K)->5245K(5504K)
[2024-12-18T20:42:08.791+0700][gc          ] GC(847) Pause Young (Normal) (G1 Evacuation Pause) 847M->801M(1024M) 32.565ms
[2024-12-18T20:42:08.791+0700][gc,cpu      ] GC(847) User=0.06s Sys=0.00s Real=0.03s
[2024-12-18T20:44:00.227+0700][gc,start    ] GC(848) Pause Young (Normal) (G1 Evacuation Pause)
[2024-12-18T20:44:00.227+0700][gc,task     ] GC(848) Using 2 workers of 2 for evacuation
[2024-12-18T20:44:00.267+0700][gc,mmu      ] GC(848) MMU target violated: 21.0ms (20.0ms/21.0ms)
[2024-12-18T20:44:00.267+0700][gc,phases   ] GC(848)   Pre Evacuate Collection Set: 2.9ms
[2024-12-18T20:44:00.267+0700][gc,phases   ] GC(848)   Merge Heap Roots: 0.6ms
[2024-12-18T20:44:00.267+0700][gc,phases   ] GC(848)   Evacuate Collection Set: 32.3ms
[2024-12-18T20:44:00.267+0700][gc,phases   ] GC(848)   Post Evacuate Collection Set: 3.3ms
[2024-12-18T20:44:00.267+0700][gc,phases   ] GC(848)   Other: 1.2ms
[2024-12-18T20:44:00.267+0700][gc,heap     ] GC(848) Eden regions: 48->0(45)
[2024-12-18T20:44:00.267+0700][gc,heap     ] GC(848) Survivor regions: 3->6(7)
[2024-12-18T20:44:00.267+0700][gc,heap     ] GC(848) Old regions: 669->669
[2024-12-18T20:44:00.267+0700][gc,heap     ] GC(848) Archive regions: 2->2
[2024-12-18T20:44:00.267+0700][gc,heap     ] GC(848) Humongous regions: 129->129
[2024-12-18T20:44:00.267+0700][gc,metaspace] GC(848) Metaspace: 45928K(46528K)->45928K(46528K) NonClass: 40683K(41024K)->40683K(41024K) Class: 5245K(5504K)->5245K(5504K)
[2024-12-18T20:44:00.267+0700][gc          ] GC(848) Pause Young (Normal) (G1 Evacuation Pause) 849M->804M(1024M) 40.529ms
[2024-12-18T20:44:00.268+0700][gc,cpu      ] GC(848) User=0.07s Sys=0.00s Real=0.04s
[2024-12-18T20:45:44.253+0700][gc,start    ] GC(849) Pause Young (Normal) (G1 Evacuation Pause)
[2024-12-18T20:45:44.253+0700][gc,task     ] GC(849) Using 2 workers of 2 for evacuation
[2024-12-18T20:45:44.317+0700][gc,mmu      ] GC(849) MMU target violated: 21.0ms (20.0ms/21.0ms)
[2024-12-18T20:45:44.317+0700][gc,phases   ] GC(849)   Pre Evacuate Collection Set: 2.1ms
[2024-12-18T20:45:44.317+0700][gc,phases   ] GC(849)   Merge Heap Roots: 0.7ms
[2024-12-18T20:45:44.317+0700][gc,phases   ] GC(849)   Evacuate Collection Set: 58.3ms
[2024-12-18T20:45:44.317+0700][gc,phases   ] GC(849)   Post Evacuate Collection Set: 2.1ms
[2024-12-18T20:45:44.317+0700][gc,phases   ] GC(849)   Other: 1.1ms
[2024-12-18T20:45:44.317+0700][gc,heap     ] GC(849) Eden regions: 45->0(46)
[2024-12-18T20:45:44.317+0700][gc,heap     ] GC(849) Survivor regions: 6->5(7)
[2024-12-18T20:45:44.317+0700][gc,heap     ] GC(849) Old regions: 669->673
[2024-12-18T20:45:44.317+0700][gc,heap     ] GC(849) Archive regions: 2->2
[2024-12-18T20:45:44.317+0700][gc,heap     ] GC(849) Humongous regions: 129->129
[2024-12-18T20:45:44.317+0700][gc,metaspace] GC(849) Metaspace: 45928K(46528K)->45928K(46528K) NonClass: 40683K(41024K)->40683K(41024K) Class: 5245K(5504K)->5245K(5504K)
[2024-12-18T20:45:44.317+0700][gc          ] GC(849) Pause Young (Normal) (G1 Evacuation Pause) 849M->807M(1024M) 64.400ms
[2024-12-18T20:45:44.317+0700][gc,cpu      ] GC(849) User=0.13s Sys=0.00s Real=0.07s
[2024-12-18T20:47:30.630+0700][gc,start    ] GC(850) Pause Young (Normal) (G1 Evacuation Pause)
[2024-12-18T20:47:30.630+0700][gc,task     ] GC(850) Using 2 workers of 2 for evacuation
[2024-12-18T20:47:30.659+0700][gc,mmu      ] GC(850) MMU target violated: 21.0ms (20.0ms/21.0ms)
[2024-12-18T20:47:30.659+0700][gc,phases   ] GC(850)   Pre Evacuate Collection Set: 1.9ms
[2024-12-18T20:47:30.659+0700][gc,phases   ] GC(850)   Merge Heap Roots: 0.4ms
[2024-12-18T20:47:30.659+0700][gc,phases   ] GC(850)   Evacuate Collection Set: 22.9ms
[2024-12-18T20:47:30.659+0700][gc,phases   ] GC(850)   Post Evacuate Collection Set: 2.7ms
[2024-12-18T20:47:30.659+0700][gc,phases   ] GC(850)   Other: 1.3ms
[2024-12-18T20:47:30.659+0700][gc,heap     ] GC(850) Eden regions: 46->0(48)
[2024-12-18T20:47:30.659+0700][gc,heap     ] GC(850) Survivor regions: 5->3(7)
[2024-12-18T20:47:30.659+0700][gc,heap     ] GC(850) Old regions: 673->675
[2024-12-18T20:47:30.659+0700][gc,heap     ] GC(850) Archive regions: 2->2
[2024-12-18T20:47:30.659+0700][gc,heap     ] GC(850) Humongous regions: 129->129
[2024-12-18T20:47:30.659+0700][gc,metaspace] GC(850) Metaspace: 45928K(46528K)->45928K(46528K) NonClass: 40683K(41024K)->40683K(41024K) Class: 5245K(5504K)->5245K(5504K)
[2024-12-18T20:47:30.659+0700][gc          ] GC(850) Pause Young (Normal) (G1 Evacuation Pause) 853M->807M(1024M) 29.197ms
[2024-12-18T20:47:30.659+0700][gc,cpu      ] GC(850) User=0.06s Sys=0.00s Real=0.03s
[2024-12-18T20:49:22.645+0700][gc,start    ] GC(851) Pause Young (Normal) (G1 Evacuation Pause)
[2024-12-18T20:49:22.645+0700][gc,task     ] GC(851) Using 2 workers of 2 for evacuation
[2024-12-18T20:49:22.681+0700][gc,mmu      ] GC(851) MMU target violated: 21.0ms (20.0ms/21.0ms)
[2024-12-18T20:49:22.682+0700][gc,phases   ] GC(851)   Pre Evacuate Collection Set: 1.7ms
[2024-12-18T20:49:22.682+0700][gc,phases   ] GC(851)   Merge Heap Roots: 2.2ms
[2024-12-18T20:49:22.682+0700][gc,phases   ] GC(851)   Evacuate Collection Set: 29.9ms
[2024-12-18T20:49:22.682+0700][gc,phases   ] GC(851)   Post Evacuate Collection Set: 2.0ms
[2024-12-18T20:49:22.682+0700][gc,phases   ] GC(851)   Other: 1.1ms
[2024-12-18T20:49:22.682+0700][gc,heap     ] GC(851) Eden regions: 48->0(45)
[2024-12-18T20:49:22.682+0700][gc,heap     ] GC(851) Survivor regions: 3->6(7)
[2024-12-18T20:49:22.682+0700][gc,heap     ] GC(851) Old regions: 675->675
[2024-12-18T20:49:22.682+0700][gc,heap     ] GC(851) Archive regions: 2->2
[2024-12-18T20:49:22.682+0700][gc,heap     ] GC(851) Humongous regions: 129->129
[2024-12-18T20:49:22.682+0700][gc,metaspace] GC(851) Metaspace: 45928K(46528K)->45928K(46528K) NonClass: 40683K(41024K)->40683K(41024K) Class: 5245K(5504K)->5245K(5504K)
[2024-12-18T20:49:22.682+0700][gc          ] GC(851) Pause Young (Normal) (G1 Evacuation Pause) 855M->810M(1024M) 36.885ms
[2024-12-18T20:49:22.682+0700][gc,cpu      ] GC(851) User=0.07s Sys=0.00s Real=0.03s
[2024-12-18T20:51:06.928+0700][gc,start    ] GC(852) Pause Young (Normal) (G1 Evacuation Pause)
[2024-12-18T20:51:06.928+0700][gc,task     ] GC(852) Using 2 workers of 2 for evacuation
[2024-12-18T20:51:06.979+0700][gc,mmu      ] GC(852) MMU target violated: 21.0ms (20.0ms/21.0ms)
[2024-12-18T20:51:06.979+0700][gc,phases   ] GC(852)   Pre Evacuate Collection Set: 2.8ms
[2024-12-18T20:51:06.979+0700][gc,phases   ] GC(852)   Merge Heap Roots: 1.6ms
[2024-12-18T20:51:06.979+0700][gc,phases   ] GC(852)   Evacuate Collection Set: 43.3ms
[2024-12-18T20:51:06.979+0700][gc,phases   ] GC(852)   Post Evacuate Collection Set: 2.4ms
[2024-12-18T20:51:06.979+0700][gc,phases   ] GC(852)   Other: 1.5ms
[2024-12-18T20:51:06.979+0700][gc,heap     ] GC(852) Eden regions: 45->0(45)
[2024-12-18T20:51:06.979+0700][gc,heap     ] GC(852) Survivor regions: 6->6(7)
[2024-12-18T20:51:06.979+0700][gc,heap     ] GC(852) Old regions: 675->677
[2024-12-18T20:51:06.979+0700][gc,heap     ] GC(852) Archive regions: 2->2
[2024-12-18T20:51:06.979+0700][gc,heap     ] GC(852) Humongous regions: 129->129
[2024-12-18T20:51:06.979+0700][gc,metaspace] GC(852) Metaspace: 45928K(46528K)->45928K(46528K) NonClass: 40683K(41024K)->40683K(41024K) Class: 5245K(5504K)->5245K(5504K)
[2024-12-18T20:51:06.979+0700][gc          ] GC(852) Pause Young (Normal) (G1 Evacuation Pause) 855M->812M(1024M) 51.657ms
[2024-12-18T20:51:06.980+0700][gc,cpu      ] GC(852) User=0.09s Sys=0.00s Real=0.05s
[2024-12-18T20:52:51.173+0700][gc,start    ] GC(853) Pause Young (Normal) (G1 Evacuation Pause)
[2024-12-18T20:52:51.173+0700][gc,task     ] GC(853) Using 2 workers of 2 for evacuation
[2024-12-18T20:52:51.218+0700][gc,mmu      ] GC(853) MMU target violated: 21.0ms (20.0ms/21.0ms)
[2024-12-18T20:52:51.218+0700][gc,phases   ] GC(853)   Pre Evacuate Collection Set: 1.7ms
[2024-12-18T20:52:51.218+0700][gc,phases   ] GC(853)   Merge Heap Roots: 0.6ms
[2024-12-18T20:52:51.218+0700][gc,phases   ] GC(853)   Evacuate Collection Set: 39.0ms
[2024-12-18T20:52:51.218+0700][gc,phases   ] GC(853)   Post Evacuate Collection Set: 2.7ms
[2024-12-18T20:52:51.218+0700][gc,phases   ] GC(853)   Other: 1.0ms
[2024-12-18T20:52:51.218+0700][gc,heap     ] GC(853) Eden regions: 45->0(46)
[2024-12-18T20:52:51.218+0700][gc,heap     ] GC(853) Survivor regions: 6->5(7)
[2024-12-18T20:52:51.218+0700][gc,heap     ] GC(853) Old regions: 677->681
[2024-12-18T20:52:51.218+0700][gc,heap     ] GC(853) Archive regions: 2->2
[2024-12-18T20:52:51.218+0700][gc,heap     ] GC(853) Humongous regions: 129->129
[2024-12-18T20:52:51.218+0700][gc,metaspace] GC(853) Metaspace: 45928K(46528K)->45928K(46528K) NonClass: 40683K(41024K)->40683K(41024K) Class: 5245K(5504K)->5245K(5504K)
[2024-12-18T20:52:51.218+0700][gc          ] GC(853) Pause Young (Normal) (G1 Evacuation Pause) 857M->815M(1024M) 44.962ms
[2024-12-18T20:52:51.218+0700][gc,cpu      ] GC(853) User=0.08s Sys=0.00s Real=0.05s
[2024-12-18T20:54:37.406+0700][gc,start    ] GC(854) Pause Young (Normal) (G1 Evacuation Pause)
[2024-12-18T20:54:37.407+0700][gc,task     ] GC(854) Using 2 workers of 2 for evacuation
[2024-12-18T20:54:37.439+0700][gc,mmu      ] GC(854) MMU target violated: 21.0ms (20.0ms/21.0ms)
[2024-12-18T20:54:37.439+0700][gc,phases   ] GC(854)   Pre Evacuate Collection Set: 2.8ms
[2024-12-18T20:54:37.439+0700][gc,phases   ] GC(854)   Merge Heap Roots: 2.4ms
[2024-12-18T20:54:37.439+0700][gc,phases   ] GC(854)   Evacuate Collection Set: 24.3ms
[2024-12-18T20:54:37.439+0700][gc,phases   ] GC(854)   Post Evacuate Collection Set: 2.0ms
[2024-12-18T20:54:37.439+0700][gc,phases   ] GC(854)   Other: 1.4ms
[2024-12-18T20:54:37.439+0700][gc,heap     ] GC(854) Eden regions: 46->0(48)
[2024-12-18T20:54:37.439+0700][gc,heap     ] GC(854) Survivor regions: 5->3(7)
[2024-12-18T20:54:37.439+0700][gc,heap     ] GC(854) Old regions: 681->683
[2024-12-18T20:54:37.439+0700][gc,heap     ] GC(854) Archive regions: 2->2
[2024-12-18T20:54:37.439+0700][gc,heap     ] GC(854) Humongous regions: 129->129
[2024-12-18T20:54:37.439+0700][gc,metaspace] GC(854) Metaspace: 45928K(46528K)->45928K(46528K) NonClass: 40683K(41024K)->40683K(41024K) Class: 5245K(5504K)->5245K(5504K)
[2024-12-18T20:54:37.439+0700][gc          ] GC(854) Pause Young (Normal) (G1 Evacuation Pause) 861M->815M(1024M) 32.909ms
[2024-12-18T20:54:37.439+0700][gc,cpu      ] GC(854) User=0.06s Sys=0.00s Real=0.03s
[2024-12-18T20:56:28.637+0700][gc,start    ] GC(855) Pause Young (Concurrent Start) (G1 Evacuation Pause)
[2024-12-18T20:56:28.637+0700][gc,task     ] GC(855) Using 2 workers of 2 for evacuation
[2024-12-18T20:56:28.677+0700][gc,mmu      ] GC(855) MMU target violated: 21.0ms (20.0ms/21.0ms)
[2024-12-18T20:56:28.678+0700][gc,phases   ] GC(855)   Pre Evacuate Collection Set: 3.1ms
[2024-12-18T20:56:28.678+0700][gc,phases   ] GC(855)   Merge Heap Roots: 0.6ms
[2024-12-18T20:56:28.678+0700][gc,phases   ] GC(855)   Evacuate Collection Set: 33.1ms
[2024-12-18T20:56:28.678+0700][gc,phases   ] GC(855)   Post Evacuate Collection Set: 2.7ms
[2024-12-18T20:56:28.678+0700][gc,phases   ] GC(855)   Other: 1.7ms
[2024-12-18T20:56:28.678+0700][gc,heap     ] GC(855) Eden regions: 48->0(45)
[2024-12-18T20:56:28.678+0700][gc,heap     ] GC(855) Survivor regions: 3->6(7)
[2024-12-18T20:56:28.678+0700][gc,heap     ] GC(855) Old regions: 683->683
[2024-12-18T20:56:28.678+0700][gc,heap     ] GC(855) Archive regions: 2->2
[2024-12-18T20:56:28.678+0700][gc,heap     ] GC(855) Humongous regions: 129->129
[2024-12-18T20:56:28.678+0700][gc,metaspace] GC(855) Metaspace: 45928K(46528K)->45928K(46528K) NonClass: 40683K(41024K)->40683K(41024K) Class: 5245K(5504K)->5245K(5504K)
[2024-12-18T20:56:28.678+0700][gc          ] GC(855) Pause Young (Concurrent Start) (G1 Evacuation Pause) 863M->818M(1024M) 41.683ms
[2024-12-18T20:56:28.678+0700][gc,cpu      ] GC(855) User=0.07s Sys=0.00s Real=0.04s
[2024-12-18T20:56:28.679+0700][gc          ] GC(856) Concurrent Mark Cycle
[2024-12-18T20:56:28.679+0700][gc,marking  ] GC(856) Concurrent Clear Claimed Marks
[2024-12-18T20:56:28.679+0700][gc,marking  ] GC(856) Concurrent Clear Claimed Marks 0.133ms
[2024-12-18T20:56:28.679+0700][gc,marking  ] GC(856) Concurrent Scan Root Regions
[2024-12-18T20:56:28.695+0700][gc,marking  ] GC(856) Concurrent Scan Root Regions 16.444ms
[2024-12-18T20:56:28.695+0700][gc,marking  ] GC(856) Concurrent Mark
[2024-12-18T20:56:28.695+0700][gc,marking  ] GC(856) Concurrent Mark From Roots
[2024-12-18T20:56:28.695+0700][gc,task     ] GC(856) Using 1 workers of 1 for marking
[2024-12-18T20:56:28.838+0700][gc,marking  ] GC(856) Concurrent Mark From Roots 142.301ms
[2024-12-18T20:56:28.838+0700][gc,marking  ] GC(856) Concurrent Preclean
[2024-12-18T20:56:28.838+0700][gc,marking  ] GC(856) Concurrent Preclean 0.447ms
[2024-12-18T20:56:28.839+0700][gc,start    ] GC(856) Pause Remark
[2024-12-18T20:56:28.888+0700][gc,mmu      ] GC(856) MMU target violated: 21.0ms (20.0ms/21.0ms)
[2024-12-18T20:56:28.888+0700][gc          ] GC(856) Pause Remark 819M->395M(1024M) 49.313ms
[2024-12-18T20:56:28.888+0700][gc,cpu      ] GC(856) User=0.09s Sys=0.00s Real=0.05s
[2024-12-18T20:56:28.888+0700][gc,marking  ] GC(856) Concurrent Mark 192.897ms
[2024-12-18T20:56:28.888+0700][gc,marking  ] GC(856) Concurrent Rebuild Remembered Sets
[2024-12-18T20:56:28.940+0700][gc,marking  ] GC(856) Concurrent Rebuild Remembered Sets 51.647ms
[2024-12-18T20:56:28.940+0700][gc,start    ] GC(856) Pause Cleanup
[2024-12-18T20:56:28.941+0700][gc          ] GC(856) Pause Cleanup 395M->395M(1024M) 0.790ms
[2024-12-18T20:56:28.941+0700][gc,cpu      ] GC(856) User=0.01s Sys=0.00s Real=0.00s
[2024-12-18T20:56:28.941+0700][gc,marking  ] GC(856) Concurrent Cleanup for Next Mark
[2024-12-18T20:56:28.970+0700][gc,marking  ] GC(856) Concurrent Cleanup for Next Mark 29.223ms
[2024-12-18T20:56:28.970+0700][gc          ] GC(856) Concurrent Mark Cycle 291.903ms
[2024-12-18T20:58:13.065+0700][gc,start    ] GC(857) Pause Young (Prepare Mixed) (G1 Evacuation Pause)
[2024-12-18T20:58:13.065+0700][gc,task     ] GC(857) Using 2 workers of 2 for evacuation
[2024-12-18T20:58:13.110+0700][gc,mmu      ] GC(857) MMU target violated: 21.0ms (20.0ms/21.0ms)
[2024-12-18T20:58:13.110+0700][gc,phases   ] GC(857)   Pre Evacuate Collection Set: 1.7ms
[2024-12-18T20:58:13.110+0700][gc,phases   ] GC(857)   Merge Heap Roots: 1.0ms
[2024-12-18T20:58:13.110+0700][gc,phases   ] GC(857)   Evacuate Collection Set: 38.3ms
[2024-12-18T20:58:13.110+0700][gc,phases   ] GC(857)   Post Evacuate Collection Set: 3.2ms
[2024-12-18T20:58:13.110+0700][gc,phases   ] GC(857)   Other: 1.3ms
[2024-12-18T20:58:13.110+0700][gc,heap     ] GC(857) Eden regions: 45->0(44)
[2024-12-18T20:58:13.110+0700][gc,heap     ] GC(857) Survivor regions: 6->7(7)
[2024-12-18T20:58:13.110+0700][gc,heap     ] GC(857) Old regions: 259->261
[2024-12-18T20:58:13.110+0700][gc,heap     ] GC(857) Archive regions: 2->2
[2024-12-18T20:58:13.110+0700][gc,heap     ] GC(857) Humongous regions: 129->129
[2024-12-18T20:58:13.110+0700][gc,metaspace] GC(857) Metaspace: 45928K(46528K)->45928K(46528K) NonClass: 40683K(41024K)->40683K(41024K) Class: 5245K(5504K)->5245K(5504K)
[2024-12-18T20:58:13.110+0700][gc          ] GC(857) Pause Young (Prepare Mixed) (G1 Evacuation Pause) 439M->397M(1024M) 45.517ms
[2024-12-18T20:58:13.111+0700][gc,cpu      ] GC(857) User=0.08s Sys=0.00s Real=0.04s
[2024-12-18T20:59:54.325+0700][gc,start    ] GC(858) Pause Young (Mixed) (G1 Evacuation Pause)
[2024-12-18T20:59:54.326+0700][gc,task     ] GC(858) Using 2 workers of 2 for evacuation
[2024-12-18T20:59:54.376+0700][gc,mmu      ] GC(858) MMU target violated: 21.0ms (20.0ms/21.0ms)
[2024-12-18T20:59:54.376+0700][gc,phases   ] GC(858)   Pre Evacuate Collection Set: 1.8ms
[2024-12-18T20:59:54.376+0700][gc,phases   ] GC(858)   Merge Heap Roots: 0.6ms
[2024-12-18T20:59:54.376+0700][gc,phases   ] GC(858)   Evacuate Collection Set: 44.5ms
[2024-12-18T20:59:54.376+0700][gc,phases   ] GC(858)   Post Evacuate Collection Set: 3.1ms
[2024-12-18T20:59:54.376+0700][gc,phases   ] GC(858)   Other: 1.2ms
[2024-12-18T20:59:54.376+0700][gc,heap     ] GC(858) Eden regions: 44->0(46)
[2024-12-18T20:59:54.376+0700][gc,heap     ] GC(858) Survivor regions: 7->5(7)
[2024-12-18T20:59:54.376+0700][gc,heap     ] GC(858) Old regions: 261->241
[2024-12-18T20:59:54.376+0700][gc,heap     ] GC(858) Archive regions: 2->2
[2024-12-18T20:59:54.376+0700][gc,heap     ] GC(858) Humongous regions: 129->129
[2024-12-18T20:59:54.376+0700][gc,metaspace] GC(858) Metaspace: 45928K(46528K)->45928K(46528K) NonClass: 40683K(41024K)->40683K(41024K) Class: 5245K(5504K)->5245K(5504K)
[2024-12-18T20:59:54.376+0700][gc          ] GC(858) Pause Young (Mixed) (G1 Evacuation Pause) 441M->375M(1024M) 51.126ms
[2024-12-18T20:59:54.376+0700][gc,cpu      ] GC(858) User=0.09s Sys=0.00s Real=0.05s
[2024-12-18T21:01:40.800+0700][gc,start    ] GC(859) Pause Young (Mixed) (G1 Evacuation Pause)
[2024-12-18T21:01:40.801+0700][gc,task     ] GC(859) Using 2 workers of 2 for evacuation
[2024-12-18T21:01:40.834+0700][gc,mmu      ] GC(859) MMU target violated: 21.0ms (20.0ms/21.0ms)
[2024-12-18T21:01:40.834+0700][gc,phases   ] GC(859)   Pre Evacuate Collection Set: 3.3ms
[2024-12-18T21:01:40.834+0700][gc,phases   ] GC(859)   Merge Heap Roots: 0.9ms
[2024-12-18T21:01:40.834+0700][gc,phases   ] GC(859)   Evacuate Collection Set: 26.6ms
[2024-12-18T21:01:40.834+0700][gc,phases   ] GC(859)   Post Evacuate Collection Set: 2.0ms
[2024-12-18T21:01:40.834+0700][gc,phases   ] GC(859)   Other: 1.1ms
[2024-12-18T21:01:40.834+0700][gc,heap     ] GC(859) Eden regions: 46->0(48)
[2024-12-18T21:01:40.834+0700][gc,heap     ] GC(859) Survivor regions: 5->3(7)
[2024-12-18T21:01:40.834+0700][gc,heap     ] GC(859) Old regions: 241->219
[2024-12-18T21:01:40.834+0700][gc,heap     ] GC(859) Archive regions: 2->2
[2024-12-18T21:01:40.834+0700][gc,heap     ] GC(859) Humongous regions: 129->129
[2024-12-18T21:01:40.834+0700][gc,metaspace] GC(859) Metaspace: 45928K(46528K)->45928K(46528K) NonClass: 40683K(41024K)->40683K(41024K) Class: 5245K(5504K)->5245K(5504K)
[2024-12-18T21:01:40.834+0700][gc          ] GC(859) Pause Young (Mixed) (G1 Evacuation Pause) 421M->351M(1024M) 34.001ms
[2024-12-18T21:01:40.834+0700][gc,cpu      ] GC(859) User=0.07s Sys=0.00s Real=0.04s
[2024-12-18T21:03:32.641+0700][gc,start    ] GC(860) Pause Young (Mixed) (G1 Evacuation Pause)
[2024-12-18T21:03:32.641+0700][gc,task     ] GC(860) Using 2 workers of 2 for evacuation
[2024-12-18T21:03:32.682+0700][gc,mmu      ] GC(860) MMU target violated: 21.0ms (20.0ms/21.0ms)
[2024-12-18T21:03:32.682+0700][gc,phases   ] GC(860)   Pre Evacuate Collection Set: 3.1ms
[2024-12-18T21:03:32.682+0700][gc,phases   ] GC(860)   Merge Heap Roots: 0.8ms
[2024-12-18T21:03:32.682+0700][gc,phases   ] GC(860)   Evacuate Collection Set: 33.4ms
[2024-12-18T21:03:32.682+0700][gc,phases   ] GC(860)   Post Evacuate Collection Set: 2.0ms
[2024-12-18T21:03:32.682+0700][gc,phases   ] GC(860)   Other: 1.7ms
[2024-12-18T21:03:32.682+0700][gc,heap     ] GC(860) Eden regions: 48->0(45)
[2024-12-18T21:03:32.682+0700][gc,heap     ] GC(860) Survivor regions: 3->6(7)
[2024-12-18T21:03:32.682+0700][gc,heap     ] GC(860) Old regions: 219->196
[2024-12-18T21:03:32.682+0700][gc,heap     ] GC(860) Archive regions: 2->2
[2024-12-18T21:03:32.682+0700][gc,heap     ] GC(860) Humongous regions: 129->129
[2024-12-18T21:03:32.682+0700][gc,metaspace] GC(860) Metaspace: 45928K(46528K)->45928K(46528K) NonClass: 40683K(41024K)->40683K(41024K) Class: 5245K(5504K)->5245K(5504K)
[2024-12-18T21:03:32.682+0700][gc          ] GC(860) Pause Young (Mixed) (G1 Evacuation Pause) 399M->330M(1024M) 41.172ms
[2024-12-18T21:03:32.682+0700][gc,cpu      ] GC(860) User=0.07s Sys=0.00s Real=0.05s
[2024-12-18T21:05:17.512+0700][gc,start    ] GC(861) Pause Young (Mixed) (G1 Evacuation Pause)
[2024-12-18T21:05:17.512+0700][gc,task     ] GC(861) Using 2 workers of 2 for evacuation
[2024-12-18T21:05:17.560+0700][gc,mmu      ] GC(861) MMU target violated: 21.0ms (20.0ms/21.0ms)
[2024-12-18T21:05:17.560+0700][gc,phases   ] GC(861)   Pre Evacuate Collection Set: 2.5ms
[2024-12-18T21:05:17.560+0700][gc,phases   ] GC(861)   Merge Heap Roots: 0.4ms
[2024-12-18T21:05:17.560+0700][gc,phases   ] GC(861)   Evacuate Collection Set: 42.5ms
[2024-12-18T21:05:17.560+0700][gc,phases   ] GC(861)   Post Evacuate Collection Set: 1.8ms
[2024-12-18T21:05:17.560+0700][gc,phases   ] GC(861)   Other: 0.9ms
[2024-12-18T21:05:17.560+0700][gc,heap     ] GC(861) Eden regions: 45->0(46)
[2024-12-18T21:05:17.560+0700][gc,heap     ] GC(861) Survivor regions: 6->5(7)
[2024-12-18T21:05:17.560+0700][gc,heap     ] GC(861) Old regions: 196->176
[2024-12-18T21:05:17.560+0700][gc,heap     ] GC(861) Archive regions: 2->2
[2024-12-18T21:05:17.560+0700][gc,heap     ] GC(861) Humongous regions: 129->129
[2024-12-18T21:05:17.560+0700][gc,metaspace] GC(861) Metaspace: 45928K(46528K)->45928K(46528K) NonClass: 40683K(41024K)->40683K(41024K) Class: 5245K(5504K)->5245K(5504K)
[2024-12-18T21:05:17.560+0700][gc          ] GC(861) Pause Young (Mixed) (G1 Evacuation Pause) 375M->309M(1024M) 48.220ms
[2024-12-18T21:05:17.560+0700][gc,cpu      ] GC(861) User=0.09s Sys=0.00s Real=0.05s
[2024-12-18T21:07:03.931+0700][gc,start    ] GC(862) Pause Young (Mixed) (G1 Evacuation Pause)
[2024-12-18T21:07:03.931+0700][gc,task     ] GC(862) Using 2 workers of 2 for evacuation
[2024-12-18T21:07:03.971+0700][gc,mmu      ] GC(862) MMU target violated: 21.0ms (20.0ms/21.0ms)
[2024-12-18T21:07:03.972+0700][gc,phases   ] GC(862)   Pre Evacuate Collection Set: 4.9ms
[2024-12-18T21:07:03.972+0700][gc,phases   ] GC(862)   Merge Heap Roots: 1.2ms
[2024-12-18T21:07:03.972+0700][gc,phases   ] GC(862)   Evacuate Collection Set: 29.9ms
[2024-12-18T21:07:03.972+0700][gc,phases   ] GC(862)   Post Evacuate Collection Set: 3.8ms
[2024-12-18T21:07:03.972+0700][gc,phases   ] GC(862)   Other: 1.2ms
[2024-12-18T21:07:03.972+0700][gc,heap     ] GC(862) Eden regions: 46->0(48)
[2024-12-18T21:07:03.972+0700][gc,heap     ] GC(862) Survivor regions: 5->3(7)
[2024-12-18T21:07:03.972+0700][gc,heap     ] GC(862) Old regions: 176->154
[2024-12-18T21:07:03.972+0700][gc,heap     ] GC(862) Archive regions: 2->2
[2024-12-18T21:07:03.972+0700][gc,heap     ] GC(862) Humongous regions: 129->129
[2024-12-18T21:07:03.972+0700][gc,metaspace] GC(862) Metaspace: 45928K(46528K)->45928K(46528K) NonClass: 40683K(41024K)->40683K(41024K) Class: 5245K(5504K)->5245K(5504K)
[2024-12-18T21:07:03.972+0700][gc          ] GC(862) Pause Young (Mixed) (G1 Evacuation Pause) 355M->286M(1024M) 41.118ms
[2024-12-18T21:07:03.972+0700][gc,cpu      ] GC(862) User=0.07s Sys=0.00s Real=0.04s
[2024-12-18T21:08:55.235+0700][gc,start    ] GC(863) Pause Young (Mixed) (G1 Evacuation Pause)
[2024-12-18T21:08:55.235+0700][gc,task     ] GC(863) Using 2 workers of 2 for evacuation
[2024-12-18T21:08:55.276+0700][gc,mmu      ] GC(863) MMU target violated: 21.0ms (20.0ms/21.0ms)
[2024-12-18T21:08:55.276+0700][gc,phases   ] GC(863)   Pre Evacuate Collection Set: 3.9ms
[2024-12-18T21:08:55.276+0700][gc,phases   ] GC(863)   Merge Heap Roots: 0.8ms
[2024-12-18T21:08:55.276+0700][gc,phases   ] GC(863)   Evacuate Collection Set: 32.3ms
[2024-12-18T21:08:55.277+0700][gc,phases   ] GC(863)   Post Evacuate Collection Set: 3.4ms
[2024-12-18T21:08:55.277+0700][gc,phases   ] GC(863)   Other: 1.2ms
[2024-12-18T21:08:55.277+0700][gc,heap     ] GC(863) Eden regions: 48->0(45)
[2024-12-18T21:08:55.277+0700][gc,heap     ] GC(863) Survivor regions: 3->6(7)
[2024-12-18T21:08:55.277+0700][gc,heap     ] GC(863) Old regions: 154->130
[2024-12-18T21:08:55.277+0700][gc,heap     ] GC(863) Archive regions: 2->2
[2024-12-18T21:08:55.277+0700][gc,heap     ] GC(863) Humongous regions: 129->129
[2024-12-18T21:08:55.277+0700][gc,metaspace] GC(863) Metaspace: 45928K(46528K)->45928K(46528K) NonClass: 40683K(41024K)->40683K(41024K) Class: 5245K(5504K)->5245K(5504K)
[2024-12-18T21:08:55.277+0700][gc          ] GC(863) Pause Young (Mixed) (G1 Evacuation Pause) 334M->265M(1024M) 41.743ms
[2024-12-18T21:08:55.277+0700][gc,cpu      ] GC(863) User=0.08s Sys=0.00s Real=0.04s
[2024-12-18T21:10:39.234+0700][gc,start    ] GC(864) Pause Young (Mixed) (G1 Evacuation Pause)
[2024-12-18T21:10:39.234+0700][gc,task     ] GC(864) Using 2 workers of 2 for evacuation
[2024-12-18T21:10:39.280+0700][gc,mmu      ] GC(864) MMU target violated: 21.0ms (20.0ms/21.0ms)
[2024-12-18T21:10:39.280+0700][gc,phases   ] GC(864)   Pre Evacuate Collection Set: 1.9ms
[2024-12-18T21:10:39.280+0700][gc,phases   ] GC(864)   Merge Heap Roots: 0.6ms
[2024-12-18T21:10:39.280+0700][gc,phases   ] GC(864)   Evacuate Collection Set: 40.7ms
[2024-12-18T21:10:39.280+0700][gc,phases   ] GC(864)   Post Evacuate Collection Set: 2.5ms
[2024-12-18T21:10:39.280+0700][gc,phases   ] GC(864)   Other: 0.9ms
[2024-12-18T21:10:39.280+0700][gc,heap     ] GC(864) Eden regions: 45->0(45)
[2024-12-18T21:10:39.280+0700][gc,heap     ] GC(864) Survivor regions: 6->6(7)
[2024-12-18T21:10:39.280+0700][gc,heap     ] GC(864) Old regions: 130->108
[2024-12-18T21:10:39.280+0700][gc,heap     ] GC(864) Archive regions: 2->2
[2024-12-18T21:10:39.280+0700][gc,heap     ] GC(864) Humongous regions: 129->129
[2024-12-18T21:10:39.280+0700][gc,metaspace] GC(864) Metaspace: 45928K(46528K)->45928K(46528K) NonClass: 40683K(41024K)->40683K(41024K) Class: 5245K(5504K)->5245K(5504K)
[2024-12-18T21:10:39.280+0700][gc          ] GC(864) Pause Young (Mixed) (G1 Evacuation Pause) 310M->243M(1024M) 46.771ms
[2024-12-18T21:10:39.280+0700][gc,cpu      ] GC(864) User=0.09s Sys=0.00s Real=0.05s
[2024-12-18T21:12:23.984+0700][gc,start    ] GC(865) Pause Young (Mixed) (G1 Evacuation Pause)
[2024-12-18T21:12:23.984+0700][gc,task     ] GC(865) Using 2 workers of 2 for evacuation
[2024-12-18T21:12:24.059+0700][gc,mmu      ] GC(865) MMU target violated: 21.0ms (20.0ms/21.0ms)
[2024-12-18T21:12:24.060+0700][gc,phases   ] GC(865)   Pre Evacuate Collection Set: 1.9ms
[2024-12-18T21:12:24.060+0700][gc,phases   ] GC(865)   Merge Heap Roots: 0.6ms
[2024-12-18T21:12:24.060+0700][gc,phases   ] GC(865)   Evacuate Collection Set: 70.2ms
[2024-12-18T21:12:24.060+0700][gc,phases   ] GC(865)   Post Evacuate Collection Set: 2.3ms
[2024-12-18T21:12:24.060+0700][gc,phases   ] GC(865)   Other: 1.2ms
[2024-12-18T21:12:24.060+0700][gc,heap     ] GC(865) Eden regions: 45->0(46)
[2024-12-18T21:12:24.060+0700][gc,heap     ] GC(865) Survivor regions: 6->5(7)
[2024-12-18T21:12:24.060+0700][gc,heap     ] GC(865) Old regions: 108->91
[2024-12-18T21:12:24.060+0700][gc,heap     ] GC(865) Archive regions: 2->2
[2024-12-18T21:12:24.060+0700][gc,heap     ] GC(865) Humongous regions: 129->129
[2024-12-18T21:12:24.060+0700][gc,metaspace] GC(865) Metaspace: 45928K(46528K)->45928K(46528K) NonClass: 40683K(41024K)->40683K(41024K) Class: 5245K(5504K)->5245K(5504K)
[2024-12-18T21:12:24.060+0700][gc          ] GC(865) Pause Young (Mixed) (G1 Evacuation Pause) 288M->225M(1024M) 76.452ms
[2024-12-18T21:12:24.060+0700][gc,cpu      ] GC(865) User=0.15s Sys=0.00s Real=0.07s
[2024-12-18T21:14:05.831+0700][gc,start    ] GC(866) Pause Young (Normal) (G1 Evacuation Pause)
[2024-12-18T21:14:05.832+0700][gc,task     ] GC(866) Using 2 workers of 2 for evacuation
[2024-12-18T21:14:05.876+0700][gc,mmu      ] GC(866) MMU target violated: 21.0ms (20.0ms/21.0ms)
[2024-12-18T21:14:05.876+0700][gc,phases   ] GC(866)   Pre Evacuate Collection Set: 4.1ms
[2024-12-18T21:14:05.876+0700][gc,phases   ] GC(866)   Merge Heap Roots: 0.7ms
[2024-12-18T21:14:05.876+0700][gc,phases   ] GC(866)   Evacuate Collection Set: 35.6ms
[2024-12-18T21:14:05.876+0700][gc,phases   ] GC(866)   Post Evacuate Collection Set: 2.0ms
[2024-12-18T21:14:05.876+0700][gc,phases   ] GC(866)   Other: 3.2ms
[2024-12-18T21:14:05.876+0700][gc,heap     ] GC(866) Eden regions: 46->0(47)
[2024-12-18T21:14:05.876+0700][gc,heap     ] GC(866) Survivor regions: 5->4(7)
[2024-12-18T21:14:05.876+0700][gc,heap     ] GC(866) Old regions: 91->93
[2024-12-18T21:14:05.876+0700][gc,heap     ] GC(866) Archive regions: 2->2
[2024-12-18T21:14:05.876+0700][gc,heap     ] GC(866) Humongous regions: 129->129
[2024-12-18T21:14:05.876+0700][gc,metaspace] GC(866) Metaspace: 45928K(46528K)->45928K(46528K) NonClass: 40683K(41024K)->40683K(41024K) Class: 5245K(5504K)->5245K(5504K)
[2024-12-18T21:14:05.877+0700][gc          ] GC(866) Pause Young (Normal) (G1 Evacuation Pause) 271M->226M(1024M) 45.633ms
[2024-12-18T21:14:05.877+0700][gc,cpu      ] GC(866) User=0.08s Sys=0.00s Real=0.05s
[2024-12-18T21:15:53.337+0700][gc,start    ] GC(867) Pause Young (Normal) (G1 Evacuation Pause)
[2024-12-18T21:15:53.338+0700][gc,task     ] GC(867) Using 2 workers of 2 for evacuation
[2024-12-18T21:15:53.379+0700][gc,mmu      ] GC(867) MMU target violated: 21.0ms (20.0ms/21.0ms)
[2024-12-18T21:15:53.379+0700][gc,phases   ] GC(867)   Pre Evacuate Collection Set: 2.8ms
[2024-12-18T21:15:53.379+0700][gc,phases   ] GC(867)   Merge Heap Roots: 0.8ms
[2024-12-18T21:15:53.379+0700][gc,phases   ] GC(867)   Evacuate Collection Set: 32.9ms
[2024-12-18T21:15:53.379+0700][gc,phases   ] GC(867)   Post Evacuate Collection Set: 4.6ms
[2024-12-18T21:15:53.379+0700][gc,phases   ] GC(867)   Other: 1.4ms
[2024-12-18T21:15:53.380+0700][gc,heap     ] GC(867) Eden regions: 47->0(48)
[2024-12-18T21:15:53.380+0700][gc,heap     ] GC(867) Survivor regions: 4->3(7)
[2024-12-18T21:15:53.380+0700][gc,heap     ] GC(867) Old regions: 93->96
[2024-12-18T21:15:53.380+0700][gc,heap     ] GC(867) Archive regions: 2->2
[2024-12-18T21:15:53.380+0700][gc,heap     ] GC(867) Humongous regions: 129->129
[2024-12-18T21:15:53.380+0700][gc,metaspace] GC(867) Metaspace: 45928K(46528K)->45928K(46528K) NonClass: 40683K(41024K)->40683K(41024K) Class: 5245K(5504K)->5245K(5504K)
[2024-12-18T21:15:53.380+0700][gc          ] GC(867) Pause Young (Normal) (G1 Evacuation Pause) 273M->228M(1024M) 42.505ms
[2024-12-18T21:15:53.380+0700][gc,cpu      ] GC(867) User=0.08s Sys=0.00s Real=0.04s
[2024-12-18T21:17:44.475+0700][gc,start    ] GC(868) Pause Young (Normal) (G1 Evacuation Pause)
[2024-12-18T21:17:44.475+0700][gc,task     ] GC(868) Using 2 workers of 2 for evacuation
[2024-12-18T21:17:44.520+0700][gc,mmu      ] GC(868) MMU target violated: 21.0ms (20.0ms/21.0ms)
[2024-12-18T21:17:44.520+0700][gc,phases   ] GC(868)   Pre Evacuate Collection Set: 2.8ms
[2024-12-18T21:17:44.520+0700][gc,phases   ] GC(868)   Merge Heap Roots: 0.9ms
[2024-12-18T21:17:44.520+0700][gc,phases   ] GC(868)   Evacuate Collection Set: 37.5ms
[2024-12-18T21:17:44.520+0700][gc,phases   ] GC(868)   Post Evacuate Collection Set: 2.9ms
[2024-12-18T21:17:44.520+0700][gc,phases   ] GC(868)   Other: 1.5ms
[2024-12-18T21:17:44.520+0700][gc,heap     ] GC(868) Eden regions: 48->0(45)
[2024-12-18T21:17:44.520+0700][gc,heap     ] GC(868) Survivor regions: 3->6(7)
[2024-12-18T21:17:44.520+0700][gc,heap     ] GC(868) Old regions: 96->96
[2024-12-18T21:17:44.520+0700][gc,heap     ] GC(868) Archive regions: 2->2
[2024-12-18T21:17:44.520+0700][gc,heap     ] GC(868) Humongous regions: 129->129
[2024-12-18T21:17:44.520+0700][gc,metaspace] GC(868) Metaspace: 45928K(46528K)->45928K(46528K) NonClass: 40683K(41024K)->40683K(41024K) Class: 5245K(5504K)->5245K(5504K)
[2024-12-18T21:17:44.521+0700][gc          ] GC(868) Pause Young (Normal) (G1 Evacuation Pause) 276M->231M(1024M) 45.490ms
[2024-12-18T21:17:44.521+0700][gc,cpu      ] GC(868) User=0.08s Sys=0.00s Real=0.04s
[2024-12-18T21:19:28.586+0700][gc,start    ] GC(869) Pause Young (Normal) (G1 Evacuation Pause)
[2024-12-18T21:19:28.586+0700][gc,task     ] GC(869) Using 2 workers of 2 for evacuation
[2024-12-18T21:19:28.635+0700][gc,mmu      ] GC(869) MMU target violated: 21.0ms (20.0ms/21.0ms)
[2024-12-18T21:19:28.635+0700][gc,phases   ] GC(869)   Pre Evacuate Collection Set: 3.3ms
[2024-12-18T21:19:28.635+0700][gc,phases   ] GC(869)   Merge Heap Roots: 0.7ms
[2024-12-18T21:19:28.635+0700][gc,phases   ] GC(869)   Evacuate Collection Set: 41.3ms
[2024-12-18T21:19:28.635+0700][gc,phases   ] GC(869)   Post Evacuate Collection Set: 2.2ms
[2024-12-18T21:19:28.635+0700][gc,phases   ] GC(869)   Other: 1.5ms
[2024-12-18T21:19:28.635+0700][gc,heap     ] GC(869) Eden regions: 45->0(46)
[2024-12-18T21:19:28.635+0700][gc,heap     ] GC(869) Survivor regions: 6->5(7)
[2024-12-18T21:19:28.635+0700][gc,heap     ] GC(869) Old regions: 96->99
[2024-12-18T21:19:28.635+0700][gc,heap     ] GC(869) Archive regions: 2->2
[2024-12-18T21:19:28.635+0700][gc,heap     ] GC(869) Humongous regions: 129->129
[2024-12-18T21:19:28.635+0700][gc,metaspace] GC(869) Metaspace: 45928K(46528K)->45928K(46528K) NonClass: 40683K(41024K)->40683K(41024K) Class: 5245K(5504K)->5245K(5504K)
[2024-12-18T21:19:28.635+0700][gc          ] GC(869) Pause Young (Normal) (G1 Evacuation Pause) 276M->233M(1024M) 48.995ms
[2024-12-18T21:19:28.635+0700][gc,cpu      ] GC(869) User=0.08s Sys=0.00s Real=0.05s
[2024-12-18T21:21:15.738+0700][gc,start    ] GC(870) Pause Young (Normal) (G1 Evacuation Pause)
[2024-12-18T21:21:15.740+0700][gc,task     ] GC(870) Using 2 workers of 2 for evacuation
[2024-12-18T21:21:15.827+0700][gc,mmu      ] GC(870) MMU target violated: 21.0ms (20.0ms/21.0ms)
[2024-12-18T21:21:15.828+0700][gc,phases   ] GC(870)   Pre Evacuate Collection Set: 6.0ms
[2024-12-18T21:21:15.828+0700][gc,phases   ] GC(870)   Merge Heap Roots: 1.4ms
[2024-12-18T21:21:15.828+0700][gc,phases   ] GC(870)   Evacuate Collection Set: 72.1ms
[2024-12-18T21:21:15.828+0700][gc,phases   ] GC(870)   Post Evacuate Collection Set: 6.2ms
[2024-12-18T21:21:15.828+0700][gc,phases   ] GC(870)   Other: 3.8ms
[2024-12-18T21:21:15.828+0700][gc,heap     ] GC(870) Eden regions: 46->0(47)
[2024-12-18T21:21:15.828+0700][gc,heap     ] GC(870) Survivor regions: 5->4(7)
[2024-12-18T21:21:15.828+0700][gc,heap     ] GC(870) Old regions: 99->101
[2024-12-18T21:21:15.828+0700][gc,heap     ] GC(870) Archive regions: 2->2
[2024-12-18T21:21:15.828+0700][gc,heap     ] GC(870) Humongous regions: 129->129
[2024-12-18T21:21:15.828+0700][gc,metaspace] GC(870) Metaspace: 45928K(46528K)->45928K(46528K) NonClass: 40683K(41024K)->40683K(41024K) Class: 5245K(5504K)->5245K(5504K)
[2024-12-18T21:21:15.828+0700][gc          ] GC(870) Pause Young (Normal) (G1 Evacuation Pause) 279M->234M(1024M) 89.658ms
[2024-12-18T21:21:15.828+0700][gc,cpu      ] GC(870) User=0.15s Sys=0.00s Real=0.09s
[2024-12-18T21:23:04.266+0700][gc,start    ] GC(871) Pause Young (Normal) (G1 Evacuation Pause)
[2024-12-18T21:23:04.266+0700][gc,task     ] GC(871) Using 2 workers of 2 for evacuation
[2024-12-18T21:23:04.320+0700][gc,mmu      ] GC(871) MMU target violated: 21.0ms (20.0ms/21.0ms)
[2024-12-18T21:23:04.320+0700][gc,phases   ] GC(871)   Pre Evacuate Collection Set: 2.2ms
[2024-12-18T21:23:04.321+0700][gc,phases   ] GC(871)   Merge Heap Roots: 1.2ms
[2024-12-18T21:23:04.321+0700][gc,phases   ] GC(871)   Evacuate Collection Set: 47.8ms
[2024-12-18T21:23:04.321+0700][gc,phases   ] GC(871)   Post Evacuate Collection Set: 2.6ms
[2024-12-18T21:23:04.321+0700][gc,phases   ] GC(871)   Other: 1.4ms
[2024-12-18T21:23:04.321+0700][gc,heap     ] GC(871) Eden regions: 47->0(45)
[2024-12-18T21:23:04.321+0700][gc,heap     ] GC(871) Survivor regions: 4->6(7)
[2024-12-18T21:23:04.321+0700][gc,heap     ] GC(871) Old regions: 101->101
[2024-12-18T21:23:04.321+0700][gc,heap     ] GC(871) Archive regions: 2->2
[2024-12-18T21:23:04.321+0700][gc,heap     ] GC(871) Humongous regions: 129->129
[2024-12-18T21:23:04.321+0700][gc,metaspace] GC(871) Metaspace: 45928K(46528K)->45928K(46528K) NonClass: 40683K(41024K)->40683K(41024K) Class: 5245K(5504K)->5245K(5504K)
[2024-12-18T21:23:04.321+0700][gc          ] GC(871) Pause Young (Normal) (G1 Evacuation Pause) 281M->236M(1024M) 55.102ms
[2024-12-18T21:23:04.321+0700][gc,cpu      ] GC(871) User=0.10s Sys=0.00s Real=0.05s
[2024-12-18T21:24:48.249+0700][gc,start    ] GC(872) Pause Young (Normal) (G1 Evacuation Pause)
[2024-12-18T21:24:48.250+0700][gc,task     ] GC(872) Using 2 workers of 2 for evacuation
[2024-12-18T21:24:48.297+0700][gc,mmu      ] GC(872) MMU target violated: 21.0ms (20.0ms/21.0ms)
[2024-12-18T21:24:48.298+0700][gc,phases   ] GC(872)   Pre Evacuate Collection Set: 3.6ms
[2024-12-18T21:24:48.298+0700][gc,phases   ] GC(872)   Merge Heap Roots: 0.6ms
[2024-12-18T21:24:48.298+0700][gc,phases   ] GC(872)   Evacuate Collection Set: 40.8ms
[2024-12-18T21:24:48.298+0700][gc,phases   ] GC(872)   Post Evacuate Collection Set: 2.3ms
[2024-12-18T21:24:48.298+0700][gc,phases   ] GC(872)   Other: 1.2ms
[2024-12-18T21:24:48.298+0700][gc,heap     ] GC(872) Eden regions: 45->0(46)
[2024-12-18T21:24:48.298+0700][gc,heap     ] GC(872) Survivor regions: 6->5(7)
[2024-12-18T21:24:48.298+0700][gc,heap     ] GC(872) Old regions: 101->106
[2024-12-18T21:24:48.298+0700][gc,heap     ] GC(872) Archive regions: 2->2
[2024-12-18T21:24:48.298+0700][gc,heap     ] GC(872) Humongous regions: 129->129
[2024-12-18T21:24:48.298+0700][gc,metaspace] GC(872) Metaspace: 45928K(46528K)->45928K(46528K) NonClass: 40683K(41024K)->40683K(41024K) Class: 5245K(5504K)->5245K(5504K)
[2024-12-18T21:24:48.298+0700][gc          ] GC(872) Pause Young (Normal) (G1 Evacuation Pause) 281M->239M(1024M) 48.553ms
[2024-12-18T21:24:48.298+0700][gc,cpu      ] GC(872) User=0.10s Sys=0.00s Real=0.05s
[2024-12-18T21:26:35.186+0700][gc,start    ] GC(873) Pause Young (Normal) (G1 Evacuation Pause)
[2024-12-18T21:26:35.187+0700][gc,task     ] GC(873) Using 2 workers of 2 for evacuation
[2024-12-18T21:26:35.217+0700][gc,mmu      ] GC(873) MMU target violated: 21.0ms (20.0ms/21.0ms)
[2024-12-18T21:26:35.218+0700][gc,phases   ] GC(873)   Pre Evacuate Collection Set: 2.1ms
[2024-12-18T21:26:35.218+0700][gc,phases   ] GC(873)   Merge Heap Roots: 0.7ms
[2024-12-18T21:26:35.218+0700][gc,phases   ] GC(873)   Evacuate Collection Set: 25.3ms
[2024-12-18T21:26:35.218+0700][gc,phases   ] GC(873)   Post Evacuate Collection Set: 2.3ms
[2024-12-18T21:26:35.218+0700][gc,phases   ] GC(873)   Other: 1.0ms
[2024-12-18T21:26:35.218+0700][gc,heap     ] GC(873) Eden regions: 46->0(48)
[2024-12-18T21:26:35.218+0700][gc,heap     ] GC(873) Survivor regions: 5->3(7)
[2024-12-18T21:26:35.218+0700][gc,heap     ] GC(873) Old regions: 106->108
[2024-12-18T21:26:35.218+0700][gc,heap     ] GC(873) Archive regions: 2->2
[2024-12-18T21:26:35.218+0700][gc,heap     ] GC(873) Humongous regions: 129->129
[2024-12-18T21:26:35.218+0700][gc,metaspace] GC(873) Metaspace: 45928K(46528K)->45928K(46528K) NonClass: 40683K(41024K)->40683K(41024K) Class: 5245K(5504K)->5245K(5504K)
[2024-12-18T21:26:35.218+0700][gc          ] GC(873) Pause Young (Normal) (G1 Evacuation Pause) 285M->240M(1024M) 31.647ms
[2024-12-18T21:26:35.218+0700][gc,cpu      ] GC(873) User=0.06s Sys=0.00s Real=0.03s
[2024-12-18T21:28:25.316+0700][gc,start    ] GC(874) Pause Young (Normal) (G1 Evacuation Pause)
[2024-12-18T21:28:25.316+0700][gc,task     ] GC(874) Using 2 workers of 2 for evacuation
[2024-12-18T21:28:25.352+0700][gc,mmu      ] GC(874) MMU target violated: 21.0ms (20.0ms/21.0ms)
[2024-12-18T21:28:25.353+0700][gc,phases   ] GC(874)   Pre Evacuate Collection Set: 2.4ms
[2024-12-18T21:28:25.353+0700][gc,phases   ] GC(874)   Merge Heap Roots: 1.0ms
[2024-12-18T21:28:25.353+0700][gc,phases   ] GC(874)   Evacuate Collection Set: 29.8ms
[2024-12-18T21:28:25.353+0700][gc,phases   ] GC(874)   Post Evacuate Collection Set: 2.6ms
[2024-12-18T21:28:25.353+0700][gc,phases   ] GC(874)   Other: 1.6ms
[2024-12-18T21:28:25.353+0700][gc,heap     ] GC(874) Eden regions: 48->0(45)
[2024-12-18T21:28:25.353+0700][gc,heap     ] GC(874) Survivor regions: 3->6(7)
[2024-12-18T21:28:25.353+0700][gc,heap     ] GC(874) Old regions: 108->108
[2024-12-18T21:28:25.353+0700][gc,heap     ] GC(874) Archive regions: 2->2
[2024-12-18T21:28:25.353+0700][gc,heap     ] GC(874) Humongous regions: 129->129
[2024-12-18T21:28:25.353+0700][gc,metaspace] GC(874) Metaspace: 45928K(46528K)->45928K(46528K) NonClass: 40683K(41024K)->40683K(41024K) Class: 5245K(5504K)->5245K(5504K)
[2024-12-18T21:28:25.353+0700][gc          ] GC(874) Pause Young (Normal) (G1 Evacuation Pause) 288M->242M(1024M) 37.401ms
[2024-12-18T21:28:25.353+0700][gc,cpu      ] GC(874) User=0.07s Sys=0.00s Real=0.03s
[2024-12-18T21:30:09.445+0700][gc,start    ] GC(875) Pause Young (Normal) (G1 Evacuation Pause)
[2024-12-18T21:30:09.446+0700][gc,task     ] GC(875) Using 2 workers of 2 for evacuation
[2024-12-18T21:30:09.487+0700][gc,mmu      ] GC(875) MMU target violated: 21.0ms (20.0ms/21.0ms)
[2024-12-18T21:30:09.487+0700][gc,phases   ] GC(875)   Pre Evacuate Collection Set: 2.8ms
[2024-12-18T21:30:09.487+0700][gc,phases   ] GC(875)   Merge Heap Roots: 0.7ms
[2024-12-18T21:30:09.487+0700][gc,phases   ] GC(875)   Evacuate Collection Set: 34.6ms
[2024-12-18T21:30:09.487+0700][gc,phases   ] GC(875)   Post Evacuate Collection Set: 3.0ms
[2024-12-18T21:30:09.488+0700][gc,phases   ] GC(875)   Other: 1.0ms
[2024-12-18T21:30:09.488+0700][gc,heap     ] GC(875) Eden regions: 45->0(45)
[2024-12-18T21:30:09.488+0700][gc,heap     ] GC(875) Survivor regions: 6->6(7)
[2024-12-18T21:30:09.488+0700][gc,heap     ] GC(875) Old regions: 108->110
[2024-12-18T21:30:09.488+0700][gc,heap     ] GC(875) Archive regions: 2->2
[2024-12-18T21:30:09.488+0700][gc,heap     ] GC(875) Humongous regions: 129->129
[2024-12-18T21:30:09.488+0700][gc,metaspace] GC(875) Metaspace: 45928K(46528K)->45928K(46528K) NonClass: 40683K(41024K)->40683K(41024K) Class: 5245K(5504K)->5245K(5504K)
[2024-12-18T21:30:09.488+0700][gc          ] GC(875) Pause Young (Normal) (G1 Evacuation Pause) 287M->245M(1024M) 42.294ms
[2024-12-18T21:30:09.488+0700][gc,cpu      ] GC(875) User=0.07s Sys=0.00s Real=0.04s
[2024-12-18T21:31:53.911+0700][gc,start    ] GC(876) Pause Young (Normal) (G1 Evacuation Pause)
[2024-12-18T21:31:53.911+0700][gc,task     ] GC(876) Using 2 workers of 2 for evacuation
[2024-12-18T21:31:53.963+0700][gc,mmu      ] GC(876) MMU target violated: 21.0ms (20.0ms/21.0ms)
[2024-12-18T21:31:53.963+0700][gc,phases   ] GC(876)   Pre Evacuate Collection Set: 2.8ms
[2024-12-18T21:31:53.963+0700][gc,phases   ] GC(876)   Merge Heap Roots: 0.8ms
[2024-12-18T21:31:53.963+0700][gc,phases   ] GC(876)   Evacuate Collection Set: 45.7ms
[2024-12-18T21:31:53.963+0700][gc,phases   ] GC(876)   Post Evacuate Collection Set: 2.0ms
[2024-12-18T21:31:53.963+0700][gc,phases   ] GC(876)   Other: 1.2ms
[2024-12-18T21:31:53.963+0700][gc,heap     ] GC(876) Eden regions: 45->0(46)
[2024-12-18T21:31:53.963+0700][gc,heap     ] GC(876) Survivor regions: 6->5(7)
[2024-12-18T21:31:53.963+0700][gc,heap     ] GC(876) Old regions: 110->114
[2024-12-18T21:31:53.963+0700][gc,heap     ] GC(876) Archive regions: 2->2
[2024-12-18T21:31:53.963+0700][gc,heap     ] GC(876) Humongous regions: 129->129
[2024-12-18T21:31:53.963+0700][gc,metaspace] GC(876) Metaspace: 45928K(46528K)->45928K(46528K) NonClass: 40683K(41024K)->40683K(41024K) Class: 5245K(5504K)->5245K(5504K)
[2024-12-18T21:31:53.963+0700][gc          ] GC(876) Pause Young (Normal) (G1 Evacuation Pause) 290M->248M(1024M) 52.457ms
[2024-12-18T21:31:53.963+0700][gc,cpu      ] GC(876) User=0.10s Sys=0.00s Real=0.06s
[2024-12-18T21:33:39.734+0700][gc,start    ] GC(877) Pause Young (Normal) (G1 Evacuation Pause)
[2024-12-18T21:33:39.734+0700][gc,task     ] GC(877) Using 2 workers of 2 for evacuation
[2024-12-18T21:33:39.768+0700][gc,mmu      ] GC(877) MMU target violated: 21.0ms (20.0ms/21.0ms)
[2024-12-18T21:33:39.769+0700][gc,phases   ] GC(877)   Pre Evacuate Collection Set: 1.7ms
[2024-12-18T21:33:39.769+0700][gc,phases   ] GC(877)   Merge Heap Roots: 0.5ms
[2024-12-18T21:33:39.769+0700][gc,phases   ] GC(877)   Evacuate Collection Set: 28.6ms
[2024-12-18T21:33:39.769+0700][gc,phases   ] GC(877)   Post Evacuate Collection Set: 3.0ms
[2024-12-18T21:33:39.769+0700][gc,phases   ] GC(877)   Other: 1.2ms
[2024-12-18T21:33:39.769+0700][gc,heap     ] GC(877) Eden regions: 46->0(48)
[2024-12-18T21:33:39.769+0700][gc,heap     ] GC(877) Survivor regions: 5->3(7)
[2024-12-18T21:33:39.769+0700][gc,heap     ] GC(877) Old regions: 114->116
[2024-12-18T21:33:39.769+0700][gc,heap     ] GC(877) Archive regions: 2->2
[2024-12-18T21:33:39.769+0700][gc,heap     ] GC(877) Humongous regions: 129->129
[2024-12-18T21:33:39.769+0700][gc,metaspace] GC(877) Metaspace: 45928K(46528K)->45928K(46528K) NonClass: 40683K(41024K)->40683K(41024K) Class: 5245K(5504K)->5245K(5504K)
[2024-12-18T21:33:39.769+0700][gc          ] GC(877) Pause Young (Normal) (G1 Evacuation Pause) 294M->248M(1024M) 35.054ms
[2024-12-18T21:33:39.769+0700][gc,cpu      ] GC(877) User=0.07s Sys=0.00s Real=0.04s
[2024-12-18T21:35:31.473+0700][gc,start    ] GC(878) Pause Young (Normal) (G1 Evacuation Pause)
[2024-12-18T21:35:31.473+0700][gc,task     ] GC(878) Using 2 workers of 2 for evacuation
[2024-12-18T21:35:31.511+0700][gc,mmu      ] GC(878) MMU target violated: 21.0ms (20.0ms/21.0ms)
[2024-12-18T21:35:31.512+0700][gc,phases   ] GC(878)   Pre Evacuate Collection Set: 1.8ms
[2024-12-18T21:35:31.512+0700][gc,phases   ] GC(878)   Merge Heap Roots: 0.9ms
[2024-12-18T21:35:31.512+0700][gc,phases   ] GC(878)   Evacuate Collection Set: 33.0ms
[2024-12-18T21:35:31.512+0700][gc,phases   ] GC(878)   Post Evacuate Collection Set: 2.5ms
[2024-12-18T21:35:31.512+0700][gc,phases   ] GC(878)   Other: 1.0ms
[2024-12-18T21:35:31.512+0700][gc,heap     ] GC(878) Eden regions: 48->0(45)
[2024-12-18T21:35:31.512+0700][gc,heap     ] GC(878) Survivor regions: 3->6(7)
[2024-12-18T21:35:31.512+0700][gc,heap     ] GC(878) Old regions: 116->116
[2024-12-18T21:35:31.512+0700][gc,heap     ] GC(878) Archive regions: 2->2
[2024-12-18T21:35:31.512+0700][gc,heap     ] GC(878) Humongous regions: 129->129
[2024-12-18T21:35:31.512+0700][gc,metaspace] GC(878) Metaspace: 45928K(46528K)->45928K(46528K) NonClass: 40683K(41024K)->40683K(41024K) Class: 5245K(5504K)->5245K(5504K)
[2024-12-18T21:35:31.512+0700][gc          ] GC(878) Pause Young (Normal) (G1 Evacuation Pause) 296M->251M(1024M) 39.271ms
[2024-12-18T21:35:31.512+0700][gc,cpu      ] GC(878) User=0.08s Sys=0.00s Real=0.04s
[2024-12-18T21:37:16.179+0700][gc,start    ] GC(879) Pause Young (Normal) (G1 Evacuation Pause)
[2024-12-18T21:37:16.179+0700][gc,task     ] GC(879) Using 2 workers of 2 for evacuation
[2024-12-18T21:37:16.229+0700][gc,mmu      ] GC(879) MMU target violated: 21.0ms (20.0ms/21.0ms)
[2024-12-18T21:37:16.229+0700][gc,phases   ] GC(879)   Pre Evacuate Collection Set: 1.8ms
[2024-12-18T21:37:16.229+0700][gc,phases   ] GC(879)   Merge Heap Roots: 0.8ms
[2024-12-18T21:37:16.229+0700][gc,phases   ] GC(879)   Evacuate Collection Set: 43.4ms
[2024-12-18T21:37:16.229+0700][gc,phases   ] GC(879)   Post Evacuate Collection Set: 3.0ms
[2024-12-18T21:37:16.229+0700][gc,phases   ] GC(879)   Other: 1.2ms
[2024-12-18T21:37:16.229+0700][gc,heap     ] GC(879) Eden regions: 45->0(44)
[2024-12-18T21:37:16.229+0700][gc,heap     ] GC(879) Survivor regions: 6->7(7)
[2024-12-18T21:37:16.229+0700][gc,heap     ] GC(879) Old regions: 116->118
[2024-12-18T21:37:16.229+0700][gc,heap     ] GC(879) Archive regions: 2->2
[2024-12-18T21:37:16.229+0700][gc,heap     ] GC(879) Humongous regions: 129->129
[2024-12-18T21:37:16.229+0700][gc,metaspace] GC(879) Metaspace: 45928K(46528K)->45928K(46528K) NonClass: 40683K(41024K)->40683K(41024K) Class: 5245K(5504K)->5245K(5504K)
[2024-12-18T21:37:16.229+0700][gc          ] GC(879) Pause Young (Normal) (G1 Evacuation Pause) 296M->253M(1024M) 50.153ms
[2024-12-18T21:37:16.229+0700][gc,cpu      ] GC(879) User=0.10s Sys=0.00s Real=0.05s
[2024-12-18T21:38:58.171+0700][gc,start    ] GC(880) Pause Young (Normal) (G1 Evacuation Pause)
[2024-12-18T21:38:58.172+0700][gc,task     ] GC(880) Using 2 workers of 2 for evacuation
[2024-12-18T21:38:58.230+0700][gc,mmu      ] GC(880) MMU target violated: 21.0ms (20.0ms/21.0ms)
[2024-12-18T21:38:58.230+0700][gc,phases   ] GC(880)   Pre Evacuate Collection Set: 4.0ms
[2024-12-18T21:38:58.230+0700][gc,phases   ] GC(880)   Merge Heap Roots: 0.6ms
[2024-12-18T21:38:58.230+0700][gc,phases   ] GC(880)   Evacuate Collection Set: 50.9ms
[2024-12-18T21:38:58.230+0700][gc,phases   ] GC(880)   Post Evacuate Collection Set: 2.0ms
[2024-12-18T21:38:58.230+0700][gc,phases   ] GC(880)   Other: 2.1ms
[2024-12-18T21:38:58.230+0700][gc,heap     ] GC(880) Eden regions: 44->0(46)
[2024-12-18T21:38:58.230+0700][gc,heap     ] GC(880) Survivor regions: 7->5(7)
[2024-12-18T21:38:58.230+0700][gc,heap     ] GC(880) Old regions: 118->122
[2024-12-18T21:38:58.230+0700][gc,heap     ] GC(880) Archive regions: 2->2
[2024-12-18T21:38:58.230+0700][gc,heap     ] GC(880) Humongous regions: 129->129
[2024-12-18T21:38:58.230+0700][gc,metaspace] GC(880) Metaspace: 45928K(46528K)->45928K(46528K) NonClass: 40683K(41024K)->40683K(41024K) Class: 5245K(5504K)->5245K(5504K)
[2024-12-18T21:38:58.230+0700][gc          ] GC(880) Pause Young (Normal) (G1 Evacuation Pause) 297M->256M(1024M) 59.733ms
[2024-12-18T21:38:58.230+0700][gc,cpu      ] GC(880) User=0.11s Sys=0.00s Real=0.06s
[2024-12-18T21:40:44.554+0700][gc,start    ] GC(881) Pause Young (Normal) (G1 Evacuation Pause)
[2024-12-18T21:40:44.554+0700][gc,task     ] GC(881) Using 2 workers of 2 for evacuation
[2024-12-18T21:40:44.587+0700][gc,mmu      ] GC(881) MMU target violated: 21.0ms (20.0ms/21.0ms)
[2024-12-18T21:40:44.588+0700][gc,phases   ] GC(881)   Pre Evacuate Collection Set: 2.7ms
[2024-12-18T21:40:44.588+0700][gc,phases   ] GC(881)   Merge Heap Roots: 0.7ms
[2024-12-18T21:40:44.588+0700][gc,phases   ] GC(881)   Evacuate Collection Set: 26.3ms
[2024-12-18T21:40:44.588+0700][gc,phases   ] GC(881)   Post Evacuate Collection Set: 2.2ms
[2024-12-18T21:40:44.588+0700][gc,phases   ] GC(881)   Other: 2.2ms
[2024-12-18T21:40:44.588+0700][gc,heap     ] GC(881) Eden regions: 46->0(48)
[2024-12-18T21:40:44.588+0700][gc,heap     ] GC(881) Survivor regions: 5->3(7)
[2024-12-18T21:40:44.588+0700][gc,heap     ] GC(881) Old regions: 122->124
[2024-12-18T21:40:44.588+0700][gc,heap     ] GC(881) Archive regions: 2->2
[2024-12-18T21:40:44.588+0700][gc,heap     ] GC(881) Humongous regions: 129->129
[2024-12-18T21:40:44.588+0700][gc,metaspace] GC(881) Metaspace: 45928K(46528K)->45928K(46528K) NonClass: 40683K(41024K)->40683K(41024K) Class: 5245K(5504K)->5245K(5504K)
[2024-12-18T21:40:44.588+0700][gc          ] GC(881) Pause Young (Normal) (G1 Evacuation Pause) 302M->256M(1024M) 34.332ms
[2024-12-18T21:40:44.588+0700][gc,cpu      ] GC(881) User=0.06s Sys=0.00s Real=0.04s
[2024-12-18T21:42:36.128+0700][gc,start    ] GC(882) Pause Young (Normal) (G1 Evacuation Pause)
[2024-12-18T21:42:36.128+0700][gc,task     ] GC(882) Using 2 workers of 2 for evacuation
[2024-12-18T21:42:36.175+0700][gc,mmu      ] GC(882) MMU target violated: 21.0ms (20.0ms/21.0ms)
[2024-12-18T21:42:36.175+0700][gc,phases   ] GC(882)   Pre Evacuate Collection Set: 4.8ms
[2024-12-18T21:42:36.175+0700][gc,phases   ] GC(882)   Merge Heap Roots: 1.0ms
[2024-12-18T21:42:36.175+0700][gc,phases   ] GC(882)   Evacuate Collection Set: 37.6ms
[2024-12-18T21:42:36.175+0700][gc,phases   ] GC(882)   Post Evacuate Collection Set: 2.8ms
[2024-12-18T21:42:36.175+0700][gc,phases   ] GC(882)   Other: 1.1ms
[2024-12-18T21:42:36.175+0700][gc,heap     ] GC(882) Eden regions: 48->0(45)
[2024-12-18T21:42:36.175+0700][gc,heap     ] GC(882) Survivor regions: 3->6(7)
[2024-12-18T21:42:36.175+0700][gc,heap     ] GC(882) Old regions: 124->124
[2024-12-18T21:42:36.175+0700][gc,heap     ] GC(882) Archive regions: 2->2
[2024-12-18T21:42:36.175+0700][gc,heap     ] GC(882) Humongous regions: 129->129
[2024-12-18T21:42:36.175+0700][gc,metaspace] GC(882) Metaspace: 45928K(46528K)->45928K(46528K) NonClass: 40683K(41024K)->40683K(41024K) Class: 5245K(5504K)->5245K(5504K)
[2024-12-18T21:42:36.175+0700][gc          ] GC(882) Pause Young (Normal) (G1 Evacuation Pause) 304M->259M(1024M) 47.442ms
[2024-12-18T21:42:36.175+0700][gc,cpu      ] GC(882) User=0.09s Sys=0.00s Real=0.05s
[2024-12-18T21:44:21.005+0700][gc,start    ] GC(883) Pause Young (Normal) (G1 Evacuation Pause)
[2024-12-18T21:44:21.006+0700][gc,task     ] GC(883) Using 2 workers of 2 for evacuation
[2024-12-18T21:44:21.053+0700][gc,mmu      ] GC(883) MMU target violated: 21.0ms (20.0ms/21.0ms)
[2024-12-18T21:44:21.054+0700][gc,phases   ] GC(883)   Pre Evacuate Collection Set: 2.9ms
[2024-12-18T21:44:21.054+0700][gc,phases   ] GC(883)   Merge Heap Roots: 0.7ms
[2024-12-18T21:44:21.054+0700][gc,phases   ] GC(883)   Evacuate Collection Set: 40.4ms
[2024-12-18T21:44:21.054+0700][gc,phases   ] GC(883)   Post Evacuate Collection Set: 3.4ms
[2024-12-18T21:44:21.054+0700][gc,phases   ] GC(883)   Other: 1.3ms
[2024-12-18T21:44:21.054+0700][gc,heap     ] GC(883) Eden regions: 45->0(46)
[2024-12-18T21:44:21.054+0700][gc,heap     ] GC(883) Survivor regions: 6->5(7)
[2024-12-18T21:44:21.054+0700][gc,heap     ] GC(883) Old regions: 124->128
[2024-12-18T21:44:21.054+0700][gc,heap     ] GC(883) Archive regions: 2->2
[2024-12-18T21:44:21.054+0700][gc,heap     ] GC(883) Humongous regions: 129->129
[2024-12-18T21:44:21.054+0700][gc,metaspace] GC(883) Metaspace: 45928K(46528K)->45928K(46528K) NonClass: 40683K(41024K)->40683K(41024K) Class: 5245K(5504K)->5245K(5504K)
[2024-12-18T21:44:21.054+0700][gc          ] GC(883) Pause Young (Normal) (G1 Evacuation Pause) 304M->262M(1024M) 48.712ms
[2024-12-18T21:44:21.054+0700][gc,cpu      ] GC(883) User=0.09s Sys=0.01s Real=0.05s
[2024-12-18T21:46:06.553+0700][gc,start    ] GC(884) Pause Young (Normal) (G1 Evacuation Pause)
[2024-12-18T21:46:06.554+0700][gc,task     ] GC(884) Using 2 workers of 2 for evacuation
[2024-12-18T21:46:06.589+0700][gc,mmu      ] GC(884) MMU target violated: 21.0ms (20.0ms/21.0ms)
[2024-12-18T21:46:06.589+0700][gc,phases   ] GC(884)   Pre Evacuate Collection Set: 3.3ms
[2024-12-18T21:46:06.589+0700][gc,phases   ] GC(884)   Merge Heap Roots: 0.9ms
[2024-12-18T21:46:06.589+0700][gc,phases   ] GC(884)   Evacuate Collection Set: 26.0ms
[2024-12-18T21:46:06.589+0700][gc,phases   ] GC(884)   Post Evacuate Collection Set: 4.2ms
[2024-12-18T21:46:06.589+0700][gc,phases   ] GC(884)   Other: 2.5ms
[2024-12-18T21:46:06.589+0700][gc,heap     ] GC(884) Eden regions: 46->0(48)
[2024-12-18T21:46:06.589+0700][gc,heap     ] GC(884) Survivor regions: 5->3(7)
[2024-12-18T21:46:06.589+0700][gc,heap     ] GC(884) Old regions: 128->130
[2024-12-18T21:46:06.589+0700][gc,heap     ] GC(884) Archive regions: 2->2
[2024-12-18T21:46:06.589+0700][gc,heap     ] GC(884) Humongous regions: 129->129
[2024-12-18T21:46:06.589+0700][gc,metaspace] GC(884) Metaspace: 45928K(46528K)->45928K(46528K) NonClass: 40683K(41024K)->40683K(41024K) Class: 5245K(5504K)->5245K(5504K)
[2024-12-18T21:46:06.589+0700][gc          ] GC(884) Pause Young (Normal) (G1 Evacuation Pause) 308M->262M(1024M) 36.924ms
[2024-12-18T21:46:06.590+0700][gc,cpu      ] GC(884) User=0.07s Sys=0.00s Real=0.04s
[2024-12-18T21:47:57.326+0700][gc,start    ] GC(885) Pause Young (Normal) (G1 Evacuation Pause)
[2024-12-18T21:47:57.326+0700][gc,task     ] GC(885) Using 2 workers of 2 for evacuation
[2024-12-18T21:47:57.362+0700][gc,mmu      ] GC(885) MMU target violated: 21.0ms (20.0ms/21.0ms)
[2024-12-18T21:47:57.362+0700][gc,phases   ] GC(885)   Pre Evacuate Collection Set: 2.8ms
[2024-12-18T21:47:57.362+0700][gc,phases   ] GC(885)   Merge Heap Roots: 0.6ms
[2024-12-18T21:47:57.362+0700][gc,phases   ] GC(885)   Evacuate Collection Set: 29.7ms
[2024-12-18T21:47:57.362+0700][gc,phases   ] GC(885)   Post Evacuate Collection Set: 1.9ms
[2024-12-18T21:47:57.362+0700][gc,phases   ] GC(885)   Other: 1.5ms
[2024-12-18T21:47:57.362+0700][gc,heap     ] GC(885) Eden regions: 48->0(45)
[2024-12-18T21:47:57.362+0700][gc,heap     ] GC(885) Survivor regions: 3->6(7)
[2024-12-18T21:47:57.362+0700][gc,heap     ] GC(885) Old regions: 130->130
[2024-12-18T21:47:57.362+0700][gc,heap     ] GC(885) Archive regions: 2->2
[2024-12-18T21:47:57.362+0700][gc,heap     ] GC(885) Humongous regions: 129->129
[2024-12-18T21:47:57.362+0700][gc,metaspace] GC(885) Metaspace: 45928K(46528K)->45928K(46528K) NonClass: 40683K(41024K)->40683K(41024K) Class: 5245K(5504K)->5245K(5504K)
[2024-12-18T21:47:57.362+0700][gc          ] GC(885) Pause Young (Normal) (G1 Evacuation Pause) 310M->265M(1024M) 36.557ms
[2024-12-18T21:47:57.362+0700][gc,cpu      ] GC(885) User=0.07s Sys=0.00s Real=0.04s
[2024-12-18T21:49:41.473+0700][gc,start    ] GC(886) Pause Young (Normal) (G1 Evacuation Pause)
[2024-12-18T21:49:41.473+0700][gc,task     ] GC(886) Using 2 workers of 2 for evacuation
[2024-12-18T21:49:41.520+0700][gc,mmu      ] GC(886) MMU target violated: 21.0ms (20.0ms/21.0ms)
[2024-12-18T21:49:41.520+0700][gc,phases   ] GC(886)   Pre Evacuate Collection Set: 2.7ms
[2024-12-18T21:49:41.520+0700][gc,phases   ] GC(886)   Merge Heap Roots: 0.4ms
[2024-12-18T21:49:41.520+0700][gc,phases   ] GC(886)   Evacuate Collection Set: 41.2ms
[2024-12-18T21:49:41.520+0700][gc,phases   ] GC(886)   Post Evacuate Collection Set: 2.2ms
[2024-12-18T21:49:41.520+0700][gc,phases   ] GC(886)   Other: 1.0ms
[2024-12-18T21:49:41.520+0700][gc,heap     ] GC(886) Eden regions: 45->0(45)
[2024-12-18T21:49:41.520+0700][gc,heap     ] GC(886) Survivor regions: 6->6(7)
[2024-12-18T21:49:41.520+0700][gc,heap     ] GC(886) Old regions: 130->132
[2024-12-18T21:49:41.520+0700][gc,heap     ] GC(886) Archive regions: 2->2
[2024-12-18T21:49:41.520+0700][gc,heap     ] GC(886) Humongous regions: 129->129
[2024-12-18T21:49:41.520+0700][gc,metaspace] GC(886) Metaspace: 45928K(46528K)->45928K(46528K) NonClass: 40683K(41024K)->40683K(41024K) Class: 5245K(5504K)->5245K(5504K)
[2024-12-18T21:49:41.520+0700][gc          ] GC(886) Pause Young (Normal) (G1 Evacuation Pause) 310M->267M(1024M) 47.511ms
[2024-12-18T21:49:41.520+0700][gc,cpu      ] GC(886) User=0.09s Sys=0.00s Real=0.05s
[2024-12-18T21:51:25.721+0700][gc,start    ] GC(887) Pause Young (Normal) (G1 Evacuation Pause)
[2024-12-18T21:51:25.721+0700][gc,task     ] GC(887) Using 2 workers of 2 for evacuation
[2024-12-18T21:51:25.765+0700][gc,mmu      ] GC(887) MMU target violated: 21.0ms (20.0ms/21.0ms)
[2024-12-18T21:51:25.765+0700][gc,phases   ] GC(887)   Pre Evacuate Collection Set: 1.6ms
[2024-12-18T21:51:25.765+0700][gc,phases   ] GC(887)   Merge Heap Roots: 0.7ms
[2024-12-18T21:51:25.765+0700][gc,phases   ] GC(887)   Evacuate Collection Set: 39.4ms
[2024-12-18T21:51:25.765+0700][gc,phases   ] GC(887)   Post Evacuate Collection Set: 1.7ms
[2024-12-18T21:51:25.765+0700][gc,phases   ] GC(887)   Other: 1.0ms
[2024-12-18T21:51:25.765+0700][gc,heap     ] GC(887) Eden regions: 45->0(46)
[2024-12-18T21:51:25.765+0700][gc,heap     ] GC(887) Survivor regions: 6->5(7)
[2024-12-18T21:51:25.765+0700][gc,heap     ] GC(887) Old regions: 132->136
[2024-12-18T21:51:25.765+0700][gc,heap     ] GC(887) Archive regions: 2->2
[2024-12-18T21:51:25.765+0700][gc,heap     ] GC(887) Humongous regions: 129->129
[2024-12-18T21:51:25.766+0700][gc,metaspace] GC(887) Metaspace: 45928K(46528K)->45928K(46528K) NonClass: 40683K(41024K)->40683K(41024K) Class: 5245K(5504K)->5245K(5504K)
[2024-12-18T21:51:25.766+0700][gc          ] GC(887) Pause Young (Normal) (G1 Evacuation Pause) 312M->270M(1024M) 44.656ms
[2024-12-18T21:51:25.766+0700][gc,cpu      ] GC(887) User=0.08s Sys=0.00s Real=0.05s
[2024-12-18T21:53:12.086+0700][gc,start    ] GC(888) Pause Young (Normal) (G1 Evacuation Pause)
[2024-12-18T21:53:12.086+0700][gc,task     ] GC(888) Using 2 workers of 2 for evacuation
[2024-12-18T21:53:12.115+0700][gc,mmu      ] GC(888) MMU target violated: 21.0ms (20.0ms/21.0ms)
[2024-12-18T21:53:12.115+0700][gc,phases   ] GC(888)   Pre Evacuate Collection Set: 2.7ms
[2024-12-18T21:53:12.115+0700][gc,phases   ] GC(888)   Merge Heap Roots: 0.6ms
[2024-12-18T21:53:12.115+0700][gc,phases   ] GC(888)   Evacuate Collection Set: 23.5ms
[2024-12-18T21:53:12.115+0700][gc,phases   ] GC(888)   Post Evacuate Collection Set: 1.8ms
[2024-12-18T21:53:12.115+0700][gc,phases   ] GC(888)   Other: 1.1ms
[2024-12-18T21:53:12.115+0700][gc,heap     ] GC(888) Eden regions: 46->0(48)
[2024-12-18T21:53:12.115+0700][gc,heap     ] GC(888) Survivor regions: 5->3(7)
[2024-12-18T21:53:12.116+0700][gc,heap     ] GC(888) Old regions: 136->138
[2024-12-18T21:53:12.116+0700][gc,heap     ] GC(888) Archive regions: 2->2
[2024-12-18T21:53:12.116+0700][gc,heap     ] GC(888) Humongous regions: 129->129
[2024-12-18T21:53:12.116+0700][gc,metaspace] GC(888) Metaspace: 45928K(46528K)->45928K(46528K) NonClass: 40683K(41024K)->40683K(41024K) Class: 5245K(5504K)->5245K(5504K)
[2024-12-18T21:53:12.116+0700][gc          ] GC(888) Pause Young (Normal) (G1 Evacuation Pause) 316M->270M(1024M) 29.780ms
[2024-12-18T21:53:12.116+0700][gc,cpu      ] GC(888) User=0.05s Sys=0.00s Real=0.03s
[2024-12-18T21:55:04.000+0700][gc,start    ] GC(889) Pause Young (Normal) (G1 Evacuation Pause)
[2024-12-18T21:55:04.000+0700][gc,task     ] GC(889) Using 2 workers of 2 for evacuation
[2024-12-18T21:55:04.033+0700][gc,mmu      ] GC(889) MMU target violated: 21.0ms (20.0ms/21.0ms)
[2024-12-18T21:55:04.033+0700][gc,phases   ] GC(889)   Pre Evacuate Collection Set: 1.6ms
[2024-12-18T21:55:04.033+0700][gc,phases   ] GC(889)   Merge Heap Roots: 0.4ms
[2024-12-18T21:55:04.033+0700][gc,phases   ] GC(889)   Evacuate Collection Set: 28.0ms
[2024-12-18T21:55:04.033+0700][gc,phases   ] GC(889)   Post Evacuate Collection Set: 1.8ms
[2024-12-18T21:55:04.033+0700][gc,phases   ] GC(889)   Other: 0.9ms
[2024-12-18T21:55:04.033+0700][gc,heap     ] GC(889) Eden regions: 48->0(45)
[2024-12-18T21:55:04.033+0700][gc,heap     ] GC(889) Survivor regions: 3->6(7)
[2024-12-18T21:55:04.033+0700][gc,heap     ] GC(889) Old regions: 138->138
[2024-12-18T21:55:04.033+0700][gc,heap     ] GC(889) Archive regions: 2->2
[2024-12-18T21:55:04.033+0700][gc,heap     ] GC(889) Humongous regions: 129->129
[2024-12-18T21:55:04.033+0700][gc,metaspace] GC(889) Metaspace: 45928K(46528K)->45928K(46528K) NonClass: 40683K(41024K)->40683K(41024K) Class: 5245K(5504K)->5245K(5504K)
[2024-12-18T21:55:04.033+0700][gc          ] GC(889) Pause Young (Normal) (G1 Evacuation Pause) 318M->273M(1024M) 32.910ms
[2024-12-18T21:55:04.033+0700][gc,cpu      ] GC(889) User=0.06s Sys=0.00s Real=0.03s
[2024-12-18T21:56:48.185+0700][gc,start    ] GC(890) Pause Young (Normal) (G1 Evacuation Pause)
[2024-12-18T21:56:48.185+0700][gc,task     ] GC(890) Using 2 workers of 2 for evacuation
[2024-12-18T21:56:48.230+0700][gc,mmu      ] GC(890) MMU target violated: 21.0ms (20.0ms/21.0ms)
[2024-12-18T21:56:48.230+0700][gc,phases   ] GC(890)   Pre Evacuate Collection Set: 1.1ms
[2024-12-18T21:56:48.231+0700][gc,phases   ] GC(890)   Merge Heap Roots: 0.4ms
[2024-12-18T21:56:48.231+0700][gc,phases   ] GC(890)   Evacuate Collection Set: 40.6ms
[2024-12-18T21:56:48.231+0700][gc,phases   ] GC(890)   Post Evacuate Collection Set: 2.7ms
[2024-12-18T21:56:48.231+0700][gc,phases   ] GC(890)   Other: 0.5ms
[2024-12-18T21:56:48.231+0700][gc,heap     ] GC(890) Eden regions: 45->0(45)
[2024-12-18T21:56:48.231+0700][gc,heap     ] GC(890) Survivor regions: 6->6(7)
[2024-12-18T21:56:48.231+0700][gc,heap     ] GC(890) Old regions: 138->140
[2024-12-18T21:56:48.231+0700][gc,heap     ] GC(890) Archive regions: 2->2
[2024-12-18T21:56:48.231+0700][gc,heap     ] GC(890) Humongous regions: 129->129
[2024-12-18T21:56:48.231+0700][gc,metaspace] GC(890) Metaspace: 45928K(46528K)->45928K(46528K) NonClass: 40683K(41024K)->40683K(41024K) Class: 5245K(5504K)->5245K(5504K)
[2024-12-18T21:56:48.231+0700][gc          ] GC(890) Pause Young (Normal) (G1 Evacuation Pause) 318M->275M(1024M) 45.335ms
[2024-12-18T21:56:48.231+0700][gc,cpu      ] GC(890) User=0.09s Sys=0.00s Real=0.04s
[2024-12-18T21:58:32.133+0700][gc,start    ] GC(891) Pause Young (Normal) (G1 Evacuation Pause)
[2024-12-18T21:58:32.133+0700][gc,task     ] GC(891) Using 2 workers of 2 for evacuation
[2024-12-18T21:58:32.181+0700][gc,mmu      ] GC(891) MMU target violated: 21.0ms (20.0ms/21.0ms)
[2024-12-18T21:58:32.182+0700][gc,phases   ] GC(891)   Pre Evacuate Collection Set: 1.3ms
[2024-12-18T21:58:32.182+0700][gc,phases   ] GC(891)   Merge Heap Roots: 0.7ms
[2024-12-18T21:58:32.182+0700][gc,phases   ] GC(891)   Evacuate Collection Set: 41.6ms
[2024-12-18T21:58:32.182+0700][gc,phases   ] GC(891)   Post Evacuate Collection Set: 2.9ms
[2024-12-18T21:58:32.182+0700][gc,phases   ] GC(891)   Other: 2.3ms
[2024-12-18T21:58:32.182+0700][gc,heap     ] GC(891) Eden regions: 45->0(46)
[2024-12-18T21:58:32.182+0700][gc,heap     ] GC(891) Survivor regions: 6->5(7)
[2024-12-18T21:58:32.182+0700][gc,heap     ] GC(891) Old regions: 140->144
[2024-12-18T21:58:32.182+0700][gc,heap     ] GC(891) Archive regions: 2->2
[2024-12-18T21:58:32.182+0700][gc,heap     ] GC(891) Humongous regions: 129->129
[2024-12-18T21:58:32.182+0700][gc,metaspace] GC(891) Metaspace: 45928K(46528K)->45928K(46528K) NonClass: 40683K(41024K)->40683K(41024K) Class: 5245K(5504K)->5245K(5504K)
[2024-12-18T21:58:32.182+0700][gc          ] GC(891) Pause Young (Normal) (G1 Evacuation Pause) 320M->278M(1024M) 48.828ms
[2024-12-18T21:58:32.182+0700][gc,cpu      ] GC(891) User=0.09s Sys=0.00s Real=0.05s
[2024-12-18T22:00:19.031+0700][gc,start    ] GC(892) Pause Young (Normal) (G1 Evacuation Pause)
[2024-12-18T22:00:19.032+0700][gc,task     ] GC(892) Using 2 workers of 2 for evacuation
[2024-12-18T22:00:19.062+0700][gc,mmu      ] GC(892) MMU target violated: 21.0ms (20.0ms/21.0ms)
[2024-12-18T22:00:19.062+0700][gc,phases   ] GC(892)   Pre Evacuate Collection Set: 2.0ms
[2024-12-18T22:00:19.062+0700][gc,phases   ] GC(892)   Merge Heap Roots: 0.9ms
[2024-12-18T22:00:19.062+0700][gc,phases   ] GC(892)   Evacuate Collection Set: 24.8ms
[2024-12-18T22:00:19.062+0700][gc,phases   ] GC(892)   Post Evacuate Collection Set: 1.9ms
[2024-12-18T22:00:19.062+0700][gc,phases   ] GC(892)   Other: 1.1ms
[2024-12-18T22:00:19.062+0700][gc,heap     ] GC(892) Eden regions: 46->0(48)
[2024-12-18T22:00:19.062+0700][gc,heap     ] GC(892) Survivor regions: 5->3(7)
[2024-12-18T22:00:19.062+0700][gc,heap     ] GC(892) Old regions: 144->146
[2024-12-18T22:00:19.062+0700][gc,heap     ] GC(892) Archive regions: 2->2
[2024-12-18T22:00:19.062+0700][gc,heap     ] GC(892) Humongous regions: 129->129
[2024-12-18T22:00:19.062+0700][gc,metaspace] GC(892) Metaspace: 45928K(46528K)->45928K(46528K) NonClass: 40683K(41024K)->40683K(41024K) Class: 5245K(5504K)->5245K(5504K)
[2024-12-18T22:00:19.062+0700][gc          ] GC(892) Pause Young (Normal) (G1 Evacuation Pause) 324M->278M(1024M) 30.717ms
[2024-12-18T22:00:19.062+0700][gc,cpu      ] GC(892) User=0.06s Sys=0.00s Real=0.04s
[2024-12-18T22:02:10.430+0700][gc,start    ] GC(893) Pause Young (Normal) (G1 Evacuation Pause)
[2024-12-18T22:02:10.430+0700][gc,task     ] GC(893) Using 2 workers of 2 for evacuation
[2024-12-18T22:02:10.465+0700][gc,mmu      ] GC(893) MMU target violated: 21.0ms (20.0ms/21.0ms)
[2024-12-18T22:02:10.465+0700][gc,phases   ] GC(893)   Pre Evacuate Collection Set: 1.6ms
[2024-12-18T22:02:10.466+0700][gc,phases   ] GC(893)   Merge Heap Roots: 0.7ms
[2024-12-18T22:02:10.466+0700][gc,phases   ] GC(893)   Evacuate Collection Set: 29.6ms
[2024-12-18T22:02:10.466+0700][gc,phases   ] GC(893)   Post Evacuate Collection Set: 3.2ms
[2024-12-18T22:02:10.466+0700][gc,phases   ] GC(893)   Other: 1.1ms
[2024-12-18T22:02:10.466+0700][gc,heap     ] GC(893) Eden regions: 48->0(45)
[2024-12-18T22:02:10.466+0700][gc,heap     ] GC(893) Survivor regions: 3->6(7)
[2024-12-18T22:02:10.466+0700][gc,heap     ] GC(893) Old regions: 146->146
[2024-12-18T22:02:10.466+0700][gc,heap     ] GC(893) Archive regions: 2->2
[2024-12-18T22:02:10.466+0700][gc,heap     ] GC(893) Humongous regions: 129->129
[2024-12-18T22:02:10.466+0700][gc,metaspace] GC(893) Metaspace: 45928K(46528K)->45928K(46528K) NonClass: 40683K(41024K)->40683K(41024K) Class: 5245K(5504K)->5245K(5504K)
[2024-12-18T22:02:10.466+0700][gc          ] GC(893) Pause Young (Normal) (G1 Evacuation Pause) 326M->281M(1024M) 36.163ms
[2024-12-18T22:02:10.466+0700][gc,cpu      ] GC(893) User=0.07s Sys=0.00s Real=0.04s
[2024-12-18T22:03:54.814+0700][gc,start    ] GC(894) Pause Young (Normal) (G1 Evacuation Pause)
[2024-12-18T22:03:54.814+0700][gc,task     ] GC(894) Using 2 workers of 2 for evacuation
[2024-12-18T22:03:54.860+0700][gc,mmu      ] GC(894) MMU target violated: 21.0ms (20.0ms/21.0ms)
[2024-12-18T22:03:54.860+0700][gc,phases   ] GC(894)   Pre Evacuate Collection Set: 1.7ms
[2024-12-18T22:03:54.860+0700][gc,phases   ] GC(894)   Merge Heap Roots: 0.8ms
[2024-12-18T22:03:54.860+0700][gc,phases   ] GC(894)   Evacuate Collection Set: 40.0ms
[2024-12-18T22:03:54.860+0700][gc,phases   ] GC(894)   Post Evacuate Collection Set: 2.0ms
[2024-12-18T22:03:54.860+0700][gc,phases   ] GC(894)   Other: 1.1ms
[2024-12-18T22:03:54.860+0700][gc,heap     ] GC(894) Eden regions: 45->0(46)
[2024-12-18T22:03:54.860+0700][gc,heap     ] GC(894) Survivor regions: 6->5(7)
[2024-12-18T22:03:54.860+0700][gc,heap     ] GC(894) Old regions: 146->150
[2024-12-18T22:03:54.860+0700][gc,heap     ] GC(894) Archive regions: 2->2
[2024-12-18T22:03:54.860+0700][gc,heap     ] GC(894) Humongous regions: 129->129
[2024-12-18T22:03:54.860+0700][gc,metaspace] GC(894) Metaspace: 45928K(46528K)->45928K(46528K) NonClass: 40683K(41024K)->40683K(41024K) Class: 5245K(5504K)->5245K(5504K)
[2024-12-18T22:03:54.860+0700][gc          ] GC(894) Pause Young (Normal) (G1 Evacuation Pause) 326M->284M(1024M) 45.844ms
[2024-12-18T22:03:54.860+0700][gc,cpu      ] GC(894) User=0.09s Sys=0.00s Real=0.04s
[2024-12-18T22:05:41.081+0700][gc,start    ] GC(895) Pause Young (Normal) (G1 Evacuation Pause)
[2024-12-18T22:05:41.081+0700][gc,task     ] GC(895) Using 2 workers of 2 for evacuation
[2024-12-18T22:05:41.109+0700][gc,mmu      ] GC(895) MMU target violated: 21.0ms (20.0ms/21.0ms)
[2024-12-18T22:05:41.109+0700][gc,phases   ] GC(895)   Pre Evacuate Collection Set: 1.6ms
[2024-12-18T22:05:41.109+0700][gc,phases   ] GC(895)   Merge Heap Roots: 0.7ms
[2024-12-18T22:05:41.109+0700][gc,phases   ] GC(895)   Evacuate Collection Set: 23.3ms
[2024-12-18T22:05:41.109+0700][gc,phases   ] GC(895)   Post Evacuate Collection Set: 1.8ms
[2024-12-18T22:05:41.109+0700][gc,phases   ] GC(895)   Other: 1.1ms
[2024-12-18T22:05:41.109+0700][gc,heap     ] GC(895) Eden regions: 46->0(48)
[2024-12-18T22:05:41.109+0700][gc,heap     ] GC(895) Survivor regions: 5->3(7)
[2024-12-18T22:05:41.109+0700][gc,heap     ] GC(895) Old regions: 150->152
[2024-12-18T22:05:41.109+0700][gc,heap     ] GC(895) Archive regions: 2->2
[2024-12-18T22:05:41.109+0700][gc,heap     ] GC(895) Humongous regions: 129->129
[2024-12-18T22:05:41.109+0700][gc,metaspace] GC(895) Metaspace: 45928K(46528K)->45928K(46528K) NonClass: 40683K(41024K)->40683K(41024K) Class: 5245K(5504K)->5245K(5504K)
[2024-12-18T22:05:41.109+0700][gc          ] GC(895) Pause Young (Normal) (G1 Evacuation Pause) 330M->284M(1024M) 28.405ms
[2024-12-18T22:05:41.109+0700][gc,cpu      ] GC(895) User=0.05s Sys=0.00s Real=0.03s
[2024-12-18T22:07:32.849+0700][gc,start    ] GC(896) Pause Young (Normal) (G1 Evacuation Pause)
[2024-12-18T22:07:32.849+0700][gc,task     ] GC(896) Using 2 workers of 2 for evacuation
[2024-12-18T22:07:32.887+0700][gc,mmu      ] GC(896) MMU target violated: 21.0ms (20.0ms/21.0ms)
[2024-12-18T22:07:32.887+0700][gc,phases   ] GC(896)   Pre Evacuate Collection Set: 1.4ms
[2024-12-18T22:07:32.887+0700][gc,phases   ] GC(896)   Merge Heap Roots: 0.5ms
[2024-12-18T22:07:32.887+0700][gc,phases   ] GC(896)   Evacuate Collection Set: 33.0ms
[2024-12-18T22:07:32.887+0700][gc,phases   ] GC(896)   Post Evacuate Collection Set: 2.3ms
[2024-12-18T22:07:32.887+0700][gc,phases   ] GC(896)   Other: 1.2ms
[2024-12-18T22:07:32.887+0700][gc,heap     ] GC(896) Eden regions: 48->0(45)
[2024-12-18T22:07:32.887+0700][gc,heap     ] GC(896) Survivor regions: 3->6(7)
[2024-12-18T22:07:32.887+0700][gc,heap     ] GC(896) Old regions: 152->152
[2024-12-18T22:07:32.887+0700][gc,heap     ] GC(896) Archive regions: 2->2
[2024-12-18T22:07:32.887+0700][gc,heap     ] GC(896) Humongous regions: 129->129
[2024-12-18T22:07:32.887+0700][gc,metaspace] GC(896) Metaspace: 45928K(46528K)->45928K(46528K) NonClass: 40683K(41024K)->40683K(41024K) Class: 5245K(5504K)->5245K(5504K)
[2024-12-18T22:07:32.887+0700][gc          ] GC(896) Pause Young (Normal) (G1 Evacuation Pause) 332M->287M(1024M) 38.396ms
[2024-12-18T22:07:32.887+0700][gc,cpu      ] GC(896) User=0.07s Sys=0.00s Real=0.04s
[2024-12-18T22:09:17.337+0700][gc,start    ] GC(897) Pause Young (Normal) (G1 Evacuation Pause)
[2024-12-18T22:09:17.338+0700][gc,task     ] GC(897) Using 2 workers of 2 for evacuation
[2024-12-18T22:09:17.383+0700][gc,mmu      ] GC(897) MMU target violated: 21.0ms (20.0ms/21.0ms)
[2024-12-18T22:09:17.383+0700][gc,phases   ] GC(897)   Pre Evacuate Collection Set: 1.5ms
[2024-12-18T22:09:17.383+0700][gc,phases   ] GC(897)   Merge Heap Roots: 0.7ms
[2024-12-18T22:09:17.383+0700][gc,phases   ] GC(897)   Evacuate Collection Set: 40.5ms
[2024-12-18T22:09:17.383+0700][gc,phases   ] GC(897)   Post Evacuate Collection Set: 2.1ms
[2024-12-18T22:09:17.383+0700][gc,phases   ] GC(897)   Other: 1.0ms
[2024-12-18T22:09:17.383+0700][gc,heap     ] GC(897) Eden regions: 45->0(45)
[2024-12-18T22:09:17.383+0700][gc,heap     ] GC(897) Survivor regions: 6->6(7)
[2024-12-18T22:09:17.383+0700][gc,heap     ] GC(897) Old regions: 152->154
[2024-12-18T22:09:17.383+0700][gc,heap     ] GC(897) Archive regions: 2->2
[2024-12-18T22:09:17.383+0700][gc,heap     ] GC(897) Humongous regions: 129->129
[2024-12-18T22:09:17.383+0700][gc,metaspace] GC(897) Metaspace: 45928K(46528K)->45928K(46528K) NonClass: 40683K(41024K)->40683K(41024K) Class: 5245K(5504K)->5245K(5504K)
[2024-12-18T22:09:17.383+0700][gc          ] GC(897) Pause Young (Normal) (G1 Evacuation Pause) 332M->289M(1024M) 45.862ms
[2024-12-18T22:09:17.383+0700][gc,cpu      ] GC(897) User=0.08s Sys=0.00s Real=0.05s
[2024-12-18T22:11:01.540+0700][gc,start    ] GC(898) Pause Young (Normal) (G1 Evacuation Pause)
[2024-12-18T22:11:01.540+0700][gc,task     ] GC(898) Using 2 workers of 2 for evacuation
[2024-12-18T22:11:01.586+0700][gc,mmu      ] GC(898) MMU target violated: 21.0ms (20.0ms/21.0ms)
[2024-12-18T22:11:01.586+0700][gc,phases   ] GC(898)   Pre Evacuate Collection Set: 1.9ms
[2024-12-18T22:11:01.586+0700][gc,phases   ] GC(898)   Merge Heap Roots: 0.7ms
[2024-12-18T22:11:01.587+0700][gc,phases   ] GC(898)   Evacuate Collection Set: 40.4ms
[2024-12-18T22:11:01.587+0700][gc,phases   ] GC(898)   Post Evacuate Collection Set: 2.6ms
[2024-12-18T22:11:01.587+0700][gc,phases   ] GC(898)   Other: 0.9ms
[2024-12-18T22:11:01.587+0700][gc,heap     ] GC(898) Eden regions: 45->0(46)
[2024-12-18T22:11:01.587+0700][gc,heap     ] GC(898) Survivor regions: 6->5(7)
[2024-12-18T22:11:01.587+0700][gc,heap     ] GC(898) Old regions: 154->158
[2024-12-18T22:11:01.587+0700][gc,heap     ] GC(898) Archive regions: 2->2
[2024-12-18T22:11:01.587+0700][gc,heap     ] GC(898) Humongous regions: 129->129
[2024-12-18T22:11:01.587+0700][gc,metaspace] GC(898) Metaspace: 45928K(46528K)->45928K(46528K) NonClass: 40683K(41024K)->40683K(41024K) Class: 5245K(5504K)->5245K(5504K)
[2024-12-18T22:11:01.587+0700][gc          ] GC(898) Pause Young (Normal) (G1 Evacuation Pause) 334M->292M(1024M) 46.820ms
[2024-12-18T22:11:01.587+0700][gc,cpu      ] GC(898) User=0.09s Sys=0.00s Real=0.05s
[2024-12-18T22:12:48.013+0700][gc,start    ] GC(899) Pause Young (Normal) (G1 Evacuation Pause)
[2024-12-18T22:12:48.013+0700][gc,task     ] GC(899) Using 2 workers of 2 for evacuation
[2024-12-18T22:12:48.044+0700][gc,mmu      ] GC(899) MMU target violated: 21.0ms (20.0ms/21.0ms)
[2024-12-18T22:12:48.045+0700][gc,phases   ] GC(899)   Pre Evacuate Collection Set: 1.7ms
[2024-12-18T22:12:48.045+0700][gc,phases   ] GC(899)   Merge Heap Roots: 2.4ms
[2024-12-18T22:12:48.045+0700][gc,phases   ] GC(899)   Evacuate Collection Set: 24.1ms
[2024-12-18T22:12:48.045+0700][gc,phases   ] GC(899)   Post Evacuate Collection Set: 2.5ms
[2024-12-18T22:12:48.045+0700][gc,phases   ] GC(899)   Other: 1.1ms
[2024-12-18T22:12:48.045+0700][gc,heap     ] GC(899) Eden regions: 46->0(48)
[2024-12-18T22:12:48.045+0700][gc,heap     ] GC(899) Survivor regions: 5->3(7)
[2024-12-18T22:12:48.045+0700][gc,heap     ] GC(899) Old regions: 158->160
[2024-12-18T22:12:48.045+0700][gc,heap     ] GC(899) Archive regions: 2->2
[2024-12-18T22:12:48.045+0700][gc,heap     ] GC(899) Humongous regions: 129->129
[2024-12-18T22:12:48.045+0700][gc,metaspace] GC(899) Metaspace: 45928K(46528K)->45928K(46528K) NonClass: 40683K(41024K)->40683K(41024K) Class: 5245K(5504K)->5245K(5504K)
[2024-12-18T22:12:48.045+0700][gc          ] GC(899) Pause Young (Normal) (G1 Evacuation Pause) 338M->292M(1024M) 31.824ms
[2024-12-18T22:12:48.045+0700][gc,cpu      ] GC(899) User=0.06s Sys=0.00s Real=0.04s
[2024-12-18T22:14:32.928+0700][gc,start    ] GC(900) Pause Young (Normal) (G1 Evacuation Pause)
[2024-12-18T22:14:32.928+0700][gc,task     ] GC(900) Using 2 workers of 2 for evacuation
[2024-12-18T22:14:32.970+0700][gc,mmu      ] GC(900) MMU target violated: 21.0ms (20.0ms/21.0ms)
[2024-12-18T22:14:32.970+0700][gc,phases   ] GC(900)   Pre Evacuate Collection Set: 1.6ms
[2024-12-18T22:14:32.970+0700][gc,phases   ] GC(900)   Merge Heap Roots: 0.7ms
[2024-12-18T22:14:32.970+0700][gc,phases   ] GC(900)   Evacuate Collection Set: 36.3ms
[2024-12-18T22:14:32.970+0700][gc,phases   ] GC(900)   Post Evacuate Collection Set: 3.2ms
[2024-12-18T22:14:32.970+0700][gc,phases   ] GC(900)   Other: 0.7ms
[2024-12-18T22:14:32.970+0700][gc,heap     ] GC(900) Eden regions: 48->0(44)
[2024-12-18T22:14:32.970+0700][gc,heap     ] GC(900) Survivor regions: 3->7(7)
[2024-12-18T22:14:32.970+0700][gc,heap     ] GC(900) Old regions: 160->160
[2024-12-18T22:14:32.970+0700][gc,heap     ] GC(900) Archive regions: 2->2
[2024-12-18T22:14:32.970+0700][gc,heap     ] GC(900) Humongous regions: 129->129
[2024-12-18T22:14:32.970+0700][gc,metaspace] GC(900) Metaspace: 45928K(46528K)->45928K(46528K) NonClass: 40683K(41024K)->40683K(41024K) Class: 5245K(5504K)->5245K(5504K)
[2024-12-18T22:14:32.970+0700][gc          ] GC(900) Pause Young (Normal) (G1 Evacuation Pause) 340M->296M(1024M) 42.641ms
[2024-12-18T22:14:32.970+0700][gc,cpu      ] GC(900) User=0.08s Sys=0.00s Real=0.04s
[2024-12-18T22:16:15.121+0700][gc,start    ] GC(901) Pause Young (Normal) (G1 Evacuation Pause)
[2024-12-18T22:16:15.121+0700][gc,task     ] GC(901) Using 2 workers of 2 for evacuation
[2024-12-18T22:16:15.159+0700][gc,mmu      ] GC(901) MMU target violated: 21.0ms (20.0ms/21.0ms)
[2024-12-18T22:16:15.159+0700][gc,phases   ] GC(901)   Pre Evacuate Collection Set: 1.6ms
[2024-12-18T22:16:15.159+0700][gc,phases   ] GC(901)   Merge Heap Roots: 0.5ms
[2024-12-18T22:16:15.159+0700][gc,phases   ] GC(901)   Evacuate Collection Set: 33.6ms
[2024-12-18T22:16:15.159+0700][gc,phases   ] GC(901)   Post Evacuate Collection Set: 1.8ms
[2024-12-18T22:16:15.159+0700][gc,phases   ] GC(901)   Other: 1.0ms
[2024-12-18T22:16:15.159+0700][gc,heap     ] GC(901) Eden regions: 44->0(47)
[2024-12-18T22:16:15.159+0700][gc,heap     ] GC(901) Survivor regions: 7->4(7)
[2024-12-18T22:16:15.159+0700][gc,heap     ] GC(901) Old regions: 160->165
[2024-12-18T22:16:15.159+0700][gc,heap     ] GC(901) Archive regions: 2->2
[2024-12-18T22:16:15.159+0700][gc,heap     ] GC(901) Humongous regions: 129->129
[2024-12-18T22:16:15.159+0700][gc,metaspace] GC(901) Metaspace: 45928K(46528K)->45928K(46528K) NonClass: 40683K(41024K)->40683K(41024K) Class: 5245K(5504K)->5245K(5504K)
[2024-12-18T22:16:15.160+0700][gc          ] GC(901) Pause Young (Normal) (G1 Evacuation Pause) 340M->297M(1024M) 38.444ms
[2024-12-18T22:16:15.160+0700][gc,cpu      ] GC(901) User=0.07s Sys=0.00s Real=0.04s
[2024-12-18T22:18:04.018+0700][gc,start    ] GC(902) Pause Young (Normal) (G1 Evacuation Pause)
[2024-12-18T22:18:04.018+0700][gc,task     ] GC(902) Using 2 workers of 2 for evacuation
[2024-12-18T22:18:04.051+0700][gc,mmu      ] GC(902) MMU target violated: 21.0ms (20.0ms/21.0ms)
[2024-12-18T22:18:04.051+0700][gc,phases   ] GC(902)   Pre Evacuate Collection Set: 2.8ms
[2024-12-18T22:18:04.051+0700][gc,phases   ] GC(902)   Merge Heap Roots: 0.6ms
[2024-12-18T22:18:04.051+0700][gc,phases   ] GC(902)   Evacuate Collection Set: 26.8ms
[2024-12-18T22:18:04.051+0700][gc,phases   ] GC(902)   Post Evacuate Collection Set: 1.8ms
[2024-12-18T22:18:04.051+0700][gc,phases   ] GC(902)   Other: 1.0ms
[2024-12-18T22:18:04.051+0700][gc,heap     ] GC(902) Eden regions: 47->0(45)
[2024-12-18T22:18:04.051+0700][gc,heap     ] GC(902) Survivor regions: 4->6(7)
[2024-12-18T22:18:04.051+0700][gc,heap     ] GC(902) Old regions: 165->165
[2024-12-18T22:18:04.051+0700][gc,heap     ] GC(902) Archive regions: 2->2
[2024-12-18T22:18:04.051+0700][gc,heap     ] GC(902) Humongous regions: 129->129
[2024-12-18T22:18:04.051+0700][gc,metaspace] GC(902) Metaspace: 45928K(46528K)->45928K(46528K) NonClass: 40683K(41024K)->40683K(41024K) Class: 5245K(5504K)->5245K(5504K)
[2024-12-18T22:18:04.051+0700][gc          ] GC(902) Pause Young (Normal) (G1 Evacuation Pause) 344M->300M(1024M) 33.120ms
[2024-12-18T22:18:04.051+0700][gc,cpu      ] GC(902) User=0.06s Sys=0.00s Real=0.03s
[2024-12-18T22:19:48.284+0700][gc,start    ] GC(903) Pause Young (Normal) (G1 Evacuation Pause)
[2024-12-18T22:19:48.284+0700][gc,task     ] GC(903) Using 2 workers of 2 for evacuation
[2024-12-18T22:19:48.314+0700][gc,mmu      ] GC(903) MMU target violated: 21.0ms (20.0ms/21.0ms)
[2024-12-18T22:19:48.314+0700][gc,phases   ] GC(903)   Pre Evacuate Collection Set: 2.6ms
[2024-12-18T22:19:48.314+0700][gc,phases   ] GC(903)   Merge Heap Roots: 0.3ms
[2024-12-18T22:19:48.314+0700][gc,phases   ] GC(903)   Evacuate Collection Set: 23.9ms
[2024-12-18T22:19:48.314+0700][gc,phases   ] GC(903)   Post Evacuate Collection Set: 2.7ms
[2024-12-18T22:19:48.314+0700][gc,phases   ] GC(903)   Other: 1.1ms
[2024-12-18T22:19:48.314+0700][gc,heap     ] GC(903) Eden regions: 45->0(48)
[2024-12-18T22:19:48.314+0700][gc,heap     ] GC(903) Survivor regions: 6->3(7)
[2024-12-18T22:19:48.314+0700][gc,heap     ] GC(903) Old regions: 165->168
[2024-12-18T22:19:48.314+0700][gc,heap     ] GC(903) Archive regions: 2->2
[2024-12-18T22:19:48.314+0700][gc,heap     ] GC(903) Humongous regions: 129->129
[2024-12-18T22:19:48.314+0700][gc,metaspace] GC(903) Metaspace: 45928K(46528K)->45928K(46528K) NonClass: 40683K(41024K)->40683K(41024K) Class: 5245K(5504K)->5245K(5504K)
[2024-12-18T22:19:48.314+0700][gc          ] GC(903) Pause Young (Normal) (G1 Evacuation Pause) 345M->300M(1024M) 30.695ms
[2024-12-18T22:19:48.314+0700][gc,cpu      ] GC(903) User=0.05s Sys=0.00s Real=0.03s
[2024-12-18T22:21:39.528+0700][gc,start    ] GC(904) Pause Young (Normal) (G1 Evacuation Pause)
[2024-12-18T22:21:39.528+0700][gc,task     ] GC(904) Using 2 workers of 2 for evacuation
[2024-12-18T22:21:39.559+0700][gc,mmu      ] GC(904) MMU target violated: 21.0ms (20.0ms/21.0ms)
[2024-12-18T22:21:39.559+0700][gc,phases   ] GC(904)   Pre Evacuate Collection Set: 1.6ms
[2024-12-18T22:21:39.559+0700][gc,phases   ] GC(904)   Merge Heap Roots: 0.7ms
[2024-12-18T22:21:39.559+0700][gc,phases   ] GC(904)   Evacuate Collection Set: 25.7ms
[2024-12-18T22:21:39.559+0700][gc,phases   ] GC(904)   Post Evacuate Collection Set: 2.2ms
[2024-12-18T22:21:39.559+0700][gc,phases   ] GC(904)   Other: 1.0ms
[2024-12-18T22:21:39.559+0700][gc,heap     ] GC(904) Eden regions: 48->0(45)
[2024-12-18T22:21:39.559+0700][gc,heap     ] GC(904) Survivor regions: 3->6(7)
[2024-12-18T22:21:39.559+0700][gc,heap     ] GC(904) Old regions: 168->168
[2024-12-18T22:21:39.559+0700][gc,heap     ] GC(904) Archive regions: 2->2
[2024-12-18T22:21:39.559+0700][gc,heap     ] GC(904) Humongous regions: 129->129
[2024-12-18T22:21:39.559+0700][gc,metaspace] GC(904) Metaspace: 45928K(46528K)->45928K(46528K) NonClass: 40683K(41024K)->40683K(41024K) Class: 5245K(5504K)->5245K(5504K)
[2024-12-18T22:21:39.559+0700][gc          ] GC(904) Pause Young (Normal) (G1 Evacuation Pause) 348M->303M(1024M) 31.163ms
[2024-12-18T22:21:39.559+0700][gc,cpu      ] GC(904) User=0.05s Sys=0.00s Real=0.03s
[2024-12-18T22:23:22.987+0700][gc,start    ] GC(905) Pause Young (Normal) (G1 Evacuation Pause)
[2024-12-18T22:23:22.987+0700][gc,task     ] GC(905) Using 2 workers of 2 for evacuation
[2024-12-18T22:23:23.028+0700][gc,mmu      ] GC(905) MMU target violated: 21.0ms (20.0ms/21.0ms)
[2024-12-18T22:23:23.028+0700][gc,phases   ] GC(905)   Pre Evacuate Collection Set: 0.6ms
[2024-12-18T22:23:23.028+0700][gc,phases   ] GC(905)   Merge Heap Roots: 0.4ms
[2024-12-18T22:23:23.028+0700][gc,phases   ] GC(905)   Evacuate Collection Set: 37.7ms
[2024-12-18T22:23:23.028+0700][gc,phases   ] GC(905)   Post Evacuate Collection Set: 1.5ms
[2024-12-18T22:23:23.028+0700][gc,phases   ] GC(905)   Other: 0.5ms
[2024-12-18T22:23:23.028+0700][gc,heap     ] GC(905) Eden regions: 45->0(46)
[2024-12-18T22:23:23.028+0700][gc,heap     ] GC(905) Survivor regions: 6->5(7)
[2024-12-18T22:23:23.028+0700][gc,heap     ] GC(905) Old regions: 168->172
[2024-12-18T22:23:23.028+0700][gc,heap     ] GC(905) Archive regions: 2->2
[2024-12-18T22:23:23.028+0700][gc,heap     ] GC(905) Humongous regions: 129->129
[2024-12-18T22:23:23.028+0700][gc,metaspace] GC(905) Metaspace: 45928K(46528K)->45928K(46528K) NonClass: 40683K(41024K)->40683K(41024K) Class: 5245K(5504K)->5245K(5504K)
[2024-12-18T22:23:23.028+0700][gc          ] GC(905) Pause Young (Normal) (G1 Evacuation Pause) 348M->306M(1024M) 40.771ms
[2024-12-18T22:23:23.028+0700][gc,cpu      ] GC(905) User=0.08s Sys=0.00s Real=0.04s
[2024-12-18T22:25:09.576+0700][gc,start    ] GC(906) Pause Young (Normal) (G1 Evacuation Pause)
[2024-12-18T22:25:09.576+0700][gc,task     ] GC(906) Using 2 workers of 2 for evacuation
[2024-12-18T22:25:09.605+0700][gc,mmu      ] GC(906) MMU target violated: 21.0ms (20.0ms/21.0ms)
[2024-12-18T22:25:09.606+0700][gc,phases   ] GC(906)   Pre Evacuate Collection Set: 2.5ms
[2024-12-18T22:25:09.606+0700][gc,phases   ] GC(906)   Merge Heap Roots: 0.4ms
[2024-12-18T22:25:09.606+0700][gc,phases   ] GC(906)   Evacuate Collection Set: 23.1ms
[2024-12-18T22:25:09.606+0700][gc,phases   ] GC(906)   Post Evacuate Collection Set: 2.8ms
[2024-12-18T22:25:09.606+0700][gc,phases   ] GC(906)   Other: 0.9ms
[2024-12-18T22:25:09.606+0700][gc,heap     ] GC(906) Eden regions: 46->0(48)
[2024-12-18T22:25:09.606+0700][gc,heap     ] GC(906) Survivor regions: 5->3(7)
[2024-12-18T22:25:09.606+0700][gc,heap     ] GC(906) Old regions: 172->174
[2024-12-18T22:25:09.606+0700][gc,heap     ] GC(906) Archive regions: 2->2
[2024-12-18T22:25:09.606+0700][gc,heap     ] GC(906) Humongous regions: 129->129
[2024-12-18T22:25:09.606+0700][gc,metaspace] GC(906) Metaspace: 45928K(46528K)->45928K(46528K) NonClass: 40683K(41024K)->40683K(41024K) Class: 5245K(5504K)->5245K(5504K)
[2024-12-18T22:25:09.606+0700][gc          ] GC(906) Pause Young (Normal) (G1 Evacuation Pause) 352M->305M(1024M) 29.841ms
[2024-12-18T22:25:09.606+0700][gc,cpu      ] GC(906) User=0.05s Sys=0.00s Real=0.03s
[2024-12-18T22:27:00.612+0700][gc,start    ] GC(907) Pause Young (Normal) (G1 Evacuation Pause)
[2024-12-18T22:27:00.612+0700][gc,task     ] GC(907) Using 2 workers of 2 for evacuation
[2024-12-18T22:27:00.643+0700][gc,mmu      ] GC(907) MMU target violated: 21.0ms (20.0ms/21.0ms)
[2024-12-18T22:27:00.643+0700][gc,phases   ] GC(907)   Pre Evacuate Collection Set: 1.6ms
[2024-12-18T22:27:00.643+0700][gc,phases   ] GC(907)   Merge Heap Roots: 0.7ms
[2024-12-18T22:27:00.643+0700][gc,phases   ] GC(907)   Evacuate Collection Set: 26.0ms
[2024-12-18T22:27:00.643+0700][gc,phases   ] GC(907)   Post Evacuate Collection Set: 2.6ms
[2024-12-18T22:27:00.643+0700][gc,phases   ] GC(907)   Other: 0.9ms
[2024-12-18T22:27:00.643+0700][gc,heap     ] GC(907) Eden regions: 48->0(46)
[2024-12-18T22:27:00.643+0700][gc,heap     ] GC(907) Survivor regions: 3->5(7)
[2024-12-18T22:27:00.643+0700][gc,heap     ] GC(907) Old regions: 174->174
[2024-12-18T22:27:00.643+0700][gc,heap     ] GC(907) Archive regions: 2->2
[2024-12-18T22:27:00.643+0700][gc,heap     ] GC(907) Humongous regions: 129->129
[2024-12-18T22:27:00.643+0700][gc,metaspace] GC(907) Metaspace: 45928K(46528K)->45928K(46528K) NonClass: 40683K(41024K)->40683K(41024K) Class: 5245K(5504K)->5245K(5504K)
[2024-12-18T22:27:00.644+0700][gc          ] GC(907) Pause Young (Normal) (G1 Evacuation Pause) 353M->308M(1024M) 31.868ms
[2024-12-18T22:27:00.644+0700][gc,cpu      ] GC(907) User=0.06s Sys=0.00s Real=0.04s
[2024-12-18T22:28:47.025+0700][gc,start    ] GC(908) Pause Young (Normal) (G1 Evacuation Pause)
[2024-12-18T22:28:47.025+0700][gc,task     ] GC(908) Using 2 workers of 2 for evacuation
[2024-12-18T22:28:47.067+0700][gc,mmu      ] GC(908) MMU target violated: 21.0ms (20.0ms/21.0ms)
[2024-12-18T22:28:47.068+0700][gc,phases   ] GC(908)   Pre Evacuate Collection Set: 1.9ms
[2024-12-18T22:28:47.068+0700][gc,phases   ] GC(908)   Merge Heap Roots: 0.7ms
[2024-12-18T22:28:47.068+0700][gc,phases   ] GC(908)   Evacuate Collection Set: 35.2ms
[2024-12-18T22:28:47.068+0700][gc,phases   ] GC(908)   Post Evacuate Collection Set: 4.2ms
[2024-12-18T22:28:47.068+0700][gc,phases   ] GC(908)   Other: 1.0ms
[2024-12-18T22:28:47.068+0700][gc,heap     ] GC(908) Eden regions: 46->0(45)
[2024-12-18T22:28:47.068+0700][gc,heap     ] GC(908) Survivor regions: 5->6(7)
[2024-12-18T22:28:47.068+0700][gc,heap     ] GC(908) Old regions: 174->176
[2024-12-18T22:28:47.068+0700][gc,heap     ] GC(908) Archive regions: 2->2
[2024-12-18T22:28:47.068+0700][gc,heap     ] GC(908) Humongous regions: 129->129
[2024-12-18T22:28:47.068+0700][gc,metaspace] GC(908) Metaspace: 45928K(46528K)->45928K(46528K) NonClass: 40683K(41024K)->40683K(41024K) Class: 5245K(5504K)->5245K(5504K)
[2024-12-18T22:28:47.068+0700][gc          ] GC(908) Pause Young (Normal) (G1 Evacuation Pause) 354M->311M(1024M) 43.175ms
[2024-12-18T22:28:47.068+0700][gc,cpu      ] GC(908) User=0.08s Sys=0.00s Real=0.04s
[2024-12-18T22:30:31.473+0700][gc,start    ] GC(909) Pause Young (Normal) (G1 Evacuation Pause)
[2024-12-18T22:30:31.473+0700][gc,task     ] GC(909) Using 2 workers of 2 for evacuation
[2024-12-18T22:30:31.516+0700][gc,mmu      ] GC(909) MMU target violated: 21.0ms (20.0ms/21.0ms)
[2024-12-18T22:30:31.517+0700][gc,phases   ] GC(909)   Pre Evacuate Collection Set: 1.6ms
[2024-12-18T22:30:31.517+0700][gc,phases   ] GC(909)   Merge Heap Roots: 0.7ms
[2024-12-18T22:30:31.517+0700][gc,phases   ] GC(909)   Evacuate Collection Set: 38.4ms
[2024-12-18T22:30:31.517+0700][gc,phases   ] GC(909)   Post Evacuate Collection Set: 2.5ms
[2024-12-18T22:30:31.517+0700][gc,phases   ] GC(909)   Other: 1.0ms
[2024-12-18T22:30:31.517+0700][gc,heap     ] GC(909) Eden regions: 45->0(46)
[2024-12-18T22:30:31.517+0700][gc,heap     ] GC(909) Survivor regions: 6->5(7)
[2024-12-18T22:30:31.517+0700][gc,heap     ] GC(909) Old regions: 176->180
[2024-12-18T22:30:31.517+0700][gc,heap     ] GC(909) Archive regions: 2->2
[2024-12-18T22:30:31.517+0700][gc,heap     ] GC(909) Humongous regions: 129->129
[2024-12-18T22:30:31.517+0700][gc,metaspace] GC(909) Metaspace: 45928K(46528K)->45928K(46528K) NonClass: 40683K(41024K)->40683K(41024K) Class: 5245K(5504K)->5245K(5504K)
[2024-12-18T22:30:31.517+0700][gc          ] GC(909) Pause Young (Normal) (G1 Evacuation Pause) 356M->314M(1024M) 44.191ms
[2024-12-18T22:30:31.517+0700][gc,cpu      ] GC(909) User=0.08s Sys=0.00s Real=0.05s
[2024-12-18T22:32:18.281+0700][gc,start    ] GC(910) Pause Young (Normal) (G1 Evacuation Pause)
[2024-12-18T22:32:18.282+0700][gc,task     ] GC(910) Using 2 workers of 2 for evacuation
[2024-12-18T22:32:18.311+0700][gc,mmu      ] GC(910) MMU target violated: 21.0ms (20.0ms/21.0ms)
[2024-12-18T22:32:18.311+0700][gc,phases   ] GC(910)   Pre Evacuate Collection Set: 2.4ms
[2024-12-18T22:32:18.311+0700][gc,phases   ] GC(910)   Merge Heap Roots: 0.5ms
[2024-12-18T22:32:18.311+0700][gc,phases   ] GC(910)   Evacuate Collection Set: 23.2ms
[2024-12-18T22:32:18.311+0700][gc,phases   ] GC(910)   Post Evacuate Collection Set: 2.9ms
[2024-12-18T22:32:18.311+0700][gc,phases   ] GC(910)   Other: 1.0ms
[2024-12-18T22:32:18.311+0700][gc,heap     ] GC(910) Eden regions: 46->0(48)
[2024-12-18T22:32:18.311+0700][gc,heap     ] GC(910) Survivor regions: 5->3(7)
[2024-12-18T22:32:18.311+0700][gc,heap     ] GC(910) Old regions: 180->182
[2024-12-18T22:32:18.311+0700][gc,heap     ] GC(910) Archive regions: 2->2
[2024-12-18T22:32:18.311+0700][gc,heap     ] GC(910) Humongous regions: 129->129
[2024-12-18T22:32:18.311+0700][gc,metaspace] GC(910) Metaspace: 45928K(46528K)->45928K(46528K) NonClass: 40683K(41024K)->40683K(41024K) Class: 5245K(5504K)->5245K(5504K)
[2024-12-18T22:32:18.311+0700][gc          ] GC(910) Pause Young (Normal) (G1 Evacuation Pause) 360M->314M(1024M) 30.099ms
[2024-12-18T22:32:18.311+0700][gc,cpu      ] GC(910) User=0.06s Sys=0.00s Real=0.03s
[2024-12-18T22:34:09.651+0700][gc,start    ] GC(911) Pause Young (Normal) (G1 Evacuation Pause)
[2024-12-18T22:34:09.651+0700][gc,task     ] GC(911) Using 2 workers of 2 for evacuation
[2024-12-18T22:34:09.682+0700][gc,mmu      ] GC(911) MMU target violated: 21.0ms (20.0ms/21.0ms)
[2024-12-18T22:34:09.682+0700][gc,phases   ] GC(911)   Pre Evacuate Collection Set: 0.8ms
[2024-12-18T22:34:09.682+0700][gc,phases   ] GC(911)   Merge Heap Roots: 0.6ms
[2024-12-18T22:34:09.682+0700][gc,phases   ] GC(911)   Evacuate Collection Set: 27.3ms
[2024-12-18T22:34:09.682+0700][gc,phases   ] GC(911)   Post Evacuate Collection Set: 2.6ms
[2024-12-18T22:34:09.682+0700][gc,phases   ] GC(911)   Other: 0.7ms
[2024-12-18T22:34:09.683+0700][gc,heap     ] GC(911) Eden regions: 48->0(45)
[2024-12-18T22:34:09.683+0700][gc,heap     ] GC(911) Survivor regions: 3->6(7)
[2024-12-18T22:34:09.683+0700][gc,heap     ] GC(911) Old regions: 182->182
[2024-12-18T22:34:09.683+0700][gc,heap     ] GC(911) Archive regions: 2->2
[2024-12-18T22:34:09.683+0700][gc,heap     ] GC(911) Humongous regions: 129->129
[2024-12-18T22:34:09.683+0700][gc,metaspace] GC(911) Metaspace: 45928K(46528K)->45928K(46528K) NonClass: 40683K(41024K)->40683K(41024K) Class: 5245K(5504K)->5245K(5504K)
[2024-12-18T22:34:09.683+0700][gc          ] GC(911) Pause Young (Normal) (G1 Evacuation Pause) 362M->317M(1024M) 31.983ms
[2024-12-18T22:34:09.683+0700][gc,cpu      ] GC(911) User=0.05s Sys=0.00s Real=0.04s
[2024-12-18T22:35:53.579+0700][gc,start    ] GC(912) Pause Young (Normal) (G1 Evacuation Pause)
[2024-12-18T22:35:53.579+0700][gc,task     ] GC(912) Using 2 workers of 2 for evacuation
[2024-12-18T22:35:53.623+0700][gc,mmu      ] GC(912) MMU target violated: 21.0ms (20.0ms/21.0ms)
[2024-12-18T22:35:53.623+0700][gc,phases   ] GC(912)   Pre Evacuate Collection Set: 1.6ms
[2024-12-18T22:35:53.623+0700][gc,phases   ] GC(912)   Merge Heap Roots: 0.7ms
[2024-12-18T22:35:53.623+0700][gc,phases   ] GC(912)   Evacuate Collection Set: 38.5ms
[2024-12-18T22:35:53.623+0700][gc,phases   ] GC(912)   Post Evacuate Collection Set: 2.4ms
[2024-12-18T22:35:53.623+0700][gc,phases   ] GC(912)   Other: 0.9ms
[2024-12-18T22:35:53.623+0700][gc,heap     ] GC(912) Eden regions: 45->0(44)
[2024-12-18T22:35:53.623+0700][gc,heap     ] GC(912) Survivor regions: 6->7(7)
[2024-12-18T22:35:53.623+0700][gc,heap     ] GC(912) Old regions: 182->184
[2024-12-18T22:35:53.623+0700][gc,heap     ] GC(912) Archive regions: 2->2
[2024-12-18T22:35:53.623+0700][gc,heap     ] GC(912) Humongous regions: 129->129
[2024-12-18T22:35:53.623+0700][gc,metaspace] GC(912) Metaspace: 45928K(46528K)->45928K(46528K) NonClass: 40683K(41024K)->40683K(41024K) Class: 5245K(5504K)->5245K(5504K)
[2024-12-18T22:35:53.623+0700][gc          ] GC(912) Pause Young (Normal) (G1 Evacuation Pause) 362M->320M(1024M) 44.140ms
[2024-12-18T22:35:53.623+0700][gc,cpu      ] GC(912) User=0.08s Sys=0.00s Real=0.05s
[2024-12-18T22:37:35.410+0700][gc,start    ] GC(913) Pause Young (Normal) (G1 Evacuation Pause)
[2024-12-18T22:37:35.410+0700][gc,task     ] GC(913) Using 2 workers of 2 for evacuation
[2024-12-18T22:37:35.456+0700][gc,mmu      ] GC(913) MMU target violated: 21.0ms (20.0ms/21.0ms)
[2024-12-18T22:37:35.456+0700][gc,phases   ] GC(913)   Pre Evacuate Collection Set: 1.6ms
[2024-12-18T22:37:35.456+0700][gc,phases   ] GC(913)   Merge Heap Roots: 0.7ms
[2024-12-18T22:37:35.456+0700][gc,phases   ] GC(913)   Evacuate Collection Set: 41.4ms
[2024-12-18T22:37:35.456+0700][gc,phases   ] GC(913)   Post Evacuate Collection Set: 1.7ms
[2024-12-18T22:37:35.456+0700][gc,phases   ] GC(913)   Other: 1.1ms
[2024-12-18T22:37:35.456+0700][gc,heap     ] GC(913) Eden regions: 44->0(46)
[2024-12-18T22:37:35.456+0700][gc,heap     ] GC(913) Survivor regions: 7->5(7)
[2024-12-18T22:37:35.456+0700][gc,heap     ] GC(913) Old regions: 184->188
[2024-12-18T22:37:35.456+0700][gc,heap     ] GC(913) Archive regions: 2->2
[2024-12-18T22:37:35.456+0700][gc,heap     ] GC(913) Humongous regions: 129->129
[2024-12-18T22:37:35.456+0700][gc,metaspace] GC(913) Metaspace: 45928K(46528K)->45928K(46528K) NonClass: 40683K(41024K)->40683K(41024K) Class: 5245K(5504K)->5245K(5504K)
[2024-12-18T22:37:35.456+0700][gc          ] GC(913) Pause Young (Normal) (G1 Evacuation Pause) 364M->322M(1024M) 46.653ms
[2024-12-18T22:37:35.456+0700][gc,cpu      ] GC(913) User=0.08s Sys=0.00s Real=0.05s
[2024-12-18T22:39:21.751+0700][gc,start    ] GC(914) Pause Young (Normal) (G1 Evacuation Pause)
[2024-12-18T22:39:21.751+0700][gc,task     ] GC(914) Using 2 workers of 2 for evacuation
[2024-12-18T22:39:21.779+0700][gc,mmu      ] GC(914) MMU target violated: 21.0ms (20.0ms/21.0ms)
[2024-12-18T22:39:21.779+0700][gc,phases   ] GC(914)   Pre Evacuate Collection Set: 0.5ms
[2024-12-18T22:39:21.779+0700][gc,phases   ] GC(914)   Merge Heap Roots: 0.6ms
[2024-12-18T22:39:21.779+0700][gc,phases   ] GC(914)   Evacuate Collection Set: 24.3ms
[2024-12-18T22:39:21.779+0700][gc,phases   ] GC(914)   Post Evacuate Collection Set: 2.0ms
[2024-12-18T22:39:21.779+0700][gc,phases   ] GC(914)   Other: 0.4ms
[2024-12-18T22:39:21.779+0700][gc,heap     ] GC(914) Eden regions: 46->0(48)
[2024-12-18T22:39:21.779+0700][gc,heap     ] GC(914) Survivor regions: 5->3(7)
[2024-12-18T22:39:21.779+0700][gc,heap     ] GC(914) Old regions: 188->190
[2024-12-18T22:39:21.779+0700][gc,heap     ] GC(914) Archive regions: 2->2
[2024-12-18T22:39:21.779+0700][gc,heap     ] GC(914) Humongous regions: 129->129
[2024-12-18T22:39:21.779+0700][gc,metaspace] GC(914) Metaspace: 45928K(46528K)->45928K(46528K) NonClass: 40683K(41024K)->40683K(41024K) Class: 5245K(5504K)->5245K(5504K)
[2024-12-18T22:39:21.779+0700][gc          ] GC(914) Pause Young (Normal) (G1 Evacuation Pause) 368M->322M(1024M) 27.897ms
[2024-12-18T22:39:21.779+0700][gc,cpu      ] GC(914) User=0.05s Sys=0.00s Real=0.03s
[2024-12-18T22:41:13.010+0700][gc,start    ] GC(915) Pause Young (Normal) (G1 Evacuation Pause)
[2024-12-18T22:41:13.011+0700][gc,task     ] GC(915) Using 2 workers of 2 for evacuation
[2024-12-18T22:41:13.045+0700][gc,mmu      ] GC(915) MMU target violated: 21.0ms (20.0ms/21.0ms)
[2024-12-18T22:41:13.045+0700][gc,phases   ] GC(915)   Pre Evacuate Collection Set: 2.7ms
[2024-12-18T22:41:13.045+0700][gc,phases   ] GC(915)   Merge Heap Roots: 0.6ms
[2024-12-18T22:41:13.045+0700][gc,phases   ] GC(915)   Evacuate Collection Set: 28.0ms
[2024-12-18T22:41:13.045+0700][gc,phases   ] GC(915)   Post Evacuate Collection Set: 2.5ms
[2024-12-18T22:41:13.045+0700][gc,phases   ] GC(915)   Other: 0.8ms
[2024-12-18T22:41:13.045+0700][gc,heap     ] GC(915) Eden regions: 48->0(45)
[2024-12-18T22:41:13.045+0700][gc,heap     ] GC(915) Survivor regions: 3->6(7)
[2024-12-18T22:41:13.045+0700][gc,heap     ] GC(915) Old regions: 190->190
[2024-12-18T22:41:13.045+0700][gc,heap     ] GC(915) Archive regions: 2->2
[2024-12-18T22:41:13.045+0700][gc,heap     ] GC(915) Humongous regions: 129->129
[2024-12-18T22:41:13.045+0700][gc,metaspace] GC(915) Metaspace: 45928K(46528K)->45928K(46528K) NonClass: 40683K(41024K)->40683K(41024K) Class: 5245K(5504K)->5245K(5504K)
[2024-12-18T22:41:13.045+0700][gc          ] GC(915) Pause Young (Normal) (G1 Evacuation Pause) 370M->325M(1024M) 34.815ms
[2024-12-18T22:41:13.045+0700][gc,cpu      ] GC(915) User=0.06s Sys=0.00s Real=0.04s
[2024-12-18T22:42:57.313+0700][gc,start    ] GC(916) Pause Young (Normal) (G1 Evacuation Pause)
[2024-12-18T22:42:57.313+0700][gc,task     ] GC(916) Using 2 workers of 2 for evacuation
[2024-12-18T22:42:57.356+0700][gc,mmu      ] GC(916) MMU target violated: 21.0ms (20.0ms/21.0ms)
[2024-12-18T22:42:57.356+0700][gc,phases   ] GC(916)   Pre Evacuate Collection Set: 1.5ms
[2024-12-18T22:42:57.356+0700][gc,phases   ] GC(916)   Merge Heap Roots: 0.4ms
[2024-12-18T22:42:57.356+0700][gc,phases   ] GC(916)   Evacuate Collection Set: 38.0ms
[2024-12-18T22:42:57.356+0700][gc,phases   ] GC(916)   Post Evacuate Collection Set: 2.2ms
[2024-12-18T22:42:57.356+0700][gc,phases   ] GC(916)   Other: 1.0ms
[2024-12-18T22:42:57.356+0700][gc,heap     ] GC(916) Eden regions: 45->0(46)
[2024-12-18T22:42:57.356+0700][gc,heap     ] GC(916) Survivor regions: 6->5(7)
[2024-12-18T22:42:57.356+0700][gc,heap     ] GC(916) Old regions: 190->194
[2024-12-18T22:42:57.356+0700][gc,heap     ] GC(916) Archive regions: 2->2
[2024-12-18T22:42:57.356+0700][gc,heap     ] GC(916) Humongous regions: 129->129
[2024-12-18T22:42:57.356+0700][gc,metaspace] GC(916) Metaspace: 45928K(46528K)->45928K(46528K) NonClass: 40683K(41024K)->40683K(41024K) Class: 5245K(5504K)->5245K(5504K)
[2024-12-18T22:42:57.356+0700][gc          ] GC(916) Pause Young (Normal) (G1 Evacuation Pause) 370M->328M(1024M) 43.245ms
[2024-12-18T22:42:57.356+0700][gc,cpu      ] GC(916) User=0.09s Sys=0.00s Real=0.05s
[2024-12-18T22:44:43.622+0700][gc,start    ] GC(917) Pause Young (Normal) (G1 Evacuation Pause)
[2024-12-18T22:44:43.622+0700][gc,task     ] GC(917) Using 2 workers of 2 for evacuation
[2024-12-18T22:44:43.655+0700][gc,mmu      ] GC(917) MMU target violated: 21.0ms (20.0ms/21.0ms)
[2024-12-18T22:44:43.655+0700][gc,phases   ] GC(917)   Pre Evacuate Collection Set: 2.7ms
[2024-12-18T22:44:43.655+0700][gc,phases   ] GC(917)   Merge Heap Roots: 0.6ms
[2024-12-18T22:44:43.655+0700][gc,phases   ] GC(917)   Evacuate Collection Set: 25.8ms
[2024-12-18T22:44:43.655+0700][gc,phases   ] GC(917)   Post Evacuate Collection Set: 2.5ms
[2024-12-18T22:44:43.655+0700][gc,phases   ] GC(917)   Other: 0.9ms
[2024-12-18T22:44:43.655+0700][gc,heap     ] GC(917) Eden regions: 46->0(48)
[2024-12-18T22:44:43.655+0700][gc,heap     ] GC(917) Survivor regions: 5->3(7)
[2024-12-18T22:44:43.655+0700][gc,heap     ] GC(917) Old regions: 194->196
[2024-12-18T22:44:43.655+0700][gc,heap     ] GC(917) Archive regions: 2->2
[2024-12-18T22:44:43.655+0700][gc,heap     ] GC(917) Humongous regions: 129->129
[2024-12-18T22:44:43.655+0700][gc,metaspace] GC(917) Metaspace: 45928K(46528K)->45928K(46528K) NonClass: 40683K(41024K)->40683K(41024K) Class: 5245K(5504K)->5245K(5504K)
[2024-12-18T22:44:43.655+0700][gc          ] GC(917) Pause Young (Normal) (G1 Evacuation Pause) 374M->327M(1024M) 32.751ms
[2024-12-18T22:44:43.655+0700][gc,cpu      ] GC(917) User=0.05s Sys=0.00s Real=0.03s
[2024-12-18T22:46:34.923+0700][gc,start    ] GC(918) Pause Young (Normal) (G1 Evacuation Pause)
[2024-12-18T22:46:34.923+0700][gc,task     ] GC(918) Using 2 workers of 2 for evacuation
[2024-12-18T22:46:34.954+0700][gc,mmu      ] GC(918) MMU target violated: 21.0ms (20.0ms/21.0ms)
[2024-12-18T22:46:34.954+0700][gc,phases   ] GC(918)   Pre Evacuate Collection Set: 3.2ms
[2024-12-18T22:46:34.954+0700][gc,phases   ] GC(918)   Merge Heap Roots: 0.4ms
[2024-12-18T22:46:34.954+0700][gc,phases   ] GC(918)   Evacuate Collection Set: 24.7ms
[2024-12-18T22:46:34.954+0700][gc,phases   ] GC(918)   Post Evacuate Collection Set: 1.6ms
[2024-12-18T22:46:34.954+0700][gc,phases   ] GC(918)   Other: 0.8ms
[2024-12-18T22:46:34.954+0700][gc,heap     ] GC(918) Eden regions: 48->0(46)
[2024-12-18T22:46:34.954+0700][gc,heap     ] GC(918) Survivor regions: 3->5(7)
[2024-12-18T22:46:34.954+0700][gc,heap     ] GC(918) Old regions: 196->196
[2024-12-18T22:46:34.954+0700][gc,heap     ] GC(918) Archive regions: 2->2
[2024-12-18T22:46:34.954+0700][gc,heap     ] GC(918) Humongous regions: 129->129
[2024-12-18T22:46:34.954+0700][gc,metaspace] GC(918) Metaspace: 45928K(46528K)->45928K(46528K) NonClass: 40683K(41024K)->40683K(41024K) Class: 5245K(5504K)->5245K(5504K)
[2024-12-18T22:46:34.954+0700][gc          ] GC(918) Pause Young (Normal) (G1 Evacuation Pause) 375M->330M(1024M) 30.737ms
[2024-12-18T22:46:34.954+0700][gc,cpu      ] GC(918) User=0.05s Sys=0.00s Real=0.03s
[2024-12-18T22:48:21.473+0700][gc,start    ] GC(919) Pause Young (Normal) (G1 Evacuation Pause)
[2024-12-18T22:48:21.473+0700][gc,task     ] GC(919) Using 2 workers of 2 for evacuation
[2024-12-18T22:48:21.518+0700][gc,mmu      ] GC(919) MMU target violated: 21.0ms (20.0ms/21.0ms)
[2024-12-18T22:48:21.518+0700][gc,phases   ] GC(919)   Pre Evacuate Collection Set: 1.8ms
[2024-12-18T22:48:21.518+0700][gc,phases   ] GC(919)   Merge Heap Roots: 0.7ms
[2024-12-18T22:48:21.518+0700][gc,phases   ] GC(919)   Evacuate Collection Set: 40.0ms
[2024-12-18T22:48:21.518+0700][gc,phases   ] GC(919)   Post Evacuate Collection Set: 2.1ms
[2024-12-18T22:48:21.518+0700][gc,phases   ] GC(919)   Other: 1.1ms
[2024-12-18T22:48:21.518+0700][gc,heap     ] GC(919) Eden regions: 46->0(45)
[2024-12-18T22:48:21.518+0700][gc,heap     ] GC(919) Survivor regions: 5->6(7)
[2024-12-18T22:48:21.518+0700][gc,heap     ] GC(919) Old regions: 196->198
[2024-12-18T22:48:21.519+0700][gc,heap     ] GC(919) Archive regions: 2->2
[2024-12-18T22:48:21.519+0700][gc,heap     ] GC(919) Humongous regions: 129->129
[2024-12-18T22:48:21.519+0700][gc,metaspace] GC(919) Metaspace: 45928K(46528K)->45928K(46528K) NonClass: 40683K(41024K)->40683K(41024K) Class: 5245K(5504K)->5245K(5504K)
[2024-12-18T22:48:21.519+0700][gc          ] GC(919) Pause Young (Normal) (G1 Evacuation Pause) 376M->333M(1024M) 45.772ms
[2024-12-18T22:48:21.519+0700][gc,cpu      ] GC(919) User=0.09s Sys=0.00s Real=0.05s
[2024-12-18T22:50:05.672+0700][gc,start    ] GC(920) Pause Young (Normal) (G1 Evacuation Pause)
[2024-12-18T22:50:05.672+0700][gc,task     ] GC(920) Using 2 workers of 2 for evacuation
[2024-12-18T22:50:05.713+0700][gc,mmu      ] GC(920) MMU target violated: 21.0ms (20.0ms/21.0ms)
[2024-12-18T22:50:05.714+0700][gc,phases   ] GC(920)   Pre Evacuate Collection Set: 1.7ms
[2024-12-18T22:50:05.714+0700][gc,phases   ] GC(920)   Merge Heap Roots: 0.8ms
[2024-12-18T22:50:05.714+0700][gc,phases   ] GC(920)   Evacuate Collection Set: 36.4ms
[2024-12-18T22:50:05.714+0700][gc,phases   ] GC(920)   Post Evacuate Collection Set: 1.9ms
[2024-12-18T22:50:05.714+0700][gc,phases   ] GC(920)   Other: 0.9ms
[2024-12-18T22:50:05.714+0700][gc,heap     ] GC(920) Eden regions: 45->0(46)
[2024-12-18T22:50:05.714+0700][gc,heap     ] GC(920) Survivor regions: 6->5(7)
[2024-12-18T22:50:05.714+0700][gc,heap     ] GC(920) Old regions: 198->202
[2024-12-18T22:50:05.714+0700][gc,heap     ] GC(920) Archive regions: 2->2
[2024-12-18T22:50:05.714+0700][gc,heap     ] GC(920) Humongous regions: 129->129
[2024-12-18T22:50:05.714+0700][gc,metaspace] GC(920) Metaspace: 45928K(46528K)->45928K(46528K) NonClass: 40683K(41024K)->40683K(41024K) Class: 5245K(5504K)->5245K(5504K)
[2024-12-18T22:50:05.714+0700][gc          ] GC(920) Pause Young (Normal) (G1 Evacuation Pause) 378M->336M(1024M) 41.834ms
[2024-12-18T22:50:05.714+0700][gc,cpu      ] GC(920) User=0.08s Sys=0.00s Real=0.04s
[2024-12-18T22:51:51.713+0700][gc,start    ] GC(921) Pause Young (Normal) (G1 Evacuation Pause)
[2024-12-18T22:51:51.713+0700][gc,task     ] GC(921) Using 2 workers of 2 for evacuation
[2024-12-18T22:51:51.741+0700][gc,mmu      ] GC(921) MMU target violated: 21.0ms (20.0ms/21.0ms)
[2024-12-18T22:51:51.742+0700][gc,phases   ] GC(921)   Pre Evacuate Collection Set: 1.6ms
[2024-12-18T22:51:51.742+0700][gc,phases   ] GC(921)   Merge Heap Roots: 0.4ms
[2024-12-18T22:51:51.742+0700][gc,phases   ] GC(921)   Evacuate Collection Set: 24.5ms
[2024-12-18T22:51:51.742+0700][gc,phases   ] GC(921)   Post Evacuate Collection Set: 1.9ms
[2024-12-18T22:51:51.742+0700][gc,phases   ] GC(921)   Other: 0.9ms
[2024-12-18T22:51:51.742+0700][gc,heap     ] GC(921) Eden regions: 46->0(48)
[2024-12-18T22:51:51.742+0700][gc,heap     ] GC(921) Survivor regions: 5->3(7)
[2024-12-18T22:51:51.742+0700][gc,heap     ] GC(921) Old regions: 202->204
[2024-12-18T22:51:51.742+0700][gc,heap     ] GC(921) Archive regions: 2->2
[2024-12-18T22:51:51.742+0700][gc,heap     ] GC(921) Humongous regions: 129->129
[2024-12-18T22:51:51.742+0700][gc,metaspace] GC(921) Metaspace: 45928K(46528K)->45928K(46528K) NonClass: 40683K(41024K)->40683K(41024K) Class: 5245K(5504K)->5245K(5504K)
[2024-12-18T22:51:51.742+0700][gc          ] GC(921) Pause Young (Normal) (G1 Evacuation Pause) 382M->336M(1024M) 29.315ms
[2024-12-18T22:51:51.742+0700][gc,cpu      ] GC(921) User=0.06s Sys=0.00s Real=0.03s
[2024-12-18T22:53:42.891+0700][gc,start    ] GC(922) Pause Young (Normal) (G1 Evacuation Pause)
[2024-12-18T22:53:42.891+0700][gc,task     ] GC(922) Using 2 workers of 2 for evacuation
[2024-12-18T22:53:42.927+0700][gc,mmu      ] GC(922) MMU target violated: 21.0ms (20.0ms/21.0ms)
[2024-12-18T22:53:42.928+0700][gc,phases   ] GC(922)   Pre Evacuate Collection Set: 2.5ms
[2024-12-18T22:53:42.928+0700][gc,phases   ] GC(922)   Merge Heap Roots: 0.7ms
[2024-12-18T22:53:42.928+0700][gc,phases   ] GC(922)   Evacuate Collection Set: 30.6ms
[2024-12-18T22:53:42.928+0700][gc,phases   ] GC(922)   Post Evacuate Collection Set: 2.2ms
[2024-12-18T22:53:42.928+0700][gc,phases   ] GC(922)   Other: 0.9ms
[2024-12-18T22:53:42.928+0700][gc,heap     ] GC(922) Eden regions: 48->0(45)
[2024-12-18T22:53:42.928+0700][gc,heap     ] GC(922) Survivor regions: 3->6(7)
[2024-12-18T22:53:42.928+0700][gc,heap     ] GC(922) Old regions: 204->204
[2024-12-18T22:53:42.928+0700][gc,heap     ] GC(922) Archive regions: 2->2
[2024-12-18T22:53:42.928+0700][gc,heap     ] GC(922) Humongous regions: 129->129
[2024-12-18T22:53:42.928+0700][gc,metaspace] GC(922) Metaspace: 45928K(46528K)->45928K(46528K) NonClass: 40683K(41024K)->40683K(41024K) Class: 5245K(5504K)->5245K(5504K)
[2024-12-18T22:53:42.928+0700][gc          ] GC(922) Pause Young (Normal) (G1 Evacuation Pause) 384M->339M(1024M) 36.911ms
[2024-12-18T22:53:42.928+0700][gc,cpu      ] GC(922) User=0.07s Sys=0.00s Real=0.04s
[2024-12-18T22:55:27.113+0700][gc,start    ] GC(923) Pause Young (Normal) (G1 Evacuation Pause)
[2024-12-18T22:55:27.114+0700][gc,task     ] GC(923) Using 2 workers of 2 for evacuation
[2024-12-18T22:55:27.183+0700][gc,mmu      ] GC(923) MMU target violated: 21.0ms (20.0ms/21.0ms)
[2024-12-18T22:55:27.183+0700][gc,phases   ] GC(923)   Pre Evacuate Collection Set: 1.6ms
[2024-12-18T22:55:27.183+0700][gc,phases   ] GC(923)   Merge Heap Roots: 4.1ms
[2024-12-18T22:55:27.183+0700][gc,phases   ] GC(923)   Evacuate Collection Set: 58.7ms
[2024-12-18T22:55:27.183+0700][gc,phases   ] GC(923)   Post Evacuate Collection Set: 4.1ms
[2024-12-18T22:55:27.183+0700][gc,phases   ] GC(923)   Other: 1.1ms
[2024-12-18T22:55:27.183+0700][gc,heap     ] GC(923) Eden regions: 45->0(45)
[2024-12-18T22:55:27.183+0700][gc,heap     ] GC(923) Survivor regions: 6->6(7)
[2024-12-18T22:55:27.183+0700][gc,heap     ] GC(923) Old regions: 204->206
[2024-12-18T22:55:27.183+0700][gc,heap     ] GC(923) Archive regions: 2->2
[2024-12-18T22:55:27.183+0700][gc,heap     ] GC(923) Humongous regions: 129->129
[2024-12-18T22:55:27.183+0700][gc,metaspace] GC(923) Metaspace: 45928K(46528K)->45928K(46528K) NonClass: 40683K(41024K)->40683K(41024K) Class: 5245K(5504K)->5245K(5504K)
[2024-12-18T22:55:27.183+0700][gc          ] GC(923) Pause Young (Normal) (G1 Evacuation Pause) 384M->341M(1024M) 69.740ms
[2024-12-18T22:55:27.183+0700][gc,cpu      ] GC(923) User=0.12s Sys=0.00s Real=0.08s
